BIND,SWE4,rep,2,scale,1,start
DOMAIN_HASH,SWE4,13a3f38502984079d20b8723eb36dfd3c2f2bef28711a68c01d5ac9c35de1740
CORPUS_SHA256,SWE4,ca1e7b85791fb26966cb7671274a29168679b052016653592b77712b92456b7f
CL_CHECK,overflow,0,0
CL_CHECK,e90_reached,1,1
RESULT,SWE4,2,1,d1,40,40
RESULT,SWE4,2,1,d2,31,40
RESULT,SWE4,2,1,d3,120,120
RESULT,SWE4,2,1,rev_false,12,12
RESULT,SWE4,2,1,rev_genuine,20,20
RESULT,SWE4,2,1,r2,40,40
RESULT,SWE4,2,1,r3,40,40
RESULT,SWE4,2,1,e90,210,1
RESULT,SWE4,2,1,withheld,0,1
RESULT,SWE4,2,1,hallu,0,20
RESULT,SWE4,2,1,k1,1,1
RESULT,SWE4,2,1,k2,1,1
RESULT,SWE4,2,1,k3,1,1
RESULT,SWE4,2,1,refusal,1,1
RESULT,SWE4,2,1,esc,0,1
RESULT,SWE4,2,1,disconn,4,1
RESULT,SWE4,2,1,ops,287,1
RESULT,SWE4,2,1,eps,295,1
DIGEST,SWE4,2,1,f9906b90564fdef10d49c94037b6ecbc84c58899391848314680e08b62eade79
BIND,SWE4,done
