B01 1 endorse
B02 1 endorse
B03 1 endorse
B04 0 neutral
B05 0 neutral
B06 0 neutral
B07 2 deny-lex
B08 2 deny-lex
B09 2 numeric-mismatch
B10 2 numeric-mismatch
B11 0 neutral
B12 2 numeric-mismatch
B13 2 numeric-mismatch
B14 1 endorse
B15 1 endorse
B16 2 neg-scope
B17 2 quantifier
B18 0 neutral
B19 1 endorse
B20 0 neutral
B21 2 neg-scope
B22 1 endorse
B23 0 neutral
B24 0 neutral
B25 0 neutral
B26 1 endorse
B27 1 endorse
B28 0 neutral
B29 0 neutral
B30 1 endorse
B31 0 neutral
B32 0 neutral
B33 1 endorse
B34 1 endorse
B35 2 neg-scope
B36 0 gate
B37 0 gate
B38 0 neutral
B39 0 gate
B40 0 neutral
B41 0 neutral
B42 0 neutral
B43 0 neutral
B44 0 neutral
B45 2 neg-scope
B46 0 neutral
