=== B5 battery byte-identity (completion crew, 2026-09-23) ===
9f54f0e59f7f61b73b1ac590009a281c0f53f65f3ceadfa6b990826855e58997  work/battery10k_emit_run1/percepts.tsv
8046238e8c9bf80371a3d227aa1f669d35d5dae1bd1fb240a3a02fd9f826ec74  work/battery10k_emit_run1/LEDGER.jsonl
9f54f0e59f7f61b73b1ac590009a281c0f53f65f3ceadfa6b990826855e58997  work/battery10k_emit_run2/percepts.tsv
8046238e8c9bf80371a3d227aa1f669d35d5dae1bd1fb240a3a02fd9f826ec74  work/battery10k_emit_run2/LEDGER.jsonl
9f54f0e59f7f61b73b1ac590009a281c0f53f65f3ceadfa6b990826855e58997  work/battery10k_emit_run3/percepts.tsv
8046238e8c9bf80371a3d227aa1f669d35d5dae1bd1fb240a3a02fd9f826ec74  work/battery10k_emit_run3/LEDGER.jsonl
--- cmp ---
percepts run1==run2
percepts run1==run3
ledger run1==run2
ledger run1==run3
--- run4 (completion-crew independent run) pending at evidence creation ---

=== ledger segment verification (10 worker chains, run1) ===
(0, 1000, 'PASS')
(1, 1000, 'PASS')
(2, 1000, 'PASS')
(3, 1000, 'PASS')
(4, 1000, 'PASS')
(5, 1000, 'PASS')
(6, 1000, 'PASS')
(7, 1000, 'PASS')
(8, 1000, 'PASS')
(9, 1000, 'PASS')
note: merged LEDGER.jsonl is a concatenation of 10 valid per-worker hash chains (each verified); concatenation is byte-identical across runs

=== run4 (completion-crew independent run, 2026-09-23 ~15:19) ===
9f54f0e59f7f61b73b1ac590009a281c0f53f65f3ceadfa6b990826855e58997  work/battery10k_emit_run4/percepts.tsv
8046238e8c9bf80371a3d227aa1f669d35d5dae1bd1fb240a3a02fd9f826ec74  work/battery10k_emit_run4/LEDGER.jsonl
percepts run1==run4 (completion-crew run byte-identical)
ledger run1==run4
run4 B5 score: 719/10000 = 0.0719 FAIL (bar <= 0.03)
FINAL: 4 emit runs byte-identical (run1, run2, run3 from earlier crew; run4 from completion crew)
