WORLD_BEGIN
OBSERVED 31001 31501 31801
OBSERVED 31001 31502 31802
OBSERVED 31001 31503 31803
OBSERVED 31001 31504 31804
OBSERVED 31001 31505 31805
OBSERVED 31001 31506 31806
OBSERVED 31002 31501 31801
OBSERVED 31002 31502 31802
OBSERVED 31002 31503 31803
OBSERVED 31002 31504 31804
OBSERVED 31002 31505 31805
OBSERVED 31002 31506 31806
OBSERVED 31003 31501 31801
OBSERVED 31003 31502 31802
OBSERVED 31003 31503 31803
OBSERVED 31003 31504 31804
OBSERVED 31003 31505 31805
OBSERVED 31003 31506 31806
ANSWER 31004 31501 31801
ANSWER 31004 31502 31802
ANSWER 31004 31503 31803
ANSWER 31004 31504 31804
ANSWER 31005 31501 31801
ANSWER 31005 31502 31802
ANSWER 31005 31503 31803
ANSWER 31005 31504 31804
WORLD_END events=26 answers=8
STATE_SAVED
