WORLD_BEGIN
OBSERVED 38002 38501 38001
OBSERVED 38003 38501 38001
OBSERVED 38004 38501 38002
OBSERVED 38005 38501 38002
OBSERVED 38006 38501 38003
OBSERVED 38007 38501 38004
OBSERVED 38008 38501 38004
OBSERVED 38009 38501 38005
OBSERVED 38010 38501 38006
OBSERVED 38011 38501 38007
OBSERVED 38012 38501 38008
OBSERVED 38013 38501 38009
OBSERVED 38014 38501 38010
OBSERVED 38015 38501 38011
OBSERVED 38007 38501 38003
OBSERVED 38012 38501 38005
ANSWER 38007 38502 -2
ANSWER 38012 38502 -2
ANSWER 38015 38502 -2
ANSWER 38011 38502 -2
ANSWER 38012 38502 -2
ANSWER 38009 38502 -2
ANSWER 38014 38502 -2
ANSWER 38006 38502 -2
ANSWER 38013 38502 -2
ANSWER 38004 38502 -2
ANSWER 38001 38502 -2
ANSWER 38002 38502 -2
ANSWER 38004 38502 -2
ANSWER 38010 38502 -2
ANSWER 38006 38502 -2
ANSWER 38009 38502 -2
ANSWER 38003 38502 -2
ANSWER 38008 38502 -2
ANSWER 38013 38502 -2
ANSWER 38005 38502 -2
ANSWER 38002 38503 -2
ANSWER 38007 38503 -2
ANSWER 38012 38503 -2
ANSWER 38011 38503 -2
ANSWER 38015 38503 -2
ANSWER 38014 38503 4
ANSWER 38004 38503 2
