real 0.95
user 0.29
sys 0.15
             9469952  maximum resident set size
                   0  average shared memory size
                   0  average unshared data size
                   0  average unshared stack size
               13110  page reclaims
                   0  page faults
                   0  swaps
                   0  block input operations
                   0  block output operations
                   0  messages sent
                   0  messages received
                   0  signals received
                 213  voluntary context switches
                 807  involuntary context switches
           861495087  instructions retired
           307079769  cycles elapsed
             8978768  peak memory footprint
