CHECK,primary_admission_status,0,0
CHECK,primary_admission_created,1,1
CHECK,primary_admission_partial,0,0
CHECK,primary_root_open,1,1
CHECK,existing_primary_refusal,-17,-17
CHECK,existing_primary_no_root,-1,-1
CHECK,existing_primary_not_created,0,0
CHECK,fs_mkdir,0,0
CHECK,nonregular_directory_refused,-7505,6104738288
CHECK,parent_traversal_refused,-7401,-7401
CHECK,label57_length,57,57
CHECK,label58_length,58,58
CHECK,label64_length,64,64
CHECK,label57_valid,1,1
CHECK,label58_refused,0,0
CHECK,label64_refused,0,0
CHECK,label58_run_status,-7501,6104737536
CHECK,label58_run_artifacts,0,6104737472
CHECK,label58_run_started,0,0
CHECK,label64_run_status,-7501,6104737088
CHECK,label64_run_artifacts,0,6104737024
CHECK,label64_run_started,0,0
CHECK,partial_precreate,1,1
CHECK,partial_preclose,0,0
CHECK,partial_status,-7502,6104736520
CHECK,partial_detail,-17,-17
CHECK,partial_artifacts,1,6104736424
CHECK,partial_not_started,0,0
CHECK,partial_stdout_preserved,1,1
CHECK,partial_stdout_close,0,0
PROCESSV2,aaaaaaaaaaaaaaaaaaaaaaaaaaaaaaaaaaaaaaaaaaaaaaaaaaaaaaaaa,-7510,1,0,1,-1,9,0,0,0,3,16384
CHECK,normal_status,-7510,6104735936
CHECK,normal_artifacts,2,6104735872
CHECK,normal_started,1,1
CHECK,normal_timeout,0,0
CHECK,normal_reaped,1,1
CHECK,normal_exit,-1,0
CHECK,normal_signal,9,0
CHECK,normal_stdout,0,0
CHECK,normal_stderr,0,0
CHECK,normal_output_limit,0,0
PROCESSV2,unguarded,-7510,1,0,1,-1,9,0,0,0,13,16384
CHECK,unguarded_status,-7510,6104735248
CHECK,unguarded_started,1,1
CHECK,unguarded_timeout,0,1
CHECK,unguarded_reaped,1,1
CHECK,unguarded_exit,-1,-1
CHECK,unguarded_signal,9,9
CHECK,unguarded_stdout,0,0
CHECK,unguarded_stderr,0,0
CHECK,unguarded_wall_bound,0,1
CHECK,unguarded_rss_recorded,1,1
PROCESSV2,flood,-7510,1,0,1,-1,9,0,0,0,35,32768
CHECK,flood_status,-7510,6104734592
CHECK,flood_started,1,1
CHECK,flood_reaped,1,1
CHECK,flood_signal,9,25
CHECK,flood_output_ceiling,0,1024
CHECK,flood_empty_stderr,0,0
CHECK,flood_limit_recorded,0,1
PROCESSV2,execbad,-7510,1,0,1,-1,9,0,0,0,2,16384
CHECK,exec127_status,-7510,6104734016
CHECK,exec127_started,1,1
CHECK,exec127_timeout,0,0
CHECK,exec127_reaped,1,1
CHECK,exec127_exit,-1,127
CHECK,exec127_signal,9,0
CHECK,exec127_stdout,0,0
CHECK,exec127_stderr,0,0
CHECK,root_close,0,0
N01A_FAILURES,21
