Research/R33_B001_RAW_RECORD.zag: OK
Research/R33_N13A_CLOSEOUT_SNAPSHOT_V1/CLOSEOUT.sha256: OK
Research/R33_N13A_CLOSEOUT_SNAPSHOT_V1/VERIFIED.txt: OK
Research/R33_NATIVE_IO_V1.zag: OK
Research/R33_NATIVE_N05B_DURABLE_TELEMETRY/durable.zag: OK
Research/R33_NATIVE_N06_ARTIFACTS.sha256: OK
Research/R33_NATIVE_N06_ARTIFACTS_VERIFIED.txt: OK
Research/R33_NATIVE_N06_RESULT.md: OK
Research/R33_NATIVE_N06_SENSOR_TRACE/sensor.zag: OK
Research/R33_NATIVE_N14_SENSOR_INFORMATION/AUTHORING_HISTORY.md: OK
Research/R33_NATIVE_N14_SENSOR_INFORMATION/BUILD_01/R33_B001_RAW_RECORD.zag: OK
Research/R33_NATIVE_N14_SENSOR_INFORMATION/BUILD_01/R33_NATIVE_IO_V1.zag: OK
Research/R33_NATIVE_N14_SENSOR_INFORMATION/BUILD_01/R33_NATIVE_PROCESS_V3.zag: OK
Research/R33_NATIVE_N14_SENSOR_INFORMATION/BUILD_01/R33_NATIVE_SHA256_V2.zag: OK
Research/R33_NATIVE_N14_SENSOR_INFORMATION/BUILD_01/R33_NATIVE_TELEMETRY_V2.zag: OK
Research/R33_NATIVE_N14_SENSOR_INFORMATION/BUILD_01/compile.stderr: OK
Research/R33_NATIVE_N14_SENSOR_INFORMATION/BUILD_01/compile.stdout: OK
Research/R33_NATIVE_N14_SENSOR_INFORMATION/BUILD_01/driver.zag: OK
Research/R33_NATIVE_N14_SENSOR_INFORMATION/BUILD_01/durable.zag: OK
Research/R33_NATIVE_N14_SENSOR_INFORMATION/BUILD_01/n14: OK
Research/R33_NATIVE_N14_SENSOR_INFORMATION/BUILD_01/sensor.zag: OK
Research/R33_NATIVE_N14_SENSOR_INFORMATION/BUILD_02/R33_B001_RAW_RECORD.zag: OK
Research/R33_NATIVE_N14_SENSOR_INFORMATION/BUILD_02/R33_NATIVE_IO_V1.zag: OK
Research/R33_NATIVE_N14_SENSOR_INFORMATION/BUILD_02/R33_NATIVE_PROCESS_V3.zag: OK
Research/R33_NATIVE_N14_SENSOR_INFORMATION/BUILD_02/R33_NATIVE_SHA256_V2.zag: OK
Research/R33_NATIVE_N14_SENSOR_INFORMATION/BUILD_02/R33_NATIVE_TELEMETRY_V2.zag: OK
Research/R33_NATIVE_N14_SENSOR_INFORMATION/BUILD_02/compile.stderr: OK
Research/R33_NATIVE_N14_SENSOR_INFORMATION/BUILD_02/compile.stdout: OK
Research/R33_NATIVE_N14_SENSOR_INFORMATION/BUILD_02/driver.zag: OK
Research/R33_NATIVE_N14_SENSOR_INFORMATION/BUILD_02/durable.zag: OK
Research/R33_NATIVE_N14_SENSOR_INFORMATION/BUILD_02/n14: OK
Research/R33_NATIVE_N14_SENSOR_INFORMATION/BUILD_02/sensor.zag: OK
Research/R33_NATIVE_N14_SENSOR_INFORMATION/BUILD_03/R33_B001_RAW_RECORD.zag: OK
Research/R33_NATIVE_N14_SENSOR_INFORMATION/BUILD_03/R33_NATIVE_IO_V1.zag: OK
Research/R33_NATIVE_N14_SENSOR_INFORMATION/BUILD_03/R33_NATIVE_PROCESS_V3.zag: OK
Research/R33_NATIVE_N14_SENSOR_INFORMATION/BUILD_03/R33_NATIVE_SHA256_V2.zag: OK
Research/R33_NATIVE_N14_SENSOR_INFORMATION/BUILD_03/R33_NATIVE_TELEMETRY_V2.zag: OK
Research/R33_NATIVE_N14_SENSOR_INFORMATION/BUILD_03/compile.stderr: OK
Research/R33_NATIVE_N14_SENSOR_INFORMATION/BUILD_03/compile.stdout: OK
Research/R33_NATIVE_N14_SENSOR_INFORMATION/BUILD_03/driver.zag: OK
Research/R33_NATIVE_N14_SENSOR_INFORMATION/BUILD_03/durable.zag: OK
Research/R33_NATIVE_N14_SENSOR_INFORMATION/BUILD_03/n14: OK
Research/R33_NATIVE_N14_SENSOR_INFORMATION/BUILD_03/sensor.zag: OK
Research/R33_NATIVE_N14_SENSOR_INFORMATION/BUILD_04/R33_B001_RAW_RECORD.zag: OK
Research/R33_NATIVE_N14_SENSOR_INFORMATION/BUILD_04/R33_NATIVE_IO_V1.zag: OK
Research/R33_NATIVE_N14_SENSOR_INFORMATION/BUILD_04/R33_NATIVE_PROCESS_V3.zag: OK
Research/R33_NATIVE_N14_SENSOR_INFORMATION/BUILD_04/R33_NATIVE_SHA256_V2.zag: OK
Research/R33_NATIVE_N14_SENSOR_INFORMATION/BUILD_04/R33_NATIVE_TELEMETRY_V2.zag: OK
Research/R33_NATIVE_N14_SENSOR_INFORMATION/BUILD_04/compile.stderr: OK
Research/R33_NATIVE_N14_SENSOR_INFORMATION/BUILD_04/compile.stdout: OK
Research/R33_NATIVE_N14_SENSOR_INFORMATION/BUILD_04/driver.zag: OK
Research/R33_NATIVE_N14_SENSOR_INFORMATION/BUILD_04/durable.zag: OK
Research/R33_NATIVE_N14_SENSOR_INFORMATION/BUILD_04/n14: OK
Research/R33_NATIVE_N14_SENSOR_INFORMATION/BUILD_04/sensor.zag: OK
Research/R33_NATIVE_N14_SENSOR_INFORMATION/BUILD_05/R33_B001_RAW_RECORD.zag: OK
Research/R33_NATIVE_N14_SENSOR_INFORMATION/BUILD_05/R33_NATIVE_IO_V1.zag: OK
Research/R33_NATIVE_N14_SENSOR_INFORMATION/BUILD_05/R33_NATIVE_PROCESS_V3.zag: OK
Research/R33_NATIVE_N14_SENSOR_INFORMATION/BUILD_05/R33_NATIVE_SHA256_V2.zag: OK
Research/R33_NATIVE_N14_SENSOR_INFORMATION/BUILD_05/R33_NATIVE_TELEMETRY_V2.zag: OK
Research/R33_NATIVE_N14_SENSOR_INFORMATION/BUILD_05/compile.stderr: OK
Research/R33_NATIVE_N14_SENSOR_INFORMATION/BUILD_05/compile.stdout: OK
Research/R33_NATIVE_N14_SENSOR_INFORMATION/BUILD_05/driver.zag: OK
Research/R33_NATIVE_N14_SENSOR_INFORMATION/BUILD_05/durable.zag: OK
Research/R33_NATIVE_N14_SENSOR_INFORMATION/BUILD_05/n14: OK
Research/R33_NATIVE_N14_SENSOR_INFORMATION/BUILD_05/sensor.zag: OK
Research/R33_NATIVE_N14_SENSOR_INFORMATION/BUILD_06/R33_B001_RAW_RECORD.zag: OK
Research/R33_NATIVE_N14_SENSOR_INFORMATION/BUILD_06/R33_NATIVE_IO_V1.zag: OK
Research/R33_NATIVE_N14_SENSOR_INFORMATION/BUILD_06/R33_NATIVE_PROCESS_V3.zag: OK
Research/R33_NATIVE_N14_SENSOR_INFORMATION/BUILD_06/R33_NATIVE_SHA256_V2.zag: OK
Research/R33_NATIVE_N14_SENSOR_INFORMATION/BUILD_06/R33_NATIVE_TELEMETRY_V2.zag: OK
Research/R33_NATIVE_N14_SENSOR_INFORMATION/BUILD_06/compile.stderr: OK
Research/R33_NATIVE_N14_SENSOR_INFORMATION/BUILD_06/compile.stdout: OK
Research/R33_NATIVE_N14_SENSOR_INFORMATION/BUILD_06/driver.zag: OK
Research/R33_NATIVE_N14_SENSOR_INFORMATION/BUILD_06/durable.zag: OK
Research/R33_NATIVE_N14_SENSOR_INFORMATION/BUILD_06/n14: OK
Research/R33_NATIVE_N14_SENSOR_INFORMATION/BUILD_06/sensor.zag: OK
Research/R33_NATIVE_N14_SENSOR_INFORMATION/CONFIG.json: OK
Research/R33_NATIVE_N14_SENSOR_INFORMATION/DESIGN.md: OK
Research/R33_NATIVE_N14_SENSOR_INFORMATION/INDEPENDENT_FINAL_REVIEW.md: OK
Research/R33_NATIVE_N14_SENSOR_INFORMATION/INDEPENDENT_REVIEW_V1.md: OK
Research/R33_NATIVE_N14_SENSOR_INFORMATION/PREFLIGHT_01/CONSUMED_REGISTRY_AT_RESERVATION.json: OK
Research/R33_NATIVE_N14_SENSOR_INFORMATION/PREFLIGHT_01/CURRENT_STATE_AT_RESERVATION.json: OK
Research/R33_NATIVE_N14_SENSOR_INFORMATION/PREFLIGHT_01/EXPERIMENT_REGISTRY_AT_RESERVATION.json: OK
Research/R33_NATIVE_N14_SENSOR_INFORMATION/PREFLIGHT_01/HANDOFF_AT_RESERVATION.md: OK
Research/R33_NATIVE_N14_SENSOR_INFORMATION/PREFLIGHT_01/JOURNAL_AT_RESERVATION.md: OK
Research/R33_NATIVE_N14_SENSOR_INFORMATION/PREFLIGHT_01/NEXT_AGENT_AT_RESERVATION.md: OK
Research/R33_NATIVE_N14_SENSOR_INFORMATION/PREFLIGHT_01/PROGRAM_AT_RESERVATION.json: OK
Research/R33_NATIVE_N14_SENSOR_INFORMATION/PREFLIGHT_01/n06-artifacts.stderr: OK
Research/R33_NATIVE_N14_SENSOR_INFORMATION/PREFLIGHT_01/n06-artifacts.stdout: OK
Research/R33_NATIVE_N14_SENSOR_INFORMATION/PREFLIGHT_01/n13a-closeout.stderr: OK
Research/R33_NATIVE_N14_SENSOR_INFORMATION/PREFLIGHT_01/n13a-closeout.stdout: OK
Research/R33_NATIVE_N14_SENSOR_INFORMATION/PREFLIGHT_01/review-v2-inputs.stderr: OK
Research/R33_NATIVE_N14_SENSOR_INFORMATION/PREFLIGHT_01/review-v2-inputs.stdout: OK
Research/R33_NATIVE_N14_SENSOR_INFORMATION/PREREGISTRATION.md: OK
Research/R33_NATIVE_N14_SENSOR_INFORMATION/PRE_REVIEW_INPUTS.sha256: OK
Research/R33_NATIVE_N14_SENSOR_INFORMATION/PRE_REVIEW_INPUTS_VERIFIED.txt: OK
Research/R33_NATIVE_N14_SENSOR_INFORMATION/PRE_REVIEW_V2_INPUTS.sha256: OK
Research/R33_NATIVE_N14_SENSOR_INFORMATION/PRE_REVIEW_V2_INPUTS_VERIFIED.txt: OK
Research/R33_NATIVE_N14_SENSOR_INFORMATION/RESERVATION.json: OK
Research/R33_NATIVE_N14_SENSOR_INFORMATION/driver.zag: OK
Research/R33_NATIVE_N14_SENSOR_INFORMATION/sensor.zag: OK
Research/R33_NATIVE_ONLY_EXECUTION_CONTRACT.md: OK
Research/R33_NATIVE_PROCESS_V3.zag: OK
Research/R33_NATIVE_SHA256_V2.zag: OK
Research/R33_NATIVE_TELEMETRY_V2.zag: OK
Research/R33_SENSOR_QUALIFICATION_PLAN.md: OK
Research/toolchain/znc_macos_arm64_7cacbfc0: OK
