SCALE_CFG,mode=eval,N=2400,C=24,M=100,P=1
SCALE_TRUTH,texts=10,words_total=1332368
SCALE_PASS,pass=1,taught=2400,withheld=0,clean_mastery_num=2286,clean_mastery_den=2286
SCALE_MASTERY,clean_num=2286,clean_den=2286
SCALE_MASTERY_ALL,num=2286,den=2400
SCALE_DECILE,d=0,num=226,den=226
SCALE_DECILE,d=1,num=232,den=232
SCALE_DECILE,d=2,num=226,den=226
SCALE_DECILE,d=3,num=230,den=230
SCALE_DECILE,d=4,num=235,den=235
SCALE_DECILE,d=5,num=229,den=229
SCALE_DECILE,d=6,num=230,den=230
SCALE_DECILE,d=7,num=231,den=231
SCALE_DECILE,d=8,num=225,den=225
SCALE_DECILE,d=9,num=222,den=222
SCALE_ABSORPTION,absorbed=114,den=114
SCALE_FLAW,famA=24,famB=24
SCALE_FLAW,famC=24,famD=24
SCALE_FLAW_TOTAL,pass=96,total=96
SCALE_OPS,add=2400,verify=2400,audit=2401,find=2400,total=9601,ops_per_fact_x1000=4000
SCALE_MEM,slot_bpf=24,index_bpf=4,audit_bpf=64,total_bpf=92,slot_chunks=1,idx_chunks=1,audit_chunks=1
SCALE_DIGEST,fnv1a=bc0bf3dde5bf3342
SCALE_DONE
