KB 38 ENT 27
D CMP-HEIGHT-0001
NOVEL=1 T CMP-HEIGHT-0001 1 PASS
A yes.
D CMP-HEIGHT-0002
NOVEL=1 T CMP-HEIGHT-0002 1 PASS
A no.
D CMP-HEIGHT-0003
NOVEL=1 T CMP-HEIGHT-0003 1 PASS
A the eiffel tower is taller.
D CMP-HEIGHT-0004
NOVEL=1 T CMP-HEIGHT-0004 1 PASS
A the montparnasse tower is shorter.
D CMP-HEIGHT-0005
NOVEL=1 T CMP-HEIGHT-0005 1 PASS
A the eiffel tower is taller.
D CMP-HEIGHT-0006
NOVEL=1 T CMP-HEIGHT-0006 1 PASS
A no.
D CMP-HEIGHT-0007
NOVEL=1 T CMP-HEIGHT-0007 1 PASS
A yes.
D CMP-HEIGHT-0008
NOVEL=1 T CMP-HEIGHT-0008 1 PASS
A no.
D CMP-TIME-0009
NOVEL=1 T CMP-TIME-0009 1 PASS
A no.
D CMP-TIME-0010
NOVEL=1 T CMP-TIME-0010 1 PASS
A yes.
D CMP-TIME-0011
NOVEL=1 T CMP-TIME-0011 1 PASS
A jane austen was born first.
D CMP-TIME-0012
NOVEL=1 T CMP-TIME-0012 1 PASS
A herman melville was born last.
D CMP-TIME-0013
NOVEL=1 T CMP-TIME-0013 1 PASS
A no.
D CMP-TIME-0014
NOVEL=1 T CMP-TIME-0014 1 PASS
A yes.
D CMP-TIME-0015
NOVEL=1 T CMP-TIME-0015 1 PASS
A charles darwin was born first.
D CMP-TIME-0016
NOVEL=1 T CMP-TIME-0016 1 PASS
A herman melville was born last.
D CMP-SUP3-0017
NOVEL=1 T CMP-SUP3-0017 1 PASS
A the eiffel tower is tallest.
D CMP-SUP3-0018
NOVEL=1 T CMP-SUP3-0018 1 PASS
A the statue of liberty is shortest.
D CMP-SUP3-0019
NOVEL=1 T CMP-SUP3-0019 1 PASS
A the eiffel tower is tallest.
D CMP-SUP3-0020
NOVEL=1 T CMP-SUP3-0020 1 PASS
A big ben is shortest.
D CMP-SUP3-0021
NOVEL=1 T CMP-SUP3-0021 1 PASS
A mount everest is tallest.
D CMP-SUP3-0022
NOVEL=1 T CMP-SUP3-0022 1 PASS
A the montparnasse tower is shortest.
D CMP-SUP3-0023
NOVEL=1 T CMP-SUP3-0023 1 PASS
A the eiffel tower is tallest.
D CMP-SUP3-0024
NOVEL=1 T CMP-SUP3-0024 1 PASS
A the statue of liberty is shortest.
D CMP-MORELESS-0025
NOVEL=1 T CMP-MORELESS-0025 1 PASS
A yes.
D CMP-MORELESS-0026
NOVEL=1 T CMP-MORELESS-0026 1 PASS
A no.
D CMP-MORELESS-0027
NOVEL=1 T CMP-MORELESS-0027 1 PASS
A the eiffel tower is higher.
D CMP-MORELESS-0028
NOVEL=1 T CMP-MORELESS-0028 1 PASS
A the montparnasse tower is lower.
D CMP-MORELESS-0029
NOVEL=1 T CMP-MORELESS-0029 1 PASS
A yes.
D CMP-MORELESS-0030
NOVEL=1 T CMP-MORELESS-0030 1 PASS
A no.
D CMP-MORELESS-0031
NOVEL=1 T CMP-MORELESS-0031 1 PASS
A the eiffel tower is higher.
D CMP-MORELESS-0032
NOVEL=1 T CMP-MORELESS-0032 1 PASS
A the statue of liberty is lower.
D CMP-THRESH-0033
NOVEL=1 T CMP-THRESH-0033 1 PASS
A no.
D CMP-THRESH-0034
NOVEL=1 T CMP-THRESH-0034 1 PASS
A yes.
D CMP-THRESH-0035
NOVEL=1 T CMP-THRESH-0035 1 PASS
A yes.
D CMP-THRESH-0036
NOVEL=1 T CMP-THRESH-0036 1 PASS
A no.
D CMP-THRESH-0037
NOVEL=1 T CMP-THRESH-0037 1 PASS
A no.
D CMP-THRESH-0038
NOVEL=1 T CMP-THRESH-0038 1 PASS
A yes.
D CMP-THRESH-0039
NOVEL=1 T CMP-THRESH-0039 1 PASS
A yes.
D CMP-THRESH-0040
NOVEL=1 T CMP-THRESH-0040 1 PASS
A no.
D CMP-SAME-0041
NOVEL=1 T CMP-SAME-0041 1 PASS
A no.
D CMP-SAME-0042
NOVEL=1 T CMP-SAME-0042 1 PASS
A yes.
D CMP-SAME-0043
NOVEL=1 T CMP-SAME-0043 1 PASS
A no.
D CMP-SAME-0044
NOVEL=1 T CMP-SAME-0044 1 PASS
A yes.
D CMP-SAME-0045
NOVEL=1 T CMP-SAME-0045 1 PASS
A no.
D CMP-SAME-0046
NOVEL=1 T CMP-SAME-0046 1 PASS
A yes.
D CMP-SAME-0047
NOVEL=1 T CMP-SAME-0047 1 PASS
A no.
D CMP-SAME-0048
NOVEL=1 T CMP-SAME-0048 1 PASS
A yes.
D CMP-NEG-0049
NOVEL=1 T CMP-NEG-0049 1 PASS
A no.
D CMP-NEG-0050
NOVEL=1 T CMP-NEG-0050 1 PASS
A yes.
D CMP-NEG-0051
NOVEL=1 T CMP-NEG-0051 1 PASS
A no.
D CMP-NEG-0052
NOVEL=1 T CMP-NEG-0052 1 PASS
A yes.
D CMP-NEG-0053
NOVEL=1 T CMP-NEG-0053 1 PASS
A no.
D CMP-NEG-0054
NOVEL=1 T CMP-NEG-0054 1 PASS
A yes.
D CMP-NEG-0055
NOVEL=1 T CMP-NEG-0055 1 PASS
A yes.
D CMP-NEG-0056
NOVEL=1 T CMP-NEG-0056 1 PASS
A no.
D CMP-HOP-0057
NOVEL=1 T CMP-HOP-0057 1 PASS
A no.
D CMP-HOP-0058
NOVEL=1 T CMP-HOP-0058 1 PASS
A no.
D CMP-HOP-0059
NOVEL=1 T CMP-HOP-0059 1 PASS
A no.
D CMP-HOP-0060
NOVEL=1 T CMP-HOP-0060 1 PASS
A yes.
D CMP-HOP-0061
NOVEL=1 T CMP-HOP-0061 1 PASS
A no.
D CMP-HOP-0062
NOVEL=1 T CMP-HOP-0062 1 PASS
A yes.
D CMP-HOP-0063
NOVEL=1 T CMP-HOP-0063 1 PASS
A yes.
D CMP-HOP-0064
NOVEL=1 T CMP-HOP-0064 1 PASS
A no.
D CMP-BEFOREAFTER-0065
NOVEL=1 T CMP-BEFOREAFTER-0065 1 PASS
A after.
D CMP-BEFOREAFTER-0066
NOVEL=1 T CMP-BEFOREAFTER-0066 1 PASS
A after.
D CMP-BEFOREAFTER-0067
NOVEL=1 T CMP-BEFOREAFTER-0067 1 PASS
A before.
D CMP-BEFOREAFTER-0068
NOVEL=1 T CMP-BEFOREAFTER-0068 1 PASS
A before.
D CMP-BEFOREAFTER-0069
NOVEL=1 T CMP-BEFOREAFTER-0069 1 PASS
A before.
D CMP-BEFOREAFTER-0070
NOVEL=1 T CMP-BEFOREAFTER-0070 1 PASS
A before.
D CMP-BEFOREAFTER-0071
NOVEL=1 T CMP-BEFOREAFTER-0071 1 PASS
A before.
D CMP-BEFOREAFTER-0072
NOVEL=1 T CMP-BEFOREAFTER-0072 1 PASS
A after.
D CMP-UNKNOWN-0073
NOVEL=1 T CMP-UNKNOWN-0073 1 PASS
A I don't know.
D CMP-UNKNOWN-0074
NOVEL=1 T CMP-UNKNOWN-0074 1 PASS
A I don't know.
D CMP-UNKNOWN-0075
NOVEL=1 T CMP-UNKNOWN-0075 1 PASS
A I don't know.
D CMP-UNKNOWN-0076
NOVEL=1 T CMP-UNKNOWN-0076 1 PASS
A I don't know.
D CMP-UNKNOWN-0077
NOVEL=1 T CMP-UNKNOWN-0077 1 PASS
A I don't know.
D CMP-UNKNOWN-0078
NOVEL=1 T CMP-UNKNOWN-0078 1 PASS
A I don't know.
D CMP-UNKNOWN-0079
NOVEL=1 T CMP-UNKNOWN-0079 1 PASS
A I don't know.
D CMP-UNKNOWN-0080
NOVEL=1 T CMP-UNKNOWN-0080 1 PASS
A I don't know.
D CMP-ANA-0081
NOVEL=1 T CMP-ANA-0081 1 PASS
A the eiffel tower is taller.
NOVEL=1 T CMP-ANA-0081 2 PASS
A the eiffel tower was built first.
D CMP-ANA-0082
NOVEL=1 T CMP-ANA-0082 1 PASS
A the eiffel tower is taller.
NOVEL=1 T CMP-ANA-0082 2 PASS
A the eiffel tower was built first.
D CMP-ANA-0083
NOVEL=1 T CMP-ANA-0083 1 PASS
A the eiffel tower is taller.
NOVEL=1 T CMP-ANA-0083 2 PASS
A the eiffel tower was built first.
D CMP-ANA-0084
NOVEL=1 T CMP-ANA-0084 1 PASS
A the eiffel tower is taller.
NOVEL=1 T CMP-ANA-0084 2 PASS
A the statue of liberty was dedicated first.
D CMP-ANA-0085
NOVEL=1 T CMP-ANA-0085 1 PASS
A the eiffel tower is taller.
NOVEL=1 T CMP-ANA-0085 2 PASS
A the statue of liberty was dedicated first.
D CMP-ANA-0086
NOVEL=1 T CMP-ANA-0086 1 PASS
A the eiffel tower is taller.
NOVEL=1 T CMP-ANA-0086 2 PASS
A the statue of liberty was dedicated first.
D CMP-ANA-0087
NOVEL=1 T CMP-ANA-0087 1 PASS
A the eiffel tower is taller.
NOVEL=1 T CMP-ANA-0087 2 PASS
A the eiffel tower was built first.
D CMP-ANA-0088
NOVEL=1 T CMP-ANA-0088 1 PASS
A the eiffel tower is taller.
NOVEL=1 T CMP-ANA-0088 2 PASS
A the eiffel tower was built first.
SECTION FOLLOWUP 0/0
SECTION CORRECTION 0/0
SECTION REFERENT 0/0
SECTION WEIRD 0/0
SECTION WEIRD_CLEAN 0/0
SECTION TOPIC 0/0
SECTION CONTRADICT 0/0
SECTION COMPOSE 96/96
DIGEST 8fd13d4207efbee859630343d182fc263f7a9ed122d56469b2b86ab5e415a226
