{
  "evidence_class": "EXTERNAL_REFERENCE_VALIDATION_NOT_NATIVE_ZAG_EXECUTION",
  "rows": [
    {
      "clean": {
        "no_vad": 1.0,
        "boundary_control": 1.0,
        "examples": 180
      },
      "noise": {
        "no_vad": 0.9912037037037037,
        "boundary_control": 1.0,
        "examples": 180
      }
    },
    {
      "clean": {
        "no_vad": 1.0,
        "boundary_control": 1.0,
        "examples": 180
      },
      "noise": {
        "no_vad": 0.9960493827160494,
        "boundary_control": 1.0,
        "examples": 180
      }
    },
    {
      "clean": {
        "no_vad": 1.0,
        "boundary_control": 1.0,
        "examples": 180
      },
      "noise": {
        "no_vad": 0.988829365079365,
        "boundary_control": 1.0,
        "examples": 180
      }
    },
    {
      "clean": {
        "no_vad": 0.9993827160493827,
        "boundary_control": 1.0,
        "examples": 180
      },
      "noise": {
        "no_vad": 0.9901565255731922,
        "boundary_control": 1.0,
        "examples": 180
      }
    },
    {
      "clean": {
        "no_vad": 1.0,
        "boundary_control": 1.0,
        "examples": 180
      },
      "noise": {
        "no_vad": 0.993287037037037,
        "boundary_control": 1.0,
        "examples": 180
      }
    },
    {
      "clean": {
        "no_vad": 1.0,
        "boundary_control": 1.0,
        "examples": 180
      },
      "noise": {
        "no_vad": 0.9962654320987654,
        "boundary_control": 1.0,
        "examples": 180
      }
    },
    {
      "clean": {
        "no_vad": 1.0,
        "boundary_control": 1.0,
        "examples": 180
      },
      "noise": {
        "no_vad": 0.9894620811287478,
        "boundary_control": 1.0,
        "examples": 180
      }
    },
    {
      "clean": {
        "no_vad": 0.9993827160493827,
        "boundary_control": 1.0,
        "examples": 180
      },
      "noise": {
        "no_vad": 0.9941512345679012,
        "boundary_control": 1.0,
        "examples": 180
      }
    },
    {
      "clean": {
        "no_vad": 1.0,
        "boundary_control": 1.0,
        "examples": 180
      },
      "noise": {
        "no_vad": 0.987039241622575,
        "boundary_control": 1.0,
        "examples": 180
      }
    },
    {
      "clean": {
        "no_vad": 0.9988888888888889,
        "boundary_control": 1.0,
        "examples": 180
      },
      "noise": {
        "no_vad": 0.983507495590829,
        "boundary_control": 1.0,
        "examples": 180
      }
    }
  ],
  "summary": {
    "clean_no_vad": 0.9997654320987654,
    "clean_control": 1.0,
    "noise_no_vad": 0.9909951499118166,
    "noise_control": 1.0,
    "hard_no_vad": 0.7124382271768636
  }
}