{
  "evidence_class": "EXTERNAL_REFERENCE_VALIDATION_NOT_NATIVE_ZAG_EXECUTION",
  "summary": {
    "teacher": {
      "adaptive": {
        "8": 0.6856666666666666,
        "16": 0.7530833333333333,
        "32": 0.8205833333333333,
        "64": 0.8654166666666667,
        "128": 0.8791666666666667,
        "256": 0.8994166666666666,
        "512": 0.8989166666666667
      },
      "random": {
        "8": 0.6386666666666667,
        "16": 0.6925,
        "32": 0.7750833333333333,
        "64": 0.8285,
        "128": 0.8834166666666667,
        "256": 0.8956666666666666,
        "512": 0.9093333333333333
      }
    },
    "sibling": {
      "passive": 0.9645,
      "interactive": 0.98075
    }
  },
  "sibling_rows": [
    {
      "passive": 0.9658333333333333,
      "interactive": 0.9808333333333333,
      "trials": 1200
    },
    {
      "passive": 0.9608333333333333,
      "interactive": 0.9766666666666667,
      "trials": 1200
    },
    {
      "passive": 0.9591666666666666,
      "interactive": 0.9833333333333333,
      "trials": 1200
    },
    {
      "passive": 0.9616666666666667,
      "interactive": 0.9775,
      "trials": 1200
    },
    {
      "passive": 0.97,
      "interactive": 0.985,
      "trials": 1200
    },
    {
      "passive": 0.97,
      "interactive": 0.985,
      "trials": 1200
    },
    {
      "passive": 0.9633333333333334,
      "interactive": 0.98,
      "trials": 1200
    },
    {
      "passive": 0.9608333333333333,
      "interactive": 0.9733333333333334,
      "trials": 1200
    },
    {
      "passive": 0.9666666666666667,
      "interactive": 0.9841666666666666,
      "trials": 1200
    },
    {
      "passive": 0.9666666666666667,
      "interactive": 0.9816666666666667,
      "trials": 1200
    }
  ]
}