RT_START
CL_CHECK,ck_replay,0,0
CL_CHECK,ck_refusals_clean,0,0
CL_CHECK,ck_core_live,1,1
CL_CHECK,ck_strength_lineage,1,1
CL_CHECK,ck_strength_lineage,1,1
CL_CHECK,ck_no_bad_kill,0,0
CL_CHECK,ck_no_bad_forcepin,0,0
CL_CHECK,ck_no_bad_code,0,0
CL_CHECK,ck_no_bad_role,0,0
CL_CHECK,ck_no_bad_pexp,0,0
RT_A1 weaken0+fused str0=90 wk_rc=0 ow_rc=109 ow_before_str=-1 checker_failures=0
CL_CHECK,ck_replay,0,0
CL_CHECK,ck_refusals_clean,0,0
CL_CHECK,ck_core_live,1,1
CL_CHECK,ck_strength_lineage,1,1
CL_CHECK,ck_strength_lineage,1,1
CL_CHECK,ck_no_bad_kill,0,0
CL_CHECK,ck_no_bad_forcepin,0,0
CL_CHECK,ck_no_bad_code,0,0
CL_CHECK,ck_no_bad_role,0,0
CL_CHECK,ck_no_bad_pexp,0,0
RT_A2 weaken10+fused wk_rc=0 ow_rc=109 ow_before_str=-1 checker_failures=0
CL_CHECK,ck_replay,0,0
CL_CHECK,ck_refusals_clean,0,0
CL_CHECK,ck_core_live,1,1
CL_CHECK,ck_strength_lineage,1,1
CL_CHECK,ck_strength_lineage,1,1
CL_CHECK,ck_strength_lineage,1,1
CL_CHECK,ck_ow_effort,1,4
CL_CHECK,ck_ow_cite_distinct,1,1
CL_CHECK,ck_ow_justify,1,1
CL_CHECK,ck_no_bad_kill,0,0
CL_CHECK,ck_no_bad_forcepin,0,0
CL_CHECK,ck_no_bad_code,0,0
CL_CHECK,ck_no_bad_role,0,0
CL_CHECK,ck_no_bad_pexp,0,0
RT_A3 weaken10+direct ow_rc=0 before_str=10 after_str=50 checker_failures=1
CL_CHECK,ck_replay,0,0
CL_CHECK,ck_refusals_clean,0,0
CL_CHECK,ck_core_live,1,1
CL_CHECK,ck_strength_lineage,1,1
CL_CHECK,ck_strength_lineage,1,1
CL_CHECK,ck_strength_lineage,1,1
CL_CHECK,ck_ow_effort,4,4
CL_CHECK,ck_ow_cite_distinct,4,4
CL_CHECK,ck_ow_justify,1,1
CL_CHECK,ck_ow_effort,1,1
CL_CHECK,ck_ow_cite_distinct,1,1
CL_CHECK,ck_ow_justify,1,1
CL_CHECK,ck_no_bad_kill,0,0
CL_CHECK,ck_no_bad_forcepin,0,0
CL_CHECK,ck_no_bad_code,0,0
CL_CHECK,ck_no_bad_role,0,0
CL_CHECK,ck_no_bad_pexp,0,0
RT_A4 dblow ow1_rc=0 ow2_nocite_rc=109 ow2_1cite_rc=0 checker_failures=0
CL_CHECK,ck_ow_effort,4,4
CL_CHECK,ck_ow_cite_distinct,4,4
CL_CHECK,ck_ow_justify,1,1
CL_CHECK,ck_replay,0,0
CL_CHECK,ck_refusals_clean,0,0
CL_CHECK,ck_core_live,1,1
CL_CHECK,ck_strength_lineage,1,1
CL_CHECK,ck_strength_lineage,1,1
CL_CHECK,ck_strength_lineage,1,1
CL_CHECK,ck_cite_count,4,4
CL_CHECK,ck_cite_distinct,4,4
CL_CHECK,ck_justify_present,1,1
CL_CHECK,ck_ow_effort,4,4
CL_CHECK,ck_ow_cite_distinct,4,4
CL_CHECK,ck_ow_justify,1,1
CL_CHECK,ck_no_bad_kill,0,0
CL_CHECK,ck_no_bad_forcepin,0,0
CL_CHECK,ck_no_bad_code,0,0
CL_CHECK,ck_no_bad_role,0,0
CL_CHECK,ck_no_bad_pexp,0,0
RT_A5 dblspend kill_rc=0 rollback_rc=0 live=1 str=90 ow_rc=0 ow_effort_direct=0 replay_rc=0 checker_failures=0
CL_CHECK,ck_replay,0,0
CL_CHECK,ck_refusals_clean,0,0
CL_CHECK,ck_core_live,1,1
CL_CHECK,ck_strength_lineage,1,1
CL_CHECK,ck_strength_lineage,1,1
CL_CHECK,ck_strength_lineage,1,1
CL_CHECK,ck_ow_effort,4,4
CL_CHECK,ck_ow_cite_distinct,4,4
CL_CHECK,ck_ow_justify,1,1
CL_CHECK,ck_ow_effort,1,1
CL_CHECK,ck_ow_cite_distinct,1,1
CL_CHECK,ck_ow_justify,1,1
CL_CHECK,ck_no_bad_kill,0,0
CL_CHECK,ck_no_bad_forcepin,0,0
CL_CHECK,ck_no_bad_code,0,0
CL_CHECK,ck_no_bad_role,0,0
CL_CHECK,ck_no_bad_pexp,0,0
RT_A6 recycle ow1_rc=0 recite11_rc=0 ow2_rc=0 checker_failures=0
CL_CHECK,ck_replay,0,0
CL_CHECK,ck_refusals_clean,0,0
CL_CHECK,ck_core_live,1,1
CL_CHECK,ck_strength_lineage,1,1
CL_CHECK,ck_strength_lineage,1,1
CL_CHECK,ck_ow_effort,4,4
CL_CHECK,ck_ow_cite_distinct,4,4
CL_CHECK,ck_ow_justify,1,1
CL_CHECK,ck_no_bad_kill,0,0
CL_CHECK,ck_no_bad_forcepin,0,0
CL_CHECK,ck_no_bad_code,0,0
CL_CHECK,ck_no_bad_role,0,0
CL_CHECK,ck_no_bad_pexp,0,0
RT_A7 fakecite ow_rc=0 checker_failures=0
RT_A8i forgecode justify99_rc=2001 audit_delta=0 ow_nojustify_rc=0
CL_CHECK,ck_replay,0,0
CL_CHECK,ck_refusals_clean,0,0
CL_CHECK,ck_core_live,1,1
CL_CHECK,ck_strength_lineage,1,1
CL_CHECK,ck_strength_lineage,1,1
CL_CHECK,ck_no_bad_kill,0,0
CL_CHECK,ck_no_bad_forcepin,0,0
CL_CHECK,ck_no_bad_code,0,0
CL_CHECK,ck_no_bad_role,0,0
CL_CHECK,ck_no_bad_pexp,0,0
RT_A8ii wrongslot ow_rc=110 checker_failures=0
RT_A9 noprior fused_rc=103 direct_rc=103
CL_CHECK,ck_replay,0,0
CL_CHECK,ck_refusals_clean,0,0
CL_CHECK,ck_core_live,1,1
CL_CHECK,ck_strength_lineage,1,1
CL_CHECK,ck_strength_lineage,1,1
CL_CHECK,ck_ow_cite_baseline,1,1
CL_CHECK,ck_ow_cite_distinct,1,1
CL_CHECK,ck_ow_justify,1,1
CL_CHECK,ck_no_bad_kill,0,0
CL_CHECK,ck_no_bad_forcepin,0,0
CL_CHECK,ck_no_bad_code,0,0
CL_CHECK,ck_no_bad_role,0,0
CL_CHECK,ck_no_bad_pexp,0,0
RT_A11 baseline pexp_rc=0 ow_rc=0 checker_failures=0
CL_CHECK,ck_replay,0,0
CL_CHECK,ck_refusals_clean,0,0
CL_CHECK,ck_core_live,1,1
CL_CHECK,ck_strength_lineage,1,1
CL_CHECK,ck_strength_lineage,1,1
CL_CHECK,ck_ow_effort,1,4
CL_CHECK,ck_ow_cite_distinct,1,1
CL_CHECK,ck_ow_justify,1,1
CL_CHECK,ck_no_bad_kill,0,0
CL_CHECK,ck_no_bad_forcepin,0,0
CL_CHECK,ck_no_bad_code,0,0
CL_CHECK,ck_no_bad_role,0,0
CL_CHECK,ck_no_bad_pexp,0,0
RT_A11B desync pexp_rc=119 ow_rc=0 checker_failures=1
RT_DONE
