GEN-OK A0
GEN-OK A1
GEN-OK A2
GEN-OK A3
GEN-OK A4
GEN-OK A5
GEN-OK A6
GEN-OK A7
GEN-OK B0
GEN-OK B1
GEN-OK B2
GEN-OK B3
GEN-OK B4
GEN-OK B5
GEN-OK B6
GEN-OK B7
GEN-OK C0
GEN-OK C1
GEN-OK C2
GEN-OK C3
GEN-OK C4
GEN-OK C5
GEN-OK C6
GEN-OK C7
GEN-OK D0
GEN-OK D1
GEN-OK D2
GEN-OK D3
GEN-OK D4
GEN-OK D5
GEN-OK D6
GEN-OK D7
ALL-GEN-OK
RACE-OK A0
RACE-OK A1
RACE-OK A2
RACE-OK A3
RACE-OK A4
RACE-OK A5
RACE-OK A6
RACE-OK A7
RACE-OK B0
RACE-OK B1
RACE-OK B2
RACE-OK B3
RACE-OK B4
RACE-OK B5
RACE-OK B6
RACE-OK B7
RACE-OK C0
RACE-OK C1
RACE-OK C2
RACE-OK C3
RACE-OK C4
RACE-OK C5
RACE-OK C6
RACE-OK C7
RACE-OK D0
RACE-OK D1
RACE-OK D2
RACE-OK D3
RACE-OK D4
RACE-OK D5
RACE-OK D6
RACE-OK D7
ALL-RACE-OK
FAM A runs=24 q=72 agree=72 det_fail=0 diag_fail=0 app_miss=0 uncl=0 sm_bad=0 p4_bad=0 r2=24 r2hit=24 r2miss=0
FAM B runs=24 q=72 agree=72 det_fail=0 diag_fail=0 app_miss=0 uncl=0 sm_bad=0 p4_bad=0 r2=24 r2hit=24 r2miss=0
FAM C runs=24 q=72 agree=72 det_fail=0 diag_fail=0 app_miss=0 uncl=0 sm_bad=0 p4_bad=0 r2=24 r2hit=24 r2miss=0
FAM D runs=24 q=72 agree=72 det_fail=0 diag_fail=0 app_miss=3 uncl=0 sm_bad=0 p4_bad=0 r2=24 r2hit=24 r2miss=0
P1 det_zero=PASS (0) P2 diag_zero=PASS (0)
P3 r2_agree=PASS (96/96) P4 famA_p4=PASS (bad=0)
P5 r2miss A=0 B=0 C=0 D=0 pred=PASS
DONE
DRIVER-EXIT=0
