znc: warning: zagd unavailable; foreground compilation continues without background planning
warning[B0103]: unused local `sol_pniche` is never read
  --> docs/lab/research-lead/overnight-20260928/hypd_v3/hyp_d_v3.zag:648
   = note: in function `run_task`: the variable is assigned but never used
   = hint: remove the binding, or prefix the name with `_` to indicate intentional discard
warning[B0103]: unused local `sol_psrc` is never read
  --> docs/lab/research-lead/overnight-20260928/hypd_v3/hyp_d_v3.zag:648
   = note: in function `run_task`: the variable is assigned but never used
   = hint: remove the binding, or prefix the name with `_` to indicate intentional discard
warning[B0103]: unused local `sol_mkind` is never read
  --> docs/lab/research-lead/overnight-20260928/hypd_v3/hyp_d_v3.zag:648
   = note: in function `run_task`: the variable is assigned but never used
   = hint: remove the binding, or prefix the name with `_` to indicate intentional discard
warning[B0103]: unused local `sol_md1` is never read
  --> docs/lab/research-lead/overnight-20260928/hypd_v3/hyp_d_v3.zag:648
   = note: in function `run_task`: the variable is assigned but never used
   = hint: remove the binding, or prefix the name with `_` to indicate intentional discard
warning[B0103]: unused local `sol_md2` is never read
  --> docs/lab/research-lead/overnight-20260928/hypd_v3/hyp_d_v3.zag:648
   = note: in function `run_task`: the variable is assigned but never used
   = hint: remove the binding, or prefix the name with `_` to indicate intentional discard
znc: analyzer found 5 issue(s) (warnings above; use --analyze-strict to fail the build, --no-analyze to silence)
znc: warning: zagd unavailable; foreground compilation continues without background planning
warning[B0103]: unused local `sol_pniche` is never read
  --> /tmp/hyp_d_v3_selonly.zag:648
   = note: in function `run_task`: the variable is assigned but never used
   = hint: remove the binding, or prefix the name with `_` to indicate intentional discard
warning[B0103]: unused local `sol_psrc` is never read
  --> /tmp/hyp_d_v3_selonly.zag:648
   = note: in function `run_task`: the variable is assigned but never used
   = hint: remove the binding, or prefix the name with `_` to indicate intentional discard
warning[B0103]: unused local `sol_mkind` is never read
  --> /tmp/hyp_d_v3_selonly.zag:648
   = note: in function `run_task`: the variable is assigned but never used
   = hint: remove the binding, or prefix the name with `_` to indicate intentional discard
warning[B0103]: unused local `sol_md1` is never read
  --> /tmp/hyp_d_v3_selonly.zag:648
   = note: in function `run_task`: the variable is assigned but never used
   = hint: remove the binding, or prefix the name with `_` to indicate intentional discard
warning[B0103]: unused local `sol_md2` is never read
  --> /tmp/hyp_d_v3_selonly.zag:648
   = note: in function `run_task`: the variable is assigned but never used
   = hint: remove the binding, or prefix the name with `_` to indicate intentional discard
znc: analyzer found 5 issue(s) (warnings above; use --analyze-strict to fail the build, --no-analyze to silence)
znc: warning: zagd unavailable; foreground compilation continues without background planning
warning[B0103]: unused local `sol_pniche` is never read
  --> /tmp/hyp_d_v3_carryonly.zag:648
   = note: in function `run_task`: the variable is assigned but never used
   = hint: remove the binding, or prefix the name with `_` to indicate intentional discard
warning[B0103]: unused local `sol_psrc` is never read
  --> /tmp/hyp_d_v3_carryonly.zag:648
   = note: in function `run_task`: the variable is assigned but never used
   = hint: remove the binding, or prefix the name with `_` to indicate intentional discard
warning[B0103]: unused local `sol_mkind` is never read
  --> /tmp/hyp_d_v3_carryonly.zag:648
   = note: in function `run_task`: the variable is assigned but never used
   = hint: remove the binding, or prefix the name with `_` to indicate intentional discard
warning[B0103]: unused local `sol_md1` is never read
  --> /tmp/hyp_d_v3_carryonly.zag:648
   = note: in function `run_task`: the variable is assigned but never used
   = hint: remove the binding, or prefix the name with `_` to indicate intentional discard
warning[B0103]: unused local `sol_md2` is never read
  --> /tmp/hyp_d_v3_carryonly.zag:648
   = note: in function `run_task`: the variable is assigned but never used
   = hint: remove the binding, or prefix the name with `_` to indicate intentional discard
znc: analyzer found 5 issue(s) (warnings above; use --analyze-strict to fail the build, --no-analyze to silence)
