ST_CELL,TNC,N0,2,10,S1,500
ST_TARGET,10,10
ST_AUDIT,ORIGIN,0,257,0
ST_QUORUM,0,0,0,0
ST_AUDIT,ORIGIN,1,257,1
ST_AUDIT,ORIGIN,2,257,2
ST_AUDIT,ORIGIN,3,257,3
ST_AUDIT,ORIGIN,4,257,4
ST_AUDIT,ORIGIN,5,257,5
ST_AUDIT,ORIGIN,6,257,6
ST_AUDIT,ORIGIN,7,257,7
ST_AUDIT,ORIGIN,8,257,8
ST_AUDIT,ORIGIN,9,257,9
ST_AUDIT,ORIGIN,10,257,10
ST_AUDIT,ORIGIN,11,257,11
ST_AUDIT,ORIGIN,12,772,12
ST_AUDIT,ORIGIN,13,773,13
ST_AUDIT,ORIGIN,14,774,14
ST_AUDIT,ORIGIN,15,770,15
ST_AUDIT,ORIGIN,16,771,16
ST_AUDIT,ORIGIN,17,772,17
ST_AUDIT,ORIGIN,18,773,18
ST_AUDIT,ORIGIN,19,774,19
ST_AUDIT,ORIGIN,20,770,20
ST_AUDIT,ORIGIN,21,771,21
ST_AUDIT,ORIGIN,22,772,22
ST_AUDIT,ORIGIN,23,773,23
ST_AUDIT,TIER_GRADUATED,0,772,25
ST_AUDIT,TIER_GRADUATED,0,774,25
ST_AUDIT,TIER_GRADUATED,0,771,25
ST_AUDIT,TIER_GRADUATED,1,773,26
ST_AUDIT,TIER_GRADUATED,1,770,26
ST_QUORUM,50,0,0,0
ST_QUORUM,100,0,0,0
ST_REV,10,123,1110
ST_QUORUM,150,0,0,0
ST_QUORUM,200,0,0,0
ST_AUDIT,GATE_REFUSED,4,258,220
ST_AUDIT,GATE_REFUSED,4,258,221
ST_AUDIT,GATE_REFUSED,4,258,222
ST_AUDIT,GATE_REFUSED,4,258,223
ST_AUDIT,GATE_REFUSED,4,258,224
ST_AUDIT,GATE_REFUSED,4,258,225
ST_AUDIT,GATE_REFUSED,4,258,226
ST_AUDIT,GATE_REFUSED,4,258,227
ST_AUDIT,GATE_REFUSED,4,258,228
ST_AUDIT,GATE_REFUSED,4,258,229
ST_QUORUM,250,0,0,0
ST_QUORUM,300,0,0,0
ST_QUORUM,350,0,0,0
ST_QUORUM,400,0,0,0
ST_QUORUM,450,0,0,0
ST_QUORUM,499,0,0,0
ST_CHECK,refusals,0
ST_CHECK,replay,0
ST_CHECK,provenance,0
ST_SRR,10,0,0
ST_SRR,4,0,0
ST_FCR,0,0
ST_TAXONOMY,10,GENUINE_REVISED
ST_TAXONOMY,4,BLIND
ST_TTD_COLLUSION,-1
ST_FREEZE,10,0,0
ST_RECOVERY,-1
ST_REV_LATENCY,3
ST_DENIAL,0
ST_GENUINE_FLAGGED,0
ST_A6_MAXSTR,-1
ST_GATE_REFUSED,10
ST_B_SUSPECT,0
ST_STR_REFUSED,0
ST_T01_WINDOW,10,78
ST_T01_WINDOW,4,0
ST_FP,0,8c1d01dabec3c6337c5b8f8f446f1c751b2d7178ac66d03546b8132433ce36eb,5499167
ST_DONE
