E11PROF-START
E11ARGS D=5000 mode=4 phase=3 extra=0
E11START main D=5000 mode=4 phase=3 extra=0 TOT=45221344
E11DUMP tag=after_facts D=5000 mode=4 phase=3 policy=0 idxmode=4 live_nodes=692 live_edges=699 max_node_id=693 teaches=8
  ev_teach_calls 8
  evteach_prev_visits 0
  decay_edge_visits 28
  activate_node_visits 0
  activate_bid_calls 0
  bid_edge_visits 0
  ev_query_calls 0
  evquery_recent_visits 0
  rebind_lin_visits 0
  idx_bucket_visits 0
  gather_fact_visits 0
  verify_attempts 0
  verify_accepted 0
  verify_rejected 0
  asm_chain_calls 0
  try_verify_calls 0
  t2_chain_calls 0
  mp_run_calls 0
  log_ev_calls 8
  alloc_node_calls 692
  alloc_scan_visits 692
  alloc_evict_paths 0
  is_superseded_calls 0
  link_edge_scan_visits 699
  link_edge_calls 699
  qpath_alloc_bytes 0
  decay_calls 8
  alloc_raw_calls 0
  lu_first_visits 0
  ? 0
  fact_top_calls 8
  evcount_calls 0
  evictions 0
  fact_stack_compactions 0
  mp_run_calls 0
  mp_run_visits 0
  mp_plan_visits 0
  trial_visits 0
  t2_trial_visits 0
  comb_present_probes 0
  gsum_probes 0
  subset_mask_iters 0
  subset_assemblies 0
  asm_sum_cells 0
  trial_calls 0
  chain_branch_iters 0
  t2rels_calls 0
  luidx_probes 0
  luidx_mismatch 0
  luidx_multimatch 0
  pol_lru_calls 1399
  lru_sel_probes 0
  lru_kills 0
  evict_policy 0
  sel_cycle_visits 0
  vic_set_tags 0
  bid_max 0
  structural_calls 0
  sel_match 0
  sel_mismatch 0
  evict_calls 0
  sel_fast_calls 0
  evict_fast_visits 0
  ? 0
  evict_scan_visits 0
  ev_kill_visits 0
  edge_death_visits 0
  shared_skip 0
  history_skip 0
  qpush_visits 0
  nodes_reclaimed 0
  structural_reclaims 0
  victim_ovf_visits 0
  tombstones 0
  ns_checks 0
  ns_violations 0
  ns_site 0
  mem_fanout_visits 0
  bitmap_rebuilds 0
  audit_pred_bad 0
  audit_bid_mismatch 0
  audit_dangling 0
  audit_own_bad 0
  audit_victim_bad 0
  audit_t9_bad 0
  audit_fossil 0
  audit_shared_killed 0
  audit_hist_killed 0
  ? 0
  dependents_sum 0
  recon_cost_sum 0
  predict_use_sum 0
  compose_use_sum 0
  uniqueness_sum 0
  revision_sum 0
  forgotten_answers 0
  reasked_answers 0
  vic_bce_mismatch 0
  vic_bad_bucket 0
  vic_bitmap_miss 0
  vic_dead_in_list 0
  vic_bce_delta 0
  ? 0
  ? 0
  ? 0
E11BUILD fails=0 evictions=0 sel_fast_visits=0 sel_scan_visits=0 reclaimed=0 tombstones=0 bid_max=4
E11DUMP tag=after_build D=5000 mode=4 phase=3 policy=0 idxmode=4 live_nodes=35802 live_edges=30796 max_node_id=35803 teaches=5028
  ev_teach_calls 5028
  evteach_prev_visits 0
  decay_edge_visits 120294
  activate_node_visits 0
  activate_bid_calls 0
  bid_edge_visits 0
  ev_query_calls 0
  evquery_recent_visits 0
  rebind_lin_visits 0
  idx_bucket_visits 0
  gather_fact_visits 0
  verify_attempts 0
  verify_accepted 0
  verify_rejected 0
  asm_chain_calls 5005
  try_verify_calls 0
  t2_chain_calls 5005
  mp_run_calls 0
  log_ev_calls 5028
  alloc_node_calls 35802
  alloc_scan_visits 35802
  alloc_evict_paths 0
  is_superseded_calls 0
  link_edge_scan_visits 40814
  link_edge_calls 40814
  qpath_alloc_bytes 0
  decay_calls 5028
  alloc_raw_calls 0
  lu_first_visits 8696
  ? 0
  fact_top_calls 5028
  evcount_calls 0
  evictions 0
  fact_stack_compactions 0
  mp_run_calls 0
  mp_run_visits 0
  mp_plan_visits 0
  trial_visits 0
  t2_trial_visits 0
  comb_present_probes 0
  gsum_probes 0
  subset_mask_iters 0
  subset_assemblies 0
  asm_sum_cells 0
  trial_calls 0
  chain_branch_iters 0
  t2rels_calls 0
  luidx_probes 8696
  luidx_mismatch 0
  luidx_multimatch 0
  pol_lru_calls 101672
  lru_sel_probes 0
  lru_kills 0
  evict_policy 0
  sel_cycle_visits 0
  vic_set_tags 0
  bid_max 0
  structural_calls 0
  sel_match 0
  sel_mismatch 0
  evict_calls 0
  sel_fast_calls 0
  evict_fast_visits 0
  ? 0
  evict_scan_visits 0
  ev_kill_visits 0
  edge_death_visits 0
  shared_skip 0
  history_skip 0
  qpush_visits 0
  nodes_reclaimed 0
  structural_reclaims 0
  victim_ovf_visits 0
  tombstones 0
  ns_checks 0
  ns_violations 0
  ns_site 0
  mem_fanout_visits 0
  bitmap_rebuilds 0
  audit_pred_bad 0
  audit_bid_mismatch 0
  audit_dangling 0
  audit_own_bad 0
  audit_victim_bad 0
  audit_t9_bad 0
  audit_fossil 0
  audit_shared_killed 0
  audit_hist_killed 0
  ? 0
  dependents_sum 0
  recon_cost_sum 0
  predict_use_sum 0
  compose_use_sum 0
  uniqueness_sum 0
  revision_sum 0
  forgotten_answers 0
  reasked_answers 0
  vic_bce_mismatch 0
  vic_bad_bucket 0
  vic_bitmap_miss 0
  vic_dead_in_list 0
  vic_bce_delta 0
  ? 0
  ? 0
  ? 0
E11Q q q=6101 ans=6205 tried=1 rejected=0 scan=35713 ok=1
E11DUMP tag=after_q D=5000 mode=4 phase=3 policy=0 idxmode=4 live_nodes=35821 live_edges=30810 max_node_id=35822 teaches=5029
  ev_teach_calls 5028
  evteach_prev_visits 0
  decay_edge_visits 120309
  activate_node_visits 4
  activate_bid_calls 0
  bid_edge_visits 0
  ev_query_calls 1
  evquery_recent_visits 0
  rebind_lin_visits 35714
  idx_bucket_visits 0
  gather_fact_visits 12
  verify_attempts 1
  verify_accepted 1
  verify_rejected 0
  asm_chain_calls 5006
  try_verify_calls 1
  t2_chain_calls 5005
  mp_run_calls 0
  log_ev_calls 5029
  alloc_node_calls 35821
  alloc_scan_visits 35821
  alloc_evict_paths 0
  is_superseded_calls 3
  link_edge_scan_visits 40829
  link_edge_calls 40829
  qpath_alloc_bytes 4656
  decay_calls 5029
  alloc_raw_calls 0
  lu_first_visits 8696
  ? 0
  fact_top_calls 5028
  evcount_calls 0
  evictions 0
  fact_stack_compactions 0
  mp_run_calls 0
  mp_run_visits 0
  mp_plan_visits 0
  trial_visits 0
  t2_trial_visits 0
  comb_present_probes 0
  gsum_probes 0
  subset_mask_iters 0
  subset_assemblies 0
  asm_sum_cells 0
  trial_calls 0
  chain_branch_iters 0
  t2rels_calls 0
  luidx_probes 8696
  luidx_mismatch 0
  luidx_multimatch 0
  pol_lru_calls 101709
  lru_sel_probes 0
  lru_kills 0
  evict_policy 0
  sel_cycle_visits 0
  vic_set_tags 0
  bid_max 0
  structural_calls 0
  sel_match 0
  sel_mismatch 0
  evict_calls 0
  sel_fast_calls 0
  evict_fast_visits 0
  ? 0
  evict_scan_visits 0
  ev_kill_visits 0
  edge_death_visits 0
  shared_skip 0
  history_skip 0
  qpush_visits 0
  nodes_reclaimed 0
  structural_reclaims 0
  victim_ovf_visits 0
  tombstones 0
  ns_checks 20
  ns_violations 0
  ns_site 0
  mem_fanout_visits 0
  bitmap_rebuilds 0
  audit_pred_bad 0
  audit_bid_mismatch 0
  audit_dangling 0
  audit_own_bad 0
  audit_victim_bad 0
  audit_t9_bad 0
  audit_fossil 0
  audit_shared_killed 0
  audit_hist_killed 0
  ? 0
  dependents_sum 0
  recon_cost_sum 0
  predict_use_sum 0
  compose_use_sum 0
  uniqueness_sum 0
  revision_sum 0
  forgotten_answers 0
  reasked_answers 0
  vic_bce_mismatch 0
  vic_bad_bucket 0
  vic_bitmap_miss 0
  vic_dead_in_list 0
  vic_bce_delta 0
  ? 0
  ? 0
  ? 0
E11Q q q=6301 ans=6405 tried=1 rejected=0 scan=35713 ok=1
E11DUMP tag=after_q D=5000 mode=4 phase=3 policy=0 idxmode=4 live_nodes=35840 live_edges=30824 max_node_id=35841 teaches=5030
  ev_teach_calls 5028
  evteach_prev_visits 0
  decay_edge_visits 120324
  activate_node_visits 8
  activate_bid_calls 0
  bid_edge_visits 0
  ev_query_calls 2
  evquery_recent_visits 0
  rebind_lin_visits 71428
  idx_bucket_visits 0
  gather_fact_visits 24
  verify_attempts 2
  verify_accepted 2
  verify_rejected 0
  asm_chain_calls 5007
  try_verify_calls 2
  t2_chain_calls 5005
  mp_run_calls 0
  log_ev_calls 5030
  alloc_node_calls 35840
  alloc_scan_visits 35840
  alloc_evict_paths 0
  is_superseded_calls 6
  link_edge_scan_visits 40844
  link_edge_calls 40844
  qpath_alloc_bytes 9312
  decay_calls 5030
  alloc_raw_calls 0
  lu_first_visits 8696
  ? 0
  fact_top_calls 5028
  evcount_calls 0
  evictions 0
  fact_stack_compactions 0
  mp_run_calls 0
  mp_run_visits 0
  mp_plan_visits 0
  trial_visits 0
  t2_trial_visits 0
  comb_present_probes 0
  gsum_probes 0
  subset_mask_iters 0
  subset_assemblies 0
  asm_sum_cells 0
  trial_calls 0
  chain_branch_iters 0
  t2rels_calls 0
  luidx_probes 8696
  luidx_mismatch 0
  luidx_multimatch 0
  pol_lru_calls 101746
  lru_sel_probes 0
  lru_kills 0
  evict_policy 0
  sel_cycle_visits 0
  vic_set_tags 0
  bid_max 0
  structural_calls 0
  sel_match 0
  sel_mismatch 0
  evict_calls 0
  sel_fast_calls 0
  evict_fast_visits 0
  ? 0
  evict_scan_visits 0
  ev_kill_visits 0
  edge_death_visits 0
  shared_skip 0
  history_skip 0
  qpush_visits 0
  nodes_reclaimed 0
  structural_reclaims 0
  victim_ovf_visits 0
  tombstones 0
  ns_checks 40
  ns_violations 0
  ns_site 0
  mem_fanout_visits 0
  bitmap_rebuilds 0
  audit_pred_bad 0
  audit_bid_mismatch 0
  audit_dangling 0
  audit_own_bad 0
  audit_victim_bad 0
  audit_t9_bad 0
  audit_fossil 0
  audit_shared_killed 0
  audit_hist_killed 0
  ? 0
  dependents_sum 0
  recon_cost_sum 0
  predict_use_sum 0
  compose_use_sum 0
  uniqueness_sum 0
  revision_sum 0
  forgotten_answers 0
  reasked_answers 0
  vic_bce_mismatch 0
  vic_bad_bucket 0
  vic_bitmap_miss 0
  vic_dead_in_list 0
  vic_bce_delta 0
  ? 0
  ? 0
  ? 0
E11ASTEP pred
E11ASTEP dang
E11ASTEP own
E11ASTEP vic
E11ASTEP t9
E11ASTEP fossil
E11ASTEP shared
E11ASTEP hist
E11ASTEP canary
E11AUDIT post pred_bad=0 bid_mismatch=0 dangling=0 own_bad=0 victim_bad=0 bce_mismatch=0 bad_bucket=0 bce_delta=0 bitmap_miss=0 dead_in_list=0 list_cycle=0 cyc_bucket=0 cyc_node=0 cyc_hops=0 lk_self=0 lk_selfnode=0 lk_selfb=0 lk_foldbk=0 lk_foldnode=0 lk_foldb=0 ul_orphan=0 ul_orpn=0 ul_orpb=0 ul_orphead=0 ul_selfnx=0 ul_selfnode=0 vchk_orphan=0 vchk_backlink=0 vchk_fwdlink=0 vchk_headpv=0 vchk_first=0 vchk_fn=0 vchk_fb=0 vchk_fs=0 lk1_vcb=0 lk1_vel=0 lk1_live=0 lk1_bidb=0 t9_bad=0 fossil=0 shared_killed=0 hist_killed=0 canary=0 TOTAL_BAD=0
E11VTRACE n=124
 V84 op=3 n=35831 b=-1 c=0 d=-1 e=-1
 V85 op=1 n=35831 b=1024 c=35830 d=-1 e=0
 V86 op=3 n=35832 b=-1 c=0 d=-1 e=-1
 V87 op=1 n=35832 b=1024 c=35831 d=-1 e=0
 V88 op=3 n=35833 b=-1 c=0 d=-1 e=-1
 V89 op=1 n=35833 b=1024 c=35832 d=-1 e=0
 V90 op=3 n=35834 b=-1 c=0 d=-1 e=-1
 V91 op=1 n=35834 b=1024 c=35833 d=-1 e=0
 V92 op=2 n=692 b=1024 c=1024 d=765 e=761
 V93 op=1 n=692 b=1025 c=691 d=-1 e=1
 V94 op=3 n=35835 b=-1 c=0 d=-1 e=-1
 V95 op=1 n=35835 b=1024 c=35834 d=-1 e=0
 V96 op=3 n=35836 b=-1 c=0 d=-1 e=-1
 V97 op=1 n=35836 b=1024 c=35835 d=-1 e=0
 V98 op=3 n=35837 b=-1 c=0 d=-1 e=-1
 V99 op=1 n=35837 b=1024 c=35836 d=-1 e=0
 V100 op=3 n=35838 b=-1 c=0 d=-1 e=-1
 V101 op=1 n=35838 b=1024 c=35837 d=-1 e=0
 V102 op=2 n=693 b=1024 c=1024 d=772 e=768
 V103 op=1 n=693 b=1025 c=692 d=-1 e=1
 V104 op=3 n=35839 b=-1 c=0 d=-1 e=-1
 V105 op=1 n=35839 b=1024 c=35838 d=-1 e=0
 V106 op=3 n=35840 b=-1 c=0 d=-1 e=-1
 V107 op=1 n=35840 b=1024 c=35839 d=-1 e=0
 V108 op=2 n=35840 b=1024 c=1024 d=-1 e=35839
 V109 op=1 n=35840 b=1025 c=693 d=-1 e=1
 V110 op=2 n=35840 b=1025 c=1025 d=-1 e=693
 V111 op=1 n=35840 b=1026 c=35739 d=-1 e=1
 V112 op=2 n=690 b=1025 c=1025 d=691 e=-1
 V113 op=1 n=690 b=1026 c=35840 d=-1 e=1
 V114 op=2 n=691 b=1025 c=1025 d=692 e=-1
 V115 op=1 n=691 b=1026 c=690 d=-1 e=1
 V116 op=2 n=692 b=1025 c=1025 d=693 e=-1
 V117 op=1 n=692 b=1026 c=691 d=-1 e=1
 V118 op=2 n=693 b=1025 c=1025 d=-1 e=-1
 V119 op=1 n=693 b=1026 c=692 d=-1 e=1
 V120 op=3 n=35841 b=-1 c=0 d=-1 e=-1
 V121 op=1 n=35841 b=1024 c=35839 d=-1 e=0
 V122 op=2 n=35841 b=1024 c=1024 d=-1 e=35839
 V123 op=1 n=35841 b=1024 c=35839 d=-1 e=1
E11END
E11PROF-END
