E11PROF-START
E11ARGS D=990 mode=7 phase=0 extra=0
E11START main D=990 mode=7 phase=0 extra=0 TOT=45221344
E11DUMP tag=after_facts D=990 mode=7 phase=0 live_nodes=692 live_edges=699 max_node_id=693 teaches=8
  ev_teach_calls 8
  evteach_prev_visits 0
  decay_edge_visits 28
  activate_node_visits 0
  activate_bid_calls 0
  bid_edge_visits 0
  ev_query_calls 0
  evquery_recent_visits 0
  rebind_lin_visits 0
  idx_bucket_visits 0
  gather_fact_visits 0
  verify_attempts 0
  verify_accepted 0
  verify_rejected 0
  asm_chain_calls 0
  try_verify_calls 0
  t2_chain_calls 0
  mp_run_calls 0
  log_ev_calls 8
  alloc_node_calls 692
  alloc_scan_visits 692
  alloc_evict_paths 0
  is_superseded_calls 0
  link_edge_scan_visits 699
  link_edge_calls 699
  qpath_alloc_bytes 0
  decay_calls 8
  alloc_raw_calls 0
  lu_first_visits 0
  ? 0
  fact_top_calls 8
  evcount_calls 0
  evictions 0
  fact_stack_compactions 0
  mp_run_calls 0
  mp_run_visits 0
  mp_plan_visits 0
  trial_visits 0
  t2_trial_visits 0
  evict_policy 0
  sel_cycle_visits 0
  vic_set_tags 0
  bid_max 0
  structural_calls 0
  sel_match 0
  sel_mismatch 0
  evict_calls 0
  sel_fast_calls 0
  evict_fast_visits 0
  ? 0
  evict_scan_visits 0
  ev_kill_visits 0
  edge_death_visits 0
  shared_skip 0
  history_skip 0
  qpush_visits 0
  nodes_reclaimed 0
  structural_reclaims 0
  victim_ovf_visits 0
  tombstones 0
  ns_checks 0
  ns_violations 0
  ns_site 0
  mem_fanout_visits 0
  bitmap_rebuilds 0
  audit_pred_bad 0
  audit_bid_mismatch 0
  audit_dangling 0
  audit_own_bad 0
  audit_victim_bad 0
  audit_t9_bad 0
  audit_fossil 0
  audit_shared_killed 0
  audit_hist_killed 0
  ? 0
  dependents_sum 0
  recon_cost_sum 0
  predict_use_sum 0
  compose_use_sum 0
  uniqueness_sum 0
  revision_sum 0
  forgotten_answers 0
  reasked_answers 0
  vic_bce_mismatch 0
  vic_bad_bucket 0
  vic_bitmap_miss 0
  vic_dead_in_list 0
  vic_bce_delta 0
  ? 0
  ? 0
  ? 0
E11BUILD fails=0 evictions=0 sel_fast_visits=0 sel_scan_visits=0 reclaimed=0 tombstones=0 bid_max=4
E11DUMP tag=after_build D=990 mode=7 phase=0 live_nodes=7732 live_edges=6736 max_node_id=7733 teaches=1018
  ev_teach_calls 1018
  evteach_prev_visits 0
  decay_edge_visits 24054
  activate_node_visits 0
  activate_bid_calls 0
  bid_edge_visits 0
  ev_query_calls 0
  evquery_recent_visits 0
  rebind_lin_visits 0
  idx_bucket_visits 0
  gather_fact_visits 0
  verify_attempts 0
  verify_accepted 0
  verify_rejected 0
  asm_chain_calls 995
  try_verify_calls 0
  t2_chain_calls 995
  mp_run_calls 0
  log_ev_calls 1018
  alloc_node_calls 7732
  alloc_scan_visits 7732
  alloc_evict_paths 0
  is_superseded_calls 0
  link_edge_scan_visits 8734
  link_edge_calls 8734
  qpath_alloc_bytes 0
  decay_calls 1018
  alloc_raw_calls 0
  lu_first_visits 1010
  ? 0
  fact_top_calls 1018
  evcount_calls 0
  evictions 0
  fact_stack_compactions 0
  mp_run_calls 0
  mp_run_visits 0
  mp_plan_visits 0
  trial_visits 0
  t2_trial_visits 0
  evict_policy 0
  sel_cycle_visits 0
  vic_set_tags 0
  bid_max 0
  structural_calls 0
  sel_match 0
  sel_mismatch 0
  evict_calls 0
  sel_fast_calls 0
  evict_fast_visits 0
  ? 0
  evict_scan_visits 0
  ev_kill_visits 0
  edge_death_visits 0
  shared_skip 0
  history_skip 0
  qpush_visits 0
  nodes_reclaimed 0
  structural_reclaims 0
  victim_ovf_visits 0
  tombstones 0
  ns_checks 0
  ns_violations 0
  ns_site 0
  mem_fanout_visits 0
  bitmap_rebuilds 0
  audit_pred_bad 0
  audit_bid_mismatch 0
  audit_dangling 0
  audit_own_bad 0
  audit_victim_bad 0
  audit_t9_bad 0
  audit_fossil 0
  audit_shared_killed 0
  audit_hist_killed 0
  ? 0
  dependents_sum 0
  recon_cost_sum 0
  predict_use_sum 0
  compose_use_sum 0
  uniqueness_sum 0
  revision_sum 0
  forgotten_answers 0
  reasked_answers 0
  vic_bce_mismatch 0
  vic_bad_bucket 0
  vic_bitmap_miss 0
  vic_dead_in_list 0
  vic_bce_delta 0
  ? 0
  ? 0
  ? 0
E11Q q q=6101 ans=6205 tried=1 rejected=0 scan=5 ok=1
E11DUMP tag=after_q D=990 mode=7 phase=0 live_nodes=7751 live_edges=6750 max_node_id=7752 teaches=1019
  ev_teach_calls 1018
  evteach_prev_visits 0
  decay_edge_visits 24069
  activate_node_visits 2
  activate_bid_calls 0
  bid_edge_visits 0
  ev_query_calls 1
  evquery_recent_visits 0
  rebind_lin_visits 0
  idx_bucket_visits 5
  gather_fact_visits 4
  verify_attempts 1
  verify_accepted 1
  verify_rejected 0
  asm_chain_calls 996
  try_verify_calls 1
  t2_chain_calls 995
  mp_run_calls 0
  log_ev_calls 1019
  alloc_node_calls 7751
  alloc_scan_visits 7751
  alloc_evict_paths 0
  is_superseded_calls 1
  link_edge_scan_visits 8749
  link_edge_calls 8749
  qpath_alloc_bytes 4461104
  decay_calls 1019
  alloc_raw_calls 0
  lu_first_visits 1010
  ? 0
  fact_top_calls 1018
  evcount_calls 0
  evictions 0
  fact_stack_compactions 0
  mp_run_calls 0
  mp_run_visits 0
  mp_plan_visits 0
  trial_visits 0
  t2_trial_visits 0
  evict_policy 0
  sel_cycle_visits 0
  vic_set_tags 0
  bid_max 0
  structural_calls 0
  sel_match 0
  sel_mismatch 0
  evict_calls 0
  sel_fast_calls 0
  evict_fast_visits 0
  ? 0
  evict_scan_visits 0
  ev_kill_visits 0
  edge_death_visits 0
  shared_skip 0
  history_skip 0
  qpush_visits 0
  nodes_reclaimed 0
  structural_reclaims 0
  victim_ovf_visits 0
  tombstones 0
  ns_checks 20
  ns_violations 0
  ns_site 0
  mem_fanout_visits 0
  bitmap_rebuilds 0
  audit_pred_bad 0
  audit_bid_mismatch 0
  audit_dangling 0
  audit_own_bad 0
  audit_victim_bad 0
  audit_t9_bad 0
  audit_fossil 0
  audit_shared_killed 0
  audit_hist_killed 0
  ? 0
  dependents_sum 0
  recon_cost_sum 0
  predict_use_sum 0
  compose_use_sum 0
  uniqueness_sum 0
  revision_sum 0
  forgotten_answers 0
  reasked_answers 0
  vic_bce_mismatch 0
  vic_bad_bucket 0
  vic_bitmap_miss 0
  vic_dead_in_list 0
  vic_bce_delta 0
  ? 0
  ? 0
  ? 0
E11Q q q=6301 ans=6405 tried=1 rejected=0 scan=0 ok=1
E11DUMP tag=after_q D=990 mode=7 phase=0 live_nodes=7770 live_edges=6764 max_node_id=7771 teaches=1020
  ev_teach_calls 1018
  evteach_prev_visits 0
  decay_edge_visits 24084
  activate_node_visits 4
  activate_bid_calls 0
  bid_edge_visits 0
  ev_query_calls 2
  evquery_recent_visits 0
  rebind_lin_visits 0
  idx_bucket_visits 5
  gather_fact_visits 8
  verify_attempts 2
  verify_accepted 2
  verify_rejected 0
  asm_chain_calls 997
  try_verify_calls 2
  t2_chain_calls 995
  mp_run_calls 0
  log_ev_calls 1020
  alloc_node_calls 7770
  alloc_scan_visits 7770
  alloc_evict_paths 0
  is_superseded_calls 2
  link_edge_scan_visits 8764
  link_edge_calls 8764
  qpath_alloc_bytes 4465760
  decay_calls 1020
  alloc_raw_calls 0
  lu_first_visits 1010
  ? 0
  fact_top_calls 1018
  evcount_calls 0
  evictions 0
  fact_stack_compactions 0
  mp_run_calls 0
  mp_run_visits 0
  mp_plan_visits 0
  trial_visits 0
  t2_trial_visits 0
  evict_policy 0
  sel_cycle_visits 0
  vic_set_tags 0
  bid_max 0
  structural_calls 0
  sel_match 0
  sel_mismatch 0
  evict_calls 0
  sel_fast_calls 0
  evict_fast_visits 0
  ? 0
  evict_scan_visits 0
  ev_kill_visits 0
  edge_death_visits 0
  shared_skip 0
  history_skip 0
  qpush_visits 0
  nodes_reclaimed 0
  structural_reclaims 0
  victim_ovf_visits 0
  tombstones 0
  ns_checks 40
  ns_violations 0
  ns_site 0
  mem_fanout_visits 0
  bitmap_rebuilds 0
  audit_pred_bad 0
  audit_bid_mismatch 0
  audit_dangling 0
  audit_own_bad 0
  audit_victim_bad 0
  audit_t9_bad 0
  audit_fossil 0
  audit_shared_killed 0
  audit_hist_killed 0
  ? 0
  dependents_sum 0
  recon_cost_sum 0
  predict_use_sum 0
  compose_use_sum 0
  uniqueness_sum 0
  revision_sum 0
  forgotten_answers 0
  reasked_answers 0
  vic_bce_mismatch 0
  vic_bad_bucket 0
  vic_bitmap_miss 0
  vic_dead_in_list 0
  vic_bce_delta 0
  ? 0
  ? 0
  ? 0
E11ASTEP pred
E11ASTEP dang
E11ASTEP own
E11ASTEP vic
E11ASTEP t9
E11ASTEP fossil
E11ASTEP shared
E11ASTEP hist
E11ASTEP canary
E11AUDIT post pred_bad=0 bid_mismatch=0 dangling=0 own_bad=0 victim_bad=0 bce_mismatch=0 bad_bucket=0 bce_delta=0 bitmap_miss=0 dead_in_list=0 list_cycle=0 cyc_bucket=0 cyc_node=0 cyc_hops=0 lk_self=0 lk_selfnode=0 lk_selfb=0 lk_foldbk=0 lk_foldnode=0 lk_foldb=0 ul_orphan=0 ul_orpn=0 ul_orpb=0 ul_orphead=0 ul_selfnx=0 ul_selfnode=0 vchk_orphan=0 vchk_backlink=0 vchk_fwdlink=0 vchk_headpv=0 vchk_first=0 vchk_fn=0 vchk_fb=0 vchk_fs=0 lk1_vcb=0 lk1_vel=0 lk1_live=0 lk1_bidb=0 t9_bad=0 fossil=0 shared_killed=0 hist_killed=0 canary=0 TOTAL_BAD=0
E11VTRACE n=124
 V84 op=3 n=7761 b=-1 c=0 d=-1 e=-1
 V85 op=1 n=7761 b=1024 c=7760 d=-1 e=0
 V86 op=3 n=7762 b=-1 c=0 d=-1 e=-1
 V87 op=1 n=7762 b=1024 c=7761 d=-1 e=0
 V88 op=3 n=7763 b=-1 c=0 d=-1 e=-1
 V89 op=1 n=7763 b=1024 c=7762 d=-1 e=0
 V90 op=3 n=7764 b=-1 c=0 d=-1 e=-1
 V91 op=1 n=7764 b=1024 c=7763 d=-1 e=0
 V92 op=2 n=692 b=1024 c=1024 d=765 e=761
 V93 op=1 n=692 b=1025 c=691 d=-1 e=1
 V94 op=3 n=7765 b=-1 c=0 d=-1 e=-1
 V95 op=1 n=7765 b=1024 c=7764 d=-1 e=0
 V96 op=3 n=7766 b=-1 c=0 d=-1 e=-1
 V97 op=1 n=7766 b=1024 c=7765 d=-1 e=0
 V98 op=3 n=7767 b=-1 c=0 d=-1 e=-1
 V99 op=1 n=7767 b=1024 c=7766 d=-1 e=0
 V100 op=3 n=7768 b=-1 c=0 d=-1 e=-1
 V101 op=1 n=7768 b=1024 c=7767 d=-1 e=0
 V102 op=2 n=693 b=1024 c=1024 d=772 e=768
 V103 op=1 n=693 b=1025 c=692 d=-1 e=1
 V104 op=3 n=7769 b=-1 c=0 d=-1 e=-1
 V105 op=1 n=7769 b=1024 c=7768 d=-1 e=0
 V106 op=3 n=7770 b=-1 c=0 d=-1 e=-1
 V107 op=1 n=7770 b=1024 c=7769 d=-1 e=0
 V108 op=2 n=7770 b=1024 c=1024 d=-1 e=7769
 V109 op=1 n=7770 b=1025 c=693 d=-1 e=1
 V110 op=2 n=7770 b=1025 c=1025 d=-1 e=693
 V111 op=1 n=7770 b=1026 c=7669 d=-1 e=1
 V112 op=2 n=690 b=1025 c=1025 d=691 e=-1
 V113 op=1 n=690 b=1026 c=7770 d=-1 e=1
 V114 op=2 n=691 b=1025 c=1025 d=692 e=-1
 V115 op=1 n=691 b=1026 c=690 d=-1 e=1
 V116 op=2 n=692 b=1025 c=1025 d=693 e=-1
 V117 op=1 n=692 b=1026 c=691 d=-1 e=1
 V118 op=2 n=693 b=1025 c=1025 d=-1 e=-1
 V119 op=1 n=693 b=1026 c=692 d=-1 e=1
 V120 op=3 n=7771 b=-1 c=0 d=-1 e=-1
 V121 op=1 n=7771 b=1024 c=7769 d=-1 e=0
 V122 op=2 n=7771 b=1024 c=1024 d=-1 e=7769
 V123 op=1 n=7771 b=1024 c=7769 d=-1 e=1
E11END
E11PROF-END
