E11PROF-START
E11ARGS D=0 mode=13 phase=4 extra=40000
E11JF mode=13 JF=40000
E11JF built found=6 junk=40000 live_nodes=271479 live_edges=262144 evictions=9337 reclaimed=0 evict_tag20=0 evict_nontag20=9337 evict_FOUND=0 evict_JUNK=0 evict_unclass=0 classid_ok=1 sel_visits=9337 idx_skips=684 idxmode_lost=0 pol_fail=0 own_prot=17 probes_fast=19156 probes_ref=0 rc_t1=1875 rc_t9=0 rc_t12=0 rc_t13=0 rc_other=7462 rc_verhist=1875 kill_ev=9337 kill_edge=3757 skip_refd=0 skip_shared=0
E11MEAS dependents=149887 recon_len=38672 uniqueness=38672 revisions=0 composition=232304594
E11FOUND fi=0 survives=1 bid=6225 bid_fast=6225
E11FOUND fi=1 survives=1 bid=6224 bid_fast=6224
E11FOUND fi=2 survives=1 bid=6224 bid_fast=6224
E11FOUND fi=3 survives=1 bid=6224 bid_fast=6224
E11FOUND fi=4 survives=1 bid=6225 bid_fast=6225
E11FOUND fi=5 survives=1 bid=6224 bid_fast=6224
E11FOUND total_survived=6 of 6
E11FACTS fi=0 ansfact_live=0 bid=-1 own=-1
E11FACTS fi=1 ansfact_live=0 bid=-1 own=-1
E11FACTS fi=2 ansfact_live=0 bid=-1 own=-1
E11FACTS fi=3 ansfact_live=0 bid=-1 own=-1
E11FACTS fi=4 ansfact_live=1 bid=0 own=792
E11FACTS fi=5 ansfact_live=1 bid=0 own=816
E11FACTS ansfact_live_total=2 of 6
E11JF downstream_ans=-2 expect=7000 ok=0
