E11PROF-START
E11ARGS D=0 mode=13 phase=4 extra=2000
E11JF mode=13 JF=2000
E11JF built found=6 junk=2000 live_nodes=14816 live_edges=14818 evictions=0 reclaimed=0 evict_tag20=0 evict_nontag20=0 evict_FOUND=0 evict_JUNK=0 evict_unclass=0 classid_ok=1 sel_visits=0 idx_skips=684 idxmode_lost=0 pol_fail=0 own_prot=2 probes_fast=0 probes_ref=0 rc_t1=0 rc_t9=0 rc_t12=0 rc_t13=0 rc_other=0 rc_verhist=0 kill_ev=0 kill_edge=0 skip_refd=0 skip_shared=0
E11MEAS dependents=8018 recon_len=2006 uniqueness=2006 revisions=0 composition=666668
E11FOUND fi=0 survives=1 bid=336 bid_fast=336
E11FOUND fi=1 survives=1 bid=336 bid_fast=336
E11FOUND fi=2 survives=1 bid=335 bid_fast=335
E11FOUND fi=3 survives=1 bid=335 bid_fast=335
E11FOUND fi=4 survives=1 bid=335 bid_fast=335
E11FOUND fi=5 survives=1 bid=335 bid_fast=335
E11FOUND total_survived=6 of 6
E11FACTS fi=0 ansfact_live=1 bid=0 own=696
E11FACTS fi=1 ansfact_live=1 bid=0 own=720
E11FACTS fi=2 ansfact_live=1 bid=0 own=744
E11FACTS fi=3 ansfact_live=1 bid=0 own=768
E11FACTS fi=4 ansfact_live=1 bid=0 own=792
E11FACTS fi=5 ansfact_live=1 bid=0 own=816
E11FACTS ansfact_live_total=6 of 6
E11JF downstream_ans=7000 expect=7000 ok=1
E11JF junk_retention=21/21 (broken MAPs, NOT a loss measure)
E11JF forget_foundational=0 forget_junk=-1 (undefined by construction)
E11ASTEP pred
E11ASTEP dang
E11ASTEP own
E11ASTEP vic
E11ASTEP t9
E11ASTEP fossil
E11ASTEP shared
E11ASTEP hist
E11ASTEP canary
E11AUDIT jf pred_bad=0 bid_mismatch=0 dangling=0 own_bad=0 victim_bad=0 bce_mismatch=0 bad_bucket=0 bce_delta=0 bitmap_miss=0 dead_in_list=0 list_cycle=0 cyc_bucket=0 cyc_node=0 cyc_hops=0 lk_self=0 lk_selfnode=0 lk_selfb=0 lk_foldbk=0 lk_foldnode=0 lk_foldb=0 ul_orphan=0 ul_orpn=0 ul_orpb=0 ul_orphead=0 ul_selfnx=0 ul_selfnode=0 vchk_orphan=0 vchk_backlink=0 vchk_fwdlink=0 vchk_headpv=0 vchk_first=0 vchk_fn=0 vchk_fb=0 vchk_fs=0 lk1_vcb=0 lk1_vel=0 lk1_live=0 lk1_bidb=0 t9_bad=0 fossil=0 shared_killed=0 hist_killed=0 canary=0 TOTAL_BAD=0
E11END
E11PROF-END
