tnn-r27-native-master/
tnn-r27-native-master/docs/
tnn-r27-native-master/docs/RESULTS.md
tnn-r27-native-master/docs/FAILURES_AND_BOUNDARIES.md
tnn-r27-native-master/docs/NEXT_STAGE_HANDOFF.md
tnn-r27-native-master/docs/AUTHORSHIP_LEDGER.md
tnn-r27-native-master/docs/HARDCODING_LEDGER.md
tnn-r27-native-master/docs/TRACEABILITY.md
tnn-r27-native-master/results/
tnn-r27-native-master/results/sealed/
tnn-r27-native-master/results/sealed/seed_manifest.json
tnn-r27-native-master/results/sealed/seed_manifest.sha256
tnn-r27-native-master/results/source_contract.json
tnn-r27-native-master/results/reference_validation.json
tnn-r27-native-master/results/acoustic_reference.json
tnn-r27-native-master/results/teacher_sibling_reference.json
tnn-r27-native-master/results/pam_foundry_learning.json
tnn-r27-native-master/results/core_pam_tournament.json
tnn-r27-native-master/results/memory_policy_learning.json
tnn-r27-native-master/results/entity_temporal_hybrid.json
tnn-r27-native-master/results/entity_temporal_challenge.json
tnn-r27-native-master/results/pam_foundry_evolution.json
tnn-r27-native-master/MANIFEST.sha256
tnn-r27-native-master/release/
tnn-r27-native-master/user_context/
tnn-r27-native-master/user_context/TNN_USER_RESEARCH_PREFERENCES.md
tnn-r27-native-master/user_context/TNN_USER_RESPONSE_LOG.md
tnn-r27-native-master/state/
tnn-r27-native-master/state/state_bridge_manifest.json
tnn-r27-native-master/state/shadow-policy.json
tnn-r27-native-master/verification/
tnn-r27-native-master/verification/acoustic_reference.py
tnn-r27-native-master/verification/native-toolchain-status.json
tnn-r27-native-master/verification/entity_temporal_hybrid.py
tnn-r27-native-master/verification/pam_foundry_learning.py
tnn-r27-native-master/verification/reference-validation.log
tnn-r27-native-master/verification/source.sha256
tnn-r27-native-master/verification/entity_temporal_challenge.py
tnn-r27-native-master/verification/pam-foundry-evolution.log
tnn-r27-native-master/verification/reference_validate.py
tnn-r27-native-master/verification/source-contract-final.log
tnn-r27-native-master/verification/acoustic-reference-final.log
tnn-r27-native-master/verification/memory_policy_learning.py
tnn-r27-native-master/verification/memory-policy-learning.log
tnn-r27-native-master/verification/teacher-sibling-reference.log
tnn-r27-native-master/verification/core_pam_tournament.py
tnn-r27-native-master/verification/acoustic-reference-hard.log
tnn-r27-native-master/verification/reference-validation-final.log
tnn-r27-native-master/verification/source_contract.py
tnn-r27-native-master/verification/acoustic-reference.log
tnn-r27-native-master/verification/entity-temporal-hybrid.log
tnn-r27-native-master/verification/pam_foundry_evolution.py
tnn-r27-native-master/verification/teacher-sibling-reference-final.log
tnn-r27-native-master/verification/parent-r27-verifier.log
tnn-r27-native-master/verification/entity-temporal-challenge.log
tnn-r27-native-master/verification/entity-temporal-challenge-v2.log
tnn-r27-native-master/verification/core-pam-tournament.log
tnn-r27-native-master/verification/pam-foundry-learning.log
tnn-r27-native-master/verification/pam-foundry-learning-v2.log
tnn-r27-native-master/verification/state-bridge.log
tnn-r27-native-master/verification/pam-foundry-evolution-final.log
tnn-r27-native-master/verification/memory-policy-learning-pressure.log
tnn-r27-native-master/verification/teacher_sibling_reference.py
tnn-r27-native-master/verification/source-contract.log
tnn-r27-native-master/verification/build_state_bridge.py
tnn-r27-native-master/STATUS.md
tnn-r27-native-master/src/
tnn-r27-native-master/src/tnn_next_stage_parent.zag
tnn-r27-native-master/src/tnn_r27_native_master.zag
