best/data.pkl
best/.format_version
best/.storage_alignment
best/byteorder
best/data/0
best/data/1
best/data/2
best/data/3
best/data/4
best/data/5
best/data/6
best/data/7
best/data/8
best/data/9
best/data/10
best/data/11
best/data/12
best/data/13
best/data/14
best/data/15
best/data/16
best/data/17
best/data/18
best/data/19
best/data/20
best/data/21
best/data/22
best/data/23
best/data/24
best/data/25
best/data/26
best/data/27
best/data/28
best/data/29
best/data/30
best/data/31
best/data/32
best/data/33
best/data/34
best/data/35
best/data/36
best/data/37
best/data/38
best/data/39
best/data/40
best/data/41
best/data/42
best/data/43
best/data/44
best/data/45
best/data/46
best/data/47
best/data/48
best/data/49
best/data/50
best/data/51
best/data/52
best/data/53
best/data/54
best/data/55
best/data/56
best/data/57
best/data/58
best/data/59
best/data/60
best/data/61
best/data/62
best/data/63
best/data/64
best/data/65
best/data/66
best/data/67
best/data/68
best/data/69
best/data/70
best/data/71
best/data/72
best/data/73
best/data/74
best/data/75
best/data/76
best/data/77
best/data/78
best/data/79
best/data/80
best/data/81
best/data/82
best/data/83
best/data/84
best/data/85
best/data/86
best/data/87
best/data/88
best/data/89
best/data/90
best/data/91
best/data/92
best/data/93
best/data/94
best/version
best/.data/serialization_id
