{
  "baseline": {
    "fused_component_max": 1.0,
    "fused_component_mean": 1.0,
    "fused_component_min": 1.0,
    "heldout_component_max": 1.0,
    "heldout_component_mean": 1.0,
    "heldout_component_min": 1.0,
    "heldout_exact_max": 1.0,
    "heldout_exact_mean": 1.0,
    "heldout_exact_min": 1.0,
    "memory_bytes_max": 689684.0,
    "memory_bytes_mean": 689015.4,
    "memory_bytes_min": 688475.0,
    "one_shot_exact_max": 0.5,
    "one_shot_exact_mean": 0.2625,
    "one_shot_exact_min": 0.0625,
    "one_shot_role_max": 0.5,
    "one_shot_role_mean": 0.2625,
    "one_shot_role_min": 0.0625,
    "operations_max": 136279618.0,
    "operations_mean": 136170699.8,
    "operations_min": 136042090.0,
    "reference_component_max": 0.6875,
    "reference_component_mean": 0.6708333333333333,
    "reference_component_min": 0.6614583333333334,
    "reference_exact_max": 0.2708333333333333,
    "reference_exact_mean": 0.2,
    "reference_exact_min": 0.14583333333333334,
    "runs": 5,
    "seeds": 5,
    "stress_component_max": 1.0,
    "stress_component_mean": 1.0,
    "stress_component_min": 1.0,
    "variant": "baseline"
  },
  "complete": true,
  "promotion": {
    "controlled_regression_pass": true,
    "reference_gain": 0.8,
    "selected": true,
    "sensory_regression_pass": true
  },
  "runs": 10,
  "seeds": [
    121,
    122,
    123,
    124,
    125
  ],
  "workspace": {
    "fused_component_max": 1.0,
    "fused_component_mean": 1.0,
    "fused_component_min": 1.0,
    "heldout_component_max": 1.0,
    "heldout_component_mean": 1.0,
    "heldout_component_min": 1.0,
    "heldout_exact_max": 1.0,
    "heldout_exact_mean": 1.0,
    "heldout_exact_min": 1.0,
    "memory_bytes_max": 689684.0,
    "memory_bytes_mean": 689015.4,
    "memory_bytes_min": 688475.0,
    "one_shot_exact_max": 0.5,
    "one_shot_exact_mean": 0.2625,
    "one_shot_exact_min": 0.0625,
    "one_shot_role_max": 0.5,
    "one_shot_role_mean": 0.2625,
    "one_shot_role_min": 0.0625,
    "operations_max": 135694060.0,
    "operations_mean": 135452053.6,
    "operations_min": 135053343.0,
    "reference_component_max": 1.0,
    "reference_component_mean": 1.0,
    "reference_component_min": 1.0,
    "reference_exact_max": 1.0,
    "reference_exact_mean": 1.0,
    "reference_exact_min": 1.0,
    "runs": 5,
    "seeds": 5,
    "stress_component_max": 1.0,
    "stress_component_mean": 1.0,
    "stress_component_min": 1.0,
    "variant": "stream_workspace"
  }
}