{
  "raw_ordered": {
    "1": {
      "clean": 0.6861111111111111,
      "view": 0.12291666666666667,
      "hard_view": 0.030555555555555555,
      "scale_light": 0.6805555555555556,
      "occlusion": 0.06944444444444445,
      "compound": 0.06944444444444445,
      "worst": 0.030555555555555555
    },
    "2": {
      "clean": 0.9284722222222223,
      "view": 0.12083333333333333,
      "hard_view": 0.034027777777777775,
      "scale_light": 0.9284722222222223,
      "occlusion": 0.075,
      "compound": 0.08263888888888889,
      "worst": 0.034027777777777775
    },
    "4": {
      "clean": 0.9736111111111111,
      "view": 0.1076388888888889,
      "hard_view": 0.032638888888888884,
      "scale_light": 0.9673611111111111,
      "occlusion": 0.07847222222222222,
      "compound": 0.08611111111111111,
      "worst": 0.032638888888888884
    },
    "8": {
      "clean": 1.0,
      "view": 0.09097222222222222,
      "hard_view": 0.027777777777777776,
      "scale_light": 1.0,
      "occlusion": 0.10069444444444445,
      "compound": 0.09513888888888888,
      "worst": 0.027777777777777776
    },
    "16": {
      "clean": 1.0,
      "view": 0.08541666666666667,
      "hard_view": 0.03125,
      "scale_light": 1.0,
      "occlusion": 0.08472222222222223,
      "compound": 0.09375,
      "worst": 0.03125
    }
  },
  "sorted_normalized": {
    "1": {
      "clean": 1.0,
      "view": 1.0,
      "hard_view": 1.0,
      "scale_light": 1.0,
      "occlusion": 0.1125,
      "compound": 0.08611111111111111,
      "worst": 0.08611111111111111
    },
    "2": {
      "clean": 1.0,
      "view": 0.9993055555555556,
      "hard_view": 1.0,
      "scale_light": 0.9986111111111111,
      "occlusion": 0.09444444444444444,
      "compound": 0.09861111111111111,
      "worst": 0.09444444444444444
    },
    "4": {
      "clean": 1.0,
      "view": 0.9993055555555556,
      "hard_view": 1.0,
      "scale_light": 1.0,
      "occlusion": 0.09861111111111111,
      "compound": 0.08680555555555555,
      "worst": 0.08680555555555555
    },
    "8": {
      "clean": 1.0,
      "view": 1.0,
      "hard_view": 1.0,
      "scale_light": 1.0,
      "occlusion": 0.09444444444444444,
      "compound": 0.0875,
      "worst": 0.0875
    },
    "16": {
      "clean": 1.0,
      "view": 1.0,
      "hard_view": 1.0,
      "scale_light": 0.9993055555555556,
      "occlusion": 0.09791666666666667,
      "compound": 0.09930555555555555,
      "worst": 0.09791666666666667
    }
  },
  "pairwise_relational": {
    "1": {
      "clean": 1.0,
      "view": 0.975,
      "hard_view": 0.9736111111111111,
      "scale_light": 0.9493055555555555,
      "occlusion": 0.059027777777777776,
      "compound": 0.05694444444444444,
      "worst": 0.05694444444444444
    },
    "2": {
      "clean": 1.0,
      "view": 0.982638888888889,
      "hard_view": 0.9861111111111112,
      "scale_light": 0.9569444444444444,
      "occlusion": 0.05486111111111111,
      "compound": 0.05416666666666667,
      "worst": 0.05416666666666667
    },
    "4": {
      "clean": 1.0,
      "view": 0.9909722222222223,
      "hard_view": 0.9875,
      "scale_light": 0.9680555555555556,
      "occlusion": 0.058333333333333334,
      "compound": 0.05208333333333333,
      "worst": 0.05208333333333333
    },
    "8": {
      "clean": 1.0,
      "view": 0.9951388888888889,
      "hard_view": 0.9916666666666667,
      "scale_light": 0.9701388888888889,
      "occlusion": 0.06180555555555556,
      "compound": 0.050694444444444445,
      "worst": 0.050694444444444445
    },
    "16": {
      "clean": 1.0,
      "view": 0.9916666666666667,
      "hard_view": 0.99375,
      "scale_light": 0.9784722222222222,
      "occlusion": 0.0625,
      "compound": 0.05416666666666666,
      "worst": 0.05416666666666666
    }
  },
  "hybrid_relational": {
    "1": {
      "clean": 1.0,
      "view": 1.0,
      "hard_view": 0.9986111111111111,
      "scale_light": 0.9979166666666667,
      "occlusion": 0.10625,
      "compound": 0.08958333333333333,
      "worst": 0.08958333333333333
    },
    "2": {
      "clean": 1.0,
      "view": 1.0,
      "hard_view": 1.0,
      "scale_light": 0.9972222222222222,
      "occlusion": 0.09236111111111112,
      "compound": 0.09513888888888888,
      "worst": 0.09236111111111112
    },
    "4": {
      "clean": 1.0,
      "view": 0.9986111111111111,
      "hard_view": 1.0,
      "scale_light": 0.9993055555555556,
      "occlusion": 0.09722222222222222,
      "compound": 0.09305555555555556,
      "worst": 0.09305555555555556
    },
    "8": {
      "clean": 1.0,
      "view": 1.0,
      "hard_view": 1.0,
      "scale_light": 1.0,
      "occlusion": 0.09930555555555555,
      "compound": 0.09027777777777778,
      "worst": 0.09027777777777778
    },
    "16": {
      "clean": 1.0,
      "view": 0.9993055555555556,
      "hard_view": 1.0,
      "scale_light": 0.9986111111111111,
      "occlusion": 0.09583333333333333,
      "compound": 0.10138888888888889,
      "worst": 0.09583333333333333
    }
  }
}