READ hid=0 rd=correction ev=1 topic=3
READ hid=1 rd=resume ev=0 topic=0
READ hid=2 rd=challenge ev=1 topic=4
READ hid=3 rd=provenance ev=0 topic=0
READ hid=4 rd=joke ev=0 topic=0
READ hid=5 rd=mem ev=0 topic=0
READ hid=6 rd=forget ev=0 topic=0
READ hid=7 rd=assertion ev=0 topic=17
READ hid=8 rd=compose ev=0 topic=0
READ hid=9 rd=plain ev=0 topic=17
FACT hid=10 fid=2 inter=8 q=47 gate=0
FACT hid=11 fid=0 inter=2 q=11 gate=0
FACT hid=12 fid=-1 inter=0 q=0 gate=1
BID hid=13 act=joke fire=0 base=240 bonus=0 score=240 fact=10 grd=4
BID hid=14 act=memory fire=0 base=237 bonus=0 score=237 fact=10 grd=5
BID hid=15 act=forget fire=0 base=234 bonus=0 score=234 fact=10 grd=6
BID hid=16 act=correction fire=1 base=231 bonus=2 score=233 fact=11 grd=0
BID hid=17 act=resume fire=0 base=228 bonus=0 score=228 fact=10 grd=1
BID hid=18 act=compose fire=0 base=225 bonus=0 score=225 fact=10 grd=8
BID hid=19 act=challenge fire=1 base=222 bonus=3 score=225 fact=10 grd=2
BID hid=20 act=provenance fire=0 base=219 bonus=0 score=219 fact=10 grd=3
BID hid=21 act=assertion fire=0 base=216 bonus=3 score=219 fact=10 grd=7
BID hid=22 act=clarify fire=1 base=213 bonus=2 score=215 fact=11 grd=0
BID hid=23 act=withhold fire=0 base=210 bonus=0 score=210 fact=10 grd=-1
BID hid=24 act=default fire=0 base=207 bonus=3 score=210 fact=10 grd=9
ELIM hid=13 reason=PRE_FAIL
ELIM hid=14 reason=PRE_FAIL
ELIM hid=15 reason=PRE_FAIL
ELIM hid=17 reason=PRE_FAIL
ELIM hid=18 reason=PRE_FAIL
ELIM hid=20 reason=PRE_FAIL
ELIM hid=21 reason=PRE_FAIL
ELIM hid=23 reason=PRE_FAIL
ELIM hid=24 reason=PRE_FAIL
FORK_DELIB nread=2 readings=[0,2] top1=16@233 top2=19@225 margin=8 for_mask=3 against_mask=0 decision=1
SUBPASS branch=0 round=0
DUEL_DELIB no-conflict
AUDIT_NODENY denial deliberations 2a/2b skipped
SUBPASS branch=1 round=0
DUEL_DELIB no-conflict
AUDIT_NODENY denial deliberations 2a/2b skipped
SUBPASS branch=0 round=1
DUEL_DELIB no-conflict
AUDIT_NODENY denial deliberations 2a/2b skipped
BRANCH_SNAP branch=0 winner=16
SUBPASS branch=1 round=1
DUEL_DELIB no-conflict
AUDIT_NODENY denial deliberations 2a/2b skipped
BRANCH_SNAP branch=1 winner=16
REINT_DELIB candidates=[bid16[gr@32=0 fid@44=11 fact11{gate@48=0 inter@12=2 qual@24=11} score@24=233 agr=2 duelwin=0 evc=1],bid19[gr@32=2 fid@44=10 fact10{gate@48=0 inter@12=8 qual@24=47} score@24=225 agr=0 duelwin=0 evc=1],bid22[gr@32=0 fid@44=11 fact11{gate@48=0 inter@12=2 qual@24=11} score@24=215 agr=0 duelwin=0 evc=1]]
REINT_RULE: among the surviving bids, prefer the answer the ledger's own facts support: a bid grounded in a live gated fact outranks a fallback-string bid; among grounded bids prefer stronger fact overlap then higher fact quality; then prefer the bid more sub-deliberations left standing as their winner; then a gating reading that won a duel; then substantive trigger evidence over absence-evidence; then higher score; lowest hid breaks all ties.
  lose bid16: weaker fact support inter@12=2 vs 8 (winner fact row 10)
  lose bid22: fallback answer (grounded=0) vs winner grounded on fact row 10
REINT winner=19 nullcase=0
CLOSE winner=19 runner=16 cc=1
VERDICT id=a1b mode=nov4 winner=19 action=challenge score=225 fork=1 close=1 answer=Paris is the capital of France.
READ hid=0 rd=correction ev=1 topic=4
READ hid=1 rd=resume ev=0 topic=0
READ hid=2 rd=challenge ev=1 topic=4
READ hid=3 rd=provenance ev=0 topic=0
READ hid=4 rd=joke ev=0 topic=0
READ hid=5 rd=mem ev=0 topic=0
READ hid=6 rd=forget ev=0 topic=0
READ hid=7 rd=assertion ev=0 topic=18
READ hid=8 rd=compose ev=0 topic=0
READ hid=9 rd=plain ev=0 topic=18
FACT hid=10 fid=2 inter=8 q=44 gate=0
FACT hid=11 fid=0 inter=2 q=11 gate=0
FACT hid=12 fid=-1 inter=0 q=0 gate=1
BID hid=13 act=joke fire=0 base=240 bonus=0 score=240 fact=10 grd=4
BID hid=14 act=memory fire=0 base=237 bonus=0 score=237 fact=10 grd=5
BID hid=15 act=forget fire=0 base=234 bonus=0 score=234 fact=10 grd=6
BID hid=16 act=correction fire=1 base=231 bonus=2 score=233 fact=11 grd=0
BID hid=17 act=resume fire=0 base=228 bonus=0 score=228 fact=10 grd=1
BID hid=18 act=compose fire=0 base=225 bonus=0 score=225 fact=10 grd=8
BID hid=19 act=challenge fire=1 base=222 bonus=3 score=225 fact=10 grd=2
BID hid=20 act=provenance fire=0 base=219 bonus=0 score=219 fact=10 grd=3
BID hid=21 act=assertion fire=0 base=216 bonus=3 score=219 fact=10 grd=7
BID hid=22 act=clarify fire=1 base=213 bonus=2 score=215 fact=11 grd=0
BID hid=23 act=withhold fire=0 base=210 bonus=0 score=210 fact=10 grd=-1
BID hid=24 act=default fire=0 base=207 bonus=3 score=210 fact=10 grd=9
ELIM hid=13 reason=PRE_FAIL
ELIM hid=14 reason=PRE_FAIL
ELIM hid=15 reason=PRE_FAIL
ELIM hid=17 reason=PRE_FAIL
ELIM hid=18 reason=PRE_FAIL
ELIM hid=20 reason=PRE_FAIL
ELIM hid=21 reason=PRE_FAIL
ELIM hid=23 reason=PRE_FAIL
ELIM hid=24 reason=PRE_FAIL
FORK_DELIB nread=2 readings=[0,2] top1=16@233 top2=19@225 margin=8 for_mask=3 against_mask=0 decision=1
SUBPASS branch=0 round=0
DUEL_DELIB no-conflict
AUDIT_NODENY denial deliberations 2a/2b skipped
SUBPASS branch=1 round=0
DUEL_DELIB no-conflict
AUDIT_NODENY denial deliberations 2a/2b skipped
SUBPASS branch=0 round=1
DUEL_DELIB no-conflict
AUDIT_NODENY denial deliberations 2a/2b skipped
BRANCH_SNAP branch=0 winner=16
SUBPASS branch=1 round=1
DUEL_DELIB no-conflict
AUDIT_NODENY denial deliberations 2a/2b skipped
BRANCH_SNAP branch=1 winner=16
REINT_DELIB candidates=[bid16[gr@32=0 fid@44=11 fact11{gate@48=0 inter@12=2 qual@24=11} score@24=233 agr=2 duelwin=0 evc=1],bid19[gr@32=2 fid@44=10 fact10{gate@48=0 inter@12=8 qual@24=44} score@24=225 agr=0 duelwin=0 evc=1],bid22[gr@32=0 fid@44=11 fact11{gate@48=0 inter@12=2 qual@24=11} score@24=215 agr=0 duelwin=0 evc=1]]
REINT_RULE: among the surviving bids, prefer the answer the ledger's own facts support: a bid grounded in a live gated fact outranks a fallback-string bid; among grounded bids prefer stronger fact overlap then higher fact quality; then prefer the bid more sub-deliberations left standing as their winner; then a gating reading that won a duel; then substantive trigger evidence over absence-evidence; then higher score; lowest hid breaks all ties.
  lose bid16: weaker fact support inter@12=2 vs 8 (winner fact row 10)
  lose bid22: fallback answer (grounded=0) vs winner grounded on fact row 10
REINT winner=19 nullcase=0
CLOSE winner=19 runner=16 cc=1
VERDICT id=a1d mode=nov4 winner=19 action=challenge score=225 fork=1 close=1 answer=Paris is the capital of France.
READ hid=0 rd=correction ev=1 topic=2
READ hid=1 rd=resume ev=0 topic=0
READ hid=2 rd=challenge ev=1 topic=4
READ hid=3 rd=provenance ev=0 topic=0
READ hid=4 rd=joke ev=0 topic=0
READ hid=5 rd=mem ev=0 topic=0
READ hid=6 rd=forget ev=0 topic=0
READ hid=7 rd=assertion ev=0 topic=14
READ hid=8 rd=compose ev=0 topic=0
READ hid=9 rd=plain ev=0 topic=14
FACT hid=10 fid=2 inter=8 q=57 gate=0
FACT hid=11 fid=0 inter=2 q=14 gate=0
FACT hid=12 fid=-1 inter=0 q=0 gate=1
BID hid=13 act=joke fire=0 base=240 bonus=0 score=240 fact=10 grd=4
BID hid=14 act=memory fire=0 base=237 bonus=0 score=237 fact=10 grd=5
BID hid=15 act=forget fire=0 base=234 bonus=0 score=234 fact=10 grd=6
BID hid=16 act=correction fire=1 base=231 bonus=2 score=233 fact=11 grd=0
BID hid=17 act=resume fire=0 base=228 bonus=0 score=228 fact=10 grd=1
BID hid=18 act=compose fire=0 base=225 bonus=0 score=225 fact=10 grd=8
BID hid=19 act=challenge fire=1 base=222 bonus=3 score=225 fact=10 grd=2
BID hid=20 act=provenance fire=0 base=219 bonus=0 score=219 fact=10 grd=3
BID hid=21 act=assertion fire=0 base=216 bonus=3 score=219 fact=10 grd=7
BID hid=22 act=clarify fire=1 base=213 bonus=2 score=215 fact=11 grd=0
BID hid=23 act=withhold fire=0 base=210 bonus=0 score=210 fact=10 grd=-1
BID hid=24 act=default fire=0 base=207 bonus=3 score=210 fact=10 grd=9
ELIM hid=13 reason=PRE_FAIL
ELIM hid=14 reason=PRE_FAIL
ELIM hid=15 reason=PRE_FAIL
ELIM hid=17 reason=PRE_FAIL
ELIM hid=18 reason=PRE_FAIL
ELIM hid=20 reason=PRE_FAIL
ELIM hid=21 reason=PRE_FAIL
ELIM hid=23 reason=PRE_FAIL
ELIM hid=24 reason=PRE_FAIL
FORK_DELIB nread=2 readings=[0,2] top1=16@233 top2=19@225 margin=8 for_mask=3 against_mask=0 decision=1
SUBPASS branch=0 round=0
DUEL_DELIB no-conflict
AUDIT_NODENY denial deliberations 2a/2b skipped
SUBPASS branch=1 round=0
DUEL_DELIB no-conflict
AUDIT_NODENY denial deliberations 2a/2b skipped
SUBPASS branch=0 round=1
DUEL_DELIB no-conflict
AUDIT_NODENY denial deliberations 2a/2b skipped
BRANCH_SNAP branch=0 winner=16
SUBPASS branch=1 round=1
DUEL_DELIB no-conflict
AUDIT_NODENY denial deliberations 2a/2b skipped
BRANCH_SNAP branch=1 winner=16
REINT_DELIB candidates=[bid16[gr@32=0 fid@44=11 fact11{gate@48=0 inter@12=2 qual@24=14} score@24=233 agr=2 duelwin=0 evc=1],bid19[gr@32=2 fid@44=10 fact10{gate@48=0 inter@12=8 qual@24=57} score@24=225 agr=0 duelwin=0 evc=1],bid22[gr@32=0 fid@44=11 fact11{gate@48=0 inter@12=2 qual@24=14} score@24=215 agr=0 duelwin=0 evc=1]]
REINT_RULE: among the surviving bids, prefer the answer the ledger's own facts support: a bid grounded in a live gated fact outranks a fallback-string bid; among grounded bids prefer stronger fact overlap then higher fact quality; then prefer the bid more sub-deliberations left standing as their winner; then a gating reading that won a duel; then substantive trigger evidence over absence-evidence; then higher score; lowest hid breaks all ties.
  lose bid16: weaker fact support inter@12=2 vs 8 (winner fact row 10)
  lose bid22: fallback answer (grounded=0) vs winner grounded on fact row 10
REINT winner=19 nullcase=0
CLOSE winner=19 runner=16 cc=1
VERDICT id=a2b mode=nov4 winner=19 action=challenge score=225 fork=1 close=1 answer=Paris is the capital of France.
READ hid=0 rd=correction ev=1 topic=2
READ hid=1 rd=resume ev=0 topic=0
READ hid=2 rd=challenge ev=1 topic=4
READ hid=3 rd=provenance ev=0 topic=0
READ hid=4 rd=joke ev=0 topic=0
READ hid=5 rd=mem ev=0 topic=0
READ hid=6 rd=forget ev=0 topic=0
READ hid=7 rd=assertion ev=0 topic=14
READ hid=8 rd=compose ev=0 topic=0
READ hid=9 rd=plain ev=0 topic=14
FACT hid=10 fid=2 inter=8 q=57 gate=0
FACT hid=11 fid=0 inter=2 q=14 gate=0
FACT hid=12 fid=-1 inter=0 q=0 gate=1
BID hid=13 act=joke fire=0 base=240 bonus=0 score=240 fact=10 grd=4
BID hid=14 act=memory fire=0 base=237 bonus=0 score=237 fact=10 grd=5
BID hid=15 act=forget fire=0 base=234 bonus=0 score=234 fact=10 grd=6
BID hid=16 act=correction fire=1 base=231 bonus=2 score=233 fact=11 grd=0
BID hid=17 act=resume fire=0 base=228 bonus=0 score=228 fact=10 grd=1
BID hid=18 act=compose fire=0 base=225 bonus=0 score=225 fact=10 grd=8
BID hid=19 act=challenge fire=1 base=222 bonus=3 score=225 fact=10 grd=2
BID hid=20 act=provenance fire=0 base=219 bonus=0 score=219 fact=10 grd=3
BID hid=21 act=assertion fire=0 base=216 bonus=3 score=219 fact=10 grd=7
BID hid=22 act=clarify fire=1 base=213 bonus=2 score=215 fact=11 grd=0
BID hid=23 act=withhold fire=0 base=210 bonus=0 score=210 fact=10 grd=-1
BID hid=24 act=default fire=0 base=207 bonus=3 score=210 fact=10 grd=9
ELIM hid=13 reason=PRE_FAIL
ELIM hid=14 reason=PRE_FAIL
ELIM hid=15 reason=PRE_FAIL
ELIM hid=17 reason=PRE_FAIL
ELIM hid=18 reason=PRE_FAIL
ELIM hid=20 reason=PRE_FAIL
ELIM hid=21 reason=PRE_FAIL
ELIM hid=23 reason=PRE_FAIL
ELIM hid=24 reason=PRE_FAIL
FORK_DELIB nread=2 readings=[0,2] top1=16@233 top2=19@225 margin=8 for_mask=3 against_mask=0 decision=1
SUBPASS branch=0 round=0
DUEL_DELIB no-conflict
AUDIT_NODENY denial deliberations 2a/2b skipped
SUBPASS branch=1 round=0
DUEL_DELIB no-conflict
AUDIT_NODENY denial deliberations 2a/2b skipped
SUBPASS branch=0 round=1
DUEL_DELIB no-conflict
AUDIT_NODENY denial deliberations 2a/2b skipped
BRANCH_SNAP branch=0 winner=16
SUBPASS branch=1 round=1
DUEL_DELIB no-conflict
AUDIT_NODENY denial deliberations 2a/2b skipped
BRANCH_SNAP branch=1 winner=16
REINT_DELIB candidates=[bid16[gr@32=0 fid@44=11 fact11{gate@48=0 inter@12=2 qual@24=14} score@24=233 agr=2 duelwin=0 evc=1],bid19[gr@32=2 fid@44=10 fact10{gate@48=0 inter@12=8 qual@24=57} score@24=225 agr=0 duelwin=0 evc=1],bid22[gr@32=0 fid@44=11 fact11{gate@48=0 inter@12=2 qual@24=14} score@24=215 agr=0 duelwin=0 evc=1]]
REINT_RULE: among the surviving bids, prefer the answer the ledger's own facts support: a bid grounded in a live gated fact outranks a fallback-string bid; among grounded bids prefer stronger fact overlap then higher fact quality; then prefer the bid more sub-deliberations left standing as their winner; then a gating reading that won a duel; then substantive trigger evidence over absence-evidence; then higher score; lowest hid breaks all ties.
  lose bid16: weaker fact support inter@12=2 vs 8 (winner fact row 10)
  lose bid22: fallback answer (grounded=0) vs winner grounded on fact row 10
REINT winner=19 nullcase=0
CLOSE winner=19 runner=16 cc=1
VERDICT id=a2c mode=nov4 winner=19 action=challenge score=225 fork=1 close=1 answer=Paris is the capital of France.
READ hid=0 rd=correction ev=1 topic=2
READ hid=1 rd=resume ev=0 topic=0
READ hid=2 rd=challenge ev=1 topic=2
READ hid=3 rd=provenance ev=0 topic=0
READ hid=4 rd=joke ev=0 topic=0
READ hid=5 rd=mem ev=0 topic=0
READ hid=6 rd=forget ev=0 topic=0
READ hid=7 rd=assertion ev=0 topic=15
READ hid=8 rd=compose ev=0 topic=0
READ hid=9 rd=plain ev=0 topic=15
FACT hid=10 fid=2 inter=8 q=53 gate=0
FACT hid=11 fid=3 inter=1 q=6 gate=0
FACT hid=12 fid=-1 inter=0 q=0 gate=1
BID hid=13 act=joke fire=0 base=240 bonus=0 score=240 fact=10 grd=4
BID hid=14 act=memory fire=0 base=237 bonus=0 score=237 fact=10 grd=5
BID hid=15 act=forget fire=0 base=234 bonus=0 score=234 fact=10 grd=6
BID hid=16 act=correction fire=1 base=231 bonus=1 score=232 fact=11 grd=0
BID hid=17 act=resume fire=0 base=228 bonus=0 score=228 fact=10 grd=1
BID hid=18 act=compose fire=0 base=225 bonus=0 score=225 fact=10 grd=8
BID hid=19 act=challenge fire=1 base=222 bonus=2 score=224 fact=10 grd=2
BID hid=20 act=provenance fire=0 base=219 bonus=0 score=219 fact=10 grd=3
BID hid=21 act=assertion fire=0 base=216 bonus=3 score=219 fact=10 grd=7
BID hid=22 act=clarify fire=1 base=213 bonus=1 score=214 fact=11 grd=0
BID hid=23 act=withhold fire=0 base=210 bonus=0 score=210 fact=10 grd=-1
BID hid=24 act=default fire=0 base=207 bonus=3 score=210 fact=10 grd=9
ELIM hid=13 reason=PRE_FAIL
ELIM hid=14 reason=PRE_FAIL
ELIM hid=15 reason=PRE_FAIL
ELIM hid=17 reason=PRE_FAIL
ELIM hid=18 reason=PRE_FAIL
ELIM hid=20 reason=PRE_FAIL
ELIM hid=21 reason=PRE_FAIL
ELIM hid=23 reason=PRE_FAIL
ELIM hid=24 reason=PRE_FAIL
FORK_DELIB nread=2 readings=[0,2] top1=16@232 top2=19@224 margin=8 for_mask=3 against_mask=0 decision=1
SUBPASS branch=0 round=0
DUEL_DELIB no-conflict
AUDIT_NODENY denial deliberations 2a/2b skipped
SUBPASS branch=1 round=0
DUEL_DELIB no-conflict
AUDIT_NODENY denial deliberations 2a/2b skipped
SUBPASS branch=0 round=1
DUEL_DELIB no-conflict
AUDIT_NODENY denial deliberations 2a/2b skipped
BRANCH_SNAP branch=0 winner=16
SUBPASS branch=1 round=1
DUEL_DELIB no-conflict
AUDIT_NODENY denial deliberations 2a/2b skipped
BRANCH_SNAP branch=1 winner=16
REINT_DELIB candidates=[bid16[gr@32=0 fid@44=11 fact11{gate@48=0 inter@12=1 qual@24=6} score@24=232 agr=2 duelwin=0 evc=1],bid19[gr@32=2 fid@44=10 fact10{gate@48=0 inter@12=8 qual@24=53} score@24=224 agr=0 duelwin=0 evc=1],bid22[gr@32=0 fid@44=11 fact11{gate@48=0 inter@12=1 qual@24=6} score@24=214 agr=0 duelwin=0 evc=1]]
REINT_RULE: among the surviving bids, prefer the answer the ledger's own facts support: a bid grounded in a live gated fact outranks a fallback-string bid; among grounded bids prefer stronger fact overlap then higher fact quality; then prefer the bid more sub-deliberations left standing as their winner; then a gating reading that won a duel; then substantive trigger evidence over absence-evidence; then higher score; lowest hid breaks all ties.
  lose bid16: weaker fact support inter@12=1 vs 8 (winner fact row 10)
  lose bid22: fallback answer (grounded=0) vs winner grounded on fact row 10
REINT winner=19 nullcase=0
CLOSE winner=19 runner=16 cc=1
VERDICT id=a3 mode=nov4 winner=19 action=challenge score=224 fork=1 close=1 answer=Paris is the capital of France.
READ hid=0 rd=correction ev=1 topic=8
READ hid=1 rd=resume ev=0 topic=0
READ hid=2 rd=challenge ev=1 topic=2
READ hid=3 rd=provenance ev=0 topic=0
READ hid=4 rd=joke ev=0 topic=0
READ hid=5 rd=mem ev=0 topic=0
READ hid=6 rd=forget ev=0 topic=0
READ hid=7 rd=assertion ev=0 topic=12
READ hid=8 rd=compose ev=0 topic=0
READ hid=9 rd=plain ev=0 topic=12
FACT hid=10 fid=4 inter=4 q=33 gate=0
FACT hid=11 fid=0 inter=2 q=16 gate=0
FACT hid=12 fid=-1 inter=0 q=0 gate=1
BID hid=13 act=joke fire=0 base=240 bonus=0 score=240 fact=10 grd=4
BID hid=14 act=memory fire=0 base=237 bonus=0 score=237 fact=10 grd=5
BID hid=15 act=forget fire=0 base=234 bonus=0 score=234 fact=10 grd=6
BID hid=16 act=correction fire=1 base=231 bonus=2 score=233 fact=10 grd=0
BID hid=17 act=resume fire=0 base=228 bonus=0 score=228 fact=10 grd=1
BID hid=18 act=compose fire=0 base=225 bonus=0 score=225 fact=10 grd=8
BID hid=19 act=challenge fire=1 base=222 bonus=2 score=224 fact=10 grd=2
BID hid=20 act=provenance fire=0 base=219 bonus=0 score=219 fact=10 grd=3
BID hid=21 act=assertion fire=0 base=216 bonus=3 score=219 fact=10 grd=7
BID hid=22 act=clarify fire=1 base=213 bonus=2 score=215 fact=10 grd=0
BID hid=23 act=withhold fire=0 base=210 bonus=0 score=210 fact=10 grd=-1
BID hid=24 act=default fire=0 base=207 bonus=3 score=210 fact=10 grd=9
ELIM hid=13 reason=PRE_FAIL
ELIM hid=14 reason=PRE_FAIL
ELIM hid=15 reason=PRE_FAIL
ELIM hid=17 reason=PRE_FAIL
ELIM hid=18 reason=PRE_FAIL
ELIM hid=20 reason=PRE_FAIL
ELIM hid=21 reason=PRE_FAIL
ELIM hid=23 reason=PRE_FAIL
ELIM hid=24 reason=PRE_FAIL
FORK_DELIB nread=2 readings=[0,2] top1=16@233 top2=19@224 margin=9 for_mask=3 against_mask=0 decision=1
SUBPASS branch=0 round=0
DUEL_DELIB no-conflict
AUDIT_NODENY denial deliberations 2a/2b skipped
SUBPASS branch=1 round=0
DUEL_DELIB no-conflict
AUDIT_NODENY denial deliberations 2a/2b skipped
SUBPASS branch=0 round=1
DUEL_DELIB no-conflict
AUDIT_NODENY denial deliberations 2a/2b skipped
BRANCH_SNAP branch=0 winner=16
SUBPASS branch=1 round=1
DUEL_DELIB no-conflict
AUDIT_NODENY denial deliberations 2a/2b skipped
BRANCH_SNAP branch=1 winner=16
REINT_DELIB candidates=[bid16[gr@32=0 fid@44=10 fact10{gate@48=0 inter@12=4 qual@24=33} score@24=233 agr=2 duelwin=0 evc=1],bid19[gr@32=2 fid@44=10 fact10{gate@48=0 inter@12=4 qual@24=33} score@24=224 agr=0 duelwin=0 evc=1],bid22[gr@32=0 fid@44=10 fact10{gate@48=0 inter@12=4 qual@24=33} score@24=215 agr=0 duelwin=0 evc=1]]
REINT_RULE: among the surviving bids, prefer the answer the ledger's own facts support: a bid grounded in a live gated fact outranks a fallback-string bid; among grounded bids prefer stronger fact overlap then higher fact quality; then prefer the bid more sub-deliberations left standing as their winner; then a gating reading that won a duel; then substantive trigger evidence over absence-evidence; then higher score; lowest hid breaks all ties.
  lose bid19: less branch agreement agr=0 vs 2 (winners row0@52=16 row0@60=16)
  lose bid22: fallback answer (grounded=0) vs winner grounded on fact row 10
REINT winner=16 nullcase=0
CLOSE winner=16 runner=19 cc=0
VERDICT id=a4 mode=nov4 winner=16 action=correction score=233 fork=1 close=0 answer=Jane Austen wrote the novel Pride and Prejudice.
