READ hid=0 rd=correction ev=1 topic=5
READ hid=1 rd=resume ev=0 topic=0
READ hid=2 rd=challenge ev=1 topic=2
READ hid=3 rd=provenance ev=0 topic=0
READ hid=4 rd=joke ev=0 topic=0
READ hid=5 rd=mem ev=0 topic=0
READ hid=6 rd=forget ev=0 topic=0
READ hid=7 rd=assertion ev=0 topic=11
READ hid=8 rd=compose ev=0 topic=0
READ hid=9 rd=plain ev=0 topic=11
FACT hid=10 fid=4 inter=4 q=36 gate=0
FACT hid=11 fid=0 inter=2 q=18 gate=0
FACT hid=12 fid=-1 inter=0 q=0 gate=1
BID hid=13 act=joke fire=0 base=240 bonus=0 score=240 fact=10 grd=4
BID hid=14 act=memory fire=0 base=237 bonus=0 score=237 fact=10 grd=5
BID hid=15 act=forget fire=0 base=234 bonus=0 score=234 fact=10 grd=6
BID hid=16 act=correction fire=1 base=231 bonus=2 score=233 fact=11 grd=0
BID hid=17 act=resume fire=0 base=228 bonus=0 score=228 fact=10 grd=1
BID hid=18 act=compose fire=0 base=225 bonus=0 score=225 fact=10 grd=8
BID hid=19 act=challenge fire=1 base=222 bonus=2 score=224 fact=10 grd=2
BID hid=20 act=provenance fire=0 base=219 bonus=0 score=219 fact=10 grd=3
BID hid=21 act=assertion fire=0 base=216 bonus=3 score=219 fact=10 grd=7
BID hid=22 act=clarify fire=1 base=213 bonus=2 score=215 fact=11 grd=0
BID hid=23 act=withhold fire=0 base=210 bonus=0 score=210 fact=10 grd=-1
BID hid=24 act=default fire=0 base=207 bonus=3 score=210 fact=10 grd=9
ELIM hid=13 reason=PRE_FAIL
ELIM hid=14 reason=PRE_FAIL
ELIM hid=15 reason=PRE_FAIL
ELIM hid=17 reason=PRE_FAIL
ELIM hid=18 reason=PRE_FAIL
ELIM hid=20 reason=PRE_FAIL
ELIM hid=21 reason=PRE_FAIL
ELIM hid=23 reason=PRE_FAIL
ELIM hid=24 reason=PRE_FAIL
FORK_DELIB nread=2 readings=[0,2] top1=16@233 top2=19@224 margin=9 for_mask=3 against_mask=0 decision=1
SUBPASS branch=0 round=0
DUEL_DELIB no-conflict
AUDIT_NODENY denial deliberations 2a/2b skipped
SUBPASS branch=1 round=0
DUEL_DELIB no-conflict
AUDIT_NODENY denial deliberations 2a/2b skipped
SUBPASS branch=0 round=1
DUEL_DELIB no-conflict
AUDIT_NODENY denial deliberations 2a/2b skipped
BRANCH_SNAP branch=0 winner=16
SUBPASS branch=1 round=1
DUEL_DELIB no-conflict
AUDIT_NODENY denial deliberations 2a/2b skipped
BRANCH_SNAP branch=1 winner=16
REINT_DELIB winner=16 NEUTERED(null=lowest-hid)
CLOSE winner=16 runner=19 cc=0
VERDICT id=E01 mode=nov4nG winner=16 action=correction score=233 fork=1 close=0 answer=Herman Melville wrote the novel Moby Dick.
READ hid=0 rd=correction ev=1 topic=5
READ hid=1 rd=resume ev=0 topic=0
READ hid=2 rd=challenge ev=1 topic=3
READ hid=3 rd=provenance ev=0 topic=0
READ hid=4 rd=joke ev=0 topic=0
READ hid=5 rd=mem ev=0 topic=0
READ hid=6 rd=forget ev=0 topic=0
READ hid=7 rd=assertion ev=0 topic=11
READ hid=8 rd=compose ev=0 topic=0
READ hid=9 rd=plain ev=0 topic=11
FACT hid=10 fid=1 inter=4 q=36 gate=0
FACT hid=11 fid=0 inter=2 q=18 gate=0
FACT hid=12 fid=-1 inter=0 q=0 gate=1
BID hid=13 act=joke fire=0 base=240 bonus=0 score=240 fact=10 grd=4
BID hid=14 act=memory fire=0 base=237 bonus=0 score=237 fact=10 grd=5
BID hid=15 act=forget fire=0 base=234 bonus=0 score=234 fact=10 grd=6
BID hid=16 act=correction fire=1 base=231 bonus=2 score=233 fact=11 grd=0
BID hid=17 act=resume fire=0 base=228 bonus=0 score=228 fact=10 grd=1
BID hid=18 act=compose fire=0 base=225 bonus=0 score=225 fact=10 grd=8
BID hid=19 act=challenge fire=1 base=222 bonus=2 score=224 fact=10 grd=2
BID hid=20 act=provenance fire=0 base=219 bonus=0 score=219 fact=10 grd=3
BID hid=21 act=assertion fire=0 base=216 bonus=3 score=219 fact=10 grd=7
BID hid=22 act=clarify fire=1 base=213 bonus=2 score=215 fact=11 grd=0
BID hid=23 act=withhold fire=0 base=210 bonus=0 score=210 fact=10 grd=-1
BID hid=24 act=default fire=0 base=207 bonus=3 score=210 fact=10 grd=9
ELIM hid=13 reason=PRE_FAIL
ELIM hid=14 reason=PRE_FAIL
ELIM hid=15 reason=PRE_FAIL
ELIM hid=17 reason=PRE_FAIL
ELIM hid=18 reason=PRE_FAIL
ELIM hid=20 reason=PRE_FAIL
ELIM hid=21 reason=PRE_FAIL
ELIM hid=23 reason=PRE_FAIL
ELIM hid=24 reason=PRE_FAIL
FORK_DELIB nread=2 readings=[0,2] top1=16@233 top2=19@224 margin=9 for_mask=3 against_mask=0 decision=1
SUBPASS branch=0 round=0
DUEL_DELIB no-conflict
AUDIT_NODENY denial deliberations 2a/2b skipped
SUBPASS branch=1 round=0
DUEL_DELIB no-conflict
AUDIT_NODENY denial deliberations 2a/2b skipped
SUBPASS branch=0 round=1
DUEL_DELIB no-conflict
AUDIT_NODENY denial deliberations 2a/2b skipped
BRANCH_SNAP branch=0 winner=16
SUBPASS branch=1 round=1
DUEL_DELIB no-conflict
AUDIT_NODENY denial deliberations 2a/2b skipped
BRANCH_SNAP branch=1 winner=16
REINT_DELIB winner=16 NEUTERED(null=lowest-hid)
CLOSE winner=16 runner=19 cc=0
VERDICT id=E02 mode=nov4nG winner=16 action=correction score=233 fork=1 close=0 answer=Herman Melville wrote the novel Moby Dick.
READ hid=0 rd=correction ev=1 topic=5
READ hid=1 rd=resume ev=0 topic=0
READ hid=2 rd=challenge ev=1 topic=3
READ hid=3 rd=provenance ev=0 topic=0
READ hid=4 rd=joke ev=0 topic=0
READ hid=5 rd=mem ev=0 topic=0
READ hid=6 rd=forget ev=0 topic=0
READ hid=7 rd=assertion ev=0 topic=11
READ hid=8 rd=compose ev=0 topic=0
READ hid=9 rd=plain ev=0 topic=11
FACT hid=10 fid=0 inter=4 q=36 gate=0
FACT hid=11 fid=1 inter=2 q=18 gate=0
FACT hid=12 fid=-1 inter=0 q=0 gate=1
BID hid=13 act=joke fire=0 base=240 bonus=0 score=240 fact=10 grd=4
BID hid=14 act=memory fire=0 base=237 bonus=0 score=237 fact=10 grd=5
BID hid=15 act=forget fire=0 base=234 bonus=0 score=234 fact=10 grd=6
BID hid=16 act=correction fire=1 base=231 bonus=2 score=233 fact=11 grd=0
BID hid=17 act=resume fire=0 base=228 bonus=0 score=228 fact=10 grd=1
BID hid=18 act=compose fire=0 base=225 bonus=0 score=225 fact=10 grd=8
BID hid=19 act=challenge fire=1 base=222 bonus=2 score=224 fact=10 grd=2
BID hid=20 act=provenance fire=0 base=219 bonus=0 score=219 fact=10 grd=3
BID hid=21 act=assertion fire=0 base=216 bonus=3 score=219 fact=10 grd=7
BID hid=22 act=clarify fire=1 base=213 bonus=2 score=215 fact=11 grd=0
BID hid=23 act=withhold fire=0 base=210 bonus=0 score=210 fact=10 grd=-1
BID hid=24 act=default fire=0 base=207 bonus=3 score=210 fact=10 grd=9
ELIM hid=13 reason=PRE_FAIL
ELIM hid=14 reason=PRE_FAIL
ELIM hid=15 reason=PRE_FAIL
ELIM hid=17 reason=PRE_FAIL
ELIM hid=18 reason=PRE_FAIL
ELIM hid=20 reason=PRE_FAIL
ELIM hid=21 reason=PRE_FAIL
ELIM hid=23 reason=PRE_FAIL
ELIM hid=24 reason=PRE_FAIL
FORK_DELIB nread=2 readings=[0,2] top1=16@233 top2=19@224 margin=9 for_mask=3 against_mask=0 decision=1
SUBPASS branch=0 round=0
DUEL_DELIB no-conflict
AUDIT_NODENY denial deliberations 2a/2b skipped
SUBPASS branch=1 round=0
DUEL_DELIB no-conflict
AUDIT_NODENY denial deliberations 2a/2b skipped
SUBPASS branch=0 round=1
DUEL_DELIB no-conflict
AUDIT_NODENY denial deliberations 2a/2b skipped
BRANCH_SNAP branch=0 winner=16
SUBPASS branch=1 round=1
DUEL_DELIB no-conflict
AUDIT_NODENY denial deliberations 2a/2b skipped
BRANCH_SNAP branch=1 winner=16
REINT_DELIB winner=16 NEUTERED(null=lowest-hid)
CLOSE winner=16 runner=19 cc=0
VERDICT id=E03 mode=nov4nG winner=16 action=correction score=233 fork=1 close=0 answer=Herman Melville was born in 1819.
READ hid=0 rd=correction ev=1 topic=4
READ hid=1 rd=resume ev=0 topic=0
READ hid=2 rd=challenge ev=1 topic=2
READ hid=3 rd=provenance ev=0 topic=0
READ hid=4 rd=joke ev=0 topic=0
READ hid=5 rd=mem ev=0 topic=0
READ hid=6 rd=forget ev=0 topic=0
READ hid=7 rd=assertion ev=0 topic=11
READ hid=8 rd=compose ev=0 topic=0
READ hid=9 rd=plain ev=0 topic=11
FACT hid=10 fid=2 inter=4 q=36 gate=0
FACT hid=11 fid=4 inter=2 q=18 gate=0
FACT hid=12 fid=-1 inter=0 q=0 gate=1
BID hid=13 act=joke fire=0 base=240 bonus=0 score=240 fact=10 grd=4
BID hid=14 act=memory fire=0 base=237 bonus=0 score=237 fact=10 grd=5
BID hid=15 act=forget fire=0 base=234 bonus=0 score=234 fact=10 grd=6
BID hid=16 act=correction fire=1 base=231 bonus=2 score=233 fact=11 grd=0
BID hid=17 act=resume fire=0 base=228 bonus=0 score=228 fact=10 grd=1
BID hid=18 act=compose fire=0 base=225 bonus=0 score=225 fact=10 grd=8
BID hid=19 act=challenge fire=1 base=222 bonus=2 score=224 fact=10 grd=2
BID hid=20 act=provenance fire=0 base=219 bonus=0 score=219 fact=10 grd=3
BID hid=21 act=assertion fire=0 base=216 bonus=3 score=219 fact=10 grd=7
BID hid=22 act=clarify fire=1 base=213 bonus=2 score=215 fact=11 grd=0
BID hid=23 act=withhold fire=0 base=210 bonus=0 score=210 fact=10 grd=-1
BID hid=24 act=default fire=0 base=207 bonus=3 score=210 fact=10 grd=9
ELIM hid=13 reason=PRE_FAIL
ELIM hid=14 reason=PRE_FAIL
ELIM hid=15 reason=PRE_FAIL
ELIM hid=17 reason=PRE_FAIL
ELIM hid=18 reason=PRE_FAIL
ELIM hid=20 reason=PRE_FAIL
ELIM hid=21 reason=PRE_FAIL
ELIM hid=23 reason=PRE_FAIL
ELIM hid=24 reason=PRE_FAIL
FORK_DELIB nread=2 readings=[0,2] top1=16@233 top2=19@224 margin=9 for_mask=3 against_mask=0 decision=1
SUBPASS branch=0 round=0
DUEL_DELIB no-conflict
AUDIT_NODENY denial deliberations 2a/2b skipped
SUBPASS branch=1 round=0
DUEL_DELIB no-conflict
AUDIT_NODENY denial deliberations 2a/2b skipped
SUBPASS branch=0 round=1
DUEL_DELIB no-conflict
AUDIT_NODENY denial deliberations 2a/2b skipped
BRANCH_SNAP branch=0 winner=16
SUBPASS branch=1 round=1
DUEL_DELIB no-conflict
AUDIT_NODENY denial deliberations 2a/2b skipped
BRANCH_SNAP branch=1 winner=16
REINT_DELIB winner=16 NEUTERED(null=lowest-hid)
CLOSE winner=16 runner=19 cc=0
VERDICT id=E04 mode=nov4nG winner=16 action=correction score=233 fork=1 close=0 answer=Jane Austen wrote the novel Pride and Prejudice.
READ hid=0 rd=correction ev=0 topic=0
READ hid=1 rd=resume ev=0 topic=0
READ hid=2 rd=challenge ev=1 topic=2
READ hid=3 rd=provenance ev=0 topic=0
READ hid=4 rd=joke ev=0 topic=0
READ hid=5 rd=mem ev=0 topic=0
READ hid=6 rd=forget ev=1 topic=4
READ hid=7 rd=assertion ev=0 topic=7
READ hid=8 rd=compose ev=0 topic=0
READ hid=9 rd=plain ev=0 topic=7
FACT hid=10 fid=1 inter=2 q=28 gate=0
FACT hid=11 fid=4 inter=2 q=28 gate=0
FACT hid=12 fid=-1 inter=0 q=0 gate=1
BID hid=13 act=joke fire=0 base=240 bonus=0 score=240 fact=10 grd=4
BID hid=14 act=memory fire=0 base=237 bonus=0 score=237 fact=10 grd=5
BID hid=15 act=forget fire=1 base=234 bonus=2 score=236 fact=10 grd=6
BID hid=16 act=correction fire=0 base=231 bonus=0 score=231 fact=10 grd=0
BID hid=17 act=resume fire=0 base=228 bonus=0 score=228 fact=10 grd=1
BID hid=18 act=compose fire=0 base=225 bonus=0 score=225 fact=10 grd=8
BID hid=19 act=challenge fire=1 base=222 bonus=2 score=224 fact=11 grd=2
BID hid=20 act=provenance fire=0 base=219 bonus=0 score=219 fact=10 grd=3
BID hid=21 act=assertion fire=0 base=216 bonus=2 score=218 fact=10 grd=7
BID hid=22 act=clarify fire=1 base=213 bonus=2 score=215 fact=11 grd=2
BID hid=23 act=withhold fire=0 base=210 bonus=0 score=210 fact=10 grd=-1
BID hid=24 act=default fire=0 base=207 bonus=2 score=209 fact=10 grd=9
ELIM hid=13 reason=PRE_FAIL
ELIM hid=14 reason=PRE_FAIL
ELIM hid=16 reason=PRE_FAIL
ELIM hid=17 reason=PRE_FAIL
ELIM hid=18 reason=PRE_FAIL
ELIM hid=20 reason=PRE_FAIL
ELIM hid=21 reason=PRE_FAIL
ELIM hid=23 reason=PRE_FAIL
ELIM hid=24 reason=PRE_FAIL
FORK_DELIB nread=2 readings=[2,6] top1=15@236 top2=19@224 margin=12 for_mask=3 against_mask=0 decision=1
SUBPASS branch=0 round=0
DUEL_DELIB no-conflict
AUDIT_NODENY denial deliberations 2a/2b skipped
SUBPASS branch=1 round=0
DUEL_DELIB no-conflict
AUDIT_NODENY denial deliberations 2a/2b skipped
SUBPASS branch=0 round=1
DUEL_DELIB no-conflict
AUDIT_NODENY denial deliberations 2a/2b skipped
BRANCH_SNAP branch=0 winner=15
SUBPASS branch=1 round=1
DUEL_DELIB no-conflict
AUDIT_NODENY denial deliberations 2a/2b skipped
BRANCH_SNAP branch=1 winner=15
REINT_DELIB winner=15 NEUTERED(null=lowest-hid)
CLOSE winner=15 runner=19 cc=0
VERDICT id=E05 mode=nov4nG winner=15 action=forget score=236 fork=1 close=0 answer=Herman Melville was born in 1819.
READ hid=0 rd=correction ev=0 topic=0
READ hid=1 rd=resume ev=0 topic=0
READ hid=2 rd=challenge ev=1 topic=3
READ hid=3 rd=provenance ev=0 topic=0
READ hid=4 rd=joke ev=0 topic=0
READ hid=5 rd=mem ev=0 topic=0
READ hid=6 rd=forget ev=1 topic=2
READ hid=7 rd=assertion ev=0 topic=7
READ hid=8 rd=compose ev=0 topic=0
READ hid=9 rd=plain ev=0 topic=7
FACT hid=10 fid=0 inter=2 q=28 gate=0
FACT hid=11 fid=2 inter=2 q=28 gate=0
FACT hid=12 fid=-1 inter=0 q=0 gate=1
BID hid=13 act=joke fire=0 base=240 bonus=0 score=240 fact=10 grd=4
BID hid=14 act=memory fire=0 base=237 bonus=0 score=237 fact=10 grd=5
BID hid=15 act=forget fire=1 base=234 bonus=2 score=236 fact=11 grd=6
BID hid=16 act=correction fire=0 base=231 bonus=0 score=231 fact=10 grd=0
BID hid=17 act=resume fire=0 base=228 bonus=0 score=228 fact=10 grd=1
BID hid=18 act=compose fire=0 base=225 bonus=0 score=225 fact=10 grd=8
BID hid=19 act=challenge fire=1 base=222 bonus=2 score=224 fact=10 grd=2
BID hid=20 act=provenance fire=0 base=219 bonus=0 score=219 fact=10 grd=3
BID hid=21 act=assertion fire=0 base=216 bonus=2 score=218 fact=10 grd=7
BID hid=22 act=clarify fire=1 base=213 bonus=2 score=215 fact=10 grd=2
BID hid=23 act=withhold fire=0 base=210 bonus=0 score=210 fact=10 grd=-1
BID hid=24 act=default fire=0 base=207 bonus=2 score=209 fact=10 grd=9
ELIM hid=13 reason=PRE_FAIL
ELIM hid=14 reason=PRE_FAIL
ELIM hid=16 reason=PRE_FAIL
ELIM hid=17 reason=PRE_FAIL
ELIM hid=18 reason=PRE_FAIL
ELIM hid=20 reason=PRE_FAIL
ELIM hid=21 reason=PRE_FAIL
ELIM hid=23 reason=PRE_FAIL
ELIM hid=24 reason=PRE_FAIL
FORK_DELIB nread=2 readings=[2,6] top1=15@236 top2=19@224 margin=12 for_mask=3 against_mask=0 decision=1
SUBPASS branch=0 round=0
DUEL_DELIB no-conflict
AUDIT_NODENY denial deliberations 2a/2b skipped
SUBPASS branch=1 round=0
DUEL_DELIB no-conflict
AUDIT_NODENY denial deliberations 2a/2b skipped
SUBPASS branch=0 round=1
DUEL_DELIB no-conflict
AUDIT_NODENY denial deliberations 2a/2b skipped
BRANCH_SNAP branch=0 winner=15
SUBPASS branch=1 round=1
DUEL_DELIB no-conflict
AUDIT_NODENY denial deliberations 2a/2b skipped
BRANCH_SNAP branch=1 winner=15
REINT_DELIB winner=15 NEUTERED(null=lowest-hid)
CLOSE winner=15 runner=19 cc=0
VERDICT id=E06 mode=nov4nG winner=15 action=forget score=236 fork=1 close=0 answer=Paris is the capital of France.
READ hid=0 rd=correction ev=0 topic=0
READ hid=1 rd=resume ev=0 topic=0
READ hid=2 rd=challenge ev=1 topic=2
READ hid=3 rd=provenance ev=0 topic=0
READ hid=4 rd=joke ev=0 topic=0
READ hid=5 rd=mem ev=0 topic=0
READ hid=6 rd=forget ev=1 topic=3
READ hid=7 rd=assertion ev=0 topic=7
READ hid=8 rd=compose ev=0 topic=0
READ hid=9 rd=plain ev=0 topic=7
FACT hid=10 fid=0 inter=2 q=28 gate=0
FACT hid=11 fid=5 inter=2 q=28 gate=0
FACT hid=12 fid=11 inter=1 q=14 gate=0
BID hid=13 act=joke fire=0 base=240 bonus=0 score=240 fact=10 grd=4
BID hid=14 act=memory fire=0 base=237 bonus=0 score=237 fact=10 grd=5
BID hid=15 act=forget fire=1 base=234 bonus=2 score=236 fact=10 grd=6
BID hid=16 act=correction fire=0 base=231 bonus=0 score=231 fact=10 grd=0
BID hid=17 act=resume fire=0 base=228 bonus=0 score=228 fact=10 grd=1
BID hid=18 act=compose fire=0 base=225 bonus=0 score=225 fact=10 grd=8
BID hid=19 act=challenge fire=1 base=222 bonus=2 score=224 fact=11 grd=2
BID hid=20 act=provenance fire=0 base=219 bonus=0 score=219 fact=10 grd=3
BID hid=21 act=assertion fire=0 base=216 bonus=2 score=218 fact=10 grd=7
BID hid=22 act=clarify fire=1 base=213 bonus=2 score=215 fact=11 grd=2
BID hid=23 act=withhold fire=0 base=210 bonus=0 score=210 fact=10 grd=-1
BID hid=24 act=default fire=0 base=207 bonus=2 score=209 fact=10 grd=9
ELIM hid=13 reason=PRE_FAIL
ELIM hid=14 reason=PRE_FAIL
ELIM hid=16 reason=PRE_FAIL
ELIM hid=17 reason=PRE_FAIL
ELIM hid=18 reason=PRE_FAIL
ELIM hid=20 reason=PRE_FAIL
ELIM hid=21 reason=PRE_FAIL
ELIM hid=23 reason=PRE_FAIL
ELIM hid=24 reason=PRE_FAIL
FORK_DELIB nread=2 readings=[2,6] top1=15@236 top2=19@224 margin=12 for_mask=3 against_mask=0 decision=1
SUBPASS branch=0 round=0
DUEL_DELIB no-conflict
AUDIT_NODENY denial deliberations 2a/2b skipped
SUBPASS branch=1 round=0
DUEL_DELIB no-conflict
AUDIT_NODENY denial deliberations 2a/2b skipped
SUBPASS branch=0 round=1
DUEL_DELIB no-conflict
AUDIT_NODENY denial deliberations 2a/2b skipped
BRANCH_SNAP branch=0 winner=15
SUBPASS branch=1 round=1
DUEL_DELIB no-conflict
AUDIT_NODENY denial deliberations 2a/2b skipped
BRANCH_SNAP branch=1 winner=15
REINT_DELIB winner=15 NEUTERED(null=lowest-hid)
CLOSE winner=15 runner=19 cc=0
VERDICT id=E07 mode=nov4nG winner=15 action=forget score=236 fork=1 close=0 answer=Herman Melville wrote the novel Moby Dick.
READ hid=0 rd=correction ev=0 topic=0
READ hid=1 rd=resume ev=0 topic=0
READ hid=2 rd=challenge ev=1 topic=2
READ hid=3 rd=provenance ev=0 topic=0
READ hid=4 rd=joke ev=0 topic=0
READ hid=5 rd=mem ev=0 topic=0
READ hid=6 rd=forget ev=1 topic=3
READ hid=7 rd=assertion ev=0 topic=7
READ hid=8 rd=compose ev=0 topic=0
READ hid=9 rd=plain ev=0 topic=7
FACT hid=10 fid=2 inter=2 q=28 gate=0
FACT hid=11 fid=4 inter=2 q=28 gate=0
FACT hid=12 fid=-1 inter=0 q=0 gate=1
BID hid=13 act=joke fire=0 base=240 bonus=0 score=240 fact=10 grd=4
BID hid=14 act=memory fire=0 base=237 bonus=0 score=237 fact=10 grd=5
BID hid=15 act=forget fire=1 base=234 bonus=2 score=236 fact=11 grd=6
BID hid=16 act=correction fire=0 base=231 bonus=0 score=231 fact=10 grd=0
BID hid=17 act=resume fire=0 base=228 bonus=0 score=228 fact=10 grd=1
BID hid=18 act=compose fire=0 base=225 bonus=0 score=225 fact=10 grd=8
BID hid=19 act=challenge fire=1 base=222 bonus=2 score=224 fact=10 grd=2
BID hid=20 act=provenance fire=0 base=219 bonus=0 score=219 fact=10 grd=3
BID hid=21 act=assertion fire=0 base=216 bonus=2 score=218 fact=10 grd=7
BID hid=22 act=clarify fire=1 base=213 bonus=2 score=215 fact=10 grd=2
BID hid=23 act=withhold fire=0 base=210 bonus=0 score=210 fact=10 grd=-1
BID hid=24 act=default fire=0 base=207 bonus=2 score=209 fact=10 grd=9
ELIM hid=13 reason=PRE_FAIL
ELIM hid=14 reason=PRE_FAIL
ELIM hid=16 reason=PRE_FAIL
ELIM hid=17 reason=PRE_FAIL
ELIM hid=18 reason=PRE_FAIL
ELIM hid=20 reason=PRE_FAIL
ELIM hid=21 reason=PRE_FAIL
ELIM hid=23 reason=PRE_FAIL
ELIM hid=24 reason=PRE_FAIL
FORK_DELIB nread=2 readings=[2,6] top1=15@236 top2=19@224 margin=12 for_mask=3 against_mask=0 decision=1
SUBPASS branch=0 round=0
DUEL_DELIB no-conflict
AUDIT_NODENY denial deliberations 2a/2b skipped
SUBPASS branch=1 round=0
DUEL_DELIB no-conflict
AUDIT_NODENY denial deliberations 2a/2b skipped
SUBPASS branch=0 round=1
DUEL_DELIB no-conflict
AUDIT_NODENY denial deliberations 2a/2b skipped
BRANCH_SNAP branch=0 winner=15
SUBPASS branch=1 round=1
DUEL_DELIB no-conflict
AUDIT_NODENY denial deliberations 2a/2b skipped
BRANCH_SNAP branch=1 winner=15
REINT_DELIB winner=15 NEUTERED(null=lowest-hid)
CLOSE winner=15 runner=19 cc=0
VERDICT id=E08 mode=nov4nG winner=15 action=forget score=236 fork=1 close=0 answer=Jane Austen wrote the novel Pride and Prejudice.
READ hid=0 rd=correction ev=0 topic=0
READ hid=1 rd=resume ev=0 topic=0
READ hid=2 rd=challenge ev=1 topic=2
READ hid=3 rd=provenance ev=0 topic=0
READ hid=4 rd=joke ev=0 topic=0
READ hid=5 rd=mem ev=0 topic=0
READ hid=6 rd=forget ev=1 topic=3
READ hid=7 rd=assertion ev=0 topic=11
READ hid=8 rd=compose ev=0 topic=0
READ hid=9 rd=plain ev=0 topic=11
FACT hid=10 fid=0 inter=2 q=18 gate=0
FACT hid=11 fid=4 inter=2 q=18 gate=0
FACT hid=12 fid=-1 inter=0 q=0 gate=1
BID hid=13 act=joke fire=0 base=240 bonus=0 score=240 fact=10 grd=4
BID hid=14 act=memory fire=0 base=237 bonus=0 score=237 fact=10 grd=5
BID hid=15 act=forget fire=1 base=234 bonus=0 score=234 fact=10 grd=6
BID hid=16 act=correction fire=0 base=231 bonus=0 score=231 fact=10 grd=0
BID hid=17 act=resume fire=0 base=228 bonus=0 score=228 fact=10 grd=1
BID hid=18 act=compose fire=0 base=225 bonus=0 score=225 fact=10 grd=8
BID hid=19 act=challenge fire=1 base=222 bonus=2 score=224 fact=11 grd=2
BID hid=20 act=provenance fire=0 base=219 bonus=0 score=219 fact=10 grd=3
BID hid=21 act=assertion fire=0 base=216 bonus=2 score=218 fact=10 grd=7
BID hid=22 act=clarify fire=1 base=213 bonus=2 score=215 fact=11 grd=2
BID hid=23 act=withhold fire=0 base=210 bonus=0 score=210 fact=10 grd=-1
BID hid=24 act=default fire=0 base=207 bonus=2 score=209 fact=10 grd=9
ELIM hid=13 reason=PRE_FAIL
ELIM hid=14 reason=PRE_FAIL
ELIM hid=16 reason=PRE_FAIL
ELIM hid=17 reason=PRE_FAIL
ELIM hid=18 reason=PRE_FAIL
ELIM hid=20 reason=PRE_FAIL
ELIM hid=21 reason=PRE_FAIL
ELIM hid=23 reason=PRE_FAIL
ELIM hid=24 reason=PRE_FAIL
FORK_DELIB nread=2 readings=[2,6] top1=15@234 top2=19@224 margin=10 for_mask=3 against_mask=0 decision=1
SUBPASS branch=0 round=0
DUEL_DELIB kill=6(forget) by=2(challenge) evclass=1 trighits=1 topicc=3 corr=0 cons_bids=1
AUDIT_NODENY denial deliberations 2a/2b skipped
AUDIT_CLEAN bid=15 dep=6
SUBPASS branch=1 round=0
DUEL_DELIB no-conflict
AUDIT_NODENY denial deliberations 2a/2b skipped
SUBPASS branch=0 round=1
DUEL_DELIB no-conflict
AUDIT_NODENY denial deliberations 2a/2b skipped
BRANCH_SNAP branch=0 winner=19
SUBPASS branch=1 round=1
DUEL_DELIB no-conflict
AUDIT_NODENY denial deliberations 2a/2b skipped
BRANCH_SNAP branch=1 winner=19
REINT_DELIB winner=19 NEUTERED(null=lowest-hid)
CLOSE winner=19 runner=15 cc=1
VERDICT id=E09 mode=nov4nG winner=19 action=challenge score=224 fork=1 close=1 answer=Jane Austen wrote the novel Pride and Prejudice.
READ hid=0 rd=correction ev=0 topic=0
READ hid=1 rd=resume ev=0 topic=0
READ hid=2 rd=challenge ev=1 topic=3
READ hid=3 rd=provenance ev=0 topic=0
READ hid=4 rd=joke ev=0 topic=0
READ hid=5 rd=mem ev=0 topic=0
READ hid=6 rd=forget ev=1 topic=3
READ hid=7 rd=assertion ev=0 topic=10
READ hid=8 rd=compose ev=0 topic=0
READ hid=9 rd=plain ev=0 topic=10
FACT hid=10 fid=0 inter=2 q=20 gate=0
FACT hid=11 fid=2 inter=2 q=20 gate=0
FACT hid=12 fid=-1 inter=0 q=0 gate=1
BID hid=13 act=joke fire=0 base=240 bonus=0 score=240 fact=10 grd=4
BID hid=14 act=memory fire=0 base=237 bonus=0 score=237 fact=10 grd=5
BID hid=15 act=forget fire=1 base=234 bonus=0 score=234 fact=10 grd=6
BID hid=16 act=correction fire=0 base=231 bonus=0 score=231 fact=10 grd=0
BID hid=17 act=resume fire=0 base=228 bonus=0 score=228 fact=10 grd=1
BID hid=18 act=compose fire=0 base=225 bonus=0 score=225 fact=10 grd=8
BID hid=19 act=challenge fire=1 base=222 bonus=2 score=224 fact=10 grd=2
BID hid=20 act=provenance fire=0 base=219 bonus=0 score=219 fact=10 grd=3
BID hid=21 act=assertion fire=0 base=216 bonus=2 score=218 fact=10 grd=7
BID hid=22 act=clarify fire=1 base=213 bonus=2 score=215 fact=10 grd=2
BID hid=23 act=withhold fire=0 base=210 bonus=0 score=210 fact=10 grd=-1
BID hid=24 act=default fire=0 base=207 bonus=2 score=209 fact=10 grd=9
ELIM hid=13 reason=PRE_FAIL
ELIM hid=14 reason=PRE_FAIL
ELIM hid=16 reason=PRE_FAIL
ELIM hid=17 reason=PRE_FAIL
ELIM hid=18 reason=PRE_FAIL
ELIM hid=20 reason=PRE_FAIL
ELIM hid=21 reason=PRE_FAIL
ELIM hid=23 reason=PRE_FAIL
ELIM hid=24 reason=PRE_FAIL
FORK_DELIB nread=2 readings=[2,6] top1=15@234 top2=19@224 margin=10 for_mask=3 against_mask=0 decision=1
SUBPASS branch=0 round=0
DUEL_DELIB kill=6(forget) by=2(challenge) evclass=1 trighits=1 topicc=3 corr=0 cons_bids=1
AUDIT_NODENY denial deliberations 2a/2b skipped
AUDIT_CLEAN bid=15 dep=6
SUBPASS branch=1 round=0
DUEL_DELIB no-conflict
AUDIT_NODENY denial deliberations 2a/2b skipped
SUBPASS branch=0 round=1
DUEL_DELIB no-conflict
AUDIT_NODENY denial deliberations 2a/2b skipped
BRANCH_SNAP branch=0 winner=19
SUBPASS branch=1 round=1
DUEL_DELIB no-conflict
AUDIT_NODENY denial deliberations 2a/2b skipped
BRANCH_SNAP branch=1 winner=19
REINT_DELIB winner=19 NEUTERED(null=lowest-hid)
CLOSE winner=19 runner=15 cc=1
VERDICT id=E10 mode=nov4nG winner=19 action=challenge score=224 fork=1 close=1 answer=Herman Melville wrote the novel Moby Dick.
READ hid=0 rd=correction ev=0 topic=0
READ hid=1 rd=resume ev=0 topic=0
READ hid=2 rd=challenge ev=1 topic=3
READ hid=3 rd=provenance ev=0 topic=0
READ hid=4 rd=joke ev=0 topic=0
READ hid=5 rd=mem ev=0 topic=0
READ hid=6 rd=forget ev=1 topic=3
READ hid=7 rd=assertion ev=0 topic=10
READ hid=8 rd=compose ev=0 topic=0
READ hid=9 rd=plain ev=0 topic=10
FACT hid=10 fid=0 inter=2 q=20 gate=0
FACT hid=11 fid=1 inter=2 q=20 gate=0
FACT hid=12 fid=-1 inter=0 q=0 gate=1
BID hid=13 act=joke fire=0 base=240 bonus=0 score=240 fact=10 grd=4
BID hid=14 act=memory fire=0 base=237 bonus=0 score=237 fact=10 grd=5
BID hid=15 act=forget fire=1 base=234 bonus=0 score=234 fact=10 grd=6
BID hid=16 act=correction fire=0 base=231 bonus=0 score=231 fact=10 grd=0
BID hid=17 act=resume fire=0 base=228 bonus=0 score=228 fact=10 grd=1
BID hid=18 act=compose fire=0 base=225 bonus=0 score=225 fact=10 grd=8
BID hid=19 act=challenge fire=1 base=222 bonus=2 score=224 fact=10 grd=2
BID hid=20 act=provenance fire=0 base=219 bonus=0 score=219 fact=10 grd=3
BID hid=21 act=assertion fire=0 base=216 bonus=2 score=218 fact=10 grd=7
BID hid=22 act=clarify fire=1 base=213 bonus=2 score=215 fact=10 grd=2
BID hid=23 act=withhold fire=0 base=210 bonus=0 score=210 fact=10 grd=-1
BID hid=24 act=default fire=0 base=207 bonus=2 score=209 fact=10 grd=9
ELIM hid=13 reason=PRE_FAIL
ELIM hid=14 reason=PRE_FAIL
ELIM hid=16 reason=PRE_FAIL
ELIM hid=17 reason=PRE_FAIL
ELIM hid=18 reason=PRE_FAIL
ELIM hid=20 reason=PRE_FAIL
ELIM hid=21 reason=PRE_FAIL
ELIM hid=23 reason=PRE_FAIL
ELIM hid=24 reason=PRE_FAIL
FORK_DELIB nread=2 readings=[2,6] top1=15@234 top2=19@224 margin=10 for_mask=3 against_mask=0 decision=1
SUBPASS branch=0 round=0
DUEL_DELIB kill=6(forget) by=2(challenge) evclass=1 trighits=1 topicc=3 corr=0 cons_bids=1
AUDIT_NODENY denial deliberations 2a/2b skipped
AUDIT_CLEAN bid=15 dep=6
SUBPASS branch=1 round=0
DUEL_DELIB no-conflict
AUDIT_NODENY denial deliberations 2a/2b skipped
SUBPASS branch=0 round=1
DUEL_DELIB no-conflict
AUDIT_NODENY denial deliberations 2a/2b skipped
BRANCH_SNAP branch=0 winner=19
SUBPASS branch=1 round=1
DUEL_DELIB no-conflict
AUDIT_NODENY denial deliberations 2a/2b skipped
BRANCH_SNAP branch=1 winner=19
REINT_DELIB winner=19 NEUTERED(null=lowest-hid)
CLOSE winner=19 runner=15 cc=1
VERDICT id=E11 mode=nov4nG winner=19 action=challenge score=224 fork=1 close=1 answer=Herman Melville wrote the novel Moby Dick.
READ hid=0 rd=correction ev=0 topic=0
READ hid=1 rd=resume ev=0 topic=0
READ hid=2 rd=challenge ev=1 topic=2
READ hid=3 rd=provenance ev=0 topic=0
READ hid=4 rd=joke ev=0 topic=0
READ hid=5 rd=mem ev=0 topic=0
READ hid=6 rd=forget ev=1 topic=3
READ hid=7 rd=assertion ev=0 topic=10
READ hid=8 rd=compose ev=0 topic=0
READ hid=9 rd=plain ev=0 topic=10
FACT hid=10 fid=2 inter=2 q=20 gate=0
FACT hid=11 fid=4 inter=2 q=20 gate=0
FACT hid=12 fid=-1 inter=0 q=0 gate=1
BID hid=13 act=joke fire=0 base=240 bonus=0 score=240 fact=10 grd=4
BID hid=14 act=memory fire=0 base=237 bonus=0 score=237 fact=10 grd=5
BID hid=15 act=forget fire=1 base=234 bonus=0 score=234 fact=10 grd=6
BID hid=16 act=correction fire=0 base=231 bonus=0 score=231 fact=10 grd=0
BID hid=17 act=resume fire=0 base=228 bonus=0 score=228 fact=10 grd=1
BID hid=18 act=compose fire=0 base=225 bonus=0 score=225 fact=10 grd=8
BID hid=19 act=challenge fire=1 base=222 bonus=2 score=224 fact=10 grd=2
BID hid=20 act=provenance fire=0 base=219 bonus=0 score=219 fact=10 grd=3
BID hid=21 act=assertion fire=0 base=216 bonus=2 score=218 fact=10 grd=7
BID hid=22 act=clarify fire=1 base=213 bonus=2 score=215 fact=10 grd=2
BID hid=23 act=withhold fire=0 base=210 bonus=0 score=210 fact=10 grd=-1
BID hid=24 act=default fire=0 base=207 bonus=2 score=209 fact=10 grd=9
ELIM hid=13 reason=PRE_FAIL
ELIM hid=14 reason=PRE_FAIL
ELIM hid=16 reason=PRE_FAIL
ELIM hid=17 reason=PRE_FAIL
ELIM hid=18 reason=PRE_FAIL
ELIM hid=20 reason=PRE_FAIL
ELIM hid=21 reason=PRE_FAIL
ELIM hid=23 reason=PRE_FAIL
ELIM hid=24 reason=PRE_FAIL
FORK_DELIB nread=2 readings=[2,6] top1=15@234 top2=19@224 margin=10 for_mask=3 against_mask=0 decision=1
SUBPASS branch=0 round=0
DUEL_DELIB kill=6(forget) by=2(challenge) evclass=1 trighits=1 topicc=3 corr=0 cons_bids=1
AUDIT_NODENY denial deliberations 2a/2b skipped
AUDIT_CLEAN bid=15 dep=6
SUBPASS branch=1 round=0
DUEL_DELIB no-conflict
AUDIT_NODENY denial deliberations 2a/2b skipped
SUBPASS branch=0 round=1
DUEL_DELIB no-conflict
AUDIT_NODENY denial deliberations 2a/2b skipped
BRANCH_SNAP branch=0 winner=19
SUBPASS branch=1 round=1
DUEL_DELIB no-conflict
AUDIT_NODENY denial deliberations 2a/2b skipped
BRANCH_SNAP branch=1 winner=19
REINT_DELIB winner=19 NEUTERED(null=lowest-hid)
CLOSE winner=19 runner=15 cc=1
VERDICT id=E12 mode=nov4nG winner=19 action=challenge score=224 fork=1 close=1 answer=Paris is the capital of France.
READ hid=0 rd=correction ev=1 topic=2
READ hid=1 rd=resume ev=0 topic=0
READ hid=2 rd=challenge ev=0 topic=0
READ hid=3 rd=provenance ev=0 topic=0
READ hid=4 rd=joke ev=0 topic=0
READ hid=5 rd=mem ev=0 topic=0
READ hid=6 rd=forget ev=0 topic=0
READ hid=7 rd=assertion ev=1 topic=3
READ hid=8 rd=compose ev=0 topic=0
READ hid=9 rd=plain ev=0 topic=3
FACT hid=10 fid=5 inter=2 q=66 gate=0
FACT hid=11 fid=11 inter=1 q=33 gate=0
FACT hid=12 fid=-1 inter=0 q=0 gate=1
BID hid=13 act=joke fire=0 base=240 bonus=0 score=240 fact=10 grd=4
BID hid=14 act=memory fire=0 base=237 bonus=0 score=237 fact=10 grd=5
BID hid=15 act=forget fire=0 base=234 bonus=0 score=234 fact=10 grd=6
BID hid=16 act=correction fire=1 base=231 bonus=2 score=233 fact=10 grd=0
BID hid=17 act=resume fire=0 base=228 bonus=0 score=228 fact=10 grd=1
BID hid=18 act=compose fire=0 base=225 bonus=0 score=225 fact=10 grd=8
BID hid=19 act=challenge fire=0 base=222 bonus=0 score=222 fact=10 grd=2
BID hid=20 act=provenance fire=0 base=219 bonus=0 score=219 fact=10 grd=3
BID hid=21 act=assertion fire=0 base=216 bonus=2 score=218 fact=10 grd=7
BID hid=22 act=clarify fire=1 base=213 bonus=2 score=215 fact=10 grd=0
BID hid=23 act=withhold fire=0 base=210 bonus=0 score=210 fact=10 grd=-1
BID hid=24 act=default fire=0 base=207 bonus=2 score=209 fact=10 grd=9
ELIM hid=13 reason=PRE_FAIL
ELIM hid=14 reason=PRE_FAIL
ELIM hid=15 reason=PRE_FAIL
ELIM hid=17 reason=PRE_FAIL
ELIM hid=18 reason=PRE_FAIL
ELIM hid=19 reason=PRE_FAIL
ELIM hid=20 reason=PRE_FAIL
ELIM hid=21 reason=PRE_FAIL
ELIM hid=23 reason=PRE_FAIL
ELIM hid=24 reason=PRE_FAIL
FORK_DELIB nread=2 readings=[0,7] top1=16@233 top2=22@215 margin=18 for_mask=1 against_mask=2 decision=0
SUBPASSES skipped (fork=0)
REINT_DELIB winner=16 NEUTERED(null=lowest-hid)
CLOSE winner=16 runner=22 cc=0
VERDICT id=E13 mode=nov4nG winner=16 action=correction score=233 fork=0 close=0 answer=The Eiffel Tower is in Paris.
READ hid=0 rd=correction ev=0 topic=0
READ hid=1 rd=resume ev=0 topic=0
READ hid=2 rd=challenge ev=0 topic=0
READ hid=3 rd=provenance ev=0 topic=0
READ hid=4 rd=joke ev=0 topic=0
READ hid=5 rd=mem ev=0 topic=0
READ hid=6 rd=forget ev=1 topic=3
READ hid=7 rd=assertion ev=1 topic=4
READ hid=8 rd=compose ev=0 topic=0
READ hid=9 rd=plain ev=0 topic=4
FACT hid=10 fid=0 inter=2 q=50 gate=0
FACT hid=11 fid=-1 inter=0 q=0 gate=1
FACT hid=12 fid=-1 inter=0 q=0 gate=1
BID hid=13 act=joke fire=0 base=240 bonus=0 score=240 fact=10 grd=4
BID hid=14 act=memory fire=0 base=237 bonus=0 score=237 fact=10 grd=5
BID hid=15 act=forget fire=1 base=234 bonus=2 score=236 fact=10 grd=6
BID hid=16 act=correction fire=0 base=231 bonus=0 score=231 fact=10 grd=0
BID hid=17 act=resume fire=0 base=228 bonus=0 score=228 fact=10 grd=1
BID hid=18 act=compose fire=0 base=225 bonus=0 score=225 fact=10 grd=8
BID hid=19 act=challenge fire=0 base=222 bonus=0 score=222 fact=10 grd=2
BID hid=20 act=provenance fire=0 base=219 bonus=0 score=219 fact=10 grd=3
BID hid=21 act=assertion fire=0 base=216 bonus=2 score=218 fact=10 grd=7
BID hid=22 act=clarify fire=1 base=213 bonus=2 score=215 fact=10 grd=6
BID hid=23 act=withhold fire=0 base=210 bonus=0 score=210 fact=10 grd=-1
BID hid=24 act=default fire=0 base=207 bonus=2 score=209 fact=10 grd=9
ELIM hid=13 reason=PRE_FAIL
ELIM hid=14 reason=PRE_FAIL
ELIM hid=16 reason=PRE_FAIL
ELIM hid=17 reason=PRE_FAIL
ELIM hid=18 reason=PRE_FAIL
ELIM hid=19 reason=PRE_FAIL
ELIM hid=20 reason=PRE_FAIL
ELIM hid=21 reason=PRE_FAIL
ELIM hid=23 reason=PRE_FAIL
ELIM hid=24 reason=PRE_FAIL
FORK_DELIB nread=2 readings=[6,7] top1=15@236 top2=22@215 margin=21 for_mask=1 against_mask=2 decision=0
SUBPASSES skipped (fork=0)
REINT_DELIB winner=15 NEUTERED(null=lowest-hid)
CLOSE winner=15 runner=22 cc=0
VERDICT id=E14 mode=nov4nG winner=15 action=forget score=236 fork=0 close=0 answer=Herman Melville wrote the novel Moby Dick.
READ hid=0 rd=correction ev=1 topic=2
READ hid=1 rd=resume ev=0 topic=0
READ hid=2 rd=challenge ev=0 topic=0
READ hid=3 rd=provenance ev=0 topic=0
READ hid=4 rd=joke ev=0 topic=0
READ hid=5 rd=mem ev=0 topic=0
READ hid=6 rd=forget ev=0 topic=0
READ hid=7 rd=assertion ev=1 topic=3
READ hid=8 rd=compose ev=0 topic=0
READ hid=9 rd=plain ev=0 topic=3
FACT hid=10 fid=4 inter=2 q=66 gate=0
FACT hid=11 fid=-1 inter=0 q=0 gate=1
FACT hid=12 fid=-1 inter=0 q=0 gate=1
BID hid=13 act=joke fire=0 base=240 bonus=0 score=240 fact=10 grd=4
BID hid=14 act=memory fire=0 base=237 bonus=0 score=237 fact=10 grd=5
BID hid=15 act=forget fire=0 base=234 bonus=0 score=234 fact=10 grd=6
BID hid=16 act=correction fire=1 base=231 bonus=2 score=233 fact=10 grd=0
BID hid=17 act=resume fire=0 base=228 bonus=0 score=228 fact=10 grd=1
BID hid=18 act=compose fire=0 base=225 bonus=0 score=225 fact=10 grd=8
BID hid=19 act=challenge fire=0 base=222 bonus=0 score=222 fact=10 grd=2
BID hid=20 act=provenance fire=0 base=219 bonus=0 score=219 fact=10 grd=3
BID hid=21 act=assertion fire=0 base=216 bonus=2 score=218 fact=10 grd=7
BID hid=22 act=clarify fire=1 base=213 bonus=2 score=215 fact=10 grd=0
BID hid=23 act=withhold fire=0 base=210 bonus=0 score=210 fact=10 grd=-1
BID hid=24 act=default fire=0 base=207 bonus=2 score=209 fact=10 grd=9
ELIM hid=13 reason=PRE_FAIL
ELIM hid=14 reason=PRE_FAIL
ELIM hid=15 reason=PRE_FAIL
ELIM hid=17 reason=PRE_FAIL
ELIM hid=18 reason=PRE_FAIL
ELIM hid=19 reason=PRE_FAIL
ELIM hid=20 reason=PRE_FAIL
ELIM hid=21 reason=PRE_FAIL
ELIM hid=23 reason=PRE_FAIL
ELIM hid=24 reason=PRE_FAIL
FORK_DELIB nread=2 readings=[0,7] top1=16@233 top2=22@215 margin=18 for_mask=1 against_mask=2 decision=0
SUBPASSES skipped (fork=0)
REINT_DELIB winner=16 NEUTERED(null=lowest-hid)
CLOSE winner=16 runner=22 cc=0
VERDICT id=E15 mode=nov4nG winner=16 action=correction score=233 fork=0 close=0 answer=Jane Austen wrote the novel Pride and Prejudice.
READ hid=0 rd=correction ev=0 topic=0
READ hid=1 rd=resume ev=0 topic=0
READ hid=2 rd=challenge ev=0 topic=0
READ hid=3 rd=provenance ev=0 topic=0
READ hid=4 rd=joke ev=0 topic=0
READ hid=5 rd=mem ev=0 topic=0
READ hid=6 rd=forget ev=1 topic=2
READ hid=7 rd=assertion ev=1 topic=3
READ hid=8 rd=compose ev=0 topic=0
READ hid=9 rd=plain ev=0 topic=3
FACT hid=10 fid=2 inter=2 q=66 gate=0
FACT hid=11 fid=-1 inter=0 q=0 gate=1
FACT hid=12 fid=-1 inter=0 q=0 gate=1
BID hid=13 act=joke fire=0 base=240 bonus=0 score=240 fact=10 grd=4
BID hid=14 act=memory fire=0 base=237 bonus=0 score=237 fact=10 grd=5
BID hid=15 act=forget fire=1 base=234 bonus=2 score=236 fact=10 grd=6
BID hid=16 act=correction fire=0 base=231 bonus=0 score=231 fact=10 grd=0
BID hid=17 act=resume fire=0 base=228 bonus=0 score=228 fact=10 grd=1
BID hid=18 act=compose fire=0 base=225 bonus=0 score=225 fact=10 grd=8
BID hid=19 act=challenge fire=0 base=222 bonus=0 score=222 fact=10 grd=2
BID hid=20 act=provenance fire=0 base=219 bonus=0 score=219 fact=10 grd=3
BID hid=21 act=assertion fire=0 base=216 bonus=2 score=218 fact=10 grd=7
BID hid=22 act=clarify fire=1 base=213 bonus=2 score=215 fact=10 grd=6
BID hid=23 act=withhold fire=0 base=210 bonus=0 score=210 fact=10 grd=-1
BID hid=24 act=default fire=0 base=207 bonus=2 score=209 fact=10 grd=9
ELIM hid=13 reason=PRE_FAIL
ELIM hid=14 reason=PRE_FAIL
ELIM hid=16 reason=PRE_FAIL
ELIM hid=17 reason=PRE_FAIL
ELIM hid=18 reason=PRE_FAIL
ELIM hid=19 reason=PRE_FAIL
ELIM hid=20 reason=PRE_FAIL
ELIM hid=21 reason=PRE_FAIL
ELIM hid=23 reason=PRE_FAIL
ELIM hid=24 reason=PRE_FAIL
FORK_DELIB nread=2 readings=[6,7] top1=15@236 top2=22@215 margin=21 for_mask=1 against_mask=2 decision=0
SUBPASSES skipped (fork=0)
REINT_DELIB winner=15 NEUTERED(null=lowest-hid)
CLOSE winner=15 runner=22 cc=0
VERDICT id=E16 mode=nov4nG winner=15 action=forget score=236 fork=0 close=0 answer=Paris is the capital of France.
READ hid=0 rd=correction ev=0 topic=0
READ hid=1 rd=resume ev=0 topic=0
READ hid=2 rd=challenge ev=1 topic=2
READ hid=3 rd=provenance ev=0 topic=0
READ hid=4 rd=joke ev=0 topic=0
READ hid=5 rd=mem ev=0 topic=0
READ hid=6 rd=forget ev=1 topic=3
READ hid=7 rd=assertion ev=0 topic=9
READ hid=8 rd=compose ev=0 topic=0
READ hid=9 rd=plain ev=0 topic=9
FACT hid=10 fid=0 inter=2 q=22 gate=0
FACT hid=11 fid=4 inter=2 q=22 gate=0
FACT hid=12 fid=-1 inter=0 q=0 gate=1
BID hid=13 act=joke fire=0 base=240 bonus=0 score=240 fact=10 grd=4
BID hid=14 act=memory fire=0 base=237 bonus=0 score=237 fact=10 grd=5
BID hid=15 act=forget fire=1 base=234 bonus=1 score=235 fact=10 grd=6
BID hid=16 act=correction fire=0 base=231 bonus=0 score=231 fact=10 grd=0
BID hid=17 act=resume fire=0 base=228 bonus=0 score=228 fact=10 grd=1
BID hid=18 act=compose fire=0 base=225 bonus=0 score=225 fact=10 grd=8
BID hid=19 act=challenge fire=1 base=222 bonus=2 score=224 fact=11 grd=2
BID hid=20 act=provenance fire=0 base=219 bonus=0 score=219 fact=10 grd=3
BID hid=21 act=assertion fire=0 base=216 bonus=2 score=218 fact=10 grd=7
BID hid=22 act=clarify fire=1 base=213 bonus=2 score=215 fact=11 grd=2
BID hid=23 act=withhold fire=0 base=210 bonus=0 score=210 fact=10 grd=-1
BID hid=24 act=default fire=0 base=207 bonus=2 score=209 fact=10 grd=9
ELIM hid=13 reason=PRE_FAIL
ELIM hid=14 reason=PRE_FAIL
ELIM hid=16 reason=PRE_FAIL
ELIM hid=17 reason=PRE_FAIL
ELIM hid=18 reason=PRE_FAIL
ELIM hid=20 reason=PRE_FAIL
ELIM hid=21 reason=PRE_FAIL
ELIM hid=23 reason=PRE_FAIL
ELIM hid=24 reason=PRE_FAIL
FORK_DELIB nread=2 readings=[2,6] top1=15@235 top2=19@224 margin=11 for_mask=3 against_mask=0 decision=1
SUBPASS branch=0 round=0
DUEL_DELIB no-conflict
AUDIT_NODENY denial deliberations 2a/2b skipped
SUBPASS branch=1 round=0
DUEL_DELIB no-conflict
AUDIT_NODENY denial deliberations 2a/2b skipped
SUBPASS branch=0 round=1
DUEL_DELIB no-conflict
AUDIT_NODENY denial deliberations 2a/2b skipped
BRANCH_SNAP branch=0 winner=15
SUBPASS branch=1 round=1
DUEL_DELIB no-conflict
AUDIT_NODENY denial deliberations 2a/2b skipped
BRANCH_SNAP branch=1 winner=15
REINT_DELIB winner=15 NEUTERED(null=lowest-hid)
CLOSE winner=15 runner=19 cc=0
VERDICT id=E17 mode=nov4nG winner=15 action=forget score=235 fork=1 close=0 answer=Herman Melville wrote the novel Moby Dick.
READ hid=0 rd=correction ev=0 topic=0
READ hid=1 rd=resume ev=0 topic=0
READ hid=2 rd=challenge ev=1 topic=2
READ hid=3 rd=provenance ev=0 topic=0
READ hid=4 rd=joke ev=0 topic=0
READ hid=5 rd=mem ev=0 topic=0
READ hid=6 rd=forget ev=1 topic=4
READ hid=7 rd=assertion ev=0 topic=9
READ hid=8 rd=compose ev=0 topic=0
READ hid=9 rd=plain ev=0 topic=9
FACT hid=10 fid=0 inter=2 q=22 gate=0
FACT hid=11 fid=4 inter=2 q=22 gate=0
FACT hid=12 fid=-1 inter=0 q=0 gate=1
BID hid=13 act=joke fire=0 base=240 bonus=0 score=240 fact=10 grd=4
BID hid=14 act=memory fire=0 base=237 bonus=0 score=237 fact=10 grd=5
BID hid=15 act=forget fire=1 base=234 bonus=2 score=236 fact=10 grd=6
BID hid=16 act=correction fire=0 base=231 bonus=0 score=231 fact=10 grd=0
BID hid=17 act=resume fire=0 base=228 bonus=0 score=228 fact=10 grd=1
BID hid=18 act=compose fire=0 base=225 bonus=0 score=225 fact=10 grd=8
BID hid=19 act=challenge fire=1 base=222 bonus=2 score=224 fact=11 grd=2
BID hid=20 act=provenance fire=0 base=219 bonus=0 score=219 fact=10 grd=3
BID hid=21 act=assertion fire=0 base=216 bonus=2 score=218 fact=10 grd=7
BID hid=22 act=clarify fire=1 base=213 bonus=2 score=215 fact=11 grd=2
BID hid=23 act=withhold fire=0 base=210 bonus=0 score=210 fact=10 grd=-1
BID hid=24 act=default fire=0 base=207 bonus=2 score=209 fact=10 grd=9
ELIM hid=13 reason=PRE_FAIL
ELIM hid=14 reason=PRE_FAIL
ELIM hid=16 reason=PRE_FAIL
ELIM hid=17 reason=PRE_FAIL
ELIM hid=18 reason=PRE_FAIL
ELIM hid=20 reason=PRE_FAIL
ELIM hid=21 reason=PRE_FAIL
ELIM hid=23 reason=PRE_FAIL
ELIM hid=24 reason=PRE_FAIL
FORK_DELIB nread=2 readings=[2,6] top1=15@236 top2=19@224 margin=12 for_mask=3 against_mask=0 decision=1
SUBPASS branch=0 round=0
DUEL_DELIB no-conflict
AUDIT_NODENY denial deliberations 2a/2b skipped
SUBPASS branch=1 round=0
DUEL_DELIB no-conflict
AUDIT_NODENY denial deliberations 2a/2b skipped
SUBPASS branch=0 round=1
DUEL_DELIB no-conflict
AUDIT_NODENY denial deliberations 2a/2b skipped
BRANCH_SNAP branch=0 winner=15
SUBPASS branch=1 round=1
DUEL_DELIB no-conflict
AUDIT_NODENY denial deliberations 2a/2b skipped
BRANCH_SNAP branch=1 winner=15
REINT_DELIB winner=15 NEUTERED(null=lowest-hid)
CLOSE winner=15 runner=19 cc=0
VERDICT id=E18 mode=nov4nG winner=15 action=forget score=236 fork=1 close=0 answer=Herman Melville wrote the novel Moby Dick.
READ hid=0 rd=correction ev=0 topic=0
READ hid=1 rd=resume ev=0 topic=0
READ hid=2 rd=challenge ev=1 topic=2
READ hid=3 rd=provenance ev=0 topic=0
READ hid=4 rd=joke ev=0 topic=0
READ hid=5 rd=mem ev=0 topic=0
READ hid=6 rd=forget ev=1 topic=4
READ hid=7 rd=assertion ev=0 topic=9
READ hid=8 rd=compose ev=0 topic=0
READ hid=9 rd=plain ev=0 topic=9
FACT hid=10 fid=0 inter=4 q=44 gate=0
FACT hid=11 fid=4 inter=2 q=22 gate=0
FACT hid=12 fid=-1 inter=0 q=0 gate=1
BID hid=13 act=joke fire=0 base=240 bonus=0 score=240 fact=10 grd=4
BID hid=14 act=memory fire=0 base=237 bonus=0 score=237 fact=10 grd=5
BID hid=15 act=forget fire=1 base=234 bonus=3 score=237 fact=10 grd=6
BID hid=16 act=correction fire=0 base=231 bonus=0 score=231 fact=10 grd=0
BID hid=17 act=resume fire=0 base=228 bonus=0 score=228 fact=10 grd=1
BID hid=18 act=compose fire=0 base=225 bonus=0 score=225 fact=10 grd=8
BID hid=19 act=challenge fire=1 base=222 bonus=2 score=224 fact=11 grd=2
BID hid=20 act=provenance fire=0 base=219 bonus=0 score=219 fact=10 grd=3
BID hid=21 act=assertion fire=0 base=216 bonus=3 score=219 fact=10 grd=7
BID hid=22 act=clarify fire=1 base=213 bonus=2 score=215 fact=11 grd=2
BID hid=23 act=withhold fire=0 base=210 bonus=0 score=210 fact=10 grd=-1
BID hid=24 act=default fire=0 base=207 bonus=3 score=210 fact=10 grd=9
ELIM hid=13 reason=PRE_FAIL
ELIM hid=14 reason=PRE_FAIL
ELIM hid=16 reason=PRE_FAIL
ELIM hid=17 reason=PRE_FAIL
ELIM hid=18 reason=PRE_FAIL
ELIM hid=20 reason=PRE_FAIL
ELIM hid=21 reason=PRE_FAIL
ELIM hid=23 reason=PRE_FAIL
ELIM hid=24 reason=PRE_FAIL
FORK_DELIB nread=2 readings=[2,6] top1=15@237 top2=19@224 margin=13 for_mask=1 against_mask=2 decision=0
SUBPASSES skipped (fork=0)
REINT_DELIB winner=15 NEUTERED(null=lowest-hid)
CLOSE winner=15 runner=19 cc=0
VERDICT id=E19 mode=nov4nG winner=15 action=forget score=237 fork=0 close=0 answer=Herman Melville wrote the novel Moby Dick.
READ hid=0 rd=correction ev=0 topic=0
READ hid=1 rd=resume ev=0 topic=0
READ hid=2 rd=challenge ev=1 topic=2
READ hid=3 rd=provenance ev=0 topic=0
READ hid=4 rd=joke ev=0 topic=0
READ hid=5 rd=mem ev=0 topic=0
READ hid=6 rd=forget ev=1 topic=4
READ hid=7 rd=assertion ev=0 topic=10
READ hid=8 rd=compose ev=0 topic=0
READ hid=9 rd=plain ev=0 topic=10
FACT hid=10 fid=0 inter=6 q=60 gate=0
FACT hid=11 fid=4 inter=1 q=10 gate=0
FACT hid=12 fid=-1 inter=0 q=0 gate=1
BID hid=13 act=joke fire=0 base=240 bonus=0 score=240 fact=10 grd=4
BID hid=14 act=memory fire=0 base=237 bonus=0 score=237 fact=10 grd=5
BID hid=15 act=forget fire=1 base=234 bonus=3 score=237 fact=10 grd=6
BID hid=16 act=correction fire=0 base=231 bonus=0 score=231 fact=10 grd=0
BID hid=17 act=resume fire=0 base=228 bonus=0 score=228 fact=10 grd=1
BID hid=18 act=compose fire=0 base=225 bonus=0 score=225 fact=10 grd=8
BID hid=19 act=challenge fire=1 base=222 bonus=1 score=223 fact=11 grd=2
BID hid=20 act=provenance fire=0 base=219 bonus=0 score=219 fact=10 grd=3
BID hid=21 act=assertion fire=0 base=216 bonus=3 score=219 fact=10 grd=7
BID hid=22 act=clarify fire=1 base=213 bonus=1 score=214 fact=11 grd=2
BID hid=23 act=withhold fire=0 base=210 bonus=0 score=210 fact=10 grd=-1
BID hid=24 act=default fire=0 base=207 bonus=3 score=210 fact=10 grd=9
ELIM hid=13 reason=PRE_FAIL
ELIM hid=14 reason=PRE_FAIL
ELIM hid=16 reason=PRE_FAIL
ELIM hid=17 reason=PRE_FAIL
ELIM hid=18 reason=PRE_FAIL
ELIM hid=20 reason=PRE_FAIL
ELIM hid=21 reason=PRE_FAIL
ELIM hid=23 reason=PRE_FAIL
ELIM hid=24 reason=PRE_FAIL
FORK_DELIB nread=2 readings=[2,6] top1=15@237 top2=19@223 margin=14 for_mask=1 against_mask=2 decision=0
SUBPASSES skipped (fork=0)
REINT_DELIB winner=15 NEUTERED(null=lowest-hid)
CLOSE winner=15 runner=19 cc=0
VERDICT id=E20 mode=nov4nG winner=15 action=forget score=237 fork=0 close=0 answer=Herman Melville wrote the novel Moby Dick.
