XIO-START
=== TREAT ===
RB-STAT tried=0 rejected=0
X1 ans=14 tried=2 rejected=1
RB-STAT tried=1 rejected=0
X2 ans=18 tried=1 rejected=0
RB-STAT tried=2 rejected=2
Y1 ans=3 tried=3 rejected=2
RB-STAT tried=2 rejected=2
Y2 ans=4 tried=4 rejected=3
maps=4
MAP id=27 r=91 s=11 ans=14 plen=4 oty=0 class=chain
MAP id=45 r=91 s=15 ans=18 plen=4 oty=0 class=chain
MAP id=115 r=92 s=50 ans=3 plen=-1 oty=1 class=count
MAP id=292 r=92 s=60 ans=4 plen=-1 oty=1 class=count
RB-STAT tried=2 rejected=2
XIO-BUILD id=380 m1=27 m2=115 o1=0 o2=1 rel1=81 rel2=82 qr=93 mid=34 ans=2
Z1 ans=2 tried=1 rejected=0
adapters=1
ADAPT id=380 m1=27 m2=115 o1=0 o2=1 rel1=81 rel2=82 qr=93 ans=2
XIO-REUSE id=380 ans=2
Z2a ans=2 tried=0 rejected=0
adapters=1
ADAPT id=380 m1=27 m2=115 o1=0 o2=1 rel1=81 rel2=82 qr=93 ans=2
RB-STAT tried=2 rejected=2
XIO-BUILD id=467 m1=27 m2=115 o1=0 o2=1 rel1=81 rel2=82 qr=94 mid=74 ans=2
Z2b ans=2 tried=1 rejected=0
adapters=2
ADAPT id=380 m1=27 m2=115 o1=0 o2=1 rel1=81 rel2=82 qr=93 ans=2
ADAPT id=467 m1=27 m2=115 o1=0 o2=1 rel1=81 rel2=82 qr=94 ans=2
=== ABL-XIO ===
RB-STAT tried=0 rejected=0
X1 ans=14 tried=2 rejected=1
RB-STAT tried=1 rejected=0
X2 ans=18 tried=1 rejected=0
RB-STAT tried=2 rejected=2
Y1 ans=3 tried=3 rejected=2
RB-STAT tried=2 rejected=2
Y2 ans=4 tried=4 rejected=3
maps=4
MAP id=27 r=91 s=11 ans=14 plen=4 oty=0 class=chain
MAP id=45 r=91 s=15 ans=18 plen=4 oty=0 class=chain
MAP id=115 r=92 s=50 ans=3 plen=-1 oty=1 class=count
MAP id=208 r=92 s=60 ans=4 plen=-1 oty=1 class=count
RB-STAT tried=2 rejected=2
Z1 ans=-2 tried=5 rejected=5
adapters=0
RB-STAT tried=2 rejected=2
Z2a ans=-2 tried=5 rejected=5
adapters=0
RB-STAT tried=2 rejected=2
Z2b ans=-2 tried=5 rejected=5
adapters=0
=== ABL-X ===
RB-STAT tried=0 rejected=0
X1 ans=14 tried=2 rejected=1
RB-STAT tried=1 rejected=0
X2 ans=18 tried=1 rejected=0
RB-STAT tried=2 rejected=2
Y1 ans=3 tried=3 rejected=2
RB-STAT tried=2 rejected=2
Y2 ans=4 tried=4 rejected=3
maps after del=2
RB-STAT tried=0 rejected=0
Z1 ans=-2 tried=5 rejected=5
adapters=0
RB-STAT tried=0 rejected=0
Z2a ans=-2 tried=5 rejected=5
adapters=0
RB-STAT tried=0 rejected=0
Z2b ans=-2 tried=5 rejected=5
adapters=0
=== ABL-Y ===
RB-STAT tried=0 rejected=0
X1 ans=14 tried=2 rejected=1
RB-STAT tried=1 rejected=0
X2 ans=18 tried=1 rejected=0
RB-STAT tried=2 rejected=2
Y1 ans=3 tried=3 rejected=2
RB-STAT tried=2 rejected=2
Y2 ans=4 tried=4 rejected=3
maps after del=2
RB-STAT tried=2 rejected=2
Z1 ans=-2 tried=5 rejected=5
adapters=0
RB-STAT tried=2 rejected=2
Z2a ans=-2 tried=5 rejected=5
adapters=0
RB-STAT tried=2 rejected=2
Z2b ans=-2 tried=5 rejected=5
adapters=0
=== FRESH ===
RB-STAT tried=0 rejected=0
Z1 ans=-2 tried=5 rejected=5
adapters=0
RB-STAT tried=0 rejected=0
Z2a ans=-2 tried=5 rejected=5
adapters=0
RB-STAT tried=0 rejected=0
Z2b ans=-2 tried=5 rejected=5
adapters=0
XIO-END
