RT-START
=== A1 LATE-PROMOTE+DECAY+LOWRECYCLE ===
RB-STAT tried=0 rejected=0
X1=14
RB-STAT tried=1 rejected=0
X2=18
RB-STAT tried=2 rejected=2
Y1=3
RB-STAT tried=2 rejected=2
Y2=4
RB-STAT tried=2 rejected=2
XIO-BUILD id=580 m1=227 m2=315 o1=0 o2=1 rel1=81 rel2=82 qr=93 mid=34 ans=2
S q1=2
S ad=580 m1=227
A1 m1=227 nstale=3 F1=202 F2=203 F3=204
A1 stale id range: 224..226
A1 recycled: 202 203 204 expect 202 203 204
A1 nm=227
A1 ncur=7 cur id range: 9..241
TRACE edge=9 to=203 trel=82 gn=7
A1 trace_rel=82 real_rel=82
A1 followed edge=9 class=2 (1=STALE 2=CUR)
A1 VERDICT ATTACK-FAILED
=== A2 FACTLESS-FALLBACK ===
A2 old chain MAP X=17
A2 sumroot=19 (expect >=0)
A2 nm=17 (expect X)
A2 nstale=3 ncur=2
TRACE edge=13 to=2 trel=81 gn=0
A2 trace_rel=81 real_rel=81
A2 followed edge=13 class=1 (1=STALE 2=CUR)
A2 VERDICT ATTACK-SUCCEEDED
=== A3 ADVERSARIAL-ID-REUSE ===
RB-STAT tried=0 rejected=0
X1=14
RB-STAT tried=1 rejected=0
X2=18
RB-STAT tried=2 rejected=2
Y1=3
RB-STAT tried=2 rejected=2
Y2=4
RB-STAT tried=2 rejected=2
XIO-BUILD id=380 m1=27 m2=115 o1=0 o2=1 rel1=81 rel2=82 qr=93 mid=34 ans=2
S q1=2
S ad=380 m1=27
A3 m1=27 nstale=3 F1=2
A3 wrong fact id=2 (expect F1=2)
A3 nm=27
A3 ncur=7
TRACE edge=16 to=2 trel=94 gn=7
A3 trace_rel=94 real_rel=94
A3 followed edge=16 class=1 (1=STALE 2=CUR)
A3 VERDICT ATTACK-SUCCEEDED
A3 done r=94
=== A3 CONTROL (perfect hygiene) ===
RB-STAT tried=0 rejected=0
X1=14
RB-STAT tried=1 rejected=0
X2=18
RB-STAT tried=2 rejected=2
Y1=3
RB-STAT tried=2 rejected=2
Y2=4
RB-STAT tried=2 rejected=2
XIO-BUILD id=380 m1=27 m2=115 o1=0 o2=1 rel1=81 rel2=82 qr=93 mid=34 ans=2
S q1=2
S ad=380 m1=27
A3 m1=27 nstale=3 F1=2
A3 wrong fact id=2 (expect F1=2)
A3 control: tombstoned
A3 nm=27
A3 ncur=7
TRACE edge=255 to=381 trel=82 gn=7
A3 trace_rel=82 real_rel=82
A3 followed edge=255 class=2 (1=STALE 2=CUR)
A3-CONTROL PASS (tombstone -> 82)
A3CTL done r=82
RT-END
