BIND,S37D2,rep,2,scale,1,start
DOMAIN_HASH,S37D2,7cd0baf80a62acc338e1c9bdec5b33c0e3427af18d78b98b7cbda153a3f92ee8
CORPUS_SHA256,S37D2,bd1cbe59c3e776d1bc6f63c9a83cba408fd6e91684a28029be922311dbd4a02d
CL_CHECK,fp_pins_0,0,0
CL_CHECK,overflow,0,0
CL_CHECK,e90_reached,1,1
RESULT,S37D2,2,1,d1,40,40
RESULT,S37D2,2,1,d2,37,37
RESULT,S37D2,2,1,d3,120,120
RESULT,S37D2,2,1,rev_false,12,12
RESULT,S37D2,2,1,rev_genuine,20,20
RESULT,S37D2,2,1,r2,40,40
RESULT,S37D2,2,1,r3,40,40
RESULT,S37D2,2,1,e90,210,1
RESULT,S37D2,2,1,withheld,0,1
RESULT,S37D2,2,1,hallu,0,20
RESULT,S37D2,2,1,k1,1,1
RESULT,S37D2,2,1,k2,1,1
RESULT,S37D2,2,1,k3,1,1
RESULT,S37D2,2,1,refusal,1,1
RESULT,S37D2,2,1,esc,0,1
RESULT,S37D2,2,1,disconn,6,1
RESULT,S37D2,2,1,ops,289,1
RESULT,S37D2,2,1,eps,295,1
DIGEST,S37D2,2,1,b0f3112b58fe0d850be44c3541d13ff13526534522d148adc5cbd8801b0ad362
BIND,S37D2,done
