== assembling driver ==
wrote /home/hatch/workspace/tnn-lab/wave12/q2-distillation-step37/src/q1_proposal_s37.zag (7493 bytes)
wrote /home/hatch/workspace/tnn-lab/wave12/q2-distillation-step37/src/s37_trial.zag (47845 bytes)
wrote /home/hatch/workspace/tnn-lab/wave12/q2-distillation-step37/src/s37_corpus.zag (27400 bytes)
== building ==
znc: wrote native binary /home/hatch/workspace/tnn-lab/wave12/q2-distillation-step37/build/s37t_bin (469602 bytes main, 0 external tools)
== class 4 Track-5: bind D2 x5 reps ==
ok: bind_D2_rep0_s1 (exit 0, 5/5 byte-identical)
ok: bind_D2_rep1_s1 (exit 0, 5/5 byte-identical)
ok: bind_D2_rep2_s1 (exit 0, 5/5 byte-identical)
ok: bind_D2_rep3_s1 (exit 0, 5/5 byte-identical)
ok: bind_D2_rep4_s1 (exit 0, 5/5 byte-identical)
== class 4 Track-5: btrap D2 x5 reps ==
ok: btrap_D2_rep0 (exit 0, 5/5 byte-identical)
ok: btrap_D2_rep1 (exit 0, 5/5 byte-identical)
ok: btrap_D2_rep2 (exit 0, 5/5 byte-identical)
ok: btrap_D2_rep3 (exit 0, 5/5 byte-identical)
ok: btrap_D2_rep4 (exit 0, 5/5 byte-identical)
== class 4 direct §B.7: flaw4 x5 reps ==
ok: flaw4_rep0 (exit 0, 5/5 byte-identical)
ok: flaw4_rep1 (exit 0, 5/5 byte-identical)
ok: flaw4_rep2 (exit 0, 5/5 byte-identical)
ok: flaw4_rep3 (exit 0, 5/5 byte-identical)
ok: flaw4_rep4 (exit 0, 5/5 byte-identical)
== class 3: teach3 x5 reps ==
ok: teach3_rep0 (exit 0, 5/5 byte-identical)
ok: teach3_rep1 (exit 0, 5/5 byte-identical)
ok: teach3_rep2 (exit 0, 5/5 byte-identical)
ok: teach3_rep3 (exit 0, 5/5 byte-identical)
ok: teach3_rep4 (exit 0, 5/5 byte-identical)
== hashing logs ==
fail=0
RUN_EXIT=0
