KB 38 ENT 27
D K-001
T K-001 1 FAIL
A Herman Melville wrote the novel Moby Dick.
X <sentinel-no-match-k-001>
D K-002
T K-002 1 FAIL
A Herman Melville wrote the novel Moby Dick.
X <sentinel-no-match-k-002>
D K-003
T K-003 1 FAIL
A Herman Melville wrote the novel Moby Dick.
X <sentinel-no-match-k-003>
D K-004
T K-004 1 FAIL
A Herman Melville wrote the novel Moby Dick.
X <sentinel-no-match-k-004>
D K-005
T K-005 1 FAIL
A Herman Melville wrote the novel Moby Dick.
X <sentinel-no-match-k-005>
D K-006
T K-006 1 FAIL
A Herman Melville wrote the novel Moby Dick.
X <sentinel-no-match-k-006>
D K-007
T K-007 1 FAIL
A Herman Melville wrote the novel Moby Dick.
X <sentinel-no-match-k-007>
D K-008
T K-008 1 FAIL
A Herman Melville wrote the novel Moby Dick.
X <sentinel-no-match-k-008>
D K-009
T K-009 1 FAIL
A Herman Melville wrote the novel Moby Dick.
X <sentinel-no-match-k-009>
D K-010
T K-010 1 FAIL
A Herman Melville wrote the novel Moby Dick.
X <sentinel-no-match-k-010>
D K-011
T K-011 1 FAIL
A Herman Melville wrote the novel Moby Dick.
X <sentinel-no-match-k-011>
D K-012
T K-012 1 FAIL
A Herman Melville wrote the novel Moby Dick.
X <sentinel-no-match-k-012>
D K-013
T K-013 1 FAIL
A Herman Melville wrote the novel Moby Dick.
X <sentinel-no-match-k-013>
D K-014
T K-014 1 FAIL
A Herman Melville wrote the novel Moby Dick.
X <sentinel-no-match-k-014>
D K-015
T K-015 1 FAIL
A Herman Melville wrote the novel Moby Dick.
X <sentinel-no-match-k-015>
D K-016
T K-016 1 FAIL
A Herman Melville wrote the novel Moby Dick.
X <sentinel-no-match-k-016>
D K-017
T K-017 1 FAIL
A Herman Melville wrote the novel Moby Dick.
X <sentinel-no-match-k-017>
D K-018
T K-018 1 FAIL
A Herman Melville wrote the novel Moby Dick.
X <sentinel-no-match-k-018>
D K-019
T K-019 1 FAIL
A Herman Melville wrote the novel Moby Dick.
X <sentinel-no-match-k-019>
D K-020
T K-020 1 FAIL
A Herman Melville wrote the novel Moby Dick.
X <sentinel-no-match-k-020>
D K-021
T K-021 1 FAIL
A Herman Melville wrote the novel Moby Dick.
X <sentinel-no-match-k-021>
D K-022
T K-022 1 FAIL
A Herman Melville wrote the novel Moby Dick.
X <sentinel-no-match-k-022>
D K-023
T K-023 1 FAIL
A Herman Melville wrote the novel Moby Dick.
X <sentinel-no-match-k-023>
D K-024
T K-024 1 FAIL
A Herman Melville wrote the novel Moby Dick.
X <sentinel-no-match-k-024>
D K-025
T K-025 1 FAIL
A Herman Melville wrote the novel Moby Dick.
X <sentinel-no-match-k-025>
D K-026
T K-026 1 FAIL
A Herman Melville wrote the novel Moby Dick.
X <sentinel-no-match-k-026>
D K-027
T K-027 1 FAIL
A Herman Melville wrote the novel Moby Dick.
X <sentinel-no-match-k-027>
D K-028
T K-028 1 FAIL
A Herman Melville wrote the novel Moby Dick.
X <sentinel-no-match-k-028>
D K-029
T K-029 1 FAIL
A Herman Melville wrote the novel Moby Dick.
X <sentinel-no-match-k-029>
D K-030
T K-030 1 FAIL
A Herman Melville wrote the novel Moby Dick.
X <sentinel-no-match-k-030>
D K-031
T K-031 1 FAIL
A The Louvre opened as a museum in 1793.
X <sentinel-no-match-k-031>
D K-032
T K-032 1 FAIL
A The Louvre opened as a museum in 1793.
X <sentinel-no-match-k-032>
D K-033
T K-033 1 FAIL
A Big Ben is a landmark in London.
X <sentinel-no-match-k-033>
D K-034
T K-034 1 FAIL
A The Louvre opened as a museum in 1793.
X <sentinel-no-match-k-034>
D K-035
T K-035 1 FAIL
A The Louvre opened as a museum in 1793.
X <sentinel-no-match-k-035>
D K-036
T K-036 1 FAIL
A The Louvre opened as a museum in 1793.
X <sentinel-no-match-k-036>
D K-037
T K-037 1 FAIL
A The Louvre opened as a museum in 1793.
X <sentinel-no-match-k-037>
D K-038
T K-038 1 FAIL
A The Louvre opened as a museum in 1793.
X <sentinel-no-match-k-038>
D K-039
T K-039 1 FAIL
A The Louvre opened as a museum in 1793.
X <sentinel-no-match-k-039>
D K-040
T K-040 1 FAIL
A The Louvre opened as a museum in 1793.
X <sentinel-no-match-k-040>
D K-041
T K-041 1 FAIL
A Herman Melville wrote the novel Moby Dick.
X <sentinel-no-match-k-041>
D K-042
T K-042 1 FAIL
A Herman Melville wrote the novel Moby Dick.
X <sentinel-no-match-k-042>
D K-043
T K-043 1 FAIL
A Herman Melville wrote the novel Moby Dick.
X <sentinel-no-match-k-043>
D K-044
T K-044 1 FAIL
A Herman Melville wrote the novel Moby Dick.
X <sentinel-no-match-k-044>
D K-045
T K-045 1 FAIL
A Herman Melville wrote the novel Moby Dick.
X <sentinel-no-match-k-045>
D K-046
T K-046 1 FAIL
A Herman Melville wrote the novel Moby Dick.
X <sentinel-no-match-k-046>
D K-047
T K-047 1 FAIL
A Herman Melville wrote the novel Moby Dick.
X <sentinel-no-match-k-047>
D K-048
T K-048 1 FAIL
A Herman Melville wrote the novel Moby Dick.
X <sentinel-no-match-k-048>
D K-049
T K-049 1 FAIL
A Herman Melville wrote the novel Moby Dick.
X <sentinel-no-match-k-049>
D K-050
T K-050 1 FAIL
A Herman Melville wrote the novel Moby Dick.
X <sentinel-no-match-k-050>
D K-051
T K-051 1 FAIL
A Herman Melville wrote the novel Moby Dick.
X <sentinel-no-match-k-051>
D K-052
T K-052 1 FAIL
A Herman Melville wrote the novel Moby Dick.
X <sentinel-no-match-k-052>
D K-053
T K-053 1 FAIL
A Herman Melville wrote the novel Moby Dick.
X <sentinel-no-match-k-053>
D K-054
T K-054 1 FAIL
A The Louvre opened as a museum in 1793.
X <sentinel-no-match-k-054>
D K-055
T K-055 1 FAIL
A Herman Melville wrote the novel Moby Dick.
X <sentinel-no-match-k-055>
D K-056
T K-056 1 FAIL
A Herman Melville wrote the novel Moby Dick.
X <sentinel-no-match-k-056>
D K-057
T K-057 1 FAIL
A Herman Melville wrote the novel Moby Dick.
X <sentinel-no-match-k-057>
D K-058
T K-058 1 FAIL
A The Louvre opened as a museum in 1793.
X <sentinel-no-match-k-058>
D K-059
T K-059 1 FAIL
A Herman Melville wrote the novel Moby Dick.
X <sentinel-no-match-k-059>
D K-060
T K-060 1 FAIL
A Herman Melville wrote the novel Moby Dick.
X <sentinel-no-match-k-060>
D K-061
T K-061 1 FAIL
A Herman Melville wrote the novel Moby Dick.
X <sentinel-no-match-k-061>
D K-062
T K-062 1 FAIL
A Herman Melville wrote the novel Moby Dick.
X <sentinel-no-match-k-062>
D K-063
T K-063 1 FAIL
A Herman Melville wrote the novel Moby Dick.
X <sentinel-no-match-k-063>
D K-064
T K-064 1 FAIL
A Water boils at 100 degrees Celsius at sea level.
X <sentinel-no-match-k-064>
D K-065
T K-065 1 FAIL
A Herman Melville wrote the novel Moby Dick.
X <sentinel-no-match-k-065>
D K-066
T K-066 1 FAIL
A Herman Melville wrote the novel Moby Dick.
X <sentinel-no-match-k-066>
D K-067
T K-067 1 FAIL
A Herman Melville wrote the novel Moby Dick.
X <sentinel-no-match-k-067>
D K-068
T K-068 1 FAIL
A Herman Melville wrote the novel Moby Dick.
X <sentinel-no-match-k-068>
D K-069
T K-069 1 FAIL
A The Amazon River is 6400 kilometers long.
X <sentinel-no-match-k-069>
D K-070
T K-070 1 FAIL
A Water boils at 100 degrees Celsius at sea level.
X <sentinel-no-match-k-070>
D K-071
T K-071 1 FAIL
A Herman Melville wrote the novel Moby Dick.
X <sentinel-no-match-k-071>
D K-072
T K-072 1 FAIL
A Herman Melville wrote the novel Moby Dick.
X <sentinel-no-match-k-072>
D K-073
T K-073 1 FAIL
A Herman Melville wrote the novel Moby Dick.
X <sentinel-no-match-k-073>
D K-074
T K-074 1 FAIL
A Herman Melville wrote the novel Moby Dick.
X <sentinel-no-match-k-074>
D K-075
T K-075 1 FAIL
A Herman Melville wrote the novel Moby Dick.
X <sentinel-no-match-k-075>
D K-076
T K-076 1 FAIL
A Herman Melville wrote the novel Moby Dick.
X <sentinel-no-match-k-076>
D K-077
T K-077 1 FAIL
A Herman Melville wrote the novel Moby Dick.
X <sentinel-no-match-k-077>
D K-078
T K-078 1 FAIL
A Herman Melville wrote the novel Moby Dick.
X <sentinel-no-match-k-078>
D K-079
T K-079 1 FAIL
A Herman Melville wrote the novel Moby Dick.
X <sentinel-no-match-k-079>
D K-080
T K-080 1 FAIL
A The Louvre opened as a museum in 1793.
X <sentinel-no-match-k-080>
D K-081
T K-081 1 FAIL
A Herman Melville wrote the novel Moby Dick.
X <sentinel-no-match-k-081>
D K-082
T K-082 1 FAIL
A Herman Melville wrote the novel Moby Dick.
X <sentinel-no-match-k-082>
D K-083
T K-083 1 FAIL
A The Louvre opened as a museum in 1793.
X <sentinel-no-match-k-083>
D K-084
T K-084 1 FAIL
A Herman Melville wrote the novel Moby Dick.
X <sentinel-no-match-k-084>
D K-085
T K-085 1 FAIL
A Herman Melville wrote the novel Moby Dick.
X <sentinel-no-match-k-085>
D K-086
T K-086 1 FAIL
A Herman Melville wrote the novel Moby Dick.
X <sentinel-no-match-k-086>
D K-087
T K-087 1 FAIL
A Herman Melville wrote the novel Moby Dick.
X <sentinel-no-match-k-087>
D K-088
T K-088 1 FAIL
A Herman Melville wrote the novel Moby Dick.
X <sentinel-no-match-k-088>
D K-089
T K-089 1 FAIL
A Herman Melville wrote the novel Moby Dick.
X <sentinel-no-match-k-089>
D K-090
T K-090 1 FAIL
A The Louvre opened as a museum in 1793.
X <sentinel-no-match-k-090>
D K-091
T K-091 1 FAIL
A Herman Melville wrote the novel Moby Dick.
X <sentinel-no-match-k-091>
D K-092
T K-092 1 FAIL
A Herman Melville wrote the novel Moby Dick.
X <sentinel-no-match-k-092>
D K-093
T K-093 1 FAIL
A Herman Melville wrote the novel Moby Dick.
X <sentinel-no-match-k-093>
D K-094
T K-094 1 FAIL
A The Louvre opened as a museum in 1793.
X <sentinel-no-match-k-094>
D K-095
T K-095 1 FAIL
A Herman Melville wrote the novel Moby Dick.
X <sentinel-no-match-k-095>
D K-096
T K-096 1 FAIL
A Herman Melville wrote the novel Moby Dick.
X <sentinel-no-match-k-096>
D K-097
T K-097 1 FAIL
A Herman Melville wrote the novel Moby Dick.
X <sentinel-no-match-k-097>
D K-098
T K-098 1 FAIL
A Herman Melville wrote the novel Moby Dick.
X <sentinel-no-match-k-098>
D K-099
T K-099 1 FAIL
A Herman Melville wrote the novel Moby Dick.
X <sentinel-no-match-k-099>
D K-100
T K-100 1 FAIL
A Herman Melville wrote the novel Moby Dick.
X <sentinel-no-match-k-100>
D K-101
T K-101 1 FAIL
A Herman Melville wrote the novel Moby Dick.
X <sentinel-no-match-k-101>
D K-102
T K-102 1 FAIL
A Herman Melville wrote the novel Moby Dick.
X <sentinel-no-match-k-102>
D K-103
T K-103 1 FAIL
A Herman Melville wrote the novel Moby Dick.
X <sentinel-no-match-k-103>
D K-104
T K-104 1 FAIL
A Herman Melville wrote the novel Moby Dick.
X <sentinel-no-match-k-104>
D K-105
T K-105 1 FAIL
A Herman Melville wrote the novel Moby Dick.
X <sentinel-no-match-k-105>
D K-106
T K-106 1 FAIL
A Herman Melville wrote the novel Moby Dick.
X <sentinel-no-match-k-106>
D K-107
T K-107 1 FAIL
A Herman Melville wrote the novel Moby Dick.
X <sentinel-no-match-k-107>
D K-108
T K-108 1 FAIL
A Herman Melville wrote the novel Moby Dick.
X <sentinel-no-match-k-108>
D K-109
T K-109 1 FAIL
A Herman Melville wrote the novel Moby Dick.
X <sentinel-no-match-k-109>
D K-110
T K-110 1 FAIL
A Herman Melville wrote the novel Moby Dick.
X <sentinel-no-match-k-110>
D K-111
T K-111 1 FAIL
A Herman Melville wrote the novel Moby Dick.
X <sentinel-no-match-k-111>
D K-112
T K-112 1 FAIL
A Herman Melville wrote the novel Moby Dick.
X <sentinel-no-match-k-112>
D K-113
T K-113 1 FAIL
A Herman Melville wrote the novel Moby Dick.
X <sentinel-no-match-k-113>
D K-114
T K-114 1 FAIL
A Herman Melville wrote the novel Moby Dick.
X <sentinel-no-match-k-114>
D K-115
T K-115 1 FAIL
A Herman Melville wrote the novel Moby Dick.
X <sentinel-no-match-k-115>
D K-116
T K-116 1 FAIL
A Herman Melville wrote the novel Moby Dick.
X <sentinel-no-match-k-116>
D K-117
T K-117 1 FAIL
A Herman Melville wrote the novel Moby Dick.
X <sentinel-no-match-k-117>
D K-118
T K-118 1 FAIL
A Herman Melville wrote the novel Moby Dick.
X <sentinel-no-match-k-118>
D K-119
T K-119 1 FAIL
A Herman Melville wrote the novel Moby Dick.
X <sentinel-no-match-k-119>
D K-120
T K-120 1 FAIL
A Herman Melville wrote the novel Moby Dick.
X <sentinel-no-match-k-120>
D K-121
T K-121 1 FAIL
A Herman Melville wrote the novel Moby Dick.
X <sentinel-no-match-k-121>
D K-122
T K-122 1 FAIL
A Herman Melville wrote the novel Moby Dick.
X <sentinel-no-match-k-122>
D K-123
T K-123 1 FAIL
A Herman Melville wrote the novel Moby Dick.
X <sentinel-no-match-k-123>
D K-124
T K-124 1 FAIL
A Herman Melville wrote the novel Moby Dick.
X <sentinel-no-match-k-124>
D K-125
T K-125 1 FAIL
A Herman Melville wrote the novel Moby Dick.
X <sentinel-no-match-k-125>
D K-126
T K-126 1 FAIL
A Herman Melville wrote the novel Moby Dick.
X <sentinel-no-match-k-126>
D K-127
T K-127 1 FAIL
A Herman Melville wrote the novel Moby Dick.
X <sentinel-no-match-k-127>
D K-128
T K-128 1 FAIL
A Herman Melville wrote the novel Moby Dick.
X <sentinel-no-match-k-128>
D K-129
T K-129 1 FAIL
A Herman Melville wrote the novel Moby Dick.
X <sentinel-no-match-k-129>
D K-130
T K-130 1 FAIL
A Herman Melville wrote the novel Moby Dick.
X <sentinel-no-match-k-130>
D K-131
T K-131 1 FAIL
A Herman Melville wrote the novel Moby Dick.
X <sentinel-no-match-k-131>
D K-132
T K-132 1 FAIL
A Herman Melville wrote the novel Moby Dick.
X <sentinel-no-match-k-132>
D K-133
T K-133 1 FAIL
A Herman Melville wrote the novel Moby Dick.
X <sentinel-no-match-k-133>
D K-134
T K-134 1 FAIL
A Herman Melville wrote the novel Moby Dick.
X <sentinel-no-match-k-134>
D K-135
T K-135 1 FAIL
A Herman Melville wrote the novel Moby Dick.
X <sentinel-no-match-k-135>
D K-136
T K-136 1 FAIL
A Herman Melville wrote the novel Moby Dick.
X <sentinel-no-match-k-136>
D K-137
T K-137 1 FAIL
A Herman Melville wrote the novel Moby Dick.
X <sentinel-no-match-k-137>
D K-138
T K-138 1 FAIL
A Herman Melville wrote the novel Moby Dick.
X <sentinel-no-match-k-138>
D K-139
T K-139 1 FAIL
A Herman Melville wrote the novel Moby Dick.
X <sentinel-no-match-k-139>
D K-140
T K-140 1 FAIL
A Herman Melville wrote the novel Moby Dick.
X <sentinel-no-match-k-140>
D K-141
T K-141 1 FAIL
A Herman Melville wrote the novel Moby Dick.
X <sentinel-no-match-k-141>
D K-142
T K-142 1 FAIL
A Herman Melville wrote the novel Moby Dick.
X <sentinel-no-match-k-142>
D K-143
T K-143 1 FAIL
A Herman Melville wrote the novel Moby Dick.
X <sentinel-no-match-k-143>
D K-144
T K-144 1 FAIL
A Herman Melville wrote the novel Moby Dick.
X <sentinel-no-match-k-144>
D K-145
T K-145 1 FAIL
A Herman Melville wrote the novel Moby Dick.
X <sentinel-no-match-k-145>
D K-146
T K-146 1 FAIL
A Herman Melville wrote the novel Moby Dick.
X <sentinel-no-match-k-146>
D K-147
T K-147 1 FAIL
A Herman Melville wrote the novel Moby Dick.
X <sentinel-no-match-k-147>
D K-148
T K-148 1 FAIL
A Herman Melville wrote the novel Moby Dick.
X <sentinel-no-match-k-148>
D K-149
T K-149 1 FAIL
A Herman Melville wrote the novel Moby Dick.
X <sentinel-no-match-k-149>
D K-150
T K-150 1 FAIL
A Herman Melville wrote the novel Moby Dick.
X <sentinel-no-match-k-150>
D K-151
T K-151 1 FAIL
A Paris is the capital of France.
X <sentinel-no-match-k-151>
D K-152
T K-152 1 FAIL
A Herman Melville wrote the novel Moby Dick.
X <sentinel-no-match-k-152>
D K-153
T K-153 1 FAIL
A Herman Melville wrote the novel Moby Dick.
X <sentinel-no-match-k-153>
D K-154
T K-154 1 FAIL
A Paris is the capital of France.
X <sentinel-no-match-k-154>
D K-155
T K-155 1 FAIL
A Herman Melville wrote the novel Moby Dick.
X <sentinel-no-match-k-155>
D K-156
T K-156 1 FAIL
A The Amazon River is 6400 kilometers long.
X <sentinel-no-match-k-156>
D K-157
T K-157 1 FAIL
A Herman Melville wrote the novel Moby Dick.
X <sentinel-no-match-k-157>
D K-158
T K-158 1 FAIL
A Paris is the capital of France.
X <sentinel-no-match-k-158>
D K-159
T K-159 1 FAIL
A Herman Melville wrote the novel Moby Dick.
X <sentinel-no-match-k-159>
D K-160
T K-160 1 FAIL
A The Eiffel Tower is in Paris.
X <sentinel-no-match-k-160>
D K-161
T K-161 1 FAIL
A Herman Melville wrote the novel Moby Dick.
X <sentinel-no-match-k-161>
D K-162
T K-162 1 FAIL
A Herman Melville wrote the novel Moby Dick.
X <sentinel-no-match-k-162>
D K-163
T K-163 1 FAIL
A Herman Melville wrote the novel Moby Dick.
X <sentinel-no-match-k-163>
D K-164
T K-164 1 FAIL
A Andy Weir wrote The Martian.
X <sentinel-no-match-k-164>
D K-165
T K-165 1 FAIL
A Paris is the capital of France.
X <sentinel-no-match-k-165>
D K-166
T K-166 1 FAIL
A Herman Melville wrote the novel Moby Dick.
X <sentinel-no-match-k-166>
D K-167
T K-167 1 FAIL
A Herman Melville wrote the novel Moby Dick.
X <sentinel-no-match-k-167>
D K-168
T K-168 1 FAIL
A Herman Melville wrote the novel Moby Dick.
X <sentinel-no-match-k-168>
D K-169
T K-169 1 FAIL
A Herman Melville wrote the novel Moby Dick.
X <sentinel-no-match-k-169>
D K-170
T K-170 1 FAIL
A Paris is the capital of France.
X <sentinel-no-match-k-170>
D K-171
T K-171 1 FAIL
A Herman Melville wrote the novel Moby Dick.
X <sentinel-no-match-k-171>
D K-172
T K-172 1 FAIL
A The Amazon River is 6400 kilometers long.
X <sentinel-no-match-k-172>
D K-173
T K-173 1 FAIL
A Herman Melville wrote the novel Moby Dick.
X <sentinel-no-match-k-173>
D K-174
T K-174 1 FAIL
A Andy Weir wrote The Martian.
X <sentinel-no-match-k-174>
D K-175
T K-175 1 FAIL
A Herman Melville wrote the novel Moby Dick.
X <sentinel-no-match-k-175>
D K-176
T K-176 1 FAIL
A Paris is the capital of France.
X <sentinel-no-match-k-176>
D K-177
T K-177 1 FAIL
A Herman Melville wrote the novel Moby Dick.
X <sentinel-no-match-k-177>
D K-178
T K-178 1 FAIL
A Herman Melville wrote the novel Moby Dick.
X <sentinel-no-match-k-178>
D K-179
T K-179 1 FAIL
A Herman Melville wrote the novel Moby Dick.
X <sentinel-no-match-k-179>
D K-180
T K-180 1 FAIL
A The Colosseum is in Rome.
X <sentinel-no-match-k-180>
D K-181
T K-181 1 FAIL
A Herman Melville wrote the novel Moby Dick.
X <sentinel-no-match-k-181>
D K-182
T K-182 1 FAIL
A The Eiffel Tower was built in 1889.
X <sentinel-no-match-k-182>
D K-183
T K-183 1 FAIL
A Paris is the capital of France.
X <sentinel-no-match-k-183>
D K-184
T K-184 1 FAIL
A Jane Austen wrote the novel Pride and Prejudice.
X <sentinel-no-match-k-184>
D K-185
T K-185 1 FAIL
A Charles Darwin was born in 1809.
X <sentinel-no-match-k-185>
D K-186
T K-186 1 FAIL
A The Eiffel Tower is 330 meters tall.
X <sentinel-no-match-k-186>
D K-187
T K-187 1 FAIL
A Marie Curie discovered radium.
X <sentinel-no-match-k-187>
D K-188
T K-188 1 FAIL
A The Louvre opened as a museum in 1793.
X <sentinel-no-match-k-188>
D K-189
T K-189 1 FAIL
A Big Ben is 96 meters tall.
X <sentinel-no-match-k-189>
D K-190
T K-190 1 FAIL
A Water boils at 100 degrees Celsius at sea level.
X <sentinel-no-match-k-190>
D K-191
T K-191 1 FAIL
A Paris is the capital of France.
X <sentinel-no-match-k-191>
D K-192
T K-192 1 FAIL
A Herman Melville wrote the novel Moby Dick.
X <sentinel-no-match-k-192>
D K-193
T K-193 1 FAIL
A Herman Melville wrote the novel Moby Dick.
X <sentinel-no-match-k-193>
D K-194
T K-194 1 FAIL
A Marie Curie won the Nobel Prize in 1903.
X <sentinel-no-match-k-194>
D K-195
T K-195 1 FAIL
A The Eiffel Tower is in Paris.
X <sentinel-no-match-k-195>
D K-196
T K-196 1 FAIL
A Herman Melville wrote the novel Moby Dick.
X <sentinel-no-match-k-196>
D K-197
T K-197 1 FAIL
A Marie Curie was born in 1867.
X <sentinel-no-match-k-197>
D K-198
T K-198 1 FAIL
A Paris is the capital of France.
X <sentinel-no-match-k-198>
D K-199
T K-199 1 FAIL
A Herman Melville wrote the novel Moby Dick.
X <sentinel-no-match-k-199>
D K-200
T K-200 1 FAIL
A The Eiffel Tower is 330 meters tall.
X <sentinel-no-match-k-200>
SECTION FOLLOWUP 0/0
SECTION CORRECTION 0/0
SECTION REFERENT 0/0
SECTION WEIRD 0/0
SECTION WEIRD_CLEAN 0/0
SECTION TOPIC 0/200
SECTION CONTRADICT 0/0
SECTION COMPOSE 0/0
DIGEST f7ec24a9ff45fd03d64167cdfaf991937f9f78be71adc9d50cb7a303cce719d6
