Research/R33_NATIVE_N10_RUN_PRIMARY_V1/parent-map/raw-2.bin: OK
Research/R33_NATIVE_N10_RUN_PRIMARY_V1/parent-map/nodes-5.bin: OK
Research/R33_NATIVE_N10_RUN_PRIMARY_V1/parent-map/raw-44.bin: OK
Research/R33_NATIVE_N10_RUN_PRIMARY_V1/parent-map/raw-50.bin: OK
Research/R33_NATIVE_N10_RUN_PRIMARY_V1/parent-map/nodes-43.bin: OK
Research/R33_NATIVE_N10_RUN_PRIMARY_V1/parent-map/nodes-57.bin: OK
Research/R33_NATIVE_N10_RUN_PRIMARY_V1/parent-map/nodes-56.bin: OK
Research/R33_NATIVE_N10_RUN_PRIMARY_V1/parent-map/nodes-42.bin: OK
Research/R33_NATIVE_N10_RUN_PRIMARY_V1/parent-map/raw-51.bin: OK
Research/R33_NATIVE_N10_RUN_PRIMARY_V1/parent-map/raw-45.bin: OK
Research/R33_NATIVE_N10_RUN_PRIMARY_V1/parent-map/nodes-4.bin: OK
Research/R33_NATIVE_N10_RUN_PRIMARY_V1/parent-map/raw-3.bin: OK
Research/R33_NATIVE_N10_RUN_PRIMARY_V1/parent-map/raw-1.bin: OK
Research/R33_NATIVE_N10_RUN_PRIMARY_V1/parent-map/nodes-6.bin: OK
Research/R33_NATIVE_N10_RUN_PRIMARY_V1/parent-map/raw-53.bin: OK
Research/R33_NATIVE_N10_RUN_PRIMARY_V1/parent-map/raw-47.bin: OK
Research/R33_NATIVE_N10_RUN_PRIMARY_V1/parent-map/nodes-54.bin: OK
Research/R33_NATIVE_N10_RUN_PRIMARY_V1/parent-map/nodes-40.bin: OK
Research/R33_NATIVE_N10_RUN_PRIMARY_V1/parent-map/nodes-41.bin: OK
Research/R33_NATIVE_N10_RUN_PRIMARY_V1/parent-map/nodes-55.bin: OK
Research/R33_NATIVE_N10_RUN_PRIMARY_V1/parent-map/raw-46.bin: OK
Research/R33_NATIVE_N10_RUN_PRIMARY_V1/parent-map/raw-52.bin: OK
Research/R33_NATIVE_N10_RUN_PRIMARY_V1/parent-map/nodes-7.bin: OK
Research/R33_NATIVE_N10_RUN_PRIMARY_V1/parent-map/raw-4.bin: OK
Research/R33_NATIVE_N10_RUN_PRIMARY_V1/parent-map/nodes-3.bin: OK
Research/R33_NATIVE_N10_RUN_PRIMARY_V1/parent-map/raw-56.bin: OK
Research/R33_NATIVE_N10_RUN_PRIMARY_V1/parent-map/raw-42.bin: OK
Research/R33_NATIVE_N10_RUN_PRIMARY_V1/parent-map/nodes-51.bin: OK
Research/R33_NATIVE_N10_RUN_PRIMARY_V1/parent-map/nodes-45.bin: OK
Research/R33_NATIVE_N10_RUN_PRIMARY_V1/parent-map/nodes-44.bin: OK
Research/R33_NATIVE_N10_RUN_PRIMARY_V1/parent-map/nodes-50.bin: OK
Research/R33_NATIVE_N10_RUN_PRIMARY_V1/parent-map/raw-43.bin: OK
Research/R33_NATIVE_N10_RUN_PRIMARY_V1/parent-map/raw-57.bin: OK
Research/R33_NATIVE_N10_RUN_PRIMARY_V1/parent-map/nodes-2.bin: OK
Research/R33_NATIVE_N10_RUN_PRIMARY_V1/parent-map/raw-5.bin: OK
Research/R33_NATIVE_N10_RUN_PRIMARY_V1/parent-map/raw-7.bin: OK
Research/R33_NATIVE_N10_RUN_PRIMARY_V1/parent-map/raw-41.bin: OK
Research/R33_NATIVE_N10_RUN_PRIMARY_V1/parent-map/raw-55.bin: OK
Research/R33_NATIVE_N10_RUN_PRIMARY_V1/parent-map/nodes-46.bin: OK
Research/R33_NATIVE_N10_RUN_PRIMARY_V1/parent-map/nodes-52.bin: OK
Research/R33_NATIVE_N10_RUN_PRIMARY_V1/parent-map/nodes-53.bin: OK
Research/R33_NATIVE_N10_RUN_PRIMARY_V1/parent-map/nodes-47.bin: OK
Research/R33_NATIVE_N10_RUN_PRIMARY_V1/parent-map/manifest.bin: OK
Research/R33_NATIVE_N10_RUN_PRIMARY_V1/parent-map/raw-54.bin: OK
Research/R33_NATIVE_N10_RUN_PRIMARY_V1/parent-map/raw-40.bin: OK
Research/R33_NATIVE_N10_RUN_PRIMARY_V1/parent-map/nodes-1.bin: OK
Research/R33_NATIVE_N10_RUN_PRIMARY_V1/parent-map/raw-6.bin: OK
Research/R33_NATIVE_N10_RUN_PRIMARY_V1/parent-map/edges-1.bin: OK
Research/R33_NATIVE_N10_RUN_PRIMARY_V1/parent-map/raw-27.bin: OK
Research/R33_NATIVE_N10_RUN_PRIMARY_V1/parent-map/raw-33.bin: OK
Research/R33_NATIVE_N10_RUN_PRIMARY_V1/parent-map/nodes-20.bin: OK
Research/R33_NATIVE_N10_RUN_PRIMARY_V1/parent-map/nodes-34.bin: OK
Research/R33_NATIVE_N10_RUN_PRIMARY_V1/parent-map/nodes-35.bin: OK
Research/R33_NATIVE_N10_RUN_PRIMARY_V1/parent-map/nodes-21.bin: OK
Research/R33_NATIVE_N10_RUN_PRIMARY_V1/parent-map/raw-32.bin: OK
Research/R33_NATIVE_N10_RUN_PRIMARY_V1/parent-map/raw-26.bin: OK
Research/R33_NATIVE_N10_RUN_PRIMARY_V1/parent-map/edges-2.bin: OK
Research/R33_NATIVE_N10_RUN_PRIMARY_V1/parent-map/raw-18.bin: OK
Research/R33_NATIVE_N10_RUN_PRIMARY_V1/parent-map/raw-30.bin: OK
Research/R33_NATIVE_N10_RUN_PRIMARY_V1/parent-map/raw-24.bin: OK
Research/R33_NATIVE_N10_RUN_PRIMARY_V1/parent-map/nodes-37.bin: OK
Research/R33_NATIVE_N10_RUN_PRIMARY_V1/parent-map/nodes-23.bin: OK
Research/R33_NATIVE_N10_RUN_PRIMARY_V1/parent-map/nodes-22.bin: OK
Research/R33_NATIVE_N10_RUN_PRIMARY_V1/parent-map/nodes-36.bin: OK
Research/R33_NATIVE_N10_RUN_PRIMARY_V1/parent-map/raw-25.bin: OK
Research/R33_NATIVE_N10_RUN_PRIMARY_V1/parent-map/raw-31.bin: OK
Research/R33_NATIVE_N10_RUN_PRIMARY_V1/parent-map/raw-19.bin: OK
Research/R33_NATIVE_N10_RUN_PRIMARY_V1/parent-map/edges-3.bin: OK
Research/R33_NATIVE_N10_RUN_PRIMARY_V1/parent-map/edges-7.bin: OK
Research/R33_NATIVE_N10_RUN_PRIMARY_V1/parent-map/raw-35.bin: OK
Research/R33_NATIVE_N10_RUN_PRIMARY_V1/parent-map/raw-21.bin: OK
Research/R33_NATIVE_N10_RUN_PRIMARY_V1/parent-map/nodes-32.bin: OK
Research/R33_NATIVE_N10_RUN_PRIMARY_V1/parent-map/nodes-26.bin: OK
Research/R33_NATIVE_N10_RUN_PRIMARY_V1/parent-map/nodes-27.bin: OK
Research/R33_NATIVE_N10_RUN_PRIMARY_V1/parent-map/nodes-33.bin: OK
Research/R33_NATIVE_N10_RUN_PRIMARY_V1/parent-map/raw-20.bin: OK
Research/R33_NATIVE_N10_RUN_PRIMARY_V1/parent-map/raw-34.bin: OK
Research/R33_NATIVE_N10_RUN_PRIMARY_V1/parent-map/edges-6.bin: OK
Research/R33_NATIVE_N10_RUN_PRIMARY_V1/parent-map/edges-4.bin: OK
Research/R33_NATIVE_N10_RUN_PRIMARY_V1/parent-map/globals-1.bin: OK
Research/R33_NATIVE_N10_RUN_PRIMARY_V1/parent-map/raw-22.bin: OK
Research/R33_NATIVE_N10_RUN_PRIMARY_V1/parent-map/raw-36.bin: OK
Research/R33_NATIVE_N10_RUN_PRIMARY_V1/parent-map/nodes-19.bin: OK
Research/R33_NATIVE_N10_RUN_PRIMARY_V1/parent-map/nodes-25.bin: OK
Research/R33_NATIVE_N10_RUN_PRIMARY_V1/parent-map/nodes-31.bin: OK
Research/R33_NATIVE_N10_RUN_PRIMARY_V1/parent-map/nodes-30.bin: OK
Research/R33_NATIVE_N10_RUN_PRIMARY_V1/parent-map/nodes-24.bin: OK
Research/R33_NATIVE_N10_RUN_PRIMARY_V1/parent-map/nodes-18.bin: OK
Research/R33_NATIVE_N10_RUN_PRIMARY_V1/parent-map/raw-37.bin: OK
Research/R33_NATIVE_N10_RUN_PRIMARY_V1/parent-map/raw-23.bin: OK
Research/R33_NATIVE_N10_RUN_PRIMARY_V1/parent-map/edges-5.bin: OK
Research/R33_NATIVE_N10_RUN_PRIMARY_V1/parent-map/edges-8.bin: OK
Research/R33_NATIVE_N10_RUN_PRIMARY_V1/parent-map/raw-12.bin: OK
Research/R33_NATIVE_N10_RUN_PRIMARY_V1/parent-map/nodes-15.bin: OK
Research/R33_NATIVE_N10_RUN_PRIMARY_V1/parent-map/nodes-29.bin: OK
Research/R33_NATIVE_N10_RUN_PRIMARY_V1/parent-map/nodes-28.bin: OK
Research/R33_NATIVE_N10_RUN_PRIMARY_V1/parent-map/nodes-14.bin: OK
Research/R33_NATIVE_N10_RUN_PRIMARY_V1/parent-map/raw-13.bin: OK
Research/R33_NATIVE_N10_RUN_PRIMARY_V1/parent-map/edges-9.bin: OK
Research/R33_NATIVE_N10_RUN_PRIMARY_V1/parent-map/raw-39.bin: OK
Research/R33_NATIVE_N10_RUN_PRIMARY_V1/parent-map/raw-11.bin: OK
Research/R33_NATIVE_N10_RUN_PRIMARY_V1/parent-map/nodes-16.bin: OK
Research/R33_NATIVE_N10_RUN_PRIMARY_V1/parent-map/nodes-17.bin: OK
Research/R33_NATIVE_N10_RUN_PRIMARY_V1/parent-map/raw-10.bin: OK
Research/R33_NATIVE_N10_RUN_PRIMARY_V1/parent-map/raw-38.bin: OK
Research/R33_NATIVE_N10_RUN_PRIMARY_V1/parent-map/raw-14.bin: OK
Research/R33_NATIVE_N10_RUN_PRIMARY_V1/parent-map/raw-28.bin: OK
Research/R33_NATIVE_N10_RUN_PRIMARY_V1/parent-map/nodes-13.bin: OK
Research/R33_NATIVE_N10_RUN_PRIMARY_V1/parent-map/nodes-12.bin: OK
Research/R33_NATIVE_N10_RUN_PRIMARY_V1/parent-map/raw-29.bin: OK
Research/R33_NATIVE_N10_RUN_PRIMARY_V1/parent-map/raw-15.bin: OK
Research/R33_NATIVE_N10_RUN_PRIMARY_V1/parent-map/raw-17.bin: OK
Research/R33_NATIVE_N10_RUN_PRIMARY_V1/parent-map/nodes-38.bin: OK
Research/R33_NATIVE_N10_RUN_PRIMARY_V1/parent-map/nodes-10.bin: OK
Research/R33_NATIVE_N10_RUN_PRIMARY_V1/parent-map/opcodes-1.bin: OK
Research/R33_NATIVE_N10_RUN_PRIMARY_V1/parent-map/nodes-11.bin: OK
Research/R33_NATIVE_N10_RUN_PRIMARY_V1/parent-map/nodes-39.bin: OK
Research/R33_NATIVE_N10_RUN_PRIMARY_V1/parent-map/raw-16.bin: OK
Research/R33_NATIVE_N10_RUN_PRIMARY_V1/parent-map/edges-15.bin: OK
Research/R33_NATIVE_N10_RUN_PRIMARY_V1/parent-map/memo-1.bin: OK
Research/R33_NATIVE_N10_RUN_PRIMARY_V1/parent-map/raw-59.bin: OK
Research/R33_NATIVE_N10_RUN_PRIMARY_V1/parent-map/raw-65.bin: OK
Research/R33_NATIVE_N10_RUN_PRIMARY_V1/parent-map/nodes-62.bin: OK
Research/R33_NATIVE_N10_RUN_PRIMARY_V1/parent-map/nodes-63.bin: OK
Research/R33_NATIVE_N10_RUN_PRIMARY_V1/parent-map/raw-64.bin: OK
Research/R33_NATIVE_N10_RUN_PRIMARY_V1/parent-map/raw-58.bin: OK
Research/R33_NATIVE_N10_RUN_PRIMARY_V1/parent-map/edges-14.bin: OK
Research/R33_NATIVE_N10_RUN_PRIMARY_V1/parent-map/edges-16.bin: OK
Research/R33_NATIVE_N10_RUN_PRIMARY_V1/parent-map/memo-2.bin: OK
Research/R33_NATIVE_N10_RUN_PRIMARY_V1/parent-map/raw-8.bin: OK
Research/R33_NATIVE_N10_RUN_PRIMARY_V1/parent-map/raw-66.bin: OK
Research/R33_NATIVE_N10_RUN_PRIMARY_V1/parent-map/nodes-61.bin: OK
Research/R33_NATIVE_N10_RUN_PRIMARY_V1/parent-map/nodes-49.bin: OK
Research/R33_NATIVE_N10_RUN_PRIMARY_V1/parent-map/nodes-48.bin: OK
Research/R33_NATIVE_N10_RUN_PRIMARY_V1/parent-map/nodes-60.bin: OK
Research/R33_NATIVE_N10_RUN_PRIMARY_V1/parent-map/raw-67.bin: OK
Research/R33_NATIVE_N10_RUN_PRIMARY_V1/parent-map/raw-9.bin: OK
Research/R33_NATIVE_N10_RUN_PRIMARY_V1/parent-map/memo-3.bin: OK
Research/R33_NATIVE_N10_RUN_PRIMARY_V1/parent-map/edges-17.bin: OK
Research/R33_NATIVE_N10_RUN_PRIMARY_V1/parent-map/edges-13.bin: OK
Research/R33_NATIVE_N10_RUN_PRIMARY_V1/parent-map/raw-63.bin: OK
Research/R33_NATIVE_N10_RUN_PRIMARY_V1/parent-map/nodes-58.bin: OK
Research/R33_NATIVE_N10_RUN_PRIMARY_V1/parent-map/nodes-59.bin: OK
Research/R33_NATIVE_N10_RUN_PRIMARY_V1/parent-map/raw-62.bin: OK
Research/R33_NATIVE_N10_RUN_PRIMARY_V1/parent-map/edges-12.bin: OK
Research/R33_NATIVE_N10_RUN_PRIMARY_V1/parent-map/edges-10.bin: OK
Research/R33_NATIVE_N10_RUN_PRIMARY_V1/parent-map/nodes-9.bin: OK
Research/R33_NATIVE_N10_RUN_PRIMARY_V1/parent-map/raw-60.bin: OK
Research/R33_NATIVE_N10_RUN_PRIMARY_V1/parent-map/raw-48.bin: OK
Research/R33_NATIVE_N10_RUN_PRIMARY_V1/parent-map/raw-49.bin: OK
Research/R33_NATIVE_N10_RUN_PRIMARY_V1/parent-map/raw-61.bin: OK
Research/R33_NATIVE_N10_RUN_PRIMARY_V1/parent-map/nodes-8.bin: OK
Research/R33_NATIVE_N10_RUN_PRIMARY_V1/parent-map/edges-11.bin: OK
