EP 0 x0=3 x1=4 pred=0 true=14 err=14
EP 1 x0=0 x1=0 pred=0 true=0 err=0
EP 2 x0=1 x1=0 pred=0 true=2 err=2
TRIGGER 2 winfail=2 win=3 buf=3
CONSTRUCT 2 0 NODE id=0 op=ADD p1=0 p2=8 p3=8 err_before=16 err_after=8
CONSTRUCT 2 1 NODE id=1 op=ADD p1=0 p2=0 p3=0 err_before=8 err_after=4
STALL 2 nodes=3 buf_err=4
EP 3 x0=0 x1=0 pred=0 true=0 err=0
EP 4 x0=1 x1=3 pred=4 true=8 err=4
EP 5 x0=2 x1=4 pred=8 true=12 err=4
TRIGGER 5 winfail=2 win=3 buf=6
CONSTRUCT 5 0 NODE id=2 op=ADD p1=0 p2=0 p3=9 err_before=12 err_after=5
STALL 5 nodes=4 buf_err=5
EP 6 x0=1 x1=1 pred=5 true=4 err=1
EP 7 x0=2 x1=2 pred=10 true=8 err=2
TRIGGER 7 winfail=2 win=2 buf=8
STALL 7 nodes=4 buf_err=8
EP 8 x0=3 x1=4 pred=16 true=14 err=2
EP 9 x0=4 x1=3 pred=19 true=14 err=5
TRIGGER 9 winfail=2 win=2 buf=8
STALL 9 nodes=4 buf_err=13
EP 10 x0=4 x1=2 pred=18 true=12 err=6
EP 11 x0=4 x1=4 pred=20 true=16 err=4
TRIGGER 11 winfail=2 win=2 buf=8
STALL 11 nodes=4 buf_err=21
EP 12 x0=1 x1=3 pred=7 true=8 err=1
EP 13 x0=0 x1=2 pred=2 true=4 err=2
TRIGGER 13 winfail=2 win=2 buf=8
STALL 13 nodes=4 buf_err=23
EP 14 x0=3 x1=1 pred=13 true=8 err=5
EP 15 x0=1 x1=4 pred=8 true=10 err=2
TRIGGER 15 winfail=2 win=2 buf=8
STALL 15 nodes=4 buf_err=27
EP 16 x0=2 x1=4 pred=12 true=12 err=0
EP 17 x0=1 x1=2 pred=6 true=6 err=0
EP 18 x0=3 x1=3 pred=15 true=12 err=3
EP 19 x0=0 x1=2 pred=2 true=4 err=2
TRIGGER 19 winfail=2 win=4 buf=8
STALL 19 nodes=4 buf_err=15
EP 20 x0=2 x1=1 pred=9 true=6 err=3
EP 21 x0=2 x1=2 pred=10 true=8 err=2
TRIGGER 21 winfail=2 win=2 buf=8
STALL 21 nodes=4 buf_err=17
EP 22 x0=1 x1=2 pred=6 true=6 err=0
EP 23 x0=1 x1=1 pred=5 true=4 err=1
EXEC main 24
SUMMARY episodes=24 constructs=3 supersedes=0 stalls=9 main_nodes=4
