B_SECTION,R27.evidence
B_NODE,0,375106,11,
B_EDGE,375106,0,category_initial,375108
B_NODE,1,375108,11,
B_EDGE,375108,0,entity_clean_accuracy,375110
B_NODE,2,375110,5,3fd38e38e38e38e4
B_EDGE,375108,1,entity_noisy_accuracy,375112
B_NODE,2,375112,5,3fdc71c71c71c71c
B_EDGE,375108,2,heldout_category_clean_accuracy,375114
B_NODE,2,375114,5,3fd5555555555555
B_EDGE,375108,3,heldout_category_noisy_accuracy,375116
B_NODE,2,375116,5,3fc5555555555555
B_EDGE,375108,4,one_shot_category_name_clean,375118
B_NODE,2,375118,5,3fd5555555555555
B_EDGE,375108,5,one_shot_category_name_noisy,375120
B_NODE,2,375120,5,0000000000000000
B_EDGE,375108,6,heldout_details,375122
B_NODE,2,375122,9,
B_EDGE,375122,0,375123
B_NODE,3,375123,11,
B_EDGE,375123,0,category_id,375125
B_NODE,4,375125,3,0
B_EDGE,375123,1,clean,375127
B_NODE,4,375127,9,
B_EDGE,375127,0,375128
B_NODE,5,375128,3,0
B_EDGE,375127,1,375129
B_NODE,5,375129,3,2
B_EDGE,375127,2,375130
B_NODE,5,375130,3,2
B_EDGE,375127,3,375131
B_NODE,5,375131,3,2
B_EDGE,375123,2,noisy,375133
B_NODE,4,375133,9,
B_EDGE,375133,0,375134
B_NODE,5,375134,3,1
B_EDGE,375133,1,375135
B_NODE,5,375135,3,1
B_EDGE,375133,2,375136
B_NODE,5,375136,3,0
B_EDGE,375133,3,375137
B_NODE,5,375137,3,1
B_EDGE,375122,1,375138
B_NODE,3,375138,11,
B_EDGE,375138,0,category_id,375139
B_NODE,4,375139,3,1
B_EDGE,375138,1,clean,375140
B_NODE,4,375140,9,
B_EDGE,375140,0,375141
B_NODE,5,375141,3,0
B_EDGE,375140,1,375142
B_NODE,5,375142,3,1
B_EDGE,375140,2,375143
B_NODE,5,375143,3,1
B_EDGE,375140,3,375144
B_NODE,5,375144,3,0
B_EDGE,375138,2,noisy,375145
B_NODE,4,375145,9,
B_EDGE,375145,0,375146
B_NODE,5,375146,3,1
B_EDGE,375145,1,375147
B_NODE,5,375147,3,2
B_EDGE,375145,2,375148
B_NODE,5,375148,3,2
B_EDGE,375145,3,375149
B_NODE,5,375149,3,2
B_EDGE,375122,2,375150
B_NODE,3,375150,11,
B_EDGE,375150,0,category_id,375151
B_NODE,4,375151,3,2
B_EDGE,375150,1,clean,375152
B_NODE,4,375152,9,
B_EDGE,375152,0,375153
B_NODE,5,375153,3,0
B_EDGE,375152,1,375154
B_NODE,5,375154,3,2
B_EDGE,375152,2,375155
B_NODE,5,375155,3,0
B_EDGE,375152,3,375156
B_NODE,5,375156,3,0
B_EDGE,375150,2,noisy,375157
B_NODE,4,375157,9,
B_EDGE,375157,0,375158
B_NODE,5,375158,3,0
B_EDGE,375157,1,375159
B_NODE,5,375159,3,0
B_EDGE,375157,2,375160
B_NODE,5,375160,3,0
B_EDGE,375157,3,375161
B_NODE,5,375161,3,0
B_EDGE,375108,7,video,375163
B_NODE,2,375163,6,artifacts/r27/r27_category_holdout_video.mp4
B_EDGE,375108,8,decision,375165
B_NODE,2,375165,6,PARTIAL
B_EDGE,375108,9,boundary,375167
B_NODE,2,375167,6,3 evaluator categories x 4 distinct natural-image instances. Fourth instance/category is held out from category training. Category IDs/name strings are external; raw visual learner uses anonymous IDs and raw-pixel PAM evidence. Videos are constructed from natural still images, not unrestricted camera life.
B_EDGE,375106,1,category_dose,375169
B_NODE,1,375169,11,
B_EDGE,375169,0,dose_curve,375171
B_NODE,2,375171,9,
B_EDGE,375171,0,375172
B_NODE,3,375172,11,
B_EDGE,375172,0,training_entities_per_category,375173
B_NODE,4,375173,3,2
B_EDGE,375172,1,heldout_category_accuracy,375174
B_NODE,4,375174,5,3fd38e38e38e38e3
B_EDGE,375172,2,runs,375175
B_NODE,4,375175,9,
B_EDGE,375175,0,375176
B_NODE,5,375176,5,3fd0000000000000
B_EDGE,375175,1,375177
B_NODE,5,375177,5,0000000000000000
B_EDGE,375175,2,375178
B_NODE,5,375178,5,3fe5555555555555
B_EDGE,375171,1,375179
B_NODE,3,375179,11,
B_EDGE,375179,0,training_entities_per_category,375180
B_NODE,4,375180,3,4
B_EDGE,375179,1,heldout_category_accuracy,375181
B_NODE,4,375181,5,3fdaaaaaaaaaaaab
B_EDGE,375179,2,runs,375182
B_NODE,4,375182,9,
B_EDGE,375182,0,375183
B_NODE,5,375183,5,3fe5555555555555
B_EDGE,375182,1,375184
B_NODE,5,375184,5,3fd0000000000000
B_EDGE,375182,2,375185
B_NODE,5,375185,5,3fd5555555555555
B_EDGE,375171,2,375186
B_NODE,3,375186,11,
B_EDGE,375186,0,training_entities_per_category,375187
B_NODE,4,375187,3,5
B_EDGE,375186,1,heldout_category_accuracy,375188
B_NODE,4,375188,5,3fdc71c71c71c71c
B_EDGE,375186,2,runs,375189
B_NODE,4,375189,9,
B_EDGE,375189,0,375190
B_NODE,5,375190,5,3fdaaaaaaaaaaaab
B_EDGE,375189,1,375191
B_NODE,5,375191,5,3fe2aaaaaaaaaaab
B_EDGE,375189,2,375192
B_NODE,5,375192,5,3fd5555555555555
B_EDGE,375169,1,gain,375194
B_NODE,2,375194,5,3fc1c71c71c71c72
B_EDGE,375169,2,decision,375196
B_NODE,2,375196,6,CONTINUE_CATEGORY_TRAINING
B_EDGE,375169,3,boundary,375198
B_NODE,2,375198,6,more independent natural entities per external category, same raw-pixel PAM architecture; category labels are anonymous teaching signals and held-out entity is never trained.
B_EDGE,375106,2,category_large15,375200
B_NODE,1,375200,11,
B_EDGE,375200,0,training_entities_per_category,375202
B_NODE,2,375202,3,15
B_EDGE,375200,1,heldout_entities_per_category,375204
B_NODE,2,375204,3,5
B_EDGE,375200,2,clean_accuracy,375206
B_NODE,2,375206,5,3fe8888888888889
B_EDGE,375200,3,noisy_accuracy,375208
B_NODE,2,375208,5,3fe5555555555555
B_EDGE,375200,4,decision,375210
B_NODE,2,375210,6,PARTIAL
B_EDGE,375200,5,boundary,375212
B_NODE,2,375212,6,20 independent samples/family, 15 trained and 5 held out; external category IDs only, no pretrained features.
B_EDGE,375106,3,category_large21,375214
B_NODE,1,375214,11,
B_EDGE,375214,0,training_entities_per_category,375216
B_NODE,2,375216,3,21
B_EDGE,375214,1,heldout_entities_per_category,375218
B_NODE,2,375218,3,6
B_EDGE,375214,2,clean_accuracy,375220
B_NODE,2,375220,5,3fe4bda12f684bda
B_EDGE,375214,3,noisy_accuracy,375222
B_NODE,2,375222,5,3fe5ed097b425ed1
B_EDGE,375214,4,per_category,375224
B_NODE,2,375224,11,
B_EDGE,375224,0,0,375226
B_NODE,3,375226,11,
B_EDGE,375226,0,clean,375228
B_NODE,4,375228,5,3fe0000000000000
B_EDGE,375226,1,noisy,375230
B_NODE,4,375230,5,3fe38e38e38e38e4
B_EDGE,375224,1,1,375232
B_NODE,3,375232,11,
B_EDGE,375232,0,clean,375233
B_NODE,4,375233,5,3fe0000000000000
B_EDGE,375232,1,noisy,375234
B_NODE,4,375234,5,3fdc71c71c71c71c
B_EDGE,375224,2,2,375236
B_NODE,3,375236,11,
B_EDGE,375236,0,clean,375237
B_NODE,4,375237,5,3fee38e38e38e38e
B_EDGE,375236,1,noisy,375238
B_NODE,4,375238,5,3ff0000000000000
B_EDGE,375214,5,decision,375240
B_NODE,2,375240,6,PARTIAL
B_EDGE,375214,6,boundary,375242
B_NODE,2,375242,6,three external visual families (face instances, separate coins, distinct deep-field patches), 21 training and 6 heldout entities/family. Mutable visual system sees raw video and anonymous category IDs during Master teaching; no pretrained visual features or category names.
B_EDGE,375106,4,category_metric,375244
B_NODE,1,375244,11,
B_EDGE,375244,0,clean_accuracy,375246
B_NODE,2,375246,5,3fe7777777777777
B_EDGE,375244,1,noisy_accuracy,375248
B_NODE,2,375248,5,3fe4cccccccccccd
B_EDGE,375244,2,baseline_clean_15_entities,375250
B_NODE,2,375250,5,3fe8888888888889
B_EDGE,375244,3,clean_gain,375252
B_NODE,2,375252,5,bfa1111111111120
B_EDGE,375244,4,decision,375254
B_NODE,2,375254,6,ROLLBACK
B_EDGE,375244,5,boundary,375256
B_NODE,2,375256,6,generic linear category-invariance metric trained with anonymous same-kind/different-kind evidence across distinct entities; no category strings or pretrained visual representation enter the learner.
B_EDGE,375106,5,affordance,375258
B_NODE,1,375258,11,
B_EDGE,375258,0,heldout_entity_action_selection_accuracy,375260
B_NODE,2,375260,5,0000000000000000
B_EDGE,375258,1,chance,375262
B_NODE,2,375262,5,3fd5555555555555
B_EDGE,375258,2,decision,375084
B_NODE,2,375084,6,PARTIAL
B_EDGE,375258,3,boundary,375263
B_NODE,2,375263,6,synthetic action-consequence world over held-out visual entities; action IDs and outcome verification are external, while learner receives raw visual evidence + anonymous action IDs. This is bounded affordance generalization, not physical manipulation.
B_EDGE,375106,6,visual_debate,375265
B_NODE,1,375265,11,
B_EDGE,375265,0,single_view,375266
B_NODE,2,375266,5,3fe49f49f49f49f5
B_EDGE,375265,1,two_sibling_majority,375267
B_NODE,2,375267,5,3fe49f49f49f49f5
B_EDGE,375265,2,provenance_debate,375268
B_NODE,2,375268,5,3fe3e93e93e93e94
B_EDGE,375265,3,extra_view_rate,375269
B_NODE,2,375269,5,3fd999999999999a
B_EDGE,375265,4,decision,375084
B_NODE,2,375084,6,PARTIAL
B_EDGE,375265,5,boundary,375086
B_NODE,2,375086,6,independent noisy visual streams; siblings share anonymous category hypotheses/evidence, and disagreement can trigger one additional raw view. No natural-language debate in this visual subtest.
B_EDGE,375106,7,speech,375271
B_NODE,1,375271,11,
B_EDGE,375271,0,word_accuracy,375273
B_NODE,2,375273,5,3fe6c16c16c16c17
B_EDGE,375271,1,vad_control_accuracy,375275
B_NODE,2,375275,5,3fe7b05b05b05b07
B_EDGE,375271,2,gain_over_vad,375277
B_NODE,2,375277,5,bf9dddddddddde00
B_EDGE,375271,3,tuned_word_penalty,375279
B_NODE,2,375279,5,3fc3333333333333
B_EDGE,375271,4,tuned_duration_weight,375281
B_NODE,2,375281,5,3fe4cccccccccccd
B_EDGE,375271,5,examples,375283
B_NODE,2,375283,9,
B_EDGE,375283,0,375284
B_NODE,3,375284,11,
B_EDGE,375284,0,acc,375286
B_NODE,4,375286,5,3fe3333333333333
B_EDGE,375284,1,vad,375288
B_NODE,4,375288,5,3fe3333333333333
B_EDGE,375284,2,truth,375290
B_NODE,4,375290,9,
B_EDGE,375290,0,375291
B_NODE,5,375291,3,7
B_EDGE,375290,1,375292
B_NODE,5,375292,3,0
B_EDGE,375290,2,375293
B_NODE,5,375293,3,4
B_EDGE,375290,3,375294
B_NODE,5,375294,3,5
B_EDGE,375290,4,375295
B_NODE,5,375295,3,4
B_EDGE,375284,3,pred,375297
B_NODE,4,375297,9,
B_EDGE,375297,0,375298
B_NODE,5,375298,3,6
B_EDGE,375297,1,375299
B_NODE,5,375299,3,0
B_EDGE,375297,2,375300
B_NODE,5,375300,3,0
B_EDGE,375297,3,375301
B_NODE,5,375301,3,5
B_EDGE,375297,4,375302
B_NODE,5,375302,3,4
B_EDGE,375284,4,segments,375304
B_NODE,4,375304,3,5
B_EDGE,375283,1,375305
B_NODE,3,375305,11,
B_EDGE,375305,0,acc,375306
B_NODE,4,375306,5,3fd5555555555556
B_EDGE,375305,1,vad,375307
B_NODE,4,375307,5,3fe5555555555556
B_EDGE,375305,2,truth,375308
B_NODE,4,375308,9,
B_EDGE,375308,0,375309
B_NODE,5,375309,3,10
B_EDGE,375308,1,375310
B_NODE,5,375310,3,4
B_EDGE,375308,2,375311
B_NODE,5,375311,3,3
B_EDGE,375308,3,375312
B_NODE,5,375312,3,8
B_EDGE,375308,4,375313
B_NODE,5,375313,3,1
B_EDGE,375308,5,375314
B_NODE,5,375314,3,11
B_EDGE,375305,3,pred,375315
B_NODE,4,375315,9,
B_EDGE,375315,0,375316
B_NODE,5,375316,3,11
B_EDGE,375315,1,375317
B_NODE,5,375317,3,4
B_EDGE,375315,2,375318
B_NODE,5,375318,3,0
B_EDGE,375315,3,375319
B_NODE,5,375319,3,8
B_EDGE,375315,4,375320
B_NODE,5,375320,3,4
B_EDGE,375315,5,375321
B_NODE,5,375321,3,6
B_EDGE,375315,6,375322
B_NODE,5,375322,3,11
B_EDGE,375305,4,segments,375323
B_NODE,4,375323,3,6
B_EDGE,375283,2,375324
B_NODE,3,375324,11,
B_EDGE,375324,0,acc,375325
B_NODE,4,375325,5,3ff0000000000000
B_EDGE,375324,1,vad,375326
B_NODE,4,375326,5,3ff0000000000000
B_EDGE,375324,2,truth,375327
B_NODE,4,375327,9,
B_EDGE,375327,0,375328
B_NODE,5,375328,3,4
B_EDGE,375327,1,375329
B_NODE,5,375329,3,6
B_EDGE,375327,2,375330
B_NODE,5,375330,3,0
B_EDGE,375327,3,375331
B_NODE,5,375331,3,3
B_EDGE,375327,4,375332
B_NODE,5,375332,3,5
B_EDGE,375327,5,375333
B_NODE,5,375333,3,9
B_EDGE,375327,6,375334
B_NODE,5,375334,3,11
B_EDGE,375324,3,pred,375335
B_NODE,4,375335,9,
B_EDGE,375335,0,375336
B_NODE,5,375336,3,4
B_EDGE,375335,1,375337
B_NODE,5,375337,3,6
B_EDGE,375335,2,375338
B_NODE,5,375338,3,0
B_EDGE,375335,3,375339
B_NODE,5,375339,3,3
B_EDGE,375335,4,375340
B_NODE,5,375340,3,5
B_EDGE,375335,5,375341
B_NODE,5,375341,3,9
B_EDGE,375335,6,375342
B_NODE,5,375342,3,11
B_EDGE,375324,4,segments,375343
B_NODE,4,375343,3,7
B_EDGE,375283,3,375344
B_NODE,3,375344,11,
B_EDGE,375344,0,acc,375345
B_NODE,4,375345,5,3ff0000000000000
B_EDGE,375344,1,vad,375346
B_NODE,4,375346,5,3ff0000000000000
B_EDGE,375344,2,truth,375347
B_NODE,4,375347,9,
B_EDGE,375347,0,375348
B_NODE,5,375348,3,6
B_EDGE,375347,1,375349
B_NODE,5,375349,3,3
B_EDGE,375347,2,375350
B_NODE,5,375350,3,6
B_EDGE,375347,3,375351
B_NODE,5,375351,3,6
B_EDGE,375347,4,375352
B_NODE,5,375352,3,11
B_EDGE,375344,3,pred,375353
B_NODE,4,375353,9,
B_EDGE,375353,0,375354
B_NODE,5,375354,3,6
B_EDGE,375353,1,375355
B_NODE,5,375355,3,3
B_EDGE,375353,2,375356
B_NODE,5,375356,3,6
B_EDGE,375353,3,375357
B_NODE,5,375357,3,6
B_EDGE,375353,4,375358
B_NODE,5,375358,3,11
B_EDGE,375344,4,segments,375359
B_NODE,4,375359,3,5
B_EDGE,375283,4,375360
B_NODE,3,375360,11,
B_EDGE,375360,0,acc,375361
B_NODE,4,375361,5,3fd0000000000000
B_EDGE,375360,1,vad,375362
B_NODE,4,375362,5,3fe0000000000000
B_EDGE,375360,2,truth,375363
B_NODE,4,375363,9,
B_EDGE,375363,0,375364
B_NODE,5,375364,3,8
B_EDGE,375363,1,375365
B_NODE,5,375365,3,11
B_EDGE,375363,2,375366
B_NODE,5,375366,3,1
B_EDGE,375363,3,375367
B_NODE,5,375367,3,5
B_EDGE,375360,3,pred,375368
B_NODE,4,375368,9,
B_EDGE,375368,0,375369
B_NODE,5,375369,3,8
B_EDGE,375368,1,375370
B_NODE,5,375370,3,11
B_EDGE,375368,2,375371
B_NODE,5,375371,3,5
B_EDGE,375368,3,375372
B_NODE,5,375372,3,0
B_EDGE,375368,4,375373
B_NODE,5,375373,3,7
B_EDGE,375360,4,segments,375374
B_NODE,4,375374,3,4
B_EDGE,375271,6,decision,375376
B_NODE,2,375376,6,PARTIAL_OR_ROLLBACK
B_EDGE,375271,7,boundary,375378
B_NODE,2,375378,6,controlled TTS connected-word stream with zero/use-less gaps; decoder uses anonymous isolated-word PAM evidence + learned duration priors in a semi-Markov motif search. No VAD or reference word boundaries at test, no phonemes/MFCC/ASR/pretrained speech. Not natural coarticulated human speech.
B_EDGE,375106,8,abstraction,375380
B_NODE,1,375380,11,
B_EDGE,375380,0,specific_to_general,375381
B_NODE,2,375381,5,3fef1c71c71c71c7
B_EDGE,375380,1,general_to_specific,375382
B_NODE,2,375382,5,3fee38e38e38e38e
B_EDGE,375380,2,decision,375070
B_NODE,2,375070,6,PROMOTE_STRONGER_MASTER_BRIDGE
B_EDGE,375380,3,boundary,375072
B_NODE,2,375072,6,hardcoded Master owns English examples; mutable model stores anonymous integer identities and weighted overlapping raw-byte motifs only. No named social-relation modules or grammar.
B_EDGE,375106,9,semantic_generation,375384
B_NODE,1,375384,11,
B_EDGE,375384,0,conditions,375386
B_NODE,2,375386,11,
B_EDGE,375386,0,base,375388
B_NODE,3,375388,11,
B_EDGE,375388,0,old_semantic,375390
B_NODE,4,375390,5,3fe2000000000000
B_EDGE,375388,1,expanded_semantic,375392
B_NODE,4,375392,5,3fe9555555555555
B_EDGE,375388,2,samples,375394
B_NODE,4,375394,9,
B_EDGE,375394,0,375395
B_NODE,5,375395,11,
B_EDGE,375395,0,kind,375397
B_NODE,6,375397,6,motive
B_EDGE,375395,1,intended,375399
B_NODE,6,375399,11,
B_EDGE,375399,0,kind,375397
B_EDGE,375399,1,a,375400
B_EDGE,375399,2,o,375401
B_EDGE,375399,3,bad,375403
B_EDGE,375395,2,generated,375405
B_NODE,6,375405,6,To prevent being lat, ravi moved the glass.
B_EDGE,375395,3,ok,375407
B_NODE,6,375407,2,0
B_EDGE,375394,1,375408
B_NODE,5,375408,11,
B_EDGE,375408,0,kind,375397
B_NODE,6,375397,6,motive
B_EDGE,375408,1,intended,375409
B_NODE,6,375409,11,
B_EDGE,375409,0,kind,375397
B_EDGE,375409,1,a,375410
B_EDGE,375409,2,o,375401
B_EDGE,375409,3,bad,375411
B_EDGE,375408,2,generated,375412
B_NODE,6,375412,6,The reason nora moved the glass was to avoid being lost.
B_EDGE,375408,3,ok,375413
B_NODE,6,375413,2,0
B_EDGE,375394,2,375414
B_NODE,5,375414,11,
B_EDGE,375414,0,kind,375415
B_NODE,6,375415,6,location
B_EDGE,375414,1,intended,375416
B_NODE,6,375416,11,
B_EDGE,375416,0,kind,375415
B_EDGE,375416,1,a,375400
B_EDGE,375416,2,o,375417
B_EDGE,375416,3,l,375418
B_EDGE,375414,2,generated,375419
B_NODE,6,375419,6,ravi put the notebook to the bag.
B_EDGE,375414,3,ok,375420
B_NODE,6,375420,2,1
B_EDGE,375394,3,375421
B_NODE,5,375421,11,
B_EDGE,375421,0,kind,375397
B_NODE,6,375397,6,motive
B_EDGE,375421,1,intended,375422
B_NODE,6,375422,11,
B_EDGE,375422,0,kind,375397
B_EDGE,375422,1,a,375423
B_EDGE,375422,2,o,375424
B_EDGE,375422,3,bad,375411
B_EDGE,375421,2,generated,375425
B_NODE,6,375425,6,The reason ana moved the folder was to avoid being lag.
B_EDGE,375421,3,ok,375426
B_NODE,6,375426,2,0
B_EDGE,375394,4,375427
B_NODE,5,375427,11,
B_EDGE,375427,0,kind,375428
B_NODE,6,375428,6,promise
B_EDGE,375427,1,intended,375429
B_NODE,6,375429,11,
B_EDGE,375429,0,kind,375428
B_EDGE,375429,1,a,375430
B_EDGE,375429,2,o,375431
B_EDGE,375429,3,l,375432
B_EDGE,375427,2,generated,375433
B_NODE,6,375433,6,A promise from mira was to send the phone toward the drawer.
B_EDGE,375427,3,ok,375434
B_NODE,6,375434,2,0
B_EDGE,375394,5,375435
B_NODE,5,375435,11,
B_EDGE,375435,0,kind,375397
B_NODE,6,375397,6,motive
B_EDGE,375435,1,intended,375436
B_NODE,6,375436,11,
B_EDGE,375436,0,kind,375397
B_EDGE,375436,1,a,375437
B_EDGE,375436,2,o,375438
B_EDGE,375436,3,bad,375439
B_EDGE,375435,2,generated,375440
B_NODE,6,375440,6,sam acted because the folder might face falling.
B_EDGE,375435,3,ok,375441
B_NODE,6,375441,2,0
B_EDGE,375394,6,375442
B_NODE,5,375442,11,
B_EDGE,375442,0,kind,375415
B_NODE,6,375415,6,location
B_EDGE,375442,1,intended,375443
B_NODE,6,375443,11,
B_EDGE,375443,0,kind,375415
B_EDGE,375443,1,a,375437
B_EDGE,375443,2,o,375431
B_EDGE,375443,3,l,375444
B_EDGE,375442,2,generated,375445
B_NODE,6,375445,6,sam placed the foldere table.
B_EDGE,375442,3,ok,375446
B_NODE,6,375446,2,0
B_EDGE,375394,7,375447
B_NODE,5,375447,11,
B_EDGE,375447,0,kind,375397
B_NODE,6,375397,6,motive
B_EDGE,375447,1,intended,375448
B_NODE,6,375448,11,
B_EDGE,375448,0,kind,375397
B_EDGE,375448,1,a,375437
B_EDGE,375448,2,o,375438
B_EDGE,375448,3,bad,375403
B_EDGE,375447,2,generated,375449
B_NODE,6,375449,6,sam moved the report so it would not risk falling.
B_EDGE,375447,3,ok,375450
B_NODE,6,375450,2,0
B_EDGE,375386,1,protected,375452
B_NODE,3,375452,11,
B_EDGE,375452,0,old_semantic,375453
B_NODE,4,375453,5,3fe4aaaaaaaaaaab
B_EDGE,375452,1,expanded_semantic,375454
B_NODE,4,375454,5,3fe8000000000000
B_EDGE,375452,2,samples,375455
B_NODE,4,375455,9,
B_EDGE,375455,0,375456
B_NODE,5,375456,11,
B_EDGE,375456,0,kind,375397
B_NODE,6,375397,6,motive
B_EDGE,375456,1,intended,375457
B_NODE,6,375457,11,
B_EDGE,375457,0,kind,375397
B_EDGE,375457,1,a,375400
B_EDGE,375457,2,o,375401
B_EDGE,375457,3,bad,375403
B_EDGE,375456,2,generated,375458
B_NODE,6,375458,6,ravi acted because the phone might face being lost.
B_EDGE,375456,3,ok,375459
B_NODE,6,375459,2,0
B_EDGE,375455,1,375460
B_NODE,5,375460,11,
B_EDGE,375460,0,kind,375397
B_NODE,6,375397,6,motive
B_EDGE,375460,1,intended,375461
B_NODE,6,375461,11,
B_EDGE,375461,0,kind,375397
B_EDGE,375461,1,a,375410
B_EDGE,375461,2,o,375401
B_EDGE,375461,3,bad,375411
B_EDGE,375460,2,generated,375462
B_NODE,6,375462,6,nora moved the glass toward the desk.
B_EDGE,375460,3,ok,375463
B_NODE,6,375463,2,0
B_EDGE,375455,2,375464
B_NODE,5,375464,11,
B_EDGE,375464,0,kind,375415
B_NODE,6,375415,6,location
B_EDGE,375464,1,intended,375465
B_NODE,6,375465,11,
B_EDGE,375465,0,kind,375415
B_EDGE,375465,1,a,375400
B_EDGE,375465,2,o,375417
B_EDGE,375465,3,l,375418
B_EDGE,375464,2,generated,375466
B_NODE,6,375466,6,After handling the notebook, ravi left it in the bag.
B_EDGE,375464,3,ok,375467
B_NODE,6,375467,2,1
B_EDGE,375455,3,375468
B_NODE,5,375468,11,
B_EDGE,375468,0,kind,375397
B_NODE,6,375397,6,motive
B_EDGE,375468,1,intended,375469
B_NODE,6,375469,11,
B_EDGE,375469,0,kind,375397
B_EDGE,375469,1,a,375423
B_EDGE,375469,2,o,375424
B_EDGE,375469,3,bad,375411
B_EDGE,375468,2,generated,375470
B_NODE,6,375470,6,ana moved the folder so it would not risk.
B_EDGE,375468,3,ok,375471
B_NODE,6,375471,2,0
B_EDGE,375455,4,375472
B_NODE,5,375472,11,
B_EDGE,375472,0,kind,375428
B_NODE,6,375428,6,promise
B_EDGE,375472,1,intended,375473
B_NODE,6,375473,11,
B_EDGE,375473,0,kind,375428
B_EDGE,375473,1,a,375430
B_EDGE,375473,2,o,375431
B_EDGE,375473,3,l,375432
B_EDGE,375472,2,generated,375474
B_NODE,6,375474,6,lena said they would send the phone to the box.
B_EDGE,375472,3,ok,375475
B_NODE,6,375475,2,0
B_EDGE,375455,5,375476
B_NODE,5,375476,11,
B_EDGE,375476,0,kind,375397
B_NODE,6,375397,6,motive
B_EDGE,375476,1,intended,375477
B_NODE,6,375477,11,
B_EDGE,375477,0,kind,375397
B_EDGE,375477,1,a,375437
B_EDGE,375477,2,o,375438
B_EDGE,375477,3,bad,375439
B_EDGE,375476,2,generated,375478
B_NODE,6,375478,6,sam acted because the report might face falling.
B_EDGE,375476,3,ok,375479
B_NODE,6,375479,2,1
B_EDGE,375455,6,375480
B_NODE,5,375480,11,
B_EDGE,375480,0,kind,375415
B_NODE,6,375415,6,location
B_EDGE,375480,1,intended,375481
B_NODE,6,375481,11,
B_EDGE,375481,0,kind,375415
B_EDGE,375481,1,a,375437
B_EDGE,375481,2,o,375431
B_EDGE,375481,3,l,375444
B_EDGE,375480,2,generated,375482
B_NODE,6,375482,6,After handling the phone, sam left it in the cabinet.
B_EDGE,375480,3,ok,375483
B_NODE,6,375483,2,0
B_EDGE,375455,7,375484
B_NODE,5,375484,11,
B_EDGE,375484,0,kind,375397
B_NODE,6,375397,6,motive
B_EDGE,375484,1,intended,375485
B_NODE,6,375485,11,
B_EDGE,375485,0,kind,375397
B_EDGE,375485,1,a,375437
B_EDGE,375485,2,o,375438
B_EDGE,375485,3,bad,375403
B_EDGE,375484,2,generated,375486
B_NODE,6,375486,6,sam acted because the report might face being lost.
B_EDGE,375484,3,ok,375487
B_NODE,6,375487,2,1
B_EDGE,375384,1,decision,375489
B_NODE,2,375489,6,RETAIN_R23_R25_GENERATOR
B_EDGE,375384,2,boundary,375491
B_NODE,2,375491,6,bounded researcher-defined situation vector retained from R23; specialists learn raw byte surfaces and are protected from overwriting each other. Promotion requires semantic round-trip on old and expanded hidden combinations.
B_EDGE,375106,10,video_noise,375493
B_NODE,1,375493,11,
B_EDGE,375493,0,baseline_clean,375495
B_NODE,2,375495,5,3fec000000000000
B_EDGE,375493,1,baseline_noisy,375497
B_NODE,2,375497,5,3fea000000000000
B_EDGE,375493,2,candidate_clean,375499
B_NODE,2,375499,5,3feb000000000000
B_EDGE,375493,3,candidate_noisy,375501
B_NODE,2,375501,5,3fea000000000000
B_EDGE,375493,4,noisy_gain,375503
B_NODE,2,375503,5,0000000000000000
B_EDGE,375493,5,clean_change,375505
B_NODE,2,375505,5,bfa0000000000000
B_EDGE,375493,6,decision,375507
B_NODE,2,375507,6,RETAIN_R26_HEAD
B_EDGE,375493,7,boundary,375509
B_NODE,2,375509,6,same R26 raw-pixel encoder/head architecture; only additional mixed clean+late-noise identity teaching and replay. No visual architecture change or labels beyond anonymous entity IDs.
B_EDGE,375106,11,retained_r26_digest,375511
B_NODE,1,375511,6,44d36746ffb9e8d46080376a6e26bb824772d9d4b5e429add404195d02888649
B_SECTION,R26.evidence
B_NODE,0,282505,11,
B_EDGE,282505,0,video,282507
B_NODE,1,282507,11,
B_EDGE,282507,0,artifact,282509
B_NODE,2,282509,6,artifacts/r26/r26_object_development.mp4
B_EDGE,282507,1,dose_curve,282511
B_NODE,2,282511,11,
B_EDGE,282511,0,1,282512
B_NODE,3,282512,5,0000000000000000
B_EDGE,282511,1,4,282513
B_NODE,3,282513,5,0000000000000000
B_EDGE,282511,2,16,282515
B_NODE,3,282515,5,0000000000000000
B_EDGE,282507,2,training_gain,282517
B_NODE,2,282517,5,0000000000000000
B_EDGE,282507,3,design_rows,282519
B_NODE,2,282519,9,
B_EDGE,282519,0,282520
B_NODE,3,282520,11,
B_EDGE,282520,0,name,282522
B_NODE,4,282522,6,CENTRAL
B_EDGE,282520,1,k,282524
B_NODE,4,282524,3,1
B_EDGE,282520,2,cost,282526
B_NODE,4,282526,5,3ff0000000000000
B_EDGE,282520,3,dev,282528
B_NODE,4,282528,5,3fd0000000000000
B_EDGE,282520,4,hidden,282530
B_NODE,4,282530,5,3fc0000000000000
B_EDGE,282520,5,seed,282532
B_NODE,4,282532,3,26001
B_EDGE,282520,6,selected,282534
B_NODE,4,282534,2,0
B_EDGE,282519,1,282535
B_NODE,3,282535,11,
B_EDGE,282535,0,name,282536
B_NODE,4,282536,6,R17_PAM_R5
B_EDGE,282535,1,k,282537
B_NODE,4,282537,3,5
B_EDGE,282535,2,cost,282538
B_NODE,4,282538,5,400799999999999a
B_EDGE,282535,3,dev,282539
B_NODE,4,282539,5,0000000000000000
B_EDGE,282535,4,hidden,282540
B_NODE,4,282540,5,0000000000000000
B_EDGE,282535,5,seed,282541
B_NODE,4,282541,3,26001
B_EDGE,282535,6,selected,282542
B_NODE,4,282542,2,0
B_EDGE,282519,2,282543
B_NODE,3,282543,11,
B_EDGE,282543,0,name,282544
B_NODE,4,282544,6,MOTION_FOCUSED_PAM
B_EDGE,282543,1,k,282545
B_NODE,4,282545,3,5
B_EDGE,282543,2,cost,282546
B_NODE,4,282546,5,400acccccccccccd
B_EDGE,282543,3,dev,282547
B_NODE,4,282547,5,3fd0000000000000
B_EDGE,282543,4,hidden,282548
B_NODE,4,282548,5,3fd0000000000000
B_EDGE,282543,5,seed,282549
B_NODE,4,282549,3,26001
B_EDGE,282543,6,selected,282550
B_NODE,4,282550,2,0
B_EDGE,282519,3,282551
B_NODE,3,282551,11,
B_EDGE,282551,0,name,282552
B_NODE,4,282552,6,TEMPORAL_FOREGROUND_PAM
B_EDGE,282551,1,k,282553
B_NODE,4,282553,3,5
B_EDGE,282551,2,cost,282554
B_NODE,4,282554,5,400c666666666666
B_EDGE,282551,3,dev,282555
B_NODE,4,282555,5,3fc0000000000000
B_EDGE,282551,4,hidden,282556
B_NODE,4,282556,5,3fc0000000000000
B_EDGE,282551,5,seed,282557
B_NODE,4,282557,3,26001
B_EDGE,282551,6,selected,282558
B_NODE,4,282558,2,0
B_EDGE,282519,4,282559
B_NODE,3,282559,11,
B_EDGE,282559,0,name,282560
B_NODE,4,282560,6,RGB_FOREGROUND_PAM
B_EDGE,282559,1,k,282561
B_NODE,4,282561,3,5
B_EDGE,282559,2,cost,282562
B_NODE,4,282562,5,400ecccccccccccd
B_EDGE,282559,3,dev,282563
B_NODE,4,282563,5,3fd4000000000000
B_EDGE,282559,4,hidden,282564
B_NODE,4,282564,5,3fdc000000000000
B_EDGE,282559,5,seed,282565
B_NODE,4,282565,3,26001
B_EDGE,282559,6,selected,282566
B_NODE,4,282566,2,0
B_EDGE,282519,5,282567
B_NODE,3,282567,11,
B_EDGE,282567,0,name,282568
B_NODE,4,282568,6,MASTER_CONTRASTIVE_METRIC_PAM
B_EDGE,282567,1,k,282569
B_NODE,4,282569,3,5
B_EDGE,282567,2,cost,282570
B_NODE,4,282570,5,4010cccccccccccd
B_EDGE,282567,3,dev,282571
B_NODE,4,282571,5,3fd8000000000000
B_EDGE,282567,4,hidden,282572
B_NODE,4,282572,5,3fd0000000000000
B_EDGE,282567,5,seed,282573
B_NODE,4,282573,3,26001
B_EDGE,282567,6,selected,282574
B_NODE,4,282574,2,1
B_EDGE,282519,6,282575
B_NODE,3,282575,11,
B_EDGE,282575,0,name,282576
B_NODE,4,282576,6,PAM_P8_C12_R1
B_EDGE,282575,1,k,282577
B_NODE,4,282577,3,1
B_EDGE,282575,2,cost,282578
B_NODE,4,282578,5,3ff3333333333334
B_EDGE,282575,3,dev,282579
B_NODE,4,282579,5,0000000000000000
B_EDGE,282575,4,hidden,282580
B_NODE,4,282580,5,0000000000000000
B_EDGE,282575,5,seed,282581
B_NODE,4,282581,3,26001
B_EDGE,282575,6,selected,282582
B_NODE,4,282582,2,0
B_EDGE,282519,7,282583
B_NODE,3,282583,11,
B_EDGE,282583,0,name,282584
B_NODE,4,282584,6,PAM_P8_C12_R5
B_EDGE,282583,1,k,282585
B_NODE,4,282585,3,5
B_EDGE,282583,2,cost,282586
B_NODE,4,282586,5,3ffd70a3d70a3d72
B_EDGE,282583,3,dev,282587
B_NODE,4,282587,5,0000000000000000
B_EDGE,282583,4,hidden,282588
B_NODE,4,282588,5,0000000000000000
B_EDGE,282583,5,seed,282589
B_NODE,4,282589,3,26001
B_EDGE,282583,6,selected,282590
B_NODE,4,282590,2,0
B_EDGE,282519,8,282591
B_NODE,3,282591,11,
B_EDGE,282591,0,name,282592
B_NODE,4,282592,6,PAM_P8_C20_R1
B_EDGE,282591,1,k,282593
B_NODE,4,282593,3,1
B_EDGE,282591,2,cost,282594
B_NODE,4,282594,5,3ff47ae147ae147b
B_EDGE,282591,3,dev,282595
B_NODE,4,282595,5,0000000000000000
B_EDGE,282591,4,hidden,282596
B_NODE,4,282596,5,0000000000000000
B_EDGE,282591,5,seed,282597
B_NODE,4,282597,3,26001
B_EDGE,282591,6,selected,282598
B_NODE,4,282598,2,0
B_EDGE,282519,9,282599
B_NODE,3,282599,11,
B_EDGE,282599,0,name,282600
B_NODE,4,282600,6,PAM_P8_C20_R5
B_EDGE,282599,1,k,282601
B_NODE,4,282601,3,5
B_EDGE,282599,2,cost,282602
B_NODE,4,282602,5,3ffeb851eb851eb8
B_EDGE,282599,3,dev,282603
B_NODE,4,282603,5,0000000000000000
B_EDGE,282599,4,hidden,282604
B_NODE,4,282604,5,0000000000000000
B_EDGE,282599,5,seed,282605
B_NODE,4,282605,3,26001
B_EDGE,282599,6,selected,282606
B_NODE,4,282606,2,0
B_EDGE,282519,10,282607
B_NODE,3,282607,11,
B_EDGE,282607,0,name,282608
B_NODE,4,282608,6,PAM_P16_C12_R1
B_EDGE,282607,1,k,282609
B_NODE,4,282609,3,1
B_EDGE,282607,2,cost,282610
B_NODE,4,282610,5,3ff28f5c28f5c290
B_EDGE,282607,3,dev,282611
B_NODE,4,282611,5,0000000000000000
B_EDGE,282607,4,hidden,282612
B_NODE,4,282612,5,0000000000000000
B_EDGE,282607,5,seed,282613
B_NODE,4,282613,3,26001
B_EDGE,282607,6,selected,282614
B_NODE,4,282614,2,0
B_EDGE,282519,11,282615
B_NODE,3,282615,11,
B_EDGE,282615,0,name,282616
B_NODE,4,282616,6,PAM_P16_C12_R5
B_EDGE,282615,1,k,282617
B_NODE,4,282617,3,5
B_EDGE,282615,2,cost,282618
B_NODE,4,282618,5,3ffcccccccccccce
B_EDGE,282615,3,dev,282619
B_NODE,4,282619,5,0000000000000000
B_EDGE,282615,4,hidden,282620
B_NODE,4,282620,5,0000000000000000
B_EDGE,282615,5,seed,282621
B_NODE,4,282621,3,26001
B_EDGE,282615,6,selected,282622
B_NODE,4,282622,2,0
B_EDGE,282519,12,282623
B_NODE,3,282623,11,
B_EDGE,282623,0,name,282624
B_NODE,4,282624,6,PAM_P16_C20_R1
B_EDGE,282623,1,k,282625
B_NODE,4,282625,3,1
B_EDGE,282623,2,cost,282626
B_NODE,4,282626,5,3ff3d70a3d70a3d7
B_EDGE,282623,3,dev,282627
B_NODE,4,282627,5,0000000000000000
B_EDGE,282623,4,hidden,282628
B_NODE,4,282628,5,0000000000000000
B_EDGE,282623,5,seed,282629
B_NODE,4,282629,3,26001
B_EDGE,282623,6,selected,282630
B_NODE,4,282630,2,0
B_EDGE,282519,13,282631
B_NODE,3,282631,11,
B_EDGE,282631,0,name,282632
B_NODE,4,282632,6,PAM_P16_C20_R5
B_EDGE,282631,1,k,282633
B_NODE,4,282633,3,5
B_EDGE,282631,2,cost,282634
B_NODE,4,282634,5,3ffe147ae147ae14
B_EDGE,282631,3,dev,282635
B_NODE,4,282635,5,0000000000000000
B_EDGE,282631,4,hidden,282636
B_NODE,4,282636,5,0000000000000000
B_EDGE,282631,5,seed,282637
B_NODE,4,282637,3,26001
B_EDGE,282631,6,selected,282638
B_NODE,4,282638,2,0
B_EDGE,282507,4,identity_rows,282640
B_NODE,2,282640,9,
B_EDGE,282640,0,282641
B_NODE,3,282641,11,
B_EDGE,282641,0,seed,282642
B_NODE,4,282642,3,26001
B_EDGE,282641,1,selected_encoder,282568
B_NODE,4,282568,6,MASTER_CONTRASTIVE_METRIC_PAM
B_EDGE,282641,2,compute_proxy,282645
B_NODE,4,282645,5,4010cccccccccccd
B_EDGE,282641,3,single_view_accuracy,282647
B_NODE,4,282647,5,3fd8000000000000
B_EDGE,282641,4,entity_graph_accuracy,282649
B_NODE,4,282649,5,3fdc000000000000
B_EDGE,282641,5,trained_object_accuracy,282651
B_NODE,4,282651,5,3fe6000000000000
B_EDGE,282641,6,trained_object_clean_accuracy,282653
B_NODE,4,282653,5,3fed000000000000
B_EDGE,282641,7,graph_nodes,282655
B_NODE,4,282655,3,8
B_EDGE,282641,8,true_entities,282657
B_NODE,4,282657,3,8
B_EDGE,282641,9,merge_threshold,282659
B_NODE,4,282659,5,3feb10b51618caa5
B_EDGE,282641,10,mean_match,282661
B_NODE,4,282661,5,3fe5f1011e800000
B_EDGE,282507,5,selected_encoder_counts,282663
B_NODE,2,282663,11,
B_EDGE,282663,0,MASTER_CONTRASTIVE_METRIC_PAM,282664
B_NODE,3,282664,3,1
B_EDGE,282507,6,single_view_accuracy,282665
B_NODE,2,282665,5,3fd8000000000000
B_EDGE,282507,7,trained_object_accuracy,282666
B_NODE,2,282666,5,3fe6000000000000
B_EDGE,282507,8,trained_object_clean_accuracy,282667
B_NODE,2,282667,5,3fed000000000000
B_EDGE,282507,9,entity_graph_accuracy,282668
B_NODE,2,282668,5,3fdc000000000000
B_EDGE,282507,10,graph_gain,282670
B_NODE,2,282670,5,3fb0000000000000
B_EDGE,282507,11,one_shot_name_new_view_accuracy,282672
B_NODE,2,282672,5,3ff0000000000000
B_EDGE,282507,12,one_shot_name_noisy_view_accuracy,282674
B_NODE,2,282674,5,3fe8000000000000
B_EDGE,282507,13,architecture_decision,208558
B_NODE,2,208558,6,PROMOTE_MULTI_VIEW_ENTITY_GRAPH
B_EDGE,282507,14,pam_design_decision,282677
B_NODE,2,282677,6,NO_PROMOTION
B_EDGE,282507,15,boundary,282679
B_NODE,2,282679,6,controlled raw-video identity using natural image crops on varied backgrounds; no detector, bounding box, CLIP/CNN/ORB or object labels enter PAM. Video is generated from natural still images, not unrestricted real camera life.
B_EDGE,282505,1,speech_local,282681
B_NODE,1,282681,11,
B_EDGE,282681,0,rows,282683
B_NODE,2,282683,9,
B_EDGE,282683,0,282684
B_NODE,3,282684,11,
B_EDGE,282684,0,seed,282686
B_NODE,4,282686,3,26101
B_EDGE,282684,1,frame_training_curve,282688
B_NODE,4,282688,9,
B_EDGE,282688,0,282689
B_NODE,5,282689,5,3fb7ab3e23eaa910
B_EDGE,282688,1,282690
B_NODE,5,282690,5,3fc5ad7f36067645
B_EDGE,282688,2,282691
B_NODE,5,282691,5,3fcf1b937fa9707c
B_EDGE,282688,3,282692
B_NODE,5,282692,5,3fd43666a3f4473b
B_EDGE,282684,2,sequence_exact,282694
B_NODE,4,282694,5,0000000000000000
B_EDGE,282684,3,word_accuracy,282696
B_NODE,4,282696,5,c002ce04e04e04e0
B_EDGE,282684,4,generic_vad_proxy_accuracy,282698
B_NODE,4,282698,5,3fc29da9da9da9db
B_EDGE,282684,5,examples,282700
B_NODE,4,282700,9,
B_EDGE,282700,0,282701
B_NODE,5,282701,11,
B_EDGE,282701,0,truth,282703
B_NODE,6,282703,9,
B_EDGE,282703,0,282704
B_EDGE,282703,1,282705
B_EDGE,282703,2,282706
B_EDGE,282703,3,282707
B_EDGE,282701,1,pred_ids,282709
B_NODE,6,282709,9,
B_EDGE,282709,0,282710
B_EDGE,282709,1,282711
B_EDGE,282709,2,282712
B_EDGE,282709,3,282713
B_EDGE,282709,4,282714
B_EDGE,282709,5,282715
B_EDGE,282709,6,282716
B_EDGE,282709,7,282717
B_EDGE,282709,8,282718
B_EDGE,282709,9,282719
B_EDGE,282709,10,282720
B_EDGE,282709,11,282721
B_EDGE,282709,12,282722
B_EDGE,282709,13,282723
B_EDGE,282709,14,282724
B_EDGE,282709,15,282725
B_EDGE,282701,2,pred_words,282727
B_NODE,6,282727,9,
B_EDGE,282727,0,282728
B_EDGE,282727,1,282707
B_EDGE,282727,2,282729
B_EDGE,282727,3,282730
B_EDGE,282727,4,282731
B_EDGE,282727,5,282732
B_EDGE,282727,6,282733
B_EDGE,282727,7,282730
B_EDGE,282727,8,282728
B_EDGE,282727,9,282731
B_EDGE,282727,10,282706
B_EDGE,282727,11,282730
B_EDGE,282727,12,282728
B_EDGE,282727,13,282707
B_EDGE,282727,14,282729
B_EDGE,282727,15,282730
B_EDGE,282701,3,vad_segments,282735
B_NODE,6,282735,3,4
B_EDGE,282700,1,282736
B_NODE,5,282736,11,
B_EDGE,282736,0,truth,282737
B_NODE,6,282737,9,
B_EDGE,282737,0,282704
B_EDGE,282737,1,282733
B_EDGE,282737,2,282705
B_EDGE,282737,3,282729
B_EDGE,282737,4,282732
B_EDGE,282737,5,282738
B_EDGE,282737,6,180307
B_EDGE,282736,1,pred_ids,282739
B_NODE,6,282739,9,
B_EDGE,282739,0,282740
B_EDGE,282739,1,282741
B_EDGE,282739,2,282742
B_EDGE,282739,3,282743
B_EDGE,282739,4,282744
B_EDGE,282739,5,282745
B_EDGE,282739,6,282746
B_EDGE,282739,7,282747
B_EDGE,282739,8,282748
B_EDGE,282739,9,282749
B_EDGE,282739,10,282750
B_EDGE,282739,11,282751
B_EDGE,282739,12,282752
B_EDGE,282739,13,282753
B_EDGE,282739,14,282754
B_EDGE,282739,15,282755
B_EDGE,282739,16,282756
B_EDGE,282739,17,282757
B_EDGE,282739,18,282758
B_EDGE,282739,19,282759
B_EDGE,282739,20,282760
B_EDGE,282739,21,282761
B_EDGE,282739,22,282762
B_EDGE,282739,23,282763
B_EDGE,282739,24,282764
B_EDGE,282739,25,282765
B_EDGE,282739,26,282766
B_EDGE,282739,27,282767
B_EDGE,282739,28,282768
B_EDGE,282739,29,282769
B_EDGE,282739,30,282770
B_EDGE,282739,31,282771
B_EDGE,282739,32,282772
B_EDGE,282739,33,282773
B_EDGE,282736,2,pred_words,282774
B_NODE,6,282774,9,
B_EDGE,282774,0,282728
B_EDGE,282774,1,282707
B_EDGE,282774,2,282730
B_EDGE,282774,3,282733
B_EDGE,282774,4,282732
B_EDGE,282774,5,282733
B_EDGE,282774,6,282731
B_EDGE,282774,7,282730
B_EDGE,282774,8,282731
B_EDGE,282774,9,282733
B_EDGE,282774,10,282732
B_EDGE,282774,11,282733
B_EDGE,282774,12,282730
B_EDGE,282774,13,282729
B_EDGE,282774,14,282775
B_EDGE,282774,15,282729
B_EDGE,282774,16,282706
B_EDGE,282774,17,282730
B_EDGE,282774,18,282733
B_EDGE,282774,19,282732
B_EDGE,282774,20,282729
B_EDGE,282774,21,282730
B_EDGE,282774,22,282733
B_EDGE,282774,23,282731
B_EDGE,282774,24,180307
B_EDGE,282774,25,282776
B_EDGE,282774,26,180307
B_EDGE,282774,27,282738
B_EDGE,282774,28,282730
B_EDGE,282774,29,282738
B_EDGE,282774,30,180307
B_EDGE,282774,31,282776
B_EDGE,282774,32,282728
B_EDGE,282774,33,282730
B_EDGE,282736,3,vad_segments,282777
B_NODE,6,282777,3,7
B_EDGE,282700,2,282778
B_NODE,5,282778,11,
B_EDGE,282778,0,truth,282779
B_NODE,6,282779,9,
B_EDGE,282779,0,180307
B_EDGE,282779,1,282731
B_EDGE,282779,2,282706
B_EDGE,282779,3,282738
B_EDGE,282779,4,282728
B_EDGE,282778,1,pred_ids,282780
B_NODE,6,282780,9,
B_EDGE,282780,0,282781
B_EDGE,282780,1,282782
B_EDGE,282780,2,282783
B_EDGE,282780,3,282784
B_EDGE,282780,4,282785
B_EDGE,282780,5,282786
B_EDGE,282780,6,282787
B_EDGE,282780,7,282788
B_EDGE,282780,8,282789
B_EDGE,282780,9,282790
B_EDGE,282780,10,282791
B_EDGE,282780,11,282792
B_EDGE,282780,12,282793
B_EDGE,282780,13,282794
B_EDGE,282780,14,282795
B_EDGE,282780,15,282796
B_EDGE,282780,16,282797
B_EDGE,282780,17,282798
B_EDGE,282780,18,282799
B_EDGE,282780,19,282800
B_EDGE,282778,2,pred_words,282801
B_NODE,6,282801,9,
B_EDGE,282801,0,282731
B_EDGE,282801,1,282802
B_EDGE,282801,2,282730
B_EDGE,282801,3,282803
B_EDGE,282801,4,282775
B_EDGE,282801,5,282731
B_EDGE,282801,6,282730
B_EDGE,282801,7,282728
B_EDGE,282801,8,282731
B_EDGE,282801,9,282706
B_EDGE,282801,10,282730
B_EDGE,282801,11,282733
B_EDGE,282801,12,282731
B_EDGE,282801,13,282738
B_EDGE,282801,14,282730
B_EDGE,282801,15,282729
B_EDGE,282801,16,282730
B_EDGE,282801,17,282733
B_EDGE,282801,18,282802
B_EDGE,282801,19,282728
B_EDGE,282778,3,vad_segments,282804
B_NODE,6,282804,3,5
B_EDGE,282700,3,282805
B_NODE,5,282805,11,
B_EDGE,282805,0,truth,282806
B_NODE,6,282806,9,
B_EDGE,282806,0,282802
B_EDGE,282806,1,282776
B_EDGE,282806,2,282730
B_EDGE,282806,3,282776
B_EDGE,282805,1,pred_ids,282807
B_NODE,6,282807,9,
B_EDGE,282807,0,282808
B_EDGE,282807,1,282809
B_EDGE,282807,2,282810
B_EDGE,282807,3,282811
B_EDGE,282807,4,282812
B_EDGE,282807,5,282813
B_EDGE,282807,6,282814
B_EDGE,282807,7,282815
B_EDGE,282807,8,282816
B_EDGE,282807,9,282817
B_EDGE,282807,10,282818
B_EDGE,282807,11,282819
B_EDGE,282807,12,282820
B_EDGE,282807,13,282821
B_EDGE,282807,14,282822
B_EDGE,282805,2,pred_words,282823
B_NODE,6,282823,9,
B_EDGE,282823,0,282732
B_EDGE,282823,1,282802
B_EDGE,282823,2,282728
B_EDGE,282823,3,282730
B_EDGE,282823,4,282733
B_EDGE,282823,5,282776
B_EDGE,282823,6,282730
B_EDGE,282823,7,282728
B_EDGE,282823,8,282802
B_EDGE,282823,9,282728
B_EDGE,282823,10,282776
B_EDGE,282823,11,282730
B_EDGE,282823,12,282733
B_EDGE,282823,13,282776
B_EDGE,282823,14,282730
B_EDGE,282805,3,vad_segments,282824
B_NODE,6,282824,3,4
B_EDGE,282681,1,learned_no_vad_word_accuracy,282826
B_NODE,2,282826,5,0000000000000000
B_EDGE,282681,2,learned_sequence_exact,282828
B_NODE,2,282828,5,0000000000000000
B_EDGE,282681,3,generic_vad_proxy_accuracy,282829
B_NODE,2,282829,5,3fc29da9da9da9db
B_EDGE,282681,4,decision,282831
B_NODE,2,282831,6,RETAIN_VAD_CONTROL
B_EDGE,282681,5,boundary,282833
B_NODE,2,282833,6,controlled synthetic English TTS, anonymous sequence IDs and timing supplied by Master only during apprenticeship; learned route uses raw waveform and no VAD at test. Not natural continuous human speech.
B_EDGE,282505,2,speech_ctc,282835
B_NODE,1,282835,11,
B_EDGE,282835,0,word_accuracy,282837
B_NODE,2,282837,5,0000000000000000
B_EDGE,282835,1,sequence_exact,282839
B_NODE,2,282839,5,0000000000000000
B_EDGE,282835,2,loss_curve,282841
B_NODE,2,282841,9,
B_EDGE,282841,0,282842
B_NODE,3,282842,5,4053232f1aaaaaab
B_EDGE,282841,1,282843
B_NODE,3,282843,5,404c3b477aaaaaab
B_EDGE,282841,2,282844
B_NODE,3,282844,5,403ab074e5555555
B_EDGE,282841,3,282845
B_NODE,3,282845,5,401a5b880aaaaaab
B_EDGE,282835,3,examples,282847
B_NODE,2,282847,9,
B_EDGE,282847,0,282848
B_NODE,3,282848,11,
B_EDGE,282848,0,truth,282850
B_NODE,4,282850,9,
B_EDGE,282850,0,282851
B_NODE,5,282851,6,me
B_EDGE,282850,1,282852
B_NODE,5,282852,6,hello
B_EDGE,282850,2,282853
B_NODE,5,282853,6,no
B_EDGE,282850,3,282853
B_NODE,5,282853,6,no
B_EDGE,282848,1,pred,282855
B_NODE,4,282855,9,
B_EDGE,282847,1,282856
B_NODE,3,282856,11,
B_EDGE,282856,0,truth,282857
B_NODE,4,282857,9,
B_EDGE,282857,0,282853
B_NODE,5,282853,6,no
B_EDGE,282857,1,282858
B_NODE,5,282858,6,you
B_EDGE,282857,2,180307
B_NODE,5,180307,6,i
B_EDGE,282857,3,282851
B_NODE,5,282851,6,me
B_EDGE,282856,1,pred,282859
B_NODE,4,282859,9,
B_EDGE,282847,2,282860
B_NODE,3,282860,11,
B_EDGE,282860,0,truth,282861
B_NODE,4,282861,9,
B_EDGE,282861,0,282862
B_NODE,5,282862,6,yes
B_EDGE,282861,1,282853
B_NODE,5,282853,6,no
B_EDGE,282861,2,282851
B_NODE,5,282851,6,me
B_EDGE,282861,3,282851
B_NODE,5,282851,6,me
B_EDGE,282861,4,282858
B_NODE,5,282858,6,you
B_EDGE,282860,1,pred,282863
B_NODE,4,282863,9,
B_EDGE,282847,3,282864
B_NODE,3,282864,11,
B_EDGE,282864,0,truth,282865
B_NODE,4,282865,9,
B_EDGE,282865,0,282852
B_NODE,5,282852,6,hello
B_EDGE,282865,1,282866
B_NODE,5,282866,6,it
B_EDGE,282865,2,282858
B_NODE,5,282858,6,you
B_EDGE,282865,3,282866
B_NODE,5,282866,6,it
B_EDGE,282865,4,282853
B_NODE,5,282853,6,no
B_EDGE,282864,1,pred,282867
B_NODE,4,282867,9,
B_EDGE,282835,4,decision,282869
B_NODE,2,282869,6,ROLLBACK
B_EDGE,282835,5,boundary,282871
B_NODE,2,282871,6,controlled synthetic TTS; no VAD, phonemes, MFCC, Fourier, ASR, pretrained speech model or transformer attention. The Master supplies anonymous sequence IDs during apprenticeship.
B_EDGE,282505,3,abstraction_lattice,282873
B_NODE,1,282873,11,
B_EDGE,282873,0,dose_curve,282874
B_NODE,2,282874,9,
B_EDGE,282874,0,282875
B_NODE,3,282875,11,
B_EDGE,282875,0,dose,282876
B_NODE,4,282876,3,2
B_EDGE,282875,1,specific_to_general,282877
B_NODE,4,282877,5,3fcfffffffffffff
B_EDGE,282874,1,282878
B_NODE,3,282878,11,
B_EDGE,282878,0,dose,282879
B_NODE,4,282879,3,4
B_EDGE,282878,1,specific_to_general,282880
B_NODE,4,282880,5,3fd638e38e38e38f
B_EDGE,282874,2,282881
B_NODE,3,282881,11,
B_EDGE,282881,0,dose,282882
B_NODE,4,282882,3,8
B_EDGE,282881,1,specific_to_general,282883
B_NODE,4,282883,5,3fd638e38e38e38f
B_EDGE,282874,3,282884
B_NODE,3,282884,11,
B_EDGE,282884,0,dose,282885
B_NODE,4,282885,3,16
B_EDGE,282884,1,specific_to_general,282886
B_NODE,4,282886,5,3fd638e38e38e38f
B_EDGE,282874,4,282887
B_NODE,3,282887,11,
B_EDGE,282887,0,dose,282888
B_NODE,4,282888,3,32
B_EDGE,282887,1,specific_to_general,282889
B_NODE,4,282889,5,3fd871c71c71c71d
B_EDGE,282874,5,282890
B_NODE,3,282890,11,
B_EDGE,282890,0,dose,282891
B_NODE,4,282891,3,64
B_EDGE,282890,1,specific_to_general,282892
B_NODE,4,282892,5,3fd8000000000000
B_EDGE,282874,6,282893
B_NODE,3,282893,11,
B_EDGE,282893,0,dose,282894
B_NODE,4,282894,3,96
B_EDGE,282893,1,specific_to_general,282895
B_NODE,4,282895,5,3fd71c71c71c71c7
B_EDGE,282873,1,training_plateau,282896
B_NODE,2,282896,2,1
B_EDGE,282873,2,baseline_specific_to_general,282897
B_NODE,2,282897,5,3fd71c71c71c71c7
B_EDGE,282873,3,lattice,282898
B_NODE,2,282898,11,
B_EDGE,282898,0,specific_to_general,282899
B_NODE,3,282899,11,
B_EDGE,282899,0,mean,282900
B_NODE,4,282900,5,3fd6555555555555
B_EDGE,282899,1,sd,282901
B_NODE,4,282901,5,3fa9fdcfc56a1cd6
B_EDGE,282899,2,runs,282902
B_NODE,4,282902,9,
B_EDGE,282902,0,282903
B_NODE,5,282903,5,3fd5555555555555
B_EDGE,282902,1,282904
B_NODE,5,282904,5,3fd5555555555555
B_EDGE,282902,2,282905
B_NODE,5,282905,5,3fdd555555555555
B_EDGE,282902,3,282906
B_NODE,5,282906,5,3fd2aaaaaaaaaaab
B_EDGE,282902,4,282907
B_NODE,5,282907,5,3fd8000000000000
B_EDGE,282902,5,282908
B_NODE,5,282908,5,3fd8000000000000
B_EDGE,282902,6,282909
B_NODE,5,282909,5,3fd2aaaaaaaaaaab
B_EDGE,282902,7,282910
B_NODE,5,282910,5,3fd5555555555555
B_EDGE,282898,1,general_to_specific,282911
B_NODE,3,282911,11,
B_EDGE,282911,0,mean,282912
B_NODE,4,282912,5,3fde38e38e38e38e
B_EDGE,282911,1,sd,282913
B_NODE,4,282913,5,3fac71c71c71c71e
B_EDGE,282911,2,runs,282914
B_NODE,4,282914,9,
B_EDGE,282914,0,282915
B_NODE,5,282915,5,3fdc71c71c71c71c
B_EDGE,282914,1,282916
B_NODE,5,282916,5,3fe1c71c71c71c72
B_EDGE,282914,2,282917
B_NODE,5,282917,5,3fdc71c71c71c71c
B_EDGE,282914,3,282918
B_NODE,5,282918,5,3fdc71c71c71c71c
B_EDGE,282914,4,282919
B_NODE,5,282919,5,3fe0000000000000
B_EDGE,282914,5,282920
B_NODE,5,282920,5,3fdc71c71c71c71c
B_EDGE,282914,6,282921
B_NODE,5,282921,5,3fd8e38e38e38e39
B_EDGE,282914,7,282922
B_NODE,5,282922,5,3fe1c71c71c71c72
B_EDGE,282873,4,decision,210243
B_NODE,2,210243,6,CONTINUE_TRAINING_OR_REJECT
B_EDGE,282873,5,boundary,210245
B_NODE,2,210245,6,anonymous relation identities; lattice retains multiple candidate abstractions and uses negative evidence. No named irony/motive/helping modules.
B_EDGE,282505,4,abstraction_master,282924
B_NODE,1,282924,11,
B_EDGE,282924,0,specific_to_general,282925
B_NODE,2,282925,5,3fed555555555555
B_EDGE,282924,1,general_to_specific,282926
B_NODE,2,282926,5,3fe5555555555555
B_EDGE,282924,2,decision,210253
B_NODE,2,210253,6,PROMOTE_MASTER_MOTIF_TRAINING
B_EDGE,282924,3,boundary,210255
B_NODE,2,210255,6,The hardcoded Master owns English examples and evaluator identities. Mutable models store integer identities and evidence-weighted overlapping byte motifs, not named social modules, grammar, or a dictionary.
B_EDGE,282505,5,semantic_generation,282928
B_NODE,1,282928,11,
B_EDGE,282928,0,conditions,282930
B_NODE,2,282930,11,
B_EDGE,282930,0,old,282932
B_NODE,3,282932,11,
B_EDGE,282932,0,old_semantic,282934
B_NODE,4,282934,5,3fe2aaaaaaaaaaab
B_EDGE,282932,1,expanded_semantic,282936
B_NODE,4,282936,5,3fe0000000000000
B_EDGE,282932,2,natural_proxy,282938
B_NODE,4,282938,5,3ff0000000000000
B_EDGE,282930,1,expanded,282940
B_NODE,3,282940,11,
B_EDGE,282940,0,old_semantic,282941
B_NODE,4,282941,5,3fe2aaaaaaaaaaab
B_EDGE,282940,1,expanded_semantic,282942
B_NODE,4,282942,5,3fe6aaaaaaaaaaab
B_EDGE,282940,2,natural_proxy,282943
B_NODE,4,282943,5,3ff0000000000000
B_EDGE,282930,2,bank,282945
B_NODE,3,282945,11,
B_EDGE,282945,0,old_semantic,282946
B_NODE,4,282946,5,3fe4000000000000
B_EDGE,282945,1,expanded_semantic,282947
B_NODE,4,282947,5,3fdd555555555555
B_EDGE,282945,2,natural_proxy,282948
B_NODE,4,282948,5,3ff0000000000000
B_EDGE,282928,1,decision,282950
B_NODE,2,282950,6,KEEP_R23_GENERATOR
B_EDGE,282928,2,training_curve,282952
B_NODE,2,282952,9,
B_EDGE,282952,0,282953
B_NODE,3,282953,5,3fe777445dd11774
B_EDGE,282928,3,boundary,282955
B_NODE,2,282955,6,bounded researcher-defined situation vector remains; surface generators learn raw bytes and candidates must reconstruct intended meaning. No grammar/dictionary hardcoding.
B_EDGE,282505,6,siblings,282957
B_NODE,1,282957,11,
B_EDGE,282957,0,before,282958
B_NODE,2,282958,5,3f7f8d441f8d4420
B_EDGE,282957,1,after,282959
B_NODE,2,282959,5,3fd1d668b1d668b2
B_EDGE,282957,2,gain,282960
B_NODE,2,282960,5,3fd15833a15833a2
B_EDGE,282957,3,questions,282961
B_NODE,2,282961,3,455
B_EDGE,282957,4,rounds,282962
B_NODE,2,282962,9,
B_EDGE,282962,0,282963
B_NODE,3,282963,11,
B_EDGE,282963,0,round,282964
B_NODE,4,282964,3,1
B_EDGE,282963,1,changed,282965
B_NODE,4,282965,3,103
B_EDGE,282962,1,282966
B_NODE,3,282966,11,
B_EDGE,282966,0,round,282967
B_NODE,4,282967,3,2
B_EDGE,282966,1,changed,282968
B_NODE,4,282968,3,110
B_EDGE,282962,2,282969
B_NODE,3,282969,11,
B_EDGE,282969,0,round,282970
B_NODE,4,282970,3,3
B_EDGE,282969,1,changed,282971
B_NODE,4,282971,3,110
B_EDGE,282962,3,282972
B_NODE,3,282972,11,
B_EDGE,282972,0,round,282973
B_NODE,4,282973,3,4
B_EDGE,282972,1,changed,282974
B_NODE,4,282974,3,99
B_EDGE,282957,5,echo_before_direct_truth,282975
B_NODE,2,282975,2,0
B_EDGE,282957,6,echo_after_direct_truth,282976
B_NODE,2,282976,2,1
B_EDGE,282957,7,decision,282481
B_NODE,2,282481,6,PROMOTE_INTERACTIVE_TEACHING
B_EDGE,282957,8,boundary,282483
B_NODE,2,282483,6,independent learners ask, receive sourced examples/contrasts, and verify consequences locally. Concept strings/labels remain external.
B_EDGE,282505,7,retained_r25_digest,282978
B_NODE,1,282978,6,4822f0072db2295ff2d25102946c2dc7a56d248374bdc0ae44c37ded0370408e
B_SECTION,R26.architecture
B_NODE,0,282484,11,
B_EDGE,282484,0,discourse,184603
B_NODE,1,184603,6,persistent perspective-indexed event graph stores truth, per-agent beliefs, corrections, promises and goals; raw-byte operation and participant-role mappings learned from grounded Master demonstrations; no fixed English grammar parser
B_EDGE,282484,1,speech,184605
B_NODE,1,184605,6,scratch-trained raw-waveform convolutional PAM with late-stage noise apprenticeship if verifier promotes; no Fourier/MFCC/ASR/phoneme/pretrained feature path
B_EDGE,282484,2,semantics,184607
B_NODE,1,184607,6,R19 persistent-event contrastive raw-byte relation memory retained; R20 discourse world state sits above it
B_EDGE,282484,3,siblings,184609
B_NODE,1,184609,6,separate sibling TNN evidence retains provenance; sibling-directed debate identifies disagreement and may request a discriminating experiment. Siblings are not fibers
B_EDGE,282484,4,procedures,184611
B_NODE,1,184611,6,recursive macro consolidation: learned intermediate operations may themselves participate in later macro formation
B_EDGE,282484,5,repository,184613
B_NODE,1,184613,6,cross-package controlled idna repair added in addition to retained packaging lineage
B_EDGE,282484,6,self_revision,184615
B_NODE,1,184615,6,failure telemetry composes generic revision primitives; researcher still provides executable implementation substrate; immutable external verifier promotes/rolls back
B_EDGE,282484,7,compute,184617
B_NODE,1,184617,6,capability-first; late-noise fine-tune promoted because aggregate capability improved without regression; expensive weak candidates rejected
B_EDGE,282484,8,generative_discourse,184619
B_NODE,1,184619,6,persistent perspective world state feeds learned grounded response-frame induction after teacher withdrawal; bounded generation only
B_EDGE,282484,9,speech_semantics,184621
B_NODE,1,184621,6,direct unfamiliar-voice acoustic-to-grounded-relation candidate tested and retained only if it clears verifier; R21 candidate did not
B_EDGE,282484,10,foundational_english,184623
B_NODE,1,184623,6,generic raw-byte to grounded-event mapping learned from fuzzy Master, direct consequences, spaced/self-directed experience, and sourced sibling testimony; no mutable-TNN dictionary, token vocabulary, noun/verb labels, or grammar table
B_EDGE,282484,11,training_order,184625
B_NODE,1,184625,6,six schedules tested. Master-then-self-directed won grounded language; concurrent rehearsal beat naive acoustic staging, so speech retains all mastered words while semantic curriculum expands developmentally
B_EDGE,282484,12,master_teacher,184627
B_NODE,1,184627,6,hardcoded/tuned Master is audited for accuracy, uncertainty, transfer, and dependency. Symbolic yes/no is an explicit negative control and is not used for canonical training
B_EDGE,282484,13,speech_foundations,184629
B_NODE,1,184629,6,raw-waveform convolutional PAM over a bounded English curriculum; TTS voices are controlled English speech, not labelled natural human call data
B_EDGE,282484,14,pam_lifecycle,184631
B_NODE,1,184631,6,core speech PAM is immutable. TNN may compose, shadow-train, contextually route, and delete non-core PAMs; temporal reinspection PAM promoted, two regressors deleted
B_EDGE,282484,15,teacher_inversion,184633
B_NODE,1,184633,6,trained TNN teacher selects lessons from learner uncertainty; hardcoded Master remains a comparison, not runtime support
B_EDGE,282484,16,generation,184635
B_NODE,1,184635,6,byte-level situation-conditioned GRU candidate tested without transformer attention or fixed response frames and rolled back for weak semantic binding
B_EDGE,282484,17,attention,184637
B_NODE,1,184637,6,sparse evidence routing retained; no dense transformer query-key all-to-all attention
B_EDGE,282484,18,memory,184639
B_NODE,1,184639,6,working state, semantic representation, and exact addressable archive remain distinct; recall is not a fiber and leaving working memory does not delete storage
B_EDGE,282484,19,master_teacher_r23,184641
B_NODE,1,184641,6,strong hardcoded diagnostic teacher tracks learner margins/confusions, varies grounded examples, uses contrasts, and fades; English knowledge remains teacher-side only
B_EDGE,282484,20,semantic_generation_r23,184643
B_NODE,1,184643,6,learned raw-byte motifs propose candidate utterances; candidate is reinterpreted through learned semantic comprehension and accepted only when reconstructed situation matches intended situation
B_EDGE,282484,21,discourse_r23,184645
B_NODE,1,184645,6,retain stronger R20-R22 persistent discourse machinery; R23 replacement candidate rolled back
B_EDGE,282484,22,social_language_r23,184647
B_NODE,1,184647,6,grounded social/nonliteral dose expansion; no metaphor/irony/ToM module
B_EDGE,282484,23,pam_evolution_r23,184649
B_NODE,1,184649,6,protected core unchanged; four non-core temporal proposals tested and deleted
B_EDGE,282484,24,generation_priority,184651
B_NODE,1,184651,6,semantic fidelity before fluency
B_EDGE,282484,25,adaptive_diagnostic_master,205033
B_NODE,1,205033,6,hardcoded external Master models learner confusion, gives grounded contrasts/decomposition/changed-context tests; mutable TNN receives experience rather than English rules
B_EDGE,282484,26,mutable_foundational_english,205035
B_NODE,1,205035,6,generic raw-byte feature field mapped to anonymous grounded experience vectors; no dictionary, grammar table, noun/verb labels, tokenizer, or transformer attention
B_EDGE,282484,27,master_withdrawal,205037
B_NODE,1,205037,6,Master only intervenes on measured error or low confidence and fades after competence
B_EDGE,282484,28,promotion_rule,205039
B_NODE,1,205039,6,training-first; architecture candidate requires measured plateau and matched hidden regression
B_EDGE,282484,29,composition_r25,207138
B_NODE,1,207138,6,generic contextual specialist over anonymous grounded episode vectors; conservative learned gate preserves foundation while multi-cause composition uses specialist field
B_EDGE,282484,30,social_language_r25,207140
B_NODE,1,207140,6,contrastive raw-byte evidence around persistent anonymous grounded relation identities; no irony/metaphor/motive modules
B_EDGE,282484,31,semantic_generation_r25,207142
B_NODE,1,207142,6,retain verified R23 semantic-round-trip generator; reject broader fine-tuning and dual routing when earlier meaning regresses
B_EDGE,282484,32,speech_r25,207144
B_NODE,1,207144,6,71 anonymous acoustic classes; concurrent rehearsal of old/new classes; protected clean core plus contextually routed noise-adapted non-core PAM
B_EDGE,282484,33,speech_segmentation_r25,207146
B_NODE,1,207146,6,generic energy VAD remains control; two learned boundary PAM candidates failed and were rolled back
B_EDGE,282484,34,pam_lifecycle_r25,207148
B_NODE,1,207148,6,core PAM protected; TNN telemetry can request non-core candidates; one noise PAM promoted contextually, pair specialist deleted, boundary circuits rejected
B_EDGE,282484,35,siblings_r25,207150
B_NODE,1,207150,6,independent mutable TNNs ask about uncertainty, exchange sourced examples/contrasts, verify locally, and debate with provenance
B_EDGE,282484,36,learning_action_r25,207152
B_NODE,1,207152,6,generic help-action utility learned from downstream uncertainty reduction; no hardcoded English question taxonomy
B_EDGE,282484,37,offline_cognition_r25,207154
B_NODE,1,207154,6,optional only; conversation rehearsal small gain below promotion threshold; confusion replay harmful
B_EDGE,282484,38,compute_rule,207156
B_NODE,1,207156,6,capability and future learning saved dominate compute; promote large useful gain at modest cost, reject no-gain specialists and boundary circuits
B_EDGE,282484,39,mutable_tnn_english_hardcoding,282485
B_NODE,1,282485,2,0
B_EDGE,282484,40,master_tnn_english_hardcoding,282486
B_NODE,1,282486,2,1
B_EDGE,282484,41,raw_video_r26,282488
B_NODE,1,282488,6,raw pixels from controlled videos built from natural photographs; no detector, bounding boxes, ORB, CLIP, pretrained CNN or object labels enter the learner
B_EDGE,282484,42,visual_identity_r26,282490
B_NODE,1,282490,6,persistent multi-view entity graph plus an anonymous object head trained from temporally continuous raw-video streams
B_EDGE,282484,43,one_shot_visual_name_r26,282492
B_NODE,1,282492,6,one novel raw-byte name is grounded after visual identity exists; name memory stores overlapping motifs rather than a dictionary
B_EDGE,282484,44,continuous_speech_r26,282494
B_NODE,1,282494,6,local no-VAD and sequence-CTC candidates failed; R25 generic VAD control retained
B_EDGE,282484,45,abstraction_r26,282496
B_NODE,1,282496,6,hypothesis lattice rejected; adaptive Master plus anonymous evidence-weighted byte motifs promoted for strong specific-to-general and partial general-to-specific transfer
B_EDGE,282484,46,semantic_generation_r26,282498
B_NODE,1,282498,6,broader candidate bank rejected due interference; exact R25/R23 semantic-round-trip generator retained
B_EDGE,282484,47,sibling_teaching_r26,282500
B_NODE,1,282500,6,interactive questions, contrasts and local consequence verification with provenance
B_EDGE,282484,48,core_pam_protection,282502
B_NODE,1,282502,6,R25 core PAMs remain protected; R26 visual circuits are non-core and contextual
B_EDGE,282484,49,failure_rule,282504
B_NODE,1,282504,6,teaching/dose is varied before architecture; changes require measured plateau, interface mismatch or interference
