1	rt4_TMB-5_MAP_g_10500.r24	BACKTEST	BLOCKED	10983	CONFIRM_INSTALL	3
2	rt4_TMB-5_MAP_g_10501.r24	BACKTEST	BLOCKED	10983	CONFIRM_INSTALL	3
3	rt4_TMB-5_MAP_g_10502.r24	BACKTEST	BLOCKED	10983	CONFIRM_INSTALL	3
4	rt4_TMB-5_MAP_g_10503.r24	BACKTEST	BLOCKED	10983	CONFIRM_INSTALL	3
5	rt4_TMB-5_MAP_g_10504.r24	BACKTEST	BLOCKED	10983	CONFIRM_INSTALL	3
6	rt4_TMB-5_MAP_g_10505.r24	BACKTEST	BLOCKED	10983	CONFIRM_INSTALL	3
7	rt4_TMB-5_MAP_g_10506.r24	BACKTEST	BLOCKED	10983	CONFIRM_INSTALL	3
8	rt4_TMB-5_MAP_g_10507.r24	BACKTEST	BLOCKED	10983	CONFIRM_INSTALL	3
9	rt4_TMB-5_MAP_g_10508.r24	BACKTEST	BLOCKED	10983	CONFIRM_INSTALL	3
10	rt4_TMB-5_MAP_g_10509.r24	BACKTEST	BLOCKED	10983	CONFIRM_INSTALL	3
11	rt4_TMB-5_MAP_g_10510.r24	BACKTEST	BLOCKED	10983	CONFIRM_INSTALL	3
12	rt4_TMB-5_MAP_g_10511.r24	BACKTEST	BLOCKED	10983	CONFIRM_INSTALL	3
13	rt4_TMB-5_MAP_g_10512.r24	BACKTEST	BLOCKED	10983	CONFIRM_INSTALL	3
14	rt4_TMB-5_MAP_g_10513.r24	BACKTEST	BLOCKED	10983	CONFIRM_INSTALL	3
15	rt4_TMB-5_MAP_g_10514.r24	BACKTEST	BLOCKED	10983	CONFIRM_INSTALL	3
16	rt4_TMB-5_MAP_g_10515.r24	BACKTEST	BLOCKED	10983	CONFIRM_INSTALL	3
17	rt4_TMB-5_MAP_g_10516.r24	BACKTEST	BLOCKED	10983	CONFIRM_INSTALL	3
18	rt4_TMB-5_MAP_g_10517.r24	BACKTEST	BLOCKED	10983	CONFIRM_INSTALL	3
19	rt4_TMB-5_MAP_g_10518.r24	BACKTEST	BLOCKED	10983	CONFIRM_INSTALL	3
20	rt4_TMB-5_MAP_g_10519.r24	BACKTEST	BLOCKED	10983	CONFIRM_INSTALL	3
21	rt4_TMB-5_MAP_g_10520.r24	BACKTEST	BLOCKED	10983	CONFIRM_INSTALL	3
22	rt4_TMB-5_MAP_g_10521.r24	BACKTEST	BLOCKED	10983	CONFIRM_INSTALL	3
23	rt4_TMB-5_MAP_g_10522.r24	BACKTEST	BLOCKED	10983	CONFIRM_INSTALL	3
24	rt4_TMB-5_MAP_g_10523.r24	BACKTEST	BLOCKED	10983	CONFIRM_INSTALL	3
25	rt4_TMB-5_MAP_g_10524.r24	BACKTEST	BLOCKED	10983	CONFIRM_INSTALL	3
26	rt4_TMB-5_MAP_g_10525.r24	BACKTEST	BLOCKED	10983	CONFIRM_INSTALL	3
27	rt4_TMB-5_MAP_g_10526.r24	BACKTEST	BLOCKED	10983	CONFIRM_INSTALL	3
28	rt4_TMB-5_MAP_g_10527.r24	BACKTEST	BLOCKED	10983	CONFIRM_INSTALL	3
29	rt4_TMB-5_MAP_g_10528.r24	BACKTEST	BLOCKED	10983	CONFIRM_INSTALL	3
30	rt4_TMB-5_MAP_g_10529.r24	BACKTEST	BLOCKED	10983	CONFIRM_INSTALL	3
31	rt4_TMB-5_MAP_g_10530.r24	BACKTEST	BLOCKED	10983	CONFIRM_INSTALL	3
32	rt4_TMB-5_MAP_g_10531.r24	BACKTEST	BLOCKED	10983	CONFIRM_INSTALL	3
33	rt4_TMB-5_MAP_g_10532.r24	BACKTEST	BLOCKED	10983	CONFIRM_INSTALL	3
34	rt4_TMB-5_MAP_g_10533.r24	BACKTEST	BLOCKED	10983	CONFIRM_INSTALL	3
35	rt4_TMB-5_MAP_g_10534.r24	BACKTEST	BLOCKED	10983	CONFIRM_INSTALL	3
36	rt4_TMB-5_MAP_g_10535.r24	BACKTEST	BLOCKED	10983	CONFIRM_INSTALL	3
37	rt4_TMB-5_MAP_g_10536.r24	BACKTEST	BLOCKED	10983	CONFIRM_INSTALL	3
38	rt4_TMB-5_MAP_g_10537.r24	BACKTEST	BLOCKED	10983	CONFIRM_INSTALL	3
39	rt4_TMB-5_MAP_g_10538.r24	BACKTEST	BLOCKED	10983	CONFIRM_INSTALL	3
40	rt4_TMB-5_MAP_g_10539.r24	BACKTEST	BLOCKED	10983	CONFIRM_INSTALL	3
41	rt4_TMB-5_MAP_g_10540.r24	BACKTEST	BLOCKED	10983	CONFIRM_INSTALL	3
42	rt4_TMB-5_MAP_g_10541.r24	BACKTEST	BLOCKED	10983	CONFIRM_INSTALL	3
43	rt4_TMB-5_MAP_g_10542.r24	BACKTEST	BLOCKED	10983	CONFIRM_INSTALL	3
44	rt4_TMB-5_MAP_g_10543.r24	BACKTEST	BLOCKED	10983	CONFIRM_INSTALL	3
45	rt4_TMB-5_MAP_g_10544.r24	BACKTEST	BLOCKED	10983	CONFIRM_INSTALL	3
46	rt4_TMB-5_MAP_g_10545.r24	BACKTEST	BLOCKED	10983	CONFIRM_INSTALL	3
47	rt4_TMB-5_MAP_g_10546.r24	BACKTEST	BLOCKED	10983	CONFIRM_INSTALL	3
48	rt4_TMB-5_MAP_g_10547.r24	BACKTEST	BLOCKED	10983	CONFIRM_INSTALL	3
49	rt4_TMB-5_MAP_g_10548.r24	BACKTEST	BLOCKED	10983	CONFIRM_INSTALL	3
50	rt4_TMB-5_MAP_g_10549.r24	BACKTEST	BLOCKED	10983	CONFIRM_INSTALL	3
51	rt4_TMB-5_MAP_g_10550.r24	BACKTEST	BLOCKED	10983	CONFIRM_INSTALL	3
52	rt4_TMB-5_MAP_g_10551.r24	BACKTEST	BLOCKED	10983	CONFIRM_INSTALL	3
53	rt4_TMB-5_MAP_g_10552.r24	BACKTEST	BLOCKED	10983	CONFIRM_INSTALL	3
54	rt4_TMB-5_MAP_g_10553.r24	BACKTEST	BLOCKED	10983	CONFIRM_INSTALL	3
55	rt4_TMB-5_MAP_g_10554.r24	BACKTEST	BLOCKED	10983	CONFIRM_INSTALL	3
56	rt4_TMB-5_MAP_g_10555.r24	BACKTEST	BLOCKED	10983	CONFIRM_INSTALL	3
57	rt4_TMB-5_MAP_g_10556.r24	BACKTEST	BLOCKED	10983	CONFIRM_INSTALL	3
58	rt4_TMB-5_MAP_g_10557.r24	BACKTEST	BLOCKED	10983	CONFIRM_INSTALL	3
59	rt4_TMB-5_MAP_g_10558.r24	BACKTEST	BLOCKED	10983	CONFIRM_INSTALL	3
60	rt4_TMB-5_MAP_g_10559.r24	BACKTEST	BLOCKED	10983	CONFIRM_INSTALL	3
61	rt4_TMB-5_MAP_g_10560.r24	BACKTEST	BLOCKED	10983	CONFIRM_INSTALL	3
62	rt4_TMB-5_MAP_g_10561.r24	BACKTEST	ALLOWED	-	-	0
63	rt4_TMB-5_MAP_g_10562.r24	BACKTEST	ALLOWED	-	-	0
64	rt4_TMB-5_MAP_g_10563.r24	BACKTEST	BLOCKED	10983	WITHHOLD	-1
65	rt4_TMB-5_MAP_g_10564.r24	BACKTEST	BLOCKED	10983	WITHHOLD	-1
66	rt4_TMB-5_MAP_g_10565.r24	BACKTEST	BLOCKED	10983	WITHHOLD	-1
67	rt4_TMB-5_MAP_g_10566.r24	BACKTEST	BLOCKED	10983	WITHHOLD	-1
68	rt4_TMB-5_MAP_g_10567.r24	BACKTEST	BLOCKED	10983	WITHHOLD	-1
69	rt4_TMB-5_MAP_g_10568.r24	BACKTEST	BLOCKED	10983	WITHHOLD	-1
70	rt4_TMB-5_MAP_g_10569.r24	BACKTEST	BLOCKED	10983	WITHHOLD	-1
71	rt4_TMB-5_MAP_g_10570.r24	BACKTEST	BLOCKED	10983	CONFIRM_INSTALL	3
72	rt4_TMB-5_MAP_g_10571.r24	BACKTEST	BLOCKED	10983	CONFIRM_INSTALL	3
73	rt4_TMB-5_MAP_g_10572.r24	BACKTEST	BLOCKED	10983	CONFIRM_INSTALL	3
74	rt4_TMB-5_MAP_g_10573.r24	BACKTEST	BLOCKED	10983	CONFIRM_INSTALL	3
75	rt4_TMB-5_MAP_g_10574.r24	BACKTEST	BLOCKED	10983	CONFIRM_INSTALL	3
76	rt4_TMB-5_MAP_g_10575.r24	BACKTEST	BLOCKED	10983	CONFIRM_INSTALL	3
77	rt4_TMB-5_MAP_g_10576.r24	BACKTEST	BLOCKED	10983	CONFIRM_INSTALL	3
78	rt4_TMB-5_MAP_g_10577.r24	BACKTEST	BLOCKED	10983	CONFIRM_INSTALL	3
79	rt4_TMB-5_MAP_g_10578.r24	BACKTEST	BLOCKED	10983	CONFIRM_INSTALL	3
80	rt4_TMB-5_MAP_g_10579.r24	BACKTEST	BLOCKED	10983	CONFIRM_INSTALL	3
81	rt4_TMB-5_MAP_g_10580.r24	BACKTEST	BLOCKED	10983	CONFIRM_INSTALL	3
82	rt4_TMB-5_MAP_g_10581.r24	BACKTEST	BLOCKED	10983	CONFIRM_INSTALL	3
83	rt4_TMB-5_MAP_g_10582.r24	BACKTEST	BLOCKED	10983	CONFIRM_INSTALL	3
84	rt4_TMB-5_MAP_g_10583.r24	BACKTEST	BLOCKED	10983	CONFIRM_INSTALL	3
85	rt4_TMB-5_MAP_g_10584.r24	BACKTEST	BLOCKED	10983	CONFIRM_INSTALL	3
86	rt4_TMB-5_MAP_g_10585.r24	BACKTEST	BLOCKED	10983	CONFIRM_INSTALL	3
87	rt4_TMB-5_MAP_g_10586.r24	BACKTEST	BLOCKED	10983	CONFIRM_INSTALL	3
88	rt4_TMB-5_MAP_g_10587.r24	BACKTEST	BLOCKED	10983	CONFIRM_INSTALL	3
89	rt4_TMB-5_MAP_g_10588.r24	BACKTEST	BLOCKED	10983	CONFIRM_INSTALL	3
90	rt4_TMB-5_MAP_g_10589.r24	BACKTEST	BLOCKED	10983	CONFIRM_INSTALL	3
91	rt4_TMB-5_MAP_g_10590.r24	BACKTEST	BLOCKED	10983	CONFIRM_INSTALL	3
92	rt4_TMB-5_MAP_g_10591.r24	BACKTEST	BLOCKED	10983	CONFIRM_INSTALL	3
93	rt4_TMB-5_MAP_g_10592.r24	BACKTEST	BLOCKED	10983	CONFIRM_INSTALL	3
94	rt4_TMB-5_MAP_g_10593.r24	BACKTEST	BLOCKED	10983	CONFIRM_INSTALL	3
95	rt4_TMB-5_MAP_g_10594.r24	BACKTEST	BLOCKED	10983	CONFIRM_INSTALL	3
96	rt4_TMB-5_MAP_g_10595.r24	BACKTEST	BLOCKED	10983	CONFIRM_INSTALL	3
97	rt4_TMB-5_MAP_g_10596.r24	BACKTEST	BLOCKED	10983	CONFIRM_INSTALL	3
98	rt4_TMB-5_MAP_g_10597.r24	BACKTEST	BLOCKED	10983	CONFIRM_INSTALL	3
99	rt4_TMB-5_MAP_g_10598.r24	BACKTEST	BLOCKED	10983	CONFIRM_INSTALL	3
100	rt4_TMB-5_MAP_g_10599.r24	BACKTEST	BLOCKED	10983	CONFIRM_INSTALL	3
101	rt4_TMB-5_MAP_g_10600.r24	BACKTEST	BLOCKED	10983	CONFIRM_INSTALL	3
102	rt4_TMB-5_MAP_g_10601.r24	BACKTEST	BLOCKED	10983	CONFIRM_INSTALL	3
103	rt4_TMB-5_MAP_g_10602.r24	BACKTEST	BLOCKED	10983	CONFIRM_INSTALL	3
104	rt4_TMB-5_MAP_g_10603.r24	BACKTEST	BLOCKED	10983	CONFIRM_INSTALL	3
105	rt4_TMB-5_MAP_g_10604.r24	BACKTEST	BLOCKED	10983	CONFIRM_INSTALL	3
106	rt4_TMB-5_MAP_g_10605.r24	BACKTEST	BLOCKED	10983	CONFIRM_INSTALL	3
107	rt4_TMB-5_MAP_g_10606.r24	BACKTEST	BLOCKED	10983	CONFIRM_INSTALL	3
108	rt4_TMB-5_MAP_g_10607.r24	BACKTEST	BLOCKED	10983	CONFIRM_INSTALL	3
109	rt4_TMB-5_MAP_g_10608.r24	BACKTEST	BLOCKED	10983	CONFIRM_INSTALL	3
110	rt4_TMB-5_MAP_g_10609.r24	BACKTEST	BLOCKED	10983	CONFIRM_INSTALL	3
111	rt4_TMB-5_MAP_g_10610.r24	BACKTEST	BLOCKED	10983	CONFIRM_INSTALL	3
112	rt4_TMB-5_MAP_g_10611.r24	BACKTEST	BLOCKED	10983	CONFIRM_INSTALL	3
113	rt4_TMB-5_MAP_g_10612.r24	BACKTEST	BLOCKED	10983	CONFIRM_INSTALL	3
114	rt4_TMB-5_MAP_g_10613.r24	BACKTEST	BLOCKED	10983	CONFIRM_INSTALL	3
115	rt4_TMB-5_MAP_g_10614.r24	BACKTEST	BLOCKED	10983	CONFIRM_INSTALL	3
116	rt4_TMB-5_MAP_g_10615.r24	BACKTEST	BLOCKED	10983	CONFIRM_INSTALL	3
117	rt4_TMB-5_MAP_g_10616.r24	BACKTEST	BLOCKED	10983	CONFIRM_INSTALL	3
118	rt4_TMB-5_MAP_g_10617.r24	BACKTEST	BLOCKED	10983	CONFIRM_INSTALL	3
119	rt4_TMB-5_MAP_g_10618.r24	BACKTEST	BLOCKED	10983	CONFIRM_INSTALL	3
120	rt4_TMB-5_MAP_g_10619.r24	BACKTEST	BLOCKED	10983	CONFIRM_INSTALL	3
121	rt4_TMB-5_MAP_g_10620.r24	BACKTEST	BLOCKED	10983	CONFIRM_INSTALL	3
122	rt4_TMB-5_MAP_g_10621.r24	BACKTEST	BLOCKED	10983	CONFIRM_INSTALL	3
123	rt4_TMB-5_MAP_g_10622.r24	BACKTEST	BLOCKED	10983	CONFIRM_INSTALL	3
124	rt4_TMB-5_MAP_g_10623.r24	BACKTEST	BLOCKED	10983	CONFIRM_INSTALL	3
125	rt4_TMB-5_MAP_g_10624.r24	BACKTEST	BLOCKED	10983	CONFIRM_INSTALL	3
126	rt4_TMB-5_MAP_g_10625.r24	BACKTEST	BLOCKED	10983	CONFIRM_INSTALL	3
127	rt4_TMB-5_MAP_g_10626.r24	BACKTEST	BLOCKED	10983	CONFIRM_INSTALL	3
128	rt4_TMB-5_MAP_g_10627.r24	BACKTEST	BLOCKED	10983	CONFIRM_INSTALL	3
129	rt4_TMB-5_MAP_g_10628.r24	BACKTEST	BLOCKED	10983	CONFIRM_INSTALL	3
130	rt4_TMB-5_MAP_g_10629.r24	BACKTEST	BLOCKED	10983	CONFIRM_INSTALL	3
131	rt4_TMB-5_MAP_g_10630.r24	BACKTEST	BLOCKED	10983	CONFIRM_INSTALL	3
132	rt4_TMB-5_MAP_g_10631.r24	BACKTEST	ALLOWED	-	-	0
133	rt4_TMB-5_MAP_g_10632.r24	BACKTEST	BLOCKED	10983	CONFIRM_INSTALL	3
134	rt4_TMB-5_MAP_g_10633.r24	BACKTEST	BLOCKED	10983	CONFIRM_INSTALL	3
135	rt4_TMB-5_MAP_g_10634.r24	BACKTEST	BLOCKED	10983	CONFIRM_INSTALL	3
136	rt4_TMB-5_MAP_g_10635.r24	BACKTEST	BLOCKED	10983	CONFIRM_INSTALL	3
137	rt4_TMB-5_MAP_g_10636.r24	BACKTEST	BLOCKED	10983	CONFIRM_INSTALL	3
138	rt4_TMB-5_MAP_g_10637.r24	BACKTEST	BLOCKED	10983	CONFIRM_INSTALL	3
139	rt4_TMB-5_MAP_g_10638.r24	BACKTEST	BLOCKED	10983	CONFIRM_INSTALL	3
140	rt4_TMB-5_MAP_g_10639.r24	BACKTEST	BLOCKED	10983	CONFIRM_INSTALL	3
141	rt4_TMB-5_MAP_g_10640.r24	BACKTEST	BLOCKED	10983	CONFIRM_INSTALL	3
142	rt4_TMB-5_MAP_g_10641.r24	BACKTEST	BLOCKED	10983	CONFIRM_INSTALL	3
143	rt4_TMB-5_MAP_g_10642.r24	BACKTEST	BLOCKED	10983	CONFIRM_INSTALL	3
144	rt4_TMB-5_MAP_g_10643.r24	BACKTEST	BLOCKED	10983	CONFIRM_INSTALL	3
145	rt4_TMB-5_MAP_g_10644.r24	BACKTEST	BLOCKED	10983	CONFIRM_INSTALL	3
146	rt4_TMB-5_MAP_g_10645.r24	BACKTEST	BLOCKED	10983	CONFIRM_INSTALL	3
147	rt4_TMB-5_MAP_g_10646.r24	BACKTEST	BLOCKED	10983	CONFIRM_INSTALL	3
148	rt4_TMB-5_MAP_g_10647.r24	BACKTEST	BLOCKED	10983	CONFIRM_INSTALL	3
149	rt4_TMB-5_MAP_g_10648.r24	BACKTEST	BLOCKED	10983	CONFIRM_INSTALL	3
150	rt4_TMB-5_MAP_g_10649.r24	BACKTEST	BLOCKED	10983	CONFIRM_INSTALL	3
151	rt4_TMB-5_MAP_g_10650.r24	BACKTEST	BLOCKED	10983	CONFIRM_INSTALL	3
152	rt4_TMB-5_MAP_g_10651.r24	BACKTEST	BLOCKED	10983	CONFIRM_INSTALL	3
153	rt4_TMB-5_MAP_g_10652.r24	BACKTEST	BLOCKED	10983	CONFIRM_INSTALL	3
154	rt4_TMB-5_MAP_g_10653.r24	BACKTEST	BLOCKED	10983	CONFIRM_INSTALL	3
155	rt4_TMB-5_MAP_g_10654.r24	BACKTEST	BLOCKED	10983	CONFIRM_INSTALL	3
156	rt4_TMB-5_MAP_g_10655.r24	BACKTEST	BLOCKED	10983	CONFIRM_INSTALL	3
157	rt4_TMB-5_MAP_g_10656.r24	BACKTEST	BLOCKED	10983	CONFIRM_INSTALL	3
158	rt4_TMB-5_MAP_g_10657.r24	BACKTEST	BLOCKED	10983	CONFIRM_INSTALL	3
159	rt4_TMB-5_MAP_g_10658.r24	BACKTEST	BLOCKED	10983	CONFIRM_INSTALL	3
160	rt4_TMB-5_MAP_g_10659.r24	BACKTEST	BLOCKED	10983	CONFIRM_INSTALL	3
161	rt4_TMB-5_MAP_g_10660.r24	BACKTEST	BLOCKED	10983	CONFIRM_INSTALL	3
162	rt4_TMB-5_MAP_g_10661.r24	BACKTEST	BLOCKED	10983	CONFIRM_INSTALL	3
163	rt4_TMB-5_MAP_g_10662.r24	BACKTEST	BLOCKED	10983	CONFIRM_INSTALL	3
164	rt4_TMB-5_MAP_g_10663.r24	BACKTEST	BLOCKED	10983	CONFIRM_INSTALL	3
165	rt4_TMB-5_MAP_g_10664.r24	BACKTEST	BLOCKED	10983	CONFIRM_INSTALL	3
166	rt4_TMB-5_MAP_g_10665.r24	BACKTEST	BLOCKED	10983	CONFIRM_INSTALL	3
167	rt4_TMB-5_MAP_g_10666.r24	BACKTEST	BLOCKED	10983	CONFIRM_INSTALL	3
168	rt4_TMB-5_MAP_g_10667.r24	BACKTEST	BLOCKED	10983	CONFIRM_INSTALL	3
169	rt4_TMB-5_MAP_g_10668.r24	BACKTEST	BLOCKED	10983	CONFIRM_INSTALL	3
170	rt4_TMB-5_MAP_g_10669.r24	BACKTEST	BLOCKED	10983	CONFIRM_INSTALL	3
171	rt4_TMB-5_MAP_g_10670.r24	BACKTEST	BLOCKED	10983	CONFIRM_INSTALL	3
172	rt4_TMB-5_MAP_g_10671.r24	BACKTEST	BLOCKED	10983	CONFIRM_INSTALL	3
173	rt4_TMB-5_MAP_g_10672.r24	BACKTEST	BLOCKED	10983	CONFIRM_INSTALL	3
174	rt4_TMB-5_MAP_g_10673.r24	BACKTEST	BLOCKED	10983	CONFIRM_INSTALL	3
175	rt4_TMB-5_MAP_g_10674.r24	BACKTEST	BLOCKED	10983	CONFIRM_INSTALL	3
176	rt4_TMB-5_MAP_g_10675.r24	BACKTEST	BLOCKED	10983	CONFIRM_INSTALL	3
177	rt4_TMB-5_MAP_g_10676.r24	BACKTEST	BLOCKED	10983	CONFIRM_INSTALL	3
178	rt4_TMB-5_MAP_g_10677.r24	BACKTEST	BLOCKED	10983	CONFIRM_INSTALL	3
179	rt4_TMB-5_MAP_g_10678.r24	BACKTEST	BLOCKED	10983	CONFIRM_INSTALL	3
180	rt4_TMB-5_MAP_g_10679.r24	BACKTEST	BLOCKED	10983	CONFIRM_INSTALL	3
181	rt4_TMB-5_MAP_g_10680.r24	BACKTEST	BLOCKED	10983	CONFIRM_INSTALL	3
182	rt4_TMB-5_MAP_g_10681.r24	BACKTEST	BLOCKED	10983	CONFIRM_INSTALL	3
183	rt4_TMB-5_MAP_g_10682.r24	BACKTEST	BLOCKED	10983	CONFIRM_INSTALL	3
184	rt4_TMB-5_MAP_g_10683.r24	BACKTEST	BLOCKED	10983	CONFIRM_INSTALL	3
185	rt4_TMB-5_MAP_g_10684.r24	BACKTEST	BLOCKED	10983	CONFIRM_INSTALL	3
186	rt4_TMB-5_MAP_g_10685.r24	BACKTEST	BLOCKED	10983	CONFIRM_INSTALL	3
187	rt4_TMB-5_MAP_g_10686.r24	BACKTEST	BLOCKED	10983	CONFIRM_INSTALL	3
188	rt4_TMB-5_MAP_g_10687.r24	BACKTEST	BLOCKED	10983	CONFIRM_INSTALL	3
189	rt4_TMB-5_MAP_g_10688.r24	BACKTEST	BLOCKED	10983	CONFIRM_INSTALL	3
190	rt4_TMB-5_MAP_g_10689.r24	BACKTEST	BLOCKED	10983	CONFIRM_INSTALL	3
191	rt4_TMB-5_MAP_g_10690.r24	BACKTEST	BLOCKED	10983	CONFIRM_INSTALL	3
192	rt4_TMB-5_MAP_g_10691.r24	BACKTEST	BLOCKED	10983	CONFIRM_INSTALL	3
193	rt4_TMB-5_MAP_g_10692.r24	BACKTEST	BLOCKED	10983	CONFIRM_INSTALL	3
194	rt4_TMB-5_MAP_g_10693.r24	BACKTEST	BLOCKED	10983	CONFIRM_INSTALL	3
195	rt4_TMB-5_MAP_g_10694.r24	BACKTEST	BLOCKED	10983	CONFIRM_INSTALL	3
196	rt4_TMB-5_MAP_g_10695.r24	BACKTEST	BLOCKED	10983	CONFIRM_INSTALL	3
197	rt4_TMB-5_MAP_g_10696.r24	BACKTEST	BLOCKED	10983	CONFIRM_INSTALL	3
198	rt4_TMB-5_MAP_g_10697.r24	BACKTEST	BLOCKED	10983	CONFIRM_INSTALL	3
199	rt4_TMB-5_MAP_g_10698.r24	BACKTEST	BLOCKED	10983	CONFIRM_INSTALL	3
200	rt4_TMB-5_MAP_g_10699.r24	BACKTEST	BLOCKED	10983	CONFIRM_INSTALL	3
201	rt4_TMB-5_MAP_g_10700.r24	BACKTEST	BLOCKED	10983	CONFIRM_INSTALL	3
202	rt4_TMB-5_MAP_g_10701.r24	BACKTEST	BLOCKED	10983	CONFIRM_INSTALL	3
203	rt4_TMB-5_MAP_g_10702.r24	BACKTEST	BLOCKED	10983	CONFIRM_INSTALL	3
204	rt4_TMB-5_MAP_g_10703.r24	BACKTEST	BLOCKED	10983	CONFIRM_INSTALL	3
205	rt4_TMB-5_MAP_g_10704.r24	BACKTEST	BLOCKED	10983	CONFIRM_INSTALL	3
206	rt4_TMB-5_MAP_g_10705.r24	BACKTEST	BLOCKED	10983	CONFIRM_INSTALL	3
207	rt4_TMB-5_MAP_g_10706.r24	BACKTEST	BLOCKED	10983	CONFIRM_INSTALL	3
208	rt4_TMB-5_MAP_g_10707.r24	BACKTEST	BLOCKED	10983	CONFIRM_INSTALL	3
209	rt4_TMB-5_MAP_g_10708.r24	BACKTEST	BLOCKED	10983	CONFIRM_INSTALL	3
210	rt4_TMB-5_MAP_g_10709.r24	BACKTEST	BLOCKED	10983	CONFIRM_INSTALL	3
211	rt4_TMB-5_MAP_g_10710.r24	BACKTEST	BLOCKED	10983	CONFIRM_INSTALL	3
212	rt4_TMB-5_MAP_g_10711.r24	BACKTEST	BLOCKED	10983	CONFIRM_INSTALL	3
213	rt4_TMB-5_MAP_g_10712.r24	BACKTEST	BLOCKED	10983	CONFIRM_INSTALL	3
214	rt4_TMB-5_MAP_g_10713.r24	BACKTEST	BLOCKED	10983	CONFIRM_INSTALL	3
215	rt4_TMB-5_MAP_g_10714.r24	BACKTEST	BLOCKED	10983	CONFIRM_INSTALL	3
216	rt4_TMB-5_MAP_g_10715.r24	BACKTEST	BLOCKED	10983	CONFIRM_INSTALL	3
217	rt4_TMB-5_MAP_g_10716.r24	BACKTEST	BLOCKED	10983	CONFIRM_INSTALL	3
218	rt4_TMB-5_MAP_g_10717.r24	BACKTEST	BLOCKED	10983	CONFIRM_INSTALL	3
219	rt4_TMB-5_MAP_g_10718.r24	BACKTEST	BLOCKED	10983	CONFIRM_INSTALL	3
220	rt4_TMB-5_MAP_g_10719.r24	BACKTEST	BLOCKED	10983	CONFIRM_INSTALL	3
221	rt4_TMB-5_MAP_g_10720.r24	BACKTEST	BLOCKED	10983	CONFIRM_INSTALL	3
222	rt4_TMB-5_MAP_g_10721.r24	BACKTEST	BLOCKED	10983	CONFIRM_INSTALL	3
223	rt4_TMB-5_MAP_g_10722.r24	BACKTEST	BLOCKED	10983	CONFIRM_INSTALL	3
224	rt4_TMB-5_MAP_g_10723.r24	BACKTEST	BLOCKED	10983	CONFIRM_INSTALL	3
225	rt4_TMB-5_MAP_g_10724.r24	BACKTEST	BLOCKED	10983	CONFIRM_INSTALL	3
226	rt4_TMB-5_MAP_g_10725.r24	BACKTEST	BLOCKED	10983	CONFIRM_INSTALL	3
227	rt4_TMB-5_MAP_g_10726.r24	BACKTEST	BLOCKED	10983	CONFIRM_INSTALL	3
228	rt4_TMB-5_MAP_g_10727.r24	BACKTEST	BLOCKED	10983	CONFIRM_INSTALL	3
229	rt4_TMB-5_MAP_g_10728.r24	BACKTEST	BLOCKED	10983	CONFIRM_INSTALL	3
230	rt4_TMB-5_MAP_g_10729.r24	BACKTEST	BLOCKED	10983	CONFIRM_INSTALL	3
231	rt4_TMB-5_MAP_g_10730.r24	BACKTEST	BLOCKED	10983	CONFIRM_INSTALL	3
232	rt4_TMB-5_MAP_g_10731.r24	BACKTEST	BLOCKED	10983	CONFIRM_INSTALL	3
233	rt4_TMB-5_MAP_g_10732.r24	BACKTEST	BLOCKED	10983	CONFIRM_INSTALL	3
234	rt4_TMB-5_MAP_g_10733.r24	BACKTEST	BLOCKED	10983	CONFIRM_INSTALL	3
235	rt4_TMB-5_MAP_g_10734.r24	BACKTEST	BLOCKED	10983	CONFIRM_INSTALL	3
236	rt4_TMB-5_MAP_g_10735.r24	BACKTEST	BLOCKED	10983	CONFIRM_INSTALL	3
237	rt4_TMB-5_MAP_g_10736.r24	BACKTEST	BLOCKED	10983	CONFIRM_INSTALL	3
238	rt4_TMB-5_MAP_g_10737.r24	BACKTEST	BLOCKED	10983	CONFIRM_INSTALL	3
239	rt4_TMB-5_MAP_g_10738.r24	BACKTEST	BLOCKED	10983	CONFIRM_INSTALL	3
240	rt4_TMB-5_MAP_g_10739.r24	BACKTEST	BLOCKED	10983	CONFIRM_INSTALL	3
241	rt4_TMB-5_MAP_g_10740.r24	BACKTEST	BLOCKED	10983	CONFIRM_INSTALL	3
242	rt4_TMB-5_MAP_g_10741.r24	BACKTEST	BLOCKED	10983	CONFIRM_INSTALL	3
243	rt4_TMB-5_MAP_g_10742.r24	BACKTEST	BLOCKED	10983	CONFIRM_INSTALL	3
244	rt4_TMB-5_MAP_g_10743.r24	BACKTEST	BLOCKED	10983	CONFIRM_INSTALL	3
245	rt4_TMB-5_MAP_g_10744.r24	BACKTEST	BLOCKED	10983	CONFIRM_INSTALL	3
246	rt4_TMB-5_MAP_g_10745.r24	BACKTEST	BLOCKED	10983	CONFIRM_INSTALL	3
247	rt4_TMB-5_MAP_g_10746.r24	BACKTEST	BLOCKED	10983	CONFIRM_INSTALL	3
248	rt4_TMB-5_MAP_g_10747.r24	BACKTEST	BLOCKED	10983	CONFIRM_INSTALL	3
249	rt4_TMB-5_MAP_g_10748.r24	BACKTEST	BLOCKED	10983	CONFIRM_INSTALL	3
250	rt4_TMB-5_MAP_g_10749.r24	BACKTEST	BLOCKED	10983	CONFIRM_INSTALL	3
251	rt4_TMB-5_MAP_g_10750.r24	BACKTEST	BLOCKED	10983	CONFIRM_INSTALL	3
252	rt4_TMB-5_MAP_g_10751.r24	BACKTEST	BLOCKED	10983	CONFIRM_INSTALL	3
253	rt4_TMB-5_MAP_g_10752.r24	BACKTEST	BLOCKED	10983	CONFIRM_INSTALL	3
254	rt4_TMB-5_MAP_g_10753.r24	BACKTEST	BLOCKED	10983	CONFIRM_INSTALL	3
255	rt4_TMB-5_MAP_g_10754.r24	BACKTEST	BLOCKED	10983	CONFIRM_INSTALL	3
256	rt4_TMB-5_MAP_g_10755.r24	BACKTEST	BLOCKED	10983	CONFIRM_INSTALL	3
257	rt4_TMB-5_MAP_g_10756.r24	BACKTEST	BLOCKED	10983	CONFIRM_INSTALL	3
258	rt4_TMB-5_MAP_g_10757.r24	BACKTEST	BLOCKED	10983	CONFIRM_INSTALL	3
259	rt4_TMB-5_MAP_g_10758.r24	BACKTEST	BLOCKED	10983	CONFIRM_INSTALL	3
260	rt4_TMB-5_MAP_g_10759.r24	BACKTEST	BLOCKED	10983	CONFIRM_INSTALL	3
261	rt4_TMB-5_MAP_g_10760.r24	BACKTEST	BLOCKED	10983	CONFIRM_INSTALL	3
262	rt4_TMB-5_MAP_g_10761.r24	BACKTEST	BLOCKED	10983	CONFIRM_INSTALL	3
263	rt4_TMB-5_MAP_g_10762.r24	BACKTEST	BLOCKED	10983	CONFIRM_INSTALL	3
264	rt4_TMB-5_MAP_g_10763.r24	BACKTEST	BLOCKED	10983	CONFIRM_INSTALL	3
265	rt4_TMB-5_MAP_g_10764.r24	BACKTEST	BLOCKED	10983	CONFIRM_INSTALL	3
266	rt4_TMB-5_MAP_g_10765.r24	BACKTEST	BLOCKED	10983	CONFIRM_INSTALL	3
267	rt4_TMB-5_MAP_g_10766.r24	BACKTEST	BLOCKED	10983	CONFIRM_INSTALL	3
268	rt4_TMB-5_MAP_g_10767.r24	BACKTEST	BLOCKED	10983	CONFIRM_INSTALL	3
269	rt4_TMB-5_MAP_g_10768.r24	BACKTEST	BLOCKED	10983	CONFIRM_INSTALL	3
270	rt4_TMB-5_MAP_g_10769.r24	BACKTEST	BLOCKED	10983	CONFIRM_INSTALL	3
271	rt4_TMB-5_MAP_g_10770.r24	BACKTEST	BLOCKED	10983	CONFIRM_INSTALL	3
272	rt4_TMB-5_MAP_g_10771.r24	BACKTEST	BLOCKED	10983	CONFIRM_INSTALL	3
273	rt4_TMB-5_MAP_g_10772.r24	BACKTEST	BLOCKED	10983	CONFIRM_INSTALL	3
274	rt4_TMB-5_MAP_g_10773.r24	BACKTEST	BLOCKED	10983	CONFIRM_INSTALL	3
275	rt4_TMB-5_MAP_g_10774.r24	BACKTEST	BLOCKED	10983	CONFIRM_INSTALL	3
276	rt4_TMB-5_MAP_g_10775.r24	BACKTEST	BLOCKED	10983	CONFIRM_INSTALL	3
277	rt4_TMB-5_MAP_g_10776.r24	BACKTEST	BLOCKED	10983	CONFIRM_INSTALL	3
278	rt4_TMB-5_MAP_g_10777.r24	BACKTEST	BLOCKED	10983	CONFIRM_INSTALL	3
279	rt4_TMB-5_MAP_g_10778.r24	BACKTEST	BLOCKED	10983	CONFIRM_INSTALL	3
280	rt4_TMB-5_MAP_g_10779.r24	BACKTEST	BLOCKED	10983	CONFIRM_INSTALL	3
281	rt4_TMB-5_MAP_g_10780.r24	BACKTEST	BLOCKED	10983	CONFIRM_INSTALL	3
282	rt4_TMB-5_MAP_g_10781.r24	BACKTEST	BLOCKED	10983	CONFIRM_INSTALL	3
283	rt4_TMB-5_MAP_g_10782.r24	BACKTEST	BLOCKED	10983	CONFIRM_INSTALL	3
284	rt4_TMB-5_MAP_g_10783.r24	BACKTEST	BLOCKED	10983	CONFIRM_INSTALL	3
285	rt4_TMB-5_MAP_g_10784.r24	BACKTEST	BLOCKED	10983	CONFIRM_INSTALL	3
286	rt4_TMB-5_MAP_g_10785.r24	BACKTEST	BLOCKED	10983	CONFIRM_INSTALL	3
287	rt4_TMB-5_MAP_g_10786.r24	BACKTEST	BLOCKED	10983	CONFIRM_INSTALL	3
288	rt4_TMB-5_MAP_g_10787.r24	BACKTEST	BLOCKED	10983	CONFIRM_INSTALL	3
289	rt4_TMB-5_MAP_g_10788.r24	BACKTEST	BLOCKED	10983	CONFIRM_INSTALL	3
290	rt4_TMB-5_MAP_g_10789.r24	BACKTEST	BLOCKED	10983	CONFIRM_INSTALL	3
291	rt4_TMB-5_MAP_g_10790.r24	BACKTEST	BLOCKED	10983	CONFIRM_INSTALL	3
292	rt4_TMB-5_MAP_g_10791.r24	BACKTEST	BLOCKED	10983	CONFIRM_INSTALL	3
293	rt4_TMB-5_MAP_g_10792.r24	BACKTEST	BLOCKED	10983	CONFIRM_INSTALL	3
294	rt4_TMB-5_MAP_g_10793.r24	BACKTEST	BLOCKED	10983	CONFIRM_INSTALL	3
295	rt4_TMB-5_MAP_g_10794.r24	BACKTEST	BLOCKED	10983	CONFIRM_INSTALL	3
296	rt4_TMB-5_MAP_g_10795.r24	BACKTEST	BLOCKED	10983	CONFIRM_INSTALL	3
297	rt4_TMB-5_MAP_g_10796.r24	BACKTEST	BLOCKED	10983	CONFIRM_INSTALL	3
298	rt4_TMB-5_MAP_g_10797.r24	BACKTEST	BLOCKED	10983	CONFIRM_INSTALL	3
299	rt4_TMB-5_MAP_g_10798.r24	BACKTEST	BLOCKED	10983	CONFIRM_INSTALL	3
300	rt4_TMB-5_MAP_g_10799.r24	BACKTEST	BLOCKED	10983	CONFIRM_INSTALL	3
301	rt4_TMB-5_MAP_g_10800.r24	BACKTEST	BLOCKED	10983	CONFIRM_INSTALL	3
302	rt4_TMB-5_MAP_g_10801.r24	BACKTEST	BLOCKED	10983	CONFIRM_INSTALL	3
303	rt4_TMB-5_MAP_g_10802.r24	BACKTEST	BLOCKED	10983	CONFIRM_INSTALL	3
304	rt4_TMB-5_MAP_g_10803.r24	BACKTEST	BLOCKED	10983	CONFIRM_INSTALL	3
305	rt4_TMB-5_MAP_g_10804.r24	BACKTEST	BLOCKED	10983	CONFIRM_INSTALL	3
306	rt4_TMB-5_MAP_g_10805.r24	BACKTEST	BLOCKED	10983	CONFIRM_INSTALL	3
307	rt4_TMB-5_MAP_g_10806.r24	BACKTEST	BLOCKED	10983	CONFIRM_INSTALL	3
308	rt4_TMB-5_MAP_g_10807.r24	BACKTEST	BLOCKED	10983	CONFIRM_INSTALL	3
309	rt4_TMB-5_MAP_g_10808.r24	BACKTEST	BLOCKED	10983	CONFIRM_INSTALL	3
310	rt4_TMB-5_MAP_g_10809.r24	BACKTEST	BLOCKED	10983	CONFIRM_INSTALL	3
311	rt4_TMB-5_MAP_g_10810.r24	BACKTEST	BLOCKED	10983	CONFIRM_INSTALL	3
312	rt4_TMB-5_MAP_g_10811.r24	BACKTEST	BLOCKED	10983	CONFIRM_INSTALL	3
313	rt4_TMB-5_MAP_g_10812.r24	BACKTEST	BLOCKED	10983	CONFIRM_INSTALL	3
314	rt4_TMB-5_MAP_g_10813.r24	BACKTEST	BLOCKED	10983	CONFIRM_INSTALL	3
315	rt4_TMB-5_MAP_g_10814.r24	BACKTEST	BLOCKED	10983	CONFIRM_INSTALL	3
316	rt4_TMB-5_MAP_g_10815.r24	BACKTEST	BLOCKED	10983	CONFIRM_INSTALL	3
317	rt4_TMB-5_MAP_g_10816.r24	BACKTEST	BLOCKED	10983	CONFIRM_INSTALL	3
318	rt4_TMB-5_MAP_g_10817.r24	BACKTEST	BLOCKED	10983	CONFIRM_INSTALL	3
319	rt4_TMB-5_MAP_g_10818.r24	BACKTEST	BLOCKED	10983	CONFIRM_INSTALL	3
320	rt4_TMB-5_MAP_g_10819.r24	BACKTEST	BLOCKED	10983	CONFIRM_INSTALL	3
321	rt4_TMB-5_MAP_g_10820.r24	BACKTEST	BLOCKED	10983	CONFIRM_INSTALL	3
322	rt4_TMB-5_MAP_g_10821.r24	BACKTEST	BLOCKED	10983	CONFIRM_INSTALL	3
323	rt4_TMB-5_MAP_g_10822.r24	BACKTEST	BLOCKED	10983	CONFIRM_INSTALL	3
324	rt4_TMB-5_MAP_g_10823.r24	BACKTEST	BLOCKED	10983	CONFIRM_INSTALL	3
325	rt4_TMB-5_MAP_g_10824.r24	BACKTEST	BLOCKED	10983	CONFIRM_INSTALL	3
326	rt4_TMB-5_MAP_g_10825.r24	BACKTEST	BLOCKED	10983	CONFIRM_INSTALL	3
327	rt4_TMB-5_MAP_g_10826.r24	BACKTEST	BLOCKED	10983	CONFIRM_INSTALL	3
328	rt4_TMB-5_MAP_g_10827.r24	BACKTEST	BLOCKED	10983	CONFIRM_INSTALL	3
329	rt4_TMB-5_MAP_g_10828.r24	BACKTEST	BLOCKED	10983	CONFIRM_INSTALL	3
330	rt4_TMB-5_MAP_g_10829.r24	BACKTEST	BLOCKED	10983	CONFIRM_INSTALL	3
331	rt4_TMB-5_MAP_g_10830.r24	BACKTEST	BLOCKED	10983	CONFIRM_INSTALL	3
332	rt4_TMB-5_MAP_g_10831.r24	BACKTEST	BLOCKED	10983	CONFIRM_INSTALL	3
333	rt4_TMB-5_MAP_g_10832.r24	BACKTEST	BLOCKED	10983	CONFIRM_INSTALL	3
334	rt4_TMB-5_MAP_g_10833.r24	BACKTEST	BLOCKED	10983	CONFIRM_INSTALL	3
335	rt4_TMB-5_MAP_g_10834.r24	BACKTEST	BLOCKED	10983	CONFIRM_INSTALL	3
336	rt4_TMB-5_MAP_g_10835.r24	BACKTEST	BLOCKED	10983	CONFIRM_INSTALL	3
337	rt4_TMB-5_MAP_g_10836.r24	BACKTEST	BLOCKED	10983	CONFIRM_INSTALL	3
338	rt4_TMB-5_MAP_g_10837.r24	BACKTEST	BLOCKED	10983	CONFIRM_INSTALL	3
339	rt4_TMB-5_MAP_g_10838.r24	BACKTEST	BLOCKED	10983	CONFIRM_INSTALL	3
340	rt4_TMB-5_MAP_g_10839.r24	BACKTEST	BLOCKED	10983	CONFIRM_INSTALL	3
341	rt4_TMB-5_MAP_g_10840.r24	BACKTEST	BLOCKED	10983	CONFIRM_INSTALL	3
342	rt4_TMB-5_MAP_g_10841.r24	BACKTEST	BLOCKED	10983	CONFIRM_INSTALL	3
343	rt4_TMB-5_MAP_g_10842.r24	BACKTEST	BLOCKED	10983	CONFIRM_INSTALL	3
344	rt4_TMB-5_MAP_g_10843.r24	BACKTEST	BLOCKED	10983	CONFIRM_INSTALL	3
345	rt4_TMB-5_MAP_g_10844.r24	BACKTEST	BLOCKED	10983	CONFIRM_INSTALL	3
346	rt4_TMB-5_MAP_g_10845.r24	BACKTEST	BLOCKED	10983	CONFIRM_INSTALL	3
347	rt4_TMB-5_MAP_g_10846.r24	BACKTEST	BLOCKED	10983	CONFIRM_INSTALL	3
348	rt4_TMB-5_MAP_g_10847.r24	BACKTEST	BLOCKED	10983	CONFIRM_INSTALL	3
349	rt4_TMB-5_MAP_g_10848.r24	BACKTEST	BLOCKED	10983	CONFIRM_INSTALL	3
350	rt4_TMB-5_MAP_g_10849.r24	BACKTEST	BLOCKED	10983	CONFIRM_INSTALL	3
351	rt4_TMB-5_MAP_g_10850.r24	BACKTEST	BLOCKED	10983	CONFIRM_INSTALL	3
352	rt4_TMB-5_MAP_g_10851.r24	BACKTEST	BLOCKED	10983	CONFIRM_INSTALL	3
353	rt4_TMB-5_MAP_g_10852.r24	BACKTEST	BLOCKED	10983	CONFIRM_INSTALL	3
354	rt4_TMB-5_MAP_g_10853.r24	BACKTEST	BLOCKED	10983	CONFIRM_INSTALL	3
355	rt4_TMB-5_MAP_g_10854.r24	BACKTEST	BLOCKED	10983	CONFIRM_INSTALL	3
356	rt4_TMB-5_MAP_g_10855.r24	BACKTEST	BLOCKED	10983	CONFIRM_INSTALL	3
357	rt4_TMB-5_MAP_g_10856.r24	BACKTEST	BLOCKED	10983	CONFIRM_INSTALL	3
358	rt4_TMB-5_MAP_g_10857.r24	BACKTEST	BLOCKED	10983	CONFIRM_INSTALL	3
359	rt4_TMB-5_MAP_g_10858.r24	BACKTEST	BLOCKED	10983	CONFIRM_INSTALL	3
360	rt4_TMB-5_MAP_g_10859.r24	BACKTEST	BLOCKED	10983	CONFIRM_INSTALL	3
361	rt4_TMB-5_MAP_g_10860.r24	BACKTEST	BLOCKED	10983	CONFIRM_INSTALL	3
362	rt4_TMB-5_MAP_g_10861.r24	BACKTEST	BLOCKED	10983	CONFIRM_INSTALL	3
363	rt4_TMB-5_MAP_g_10862.r24	BACKTEST	BLOCKED	10983	CONFIRM_INSTALL	3
364	rt4_TMB-5_MAP_g_10863.r24	BACKTEST	BLOCKED	10983	CONFIRM_INSTALL	3
365	rt4_TMB-5_MAP_g_10864.r24	BACKTEST	BLOCKED	10983	CONFIRM_INSTALL	3
366	rt4_TMB-5_MAP_g_10865.r24	BACKTEST	BLOCKED	10983	CONFIRM_INSTALL	3
367	rt4_TMB-5_MAP_g_10866.r24	BACKTEST	BLOCKED	10983	CONFIRM_INSTALL	3
368	rt4_TMB-5_MAP_g_10867.r24	BACKTEST	BLOCKED	10983	CONFIRM_INSTALL	3
369	rt4_TMB-5_MAP_g_10868.r24	BACKTEST	BLOCKED	10983	CONFIRM_INSTALL	3
370	rt4_TMB-5_MAP_g_10869.r24	BACKTEST	BLOCKED	10983	CONFIRM_INSTALL	3
371	rt4_TMB-5_MAP_g_10870.r24	BACKTEST	BLOCKED	10983	CONFIRM_INSTALL	3
372	rt4_TMB-5_MAP_g_10871.r24	BACKTEST	BLOCKED	10983	CONFIRM_INSTALL	3
373	rt4_TMB-5_MAP_g_10872.r24	BACKTEST	BLOCKED	10983	CONFIRM_INSTALL	3
374	rt4_TMB-5_MAP_g_10873.r24	BACKTEST	BLOCKED	10983	CONFIRM_INSTALL	3
375	rt4_TMB-5_MAP_g_10874.r24	BACKTEST	BLOCKED	10983	CONFIRM_INSTALL	3
376	rt4_TMB-5_MAP_g_10875.r24	BACKTEST	BLOCKED	10983	CONFIRM_INSTALL	3
377	rt4_TMB-5_MAP_g_10876.r24	BACKTEST	BLOCKED	10983	CONFIRM_INSTALL	3
378	rt4_TMB-5_MAP_g_10877.r24	BACKTEST	BLOCKED	10983	CONFIRM_INSTALL	3
379	rt4_TMB-5_MAP_g_10878.r24	BACKTEST	BLOCKED	10983	CONFIRM_INSTALL	3
380	rt4_TMB-5_MAP_g_10879.r24	BACKTEST	BLOCKED	10983	CONFIRM_INSTALL	3
381	rt4_TMB-5_MAP_g_10880.r24	BACKTEST	BLOCKED	10983	CONFIRM_INSTALL	3
382	rt4_TMB-5_MAP_g_10881.r24	BACKTEST	BLOCKED	10983	CONFIRM_INSTALL	3
383	rt4_TMB-5_MAP_g_10882.r24	BACKTEST	BLOCKED	10983	CONFIRM_INSTALL	3
384	rt4_TMB-5_MAP_g_10883.r24	BACKTEST	BLOCKED	10983	CONFIRM_INSTALL	3
385	rt4_TMB-5_MAP_g_10884.r24	BACKTEST	BLOCKED	10983	CONFIRM_INSTALL	3
386	rt4_TMB-5_MAP_g_10885.r24	BACKTEST	BLOCKED	10983	CONFIRM_INSTALL	3
387	rt4_TMB-5_MAP_g_10886.r24	BACKTEST	BLOCKED	10983	CONFIRM_INSTALL	3
388	rt4_TMB-5_MAP_g_10887.r24	BACKTEST	BLOCKED	10983	CONFIRM_INSTALL	3
389	rt4_TMB-5_MAP_g_10888.r24	BACKTEST	BLOCKED	10983	CONFIRM_INSTALL	3
390	rt4_TMB-5_MAP_g_10889.r24	BACKTEST	BLOCKED	10983	CONFIRM_INSTALL	3
391	rt4_TMB-5_MAP_g_10890.r24	BACKTEST	BLOCKED	10983	CONFIRM_INSTALL	3
392	rt4_TMB-5_MAP_g_10891.r24	BACKTEST	BLOCKED	10983	CONFIRM_INSTALL	3
393	rt4_TMB-5_MAP_g_10892.r24	BACKTEST	BLOCKED	10983	CONFIRM_INSTALL	3
394	rt4_TMB-5_MAP_g_10893.r24	BACKTEST	BLOCKED	10983	CONFIRM_INSTALL	3
395	rt4_TMB-5_MAP_g_10894.r24	BACKTEST	BLOCKED	10983	CONFIRM_INSTALL	3
396	rt4_TMB-5_MAP_g_10895.r24	BACKTEST	BLOCKED	10983	CONFIRM_INSTALL	3
397	rt4_TMB-5_MAP_g_10896.r24	BACKTEST	BLOCKED	10983	CONFIRM_INSTALL	3
398	rt4_TMB-5_MAP_g_10897.r24	BACKTEST	BLOCKED	10983	CONFIRM_INSTALL	3
399	rt4_TMB-5_MAP_g_10898.r24	BACKTEST	BLOCKED	10983	CONFIRM_INSTALL	3
400	rt4_TMB-5_MAP_g_10899.r24	BACKTEST	BLOCKED	10983	CONFIRM_INSTALL	3
401	rt4_TMB-5_MAP_g_10900.r24	BACKTEST	BLOCKED	10983	CONFIRM_INSTALL	3
402	rt4_TMB-5_MAP_g_10901.r24	BACKTEST	BLOCKED	10983	CONFIRM_INSTALL	3
403	rt4_TMB-5_MAP_g_10902.r24	BACKTEST	BLOCKED	10983	CONFIRM_INSTALL	3
404	rt4_TMB-5_MAP_g_10903.r24	BACKTEST	BLOCKED	10983	CONFIRM_INSTALL	3
405	rt4_TMB-5_MAP_g_10904.r24	BACKTEST	BLOCKED	10983	CONFIRM_INSTALL	3
406	rt4_TMB-5_MAP_g_10905.r24	BACKTEST	BLOCKED	10983	CONFIRM_INSTALL	3
407	rt4_TMB-5_MAP_g_10906.r24	BACKTEST	BLOCKED	10983	CONFIRM_INSTALL	3
408	rt4_TMB-5_MAP_g_10907.r24	BACKTEST	BLOCKED	10983	CONFIRM_INSTALL	3
409	rt4_TMB-5_MAP_g_10908.r24	BACKTEST	BLOCKED	10983	CONFIRM_INSTALL	3
410	rt4_TMB-5_MAP_g_10909.r24	BACKTEST	BLOCKED	10983	CONFIRM_INSTALL	3
411	rt4_TMB-5_MAP_g_10910.r24	BACKTEST	BLOCKED	10983	CONFIRM_INSTALL	3
412	rt4_TMB-5_MAP_g_10911.r24	BACKTEST	BLOCKED	10983	CONFIRM_INSTALL	3
413	rt4_TMB-5_MAP_g_10912.r24	BACKTEST	BLOCKED	10983	CONFIRM_INSTALL	3
414	rt4_TMB-5_MAP_g_10913.r24	BACKTEST	BLOCKED	10983	CONFIRM_INSTALL	3
415	rt4_TMB-5_MAP_g_10914.r24	BACKTEST	BLOCKED	10983	CONFIRM_INSTALL	3
416	rt4_TMB-5_MAP_g_10915.r24	BACKTEST	BLOCKED	10983	CONFIRM_INSTALL	3
417	rt4_TMB-5_MAP_g_10916.r24	BACKTEST	BLOCKED	10983	CONFIRM_INSTALL	3
418	rt4_TMB-5_MAP_g_10917.r24	BACKTEST	BLOCKED	10983	CONFIRM_INSTALL	3
419	rt4_TMB-5_MAP_g_10918.r24	BACKTEST	BLOCKED	10983	CONFIRM_INSTALL	3
420	rt4_TMB-5_MAP_g_10919.r24	BACKTEST	BLOCKED	10983	CONFIRM_INSTALL	3
421	rt4_TMB-5_MAP_g_10920.r24	BACKTEST	BLOCKED	10983	CONFIRM_INSTALL	3
422	rt4_TMB-5_MAP_g_10921.r24	BACKTEST	BLOCKED	10983	CONFIRM_INSTALL	3
423	rt4_TMB-5_MAP_g_10922.r24	BACKTEST	BLOCKED	10983	CONFIRM_INSTALL	3
424	rt4_TMB-5_MAP_g_10923.r24	BACKTEST	BLOCKED	10983	CONFIRM_INSTALL	3
425	rt4_TMB-5_MAP_g_10924.r24	BACKTEST	BLOCKED	10983	CONFIRM_INSTALL	3
426	rt4_TMB-5_MAP_g_10925.r24	BACKTEST	BLOCKED	10983	CONFIRM_INSTALL	3
427	rt4_TMB-5_MAP_g_10926.r24	BACKTEST	BLOCKED	10983	CONFIRM_INSTALL	3
428	rt4_TMB-5_MAP_g_10927.r24	BACKTEST	BLOCKED	10983	CONFIRM_INSTALL	3
429	rt4_TMB-5_MAP_g_10928.r24	BACKTEST	BLOCKED	10983	CONFIRM_INSTALL	3
430	rt4_TMB-5_MAP_g_10929.r24	BACKTEST	BLOCKED	10983	CONFIRM_INSTALL	3
431	rt4_TMB-5_MAP_g_10930.r24	BACKTEST	BLOCKED	10983	CONFIRM_INSTALL	3
432	rt4_TMB-5_MAP_g_10931.r24	BACKTEST	BLOCKED	10983	CONFIRM_INSTALL	3
433	rt4_TMB-5_MAP_g_10932.r24	BACKTEST	BLOCKED	10983	CONFIRM_INSTALL	3
434	rt4_TMB-5_MAP_g_10933.r24	BACKTEST	BLOCKED	10983	CONFIRM_INSTALL	3
435	rt4_TMB-5_MAP_g_10934.r24	BACKTEST	BLOCKED	10983	CONFIRM_INSTALL	3
436	rt4_TMB-5_MAP_g_10935.r24	BACKTEST	BLOCKED	10983	CONFIRM_INSTALL	3
437	rt4_TMB-5_MAP_g_10936.r24	BACKTEST	BLOCKED	10983	CONFIRM_INSTALL	3
438	rt4_TMB-5_MAP_g_10937.r24	BACKTEST	BLOCKED	10983	CONFIRM_INSTALL	3
439	rt4_TMB-5_MAP_g_10938.r24	BACKTEST	BLOCKED	10983	CONFIRM_INSTALL	3
440	rt4_TMB-5_MAP_g_10939.r24	BACKTEST	BLOCKED	10983	CONFIRM_INSTALL	3
441	rt4_TMB-5_MAP_g_10940.r24	BACKTEST	BLOCKED	10983	CONFIRM_INSTALL	3
442	rt4_TMB-5_MAP_g_10941.r24	BACKTEST	BLOCKED	10983	CONFIRM_INSTALL	3
443	rt4_TMB-5_MAP_g_10942.r24	BACKTEST	BLOCKED	10983	CONFIRM_INSTALL	3
444	rt4_TMB-5_MAP_g_10943.r24	BACKTEST	BLOCKED	10983	CONFIRM_INSTALL	3
445	rt4_TMB-5_MAP_g_10944.r24	BACKTEST	BLOCKED	10983	CONFIRM_INSTALL	3
446	rt4_TMB-5_MAP_g_10945.r24	BACKTEST	BLOCKED	10983	CONFIRM_INSTALL	3
447	rt4_TMB-5_MAP_g_10946.r24	BACKTEST	BLOCKED	10983	CONFIRM_INSTALL	3
448	rt4_TMB-5_MAP_g_10947.r24	BACKTEST	BLOCKED	10983	CONFIRM_INSTALL	3
449	rt4_TMB-5_MAP_g_10948.r24	BACKTEST	BLOCKED	10983	CONFIRM_INSTALL	3
450	rt4_TMB-5_MAP_g_10949.r24	BACKTEST	BLOCKED	10983	CONFIRM_INSTALL	3
451	rt4_TMB-5_MAP_g_10950.r24	BACKTEST	BLOCKED	10983	CONFIRM_INSTALL	3
452	rt4_TMB-5_MAP_g_10951.r24	BACKTEST	BLOCKED	10983	CONFIRM_INSTALL	3
453	rt4_TMB-5_MAP_g_10952.r24	BACKTEST	BLOCKED	10983	CONFIRM_INSTALL	3
454	rt4_TMB-5_MAP_g_10953.r24	BACKTEST	BLOCKED	10983	CONFIRM_INSTALL	3
455	rt4_TMB-5_MAP_g_10954.r24	BACKTEST	BLOCKED	10983	CONFIRM_INSTALL	3
456	rt4_TMB-5_MAP_g_10955.r24	BACKTEST	BLOCKED	10983	CONFIRM_INSTALL	3
457	rt4_TMB-5_MAP_g_10956.r24	BACKTEST	BLOCKED	10983	CONFIRM_INSTALL	3
458	rt4_TMB-5_MAP_g_10957.r24	BACKTEST	BLOCKED	10983	CONFIRM_INSTALL	3
459	rt4_TMB-5_MAP_g_10958.r24	BACKTEST	BLOCKED	10983	CONFIRM_INSTALL	3
460	rt4_TMB-5_MAP_g_10959.r24	BACKTEST	BLOCKED	10983	CONFIRM_INSTALL	3
461	rt4_TMB-5_MAP_g_10960.r24	BACKTEST	BLOCKED	10983	CONFIRM_INSTALL	3
462	rt4_TMB-5_MAP_g_10961.r24	BACKTEST	BLOCKED	10983	CONFIRM_INSTALL	3
463	rt4_TMB-5_MAP_g_10962.r24	BACKTEST	BLOCKED	10983	CONFIRM_INSTALL	3
464	rt4_TMB-5_MAP_g_10963.r24	BACKTEST	BLOCKED	10983	CONFIRM_INSTALL	3
465	rt4_TMB-5_MAP_g_10964.r24	BACKTEST	BLOCKED	10983	CONFIRM_INSTALL	3
466	rt4_TMB-5_MAP_g_10965.r24	BACKTEST	BLOCKED	10983	CONFIRM_INSTALL	3
467	rt4_TMB-5_MAP_g_10966.r24	BACKTEST	BLOCKED	10983	CONFIRM_INSTALL	3
468	rt4_TMB-5_MAP_g_10967.r24	BACKTEST	BLOCKED	10983	CONFIRM_INSTALL	3
469	rt4_TMB-5_MAP_g_10968.r24	BACKTEST	BLOCKED	10983	CONFIRM_INSTALL	3
470	rt4_TMB-5_MAP_g_10969.r24	BACKTEST	BLOCKED	10983	CONFIRM_INSTALL	3
471	rt4_TMB-5_MAP_g_10970.r24	BACKTEST	BLOCKED	10983	CONFIRM_INSTALL	3
472	rt4_TMB-5_MAP_g_10971.r24	BACKTEST	BLOCKED	10983	CONFIRM_INSTALL	3
473	rt4_TMB-5_MAP_g_10972.r24	BACKTEST	BLOCKED	10983	CONFIRM_INSTALL	3
474	rt4_TMB-5_MAP_g_10973.r24	BACKTEST	BLOCKED	10983	CONFIRM_INSTALL	3
475	rt4_TMB-5_MAP_g_10974.r24	BACKTEST	BLOCKED	10983	CONFIRM_INSTALL	3
476	rt4_TMB-5_MAP_g_10975.r24	BACKTEST	BLOCKED	10983	CONFIRM_INSTALL	3
477	rt4_TMB-5_MAP_g_10976.r24	BACKTEST	BLOCKED	10983	CONFIRM_INSTALL	3
478	rt4_TMB-5_MAP_g_10977.r24	BACKTEST	BLOCKED	10983	CONFIRM_INSTALL	3
479	rt4_TMB-5_MAP_g_10978.r24	BACKTEST	BLOCKED	10983	CONFIRM_INSTALL	3
480	rt4_TMB-5_MAP_g_10979.r24	BACKTEST	BLOCKED	10983	CONFIRM_INSTALL	3
481	rt4_TMB-5_MAP_g_10980.r24	BACKTEST	BLOCKED	10983	CONFIRM_INSTALL	3
482	rt4_TMB-5_MAP_g_10981.r24	BACKTEST	BLOCKED	10983	CONFIRM_INSTALL	3
483	rt4_TMB-5_MAP_g_10982.r24	BACKTEST	BLOCKED	10983	CONFIRM_INSTALL	3
484	rt4_TMB-5_MAP_g_10983.r24	BACKTEST	BLOCKED	10983	CONFIRM_INSTALL	3
485	rt4_TMB-5_MAP_g_10984.r24	BACKTEST	BLOCKED	10983	CONFIRM_INSTALL	3
486	rt4_TMB-5_MAP_g_10985.r24	BACKTEST	BLOCKED	10983	CONFIRM_INSTALL	3
487	rt4_TMB-5_MAP_g_10986.r24	BACKTEST	BLOCKED	10983	CONFIRM_INSTALL	3
488	rt4_TMB-5_MAP_g_10987.r24	BACKTEST	BLOCKED	10983	CONFIRM_INSTALL	3
489	rt4_TMB-5_MAP_g_10988.r24	BACKTEST	BLOCKED	10983	CONFIRM_INSTALL	3
490	rt4_TMB-5_MAP_g_10989.r24	BACKTEST	BLOCKED	10983	CONFIRM_INSTALL	3
491	rt4_TMB-5_MAP_g_10990.r24	BACKTEST	BLOCKED	10983	CONFIRM_INSTALL	3
492	rt4_TMB-5_MAP_g_10991.r24	BACKTEST	BLOCKED	10983	CONFIRM_INSTALL	3
493	rt4_TMB-5_MAP_g_10992.r24	BACKTEST	BLOCKED	10983	CONFIRM_INSTALL	3
494	rt4_TMB-5_MAP_g_10993.r24	BACKTEST	BLOCKED	10983	CONFIRM_INSTALL	3
495	rt4_TMB-5_MAP_g_10994.r24	BACKTEST	BLOCKED	10983	CONFIRM_INSTALL	3
496	rt4_TMB-5_MAP_g_10995.r24	BACKTEST	BLOCKED	10983	CONFIRM_INSTALL	3
497	rt4_TMB-5_MAP_g_10996.r24	BACKTEST	BLOCKED	10983	CONFIRM_INSTALL	3
498	rt4_TMB-5_MAP_g_10997.r24	BACKTEST	BLOCKED	10983	CONFIRM_INSTALL	3
499	rt4_TMB-5_MAP_g_10998.r24	BACKTEST	BLOCKED	10983	CONFIRM_INSTALL	3
500	rt4_TMB-5_MAP_g_10999.r24	BACKTEST	BLOCKED	10983	CONFIRM_INSTALL	3
SETSUM NEAR n=0 blocked=0 confirmed=0 withheld=0
SETSUM FAR n=0 blocked=0
SETSUM BACKTEST n=500 blocked=497
BACKTEST false_blocked=0 false_withheld=0 false_escaped=0 true_blocked=497
DELAYBAR delayed_gt50=0 over=0
HIST 0=0 1-3=0 4-10=0 11-50=0 51-100=0 101-300=0 301+=0 WITHHELD=0
SERIAL delayed_gt50=0
SANITY MISMATCH
