1	rt4_TMB-5_MAP_g_11500.r24	BACKTEST	BLOCKED	10983	CONFIRM_INSTALL	3
2	rt4_TMB-5_MAP_g_11501.r24	BACKTEST	BLOCKED	10983	CONFIRM_INSTALL	3
3	rt4_TMB-5_MAP_g_11502.r24	BACKTEST	BLOCKED	10983	CONFIRM_INSTALL	3
4	rt4_TMB-5_MAP_g_11503.r24	BACKTEST	BLOCKED	10983	CONFIRM_INSTALL	3
5	rt4_TMB-5_MAP_g_11504.r24	BACKTEST	BLOCKED	10983	CONFIRM_INSTALL	3
6	rt4_TMB-5_MAP_g_11505.r24	BACKTEST	BLOCKED	10983	CONFIRM_INSTALL	3
7	rt4_TMB-5_MAP_g_11506.r24	BACKTEST	BLOCKED	10983	CONFIRM_INSTALL	3
8	rt4_TMB-5_MAP_g_11507.r24	BACKTEST	BLOCKED	10983	CONFIRM_INSTALL	3
9	rt4_TMB-5_MAP_g_11508.r24	BACKTEST	BLOCKED	10983	CONFIRM_INSTALL	3
10	rt4_TMB-5_MAP_g_11509.r24	BACKTEST	BLOCKED	10983	CONFIRM_INSTALL	3
11	rt4_TMB-5_MAP_g_11510.r24	BACKTEST	BLOCKED	10983	CONFIRM_INSTALL	3
12	rt4_TMB-5_MAP_g_11511.r24	BACKTEST	BLOCKED	10983	CONFIRM_INSTALL	3
13	rt4_TMB-5_MAP_g_11512.r24	BACKTEST	BLOCKED	10983	CONFIRM_INSTALL	3
14	rt4_TMB-5_MAP_g_11513.r24	BACKTEST	BLOCKED	10983	CONFIRM_INSTALL	3
15	rt4_TMB-5_MAP_g_11514.r24	BACKTEST	BLOCKED	10983	CONFIRM_INSTALL	3
16	rt4_TMB-5_MAP_g_11515.r24	BACKTEST	BLOCKED	10983	CONFIRM_INSTALL	3
17	rt4_TMB-5_MAP_g_11516.r24	BACKTEST	BLOCKED	10983	CONFIRM_INSTALL	3
18	rt4_TMB-5_MAP_g_11517.r24	BACKTEST	BLOCKED	10983	CONFIRM_INSTALL	3
19	rt4_TMB-5_MAP_g_11518.r24	BACKTEST	BLOCKED	10983	CONFIRM_INSTALL	3
20	rt4_TMB-5_MAP_g_11519.r24	BACKTEST	BLOCKED	10983	CONFIRM_INSTALL	3
21	rt4_TMB-5_MAP_g_11520.r24	BACKTEST	BLOCKED	10983	CONFIRM_INSTALL	3
22	rt4_TMB-5_MAP_g_11521.r24	BACKTEST	BLOCKED	10983	CONFIRM_INSTALL	3
23	rt4_TMB-5_MAP_g_11522.r24	BACKTEST	BLOCKED	10983	CONFIRM_INSTALL	3
24	rt4_TMB-5_MAP_g_11523.r24	BACKTEST	BLOCKED	10983	CONFIRM_INSTALL	3
25	rt4_TMB-5_MAP_g_11524.r24	BACKTEST	BLOCKED	10983	CONFIRM_INSTALL	3
26	rt4_TMB-5_MAP_g_11525.r24	BACKTEST	BLOCKED	10983	CONFIRM_INSTALL	3
27	rt4_TMB-5_MAP_g_11526.r24	BACKTEST	BLOCKED	10983	CONFIRM_INSTALL	3
28	rt4_TMB-5_MAP_g_11527.r24	BACKTEST	BLOCKED	10983	CONFIRM_INSTALL	3
29	rt4_TMB-5_MAP_g_11528.r24	BACKTEST	BLOCKED	10983	CONFIRM_INSTALL	3
30	rt4_TMB-5_MAP_g_11529.r24	BACKTEST	BLOCKED	10983	CONFIRM_INSTALL	3
31	rt4_TMB-5_MAP_g_11530.r24	BACKTEST	BLOCKED	10983	CONFIRM_INSTALL	3
32	rt4_TMB-5_MAP_g_11531.r24	BACKTEST	BLOCKED	10983	CONFIRM_INSTALL	3
33	rt4_TMB-5_MAP_g_11532.r24	BACKTEST	BLOCKED	10983	CONFIRM_INSTALL	3
34	rt4_TMB-5_MAP_g_11533.r24	BACKTEST	BLOCKED	10983	CONFIRM_INSTALL	3
35	rt4_TMB-5_MAP_g_11534.r24	BACKTEST	BLOCKED	10983	CONFIRM_INSTALL	3
36	rt4_TMB-5_MAP_g_11535.r24	BACKTEST	BLOCKED	10983	CONFIRM_INSTALL	3
37	rt4_TMB-5_MAP_g_11536.r24	BACKTEST	BLOCKED	10983	CONFIRM_INSTALL	3
38	rt4_TMB-5_MAP_g_11537.r24	BACKTEST	BLOCKED	10983	CONFIRM_INSTALL	3
39	rt4_TMB-5_MAP_g_11538.r24	BACKTEST	BLOCKED	10983	CONFIRM_INSTALL	3
40	rt4_TMB-5_MAP_g_11539.r24	BACKTEST	BLOCKED	10983	CONFIRM_INSTALL	3
41	rt4_TMB-5_MAP_g_11540.r24	BACKTEST	BLOCKED	10983	CONFIRM_INSTALL	3
42	rt4_TMB-5_MAP_g_11541.r24	BACKTEST	BLOCKED	10983	CONFIRM_INSTALL	3
43	rt4_TMB-5_MAP_g_11542.r24	BACKTEST	BLOCKED	10983	CONFIRM_INSTALL	3
44	rt4_TMB-5_MAP_g_11543.r24	BACKTEST	BLOCKED	10983	CONFIRM_INSTALL	3
45	rt4_TMB-5_MAP_g_11544.r24	BACKTEST	BLOCKED	10983	CONFIRM_INSTALL	3
46	rt4_TMB-5_MAP_g_11545.r24	BACKTEST	BLOCKED	10983	CONFIRM_INSTALL	3
47	rt4_TMB-5_MAP_g_11546.r24	BACKTEST	BLOCKED	10983	CONFIRM_INSTALL	3
48	rt4_TMB-5_MAP_g_11547.r24	BACKTEST	BLOCKED	10983	CONFIRM_INSTALL	3
49	rt4_TMB-5_MAP_g_11548.r24	BACKTEST	BLOCKED	10983	CONFIRM_INSTALL	3
50	rt4_TMB-5_MAP_g_11549.r24	BACKTEST	BLOCKED	10983	CONFIRM_INSTALL	3
51	rt4_TMB-5_MAP_g_11550.r24	BACKTEST	BLOCKED	10983	CONFIRM_INSTALL	3
52	rt4_TMB-5_MAP_g_11551.r24	BACKTEST	BLOCKED	10983	CONFIRM_INSTALL	3
53	rt4_TMB-5_MAP_g_11552.r24	BACKTEST	BLOCKED	10983	CONFIRM_INSTALL	3
54	rt4_TMB-5_MAP_g_11553.r24	BACKTEST	BLOCKED	10983	CONFIRM_INSTALL	3
55	rt4_TMB-5_MAP_g_11554.r24	BACKTEST	BLOCKED	10983	CONFIRM_INSTALL	3
56	rt4_TMB-5_MAP_g_11555.r24	BACKTEST	BLOCKED	10983	CONFIRM_INSTALL	3
57	rt4_TMB-5_MAP_g_11556.r24	BACKTEST	BLOCKED	10983	CONFIRM_INSTALL	3
58	rt4_TMB-5_MAP_g_11557.r24	BACKTEST	BLOCKED	10983	CONFIRM_INSTALL	3
59	rt4_TMB-5_MAP_g_11558.r24	BACKTEST	BLOCKED	10983	CONFIRM_INSTALL	3
60	rt4_TMB-5_MAP_g_11559.r24	BACKTEST	BLOCKED	10983	CONFIRM_INSTALL	3
61	rt4_TMB-5_MAP_g_11560.r24	BACKTEST	BLOCKED	10983	CONFIRM_INSTALL	3
62	rt4_TMB-5_MAP_g_11561.r24	BACKTEST	BLOCKED	10983	CONFIRM_INSTALL	3
63	rt4_TMB-5_MAP_g_11562.r24	BACKTEST	BLOCKED	10983	CONFIRM_INSTALL	3
64	rt4_TMB-5_MAP_g_11563.r24	BACKTEST	BLOCKED	10983	CONFIRM_INSTALL	3
65	rt4_TMB-5_MAP_g_11564.r24	BACKTEST	BLOCKED	10983	CONFIRM_INSTALL	3
66	rt4_TMB-5_MAP_g_11565.r24	BACKTEST	BLOCKED	10983	CONFIRM_INSTALL	3
67	rt4_TMB-5_MAP_g_11566.r24	BACKTEST	BLOCKED	10983	CONFIRM_INSTALL	3
68	rt4_TMB-5_MAP_g_11567.r24	BACKTEST	BLOCKED	10983	CONFIRM_INSTALL	3
69	rt4_TMB-5_MAP_g_11568.r24	BACKTEST	BLOCKED	10983	CONFIRM_INSTALL	3
70	rt4_TMB-5_MAP_g_11569.r24	BACKTEST	BLOCKED	10983	CONFIRM_INSTALL	3
71	rt4_TMB-5_MAP_g_11570.r24	BACKTEST	BLOCKED	10983	CONFIRM_INSTALL	3
72	rt4_TMB-5_MAP_g_11571.r24	BACKTEST	BLOCKED	10983	CONFIRM_INSTALL	3
73	rt4_TMB-5_MAP_g_11572.r24	BACKTEST	BLOCKED	10983	CONFIRM_INSTALL	3
74	rt4_TMB-5_MAP_g_11573.r24	BACKTEST	BLOCKED	10983	CONFIRM_INSTALL	3
75	rt4_TMB-5_MAP_g_11574.r24	BACKTEST	BLOCKED	10983	CONFIRM_INSTALL	3
76	rt4_TMB-5_MAP_g_11575.r24	BACKTEST	BLOCKED	10983	CONFIRM_INSTALL	3
77	rt4_TMB-5_MAP_g_11576.r24	BACKTEST	BLOCKED	10983	CONFIRM_INSTALL	3
78	rt4_TMB-5_MAP_g_11577.r24	BACKTEST	BLOCKED	10983	CONFIRM_INSTALL	3
79	rt4_TMB-5_MAP_g_11578.r24	BACKTEST	BLOCKED	10983	CONFIRM_INSTALL	3
80	rt4_TMB-5_MAP_g_11579.r24	BACKTEST	BLOCKED	10983	CONFIRM_INSTALL	3
81	rt4_TMB-5_MAP_g_11580.r24	BACKTEST	BLOCKED	10983	CONFIRM_INSTALL	3
82	rt4_TMB-5_MAP_g_11581.r24	BACKTEST	BLOCKED	10983	CONFIRM_INSTALL	3
83	rt4_TMB-5_MAP_g_11582.r24	BACKTEST	BLOCKED	10983	CONFIRM_INSTALL	3
84	rt4_TMB-5_MAP_g_11583.r24	BACKTEST	BLOCKED	10983	CONFIRM_INSTALL	3
85	rt4_TMB-5_MAP_g_11584.r24	BACKTEST	BLOCKED	10983	CONFIRM_INSTALL	3
86	rt4_TMB-5_MAP_g_11585.r24	BACKTEST	BLOCKED	10983	CONFIRM_INSTALL	3
87	rt4_TMB-5_MAP_g_11586.r24	BACKTEST	BLOCKED	10983	CONFIRM_INSTALL	3
88	rt4_TMB-5_MAP_g_11587.r24	BACKTEST	BLOCKED	10983	CONFIRM_INSTALL	3
89	rt4_TMB-5_MAP_g_11588.r24	BACKTEST	BLOCKED	10983	CONFIRM_INSTALL	3
90	rt4_TMB-5_MAP_g_11589.r24	BACKTEST	BLOCKED	10983	CONFIRM_INSTALL	3
91	rt4_TMB-5_MAP_g_11590.r24	BACKTEST	BLOCKED	10983	CONFIRM_INSTALL	3
92	rt4_TMB-5_MAP_g_11591.r24	BACKTEST	BLOCKED	10983	CONFIRM_INSTALL	3
93	rt4_TMB-5_MAP_g_11592.r24	BACKTEST	BLOCKED	10983	CONFIRM_INSTALL	3
94	rt4_TMB-5_MAP_g_11593.r24	BACKTEST	BLOCKED	10983	CONFIRM_INSTALL	3
95	rt4_TMB-5_MAP_g_11594.r24	BACKTEST	BLOCKED	10983	CONFIRM_INSTALL	3
96	rt4_TMB-5_MAP_g_11595.r24	BACKTEST	BLOCKED	10983	CONFIRM_INSTALL	3
97	rt4_TMB-5_MAP_g_11596.r24	BACKTEST	BLOCKED	10983	CONFIRM_INSTALL	3
98	rt4_TMB-5_MAP_g_11597.r24	BACKTEST	BLOCKED	10983	CONFIRM_INSTALL	3
99	rt4_TMB-5_MAP_g_11598.r24	BACKTEST	BLOCKED	10983	CONFIRM_INSTALL	3
100	rt4_TMB-5_MAP_g_11599.r24	BACKTEST	BLOCKED	10983	CONFIRM_INSTALL	3
101	rt4_TMB-5_MAP_g_11600.r24	BACKTEST	BLOCKED	10983	CONFIRM_INSTALL	3
102	rt4_TMB-5_MAP_g_11601.r24	BACKTEST	BLOCKED	10983	CONFIRM_INSTALL	3
103	rt4_TMB-5_MAP_g_11602.r24	BACKTEST	BLOCKED	10983	CONFIRM_INSTALL	3
104	rt4_TMB-5_MAP_g_11603.r24	BACKTEST	BLOCKED	10983	CONFIRM_INSTALL	3
105	rt4_TMB-5_MAP_g_11604.r24	BACKTEST	BLOCKED	10983	CONFIRM_INSTALL	3
106	rt4_TMB-5_MAP_g_11605.r24	BACKTEST	BLOCKED	10983	CONFIRM_INSTALL	3
107	rt4_TMB-5_MAP_g_11606.r24	BACKTEST	BLOCKED	10983	CONFIRM_INSTALL	3
108	rt4_TMB-5_MAP_g_11607.r24	BACKTEST	BLOCKED	10983	CONFIRM_INSTALL	3
109	rt4_TMB-5_MAP_g_11608.r24	BACKTEST	BLOCKED	10983	CONFIRM_INSTALL	3
110	rt4_TMB-5_MAP_g_11609.r24	BACKTEST	BLOCKED	10983	CONFIRM_INSTALL	3
111	rt4_TMB-5_MAP_g_11610.r24	BACKTEST	BLOCKED	10983	CONFIRM_INSTALL	3
112	rt4_TMB-5_MAP_g_11611.r24	BACKTEST	BLOCKED	10983	CONFIRM_INSTALL	3
113	rt4_TMB-5_MAP_g_11612.r24	BACKTEST	BLOCKED	10983	CONFIRM_INSTALL	3
114	rt4_TMB-5_MAP_g_11613.r24	BACKTEST	BLOCKED	10983	CONFIRM_INSTALL	3
115	rt4_TMB-5_MAP_g_11614.r24	BACKTEST	BLOCKED	10983	CONFIRM_INSTALL	3
116	rt4_TMB-5_MAP_g_11615.r24	BACKTEST	BLOCKED	10983	CONFIRM_INSTALL	3
117	rt4_TMB-5_MAP_g_11616.r24	BACKTEST	BLOCKED	10983	CONFIRM_INSTALL	3
118	rt4_TMB-5_MAP_g_11617.r24	BACKTEST	BLOCKED	10983	CONFIRM_INSTALL	3
119	rt4_TMB-5_MAP_g_11618.r24	BACKTEST	BLOCKED	10983	CONFIRM_INSTALL	3
120	rt4_TMB-5_MAP_g_11619.r24	BACKTEST	BLOCKED	10983	CONFIRM_INSTALL	3
121	rt4_TMB-5_MAP_g_11620.r24	BACKTEST	BLOCKED	10983	CONFIRM_INSTALL	3
122	rt4_TMB-5_MAP_g_11621.r24	BACKTEST	BLOCKED	10983	CONFIRM_INSTALL	3
123	rt4_TMB-5_MAP_g_11622.r24	BACKTEST	BLOCKED	10983	CONFIRM_INSTALL	3
124	rt4_TMB-5_MAP_g_11623.r24	BACKTEST	BLOCKED	10983	CONFIRM_INSTALL	3
125	rt4_TMB-5_MAP_g_11624.r24	BACKTEST	BLOCKED	10983	CONFIRM_INSTALL	3
126	rt4_TMB-5_MAP_g_11625.r24	BACKTEST	BLOCKED	10983	CONFIRM_INSTALL	3
127	rt4_TMB-5_MAP_g_11626.r24	BACKTEST	BLOCKED	10983	CONFIRM_INSTALL	3
128	rt4_TMB-5_MAP_g_11627.r24	BACKTEST	BLOCKED	10983	CONFIRM_INSTALL	3
129	rt4_TMB-5_MAP_g_11628.r24	BACKTEST	BLOCKED	10983	CONFIRM_INSTALL	3
130	rt4_TMB-5_MAP_g_11629.r24	BACKTEST	BLOCKED	10983	CONFIRM_INSTALL	3
131	rt4_TMB-5_MAP_g_11630.r24	BACKTEST	BLOCKED	10983	CONFIRM_INSTALL	3
132	rt4_TMB-5_MAP_g_11631.r24	BACKTEST	BLOCKED	10983	CONFIRM_INSTALL	3
133	rt4_TMB-5_MAP_g_11632.r24	BACKTEST	BLOCKED	10983	CONFIRM_INSTALL	3
134	rt4_TMB-5_MAP_g_11633.r24	BACKTEST	BLOCKED	10983	CONFIRM_INSTALL	3
135	rt4_TMB-5_MAP_g_11634.r24	BACKTEST	BLOCKED	10983	CONFIRM_INSTALL	3
136	rt4_TMB-5_MAP_g_11635.r24	BACKTEST	BLOCKED	10983	CONFIRM_INSTALL	3
137	rt4_TMB-5_MAP_g_11636.r24	BACKTEST	BLOCKED	10983	CONFIRM_INSTALL	3
138	rt4_TMB-5_MAP_g_11637.r24	BACKTEST	BLOCKED	10983	CONFIRM_INSTALL	3
139	rt4_TMB-5_MAP_g_11638.r24	BACKTEST	BLOCKED	10983	CONFIRM_INSTALL	3
140	rt4_TMB-5_MAP_g_11639.r24	BACKTEST	BLOCKED	10983	CONFIRM_INSTALL	3
141	rt4_TMB-5_MAP_g_11640.r24	BACKTEST	BLOCKED	10983	CONFIRM_INSTALL	3
142	rt4_TMB-5_MAP_g_11641.r24	BACKTEST	BLOCKED	10983	CONFIRM_INSTALL	3
143	rt4_TMB-5_MAP_g_11642.r24	BACKTEST	BLOCKED	10983	CONFIRM_INSTALL	3
144	rt4_TMB-5_MAP_g_11643.r24	BACKTEST	BLOCKED	10983	CONFIRM_INSTALL	3
145	rt4_TMB-5_MAP_g_11644.r24	BACKTEST	BLOCKED	10983	CONFIRM_INSTALL	3
146	rt4_TMB-5_MAP_g_11645.r24	BACKTEST	BLOCKED	10983	CONFIRM_INSTALL	3
147	rt4_TMB-5_MAP_g_11646.r24	BACKTEST	BLOCKED	10983	CONFIRM_INSTALL	3
148	rt4_TMB-5_MAP_g_11647.r24	BACKTEST	BLOCKED	10983	CONFIRM_INSTALL	3
149	rt4_TMB-5_MAP_g_11648.r24	BACKTEST	BLOCKED	10983	CONFIRM_INSTALL	3
150	rt4_TMB-5_MAP_g_11649.r24	BACKTEST	BLOCKED	10983	CONFIRM_INSTALL	3
151	rt4_TMB-5_MAP_g_11650.r24	BACKTEST	BLOCKED	10983	CONFIRM_INSTALL	3
152	rt4_TMB-5_MAP_g_11651.r24	BACKTEST	BLOCKED	10983	CONFIRM_INSTALL	3
153	rt4_TMB-5_MAP_g_11652.r24	BACKTEST	BLOCKED	10983	CONFIRM_INSTALL	3
154	rt4_TMB-5_MAP_g_11653.r24	BACKTEST	BLOCKED	10983	CONFIRM_INSTALL	3
155	rt4_TMB-5_MAP_g_11654.r24	BACKTEST	BLOCKED	10983	CONFIRM_INSTALL	3
156	rt4_TMB-5_MAP_g_11655.r24	BACKTEST	BLOCKED	10983	CONFIRM_INSTALL	3
157	rt4_TMB-5_MAP_g_11656.r24	BACKTEST	BLOCKED	10983	CONFIRM_INSTALL	3
158	rt4_TMB-5_MAP_g_11657.r24	BACKTEST	BLOCKED	10983	CONFIRM_INSTALL	3
159	rt4_TMB-5_MAP_g_11658.r24	BACKTEST	BLOCKED	10983	CONFIRM_INSTALL	3
160	rt4_TMB-5_MAP_g_11659.r24	BACKTEST	BLOCKED	10983	CONFIRM_INSTALL	3
161	rt4_TMB-5_MAP_g_11660.r24	BACKTEST	BLOCKED	10983	CONFIRM_INSTALL	3
162	rt4_TMB-5_MAP_g_11661.r24	BACKTEST	BLOCKED	10983	CONFIRM_INSTALL	3
163	rt4_TMB-5_MAP_g_11662.r24	BACKTEST	BLOCKED	10983	CONFIRM_INSTALL	3
164	rt4_TMB-5_MAP_g_11663.r24	BACKTEST	BLOCKED	10983	CONFIRM_INSTALL	3
165	rt4_TMB-5_MAP_g_11664.r24	BACKTEST	BLOCKED	10983	CONFIRM_INSTALL	3
166	rt4_TMB-5_MAP_g_11665.r24	BACKTEST	BLOCKED	10983	CONFIRM_INSTALL	3
167	rt4_TMB-5_MAP_g_11666.r24	BACKTEST	BLOCKED	10983	CONFIRM_INSTALL	3
168	rt4_TMB-5_MAP_g_11667.r24	BACKTEST	BLOCKED	10983	CONFIRM_INSTALL	3
169	rt4_TMB-5_MAP_g_11668.r24	BACKTEST	BLOCKED	10983	CONFIRM_INSTALL	3
170	rt4_TMB-5_MAP_g_11669.r24	BACKTEST	BLOCKED	10983	CONFIRM_INSTALL	3
171	rt4_TMB-5_MAP_g_11670.r24	BACKTEST	BLOCKED	10983	CONFIRM_INSTALL	3
172	rt4_TMB-5_MAP_g_11671.r24	BACKTEST	BLOCKED	10983	CONFIRM_INSTALL	3
173	rt4_TMB-5_MAP_g_11672.r24	BACKTEST	BLOCKED	10983	CONFIRM_INSTALL	3
174	rt4_TMB-5_MAP_g_11673.r24	BACKTEST	BLOCKED	10983	CONFIRM_INSTALL	3
175	rt4_TMB-5_MAP_g_11674.r24	BACKTEST	BLOCKED	10983	CONFIRM_INSTALL	3
176	rt4_TMB-5_MAP_g_11675.r24	BACKTEST	BLOCKED	10983	CONFIRM_INSTALL	3
177	rt4_TMB-5_MAP_g_11676.r24	BACKTEST	BLOCKED	10983	CONFIRM_INSTALL	3
178	rt4_TMB-5_MAP_g_11677.r24	BACKTEST	BLOCKED	10983	CONFIRM_INSTALL	3
179	rt4_TMB-5_MAP_g_11678.r24	BACKTEST	BLOCKED	10983	CONFIRM_INSTALL	3
180	rt4_TMB-5_MAP_g_11679.r24	BACKTEST	BLOCKED	10983	CONFIRM_INSTALL	3
181	rt4_TMB-5_MAP_g_11680.r24	BACKTEST	BLOCKED	10983	CONFIRM_INSTALL	3
182	rt4_TMB-5_MAP_g_11681.r24	BACKTEST	BLOCKED	10983	CONFIRM_INSTALL	3
183	rt4_TMB-5_MAP_g_11682.r24	BACKTEST	BLOCKED	10983	CONFIRM_INSTALL	3
184	rt4_TMB-5_MAP_g_11683.r24	BACKTEST	BLOCKED	10983	CONFIRM_INSTALL	3
185	rt4_TMB-5_MAP_g_11684.r24	BACKTEST	BLOCKED	10983	CONFIRM_INSTALL	3
186	rt4_TMB-5_MAP_g_11685.r24	BACKTEST	BLOCKED	10983	CONFIRM_INSTALL	3
187	rt4_TMB-5_MAP_g_11686.r24	BACKTEST	BLOCKED	10983	CONFIRM_INSTALL	3
188	rt4_TMB-5_MAP_g_11687.r24	BACKTEST	BLOCKED	10983	CONFIRM_INSTALL	3
189	rt4_TMB-5_MAP_g_11688.r24	BACKTEST	BLOCKED	10983	CONFIRM_INSTALL	3
190	rt4_TMB-5_MAP_g_11689.r24	BACKTEST	BLOCKED	10983	CONFIRM_INSTALL	3
191	rt4_TMB-5_MAP_g_11690.r24	BACKTEST	BLOCKED	10983	CONFIRM_INSTALL	3
192	rt4_TMB-5_MAP_g_11691.r24	BACKTEST	BLOCKED	10983	CONFIRM_INSTALL	3
193	rt4_TMB-5_MAP_g_11692.r24	BACKTEST	BLOCKED	10983	CONFIRM_INSTALL	3
194	rt4_TMB-5_MAP_g_11693.r24	BACKTEST	BLOCKED	10983	CONFIRM_INSTALL	3
195	rt4_TMB-5_MAP_g_11694.r24	BACKTEST	BLOCKED	10983	CONFIRM_INSTALL	3
196	rt4_TMB-5_MAP_g_11695.r24	BACKTEST	BLOCKED	10983	CONFIRM_INSTALL	3
197	rt4_TMB-5_MAP_g_11696.r24	BACKTEST	BLOCKED	10983	CONFIRM_INSTALL	3
198	rt4_TMB-5_MAP_g_11697.r24	BACKTEST	BLOCKED	10983	CONFIRM_INSTALL	3
199	rt4_TMB-5_MAP_g_11698.r24	BACKTEST	BLOCKED	10983	CONFIRM_INSTALL	3
200	rt4_TMB-5_MAP_g_11699.r24	BACKTEST	BLOCKED	10983	CONFIRM_INSTALL	3
201	rt4_TMB-5_MAP_g_11700.r24	BACKTEST	BLOCKED	10983	CONFIRM_INSTALL	3
202	rt4_TMB-5_MAP_g_11701.r24	BACKTEST	BLOCKED	10983	CONFIRM_INSTALL	3
203	rt4_TMB-5_MAP_g_11702.r24	BACKTEST	BLOCKED	10983	CONFIRM_INSTALL	3
204	rt4_TMB-5_MAP_g_11703.r24	BACKTEST	BLOCKED	10983	CONFIRM_INSTALL	3
205	rt4_TMB-5_MAP_g_11704.r24	BACKTEST	BLOCKED	10983	CONFIRM_INSTALL	3
206	rt4_TMB-5_MAP_g_11705.r24	BACKTEST	BLOCKED	10983	CONFIRM_INSTALL	3
207	rt4_TMB-5_MAP_g_11706.r24	BACKTEST	BLOCKED	10983	CONFIRM_INSTALL	3
208	rt4_TMB-5_MAP_g_11707.r24	BACKTEST	BLOCKED	10983	CONFIRM_INSTALL	3
209	rt4_TMB-5_MAP_g_11708.r24	BACKTEST	BLOCKED	10983	CONFIRM_INSTALL	3
210	rt4_TMB-5_MAP_g_11709.r24	BACKTEST	BLOCKED	10983	CONFIRM_INSTALL	3
211	rt4_TMB-5_MAP_g_11710.r24	BACKTEST	BLOCKED	10983	CONFIRM_INSTALL	3
212	rt4_TMB-5_MAP_g_11711.r24	BACKTEST	BLOCKED	10983	CONFIRM_INSTALL	3
213	rt4_TMB-5_MAP_g_11712.r24	BACKTEST	BLOCKED	10983	CONFIRM_INSTALL	3
214	rt4_TMB-5_MAP_g_11713.r24	BACKTEST	BLOCKED	10983	CONFIRM_INSTALL	3
215	rt4_TMB-5_MAP_g_11714.r24	BACKTEST	BLOCKED	10983	CONFIRM_INSTALL	3
216	rt4_TMB-5_MAP_g_11715.r24	BACKTEST	BLOCKED	10983	CONFIRM_INSTALL	3
217	rt4_TMB-5_MAP_g_11716.r24	BACKTEST	BLOCKED	10983	CONFIRM_INSTALL	3
218	rt4_TMB-5_MAP_g_11717.r24	BACKTEST	BLOCKED	10983	CONFIRM_INSTALL	3
219	rt4_TMB-5_MAP_g_11718.r24	BACKTEST	BLOCKED	10983	CONFIRM_INSTALL	3
220	rt4_TMB-5_MAP_g_11719.r24	BACKTEST	BLOCKED	10983	CONFIRM_INSTALL	3
221	rt4_TMB-5_MAP_g_11720.r24	BACKTEST	BLOCKED	10983	CONFIRM_INSTALL	3
222	rt4_TMB-5_MAP_g_11721.r24	BACKTEST	BLOCKED	10983	CONFIRM_INSTALL	3
223	rt4_TMB-5_MAP_g_11722.r24	BACKTEST	BLOCKED	10983	CONFIRM_INSTALL	3
224	rt4_TMB-5_MAP_g_11723.r24	BACKTEST	BLOCKED	10983	CONFIRM_INSTALL	3
225	rt4_TMB-5_MAP_g_11724.r24	BACKTEST	BLOCKED	10983	CONFIRM_INSTALL	3
226	rt4_TMB-5_MAP_g_11725.r24	BACKTEST	BLOCKED	10983	CONFIRM_INSTALL	3
227	rt4_TMB-5_MAP_g_11726.r24	BACKTEST	BLOCKED	10983	CONFIRM_INSTALL	3
228	rt4_TMB-5_MAP_g_11727.r24	BACKTEST	BLOCKED	10983	CONFIRM_INSTALL	3
229	rt4_TMB-5_MAP_g_11728.r24	BACKTEST	BLOCKED	10983	CONFIRM_INSTALL	3
230	rt4_TMB-5_MAP_g_11729.r24	BACKTEST	BLOCKED	10983	CONFIRM_INSTALL	3
231	rt4_TMB-5_MAP_g_11730.r24	BACKTEST	BLOCKED	10983	CONFIRM_INSTALL	3
232	rt4_TMB-5_MAP_g_11731.r24	BACKTEST	BLOCKED	10983	CONFIRM_INSTALL	3
233	rt4_TMB-5_MAP_g_11732.r24	BACKTEST	BLOCKED	10983	CONFIRM_INSTALL	3
234	rt4_TMB-5_MAP_g_11733.r24	BACKTEST	BLOCKED	10983	CONFIRM_INSTALL	3
235	rt4_TMB-5_MAP_g_11734.r24	BACKTEST	BLOCKED	10983	CONFIRM_INSTALL	3
236	rt4_TMB-5_MAP_g_11735.r24	BACKTEST	BLOCKED	10983	CONFIRM_INSTALL	3
237	rt4_TMB-5_MAP_g_11736.r24	BACKTEST	BLOCKED	10983	CONFIRM_INSTALL	3
238	rt4_TMB-5_MAP_g_11737.r24	BACKTEST	BLOCKED	10983	CONFIRM_INSTALL	3
239	rt4_TMB-5_MAP_g_11738.r24	BACKTEST	BLOCKED	10983	CONFIRM_INSTALL	3
240	rt4_TMB-5_MAP_g_11739.r24	BACKTEST	BLOCKED	10983	CONFIRM_INSTALL	3
241	rt4_TMB-5_MAP_g_11740.r24	BACKTEST	BLOCKED	10983	CONFIRM_INSTALL	3
242	rt4_TMB-5_MAP_g_11741.r24	BACKTEST	BLOCKED	10983	CONFIRM_INSTALL	3
243	rt4_TMB-5_MAP_g_11742.r24	BACKTEST	BLOCKED	10983	CONFIRM_INSTALL	3
244	rt4_TMB-5_MAP_g_11743.r24	BACKTEST	BLOCKED	10983	CONFIRM_INSTALL	3
245	rt4_TMB-5_MAP_g_11744.r24	BACKTEST	BLOCKED	10983	CONFIRM_INSTALL	3
246	rt4_TMB-5_MAP_g_11745.r24	BACKTEST	BLOCKED	10983	CONFIRM_INSTALL	3
247	rt4_TMB-5_MAP_g_11746.r24	BACKTEST	BLOCKED	10983	CONFIRM_INSTALL	3
248	rt4_TMB-5_MAP_g_11747.r24	BACKTEST	BLOCKED	10983	CONFIRM_INSTALL	3
249	rt4_TMB-5_MAP_g_11748.r24	BACKTEST	BLOCKED	10983	CONFIRM_INSTALL	3
250	rt4_TMB-5_MAP_g_11749.r24	BACKTEST	BLOCKED	10983	CONFIRM_INSTALL	3
251	rt4_TMB-5_MAP_g_11750.r24	BACKTEST	BLOCKED	10983	CONFIRM_INSTALL	3
252	rt4_TMB-5_MAP_g_11751.r24	BACKTEST	BLOCKED	10983	CONFIRM_INSTALL	3
253	rt4_TMB-5_MAP_g_11752.r24	BACKTEST	BLOCKED	10983	CONFIRM_INSTALL	3
254	rt4_TMB-5_MAP_g_11753.r24	BACKTEST	BLOCKED	10983	CONFIRM_INSTALL	3
255	rt4_TMB-5_MAP_g_11754.r24	BACKTEST	BLOCKED	10983	CONFIRM_INSTALL	3
256	rt4_TMB-5_MAP_g_11755.r24	BACKTEST	BLOCKED	10983	CONFIRM_INSTALL	3
257	rt4_TMB-5_MAP_g_11756.r24	BACKTEST	BLOCKED	10983	CONFIRM_INSTALL	3
258	rt4_TMB-5_MAP_g_11757.r24	BACKTEST	BLOCKED	10983	CONFIRM_INSTALL	3
259	rt4_TMB-5_MAP_g_11758.r24	BACKTEST	BLOCKED	10983	CONFIRM_INSTALL	3
260	rt4_TMB-5_MAP_g_11759.r24	BACKTEST	BLOCKED	10983	CONFIRM_INSTALL	3
261	rt4_TMB-5_MAP_g_11760.r24	BACKTEST	BLOCKED	10983	CONFIRM_INSTALL	3
262	rt4_TMB-5_MAP_g_11761.r24	BACKTEST	BLOCKED	10983	CONFIRM_INSTALL	3
263	rt4_TMB-5_MAP_g_11762.r24	BACKTEST	BLOCKED	10983	CONFIRM_INSTALL	3
264	rt4_TMB-5_MAP_g_11763.r24	BACKTEST	BLOCKED	10983	CONFIRM_INSTALL	3
265	rt4_TMB-5_MAP_g_11764.r24	BACKTEST	BLOCKED	10983	CONFIRM_INSTALL	3
266	rt4_TMB-5_MAP_g_11765.r24	BACKTEST	BLOCKED	10983	CONFIRM_INSTALL	3
267	rt4_TMB-5_MAP_g_11766.r24	BACKTEST	BLOCKED	10983	CONFIRM_INSTALL	3
268	rt4_TMB-5_MAP_g_11767.r24	BACKTEST	BLOCKED	10983	CONFIRM_INSTALL	3
269	rt4_TMB-5_MAP_g_11768.r24	BACKTEST	BLOCKED	10983	CONFIRM_INSTALL	3
270	rt4_TMB-5_MAP_g_11769.r24	BACKTEST	BLOCKED	10983	CONFIRM_INSTALL	3
271	rt4_TMB-5_MAP_g_11770.r24	BACKTEST	BLOCKED	10983	CONFIRM_INSTALL	3
272	rt4_TMB-5_MAP_g_11771.r24	BACKTEST	BLOCKED	10983	CONFIRM_INSTALL	3
273	rt4_TMB-5_MAP_g_11772.r24	BACKTEST	BLOCKED	10983	CONFIRM_INSTALL	3
274	rt4_TMB-5_MAP_g_11773.r24	BACKTEST	BLOCKED	10983	CONFIRM_INSTALL	3
275	rt4_TMB-5_MAP_g_11774.r24	BACKTEST	BLOCKED	10983	CONFIRM_INSTALL	3
276	rt4_TMB-5_MAP_g_11775.r24	BACKTEST	BLOCKED	10983	CONFIRM_INSTALL	3
277	rt4_TMB-5_MAP_g_11776.r24	BACKTEST	BLOCKED	10983	CONFIRM_INSTALL	3
278	rt4_TMB-5_MAP_g_11777.r24	BACKTEST	BLOCKED	10983	CONFIRM_INSTALL	3
279	rt4_TMB-5_MAP_g_11778.r24	BACKTEST	BLOCKED	10983	CONFIRM_INSTALL	3
280	rt4_TMB-5_MAP_g_11779.r24	BACKTEST	BLOCKED	10983	CONFIRM_INSTALL	3
281	rt4_TMB-5_MAP_g_11780.r24	BACKTEST	BLOCKED	10983	CONFIRM_INSTALL	3
282	rt4_TMB-5_MAP_g_11781.r24	BACKTEST	BLOCKED	10983	CONFIRM_INSTALL	3
283	rt4_TMB-5_MAP_g_11782.r24	BACKTEST	BLOCKED	10983	CONFIRM_INSTALL	3
284	rt4_TMB-5_MAP_g_11783.r24	BACKTEST	BLOCKED	10983	CONFIRM_INSTALL	3
285	rt4_TMB-5_MAP_g_11784.r24	BACKTEST	BLOCKED	10983	CONFIRM_INSTALL	3
286	rt4_TMB-5_MAP_g_11785.r24	BACKTEST	BLOCKED	10983	CONFIRM_INSTALL	3
287	rt4_TMB-5_MAP_g_11786.r24	BACKTEST	BLOCKED	10983	CONFIRM_INSTALL	3
288	rt4_TMB-5_MAP_g_11787.r24	BACKTEST	BLOCKED	10983	CONFIRM_INSTALL	3
289	rt4_TMB-5_MAP_g_11788.r24	BACKTEST	BLOCKED	10983	CONFIRM_INSTALL	3
290	rt4_TMB-5_MAP_g_11789.r24	BACKTEST	BLOCKED	10983	CONFIRM_INSTALL	3
291	rt4_TMB-5_MAP_g_11790.r24	BACKTEST	BLOCKED	10983	CONFIRM_INSTALL	3
292	rt4_TMB-5_MAP_g_11791.r24	BACKTEST	BLOCKED	10983	CONFIRM_INSTALL	3
293	rt4_TMB-5_MAP_g_11792.r24	BACKTEST	BLOCKED	10983	CONFIRM_INSTALL	3
294	rt4_TMB-5_MAP_g_11793.r24	BACKTEST	BLOCKED	10983	CONFIRM_INSTALL	3
295	rt4_TMB-5_MAP_g_11794.r24	BACKTEST	BLOCKED	10983	CONFIRM_INSTALL	3
296	rt4_TMB-5_MAP_g_11795.r24	BACKTEST	BLOCKED	10983	CONFIRM_INSTALL	3
297	rt4_TMB-5_MAP_g_11796.r24	BACKTEST	BLOCKED	10983	CONFIRM_INSTALL	3
298	rt4_TMB-5_MAP_g_11797.r24	BACKTEST	BLOCKED	10983	CONFIRM_INSTALL	3
299	rt4_TMB-5_MAP_g_11798.r24	BACKTEST	BLOCKED	10983	CONFIRM_INSTALL	3
300	rt4_TMB-5_MAP_g_11799.r24	BACKTEST	BLOCKED	10983	CONFIRM_INSTALL	3
301	rt4_TMB-5_MAP_g_11800.r24	BACKTEST	BLOCKED	10983	CONFIRM_INSTALL	3
302	rt4_TMB-5_MAP_g_11801.r24	BACKTEST	BLOCKED	10983	CONFIRM_INSTALL	3
303	rt4_TMB-5_MAP_g_11802.r24	BACKTEST	BLOCKED	10983	CONFIRM_INSTALL	3
304	rt4_TMB-5_MAP_g_11803.r24	BACKTEST	BLOCKED	10983	CONFIRM_INSTALL	3
305	rt4_TMB-5_MAP_g_11804.r24	BACKTEST	BLOCKED	10983	CONFIRM_INSTALL	3
306	rt4_TMB-5_MAP_g_11805.r24	BACKTEST	BLOCKED	10983	CONFIRM_INSTALL	3
307	rt4_TMB-5_MAP_g_11806.r24	BACKTEST	BLOCKED	10983	CONFIRM_INSTALL	3
308	rt4_TMB-5_MAP_g_11807.r24	BACKTEST	BLOCKED	10983	CONFIRM_INSTALL	3
309	rt4_TMB-5_MAP_g_11808.r24	BACKTEST	BLOCKED	10983	CONFIRM_INSTALL	3
310	rt4_TMB-5_MAP_g_11809.r24	BACKTEST	BLOCKED	10983	CONFIRM_INSTALL	3
311	rt4_TMB-5_MAP_g_11810.r24	BACKTEST	BLOCKED	10983	CONFIRM_INSTALL	3
312	rt4_TMB-5_MAP_g_11811.r24	BACKTEST	BLOCKED	10983	CONFIRM_INSTALL	3
313	rt4_TMB-5_MAP_g_11812.r24	BACKTEST	BLOCKED	10983	CONFIRM_INSTALL	3
314	rt4_TMB-5_MAP_g_11813.r24	BACKTEST	BLOCKED	10983	CONFIRM_INSTALL	3
315	rt4_TMB-5_MAP_g_11814.r24	BACKTEST	BLOCKED	10983	CONFIRM_INSTALL	3
316	rt4_TMB-5_MAP_g_11815.r24	BACKTEST	BLOCKED	10983	CONFIRM_INSTALL	3
317	rt4_TMB-5_MAP_g_11816.r24	BACKTEST	BLOCKED	10983	CONFIRM_INSTALL	3
318	rt4_TMB-5_MAP_g_11817.r24	BACKTEST	BLOCKED	10983	CONFIRM_INSTALL	3
319	rt4_TMB-5_MAP_g_11818.r24	BACKTEST	BLOCKED	10983	CONFIRM_INSTALL	3
320	rt4_TMB-5_MAP_g_11819.r24	BACKTEST	BLOCKED	10983	CONFIRM_INSTALL	3
321	rt4_TMB-5_MAP_g_11820.r24	BACKTEST	BLOCKED	10983	CONFIRM_INSTALL	3
322	rt4_TMB-5_MAP_g_11821.r24	BACKTEST	BLOCKED	10983	CONFIRM_INSTALL	3
323	rt4_TMB-5_MAP_g_11822.r24	BACKTEST	BLOCKED	10983	CONFIRM_INSTALL	3
324	rt4_TMB-5_MAP_g_11823.r24	BACKTEST	BLOCKED	10983	CONFIRM_INSTALL	3
325	rt4_TMB-5_MAP_g_11824.r24	BACKTEST	BLOCKED	10983	CONFIRM_INSTALL	3
326	rt4_TMB-5_MAP_g_11825.r24	BACKTEST	BLOCKED	10983	CONFIRM_INSTALL	3
327	rt4_TMB-5_MAP_g_11826.r24	BACKTEST	BLOCKED	10983	CONFIRM_INSTALL	3
328	rt4_TMB-5_MAP_g_11827.r24	BACKTEST	BLOCKED	10983	CONFIRM_INSTALL	3
329	rt4_TMB-5_MAP_g_11828.r24	BACKTEST	BLOCKED	10983	CONFIRM_INSTALL	3
330	rt4_TMB-5_MAP_g_11829.r24	BACKTEST	BLOCKED	10983	CONFIRM_INSTALL	3
331	rt4_TMB-5_MAP_g_11830.r24	BACKTEST	BLOCKED	10983	CONFIRM_INSTALL	3
332	rt4_TMB-5_MAP_g_11831.r24	BACKTEST	BLOCKED	10983	CONFIRM_INSTALL	3
333	rt4_TMB-5_MAP_g_11832.r24	BACKTEST	BLOCKED	10983	CONFIRM_INSTALL	3
334	rt4_TMB-5_MAP_g_11833.r24	BACKTEST	BLOCKED	10983	CONFIRM_INSTALL	3
335	rt4_TMB-5_MAP_g_11834.r24	BACKTEST	BLOCKED	10983	CONFIRM_INSTALL	3
336	rt4_TMB-5_MAP_g_11835.r24	BACKTEST	BLOCKED	10983	CONFIRM_INSTALL	3
337	rt4_TMB-5_MAP_g_11836.r24	BACKTEST	BLOCKED	10983	CONFIRM_INSTALL	3
338	rt4_TMB-5_MAP_g_11837.r24	BACKTEST	BLOCKED	10983	CONFIRM_INSTALL	3
339	rt4_TMB-5_MAP_g_11838.r24	BACKTEST	BLOCKED	10983	CONFIRM_INSTALL	3
340	rt4_TMB-5_MAP_g_11839.r24	BACKTEST	BLOCKED	10983	CONFIRM_INSTALL	3
341	rt4_TMB-5_MAP_g_11840.r24	BACKTEST	BLOCKED	10983	CONFIRM_INSTALL	3
342	rt4_TMB-5_MAP_g_11841.r24	BACKTEST	BLOCKED	10983	CONFIRM_INSTALL	3
343	rt4_TMB-5_MAP_g_11842.r24	BACKTEST	BLOCKED	10983	CONFIRM_INSTALL	3
344	rt4_TMB-5_MAP_g_11843.r24	BACKTEST	BLOCKED	10983	CONFIRM_INSTALL	3
345	rt4_TMB-5_MAP_g_11844.r24	BACKTEST	BLOCKED	10983	CONFIRM_INSTALL	3
346	rt4_TMB-5_MAP_g_11845.r24	BACKTEST	BLOCKED	10983	CONFIRM_INSTALL	3
347	rt4_TMB-5_MAP_g_11846.r24	BACKTEST	BLOCKED	10983	CONFIRM_INSTALL	3
348	rt4_TMB-5_MAP_g_11847.r24	BACKTEST	BLOCKED	10983	CONFIRM_INSTALL	3
349	rt4_TMB-5_MAP_g_11848.r24	BACKTEST	BLOCKED	10983	CONFIRM_INSTALL	3
350	rt4_TMB-5_MAP_g_11849.r24	BACKTEST	BLOCKED	10983	CONFIRM_INSTALL	3
351	rt4_TMB-5_MAP_g_11850.r24	BACKTEST	BLOCKED	10983	CONFIRM_INSTALL	3
352	rt4_TMB-5_MAP_g_11851.r24	BACKTEST	BLOCKED	10983	CONFIRM_INSTALL	3
353	rt4_TMB-5_MAP_g_11852.r24	BACKTEST	BLOCKED	10983	CONFIRM_INSTALL	3
354	rt4_TMB-5_MAP_g_11853.r24	BACKTEST	BLOCKED	10983	CONFIRM_INSTALL	3
355	rt4_TMB-5_MAP_g_11854.r24	BACKTEST	BLOCKED	10983	CONFIRM_INSTALL	3
356	rt4_TMB-5_MAP_g_11855.r24	BACKTEST	BLOCKED	10983	CONFIRM_INSTALL	3
357	rt4_TMB-5_MAP_g_11856.r24	BACKTEST	ALLOWED	-	-	0
358	rt4_TMB-5_MAP_g_11857.r24	BACKTEST	ALLOWED	-	-	0
359	rt4_TMB-5_MAP_g_11858.r24	BACKTEST	BLOCKED	10983	WITHHOLD	-1
360	rt4_TMB-5_MAP_g_11859.r24	BACKTEST	BLOCKED	10983	WITHHOLD	-1
361	rt4_TMB-5_MAP_g_11860.r24	BACKTEST	BLOCKED	10983	WITHHOLD	-1
362	rt4_TMB-5_MAP_g_11861.r24	BACKTEST	BLOCKED	10983	WITHHOLD	-1
363	rt4_TMB-5_MAP_g_11862.r24	BACKTEST	BLOCKED	10983	WITHHOLD	-1
364	rt4_TMB-5_MAP_g_11863.r24	BACKTEST	BLOCKED	10983	WITHHOLD	-1
365	rt4_TMB-5_MAP_g_11864.r24	BACKTEST	BLOCKED	10983	WITHHOLD	-1
366	rt4_TMB-5_MAP_g_11865.r24	BACKTEST	BLOCKED	10983	CONFIRM_INSTALL	3
367	rt4_TMB-5_MAP_g_11866.r24	BACKTEST	BLOCKED	10983	CONFIRM_INSTALL	3
368	rt4_TMB-5_MAP_g_11867.r24	BACKTEST	BLOCKED	10983	CONFIRM_INSTALL	3
369	rt4_TMB-5_MAP_g_11868.r24	BACKTEST	BLOCKED	10983	CONFIRM_INSTALL	3
370	rt4_TMB-5_MAP_g_11869.r24	BACKTEST	BLOCKED	10983	CONFIRM_INSTALL	3
371	rt4_TMB-5_MAP_g_11870.r24	BACKTEST	BLOCKED	10983	CONFIRM_INSTALL	3
372	rt4_TMB-5_MAP_g_11871.r24	BACKTEST	BLOCKED	10983	CONFIRM_INSTALL	3
373	rt4_TMB-5_MAP_g_11872.r24	BACKTEST	BLOCKED	10983	CONFIRM_INSTALL	3
374	rt4_TMB-5_MAP_g_11873.r24	BACKTEST	BLOCKED	10983	CONFIRM_INSTALL	3
375	rt4_TMB-5_MAP_g_11874.r24	BACKTEST	BLOCKED	10983	CONFIRM_INSTALL	3
376	rt4_TMB-5_MAP_g_11875.r24	BACKTEST	BLOCKED	10983	CONFIRM_INSTALL	3
377	rt4_TMB-5_MAP_g_11876.r24	BACKTEST	BLOCKED	10983	CONFIRM_INSTALL	3
378	rt4_TMB-5_MAP_g_11877.r24	BACKTEST	BLOCKED	10983	CONFIRM_INSTALL	3
379	rt4_TMB-5_MAP_g_11878.r24	BACKTEST	BLOCKED	10983	CONFIRM_INSTALL	3
380	rt4_TMB-5_MAP_g_11879.r24	BACKTEST	BLOCKED	10983	CONFIRM_INSTALL	3
381	rt4_TMB-5_MAP_g_11880.r24	BACKTEST	BLOCKED	10983	CONFIRM_INSTALL	3
382	rt4_TMB-5_MAP_g_11881.r24	BACKTEST	BLOCKED	10983	CONFIRM_INSTALL	3
383	rt4_TMB-5_MAP_g_11882.r24	BACKTEST	BLOCKED	10983	CONFIRM_INSTALL	3
384	rt4_TMB-5_MAP_g_11883.r24	BACKTEST	BLOCKED	10983	CONFIRM_INSTALL	3
385	rt4_TMB-5_MAP_g_11884.r24	BACKTEST	BLOCKED	10983	CONFIRM_INSTALL	3
386	rt4_TMB-5_MAP_g_11885.r24	BACKTEST	BLOCKED	10983	CONFIRM_INSTALL	3
387	rt4_TMB-5_MAP_g_11886.r24	BACKTEST	BLOCKED	10983	CONFIRM_INSTALL	3
388	rt4_TMB-5_MAP_g_11887.r24	BACKTEST	BLOCKED	10983	CONFIRM_INSTALL	3
389	rt4_TMB-5_MAP_g_11888.r24	BACKTEST	BLOCKED	10983	CONFIRM_INSTALL	3
390	rt4_TMB-5_MAP_g_11889.r24	BACKTEST	BLOCKED	10983	CONFIRM_INSTALL	3
391	rt4_TMB-5_MAP_g_11890.r24	BACKTEST	BLOCKED	10983	CONFIRM_INSTALL	3
392	rt4_TMB-5_MAP_g_11891.r24	BACKTEST	BLOCKED	10983	CONFIRM_INSTALL	3
393	rt4_TMB-5_MAP_g_11892.r24	BACKTEST	BLOCKED	10983	CONFIRM_INSTALL	3
394	rt4_TMB-5_MAP_g_11893.r24	BACKTEST	BLOCKED	10983	CONFIRM_INSTALL	3
395	rt4_TMB-5_MAP_g_11894.r24	BACKTEST	BLOCKED	10983	CONFIRM_INSTALL	3
396	rt4_TMB-5_MAP_g_11895.r24	BACKTEST	BLOCKED	10983	CONFIRM_INSTALL	3
397	rt4_TMB-5_MAP_g_11896.r24	BACKTEST	BLOCKED	10983	CONFIRM_INSTALL	3
398	rt4_TMB-5_MAP_g_11897.r24	BACKTEST	BLOCKED	10983	CONFIRM_INSTALL	3
399	rt4_TMB-5_MAP_g_11898.r24	BACKTEST	BLOCKED	10983	CONFIRM_INSTALL	3
400	rt4_TMB-5_MAP_g_11899.r24	BACKTEST	BLOCKED	10983	CONFIRM_INSTALL	3
401	rt4_TMB-5_MAP_g_11900.r24	BACKTEST	BLOCKED	10983	CONFIRM_INSTALL	3
402	rt4_TMB-5_MAP_g_11901.r24	BACKTEST	BLOCKED	10983	CONFIRM_INSTALL	3
403	rt4_TMB-5_MAP_g_11902.r24	BACKTEST	BLOCKED	10983	CONFIRM_INSTALL	3
404	rt4_TMB-5_MAP_g_11903.r24	BACKTEST	BLOCKED	10983	CONFIRM_INSTALL	3
405	rt4_TMB-5_MAP_g_11904.r24	BACKTEST	BLOCKED	10983	CONFIRM_INSTALL	3
406	rt4_TMB-5_MAP_g_11905.r24	BACKTEST	BLOCKED	10983	CONFIRM_INSTALL	3
407	rt4_TMB-5_MAP_g_11906.r24	BACKTEST	BLOCKED	10983	CONFIRM_INSTALL	3
408	rt4_TMB-5_MAP_g_11907.r24	BACKTEST	BLOCKED	10983	CONFIRM_INSTALL	3
409	rt4_TMB-5_MAP_g_11908.r24	BACKTEST	BLOCKED	10983	CONFIRM_INSTALL	3
410	rt4_TMB-5_MAP_g_11909.r24	BACKTEST	BLOCKED	10983	CONFIRM_INSTALL	3
411	rt4_TMB-5_MAP_g_11910.r24	BACKTEST	BLOCKED	10983	CONFIRM_INSTALL	3
412	rt4_TMB-5_MAP_g_11911.r24	BACKTEST	BLOCKED	10983	CONFIRM_INSTALL	3
413	rt4_TMB-5_MAP_g_11912.r24	BACKTEST	BLOCKED	10983	CONFIRM_INSTALL	3
414	rt4_TMB-5_MAP_g_11913.r24	BACKTEST	BLOCKED	10983	CONFIRM_INSTALL	3
415	rt4_TMB-5_MAP_g_11914.r24	BACKTEST	BLOCKED	10983	CONFIRM_INSTALL	3
416	rt4_TMB-5_MAP_g_11915.r24	BACKTEST	BLOCKED	10983	CONFIRM_INSTALL	3
417	rt4_TMB-5_MAP_g_11916.r24	BACKTEST	BLOCKED	10983	CONFIRM_INSTALL	3
418	rt4_TMB-5_MAP_g_11917.r24	BACKTEST	BLOCKED	10983	CONFIRM_INSTALL	3
419	rt4_TMB-5_MAP_g_11918.r24	BACKTEST	BLOCKED	10983	CONFIRM_INSTALL	3
420	rt4_TMB-5_MAP_g_11919.r24	BACKTEST	BLOCKED	10983	CONFIRM_INSTALL	3
421	rt4_TMB-5_MAP_g_11920.r24	BACKTEST	BLOCKED	10983	CONFIRM_INSTALL	3
422	rt4_TMB-5_MAP_g_11921.r24	BACKTEST	BLOCKED	10983	CONFIRM_INSTALL	3
423	rt4_TMB-5_MAP_g_11922.r24	BACKTEST	BLOCKED	10983	CONFIRM_INSTALL	3
424	rt4_TMB-5_MAP_g_11923.r24	BACKTEST	BLOCKED	10983	CONFIRM_INSTALL	3
425	rt4_TMB-5_MAP_g_11924.r24	BACKTEST	BLOCKED	10983	CONFIRM_INSTALL	3
426	rt4_TMB-5_MAP_g_11925.r24	BACKTEST	BLOCKED	10983	CONFIRM_INSTALL	3
427	rt4_TMB-5_MAP_g_11926.r24	BACKTEST	ALLOWED	-	-	0
428	rt4_TMB-5_MAP_g_11927.r24	BACKTEST	BLOCKED	10983	CONFIRM_INSTALL	3
429	rt4_TMB-5_MAP_g_11928.r24	BACKTEST	BLOCKED	10983	CONFIRM_INSTALL	3
430	rt4_TMB-5_MAP_g_11929.r24	BACKTEST	BLOCKED	10983	CONFIRM_INSTALL	3
431	rt4_TMB-5_MAP_g_11930.r24	BACKTEST	BLOCKED	10983	CONFIRM_INSTALL	3
432	rt4_TMB-5_MAP_g_11931.r24	BACKTEST	BLOCKED	10983	CONFIRM_INSTALL	3
433	rt4_TMB-5_MAP_g_11932.r24	BACKTEST	BLOCKED	10983	CONFIRM_INSTALL	3
434	rt4_TMB-5_MAP_g_11933.r24	BACKTEST	BLOCKED	10983	CONFIRM_INSTALL	3
435	rt4_TMB-5_MAP_g_11934.r24	BACKTEST	BLOCKED	10983	CONFIRM_INSTALL	3
436	rt4_TMB-5_MAP_g_11935.r24	BACKTEST	BLOCKED	10983	CONFIRM_INSTALL	3
437	rt4_TMB-5_MAP_g_11936.r24	BACKTEST	BLOCKED	10983	CONFIRM_INSTALL	3
438	rt4_TMB-5_MAP_g_11937.r24	BACKTEST	BLOCKED	10983	CONFIRM_INSTALL	3
439	rt4_TMB-5_MAP_g_11938.r24	BACKTEST	BLOCKED	10983	CONFIRM_INSTALL	3
440	rt4_TMB-5_MAP_g_11939.r24	BACKTEST	BLOCKED	10983	CONFIRM_INSTALL	3
441	rt4_TMB-5_MAP_g_11940.r24	BACKTEST	BLOCKED	10983	CONFIRM_INSTALL	3
442	rt4_TMB-5_MAP_g_11941.r24	BACKTEST	BLOCKED	10983	CONFIRM_INSTALL	3
443	rt4_TMB-5_MAP_g_11942.r24	BACKTEST	BLOCKED	10983	CONFIRM_INSTALL	3
444	rt4_TMB-5_MAP_g_11943.r24	BACKTEST	BLOCKED	10983	CONFIRM_INSTALL	3
445	rt4_TMB-5_MAP_g_11944.r24	BACKTEST	BLOCKED	10983	CONFIRM_INSTALL	3
446	rt4_TMB-5_MAP_g_11945.r24	BACKTEST	BLOCKED	10983	CONFIRM_INSTALL	3
447	rt4_TMB-5_MAP_g_11946.r24	BACKTEST	BLOCKED	10983	CONFIRM_INSTALL	3
448	rt4_TMB-5_MAP_g_11947.r24	BACKTEST	BLOCKED	10983	CONFIRM_INSTALL	3
449	rt4_TMB-5_MAP_g_11948.r24	BACKTEST	BLOCKED	10983	CONFIRM_INSTALL	3
450	rt4_TMB-5_MAP_g_11949.r24	BACKTEST	BLOCKED	10983	CONFIRM_INSTALL	3
451	rt4_TMB-5_MAP_g_11950.r24	BACKTEST	BLOCKED	10983	CONFIRM_INSTALL	3
452	rt4_TMB-5_MAP_g_11951.r24	BACKTEST	BLOCKED	10983	CONFIRM_INSTALL	3
453	rt4_TMB-5_MAP_g_11952.r24	BACKTEST	BLOCKED	10983	CONFIRM_INSTALL	3
454	rt4_TMB-5_MAP_g_11953.r24	BACKTEST	BLOCKED	10983	CONFIRM_INSTALL	3
455	rt4_TMB-5_MAP_g_11954.r24	BACKTEST	BLOCKED	10983	CONFIRM_INSTALL	3
456	rt4_TMB-5_MAP_g_11955.r24	BACKTEST	BLOCKED	10983	CONFIRM_INSTALL	3
457	rt4_TMB-5_MAP_g_11956.r24	BACKTEST	BLOCKED	10983	CONFIRM_INSTALL	3
458	rt4_TMB-5_MAP_g_11957.r24	BACKTEST	BLOCKED	10983	CONFIRM_INSTALL	3
459	rt4_TMB-5_MAP_g_11958.r24	BACKTEST	BLOCKED	10983	CONFIRM_INSTALL	3
460	rt4_TMB-5_MAP_g_11959.r24	BACKTEST	BLOCKED	10983	CONFIRM_INSTALL	3
461	rt4_TMB-5_MAP_g_11960.r24	BACKTEST	BLOCKED	10983	CONFIRM_INSTALL	3
462	rt4_TMB-5_MAP_g_11961.r24	BACKTEST	BLOCKED	10983	CONFIRM_INSTALL	3
463	rt4_TMB-5_MAP_g_11962.r24	BACKTEST	BLOCKED	10983	CONFIRM_INSTALL	3
464	rt4_TMB-5_MAP_g_11963.r24	BACKTEST	BLOCKED	10983	CONFIRM_INSTALL	3
465	rt4_TMB-5_MAP_g_11964.r24	BACKTEST	BLOCKED	10983	CONFIRM_INSTALL	3
466	rt4_TMB-5_MAP_g_11965.r24	BACKTEST	BLOCKED	10983	CONFIRM_INSTALL	3
467	rt4_TMB-5_MAP_g_11966.r24	BACKTEST	BLOCKED	10983	CONFIRM_INSTALL	3
468	rt4_TMB-5_MAP_g_11967.r24	BACKTEST	BLOCKED	10983	CONFIRM_INSTALL	3
469	rt4_TMB-5_MAP_g_11968.r24	BACKTEST	BLOCKED	10983	CONFIRM_INSTALL	3
470	rt4_TMB-5_MAP_g_11969.r24	BACKTEST	BLOCKED	10983	CONFIRM_INSTALL	3
471	rt4_TMB-5_MAP_g_11970.r24	BACKTEST	BLOCKED	10983	CONFIRM_INSTALL	3
472	rt4_TMB-5_MAP_g_11971.r24	BACKTEST	BLOCKED	10983	CONFIRM_INSTALL	3
473	rt4_TMB-5_MAP_g_11972.r24	BACKTEST	BLOCKED	10983	CONFIRM_INSTALL	3
474	rt4_TMB-5_MAP_g_11973.r24	BACKTEST	BLOCKED	10983	CONFIRM_INSTALL	3
475	rt4_TMB-5_MAP_g_11974.r24	BACKTEST	BLOCKED	10983	CONFIRM_INSTALL	3
476	rt4_TMB-5_MAP_g_11975.r24	BACKTEST	BLOCKED	10983	CONFIRM_INSTALL	3
477	rt4_TMB-5_MAP_g_11976.r24	BACKTEST	BLOCKED	10983	CONFIRM_INSTALL	3
478	rt4_TMB-5_MAP_g_11977.r24	BACKTEST	BLOCKED	10983	CONFIRM_INSTALL	3
479	rt4_TMB-5_MAP_g_11978.r24	BACKTEST	BLOCKED	10983	CONFIRM_INSTALL	3
480	rt4_TMB-5_MAP_g_11979.r24	BACKTEST	BLOCKED	10983	CONFIRM_INSTALL	3
481	rt4_TMB-5_MAP_g_11980.r24	BACKTEST	BLOCKED	10983	CONFIRM_INSTALL	3
482	rt4_TMB-5_MAP_g_11981.r24	BACKTEST	BLOCKED	10983	CONFIRM_INSTALL	3
483	rt4_TMB-5_MAP_g_11982.r24	BACKTEST	BLOCKED	10983	CONFIRM_INSTALL	3
484	rt4_TMB-5_MAP_g_11983.r24	BACKTEST	BLOCKED	10983	CONFIRM_INSTALL	3
485	rt4_TMB-5_MAP_g_11984.r24	BACKTEST	BLOCKED	10983	CONFIRM_INSTALL	3
486	rt4_TMB-5_MAP_g_11985.r24	BACKTEST	BLOCKED	10983	CONFIRM_INSTALL	3
487	rt4_TMB-5_MAP_g_11986.r24	BACKTEST	BLOCKED	10983	CONFIRM_INSTALL	3
488	rt4_TMB-5_MAP_g_11987.r24	BACKTEST	BLOCKED	10983	CONFIRM_INSTALL	3
489	rt4_TMB-5_MAP_g_11988.r24	BACKTEST	BLOCKED	10983	CONFIRM_INSTALL	3
490	rt4_TMB-5_MAP_g_11989.r24	BACKTEST	BLOCKED	10983	CONFIRM_INSTALL	3
491	rt4_TMB-5_MAP_g_11990.r24	BACKTEST	BLOCKED	10983	CONFIRM_INSTALL	3
492	rt4_TMB-5_MAP_g_11991.r24	BACKTEST	BLOCKED	10983	CONFIRM_INSTALL	3
493	rt4_TMB-5_MAP_g_11992.r24	BACKTEST	BLOCKED	10983	CONFIRM_INSTALL	3
494	rt4_TMB-5_MAP_g_11993.r24	BACKTEST	BLOCKED	10983	CONFIRM_INSTALL	3
495	rt4_TMB-5_MAP_g_11994.r24	BACKTEST	BLOCKED	10983	CONFIRM_INSTALL	3
496	rt4_TMB-5_MAP_g_11995.r24	BACKTEST	BLOCKED	10983	CONFIRM_INSTALL	3
497	rt4_TMB-5_MAP_g_11996.r24	BACKTEST	BLOCKED	10983	CONFIRM_INSTALL	3
498	rt4_TMB-5_MAP_g_11997.r24	BACKTEST	BLOCKED	10983	CONFIRM_INSTALL	3
499	rt4_TMB-5_MAP_g_11998.r24	BACKTEST	BLOCKED	10983	CONFIRM_INSTALL	3
500	rt4_TMB-5_MAP_g_11999.r24	BACKTEST	BLOCKED	10983	CONFIRM_INSTALL	3
SETSUM NEAR n=0 blocked=0 confirmed=0 withheld=0
SETSUM FAR n=0 blocked=0
SETSUM BACKTEST n=500 blocked=497
BACKTEST false_blocked=0 false_withheld=0 false_escaped=0 true_blocked=497
DELAYBAR delayed_gt50=0 over=0
HIST 0=0 1-3=0 4-10=0 11-50=0 51-100=0 101-300=0 301+=0 WITHHELD=0
SERIAL delayed_gt50=0
SANITY MISMATCH
