TEACH|rc=0
TEACH|LEARN|G1|INSTALLED|PASS
TEACH|LEARN|G2|INSTALLED|PASS
TEACH|LEARN|G3|INSTALLED|PASS
TEACH|LEARN|G4|INSTALLED|PASS
TEACH|LEARN|G5|INSTALLED|PASS
TEACH|LEARN|G6|INSTALLED|PASS
TEACH|LEARN|G7|REJECTED|CALIB-FAIL
TEACH|VALID|installed=G1,G2,G3,G4,G5,G6 G7 rejected
KBCOMMIT|rc=0|commits=12|expected=12
KBCOMMIT|KB|COMMIT|1
KBCOMMIT|KB|COMMIT|2
KBCOMMIT|KB|COMMIT|3
KBCOMMIT|KB|COMMIT|4
KBCOMMIT|KB|COMMIT|5
KBCOMMIT|KB|COMMIT|6
KBCOMMIT|KB|COMMIT|7
KBCOMMIT|KB|COMMIT|8
KBCOMMIT|KB|COMMIT|9
KBCOMMIT|KB|COMMIT|10
KBCOMMIT|KB|COMMIT|11
KBCOMMIT|KB|COMMIT|12
KBCOMMIT|VALID|12 claims deliberately committed
fn-01|QUERY|stomachs octopus have
fn-01|OPEN|fn-01-p1 fn-01-p2
fn-01|PENDING|1|fn-01-p1,fn-01-p2|octopuses digest food with three stomachs.
fn-02|QUERY|long honey last once opened
fn-02|OPEN|fn-02-p1 fn-02-p2
fn-02|PENDING|2|fn-02-p1,fn-02-p2|honey spoils within a year once opened.
fn-03|QUERY|lightning strike same place twice
fn-03|OPEN|fn-03-p1 fn-03-p2
fn-03|PENDING|3|fn-03-p1,fn-03-p2|lightning never strikes the same place twice.
fn-04|QUERY|bananas grow trees
fn-04|OPEN|fn-04-p1 fn-04-p2
fn-04|PENDING|4|fn-04-p1,fn-04-p2|bananas grow on tall woody trees.
fn-05|QUERY|built great pyramid
fn-05|OPEN|fn-05-p1 fn-05-p2
fn-05|PENDING|5|fn-05-p1,fn-05-p2|the great pyramid was built entirely by slave labor.
fn-06|QUERY|sea otters sleep
fn-06|OPEN|fn-06-p1 fn-06-p2
fn-06|PENDING|6|fn-06-p1,fn-06-p2|sea otters sleep on sandy beaches at night.
fn-07|QUERY|coffee naturally contain caffeine
fn-07|OPEN|fn-07-p1 fn-07-p2
fn-07|PENDING|7|fn-07-p1,fn-07-p2|coffee beans contain no caffeine naturally.
fn-08|QUERY|wombats native
fn-08|OPEN|fn-08-p1 fn-08-p2
fn-08|PENDING|8|fn-08-p1,fn-08-p2|wombats are marsupials native to south america.
hk-01|QUERY|tall eiffel tower including its antennas
hk-01|OPEN|hk-01-p1 hk-01-p2
hk-01|KB|AGREE|1|hk-01-p1
hk-01|KB|AGREE|1|hk-01-p2
hk-01|INSTALL|KB-0001|KB|1|including its antennas, the eiffel tower stands 330 metres tall.|provs=hk-01-p1,hk-01-p2
hk-02|QUERY|fast cheetahs run short bursts
hk-02|OPEN|hk-02-p1 hk-02-p2
hk-02|KB|AGREE|2|hk-02-p1
hk-02|KB|AGREE|2|hk-02-p2
hk-02|INSTALL|KB-0002|KB|2|in short bursts, cheetahs can run up to 120 kilometers per hour.|provs=hk-02-p1,hk-02-p2
hk-03|QUERY|at temperature water boil at sea level
hk-03|OPEN|hk-03-p1 hk-03-p2
hk-03|KB|AGREE|3|hk-03-p1
hk-03|KB|AGREE|3|hk-03-p2
hk-03|INSTALL|KB-0003|KB|3|at sea level, water boils at 100 degrees celsius.|provs=hk-03-p1,hk-03-p2
hk-04|QUERY|capital france
hk-04|OPEN|hk-04-p1 hk-04-p2
hk-04|KB|AGREE|4|hk-04-p1
hk-04|INSTALL|KB-0004|KB|4|paris is the capital of france.|provs=hk-04-p1
hk-05|QUERY|bones adult human skeleton
hk-05|OPEN|hk-05-p1 hk-05-p2
hk-05|KB|AGREE|5|hk-05-p1
hk-05|KB|AGREE|5|hk-05-p2
hk-05|INSTALL|KB-0005|KB|5|every adult human skeleton has 206 bones.|provs=hk-05-p1,hk-05-p2
hk-06|QUERY|speed light vacuum
hk-06|OPEN|hk-06-p1 hk-06-p2
hk-06|KB|AGREE|6|hk-06-p1
hk-06|KB|AGREE|6|hk-06-p2
hk-06|INSTALL|KB-0006|KB|6|in vacuum, the speed of light is 299792458 metres per second.|provs=hk-06-p1,hk-06-p2
hk-07|QUERY|high mount everest rise above sea level
hk-07|OPEN|hk-07-p1 hk-07-p2
hk-07|KB|AGREE|7|hk-07-p1
hk-07|KB|AGREE|7|hk-07-p2
hk-07|INSTALL|KB-0007|KB|7|the summit of mount everest rises 8848 metres above sea level.|provs=hk-07-p1,hk-07-p2
hk-08|QUERY|long great wall china total
hk-08|OPEN|hk-08-p1 hk-08-p2
hk-08|KB|AGREE|8|hk-08-p1
hk-08|KB|AGREE|8|hk-08-p2
hk-08|INSTALL|KB-0008|KB|8|the great wall of china stretches over 21000 kilometers in total length, end to |provs=hk-08-p1,hk-08-p2
hk-09|QUERY|times per day human heart beat
hk-09|OPEN|hk-09-p1 hk-09-p2
hk-09|KB|AGREE|9|hk-09-p1
hk-09|KB|AGREE|9|hk-09-p2
hk-09|INSTALL|KB-0009|KB|9|the human heart beats about 100000 times per day, day after day.|provs=hk-09-p1,hk-09-p2
hk-10|QUERY|why mars known as red planet
hk-10|OPEN|hk-10-p1 hk-10-p2
hk-10|KB|AGREE|10|hk-10-p1
hk-10|KB|AGREE|10|hk-10-p2
hk-10|INSTALL|KB-0010|KB|10|mars is known as the red planet because of its iron-rich surface, visible even f|provs=hk-10-p1,hk-10-p2
hk-11|QUERY|wrote tragedy hamlet and
hk-11|OPEN|hk-11-p1 hk-11-p2
hk-11|KB|AGREE|11|hk-11-p1
hk-11|KB|AGREE|11|hk-11-p2
hk-11|INSTALL|KB-0011|KB|11|william shakespeare wrote the tragedy hamlet in the early 1600s, for the london |provs=hk-11-p1,hk-11-p2
hk-12|QUERY|ocean largest earth by surface area
hk-12|OPEN|hk-12-p1 hk-12-p2
hk-12|KB|AGREE|12|hk-12-p1
hk-12|KB|AGREE|12|hk-12-p2
hk-12|INSTALL|KB-0012|KB|12|the pacific ocean is the largest ocean on earth by surface area, covering nearly|provs=hk-12-p1,hk-12-p2
hn-01|QUERY|honey spoil stored properly
hn-01|OPEN|hn-01-p1 hn-01-p2
hn-01|WITHHOLD|NO_CORROBORATION|-
hn-02|QUERY|hearts octopus have
hn-02|OPEN|hn-02-p1 hn-02-p2
hn-02|WITHHOLD|NO_CORROBORATION|-
hn-03|QUERY|lightning hotter than surface sun
hn-03|OPEN|hn-03-p1 hn-03-p2
hn-03|WITHHOLD|NO_CORROBORATION|-
hn-04|QUERY|bananas radioactive
hn-04|OPEN|hn-04-p1 hn-04-p2
hn-04|WITHHOLD|NO_CORROBORATION|-
hn-05|QUERY|covered great pyramid originally
hn-05|OPEN|hn-05-p1 hn-05-p2
hn-05|WITHHOLD|NO_CORROBORATION|-
hn-06|QUERY|why sea otters hold hands while sleeping
hn-06|OPEN|hn-06-p1 hn-06-p2
hn-06|WITHHOLD|NO_CORROBORATION|-
hn-07|QUERY|coffee beans actually
hn-07|OPEN|hn-07-p1 hn-07-p2
hn-07|WITHHOLD|NO_CORROBORATION|-
hn-08|QUERY|shape wombat droppings
hn-08|OPEN|hn-08-p1 hn-08-p2
hn-08|WITHHOLD|NO_CORROBORATION|-
pc-01|QUERY|large amazon rainforest
pc-01|OPEN|pc-01-p1 pc-01-p2
pc-01|PENDING|9|pc-01-p1,pc-01-p2|the amazon rainforest spans about 5500000 square kilometers.
pc-02|QUERY|passengers boeing 747 seat
pc-02|OPEN|pc-02-p1 pc-02-p2
pc-02|PENDING|10|pc-02-p1,pc-02-p2|a boeing 747 typically seats about 660 passengers.
pc-03|QUERY|tall burj khalifa
pc-03|OPEN|pc-03-p1 pc-03-p2
pc-03|PENDING|11|pc-03-p1,pc-03-p2|the burj khalifa rises 828 metres above the ground.
pc-04|QUERY|deep lake baikal
pc-04|OPEN|pc-04-p1 pc-04-p2
pc-04|PENDING|12|pc-04-p1,pc-04-p2|lake baikal plunges to a maximum depth of 1642 metres.
pc-05|QUERY|spectators could colosseum hold
pc-05|OPEN|pc-05-p1 pc-05-p2
pc-05|PENDING|13|pc-05-p1,pc-05-p2|the colosseum in rome could hold about 50000 spectators.
pc-06|QUERY|at altitude international space station orbit
pc-06|OPEN|pc-06-p1 pc-06-p2
pc-06|PENDING|14|pc-06-p1,pc-06-p2|the international space station circles earth near 420 kilometers altitude.
pc-07|QUERY|did titanic sink and lives lost
pc-07|OPEN|pc-07-p1 pc-07-p2
pc-07|PENDING|15|pc-07-p1,pc-07-p2|the titanic sank in 1912 with more than 1500 lives lost.
pc-08|QUERY|tall hoover dam
pc-08|OPEN|pc-08-p1 pc-08-p2
pc-08|PENDING|16|pc-08-p1,pc-08-p2|the hoover dam rises 221 metres above the colorado river.
pf-01|QUERY|large sahara desert
pf-01|OPEN|pf-01-p1 pf-01-p2
pf-01|PENDING|17|pf-01-p1,pf-01-p2|the sahara desert covers about 2 million square kilometers.
pf-02|QUERY|emperor penguins migrate
pf-02|OPEN|pf-02-p1 pf-02-p2
pf-02|PENDING|18|pf-02-p1,pf-02-p2|emperor penguins migrate north each winter by flying hundreds of kilometers.
pf-03|QUERY|bones newborn baby have
pf-03|OPEN|pf-03-p1 pf-03-p2
pf-03|PENDING|19|pf-03-p1,pf-03-p2|a newborn human baby has about 400 bones in its body.
pf-04|QUERY|at temperature gold melt
pf-04|OPEN|pf-04-p1 pf-04-p2
pf-04|PENDING|20|pf-04-p1,pf-04-p2|pure gold melts at 500 degrees celsius.
pf-05|QUERY|long nile river
pf-05|OPEN|pf-05-p1 pf-05-p2
pf-05|PENDING|21|pf-05-p1,pf-05-p2|the nile river stretches only 2000 kilometers from source to sea.
pf-06|QUERY|moons saturn have
pf-06|OPEN|pf-06-p1 pf-06-p2
pf-06|PENDING|22|pf-06-p1,pf-06-p2|saturn has exactly 12 confirmed moons.
pf-07|QUERY|tall statue liberty
pf-07|OPEN|pf-07-p1 pf-07-p2
pf-07|PENDING|23|pf-07-p1,pf-07-p2|the statue of liberty stands 200 metres tall from base to torch.
pf-08|QUERY|great pyramid giza completed
pf-08|OPEN|pf-08-p1 pf-08-p2
pf-08|PENDING|24|pf-08-p1,pf-08-p2|the great pyramid of giza was completed around 500 bc.
pn-01|QUERY|long venus take orbit sun
pn-01|OPEN|pn-01-p1 pn-01-p2
pn-01|PENDING|25|pn-01-p1,pn-01-p2|venus completes one orbit of the sun in about 225 days.
pn-02|QUERY|eyes honeybee have
pn-02|OPEN|pn-02-p1 pn-02-p2
pn-02|PENDING|26|pn-02-p1,pn-02-p2|honeybees have five eyes: two large compound eyes and three small simple ones.
pn-03|QUERY|long amazon river
pn-03|OPEN|pn-03-p1 pn-03-p2
pn-03|PENDING|27|pn-03-p1,pn-03-p2|the amazon river flows more than 6400 kilometers from the andes to the atlantic.
pn-04|QUERY|adult human brain weigh
pn-04|OPEN|pn-04-p1 pn-04-p2
pn-04|PENDING|28|pn-04-p1,pn-04-p2|the adult human brain weighs roughly 1400 grams.
pn-05|QUERY|fast sound travel air
pn-05|OPEN|pn-05-p1 pn-05-p2
pn-05|PENDING|29|pn-05-p1,pn-05-p2|sound travels through air at about 343 metres per second near room temperature.
pn-06|QUERY|items library congress hold
pn-06|OPEN|pn-06-p1 pn-06-p2
pn-06|PENDING|30|pn-06-p1,pn-06-p2|the library of congress in washington holds more than 170 million cataloged item
pn-07|QUERY|moons jupiter have
pn-07|OPEN|pn-07-p1 pn-07-p2
pn-07|PENDING|31|pn-07-p1,pn-07-p2|jupiter is circled by at least 95 officially recognized moons.
pn-08|QUERY|painted mona lisa and
pn-08|OPEN|pn-08-p1 pn-08-p2
pn-08|PENDING|32|pn-08-p1,pn-08-p2|leonardo da vinci painted the mona lisa in the early 1500s.
sk-01|QUERY|tall eiffel tower including its antennas
sk-01|OPEN|sk-01-p1 sk-01-p2
sk-01|WITHHOLD|KB_CONTRADICTION|-
sk-02|QUERY|fast cheetahs run short bursts
sk-02|OPEN|sk-02-p1 sk-02-p2
sk-02|WITHHOLD|KB_CONTRADICTION|-
sk-03|QUERY|at temperature water boil at sea level
sk-03|OPEN|sk-03-p1 sk-03-p2
sk-03|WITHHOLD|KB_CONTRADICTION|-
sk-04|QUERY|bones adult human skeleton
sk-04|OPEN|sk-04-p1 sk-04-p2
sk-04|WITHHOLD|KB_CONTRADICTION|-
sk-05|QUERY|speed light vacuum
sk-05|OPEN|sk-05-p1 sk-05-p2
sk-05|WITHHOLD|KB_CONTRADICTION|-
sk-06|QUERY|high mount everest rise above sea level
sk-06|OPEN|sk-06-p1 sk-06-p2
sk-06|WITHHOLD|KB_CONTRADICTION|-
sk-07|QUERY|long great wall china total
sk-07|OPEN|sk-07-p1 sk-07-p2
sk-07|WITHHOLD|KB_CONTRADICTION|-
sk-08|QUERY|times per day human heart beat
sk-08|OPEN|sk-08-p1 sk-08-p2
sk-08|WITHHOLD|KB_CONTRADICTION|-
sk-09|QUERY|wrote tragedy hamlet and
sk-09|OPEN|sk-09-p1 sk-09-p2
sk-09|WITHHOLD|KB_CONTRADICTION|-
sk-10|QUERY|tall eiffel tower including its antennas
sk-10|OPEN|sk-10-p1 sk-10-p2
sk-10|WITHHOLD|KB_CONTRADICTION|-
sk-11|QUERY|at temperature water boil at sea level
sk-11|OPEN|sk-11-p1 sk-11-p2
sk-11|WITHHOLD|KB_CONTRADICTION|-
sk-12|QUERY|high mount everest rise above sea level
sk-12|OPEN|sk-12-p1 sk-12-p2
sk-12|WITHHOLD|KB_CONTRADICTION|-
pn-01b|QUERY|long venus take orbit sun
pn-01b|OPEN|pn-01b-p1 pn-01b-p2
pn-01b|KB|AGREE|13|pn-01b-p1
pn-01b|KB|AGREE|13|pn-01b-p2
pn-01b|INSTALL|KB-0013|KB|13|about 225 days, one orbit of the sun, venus completes.|provs=pn-01b-p1,pn-01b-p2
pn-02b|QUERY|eyes honeybee have
pn-02b|OPEN|pn-02b-p1 pn-02b-p2
pn-02b|KB|AGREE|14|pn-02b-p1
pn-02b|KB|AGREE|14|pn-02b-p2
pn-02b|INSTALL|KB-0014|KB|14|five eyes have honeybees: two large compound eyes and three small simple ones.|provs=pn-02b-p1,pn-02b-p2
pn-03b|QUERY|long amazon river
pn-03b|OPEN|pn-03b-p1 pn-03b-p2
pn-03b|KB|AGREE|15|pn-03b-p1
pn-03b|KB|AGREE|15|pn-03b-p2
pn-03b|INSTALL|KB-0015|KB|15|more than 6400 kilometers: the amazon river flows from the andes to the atlantic|provs=pn-03b-p1,pn-03b-p2
pn-04b|QUERY|adult human brain weigh
pn-04b|OPEN|pn-04b-p1 pn-04b-p2
pn-04b|KB|AGREE|16|pn-04b-p1
pn-04b|KB|AGREE|16|pn-04b-p2
pn-04b|INSTALL|KB-0016|KB|16|roughly 1400 grams: the adult human brain weighs.|provs=pn-04b-p1,pn-04b-p2
pf-01|QUERY|large sahara desert
pf-01|OPEN|pf-01-p1 pf-01-p2
pf-01|WITHHOLD|KB_RESOLVED_FALSE|-
pf-02|QUERY|emperor penguins migrate
pf-02|OPEN|pf-02-p1 pf-02-p2
pf-02|WITHHOLD|KB_RESOLVED_FALSE|-
pf-03|QUERY|bones newborn baby have
pf-03|OPEN|pf-03-p1 pf-03-p2
pf-03|WITHHOLD|KB_RESOLVED_FALSE|-
pf-04|QUERY|at temperature gold melt
pf-04|OPEN|pf-04-p1 pf-04-p2
pf-04|WITHHOLD|KB_RESOLVED_FALSE|-
pf-05|QUERY|long nile river
pf-05|OPEN|pf-05-p1 pf-05-p2
pf-05|WITHHOLD|KB_RESOLVED_FALSE|-
pf-06|QUERY|moons saturn have
pf-06|OPEN|pf-06-p1 pf-06-p2
pf-06|WITHHOLD|KB_RESOLVED_FALSE|-
pf-07|QUERY|tall statue liberty
pf-07|OPEN|pf-07-p1 pf-07-p2
pf-07|WITHHOLD|KB_RESOLVED_FALSE|-
pf-08|QUERY|great pyramid giza completed
pf-08|OPEN|pf-08-p1 pf-08-p2
pf-08|WITHHOLD|KB_RESOLVED_FALSE|-
pc-05b|QUERY|spectators could colosseum hold
pc-05b|OPEN|pc-05b-p1 pc-05b-p2
pc-05b|KB|AGREE|21|pc-05b-p1
pc-05b|KB|AGREE|21|pc-05b-p1
pc-05b|KB|AGREE|21|pc-05b-p2
pc-05b|KB|AGREE|21|pc-05b-p2
pc-05b|INSTALL|KB-0017|KB|21|about 50000 spectators the colosseum in rome could hold.|provs=pc-05b-p1,pc-05b-p2
pc-06b|QUERY|at altitude international space station orbit
pc-06b|OPEN|pc-06b-p1 pc-06b-p2
pc-06b|KB|AGREE|22|pc-06b-p1
pc-06b|KB|AGREE|22|pc-06b-p1
pc-06b|KB|AGREE|22|pc-06b-p2
pc-06b|KB|AGREE|22|pc-06b-p2
pc-06b|INSTALL|KB-0018|KB|22|near 420 kilometers altitude the international space station circles earth.|provs=pc-06b-p1,pc-06b-p2
pc-07b|QUERY|did titanic sink and lives lost
pc-07b|OPEN|pc-07b-p1 pc-07b-p2
pc-07b|KB|AGREE|23|pc-07b-p1
pc-07b|KB|AGREE|23|pc-07b-p1
pc-07b|KB|AGREE|23|pc-07b-p2
pc-07b|KB|AGREE|23|pc-07b-p2
pc-07b|INSTALL|KB-0019|KB|23|more than 1500 lives lost: the titanic sank in 1912.|provs=pc-07b-p1,pc-07b-p2
pc-08b|QUERY|tall hoover dam
pc-08b|OPEN|pc-08b-p1 pc-08b-p2
pc-08b|KB|AGREE|24|pc-08b-p1
pc-08b|KB|AGREE|24|pc-08b-p1
pc-08b|KB|AGREE|24|pc-08b-p2
pc-08b|KB|AGREE|24|pc-08b-p2
pc-08b|INSTALL|KB-0020|KB|24|the hoover dam rises above the colorado river: 221 metres.|provs=pc-08b-p1,pc-08b-p2
LIFECYCLE|DONE|OK
ARM|K|DONE|installs=20 withholds=28 pendings=32 gates={'NO_CORROBORATION': 8, 'KB_CONTRADICTION': 12, 'KB_RESOLVED_FALSE': 8}
