g1 ok=False iters=6
  iter1: compile FAIL eclass=UNKNOWNFN details=sqr
  iter1: repaired via UNKNOWNFN
  iter2: compile FAIL eclass=UNKNOWNFN details=sqr
  iter2: repaired via UNKNOWNFN
  iter3: compile FAIL eclass=UNKNOWNFN details=sqr
  iter3: repaired via UNKNOWNFN
  iter4: compile FAIL eclass=UNKNOWNFN details=sqr
  iter4: repaired via UNKNOWNFN
  iter5: compile FAIL eclass=UNKNOWNFN details=sqr
  iter5: repaired via UNKNOWNFN
  iter6: compile FAIL eclass=UNKNOWNFN details=sqr
g2 ok=False iters=6
  iter1: compile FAIL eclass=UNKNOWNFN details=cube
  iter1: repaired via UNKNOWNFN
  iter2: compile FAIL eclass=UNKNOWNFN details=cube
  iter2: repaired via UNKNOWNFN
  iter3: compile FAIL eclass=UNKNOWNFN details=cube
  iter3: repaired via UNKNOWNFN
  iter4: compile FAIL eclass=UNKNOWNFN details=cube
  iter4: repaired via UNKNOWNFN
  iter5: compile FAIL eclass=UNKNOWNFN details=cube
  iter5: repaired via UNKNOWNFN
  iter6: compile FAIL eclass=UNKNOWNFN details=cube
g3 ok=True iters=1
  iter1: compile+test PASS
g4 ok=False iters=6
  iter1: compile FAIL eclass=UNKNOWNFN details=min2
  iter1: repaired via UNKNOWNFN
  iter2: compile FAIL eclass=UNKNOWNFN details=min2
  iter2: repaired via UNKNOWNFN
  iter3: compile FAIL eclass=UNKNOWNFN details=min2
  iter3: repaired via UNKNOWNFN
  iter4: compile FAIL eclass=UNKNOWNFN details=min2
  iter4: repaired via UNKNOWNFN
  iter5: compile FAIL eclass=UNKNOWNFN details=min2
  iter5: repaired via UNKNOWNFN
  iter6: compile FAIL eclass=UNKNOWNFN details=min2
g5 ok=False iters=6
  iter1: compile FAIL eclass=UNKNOWNFN details=neg
  iter1: repaired via UNKNOWNFN
  iter2: compile FAIL eclass=UNKNOWNFN details=neg
  iter2: repaired via UNKNOWNFN
  iter3: compile FAIL eclass=UNKNOWNFN details=neg
  iter3: repaired via UNKNOWNFN
  iter4: compile FAIL eclass=UNKNOWNFN details=neg
  iter4: repaired via UNKNOWNFN
  iter5: compile FAIL eclass=UNKNOWNFN details=neg
  iter5: repaired via UNKNOWNFN
  iter6: compile FAIL eclass=UNKNOWNFN details=neg
g6 ok=False iters=6
  iter1: compile FAIL eclass=UNKNOWNFN details=mul3
  iter1: repaired via UNKNOWNFN
  iter2: compile FAIL eclass=UNKNOWNFN details=mul3
  iter2: repaired via UNKNOWNFN
  iter3: compile FAIL eclass=UNKNOWNFN details=mul3
  iter3: repaired via UNKNOWNFN
  iter4: compile FAIL eclass=UNKNOWNFN details=mul3
  iter4: repaired via UNKNOWNFN
  iter5: compile FAIL eclass=UNKNOWNFN details=mul3
  iter5: repaired via UNKNOWNFN
  iter6: compile FAIL eclass=UNKNOWNFN details=mul3
