bb01.zag CLEAN
bb02.zag CLEAN
bb03.zag CLEAN
bb04.zag CLEAN
bb05.zag CLEAN
bb06.zag CLEAN
bb07.zag CLEAN
bb08.zag CLEAN
bb09.zag BUG UNKNOWN-CALL 3
bb10.zag BUG UNKNOWN-CALL 5
bb11.zag BUG ARITY 5
bb12.zag BUG ARITY 8
bb13.zag BUG UNINIT-VAR 4
bb14.zag BUG UNINIT-VAR 4
bb15.zag BUG TYPE-MISMATCH 3
bb16.zag BUG TYPE-MISMATCH 3
bb17.zag BUG OFF-BY-ONE 5
bb18.zag BUG OFF-BY-ONE 5
bb19.zag BUG WRONG-COMPARISON 5
bb20.zag BUG WRONG-COMPARISON 5
bb21.zag BUG DUP-FN 4
bb22.zag BUG DUP-FN 5
bb23.zag BUG MISSING-BRACE 8
bb24.zag BUG MISSING-BRACE 7
