c01 CLEAN
c02 CLEAN
c03 CLEAN
c04 CLEAN
c05 CLEAN
c06 CLEAN
c07 CLEAN
c08 CLEAN
p01 BUG E0001 4
p02 BUG E0001 3
p03 BUG E0002 2
p04 BUG E0002 2
p05 BUG E0010 3
p06 BUG E0010 4
p07 BUG E0203 3
p08 BUG E0203 2
p09 BUG UNKNOWN-IDENT 3
p10 BUG UNKNOWN-IDENT 3
p11 BUG UNKNOWN-FN 2
p12 BUG UNKNOWN-FN 3
p13 BUG ARITY 5
p14 BUG ARITY 5
p15 BUG DUP-FN 4
p16 BUG DUP-FN 4
p17 BUG DUP-TYPE 4
p18 BUG DUP-TYPE 5
p19 BUG UNKNOWN-FIELD 6
p20 BUG UNKNOWN-FIELD 5
p21 BUG NO-MAIN 1
p22 BUG NO-MAIN 1
p23 BUG BAD-INDEX 3
p24 BUG BAD-INDEX 3
s01 BUG UNINIT-VAR 3
s02 BUG UNINIT-VAR 5
s03 BUG OFF-BY-ONE 5
s04 BUG OFF-BY-ONE 5
s05 BUG WRONG-COMPARISON 3
s06 BUG WRONG-COMPARISON 4
