VARA_HEAPFILL,2
VARA_PROP,0,1,0,5,156
VARA_PROP,1,1,6,11,164
VARA_PROP,2,1,12,19,172
VARA_PROP,3,1,12,19,152
VARA_PROP,4,2,19,20,120
VARA_PROP,5,3,0,19,128
VARA_PROP,6,3,0,19,118
VARA_PROP,7,1,20,25,164
VARA_PROP,8,1,26,30,160
VARA_PROP,9,5,8,9,64
VARA_PROP,10,1,31,38,172
VARA_PROP,11,1,39,43,160
VARA_PROP,12,4,39,42,120
VARA_PROP,13,3,31,42,116
VARA_PROP,14,1,44,49,164
VARA_PROP,15,2,49,50,144
VARA_PROP,16,3,20,49,128
VARA_PROP,17,3,20,49,108
VARA_PROP,18,1,50,55,164
VARA_PROP,19,4,50,54,120
VARA_PROP,20,3,44,54,116
VARA_PROP,21,1,56,62,168
VARA_PROP,22,1,63,67,160
VARA_PROP,23,1,68,72,160
VARA_PROP,24,1,68,72,140
VARA_PROP,25,1,73,77,160
VARA_PROP,26,4,73,76,120
VARA_PROP,27,3,68,76,116
VARA_PROP,28,3,68,76,106
VARA_PROP,29,1,78,86,176
VARA_PROP,30,1,87,92,164
VARA_PROP,31,1,87,92,144
VARA_PROP,32,2,92,93,120
VARA_PROP,33,3,68,92,128
VARA_PROP,34,1,93,97,160
VARA_PROP,35,1,98,104,168
VARA_PROP,36,1,105,110,164
VARA_PROP,37,2,110,111,144
VARA_PROP,38,2,110,111,124
VARA_PROP,39,2,110,111,114
VARA_PROP,40,3,93,110,128
VARA_PROP,41,1,111,117,168
VARA_PROP,42,1,118,123,156
VARA_PROP,43,5,42,43,64
VARA_END,proposals=44,consumed=44,events=91,chain=92c3f2421b75befd9fc2f172b1851d6bfc6889980b47da03229b346131fafe32
