VARA_PROP,0,1,0,5,156
VARA_PROP,1,1,6,11,164
VARA_PROP,2,1,12,19,172
VARA_PROP,3,2,19,20,120
VARA_PROP,4,3,0,19,128
VARA_PROP,5,1,20,25,164
VARA_PROP,6,1,26,30,160
VARA_PROP,7,1,31,38,172
VARA_PROP,8,2,38,39,144
VARA_PROP,9,3,20,38,128
VARA_PROP,10,1,39,43,160
VARA_PROP,11,1,44,49,164
VARA_PROP,12,1,50,55,164
VARA_PROP,13,2,55,56,160
VARA_PROP,14,3,39,55,128
VARA_PROP,15,1,56,62,168
VARA_PROP,16,1,63,67,160
VARA_PROP,17,1,68,72,160
VARA_PROP,18,1,73,77,160
VARA_PROP,19,1,78,86,176
VARA_PROP,20,2,86,87,120
VARA_PROP,21,3,68,86,128
VARA_PROP,22,1,87,92,164
VARA_PROP,23,1,93,97,160
VARA_PROP,24,1,98,104,168
VARA_PROP,25,2,104,105,144
VARA_PROP,26,3,87,104,128
VARA_PROP,27,1,105,110,164
VARA_PROP,28,1,111,117,168
VARA_PROP,29,1,118,123,156
VARA_PROP,30,3,105,123,128
VARA_END,proposals=31,consumed=31,events=65,chain=ad3aae71a9b3db2ff6a7101c0c8abbcfd074491f26b7e92f2f72bf58c4eaa1c1
