VARA_PROP,0,1,0,5,156
VARA_PROP,1,1,0,5,136
VARA_PROP,2,1,0,5,116
VARA_PROP,3,1,6,11,164
VARA_PROP,4,1,6,11,144
VARA_PROP,5,1,6,11,124
VARA_PROP,6,1,12,19,172
VARA_PROP,7,1,12,19,152
VARA_PROP,8,1,12,19,132
VARA_PROP,9,1,20,25,164
VARA_PROP,10,1,20,25,144
VARA_PROP,11,1,20,25,124
VARA_PROP,12,1,26,30,160
VARA_PROP,13,1,26,30,140
VARA_PROP,14,1,26,30,120
VARA_PROP,15,1,31,38,172
VARA_PROP,16,1,31,38,152
VARA_PROP,17,1,31,38,132
VARA_PROP,18,1,39,43,160
VARA_PROP,19,1,39,43,140
VARA_PROP,20,1,39,43,120
VARA_PROP,21,1,44,49,164
VARA_PROP,22,1,44,49,144
VARA_PROP,23,1,44,49,124
VARA_PROP,24,1,50,55,164
VARA_PROP,25,1,50,55,144
VARA_PROP,26,1,50,55,124
VARA_PROP,27,1,56,62,168
VARA_PROP,28,1,56,62,148
VARA_PROP,29,1,56,62,128
VARA_PROP,30,1,63,67,160
VARA_PROP,31,1,63,67,140
VARA_PROP,32,1,63,67,120
VARA_PROP,33,1,68,72,160
VARA_PROP,34,1,68,72,140
VARA_PROP,35,1,68,72,120
VARA_PROP,36,1,73,77,160
VARA_PROP,37,1,73,77,140
VARA_PROP,38,1,73,77,120
VARA_PROP,39,1,78,86,176
VARA_PROP,40,1,78,86,156
VARA_PROP,41,1,78,86,136
VARA_PROP,42,1,87,92,164
VARA_PROP,43,1,87,92,144
VARA_PROP,44,1,87,92,124
VARA_PROP,45,1,93,97,160
VARA_PROP,46,1,93,97,140
VARA_PROP,47,1,93,97,120
VARA_PROP,48,1,98,104,168
VARA_PROP,49,1,98,104,148
VARA_PROP,50,1,98,104,128
VARA_PROP,51,1,105,110,164
VARA_PROP,52,1,105,110,144
VARA_PROP,53,1,105,110,124
VARA_PROP,54,1,111,117,168
VARA_PROP,55,1,111,117,148
VARA_PROP,56,1,111,117,128
VARA_PROP,57,1,118,123,156
VARA_PROP,58,1,118,123,136
VARA_PROP,59,1,118,123,116
VARA_END,proposals=60,consumed=60,events=123,chain=2289ea96ffe49e40abd819e758d27230098fbd3a7d6589058cc520f480a8e743
