RT_ADD 0
RT_STRENGTHEN 0
RT_SELF_PIN 0
RT_KILL_AFTER_PIN 102
RT_KILL_EVIDENCED_AFTER_PIN 102
RT_OVERWRITE_AFTER_PIN 102
RT_WEAKEN_PINNED 0
RT_KILL_AFTER_WEAKEN 102
RT_PINNED_FLAG 1
RT_LIVE_FLAG 1
RT_STRENGTH_NOW 0
RT_TNN_FORCE_PIN 113
RT_TNN_TRAINER_DECLARE 113
CL_CHECK,ck_replay,0,0
CL_CHECK,ck_refusals_clean,0,0
CL_CHECK,ck_core_live,1,1
CL_CHECK,ck_strength_lineage,1,1
CL_CHECK,ck_strength_lineage,1,1
CL_CHECK,ck_strength_lineage,1,1
CL_CHECK,ck_no_bad_kill,0,0
CL_CHECK,ck_no_bad_forcepin,0,0
CL_CHECK,ck_no_bad_code,0,0
CL_CHECK,ck_no_bad_role,0,0
CL_CHECK,ck_no_bad_pexp,0,0
RT_CHECKFAIL 0
RT_PIN_ENTRY op slot aux aux2 rc role: 3 2 -1 -1 0 0
RT_DONE
