install: entries digest: KB-INSTALL entries=69 digest=a92e1031d460dbd9
install: 3-run stdout identical: True, kb.dat identical: True (1531fda8108d867e)

id   family       det   cc   pass note
r1   E-STRREV     Y     Y    PASS 
r2   E-STRREV     Y     Y    PASS 
r3   E-STRREV     Y     Y    PASS 
c1   E-STRCOUNT   Y     Y    PASS 
c2   E-STRCOUNT   Y     Y    PASS 
c3   E-STRCOUNT   Y     Y    PASS 
s1   E-ARRAYSUM   Y     Y    PASS 
s2   E-ARRAYSUM   Y     Y    PASS 
s3   E-ARRAYSUM   Y     Y    PASS 
m1   E-ARRAYMAP   Y     Y    PASS 
m2   E-ARRAYMAP   Y     Y    PASS 
m3   E-ARRAYMAP   Y     Y    PASS 
o1   E-SORT       Y     Y    PASS 
o2   E-STRREV     Y     Y    FAIL output/side-effect mismatch
o3   E-SORT       Y     Y    PASS 
h1   E-HASH       Y     Y    PASS 
h2   E-HASH       Y     Y    PASS 
h3   E-HASH       Y     Y    PASS 
w1   E-FILEWRITE  Y     Y    PASS 
w2   E-FILEWRITE  Y     Y    PASS 
w3   E-FILEWRITE  Y     Y    PASS 
f1   E-FILEREAD   Y     Y    PASS 
f2   E-FILEREAD   Y     Y    PASS 
f3   E-FILEREAD   Y     Y    PASS 

compile success: 24/24   test pass: 23/24
gate: g1=PASS, g2=PASS, g3=PASS, g4=PASS, g5=PASS, g6=PASS
A1 (drop E-FILEWRITE): kb_miss=False :: // kb-recall family=E-FILEREAD digest=521d461b2e958854
A2 (drop L-SYSCALL-NUMS): kb_miss=True :: KB-MISS: required auxiliary entry absent for E-FILEWRITE
