A01|0|1|W|0
A02|0|1|W|0
A03|0|1|W|0
A04|0|1|W|0
A05|0|1|W|0
A06|0|1|W|0
A07|0|1|W|0
A08|0|1|W|0
A09|0|1|W|0
A10|0|1|W|0
A11|0|1|W|0
A12|0|1|W|0
C101|0|1|W|0
C102|0|1|W|0
C103|0|1|W|0
C104|0|1|W|0
C105|0|1|W|0
C106|0|1|W|0
C107|0|1|W|0
C108|0|1|W|0
C109|0|1|W|0
C110|0|1|W|0
C111|0|1|W|0
C112|0|1|W|0
C201|0|1|W|0
C202|0|1|W|0
C203|0|1|W|0
C204|0|1|W|0
C205|0|1|W|0
C206|0|1|W|0
C207|0|1|W|0
C208|0|1|W|0
C209|0|1|W|0
C210|0|1|W|0
C211|0|1|W|0
C212|0|1|W|0
LEDGER_HEAD=fe5e16d9f31bacc3735d607cf07bd485621f6fe5b3185c1b33419bf2cdea000a
N=36
INSTALLS=0
FALSE_INSTALLS=0
CONFLICTS=0
