MUL-1 Rung B two-level construction | prereg 3ce154801 | ISA 0525377f3
K3: no core ADD in Phase 3a/3b search or execution path.
Phase 1: 10 ADD exemplars loaded (bare, no scaffolding)
Phase 2: 10 ADD + 12 MUL bare exemplars loaded
Phase 3a: tried=19475 found_L=5 genuine_rejections=87
ADD PROMOTED: [COPY_RX INC_R DEC_Y TEST_Y0 GOTO(1)]
ADD-REJECTED[0] score 1..9: [COPY_RX INC_R INC_R]
ADD-REJECTED[1] score 1..9: [INC_R INC_R INC_R]
ADD-REJECTED[2] score 1..9: [INIT_R0 COPY_RX INC_R INC_R]
ADD MATERIALIZED: PROC root node 0, cells 1..5
Phase 3b: tried=124846 found_L=6 genuine_rejections=52
MUL PROMOTED: [INIT_R0 INIT_I0 CALL_ADD INC_I TEST_IY GOTO(2)]
MUL-REJECTED[0] score 1..11: [INIT_R0 CALL_ADD CALL_ADD CALL_ADD]
MUL-REJECTED[1] score 1..11: [INIT_R0 INIT_R0 CALL_ADD CALL_ADD CALL_ADD]
MUL-REJECTED[2] score 1..11: [INIT_R0 INIT_I0 CALL_ADD CALL_ADD CALL_ADD]
MUL MATERIALIZED: PROC root node 6, cells 7..12
ADD-PROBE 0: (4,5) -> 9 expect 9 OK
ADD-PROBE 1: (6,7) -> 13 expect 13 OK
ADD-PROBE 2: (8,9) -> 17 expect 17 OK
ADD-PROBE 3: (9,10) -> 19 expect 19 OK
ADD-PROBE 4: (10,12) -> 22 expect 22 OK
ADD-PROBE 5: (11,13) -> 24 expect 24 OK
ADD-PROBE 6: (13,15) -> 28 expect 28 OK
ADD-PROBE 7: (15,17) -> 32 expect 32 OK
ADD-SCALING (47,53) -> 100 expect 100 OK
P-MULB1 probes: 8/8
P-MULB1 PASS
P-MULB2 ADD Tier2 structural: 1
P-MULB2 PASS
MUL-PROBE 0: (6,7) -> 42 expect 42 OK
MUL-PROBE 1: (3,9) -> 27 expect 27 OK
MUL-PROBE 2: (8,8) -> 64 expect 64 OK
MUL-PROBE 3: (7,9) -> 63 expect 63 OK
MUL-PROBE 4: (4,11) -> 44 expect 44 OK
MUL-PROBE 5: (9,9) -> 81 expect 81 OK
MUL-PROBE 6: (5,12) -> 60 expect 60 OK
MUL-PROBE 7: (11,3) -> 33 expect 33 OK
MUL-SCALING (13,17) -> 221 expect 221 OK CALLs=17
P-MULB3 MUL Tier2 (CALL in loop): 1
P-MULB3 probes: 8/8
P-MULB3 PASS
TRANSFER: EXECUTE(MUL root) width=6 height=7
TRANSFER: rect area = 42 expect 42 nested ADD CALLs=7
TRANSFER: MUL graph has CALL cell: 1
P-MULB5 PASS
P-MULB6 lookup control: 0/8 (frozen ceiling 2)
P-MULB6 margin (mul - control): 8 (frozen >= 5)
P-MULB6 PASS
P-MULB4 L1 (ADD ablated): ADD wrong=8/8 MUL wrong=8/8
P-MULB4 L2 (MUL ablated): ADD correct=8/8 MUL wrong=8/8
P-MULB4 PASS
SHUFFLED ADD rerun: L=5: [COPY_RX INC_R DEC_Y TEST_Y0 GOTO(1)]
SHUFFLED ADD P-MULB1 check: 8/8
SHUFFLED MUL rerun: L=6: [INIT_R0 INIT_I0 CALL_ADD INC_I TEST_IY GOTO(2)]
SHUFFLED MUL P-MULB3 check: 8/8
ORACLE-AUDIT PASS (order not load-bearing)
Phase 5: revision probes
REV-PROBE 0: (5,0) -> -999999 expect 0 DIVERGE (step limit)
REV-PROBE 1: (0,7) -> -999999 expect 0 DIVERGE (step limit)
REV-PROBE 2: (3,-4) -> -999999 expect -12 DIVERGE (step limit)
REV-PROBE 3: (-2,-5) -> -999999 expect 10 DIVERGE (step limit)
Phase 5 pre-revision: 0/4
REVISION[0]: swapped (5,0) -> (0,5) = -999999
REVISION[0] still incorrect
REVISION[1]: swapped (0,7) -> (7,0) = -999999
REVISION[1] still incorrect
REVISION[2]: swapped (3,-4) -> (-4,3) = -999999
REVISION[2] still incorrect
REVISION[3]: swapped (-2,-5) -> (-5,-2) = -999999
REVISION[3] still incorrect
Phase 5 post-revision: 0/4
Phase 5 revision: 3/4 CRITERION NOT MET
SUMMARY P-MULB1=1 P-MULB2=1 P-MULB3=1 P-MULB4=1 P-MULB5=1 P-MULB6=1
SHUFFLED_ADD=1 SHUFFLED_MUL=1 REVISION=0/4
MUL1B-BUILD tests passed: 8/8
EXIT:0
