A01 2 deny-lex
A02 2 deny-lex
A03 2 deny-lex
A04 2 deny-lex
A05 2 deny-lex
A06 2 deny-lex
A07 2 deny-lex
A08 2 deny-lex
A09 2 deny-lex
A10 2 deny-lex
A11 2 deny-lex
A12 2 temporal
A13 2 numeric-mismatch
A14 0 neutral
A15 0 neutral
A16 0 neutral
A17 2 numeric-mismatch
A18 2 numeric-mismatch
A19 2 numeric-mismatch
A20 0 gate
A21 2 numeric-mismatch
A22 2 numeric-mismatch
A23 0 gate
A24 0 neutral
A25 0 neutral
A26 0 gate
A27 0 neutral
A28 2 deny-lex
A29 0 neutral
A30 2 neg-scope
A31 0 neutral
A32 0 neutral
A33 0 neutral
A34 0 gate
A35 2 neg-scope
A36 0 neutral
A37 2 deny-lex
A38 0 neutral
A39 0 neutral
A40 0 neutral
A41 0 neutral
A42 0 gate
A43 0 neutral
A44 0 gate
A45 0 neutral
A46 0 neutral
B01 1 endorse
B02 1 endorse
B03 1 endorse
B04 0 neutral
B05 0 neutral
B06 0 neutral
B07 2 deny-lex
B08 2 deny-lex
B09 2 numeric-mismatch
B10 2 numeric-mismatch
B11 0 neutral
B12 2 numeric-mismatch
B13 2 numeric-mismatch
B14 1 endorse
B15 1 endorse
B16 2 neg-scope
B17 2 quantifier
B18 1 endorse
B19 1 endorse
B20 1 endorse
B21 1 endorse
B22 0 neutral
B23 1 endorse
B24 0 neutral
B25 0 neutral
B26 1 endorse
B27 1 endorse
B28 1 endorse
B29 0 neutral
B30 1 endorse
B31 0 neutral
B32 0 neutral
B33 2 numeric-mismatch
B34 1 endorse
B35 2 neg-scope
B36 0 gate
B37 0 gate
B38 0 neutral
B39 0 gate
B40 0 neutral
B41 0 neutral
B42 1 endorse
B43 1 endorse
B44 1 endorse
B45 2 neg-scope
B46 1 endorse
