CAU-B01 1 endorse
CAU-B02 1 endorse
CAU-B03 1 endorse
CAU-B04 1 endorse
CAU-B05 1 endorse
CAU-B06 1 endorse
CAU-B07 1 endorse
CAU-B08 1 endorse
CAU-C01 1 endorse
CAU-C02 2 neg-scope
CAU-C03 1 endorse
CAU-C04 2 neg-scope
CAU-L01 1 endorse
CAU-L02 2 neg-scope
CAU-L03 1 endorse
CAU-L04 2 neg-scope
CAU-D01 1 endorse
CAU-D02 2 neg-scope
CAU-D03 1 endorse
CAU-D04 1 endorse
CAU-R01 1 endorse
CAU-R02 1 endorse
CAU-R03 1 endorse
CAU-R04 2 neg-scope
CAU-T01 1 endorse
CAU-T02 2 deny-lex
CAU-T03 1 endorse
CAU-T04 1 endorse
CAU-M01 1 endorse
CAU-M02 1 endorse
CAU-M03 1 endorse
CAU-M04 1 endorse
CAU-H01 1 endorse
CAU-H02 1 endorse
CAU-H03 1 endorse
CAU-P01 1 endorse
CAU-P02 1 endorse
CAU-P03 2 deny-lex
CAU-P04 1 endorse
CAU-K01 0 neutral
CAU-K02 0 neutral
CAU-K03 0 neutral
CAU-K04 0 neutral
CAU-N01 2 antonym
CAU-N02 0 gate
CAU-N03 2 neg-scope
CAU-N04 2 neg-scope
CAU-N05 2 antonym
CAU-X01 1 endorse
CAU-X02 1 endorse
CAU-X03 2 antonym
