mechanism=aesthetic-judge-v1
representation=a
judgment=GOOD
score=830
confidence=575
best_ref=apple2
defects=HIERARCHY_FLAT
n_defects=1
defect_sev_TYPOGRAPHY_INCONSISTENT=0
defect_sev_CONTRAST_POOR=0
defect_sev_SPACING_IRREGULAR=0
defect_sev_MARGIN_CROWDED=0
defect_sev_DENSITY_CLUTTER=0
defect_sev_HIERARCHY_FLAT=1000
defect_sev_COLOR_UNRESTRAINED=0
defect_sev_ALIGNMENT_WEAK=0
m_bg_lum=248
m_ink_lum=59
m_contrast=3739
m_ink_total=50
m_bands=7
m_gap_cv=879
m_margin_ink=0
m_guides=0
m_align_conc=0
m_type_modes=3
m_hues=1
m_hero_ratio=406
m_rows=800
m_satcov=8
sense_colordisc_best=DIFFERENT
sense_shapetrans=TRIANGLE
ops=3072000

