CHECK,empty,0,0
DIGEST,empty,6e6510cdd24ea4c805fd88d0d73b83664d0a524956829d62db98f76ade70939c
CHECK,known_answer,0,1
CHECK,digest_tail,211,211
CHECK,abc,0,0
DIGEST,abc,65b601aea99cfc1ce208d1d4f038575cb1f0768ba9ff2048385aee7c49b642dd
CHECK,known_answer,0,1
CHECK,digest_tail,211,211
CHECK,long56,0,0
DIGEST,long56,9f99c45adf77a018e1468d98ed6f04bcc82039e1c5415203b0471276b0bd5244
CHECK,known_answer,0,1
CHECK,digest_tail,211,211
CHECK,zero55,0,0
DIGEST,zero55,56157a0b83759b4cbee40957b547679a4573988f6f7e2a652bc1cf9621b45a72
CHECK,known_answer,0,1
CHECK,digest_tail,211,211
CHECK,zero56,0,0
DIGEST,zero56,0dbfa743a5f06e435b3fa7f6ac6cf40226d3652f20b0b60dd4a54590f244ffcd
CHECK,known_answer,0,1
CHECK,digest_tail,211,211
CHECK,zero63,0,0
DIGEST,zero63,a262f10f622167349e7a7fec0c29f7fd8e484f0cc46952629e1224e38e404bb1
CHECK,known_answer,0,1
CHECK,digest_tail,211,211
CHECK,zero64,0,0
DIGEST,zero64,fa2066055822f7620ac5b424a68b252cc29c6083751a1a85cc5ff821832300fc
CHECK,known_answer,0,1
CHECK,digest_tail,211,211
CHECK,zero65,0,0
DIGEST,zero65,b9d75b6f4f7c21bc534abb34dd7ecb106440be2d80024e8cfb3afbd697977179
CHECK,known_answer,0,1
CHECK,digest_tail,211,211
CHECK,zero128,0,0
DIGEST,zero128,dfc96b44fa4f7d90f3a605142bd6256426c06cc956afb8a26238171f482facec
CHECK,known_answer,0,1
CHECK,digest_tail,211,211
CHECK,million_a,0,0
DIGEST,million_a,94e205b456b1df8480dbbbfe78abb02582ce262f62821079b0833e48691005f6
CHECK,known_answer,0,1
CHECK,digest_tail,211,211
CHECK,capacity_refusal,-7403,-7403
CHECK,rejection_unchanged,0,0
CHECK,overlap_status,0,0
CHECK,overlap_identity,0,1
CHECK,overlap_tail,211,211
FAILURES,11
