V91_INTENDED,0,a=lena,o=folder,kind=motive,bad=getting wet,known_active_groups=4,unknown_active_groups=2
V91_INTENDED,1,a=ana,o=glass,kind=motive,bad=making noise,known_active_groups=4,unknown_active_groups=2
V91_INTENDED,2,a=omar,o=folder,kind=belief,l=desk,known_active_groups=4,unknown_active_groups=2
V91_INTENDED,3,a=lena,o=book,kind=location,l=cabinet,known_active_groups=4,unknown_active_groups=2
V91_INTENDED,4,a=ravi,o=cup,kind=promise,l=shelf,known_active_groups=4,unknown_active_groups=2
V91_INTENDED,5,a=ana,o=cup,kind=motive,bad=falling,known_active_groups=4,unknown_active_groups=2
V91_INTENDED,6,a=mira,o=notebook,kind=belief,l=desk,known_active_groups=4,unknown_active_groups=2
V91_INTENDED,7,a=ravi,o=notebook,kind=motive,bad=falling,known_active_groups=4,unknown_active_groups=2
V91_INTENDED,8,a=ana,o=report,kind=belief,l=table,known_active_groups=4,unknown_active_groups=2
V91_INTENDED,9,a=mira,o=notebook,kind=location,l=cabinet,known_active_groups=4,unknown_active_groups=2
V91_INTENDED,10,a=omar,o=phone,kind=promise,l=drawer,known_active_groups=4,unknown_active_groups=2
V91_INTENDED,11,a=lena,o=cup,kind=belief,l=room,known_active_groups=4,unknown_active_groups=2
V91_INTENDED,12,a=nora,o=glass,kind=belief,l=desk,known_active_groups=4,unknown_active_groups=2
V91_INTENDED,13,a=sam,o=book,kind=belief,l=room,known_active_groups=4,unknown_active_groups=2
V91_INTENDED,14,a=jon,o=folder,kind=belief,l=bag,known_active_groups=4,unknown_active_groups=2
V91_INTENDED,15,a=nora,o=glass,kind=belief,l=desk,known_active_groups=4,unknown_active_groups=2
V91_DATASET_COUNTS,train=1800,test=72,total=1872
V91_CONDITION_DIM,42
V91_CONDITION_GROUPS,name8,object8,location8,motive6,action8,kind4
V91_CONDITION_CONSTRAINTS,known_per_example=4,unknown_per_example=2
V91_UNKNOWN_FOR_MOTIVE,location,action
V91_UNKNOWN_FOR_OTHER_KINDS,motive,action
V91_INTENDED_FAILURES,0
