arm64: unknown identifier: new
arm64: unknown struct field: (
arm64: unknown identifier: new
arm64: unknown function: u64
arm64: unknown identifier: new
arm64: unknown function: u8
arm64: unknown identifier: new
arm64: unknown function: u8
arm64: unknown identifier: new
arm64: unknown function: u64
arm64: unknown identifier: new
arm64: unknown function: u64
arm64: unknown identifier: new
arm64: unknown function: u64
arm64: unknown identifier: new
arm64: unknown function: V91Row
arm64: unknown identifier: new
arm64: unknown function: i32
arm64: unknown identifier: new
arm64: unknown function: i32
arm64: unknown identifier: new
arm64: unknown function: i32
