znc: warning: zagd unavailable; foreground compilation continues without background planning
warning[L0012]: string buffer leak — `_zag_i64_to_str` result is passed unbound to `_zag_println`, which does not free it
  --> /Users/Shared/micah/Documents/TNN/TNN/Research/R34_NATIVE_QUALIFICATION_STAGE_20260916/r34_memory_lifecycle_v1_tests.zag:5
   = note: in function `main`: the inner allocation is never bound to a `let`, so it can never reach _zag_str_free
   = hint: bind the inner call to a `let` and free it (or use a leak-free helper like s3/append_ff), or pass it to a releasing call
znc: analyzer found 1 issue(s) (warnings above; use --analyze-strict to fail the build, --no-analyze to silence)
znc: error in r34m1_finite (line 26): native: float literal magnitude out of supported range
znc: error in r34m1_finite (line 26): native: float literal magnitude out of supported range
znc: error in main (line 5): native: let initializer type mismatch
znc: error in main (line 5): native: let initializer type mismatch
znc: warning: zagd unavailable; foreground compilation continues without background planning
warning[L0012]: string buffer leak — `_zag_i64_to_str` result is passed unbound to `_zag_println`, which does not free it
  --> /Users/Shared/micah/Documents/TNN/TNN/Research/R34_NATIVE_QUALIFICATION_STAGE_20260916/r34_memory_lifecycle_v1_tests.zag:5
   = note: in function `main`: the inner allocation is never bound to a `let`, so it can never reach _zag_str_free
   = hint: bind the inner call to a `let` and free it (or use a leak-free helper like s3/append_ff), or pass it to a releasing call
znc: analyzer found 1 issue(s) (warnings above; use --analyze-strict to fail the build, --no-analyze to silence)
znc: error in r34m1_finite (line 26): native: float literal magnitude out of supported range
znc: error in r34m1_finite (line 26): native: float literal magnitude out of supported range
znc: error in main (line 5): native: let initializer type mismatch
znc: error in main (line 5): native: let initializer type mismatch
