KB 38 ENT 27
D R2-INT
T R2-INT 1 PASS
A Andy Weir wrote The Martian.
T R2-INT 2 PASS
A Andy Weir was born in 1972.
NOVEL=1 T R2-INT 3 PASS
A no.
NOVEL=1 T R2-INT 4 PASS
A charles darwin was born first.
NOVEL=1 T R2-INT 5 PASS
A the eiffel tower is taller.
NOVEL=1 T R2-INT 6 PASS
A 120
NOVEL=1 T R2-INT 7 PASS
A the eiffel tower was built first.
T R2-INT 8 PASS
A I don't know.
T R2-INT 9 PASS
A I don't know.
T R2-INT 10 PASS
A Herman Melville was born in 1819.
T R2-INT 11 PASS
A Yes. Herman Melville was born in 1819, not 1818. I was taught that.
T R2-INT 12 PASS
A no.
T R2-INT 13 PASS
A I don't know.
NOVEL=1 T R2-INT 14 PASS
A I don't know any jokes.
NOVEL=1 T R2-INT 15 PASS
A You asked: who wrote the martian?
T R2-INT 16 PASS
A I was taught that Andy Weir wrote The Martian.
T R2-INT 17 PASS
A I don't know.
NOVEL=1 T R2-INT 18 PASS
A I can't forget.
SECTION FOLLOWUP 0/0
SECTION CORRECTION 0/0
SECTION REFERENT 0/0
SECTION WEIRD 0/0
SECTION WEIRD_CLEAN 0/0
SECTION TOPIC 18/18
SECTION CONTRADICT 0/0
SECTION COMPOSE 0/0
DIGEST 86af56299b5fdf08ab0ef5b4ba1050f24047e3882d33e47ca490386798e00d15
