[08:43:14] START m1-1x-prose
[08:44:56] END m1-1x-prose exit=0
[08:44:56] START m1-1x-code
[08:49:03] END m1-1x-code exit=0
[08:49:03] START m2-t1-prose
[08:49:17] END m2-t1-prose exit=0
[08:49:17] START m2-t1-code
[08:49:51] END m2-t1-code exit=0
[08:49:51] START m2-t2-prose
[08:51:50] END m2-t2-prose exit=0
[08:51:50] START m2-t2-code
[08:51:55] END m2-t2-code exit=0
[08:51:55] START m2-t3-1x
[08:52:20] END m2-t3-1x exit=0
[08:52:20] START m3-1x
[08:53:33] END m3-1x exit=0
[08:53:33] START m4-1x-prose
[08:54:50] END m4-1x-prose exit=0
[08:54:50] START m4-1x-code
[08:57:43] END m4-1x-code exit=0
[08:57:43] START m5-1x
[08:58:28] END m5-1x exit=0
[08:58:28] START m6-p2c-1x
[09:02:04] END m6-p2c-1x exit=0
[09:02:04] START m6-c2p-1x
[09:04:03] END m6-c2p-1x exit=0
[09:04:03] START m7-1x
[09:09:55] END m7-1x exit=0
[09:09:56] BATTERY (non-M8) DONE
