AC_CFG,mode=pathT
AC_ITEMFIELDS,id=17,set=F,key=201,ncand=2,nrel=3,ckind=0,cp1=0,cp2=0,cp3=0,cp4=0,c0=100,c1=200,c2=0,r0k=0,r0p1=0,r0p2=200,r0p3=0,r1k=0,r1p1=2,r1p2=150,r1p3=0,r2k=0,r2p1=1,r2p2=250,r2p3=0,r3k=0,r3p1=0,r3p2=0,r3p3=0,r4k=0,r4p1=0,r4p2=0,r4p3=0
AC_ITEM,id=17,set=F,verdict=NEW,vcand=1,ops=7,consult=0
AC_ITEMFIELDS,id=18,set=F,key=202,ncand=2,nrel=3,ckind=0,cp1=0,cp2=0,cp3=0,cp4=0,c0=110,c1=210,c2=0,r0k=0,r0p1=0,r0p2=210,r0p3=0,r1k=0,r1p1=2,r1p2=160,r1p3=0,r2k=0,r2p1=1,r2p2=260,r2p3=0,r3k=0,r3p1=0,r3p2=0,r3p3=0,r4k=0,r4p1=0,r4p2=0,r4p3=0
AC_ITEM,id=18,set=F,verdict=NEW,vcand=1,ops=7,consult=0
AC_ITEMFIELDS,id=19,set=F,key=203,ncand=2,nrel=3,ckind=0,cp1=0,cp2=0,cp3=0,cp4=0,c0=120,c1=220,c2=0,r0k=0,r0p1=0,r0p2=220,r0p3=0,r1k=0,r1p1=2,r1p2=170,r1p3=0,r2k=0,r2p1=1,r2p2=270,r2p3=0,r3k=0,r3p1=0,r3p2=0,r3p3=0,r4k=0,r4p1=0,r4p2=0,r4p3=0
AC_ITEM,id=19,set=F,verdict=NEW,vcand=1,ops=7,consult=0
AC_ITEMFIELDS,id=20,set=F,key=204,ncand=2,nrel=3,ckind=0,cp1=0,cp2=0,cp3=0,cp4=0,c0=130,c1=230,c2=0,r0k=0,r0p1=0,r0p2=230,r0p3=0,r1k=0,r1p1=2,r1p2=180,r1p3=0,r2k=0,r2p1=1,r2p2=280,r2p3=0,r3k=0,r3p1=0,r3p2=0,r3p3=0,r4k=0,r4p1=0,r4p2=0,r4p3=0
AC_ITEM,id=20,set=F,verdict=NEW,vcand=1,ops=7,consult=0
AC_ITEMFIELDS,id=21,set=F,key=205,ncand=2,nrel=3,ckind=0,cp1=0,cp2=0,cp3=0,cp4=0,c0=140,c1=240,c2=0,r0k=0,r0p1=0,r0p2=240,r0p3=0,r1k=0,r1p1=2,r1p2=190,r1p3=0,r2k=0,r2p1=1,r2p2=290,r2p3=0,r3k=0,r3p1=0,r3p2=0,r3p3=0,r4k=0,r4p1=0,r4p2=0,r4p3=0
AC_ITEM,id=21,set=F,verdict=NEW,vcand=1,ops=7,consult=0
AC_ITEMFIELDS,id=22,set=F,key=206,ncand=2,nrel=3,ckind=0,cp1=0,cp2=0,cp3=0,cp4=0,c0=150,c1=250,c2=0,r0k=0,r0p1=0,r0p2=250,r0p3=0,r1k=0,r1p1=2,r1p2=200,r1p3=0,r2k=0,r2p1=1,r2p2=300,r2p3=0,r3k=0,r3p1=0,r3p2=0,r3p3=0,r4k=0,r4p1=0,r4p2=0,r4p3=0
AC_ITEM,id=22,set=F,verdict=NEW,vcand=1,ops=7,consult=0
AC_ITEMFIELDS,id=23,set=F,key=207,ncand=2,nrel=3,ckind=0,cp1=0,cp2=0,cp3=0,cp4=0,c0=200,c1=100,c2=0,r0k=0,r0p1=0,r0p2=200,r0p3=0,r1k=0,r1p1=2,r1p2=150,r1p3=0,r2k=0,r2p1=1,r2p2=250,r2p3=0,r3k=0,r3p1=0,r3p2=0,r3p3=0,r4k=0,r4p1=0,r4p2=0,r4p3=0
AC_ITEM,id=23,set=F,verdict=OLD,vcand=0,ops=7,consult=0
AC_ITEMFIELDS,id=24,set=F,key=208,ncand=2,nrel=3,ckind=0,cp1=0,cp2=0,cp3=0,cp4=0,c0=210,c1=110,c2=0,r0k=0,r0p1=0,r0p2=210,r0p3=0,r1k=0,r1p1=2,r1p2=160,r1p3=0,r2k=0,r2p1=1,r2p2=260,r2p3=0,r3k=0,r3p1=0,r3p2=0,r3p3=0,r4k=0,r4p1=0,r4p2=0,r4p3=0
AC_ITEM,id=24,set=F,verdict=OLD,vcand=0,ops=7,consult=0
AC_ITEMFIELDS,id=25,set=F,key=209,ncand=2,nrel=3,ckind=0,cp1=0,cp2=0,cp3=0,cp4=0,c0=220,c1=120,c2=0,r0k=0,r0p1=0,r0p2=220,r0p3=0,r1k=0,r1p1=2,r1p2=170,r1p3=0,r2k=0,r2p1=1,r2p2=270,r2p3=0,r3k=0,r3p1=0,r3p2=0,r3p3=0,r4k=0,r4p1=0,r4p2=0,r4p3=0
AC_ITEM,id=25,set=F,verdict=OLD,vcand=0,ops=7,consult=0
AC_ITEMFIELDS,id=26,set=F,key=210,ncand=2,nrel=3,ckind=0,cp1=0,cp2=0,cp3=0,cp4=0,c0=230,c1=130,c2=0,r0k=0,r0p1=0,r0p2=230,r0p3=0,r1k=0,r1p1=2,r1p2=180,r1p3=0,r2k=0,r2p1=1,r2p2=280,r2p3=0,r3k=0,r3p1=0,r3p2=0,r3p3=0,r4k=0,r4p1=0,r4p2=0,r4p3=0
AC_ITEM,id=26,set=F,verdict=OLD,vcand=0,ops=7,consult=0
AC_ITEMFIELDS,id=27,set=F,key=211,ncand=2,nrel=3,ckind=0,cp1=0,cp2=0,cp3=0,cp4=0,c0=240,c1=140,c2=0,r0k=0,r0p1=0,r0p2=240,r0p3=0,r1k=0,r1p1=2,r1p2=190,r1p3=0,r2k=0,r2p1=1,r2p2=290,r2p3=0,r3k=0,r3p1=0,r3p2=0,r3p3=0,r4k=0,r4p1=0,r4p2=0,r4p3=0
AC_ITEM,id=27,set=F,verdict=OLD,vcand=0,ops=7,consult=0
AC_ITEMFIELDS,id=28,set=F,key=212,ncand=2,nrel=3,ckind=0,cp1=0,cp2=0,cp3=0,cp4=0,c0=250,c1=150,c2=0,r0k=0,r0p1=0,r0p2=250,r0p3=0,r1k=0,r1p1=2,r1p2=200,r1p3=0,r2k=0,r2p1=1,r2p2=300,r2p3=0,r3k=0,r3p1=0,r3p2=0,r3p3=0,r4k=0,r4p1=0,r4p2=0,r4p3=0
AC_ITEM,id=28,set=F,verdict=OLD,vcand=0,ops=7,consult=0
AC_ITEMFIELDS,id=29,set=F,key=213,ncand=2,nrel=3,ckind=1,cp1=0,cp2=200,cp3=0,cp4=0,c0=100,c1=200,c2=0,r0k=0,r0p1=0,r0p2=100,r0p3=0,r1k=0,r1p1=1,r1p2=150,r1p3=0,r2k=0,r2p1=2,r2p2=150,r2p3=0,r3k=0,r3p1=0,r3p2=0,r3p3=0,r4k=0,r4p1=0,r4p2=0,r4p3=0
AC_ITEM,id=29,set=F,verdict=NEW,vcand=1,ops=23,consult=1
AC_ITEMFIELDS,id=30,set=F,key=214,ncand=2,nrel=3,ckind=1,cp1=0,cp2=210,cp3=0,cp4=0,c0=110,c1=210,c2=0,r0k=0,r0p1=0,r0p2=110,r0p3=0,r1k=0,r1p1=1,r1p2=160,r1p3=0,r2k=0,r2p1=2,r2p2=160,r2p3=0,r3k=0,r3p1=0,r3p2=0,r3p3=0,r4k=0,r4p1=0,r4p2=0,r4p3=0
AC_ITEM,id=30,set=F,verdict=NEW,vcand=1,ops=23,consult=1
AC_ITEMFIELDS,id=31,set=F,key=215,ncand=2,nrel=3,ckind=1,cp1=0,cp2=200,cp3=0,cp4=0,c0=200,c1=100,c2=0,r0k=0,r0p1=0,r0p2=100,r0p3=0,r1k=0,r1p1=1,r1p2=150,r1p3=0,r2k=0,r2p1=2,r2p2=150,r2p3=0,r3k=0,r3p1=0,r3p2=0,r3p3=0,r4k=0,r4p1=0,r4p2=0,r4p3=0
AC_ITEM,id=31,set=F,verdict=OLD,vcand=0,ops=23,consult=1
AC_ITEMFIELDS,id=32,set=F,key=216,ncand=2,nrel=3,ckind=1,cp1=0,cp2=210,cp3=0,cp4=0,c0=210,c1=110,c2=0,r0k=0,r0p1=0,r0p2=110,r0p3=0,r1k=0,r1p1=1,r1p2=160,r1p3=0,r2k=0,r2p1=2,r2p2=160,r2p3=0,r3k=0,r3p1=0,r3p2=0,r3p3=0,r4k=0,r4p1=0,r4p2=0,r4p3=0
AC_ITEM,id=32,set=F,verdict=OLD,vcand=0,ops=23,consult=1
AC_ITEMFIELDS,id=33,set=F,key=217,ncand=2,nrel=3,ckind=0,cp1=0,cp2=0,cp3=0,cp4=0,c0=100,c1=200,c2=0,r0k=0,r0p1=1,r0p2=150,r0p3=0,r1k=0,r1p1=2,r1p2=150,r1p3=0,r2k=0,r2p1=0,r2p2=999,r2p3=0,r3k=0,r3p1=0,r3p2=0,r3p3=0,r4k=0,r4p1=0,r4p2=0,r4p3=0
AC_ITEM,id=33,set=F,verdict=WITHHOLD,vcand=-1,ops=23,consult=1
AC_ITEMFIELDS,id=34,set=F,key=218,ncand=2,nrel=3,ckind=0,cp1=0,cp2=0,cp3=0,cp4=0,c0=110,c1=210,c2=0,r0k=0,r0p1=1,r0p2=160,r0p3=0,r1k=0,r1p1=2,r1p2=160,r1p3=0,r2k=0,r2p1=0,r2p2=999,r2p3=0,r3k=0,r3p1=0,r3p2=0,r3p3=0,r4k=0,r4p1=0,r4p2=0,r4p3=0
AC_ITEM,id=34,set=F,verdict=WITHHOLD,vcand=-1,ops=23,consult=1
AC_ITEMFIELDS,id=35,set=F,key=219,ncand=2,nrel=3,ckind=0,cp1=0,cp2=0,cp3=0,cp4=0,c0=120,c1=220,c2=0,r0k=0,r0p1=1,r0p2=170,r0p3=0,r1k=0,r1p1=2,r1p2=170,r1p3=0,r2k=0,r2p1=0,r2p2=999,r2p3=0,r3k=0,r3p1=0,r3p2=0,r3p3=0,r4k=0,r4p1=0,r4p2=0,r4p3=0
AC_ITEM,id=35,set=F,verdict=WITHHOLD,vcand=-1,ops=23,consult=1
AC_ITEMFIELDS,id=36,set=F,key=220,ncand=2,nrel=3,ckind=0,cp1=0,cp2=0,cp3=0,cp4=0,c0=130,c1=230,c2=0,r0k=0,r0p1=1,r0p2=180,r0p3=0,r1k=0,r1p1=2,r1p2=180,r1p3=0,r2k=0,r2p1=0,r2p2=999,r2p3=0,r3k=0,r3p1=0,r3p2=0,r3p3=0,r4k=0,r4p1=0,r4p2=0,r4p3=0
AC_ITEM,id=36,set=F,verdict=WITHHOLD,vcand=-1,ops=23,consult=1
AC_ITEMFIELDS,id=37,set=F,key=221,ncand=2,nrel=3,ckind=0,cp1=0,cp2=0,cp3=0,cp4=0,c0=140,c1=240,c2=0,r0k=0,r0p1=1,r0p2=190,r0p3=0,r1k=0,r1p1=2,r1p2=190,r1p3=0,r2k=0,r2p1=0,r2p2=999,r2p3=0,r3k=0,r3p1=0,r3p2=0,r3p3=0,r4k=0,r4p1=0,r4p2=0,r4p3=0
AC_ITEM,id=37,set=F,verdict=WITHHOLD,vcand=-1,ops=23,consult=1
AC_ITEMFIELDS,id=38,set=F,key=222,ncand=2,nrel=3,ckind=0,cp1=0,cp2=0,cp3=0,cp4=0,c0=150,c1=250,c2=0,r0k=0,r0p1=1,r0p2=200,r0p3=0,r1k=0,r1p1=2,r1p2=200,r1p3=0,r2k=0,r2p1=0,r2p2=999,r2p3=0,r3k=0,r3p1=0,r3p2=0,r3p3=0,r4k=0,r4p1=0,r4p2=0,r4p3=0
AC_ITEM,id=38,set=F,verdict=WITHHOLD,vcand=-1,ops=23,consult=1
AC_ITEMFIELDS,id=39,set=F,key=223,ncand=2,nrel=3,ckind=0,cp1=0,cp2=0,cp3=0,cp4=0,c0=160,c1=260,c2=0,r0k=0,r0p1=1,r0p2=210,r0p3=0,r1k=0,r1p1=2,r1p2=210,r1p3=0,r2k=0,r2p1=0,r2p2=999,r2p3=0,r3k=0,r3p1=0,r3p2=0,r3p3=0,r4k=0,r4p1=0,r4p2=0,r4p3=0
AC_ITEM,id=39,set=F,verdict=WITHHOLD,vcand=-1,ops=23,consult=1
AC_ITEMFIELDS,id=40,set=F,key=224,ncand=2,nrel=3,ckind=0,cp1=0,cp2=0,cp3=0,cp4=0,c0=170,c1=270,c2=0,r0k=0,r0p1=1,r0p2=220,r0p3=0,r1k=0,r1p1=2,r1p2=220,r1p3=0,r2k=0,r2p1=0,r2p2=999,r2p3=0,r3k=0,r3p1=0,r3p2=0,r3p3=0,r4k=0,r4p1=0,r4p2=0,r4p3=0
AC_ITEM,id=40,set=F,verdict=WITHHOLD,vcand=-1,ops=23,consult=1
AC_ITEMFIELDS,id=41,set=N,key=301,ncand=2,nrel=3,ckind=0,cp1=0,cp2=0,cp3=0,cp4=0,c0=100,c1=200,c2=0,r0k=1,r0p1=180,r0p2=220,r0p3=0,r1k=1,r1p1=150,r1p2=250,r1p3=0,r2k=1,r2p1=190,r2p2=210,r2p3=0,r3k=0,r3p1=0,r3p2=0,r3p3=0,r4k=0,r4p1=0,r4p2=0,r4p3=0
AC_ITEM,id=41,set=N,verdict=NEW,vcand=1,ops=7,consult=0
AC_ITEMFIELDS,id=42,set=N,key=302,ncand=2,nrel=3,ckind=0,cp1=0,cp2=0,cp3=0,cp4=0,c0=200,c1=100,c2=0,r0k=1,r0p1=180,r0p2=220,r0p3=0,r1k=1,r1p1=150,r1p2=250,r1p3=0,r2k=1,r2p1=190,r2p2=210,r2p3=0,r3k=0,r3p1=0,r3p2=0,r3p3=0,r4k=0,r4p1=0,r4p2=0,r4p3=0
AC_ITEM,id=42,set=N,verdict=OLD,vcand=0,ops=7,consult=0
AC_ITEMFIELDS,id=43,set=N,key=303,ncand=2,nrel=3,ckind=1,cp1=1,cp2=190,cp3=210,cp4=0,c0=100,c1=200,c2=0,r0k=1,r0p1=90,r0p2=110,r0p3=0,r1k=1,r1p1=95,r1p2=105,r1p3=0,r2k=1,r2p1=180,r2p2=220,r2p3=0,r3k=0,r3p1=0,r3p2=0,r3p3=0,r4k=0,r4p1=0,r4p2=0,r4p3=0
AC_ITEM,id=43,set=N,verdict=NEW,vcand=1,ops=23,consult=1
AC_ITEMFIELDS,id=44,set=N,key=304,ncand=2,nrel=3,ckind=0,cp1=0,cp2=0,cp3=0,cp4=0,c0=100,c1=200,c2=0,r0k=1,r0p1=300,r0p2=400,r0p3=0,r1k=1,r1p1=150,r1p2=250,r1p3=0,r2k=1,r2p1=500,r2p2=600,r2p3=0,r3k=0,r3p1=0,r3p2=0,r3p3=0,r4k=0,r4p1=0,r4p2=0,r4p3=0
AC_ITEM,id=44,set=N,verdict=WITHHOLD,vcand=-1,ops=23,consult=1
AC_ITEMFIELDS,id=45,set=N,key=305,ncand=2,nrel=3,ckind=0,cp1=0,cp2=0,cp3=0,cp4=0,c0=100,c1=200,c2=0,r0k=2,r0p1=0,r0p2=200,r0p3=0,r1k=2,r1p1=2,r1p2=150,r1p3=0,r2k=2,r2p1=1,r2p2=250,r2p3=0,r3k=0,r3p1=0,r3p2=0,r3p3=0,r4k=0,r4p1=0,r4p2=0,r4p3=0
AC_ITEM,id=45,set=N,verdict=NEW,vcand=1,ops=7,consult=0
AC_ITEMFIELDS,id=46,set=N,key=306,ncand=2,nrel=3,ckind=0,cp1=0,cp2=0,cp3=0,cp4=0,c0=200,c1=100,c2=0,r0k=2,r0p1=0,r0p2=200,r0p3=0,r1k=2,r1p1=2,r1p2=150,r1p3=0,r2k=2,r2p1=1,r2p2=250,r2p3=0,r3k=0,r3p1=0,r3p2=0,r3p3=0,r4k=0,r4p1=0,r4p2=0,r4p3=0
AC_ITEM,id=46,set=N,verdict=OLD,vcand=0,ops=7,consult=0
AC_ITEMFIELDS,id=47,set=N,key=307,ncand=2,nrel=3,ckind=1,cp1=0,cp2=200,cp3=0,cp4=0,c0=100,c1=200,c2=0,r0k=2,r0p1=0,r0p2=100,r0p3=0,r1k=2,r1p1=1,r1p2=150,r1p3=0,r2k=2,r2p1=2,r2p2=150,r2p3=0,r3k=0,r3p1=0,r3p2=0,r3p3=0,r4k=0,r4p1=0,r4p2=0,r4p3=0
AC_ITEM,id=47,set=N,verdict=NEW,vcand=1,ops=23,consult=1
AC_ITEMFIELDS,id=48,set=N,key=308,ncand=2,nrel=3,ckind=0,cp1=0,cp2=0,cp3=0,cp4=0,c0=100,c1=200,c2=0,r0k=2,r0p1=0,r0p2=999,r0p3=0,r1k=2,r1p1=1,r1p2=150,r1p3=0,r2k=2,r2p1=2,r2p2=150,r2p3=0,r3k=0,r3p1=0,r3p2=0,r3p3=0,r4k=0,r4p1=0,r4p2=0,r4p3=0
AC_ITEM,id=48,set=N,verdict=WITHHOLD,vcand=-1,ops=23,consult=1
AC_ITEMFIELDS,id=49,set=N,key=309,ncand=3,nrel=3,ckind=0,cp1=0,cp2=0,cp3=0,cp4=0,c0=100,c1=150,c2=200,r0k=0,r0p1=0,r0p2=200,r0p3=0,r1k=0,r1p1=2,r1p2=150,r1p3=0,r2k=0,r2p1=1,r2p2=250,r2p3=0,r3k=0,r3p1=0,r3p2=0,r3p3=0,r4k=0,r4p1=0,r4p2=0,r4p3=0
AC_ITEM,id=49,set=N,verdict=NEW,vcand=2,ops=10,consult=0
AC_ITEMFIELDS,id=50,set=N,key=310,ncand=3,nrel=3,ckind=0,cp1=0,cp2=0,cp3=0,cp4=0,c0=100,c1=150,c2=200,r0k=0,r0p1=0,r0p2=100,r0p3=0,r1k=0,r1p1=2,r1p2=50,r1p3=0,r2k=0,r2p1=1,r2p2=120,r2p3=0,r3k=0,r3p1=0,r3p2=0,r3p3=0,r4k=0,r4p1=0,r4p2=0,r4p3=0
AC_ITEM,id=50,set=N,verdict=OLD,vcand=0,ops=10,consult=0
AC_ITEMFIELDS,id=51,set=N,key=311,ncand=3,nrel=3,ckind=1,cp1=0,cp2=200,cp3=0,cp4=0,c0=100,c1=150,c2=200,r0k=0,r0p1=0,r0p2=150,r0p3=0,r1k=0,r1p1=1,r1p2=140,r1p3=0,r2k=0,r2p1=2,r2p2=160,r2p3=0,r3k=0,r3p1=0,r3p2=0,r3p3=0,r4k=0,r4p1=0,r4p2=0,r4p3=0
AC_ITEM,id=51,set=N,verdict=NEW,vcand=2,ops=29,consult=1
AC_ITEMFIELDS,id=52,set=N,key=312,ncand=3,nrel=3,ckind=0,cp1=0,cp2=0,cp3=0,cp4=0,c0=100,c1=150,c2=200,r0k=0,r0p1=0,r0p2=999,r0p3=0,r1k=0,r1p1=1,r1p2=140,r1p3=0,r2k=0,r2p1=2,r2p2=160,r2p3=0,r3k=0,r3p1=0,r3p2=0,r3p3=0,r4k=0,r4p1=0,r4p2=0,r4p3=0
AC_ITEM,id=52,set=N,verdict=WITHHOLD,vcand=-1,ops=29,consult=1
AC_ITEMFIELDS,id=53,set=N,key=313,ncand=2,nrel=2,ckind=2,cp1=2,cp2=0,cp3=200,cp4=0,c0=100,c1=200,c2=0,r0k=1,r0p1=90,r0p2=110,r0p3=0,r1k=1,r1p1=150,r1p2=250,r1p3=0,r2k=0,r2p1=0,r2p2=0,r2p3=0,r3k=0,r3p1=0,r3p2=0,r3p3=0,r4k=0,r4p1=0,r4p2=0,r4p3=0
AC_ITEM,id=53,set=N,verdict=NEW,vcand=1,ops=21,consult=1
AC_ITEMFIELDS,id=54,set=N,key=314,ncand=2,nrel=2,ckind=2,cp1=2,cp2=0,cp3=200,cp4=0,c0=200,c1=100,c2=0,r0k=1,r0p1=90,r0p2=110,r0p3=0,r1k=1,r1p1=150,r1p2=250,r1p3=0,r2k=0,r2p1=0,r2p2=0,r2p3=0,r3k=0,r3p1=0,r3p2=0,r3p3=0,r4k=0,r4p1=0,r4p2=0,r4p3=0
AC_ITEM,id=54,set=N,verdict=OLD,vcand=0,ops=21,consult=1
AC_ITEMFIELDS,id=55,set=N,key=315,ncand=2,nrel=2,ckind=2,cp1=1,cp2=180,cp3=220,cp4=0,c0=100,c1=200,c2=0,r0k=0,r0p1=1,r0p2=150,r0p3=0,r1k=0,r1p1=2,r1p2=150,r1p3=0,r2k=0,r2p1=0,r2p2=0,r2p3=0,r3k=0,r3p1=0,r3p2=0,r3p3=0,r4k=0,r4p1=0,r4p2=0,r4p3=0
AC_ITEM,id=55,set=N,verdict=NEW,vcand=1,ops=21,consult=1
AC_ITEMFIELDS,id=56,set=N,key=316,ncand=2,nrel=2,ckind=2,cp1=0,cp2=0,cp3=999,cp4=0,c0=100,c1=200,c2=0,r0k=0,r0p1=1,r0p2=150,r0p3=0,r1k=0,r1p1=2,r1p2=150,r1p3=0,r2k=0,r2p1=0,r2p2=0,r2p3=0,r3k=0,r3p1=0,r3p2=0,r3p3=0,r4k=0,r4p1=0,r4p2=0,r4p3=0
AC_ITEM,id=56,set=N,verdict=WITHHOLD,vcand=-1,ops=21,consult=1
AC_BATT,id=RECALL,metric=10000
AC_BATT,id=COST,metric=200
AC_DONE
