AC_CFG,mode=teacher
AC_ITEMFIELDS,id=1,set=T,key=101,ncand=2,nrel=3,ckind=0,cp1=0,cp2=0,cp3=0,cp4=0,c0=100,c1=200,c2=0,r0k=0,r0p1=0,r0p2=200,r0p3=0,r1k=0,r1p1=2,r1p2=150,r1p3=0,r2k=0,r2p1=1,r2p2=250,r2p3=0,r3k=0,r3p1=0,r3p2=0,r3p3=0,r4k=0,r4p1=0,r4p2=0,r4p3=0
AC_TEACH,id=1,verdict=NEW,vcand=1,consult=0
AC_ITEMFIELDS,id=2,set=T,key=102,ncand=2,nrel=3,ckind=0,cp1=0,cp2=0,cp3=0,cp4=0,c0=200,c1=100,c2=0,r0k=0,r0p1=0,r0p2=200,r0p3=0,r1k=0,r1p1=2,r1p2=150,r1p3=0,r2k=0,r2p1=1,r2p2=250,r2p3=0,r3k=0,r3p1=0,r3p2=0,r3p3=0,r4k=0,r4p1=0,r4p2=0,r4p3=0
AC_TEACH,id=2,verdict=OLD,vcand=0,consult=0
AC_ITEMFIELDS,id=3,set=T,key=103,ncand=2,nrel=3,ckind=0,cp1=0,cp2=0,cp3=0,cp4=0,c0=150,c1=250,c2=0,r0k=0,r0p1=0,r0p2=250,r0p3=0,r1k=0,r1p1=2,r1p2=200,r1p3=0,r2k=0,r2p1=1,r2p2=300,r2p3=0,r3k=0,r3p1=0,r3p2=0,r3p3=0,r4k=0,r4p1=0,r4p2=0,r4p3=0
AC_TEACH,id=3,verdict=NEW,vcand=1,consult=0
AC_ITEMFIELDS,id=4,set=T,key=104,ncand=2,nrel=3,ckind=1,cp1=0,cp2=300,cp3=0,cp4=0,c0=300,c1=120,c2=0,r0k=0,r0p1=0,r0p2=300,r0p3=0,r1k=0,r1p1=2,r1p2=250,r1p3=0,r2k=0,r2p1=1,r2p2=350,r2p3=0,r3k=0,r3p1=0,r3p2=0,r3p3=0,r4k=0,r4p1=0,r4p2=0,r4p3=0
AC_TEACH,id=4,verdict=OLD,vcand=0,consult=0
AC_ITEMFIELDS,id=5,set=T,key=105,ncand=2,nrel=3,ckind=0,cp1=0,cp2=0,cp3=0,cp4=0,c0=200,c1=100,c2=0,r0k=0,r0p1=0,r0p2=200,r0p3=0,r1k=0,r1p1=2,r1p2=150,r1p3=0,r2k=0,r2p1=1,r2p2=250,r2p3=0,r3k=0,r3p1=0,r3p2=0,r3p3=0,r4k=0,r4p1=0,r4p2=0,r4p3=0
AC_TEACH,id=5,verdict=OLD,vcand=0,consult=0
AC_ITEMFIELDS,id=6,set=T,key=106,ncand=2,nrel=3,ckind=0,cp1=0,cp2=0,cp3=0,cp4=0,c0=100,c1=200,c2=0,r0k=0,r0p1=0,r0p2=999,r0p3=0,r1k=0,r1p1=1,r1p2=150,r1p3=0,r2k=0,r2p1=2,r2p2=150,r2p3=0,r3k=0,r3p1=0,r3p2=0,r3p3=0,r4k=0,r4p1=0,r4p2=0,r4p3=0
AC_TEACH,id=6,verdict=WITHHOLD,vcand=-1,consult=1
AC_ITEMFIELDS,id=7,set=T,key=107,ncand=2,nrel=3,ckind=0,cp1=0,cp2=0,cp3=0,cp4=0,c0=180,c1=190,c2=0,r0k=0,r0p1=0,r0p2=180,r0p3=0,r1k=0,r1p1=2,r1p2=170,r1p3=0,r2k=0,r2p1=1,r2p2=185,r2p3=0,r3k=0,r3p1=0,r3p2=0,r3p3=0,r4k=0,r4p1=0,r4p2=0,r4p3=0
AC_TEACH,id=7,verdict=OLD,vcand=0,consult=0
AC_ITEMFIELDS,id=8,set=T,key=108,ncand=2,nrel=3,ckind=0,cp1=0,cp2=0,cp3=0,cp4=0,c0=110,c1=220,c2=0,r0k=0,r0p1=0,r0p2=110,r0p3=0,r1k=0,r1p1=2,r1p2=100,r1p3=0,r2k=0,r2p1=1,r2p2=120,r2p3=0,r3k=0,r3p1=0,r3p2=0,r3p3=0,r4k=0,r4p1=0,r4p2=0,r4p3=0
AC_TEACH,id=8,verdict=OLD,vcand=0,consult=0
AC_ITEMFIELDS,id=9,set=T,key=109,ncand=3,nrel=3,ckind=0,cp1=0,cp2=0,cp3=0,cp4=0,c0=100,c1=150,c2=200,r0k=0,r0p1=0,r0p2=200,r0p3=0,r1k=0,r1p1=2,r1p2=150,r1p3=0,r2k=0,r2p1=1,r2p2=250,r2p3=0,r3k=0,r3p1=0,r3p2=0,r3p3=0,r4k=0,r4p1=0,r4p2=0,r4p3=0
AC_TEACH,id=9,verdict=NEW,vcand=2,consult=0
AC_ITEMFIELDS,id=10,set=T,key=110,ncand=2,nrel=2,ckind=0,cp1=0,cp2=0,cp3=0,cp4=0,c0=100,c1=200,c2=0,r0k=0,r0p1=0,r0p2=200,r0p3=0,r1k=0,r1p1=2,r1p2=150,r1p3=0,r2k=0,r2p1=0,r2p2=0,r2p3=0,r3k=0,r3p1=0,r3p2=0,r3p3=0,r4k=0,r4p1=0,r4p2=0,r4p3=0
AC_TEACH,id=10,verdict=NEW,vcand=1,consult=0
AC_ITEMFIELDS,id=11,set=T,key=111,ncand=2,nrel=4,ckind=0,cp1=0,cp2=0,cp3=0,cp4=0,c0=200,c1=100,c2=0,r0k=0,r0p1=0,r0p2=200,r0p3=0,r1k=0,r1p1=2,r1p2=150,r1p3=0,r2k=0,r2p1=1,r2p2=250,r2p3=0,r3k=0,r3p1=2,r3p2=100,r3p3=0,r4k=0,r4p1=0,r4p2=0,r4p3=0
AC_TEACH,id=11,verdict=OLD,vcand=0,consult=0
AC_ITEMFIELDS,id=12,set=T,key=112,ncand=2,nrel=2,ckind=2,cp1=0,cp2=0,cp3=200,cp4=0,c0=100,c1=200,c2=0,r0k=0,r0p1=1,r0p2=150,r0p3=0,r1k=0,r1p1=2,r1p2=150,r1p3=0,r2k=0,r2p1=0,r2p2=0,r2p3=0,r3k=0,r3p1=0,r3p2=0,r3p3=0,r4k=0,r4p1=0,r4p2=0,r4p3=0
AC_TEACH,id=12,verdict=NEW,vcand=1,consult=1
AC_ITEMFIELDS,id=13,set=T,key=113,ncand=2,nrel=3,ckind=1,cp1=0,cp2=200,cp3=0,cp4=0,c0=100,c1=200,c2=0,r0k=0,r0p1=0,r0p2=100,r0p3=0,r1k=0,r1p1=1,r1p2=150,r1p3=0,r2k=0,r2p1=2,r2p2=150,r2p3=0,r3k=0,r3p1=0,r3p2=0,r3p3=0,r4k=0,r4p1=0,r4p2=0,r4p3=0
AC_TEACH,id=13,verdict=NEW,vcand=1,consult=1
AC_ITEMFIELDS,id=14,set=T,key=114,ncand=2,nrel=3,ckind=1,cp1=0,cp2=200,cp3=0,cp4=0,c0=200,c1=100,c2=0,r0k=0,r0p1=0,r0p2=100,r0p3=0,r1k=0,r1p1=1,r1p2=150,r1p3=0,r2k=0,r2p1=2,r2p2=150,r2p3=0,r3k=0,r3p1=0,r3p2=0,r3p3=0,r4k=0,r4p1=0,r4p2=0,r4p3=0
AC_TEACH,id=14,verdict=OLD,vcand=0,consult=1
AC_ITEMFIELDS,id=15,set=T,key=115,ncand=2,nrel=3,ckind=0,cp1=0,cp2=0,cp3=0,cp4=0,c0=100,c1=200,c2=0,r0k=0,r0p1=0,r0p2=200,r0p3=0,r1k=0,r1p1=2,r1p2=150,r1p3=0,r2k=0,r2p1=1,r2p2=250,r2p3=0,r3k=0,r3p1=0,r3p2=0,r3p3=0,r4k=0,r4p1=0,r4p2=0,r4p3=0
AC_TEACH,id=15,verdict=NEW,vcand=1,consult=0
AC_ITEMFIELDS,id=16,set=T,key=116,ncand=2,nrel=3,ckind=0,cp1=0,cp2=0,cp3=0,cp4=0,c0=100,c1=200,c2=0,r0k=0,r0p1=0,r0p2=999,r0p3=0,r1k=0,r1p1=1,r1p2=150,r1p3=0,r2k=0,r2p1=2,r2p2=150,r2p3=0,r3k=0,r3p1=0,r3p2=0,r3p3=0,r4k=0,r4p1=0,r4p2=0,r4p3=0
AC_TEACH,id=16,verdict=WITHHOLD,vcand=-1,consult=1
AC_BATT,id=RECALL,metric=10000
AC_BATT,id=COST,metric=200
AC_DONE
