CHECK,create,0,0
CHECK,recover,0,0
CHECK,append,0,0
CHECK,published_count,1,1
CHECK,live_event_count,1,1
CHECK,api_refusal,-8106,-8106
CHECK,refusal_all_state_unchanged,1,1
CHECK,refusal_event_input_unchanged,1,1
CHECK,refusal_all_causal_unchanged,1,1
CHECK,refusal_causal_input_unchanged,1,1
CHECK,refusal_head_unchanged,1,1
CHECK,refusal_no_attempt,1,1
CHECK,api_refusal,-8107,-8107
CHECK,refusal_all_state_unchanged,1,1
CHECK,refusal_event_input_unchanged,1,1
CHECK,refusal_all_causal_unchanged,1,1
CHECK,refusal_causal_input_unchanged,1,1
CHECK,refusal_head_unchanged,1,1
CHECK,refusal_no_attempt,1,1
CHECK,api_refusal,-8104,-8104
CHECK,refusal_all_state_unchanged,1,1
CHECK,refusal_event_input_unchanged,1,1
CHECK,refusal_all_causal_unchanged,1,1
CHECK,refusal_causal_input_unchanged,1,1
CHECK,refusal_head_unchanged,1,1
CHECK,refusal_no_attempt,1,1
CHECK,api_refusal,-8102,-8102
CHECK,refusal_all_state_unchanged,1,1
CHECK,refusal_event_input_unchanged,1,1
CHECK,refusal_all_causal_unchanged,1,1
CHECK,refusal_causal_input_unchanged,1,1
CHECK,refusal_head_unchanged,1,1
CHECK,refusal_no_attempt,1,1
CHECK,api_refusal,-8102,-8102
CHECK,refusal_all_state_unchanged,1,1
CHECK,refusal_event_input_unchanged,1,1
CHECK,refusal_all_causal_unchanged,1,1
CHECK,refusal_causal_input_unchanged,1,1
CHECK,refusal_head_unchanged,1,1
CHECK,refusal_no_attempt,1,1
CHECK,api_refusal,-8110,-8110
CHECK,refusal_all_state_unchanged,1,1
CHECK,refusal_event_input_unchanged,1,1
CHECK,refusal_all_causal_unchanged,1,1
CHECK,refusal_causal_input_unchanged,1,1
CHECK,refusal_head_unchanged,1,1
CHECK,refusal_no_attempt,1,1
CHECK,api_refusal,-8110,-8110
CHECK,refusal_all_state_unchanged,1,1
CHECK,refusal_event_input_unchanged,1,1
CHECK,refusal_all_causal_unchanged,1,1
CHECK,refusal_causal_input_unchanged,1,1
CHECK,refusal_head_unchanged,1,1
CHECK,refusal_no_attempt,1,1
CHECK,api_refusal,-8110,-8110
CHECK,refusal_all_state_unchanged,1,1
CHECK,refusal_event_input_unchanged,1,1
CHECK,refusal_all_causal_unchanged,1,1
CHECK,refusal_causal_input_unchanged,1,1
CHECK,refusal_head_unchanged,1,1
CHECK,refusal_no_attempt,1,1
CHECK,competing_writer_rejected,-8109,-8109
CHECK,rejected_writer_empty,0,0
CHECK,signed_encode,0,0
CHECK,signed_decode,0,0
CHECK,signed_exact,1,1
CHECK,min_sign_byte,128,128
CHECK,minus_one_byte,255,255
CHECK,max_sign_byte,127,127
CHECK,different_root_identity,-8101,-8101
CHECK,different_identity_no_state,0,0
N05B_CHILD_COUNTS,71,0
N05B_CHILD_PASS
