real 14.04
user 13.73
sys 0.18
             7749632  maximum resident set size
                   0  average shared memory size
                   0  average unshared data size
                   0  average unshared stack size
                 638  page reclaims
                   0  page faults
                   0  swaps
                   0  block input operations
                   0  block output operations
                   0  messages sent
                   0  messages received
                   0  signals received
                   0  voluntary context switches
               17145  involuntary context switches
        157822504253  instructions retired
         58986190692  cycles elapsed
             7291216  peak memory footprint
