znc: warning: zagd unavailable; foreground compilation continues without background planning
warning[E0101]: adding 0 has no effect
  --> badv.zag:91
   = note: in function `src_rel`: this addition always returns the other operand unchanged
   = hint: remove the `+ 0`
warning[E0101]: adding 0 has no effect
  --> badv.zag:100
   = note: in function `disc_for`: this addition always returns the other operand unchanged
   = hint: remove the `+ 0`
warning[E0101]: adding 0 has no effect
  --> badv.zag:100
   = note: in function `disc_for`: this addition always returns the other operand unchanged
   = hint: remove the `+ 0`
warning[E0101]: adding 0 has no effect
  --> badv.zag:100
   = note: in function `disc_for`: this addition always returns the other operand unchanged
   = hint: remove the `+ 0`
warning[E0101]: adding 0 has no effect
  --> badv.zag:131
   = note: in function `copy_disc`: this addition always returns the other operand unchanged
   = hint: remove the `+ 0`
warning[E0101]: adding 0 has no effect
  --> badv.zag:143
   = note: in function `copy_push`: this addition always returns the other operand unchanged
   = hint: remove the `+ 0`
warning[E0101]: adding 0 has no effect
  --> badv.zag:152
   = note: in function `ev_record`: this addition always returns the other operand unchanged
   = hint: remove the `+ 0`
warning[E0101]: adding 0 has no effect
  --> badv.zag:167
   = note: in function `ev_calibrate`: this addition always returns the other operand unchanged
   = hint: remove the `+ 0`
warning[E0101]: adding 0 has no effect
  --> badv.zag:167
   = note: in function `ev_calibrate`: this addition always returns the other operand unchanged
   = hint: remove the `+ 0`
warning[A0102]: ignored return value of `ev_record` — result is discarded
  --> badv.zag:167
   = note: in function `ev_calibrate`: this function returns a non-void value that is discarded
   = hint: bind the result to a `let` and use it, or add `// znc:allow A0102` to suppress
warning[E0101]: adding 0 has no effect
  --> badv.zag:220
   = note: in function `ev_verify`: this addition always returns the other operand unchanged
   = hint: remove the `+ 0`
warning[E0101]: adding 0 has no effect
  --> badv.zag:220
   = note: in function `ev_verify`: this addition always returns the other operand unchanged
   = hint: remove the `+ 0`
warning[E0101]: adding 0 has no effect
  --> badv.zag:220
   = note: in function `ev_verify`: this addition always returns the other operand unchanged
   = hint: remove the `+ 0`
warning[E0101]: adding 0 has no effect
  --> badv.zag:250
   = note: in function `print_reliabilities`: this addition always returns the other operand unchanged
   = hint: remove the `+ 0`
warning[B0108]: negated comparison `!(==)` — use `!=` instead
  --> badv.zag:271
   = note: in function `main`: the negated form is clearer and avoids a precedence trap
   = hint: replace with `!=`
warning[B0108]: negated comparison `!(==)` — use `!=` instead
  --> badv.zag:271
   = note: in function `main`: the negated form is clearer and avoids a precedence trap
   = hint: replace with `!=`
warning[B0108]: negated comparison `!(==)` — use `!=` instead
  --> badv.zag:271
   = note: in function `main`: the negated form is clearer and avoids a precedence trap
   = hint: replace with `!=`
warning[B0108]: negated comparison `!(==)` — use `!=` instead
  --> badv.zag:271
   = note: in function `main`: the negated form is clearer and avoids a precedence trap
   = hint: replace with `!=`
warning[B0108]: negated comparison `!(==)` — use `!=` instead
  --> badv.zag:271
   = note: in function `main`: the negated form is clearer and avoids a precedence trap
   = hint: replace with `!=`
warning[B0108]: negated comparison `!(==)` — use `!=` instead
  --> badv.zag:271
   = note: in function `main`: the negated form is clearer and avoids a precedence trap
   = hint: replace with `!=`
warning[B0108]: negated comparison `!(==)` — use `!=` instead
  --> badv.zag:271
   = note: in function `main`: the negated form is clearer and avoids a precedence trap
   = hint: replace with `!=`
warning[B0108]: negated comparison `!(==)` — use `!=` instead
  --> badv.zag:271
   = note: in function `main`: the negated form is clearer and avoids a precedence trap
   = hint: replace with `!=`
warning[A0102]: ignored return value of `ev_observe` — result is discarded
  --> badv.zag:271
   = note: in function `main`: this function returns a non-void value that is discarded
   = hint: bind the result to a `let` and use it, or add `// znc:allow A0102` to suppress
warning[A0102]: ignored return value of `ev_observe` — result is discarded
  --> badv.zag:271
   = note: in function `main`: this function returns a non-void value that is discarded
   = hint: bind the result to a `let` and use it, or add `// znc:allow A0102` to suppress
warning[A0102]: ignored return value of `ev_observe` — result is discarded
  --> badv.zag:271
   = note: in function `main`: this function returns a non-void value that is discarded
   = hint: bind the result to a `let` and use it, or add `// znc:allow A0102` to suppress
warning[A0102]: ignored return value of `ev_observe` — result is discarded
  --> badv.zag:271
   = note: in function `main`: this function returns a non-void value that is discarded
   = hint: bind the result to a `let` and use it, or add `// znc:allow A0102` to suppress
warning[A0102]: ignored return value of `ev_observe` — result is discarded
  --> badv.zag:271
   = note: in function `main`: this function returns a non-void value that is discarded
   = hint: bind the result to a `let` and use it, or add `// znc:allow A0102` to suppress
warning[A0102]: ignored return value of `ev_observe` — result is discarded
  --> badv.zag:271
   = note: in function `main`: this function returns a non-void value that is discarded
   = hint: bind the result to a `let` and use it, or add `// znc:allow A0102` to suppress
warning[A0102]: ignored return value of `ev_observe` — result is discarded
  --> badv.zag:271
   = note: in function `main`: this function returns a non-void value that is discarded
   = hint: bind the result to a `let` and use it, or add `// znc:allow A0102` to suppress
warning[A0102]: ignored return value of `ev_observe` — result is discarded
  --> badv.zag:271
   = note: in function `main`: this function returns a non-void value that is discarded
   = hint: bind the result to a `let` and use it, or add `// znc:allow A0102` to suppress
warning[A0102]: ignored return value of `ev_observe` — result is discarded
  --> badv.zag:271
   = note: in function `main`: this function returns a non-void value that is discarded
   = hint: bind the result to a `let` and use it, or add `// znc:allow A0102` to suppress
warning[A0102]: ignored return value of `ev_observe` — result is discarded
  --> badv.zag:271
   = note: in function `main`: this function returns a non-void value that is discarded
   = hint: bind the result to a `let` and use it, or add `// znc:allow A0102` to suppress
warning[A0102]: ignored return value of `ev_observe` — result is discarded
  --> badv.zag:271
   = note: in function `main`: this function returns a non-void value that is discarded
   = hint: bind the result to a `let` and use it, or add `// znc:allow A0102` to suppress
warning[A0102]: ignored return value of `ev_observe` — result is discarded
  --> badv.zag:271
   = note: in function `main`: this function returns a non-void value that is discarded
   = hint: bind the result to a `let` and use it, or add `// znc:allow A0102` to suppress
warning[A0102]: ignored return value of `ev_observe` — result is discarded
  --> badv.zag:271
   = note: in function `main`: this function returns a non-void value that is discarded
   = hint: bind the result to a `let` and use it, or add `// znc:allow A0102` to suppress
warning[A0102]: ignored return value of `ev_observe` — result is discarded
  --> badv.zag:271
   = note: in function `main`: this function returns a non-void value that is discarded
   = hint: bind the result to a `let` and use it, or add `// znc:allow A0102` to suppress
warning[A0102]: ignored return value of `ev_observe` — result is discarded
  --> badv.zag:271
   = note: in function `main`: this function returns a non-void value that is discarded
   = hint: bind the result to a `let` and use it, or add `// znc:allow A0102` to suppress
warning[A0102]: ignored return value of `ev_observe` — result is discarded
  --> badv.zag:271
   = note: in function `main`: this function returns a non-void value that is discarded
   = hint: bind the result to a `let` and use it, or add `// znc:allow A0102` to suppress
warning[A0102]: ignored return value of `ev_observe` — result is discarded
  --> badv.zag:271
   = note: in function `main`: this function returns a non-void value that is discarded
   = hint: bind the result to a `let` and use it, or add `// znc:allow A0102` to suppress
warning[A0102]: ignored return value of `ev_observe` — result is discarded
  --> badv.zag:271
   = note: in function `main`: this function returns a non-void value that is discarded
   = hint: bind the result to a `let` and use it, or add `// znc:allow A0102` to suppress
warning[A0102]: ignored return value of `ev_observe` — result is discarded
  --> badv.zag:271
   = note: in function `main`: this function returns a non-void value that is discarded
   = hint: bind the result to a `let` and use it, or add `// znc:allow A0102` to suppress
warning[A0102]: ignored return value of `ev_observe` — result is discarded
  --> badv.zag:271
   = note: in function `main`: this function returns a non-void value that is discarded
   = hint: bind the result to a `let` and use it, or add `// znc:allow A0102` to suppress
warning[A0102]: ignored return value of `ev_observe` — result is discarded
  --> badv.zag:271
   = note: in function `main`: this function returns a non-void value that is discarded
   = hint: bind the result to a `let` and use it, or add `// znc:allow A0102` to suppress
znc: analyzer found 43 issue(s) (warnings above; use --analyze-strict to fail the build, --no-analyze to silence)
znc: wrote native binary badv_bin (38807 bytes main, 0 external tools)
