BIND,Z,rep,11,scale,1,start
DOMAIN_HASH,Z,7cd0baf80a62acc338e1c9bdec5b33c0e3427af18d78b98b7cbda153a3f92ee8
CL_CHECK,overflow,0,0
RESULT,Z,11,1,d1,40,40
RESULT,Z,11,1,d2,39,39
RESULT,Z,11,1,d3,120,120
RESULT,Z,11,1,rev_false,0,12
RESULT,Z,11,1,rev_genuine,20,20
RESULT,Z,11,1,explanted,0,0
RESULT,Z,11,1,stayed,0,0
RESULT,Z,11,1,r2,40,40
RESULT,Z,11,1,r3,40,40
RESULT,Z,11,1,e90,0,1
RESULT,Z,11,1,hallu,0,20
RESULT,Z,11,1,k1,1,1
RESULT,Z,11,1,k2,1,1
RESULT,Z,11,1,k3,1,1
RESULT,Z,11,1,refusal,1,1
RESULT,Z,11,1,esc,12,1
RESULT,Z,11,1,disconn,0,1
RESULT,Z,11,1,ops,307,1
RESULT,Z,11,1,eps,68,1
DIGEST,Z,11,1,dbd8f4602686421f93d1f674c4ce18aa31a6aee11c34be2e4bd32ff85a638f8b
BIND,Z,done
