EP 0 x0=0 x1=0 pred=0 true=0 err=0
EP 1 x0=3 x1=3 pred=0 true=12 err=12
EP 2 x0=2 x1=4 pred=0 true=12 err=12
TRIGGER 2 winfail=2 win=3 buf=3
CONSTRUCT 2 0 NODE id=0 op=ADD p1=0 p2=9 p3=9 err_before=24 err_after=10
CONSTRUCT 2 1 NODE id=1 op=ADD p1=0 p2=0 p3=9 err_before=10 err_after=3
CONSTRUCT 2 2 NODE id=2 op=ADD p1=0 p2=0 p3=8 err_before=3 err_after=2
STALL 2 nodes=4 buf_err=2
EP 3 x0=1 x1=2 pred=7 true=6 err=1
EP 4 x0=3 x1=3 pred=12 true=12 err=0
EP 5 x0=2 x1=1 pred=5 true=6 err=1
TRIGGER 5 winfail=2 win=3 buf=6
STALL 5 nodes=4 buf_err=4
EP 6 x0=2 x1=2 pred=8 true=8 err=0
EP 7 x0=3 x1=2 pred=9 true=10 err=1
EP 8 x0=3 x1=4 pred=15 true=14 err=1
TRIGGER 8 winfail=2 win=3 buf=8
STALL 8 nodes=4 buf_err=6
EP 9 x0=4 x1=2 pred=10 true=12 err=2
EP 10 x0=3 x1=1 pred=6 true=8 err=2
TRIGGER 10 winfail=2 win=2 buf=8
STALL 10 nodes=4 buf_err=8
EP 11 x0=4 x1=3 pred=13 true=14 err=1
EP 12 x0=3 x1=1 pred=6 true=8 err=2
TRIGGER 12 winfail=2 win=2 buf=8
STALL 12 nodes=4 buf_err=10
EP 13 x0=3 x1=4 pred=15 true=14 err=1
EP 14 x0=0 x1=3 pred=9 true=6 err=3
TRIGGER 14 winfail=2 win=2 buf=8
STALL 14 nodes=4 buf_err=13
EP 15 x0=1 x1=0 pred=1 true=2 err=1
EP 16 x0=0 x1=4 pred=12 true=8 err=4
TRIGGER 16 winfail=2 win=2 buf=8
STALL 16 nodes=4 buf_err=16
EP 17 x0=2 x1=0 pred=2 true=4 err=2
EP 18 x0=0 x1=3 pred=9 true=6 err=3
TRIGGER 18 winfail=2 win=2 buf=8
STALL 18 nodes=4 buf_err=17
EP 19 x0=1 x1=1 pred=4 true=4 err=0
EP 20 x0=2 x1=0 pred=2 true=4 err=2
EP 21 x0=4 x1=1 pred=7 true=10 err=3
TRIGGER 21 winfail=2 win=3 buf=8
CONSTRUCT 21 0 NODE id=3 op=ADD p1=0 p2=0 p3=8 err_before=18 err_after=12
STALL 21 nodes=5 buf_err=12
EP 22 x0=2 x1=3 pred=13 true=10 err=3
EP 23 x0=0 x1=2 pred=6 true=4 err=2
TRIGGER 23 winfail=2 win=2 buf=8
STALL 23 nodes=5 buf_err=14
EXEC main 24
SUMMARY episodes=24 constructs=4 supersedes=0 stalls=10 main_nodes=5
