EP 0 x0=0 x1=0 pred=0 true=0 err=0
EP 1 x0=0 x1=1 pred=0 true=2 err=2
EP 2 x0=4 x1=2 pred=0 true=12 err=12
TRIGGER 2 winfail=2 win=3 buf=3
CONSTRUCT 2 0 NODE id=0 op=ADD p1=0 p2=8 p3=8 err_before=14 err_after=6
CONSTRUCT 2 1 NODE id=1 op=ADD p1=0 p2=0 p3=8 err_before=6 err_after=2
STALL 2 nodes=3 buf_err=2
EP 3 x0=2 x1=3 pred=6 true=10 err=4
EP 4 x0=4 x1=1 pred=12 true=10 err=2
TRIGGER 4 winfail=2 win=2 buf=5
CONSTRUCT 4 0 NODE id=2 op=ADD p1=0 p2=0 p3=9 err_before=8 err_after=7
STALL 4 nodes=4 buf_err=7
EP 5 x0=0 x1=1 pred=1 true=2 err=1
EP 6 x0=0 x1=0 pred=0 true=0 err=0
EP 7 x0=4 x1=4 pred=16 true=16 err=0
EP 8 x0=3 x1=2 pred=11 true=10 err=1
TRIGGER 8 winfail=2 win=4 buf=8
STALL 8 nodes=4 buf_err=9
EP 9 x0=3 x1=0 pred=9 true=6 err=3
EP 10 x0=2 x1=0 pred=6 true=4 err=2
TRIGGER 10 winfail=2 win=2 buf=8
STALL 10 nodes=4 buf_err=11
EP 11 x0=3 x1=0 pred=9 true=6 err=3
EP 12 x0=0 x1=4 pred=4 true=8 err=4
TRIGGER 12 winfail=2 win=2 buf=8
STALL 12 nodes=4 buf_err=14
EP 13 x0=0 x1=0 pred=0 true=0 err=0
EP 14 x0=1 x1=2 pred=5 true=6 err=1
EP 15 x0=2 x1=0 pred=6 true=4 err=2
TRIGGER 15 winfail=2 win=3 buf=8
CONSTRUCT 15 0 NODE id=3 op=ADD p1=0 p2=0 p3=9 err_before=16 err_after=14
STALL 15 nodes=5 buf_err=14
EP 16 x0=1 x1=4 pred=11 true=10 err=1
EP 17 x0=4 x1=3 pred=18 true=14 err=4
TRIGGER 17 winfail=2 win=2 buf=8
STALL 17 nodes=5 buf_err=13
EP 18 x0=3 x1=2 pred=13 true=10 err=3
EP 19 x0=3 x1=0 pred=9 true=6 err=3
TRIGGER 19 winfail=2 win=2 buf=8
STALL 19 nodes=5 buf_err=14
EP 20 x0=0 x1=0 pred=0 true=0 err=0
EP 21 x0=1 x1=1 pred=5 true=4 err=1
EP 22 x0=2 x1=1 pred=8 true=6 err=2
TRIGGER 22 winfail=2 win=3 buf=8
STALL 22 nodes=5 buf_err=16
EP 23 x0=2 x1=3 pred=12 true=10 err=2
EXEC main 24
SUMMARY episodes=24 constructs=4 supersedes=0 stalls=9 main_nodes=5
