L3A-TRACE-CLEAN battery
TRAIN t=0 score=7/7 len=3 prog=[IN0 DUP MUL]
RECORDED t=0 ep0steps=3
TRAIN t=1 score=7/7 len=5 prog=[IN0 DUP OVER ADD MUL]
RECORDED t=1 ep0steps=5
REIFIED name=0 len=2 arity=0 produced=2 credit=2 seg=[IN0:0 DUP:0]
SEGMENT-MATCH 0
STATE-DUMP nre=1 heaptop=16
ENTRY id=0 off=0 len=2 arity=0 produced=2
T-PERSIST skipped
T-REUSE score=2/7 len=7 prog=[TCALL:0 PUSH:1 ADD DUP OVER MUL MUL] hastcall=1
T-ABLATE score=2/7 len=7
T-SWAP skipped
BAR-A-INVENT 1
BAR-A-SEGMATCH 0
BAR-B-PERSIST 0
BAR-C-REUSE 0 t2len=7
BAR-D-ABLATE 1
BAR-E-SWAP 0
VERDICT L3A-TRACE-CLEAN-BUILD-FAIL
DONE
