L3A-TRACE-CLEAN battery
TRAIN t=0 score=7/7 len=5 prog=[IN0 PUSH:1 IN0 ADD MUL]
RECORDED t=0 ep0steps=5
TRAIN t=1 score=7/7 len=5 prog=[IN0 PUSH:2 IN0 ADD MUL]
RECORDED t=1 ep0steps=5
REIFIED name=0 len=3 arity=2 produced=1 credit=2 seg=[IN0:0 ADD:0 MUL:0]
SEGMENT-MATCH 0
STATE-DUMP nre=1 heaptop=24
ENTRY id=0 off=0 len=3 arity=2 produced=1
T-PERSIST skipped
T-REUSE score=2/7 len=5 prog=[IN0 IN0 IN0 TCALL:0 TCALL:0] hastcall=1
T-ABLATE score=2/7 len=5
T-SWAP skipped
BAR-A-INVENT 1
BAR-A-SEGMATCH 0
BAR-B-PERSIST 0
BAR-C-REUSE 0 t2len=5
BAR-D-ABLATE 1
BAR-E-SWAP 0
VERDICT L3A-TRACE-CLEAN-BUILD-FAIL
DONE
