EP 0 x0=3 x1=4 pred=0 true=14 err=14
EP 1 x0=2 x1=1 pred=0 true=6 err=6
TRIGGER 1 winfail=2 win=2 buf=2
CONSTRUCT 1 0 NODE id=0 op=ADD p1=0 p2=8 p3=8 err_before=20 err_after=10
CONSTRUCT 1 1 NODE id=1 op=ADD p1=0 p2=0 p3=0 err_before=10 err_after=4
STALL 1 nodes=3 buf_err=4
EP 2 x0=0 x1=4 pred=0 true=8 err=8
EP 3 x0=3 x1=1 pred=12 true=8 err=4
TRIGGER 3 winfail=2 win=2 buf=4
CONSTRUCT 3 0 NODE id=2 op=ADD p1=0 p2=0 p3=9 err_before=16 err_after=14
STALL 3 nodes=4 buf_err=14
EP 4 x0=0 x1=2 pred=2 true=4 err=2
EP 5 x0=0 x1=2 pred=2 true=4 err=2
TRIGGER 5 winfail=2 win=2 buf=6
CONSTRUCT 5 0 NODE id=3 op=ADD p1=0 p2=0 p3=9 err_before=18 err_after=16
STALL 5 nodes=5 buf_err=16
EP 6 x0=0 x1=0 pred=0 true=0 err=0
EP 7 x0=4 x1=4 pred=24 true=16 err=8
EP 8 x0=2 x1=1 pred=10 true=6 err=4
TRIGGER 8 winfail=2 win=3 buf=8
STALL 8 nodes=5 buf_err=22
EP 9 x0=2 x1=1 pred=10 true=6 err=4
EP 10 x0=2 x1=4 pred=16 true=12 err=4
TRIGGER 10 winfail=2 win=2 buf=8
STALL 10 nodes=5 buf_err=26
EP 11 x0=0 x1=4 pred=8 true=8 err=0
EP 12 x0=2 x1=4 pred=16 true=12 err=4
EP 13 x0=0 x1=4 pred=8 true=8 err=0
EP 14 x0=4 x1=0 pred=16 true=8 err=8
TRIGGER 14 winfail=2 win=4 buf=8
STALL 14 nodes=5 buf_err=32
EP 15 x0=4 x1=1 pred=18 true=10 err=8
EP 16 x0=3 x1=2 pred=16 true=10 err=6
TRIGGER 16 winfail=2 win=2 buf=8
STALL 16 nodes=5 buf_err=34
EP 17 x0=2 x1=1 pred=10 true=6 err=4
EP 18 x0=1 x1=0 pred=4 true=2 err=2
TRIGGER 18 winfail=2 win=2 buf=8
STALL 18 nodes=5 buf_err=32
EP 19 x0=0 x1=0 pred=0 true=0 err=0
EP 20 x0=0 x1=0 pred=0 true=0 err=0
EP 21 x0=1 x1=1 pred=6 true=4 err=2
EP 22 x0=0 x1=1 pred=2 true=2 err=0
EP 23 x0=3 x1=0 pred=12 true=6 err=6
TRIGGER 23 winfail=2 win=5 buf=8
CONSTRUCT 23 0 NODE id=4 op=ADD p1=0 p2=8 p3=8 err_before=20 err_after=10
CONSTRUCT 23 1 NODE id=5 op=ADD p1=0 p2=0 p3=9 err_before=10 err_after=5
CONSTRUCT 23 2 NODE id=6 op=ADD p1=0 p2=0 p3=9 err_before=5 err_after=0
EXEC main 24
SUMMARY episodes=24 constructs=7 supersedes=0 stalls=8 main_nodes=8
