PROSE-LEARN2 source=muse-native
INSTALL id=0 sent=0 entity=a relation=alphabet_position reln=2 attitude=asserted value=1 key=2:04cf6097 seq=0
INSTALL id=1 sent=0 entity=b relation=alphabet_position reln=2 attitude=asserted value=2 key=7:04cf6097 seq=1
INSTALL id=2 sent=0 entity=c relation=alphabet_position reln=2 attitude=asserted value=3 key=18:04cf6097 seq=2
INSTALL id=3 sent=0 entity=d relation=alphabet_position reln=2 attitude=asserted value=5 key=19:04cf6097 seq=3
INSTALL id=4 sent=0 entity=e relation=alphabet_position reln=2 attitude=asserted value=5 key=21:04cf6097 seq=4
INSTALL id=5 sent=0 entity=f relation=alphabet_position reln=2 attitude=asserted value=6 key=23:04cf6097 seq=5
INSTALL id=6 sent=0 entity=g relation=alphabet_position reln=2 attitude=asserted value=7 key=24:04cf6097 seq=6
INSTALL id=7 sent=0 entity=h relation=alphabet_position reln=2 attitude=asserted value=8 key=26:04cf6097 seq=7
INSTALL id=8 sent=0 entity=i relation=alphabet_position reln=2 attitude=asserted value=9 key=29:04cf6097 seq=8
INSTALL id=9 sent=0 entity=j relation=alphabet_position reln=2 attitude=asserted value=10 key=30:04cf6097 seq=9
INSTALL id=10 sent=0 entity=k relation=alphabet_position reln=2 attitude=asserted value=11 key=32:04cf6097 seq=10
INSTALL id=11 sent=0 entity=l relation=alphabet_position reln=2 attitude=asserted value=12 key=35:04cf6097 seq=11
INSTALL id=12 sent=0 entity=m relation=alphabet_position reln=2 attitude=asserted value=13 key=36:04cf6097 seq=12
INSTALL id=13 sent=0 entity=n relation=alphabet_position reln=2 attitude=asserted value=14 key=38:04cf6097 seq=13
INSTALL id=14 sent=0 entity=o relation=alphabet_position reln=2 attitude=asserted value=15 key=41:04cf6097 seq=14
INSTALL id=15 sent=0 entity=p relation=alphabet_position reln=2 attitude=asserted value=16 key=42:04cf6097 seq=15
INSTALL id=16 sent=0 entity=q relation=alphabet_position reln=2 attitude=asserted value=17 key=44:04cf6097 seq=16
INSTALL id=17 sent=0 entity=r relation=alphabet_position reln=2 attitude=asserted value=18 key=47:04cf6097 seq=17
INSTALL id=18 sent=0 entity=s relation=alphabet_position reln=2 attitude=asserted value=19 key=48:04cf6097 seq=18
INSTALL id=19 sent=0 entity=t relation=alphabet_position reln=2 attitude=asserted value=20 key=50:04cf6097 seq=19
INSTALL id=20 sent=0 entity=u relation=alphabet_position reln=2 attitude=asserted value=21 key=53:04cf6097 seq=20
INSTALL id=21 sent=0 entity=v relation=alphabet_position reln=2 attitude=asserted value=22 key=54:04cf6097 seq=21
INSTALL id=22 sent=0 entity=w relation=alphabet_position reln=2 attitude=asserted value=23 key=56:04cf6097 seq=22
INSTALL id=23 sent=0 entity=x relation=alphabet_position reln=2 attitude=asserted value=24 key=59:04cf6097 seq=23
INSTALL id=24 sent=0 entity=y relation=alphabet_position reln=2 attitude=asserted value=25 key=60:04cf6097 seq=24
INSTALL id=25 sent=0 entity=z relation=alphabet_position reln=2 attitude=asserted value=26 key=62:04cf6097 seq=25
CORROBORATE id=26 sent=0 key=2:04cf6097 attitude=asserted seq=26
CORROBORATE id=27 sent=0 key=7:04cf6097 attitude=asserted seq=27
CORROBORATE id=28 sent=0 key=18:04cf6097 attitude=asserted seq=28
CONTRADICT id=29 sent=0 key=19:04cf6097 attitude=asserted old=5 new=6 seq=29
CORROBORATE id=30 sent=0 key=21:04cf6097 attitude=asserted seq=30
CORROBORATE id=31 sent=0 key=23:04cf6097 attitude=asserted seq=31
CORROBORATE id=32 sent=0 key=24:04cf6097 attitude=asserted seq=32
CORROBORATE id=33 sent=0 key=26:04cf6097 attitude=asserted seq=33
CORROBORATE id=34 sent=0 key=29:04cf6097 attitude=asserted seq=34
CORROBORATE id=35 sent=0 key=30:04cf6097 attitude=asserted seq=35
CORROBORATE id=36 sent=0 key=32:04cf6097 attitude=asserted seq=36
CORROBORATE id=37 sent=0 key=35:04cf6097 attitude=asserted seq=37
CORROBORATE id=38 sent=0 key=36:04cf6097 attitude=asserted seq=38
CORROBORATE id=39 sent=0 key=38:04cf6097 attitude=asserted seq=39
CORROBORATE id=40 sent=0 key=41:04cf6097 attitude=asserted seq=40
CORROBORATE id=41 sent=0 key=42:04cf6097 attitude=asserted seq=41
CORROBORATE id=42 sent=0 key=44:04cf6097 attitude=asserted seq=42
CORROBORATE id=43 sent=0 key=47:04cf6097 attitude=asserted seq=43
CORROBORATE id=44 sent=0 key=48:04cf6097 attitude=asserted seq=44
CORROBORATE id=45 sent=0 key=50:04cf6097 attitude=asserted seq=45
CORROBORATE id=46 sent=0 key=53:04cf6097 attitude=asserted seq=46
CORROBORATE id=47 sent=0 key=54:04cf6097 attitude=asserted seq=47
INSTALL id=48 sent=0 entity=a relation=letter_count reln=2 attitude=asserted value=1 key=2:8276446e seq=48
INSTALL id=49 sent=0 entity=an relation=open reln=2 attitude=asserted value=2 key=67:f6739588 seq=49
INSTALL id=50 sent=0 entity=the relation=letter_count reln=2 attitude=asserted value=3 key=0:8276446e seq=50
INSTALL id=51 sent=0 entity=four relation=letter_count reln=2 attitude=asserted value=4 key=72:8276446e seq=51
INSTALL id=52 sent=0 entity=seven relation=open reln=2 attitude=asserted value=5 key=74:f6739588 seq=52
INSTALL id=53 sent=0 entity=minute relation=letter_count reln=2 attitude=asserted value=6 key=75:8276446e seq=53
INSTALL id=54 sent=0 entity=seconds relation=letter_count reln=2 attitude=asserted value=7 key=76:8276446e seq=54
INSTALL id=55 sent=0 entity=saturday relation=open reln=2 attitude=asserted value=7 key=78:f6739588 seq=55
INSTALL id=56 sent=0 entity=afternoon relation=letter_count reln=2 attitude=asserted value=9 key=79:8276446e seq=56
INSTALL id=57 sent=0 entity=dictionary relation=letter_count reln=2 attitude=asserted value=10 key=80:8276446e seq=57
INSTALL id=58 sent=0 entity=handwriting relation=open reln=2 attitude=asserted value=11 key=81:f6739588 seq=58
INSTALL id=59 sent=0 entity=disappointed relation=letter_count reln=2 attitude=asserted value=12 key=82:8276446e seq=59
INSTALL id=60 sent=0 entity=extraordinary relation=letter_count reln=2 attitude=asserted value=13 key=84:8276446e seq=60
INSTALL id=61 sent=0 entity=responsibility relation=open reln=2 attitude=asserted value=14 key=85:f6739588 seq=61
INSTALL id=62 sent=0 entity=congratulations relation=letter_count reln=2 attitude=asserted value=15 key=86:8276446e seq=62
INSTALL id=63 sent=0 entity=misunderstanding relation=letter_count reln=2 attitude=asserted value=16 key=88:8276446e seq=63
INSTALL id=64 sent=0 entity=misunderstandings relation=open reln=2 attitude=asserted value=17 key=89:f6739588 seq=64
INSTALL id=65 sent=0 entity=characteristically relation=letter_count reln=2 attitude=asserted value=18 key=90:8276446e seq=65
INSTALL id=66 sent=0 entity=incomprehensibility relation=letter_count reln=2 attitude=asserted value=19 key=91:8276446e seq=66
INSTALL id=67 sent=0 entity=uncharacteristically relation=open reln=2 attitude=asserted value=20 key=92:f6739588 seq=67
INSTALL id=68 sent=0 entity=incomprehensibilities relation=letter_count reln=2 attitude=asserted value=21 key=93:8276446e seq=68
INSTALL id=69 sent=0 entity=electroencephalography relation=letter_count reln=2 attitude=asserted value=22 key=94:8276446e seq=69
INSTALL id=70 sent=0 entity=disproportionableness relation=open reln=2 attitude=asserted value=21 key=95:f6739588 seq=70
INSTALL id=71 sent=0 entity=incontrovertibleness relation=letter_count reln=2 attitude=asserted value=21 key=96:8276446e seq=71
INSTALL id=72 sent=0 entity=counterdemonstrations relation=letter_count reln=2 attitude=asserted value=21 key=97:8276446e seq=72
INSTALL id=73 sent=0 entity=electroencephalograms relation=open reln=2 attitude=asserted value=21 key=99:f6739588 seq=73
INSTALL id=74 sent=0 entity=internationalization relation=letter_count reln=2 attitude=asserted value=20 key=101:8276446e seq=74
INSTALL id=75 sent=0 entity=antidisestablishmentarian relation=letter_count reln=2 attitude=asserted value=25 key=102:8276446e seq=75
INSTALL id=76 sent=0 entity=antidisestablishmentarianism relation=open reln=2 attitude=asserted value=28 key=103:f6739588 seq=76
INSTALL id=77 sent=0 entity=time relation=letter_count reln=2 attitude=asserted value=4 key=105:8276446e seq=77
INSTALL id=78 sent=0 entity=word relation=letter_count reln=2 attitude=asserted value=4 key=64:8276446e seq=78
INSTALL id=79 sent=0 entity=sentence relation=open reln=2 attitude=asserted value=8 key=106:f6739588 seq=79
INSTALL id=80 sent=0 entity=knowledge relation=letter_count reln=2 attitude=asserted value=8 key=107:8276446e seq=80
INSTALL id=81 sent=0 entity=question relation=letter_count reln=2 attitude=asserted value=8 key=108:8276446e seq=81
INSTALL id=82 sent=0 entity=answer relation=open reln=2 attitude=asserted value=6 key=109:f6739588 seq=82
INSTALL id=83 sent=0 entity=library relation=letter_count reln=2 attitude=asserted value=7 key=110:8276446e seq=83
INSTALL id=84 sent=0 entity=book relation=letter_count reln=2 attitude=asserted value=4 key=111:8276446e seq=84
INSTALL id=85 sent=0 entity=novel relation=open reln=2 attitude=asserted value=5 key=112:f6739588 seq=85
INSTALL id=86 sent=0 entity=story relation=letter_count reln=2 attitude=asserted value=5 key=113:8276446e seq=86
INSTALL id=87 sent=0 entity=poem relation=letter_count reln=2 attitude=asserted value=4 key=114:8276446e seq=87
INSTALL id=88 sent=0 entity=rhyme relation=open reln=2 attitude=asserted value=5 key=115:f6739588 seq=88
INSTALL id=89 sent=0 entity=grammar relation=letter_count reln=2 attitude=asserted value=7 key=116:8276446e seq=89
INSTALL id=90 sent=0 entity=spelling relation=letter_count reln=2 attitude=asserted value=8 key=117:8276446e seq=90
INSTALL id=91 sent=0 entity=vocabulary relation=open reln=2 attitude=asserted value=10 key=118:f6739588 seq=91
INSTALL id=92 sent=0 entity=paragraph relation=letter_count reln=2 attitude=asserted value=9 key=119:8276446e seq=92
INSTALL id=93 sent=0 entity=chapter relation=letter_count reln=2 attitude=asserted value=7 key=120:8276446e seq=93
INSTALL id=94 sent=0 entity=page relation=open reln=2 attitude=asserted value=4 key=121:f6739588 seq=94
INSTALL id=95 sent=0 entity=ink relation=letter_count reln=2 attitude=asserted value=3 key=122:8276446e seq=95
INSTALL id=96 sent=0 entity=hamlet relation=publication_year reln=2 attitude=asserted value=1603 key=123:34ee5d2c seq=96
INSTALL id=97 sent=0 entity=don quixote relation=publication_year reln=2 attitude=asserted value=1605 key=131:34ee5d2c seq=97
INSTALL id=98 sent=0 entity=king lear relation=open reln=1 attitude=asserted value=1608 key=137:dd5e8ff1 seq=98
INSTALL id=99 sent=0 entity=king james bible relation=publication_year reln=2 attitude=asserted value=1611 key=142:34ee5d2c seq=99
INSTALL id=100 sent=0 entity=shakespeare folio relation=publication_year reln=2 attitude=asserted value=1623 key=147:34ee5d2c seq=100
INSTALL id=101 sent=0 entity=leviathan relation=open reln=1 attitude=asserted value=1651 key=148:dd5e8ff1 seq=101
INSTALL id=102 sent=0 entity=paradise lost relation=publication_year reln=2 attitude=asserted value=1667 key=153:34ee5d2c seq=102
INSTALL id=103 sent=0 entity=pilgrim progress relation=publication_year reln=2 attitude=asserted value=1688 key=157:34ee5d2c seq=103
INSTALL id=104 sent=0 entity=robinson crusoe relation=open reln=1 attitude=asserted value=1719 key=161:dd5e8ff1 seq=104
INSTALL id=105 sent=0 entity=gulliver travels relation=publication_year reln=2 attitude=asserted value=1726 key=166:34ee5d2c seq=105
INSTALL id=106 sent=0 entity=pamela relation=publication_year reln=2 attitude=asserted value=1740 key=167:34ee5d2c seq=106
INSTALL id=107 sent=0 entity=tom jones relation=open reln=1 attitude=asserted value=1749 key=173:dd5e8ff1 seq=107
INSTALL id=108 sent=0 entity=candide relation=publication_year reln=2 attitude=asserted value=1759 key=174:34ee5d2c seq=108
INSTALL id=109 sent=0 entity=vicar wakefield relation=publication_year reln=2 attitude=asserted value=1766 key=179:34ee5d2c seq=109
INSTALL id=110 sent=0 entity=wealth nations relation=open reln=1 attitude=asserted value=1776 key=184:dd5e8ff1 seq=110
INSTALL id=111 sent=0 entity=pride prejudice relation=publication_year reln=2 attitude=asserted value=1813 key=189:34ee5d2c seq=111
INSTALL id=112 sent=0 entity=frankenstein relation=publication_year reln=2 attitude=asserted value=1818 key=190:34ee5d2c seq=112
INSTALL id=113 sent=0 entity=last mohicans relation=open reln=1 attitude=asserted value=1826 key=196:dd5e8ff1 seq=113
INSTALL id=114 sent=0 entity=jane eyre relation=publication_year reln=2 attitude=asserted value=1847 key=200:34ee5d2c seq=114
INSTALL id=115 sent=0 entity=wuthering heights relation=publication_year reln=2 attitude=asserted value=1847 key=204:34ee5d2c seq=115
INSTALL id=116 sent=0 entity=scarlet letter relation=open reln=1 attitude=asserted value=1850 key=207:dd5e8ff1 seq=116
INSTALL id=117 sent=0 entity=david copperfield relation=publication_year reln=2 attitude=asserted value=1851 key=211:34ee5d2c seq=117
INSTALL id=118 sent=0 entity=moby dick relation=publication_year reln=2 attitude=asserted value=1851 key=214:34ee5d2c seq=118
INSTALL id=119 sent=0 entity=uncle tom cabin relation=open reln=1 attitude=asserted value=1852 key=218:dd5e8ff1 seq=119
INSTALL id=120 sent=0 entity=walden relation=publication_year reln=2 attitude=asserted value=1854 key=219:34ee5d2c seq=120
INSTALL id=121 sent=0 entity=madame bovary relation=publication_year reln=2 attitude=asserted value=1857 key=224:34ee5d2c seq=121
INSTALL id=122 sent=0 entity=a relation=open reln=3 attitude=asserted value=1859 key=2:8177bbf2 seq=122
INSTALL id=123 sent=0 entity=great expectations relation=publication_year reln=2 attitude=asserted value=1861 key=234:34ee5d2c seq=123
INSTALL id=124 sent=0 entity=les miserables relation=publication_year reln=2 attitude=asserted value=1862 key=239:34ee5d2c seq=124
INSTALL id=125 sent=0 entity=alice adventures wonderland relation=open reln=1 attitude=asserted value=1865 key=245:dd5e8ff1 seq=125
INSTALL id=126 sent=0 entity=crime punishment relation=publication_year reln=2 attitude=asserted value=1866 key=249:34ee5d2c seq=126
INSTALL id=127 sent=0 entity=war peace relation=publication_year reln=2 attitude=asserted value=1869 key=253:34ee5d2c seq=127
INSTALL id=128 sent=0 entity=through looking glass relation=open reln=1 attitude=asserted value=1871 key=258:dd5e8ff1 seq=128
INSTALL id=129 sent=0 entity=anna karenina relation=publication_year reln=2 attitude=asserted value=1878 key=262:34ee5d2c seq=129
INSTALL id=130 sent=0 entity=brothers karamazov relation=publication_year reln=2 attitude=asserted value=1880 key=267:34ee5d2c seq=130
INSTALL id=131 sent=0 entity=treasure island relation=open reln=1 attitude=asserted value=1883 key=271:dd5e8ff1 seq=131
INSTALL id=132 sent=0 entity=adventures huckleberry finn relation=publication_year reln=2 attitude=asserted value=1884 key=275:34ee5d2c seq=132
INSTALL id=133 sent=0 entity=kidnapped relation=publication_year reln=2 attitude=asserted value=1886 key=276:34ee5d2c seq=133
INSTALL id=134 sent=0 entity=strange case dr jekyll relation=open reln=3 attitude=asserted value=1886 key=285:16054ae0 seq=134
INSTALL id=135 sent=0 entity=autobiography charles darwin relation=publication_year reln=2 attitude=asserted value=1887 key=291:34ee5d2c seq=135
INSTALL id=136 sent=0 entity=picture dorian gray relation=publication_year reln=2 attitude=asserted value=1890 key=296:34ee5d2c seq=136
INSTALL id=137 sent=0 entity=tess d urbervilles relation=open reln=1 attitude=asserted value=1891 key=301:dd5e8ff1 seq=137
INSTALL id=138 sent=0 entity=adventures sherlock holmes relation=publication_year reln=2 attitude=asserted value=1892 key=306:34ee5d2c seq=138
INSTALL id=139 sent=0 entity=time machine relation=publication_year reln=2 attitude=asserted value=1896 key=309:34ee5d2c seq=139
INSTALL id=140 sent=0 entity=dracula relation=open reln=1 attitude=asserted value=1897 key=310:dd5e8ff1 seq=140
INSTALL id=141 sent=0 entity=war worlds relation=publication_year reln=2 attitude=asserted value=1898 key=315:34ee5d2c seq=141
INSTALL id=142 sent=0 entity=call wild relation=publication_year reln=2 attitude=asserted value=1903 key=319:34ee5d2c seq=142
INSTALL id=143 sent=0 entity=great gatsby relation=open reln=1 attitude=asserted value=1925 key=322:dd5e8ff1 seq=143
INSTALL id=144 sent=0 entity=EMPTY relation=open reln=3 attitude=asserted value=26 key=4294967295:e15aa240 seq=144
INSTALL id=145 sent=0 entity=number vowels english alphabet relation=open reln=0 attitude=asserted value=5 key=328:e3b0c442 seq=145
INSTALL id=146 sent=0 entity=EMPTY relation=open reln=5 attitude=asserted value=21 key=4294967295:87141a8b seq=146
INSTALL id=147 sent=0 entity=EMPTY relation=open reln=3 attitude=asserted value=7 key=4294967295:e7201dce seq=147
INSTALL id=148 sent=0 entity=number months a year relation=open reln=0 attitude=asserted value=12 key=336:e3b0c442 seq=148
INSTALL id=149 sent=0 entity=EMPTY relation=open reln=5 attitude=asserted value=4 key=4294967295:6e27c0ca seq=149
INSTALL id=150 sent=0 entity=EMPTY relation=open reln=3 attitude=asserted value=52 key=4294967295:64ffc7a0 seq=150
INSTALL id=151 sent=0 entity=number hours a day relation=open reln=0 attitude=asserted value=24 key=343:e3b0c442 seq=151
INSTALL id=152 sent=0 entity=EMPTY relation=open reln=4 attitude=asserted value=60 key=4294967295:66bed0aa seq=152
INSTALL id=153 sent=0 entity=EMPTY relation=open reln=3 attitude=asserted value=60 key=4294967295:fe562276 seq=153
INSTALL id=154 sent=0 entity=number hours a week relation=open reln=0 attitude=asserted value=168 key=347:e3b0c442 seq=154
INSTALL id=155 sent=0 entity=EMPTY relation=open reln=5 attitude=asserted value=27 key=4294967295:bb8ac8cc seq=155
INSTALL id=156 sent=0 entity=EMPTY relation=open reln=4 attitude=asserted value=10 key=4294967295:1e2a2c5e seq=156
INSTALL id=157 sent=0 entity=number years a century relation=open reln=0 attitude=asserted value=100 key=360:e3b0c442 seq=157
INSTALL id=158 sent=0 entity=EMPTY relation=open reln=5 attitude=asserted value=12 key=4294967295:d3fc8c46 seq=158
INSTALL id=159 sent=0 entity=EMPTY relation=open reln=3 attitude=asserted value=3 key=4294967295:9fb0b350 seq=159
INSTALL id=160 sent=0 entity=number holes a full relation=open reln=2 attitude=asserted value=18 key=371:2d975b1d seq=160
INSTALL id=161 sent=0 entity=EMPTY relation=open reln=5 attitude=asserted value=4 key=4294967295:70a4f66a seq=161
INSTALL id=162 sent=0 entity=EMPTY relation=open reln=3 attitude=asserted value=2 key=4294967295:c0d57996 seq=162
INSTALL id=163 sent=0 entity=number sides a triangle relation=open reln=0 attitude=asserted value=4 key=380:e3b0c442 seq=163
INSTALL id=164 sent=0 entity=EMPTY relation=open reln=4 attitude=asserted value=3 key=4294967295:fd3ef3d2 seq=164
INSTALL id=165 sent=0 entity=EMPTY relation=open reln=2 attitude=asserted value=7 key=4294967295:87637f18 seq=165
INSTALL id=166 sent=0 entity=number keys a standard relation=open reln=1 attitude=asserted value=88 key=391:83aa7a76 seq=166
INSTALL id=167 sent=0 entity=EMPTY relation=open reln=6 attitude=asserted value=6 key=4294967295:e6a8d631 seq=167
INSTALL id=168 sent=0 entity=EMPTY relation=open reln=3 attitude=asserted value=4 key=4294967295:f52d68ef seq=168
INSTALL id=169 sent=0 entity=number planets solar system relation=open reln=0 attitude=asserted value=8 key=399:e3b0c442 seq=169
INSTALL id=170 sent=0 entity=EMPTY relation=open reln=4 attitude=asserted value=4 key=4294967295:9cb73b9a seq=170
INSTALL id=171 sent=0 entity=EMPTY relation=open reln=2 attitude=asserted value=5 key=4294967295:fb7aea9c seq=171
INSTALL id=172 sent=0 entity=number states united states relation=open reln=0 attitude=asserted value=50 key=410:e3b0c442 seq=172
INSTALL id=173 sent=0 entity=EMPTY relation=open reln=5 attitude=asserted value=13 key=4294967295:2c702179 seq=173
INSTALL id=174 sent=0 entity=EMPTY relation=open reln=3 attitude=asserted value=50 key=4294967295:012521e3 seq=174
INSTALL id=175 sent=0 entity=number continents earth relation=open reln=0 attitude=asserted value=7 key=419:e3b0c442 seq=175
INSTALL id=176 sent=0 entity=EMPTY relation=open reln=4 attitude=asserted value=5 key=4294967295:26317876 seq=176
INSTALL id=177 sent=0 entity=EMPTY relation=open reln=5 attitude=asserted value=15 key=4294967295:56ea9143 seq=177
INSTALL id=178 sent=0 entity=number players a baseball relation=open reln=2 attitude=asserted value=10 key=429:fc6dd126 seq=178
INSTALL id=179 sent=0 entity=EMPTY relation=open reln=7 attitude=asserted value=5 key=4294967295:34fea762 seq=179
INSTALL id=180 sent=0 entity=EMPTY relation=open reln=5 attitude=asserted value=11 key=4294967295:f04a42c9 seq=180
INSTALL id=181 sent=0 entity=number players american football relation=open reln=2 attitude=asserted value=11 key=435:fc6dd126 seq=181
INSTALL id=182 sent=0 entity=EMPTY relation=open reln=7 attitude=asserted value=4 key=4294967295:fcaec0cf seq=182
INSTALL id=183 sent=0 entity=EMPTY relation=open reln=3 attitude=asserted value=13 key=4294967295:5eeff65e seq=183
INSTALL id=184 sent=0 entity=number cards a standard relation=open reln=1 attitude=asserted value=52 key=442:be8bfd8b seq=184
INSTALL id=185 sent=0 entity=EMPTY relation=open reln=5 attitude=asserted value=64 key=4294967295:b1f420f5 seq=185
INSTALL id=186 sent=0 entity=EMPTY relation=open reln=4 attitude=asserted value=16 key=4294967295:d33e0992 seq=186
INSTALL id=187 sent=0 entity=number pawns per side relation=open reln=1 attitude=asserted value=8 key=453:30302370 seq=187
INSTALL id=188 sent=0 entity=EMPTY relation=open reln=6 attitude=asserted value=6 key=4294967295:9c940783 seq=188
INSTALL id=189 sent=0 entity=EMPTY relation=open reln=5 attitude=asserted value=21 key=4294967295:fb778978 seq=189
INSTALL id=190 sent=0 entity=number pairs ribs human relation=open reln=1 attitude=asserted value=12 key=467:22bbf324 seq=190
INSTALL id=191 sent=0 entity=EMPTY relation=open reln=7 attitude=asserted value=32 key=4294967295:0a3e1a80 seq=191
INSTALL id=192 sent=0 entity=EMPTY relation=open reln=3 attitude=asserted value=2 key=4294967295:497c69da seq=192
INSTALL id=193 sent=0 entity=number kidneys human body relation=open reln=0 attitude=asserted value=2 key=476:e3b0c442 seq=193
INSTALL id=194 sent=0 entity=EMPTY relation=open reln=5 attitude=asserted value=4 key=4294967295:76e74205 seq=194
INSTALL id=195 sent=0 entity=EMPTY relation=open reln=2 attitude=asserted value=12 key=4294967295:2c5aaaf4 seq=195
INSTALL id=196 sent=0 entity=EMPTY relation=open reln=4 attitude=asserted value=12 key=4294967295:82396b4b seq=196
INSTALL id=197 sent=0 entity=EMPTY relation=open reln=5 attitude=asserted value=7 key=4294967295:6a37bd75 seq=197
INSTALL id=198 sent=0 entity=EMPTY relation=open reln=3 attitude=asserted value=9 key=4294967295:642be2e6 seq=198
INSTALL id=199 sent=0 entity=EMPTY relation=open reln=5 attitude=asserted value=3 key=4294967295:ec951db6 seq=199
INSTALL id=200 sent=0 entity=EMPTY relation=open reln=4 attitude=asserted value=12 key=4294967295:0fa344bd seq=200
INSTALL id=201 sent=0 entity=number commandments relation=open reln=0 attitude=asserted value=10 key=503:e3b0c442 seq=201
INSTALL id=202 sent=0 entity=number deadly sins relation=open reln=0 attitude=asserted value=7 key=507:e3b0c442 seq=202
INSTALL id=203 sent=0 entity=EMPTY relation=open reln=5 attitude=asserted value=66 key=4294967295:1c12b8ab seq=203
INSTALL id=204 sent=0 entity=number gospels new testament relation=open reln=0 attitude=asserted value=4 key=515:e3b0c442 seq=204
INSTALL id=205 sent=0 entity=number plays attributed shakespeare relation=open reln=0 attitude=asserted value=38 key=521:e3b0c442 seq=205
INSTALL id=206 sent=0 entity=EMPTY relation=open reln=7 attitude=asserted value=12 key=4294967295:43061e89 seq=206
INSTALL id=207 sent=0 entity=number sherlock holmes novels relation=open reln=0 attitude=asserted value=4 key=525:e3b0c442 seq=207
INSTALL id=208 sent=0 entity=EMPTY relation=open reln=7 attitude=asserted value=56 key=4294967295:7cd79cdd seq=208
INSTALL id=209 sent=0 entity=EMPTY relation=open reln=5 attitude=asserted value=3 key=4294967295:b4d217e0 seq=209
INSTALL id=210 sent=0 entity=number harry potter books relation=open reln=0 attitude=asserted value=7 key=535:e3b0c442 seq=210
INSTALL id=211 sent=0 entity=EMPTY relation=open reln=5 attitude=asserted value=7 key=4294967295:c210a54a seq=211
INSTALL id=212 sent=0 entity=EMPTY relation=open reln=7 attitude=asserted value=5 key=4294967295:a5ffee79 seq=212
INSTALL id=213 sent=0 entity=number teenage mutant ninja relation=open reln=1 attitude=asserted value=4 key=548:c886796f seq=213
INSTALL id=214 sent=0 entity=number dwarfs snow white relation=open reln=0 attitude=asserted value=7 key=553:e3b0c442 seq=214
INSTALL id=215 sent=0 entity=EMPTY relation=open reln=6 attitude=asserted value=101 key=4294967295:b3f97779 seq=215
INSTALL id=216 sent=0 entity=EMPTY relation=open reln=3 attitude=asserted value=12 key=4294967295:278af284 seq=216
DENIAL id=217 sent=0 entity=number reindeer pulling santa relation=open reln=4 value=8 key=573:0be51fa9 seq=217
INSTALL id=218 sent=0 entity=EMPTY relation=open reln=8 attitude=asserted value=9 key=4294967295:f53c6c06 seq=218
INSTALL id=219 sent=0 entity=EMPTY relation=open reln=2 attitude=asserted value=40 key=4294967295:945cd88e seq=219
INSTALL id=220 sent=0 entity=number eggs a dozen relation=open reln=0 attitude=asserted value=12 key=579:e3b0c442 seq=220
INSTALL id=221 sent=0 entity=EMPTY relation=open reln=5 attitude=asserted value=12 key=4294967295:5a9284cc seq=221
INSTALL id=222 sent=0 entity=EMPTY relation=open reln=3 attitude=asserted value=144 key=4294967295:8caaac46 seq=222
INSTALL id=223 sent=0 entity=number items a score relation=open reln=0 attitude=asserted value=20 key=586:e3b0c442 seq=223
INSTALL id=224 sent=0 entity=EMPTY relation=open reln=6 attitude=asserted value=30 key=4294967295:b93858f4 seq=224
INSTALL id=225 sent=0 entity=EMPTY relation=open reln=4 attitude=asserted value=9 key=4294967295:63244008 seq=225
INSTALL id=226 sent=0 entity=number centimeters a meter relation=open reln=0 attitude=asserted value=100 key=597:e3b0c442 seq=226
INSTALL id=227 sent=0 entity=EMPTY relation=open reln=5 attitude=asserted value=100 key=4294967295:27b8b7d0 seq=227
INSTALL id=228 sent=0 entity=EMPTY relation=open reln=3 attitude=asserted value=16 key=4294967295:ec840967 seq=228
INSTALL id=229 sent=0 entity=number elements periodic table relation=open reln=0 attitude=asserted value=118 key=609:e3b0c442 seq=229
INSTALL id=230 sent=0 entity=EMPTY relation=open reln=6 attitude=asserted value=4 key=4294967295:1854cbbc seq=230
INSTALL id=231 sent=0 entity=EMPTY relation=open reln=3 attitude=asserted value=7 key=4294967295:4fafcffa seq=231
INSTALL id=232 sent=0 entity=number hours a clock relation=open reln=1 attitude=asserted value=12 key=618:a7c9ff99 seq=232
INSTALL id=233 sent=0 entity=EMPTY relation=open reln=4 attitude=asserted value=30 key=4294967295:11d4bbbb seq=233
INSTALL id=234 sent=0 entity=EMPTY relation=open reln=2 attitude=asserted value=31 key=4294967295:9d3ac7f0 seq=234
INSTALL id=235 sent=0 entity=number days february a relation=open reln=2 attitude=asserted value=28 key=624:152c48f1 seq=235
INSTALL id=236 sent=0 entity=EMPTY relation=open reln=7 attitude=asserted value=29 key=4294967295:da482cea seq=236
INSTALL id=237 sent=0 entity=EMPTY relation=open reln=2 attitude=asserted value=10 key=4294967295:048e6db2 seq=237
INSTALL id=238 sent=0 entity=number books new testament relation=open reln=0 attitude=asserted value=27 key=630:e3b0c442 seq=238
INSTALL id=239 sent=0 entity=EMPTY relation=open reln=7 attitude=asserted value=39 key=4294967295:16076163 seq=239
PROBE id=0 verdict=VALUE:1 expected=1 ok=1 entity=a relation=alphabet_position reln=2 attitude=ignored ties=1
PROBE id=1 verdict=VALUE:2 expected=2 ok=1 entity=b relation=alphabet_position reln=2 attitude=ignored ties=1
PROBE id=2 verdict=VALUE:3 expected=3 ok=1 entity=c relation=alphabet_position reln=2 attitude=ignored ties=1
PROBE id=3 verdict=CONTRADICTION expected=5 ok=0 entity=d relation=alphabet_position reln=2 attitude=ignored ties=0
PROBE id=4 verdict=VALUE:5 expected=5 ok=1 entity=e relation=alphabet_position reln=2 attitude=ignored ties=1
PROBE id=5 verdict=VALUE:6 expected=6 ok=1 entity=f relation=alphabet_position reln=2 attitude=ignored ties=1
PROBE id=6 verdict=VALUE:7 expected=7 ok=1 entity=g relation=alphabet_position reln=2 attitude=ignored ties=1
PROBE id=7 verdict=VALUE:8 expected=8 ok=1 entity=h relation=alphabet_position reln=2 attitude=ignored ties=1
PROBE id=8 verdict=VALUE:9 expected=9 ok=1 entity=i relation=alphabet_position reln=2 attitude=ignored ties=1
PROBE id=9 verdict=VALUE:10 expected=10 ok=1 entity=j relation=alphabet_position reln=2 attitude=ignored ties=1
PROBE id=10 verdict=VALUE:11 expected=11 ok=1 entity=k relation=alphabet_position reln=2 attitude=ignored ties=1
PROBE id=11 verdict=VALUE:12 expected=12 ok=1 entity=l relation=alphabet_position reln=2 attitude=ignored ties=1
PROBE id=12 verdict=VALUE:13 expected=13 ok=1 entity=m relation=alphabet_position reln=2 attitude=ignored ties=1
PROBE id=13 verdict=VALUE:14 expected=14 ok=1 entity=n relation=alphabet_position reln=2 attitude=ignored ties=1
PROBE id=14 verdict=VALUE:15 expected=15 ok=1 entity=o relation=alphabet_position reln=2 attitude=ignored ties=1
PROBE id=15 verdict=VALUE:16 expected=16 ok=1 entity=p relation=alphabet_position reln=2 attitude=ignored ties=1
PROBE id=16 verdict=VALUE:17 expected=17 ok=1 entity=q relation=alphabet_position reln=2 attitude=ignored ties=1
PROBE id=17 verdict=VALUE:18 expected=18 ok=1 entity=r relation=alphabet_position reln=2 attitude=ignored ties=1
PROBE id=18 verdict=VALUE:19 expected=19 ok=1 entity=s relation=alphabet_position reln=2 attitude=ignored ties=1
PROBE id=19 verdict=VALUE:20 expected=20 ok=1 entity=t relation=alphabet_position reln=2 attitude=ignored ties=1
PROBE id=20 verdict=VALUE:21 expected=21 ok=1 entity=u relation=alphabet_position reln=2 attitude=ignored ties=1
PROBE id=21 verdict=VALUE:22 expected=22 ok=1 entity=v relation=alphabet_position reln=2 attitude=ignored ties=1
PROBE id=22 verdict=VALUE:23 expected=23 ok=1 entity=w relation=alphabet_position reln=2 attitude=ignored ties=1
PROBE id=23 verdict=VALUE:24 expected=24 ok=1 entity=x relation=alphabet_position reln=2 attitude=ignored ties=1
PROBE id=24 verdict=VALUE:25 expected=25 ok=1 entity=y relation=alphabet_position reln=2 attitude=ignored ties=1
PROBE id=25 verdict=VALUE:26 expected=26 ok=1 entity=z relation=alphabet_position reln=2 attitude=ignored ties=1
PROBE id=26 verdict=VALUE:1 expected=1 ok=1 entity=a relation=alphabet_position reln=2 attitude=ignored ties=1
PROBE id=27 verdict=VALUE:2 expected=2 ok=1 entity=b relation=alphabet_position reln=2 attitude=ignored ties=1
PROBE id=28 verdict=VALUE:3 expected=3 ok=1 entity=c relation=alphabet_position reln=2 attitude=ignored ties=1
PROBE id=29 verdict=CONTRADICTION expected=6 ok=0 entity=d relation=alphabet_position reln=2 attitude=ignored ties=0
PROBE id=30 verdict=VALUE:5 expected=5 ok=1 entity=e relation=alphabet_position reln=2 attitude=ignored ties=1
PROBE id=31 verdict=VALUE:6 expected=6 ok=1 entity=f relation=alphabet_position reln=2 attitude=ignored ties=1
PROBE id=32 verdict=VALUE:7 expected=7 ok=1 entity=g relation=alphabet_position reln=2 attitude=ignored ties=1
PROBE id=33 verdict=VALUE:8 expected=8 ok=1 entity=h relation=alphabet_position reln=2 attitude=ignored ties=1
PROBE id=34 verdict=VALUE:9 expected=9 ok=1 entity=i relation=alphabet_position reln=2 attitude=ignored ties=1
PROBE id=35 verdict=VALUE:10 expected=10 ok=1 entity=j relation=alphabet_position reln=2 attitude=ignored ties=1
PROBE id=36 verdict=VALUE:11 expected=11 ok=1 entity=k relation=alphabet_position reln=2 attitude=ignored ties=1
PROBE id=37 verdict=VALUE:12 expected=12 ok=1 entity=l relation=alphabet_position reln=2 attitude=ignored ties=1
PROBE id=38 verdict=VALUE:13 expected=13 ok=1 entity=m relation=alphabet_position reln=2 attitude=ignored ties=1
PROBE id=39 verdict=VALUE:14 expected=14 ok=1 entity=n relation=alphabet_position reln=2 attitude=ignored ties=1
PROBE id=40 verdict=VALUE:15 expected=15 ok=1 entity=o relation=alphabet_position reln=2 attitude=ignored ties=1
PROBE id=41 verdict=VALUE:16 expected=16 ok=1 entity=p relation=alphabet_position reln=2 attitude=ignored ties=1
PROBE id=42 verdict=VALUE:17 expected=17 ok=1 entity=q relation=alphabet_position reln=2 attitude=ignored ties=1
PROBE id=43 verdict=VALUE:18 expected=18 ok=1 entity=r relation=alphabet_position reln=2 attitude=ignored ties=1
PROBE id=44 verdict=VALUE:19 expected=19 ok=1 entity=s relation=alphabet_position reln=2 attitude=ignored ties=1
PROBE id=45 verdict=VALUE:20 expected=20 ok=1 entity=t relation=alphabet_position reln=2 attitude=ignored ties=1
PROBE id=46 verdict=VALUE:21 expected=21 ok=1 entity=u relation=alphabet_position reln=2 attitude=ignored ties=1
PROBE id=47 verdict=VALUE:22 expected=22 ok=1 entity=v relation=alphabet_position reln=2 attitude=ignored ties=1
PROBE id=48 verdict=VALUE:1 expected=1 ok=1 entity=a relation=letter_count reln=2 attitude=ignored ties=1
PROBE id=49 verdict=VALUE:2 expected=2 ok=1 entity=an relation=open reln=3 attitude=ignored ties=1
PROBE id=50 verdict=VALUE:3 expected=3 ok=1 entity=the relation=letter_count reln=2 attitude=ignored ties=1
PROBE id=51 verdict=VALUE:4 expected=4 ok=1 entity=four relation=open reln=3 attitude=ignored ties=1
PROBE id=52 verdict=VALUE:5 expected=5 ok=1 entity=seven relation=letter_count reln=2 attitude=ignored ties=1
PROBE id=53 verdict=VALUE:6 expected=6 ok=1 entity=minute relation=open reln=3 attitude=ignored ties=1
PROBE id=54 verdict=VALUE:7 expected=7 ok=1 entity=seconds relation=letter_count reln=2 attitude=ignored ties=1
PROBE id=55 verdict=VALUE:7 expected=7 ok=1 entity=saturday relation=open reln=3 attitude=ignored ties=1
PROBE id=56 verdict=VALUE:9 expected=9 ok=1 entity=afternoon relation=letter_count reln=2 attitude=ignored ties=1
PROBE id=57 verdict=VALUE:10 expected=10 ok=1 entity=dictionary relation=open reln=3 attitude=ignored ties=1
PROBE id=58 verdict=VALUE:11 expected=11 ok=1 entity=handwriting relation=letter_count reln=2 attitude=ignored ties=1
PROBE id=59 verdict=VALUE:12 expected=12 ok=1 entity=disappointed relation=open reln=3 attitude=ignored ties=1
PROBE id=60 verdict=VALUE:13 expected=13 ok=1 entity=extraordinary relation=letter_count reln=2 attitude=ignored ties=1
PROBE id=61 verdict=VALUE:14 expected=14 ok=1 entity=responsibility relation=open reln=3 attitude=ignored ties=1
PROBE id=62 verdict=VALUE:15 expected=15 ok=1 entity=congratulations relation=letter_count reln=2 attitude=ignored ties=1
PROBE id=63 verdict=VALUE:16 expected=16 ok=1 entity=misunderstanding relation=open reln=3 attitude=ignored ties=1
PROBE id=64 verdict=VALUE:17 expected=17 ok=1 entity=misunderstandings relation=letter_count reln=2 attitude=ignored ties=1
PROBE id=65 verdict=VALUE:18 expected=18 ok=1 entity=characteristically relation=open reln=3 attitude=ignored ties=1
PROBE id=66 verdict=VALUE:19 expected=19 ok=1 entity=incomprehensibility relation=letter_count reln=2 attitude=ignored ties=1
PROBE id=67 verdict=VALUE:20 expected=20 ok=1 entity=uncharacteristically relation=open reln=3 attitude=ignored ties=1
PROBE id=68 verdict=VALUE:21 expected=21 ok=1 entity=incomprehensibilities relation=letter_count reln=2 attitude=ignored ties=1
PROBE id=69 verdict=VALUE:22 expected=22 ok=1 entity=electroencephalography relation=open reln=3 attitude=ignored ties=1
PROBE id=70 verdict=VALUE:21 expected=21 ok=1 entity=disproportionableness relation=letter_count reln=2 attitude=ignored ties=1
PROBE id=71 verdict=VALUE:21 expected=21 ok=1 entity=incontrovertibleness relation=open reln=3 attitude=ignored ties=1
PROBE id=72 verdict=VALUE:21 expected=21 ok=1 entity=counterdemonstrations relation=letter_count reln=2 attitude=ignored ties=1
PROBE id=73 verdict=VALUE:21 expected=21 ok=1 entity=electroencephalograms relation=open reln=3 attitude=ignored ties=1
PROBE id=74 verdict=VALUE:20 expected=20 ok=1 entity=internationalization relation=letter_count reln=2 attitude=ignored ties=1
PROBE id=75 verdict=VALUE:25 expected=25 ok=1 entity=antidisestablishmentarian relation=open reln=3 attitude=ignored ties=1
PROBE id=76 verdict=VALUE:28 expected=28 ok=1 entity=antidisestablishmentarianism relation=letter_count reln=2 attitude=ignored ties=1
PROBE id=77 verdict=VALUE:4 expected=4 ok=1 entity=time relation=open reln=3 attitude=ignored ties=1
PROBE id=78 verdict=VALUE:4 expected=4 ok=1 entity=word relation=letter_count reln=2 attitude=ignored ties=1
PROBE id=79 verdict=VALUE:8 expected=8 ok=1 entity=sentence relation=open reln=3 attitude=ignored ties=1
PROBE id=80 verdict=VALUE:8 expected=8 ok=1 entity=knowledge relation=letter_count reln=2 attitude=ignored ties=1
PROBE id=81 verdict=VALUE:8 expected=8 ok=1 entity=question relation=open reln=3 attitude=ignored ties=1
PROBE id=82 verdict=VALUE:6 expected=6 ok=1 entity=answer relation=letter_count reln=2 attitude=ignored ties=1
PROBE id=83 verdict=VALUE:7 expected=7 ok=1 entity=library relation=open reln=3 attitude=ignored ties=1
PROBE id=84 verdict=VALUE:4 expected=4 ok=1 entity=book relation=letter_count reln=2 attitude=ignored ties=1
PROBE id=85 verdict=VALUE:5 expected=5 ok=1 entity=novel relation=open reln=3 attitude=ignored ties=1
PROBE id=86 verdict=VALUE:5 expected=5 ok=1 entity=story relation=letter_count reln=2 attitude=ignored ties=1
PROBE id=87 verdict=VALUE:4 expected=4 ok=1 entity=poem relation=open reln=3 attitude=ignored ties=1
PROBE id=88 verdict=VALUE:5 expected=5 ok=1 entity=rhyme relation=letter_count reln=2 attitude=ignored ties=1
PROBE id=89 verdict=VALUE:7 expected=7 ok=1 entity=grammar relation=open reln=3 attitude=ignored ties=1
PROBE id=90 verdict=VALUE:8 expected=8 ok=1 entity=spelling relation=letter_count reln=2 attitude=ignored ties=1
PROBE id=91 verdict=VALUE:10 expected=10 ok=1 entity=vocabulary relation=open reln=3 attitude=ignored ties=1
PROBE id=92 verdict=VALUE:9 expected=9 ok=1 entity=paragraph relation=letter_count reln=2 attitude=ignored ties=1
PROBE id=93 verdict=VALUE:7 expected=7 ok=1 entity=chapter relation=open reln=3 attitude=ignored ties=1
PROBE id=94 verdict=VALUE:4 expected=4 ok=1 entity=page relation=letter_count reln=2 attitude=ignored ties=1
PROBE id=95 verdict=VALUE:3 expected=3 ok=1 entity=ink relation=open reln=3 attitude=ignored ties=1
PROBE id=96 verdict=VALUE:1603 expected=1603 ok=1 entity=hamlet relation=publication_year reln=2 attitude=ignored ties=1
PROBE id=97 verdict=UNKNOWN expected=1605 ok=0 entity=year relation=open reln=3 attitude=ignored ties=0
PROBE id=98 verdict=VALUE:1608 expected=1608 ok=1 entity=king lear relation=publication_year reln=2 attitude=ignored ties=1
PROBE id=99 verdict=UNKNOWN expected=1611 ok=0 entity=year relation=open reln=4 attitude=ignored ties=0
PROBE id=100 verdict=VALUE:1623 expected=1623 ok=1 entity=shakespeare folio relation=publication_year reln=2 attitude=ignored ties=1
PROBE id=101 verdict=UNKNOWN expected=1651 ok=0 entity=year relation=open reln=2 attitude=ignored ties=0
PROBE id=102 verdict=VALUE:1667 expected=1667 ok=1 entity=paradise lost relation=publication_year reln=2 attitude=ignored ties=1
PROBE id=103 verdict=UNKNOWN expected=1688 ok=0 entity=year relation=open reln=3 attitude=ignored ties=0
PROBE id=104 verdict=VALUE:1719 expected=1719 ok=1 entity=robinson crusoe relation=publication_year reln=2 attitude=ignored ties=1
PROBE id=105 verdict=UNKNOWN expected=1726 ok=0 entity=year relation=open reln=3 attitude=ignored ties=0
PROBE id=106 verdict=VALUE:1740 expected=1740 ok=1 entity=pamela relation=publication_year reln=2 attitude=ignored ties=1
PROBE id=107 verdict=UNKNOWN expected=1749 ok=0 entity=year relation=open reln=3 attitude=ignored ties=0
PROBE id=108 verdict=VALUE:1759 expected=1759 ok=1 entity=candide relation=publication_year reln=2 attitude=ignored ties=1
PROBE id=109 verdict=UNKNOWN expected=1766 ok=0 entity=year relation=open reln=3 attitude=ignored ties=0
PROBE id=110 verdict=VALUE:1776 expected=1776 ok=1 entity=wealth nations relation=publication_year reln=2 attitude=ignored ties=1
PROBE id=111 verdict=UNKNOWN expected=1813 ok=0 entity=year relation=open reln=3 attitude=ignored ties=0
PROBE id=112 verdict=VALUE:1818 expected=1818 ok=1 entity=frankenstein relation=publication_year reln=2 attitude=ignored ties=1
PROBE id=113 verdict=UNKNOWN expected=1826 ok=0 entity=year relation=open reln=3 attitude=ignored ties=0
PROBE id=114 verdict=VALUE:1847 expected=1847 ok=1 entity=jane eyre relation=publication_year reln=2 attitude=ignored ties=1
PROBE id=115 verdict=UNKNOWN expected=1847 ok=0 entity=year relation=open reln=3 attitude=ignored ties=0
PROBE id=116 verdict=VALUE:1850 expected=1850 ok=1 entity=scarlet letter relation=publication_year reln=2 attitude=ignored ties=1
PROBE id=117 verdict=UNKNOWN expected=1851 ok=0 entity=year relation=open reln=3 attitude=ignored ties=0
PROBE id=118 verdict=VALUE:1851 expected=1851 ok=1 entity=moby dick relation=publication_year reln=2 attitude=ignored ties=1
PROBE id=119 verdict=UNKNOWN expected=1852 ok=0 entity=year relation=open reln=4 attitude=ignored ties=0
PROBE id=120 verdict=VALUE:1854 expected=1854 ok=1 entity=walden relation=publication_year reln=2 attitude=ignored ties=1
PROBE id=121 verdict=UNKNOWN expected=1857 ok=0 entity=year relation=open reln=3 attitude=ignored ties=0
PROBE id=122 verdict=VALUE:1859 expected=1859 ok=1 entity=a relation=publication_year reln=2 attitude=ignored ties=1
PROBE id=123 verdict=UNKNOWN expected=1861 ok=0 entity=year relation=open reln=3 attitude=ignored ties=0
PROBE id=124 verdict=VALUE:1862 expected=1862 ok=1 entity=les miserables relation=publication_year reln=2 attitude=ignored ties=1
PROBE id=125 verdict=UNKNOWN expected=1865 ok=0 entity=year relation=open reln=4 attitude=ignored ties=0
PROBE id=126 verdict=VALUE:1866 expected=1866 ok=1 entity=crime punishment relation=publication_year reln=2 attitude=ignored ties=1
PROBE id=127 verdict=UNKNOWN expected=1869 ok=0 entity=year relation=open reln=3 attitude=ignored ties=0
PROBE id=128 verdict=VALUE:1871 expected=1871 ok=1 entity=through looking glass relation=publication_year reln=2 attitude=ignored ties=1
PROBE id=129 verdict=UNKNOWN expected=1878 ok=0 entity=year relation=open reln=3 attitude=ignored ties=0
PROBE id=130 verdict=VALUE:1880 expected=1880 ok=1 entity=brothers karamazov relation=publication_year reln=2 attitude=ignored ties=1
PROBE id=131 verdict=UNKNOWN expected=1883 ok=0 entity=year relation=open reln=3 attitude=ignored ties=0
PROBE id=132 verdict=VALUE:1884 expected=1884 ok=1 entity=adventures huckleberry finn relation=publication_year reln=2 attitude=ignored ties=1
PROBE id=133 verdict=UNKNOWN expected=1886 ok=0 entity=year relation=open reln=2 attitude=ignored ties=0
PROBE id=134 verdict=VALUE:1886 expected=1886 ok=1 entity=strange case dr jekyll relation=publication_year reln=2 attitude=ignored ties=1
PROBE id=135 verdict=UNKNOWN expected=1887 ok=0 entity=year relation=open reln=4 attitude=ignored ties=0
PROBE id=136 verdict=VALUE:1890 expected=1890 ok=1 entity=picture dorian gray relation=publication_year reln=2 attitude=ignored ties=1
PROBE id=137 verdict=UNKNOWN expected=1891 ok=0 entity=year relation=open reln=4 attitude=ignored ties=0
PROBE id=138 verdict=VALUE:1892 expected=1892 ok=1 entity=adventures sherlock holmes relation=publication_year reln=2 attitude=ignored ties=1
PROBE id=139 verdict=UNKNOWN expected=1896 ok=0 entity=year relation=open reln=3 attitude=ignored ties=0
PROBE id=140 verdict=VALUE:1897 expected=1897 ok=1 entity=dracula relation=publication_year reln=2 attitude=ignored ties=1
PROBE id=141 verdict=UNKNOWN expected=1898 ok=0 entity=year relation=open reln=3 attitude=ignored ties=0
PROBE id=142 verdict=VALUE:1903 expected=1903 ok=1 entity=call wild relation=publication_year reln=2 attitude=ignored ties=1
PROBE id=143 verdict=UNKNOWN expected=1925 ok=0 entity=year relation=open reln=3 attitude=ignored ties=0
PROBE id=144 verdict=UNKNOWN expected=26 ok=0 entity=letters english alphabet relation=open reln=0 attitude=ignored ties=0
PROBE id=145 verdict=UNKNOWN expected=5 ok=0 entity=EMPTY relation=open reln=4 attitude=ignored ties=0
PROBE id=146 verdict=UNKNOWN expected=21 ok=0 entity=consonants english alphabet relation=open reln=0 attitude=ignored ties=0
PROBE id=147 verdict=VALUE:7 expected=7 ok=1 entity=EMPTY relation=open reln=4 attitude=ignored ties=1
PROBE id=148 verdict=UNKNOWN expected=12 ok=0 entity=months a year relation=open reln=0 attitude=ignored ties=0
PROBE id=149 verdict=VALUE:4 expected=4 ok=1 entity=EMPTY relation=open reln=4 attitude=ignored ties=1
PROBE id=150 verdict=UNKNOWN expected=52 ok=0 entity=weeks a year relation=open reln=0 attitude=ignored ties=0
PROBE id=151 verdict=UNKNOWN expected=24 ok=0 entity=EMPTY relation=open reln=4 attitude=ignored ties=0
PROBE id=152 verdict=UNKNOWN expected=60 ok=0 entity=minutes hour relation=open reln=0 attitude=ignored ties=0
PROBE id=153 verdict=VALUE:60 expected=60 ok=1 entity=EMPTY relation=open reln=4 attitude=ignored ties=1
PROBE id=154 verdict=UNKNOWN expected=168 ok=0 entity=hours a week relation=open reln=0 attitude=ignored ties=0
PROBE id=155 verdict=VALUE:27 expected=27 ok=1 entity=EMPTY relation=open reln=4 attitude=ignored ties=1
PROBE id=156 verdict=UNKNOWN expected=10 ok=0 entity=digits decimal number system relation=open reln=0 attitude=ignored ties=0
PROBE id=157 verdict=UNKNOWN expected=100 ok=0 entity=EMPTY relation=open reln=4 attitude=ignored ties=0
PROBE id=158 verdict=UNKNOWN expected=12 ok=0 entity=inches a foot relation=open reln=0 attitude=ignored ties=0
PROBE id=159 verdict=VALUE:3 expected=3 ok=1 entity=EMPTY relation=open reln=4 attitude=ignored ties=1
PROBE id=160 verdict=UNKNOWN expected=18 ok=0 entity=holes a full round relation=open reln=1 attitude=ignored ties=0
PROBE id=161 verdict=VALUE:4 expected=4 ok=1 entity=EMPTY relation=open reln=4 attitude=ignored ties=1
PROBE id=162 verdict=UNKNOWN expected=2 ok=0 entity=pints a quart relation=open reln=0 attitude=ignored ties=0
PROBE id=163 verdict=UNKNOWN expected=4 ok=0 entity=EMPTY relation=open reln=4 attitude=ignored ties=0
PROBE id=164 verdict=UNKNOWN expected=3 ok=0 entity=primary colors relation=open reln=0 attitude=ignored ties=0
PROBE id=165 verdict=VALUE:7 expected=7 ok=1 entity=EMPTY relation=open reln=3 attitude=ignored ties=1
PROBE id=166 verdict=UNKNOWN expected=88 ok=0 entity=keys a standard piano relation=open reln=0 attitude=ignored ties=0
PROBE id=167 verdict=VALUE:6 expected=6 ok=1 entity=EMPTY relation=open reln=5 attitude=ignored ties=1
PROBE id=168 verdict=UNKNOWN expected=4 ok=0 entity=strings a violin relation=open reln=0 attitude=ignored ties=0
PROBE id=169 verdict=UNKNOWN expected=8 ok=0 entity=EMPTY relation=open reln=4 attitude=ignored ties=0
PROBE id=170 verdict=UNKNOWN expected=4 ok=0 entity=members beatles relation=open reln=0 attitude=ignored ties=0
PROBE id=171 verdict=VALUE:5 expected=5 ok=1 entity=EMPTY relation=open reln=3 attitude=ignored ties=1
PROBE id=172 verdict=UNKNOWN expected=50 ok=0 entity=states united states relation=open reln=0 attitude=ignored ties=0
PROBE id=173 verdict=VALUE:13 expected=13 ok=1 entity=EMPTY relation=open reln=4 attitude=ignored ties=1
PROBE id=174 verdict=UNKNOWN expected=50 ok=0 entity=stars us flag relation=open reln=0 attitude=ignored ties=0
PROBE id=175 verdict=UNKNOWN expected=7 ok=0 entity=EMPTY relation=open reln=3 attitude=ignored ties=0
PROBE id=176 verdict=UNKNOWN expected=5 ok=0 entity=oceans earth relation=open reln=0 attitude=ignored ties=0
PROBE id=177 verdict=VALUE:15 expected=15 ok=1 entity=EMPTY relation=open reln=6 attitude=ignored ties=1
PROBE id=178 verdict=UNKNOWN expected=10 ok=0 entity=players a baseball team relation=open reln=1 attitude=ignored ties=0
PROBE id=179 verdict=VALUE:5 expected=5 ok=1 entity=EMPTY relation=open reln=6 attitude=ignored ties=1
PROBE id=180 verdict=UNKNOWN expected=11 ok=0 entity=players a soccer team relation=open reln=1 attitude=ignored ties=0
PROBE id=181 verdict=UNKNOWN expected=11 ok=0 entity=EMPTY relation=open reln=6 attitude=ignored ties=0
PROBE id=182 verdict=UNKNOWN expected=4 ok=0 entity=suits a standard deck relation=open reln=1 attitude=ignored ties=0
PROBE id=183 verdict=VALUE:13 expected=13 ok=1 entity=EMPTY relation=open reln=4 attitude=ignored ties=1
PROBE id=184 verdict=UNKNOWN expected=52 ok=0 entity=cards a standard deck relation=open reln=0 attitude=ignored ties=0
PROBE id=185 verdict=VALUE:64 expected=64 ok=1 entity=EMPTY relation=open reln=4 attitude=ignored ties=1
PROBE id=186 verdict=UNKNOWN expected=16 ok=0 entity=chess pieces per side relation=open reln=0 attitude=ignored ties=0
PROBE id=187 verdict=VALUE:16 expected=8 ok=0 entity=EMPTY relation=open reln=5 attitude=ignored ties=1
PROBE id=188 verdict=UNKNOWN expected=6 ok=0 entity=faces a standard die relation=open reln=0 attitude=ignored ties=0
PROBE id=189 verdict=VALUE:21 expected=21 ok=1 entity=EMPTY relation=open reln=6 attitude=ignored ties=1
PROBE id=190 verdict=UNKNOWN expected=12 ok=0 entity=pairs ribs human body relation=open reln=0 attitude=ignored ties=0
PROBE id=191 verdict=VALUE:32 expected=32 ok=1 entity=EMPTY relation=open reln=6 attitude=ignored ties=1
PROBE id=192 verdict=UNKNOWN expected=2 ok=0 entity=lungs human body relation=open reln=0 attitude=ignored ties=0
PROBE id=193 verdict=UNKNOWN expected=2 ok=0 entity=EMPTY relation=open reln=4 attitude=ignored ties=0
PROBE id=194 verdict=UNKNOWN expected=4 ok=0 entity=chambers human heart relation=open reln=0 attitude=ignored ties=0
PROBE id=195 verdict=VALUE:12 expected=12 ok=1 entity=EMPTY relation=open reln=3 attitude=ignored ties=1
PROBE id=196 verdict=UNKNOWN expected=12 ok=0 entity=olympian gods relation=open reln=0 attitude=ignored ties=0
PROBE id=197 verdict=VALUE:7 expected=7 ok=1 entity=EMPTY relation=open reln=4 attitude=ignored ties=1
PROBE id=198 verdict=UNKNOWN expected=9 ok=0 entity=muses greek mythology relation=open reln=0 attitude=ignored ties=0
PROBE id=199 verdict=VALUE:3 expected=3 ok=1 entity=EMPTY relation=open reln=4 attitude=ignored ties=1
PROBE id=200 verdict=UNKNOWN expected=12 ok=0 entity=apostles jesus relation=open reln=0 attitude=ignored ties=0
PROBE id=201 verdict=UNKNOWN expected=10 ok=0 entity=EMPTY relation=open reln=2 attitude=ignored ties=0
PROBE id=202 verdict=UNKNOWN expected=7 ok=0 entity=deadly sins relation=open reln=0 attitude=ignored ties=0
PROBE id=203 verdict=VALUE:66 expected=66 ok=1 entity=EMPTY relation=open reln=4 attitude=ignored ties=1
PROBE id=204 verdict=UNKNOWN expected=4 ok=0 entity=gospels new testament relation=open reln=0 attitude=ignored ties=0
PROBE id=205 verdict=UNKNOWN expected=38 ok=0 entity=EMPTY relation=open reln=4 attitude=ignored ties=0
PROBE id=206 verdict=UNKNOWN expected=12 ok=0 entity=short stories adventures sherlock relation=open reln=1 attitude=ignored ties=0
PROBE id=207 verdict=UNKNOWN expected=4 ok=0 entity=EMPTY relation=open reln=4 attitude=ignored ties=0
PROBE id=208 verdict=UNKNOWN expected=56 ok=0 entity=sherlock holmes short stories relation=open reln=1 attitude=ignored ties=0
PROBE id=209 verdict=VALUE:3 expected=3 ok=1 entity=EMPTY relation=open reln=4 attitude=ignored ties=1
PROBE id=210 verdict=UNKNOWN expected=7 ok=0 entity=harry potter books relation=open reln=0 attitude=ignored ties=0
PROBE id=211 verdict=VALUE:7 expected=7 ok=1 entity=EMPTY relation=open reln=4 attitude=ignored ties=1
PROBE id=212 verdict=UNKNOWN expected=5 ok=0 entity=books hitchhiker guide galaxy relation=open reln=1 attitude=ignored ties=0
PROBE id=213 verdict=UNKNOWN expected=4 ok=0 entity=EMPTY relation=open reln=5 attitude=ignored ties=0
PROBE id=214 verdict=UNKNOWN expected=7 ok=0 entity=dwarfs snow white relation=open reln=0 attitude=ignored ties=0
PROBE id=215 verdict=VALUE:101 expected=101 ok=1 entity=EMPTY relation=open reln=4 attitude=ignored ties=1
PROBE id=216 verdict=UNKNOWN expected=12 ok=0 entity=days christmas carol relation=open reln=0 attitude=ignored ties=0
PROBE id=217 verdict=VALUE:9 expected=8 ok=0 entity=EMPTY relation=open reln=8 attitude=ignored ties=1
PROBE id=218 verdict=UNKNOWN expected=9 ok=0 entity=reindeer pulling santa sleigh relation=open reln=2 attitude=ignored ties=0
PROBE id=219 verdict=VALUE:40 expected=40 ok=1 entity=EMPTY relation=open reln=3 attitude=ignored ties=1
PROBE id=220 verdict=UNKNOWN expected=12 ok=0 entity=eggs a dozen relation=open reln=0 attitude=ignored ties=0
PROBE id=221 verdict=VALUE:12 expected=12 ok=1 entity=EMPTY relation=open reln=4 attitude=ignored ties=1
PROBE id=222 verdict=UNKNOWN expected=144 ok=0 entity=items a gross relation=open reln=0 attitude=ignored ties=0
PROBE id=223 verdict=UNKNOWN expected=20 ok=0 entity=EMPTY relation=open reln=4 attitude=ignored ties=0
PROBE id=224 verdict=UNKNOWN expected=30 ok=0 entity=teams major league baseball relation=open reln=0 attitude=ignored ties=0
PROBE id=225 verdict=VALUE:9 expected=9 ok=1 entity=EMPTY relation=open reln=5 attitude=ignored ties=1
PROBE id=226 verdict=UNKNOWN expected=100 ok=0 entity=centimeters a meter relation=open reln=0 attitude=ignored ties=0
PROBE id=227 verdict=VALUE:100 expected=100 ok=1 entity=EMPTY relation=open reln=3 attitude=ignored ties=1
PROBE id=228 verdict=UNKNOWN expected=16 ok=0 entity=ounces a pound relation=open reln=0 attitude=ignored ties=0
PROBE id=229 verdict=UNKNOWN expected=118 ok=0 entity=EMPTY relation=open reln=4 attitude=ignored ties=0
PROBE id=230 verdict=UNKNOWN expected=4 ok=0 entity=galilean moons jupiter relation=open reln=0 attitude=ignored ties=0
PROBE id=231 verdict=VALUE:7 expected=7 ok=1 entity=EMPTY relation=open reln=4 attitude=ignored ties=1
PROBE id=232 verdict=UNKNOWN expected=12 ok=0 entity=hours a clock face relation=open reln=0 attitude=ignored ties=0
PROBE id=233 verdict=UNKNOWN expected=30 ok=0 entity=EMPTY relation=open reln=3 attitude=ignored ties=0
PROBE id=234 verdict=UNKNOWN expected=31 ok=0 entity=days january relation=open reln=0 attitude=ignored ties=0
PROBE id=235 verdict=UNKNOWN expected=28 ok=0 entity=EMPTY relation=open reln=6 attitude=ignored ties=0
PROBE id=236 verdict=UNKNOWN expected=29 ok=0 entity=days february a leap relation=open reln=1 attitude=ignored ties=0
PROBE id=237 verdict=VALUE:10 expected=10 ok=1 entity=EMPTY relation=open reln=3 attitude=ignored ties=1
PROBE id=238 verdict=UNKNOWN expected=27 ok=0 entity=books new testament relation=open reln=0 attitude=ignored ties=0
PROBE id=239 verdict=VALUE:39 expected=39 ok=1 entity=EMPTY relation=open reln=6 attitude=ignored ties=1
SUMMARY ninstall=217 ncorroborate=21 ncontradict=1 nquarantine=0 ndenial=1 nderived=0 nfail=0 nprobe=240 full=148/240 clean=144/228
DIGEST 8e7b5e24ba83c039aede70b649e8736ca714cbefa11ab2f1be33ed8dbd793cd8
DIGEST2 8e7b5e24ba83c039aede70b649e8736ca714cbefa11ab2f1be33ed8dbd793cd8
LEDGER d87ee989e13afbc67d268e25215bc33d1b6cde55cf6131bdbc45fed120a2ceb5
VERIFY chain=1 dmatch=1
RESULT PASS
