PROSE-LEARN2 source=grok
INSTALL id=0 sent=0 entity=a relation=alphabet_position reln=2 attitude=asserted value=1 key=4:34fb5c82 seq=0
INSTALL id=1 sent=0 entity=b relation=alphabet_position reln=2 attitude=asserted value=2 key=7:34fb5c82 seq=1
INSTALL id=2 sent=0 entity=c relation=alphabet_position reln=2 attitude=asserted value=3 key=9:34fb5c82 seq=2
INSTALL id=3 sent=0 entity=d relation=alphabet_position reln=2 attitude=asserted value=5 key=11:34fb5c82 seq=3
INSTALL id=4 sent=0 entity=e relation=alphabet_position reln=2 attitude=asserted value=5 key=13:34fb5c82 seq=4
INSTALL id=5 sent=0 entity=f relation=alphabet_position reln=2 attitude=asserted value=6 key=14:34fb5c82 seq=5
INSTALL id=6 sent=0 entity=g relation=alphabet_position reln=2 attitude=asserted value=7 key=16:34fb5c82 seq=6
INSTALL id=7 sent=0 entity=h relation=alphabet_position reln=2 attitude=asserted value=8 key=18:34fb5c82 seq=7
INSTALL id=8 sent=0 entity=i relation=alphabet_position reln=2 attitude=asserted value=9 key=20:34fb5c82 seq=8
INSTALL id=9 sent=0 entity=j relation=alphabet_position reln=2 attitude=asserted value=10 key=22:34fb5c82 seq=9
INSTALL id=10 sent=0 entity=k relation=alphabet_position reln=2 attitude=asserted value=11 key=24:34fb5c82 seq=10
INSTALL id=11 sent=0 entity=l relation=alphabet_position reln=2 attitude=asserted value=12 key=26:34fb5c82 seq=11
INSTALL id=12 sent=0 entity=m relation=alphabet_position reln=2 attitude=asserted value=13 key=28:34fb5c82 seq=12
INSTALL id=13 sent=0 entity=n relation=alphabet_position reln=2 attitude=asserted value=14 key=30:34fb5c82 seq=13
INSTALL id=14 sent=0 entity=o relation=alphabet_position reln=2 attitude=asserted value=15 key=32:34fb5c82 seq=14
INSTALL id=15 sent=0 entity=p relation=alphabet_position reln=2 attitude=asserted value=16 key=34:34fb5c82 seq=15
INSTALL id=16 sent=0 entity=q relation=alphabet_position reln=2 attitude=asserted value=17 key=36:34fb5c82 seq=16
INSTALL id=17 sent=0 entity=r relation=alphabet_position reln=2 attitude=asserted value=18 key=38:34fb5c82 seq=17
INSTALL id=18 sent=0 entity=s relation=alphabet_position reln=2 attitude=asserted value=19 key=40:34fb5c82 seq=18
INSTALL id=19 sent=0 entity=t relation=alphabet_position reln=2 attitude=asserted value=20 key=42:34fb5c82 seq=19
INSTALL id=20 sent=0 entity=u relation=alphabet_position reln=2 attitude=asserted value=21 key=44:34fb5c82 seq=20
INSTALL id=21 sent=0 entity=v relation=alphabet_position reln=2 attitude=asserted value=22 key=46:34fb5c82 seq=21
INSTALL id=22 sent=0 entity=w relation=alphabet_position reln=2 attitude=asserted value=23 key=48:34fb5c82 seq=22
INSTALL id=23 sent=0 entity=x relation=alphabet_position reln=2 attitude=asserted value=24 key=50:34fb5c82 seq=23
INSTALL id=24 sent=0 entity=y relation=alphabet_position reln=2 attitude=asserted value=25 key=52:34fb5c82 seq=24
INSTALL id=25 sent=0 entity=z relation=alphabet_position reln=2 attitude=asserted value=26 key=54:34fb5c82 seq=25
CORROBORATE id=26 sent=0 key=4:34fb5c82 attitude=asserted seq=26
CORROBORATE id=27 sent=0 key=7:34fb5c82 attitude=asserted seq=27
CORROBORATE id=28 sent=0 key=9:34fb5c82 attitude=asserted seq=28
CONTRADICT id=29 sent=0 key=11:34fb5c82 attitude=asserted old=5 new=6 seq=29
CORROBORATE id=30 sent=0 key=13:34fb5c82 attitude=asserted seq=30
CORROBORATE id=31 sent=0 key=14:34fb5c82 attitude=asserted seq=31
CORROBORATE id=32 sent=0 key=16:34fb5c82 attitude=asserted seq=32
CORROBORATE id=33 sent=0 key=18:34fb5c82 attitude=asserted seq=33
CORROBORATE id=34 sent=0 key=20:34fb5c82 attitude=asserted seq=34
CORROBORATE id=35 sent=0 key=22:34fb5c82 attitude=asserted seq=35
CORROBORATE id=36 sent=0 key=24:34fb5c82 attitude=asserted seq=36
CORROBORATE id=37 sent=0 key=26:34fb5c82 attitude=asserted seq=37
CORROBORATE id=38 sent=0 key=28:34fb5c82 attitude=asserted seq=38
CORROBORATE id=39 sent=0 key=30:34fb5c82 attitude=asserted seq=39
CORROBORATE id=40 sent=0 key=32:34fb5c82 attitude=asserted seq=40
CORROBORATE id=41 sent=0 key=34:34fb5c82 attitude=asserted seq=41
CORROBORATE id=42 sent=0 key=36:34fb5c82 attitude=asserted seq=42
CORROBORATE id=43 sent=0 key=38:34fb5c82 attitude=asserted seq=43
CORROBORATE id=44 sent=0 key=40:34fb5c82 attitude=asserted seq=44
CORROBORATE id=45 sent=0 key=42:34fb5c82 attitude=asserted seq=45
CORROBORATE id=46 sent=0 key=44:34fb5c82 attitude=asserted seq=46
CORROBORATE id=47 sent=0 key=46:34fb5c82 attitude=asserted seq=47
INSTALL id=48 sent=0 entity=a relation=letter_count reln=2 attitude=asserted value=1 key=4:7fc7d408 seq=48
INSTALL id=49 sent=0 entity=an relation=letter_count reln=2 attitude=asserted value=2 key=59:7fc7d408 seq=49
INSTALL id=50 sent=0 entity=the relation=letter_count reln=2 attitude=asserted value=3 key=0:7fc7d408 seq=50
INSTALL id=51 sent=0 entity=four relation=letter_count reln=2 attitude=asserted value=4 key=60:7fc7d408 seq=51
INSTALL id=52 sent=0 entity=seven relation=letter_count reln=2 attitude=asserted value=5 key=62:7fc7d408 seq=52
INSTALL id=53 sent=0 entity=minute relation=letter_count reln=2 attitude=asserted value=6 key=63:7fc7d408 seq=53
INSTALL id=54 sent=0 entity=seconds relation=letter_count reln=2 attitude=asserted value=7 key=64:7fc7d408 seq=54
INSTALL id=55 sent=0 entity=saturday relation=letter_count reln=2 attitude=asserted value=7 key=66:7fc7d408 seq=55
INSTALL id=56 sent=0 entity=afternoon relation=letter_count reln=2 attitude=asserted value=9 key=67:7fc7d408 seq=56
INSTALL id=57 sent=0 entity=dictionary relation=letter_count reln=2 attitude=asserted value=10 key=68:7fc7d408 seq=57
INSTALL id=58 sent=0 entity=handwriting relation=letter_count reln=2 attitude=asserted value=11 key=69:7fc7d408 seq=58
INSTALL id=59 sent=0 entity=disappointed relation=letter_count reln=2 attitude=asserted value=12 key=70:7fc7d408 seq=59
INSTALL id=60 sent=0 entity=extraordinary relation=letter_count reln=2 attitude=asserted value=13 key=72:7fc7d408 seq=60
INSTALL id=61 sent=0 entity=responsibility relation=letter_count reln=2 attitude=asserted value=14 key=73:7fc7d408 seq=61
INSTALL id=62 sent=0 entity=congratulations relation=letter_count reln=2 attitude=asserted value=15 key=74:7fc7d408 seq=62
INSTALL id=63 sent=0 entity=misunderstanding relation=letter_count reln=2 attitude=asserted value=16 key=76:7fc7d408 seq=63
INSTALL id=64 sent=0 entity=misunderstandings relation=letter_count reln=2 attitude=asserted value=17 key=77:7fc7d408 seq=64
INSTALL id=65 sent=0 entity=characteristically relation=letter_count reln=2 attitude=asserted value=18 key=78:7fc7d408 seq=65
INSTALL id=66 sent=0 entity=incomprehensibility relation=letter_count reln=2 attitude=asserted value=19 key=79:7fc7d408 seq=66
INSTALL id=67 sent=0 entity=uncharacteristically relation=letter_count reln=2 attitude=asserted value=20 key=80:7fc7d408 seq=67
INSTALL id=68 sent=0 entity=incomprehensibilities relation=letter_count reln=2 attitude=asserted value=21 key=81:7fc7d408 seq=68
INSTALL id=69 sent=0 entity=electroencephalography relation=letter_count reln=2 attitude=asserted value=22 key=82:7fc7d408 seq=69
INSTALL id=70 sent=0 entity=disproportionableness relation=letter_count reln=2 attitude=asserted value=21 key=83:7fc7d408 seq=70
INSTALL id=71 sent=0 entity=incontrovertibleness relation=letter_count reln=2 attitude=asserted value=21 key=84:7fc7d408 seq=71
INSTALL id=72 sent=0 entity=counterdemonstrations relation=letter_count reln=2 attitude=asserted value=21 key=85:7fc7d408 seq=72
INSTALL id=73 sent=0 entity=electroencephalograms relation=letter_count reln=2 attitude=asserted value=21 key=87:7fc7d408 seq=73
INSTALL id=74 sent=0 entity=internationalization relation=letter_count reln=2 attitude=asserted value=20 key=89:7fc7d408 seq=74
INSTALL id=75 sent=0 entity=antidisestablishmentarian relation=letter_count reln=2 attitude=asserted value=25 key=90:7fc7d408 seq=75
INSTALL id=76 sent=0 entity=antidisestablishmentarianism relation=letter_count reln=2 attitude=asserted value=28 key=91:7fc7d408 seq=76
INSTALL id=77 sent=0 entity=time relation=letter_count reln=2 attitude=asserted value=4 key=93:7fc7d408 seq=77
INSTALL id=78 sent=0 entity=word relation=letter_count reln=2 attitude=asserted value=4 key=94:7fc7d408 seq=78
INSTALL id=79 sent=0 entity=sentence relation=letter_count reln=2 attitude=asserted value=8 key=95:7fc7d408 seq=79
INSTALL id=80 sent=0 entity=knowledge relation=letter_count reln=2 attitude=asserted value=8 key=96:7fc7d408 seq=80
INSTALL id=81 sent=0 entity=question relation=letter_count reln=2 attitude=asserted value=8 key=97:7fc7d408 seq=81
INSTALL id=82 sent=0 entity=answer relation=letter_count reln=2 attitude=asserted value=6 key=98:7fc7d408 seq=82
INSTALL id=83 sent=0 entity=library relation=letter_count reln=2 attitude=asserted value=7 key=99:7fc7d408 seq=83
INSTALL id=84 sent=0 entity=book relation=letter_count reln=2 attitude=asserted value=4 key=100:7fc7d408 seq=84
INSTALL id=85 sent=0 entity=novel relation=letter_count reln=2 attitude=asserted value=5 key=101:7fc7d408 seq=85
INSTALL id=86 sent=0 entity=story relation=letter_count reln=2 attitude=asserted value=5 key=102:7fc7d408 seq=86
INSTALL id=87 sent=0 entity=poem relation=letter_count reln=2 attitude=asserted value=4 key=103:7fc7d408 seq=87
INSTALL id=88 sent=0 entity=rhyme relation=letter_count reln=2 attitude=asserted value=7 key=104:7fc7d408 seq=88
INSTALL id=89 sent=0 entity=grammar relation=letter_count reln=2 attitude=asserted value=8 key=105:7fc7d408 seq=89
INSTALL id=90 sent=0 entity=spelling relation=letter_count reln=2 attitude=asserted value=10 key=106:7fc7d408 seq=90
INSTALL id=91 sent=0 entity=vocabulary relation=letter_count reln=2 attitude=asserted value=9 key=107:7fc7d408 seq=91
INSTALL id=92 sent=0 entity=paragraph relation=letter_count reln=2 attitude=asserted value=7 key=108:7fc7d408 seq=92
INSTALL id=93 sent=0 entity=chapter relation=letter_count reln=2 attitude=asserted value=4 key=109:7fc7d408 seq=93
INSTALL id=94 sent=0 entity=page relation=letter_count reln=2 attitude=asserted value=3 key=110:7fc7d408 seq=94
INSTALL id=95 sent=0 entity=ink relation=letter_count reln=2 attitude=asserted value=3 key=111:7fc7d408 seq=95
INSTALL id=96 sent=0 entity=hamlet relation=publication_year reln=2 attitude=asserted value=1603 key=115:e9280bf7 seq=96
INSTALL id=97 sent=0 entity=don quixote relation=publication_year reln=2 attitude=asserted value=1605 key=120:e9280bf7 seq=97
INSTALL id=98 sent=0 entity=king lear relation=publication_year reln=2 attitude=asserted value=1608 key=124:e9280bf7 seq=98
INSTALL id=99 sent=0 entity=king james bible relation=publication_year reln=2 attitude=asserted value=1611 key=129:e9280bf7 seq=99
INSTALL id=100 sent=0 entity=shakespeare folio relation=publication_year reln=2 attitude=asserted value=1623 key=134:e9280bf7 seq=100
INSTALL id=101 sent=0 entity=leviathan relation=publication_year reln=2 attitude=asserted value=1651 key=135:e9280bf7 seq=101
INSTALL id=102 sent=0 entity=paradise lost relation=publication_year reln=2 attitude=asserted value=1667 key=140:e9280bf7 seq=102
INSTALL id=103 sent=0 entity=pilgrim progress relation=publication_year reln=2 attitude=asserted value=1688 key=144:e9280bf7 seq=103
INSTALL id=104 sent=0 entity=robinson crusoe relation=publication_year reln=2 attitude=asserted value=1719 key=148:e9280bf7 seq=104
INSTALL id=105 sent=0 entity=gulliver travels relation=publication_year reln=2 attitude=asserted value=1726 key=153:e9280bf7 seq=105
INSTALL id=106 sent=0 entity=pamela relation=publication_year reln=2 attitude=asserted value=1740 key=154:e9280bf7 seq=106
INSTALL id=107 sent=0 entity=tom jones relation=publication_year reln=2 attitude=asserted value=1749 key=160:e9280bf7 seq=107
INSTALL id=108 sent=0 entity=publication year relation=publication_year reln=2 attitude=asserted value=1759 key=162:e9280bf7 seq=108
CONTRADICT id=109 sent=0 key=162:e9280bf7 attitude=asserted old=1759 new=1766 seq=109
INSTALL id=120 sent=0 entity=walden relation=publication_year reln=2 attitude=asserted value=1854 key=172:e9280bf7 seq=110
INSTALL id=121 sent=0 entity=madame bovary relation=publication_year reln=2 attitude=asserted value=1857 key=177:e9280bf7 seq=111
INSTALL id=122 sent=0 entity=a relation=publication_year reln=2 attitude=asserted value=1859 key=4:e9280bf7 seq=112
INSTALL id=123 sent=0 entity=great expectations relation=publication_year reln=2 attitude=asserted value=1861 key=187:e9280bf7 seq=113
INSTALL id=124 sent=0 entity=les miserables relation=publication_year reln=2 attitude=asserted value=1862 key=192:e9280bf7 seq=114
INSTALL id=125 sent=0 entity=alice adventures wonderland relation=publication_year reln=2 attitude=asserted value=1865 key=199:e9280bf7 seq=115
INSTALL id=126 sent=0 entity=crime punishment relation=publication_year reln=2 attitude=asserted value=1866 key=204:e9280bf7 seq=116
INSTALL id=127 sent=0 entity=war peace relation=publication_year reln=2 attitude=asserted value=1869 key=208:e9280bf7 seq=117
INSTALL id=128 sent=0 entity=through looking glass relation=publication_year reln=2 attitude=asserted value=1871 key=213:e9280bf7 seq=118
INSTALL id=129 sent=0 entity=anna karenina relation=publication_year reln=2 attitude=asserted value=1878 key=217:e9280bf7 seq=119
INSTALL id=130 sent=0 entity=brothers karamazov relation=publication_year reln=2 attitude=asserted value=1880 key=222:e9280bf7 seq=120
INSTALL id=131 sent=0 entity=treasure island relation=publication_year reln=2 attitude=asserted value=1883 key=226:e9280bf7 seq=121
INSTALL id=144 sent=0 entity=count letters english alphabet relation=open reln=0 attitude=asserted value=26 key=240:e3b0c442 seq=122
INSTALL id=145 sent=0 entity=count vowels english alphabet relation=open reln=0 attitude=asserted value=5 key=243:e3b0c442 seq=123
INSTALL id=146 sent=0 entity=count consonants english alphabet relation=open reln=0 attitude=asserted value=21 key=246:e3b0c442 seq=124
INSTALL id=147 sent=0 entity=count days a week relation=open reln=0 attitude=asserted value=7 key=250:e3b0c442 seq=125
INSTALL id=148 sent=0 entity=count months a year relation=open reln=0 attitude=asserted value=12 key=253:e3b0c442 seq=126
INSTALL id=149 sent=0 entity=count seasons a year relation=open reln=0 attitude=asserted value=4 key=256:e3b0c442 seq=127
INSTALL id=150 sent=0 entity=count weeks a year relation=open reln=0 attitude=asserted value=52 key=259:e3b0c442 seq=128
INSTALL id=151 sent=0 entity=count hours a day relation=open reln=0 attitude=asserted value=24 key=262:e3b0c442 seq=129
INSTALL id=152 sent=0 entity=count minutes hour relation=open reln=0 attitude=asserted value=60 key=265:e3b0c442 seq=130
INSTALL id=153 sent=0 entity=count seconds a minute relation=open reln=0 attitude=asserted value=60 key=266:e3b0c442 seq=131
INSTALL id=154 sent=0 entity=count hours a week relation=open reln=0 attitude=asserted value=168 key=268:e3b0c442 seq=132
INSTALL id=155 sent=0 entity=count amendments us constitution relation=open reln=0 attitude=asserted value=27 key=275:e3b0c442 seq=133
INSTALL id=156 sent=0 entity=count digits decimal number relation=open reln=1 attitude=asserted value=10 key=281:f2ba7fd7 seq=134
INSTALL id=157 sent=0 entity=count years a century relation=open reln=0 attitude=asserted value=100 key=285:e3b0c442 seq=135
INSTALL id=158 sent=0 entity=count inches a foot relation=open reln=0 attitude=asserted value=12 key=289:e3b0c442 seq=136
INSTALL id=159 sent=0 entity=count feet a yard relation=open reln=0 attitude=asserted value=3 key=292:e3b0c442 seq=137
INSTALL id=160 sent=0 entity=count holes a full relation=open reln=2 attitude=asserted value=18 key=298:a6c997ea seq=138
INSTALL id=161 sent=0 entity=count quarts a gallon relation=open reln=0 attitude=asserted value=4 key=302:e3b0c442 seq=139
INSTALL id=162 sent=0 entity=count pints a quart relation=open reln=0 attitude=asserted value=2 key=305:e3b0c442 seq=140
INSTALL id=163 sent=0 entity=count sides a triangle relation=open reln=0 attitude=asserted value=4 key=309:e3b0c442 seq=141
INSTALL id=164 sent=0 entity=count primary colors relation=open reln=0 attitude=asserted value=3 key=313:e3b0c442 seq=142
INSTALL id=165 sent=0 entity=count colors rainbow relation=open reln=0 attitude=asserted value=7 key=315:e3b0c442 seq=143
INSTALL id=166 sent=0 entity=count keys a standard relation=open reln=1 attitude=asserted value=88 key=322:874d4a57 seq=144
INSTALL id=167 sent=0 entity=count strings a standard relation=open reln=1 attitude=asserted value=6 key=326:39a74af7 seq=145
INSTALL id=168 sent=0 entity=count strings a violin relation=open reln=0 attitude=asserted value=4 key=328:e3b0c442 seq=146
INSTALL id=169 sent=0 entity=count planets solar system relation=open reln=0 attitude=asserted value=8 key=332:e3b0c442 seq=147
INSTALL id=170 sent=0 entity=count members beatles relation=open reln=0 attitude=asserted value=4 key=337:e3b0c442 seq=148
INSTALL id=171 sent=0 entity=count members jackson relation=open reln=0 attitude=asserted value=5 key=339:e3b0c442 seq=149
INSTALL id=172 sent=0 entity=count states united states relation=open reln=0 attitude=asserted value=50 key=345:e3b0c442 seq=150
INSTALL id=173 sent=0 entity=count stripes us flag relation=open reln=0 attitude=asserted value=13 key=349:e3b0c442 seq=151
INSTALL id=174 sent=0 entity=count stars us flag relation=open reln=0 attitude=asserted value=50 key=352:e3b0c442 seq=152
INSTALL id=175 sent=0 entity=count continents earth relation=open reln=0 attitude=asserted value=7 key=356:e3b0c442 seq=153
INSTALL id=176 sent=0 entity=count oceans earth relation=open reln=0 attitude=asserted value=5 key=359:e3b0c442 seq=154
INSTALL id=177 sent=0 entity=count players a rugby relation=open reln=2 attitude=asserted value=15 key=365:3c1599fe seq=155
INSTALL id=178 sent=0 entity=count players a baseball relation=open reln=2 attitude=asserted value=10 key=368:e0d4f9f9 seq=156
INSTALL id=179 sent=0 entity=count players a basketball relation=open reln=2 attitude=asserted value=5 key=371:a7ec51fa seq=157
INSTALL id=180 sent=0 entity=count players a soccer relation=open reln=2 attitude=asserted value=11 key=373:e0d4f9f9 seq=158
INSTALL id=181 sent=0 entity=count players american football relation=open reln=2 attitude=asserted value=11 key=376:e0d4f9f9 seq=159
INSTALL id=182 sent=0 entity=count suits a standard relation=open reln=2 attitude=asserted value=4 key=382:783912ec seq=160
INSTALL id=183 sent=0 entity=count cards each suit relation=open reln=0 attitude=asserted value=13 key=384:e3b0c442 seq=161
INSTALL id=184 sent=0 entity=count cards a standard relation=open reln=1 attitude=asserted value=52 key=385:3c5c1fd9 seq=162
INSTALL id=185 sent=0 entity=count squares a chessboard relation=open reln=0 attitude=asserted value=64 key=390:e3b0c442 seq=163
INSTALL id=186 sent=0 entity=count chess pieces per relation=open reln=1 attitude=asserted value=16 key=395:745dde18 seq=164
INSTALL id=187 sent=0 entity=count pawns per side relation=open reln=1 attitude=asserted value=8 key=398:5c5e6a67 seq=165
INSTALL id=188 sent=0 entity=count faces a standard relation=open reln=1 attitude=asserted value=6 key=402:e1299afa seq=166
INSTALL id=189 sent=0 entity=count dots pips a relation=open reln=2 attitude=asserted value=21 key=407:dbfbec9d seq=167
INSTALL id=190 sent=0 entity=count pairs ribs human relation=open reln=1 attitude=asserted value=12 key=414:60ad1fb6 seq=168
INSTALL id=191 sent=0 entity=count teeth a full relation=open reln=2 attitude=asserted value=32 key=419:d00d8e74 seq=169
INSTALL id=192 sent=0 entity=count lungs human body relation=open reln=0 attitude=asserted value=2 key=422:e3b0c442 seq=170
INSTALL id=193 sent=0 entity=count kidneys human body relation=open reln=0 attitude=asserted value=2 key=425:e3b0c442 seq=171
INSTALL id=194 sent=0 entity=count chambers human heart relation=open reln=0 attitude=asserted value=4 key=429:e3b0c442 seq=172
INSTALL id=195 sent=0 entity=count labors hercules relation=open reln=0 attitude=asserted value=12 key=434:e3b0c442 seq=173
INSTALL id=196 sent=0 entity=count olympian gods relation=open reln=0 attitude=asserted value=12 key=438:e3b0c442 seq=174
INSTALL id=197 sent=0 entity=count wonders ancient world relation=open reln=0 attitude=asserted value=7 key=443:e3b0c442 seq=175
INSTALL id=198 sent=0 entity=count muses greek mythology relation=open reln=0 attitude=asserted value=9 key=448:e3b0c442 seq=176
INSTALL id=199 sent=0 entity=count fates greek mythology relation=open reln=0 attitude=asserted value=3 key=451:e3b0c442 seq=177
INSTALL id=200 sent=0 entity=count apostles jesus relation=open reln=0 attitude=asserted value=12 key=456:e3b0c442 seq=178
INSTALL id=201 sent=0 entity=count commandments relation=open reln=0 attitude=asserted value=10 key=460:e3b0c442 seq=179
INSTALL id=202 sent=0 entity=count deadly sins relation=open reln=0 attitude=asserted value=7 key=464:e3b0c442 seq=180
INSTALL id=203 sent=0 entity=count books protestant bible relation=open reln=0 attitude=asserted value=66 key=468:e3b0c442 seq=181
INSTALL id=204 sent=0 entity=count gospels new testament relation=open reln=0 attitude=asserted value=4 key=473:e3b0c442 seq=182
INSTALL id=205 sent=0 entity=count plays attributed shakespeare relation=open reln=0 attitude=asserted value=38 key=479:e3b0c442 seq=183
INSTALL id=206 sent=0 entity=count short stories adventures relation=open reln=2 attitude=asserted value=12 key=485:babfa205 seq=184
INSTALL id=207 sent=0 entity=count sherlock holmes novels relation=open reln=0 attitude=asserted value=4 key=487:e3b0c442 seq=185
INSTALL id=208 sent=0 entity=count sherlock holmes short relation=open reln=2 attitude=asserted value=56 key=490:f1e43486 seq=186
INSTALL id=209 sent=0 entity=count volumes lord rings relation=open reln=0 attitude=asserted value=3 key=496:e3b0c442 seq=187
INSTALL id=210 sent=0 entity=count harry potter books relation=open reln=0 attitude=asserted value=7 key=499:e3b0c442 seq=188
INSTALL id=211 sent=0 entity=count chronicles narnia books relation=open reln=0 attitude=asserted value=7 key=503:e3b0c442 seq=189
INSTALL id=212 sent=0 entity=count books hitchhiker guide relation=open reln=2 attitude=asserted value=5 key=508:7f8fd26d seq=190
INSTALL id=213 sent=0 entity=count teenage mutant ninja relation=open reln=1 attitude=asserted value=4 key=514:d81fe96d seq=191
INSTALL id=214 sent=0 entity=count dwarfs snow white relation=open reln=0 attitude=asserted value=7 key=519:e3b0c442 seq=192
INSTALL id=215 sent=0 entity=count dalmatians disney title relation=open reln=0 attitude=asserted value=101 key=525:e3b0c442 seq=193
INSTALL id=216 sent=0 entity=count days christmas carol relation=open reln=0 attitude=asserted value=12 key=529:e3b0c442 seq=194
DENIAL id=217 sent=0 entity=count reindeer pulling santa relation=open reln=4 value=8 key=537:ca778e22 seq=195
INSTALL id=218 sent=0 entity=count reindeer pulling santa relation=open reln=3 attitude=asserted value=9 key=537:613ccec9 seq=196
INSTALL id=219 sent=0 entity=count days lent relation=open reln=0 attitude=asserted value=40 key=540:e3b0c442 seq=197
INSTALL id=220 sent=0 entity=count eggs a dozen relation=open reln=0 attitude=asserted value=12 key=544:e3b0c442 seq=198
INSTALL id=221 sent=0 entity=count dozens a gross relation=open reln=0 attitude=asserted value=12 key=547:e3b0c442 seq=199
INSTALL id=222 sent=0 entity=count items a gross relation=open reln=0 attitude=asserted value=144 key=551:e3b0c442 seq=200
INSTALL id=223 sent=0 entity=count items a score relation=open reln=0 attitude=asserted value=20 key=553:e3b0c442 seq=201
INSTALL id=224 sent=0 entity=count teams major league relation=open reln=1 attitude=asserted value=30 key=558:3944e075 seq=202
INSTALL id=225 sent=0 entity=count justices us supreme relation=open reln=1 attitude=asserted value=9 key=562:4fa0e926 seq=203
INSTALL id=226 sent=0 entity=count centimeters a meter relation=open reln=0 attitude=asserted value=100 key=566:e3b0c442 seq=204
INSTALL id=227 sent=0 entity=count us senators relation=open reln=0 attitude=asserted value=100 key=569:e3b0c442 seq=205
INSTALL id=228 sent=0 entity=count ounces a pound relation=open reln=0 attitude=asserted value=16 key=573:e3b0c442 seq=206
INSTALL id=229 sent=0 entity=count elements periodic table relation=open reln=0 attitude=asserted value=118 key=580:e3b0c442 seq=207
INSTALL id=230 sent=0 entity=count galilean moons jupiter relation=open reln=0 attitude=asserted value=4 key=585:e3b0c442 seq=208
INSTALL id=231 sent=0 entity=count legs a spider relation=open reln=0 attitude=asserted value=7 key=589:e3b0c442 seq=209
INSTALL id=232 sent=0 entity=count hours a clock relation=open reln=1 attitude=asserted value=12 key=591:67f3b78b seq=210
INSTALL id=233 sent=0 entity=count days april relation=open reln=0 attitude=asserted value=30 key=593:e3b0c442 seq=211
INSTALL id=234 sent=0 entity=count days january relation=open reln=0 attitude=asserted value=31 key=596:e3b0c442 seq=212
INSTALL id=235 sent=0 entity=count days february a relation=open reln=2 attitude=asserted value=28 key=599:13260d9e seq=213
INSTALL id=236 sent=0 entity=count days february a relation=open reln=2 attitude=asserted value=29 key=599:71048ebd seq=214
INSTALL id=237 sent=0 entity=count provinces canada relation=open reln=0 attitude=asserted value=10 key=605:e3b0c442 seq=215
INSTALL id=238 sent=0 entity=count books new testament relation=open reln=0 attitude=asserted value=27 key=606:e3b0c442 seq=216
INSTALL id=239 sent=0 entity=count books old testament relation=open reln=2 attitude=asserted value=39 key=609:731d8322 seq=217
PROBE id=0 verdict=VALUE:1 expected=1 ok=1 entity=a relation=alphabet_position reln=2 attitude=ignored ties=1
PROBE id=1 verdict=VALUE:2 expected=2 ok=1 entity=b relation=alphabet_position reln=2 attitude=ignored ties=1
PROBE id=2 verdict=VALUE:3 expected=3 ok=1 entity=c relation=alphabet_position reln=2 attitude=ignored ties=1
PROBE id=3 verdict=CONTRADICTION expected=5 ok=0 entity=d relation=alphabet_position reln=2 attitude=ignored ties=0
PROBE id=4 verdict=VALUE:5 expected=5 ok=1 entity=e relation=alphabet_position reln=2 attitude=ignored ties=1
PROBE id=5 verdict=VALUE:6 expected=6 ok=1 entity=f relation=alphabet_position reln=2 attitude=ignored ties=1
PROBE id=6 verdict=VALUE:7 expected=7 ok=1 entity=g relation=alphabet_position reln=2 attitude=ignored ties=1
PROBE id=7 verdict=VALUE:8 expected=8 ok=1 entity=h relation=alphabet_position reln=2 attitude=ignored ties=1
PROBE id=8 verdict=VALUE:9 expected=9 ok=1 entity=i relation=alphabet_position reln=2 attitude=ignored ties=1
PROBE id=9 verdict=VALUE:10 expected=10 ok=1 entity=j relation=alphabet_position reln=2 attitude=ignored ties=1
PROBE id=10 verdict=VALUE:11 expected=11 ok=1 entity=k relation=alphabet_position reln=2 attitude=ignored ties=1
PROBE id=11 verdict=VALUE:12 expected=12 ok=1 entity=l relation=alphabet_position reln=2 attitude=ignored ties=1
PROBE id=12 verdict=VALUE:13 expected=13 ok=1 entity=m relation=open reln=2 attitude=ignored ties=1
PROBE id=13 verdict=VALUE:14 expected=14 ok=1 entity=n relation=open reln=2 attitude=ignored ties=1
PROBE id=14 verdict=VALUE:15 expected=15 ok=1 entity=o relation=open reln=2 attitude=ignored ties=1
PROBE id=15 verdict=VALUE:16 expected=16 ok=1 entity=p relation=open reln=2 attitude=ignored ties=1
PROBE id=16 verdict=VALUE:17 expected=17 ok=1 entity=q relation=open reln=2 attitude=ignored ties=1
PROBE id=17 verdict=VALUE:18 expected=18 ok=1 entity=r relation=open reln=2 attitude=ignored ties=1
PROBE id=18 verdict=VALUE:19 expected=19 ok=1 entity=s relation=open reln=2 attitude=ignored ties=1
PROBE id=19 verdict=VALUE:20 expected=20 ok=1 entity=t relation=open reln=2 attitude=ignored ties=1
PROBE id=20 verdict=VALUE:21 expected=21 ok=1 entity=u relation=open reln=2 attitude=ignored ties=1
PROBE id=21 verdict=VALUE:22 expected=22 ok=1 entity=v relation=open reln=2 attitude=ignored ties=1
PROBE id=22 verdict=VALUE:23 expected=23 ok=1 entity=w relation=open reln=2 attitude=ignored ties=1
PROBE id=23 verdict=VALUE:24 expected=24 ok=1 entity=x relation=open reln=2 attitude=ignored ties=1
PROBE id=24 verdict=VALUE:25 expected=25 ok=1 entity=y relation=alphabet_position reln=2 attitude=ignored ties=1
PROBE id=25 verdict=VALUE:26 expected=26 ok=1 entity=z relation=alphabet_position reln=2 attitude=ignored ties=1
PROBE id=26 verdict=VALUE:1 expected=1 ok=1 entity=a relation=alphabet_position reln=2 attitude=ignored ties=1
PROBE id=27 verdict=VALUE:2 expected=2 ok=1 entity=b relation=alphabet_position reln=2 attitude=ignored ties=1
PROBE id=28 verdict=VALUE:3 expected=3 ok=1 entity=c relation=alphabet_position reln=2 attitude=ignored ties=1
PROBE id=29 verdict=CONTRADICTION expected=6 ok=0 entity=d relation=alphabet_position reln=2 attitude=ignored ties=0
PROBE id=30 verdict=VALUE:5 expected=5 ok=1 entity=e relation=alphabet_position reln=2 attitude=ignored ties=1
PROBE id=31 verdict=VALUE:6 expected=6 ok=1 entity=f relation=alphabet_position reln=2 attitude=ignored ties=1
PROBE id=32 verdict=VALUE:7 expected=7 ok=1 entity=g relation=alphabet_position reln=2 attitude=ignored ties=1
PROBE id=33 verdict=VALUE:8 expected=8 ok=1 entity=h relation=alphabet_position reln=2 attitude=ignored ties=1
PROBE id=34 verdict=VALUE:9 expected=9 ok=1 entity=i relation=alphabet_position reln=2 attitude=ignored ties=1
PROBE id=35 verdict=VALUE:10 expected=10 ok=1 entity=j relation=alphabet_position reln=2 attitude=ignored ties=1
PROBE id=36 verdict=VALUE:11 expected=11 ok=1 entity=k relation=alphabet_position reln=2 attitude=ignored ties=1
PROBE id=37 verdict=VALUE:12 expected=12 ok=1 entity=l relation=alphabet_position reln=2 attitude=ignored ties=1
PROBE id=38 verdict=VALUE:13 expected=13 ok=1 entity=m relation=alphabet_position reln=2 attitude=ignored ties=1
PROBE id=39 verdict=VALUE:14 expected=14 ok=1 entity=n relation=alphabet_position reln=2 attitude=ignored ties=1
PROBE id=40 verdict=VALUE:15 expected=15 ok=1 entity=o relation=alphabet_position reln=2 attitude=ignored ties=1
PROBE id=41 verdict=VALUE:16 expected=16 ok=1 entity=p relation=alphabet_position reln=2 attitude=ignored ties=1
PROBE id=42 verdict=VALUE:17 expected=17 ok=1 entity=q relation=alphabet_position reln=2 attitude=ignored ties=1
PROBE id=43 verdict=VALUE:18 expected=18 ok=1 entity=r relation=alphabet_position reln=2 attitude=ignored ties=1
PROBE id=44 verdict=VALUE:19 expected=19 ok=1 entity=s relation=alphabet_position reln=2 attitude=ignored ties=1
PROBE id=45 verdict=VALUE:20 expected=20 ok=1 entity=t relation=alphabet_position reln=2 attitude=ignored ties=1
PROBE id=46 verdict=VALUE:21 expected=21 ok=1 entity=u relation=alphabet_position reln=2 attitude=ignored ties=1
PROBE id=47 verdict=VALUE:22 expected=22 ok=1 entity=v relation=alphabet_position reln=2 attitude=ignored ties=1
PROBE id=48 verdict=VALUE:1 expected=1 ok=1 entity=a relation=open reln=2 attitude=ignored ties=3
PROBE id=49 verdict=VALUE:2 expected=2 ok=1 entity=an relation=open reln=2 attitude=ignored ties=1
PROBE id=50 verdict=VALUE:3 expected=3 ok=1 entity=the relation=open reln=2 attitude=ignored ties=1
PROBE id=51 verdict=VALUE:4 expected=4 ok=1 entity=four relation=open reln=2 attitude=ignored ties=1
PROBE id=52 verdict=VALUE:5 expected=5 ok=1 entity=seven relation=open reln=2 attitude=ignored ties=1
PROBE id=53 verdict=VALUE:6 expected=6 ok=1 entity=minute relation=open reln=2 attitude=ignored ties=1
PROBE id=54 verdict=VALUE:7 expected=7 ok=1 entity=seconds relation=open reln=2 attitude=ignored ties=1
PROBE id=55 verdict=VALUE:7 expected=7 ok=1 entity=saturday relation=open reln=2 attitude=ignored ties=1
PROBE id=56 verdict=VALUE:9 expected=9 ok=1 entity=afternoon relation=open reln=2 attitude=ignored ties=1
PROBE id=57 verdict=VALUE:10 expected=10 ok=1 entity=dictionary relation=open reln=2 attitude=ignored ties=1
PROBE id=58 verdict=VALUE:11 expected=11 ok=1 entity=handwriting relation=open reln=2 attitude=ignored ties=1
PROBE id=59 verdict=VALUE:12 expected=12 ok=1 entity=disappointed relation=open reln=2 attitude=ignored ties=1
PROBE id=60 verdict=UNKNOWN expected=13 ok=0 entity=letters relation=open reln=2 attitude=ignored ties=0
PROBE id=61 verdict=UNKNOWN expected=14 ok=0 entity=letters relation=open reln=2 attitude=ignored ties=0
PROBE id=62 verdict=UNKNOWN expected=15 ok=0 entity=letters relation=open reln=2 attitude=ignored ties=0
PROBE id=63 verdict=UNKNOWN expected=16 ok=0 entity=letters relation=open reln=2 attitude=ignored ties=0
PROBE id=64 verdict=UNKNOWN expected=17 ok=0 entity=letters relation=open reln=2 attitude=ignored ties=0
PROBE id=65 verdict=UNKNOWN expected=18 ok=0 entity=letters relation=open reln=2 attitude=ignored ties=0
PROBE id=66 verdict=UNKNOWN expected=19 ok=0 entity=letters relation=open reln=2 attitude=ignored ties=0
PROBE id=67 verdict=UNKNOWN expected=20 ok=0 entity=letters relation=open reln=2 attitude=ignored ties=0
PROBE id=68 verdict=UNKNOWN expected=21 ok=0 entity=letters relation=open reln=2 attitude=ignored ties=0
PROBE id=69 verdict=UNKNOWN expected=22 ok=0 entity=letters relation=open reln=2 attitude=ignored ties=0
PROBE id=70 verdict=UNKNOWN expected=21 ok=0 entity=letters relation=open reln=2 attitude=ignored ties=0
PROBE id=71 verdict=UNKNOWN expected=21 ok=0 entity=letters relation=open reln=2 attitude=ignored ties=0
PROBE id=72 verdict=UNKNOWN expected=21 ok=0 entity=EMPTY relation=open reln=4 attitude=ignored ties=0
PROBE id=73 verdict=UNKNOWN expected=21 ok=0 entity=EMPTY relation=open reln=4 attitude=ignored ties=0
PROBE id=74 verdict=UNKNOWN expected=20 ok=0 entity=EMPTY relation=open reln=4 attitude=ignored ties=0
PROBE id=75 verdict=UNKNOWN expected=25 ok=0 entity=EMPTY relation=open reln=4 attitude=ignored ties=0
PROBE id=76 verdict=UNKNOWN expected=28 ok=0 entity=EMPTY relation=open reln=4 attitude=ignored ties=0
PROBE id=77 verdict=UNKNOWN expected=4 ok=0 entity=EMPTY relation=open reln=4 attitude=ignored ties=0
PROBE id=78 verdict=UNKNOWN expected=4 ok=0 entity=EMPTY relation=open reln=3 attitude=ignored ties=0
PROBE id=79 verdict=UNKNOWN expected=8 ok=0 entity=EMPTY relation=open reln=4 attitude=ignored ties=0
PROBE id=80 verdict=UNKNOWN expected=8 ok=0 entity=EMPTY relation=open reln=4 attitude=ignored ties=0
PROBE id=81 verdict=UNKNOWN expected=8 ok=0 entity=EMPTY relation=open reln=4 attitude=ignored ties=0
PROBE id=82 verdict=UNKNOWN expected=6 ok=0 entity=EMPTY relation=open reln=4 attitude=ignored ties=0
PROBE id=83 verdict=UNKNOWN expected=7 ok=0 entity=EMPTY relation=open reln=4 attitude=ignored ties=0
PROBE id=84 verdict=UNKNOWN expected=4 ok=0 entity=letters relation=open reln=2 attitude=ignored ties=0
PROBE id=85 verdict=UNKNOWN expected=5 ok=0 entity=letters relation=open reln=2 attitude=ignored ties=0
PROBE id=86 verdict=UNKNOWN expected=5 ok=0 entity=letters relation=open reln=2 attitude=ignored ties=0
PROBE id=87 verdict=UNKNOWN expected=4 ok=0 entity=letters relation=open reln=2 attitude=ignored ties=0
PROBE id=88 verdict=UNKNOWN expected=5 ok=0 entity=letters relation=open reln=2 attitude=ignored ties=0
PROBE id=89 verdict=UNKNOWN expected=7 ok=0 entity=letters relation=open reln=2 attitude=ignored ties=0
PROBE id=90 verdict=UNKNOWN expected=8 ok=0 entity=letters relation=open reln=2 attitude=ignored ties=0
PROBE id=91 verdict=UNKNOWN expected=10 ok=0 entity=letters relation=open reln=2 attitude=ignored ties=0
PROBE id=92 verdict=UNKNOWN expected=9 ok=0 entity=letters relation=open reln=2 attitude=ignored ties=0
PROBE id=93 verdict=UNKNOWN expected=7 ok=0 entity=letters relation=open reln=2 attitude=ignored ties=0
PROBE id=94 verdict=UNKNOWN expected=4 ok=0 entity=letters relation=open reln=2 attitude=ignored ties=0
PROBE id=95 verdict=UNKNOWN expected=3 ok=0 entity=letters relation=open reln=2 attitude=ignored ties=0
PROBE id=96 verdict=UNKNOWN expected=1603 ok=0 entity=year relation=open reln=2 attitude=ignored ties=0
PROBE id=97 verdict=UNKNOWN expected=1605 ok=0 entity=year relation=open reln=3 attitude=ignored ties=0
PROBE id=98 verdict=UNKNOWN expected=1608 ok=0 entity=year relation=open reln=3 attitude=ignored ties=0
PROBE id=99 verdict=UNKNOWN expected=1611 ok=0 entity=year relation=open reln=4 attitude=ignored ties=0
PROBE id=100 verdict=UNKNOWN expected=1623 ok=0 entity=year relation=open reln=3 attitude=ignored ties=0
PROBE id=101 verdict=UNKNOWN expected=1651 ok=0 entity=year relation=open reln=2 attitude=ignored ties=0
PROBE id=102 verdict=UNKNOWN expected=1667 ok=0 entity=year relation=open reln=3 attitude=ignored ties=0
PROBE id=103 verdict=UNKNOWN expected=1688 ok=0 entity=year relation=open reln=3 attitude=ignored ties=0
PROBE id=104 verdict=UNKNOWN expected=1719 ok=0 entity=year relation=open reln=3 attitude=ignored ties=0
PROBE id=105 verdict=UNKNOWN expected=1726 ok=0 entity=year relation=open reln=3 attitude=ignored ties=0
PROBE id=106 verdict=UNKNOWN expected=1740 ok=0 entity=year relation=open reln=2 attitude=ignored ties=0
PROBE id=107 verdict=UNKNOWN expected=1749 ok=0 entity=year relation=open reln=3 attitude=ignored ties=0
PROBE id=108 verdict=UNKNOWN expected=1759 ok=0 entity=year relation=open reln=2 attitude=ignored ties=0
PROBE id=109 verdict=UNKNOWN expected=1766 ok=0 entity=vicar wakefield relation=publication_year reln=2 attitude=ignored ties=0
PROBE id=110 verdict=UNKNOWN expected=1776 ok=0 entity=year relation=open reln=3 attitude=ignored ties=0
PROBE id=111 verdict=UNKNOWN expected=1813 ok=0 entity=year relation=open reln=3 attitude=ignored ties=0
PROBE id=112 verdict=UNKNOWN expected=1818 ok=0 entity=year relation=open reln=2 attitude=ignored ties=0
PROBE id=113 verdict=UNKNOWN expected=1826 ok=0 entity=last mohicans relation=publication_year reln=2 attitude=ignored ties=0
PROBE id=114 verdict=UNKNOWN expected=1847 ok=0 entity=year relation=open reln=3 attitude=ignored ties=0
PROBE id=115 verdict=UNKNOWN expected=1847 ok=0 entity=year relation=open reln=3 attitude=ignored ties=0
PROBE id=116 verdict=UNKNOWN expected=1850 ok=0 entity=year relation=open reln=3 attitude=ignored ties=0
PROBE id=117 verdict=UNKNOWN expected=1851 ok=0 entity=david copperfield relation=publication_year reln=2 attitude=ignored ties=0
PROBE id=118 verdict=UNKNOWN expected=1851 ok=0 entity=year relation=open reln=3 attitude=ignored ties=0
PROBE id=119 verdict=UNKNOWN expected=1852 ok=0 entity=year relation=open reln=4 attitude=ignored ties=0
PROBE id=120 verdict=UNKNOWN expected=1854 ok=0 entity=year relation=open reln=2 attitude=ignored ties=0
PROBE id=121 verdict=UNKNOWN expected=1857 ok=0 entity=year relation=open reln=3 attitude=ignored ties=0
PROBE id=122 verdict=VALUE:1859 expected=1859 ok=1 entity=a relation=open reln=4 attitude=ignored ties=1
PROBE id=123 verdict=UNKNOWN expected=1861 ok=0 entity=year relation=open reln=3 attitude=ignored ties=0
PROBE id=124 verdict=UNKNOWN expected=1862 ok=0 entity=year relation=open reln=3 attitude=ignored ties=0
PROBE id=125 verdict=UNKNOWN expected=1865 ok=0 entity=year relation=open reln=4 attitude=ignored ties=0
PROBE id=126 verdict=UNKNOWN expected=1866 ok=0 entity=year relation=open reln=3 attitude=ignored ties=0
PROBE id=127 verdict=UNKNOWN expected=1869 ok=0 entity=year relation=open reln=3 attitude=ignored ties=0
PROBE id=128 verdict=UNKNOWN expected=1871 ok=0 entity=year relation=open reln=4 attitude=ignored ties=0
PROBE id=129 verdict=UNKNOWN expected=1878 ok=0 entity=year relation=open reln=3 attitude=ignored ties=0
PROBE id=130 verdict=UNKNOWN expected=1880 ok=0 entity=year relation=open reln=3 attitude=ignored ties=0
PROBE id=131 verdict=UNKNOWN expected=1883 ok=0 entity=year relation=open reln=3 attitude=ignored ties=0
PROBE id=132 verdict=UNKNOWN expected=1884 ok=0 entity=year relation=open reln=4 attitude=ignored ties=0
PROBE id=133 verdict=UNKNOWN expected=1886 ok=0 entity=year relation=open reln=2 attitude=ignored ties=0
PROBE id=134 verdict=UNKNOWN expected=1886 ok=0 entity=year relation=open reln=7 attitude=ignored ties=0
PROBE id=135 verdict=UNKNOWN expected=1887 ok=0 entity=year relation=open reln=4 attitude=ignored ties=0
PROBE id=136 verdict=UNKNOWN expected=1890 ok=0 entity=year relation=open reln=4 attitude=ignored ties=0
PROBE id=137 verdict=UNKNOWN expected=1891 ok=0 entity=year relation=open reln=4 attitude=ignored ties=0
PROBE id=138 verdict=UNKNOWN expected=1892 ok=0 entity=year relation=open reln=4 attitude=ignored ties=0
PROBE id=139 verdict=UNKNOWN expected=1896 ok=0 entity=year relation=open reln=3 attitude=ignored ties=0
PROBE id=140 verdict=UNKNOWN expected=1897 ok=0 entity=year relation=open reln=2 attitude=ignored ties=0
PROBE id=141 verdict=UNKNOWN expected=1898 ok=0 entity=year relation=open reln=3 attitude=ignored ties=0
PROBE id=142 verdict=UNKNOWN expected=1903 ok=0 entity=year relation=open reln=3 attitude=ignored ties=0
PROBE id=143 verdict=UNKNOWN expected=1925 ok=0 entity=year relation=open reln=3 attitude=ignored ties=0
PROBE id=144 verdict=UNKNOWN expected=26 ok=0 entity=letters relation=open reln=2 attitude=ignored ties=0
PROBE id=145 verdict=UNKNOWN expected=5 ok=0 entity=vowels relation=open reln=2 attitude=ignored ties=0
PROBE id=146 verdict=UNKNOWN expected=21 ok=0 entity=consonants relation=open reln=2 attitude=ignored ties=0
PROBE id=147 verdict=UNKNOWN expected=7 ok=0 entity=days relation=open reln=2 attitude=ignored ties=0
PROBE id=148 verdict=UNKNOWN expected=12 ok=0 entity=months relation=open reln=2 attitude=ignored ties=0
PROBE id=149 verdict=UNKNOWN expected=4 ok=0 entity=seasons relation=open reln=2 attitude=ignored ties=0
PROBE id=150 verdict=UNKNOWN expected=52 ok=0 entity=weeks relation=open reln=2 attitude=ignored ties=0
PROBE id=151 verdict=UNKNOWN expected=24 ok=0 entity=hours relation=open reln=2 attitude=ignored ties=0
PROBE id=152 verdict=UNKNOWN expected=60 ok=0 entity=minutes relation=open reln=1 attitude=ignored ties=0
PROBE id=153 verdict=VALUE:7 expected=60 ok=0 entity=seconds relation=open reln=2 attitude=ignored ties=1
PROBE id=154 verdict=UNKNOWN expected=168 ok=0 entity=hours relation=open reln=2 attitude=ignored ties=0
PROBE id=155 verdict=UNKNOWN expected=27 ok=0 entity=amendments relation=open reln=2 attitude=ignored ties=0
PROBE id=156 verdict=UNKNOWN expected=10 ok=0 entity=digits relation=open reln=3 attitude=ignored ties=0
PROBE id=157 verdict=UNKNOWN expected=100 ok=0 entity=years relation=open reln=2 attitude=ignored ties=0
PROBE id=158 verdict=UNKNOWN expected=12 ok=0 entity=inches relation=open reln=2 attitude=ignored ties=0
PROBE id=159 verdict=UNKNOWN expected=3 ok=0 entity=feet relation=open reln=2 attitude=ignored ties=0
PROBE id=160 verdict=UNKNOWN expected=18 ok=0 entity=holes relation=open reln=4 attitude=ignored ties=0
PROBE id=161 verdict=UNKNOWN expected=4 ok=0 entity=quarts relation=open reln=2 attitude=ignored ties=0
PROBE id=162 verdict=UNKNOWN expected=2 ok=0 entity=pints relation=open reln=2 attitude=ignored ties=0
PROBE id=163 verdict=UNKNOWN expected=4 ok=0 entity=sides relation=open reln=2 attitude=ignored ties=0
PROBE id=164 verdict=UNKNOWN expected=3 ok=0 entity=primary colors relation=open reln=0 attitude=ignored ties=0
PROBE id=165 verdict=UNKNOWN expected=7 ok=0 entity=colors rainbow relation=open reln=0 attitude=ignored ties=0
PROBE id=166 verdict=UNKNOWN expected=88 ok=0 entity=keys relation=open reln=3 attitude=ignored ties=0
PROBE id=167 verdict=UNKNOWN expected=6 ok=0 entity=strings relation=open reln=3 attitude=ignored ties=0
PROBE id=168 verdict=UNKNOWN expected=4 ok=0 entity=strings relation=open reln=2 attitude=ignored ties=0
PROBE id=169 verdict=UNKNOWN expected=8 ok=0 entity=planets relation=open reln=2 attitude=ignored ties=0
PROBE id=170 verdict=UNKNOWN expected=4 ok=0 entity=members beatles relation=open reln=0 attitude=ignored ties=0
PROBE id=171 verdict=UNKNOWN expected=5 ok=0 entity=members jackson relation=open reln=0 attitude=ignored ties=0
PROBE id=172 verdict=UNKNOWN expected=50 ok=0 entity=states united states relation=open reln=0 attitude=ignored ties=0
PROBE id=173 verdict=UNKNOWN expected=13 ok=0 entity=stripes relation=open reln=2 attitude=ignored ties=0
PROBE id=174 verdict=UNKNOWN expected=50 ok=0 entity=stars relation=open reln=2 attitude=ignored ties=0
PROBE id=175 verdict=UNKNOWN expected=7 ok=0 entity=continents relation=open reln=1 attitude=ignored ties=0
PROBE id=176 verdict=UNKNOWN expected=5 ok=0 entity=oceans relation=open reln=1 attitude=ignored ties=0
PROBE id=177 verdict=UNKNOWN expected=15 ok=0 entity=players relation=open reln=4 attitude=ignored ties=0
PROBE id=178 verdict=UNKNOWN expected=10 ok=0 entity=players relation=open reln=4 attitude=ignored ties=0
PROBE id=179 verdict=UNKNOWN expected=5 ok=0 entity=players relation=open reln=4 attitude=ignored ties=0
PROBE id=180 verdict=UNKNOWN expected=11 ok=0 entity=players relation=open reln=4 attitude=ignored ties=0
PROBE id=181 verdict=UNKNOWN expected=11 ok=0 entity=players relation=open reln=4 attitude=ignored ties=0
PROBE id=182 verdict=UNKNOWN expected=4 ok=0 entity=suits relation=open reln=4 attitude=ignored ties=0
PROBE id=183 verdict=UNKNOWN expected=13 ok=0 entity=cards relation=open reln=2 attitude=ignored ties=0
PROBE id=184 verdict=UNKNOWN expected=52 ok=0 entity=cards relation=open reln=3 attitude=ignored ties=0
PROBE id=185 verdict=UNKNOWN expected=64 ok=0 entity=squares relation=open reln=2 attitude=ignored ties=0
PROBE id=186 verdict=UNKNOWN expected=16 ok=0 entity=chess pieces relation=open reln=2 attitude=ignored ties=0
PROBE id=187 verdict=UNKNOWN expected=8 ok=0 entity=pawns relation=open reln=3 attitude=ignored ties=0
PROBE id=188 verdict=UNKNOWN expected=6 ok=0 entity=faces a standard die relation=open reln=0 attitude=ignored ties=0
PROBE id=189 verdict=UNKNOWN expected=21 ok=0 entity=dots pips relation=open reln=3 attitude=ignored ties=0
PROBE id=190 verdict=UNKNOWN expected=12 ok=0 entity=pairs ribs relation=open reln=2 attitude=ignored ties=0
PROBE id=191 verdict=UNKNOWN expected=32 ok=0 entity=teeth relation=open reln=4 attitude=ignored ties=0
PROBE id=192 verdict=UNKNOWN expected=2 ok=0 entity=lungs relation=open reln=2 attitude=ignored ties=0
PROBE id=193 verdict=UNKNOWN expected=2 ok=0 entity=kidneys relation=open reln=2 attitude=ignored ties=0
PROBE id=194 verdict=UNKNOWN expected=4 ok=0 entity=chambers human heart relation=open reln=0 attitude=ignored ties=0
PROBE id=195 verdict=UNKNOWN expected=12 ok=0 entity=labors hercules relation=open reln=0 attitude=ignored ties=0
PROBE id=196 verdict=UNKNOWN expected=12 ok=0 entity=olympian gods relation=open reln=0 attitude=ignored ties=0
PROBE id=197 verdict=UNKNOWN expected=7 ok=0 entity=wonders ancient world relation=open reln=0 attitude=ignored ties=0
PROBE id=198 verdict=UNKNOWN expected=9 ok=0 entity=muses relation=open reln=2 attitude=ignored ties=0
PROBE id=199 verdict=UNKNOWN expected=3 ok=0 entity=fates relation=open reln=2 attitude=ignored ties=0
PROBE id=200 verdict=UNKNOWN expected=12 ok=0 entity=apostles jesus relation=open reln=0 attitude=ignored ties=0
PROBE id=201 verdict=UNKNOWN expected=10 ok=0 entity=commandments relation=open reln=0 attitude=ignored ties=0
PROBE id=202 verdict=UNKNOWN expected=7 ok=0 entity=deadly sins relation=open reln=0 attitude=ignored ties=0
PROBE id=203 verdict=UNKNOWN expected=66 ok=0 entity=books relation=open reln=2 attitude=ignored ties=0
PROBE id=204 verdict=UNKNOWN expected=4 ok=0 entity=gospels relation=open reln=2 attitude=ignored ties=0
PROBE id=205 verdict=UNKNOWN expected=38 ok=0 entity=plays relation=open reln=2 attitude=ignored ties=0
PROBE id=206 verdict=UNKNOWN expected=12 ok=0 entity=short stories relation=open reln=3 attitude=ignored ties=0
PROBE id=207 verdict=UNKNOWN expected=4 ok=0 entity=sherlock holmes novels relation=open reln=0 attitude=ignored ties=0
PROBE id=208 verdict=UNKNOWN expected=56 ok=0 entity=sherlock holmes short stories relation=open reln=1 attitude=ignored ties=0
PROBE id=209 verdict=UNKNOWN expected=3 ok=0 entity=volumes relation=open reln=2 attitude=ignored ties=0
PROBE id=210 verdict=UNKNOWN expected=7 ok=0 entity=harry potter books relation=open reln=0 attitude=ignored ties=0
PROBE id=211 verdict=UNKNOWN expected=7 ok=0 entity=chronicles narnia books relation=open reln=0 attitude=ignored ties=0
PROBE id=212 verdict=UNKNOWN expected=5 ok=0 entity=books relation=open reln=4 attitude=ignored ties=0
PROBE id=213 verdict=UNKNOWN expected=4 ok=0 entity=teenage mutant ninja turtles relation=open reln=0 attitude=ignored ties=0
PROBE id=214 verdict=UNKNOWN expected=7 ok=0 entity=dwarfs relation=open reln=2 attitude=ignored ties=0
PROBE id=215 verdict=UNKNOWN expected=101 ok=0 entity=dalmatians relation=open reln=2 attitude=ignored ties=0
PROBE id=216 verdict=UNKNOWN expected=12 ok=0 entity=days christmas relation=open reln=1 attitude=ignored ties=0
PROBE id=217 verdict=UNKNOWN expected=8 ok=0 entity=EMPTY relation=open reln=7 attitude=ignored ties=0
PROBE id=218 verdict=VALUE:9 expected=9 ok=1 entity=EMPTY relation=open reln=6 attitude=ignored ties=1
PROBE id=219 verdict=UNKNOWN expected=40 ok=0 entity=days lent relation=open reln=0 attitude=ignored ties=0
PROBE id=220 verdict=UNKNOWN expected=12 ok=0 entity=eggs relation=open reln=2 attitude=ignored ties=0
PROBE id=221 verdict=UNKNOWN expected=12 ok=0 entity=dozens relation=open reln=2 attitude=ignored ties=0
PROBE id=222 verdict=UNKNOWN expected=144 ok=0 entity=items relation=open reln=2 attitude=ignored ties=0
PROBE id=223 verdict=UNKNOWN expected=20 ok=0 entity=items relation=open reln=2 attitude=ignored ties=0
PROBE id=224 verdict=UNKNOWN expected=30 ok=0 entity=teams relation=open reln=3 attitude=ignored ties=0
PROBE id=225 verdict=UNKNOWN expected=9 ok=0 entity=justices relation=open reln=3 attitude=ignored ties=0
PROBE id=226 verdict=UNKNOWN expected=100 ok=0 entity=centimeters relation=open reln=2 attitude=ignored ties=0
PROBE id=227 verdict=UNKNOWN expected=100 ok=0 entity=us senators relation=open reln=0 attitude=ignored ties=0
PROBE id=228 verdict=UNKNOWN expected=16 ok=0 entity=ounces relation=open reln=2 attitude=ignored ties=0
PROBE id=229 verdict=UNKNOWN expected=118 ok=0 entity=elements relation=open reln=2 attitude=ignored ties=0
PROBE id=230 verdict=UNKNOWN expected=4 ok=0 entity=galilean moons jupiter relation=open reln=0 attitude=ignored ties=0
PROBE id=231 verdict=UNKNOWN expected=7 ok=0 entity=legs relation=open reln=2 attitude=ignored ties=0
PROBE id=232 verdict=UNKNOWN expected=12 ok=0 entity=hours relation=open reln=3 attitude=ignored ties=0
PROBE id=233 verdict=UNKNOWN expected=30 ok=0 entity=days relation=open reln=1 attitude=ignored ties=0
PROBE id=234 verdict=UNKNOWN expected=31 ok=0 entity=days relation=open reln=1 attitude=ignored ties=0
PROBE id=235 verdict=UNKNOWN expected=28 ok=0 entity=days relation=open reln=4 attitude=ignored ties=0
PROBE id=236 verdict=UNKNOWN expected=29 ok=0 entity=days relation=open reln=4 attitude=ignored ties=0
PROBE id=237 verdict=UNKNOWN expected=10 ok=0 entity=provinces canada relation=open reln=0 attitude=ignored ties=0
PROBE id=238 verdict=UNKNOWN expected=27 ok=0 entity=books new testament relation=open reln=0 attitude=ignored ties=0
PROBE id=239 verdict=UNKNOWN expected=39 ok=0 entity=books old testament protestant relation=open reln=1 attitude=ignored ties=0
SUMMARY ninstall=194 ncorroborate=21 ncontradict=2 nquarantine=0 ndenial=1 nderived=0 nfail=0 nprobe=240 full=60/240 clean=59/228
DIGEST 9c78ff4e13150d9f2b8162f1b511178bd5a94cc9f6a12559f98a11cb41143541
DIGEST2 9c78ff4e13150d9f2b8162f1b511178bd5a94cc9f6a12559f98a11cb41143541
LEDGER 14086e0806b6246fa3e38935c88adfcfca6dace28236ca8065a00c5f99e1df23
VERIFY chain=1 dmatch=1
RESULT PASS
