B01 2 numeric-mismatch
B02 2 numeric-mismatch
B03 2 numeric-mismatch
B04 2 numeric-mismatch
B05 2 numeric-mismatch
B06 2 deny-lex
B07 2 deny-lex
B08 2 deny-lex
B09 2 numeric-mismatch
B10 2 numeric-mismatch
B11 2 numeric-mismatch
B12 2 numeric-mismatch
B13 2 numeric-mismatch
B14 1 endorse
B15 1 endorse
B16 2 neg-scope
B17 2 quantifier
B18 1 endorse
B19 1 endorse
B20 1 endorse
B21 1 endorse
B22 1 endorse
B23 1 endorse
B24 2 numeric-mismatch
B25 2 numeric-mismatch
B26 1 endorse
B27 1 endorse
B28 1 endorse
B29 1 endorse
B30 1 endorse
B31 2 numeric-mismatch
B32 0 neutral
B33 2 numeric-mismatch
B34 1 endorse
B35 2 neg-scope
B36 0 gate
B37 0 gate
B38 0 neutral
B39 0 gate
B40 2 numeric-mismatch
B41 0 neutral
B42 1 endorse
B43 1 endorse
B44 1 endorse
B45 2 neg-scope
B46 1 endorse
