1	rt4_TMB-5_MAP_g_9000.r24	BACKTEST	BLOCKED	10983	WITHHOLD	-1
2	rt4_TMB-5_MAP_g_9001.r24	BACKTEST	BLOCKED	10983	WITHHOLD	-1
3	rt4_TMB-5_MAP_g_9002.r24	BACKTEST	BLOCKED	10983	WITHHOLD	-1
4	rt4_TMB-5_MAP_g_9003.r24	BACKTEST	BLOCKED	10983	WITHHOLD	-1
5	rt4_TMB-5_MAP_g_9004.r24	BACKTEST	BLOCKED	10983	WITHHOLD	-1
6	rt4_TMB-5_MAP_g_9005.r24	BACKTEST	BLOCKED	10983	WITHHOLD	-1
7	rt4_TMB-5_MAP_g_9006.r24	BACKTEST	BLOCKED	10983	WITHHOLD	-1
8	rt4_TMB-5_MAP_g_9007.r24	BACKTEST	BLOCKED	10983	WITHHOLD	-1
9	rt4_TMB-5_MAP_g_9008.r24	BACKTEST	BLOCKED	10983	WITHHOLD	-1
10	rt4_TMB-5_MAP_g_9009.r24	BACKTEST	BLOCKED	10983	WITHHOLD	-1
11	rt4_TMB-5_MAP_g_9010.r24	BACKTEST	BLOCKED	10983	WITHHOLD	-1
12	rt4_TMB-5_MAP_g_9011.r24	BACKTEST	BLOCKED	10983	WITHHOLD	-1
13	rt4_TMB-5_MAP_g_9012.r24	BACKTEST	BLOCKED	10983	WITHHOLD	-1
14	rt4_TMB-5_MAP_g_9013.r24	BACKTEST	BLOCKED	10983	WITHHOLD	-1
15	rt4_TMB-5_MAP_g_9014.r24	BACKTEST	BLOCKED	10983	WITHHOLD	-1
16	rt4_TMB-5_MAP_g_9015.r24	BACKTEST	BLOCKED	10983	WITHHOLD	-1
17	rt4_TMB-5_MAP_g_9016.r24	BACKTEST	BLOCKED	10983	WITHHOLD	-1
18	rt4_TMB-5_MAP_g_9017.r24	BACKTEST	BLOCKED	10983	WITHHOLD	-1
19	rt4_TMB-5_MAP_g_9018.r24	BACKTEST	BLOCKED	10983	WITHHOLD	-1
20	rt4_TMB-5_MAP_g_9019.r24	BACKTEST	BLOCKED	10983	WITHHOLD	-1
21	rt4_TMB-5_MAP_g_9020.r24	BACKTEST	BLOCKED	10983	WITHHOLD	-1
22	rt4_TMB-5_MAP_g_9021.r24	BACKTEST	BLOCKED	10983	WITHHOLD	-1
23	rt4_TMB-5_MAP_g_9022.r24	BACKTEST	BLOCKED	10983	WITHHOLD	-1
24	rt4_TMB-5_MAP_g_9023.r24	BACKTEST	BLOCKED	10983	WITHHOLD	-1
25	rt4_TMB-5_MAP_g_9024.r24	BACKTEST	BLOCKED	10983	WITHHOLD	-1
26	rt4_TMB-5_MAP_g_9025.r24	BACKTEST	BLOCKED	10983	WITHHOLD	-1
27	rt4_TMB-5_MAP_g_9026.r24	BACKTEST	BLOCKED	10983	WITHHOLD	-1
28	rt4_TMB-5_MAP_g_9027.r24	BACKTEST	BLOCKED	10983	WITHHOLD	-1
29	rt4_TMB-5_MAP_g_9028.r24	BACKTEST	BLOCKED	10983	WITHHOLD	-1
30	rt4_TMB-5_MAP_g_9029.r24	BACKTEST	BLOCKED	10983	WITHHOLD	-1
31	rt4_TMB-5_MAP_g_9030.r24	BACKTEST	BLOCKED	10983	WITHHOLD	-1
32	rt4_TMB-5_MAP_g_9031.r24	BACKTEST	BLOCKED	10983	WITHHOLD	-1
33	rt4_TMB-5_MAP_g_9032.r24	BACKTEST	BLOCKED	10983	WITHHOLD	-1
34	rt4_TMB-5_MAP_g_9033.r24	BACKTEST	BLOCKED	10983	WITHHOLD	-1
35	rt4_TMB-5_MAP_g_9034.r24	BACKTEST	BLOCKED	10983	WITHHOLD	-1
36	rt4_TMB-5_MAP_g_9035.r24	BACKTEST	BLOCKED	10983	WITHHOLD	-1
37	rt4_TMB-5_MAP_g_9036.r24	BACKTEST	BLOCKED	10983	WITHHOLD	-1
38	rt4_TMB-5_MAP_g_9037.r24	BACKTEST	BLOCKED	10983	WITHHOLD	-1
39	rt4_TMB-5_MAP_g_9038.r24	BACKTEST	BLOCKED	10983	WITHHOLD	-1
40	rt4_TMB-5_MAP_g_9039.r24	BACKTEST	BLOCKED	10983	WITHHOLD	-1
41	rt4_TMB-5_MAP_g_9040.r24	BACKTEST	BLOCKED	10983	WITHHOLD	-1
42	rt4_TMB-5_MAP_g_9041.r24	BACKTEST	BLOCKED	10983	CONFIRM_INSTALL	3
43	rt4_TMB-5_MAP_g_9042.r24	BACKTEST	BLOCKED	10983	WITHHOLD	-1
44	rt4_TMB-5_MAP_g_9043.r24	BACKTEST	BLOCKED	10983	WITHHOLD	-1
45	rt4_TMB-5_MAP_g_9044.r24	BACKTEST	BLOCKED	10983	WITHHOLD	-1
46	rt4_TMB-5_MAP_g_9045.r24	BACKTEST	BLOCKED	10983	WITHHOLD	-1
47	rt4_TMB-5_MAP_g_9046.r24	BACKTEST	BLOCKED	10983	WITHHOLD	-1
48	rt4_TMB-5_MAP_g_9047.r24	BACKTEST	BLOCKED	10983	WITHHOLD	-1
49	rt4_TMB-5_MAP_g_9048.r24	BACKTEST	BLOCKED	10983	WITHHOLD	-1
50	rt4_TMB-5_MAP_g_9049.r24	BACKTEST	BLOCKED	10983	WITHHOLD	-1
51	rt4_TMB-5_MAP_g_9050.r24	BACKTEST	BLOCKED	10983	WITHHOLD	-1
52	rt4_TMB-5_MAP_g_9051.r24	BACKTEST	BLOCKED	10983	WITHHOLD	-1
53	rt4_TMB-5_MAP_g_9052.r24	BACKTEST	BLOCKED	10983	WITHHOLD	-1
54	rt4_TMB-5_MAP_g_9053.r24	BACKTEST	BLOCKED	10983	WITHHOLD	-1
55	rt4_TMB-5_MAP_g_9054.r24	BACKTEST	BLOCKED	10983	WITHHOLD	-1
56	rt4_TMB-5_MAP_g_9055.r24	BACKTEST	BLOCKED	10983	WITHHOLD	-1
57	rt4_TMB-5_MAP_g_9056.r24	BACKTEST	BLOCKED	10983	WITHHOLD	-1
58	rt4_TMB-5_MAP_g_9057.r24	BACKTEST	BLOCKED	10983	WITHHOLD	-1
59	rt4_TMB-5_MAP_g_9058.r24	BACKTEST	BLOCKED	10983	WITHHOLD	-1
60	rt4_TMB-5_MAP_g_9059.r24	BACKTEST	BLOCKED	10983	WITHHOLD	-1
61	rt4_TMB-5_MAP_g_9060.r24	BACKTEST	BLOCKED	10983	WITHHOLD	-1
62	rt4_TMB-5_MAP_g_9061.r24	BACKTEST	BLOCKED	10983	WITHHOLD	-1
63	rt4_TMB-5_MAP_g_9062.r24	BACKTEST	BLOCKED	10983	WITHHOLD	-1
64	rt4_TMB-5_MAP_g_9063.r24	BACKTEST	BLOCKED	10983	WITHHOLD	-1
65	rt4_TMB-5_MAP_g_9064.r24	BACKTEST	BLOCKED	10983	WITHHOLD	-1
66	rt4_TMB-5_MAP_g_9065.r24	BACKTEST	BLOCKED	10983	WITHHOLD	-1
67	rt4_TMB-5_MAP_g_9066.r24	BACKTEST	BLOCKED	10983	WITHHOLD	-1
68	rt4_TMB-5_MAP_g_9067.r24	BACKTEST	BLOCKED	10983	WITHHOLD	-1
69	rt4_TMB-5_MAP_g_9068.r24	BACKTEST	BLOCKED	10983	WITHHOLD	-1
70	rt4_TMB-5_MAP_g_9069.r24	BACKTEST	BLOCKED	10983	WITHHOLD	-1
71	rt4_TMB-5_MAP_g_9070.r24	BACKTEST	BLOCKED	10983	WITHHOLD	-1
72	rt4_TMB-5_MAP_g_9071.r24	BACKTEST	BLOCKED	10983	WITHHOLD	-1
73	rt4_TMB-5_MAP_g_9072.r24	BACKTEST	BLOCKED	10983	WITHHOLD	-1
74	rt4_TMB-5_MAP_g_9073.r24	BACKTEST	BLOCKED	10983	WITHHOLD	-1
75	rt4_TMB-5_MAP_g_9074.r24	BACKTEST	BLOCKED	10983	WITHHOLD	-1
76	rt4_TMB-5_MAP_g_9075.r24	BACKTEST	BLOCKED	10983	WITHHOLD	-1
77	rt4_TMB-5_MAP_g_9076.r24	BACKTEST	BLOCKED	10983	WITHHOLD	-1
78	rt4_TMB-5_MAP_g_9077.r24	BACKTEST	BLOCKED	10983	WITHHOLD	-1
79	rt4_TMB-5_MAP_g_9078.r24	BACKTEST	BLOCKED	10983	WITHHOLD	-1
80	rt4_TMB-5_MAP_g_9079.r24	BACKTEST	BLOCKED	10983	WITHHOLD	-1
81	rt4_TMB-5_MAP_g_9080.r24	BACKTEST	BLOCKED	10983	WITHHOLD	-1
82	rt4_TMB-5_MAP_g_9081.r24	BACKTEST	BLOCKED	10983	WITHHOLD	-1
83	rt4_TMB-5_MAP_g_9082.r24	BACKTEST	BLOCKED	10983	WITHHOLD	-1
84	rt4_TMB-5_MAP_g_9083.r24	BACKTEST	BLOCKED	10983	WITHHOLD	-1
85	rt4_TMB-5_MAP_g_9084.r24	BACKTEST	BLOCKED	10983	WITHHOLD	-1
86	rt4_TMB-5_MAP_g_9085.r24	BACKTEST	BLOCKED	10983	WITHHOLD	-1
87	rt4_TMB-5_MAP_g_9086.r24	BACKTEST	BLOCKED	10983	WITHHOLD	-1
88	rt4_TMB-5_MAP_g_9087.r24	BACKTEST	BLOCKED	10983	WITHHOLD	-1
89	rt4_TMB-5_MAP_g_9088.r24	BACKTEST	BLOCKED	10983	WITHHOLD	-1
90	rt4_TMB-5_MAP_g_9089.r24	BACKTEST	BLOCKED	10983	WITHHOLD	-1
91	rt4_TMB-5_MAP_g_9090.r24	BACKTEST	BLOCKED	10983	WITHHOLD	-1
92	rt4_TMB-5_MAP_g_9091.r24	BACKTEST	BLOCKED	10983	WITHHOLD	-1
93	rt4_TMB-5_MAP_g_9092.r24	BACKTEST	BLOCKED	10983	CONFIRM_INSTALL	3
94	rt4_TMB-5_MAP_g_9093.r24	BACKTEST	BLOCKED	10983	WITHHOLD	-1
95	rt4_TMB-5_MAP_g_9094.r24	BACKTEST	BLOCKED	10983	WITHHOLD	-1
96	rt4_TMB-5_MAP_g_9095.r24	BACKTEST	BLOCKED	10983	WITHHOLD	-1
97	rt4_TMB-5_MAP_g_9096.r24	BACKTEST	BLOCKED	10983	WITHHOLD	-1
98	rt4_TMB-5_MAP_g_9097.r24	BACKTEST	BLOCKED	10983	WITHHOLD	-1
99	rt4_TMB-5_MAP_g_9098.r24	BACKTEST	BLOCKED	10983	WITHHOLD	-1
100	rt4_TMB-5_MAP_g_9099.r24	BACKTEST	BLOCKED	10983	WITHHOLD	-1
101	rt4_TMB-5_MAP_g_9100.r24	BACKTEST	BLOCKED	10983	WITHHOLD	-1
102	rt4_TMB-5_MAP_g_9101.r24	BACKTEST	BLOCKED	10983	WITHHOLD	-1
103	rt4_TMB-5_MAP_g_9102.r24	BACKTEST	BLOCKED	10983	WITHHOLD	-1
104	rt4_TMB-5_MAP_g_9103.r24	BACKTEST	BLOCKED	10983	WITHHOLD	-1
105	rt4_TMB-5_MAP_g_9104.r24	BACKTEST	BLOCKED	10983	WITHHOLD	-1
106	rt4_TMB-5_MAP_g_9105.r24	BACKTEST	BLOCKED	10983	WITHHOLD	-1
107	rt4_TMB-5_MAP_g_9106.r24	BACKTEST	BLOCKED	10983	WITHHOLD	-1
108	rt4_TMB-5_MAP_g_9107.r24	BACKTEST	BLOCKED	10983	WITHHOLD	-1
109	rt4_TMB-5_MAP_g_9108.r24	BACKTEST	BLOCKED	10983	WITHHOLD	-1
110	rt4_TMB-5_MAP_g_9109.r24	BACKTEST	BLOCKED	10983	WITHHOLD	-1
111	rt4_TMB-5_MAP_g_9110.r24	BACKTEST	BLOCKED	10983	WITHHOLD	-1
112	rt4_TMB-5_MAP_g_9111.r24	BACKTEST	BLOCKED	10983	WITHHOLD	-1
113	rt4_TMB-5_MAP_g_9112.r24	BACKTEST	BLOCKED	10983	WITHHOLD	-1
114	rt4_TMB-5_MAP_g_9113.r24	BACKTEST	BLOCKED	10983	WITHHOLD	-1
115	rt4_TMB-5_MAP_g_9114.r24	BACKTEST	BLOCKED	10983	WITHHOLD	-1
116	rt4_TMB-5_MAP_g_9115.r24	BACKTEST	BLOCKED	10983	WITHHOLD	-1
117	rt4_TMB-5_MAP_g_9116.r24	BACKTEST	BLOCKED	10983	WITHHOLD	-1
118	rt4_TMB-5_MAP_g_9117.r24	BACKTEST	BLOCKED	10983	WITHHOLD	-1
119	rt4_TMB-5_MAP_g_9118.r24	BACKTEST	BLOCKED	10983	WITHHOLD	-1
120	rt4_TMB-5_MAP_g_9119.r24	BACKTEST	BLOCKED	10983	WITHHOLD	-1
121	rt4_TMB-5_MAP_g_9120.r24	BACKTEST	BLOCKED	10983	WITHHOLD	-1
122	rt4_TMB-5_MAP_g_9121.r24	BACKTEST	BLOCKED	10983	WITHHOLD	-1
123	rt4_TMB-5_MAP_g_9122.r24	BACKTEST	BLOCKED	10983	WITHHOLD	-1
124	rt4_TMB-5_MAP_g_9123.r24	BACKTEST	BLOCKED	10983	WITHHOLD	-1
125	rt4_TMB-5_MAP_g_9124.r24	BACKTEST	BLOCKED	10983	WITHHOLD	-1
126	rt4_TMB-5_MAP_g_9125.r24	BACKTEST	BLOCKED	10983	WITHHOLD	-1
127	rt4_TMB-5_MAP_g_9126.r24	BACKTEST	BLOCKED	10983	WITHHOLD	-1
128	rt4_TMB-5_MAP_g_9127.r24	BACKTEST	BLOCKED	10983	WITHHOLD	-1
129	rt4_TMB-5_MAP_g_9128.r24	BACKTEST	BLOCKED	10983	WITHHOLD	-1
130	rt4_TMB-5_MAP_g_9129.r24	BACKTEST	BLOCKED	10983	WITHHOLD	-1
131	rt4_TMB-5_MAP_g_9130.r24	BACKTEST	BLOCKED	10983	WITHHOLD	-1
132	rt4_TMB-5_MAP_g_9131.r24	BACKTEST	BLOCKED	10983	WITHHOLD	-1
133	rt4_TMB-5_MAP_g_9132.r24	BACKTEST	BLOCKED	10983	WITHHOLD	-1
134	rt4_TMB-5_MAP_g_9133.r24	BACKTEST	BLOCKED	10983	WITHHOLD	-1
135	rt4_TMB-5_MAP_g_9134.r24	BACKTEST	BLOCKED	10983	WITHHOLD	-1
136	rt4_TMB-5_MAP_g_9135.r24	BACKTEST	BLOCKED	10983	WITHHOLD	-1
137	rt4_TMB-5_MAP_g_9136.r24	BACKTEST	BLOCKED	10983	WITHHOLD	-1
138	rt4_TMB-5_MAP_g_9137.r24	BACKTEST	BLOCKED	10983	WITHHOLD	-1
139	rt4_TMB-5_MAP_g_9138.r24	BACKTEST	BLOCKED	10983	WITHHOLD	-1
140	rt4_TMB-5_MAP_g_9139.r24	BACKTEST	BLOCKED	10983	WITHHOLD	-1
141	rt4_TMB-5_MAP_g_9140.r24	BACKTEST	BLOCKED	10983	WITHHOLD	-1
142	rt4_TMB-5_MAP_g_9141.r24	BACKTEST	BLOCKED	10983	WITHHOLD	-1
143	rt4_TMB-5_MAP_g_9142.r24	BACKTEST	BLOCKED	10983	WITHHOLD	-1
144	rt4_TMB-5_MAP_g_9143.r24	BACKTEST	BLOCKED	10983	CONFIRM_INSTALL	3
145	rt4_TMB-5_MAP_g_9144.r24	BACKTEST	BLOCKED	10983	WITHHOLD	-1
146	rt4_TMB-5_MAP_g_9145.r24	BACKTEST	BLOCKED	10983	WITHHOLD	-1
147	rt4_TMB-5_MAP_g_9146.r24	BACKTEST	BLOCKED	10983	WITHHOLD	-1
148	rt4_TMB-5_MAP_g_9147.r24	BACKTEST	BLOCKED	10983	WITHHOLD	-1
149	rt4_TMB-5_MAP_g_9148.r24	BACKTEST	BLOCKED	10983	WITHHOLD	-1
150	rt4_TMB-5_MAP_g_9149.r24	BACKTEST	BLOCKED	10983	WITHHOLD	-1
151	rt4_TMB-5_MAP_g_9150.r24	BACKTEST	BLOCKED	10983	WITHHOLD	-1
152	rt4_TMB-5_MAP_g_9151.r24	BACKTEST	BLOCKED	10983	WITHHOLD	-1
153	rt4_TMB-5_MAP_g_9152.r24	BACKTEST	BLOCKED	10983	WITHHOLD	-1
154	rt4_TMB-5_MAP_g_9153.r24	BACKTEST	BLOCKED	10983	WITHHOLD	-1
155	rt4_TMB-5_MAP_g_9154.r24	BACKTEST	BLOCKED	10983	WITHHOLD	-1
156	rt4_TMB-5_MAP_g_9155.r24	BACKTEST	BLOCKED	10983	WITHHOLD	-1
157	rt4_TMB-5_MAP_g_9156.r24	BACKTEST	BLOCKED	10983	WITHHOLD	-1
158	rt4_TMB-5_MAP_g_9157.r24	BACKTEST	BLOCKED	10983	WITHHOLD	-1
159	rt4_TMB-5_MAP_g_9158.r24	BACKTEST	BLOCKED	10983	WITHHOLD	-1
160	rt4_TMB-5_MAP_g_9159.r24	BACKTEST	BLOCKED	10983	WITHHOLD	-1
161	rt4_TMB-5_MAP_g_9160.r24	BACKTEST	BLOCKED	10983	WITHHOLD	-1
162	rt4_TMB-5_MAP_g_9161.r24	BACKTEST	BLOCKED	10983	WITHHOLD	-1
163	rt4_TMB-5_MAP_g_9162.r24	BACKTEST	BLOCKED	10983	WITHHOLD	-1
164	rt4_TMB-5_MAP_g_9163.r24	BACKTEST	BLOCKED	10983	WITHHOLD	-1
165	rt4_TMB-5_MAP_g_9164.r24	BACKTEST	BLOCKED	10983	WITHHOLD	-1
166	rt4_TMB-5_MAP_g_9165.r24	BACKTEST	BLOCKED	10983	WITHHOLD	-1
167	rt4_TMB-5_MAP_g_9166.r24	BACKTEST	BLOCKED	10983	WITHHOLD	-1
168	rt4_TMB-5_MAP_g_9167.r24	BACKTEST	BLOCKED	10983	WITHHOLD	-1
169	rt4_TMB-5_MAP_g_9168.r24	BACKTEST	BLOCKED	10983	WITHHOLD	-1
170	rt4_TMB-5_MAP_g_9169.r24	BACKTEST	BLOCKED	10983	WITHHOLD	-1
171	rt4_TMB-5_MAP_g_9170.r24	BACKTEST	BLOCKED	10983	WITHHOLD	-1
172	rt4_TMB-5_MAP_g_9171.r24	BACKTEST	BLOCKED	10983	WITHHOLD	-1
173	rt4_TMB-5_MAP_g_9172.r24	BACKTEST	BLOCKED	10983	WITHHOLD	-1
174	rt4_TMB-5_MAP_g_9173.r24	BACKTEST	BLOCKED	10983	WITHHOLD	-1
175	rt4_TMB-5_MAP_g_9174.r24	BACKTEST	BLOCKED	10983	WITHHOLD	-1
176	rt4_TMB-5_MAP_g_9175.r24	BACKTEST	BLOCKED	10983	WITHHOLD	-1
177	rt4_TMB-5_MAP_g_9176.r24	BACKTEST	BLOCKED	10983	WITHHOLD	-1
178	rt4_TMB-5_MAP_g_9177.r24	BACKTEST	BLOCKED	10983	WITHHOLD	-1
179	rt4_TMB-5_MAP_g_9178.r24	BACKTEST	BLOCKED	10983	WITHHOLD	-1
180	rt4_TMB-5_MAP_g_9179.r24	BACKTEST	BLOCKED	10983	WITHHOLD	-1
181	rt4_TMB-5_MAP_g_9180.r24	BACKTEST	BLOCKED	10983	WITHHOLD	-1
182	rt4_TMB-5_MAP_g_9181.r24	BACKTEST	BLOCKED	10983	WITHHOLD	-1
183	rt4_TMB-5_MAP_g_9182.r24	BACKTEST	BLOCKED	10983	WITHHOLD	-1
184	rt4_TMB-5_MAP_g_9183.r24	BACKTEST	BLOCKED	10983	WITHHOLD	-1
185	rt4_TMB-5_MAP_g_9184.r24	BACKTEST	BLOCKED	10983	WITHHOLD	-1
186	rt4_TMB-5_MAP_g_9185.r24	BACKTEST	BLOCKED	10983	WITHHOLD	-1
187	rt4_TMB-5_MAP_g_9186.r24	BACKTEST	BLOCKED	10983	WITHHOLD	-1
188	rt4_TMB-5_MAP_g_9187.r24	BACKTEST	BLOCKED	10983	WITHHOLD	-1
189	rt4_TMB-5_MAP_g_9188.r24	BACKTEST	BLOCKED	10983	WITHHOLD	-1
190	rt4_TMB-5_MAP_g_9189.r24	BACKTEST	BLOCKED	10983	WITHHOLD	-1
191	rt4_TMB-5_MAP_g_9190.r24	BACKTEST	BLOCKED	10983	WITHHOLD	-1
192	rt4_TMB-5_MAP_g_9191.r24	BACKTEST	BLOCKED	10983	WITHHOLD	-1
193	rt4_TMB-5_MAP_g_9192.r24	BACKTEST	BLOCKED	10983	WITHHOLD	-1
194	rt4_TMB-5_MAP_g_9193.r24	BACKTEST	BLOCKED	10983	WITHHOLD	-1
195	rt4_TMB-5_MAP_g_9194.r24	BACKTEST	BLOCKED	10983	CONFIRM_INSTALL	3
196	rt4_TMB-5_MAP_g_9195.r24	BACKTEST	BLOCKED	10983	WITHHOLD	-1
197	rt4_TMB-5_MAP_g_9196.r24	BACKTEST	BLOCKED	10983	WITHHOLD	-1
198	rt4_TMB-5_MAP_g_9197.r24	BACKTEST	BLOCKED	10983	WITHHOLD	-1
199	rt4_TMB-5_MAP_g_9198.r24	BACKTEST	BLOCKED	10983	WITHHOLD	-1
200	rt4_TMB-5_MAP_g_9199.r24	BACKTEST	BLOCKED	10983	WITHHOLD	-1
201	rt4_TMB-5_MAP_g_9200.r24	BACKTEST	BLOCKED	10983	WITHHOLD	-1
202	rt4_TMB-5_MAP_g_9201.r24	BACKTEST	BLOCKED	10983	WITHHOLD	-1
203	rt4_TMB-5_MAP_g_9202.r24	BACKTEST	BLOCKED	10983	WITHHOLD	-1
204	rt4_TMB-5_MAP_g_9203.r24	BACKTEST	BLOCKED	10983	WITHHOLD	-1
205	rt4_TMB-5_MAP_g_9204.r24	BACKTEST	BLOCKED	10983	WITHHOLD	-1
206	rt4_TMB-5_MAP_g_9205.r24	BACKTEST	BLOCKED	10983	WITHHOLD	-1
207	rt4_TMB-5_MAP_g_9206.r24	BACKTEST	BLOCKED	10983	WITHHOLD	-1
208	rt4_TMB-5_MAP_g_9207.r24	BACKTEST	BLOCKED	10983	WITHHOLD	-1
209	rt4_TMB-5_MAP_g_9208.r24	BACKTEST	BLOCKED	10983	WITHHOLD	-1
210	rt4_TMB-5_MAP_g_9209.r24	BACKTEST	BLOCKED	10983	WITHHOLD	-1
211	rt4_TMB-5_MAP_g_9210.r24	BACKTEST	BLOCKED	10983	WITHHOLD	-1
212	rt4_TMB-5_MAP_g_9211.r24	BACKTEST	BLOCKED	10983	WITHHOLD	-1
213	rt4_TMB-5_MAP_g_9212.r24	BACKTEST	BLOCKED	10983	WITHHOLD	-1
214	rt4_TMB-5_MAP_g_9213.r24	BACKTEST	BLOCKED	10983	WITHHOLD	-1
215	rt4_TMB-5_MAP_g_9214.r24	BACKTEST	BLOCKED	10983	WITHHOLD	-1
216	rt4_TMB-5_MAP_g_9215.r24	BACKTEST	BLOCKED	10983	WITHHOLD	-1
217	rt4_TMB-5_MAP_g_9216.r24	BACKTEST	BLOCKED	10983	WITHHOLD	-1
218	rt4_TMB-5_MAP_g_9217.r24	BACKTEST	BLOCKED	10983	WITHHOLD	-1
219	rt4_TMB-5_MAP_g_9218.r24	BACKTEST	BLOCKED	10983	WITHHOLD	-1
220	rt4_TMB-5_MAP_g_9219.r24	BACKTEST	BLOCKED	10983	WITHHOLD	-1
221	rt4_TMB-5_MAP_g_9220.r24	BACKTEST	BLOCKED	10983	WITHHOLD	-1
222	rt4_TMB-5_MAP_g_9221.r24	BACKTEST	BLOCKED	10983	WITHHOLD	-1
223	rt4_TMB-5_MAP_g_9222.r24	BACKTEST	BLOCKED	10983	WITHHOLD	-1
224	rt4_TMB-5_MAP_g_9223.r24	BACKTEST	BLOCKED	10983	WITHHOLD	-1
225	rt4_TMB-5_MAP_g_9224.r24	BACKTEST	BLOCKED	10983	WITHHOLD	-1
226	rt4_TMB-5_MAP_g_9225.r24	BACKTEST	BLOCKED	10983	WITHHOLD	-1
227	rt4_TMB-5_MAP_g_9226.r24	BACKTEST	BLOCKED	10983	WITHHOLD	-1
228	rt4_TMB-5_MAP_g_9227.r24	BACKTEST	BLOCKED	10983	WITHHOLD	-1
229	rt4_TMB-5_MAP_g_9228.r24	BACKTEST	BLOCKED	10983	WITHHOLD	-1
230	rt4_TMB-5_MAP_g_9229.r24	BACKTEST	BLOCKED	10983	WITHHOLD	-1
231	rt4_TMB-5_MAP_g_9230.r24	BACKTEST	BLOCKED	10983	WITHHOLD	-1
232	rt4_TMB-5_MAP_g_9231.r24	BACKTEST	BLOCKED	10983	WITHHOLD	-1
233	rt4_TMB-5_MAP_g_9232.r24	BACKTEST	BLOCKED	10983	WITHHOLD	-1
234	rt4_TMB-5_MAP_g_9233.r24	BACKTEST	BLOCKED	10983	WITHHOLD	-1
235	rt4_TMB-5_MAP_g_9234.r24	BACKTEST	BLOCKED	10983	WITHHOLD	-1
236	rt4_TMB-5_MAP_g_9235.r24	BACKTEST	BLOCKED	10983	WITHHOLD	-1
237	rt4_TMB-5_MAP_g_9236.r24	BACKTEST	BLOCKED	10983	WITHHOLD	-1
238	rt4_TMB-5_MAP_g_9237.r24	BACKTEST	BLOCKED	10983	WITHHOLD	-1
239	rt4_TMB-5_MAP_g_9238.r24	BACKTEST	BLOCKED	10983	WITHHOLD	-1
240	rt4_TMB-5_MAP_g_9239.r24	BACKTEST	BLOCKED	10983	WITHHOLD	-1
241	rt4_TMB-5_MAP_g_9240.r24	BACKTEST	BLOCKED	10983	WITHHOLD	-1
242	rt4_TMB-5_MAP_g_9241.r24	BACKTEST	BLOCKED	10983	WITHHOLD	-1
243	rt4_TMB-5_MAP_g_9242.r24	BACKTEST	BLOCKED	10983	WITHHOLD	-1
244	rt4_TMB-5_MAP_g_9243.r24	BACKTEST	BLOCKED	10983	WITHHOLD	-1
245	rt4_TMB-5_MAP_g_9244.r24	BACKTEST	BLOCKED	10983	WITHHOLD	-1
246	rt4_TMB-5_MAP_g_9245.r24	BACKTEST	BLOCKED	10983	CONFIRM_INSTALL	3
247	rt4_TMB-5_MAP_g_9246.r24	BACKTEST	BLOCKED	10983	WITHHOLD	-1
248	rt4_TMB-5_MAP_g_9247.r24	BACKTEST	BLOCKED	10983	WITHHOLD	-1
249	rt4_TMB-5_MAP_g_9248.r24	BACKTEST	BLOCKED	10983	WITHHOLD	-1
250	rt4_TMB-5_MAP_g_9249.r24	BACKTEST	BLOCKED	10983	WITHHOLD	-1
251	rt4_TMB-5_MAP_g_9250.r24	BACKTEST	BLOCKED	10983	WITHHOLD	-1
252	rt4_TMB-5_MAP_g_9251.r24	BACKTEST	BLOCKED	10983	WITHHOLD	-1
253	rt4_TMB-5_MAP_g_9252.r24	BACKTEST	BLOCKED	10983	WITHHOLD	-1
254	rt4_TMB-5_MAP_g_9253.r24	BACKTEST	BLOCKED	10983	WITHHOLD	-1
255	rt4_TMB-5_MAP_g_9254.r24	BACKTEST	BLOCKED	10983	WITHHOLD	-1
256	rt4_TMB-5_MAP_g_9255.r24	BACKTEST	BLOCKED	10983	WITHHOLD	-1
257	rt4_TMB-5_MAP_g_9256.r24	BACKTEST	BLOCKED	10983	WITHHOLD	-1
258	rt4_TMB-5_MAP_g_9257.r24	BACKTEST	BLOCKED	10983	WITHHOLD	-1
259	rt4_TMB-5_MAP_g_9258.r24	BACKTEST	BLOCKED	10983	WITHHOLD	-1
260	rt4_TMB-5_MAP_g_9259.r24	BACKTEST	BLOCKED	10983	WITHHOLD	-1
261	rt4_TMB-5_MAP_g_9260.r24	BACKTEST	BLOCKED	10983	WITHHOLD	-1
262	rt4_TMB-5_MAP_g_9261.r24	BACKTEST	BLOCKED	10983	WITHHOLD	-1
263	rt4_TMB-5_MAP_g_9262.r24	BACKTEST	BLOCKED	10983	WITHHOLD	-1
264	rt4_TMB-5_MAP_g_9263.r24	BACKTEST	BLOCKED	10983	WITHHOLD	-1
265	rt4_TMB-5_MAP_g_9264.r24	BACKTEST	BLOCKED	10983	WITHHOLD	-1
266	rt4_TMB-5_MAP_g_9265.r24	BACKTEST	BLOCKED	10983	WITHHOLD	-1
267	rt4_TMB-5_MAP_g_9266.r24	BACKTEST	ALLOWED	-	-	0
268	rt4_TMB-5_MAP_g_9267.r24	BACKTEST	ALLOWED	-	-	0
269	rt4_TMB-5_MAP_g_9268.r24	BACKTEST	BLOCKED	10983	WITHHOLD	-1
270	rt4_TMB-5_MAP_g_9269.r24	BACKTEST	BLOCKED	10983	WITHHOLD	-1
271	rt4_TMB-5_MAP_g_9270.r24	BACKTEST	BLOCKED	10983	WITHHOLD	-1
272	rt4_TMB-5_MAP_g_9271.r24	BACKTEST	BLOCKED	10983	WITHHOLD	-1
273	rt4_TMB-5_MAP_g_9272.r24	BACKTEST	BLOCKED	10983	WITHHOLD	-1
274	rt4_TMB-5_MAP_g_9273.r24	BACKTEST	BLOCKED	10983	WITHHOLD	-1
275	rt4_TMB-5_MAP_g_9274.r24	BACKTEST	BLOCKED	10983	WITHHOLD	-1
276	rt4_TMB-5_MAP_g_9275.r24	BACKTEST	BLOCKED	10983	CONFIRM_INSTALL	3
277	rt4_TMB-5_MAP_g_9276.r24	BACKTEST	BLOCKED	10983	WITHHOLD	-1
278	rt4_TMB-5_MAP_g_9277.r24	BACKTEST	BLOCKED	10983	WITHHOLD	-1
279	rt4_TMB-5_MAP_g_9278.r24	BACKTEST	BLOCKED	10983	WITHHOLD	-1
280	rt4_TMB-5_MAP_g_9279.r24	BACKTEST	BLOCKED	10983	WITHHOLD	-1
281	rt4_TMB-5_MAP_g_9280.r24	BACKTEST	BLOCKED	10983	WITHHOLD	-1
282	rt4_TMB-5_MAP_g_9281.r24	BACKTEST	BLOCKED	10983	WITHHOLD	-1
283	rt4_TMB-5_MAP_g_9282.r24	BACKTEST	BLOCKED	10983	WITHHOLD	-1
284	rt4_TMB-5_MAP_g_9283.r24	BACKTEST	BLOCKED	10983	WITHHOLD	-1
285	rt4_TMB-5_MAP_g_9284.r24	BACKTEST	BLOCKED	10983	WITHHOLD	-1
286	rt4_TMB-5_MAP_g_9285.r24	BACKTEST	BLOCKED	10983	WITHHOLD	-1
287	rt4_TMB-5_MAP_g_9286.r24	BACKTEST	BLOCKED	10983	WITHHOLD	-1
288	rt4_TMB-5_MAP_g_9287.r24	BACKTEST	BLOCKED	10983	WITHHOLD	-1
289	rt4_TMB-5_MAP_g_9288.r24	BACKTEST	BLOCKED	10983	WITHHOLD	-1
290	rt4_TMB-5_MAP_g_9289.r24	BACKTEST	BLOCKED	10983	WITHHOLD	-1
291	rt4_TMB-5_MAP_g_9290.r24	BACKTEST	BLOCKED	10983	WITHHOLD	-1
292	rt4_TMB-5_MAP_g_9291.r24	BACKTEST	BLOCKED	10983	WITHHOLD	-1
293	rt4_TMB-5_MAP_g_9292.r24	BACKTEST	BLOCKED	10983	WITHHOLD	-1
294	rt4_TMB-5_MAP_g_9293.r24	BACKTEST	BLOCKED	10983	WITHHOLD	-1
295	rt4_TMB-5_MAP_g_9294.r24	BACKTEST	BLOCKED	10983	WITHHOLD	-1
296	rt4_TMB-5_MAP_g_9295.r24	BACKTEST	BLOCKED	10983	WITHHOLD	-1
297	rt4_TMB-5_MAP_g_9296.r24	BACKTEST	BLOCKED	10983	WITHHOLD	-1
298	rt4_TMB-5_MAP_g_9297.r24	BACKTEST	BLOCKED	10983	WITHHOLD	-1
299	rt4_TMB-5_MAP_g_9298.r24	BACKTEST	BLOCKED	10983	WITHHOLD	-1
300	rt4_TMB-5_MAP_g_9299.r24	BACKTEST	BLOCKED	10983	WITHHOLD	-1
301	rt4_TMB-5_MAP_g_9300.r24	BACKTEST	BLOCKED	10983	WITHHOLD	-1
302	rt4_TMB-5_MAP_g_9301.r24	BACKTEST	BLOCKED	10983	WITHHOLD	-1
303	rt4_TMB-5_MAP_g_9302.r24	BACKTEST	BLOCKED	10983	WITHHOLD	-1
304	rt4_TMB-5_MAP_g_9303.r24	BACKTEST	BLOCKED	10983	WITHHOLD	-1
305	rt4_TMB-5_MAP_g_9304.r24	BACKTEST	BLOCKED	10983	WITHHOLD	-1
306	rt4_TMB-5_MAP_g_9305.r24	BACKTEST	BLOCKED	10983	WITHHOLD	-1
307	rt4_TMB-5_MAP_g_9306.r24	BACKTEST	BLOCKED	10983	CONFIRM_INSTALL	3
308	rt4_TMB-5_MAP_g_9307.r24	BACKTEST	BLOCKED	10983	WITHHOLD	-1
309	rt4_TMB-5_MAP_g_9308.r24	BACKTEST	BLOCKED	10983	WITHHOLD	-1
310	rt4_TMB-5_MAP_g_9309.r24	BACKTEST	BLOCKED	10983	WITHHOLD	-1
311	rt4_TMB-5_MAP_g_9310.r24	BACKTEST	BLOCKED	10983	WITHHOLD	-1
312	rt4_TMB-5_MAP_g_9311.r24	BACKTEST	BLOCKED	10983	WITHHOLD	-1
313	rt4_TMB-5_MAP_g_9312.r24	BACKTEST	BLOCKED	10983	WITHHOLD	-1
314	rt4_TMB-5_MAP_g_9313.r24	BACKTEST	BLOCKED	10983	WITHHOLD	-1
315	rt4_TMB-5_MAP_g_9314.r24	BACKTEST	BLOCKED	10983	WITHHOLD	-1
316	rt4_TMB-5_MAP_g_9315.r24	BACKTEST	BLOCKED	10983	WITHHOLD	-1
317	rt4_TMB-5_MAP_g_9316.r24	BACKTEST	BLOCKED	10983	WITHHOLD	-1
318	rt4_TMB-5_MAP_g_9317.r24	BACKTEST	BLOCKED	10983	WITHHOLD	-1
319	rt4_TMB-5_MAP_g_9318.r24	BACKTEST	BLOCKED	10983	WITHHOLD	-1
320	rt4_TMB-5_MAP_g_9319.r24	BACKTEST	BLOCKED	10983	WITHHOLD	-1
321	rt4_TMB-5_MAP_g_9320.r24	BACKTEST	BLOCKED	10983	WITHHOLD	-1
322	rt4_TMB-5_MAP_g_9321.r24	BACKTEST	BLOCKED	10983	WITHHOLD	-1
323	rt4_TMB-5_MAP_g_9322.r24	BACKTEST	BLOCKED	10983	WITHHOLD	-1
324	rt4_TMB-5_MAP_g_9323.r24	BACKTEST	BLOCKED	10983	WITHHOLD	-1
325	rt4_TMB-5_MAP_g_9324.r24	BACKTEST	BLOCKED	10983	WITHHOLD	-1
326	rt4_TMB-5_MAP_g_9325.r24	BACKTEST	BLOCKED	10983	WITHHOLD	-1
327	rt4_TMB-5_MAP_g_9326.r24	BACKTEST	BLOCKED	10983	WITHHOLD	-1
328	rt4_TMB-5_MAP_g_9327.r24	BACKTEST	BLOCKED	10983	WITHHOLD	-1
329	rt4_TMB-5_MAP_g_9328.r24	BACKTEST	BLOCKED	10983	CONFIRM_INSTALL	3
330	rt4_TMB-5_MAP_g_9329.r24	BACKTEST	BLOCKED	10983	WITHHOLD	-1
331	rt4_TMB-5_MAP_g_9330.r24	BACKTEST	BLOCKED	10983	WITHHOLD	-1
332	rt4_TMB-5_MAP_g_9331.r24	BACKTEST	BLOCKED	10983	WITHHOLD	-1
333	rt4_TMB-5_MAP_g_9332.r24	BACKTEST	BLOCKED	10983	WITHHOLD	-1
334	rt4_TMB-5_MAP_g_9333.r24	BACKTEST	BLOCKED	10983	CONFIRM_INSTALL	3
335	rt4_TMB-5_MAP_g_9334.r24	BACKTEST	BLOCKED	10983	WITHHOLD	-1
336	rt4_TMB-5_MAP_g_9335.r24	BACKTEST	BLOCKED	10983	WITHHOLD	-1
337	rt4_TMB-5_MAP_g_9336.r24	BACKTEST	ALLOWED	-	-	0
338	rt4_TMB-5_MAP_g_9337.r24	BACKTEST	BLOCKED	10983	WITHHOLD	-1
339	rt4_TMB-5_MAP_g_9338.r24	BACKTEST	BLOCKED	10983	WITHHOLD	-1
340	rt4_TMB-5_MAP_g_9339.r24	BACKTEST	BLOCKED	10983	WITHHOLD	-1
341	rt4_TMB-5_MAP_g_9340.r24	BACKTEST	BLOCKED	10983	WITHHOLD	-1
342	rt4_TMB-5_MAP_g_9341.r24	BACKTEST	BLOCKED	10983	WITHHOLD	-1
343	rt4_TMB-5_MAP_g_9342.r24	BACKTEST	BLOCKED	10983	WITHHOLD	-1
344	rt4_TMB-5_MAP_g_9343.r24	BACKTEST	BLOCKED	10983	WITHHOLD	-1
345	rt4_TMB-5_MAP_g_9344.r24	BACKTEST	BLOCKED	10983	WITHHOLD	-1
346	rt4_TMB-5_MAP_g_9345.r24	BACKTEST	BLOCKED	10983	WITHHOLD	-1
347	rt4_TMB-5_MAP_g_9346.r24	BACKTEST	BLOCKED	10983	WITHHOLD	-1
348	rt4_TMB-5_MAP_g_9347.r24	BACKTEST	BLOCKED	10983	WITHHOLD	-1
349	rt4_TMB-5_MAP_g_9348.r24	BACKTEST	BLOCKED	10983	WITHHOLD	-1
350	rt4_TMB-5_MAP_g_9349.r24	BACKTEST	BLOCKED	10983	WITHHOLD	-1
351	rt4_TMB-5_MAP_g_9350.r24	BACKTEST	BLOCKED	10983	WITHHOLD	-1
352	rt4_TMB-5_MAP_g_9351.r24	BACKTEST	BLOCKED	10983	WITHHOLD	-1
353	rt4_TMB-5_MAP_g_9352.r24	BACKTEST	BLOCKED	10983	WITHHOLD	-1
354	rt4_TMB-5_MAP_g_9353.r24	BACKTEST	BLOCKED	10983	WITHHOLD	-1
355	rt4_TMB-5_MAP_g_9354.r24	BACKTEST	BLOCKED	10983	WITHHOLD	-1
356	rt4_TMB-5_MAP_g_9355.r24	BACKTEST	BLOCKED	10983	WITHHOLD	-1
357	rt4_TMB-5_MAP_g_9356.r24	BACKTEST	BLOCKED	10983	WITHHOLD	-1
358	rt4_TMB-5_MAP_g_9357.r24	BACKTEST	BLOCKED	10983	WITHHOLD	-1
359	rt4_TMB-5_MAP_g_9358.r24	BACKTEST	BLOCKED	10983	WITHHOLD	-1
360	rt4_TMB-5_MAP_g_9359.r24	BACKTEST	BLOCKED	10983	WITHHOLD	-1
361	rt4_TMB-5_MAP_g_9360.r24	BACKTEST	BLOCKED	10983	WITHHOLD	-1
362	rt4_TMB-5_MAP_g_9361.r24	BACKTEST	BLOCKED	10983	WITHHOLD	-1
363	rt4_TMB-5_MAP_g_9362.r24	BACKTEST	BLOCKED	10983	WITHHOLD	-1
364	rt4_TMB-5_MAP_g_9363.r24	BACKTEST	BLOCKED	10983	WITHHOLD	-1
365	rt4_TMB-5_MAP_g_9364.r24	BACKTEST	BLOCKED	10983	WITHHOLD	-1
366	rt4_TMB-5_MAP_g_9365.r24	BACKTEST	BLOCKED	10983	WITHHOLD	-1
367	rt4_TMB-5_MAP_g_9366.r24	BACKTEST	BLOCKED	10983	WITHHOLD	-1
368	rt4_TMB-5_MAP_g_9367.r24	BACKTEST	BLOCKED	10983	CONFIRM_INSTALL	3
369	rt4_TMB-5_MAP_g_9368.r24	BACKTEST	BLOCKED	10983	WITHHOLD	-1
370	rt4_TMB-5_MAP_g_9369.r24	BACKTEST	BLOCKED	10983	WITHHOLD	-1
371	rt4_TMB-5_MAP_g_9370.r24	BACKTEST	BLOCKED	10983	WITHHOLD	-1
372	rt4_TMB-5_MAP_g_9371.r24	BACKTEST	BLOCKED	10983	WITHHOLD	-1
373	rt4_TMB-5_MAP_g_9372.r24	BACKTEST	BLOCKED	10983	WITHHOLD	-1
374	rt4_TMB-5_MAP_g_9373.r24	BACKTEST	BLOCKED	10983	WITHHOLD	-1
375	rt4_TMB-5_MAP_g_9374.r24	BACKTEST	BLOCKED	10983	WITHHOLD	-1
376	rt4_TMB-5_MAP_g_9375.r24	BACKTEST	BLOCKED	10983	WITHHOLD	-1
377	rt4_TMB-5_MAP_g_9376.r24	BACKTEST	BLOCKED	10983	WITHHOLD	-1
378	rt4_TMB-5_MAP_g_9377.r24	BACKTEST	BLOCKED	10983	WITHHOLD	-1
379	rt4_TMB-5_MAP_g_9378.r24	BACKTEST	BLOCKED	10983	WITHHOLD	-1
380	rt4_TMB-5_MAP_g_9379.r24	BACKTEST	BLOCKED	10983	WITHHOLD	-1
381	rt4_TMB-5_MAP_g_9380.r24	BACKTEST	BLOCKED	10983	WITHHOLD	-1
382	rt4_TMB-5_MAP_g_9381.r24	BACKTEST	BLOCKED	10983	WITHHOLD	-1
383	rt4_TMB-5_MAP_g_9382.r24	BACKTEST	BLOCKED	10983	WITHHOLD	-1
384	rt4_TMB-5_MAP_g_9383.r24	BACKTEST	BLOCKED	10983	WITHHOLD	-1
385	rt4_TMB-5_MAP_g_9384.r24	BACKTEST	BLOCKED	10983	WITHHOLD	-1
386	rt4_TMB-5_MAP_g_9385.r24	BACKTEST	BLOCKED	10983	WITHHOLD	-1
387	rt4_TMB-5_MAP_g_9386.r24	BACKTEST	BLOCKED	10983	WITHHOLD	-1
388	rt4_TMB-5_MAP_g_9387.r24	BACKTEST	BLOCKED	10983	WITHHOLD	-1
389	rt4_TMB-5_MAP_g_9388.r24	BACKTEST	BLOCKED	10983	WITHHOLD	-1
390	rt4_TMB-5_MAP_g_9389.r24	BACKTEST	BLOCKED	10983	WITHHOLD	-1
391	rt4_TMB-5_MAP_g_9390.r24	BACKTEST	BLOCKED	10983	WITHHOLD	-1
392	rt4_TMB-5_MAP_g_9391.r24	BACKTEST	BLOCKED	10983	WITHHOLD	-1
393	rt4_TMB-5_MAP_g_9392.r24	BACKTEST	BLOCKED	10983	WITHHOLD	-1
394	rt4_TMB-5_MAP_g_9393.r24	BACKTEST	BLOCKED	10983	WITHHOLD	-1
395	rt4_TMB-5_MAP_g_9394.r24	BACKTEST	BLOCKED	10983	WITHHOLD	-1
396	rt4_TMB-5_MAP_g_9395.r24	BACKTEST	BLOCKED	10983	WITHHOLD	-1
397	rt4_TMB-5_MAP_g_9396.r24	BACKTEST	BLOCKED	10983	WITHHOLD	-1
398	rt4_TMB-5_MAP_g_9397.r24	BACKTEST	BLOCKED	10983	WITHHOLD	-1
399	rt4_TMB-5_MAP_g_9398.r24	BACKTEST	BLOCKED	10983	WITHHOLD	-1
400	rt4_TMB-5_MAP_g_9399.r24	BACKTEST	BLOCKED	10983	WITHHOLD	-1
401	rt4_TMB-5_MAP_g_9400.r24	BACKTEST	BLOCKED	10983	WITHHOLD	-1
402	rt4_TMB-5_MAP_g_9401.r24	BACKTEST	BLOCKED	10983	WITHHOLD	-1
403	rt4_TMB-5_MAP_g_9402.r24	BACKTEST	BLOCKED	10983	WITHHOLD	-1
404	rt4_TMB-5_MAP_g_9403.r24	BACKTEST	BLOCKED	10983	WITHHOLD	-1
405	rt4_TMB-5_MAP_g_9404.r24	BACKTEST	BLOCKED	10983	WITHHOLD	-1
406	rt4_TMB-5_MAP_g_9405.r24	BACKTEST	BLOCKED	10983	WITHHOLD	-1
407	rt4_TMB-5_MAP_g_9406.r24	BACKTEST	BLOCKED	10983	WITHHOLD	-1
408	rt4_TMB-5_MAP_g_9407.r24	BACKTEST	BLOCKED	10983	WITHHOLD	-1
409	rt4_TMB-5_MAP_g_9408.r24	BACKTEST	BLOCKED	10983	WITHHOLD	-1
410	rt4_TMB-5_MAP_g_9409.r24	BACKTEST	BLOCKED	10983	WITHHOLD	-1
411	rt4_TMB-5_MAP_g_9410.r24	BACKTEST	BLOCKED	10983	WITHHOLD	-1
412	rt4_TMB-5_MAP_g_9411.r24	BACKTEST	BLOCKED	10983	WITHHOLD	-1
413	rt4_TMB-5_MAP_g_9412.r24	BACKTEST	BLOCKED	10983	WITHHOLD	-1
414	rt4_TMB-5_MAP_g_9413.r24	BACKTEST	BLOCKED	10983	WITHHOLD	-1
415	rt4_TMB-5_MAP_g_9414.r24	BACKTEST	BLOCKED	10983	WITHHOLD	-1
416	rt4_TMB-5_MAP_g_9415.r24	BACKTEST	BLOCKED	10983	WITHHOLD	-1
417	rt4_TMB-5_MAP_g_9416.r24	BACKTEST	BLOCKED	10983	WITHHOLD	-1
418	rt4_TMB-5_MAP_g_9417.r24	BACKTEST	BLOCKED	10983	WITHHOLD	-1
419	rt4_TMB-5_MAP_g_9418.r24	BACKTEST	BLOCKED	10983	CONFIRM_INSTALL	3
420	rt4_TMB-5_MAP_g_9419.r24	BACKTEST	BLOCKED	10983	WITHHOLD	-1
421	rt4_TMB-5_MAP_g_9420.r24	BACKTEST	BLOCKED	10983	WITHHOLD	-1
422	rt4_TMB-5_MAP_g_9421.r24	BACKTEST	BLOCKED	10983	WITHHOLD	-1
423	rt4_TMB-5_MAP_g_9422.r24	BACKTEST	BLOCKED	10983	WITHHOLD	-1
424	rt4_TMB-5_MAP_g_9423.r24	BACKTEST	BLOCKED	10983	WITHHOLD	-1
425	rt4_TMB-5_MAP_g_9424.r24	BACKTEST	BLOCKED	10983	WITHHOLD	-1
426	rt4_TMB-5_MAP_g_9425.r24	BACKTEST	BLOCKED	10983	WITHHOLD	-1
427	rt4_TMB-5_MAP_g_9426.r24	BACKTEST	BLOCKED	10983	WITHHOLD	-1
428	rt4_TMB-5_MAP_g_9427.r24	BACKTEST	BLOCKED	10983	WITHHOLD	-1
429	rt4_TMB-5_MAP_g_9428.r24	BACKTEST	BLOCKED	10983	WITHHOLD	-1
430	rt4_TMB-5_MAP_g_9429.r24	BACKTEST	BLOCKED	10983	WITHHOLD	-1
431	rt4_TMB-5_MAP_g_9430.r24	BACKTEST	BLOCKED	10983	WITHHOLD	-1
432	rt4_TMB-5_MAP_g_9431.r24	BACKTEST	BLOCKED	10983	WITHHOLD	-1
433	rt4_TMB-5_MAP_g_9432.r24	BACKTEST	BLOCKED	10983	WITHHOLD	-1
434	rt4_TMB-5_MAP_g_9433.r24	BACKTEST	BLOCKED	10983	WITHHOLD	-1
435	rt4_TMB-5_MAP_g_9434.r24	BACKTEST	BLOCKED	10983	WITHHOLD	-1
436	rt4_TMB-5_MAP_g_9435.r24	BACKTEST	BLOCKED	10983	WITHHOLD	-1
437	rt4_TMB-5_MAP_g_9436.r24	BACKTEST	BLOCKED	10983	WITHHOLD	-1
438	rt4_TMB-5_MAP_g_9437.r24	BACKTEST	BLOCKED	10983	WITHHOLD	-1
439	rt4_TMB-5_MAP_g_9438.r24	BACKTEST	BLOCKED	10983	WITHHOLD	-1
440	rt4_TMB-5_MAP_g_9439.r24	BACKTEST	BLOCKED	10983	WITHHOLD	-1
441	rt4_TMB-5_MAP_g_9440.r24	BACKTEST	BLOCKED	10983	WITHHOLD	-1
442	rt4_TMB-5_MAP_g_9441.r24	BACKTEST	BLOCKED	10983	WITHHOLD	-1
443	rt4_TMB-5_MAP_g_9442.r24	BACKTEST	BLOCKED	10983	WITHHOLD	-1
444	rt4_TMB-5_MAP_g_9443.r24	BACKTEST	BLOCKED	10983	WITHHOLD	-1
445	rt4_TMB-5_MAP_g_9444.r24	BACKTEST	BLOCKED	10983	WITHHOLD	-1
446	rt4_TMB-5_MAP_g_9445.r24	BACKTEST	BLOCKED	10983	WITHHOLD	-1
447	rt4_TMB-5_MAP_g_9446.r24	BACKTEST	BLOCKED	10983	WITHHOLD	-1
448	rt4_TMB-5_MAP_g_9447.r24	BACKTEST	BLOCKED	10983	WITHHOLD	-1
449	rt4_TMB-5_MAP_g_9448.r24	BACKTEST	BLOCKED	10983	WITHHOLD	-1
450	rt4_TMB-5_MAP_g_9449.r24	BACKTEST	BLOCKED	10983	WITHHOLD	-1
451	rt4_TMB-5_MAP_g_9450.r24	BACKTEST	BLOCKED	10983	WITHHOLD	-1
452	rt4_TMB-5_MAP_g_9451.r24	BACKTEST	BLOCKED	10983	WITHHOLD	-1
453	rt4_TMB-5_MAP_g_9452.r24	BACKTEST	BLOCKED	10983	WITHHOLD	-1
454	rt4_TMB-5_MAP_g_9453.r24	BACKTEST	BLOCKED	10983	WITHHOLD	-1
455	rt4_TMB-5_MAP_g_9454.r24	BACKTEST	BLOCKED	10983	WITHHOLD	-1
456	rt4_TMB-5_MAP_g_9455.r24	BACKTEST	BLOCKED	10983	WITHHOLD	-1
457	rt4_TMB-5_MAP_g_9456.r24	BACKTEST	BLOCKED	10983	WITHHOLD	-1
458	rt4_TMB-5_MAP_g_9457.r24	BACKTEST	BLOCKED	10983	WITHHOLD	-1
459	rt4_TMB-5_MAP_g_9458.r24	BACKTEST	BLOCKED	10983	WITHHOLD	-1
460	rt4_TMB-5_MAP_g_9459.r24	BACKTEST	BLOCKED	10983	WITHHOLD	-1
461	rt4_TMB-5_MAP_g_9460.r24	BACKTEST	BLOCKED	10983	WITHHOLD	-1
462	rt4_TMB-5_MAP_g_9461.r24	BACKTEST	BLOCKED	10983	WITHHOLD	-1
463	rt4_TMB-5_MAP_g_9462.r24	BACKTEST	BLOCKED	10983	WITHHOLD	-1
464	rt4_TMB-5_MAP_g_9463.r24	BACKTEST	BLOCKED	10983	WITHHOLD	-1
465	rt4_TMB-5_MAP_g_9464.r24	BACKTEST	BLOCKED	10983	WITHHOLD	-1
466	rt4_TMB-5_MAP_g_9465.r24	BACKTEST	BLOCKED	10983	WITHHOLD	-1
467	rt4_TMB-5_MAP_g_9466.r24	BACKTEST	BLOCKED	10983	WITHHOLD	-1
468	rt4_TMB-5_MAP_g_9467.r24	BACKTEST	BLOCKED	10983	WITHHOLD	-1
469	rt4_TMB-5_MAP_g_9468.r24	BACKTEST	BLOCKED	10983	WITHHOLD	-1
470	rt4_TMB-5_MAP_g_9469.r24	BACKTEST	BLOCKED	10983	CONFIRM_INSTALL	3
471	rt4_TMB-5_MAP_g_9470.r24	BACKTEST	BLOCKED	10983	WITHHOLD	-1
472	rt4_TMB-5_MAP_g_9471.r24	BACKTEST	BLOCKED	10983	WITHHOLD	-1
473	rt4_TMB-5_MAP_g_9472.r24	BACKTEST	BLOCKED	10983	WITHHOLD	-1
474	rt4_TMB-5_MAP_g_9473.r24	BACKTEST	BLOCKED	10983	WITHHOLD	-1
475	rt4_TMB-5_MAP_g_9474.r24	BACKTEST	BLOCKED	10983	WITHHOLD	-1
476	rt4_TMB-5_MAP_g_9475.r24	BACKTEST	BLOCKED	10983	WITHHOLD	-1
477	rt4_TMB-5_MAP_g_9476.r24	BACKTEST	BLOCKED	10983	WITHHOLD	-1
478	rt4_TMB-5_MAP_g_9477.r24	BACKTEST	BLOCKED	10983	WITHHOLD	-1
479	rt4_TMB-5_MAP_g_9478.r24	BACKTEST	BLOCKED	10983	WITHHOLD	-1
480	rt4_TMB-5_MAP_g_9479.r24	BACKTEST	BLOCKED	10983	WITHHOLD	-1
481	rt4_TMB-5_MAP_g_9480.r24	BACKTEST	BLOCKED	10983	WITHHOLD	-1
482	rt4_TMB-5_MAP_g_9481.r24	BACKTEST	BLOCKED	10983	WITHHOLD	-1
483	rt4_TMB-5_MAP_g_9482.r24	BACKTEST	BLOCKED	10983	WITHHOLD	-1
484	rt4_TMB-5_MAP_g_9483.r24	BACKTEST	BLOCKED	10983	WITHHOLD	-1
485	rt4_TMB-5_MAP_g_9484.r24	BACKTEST	BLOCKED	10983	WITHHOLD	-1
486	rt4_TMB-5_MAP_g_9485.r24	BACKTEST	BLOCKED	10983	WITHHOLD	-1
487	rt4_TMB-5_MAP_g_9486.r24	BACKTEST	BLOCKED	10983	WITHHOLD	-1
488	rt4_TMB-5_MAP_g_9487.r24	BACKTEST	BLOCKED	10983	WITHHOLD	-1
489	rt4_TMB-5_MAP_g_9488.r24	BACKTEST	BLOCKED	10983	WITHHOLD	-1
490	rt4_TMB-5_MAP_g_9489.r24	BACKTEST	BLOCKED	10983	WITHHOLD	-1
491	rt4_TMB-5_MAP_g_9490.r24	BACKTEST	BLOCKED	10983	WITHHOLD	-1
492	rt4_TMB-5_MAP_g_9491.r24	BACKTEST	BLOCKED	10983	WITHHOLD	-1
493	rt4_TMB-5_MAP_g_9492.r24	BACKTEST	BLOCKED	10983	WITHHOLD	-1
494	rt4_TMB-5_MAP_g_9493.r24	BACKTEST	BLOCKED	10983	WITHHOLD	-1
495	rt4_TMB-5_MAP_g_9494.r24	BACKTEST	BLOCKED	10983	WITHHOLD	-1
496	rt4_TMB-5_MAP_g_9495.r24	BACKTEST	BLOCKED	10983	WITHHOLD	-1
497	rt4_TMB-5_MAP_g_9496.r24	BACKTEST	BLOCKED	10983	WITHHOLD	-1
498	rt4_TMB-5_MAP_g_9497.r24	BACKTEST	BLOCKED	10983	WITHHOLD	-1
499	rt4_TMB-5_MAP_g_9498.r24	BACKTEST	BLOCKED	10983	WITHHOLD	-1
500	rt4_TMB-5_MAP_g_9499.r24	BACKTEST	BLOCKED	10983	WITHHOLD	-1
SETSUM NEAR n=0 blocked=0 confirmed=0 withheld=0
SETSUM FAR n=0 blocked=0
SETSUM BACKTEST n=500 blocked=497
BACKTEST false_blocked=0 false_withheld=0 false_escaped=0 true_blocked=497
DELAYBAR delayed_gt50=0 over=0
HIST 0=0 1-3=0 4-10=0 11-50=0 51-100=0 101-300=0 301+=0 WITHHELD=0
SERIAL delayed_gt50=0
SANITY MISMATCH
