1	rt4_TMB-5_MAP_g_10000.r24	BACKTEST	BLOCKED	10983	WITHHOLD	-1
2	rt4_TMB-5_MAP_g_10001.r24	BACKTEST	BLOCKED	10983	WITHHOLD	-1
3	rt4_TMB-5_MAP_g_10002.r24	BACKTEST	BLOCKED	10983	WITHHOLD	-1
4	rt4_TMB-5_MAP_g_10003.r24	BACKTEST	BLOCKED	10983	WITHHOLD	-1
5	rt4_TMB-5_MAP_g_10004.r24	BACKTEST	BLOCKED	10983	WITHHOLD	-1
6	rt4_TMB-5_MAP_g_10005.r24	BACKTEST	BLOCKED	10983	WITHHOLD	-1
7	rt4_TMB-5_MAP_g_10006.r24	BACKTEST	BLOCKED	10983	WITHHOLD	-1
8	rt4_TMB-5_MAP_g_10007.r24	BACKTEST	BLOCKED	10983	WITHHOLD	-1
9	rt4_TMB-5_MAP_g_10008.r24	BACKTEST	BLOCKED	10983	WITHHOLD	-1
10	rt4_TMB-5_MAP_g_10009.r24	BACKTEST	BLOCKED	10983	WITHHOLD	-1
11	rt4_TMB-5_MAP_g_10010.r24	BACKTEST	BLOCKED	10983	WITHHOLD	-1
12	rt4_TMB-5_MAP_g_10011.r24	BACKTEST	BLOCKED	10983	WITHHOLD	-1
13	rt4_TMB-5_MAP_g_10012.r24	BACKTEST	BLOCKED	10983	WITHHOLD	-1
14	rt4_TMB-5_MAP_g_10013.r24	BACKTEST	BLOCKED	10983	WITHHOLD	-1
15	rt4_TMB-5_MAP_g_10014.r24	BACKTEST	BLOCKED	10983	WITHHOLD	-1
16	rt4_TMB-5_MAP_g_10015.r24	BACKTEST	BLOCKED	10983	WITHHOLD	-1
17	rt4_TMB-5_MAP_g_10016.r24	BACKTEST	BLOCKED	10983	WITHHOLD	-1
18	rt4_TMB-5_MAP_g_10017.r24	BACKTEST	BLOCKED	10983	WITHHOLD	-1
19	rt4_TMB-5_MAP_g_10018.r24	BACKTEST	BLOCKED	10983	WITHHOLD	-1
20	rt4_TMB-5_MAP_g_10019.r24	BACKTEST	BLOCKED	10983	WITHHOLD	-1
21	rt4_TMB-5_MAP_g_10020.r24	BACKTEST	BLOCKED	10983	WITHHOLD	-1
22	rt4_TMB-5_MAP_g_10021.r24	BACKTEST	BLOCKED	10983	WITHHOLD	-1
23	rt4_TMB-5_MAP_g_10022.r24	BACKTEST	BLOCKED	10983	WITHHOLD	-1
24	rt4_TMB-5_MAP_g_10023.r24	BACKTEST	BLOCKED	10983	WITHHOLD	-1
25	rt4_TMB-5_MAP_g_10024.r24	BACKTEST	BLOCKED	10983	WITHHOLD	-1
26	rt4_TMB-5_MAP_g_10025.r24	BACKTEST	BLOCKED	10983	WITHHOLD	-1
27	rt4_TMB-5_MAP_g_10026.r24	BACKTEST	BLOCKED	10983	WITHHOLD	-1
28	rt4_TMB-5_MAP_g_10027.r24	BACKTEST	BLOCKED	10983	WITHHOLD	-1
29	rt4_TMB-5_MAP_g_10028.r24	BACKTEST	BLOCKED	10983	WITHHOLD	-1
30	rt4_TMB-5_MAP_g_10029.r24	BACKTEST	BLOCKED	10983	WITHHOLD	-1
31	rt4_TMB-5_MAP_g_10030.r24	BACKTEST	BLOCKED	10983	CONFIRM_INSTALL	3
32	rt4_TMB-5_MAP_g_10031.r24	BACKTEST	BLOCKED	10983	WITHHOLD	-1
33	rt4_TMB-5_MAP_g_10032.r24	BACKTEST	BLOCKED	10983	WITHHOLD	-1
34	rt4_TMB-5_MAP_g_10033.r24	BACKTEST	BLOCKED	10983	WITHHOLD	-1
35	rt4_TMB-5_MAP_g_10034.r24	BACKTEST	BLOCKED	10983	WITHHOLD	-1
36	rt4_TMB-5_MAP_g_10035.r24	BACKTEST	BLOCKED	10983	WITHHOLD	-1
37	rt4_TMB-5_MAP_g_10036.r24	BACKTEST	BLOCKED	10983	WITHHOLD	-1
38	rt4_TMB-5_MAP_g_10037.r24	BACKTEST	BLOCKED	10983	WITHHOLD	-1
39	rt4_TMB-5_MAP_g_10038.r24	BACKTEST	BLOCKED	10983	WITHHOLD	-1
40	rt4_TMB-5_MAP_g_10039.r24	BACKTEST	BLOCKED	10983	WITHHOLD	-1
41	rt4_TMB-5_MAP_g_10040.r24	BACKTEST	BLOCKED	10983	WITHHOLD	-1
42	rt4_TMB-5_MAP_g_10041.r24	BACKTEST	BLOCKED	10983	WITHHOLD	-1
43	rt4_TMB-5_MAP_g_10042.r24	BACKTEST	BLOCKED	10983	WITHHOLD	-1
44	rt4_TMB-5_MAP_g_10043.r24	BACKTEST	BLOCKED	10983	WITHHOLD	-1
45	rt4_TMB-5_MAP_g_10044.r24	BACKTEST	BLOCKED	10983	WITHHOLD	-1
46	rt4_TMB-5_MAP_g_10045.r24	BACKTEST	BLOCKED	10983	WITHHOLD	-1
47	rt4_TMB-5_MAP_g_10046.r24	BACKTEST	BLOCKED	10983	WITHHOLD	-1
48	rt4_TMB-5_MAP_g_10047.r24	BACKTEST	BLOCKED	10983	WITHHOLD	-1
49	rt4_TMB-5_MAP_g_10048.r24	BACKTEST	BLOCKED	10983	WITHHOLD	-1
50	rt4_TMB-5_MAP_g_10049.r24	BACKTEST	BLOCKED	10983	WITHHOLD	-1
51	rt4_TMB-5_MAP_g_10050.r24	BACKTEST	BLOCKED	10983	WITHHOLD	-1
52	rt4_TMB-5_MAP_g_10051.r24	BACKTEST	BLOCKED	10983	WITHHOLD	-1
53	rt4_TMB-5_MAP_g_10052.r24	BACKTEST	BLOCKED	10983	WITHHOLD	-1
54	rt4_TMB-5_MAP_g_10053.r24	BACKTEST	BLOCKED	10983	WITHHOLD	-1
55	rt4_TMB-5_MAP_g_10054.r24	BACKTEST	BLOCKED	10983	WITHHOLD	-1
56	rt4_TMB-5_MAP_g_10055.r24	BACKTEST	BLOCKED	10983	WITHHOLD	-1
57	rt4_TMB-5_MAP_g_10056.r24	BACKTEST	BLOCKED	10983	WITHHOLD	-1
58	rt4_TMB-5_MAP_g_10057.r24	BACKTEST	BLOCKED	10983	WITHHOLD	-1
59	rt4_TMB-5_MAP_g_10058.r24	BACKTEST	BLOCKED	10983	WITHHOLD	-1
60	rt4_TMB-5_MAP_g_10059.r24	BACKTEST	BLOCKED	10983	WITHHOLD	-1
61	rt4_TMB-5_MAP_g_10060.r24	BACKTEST	BLOCKED	10983	WITHHOLD	-1
62	rt4_TMB-5_MAP_g_10061.r24	BACKTEST	BLOCKED	10983	WITHHOLD	-1
63	rt4_TMB-5_MAP_g_10062.r24	BACKTEST	BLOCKED	10983	WITHHOLD	-1
64	rt4_TMB-5_MAP_g_10063.r24	BACKTEST	BLOCKED	10983	WITHHOLD	-1
65	rt4_TMB-5_MAP_g_10064.r24	BACKTEST	BLOCKED	10983	WITHHOLD	-1
66	rt4_TMB-5_MAP_g_10065.r24	BACKTEST	BLOCKED	10983	WITHHOLD	-1
67	rt4_TMB-5_MAP_g_10066.r24	BACKTEST	BLOCKED	10983	WITHHOLD	-1
68	rt4_TMB-5_MAP_g_10067.r24	BACKTEST	BLOCKED	10983	WITHHOLD	-1
69	rt4_TMB-5_MAP_g_10068.r24	BACKTEST	BLOCKED	10983	WITHHOLD	-1
70	rt4_TMB-5_MAP_g_10069.r24	BACKTEST	BLOCKED	10983	WITHHOLD	-1
71	rt4_TMB-5_MAP_g_10070.r24	BACKTEST	BLOCKED	10983	WITHHOLD	-1
72	rt4_TMB-5_MAP_g_10071.r24	BACKTEST	BLOCKED	10983	WITHHOLD	-1
73	rt4_TMB-5_MAP_g_10072.r24	BACKTEST	BLOCKED	10983	WITHHOLD	-1
74	rt4_TMB-5_MAP_g_10073.r24	BACKTEST	BLOCKED	10983	WITHHOLD	-1
75	rt4_TMB-5_MAP_g_10074.r24	BACKTEST	BLOCKED	10983	WITHHOLD	-1
76	rt4_TMB-5_MAP_g_10075.r24	BACKTEST	BLOCKED	10983	WITHHOLD	-1
77	rt4_TMB-5_MAP_g_10076.r24	BACKTEST	BLOCKED	10983	WITHHOLD	-1
78	rt4_TMB-5_MAP_g_10077.r24	BACKTEST	BLOCKED	10983	WITHHOLD	-1
79	rt4_TMB-5_MAP_g_10078.r24	BACKTEST	BLOCKED	10983	WITHHOLD	-1
80	rt4_TMB-5_MAP_g_10079.r24	BACKTEST	BLOCKED	10983	WITHHOLD	-1
81	rt4_TMB-5_MAP_g_10080.r24	BACKTEST	BLOCKED	10983	WITHHOLD	-1
82	rt4_TMB-5_MAP_g_10081.r24	BACKTEST	BLOCKED	10983	CONFIRM_INSTALL	3
83	rt4_TMB-5_MAP_g_10082.r24	BACKTEST	BLOCKED	10983	WITHHOLD	-1
84	rt4_TMB-5_MAP_g_10083.r24	BACKTEST	BLOCKED	10983	WITHHOLD	-1
85	rt4_TMB-5_MAP_g_10084.r24	BACKTEST	BLOCKED	10983	WITHHOLD	-1
86	rt4_TMB-5_MAP_g_10085.r24	BACKTEST	BLOCKED	10983	WITHHOLD	-1
87	rt4_TMB-5_MAP_g_10086.r24	BACKTEST	BLOCKED	10983	WITHHOLD	-1
88	rt4_TMB-5_MAP_g_10087.r24	BACKTEST	BLOCKED	10983	WITHHOLD	-1
89	rt4_TMB-5_MAP_g_10088.r24	BACKTEST	BLOCKED	10983	WITHHOLD	-1
90	rt4_TMB-5_MAP_g_10089.r24	BACKTEST	BLOCKED	10983	WITHHOLD	-1
91	rt4_TMB-5_MAP_g_10090.r24	BACKTEST	BLOCKED	10983	WITHHOLD	-1
92	rt4_TMB-5_MAP_g_10091.r24	BACKTEST	BLOCKED	10983	WITHHOLD	-1
93	rt4_TMB-5_MAP_g_10092.r24	BACKTEST	BLOCKED	10983	WITHHOLD	-1
94	rt4_TMB-5_MAP_g_10093.r24	BACKTEST	BLOCKED	10983	WITHHOLD	-1
95	rt4_TMB-5_MAP_g_10094.r24	BACKTEST	BLOCKED	10983	WITHHOLD	-1
96	rt4_TMB-5_MAP_g_10095.r24	BACKTEST	BLOCKED	10983	WITHHOLD	-1
97	rt4_TMB-5_MAP_g_10096.r24	BACKTEST	BLOCKED	10983	WITHHOLD	-1
98	rt4_TMB-5_MAP_g_10097.r24	BACKTEST	BLOCKED	10983	WITHHOLD	-1
99	rt4_TMB-5_MAP_g_10098.r24	BACKTEST	BLOCKED	10983	WITHHOLD	-1
100	rt4_TMB-5_MAP_g_10099.r24	BACKTEST	BLOCKED	10983	WITHHOLD	-1
101	rt4_TMB-5_MAP_g_10100.r24	BACKTEST	BLOCKED	10983	WITHHOLD	-1
102	rt4_TMB-5_MAP_g_10101.r24	BACKTEST	BLOCKED	10983	WITHHOLD	-1
103	rt4_TMB-5_MAP_g_10102.r24	BACKTEST	BLOCKED	10983	WITHHOLD	-1
104	rt4_TMB-5_MAP_g_10103.r24	BACKTEST	BLOCKED	10983	WITHHOLD	-1
105	rt4_TMB-5_MAP_g_10104.r24	BACKTEST	BLOCKED	10983	WITHHOLD	-1
106	rt4_TMB-5_MAP_g_10105.r24	BACKTEST	BLOCKED	10983	WITHHOLD	-1
107	rt4_TMB-5_MAP_g_10106.r24	BACKTEST	BLOCKED	10983	WITHHOLD	-1
108	rt4_TMB-5_MAP_g_10107.r24	BACKTEST	BLOCKED	10983	WITHHOLD	-1
109	rt4_TMB-5_MAP_g_10108.r24	BACKTEST	BLOCKED	10983	WITHHOLD	-1
110	rt4_TMB-5_MAP_g_10109.r24	BACKTEST	BLOCKED	10983	WITHHOLD	-1
111	rt4_TMB-5_MAP_g_10110.r24	BACKTEST	BLOCKED	10983	WITHHOLD	-1
112	rt4_TMB-5_MAP_g_10111.r24	BACKTEST	BLOCKED	10983	WITHHOLD	-1
113	rt4_TMB-5_MAP_g_10112.r24	BACKTEST	BLOCKED	10983	WITHHOLD	-1
114	rt4_TMB-5_MAP_g_10113.r24	BACKTEST	BLOCKED	10983	WITHHOLD	-1
115	rt4_TMB-5_MAP_g_10114.r24	BACKTEST	BLOCKED	10983	WITHHOLD	-1
116	rt4_TMB-5_MAP_g_10115.r24	BACKTEST	BLOCKED	10983	WITHHOLD	-1
117	rt4_TMB-5_MAP_g_10116.r24	BACKTEST	BLOCKED	10983	WITHHOLD	-1
118	rt4_TMB-5_MAP_g_10117.r24	BACKTEST	BLOCKED	10983	WITHHOLD	-1
119	rt4_TMB-5_MAP_g_10118.r24	BACKTEST	BLOCKED	10983	WITHHOLD	-1
120	rt4_TMB-5_MAP_g_10119.r24	BACKTEST	BLOCKED	10983	WITHHOLD	-1
121	rt4_TMB-5_MAP_g_10120.r24	BACKTEST	BLOCKED	10983	WITHHOLD	-1
122	rt4_TMB-5_MAP_g_10121.r24	BACKTEST	BLOCKED	10983	WITHHOLD	-1
123	rt4_TMB-5_MAP_g_10122.r24	BACKTEST	BLOCKED	10983	WITHHOLD	-1
124	rt4_TMB-5_MAP_g_10123.r24	BACKTEST	BLOCKED	10983	WITHHOLD	-1
125	rt4_TMB-5_MAP_g_10124.r24	BACKTEST	BLOCKED	10983	WITHHOLD	-1
126	rt4_TMB-5_MAP_g_10125.r24	BACKTEST	BLOCKED	10983	WITHHOLD	-1
127	rt4_TMB-5_MAP_g_10126.r24	BACKTEST	BLOCKED	10983	WITHHOLD	-1
128	rt4_TMB-5_MAP_g_10127.r24	BACKTEST	BLOCKED	10983	WITHHOLD	-1
129	rt4_TMB-5_MAP_g_10128.r24	BACKTEST	BLOCKED	10983	WITHHOLD	-1
130	rt4_TMB-5_MAP_g_10129.r24	BACKTEST	BLOCKED	10983	WITHHOLD	-1
131	rt4_TMB-5_MAP_g_10130.r24	BACKTEST	BLOCKED	10983	WITHHOLD	-1
132	rt4_TMB-5_MAP_g_10131.r24	BACKTEST	BLOCKED	10983	WITHHOLD	-1
133	rt4_TMB-5_MAP_g_10132.r24	BACKTEST	BLOCKED	10983	CONFIRM_INSTALL	3
134	rt4_TMB-5_MAP_g_10133.r24	BACKTEST	BLOCKED	10983	WITHHOLD	-1
135	rt4_TMB-5_MAP_g_10134.r24	BACKTEST	BLOCKED	10983	WITHHOLD	-1
136	rt4_TMB-5_MAP_g_10135.r24	BACKTEST	BLOCKED	10983	WITHHOLD	-1
137	rt4_TMB-5_MAP_g_10136.r24	BACKTEST	BLOCKED	10983	WITHHOLD	-1
138	rt4_TMB-5_MAP_g_10137.r24	BACKTEST	BLOCKED	10983	WITHHOLD	-1
139	rt4_TMB-5_MAP_g_10138.r24	BACKTEST	BLOCKED	10983	WITHHOLD	-1
140	rt4_TMB-5_MAP_g_10139.r24	BACKTEST	BLOCKED	10983	WITHHOLD	-1
141	rt4_TMB-5_MAP_g_10140.r24	BACKTEST	BLOCKED	10983	WITHHOLD	-1
142	rt4_TMB-5_MAP_g_10141.r24	BACKTEST	BLOCKED	10983	WITHHOLD	-1
143	rt4_TMB-5_MAP_g_10142.r24	BACKTEST	BLOCKED	10983	WITHHOLD	-1
144	rt4_TMB-5_MAP_g_10143.r24	BACKTEST	BLOCKED	10983	WITHHOLD	-1
145	rt4_TMB-5_MAP_g_10144.r24	BACKTEST	BLOCKED	10983	WITHHOLD	-1
146	rt4_TMB-5_MAP_g_10145.r24	BACKTEST	BLOCKED	10983	WITHHOLD	-1
147	rt4_TMB-5_MAP_g_10146.r24	BACKTEST	BLOCKED	10983	WITHHOLD	-1
148	rt4_TMB-5_MAP_g_10147.r24	BACKTEST	BLOCKED	10983	WITHHOLD	-1
149	rt4_TMB-5_MAP_g_10148.r24	BACKTEST	BLOCKED	10983	WITHHOLD	-1
150	rt4_TMB-5_MAP_g_10149.r24	BACKTEST	BLOCKED	10983	WITHHOLD	-1
151	rt4_TMB-5_MAP_g_10150.r24	BACKTEST	BLOCKED	10983	WITHHOLD	-1
152	rt4_TMB-5_MAP_g_10151.r24	BACKTEST	BLOCKED	10983	WITHHOLD	-1
153	rt4_TMB-5_MAP_g_10152.r24	BACKTEST	BLOCKED	10983	WITHHOLD	-1
154	rt4_TMB-5_MAP_g_10153.r24	BACKTEST	BLOCKED	10983	WITHHOLD	-1
155	rt4_TMB-5_MAP_g_10154.r24	BACKTEST	BLOCKED	10983	WITHHOLD	-1
156	rt4_TMB-5_MAP_g_10155.r24	BACKTEST	BLOCKED	10983	WITHHOLD	-1
157	rt4_TMB-5_MAP_g_10156.r24	BACKTEST	BLOCKED	10983	WITHHOLD	-1
158	rt4_TMB-5_MAP_g_10157.r24	BACKTEST	BLOCKED	10983	WITHHOLD	-1
159	rt4_TMB-5_MAP_g_10158.r24	BACKTEST	BLOCKED	10983	WITHHOLD	-1
160	rt4_TMB-5_MAP_g_10159.r24	BACKTEST	BLOCKED	10983	WITHHOLD	-1
161	rt4_TMB-5_MAP_g_10160.r24	BACKTEST	BLOCKED	10983	WITHHOLD	-1
162	rt4_TMB-5_MAP_g_10161.r24	BACKTEST	BLOCKED	10983	WITHHOLD	-1
163	rt4_TMB-5_MAP_g_10162.r24	BACKTEST	BLOCKED	10983	WITHHOLD	-1
164	rt4_TMB-5_MAP_g_10163.r24	BACKTEST	BLOCKED	10983	WITHHOLD	-1
165	rt4_TMB-5_MAP_g_10164.r24	BACKTEST	BLOCKED	10983	WITHHOLD	-1
166	rt4_TMB-5_MAP_g_10165.r24	BACKTEST	BLOCKED	10983	WITHHOLD	-1
167	rt4_TMB-5_MAP_g_10166.r24	BACKTEST	BLOCKED	10983	WITHHOLD	-1
168	rt4_TMB-5_MAP_g_10167.r24	BACKTEST	BLOCKED	10983	WITHHOLD	-1
169	rt4_TMB-5_MAP_g_10168.r24	BACKTEST	BLOCKED	10983	WITHHOLD	-1
170	rt4_TMB-5_MAP_g_10169.r24	BACKTEST	BLOCKED	10983	WITHHOLD	-1
171	rt4_TMB-5_MAP_g_10170.r24	BACKTEST	BLOCKED	10983	WITHHOLD	-1
172	rt4_TMB-5_MAP_g_10171.r24	BACKTEST	BLOCKED	10983	WITHHOLD	-1
173	rt4_TMB-5_MAP_g_10172.r24	BACKTEST	BLOCKED	10983	WITHHOLD	-1
174	rt4_TMB-5_MAP_g_10173.r24	BACKTEST	BLOCKED	10983	WITHHOLD	-1
175	rt4_TMB-5_MAP_g_10174.r24	BACKTEST	BLOCKED	10983	WITHHOLD	-1
176	rt4_TMB-5_MAP_g_10175.r24	BACKTEST	BLOCKED	10983	WITHHOLD	-1
177	rt4_TMB-5_MAP_g_10176.r24	BACKTEST	BLOCKED	10983	WITHHOLD	-1
178	rt4_TMB-5_MAP_g_10177.r24	BACKTEST	BLOCKED	10983	WITHHOLD	-1
179	rt4_TMB-5_MAP_g_10178.r24	BACKTEST	BLOCKED	10983	WITHHOLD	-1
180	rt4_TMB-5_MAP_g_10179.r24	BACKTEST	BLOCKED	10983	WITHHOLD	-1
181	rt4_TMB-5_MAP_g_10180.r24	BACKTEST	BLOCKED	10983	WITHHOLD	-1
182	rt4_TMB-5_MAP_g_10181.r24	BACKTEST	BLOCKED	10983	WITHHOLD	-1
183	rt4_TMB-5_MAP_g_10182.r24	BACKTEST	BLOCKED	10983	WITHHOLD	-1
184	rt4_TMB-5_MAP_g_10183.r24	BACKTEST	BLOCKED	10983	CONFIRM_INSTALL	3
185	rt4_TMB-5_MAP_g_10184.r24	BACKTEST	BLOCKED	10983	WITHHOLD	-1
186	rt4_TMB-5_MAP_g_10185.r24	BACKTEST	BLOCKED	10983	WITHHOLD	-1
187	rt4_TMB-5_MAP_g_10186.r24	BACKTEST	BLOCKED	10983	WITHHOLD	-1
188	rt4_TMB-5_MAP_g_10187.r24	BACKTEST	BLOCKED	10983	WITHHOLD	-1
189	rt4_TMB-5_MAP_g_10188.r24	BACKTEST	BLOCKED	10983	WITHHOLD	-1
190	rt4_TMB-5_MAP_g_10189.r24	BACKTEST	BLOCKED	10983	WITHHOLD	-1
191	rt4_TMB-5_MAP_g_10190.r24	BACKTEST	BLOCKED	10983	WITHHOLD	-1
192	rt4_TMB-5_MAP_g_10191.r24	BACKTEST	BLOCKED	10983	WITHHOLD	-1
193	rt4_TMB-5_MAP_g_10192.r24	BACKTEST	BLOCKED	10983	WITHHOLD	-1
194	rt4_TMB-5_MAP_g_10193.r24	BACKTEST	BLOCKED	10983	WITHHOLD	-1
195	rt4_TMB-5_MAP_g_10194.r24	BACKTEST	BLOCKED	10983	WITHHOLD	-1
196	rt4_TMB-5_MAP_g_10195.r24	BACKTEST	BLOCKED	10983	WITHHOLD	-1
197	rt4_TMB-5_MAP_g_10196.r24	BACKTEST	BLOCKED	10983	WITHHOLD	-1
198	rt4_TMB-5_MAP_g_10197.r24	BACKTEST	BLOCKED	10983	WITHHOLD	-1
199	rt4_TMB-5_MAP_g_10198.r24	BACKTEST	BLOCKED	10983	WITHHOLD	-1
200	rt4_TMB-5_MAP_g_10199.r24	BACKTEST	BLOCKED	10983	WITHHOLD	-1
201	rt4_TMB-5_MAP_g_10200.r24	BACKTEST	BLOCKED	10983	WITHHOLD	-1
202	rt4_TMB-5_MAP_g_10201.r24	BACKTEST	BLOCKED	10983	WITHHOLD	-1
203	rt4_TMB-5_MAP_g_10202.r24	BACKTEST	BLOCKED	10983	WITHHOLD	-1
204	rt4_TMB-5_MAP_g_10203.r24	BACKTEST	BLOCKED	10983	WITHHOLD	-1
205	rt4_TMB-5_MAP_g_10204.r24	BACKTEST	BLOCKED	10983	WITHHOLD	-1
206	rt4_TMB-5_MAP_g_10205.r24	BACKTEST	BLOCKED	10983	WITHHOLD	-1
207	rt4_TMB-5_MAP_g_10206.r24	BACKTEST	BLOCKED	10983	WITHHOLD	-1
208	rt4_TMB-5_MAP_g_10207.r24	BACKTEST	BLOCKED	10983	WITHHOLD	-1
209	rt4_TMB-5_MAP_g_10208.r24	BACKTEST	BLOCKED	10983	WITHHOLD	-1
210	rt4_TMB-5_MAP_g_10209.r24	BACKTEST	BLOCKED	10983	WITHHOLD	-1
211	rt4_TMB-5_MAP_g_10210.r24	BACKTEST	BLOCKED	10983	WITHHOLD	-1
212	rt4_TMB-5_MAP_g_10211.r24	BACKTEST	BLOCKED	10983	WITHHOLD	-1
213	rt4_TMB-5_MAP_g_10212.r24	BACKTEST	BLOCKED	10983	WITHHOLD	-1
214	rt4_TMB-5_MAP_g_10213.r24	BACKTEST	BLOCKED	10983	WITHHOLD	-1
215	rt4_TMB-5_MAP_g_10214.r24	BACKTEST	BLOCKED	10983	WITHHOLD	-1
216	rt4_TMB-5_MAP_g_10215.r24	BACKTEST	BLOCKED	10983	WITHHOLD	-1
217	rt4_TMB-5_MAP_g_10216.r24	BACKTEST	BLOCKED	10983	WITHHOLD	-1
218	rt4_TMB-5_MAP_g_10217.r24	BACKTEST	BLOCKED	10983	WITHHOLD	-1
219	rt4_TMB-5_MAP_g_10218.r24	BACKTEST	BLOCKED	10983	WITHHOLD	-1
220	rt4_TMB-5_MAP_g_10219.r24	BACKTEST	BLOCKED	10983	WITHHOLD	-1
221	rt4_TMB-5_MAP_g_10220.r24	BACKTEST	BLOCKED	10983	WITHHOLD	-1
222	rt4_TMB-5_MAP_g_10221.r24	BACKTEST	BLOCKED	10983	WITHHOLD	-1
223	rt4_TMB-5_MAP_g_10222.r24	BACKTEST	BLOCKED	10983	WITHHOLD	-1
224	rt4_TMB-5_MAP_g_10223.r24	BACKTEST	BLOCKED	10983	WITHHOLD	-1
225	rt4_TMB-5_MAP_g_10224.r24	BACKTEST	BLOCKED	10983	WITHHOLD	-1
226	rt4_TMB-5_MAP_g_10225.r24	BACKTEST	BLOCKED	10983	WITHHOLD	-1
227	rt4_TMB-5_MAP_g_10226.r24	BACKTEST	BLOCKED	10983	WITHHOLD	-1
228	rt4_TMB-5_MAP_g_10227.r24	BACKTEST	BLOCKED	10983	WITHHOLD	-1
229	rt4_TMB-5_MAP_g_10228.r24	BACKTEST	BLOCKED	10983	WITHHOLD	-1
230	rt4_TMB-5_MAP_g_10229.r24	BACKTEST	BLOCKED	10983	WITHHOLD	-1
231	rt4_TMB-5_MAP_g_10230.r24	BACKTEST	BLOCKED	10983	WITHHOLD	-1
232	rt4_TMB-5_MAP_g_10231.r24	BACKTEST	BLOCKED	10983	WITHHOLD	-1
233	rt4_TMB-5_MAP_g_10232.r24	BACKTEST	BLOCKED	10983	WITHHOLD	-1
234	rt4_TMB-5_MAP_g_10233.r24	BACKTEST	BLOCKED	10983	WITHHOLD	-1
235	rt4_TMB-5_MAP_g_10234.r24	BACKTEST	BLOCKED	10983	CONFIRM_INSTALL	3
236	rt4_TMB-5_MAP_g_10235.r24	BACKTEST	BLOCKED	10983	WITHHOLD	-1
237	rt4_TMB-5_MAP_g_10236.r24	BACKTEST	BLOCKED	10983	WITHHOLD	-1
238	rt4_TMB-5_MAP_g_10237.r24	BACKTEST	BLOCKED	10983	WITHHOLD	-1
239	rt4_TMB-5_MAP_g_10238.r24	BACKTEST	BLOCKED	10983	WITHHOLD	-1
240	rt4_TMB-5_MAP_g_10239.r24	BACKTEST	BLOCKED	10983	WITHHOLD	-1
241	rt4_TMB-5_MAP_g_10240.r24	BACKTEST	BLOCKED	10983	WITHHOLD	-1
242	rt4_TMB-5_MAP_g_10241.r24	BACKTEST	BLOCKED	10983	WITHHOLD	-1
243	rt4_TMB-5_MAP_g_10242.r24	BACKTEST	BLOCKED	10983	WITHHOLD	-1
244	rt4_TMB-5_MAP_g_10243.r24	BACKTEST	BLOCKED	10983	WITHHOLD	-1
245	rt4_TMB-5_MAP_g_10244.r24	BACKTEST	BLOCKED	10983	WITHHOLD	-1
246	rt4_TMB-5_MAP_g_10245.r24	BACKTEST	BLOCKED	10983	WITHHOLD	-1
247	rt4_TMB-5_MAP_g_10246.r24	BACKTEST	BLOCKED	10983	WITHHOLD	-1
248	rt4_TMB-5_MAP_g_10247.r24	BACKTEST	BLOCKED	10983	WITHHOLD	-1
249	rt4_TMB-5_MAP_g_10248.r24	BACKTEST	BLOCKED	10983	WITHHOLD	-1
250	rt4_TMB-5_MAP_g_10249.r24	BACKTEST	BLOCKED	10983	WITHHOLD	-1
251	rt4_TMB-5_MAP_g_10250.r24	BACKTEST	BLOCKED	10983	WITHHOLD	-1
252	rt4_TMB-5_MAP_g_10251.r24	BACKTEST	BLOCKED	10983	WITHHOLD	-1
253	rt4_TMB-5_MAP_g_10252.r24	BACKTEST	BLOCKED	10983	WITHHOLD	-1
254	rt4_TMB-5_MAP_g_10253.r24	BACKTEST	BLOCKED	10983	WITHHOLD	-1
255	rt4_TMB-5_MAP_g_10254.r24	BACKTEST	BLOCKED	10983	WITHHOLD	-1
256	rt4_TMB-5_MAP_g_10255.r24	BACKTEST	BLOCKED	10983	WITHHOLD	-1
257	rt4_TMB-5_MAP_g_10256.r24	BACKTEST	BLOCKED	10983	WITHHOLD	-1
258	rt4_TMB-5_MAP_g_10257.r24	BACKTEST	BLOCKED	10983	WITHHOLD	-1
259	rt4_TMB-5_MAP_g_10258.r24	BACKTEST	BLOCKED	10983	WITHHOLD	-1
260	rt4_TMB-5_MAP_g_10259.r24	BACKTEST	BLOCKED	10983	WITHHOLD	-1
261	rt4_TMB-5_MAP_g_10260.r24	BACKTEST	BLOCKED	10983	WITHHOLD	-1
262	rt4_TMB-5_MAP_g_10261.r24	BACKTEST	BLOCKED	10983	WITHHOLD	-1
263	rt4_TMB-5_MAP_g_10262.r24	BACKTEST	BLOCKED	10983	WITHHOLD	-1
264	rt4_TMB-5_MAP_g_10263.r24	BACKTEST	BLOCKED	10983	WITHHOLD	-1
265	rt4_TMB-5_MAP_g_10264.r24	BACKTEST	BLOCKED	10983	WITHHOLD	-1
266	rt4_TMB-5_MAP_g_10265.r24	BACKTEST	BLOCKED	10983	WITHHOLD	-1
267	rt4_TMB-5_MAP_g_10266.r24	BACKTEST	BLOCKED	10983	WITHHOLD	-1
268	rt4_TMB-5_MAP_g_10267.r24	BACKTEST	BLOCKED	10983	WITHHOLD	-1
269	rt4_TMB-5_MAP_g_10268.r24	BACKTEST	BLOCKED	10983	WITHHOLD	-1
270	rt4_TMB-5_MAP_g_10269.r24	BACKTEST	BLOCKED	10983	WITHHOLD	-1
271	rt4_TMB-5_MAP_g_10270.r24	BACKTEST	BLOCKED	10983	WITHHOLD	-1
272	rt4_TMB-5_MAP_g_10271.r24	BACKTEST	BLOCKED	10983	WITHHOLD	-1
273	rt4_TMB-5_MAP_g_10272.r24	BACKTEST	BLOCKED	10983	WITHHOLD	-1
274	rt4_TMB-5_MAP_g_10273.r24	BACKTEST	BLOCKED	10983	WITHHOLD	-1
275	rt4_TMB-5_MAP_g_10274.r24	BACKTEST	BLOCKED	10983	WITHHOLD	-1
276	rt4_TMB-5_MAP_g_10275.r24	BACKTEST	BLOCKED	10983	WITHHOLD	-1
277	rt4_TMB-5_MAP_g_10276.r24	BACKTEST	BLOCKED	10983	WITHHOLD	-1
278	rt4_TMB-5_MAP_g_10277.r24	BACKTEST	BLOCKED	10983	WITHHOLD	-1
279	rt4_TMB-5_MAP_g_10278.r24	BACKTEST	BLOCKED	10983	WITHHOLD	-1
280	rt4_TMB-5_MAP_g_10279.r24	BACKTEST	BLOCKED	10983	WITHHOLD	-1
281	rt4_TMB-5_MAP_g_10280.r24	BACKTEST	BLOCKED	10983	WITHHOLD	-1
282	rt4_TMB-5_MAP_g_10281.r24	BACKTEST	BLOCKED	10983	WITHHOLD	-1
283	rt4_TMB-5_MAP_g_10282.r24	BACKTEST	BLOCKED	10983	WITHHOLD	-1
284	rt4_TMB-5_MAP_g_10283.r24	BACKTEST	BLOCKED	10983	WITHHOLD	-1
285	rt4_TMB-5_MAP_g_10284.r24	BACKTEST	BLOCKED	10983	WITHHOLD	-1
286	rt4_TMB-5_MAP_g_10285.r24	BACKTEST	BLOCKED	10983	CONFIRM_INSTALL	3
287	rt4_TMB-5_MAP_g_10286.r24	BACKTEST	BLOCKED	10983	WITHHOLD	-1
288	rt4_TMB-5_MAP_g_10287.r24	BACKTEST	BLOCKED	10983	WITHHOLD	-1
289	rt4_TMB-5_MAP_g_10288.r24	BACKTEST	BLOCKED	10983	WITHHOLD	-1
290	rt4_TMB-5_MAP_g_10289.r24	BACKTEST	BLOCKED	10983	WITHHOLD	-1
291	rt4_TMB-5_MAP_g_10290.r24	BACKTEST	BLOCKED	10983	WITHHOLD	-1
292	rt4_TMB-5_MAP_g_10291.r24	BACKTEST	BLOCKED	10983	WITHHOLD	-1
293	rt4_TMB-5_MAP_g_10292.r24	BACKTEST	BLOCKED	10983	WITHHOLD	-1
294	rt4_TMB-5_MAP_g_10293.r24	BACKTEST	BLOCKED	10983	WITHHOLD	-1
295	rt4_TMB-5_MAP_g_10294.r24	BACKTEST	BLOCKED	10983	WITHHOLD	-1
296	rt4_TMB-5_MAP_g_10295.r24	BACKTEST	BLOCKED	10983	WITHHOLD	-1
297	rt4_TMB-5_MAP_g_10296.r24	BACKTEST	BLOCKED	10983	WITHHOLD	-1
298	rt4_TMB-5_MAP_g_10297.r24	BACKTEST	BLOCKED	10983	WITHHOLD	-1
299	rt4_TMB-5_MAP_g_10298.r24	BACKTEST	BLOCKED	10983	WITHHOLD	-1
300	rt4_TMB-5_MAP_g_10299.r24	BACKTEST	BLOCKED	10983	WITHHOLD	-1
301	rt4_TMB-5_MAP_g_10300.r24	BACKTEST	BLOCKED	10983	WITHHOLD	-1
302	rt4_TMB-5_MAP_g_10301.r24	BACKTEST	BLOCKED	10983	WITHHOLD	-1
303	rt4_TMB-5_MAP_g_10302.r24	BACKTEST	BLOCKED	10983	WITHHOLD	-1
304	rt4_TMB-5_MAP_g_10303.r24	BACKTEST	BLOCKED	10983	WITHHOLD	-1
305	rt4_TMB-5_MAP_g_10304.r24	BACKTEST	BLOCKED	10983	WITHHOLD	-1
306	rt4_TMB-5_MAP_g_10305.r24	BACKTEST	BLOCKED	10983	WITHHOLD	-1
307	rt4_TMB-5_MAP_g_10306.r24	BACKTEST	BLOCKED	10983	WITHHOLD	-1
308	rt4_TMB-5_MAP_g_10307.r24	BACKTEST	BLOCKED	10983	WITHHOLD	-1
309	rt4_TMB-5_MAP_g_10308.r24	BACKTEST	BLOCKED	10983	WITHHOLD	-1
310	rt4_TMB-5_MAP_g_10309.r24	BACKTEST	BLOCKED	10983	WITHHOLD	-1
311	rt4_TMB-5_MAP_g_10310.r24	BACKTEST	BLOCKED	10983	WITHHOLD	-1
312	rt4_TMB-5_MAP_g_10311.r24	BACKTEST	BLOCKED	10983	WITHHOLD	-1
313	rt4_TMB-5_MAP_g_10312.r24	BACKTEST	BLOCKED	10983	WITHHOLD	-1
314	rt4_TMB-5_MAP_g_10313.r24	BACKTEST	BLOCKED	10983	WITHHOLD	-1
315	rt4_TMB-5_MAP_g_10314.r24	BACKTEST	BLOCKED	10983	WITHHOLD	-1
316	rt4_TMB-5_MAP_g_10315.r24	BACKTEST	BLOCKED	10983	WITHHOLD	-1
317	rt4_TMB-5_MAP_g_10316.r24	BACKTEST	BLOCKED	10983	WITHHOLD	-1
318	rt4_TMB-5_MAP_g_10317.r24	BACKTEST	BLOCKED	10983	WITHHOLD	-1
319	rt4_TMB-5_MAP_g_10318.r24	BACKTEST	BLOCKED	10983	WITHHOLD	-1
320	rt4_TMB-5_MAP_g_10319.r24	BACKTEST	BLOCKED	10983	WITHHOLD	-1
321	rt4_TMB-5_MAP_g_10320.r24	BACKTEST	BLOCKED	10983	WITHHOLD	-1
322	rt4_TMB-5_MAP_g_10321.r24	BACKTEST	BLOCKED	10983	WITHHOLD	-1
323	rt4_TMB-5_MAP_g_10322.r24	BACKTEST	BLOCKED	10983	WITHHOLD	-1
324	rt4_TMB-5_MAP_g_10323.r24	BACKTEST	BLOCKED	10983	WITHHOLD	-1
325	rt4_TMB-5_MAP_g_10324.r24	BACKTEST	BLOCKED	10983	WITHHOLD	-1
326	rt4_TMB-5_MAP_g_10325.r24	BACKTEST	BLOCKED	10983	WITHHOLD	-1
327	rt4_TMB-5_MAP_g_10326.r24	BACKTEST	BLOCKED	10983	WITHHOLD	-1
328	rt4_TMB-5_MAP_g_10327.r24	BACKTEST	BLOCKED	10983	WITHHOLD	-1
329	rt4_TMB-5_MAP_g_10328.r24	BACKTEST	BLOCKED	10983	WITHHOLD	-1
330	rt4_TMB-5_MAP_g_10329.r24	BACKTEST	BLOCKED	10983	WITHHOLD	-1
331	rt4_TMB-5_MAP_g_10330.r24	BACKTEST	BLOCKED	10983	WITHHOLD	-1
332	rt4_TMB-5_MAP_g_10331.r24	BACKTEST	BLOCKED	10983	WITHHOLD	-1
333	rt4_TMB-5_MAP_g_10332.r24	BACKTEST	BLOCKED	10983	WITHHOLD	-1
334	rt4_TMB-5_MAP_g_10333.r24	BACKTEST	BLOCKED	10983	WITHHOLD	-1
335	rt4_TMB-5_MAP_g_10334.r24	BACKTEST	BLOCKED	10983	WITHHOLD	-1
336	rt4_TMB-5_MAP_g_10335.r24	BACKTEST	BLOCKED	10983	WITHHOLD	-1
337	rt4_TMB-5_MAP_g_10336.r24	BACKTEST	BLOCKED	10983	CONFIRM_INSTALL	3
338	rt4_TMB-5_MAP_g_10337.r24	BACKTEST	BLOCKED	10983	WITHHOLD	-1
339	rt4_TMB-5_MAP_g_10338.r24	BACKTEST	BLOCKED	10983	WITHHOLD	-1
340	rt4_TMB-5_MAP_g_10339.r24	BACKTEST	BLOCKED	10983	WITHHOLD	-1
341	rt4_TMB-5_MAP_g_10340.r24	BACKTEST	BLOCKED	10983	WITHHOLD	-1
342	rt4_TMB-5_MAP_g_10341.r24	BACKTEST	BLOCKED	10983	WITHHOLD	-1
343	rt4_TMB-5_MAP_g_10342.r24	BACKTEST	BLOCKED	10983	WITHHOLD	-1
344	rt4_TMB-5_MAP_g_10343.r24	BACKTEST	BLOCKED	10983	WITHHOLD	-1
345	rt4_TMB-5_MAP_g_10344.r24	BACKTEST	BLOCKED	10983	WITHHOLD	-1
346	rt4_TMB-5_MAP_g_10345.r24	BACKTEST	BLOCKED	10983	WITHHOLD	-1
347	rt4_TMB-5_MAP_g_10346.r24	BACKTEST	BLOCKED	10983	WITHHOLD	-1
348	rt4_TMB-5_MAP_g_10347.r24	BACKTEST	BLOCKED	10983	WITHHOLD	-1
349	rt4_TMB-5_MAP_g_10348.r24	BACKTEST	BLOCKED	10983	WITHHOLD	-1
350	rt4_TMB-5_MAP_g_10349.r24	BACKTEST	BLOCKED	10983	WITHHOLD	-1
351	rt4_TMB-5_MAP_g_10350.r24	BACKTEST	BLOCKED	10983	WITHHOLD	-1
352	rt4_TMB-5_MAP_g_10351.r24	BACKTEST	BLOCKED	10983	WITHHOLD	-1
353	rt4_TMB-5_MAP_g_10352.r24	BACKTEST	BLOCKED	10983	WITHHOLD	-1
354	rt4_TMB-5_MAP_g_10353.r24	BACKTEST	BLOCKED	10983	WITHHOLD	-1
355	rt4_TMB-5_MAP_g_10354.r24	BACKTEST	BLOCKED	10983	WITHHOLD	-1
356	rt4_TMB-5_MAP_g_10355.r24	BACKTEST	BLOCKED	10983	WITHHOLD	-1
357	rt4_TMB-5_MAP_g_10356.r24	BACKTEST	BLOCKED	10983	WITHHOLD	-1
358	rt4_TMB-5_MAP_g_10357.r24	BACKTEST	BLOCKED	10983	WITHHOLD	-1
359	rt4_TMB-5_MAP_g_10358.r24	BACKTEST	BLOCKED	10983	WITHHOLD	-1
360	rt4_TMB-5_MAP_g_10359.r24	BACKTEST	BLOCKED	10983	WITHHOLD	-1
361	rt4_TMB-5_MAP_g_10360.r24	BACKTEST	BLOCKED	10983	WITHHOLD	-1
362	rt4_TMB-5_MAP_g_10361.r24	BACKTEST	BLOCKED	10983	WITHHOLD	-1
363	rt4_TMB-5_MAP_g_10362.r24	BACKTEST	BLOCKED	10983	WITHHOLD	-1
364	rt4_TMB-5_MAP_g_10363.r24	BACKTEST	BLOCKED	10983	WITHHOLD	-1
365	rt4_TMB-5_MAP_g_10364.r24	BACKTEST	BLOCKED	10983	WITHHOLD	-1
366	rt4_TMB-5_MAP_g_10365.r24	BACKTEST	BLOCKED	10983	WITHHOLD	-1
367	rt4_TMB-5_MAP_g_10366.r24	BACKTEST	BLOCKED	10983	WITHHOLD	-1
368	rt4_TMB-5_MAP_g_10367.r24	BACKTEST	BLOCKED	10983	WITHHOLD	-1
369	rt4_TMB-5_MAP_g_10368.r24	BACKTEST	BLOCKED	10983	WITHHOLD	-1
370	rt4_TMB-5_MAP_g_10369.r24	BACKTEST	BLOCKED	10983	WITHHOLD	-1
371	rt4_TMB-5_MAP_g_10370.r24	BACKTEST	BLOCKED	10983	WITHHOLD	-1
372	rt4_TMB-5_MAP_g_10371.r24	BACKTEST	BLOCKED	10983	WITHHOLD	-1
373	rt4_TMB-5_MAP_g_10372.r24	BACKTEST	BLOCKED	10983	WITHHOLD	-1
374	rt4_TMB-5_MAP_g_10373.r24	BACKTEST	BLOCKED	10983	WITHHOLD	-1
375	rt4_TMB-5_MAP_g_10374.r24	BACKTEST	BLOCKED	10983	WITHHOLD	-1
376	rt4_TMB-5_MAP_g_10375.r24	BACKTEST	BLOCKED	10983	WITHHOLD	-1
377	rt4_TMB-5_MAP_g_10376.r24	BACKTEST	BLOCKED	10983	WITHHOLD	-1
378	rt4_TMB-5_MAP_g_10377.r24	BACKTEST	BLOCKED	10983	WITHHOLD	-1
379	rt4_TMB-5_MAP_g_10378.r24	BACKTEST	BLOCKED	10983	WITHHOLD	-1
380	rt4_TMB-5_MAP_g_10379.r24	BACKTEST	BLOCKED	10983	WITHHOLD	-1
381	rt4_TMB-5_MAP_g_10380.r24	BACKTEST	BLOCKED	10983	WITHHOLD	-1
382	rt4_TMB-5_MAP_g_10381.r24	BACKTEST	BLOCKED	10983	WITHHOLD	-1
383	rt4_TMB-5_MAP_g_10382.r24	BACKTEST	BLOCKED	10983	WITHHOLD	-1
384	rt4_TMB-5_MAP_g_10383.r24	BACKTEST	BLOCKED	10983	WITHHOLD	-1
385	rt4_TMB-5_MAP_g_10384.r24	BACKTEST	BLOCKED	10983	WITHHOLD	-1
386	rt4_TMB-5_MAP_g_10385.r24	BACKTEST	BLOCKED	10983	WITHHOLD	-1
387	rt4_TMB-5_MAP_g_10386.r24	BACKTEST	BLOCKED	10983	WITHHOLD	-1
388	rt4_TMB-5_MAP_g_10387.r24	BACKTEST	BLOCKED	10983	CONFIRM_INSTALL	3
389	rt4_TMB-5_MAP_g_10388.r24	BACKTEST	BLOCKED	10983	WITHHOLD	-1
390	rt4_TMB-5_MAP_g_10389.r24	BACKTEST	BLOCKED	10983	WITHHOLD	-1
391	rt4_TMB-5_MAP_g_10390.r24	BACKTEST	BLOCKED	10983	WITHHOLD	-1
392	rt4_TMB-5_MAP_g_10391.r24	BACKTEST	BLOCKED	10983	WITHHOLD	-1
393	rt4_TMB-5_MAP_g_10392.r24	BACKTEST	BLOCKED	10983	WITHHOLD	-1
394	rt4_TMB-5_MAP_g_10393.r24	BACKTEST	BLOCKED	10983	WITHHOLD	-1
395	rt4_TMB-5_MAP_g_10394.r24	BACKTEST	BLOCKED	10983	WITHHOLD	-1
396	rt4_TMB-5_MAP_g_10395.r24	BACKTEST	BLOCKED	10983	WITHHOLD	-1
397	rt4_TMB-5_MAP_g_10396.r24	BACKTEST	BLOCKED	10983	WITHHOLD	-1
398	rt4_TMB-5_MAP_g_10397.r24	BACKTEST	BLOCKED	10983	WITHHOLD	-1
399	rt4_TMB-5_MAP_g_10398.r24	BACKTEST	BLOCKED	10983	WITHHOLD	-1
400	rt4_TMB-5_MAP_g_10399.r24	BACKTEST	BLOCKED	10983	WITHHOLD	-1
401	rt4_TMB-5_MAP_g_10400.r24	BACKTEST	BLOCKED	10983	WITHHOLD	-1
402	rt4_TMB-5_MAP_g_10401.r24	BACKTEST	BLOCKED	10983	WITHHOLD	-1
403	rt4_TMB-5_MAP_g_10402.r24	BACKTEST	BLOCKED	10983	WITHHOLD	-1
404	rt4_TMB-5_MAP_g_10403.r24	BACKTEST	BLOCKED	10983	WITHHOLD	-1
405	rt4_TMB-5_MAP_g_10404.r24	BACKTEST	BLOCKED	10983	WITHHOLD	-1
406	rt4_TMB-5_MAP_g_10405.r24	BACKTEST	BLOCKED	10983	WITHHOLD	-1
407	rt4_TMB-5_MAP_g_10406.r24	BACKTEST	BLOCKED	10983	WITHHOLD	-1
408	rt4_TMB-5_MAP_g_10407.r24	BACKTEST	BLOCKED	10983	WITHHOLD	-1
409	rt4_TMB-5_MAP_g_10408.r24	BACKTEST	BLOCKED	10983	WITHHOLD	-1
410	rt4_TMB-5_MAP_g_10409.r24	BACKTEST	BLOCKED	10983	WITHHOLD	-1
411	rt4_TMB-5_MAP_g_10410.r24	BACKTEST	BLOCKED	10983	WITHHOLD	-1
412	rt4_TMB-5_MAP_g_10411.r24	BACKTEST	BLOCKED	10983	WITHHOLD	-1
413	rt4_TMB-5_MAP_g_10412.r24	BACKTEST	BLOCKED	10983	WITHHOLD	-1
414	rt4_TMB-5_MAP_g_10413.r24	BACKTEST	BLOCKED	10983	WITHHOLD	-1
415	rt4_TMB-5_MAP_g_10414.r24	BACKTEST	BLOCKED	10983	WITHHOLD	-1
416	rt4_TMB-5_MAP_g_10415.r24	BACKTEST	BLOCKED	10983	WITHHOLD	-1
417	rt4_TMB-5_MAP_g_10416.r24	BACKTEST	BLOCKED	10983	WITHHOLD	-1
418	rt4_TMB-5_MAP_g_10417.r24	BACKTEST	BLOCKED	10983	WITHHOLD	-1
419	rt4_TMB-5_MAP_g_10418.r24	BACKTEST	BLOCKED	10983	WITHHOLD	-1
420	rt4_TMB-5_MAP_g_10419.r24	BACKTEST	BLOCKED	10983	WITHHOLD	-1
421	rt4_TMB-5_MAP_g_10420.r24	BACKTEST	BLOCKED	10983	WITHHOLD	-1
422	rt4_TMB-5_MAP_g_10421.r24	BACKTEST	BLOCKED	10983	WITHHOLD	-1
423	rt4_TMB-5_MAP_g_10422.r24	BACKTEST	BLOCKED	10983	WITHHOLD	-1
424	rt4_TMB-5_MAP_g_10423.r24	BACKTEST	BLOCKED	10983	WITHHOLD	-1
425	rt4_TMB-5_MAP_g_10424.r24	BACKTEST	BLOCKED	10983	WITHHOLD	-1
426	rt4_TMB-5_MAP_g_10425.r24	BACKTEST	BLOCKED	10983	WITHHOLD	-1
427	rt4_TMB-5_MAP_g_10426.r24	BACKTEST	BLOCKED	10983	WITHHOLD	-1
428	rt4_TMB-5_MAP_g_10427.r24	BACKTEST	BLOCKED	10983	WITHHOLD	-1
429	rt4_TMB-5_MAP_g_10428.r24	BACKTEST	BLOCKED	10983	WITHHOLD	-1
430	rt4_TMB-5_MAP_g_10429.r24	BACKTEST	BLOCKED	10983	WITHHOLD	-1
431	rt4_TMB-5_MAP_g_10430.r24	BACKTEST	BLOCKED	10983	WITHHOLD	-1
432	rt4_TMB-5_MAP_g_10431.r24	BACKTEST	BLOCKED	10983	WITHHOLD	-1
433	rt4_TMB-5_MAP_g_10432.r24	BACKTEST	BLOCKED	10983	WITHHOLD	-1
434	rt4_TMB-5_MAP_g_10433.r24	BACKTEST	BLOCKED	10983	WITHHOLD	-1
435	rt4_TMB-5_MAP_g_10434.r24	BACKTEST	BLOCKED	10983	WITHHOLD	-1
436	rt4_TMB-5_MAP_g_10435.r24	BACKTEST	BLOCKED	10983	WITHHOLD	-1
437	rt4_TMB-5_MAP_g_10436.r24	BACKTEST	BLOCKED	10983	WITHHOLD	-1
438	rt4_TMB-5_MAP_g_10437.r24	BACKTEST	BLOCKED	10983	WITHHOLD	-1
439	rt4_TMB-5_MAP_g_10438.r24	BACKTEST	BLOCKED	10983	CONFIRM_INSTALL	3
440	rt4_TMB-5_MAP_g_10439.r24	BACKTEST	BLOCKED	10983	WITHHOLD	-1
441	rt4_TMB-5_MAP_g_10440.r24	BACKTEST	BLOCKED	10983	WITHHOLD	-1
442	rt4_TMB-5_MAP_g_10441.r24	BACKTEST	BLOCKED	10983	WITHHOLD	-1
443	rt4_TMB-5_MAP_g_10442.r24	BACKTEST	BLOCKED	10983	WITHHOLD	-1
444	rt4_TMB-5_MAP_g_10443.r24	BACKTEST	BLOCKED	10983	WITHHOLD	-1
445	rt4_TMB-5_MAP_g_10444.r24	BACKTEST	BLOCKED	10983	WITHHOLD	-1
446	rt4_TMB-5_MAP_g_10445.r24	BACKTEST	BLOCKED	10983	WITHHOLD	-1
447	rt4_TMB-5_MAP_g_10446.r24	BACKTEST	BLOCKED	10983	WITHHOLD	-1
448	rt4_TMB-5_MAP_g_10447.r24	BACKTEST	BLOCKED	10983	WITHHOLD	-1
449	rt4_TMB-5_MAP_g_10448.r24	BACKTEST	BLOCKED	10983	WITHHOLD	-1
450	rt4_TMB-5_MAP_g_10449.r24	BACKTEST	BLOCKED	10983	WITHHOLD	-1
451	rt4_TMB-5_MAP_g_10450.r24	BACKTEST	BLOCKED	10983	WITHHOLD	-1
452	rt4_TMB-5_MAP_g_10451.r24	BACKTEST	BLOCKED	10983	WITHHOLD	-1
453	rt4_TMB-5_MAP_g_10452.r24	BACKTEST	BLOCKED	10983	WITHHOLD	-1
454	rt4_TMB-5_MAP_g_10453.r24	BACKTEST	BLOCKED	10983	WITHHOLD	-1
455	rt4_TMB-5_MAP_g_10454.r24	BACKTEST	BLOCKED	10983	WITHHOLD	-1
456	rt4_TMB-5_MAP_g_10455.r24	BACKTEST	BLOCKED	10983	WITHHOLD	-1
457	rt4_TMB-5_MAP_g_10456.r24	BACKTEST	BLOCKED	10983	WITHHOLD	-1
458	rt4_TMB-5_MAP_g_10457.r24	BACKTEST	BLOCKED	10983	WITHHOLD	-1
459	rt4_TMB-5_MAP_g_10458.r24	BACKTEST	BLOCKED	10983	WITHHOLD	-1
460	rt4_TMB-5_MAP_g_10459.r24	BACKTEST	BLOCKED	10983	WITHHOLD	-1
461	rt4_TMB-5_MAP_g_10460.r24	BACKTEST	BLOCKED	10983	WITHHOLD	-1
462	rt4_TMB-5_MAP_g_10461.r24	BACKTEST	BLOCKED	10983	WITHHOLD	-1
463	rt4_TMB-5_MAP_g_10462.r24	BACKTEST	BLOCKED	10983	WITHHOLD	-1
464	rt4_TMB-5_MAP_g_10463.r24	BACKTEST	BLOCKED	10983	WITHHOLD	-1
465	rt4_TMB-5_MAP_g_10464.r24	BACKTEST	BLOCKED	10983	WITHHOLD	-1
466	rt4_TMB-5_MAP_g_10465.r24	BACKTEST	BLOCKED	10983	WITHHOLD	-1
467	rt4_TMB-5_MAP_g_10466.r24	BACKTEST	BLOCKED	10983	WITHHOLD	-1
468	rt4_TMB-5_MAP_g_10467.r24	BACKTEST	BLOCKED	10983	WITHHOLD	-1
469	rt4_TMB-5_MAP_g_10468.r24	BACKTEST	BLOCKED	10983	WITHHOLD	-1
470	rt4_TMB-5_MAP_g_10469.r24	BACKTEST	BLOCKED	10983	WITHHOLD	-1
471	rt4_TMB-5_MAP_g_10470.r24	BACKTEST	BLOCKED	10983	WITHHOLD	-1
472	rt4_TMB-5_MAP_g_10471.r24	BACKTEST	BLOCKED	10983	WITHHOLD	-1
473	rt4_TMB-5_MAP_g_10472.r24	BACKTEST	BLOCKED	10983	WITHHOLD	-1
474	rt4_TMB-5_MAP_g_10473.r24	BACKTEST	BLOCKED	10983	WITHHOLD	-1
475	rt4_TMB-5_MAP_g_10474.r24	BACKTEST	BLOCKED	10983	WITHHOLD	-1
476	rt4_TMB-5_MAP_g_10475.r24	BACKTEST	BLOCKED	10983	WITHHOLD	-1
477	rt4_TMB-5_MAP_g_10476.r24	BACKTEST	BLOCKED	10983	WITHHOLD	-1
478	rt4_TMB-5_MAP_g_10477.r24	BACKTEST	BLOCKED	10983	WITHHOLD	-1
479	rt4_TMB-5_MAP_g_10478.r24	BACKTEST	BLOCKED	10983	WITHHOLD	-1
480	rt4_TMB-5_MAP_g_10479.r24	BACKTEST	BLOCKED	10983	WITHHOLD	-1
481	rt4_TMB-5_MAP_g_10480.r24	BACKTEST	BLOCKED	10983	WITHHOLD	-1
482	rt4_TMB-5_MAP_g_10481.r24	BACKTEST	BLOCKED	10983	WITHHOLD	-1
483	rt4_TMB-5_MAP_g_10482.r24	BACKTEST	BLOCKED	10983	WITHHOLD	-1
484	rt4_TMB-5_MAP_g_10483.r24	BACKTEST	BLOCKED	10983	WITHHOLD	-1
485	rt4_TMB-5_MAP_g_10484.r24	BACKTEST	BLOCKED	10983	WITHHOLD	-1
486	rt4_TMB-5_MAP_g_10485.r24	BACKTEST	BLOCKED	10983	WITHHOLD	-1
487	rt4_TMB-5_MAP_g_10486.r24	BACKTEST	BLOCKED	10983	WITHHOLD	-1
488	rt4_TMB-5_MAP_g_10487.r24	BACKTEST	BLOCKED	10983	WITHHOLD	-1
489	rt4_TMB-5_MAP_g_10488.r24	BACKTEST	BLOCKED	10983	WITHHOLD	-1
490	rt4_TMB-5_MAP_g_10489.r24	BACKTEST	BLOCKED	10983	CONFIRM_INSTALL	3
491	rt4_TMB-5_MAP_g_10490.r24	BACKTEST	BLOCKED	10983	WITHHOLD	-1
492	rt4_TMB-5_MAP_g_10491.r24	BACKTEST	BLOCKED	10983	WITHHOLD	-1
493	rt4_TMB-5_MAP_g_10492.r24	BACKTEST	BLOCKED	10983	WITHHOLD	-1
494	rt4_TMB-5_MAP_g_10493.r24	BACKTEST	BLOCKED	10983	WITHHOLD	-1
495	rt4_TMB-5_MAP_g_10494.r24	BACKTEST	BLOCKED	10983	WITHHOLD	-1
496	rt4_TMB-5_MAP_g_10495.r24	BACKTEST	BLOCKED	10983	WITHHOLD	-1
497	rt4_TMB-5_MAP_g_10496.r24	BACKTEST	BLOCKED	10983	WITHHOLD	-1
498	rt4_TMB-5_MAP_g_10497.r24	BACKTEST	BLOCKED	10983	WITHHOLD	-1
499	rt4_TMB-5_MAP_g_10498.r24	BACKTEST	BLOCKED	10983	WITHHOLD	-1
500	rt4_TMB-5_MAP_g_10499.r24	BACKTEST	BLOCKED	10983	WITHHOLD	-1
SETSUM NEAR n=0 blocked=0 confirmed=0 withheld=0
SETSUM FAR n=0 blocked=0
SETSUM BACKTEST n=500 blocked=500
BACKTEST false_blocked=0 false_withheld=0 false_escaped=0 true_blocked=500
DELAYBAR delayed_gt50=0 over=0
HIST 0=0 1-3=0 4-10=0 11-50=0 51-100=0 101-300=0 301+=0 WITHHELD=0
SERIAL delayed_gt50=0
SANITY MISMATCH
