1	rt4_TMB-5_A18T_2_0000.r24	NEAR	BLOCKED	10983	CONFIRM_INSTALL	3
2	rt4_TMB-5_A18T_2_0001.r24	NEAR	BLOCKED	10983	CONFIRM_INSTALL	3
3	rt4_TMB-5_A18T_2_0002.r24	NEAR	BLOCKED	10983	CONFIRM_INSTALL	3
4	rt4_TMB-5_A18T_2_0003.r24	NEAR	BLOCKED	10983	WITHHOLD	-1
5	rt4_TMB-5_A18T_2_0004.r24	NEAR	BLOCKED	10983	WITHHOLD	-1
6	rt4_TMB-5_A18T_2_0005.r24	NEAR	BLOCKED	10983	CONFIRM_INSTALL	3
7	rt4_TMB-5_A18T_2_0006.r24	NEAR	BLOCKED	10983	CONFIRM_INSTALL	3
8	rt4_TMB-5_A18T_2_0007.r24	NEAR	BLOCKED	10983	CONFIRM_INSTALL	3
9	rt4_TMB-5_A18T_2_0008.r24	NEAR	BLOCKED	10983	WITHHOLD	-1
10	rt4_TMB-5_A18T_2_0009.r24	NEAR	BLOCKED	10983	WITHHOLD	-1
11	rt4_TMB-5_A18T_2_0010.r24	NEAR	BLOCKED	10983	CONFIRM_INSTALL	3
12	rt4_TMB-5_A18T_2_0011.r24	NEAR	BLOCKED	10983	CONFIRM_INSTALL	3
13	rt4_TMB-5_A18T_2_0012.r24	NEAR	BLOCKED	10983	CONFIRM_INSTALL	3
14	rt4_TMB-5_A18T_2_0013.r24	NEAR	BLOCKED	10983	WITHHOLD	-1
15	rt4_TMB-5_A18T_2_0014.r24	NEAR	BLOCKED	10983	WITHHOLD	-1
16	rt4_TMB-5_A18T_2_0015.r24	NEAR	BLOCKED	10983	CONFIRM_INSTALL	3
17	rt4_TMB-5_A18T_2_0016.r24	NEAR	BLOCKED	10983	CONFIRM_INSTALL	3
18	rt4_TMB-5_A18T_2_0017.r24	NEAR	BLOCKED	10983	CONFIRM_INSTALL	3
19	rt4_TMB-5_A18T_2_0018.r24	NEAR	BLOCKED	10983	WITHHOLD	-1
20	rt4_TMB-5_A18T_2_0019.r24	NEAR	BLOCKED	10983	WITHHOLD	-1
21	rt4_TMB-5_A18T_2_0020.r24	NEAR	BLOCKED	10983	CONFIRM_INSTALL	3
22	rt4_TMB-5_A18T_2_0021.r24	NEAR	BLOCKED	10983	CONFIRM_INSTALL	3
23	rt4_TMB-5_A18T_2_0022.r24	NEAR	BLOCKED	10983	CONFIRM_INSTALL	3
24	rt4_TMB-5_A18T_2_0023.r24	NEAR	BLOCKED	10983	WITHHOLD	-1
25	rt4_TMB-5_A18T_2_0024.r24	NEAR	BLOCKED	10983	WITHHOLD	-1
26	rt4_TMB-5_A18T_2_0025.r24	NEAR	BLOCKED	10983	CONFIRM_INSTALL	3
27	rt4_TMB-5_A18T_2_0026.r24	NEAR	BLOCKED	10983	CONFIRM_INSTALL	3
28	rt4_TMB-5_A18T_2_0027.r24	NEAR	BLOCKED	10983	CONFIRM_INSTALL	3
29	rt4_TMB-5_A18T_2_0028.r24	NEAR	BLOCKED	10983	WITHHOLD	-1
30	rt4_TMB-5_A18T_2_0029.r24	NEAR	BLOCKED	10983	WITHHOLD	-1
31	rt4_TMB-5_A18T_2_0030.r24	NEAR	BLOCKED	10983	CONFIRM_INSTALL	3
32	rt4_TMB-5_A18T_2_0031.r24	NEAR	BLOCKED	10983	CONFIRM_INSTALL	3
33	rt4_TMB-5_A18T_2_0032.r24	NEAR	BLOCKED	10983	CONFIRM_INSTALL	3
34	rt4_TMB-5_A18T_2_0033.r24	NEAR	BLOCKED	10983	WITHHOLD	-1
35	rt4_TMB-5_A18T_2_0034.r24	NEAR	BLOCKED	10983	WITHHOLD	-1
36	rt4_TMB-5_A18T_2_0035.r24	NEAR	BLOCKED	10983	CONFIRM_INSTALL	3
37	rt4_TMB-5_A18T_2_0036.r24	NEAR	BLOCKED	10983	CONFIRM_INSTALL	3
38	rt4_TMB-5_A18T_2_0037.r24	NEAR	BLOCKED	10983	CONFIRM_INSTALL	3
39	rt4_TMB-5_A18T_2_0038.r24	NEAR	BLOCKED	10983	WITHHOLD	-1
40	rt4_TMB-5_A18T_2_0039.r24	NEAR	BLOCKED	10983	WITHHOLD	-1
41	rt4_TMB-5_A18T_2_0040.r24	NEAR	BLOCKED	10983	CONFIRM_INSTALL	3
42	rt4_TMB-5_A18T_2_0041.r24	NEAR	BLOCKED	10983	CONFIRM_INSTALL	3
43	rt4_TMB-5_A18T_2_0042.r24	NEAR	BLOCKED	10983	CONFIRM_INSTALL	3
44	rt4_TMB-5_A18T_2_0043.r24	NEAR	BLOCKED	10983	WITHHOLD	-1
45	rt4_TMB-5_A18T_2_0044.r24	NEAR	BLOCKED	10983	WITHHOLD	-1
46	rt4_TMB-5_A18T_2_0045.r24	NEAR	BLOCKED	10983	CONFIRM_INSTALL	3
47	rt4_TMB-5_A18T_2_0046.r24	NEAR	BLOCKED	10983	CONFIRM_INSTALL	3
48	rt4_TMB-5_A18T_2_0047.r24	NEAR	BLOCKED	10983	CONFIRM_INSTALL	3
49	rt4_TMB-5_A18T_2_0048.r24	NEAR	BLOCKED	10983	WITHHOLD	-1
50	rt4_TMB-5_A18T_2_0049.r24	NEAR	BLOCKED	10983	WITHHOLD	-1
51	rt4_TMB-5_A18T_2_0050.r24	NEAR	BLOCKED	10983	CONFIRM_INSTALL	3
52	rt4_TMB-5_A18T_2_0051.r24	NEAR	BLOCKED	10983	CONFIRM_INSTALL	3
53	rt4_TMB-5_A18T_2_0052.r24	NEAR	BLOCKED	10983	CONFIRM_INSTALL	3
54	rt4_TMB-5_A18T_2_0053.r24	NEAR	BLOCKED	10983	WITHHOLD	-1
55	rt4_TMB-5_A18T_2_0054.r24	NEAR	BLOCKED	10983	WITHHOLD	-1
56	rt4_TMB-5_A18T_2_0055.r24	NEAR	BLOCKED	10983	CONFIRM_INSTALL	3
57	rt4_TMB-5_A18T_2_0056.r24	NEAR	BLOCKED	10983	CONFIRM_INSTALL	3
58	rt4_TMB-5_A18T_2_0057.r24	NEAR	BLOCKED	10983	CONFIRM_INSTALL	3
59	rt4_TMB-5_A18T_2_0058.r24	NEAR	BLOCKED	10983	WITHHOLD	-1
60	rt4_TMB-5_A18T_2_0059.r24	NEAR	BLOCKED	10983	WITHHOLD	-1
61	rt4_TMB-5_A18T_2_0060.r24	NEAR	BLOCKED	10983	CONFIRM_INSTALL	3
62	rt4_TMB-5_A18T_2_0061.r24	NEAR	BLOCKED	10983	CONFIRM_INSTALL	3
63	rt4_TMB-5_A18T_2_0062.r24	NEAR	BLOCKED	10983	CONFIRM_INSTALL	3
64	rt4_TMB-5_A18T_2_0063.r24	NEAR	BLOCKED	10983	WITHHOLD	-1
65	rt4_TMB-5_A18T_2_0064.r24	NEAR	BLOCKED	10983	WITHHOLD	-1
66	rt4_TMB-5_A18T_2_0065.r24	NEAR	BLOCKED	10983	CONFIRM_INSTALL	3
67	rt4_TMB-5_A18T_2_0066.r24	NEAR	BLOCKED	10983	CONFIRM_INSTALL	3
68	rt4_TMB-5_A18T_2_0067.r24	NEAR	BLOCKED	10983	CONFIRM_INSTALL	3
69	rt4_TMB-5_A18T_2_0068.r24	NEAR	BLOCKED	10983	WITHHOLD	-1
70	rt4_TMB-5_A18T_2_0069.r24	NEAR	BLOCKED	10983	WITHHOLD	-1
71	rt4_TMB-5_A18T_2_0070.r24	NEAR	BLOCKED	10983	CONFIRM_INSTALL	3
72	rt4_TMB-5_A18T_2_0071.r24	NEAR	BLOCKED	10983	CONFIRM_INSTALL	3
73	rt4_TMB-5_A18T_2_0072.r24	NEAR	BLOCKED	10983	CONFIRM_INSTALL	3
74	rt4_TMB-5_A18T_2_0073.r24	NEAR	BLOCKED	10983	WITHHOLD	-1
75	rt4_TMB-5_A18T_2_0074.r24	NEAR	BLOCKED	10983	WITHHOLD	-1
76	rt4_TMB-5_A18T_2_0075.r24	NEAR	BLOCKED	10983	CONFIRM_INSTALL	3
77	rt4_TMB-5_A18T_2_0076.r24	NEAR	BLOCKED	10983	CONFIRM_INSTALL	3
78	rt4_TMB-5_A18T_2_0077.r24	NEAR	BLOCKED	10983	CONFIRM_INSTALL	3
79	rt4_TMB-5_A18T_2_0078.r24	NEAR	BLOCKED	10983	WITHHOLD	-1
80	rt4_TMB-5_A18T_2_0079.r24	NEAR	BLOCKED	10983	WITHHOLD	-1
81	rt4_TMB-5_A18T_2_0080.r24	NEAR	BLOCKED	10983	CONFIRM_INSTALL	3
82	rt4_TMB-5_A18T_2_0081.r24	NEAR	BLOCKED	10983	CONFIRM_INSTALL	3
83	rt4_TMB-5_A18T_2_0082.r24	NEAR	BLOCKED	10983	CONFIRM_INSTALL	3
84	rt4_TMB-5_A18T_2_0083.r24	NEAR	BLOCKED	10983	WITHHOLD	-1
85	rt4_TMB-5_A18T_2_0084.r24	NEAR	BLOCKED	10983	WITHHOLD	-1
86	rt4_TMB-5_A18T_2_0085.r24	NEAR	BLOCKED	10983	CONFIRM_INSTALL	3
87	rt4_TMB-5_A18T_2_0086.r24	NEAR	BLOCKED	10983	CONFIRM_INSTALL	3
88	rt4_TMB-5_A18T_2_0087.r24	NEAR	BLOCKED	10983	CONFIRM_INSTALL	3
89	rt4_TMB-5_A18T_2_0088.r24	NEAR	BLOCKED	10983	WITHHOLD	-1
90	rt4_TMB-5_A18T_2_0089.r24	NEAR	BLOCKED	10983	WITHHOLD	-1
91	rt4_TMB-5_A18T_2_0090.r24	NEAR	BLOCKED	10983	CONFIRM_INSTALL	3
92	rt4_TMB-5_A18T_2_0091.r24	NEAR	BLOCKED	10983	CONFIRM_INSTALL	3
93	rt4_TMB-5_A18T_2_0092.r24	NEAR	BLOCKED	10983	CONFIRM_INSTALL	3
94	rt4_TMB-5_A18T_2_0093.r24	NEAR	BLOCKED	10983	WITHHOLD	-1
95	rt4_TMB-5_A18T_2_0094.r24	NEAR	BLOCKED	10983	WITHHOLD	-1
96	rt4_TMB-5_A18T_2_0095.r24	NEAR	BLOCKED	10983	CONFIRM_INSTALL	3
97	rt4_TMB-5_A18T_2_0096.r24	NEAR	BLOCKED	10983	CONFIRM_INSTALL	3
98	rt4_TMB-5_A18T_2_0097.r24	NEAR	BLOCKED	10983	CONFIRM_INSTALL	3
99	rt4_TMB-5_A18T_2_0098.r24	NEAR	BLOCKED	10983	WITHHOLD	-1
100	rt4_TMB-5_A18T_2_0099.r24	NEAR	BLOCKED	10983	WITHHOLD	-1
101	rt4_TMB-5_A18T_2_0100.r24	NEAR	BLOCKED	10983	CONFIRM_INSTALL	3
102	rt4_TMB-5_A18T_2_0101.r24	NEAR	BLOCKED	10983	CONFIRM_INSTALL	3
103	rt4_TMB-5_A18T_2_0102.r24	NEAR	BLOCKED	10983	CONFIRM_INSTALL	3
104	rt4_TMB-5_A18T_2_0103.r24	NEAR	BLOCKED	10983	WITHHOLD	-1
105	rt4_TMB-5_A18T_2_0104.r24	NEAR	BLOCKED	10983	WITHHOLD	-1
106	rt4_TMB-5_A18T_2_0105.r24	NEAR	BLOCKED	10983	CONFIRM_INSTALL	3
107	rt4_TMB-5_A18T_2_0106.r24	NEAR	BLOCKED	10983	CONFIRM_INSTALL	3
108	rt4_TMB-5_A18T_2_0107.r24	NEAR	BLOCKED	10983	CONFIRM_INSTALL	3
109	rt4_TMB-5_A18T_2_0108.r24	NEAR	BLOCKED	10983	WITHHOLD	-1
110	rt4_TMB-5_A18T_2_0109.r24	NEAR	BLOCKED	10983	WITHHOLD	-1
111	rt4_TMB-5_A18T_2_0110.r24	NEAR	BLOCKED	10983	CONFIRM_INSTALL	3
112	rt4_TMB-5_A18T_2_0111.r24	NEAR	BLOCKED	10983	CONFIRM_INSTALL	3
113	rt4_TMB-5_A18T_2_0112.r24	NEAR	BLOCKED	10983	CONFIRM_INSTALL	3
114	rt4_TMB-5_A18T_2_0113.r24	NEAR	BLOCKED	10983	WITHHOLD	-1
115	rt4_TMB-5_A18T_2_0114.r24	NEAR	BLOCKED	10983	WITHHOLD	-1
116	rt4_TMB-5_A18T_2_0115.r24	NEAR	BLOCKED	10983	CONFIRM_INSTALL	3
117	rt4_TMB-5_A18T_2_0116.r24	NEAR	BLOCKED	10983	CONFIRM_INSTALL	3
118	rt4_TMB-5_A18T_2_0117.r24	NEAR	BLOCKED	10983	CONFIRM_INSTALL	3
119	rt4_TMB-5_A18T_2_0118.r24	NEAR	BLOCKED	10983	WITHHOLD	-1
120	rt4_TMB-5_A18T_2_0119.r24	NEAR	BLOCKED	10983	WITHHOLD	-1
121	rt4_TMB-5_A18T_2_0120.r24	NEAR	BLOCKED	10983	CONFIRM_INSTALL	3
122	rt4_TMB-5_A18T_2_0121.r24	NEAR	BLOCKED	10983	CONFIRM_INSTALL	3
123	rt4_TMB-5_A18T_2_0122.r24	NEAR	BLOCKED	10983	CONFIRM_INSTALL	3
124	rt4_TMB-5_A18T_2_0123.r24	NEAR	BLOCKED	10983	WITHHOLD	-1
125	rt4_TMB-5_A18T_2_0124.r24	NEAR	BLOCKED	10983	WITHHOLD	-1
126	rt4_TMB-5_A18T_2_0125.r24	NEAR	BLOCKED	10983	CONFIRM_INSTALL	3
127	rt4_TMB-5_A18T_2_0126.r24	NEAR	BLOCKED	10983	CONFIRM_INSTALL	3
128	rt4_TMB-5_A18T_2_0127.r24	NEAR	BLOCKED	10983	CONFIRM_INSTALL	3
129	rt4_TMB-5_A18T_2_0128.r24	NEAR	BLOCKED	10983	WITHHOLD	-1
130	rt4_TMB-5_A18T_2_0129.r24	NEAR	BLOCKED	10983	WITHHOLD	-1
131	rt4_TMB-5_A18T_2_0130.r24	NEAR	BLOCKED	10983	CONFIRM_INSTALL	3
132	rt4_TMB-5_A18T_2_0131.r24	NEAR	BLOCKED	10983	CONFIRM_INSTALL	3
133	rt4_TMB-5_A18T_2_0132.r24	NEAR	BLOCKED	10983	CONFIRM_INSTALL	3
134	rt4_TMB-5_A18T_2_0133.r24	NEAR	BLOCKED	10983	WITHHOLD	-1
135	rt4_TMB-5_A18T_2_0134.r24	NEAR	BLOCKED	10983	WITHHOLD	-1
136	rt4_TMB-5_A18T_2_0135.r24	NEAR	BLOCKED	10983	CONFIRM_INSTALL	3
137	rt4_TMB-5_A18T_2_0136.r24	NEAR	BLOCKED	10983	CONFIRM_INSTALL	3
138	rt4_TMB-5_A18T_2_0137.r24	NEAR	BLOCKED	10983	CONFIRM_INSTALL	3
139	rt4_TMB-5_A18T_2_0138.r24	NEAR	BLOCKED	10983	WITHHOLD	-1
140	rt4_TMB-5_A18T_2_0139.r24	NEAR	BLOCKED	10983	WITHHOLD	-1
141	rt4_TMB-5_A18T_2_0140.r24	NEAR	BLOCKED	10983	CONFIRM_INSTALL	3
142	rt4_TMB-5_A18T_2_0141.r24	NEAR	BLOCKED	10983	CONFIRM_INSTALL	3
143	rt4_TMB-5_A18T_2_0142.r24	NEAR	BLOCKED	10983	CONFIRM_INSTALL	3
144	rt4_TMB-5_A18T_2_0143.r24	NEAR	BLOCKED	10983	WITHHOLD	-1
145	rt4_TMB-5_A18T_2_0144.r24	NEAR	BLOCKED	10983	WITHHOLD	-1
146	rt4_TMB-5_A18T_2_0145.r24	NEAR	BLOCKED	10983	CONFIRM_INSTALL	3
147	rt4_TMB-5_A18T_2_0146.r24	NEAR	BLOCKED	10983	CONFIRM_INSTALL	3
148	rt4_TMB-5_A18T_2_0147.r24	NEAR	BLOCKED	10983	CONFIRM_INSTALL	3
149	rt4_TMB-5_A18T_2_0148.r24	NEAR	BLOCKED	10983	WITHHOLD	-1
150	rt4_TMB-5_A18T_2_0149.r24	NEAR	BLOCKED	10983	WITHHOLD	-1
151	rt4_TMB-5_A18T_2_0150.r24	NEAR	BLOCKED	10983	CONFIRM_INSTALL	3
152	rt4_TMB-5_A18T_2_0151.r24	NEAR	BLOCKED	10983	CONFIRM_INSTALL	3
153	rt4_TMB-5_A18T_2_0152.r24	NEAR	BLOCKED	10983	CONFIRM_INSTALL	3
154	rt4_TMB-5_A18T_2_0153.r24	NEAR	BLOCKED	10983	WITHHOLD	-1
155	rt4_TMB-5_A18T_2_0154.r24	NEAR	BLOCKED	10983	WITHHOLD	-1
156	rt4_TMB-5_A18T_2_0155.r24	NEAR	BLOCKED	10983	CONFIRM_INSTALL	3
157	rt4_TMB-5_A18T_2_0156.r24	NEAR	BLOCKED	10983	CONFIRM_INSTALL	3
158	rt4_TMB-5_A18T_2_0157.r24	NEAR	BLOCKED	10983	CONFIRM_INSTALL	3
159	rt4_TMB-5_A18T_2_0158.r24	NEAR	BLOCKED	10983	WITHHOLD	-1
160	rt4_TMB-5_A18T_2_0159.r24	NEAR	BLOCKED	10983	WITHHOLD	-1
161	rt4_TMB-5_A18T_2_0160.r24	NEAR	BLOCKED	10983	CONFIRM_INSTALL	3
162	rt4_TMB-5_A18T_2_0161.r24	NEAR	BLOCKED	10983	CONFIRM_INSTALL	3
163	rt4_TMB-5_A18T_2_0162.r24	NEAR	BLOCKED	10983	CONFIRM_INSTALL	3
164	rt4_TMB-5_A18T_2_0163.r24	NEAR	BLOCKED	10983	WITHHOLD	-1
165	rt4_TMB-5_A18T_2_0164.r24	NEAR	BLOCKED	10983	WITHHOLD	-1
166	rt4_TMB-5_A18T_2_0165.r24	NEAR	BLOCKED	10983	CONFIRM_INSTALL	3
167	rt4_TMB-5_A18T_2_0166.r24	NEAR	BLOCKED	10983	CONFIRM_INSTALL	3
168	rt4_TMB-5_A18T_2_0167.r24	NEAR	BLOCKED	10983	CONFIRM_INSTALL	3
169	rt4_TMB-5_A18T_2_0168.r24	NEAR	BLOCKED	10983	WITHHOLD	-1
170	rt4_TMB-5_A18T_2_0169.r24	NEAR	BLOCKED	10983	WITHHOLD	-1
171	rt4_TMB-5_A18T_2_0170.r24	NEAR	BLOCKED	10983	CONFIRM_INSTALL	3
172	rt4_TMB-5_A18T_2_0171.r24	NEAR	BLOCKED	10983	CONFIRM_INSTALL	3
173	rt4_TMB-5_A18T_2_0172.r24	NEAR	BLOCKED	10983	CONFIRM_INSTALL	3
174	rt4_TMB-5_A18T_2_0173.r24	NEAR	BLOCKED	10983	WITHHOLD	-1
175	rt4_TMB-5_A18T_2_0174.r24	NEAR	BLOCKED	10983	WITHHOLD	-1
176	rt4_TMB-5_A18T_2_0175.r24	NEAR	BLOCKED	10983	CONFIRM_INSTALL	3
177	rt4_TMB-5_A18T_2_0176.r24	NEAR	BLOCKED	10983	CONFIRM_INSTALL	3
178	rt4_TMB-5_A18T_2_0177.r24	NEAR	BLOCKED	10983	CONFIRM_INSTALL	3
179	rt4_TMB-5_A18T_2_0178.r24	NEAR	BLOCKED	10983	WITHHOLD	-1
180	rt4_TMB-5_A18T_2_0179.r24	NEAR	BLOCKED	10983	WITHHOLD	-1
181	rt4_TMB-5_A18T_2_0180.r24	NEAR	BLOCKED	10983	CONFIRM_INSTALL	3
182	rt4_TMB-5_A18T_2_0181.r24	NEAR	BLOCKED	10983	CONFIRM_INSTALL	3
183	rt4_TMB-5_A18T_2_0182.r24	NEAR	BLOCKED	10983	CONFIRM_INSTALL	3
184	rt4_TMB-5_A18T_2_0183.r24	NEAR	BLOCKED	10983	WITHHOLD	-1
185	rt4_TMB-5_A18T_2_0184.r24	NEAR	BLOCKED	10983	WITHHOLD	-1
186	rt4_TMB-5_A18T_2_0185.r24	NEAR	BLOCKED	10983	CONFIRM_INSTALL	3
187	rt4_TMB-5_A18T_2_0186.r24	NEAR	BLOCKED	10983	CONFIRM_INSTALL	3
188	rt4_TMB-5_A18T_2_0187.r24	NEAR	BLOCKED	10983	CONFIRM_INSTALL	3
189	rt4_TMB-5_A18T_2_0188.r24	NEAR	BLOCKED	10983	WITHHOLD	-1
190	rt4_TMB-5_A18T_2_0189.r24	NEAR	BLOCKED	10983	WITHHOLD	-1
191	rt4_TMB-5_A18T_2_0190.r24	NEAR	BLOCKED	10983	CONFIRM_INSTALL	3
192	rt4_TMB-5_A18T_2_0191.r24	NEAR	BLOCKED	10983	CONFIRM_INSTALL	3
193	rt4_TMB-5_A18T_2_0192.r24	NEAR	BLOCKED	10983	CONFIRM_INSTALL	3
194	rt4_TMB-5_A18T_2_0193.r24	NEAR	BLOCKED	10983	WITHHOLD	-1
195	rt4_TMB-5_A18T_2_0194.r24	NEAR	BLOCKED	10983	WITHHOLD	-1
196	rt4_TMB-5_A18T_2_0195.r24	NEAR	BLOCKED	10983	CONFIRM_INSTALL	3
197	rt4_TMB-5_A18T_2_0196.r24	NEAR	BLOCKED	10983	CONFIRM_INSTALL	3
198	rt4_TMB-5_A18T_2_0197.r24	NEAR	BLOCKED	10983	CONFIRM_INSTALL	3
199	rt4_TMB-5_A18T_2_0198.r24	NEAR	BLOCKED	10983	WITHHOLD	-1
200	rt4_TMB-5_A18T_2_0199.r24	NEAR	BLOCKED	10983	WITHHOLD	-1
201	rt4_TMB-5_A18T_2_0200.r24	NEAR	BLOCKED	10983	CONFIRM_INSTALL	3
202	rt4_TMB-5_A18T_2_0201.r24	NEAR	BLOCKED	10983	CONFIRM_INSTALL	3
203	rt4_TMB-5_A18T_2_0202.r24	NEAR	BLOCKED	10983	CONFIRM_INSTALL	3
204	rt4_TMB-5_A18T_2_0203.r24	NEAR	BLOCKED	10983	WITHHOLD	-1
205	rt4_TMB-5_A18T_2_0204.r24	NEAR	BLOCKED	10983	WITHHOLD	-1
206	rt4_TMB-5_A18T_2_0205.r24	NEAR	BLOCKED	10983	CONFIRM_INSTALL	3
207	rt4_TMB-5_A18T_2_0206.r24	NEAR	BLOCKED	10983	CONFIRM_INSTALL	3
208	rt4_TMB-5_A18T_2_0207.r24	NEAR	BLOCKED	10983	CONFIRM_INSTALL	3
209	rt4_TMB-5_A18T_2_0208.r24	NEAR	BLOCKED	10983	WITHHOLD	-1
210	rt4_TMB-5_A18T_2_0209.r24	NEAR	BLOCKED	10983	WITHHOLD	-1
211	rt4_TMB-5_A18T_2_0210.r24	NEAR	BLOCKED	10983	CONFIRM_INSTALL	3
212	rt4_TMB-5_A18T_2_0211.r24	NEAR	BLOCKED	10983	CONFIRM_INSTALL	3
213	rt4_TMB-5_A18T_2_0212.r24	NEAR	BLOCKED	10983	CONFIRM_INSTALL	3
214	rt4_TMB-5_A18T_2_0213.r24	NEAR	BLOCKED	10983	WITHHOLD	-1
215	rt4_TMB-5_A18T_2_0214.r24	NEAR	BLOCKED	10983	WITHHOLD	-1
216	rt4_TMB-5_A18T_2_0215.r24	NEAR	BLOCKED	10983	CONFIRM_INSTALL	3
217	rt4_TMB-5_A18T_2_0216.r24	NEAR	BLOCKED	10983	CONFIRM_INSTALL	3
218	rt4_TMB-5_A18T_2_0217.r24	NEAR	BLOCKED	10983	CONFIRM_INSTALL	3
219	rt4_TMB-5_A18T_2_0218.r24	NEAR	BLOCKED	10983	WITHHOLD	-1
220	rt4_TMB-5_A18T_2_0219.r24	NEAR	BLOCKED	10983	WITHHOLD	-1
221	rt4_TMB-5_A18T_2_0220.r24	NEAR	BLOCKED	10983	CONFIRM_INSTALL	3
222	rt4_TMB-5_A18T_2_0221.r24	NEAR	BLOCKED	10983	CONFIRM_INSTALL	3
223	rt4_TMB-5_A18T_2_0222.r24	NEAR	BLOCKED	10983	CONFIRM_INSTALL	3
224	rt4_TMB-5_A18T_2_0223.r24	NEAR	BLOCKED	10983	WITHHOLD	-1
225	rt4_TMB-5_A18T_2_0224.r24	NEAR	BLOCKED	10983	WITHHOLD	-1
226	rt4_TMB-5_A18T_2_0225.r24	NEAR	BLOCKED	10983	CONFIRM_INSTALL	3
227	rt4_TMB-5_A18T_2_0226.r24	NEAR	BLOCKED	10983	CONFIRM_INSTALL	3
228	rt4_TMB-5_A18T_2_0227.r24	NEAR	BLOCKED	10983	CONFIRM_INSTALL	3
229	rt4_TMB-5_A18T_2_0228.r24	NEAR	BLOCKED	10983	WITHHOLD	-1
230	rt4_TMB-5_A18T_2_0229.r24	NEAR	BLOCKED	10983	WITHHOLD	-1
231	rt4_TMB-5_A18T_2_0230.r24	NEAR	BLOCKED	10983	CONFIRM_INSTALL	3
232	rt4_TMB-5_A18T_2_0231.r24	NEAR	BLOCKED	10983	CONFIRM_INSTALL	3
233	rt4_TMB-5_A18T_2_0232.r24	NEAR	BLOCKED	10983	CONFIRM_INSTALL	3
234	rt4_TMB-5_A18T_2_0233.r24	NEAR	BLOCKED	10983	WITHHOLD	-1
235	rt4_TMB-5_A18T_2_0234.r24	NEAR	BLOCKED	10983	WITHHOLD	-1
236	rt4_TMB-5_A18T_2_0235.r24	NEAR	BLOCKED	10983	CONFIRM_INSTALL	3
237	rt4_TMB-5_A18T_2_0236.r24	NEAR	BLOCKED	10983	CONFIRM_INSTALL	3
238	rt4_TMB-5_A18T_2_0237.r24	NEAR	BLOCKED	10983	CONFIRM_INSTALL	3
239	rt4_TMB-5_A18T_2_0238.r24	NEAR	BLOCKED	10983	WITHHOLD	-1
240	rt4_TMB-5_A18T_2_0239.r24	NEAR	BLOCKED	10983	WITHHOLD	-1
241	rt4_TMB-5_A18T_2_0240.r24	NEAR	BLOCKED	10983	CONFIRM_INSTALL	3
242	rt4_TMB-5_A18T_2_0241.r24	NEAR	BLOCKED	10983	CONFIRM_INSTALL	3
243	rt4_TMB-5_A18T_2_0242.r24	NEAR	BLOCKED	10983	CONFIRM_INSTALL	3
244	rt4_TMB-5_A18T_2_0243.r24	NEAR	BLOCKED	10983	WITHHOLD	-1
245	rt4_TMB-5_A18T_2_0244.r24	NEAR	BLOCKED	10983	WITHHOLD	-1
246	rt4_TMB-5_A18T_2_0245.r24	NEAR	BLOCKED	10983	CONFIRM_INSTALL	3
247	rt4_TMB-5_A18T_2_0246.r24	NEAR	BLOCKED	10983	CONFIRM_INSTALL	3
248	rt4_TMB-5_A18T_2_0247.r24	NEAR	BLOCKED	10983	CONFIRM_INSTALL	3
249	rt4_TMB-5_A18T_2_0248.r24	NEAR	BLOCKED	10983	WITHHOLD	-1
250	rt4_TMB-5_A18T_2_0249.r24	NEAR	BLOCKED	10983	WITHHOLD	-1
251	rt4_TMB-5_A18T_2_0250.r24	NEAR	BLOCKED	10983	CONFIRM_INSTALL	3
252	rt4_TMB-5_A18T_2_0251.r24	NEAR	BLOCKED	10983	CONFIRM_INSTALL	3
253	rt4_TMB-5_A18T_2_0252.r24	NEAR	BLOCKED	10983	CONFIRM_INSTALL	3
254	rt4_TMB-5_A18T_2_0253.r24	NEAR	BLOCKED	10983	WITHHOLD	-1
255	rt4_TMB-5_A18T_2_0254.r24	NEAR	BLOCKED	10983	WITHHOLD	-1
256	rt4_TMB-5_A18T_2_0255.r24	NEAR	BLOCKED	10983	CONFIRM_INSTALL	3
257	rt4_TMB-5_A18T_2_0256.r24	NEAR	BLOCKED	10983	CONFIRM_INSTALL	3
258	rt4_TMB-5_A18T_2_0257.r24	NEAR	BLOCKED	10983	CONFIRM_INSTALL	3
259	rt4_TMB-5_A18T_2_0258.r24	NEAR	BLOCKED	10983	WITHHOLD	-1
260	rt4_TMB-5_A18T_2_0259.r24	NEAR	BLOCKED	10983	WITHHOLD	-1
261	rt4_TMB-5_A18T_2_0260.r24	NEAR	BLOCKED	10983	CONFIRM_INSTALL	3
262	rt4_TMB-5_A18T_2_0261.r24	NEAR	BLOCKED	10983	CONFIRM_INSTALL	3
263	rt4_TMB-5_A18T_2_0262.r24	NEAR	BLOCKED	10983	CONFIRM_INSTALL	3
264	rt4_TMB-5_A18T_2_0263.r24	NEAR	BLOCKED	10983	WITHHOLD	-1
265	rt4_TMB-5_A18T_2_0264.r24	NEAR	BLOCKED	10983	WITHHOLD	-1
266	rt4_TMB-5_A18T_2_0265.r24	NEAR	BLOCKED	10983	CONFIRM_INSTALL	3
267	rt4_TMB-5_A18T_2_0266.r24	NEAR	BLOCKED	10983	CONFIRM_INSTALL	3
268	rt4_TMB-5_A18T_2_0267.r24	NEAR	BLOCKED	10983	CONFIRM_INSTALL	3
269	rt4_TMB-5_A18T_2_0268.r24	NEAR	BLOCKED	10983	WITHHOLD	-1
270	rt4_TMB-5_A18T_2_0269.r24	NEAR	BLOCKED	10983	WITHHOLD	-1
271	rt4_TMB-5_A18T_2_0270.r24	NEAR	BLOCKED	10983	CONFIRM_INSTALL	3
272	rt4_TMB-5_A18T_2_0271.r24	NEAR	BLOCKED	10983	CONFIRM_INSTALL	3
273	rt4_TMB-5_A18T_2_0272.r24	NEAR	BLOCKED	10983	CONFIRM_INSTALL	3
274	rt4_TMB-5_A18T_2_0273.r24	NEAR	BLOCKED	10983	WITHHOLD	-1
275	rt4_TMB-5_A18T_2_0274.r24	NEAR	BLOCKED	10983	WITHHOLD	-1
276	rt4_TMB-5_A18T_2_0275.r24	NEAR	BLOCKED	10983	CONFIRM_INSTALL	3
277	rt4_TMB-5_A18T_2_0276.r24	NEAR	BLOCKED	10983	CONFIRM_INSTALL	3
278	rt4_TMB-5_A18T_2_0277.r24	NEAR	BLOCKED	10983	CONFIRM_INSTALL	3
279	rt4_TMB-5_A18T_2_0278.r24	NEAR	BLOCKED	10983	WITHHOLD	-1
280	rt4_TMB-5_A18T_2_0279.r24	NEAR	BLOCKED	10983	WITHHOLD	-1
281	rt4_TMB-5_A18T_2_0280.r24	NEAR	BLOCKED	10983	CONFIRM_INSTALL	3
282	rt4_TMB-5_A18T_2_0281.r24	NEAR	BLOCKED	10983	CONFIRM_INSTALL	3
283	rt4_TMB-5_A18T_2_0282.r24	NEAR	BLOCKED	10983	CONFIRM_INSTALL	3
284	rt4_TMB-5_A18T_2_0283.r24	NEAR	BLOCKED	10983	WITHHOLD	-1
285	rt4_TMB-5_A18T_2_0284.r24	NEAR	BLOCKED	10983	WITHHOLD	-1
286	rt4_TMB-5_A18T_2_0285.r24	NEAR	BLOCKED	10983	CONFIRM_INSTALL	3
287	rt4_TMB-5_A18T_2_0286.r24	NEAR	BLOCKED	10983	CONFIRM_INSTALL	3
288	rt4_TMB-5_A18T_2_0287.r24	NEAR	BLOCKED	10983	CONFIRM_INSTALL	3
289	rt4_TMB-5_A18T_2_0288.r24	NEAR	BLOCKED	10983	WITHHOLD	-1
290	rt4_TMB-5_A18T_2_0289.r24	NEAR	BLOCKED	10983	WITHHOLD	-1
291	rt4_TMB-5_A18T_2_0290.r24	NEAR	BLOCKED	10983	CONFIRM_INSTALL	3
292	rt4_TMB-5_A18T_2_0291.r24	NEAR	BLOCKED	10983	CONFIRM_INSTALL	3
293	rt4_TMB-5_A18T_2_0292.r24	NEAR	BLOCKED	10983	CONFIRM_INSTALL	3
294	rt4_TMB-5_A18T_2_0293.r24	NEAR	BLOCKED	10983	WITHHOLD	-1
295	rt4_TMB-5_A18T_2_0294.r24	NEAR	BLOCKED	10983	WITHHOLD	-1
296	rt4_TMB-5_A18T_2_0295.r24	NEAR	BLOCKED	10983	CONFIRM_INSTALL	3
297	rt4_TMB-5_A18T_2_0296.r24	NEAR	BLOCKED	10983	CONFIRM_INSTALL	3
298	rt4_TMB-5_A18T_2_0297.r24	NEAR	BLOCKED	10983	CONFIRM_INSTALL	3
299	rt4_TMB-5_A18T_2_0298.r24	NEAR	BLOCKED	10983	WITHHOLD	-1
300	rt4_TMB-5_A18T_2_0299.r24	NEAR	BLOCKED	10983	WITHHOLD	-1
301	rt4_TMB-5_A18T_2_0300.r24	NEAR	BLOCKED	10983	CONFIRM_INSTALL	3
302	rt4_TMB-5_A18T_2_0301.r24	NEAR	BLOCKED	10983	CONFIRM_INSTALL	3
303	rt4_TMB-5_A18T_2_0302.r24	NEAR	BLOCKED	10983	CONFIRM_INSTALL	3
304	rt4_TMB-5_A18T_2_0303.r24	NEAR	BLOCKED	10983	WITHHOLD	-1
305	rt4_TMB-5_A18T_2_0304.r24	NEAR	BLOCKED	10983	WITHHOLD	-1
306	rt4_TMB-5_A18T_2_0305.r24	NEAR	BLOCKED	10983	CONFIRM_INSTALL	3
307	rt4_TMB-5_A18T_2_0306.r24	NEAR	BLOCKED	10983	CONFIRM_INSTALL	3
308	rt4_TMB-5_A18T_2_0307.r24	NEAR	BLOCKED	10983	CONFIRM_INSTALL	3
309	rt4_TMB-5_A18T_2_0308.r24	NEAR	BLOCKED	10983	WITHHOLD	-1
310	rt4_TMB-5_A18T_2_0309.r24	NEAR	BLOCKED	10983	WITHHOLD	-1
311	rt4_TMB-5_A18T_2_0310.r24	NEAR	BLOCKED	10983	CONFIRM_INSTALL	3
312	rt4_TMB-5_A18T_2_0311.r24	NEAR	BLOCKED	10983	CONFIRM_INSTALL	3
313	rt4_TMB-5_A18T_2_0312.r24	NEAR	BLOCKED	10983	CONFIRM_INSTALL	3
314	rt4_TMB-5_A18T_2_0313.r24	NEAR	BLOCKED	10983	WITHHOLD	-1
315	rt4_TMB-5_A18T_2_0314.r24	NEAR	BLOCKED	10983	WITHHOLD	-1
316	rt4_TMB-5_A18T_2_0315.r24	NEAR	BLOCKED	10983	CONFIRM_INSTALL	3
317	rt4_TMB-5_A18T_2_0316.r24	NEAR	BLOCKED	10983	CONFIRM_INSTALL	3
318	rt4_TMB-5_A18T_2_0317.r24	NEAR	BLOCKED	10983	CONFIRM_INSTALL	3
319	rt4_TMB-5_A18T_2_0318.r24	NEAR	BLOCKED	10983	WITHHOLD	-1
320	rt4_TMB-5_A18T_2_0319.r24	NEAR	BLOCKED	10983	WITHHOLD	-1
321	rt4_TMB-5_A18T_2_0320.r24	NEAR	BLOCKED	10983	CONFIRM_INSTALL	3
322	rt4_TMB-5_A18T_2_0321.r24	NEAR	BLOCKED	10983	CONFIRM_INSTALL	3
323	rt4_TMB-5_A18T_2_0322.r24	NEAR	BLOCKED	10983	CONFIRM_INSTALL	3
324	rt4_TMB-5_A18T_2_0323.r24	NEAR	BLOCKED	10983	WITHHOLD	-1
325	rt4_TMB-5_A18T_2_0324.r24	NEAR	BLOCKED	10983	WITHHOLD	-1
326	rt4_TMB-5_A18T_2_0325.r24	NEAR	BLOCKED	10983	CONFIRM_INSTALL	3
327	rt4_TMB-5_A18T_2_0326.r24	NEAR	BLOCKED	10983	CONFIRM_INSTALL	3
328	rt4_TMB-5_A18T_2_0327.r24	NEAR	BLOCKED	10983	CONFIRM_INSTALL	3
329	rt4_TMB-5_A18T_2_0328.r24	NEAR	BLOCKED	10983	WITHHOLD	-1
330	rt4_TMB-5_A18T_2_0329.r24	NEAR	BLOCKED	10983	WITHHOLD	-1
331	rt4_TMB-5_A18T_2_0330.r24	NEAR	BLOCKED	10983	CONFIRM_INSTALL	3
332	rt4_TMB-5_A18T_2_0331.r24	NEAR	BLOCKED	10983	CONFIRM_INSTALL	3
333	rt4_TMB-5_A18T_2_0332.r24	NEAR	BLOCKED	10983	CONFIRM_INSTALL	3
334	rt4_TMB-5_A18T_2_0333.r24	NEAR	BLOCKED	10983	WITHHOLD	-1
335	rt4_TMB-5_A18T_2_0334.r24	NEAR	BLOCKED	10983	WITHHOLD	-1
336	rt4_TMB-5_A18T_2_0335.r24	NEAR	BLOCKED	10983	CONFIRM_INSTALL	3
337	rt4_TMB-5_A18T_2_0336.r24	NEAR	BLOCKED	10983	CONFIRM_INSTALL	3
338	rt4_TMB-5_A18T_2_0337.r24	NEAR	BLOCKED	10983	CONFIRM_INSTALL	3
339	rt4_TMB-5_A18T_2_0338.r24	NEAR	BLOCKED	10983	WITHHOLD	-1
340	rt4_TMB-5_A18T_2_0339.r24	NEAR	BLOCKED	10983	WITHHOLD	-1
341	rt4_TMB-5_A18T_2_0340.r24	NEAR	BLOCKED	10983	CONFIRM_INSTALL	3
342	rt4_TMB-5_A18T_2_0341.r24	NEAR	BLOCKED	10983	CONFIRM_INSTALL	3
343	rt4_TMB-5_A18T_2_0342.r24	NEAR	BLOCKED	10983	CONFIRM_INSTALL	3
344	rt4_TMB-5_A18T_2_0343.r24	NEAR	BLOCKED	10983	WITHHOLD	-1
345	rt4_TMB-5_A18T_2_0344.r24	NEAR	BLOCKED	10983	WITHHOLD	-1
346	rt4_TMB-5_A18T_2_0345.r24	NEAR	BLOCKED	10983	CONFIRM_INSTALL	3
347	rt4_TMB-5_A18T_2_0346.r24	NEAR	BLOCKED	10983	CONFIRM_INSTALL	3
348	rt4_TMB-5_A18T_2_0347.r24	NEAR	BLOCKED	10983	CONFIRM_INSTALL	3
349	rt4_TMB-5_A18T_2_0348.r24	NEAR	BLOCKED	10983	WITHHOLD	-1
350	rt4_TMB-5_A18T_2_0349.r24	NEAR	BLOCKED	10983	WITHHOLD	-1
351	rt4_TMB-5_A18T_2_0350.r24	NEAR	BLOCKED	10983	CONFIRM_INSTALL	3
352	rt4_TMB-5_A18T_2_0351.r24	NEAR	BLOCKED	10983	CONFIRM_INSTALL	3
353	rt4_TMB-5_A18T_2_0352.r24	NEAR	BLOCKED	10983	CONFIRM_INSTALL	3
354	rt4_TMB-5_A18T_2_0353.r24	NEAR	BLOCKED	10983	WITHHOLD	-1
355	rt4_TMB-5_A18T_2_0354.r24	NEAR	BLOCKED	10983	WITHHOLD	-1
356	rt4_TMB-5_A18T_2_0355.r24	NEAR	BLOCKED	10983	CONFIRM_INSTALL	3
357	rt4_TMB-5_A18T_2_0356.r24	NEAR	BLOCKED	10983	CONFIRM_INSTALL	3
358	rt4_TMB-5_A18T_2_0357.r24	NEAR	BLOCKED	10983	CONFIRM_INSTALL	3
359	rt4_TMB-5_A18T_2_0358.r24	NEAR	BLOCKED	10983	WITHHOLD	-1
360	rt4_TMB-5_A18T_2_0359.r24	NEAR	BLOCKED	10983	WITHHOLD	-1
361	rt4_TMB-5_A18T_2_0360.r24	NEAR	BLOCKED	10983	CONFIRM_INSTALL	3
362	rt4_TMB-5_A18T_2_0361.r24	NEAR	BLOCKED	10983	CONFIRM_INSTALL	3
363	rt4_TMB-5_A18T_2_0362.r24	NEAR	BLOCKED	10983	CONFIRM_INSTALL	3
364	rt4_TMB-5_A18T_2_0363.r24	NEAR	BLOCKED	10983	WITHHOLD	-1
365	rt4_TMB-5_A18T_2_0364.r24	NEAR	BLOCKED	10983	WITHHOLD	-1
366	rt4_TMB-5_A18T_2_0365.r24	NEAR	BLOCKED	10983	CONFIRM_INSTALL	3
367	rt4_TMB-5_A18T_2_0366.r24	NEAR	BLOCKED	10983	CONFIRM_INSTALL	3
368	rt4_TMB-5_A18T_2_0367.r24	NEAR	BLOCKED	10983	CONFIRM_INSTALL	3
369	rt4_TMB-5_A18T_2_0368.r24	NEAR	BLOCKED	10983	WITHHOLD	-1
370	rt4_TMB-5_A18T_2_0369.r24	NEAR	BLOCKED	10983	WITHHOLD	-1
371	rt4_TMB-5_A18T_2_0370.r24	NEAR	BLOCKED	10983	CONFIRM_INSTALL	3
372	rt4_TMB-5_A18T_2_0371.r24	NEAR	BLOCKED	10983	CONFIRM_INSTALL	3
373	rt4_TMB-5_A18T_2_0372.r24	NEAR	BLOCKED	10983	CONFIRM_INSTALL	3
374	rt4_TMB-5_A18T_2_0373.r24	NEAR	BLOCKED	10983	WITHHOLD	-1
375	rt4_TMB-5_A18T_2_0374.r24	NEAR	BLOCKED	10983	WITHHOLD	-1
376	rt4_TMB-5_A18T_2_0375.r24	NEAR	BLOCKED	10983	CONFIRM_INSTALL	3
377	rt4_TMB-5_A18T_2_0376.r24	NEAR	BLOCKED	10983	CONFIRM_INSTALL	3
378	rt4_TMB-5_A18T_2_0377.r24	NEAR	BLOCKED	10983	CONFIRM_INSTALL	3
379	rt4_TMB-5_A18T_2_0378.r24	NEAR	BLOCKED	10983	WITHHOLD	-1
380	rt4_TMB-5_A18T_2_0379.r24	NEAR	BLOCKED	10983	WITHHOLD	-1
381	rt4_TMB-5_A18T_2_0380.r24	NEAR	BLOCKED	10983	CONFIRM_INSTALL	3
382	rt4_TMB-5_A18T_2_0381.r24	NEAR	BLOCKED	10983	CONFIRM_INSTALL	3
383	rt4_TMB-5_A18T_2_0382.r24	NEAR	BLOCKED	10983	CONFIRM_INSTALL	3
384	rt4_TMB-5_A18T_2_0383.r24	NEAR	BLOCKED	10983	WITHHOLD	-1
385	rt4_TMB-5_A18T_2_0384.r24	NEAR	BLOCKED	10983	WITHHOLD	-1
386	rt4_TMB-5_A18T_2_0385.r24	NEAR	BLOCKED	10983	CONFIRM_INSTALL	3
387	rt4_TMB-5_A18T_2_0386.r24	NEAR	BLOCKED	10983	CONFIRM_INSTALL	3
388	rt4_TMB-5_A18T_2_0387.r24	NEAR	BLOCKED	10983	CONFIRM_INSTALL	3
389	rt4_TMB-5_A18T_2_0388.r24	NEAR	BLOCKED	10983	WITHHOLD	-1
390	rt4_TMB-5_A18T_2_0389.r24	NEAR	BLOCKED	10983	WITHHOLD	-1
391	rt4_TMB-5_A18T_2_0390.r24	NEAR	BLOCKED	10983	CONFIRM_INSTALL	3
392	rt4_TMB-5_A18T_2_0391.r24	NEAR	BLOCKED	10983	CONFIRM_INSTALL	3
393	rt4_TMB-5_A18T_2_0392.r24	NEAR	BLOCKED	10983	CONFIRM_INSTALL	3
394	rt4_TMB-5_A18T_2_0393.r24	NEAR	BLOCKED	10983	WITHHOLD	-1
395	rt4_TMB-5_A18T_2_0394.r24	NEAR	BLOCKED	10983	WITHHOLD	-1
396	rt4_TMB-5_A18T_2_0395.r24	NEAR	BLOCKED	10983	CONFIRM_INSTALL	3
397	rt4_TMB-5_A18T_2_0396.r24	NEAR	BLOCKED	10983	CONFIRM_INSTALL	3
398	rt4_TMB-5_A18T_2_0397.r24	NEAR	BLOCKED	10983	CONFIRM_INSTALL	3
399	rt4_TMB-5_A18T_2_0398.r24	NEAR	BLOCKED	10983	WITHHOLD	-1
400	rt4_TMB-5_A18T_2_0399.r24	NEAR	BLOCKED	10983	WITHHOLD	-1
401	rt4_TMB-5_A18T_2_0400.r24	NEAR	BLOCKED	10983	CONFIRM_INSTALL	3
402	rt4_TMB-5_A18T_2_0401.r24	NEAR	BLOCKED	10983	CONFIRM_INSTALL	3
403	rt4_TMB-5_A18T_2_0402.r24	NEAR	BLOCKED	10983	CONFIRM_INSTALL	3
404	rt4_TMB-5_A18T_2_0403.r24	NEAR	BLOCKED	10983	WITHHOLD	-1
405	rt4_TMB-5_A18T_2_0404.r24	NEAR	BLOCKED	10983	WITHHOLD	-1
406	rt4_TMB-5_A18T_2_0405.r24	NEAR	BLOCKED	10983	CONFIRM_INSTALL	3
407	rt4_TMB-5_A18T_2_0406.r24	NEAR	BLOCKED	10983	CONFIRM_INSTALL	3
408	rt4_TMB-5_A18T_2_0407.r24	NEAR	BLOCKED	10983	CONFIRM_INSTALL	3
409	rt4_TMB-5_A18T_2_0408.r24	NEAR	BLOCKED	10983	WITHHOLD	-1
410	rt4_TMB-5_A18T_2_0409.r24	NEAR	BLOCKED	10983	WITHHOLD	-1
411	rt4_TMB-5_A18T_2_0410.r24	NEAR	BLOCKED	10983	CONFIRM_INSTALL	3
412	rt4_TMB-5_A18T_2_0411.r24	NEAR	BLOCKED	10983	CONFIRM_INSTALL	3
413	rt4_TMB-5_A18T_2_0412.r24	NEAR	BLOCKED	10983	CONFIRM_INSTALL	3
414	rt4_TMB-5_A18T_2_0413.r24	NEAR	BLOCKED	10983	WITHHOLD	-1
415	rt4_TMB-5_A18T_2_0414.r24	NEAR	BLOCKED	10983	WITHHOLD	-1
416	rt4_TMB-5_A18T_2_0415.r24	NEAR	BLOCKED	10983	CONFIRM_INSTALL	3
417	rt4_TMB-5_A18T_2_0416.r24	NEAR	BLOCKED	10983	CONFIRM_INSTALL	3
418	rt4_TMB-5_A18T_2_0417.r24	NEAR	BLOCKED	10983	CONFIRM_INSTALL	3
419	rt4_TMB-5_A18T_2_0418.r24	NEAR	BLOCKED	10983	WITHHOLD	-1
420	rt4_TMB-5_A18T_2_0419.r24	NEAR	BLOCKED	10983	WITHHOLD	-1
421	rt4_TMB-5_A18T_2_0420.r24	NEAR	BLOCKED	10983	CONFIRM_INSTALL	3
422	rt4_TMB-5_A18T_2_0421.r24	NEAR	BLOCKED	10983	CONFIRM_INSTALL	3
423	rt4_TMB-5_A18T_2_0422.r24	NEAR	BLOCKED	10983	CONFIRM_INSTALL	3
424	rt4_TMB-5_A18T_2_0423.r24	NEAR	BLOCKED	10983	WITHHOLD	-1
425	rt4_TMB-5_A18T_2_0424.r24	NEAR	BLOCKED	10983	WITHHOLD	-1
426	rt4_TMB-5_A18T_2_0425.r24	NEAR	BLOCKED	10983	CONFIRM_INSTALL	3
427	rt4_TMB-5_A18T_2_0426.r24	NEAR	BLOCKED	10983	CONFIRM_INSTALL	3
428	rt4_TMB-5_A18T_2_0427.r24	NEAR	BLOCKED	10983	CONFIRM_INSTALL	3
429	rt4_TMB-5_A18T_2_0428.r24	NEAR	BLOCKED	10983	WITHHOLD	-1
430	rt4_TMB-5_A18T_2_0429.r24	NEAR	BLOCKED	10983	WITHHOLD	-1
431	rt4_TMB-5_A18T_2_0430.r24	NEAR	BLOCKED	10983	CONFIRM_INSTALL	3
432	rt4_TMB-5_A18T_2_0431.r24	NEAR	BLOCKED	10983	CONFIRM_INSTALL	3
433	rt4_TMB-5_A18T_2_0432.r24	NEAR	BLOCKED	10983	CONFIRM_INSTALL	3
434	rt4_TMB-5_A18T_2_0433.r24	NEAR	BLOCKED	10983	WITHHOLD	-1
435	rt4_TMB-5_A18T_2_0434.r24	NEAR	BLOCKED	10983	WITHHOLD	-1
436	rt4_TMB-5_A18T_2_0435.r24	NEAR	BLOCKED	10983	CONFIRM_INSTALL	3
437	rt4_TMB-5_A18T_2_0436.r24	NEAR	BLOCKED	10983	CONFIRM_INSTALL	3
438	rt4_TMB-5_A18T_2_0437.r24	NEAR	BLOCKED	10983	CONFIRM_INSTALL	3
439	rt4_TMB-5_A18T_2_0438.r24	NEAR	BLOCKED	10983	WITHHOLD	-1
440	rt4_TMB-5_A18T_2_0439.r24	NEAR	BLOCKED	10983	WITHHOLD	-1
441	rt4_TMB-5_A18T_2_0440.r24	NEAR	BLOCKED	10983	CONFIRM_INSTALL	3
442	rt4_TMB-5_A18T_2_0441.r24	NEAR	BLOCKED	10983	CONFIRM_INSTALL	3
443	rt4_TMB-5_A18T_2_0442.r24	NEAR	BLOCKED	10983	CONFIRM_INSTALL	3
444	rt4_TMB-5_A18T_2_0443.r24	NEAR	BLOCKED	10983	WITHHOLD	-1
445	rt4_TMB-5_A18T_2_0444.r24	NEAR	BLOCKED	10983	WITHHOLD	-1
446	rt4_TMB-5_A18T_2_0445.r24	NEAR	BLOCKED	10983	CONFIRM_INSTALL	3
447	rt4_TMB-5_A18T_2_0446.r24	NEAR	BLOCKED	10983	CONFIRM_INSTALL	3
448	rt4_TMB-5_A18T_2_0447.r24	NEAR	BLOCKED	10983	CONFIRM_INSTALL	3
449	rt4_TMB-5_A18T_2_0448.r24	NEAR	BLOCKED	10983	WITHHOLD	-1
450	rt4_TMB-5_A18T_2_0449.r24	NEAR	BLOCKED	10983	WITHHOLD	-1
451	rt4_TMB-5_A18T_2_0450.r24	NEAR	BLOCKED	10983	CONFIRM_INSTALL	3
452	rt4_TMB-5_A18T_2_0451.r24	NEAR	BLOCKED	10983	CONFIRM_INSTALL	3
453	rt4_TMB-5_A18T_2_0452.r24	NEAR	BLOCKED	10983	CONFIRM_INSTALL	3
454	rt4_TMB-5_A18T_2_0453.r24	NEAR	BLOCKED	10983	WITHHOLD	-1
455	rt4_TMB-5_A18T_2_0454.r24	NEAR	BLOCKED	10983	WITHHOLD	-1
456	rt4_TMB-5_A18T_2_0455.r24	NEAR	BLOCKED	10983	CONFIRM_INSTALL	3
457	rt4_TMB-5_A18T_2_0456.r24	NEAR	BLOCKED	10983	CONFIRM_INSTALL	3
458	rt4_TMB-5_A18T_2_0457.r24	NEAR	BLOCKED	10983	CONFIRM_INSTALL	3
459	rt4_TMB-5_A18T_2_0458.r24	NEAR	BLOCKED	10983	WITHHOLD	-1
460	rt4_TMB-5_A18T_2_0459.r24	NEAR	BLOCKED	10983	WITHHOLD	-1
461	rt4_TMB-5_A18T_2_0460.r24	NEAR	BLOCKED	10983	CONFIRM_INSTALL	3
462	rt4_TMB-5_A18T_2_0461.r24	NEAR	BLOCKED	10983	CONFIRM_INSTALL	3
463	rt4_TMB-5_A18T_2_0462.r24	NEAR	BLOCKED	10983	CONFIRM_INSTALL	3
464	rt4_TMB-5_A18T_2_0463.r24	NEAR	BLOCKED	10983	WITHHOLD	-1
465	rt4_TMB-5_A18T_2_0464.r24	NEAR	BLOCKED	10983	WITHHOLD	-1
466	rt4_TMB-5_A18T_2_0465.r24	NEAR	BLOCKED	10983	CONFIRM_INSTALL	3
467	rt4_TMB-5_A18T_2_0466.r24	NEAR	BLOCKED	10983	CONFIRM_INSTALL	3
468	rt4_TMB-5_A18T_2_0467.r24	NEAR	BLOCKED	10983	CONFIRM_INSTALL	3
469	rt4_TMB-5_A18T_2_0468.r24	NEAR	BLOCKED	10983	WITHHOLD	-1
470	rt4_TMB-5_A18T_2_0469.r24	NEAR	BLOCKED	10983	WITHHOLD	-1
471	rt4_TMB-5_A18T_2_0470.r24	NEAR	BLOCKED	10983	CONFIRM_INSTALL	3
472	rt4_TMB-5_A18T_2_0471.r24	NEAR	BLOCKED	10983	CONFIRM_INSTALL	3
473	rt4_TMB-5_A18T_2_0472.r24	NEAR	BLOCKED	10983	CONFIRM_INSTALL	3
474	rt4_TMB-5_A18T_2_0473.r24	NEAR	BLOCKED	10983	WITHHOLD	-1
475	rt4_TMB-5_A18T_2_0474.r24	NEAR	BLOCKED	10983	WITHHOLD	-1
476	rt4_TMB-5_A18T_2_0475.r24	NEAR	BLOCKED	10983	CONFIRM_INSTALL	3
477	rt4_TMB-5_A18T_2_0476.r24	NEAR	BLOCKED	10983	CONFIRM_INSTALL	3
478	rt4_TMB-5_A18T_2_0477.r24	NEAR	BLOCKED	10983	CONFIRM_INSTALL	3
479	rt4_TMB-5_A18T_2_0478.r24	NEAR	BLOCKED	10983	WITHHOLD	-1
480	rt4_TMB-5_A18T_2_0479.r24	NEAR	BLOCKED	10983	WITHHOLD	-1
481	rt4_TMB-5_A18T_2_0480.r24	NEAR	BLOCKED	10983	CONFIRM_INSTALL	3
482	rt4_TMB-5_A18T_2_0481.r24	NEAR	BLOCKED	10983	CONFIRM_INSTALL	3
483	rt4_TMB-5_A18T_2_0482.r24	NEAR	BLOCKED	10983	CONFIRM_INSTALL	3
484	rt4_TMB-5_A18T_2_0483.r24	NEAR	BLOCKED	10983	WITHHOLD	-1
485	rt4_TMB-5_A18T_2_0484.r24	NEAR	BLOCKED	10983	WITHHOLD	-1
486	rt4_TMB-5_A18T_2_0485.r24	NEAR	BLOCKED	10983	CONFIRM_INSTALL	3
487	rt4_TMB-5_A18T_2_0486.r24	NEAR	BLOCKED	10983	CONFIRM_INSTALL	3
488	rt4_TMB-5_A18T_2_0487.r24	NEAR	BLOCKED	10983	CONFIRM_INSTALL	3
489	rt4_TMB-5_A18T_2_0488.r24	NEAR	BLOCKED	10983	WITHHOLD	-1
490	rt4_TMB-5_A18T_2_0489.r24	NEAR	BLOCKED	10983	WITHHOLD	-1
491	rt4_TMB-5_A18T_2_0490.r24	NEAR	BLOCKED	10983	CONFIRM_INSTALL	3
492	rt4_TMB-5_A18T_2_0491.r24	NEAR	BLOCKED	10983	CONFIRM_INSTALL	3
493	rt4_TMB-5_A18T_2_0492.r24	NEAR	BLOCKED	10983	CONFIRM_INSTALL	3
494	rt4_TMB-5_A18T_2_0493.r24	NEAR	BLOCKED	10983	WITHHOLD	-1
495	rt4_TMB-5_A18T_2_0494.r24	NEAR	BLOCKED	10983	WITHHOLD	-1
496	rt4_TMB-5_A18T_2_0495.r24	NEAR	BLOCKED	10983	CONFIRM_INSTALL	3
497	rt4_TMB-5_A18T_2_0496.r24	NEAR	BLOCKED	10983	CONFIRM_INSTALL	3
498	rt4_TMB-5_A18T_2_0497.r24	NEAR	BLOCKED	10983	CONFIRM_INSTALL	3
499	rt4_TMB-5_A18T_2_0498.r24	NEAR	BLOCKED	10983	WITHHOLD	-1
500	rt4_TMB-5_A18T_2_0499.r24	NEAR	BLOCKED	10983	WITHHOLD	-1
SETSUM NEAR n=500 blocked=500 confirmed=300 withheld=200
SETSUM FAR n=0 blocked=0
SETSUM BACKTEST n=0 blocked=0
BACKTEST false_blocked=0 false_withheld=0 false_escaped=0 true_blocked=0
DELAYBAR delayed_gt50=200 over=500
HIST 0=0 1-3=300 4-10=0 11-50=0 51-100=0 101-300=0 301+=0 WITHHELD=200
SERIAL delayed_gt50=490
SANITY MISMATCH
