1	rt4_TMB-5_MAP_g_5000.r24	BACKTEST	BLOCKED	10983	WITHHOLD	-1
2	rt4_TMB-5_MAP_g_5001.r24	BACKTEST	BLOCKED	10983	WITHHOLD	-1
3	rt4_TMB-5_MAP_g_5002.r24	BACKTEST	BLOCKED	10983	WITHHOLD	-1
4	rt4_TMB-5_MAP_g_5003.r24	BACKTEST	BLOCKED	10983	WITHHOLD	-1
5	rt4_TMB-5_MAP_g_5004.r24	BACKTEST	BLOCKED	10983	WITHHOLD	-1
6	rt4_TMB-5_MAP_g_5005.r24	BACKTEST	BLOCKED	10983	WITHHOLD	-1
7	rt4_TMB-5_MAP_g_5006.r24	BACKTEST	BLOCKED	10983	WITHHOLD	-1
8	rt4_TMB-5_MAP_g_5007.r24	BACKTEST	BLOCKED	10983	WITHHOLD	-1
9	rt4_TMB-5_MAP_g_5008.r24	BACKTEST	BLOCKED	10983	WITHHOLD	-1
10	rt4_TMB-5_MAP_g_5009.r24	BACKTEST	BLOCKED	10983	WITHHOLD	-1
11	rt4_TMB-5_MAP_g_5010.r24	BACKTEST	BLOCKED	10983	WITHHOLD	-1
12	rt4_TMB-5_MAP_g_5011.r24	BACKTEST	BLOCKED	10983	WITHHOLD	-1
13	rt4_TMB-5_MAP_g_5012.r24	BACKTEST	BLOCKED	10983	WITHHOLD	-1
14	rt4_TMB-5_MAP_g_5013.r24	BACKTEST	BLOCKED	10983	WITHHOLD	-1
15	rt4_TMB-5_MAP_g_5014.r24	BACKTEST	BLOCKED	10983	WITHHOLD	-1
16	rt4_TMB-5_MAP_g_5015.r24	BACKTEST	BLOCKED	10983	WITHHOLD	-1
17	rt4_TMB-5_MAP_g_5016.r24	BACKTEST	BLOCKED	10983	WITHHOLD	-1
18	rt4_TMB-5_MAP_g_5017.r24	BACKTEST	BLOCKED	10983	WITHHOLD	-1
19	rt4_TMB-5_MAP_g_5018.r24	BACKTEST	BLOCKED	10983	WITHHOLD	-1
20	rt4_TMB-5_MAP_g_5019.r24	BACKTEST	BLOCKED	10983	WITHHOLD	-1
21	rt4_TMB-5_MAP_g_5020.r24	BACKTEST	BLOCKED	10983	WITHHOLD	-1
22	rt4_TMB-5_MAP_g_5021.r24	BACKTEST	BLOCKED	10983	WITHHOLD	-1
23	rt4_TMB-5_MAP_g_5022.r24	BACKTEST	BLOCKED	10983	WITHHOLD	-1
24	rt4_TMB-5_MAP_g_5023.r24	BACKTEST	BLOCKED	10983	WITHHOLD	-1
25	rt4_TMB-5_MAP_g_5024.r24	BACKTEST	BLOCKED	10983	WITHHOLD	-1
26	rt4_TMB-5_MAP_g_5025.r24	BACKTEST	BLOCKED	10983	WITHHOLD	-1
27	rt4_TMB-5_MAP_g_5026.r24	BACKTEST	BLOCKED	10983	WITHHOLD	-1
28	rt4_TMB-5_MAP_g_5027.r24	BACKTEST	BLOCKED	10983	WITHHOLD	-1
29	rt4_TMB-5_MAP_g_5028.r24	BACKTEST	BLOCKED	10983	WITHHOLD	-1
30	rt4_TMB-5_MAP_g_5029.r24	BACKTEST	BLOCKED	10983	WITHHOLD	-1
31	rt4_TMB-5_MAP_g_5030.r24	BACKTEST	BLOCKED	10983	WITHHOLD	-1
32	rt4_TMB-5_MAP_g_5031.r24	BACKTEST	BLOCKED	10983	WITHHOLD	-1
33	rt4_TMB-5_MAP_g_5032.r24	BACKTEST	BLOCKED	10983	WITHHOLD	-1
34	rt4_TMB-5_MAP_g_5033.r24	BACKTEST	BLOCKED	10983	CONFIRM_INSTALL	3
35	rt4_TMB-5_MAP_g_5034.r24	BACKTEST	BLOCKED	10983	WITHHOLD	-1
36	rt4_TMB-5_MAP_g_5035.r24	BACKTEST	BLOCKED	10983	WITHHOLD	-1
37	rt4_TMB-5_MAP_g_5036.r24	BACKTEST	BLOCKED	10983	WITHHOLD	-1
38	rt4_TMB-5_MAP_g_5037.r24	BACKTEST	BLOCKED	10983	WITHHOLD	-1
39	rt4_TMB-5_MAP_g_5038.r24	BACKTEST	BLOCKED	10983	WITHHOLD	-1
40	rt4_TMB-5_MAP_g_5039.r24	BACKTEST	BLOCKED	10983	WITHHOLD	-1
41	rt4_TMB-5_MAP_g_5040.r24	BACKTEST	BLOCKED	10983	WITHHOLD	-1
42	rt4_TMB-5_MAP_g_5041.r24	BACKTEST	BLOCKED	10983	WITHHOLD	-1
43	rt4_TMB-5_MAP_g_5042.r24	BACKTEST	BLOCKED	10983	WITHHOLD	-1
44	rt4_TMB-5_MAP_g_5043.r24	BACKTEST	BLOCKED	10983	WITHHOLD	-1
45	rt4_TMB-5_MAP_g_5044.r24	BACKTEST	BLOCKED	10983	WITHHOLD	-1
46	rt4_TMB-5_MAP_g_5045.r24	BACKTEST	BLOCKED	10983	WITHHOLD	-1
47	rt4_TMB-5_MAP_g_5046.r24	BACKTEST	BLOCKED	10983	WITHHOLD	-1
48	rt4_TMB-5_MAP_g_5047.r24	BACKTEST	BLOCKED	10983	WITHHOLD	-1
49	rt4_TMB-5_MAP_g_5048.r24	BACKTEST	BLOCKED	10983	WITHHOLD	-1
50	rt4_TMB-5_MAP_g_5049.r24	BACKTEST	BLOCKED	10983	WITHHOLD	-1
51	rt4_TMB-5_MAP_g_5050.r24	BACKTEST	BLOCKED	10983	WITHHOLD	-1
52	rt4_TMB-5_MAP_g_5051.r24	BACKTEST	BLOCKED	10983	WITHHOLD	-1
53	rt4_TMB-5_MAP_g_5052.r24	BACKTEST	BLOCKED	10983	WITHHOLD	-1
54	rt4_TMB-5_MAP_g_5053.r24	BACKTEST	BLOCKED	10983	WITHHOLD	-1
55	rt4_TMB-5_MAP_g_5054.r24	BACKTEST	BLOCKED	10983	WITHHOLD	-1
56	rt4_TMB-5_MAP_g_5055.r24	BACKTEST	BLOCKED	10983	WITHHOLD	-1
57	rt4_TMB-5_MAP_g_5056.r24	BACKTEST	BLOCKED	10983	WITHHOLD	-1
58	rt4_TMB-5_MAP_g_5057.r24	BACKTEST	BLOCKED	10983	WITHHOLD	-1
59	rt4_TMB-5_MAP_g_5058.r24	BACKTEST	BLOCKED	10983	CONFIRM_INSTALL	3
60	rt4_TMB-5_MAP_g_5059.r24	BACKTEST	BLOCKED	10983	WITHHOLD	-1
61	rt4_TMB-5_MAP_g_5060.r24	BACKTEST	BLOCKED	10983	WITHHOLD	-1
62	rt4_TMB-5_MAP_g_5061.r24	BACKTEST	BLOCKED	10983	WITHHOLD	-1
63	rt4_TMB-5_MAP_g_5062.r24	BACKTEST	BLOCKED	10983	WITHHOLD	-1
64	rt4_TMB-5_MAP_g_5063.r24	BACKTEST	BLOCKED	10983	WITHHOLD	-1
65	rt4_TMB-5_MAP_g_5064.r24	BACKTEST	BLOCKED	10983	WITHHOLD	-1
66	rt4_TMB-5_MAP_g_5065.r24	BACKTEST	BLOCKED	10983	WITHHOLD	-1
67	rt4_TMB-5_MAP_g_5066.r24	BACKTEST	BLOCKED	10983	WITHHOLD	-1
68	rt4_TMB-5_MAP_g_5067.r24	BACKTEST	BLOCKED	10983	WITHHOLD	-1
69	rt4_TMB-5_MAP_g_5068.r24	BACKTEST	BLOCKED	10983	WITHHOLD	-1
70	rt4_TMB-5_MAP_g_5069.r24	BACKTEST	BLOCKED	10983	WITHHOLD	-1
71	rt4_TMB-5_MAP_g_5070.r24	BACKTEST	BLOCKED	10983	WITHHOLD	-1
72	rt4_TMB-5_MAP_g_5071.r24	BACKTEST	BLOCKED	10983	WITHHOLD	-1
73	rt4_TMB-5_MAP_g_5072.r24	BACKTEST	BLOCKED	10983	WITHHOLD	-1
74	rt4_TMB-5_MAP_g_5073.r24	BACKTEST	BLOCKED	10983	WITHHOLD	-1
75	rt4_TMB-5_MAP_g_5074.r24	BACKTEST	BLOCKED	10983	WITHHOLD	-1
76	rt4_TMB-5_MAP_g_5075.r24	BACKTEST	BLOCKED	10983	WITHHOLD	-1
77	rt4_TMB-5_MAP_g_5076.r24	BACKTEST	BLOCKED	10983	WITHHOLD	-1
78	rt4_TMB-5_MAP_g_5077.r24	BACKTEST	BLOCKED	10983	WITHHOLD	-1
79	rt4_TMB-5_MAP_g_5078.r24	BACKTEST	BLOCKED	10983	WITHHOLD	-1
80	rt4_TMB-5_MAP_g_5079.r24	BACKTEST	BLOCKED	10983	WITHHOLD	-1
81	rt4_TMB-5_MAP_g_5080.r24	BACKTEST	BLOCKED	10983	WITHHOLD	-1
82	rt4_TMB-5_MAP_g_5081.r24	BACKTEST	BLOCKED	10983	WITHHOLD	-1
83	rt4_TMB-5_MAP_g_5082.r24	BACKTEST	BLOCKED	10983	WITHHOLD	-1
84	rt4_TMB-5_MAP_g_5083.r24	BACKTEST	BLOCKED	10983	CONFIRM_INSTALL	3
85	rt4_TMB-5_MAP_g_5084.r24	BACKTEST	BLOCKED	10983	WITHHOLD	-1
86	rt4_TMB-5_MAP_g_5085.r24	BACKTEST	BLOCKED	10983	WITHHOLD	-1
87	rt4_TMB-5_MAP_g_5086.r24	BACKTEST	BLOCKED	10983	WITHHOLD	-1
88	rt4_TMB-5_MAP_g_5087.r24	BACKTEST	BLOCKED	10983	WITHHOLD	-1
89	rt4_TMB-5_MAP_g_5088.r24	BACKTEST	BLOCKED	10983	WITHHOLD	-1
90	rt4_TMB-5_MAP_g_5089.r24	BACKTEST	BLOCKED	10983	WITHHOLD	-1
91	rt4_TMB-5_MAP_g_5090.r24	BACKTEST	BLOCKED	10983	WITHHOLD	-1
92	rt4_TMB-5_MAP_g_5091.r24	BACKTEST	BLOCKED	10983	WITHHOLD	-1
93	rt4_TMB-5_MAP_g_5092.r24	BACKTEST	BLOCKED	10983	WITHHOLD	-1
94	rt4_TMB-5_MAP_g_5093.r24	BACKTEST	BLOCKED	10983	WITHHOLD	-1
95	rt4_TMB-5_MAP_g_5094.r24	BACKTEST	BLOCKED	10983	WITHHOLD	-1
96	rt4_TMB-5_MAP_g_5095.r24	BACKTEST	BLOCKED	10983	WITHHOLD	-1
97	rt4_TMB-5_MAP_g_5096.r24	BACKTEST	BLOCKED	10983	WITHHOLD	-1
98	rt4_TMB-5_MAP_g_5097.r24	BACKTEST	BLOCKED	10983	WITHHOLD	-1
99	rt4_TMB-5_MAP_g_5098.r24	BACKTEST	BLOCKED	10983	WITHHOLD	-1
100	rt4_TMB-5_MAP_g_5099.r24	BACKTEST	BLOCKED	10983	WITHHOLD	-1
101	rt4_TMB-5_MAP_g_5100.r24	BACKTEST	BLOCKED	10983	WITHHOLD	-1
102	rt4_TMB-5_MAP_g_5101.r24	BACKTEST	BLOCKED	10983	WITHHOLD	-1
103	rt4_TMB-5_MAP_g_5102.r24	BACKTEST	BLOCKED	10983	WITHHOLD	-1
104	rt4_TMB-5_MAP_g_5103.r24	BACKTEST	BLOCKED	10983	WITHHOLD	-1
105	rt4_TMB-5_MAP_g_5104.r24	BACKTEST	BLOCKED	10992	WITHHOLD	-1
106	rt4_TMB-5_MAP_g_5105.r24	BACKTEST	BLOCKED	10992	WITHHOLD	-1
107	rt4_TMB-5_MAP_g_5106.r24	BACKTEST	ALLOWED	-	-	0
108	rt4_TMB-5_MAP_g_5107.r24	BACKTEST	ALLOWED	-	-	0
109	rt4_TMB-5_MAP_g_5108.r24	BACKTEST	ALLOWED	-	-	0
110	rt4_TMB-5_MAP_g_5109.r24	BACKTEST	ALLOWED	-	-	0
111	rt4_TMB-5_MAP_g_5110.r24	BACKTEST	ALLOWED	-	-	0
112	rt4_TMB-5_MAP_g_5111.r24	BACKTEST	BLOCKED	10983	WITHHOLD	-1
113	rt4_TMB-5_MAP_g_5112.r24	BACKTEST	BLOCKED	10983	WITHHOLD	-1
114	rt4_TMB-5_MAP_g_5113.r24	BACKTEST	BLOCKED	10983	WITHHOLD	-1
115	rt4_TMB-5_MAP_g_5114.r24	BACKTEST	BLOCKED	10983	WITHHOLD	-1
116	rt4_TMB-5_MAP_g_5115.r24	BACKTEST	BLOCKED	10983	WITHHOLD	-1
117	rt4_TMB-5_MAP_g_5116.r24	BACKTEST	BLOCKED	10983	WITHHOLD	-1
118	rt4_TMB-5_MAP_g_5117.r24	BACKTEST	BLOCKED	10983	WITHHOLD	-1
119	rt4_TMB-5_MAP_g_5118.r24	BACKTEST	BLOCKED	10983	WITHHOLD	-1
120	rt4_TMB-5_MAP_g_5119.r24	BACKTEST	BLOCKED	10983	WITHHOLD	-1
121	rt4_TMB-5_MAP_g_5120.r24	BACKTEST	BLOCKED	10983	WITHHOLD	-1
122	rt4_TMB-5_MAP_g_5121.r24	BACKTEST	BLOCKED	10983	WITHHOLD	-1
123	rt4_TMB-5_MAP_g_5122.r24	BACKTEST	BLOCKED	10983	WITHHOLD	-1
124	rt4_TMB-5_MAP_g_5123.r24	BACKTEST	BLOCKED	10983	WITHHOLD	-1
125	rt4_TMB-5_MAP_g_5124.r24	BACKTEST	BLOCKED	10983	WITHHOLD	-1
126	rt4_TMB-5_MAP_g_5125.r24	BACKTEST	BLOCKED	10983	WITHHOLD	-1
127	rt4_TMB-5_MAP_g_5126.r24	BACKTEST	BLOCKED	10983	WITHHOLD	-1
128	rt4_TMB-5_MAP_g_5127.r24	BACKTEST	BLOCKED	10983	WITHHOLD	-1
129	rt4_TMB-5_MAP_g_5128.r24	BACKTEST	BLOCKED	10983	WITHHOLD	-1
130	rt4_TMB-5_MAP_g_5129.r24	BACKTEST	BLOCKED	10983	WITHHOLD	-1
131	rt4_TMB-5_MAP_g_5130.r24	BACKTEST	BLOCKED	10983	WITHHOLD	-1
132	rt4_TMB-5_MAP_g_5131.r24	BACKTEST	BLOCKED	10983	WITHHOLD	-1
133	rt4_TMB-5_MAP_g_5132.r24	BACKTEST	BLOCKED	10983	WITHHOLD	-1
134	rt4_TMB-5_MAP_g_5133.r24	BACKTEST	BLOCKED	10983	WITHHOLD	-1
135	rt4_TMB-5_MAP_g_5134.r24	BACKTEST	BLOCKED	10983	WITHHOLD	-1
136	rt4_TMB-5_MAP_g_5135.r24	BACKTEST	BLOCKED	10983	WITHHOLD	-1
137	rt4_TMB-5_MAP_g_5136.r24	BACKTEST	BLOCKED	10983	WITHHOLD	-1
138	rt4_TMB-5_MAP_g_5137.r24	BACKTEST	BLOCKED	10983	WITHHOLD	-1
139	rt4_TMB-5_MAP_g_5138.r24	BACKTEST	BLOCKED	10983	WITHHOLD	-1
140	rt4_TMB-5_MAP_g_5139.r24	BACKTEST	BLOCKED	10983	WITHHOLD	-1
141	rt4_TMB-5_MAP_g_5140.r24	BACKTEST	BLOCKED	10983	WITHHOLD	-1
142	rt4_TMB-5_MAP_g_5141.r24	BACKTEST	BLOCKED	10983	WITHHOLD	-1
143	rt4_TMB-5_MAP_g_5142.r24	BACKTEST	BLOCKED	10983	WITHHOLD	-1
144	rt4_TMB-5_MAP_g_5143.r24	BACKTEST	BLOCKED	10983	WITHHOLD	-1
145	rt4_TMB-5_MAP_g_5144.r24	BACKTEST	BLOCKED	10983	WITHHOLD	-1
146	rt4_TMB-5_MAP_g_5145.r24	BACKTEST	BLOCKED	10983	WITHHOLD	-1
147	rt4_TMB-5_MAP_g_5146.r24	BACKTEST	BLOCKED	10983	WITHHOLD	-1
148	rt4_TMB-5_MAP_g_5147.r24	BACKTEST	BLOCKED	10983	WITHHOLD	-1
149	rt4_TMB-5_MAP_g_5148.r24	BACKTEST	BLOCKED	10983	WITHHOLD	-1
150	rt4_TMB-5_MAP_g_5149.r24	BACKTEST	BLOCKED	10983	WITHHOLD	-1
151	rt4_TMB-5_MAP_g_5150.r24	BACKTEST	BLOCKED	10983	WITHHOLD	-1
152	rt4_TMB-5_MAP_g_5151.r24	BACKTEST	BLOCKED	10983	WITHHOLD	-1
153	rt4_TMB-5_MAP_g_5152.r24	BACKTEST	BLOCKED	10983	WITHHOLD	-1
154	rt4_TMB-5_MAP_g_5153.r24	BACKTEST	BLOCKED	10983	WITHHOLD	-1
155	rt4_TMB-5_MAP_g_5154.r24	BACKTEST	BLOCKED	10983	WITHHOLD	-1
156	rt4_TMB-5_MAP_g_5155.r24	BACKTEST	BLOCKED	10983	WITHHOLD	-1
157	rt4_TMB-5_MAP_g_5156.r24	BACKTEST	BLOCKED	10983	WITHHOLD	-1
158	rt4_TMB-5_MAP_g_5157.r24	BACKTEST	BLOCKED	10983	WITHHOLD	-1
159	rt4_TMB-5_MAP_g_5158.r24	BACKTEST	BLOCKED	10983	WITHHOLD	-1
160	rt4_TMB-5_MAP_g_5159.r24	BACKTEST	BLOCKED	10983	WITHHOLD	-1
161	rt4_TMB-5_MAP_g_5160.r24	BACKTEST	BLOCKED	10983	WITHHOLD	-1
162	rt4_TMB-5_MAP_g_5161.r24	BACKTEST	BLOCKED	10983	WITHHOLD	-1
163	rt4_TMB-5_MAP_g_5162.r24	BACKTEST	BLOCKED	10983	WITHHOLD	-1
164	rt4_TMB-5_MAP_g_5163.r24	BACKTEST	BLOCKED	10983	WITHHOLD	-1
165	rt4_TMB-5_MAP_g_5164.r24	BACKTEST	BLOCKED	10983	WITHHOLD	-1
166	rt4_TMB-5_MAP_g_5165.r24	BACKTEST	BLOCKED	10983	WITHHOLD	-1
167	rt4_TMB-5_MAP_g_5166.r24	BACKTEST	BLOCKED	10983	WITHHOLD	-1
168	rt4_TMB-5_MAP_g_5167.r24	BACKTEST	BLOCKED	10983	WITHHOLD	-1
169	rt4_TMB-5_MAP_g_5168.r24	BACKTEST	BLOCKED	10983	WITHHOLD	-1
170	rt4_TMB-5_MAP_g_5169.r24	BACKTEST	BLOCKED	10983	WITHHOLD	-1
171	rt4_TMB-5_MAP_g_5170.r24	BACKTEST	BLOCKED	10983	WITHHOLD	-1
172	rt4_TMB-5_MAP_g_5171.r24	BACKTEST	BLOCKED	10983	WITHHOLD	-1
173	rt4_TMB-5_MAP_g_5172.r24	BACKTEST	BLOCKED	10983	WITHHOLD	-1
174	rt4_TMB-5_MAP_g_5173.r24	BACKTEST	BLOCKED	10983	WITHHOLD	-1
175	rt4_TMB-5_MAP_g_5174.r24	BACKTEST	BLOCKED	10983	WITHHOLD	-1
176	rt4_TMB-5_MAP_g_5175.r24	BACKTEST	BLOCKED	10983	WITHHOLD	-1
177	rt4_TMB-5_MAP_g_5176.r24	BACKTEST	BLOCKED	10983	WITHHOLD	-1
178	rt4_TMB-5_MAP_g_5177.r24	BACKTEST	BLOCKED	10983	WITHHOLD	-1
179	rt4_TMB-5_MAP_g_5178.r24	BACKTEST	BLOCKED	10983	WITHHOLD	-1
180	rt4_TMB-5_MAP_g_5179.r24	BACKTEST	BLOCKED	10983	WITHHOLD	-1
181	rt4_TMB-5_MAP_g_5180.r24	BACKTEST	BLOCKED	10983	WITHHOLD	-1
182	rt4_TMB-5_MAP_g_5181.r24	BACKTEST	BLOCKED	10983	WITHHOLD	-1
183	rt4_TMB-5_MAP_g_5182.r24	BACKTEST	BLOCKED	10983	WITHHOLD	-1
184	rt4_TMB-5_MAP_g_5183.r24	BACKTEST	BLOCKED	10983	WITHHOLD	-1
185	rt4_TMB-5_MAP_g_5184.r24	BACKTEST	BLOCKED	10983	WITHHOLD	-1
186	rt4_TMB-5_MAP_g_5185.r24	BACKTEST	BLOCKED	10983	WITHHOLD	-1
187	rt4_TMB-5_MAP_g_5186.r24	BACKTEST	BLOCKED	10983	WITHHOLD	-1
188	rt4_TMB-5_MAP_g_5187.r24	BACKTEST	BLOCKED	10983	WITHHOLD	-1
189	rt4_TMB-5_MAP_g_5188.r24	BACKTEST	BLOCKED	10983	WITHHOLD	-1
190	rt4_TMB-5_MAP_g_5189.r24	BACKTEST	BLOCKED	10983	WITHHOLD	-1
191	rt4_TMB-5_MAP_g_5190.r24	BACKTEST	BLOCKED	10983	CONFIRM_INSTALL	3
192	rt4_TMB-5_MAP_g_5191.r24	BACKTEST	BLOCKED	10983	WITHHOLD	-1
193	rt4_TMB-5_MAP_g_5192.r24	BACKTEST	BLOCKED	10983	WITHHOLD	-1
194	rt4_TMB-5_MAP_g_5193.r24	BACKTEST	BLOCKED	10983	WITHHOLD	-1
195	rt4_TMB-5_MAP_g_5194.r24	BACKTEST	BLOCKED	10983	WITHHOLD	-1
196	rt4_TMB-5_MAP_g_5195.r24	BACKTEST	BLOCKED	10983	WITHHOLD	-1
197	rt4_TMB-5_MAP_g_5196.r24	BACKTEST	BLOCKED	10983	WITHHOLD	-1
198	rt4_TMB-5_MAP_g_5197.r24	BACKTEST	BLOCKED	10983	WITHHOLD	-1
199	rt4_TMB-5_MAP_g_5198.r24	BACKTEST	BLOCKED	10983	WITHHOLD	-1
200	rt4_TMB-5_MAP_g_5199.r24	BACKTEST	BLOCKED	10983	WITHHOLD	-1
201	rt4_TMB-5_MAP_g_5200.r24	BACKTEST	BLOCKED	10983	WITHHOLD	-1
202	rt4_TMB-5_MAP_g_5201.r24	BACKTEST	BLOCKED	10983	WITHHOLD	-1
203	rt4_TMB-5_MAP_g_5202.r24	BACKTEST	BLOCKED	10983	WITHHOLD	-1
204	rt4_TMB-5_MAP_g_5203.r24	BACKTEST	BLOCKED	10983	WITHHOLD	-1
205	rt4_TMB-5_MAP_g_5204.r24	BACKTEST	BLOCKED	10983	WITHHOLD	-1
206	rt4_TMB-5_MAP_g_5205.r24	BACKTEST	BLOCKED	10983	WITHHOLD	-1
207	rt4_TMB-5_MAP_g_5206.r24	BACKTEST	BLOCKED	10983	WITHHOLD	-1
208	rt4_TMB-5_MAP_g_5207.r24	BACKTEST	BLOCKED	10983	WITHHOLD	-1
209	rt4_TMB-5_MAP_g_5208.r24	BACKTEST	BLOCKED	10983	WITHHOLD	-1
210	rt4_TMB-5_MAP_g_5209.r24	BACKTEST	BLOCKED	10983	WITHHOLD	-1
211	rt4_TMB-5_MAP_g_5210.r24	BACKTEST	BLOCKED	10983	WITHHOLD	-1
212	rt4_TMB-5_MAP_g_5211.r24	BACKTEST	BLOCKED	10983	WITHHOLD	-1
213	rt4_TMB-5_MAP_g_5212.r24	BACKTEST	BLOCKED	10983	WITHHOLD	-1
214	rt4_TMB-5_MAP_g_5213.r24	BACKTEST	BLOCKED	10983	WITHHOLD	-1
215	rt4_TMB-5_MAP_g_5214.r24	BACKTEST	BLOCKED	10983	WITHHOLD	-1
216	rt4_TMB-5_MAP_g_5215.r24	BACKTEST	BLOCKED	10983	WITHHOLD	-1
217	rt4_TMB-5_MAP_g_5216.r24	BACKTEST	BLOCKED	10983	WITHHOLD	-1
218	rt4_TMB-5_MAP_g_5217.r24	BACKTEST	BLOCKED	10983	WITHHOLD	-1
219	rt4_TMB-5_MAP_g_5218.r24	BACKTEST	BLOCKED	10983	WITHHOLD	-1
220	rt4_TMB-5_MAP_g_5219.r24	BACKTEST	BLOCKED	10983	WITHHOLD	-1
221	rt4_TMB-5_MAP_g_5220.r24	BACKTEST	BLOCKED	10983	WITHHOLD	-1
222	rt4_TMB-5_MAP_g_5221.r24	BACKTEST	BLOCKED	10983	WITHHOLD	-1
223	rt4_TMB-5_MAP_g_5222.r24	BACKTEST	BLOCKED	10983	WITHHOLD	-1
224	rt4_TMB-5_MAP_g_5223.r24	BACKTEST	BLOCKED	10983	WITHHOLD	-1
225	rt4_TMB-5_MAP_g_5224.r24	BACKTEST	BLOCKED	10983	WITHHOLD	-1
226	rt4_TMB-5_MAP_g_5225.r24	BACKTEST	BLOCKED	10983	WITHHOLD	-1
227	rt4_TMB-5_MAP_g_5226.r24	BACKTEST	BLOCKED	10983	WITHHOLD	-1
228	rt4_TMB-5_MAP_g_5227.r24	BACKTEST	BLOCKED	10983	WITHHOLD	-1
229	rt4_TMB-5_MAP_g_5228.r24	BACKTEST	BLOCKED	10983	WITHHOLD	-1
230	rt4_TMB-5_MAP_g_5229.r24	BACKTEST	BLOCKED	10983	WITHHOLD	-1
231	rt4_TMB-5_MAP_g_5230.r24	BACKTEST	BLOCKED	10983	CONFIRM_INSTALL	3
232	rt4_TMB-5_MAP_g_5231.r24	BACKTEST	BLOCKED	10983	WITHHOLD	-1
233	rt4_TMB-5_MAP_g_5232.r24	BACKTEST	BLOCKED	10983	WITHHOLD	-1
234	rt4_TMB-5_MAP_g_5233.r24	BACKTEST	BLOCKED	10983	WITHHOLD	-1
235	rt4_TMB-5_MAP_g_5234.r24	BACKTEST	BLOCKED	10983	WITHHOLD	-1
236	rt4_TMB-5_MAP_g_5235.r24	BACKTEST	BLOCKED	10983	WITHHOLD	-1
237	rt4_TMB-5_MAP_g_5236.r24	BACKTEST	BLOCKED	10983	WITHHOLD	-1
238	rt4_TMB-5_MAP_g_5237.r24	BACKTEST	BLOCKED	10983	WITHHOLD	-1
239	rt4_TMB-5_MAP_g_5238.r24	BACKTEST	BLOCKED	10983	WITHHOLD	-1
240	rt4_TMB-5_MAP_g_5239.r24	BACKTEST	BLOCKED	10983	WITHHOLD	-1
241	rt4_TMB-5_MAP_g_5240.r24	BACKTEST	BLOCKED	10983	WITHHOLD	-1
242	rt4_TMB-5_MAP_g_5241.r24	BACKTEST	BLOCKED	10983	WITHHOLD	-1
243	rt4_TMB-5_MAP_g_5242.r24	BACKTEST	BLOCKED	10983	WITHHOLD	-1
244	rt4_TMB-5_MAP_g_5243.r24	BACKTEST	BLOCKED	10983	WITHHOLD	-1
245	rt4_TMB-5_MAP_g_5244.r24	BACKTEST	BLOCKED	10983	WITHHOLD	-1
246	rt4_TMB-5_MAP_g_5245.r24	BACKTEST	BLOCKED	10983	WITHHOLD	-1
247	rt4_TMB-5_MAP_g_5246.r24	BACKTEST	BLOCKED	10983	WITHHOLD	-1
248	rt4_TMB-5_MAP_g_5247.r24	BACKTEST	BLOCKED	10983	WITHHOLD	-1
249	rt4_TMB-5_MAP_g_5248.r24	BACKTEST	BLOCKED	10983	WITHHOLD	-1
250	rt4_TMB-5_MAP_g_5249.r24	BACKTEST	BLOCKED	10983	WITHHOLD	-1
251	rt4_TMB-5_MAP_g_5250.r24	BACKTEST	BLOCKED	10983	WITHHOLD	-1
252	rt4_TMB-5_MAP_g_5251.r24	BACKTEST	BLOCKED	10983	WITHHOLD	-1
253	rt4_TMB-5_MAP_g_5252.r24	BACKTEST	BLOCKED	10983	WITHHOLD	-1
254	rt4_TMB-5_MAP_g_5253.r24	BACKTEST	BLOCKED	10983	WITHHOLD	-1
255	rt4_TMB-5_MAP_g_5254.r24	BACKTEST	BLOCKED	10983	WITHHOLD	-1
256	rt4_TMB-5_MAP_g_5255.r24	BACKTEST	BLOCKED	10983	WITHHOLD	-1
257	rt4_TMB-5_MAP_g_5256.r24	BACKTEST	BLOCKED	10983	WITHHOLD	-1
258	rt4_TMB-5_MAP_g_5257.r24	BACKTEST	BLOCKED	10983	WITHHOLD	-1
259	rt4_TMB-5_MAP_g_5258.r24	BACKTEST	BLOCKED	10983	WITHHOLD	-1
260	rt4_TMB-5_MAP_g_5259.r24	BACKTEST	BLOCKED	10983	WITHHOLD	-1
261	rt4_TMB-5_MAP_g_5260.r24	BACKTEST	BLOCKED	10983	WITHHOLD	-1
262	rt4_TMB-5_MAP_g_5261.r24	BACKTEST	BLOCKED	10983	WITHHOLD	-1
263	rt4_TMB-5_MAP_g_5262.r24	BACKTEST	BLOCKED	10983	WITHHOLD	-1
264	rt4_TMB-5_MAP_g_5263.r24	BACKTEST	BLOCKED	10983	WITHHOLD	-1
265	rt4_TMB-5_MAP_g_5264.r24	BACKTEST	BLOCKED	10983	WITHHOLD	-1
266	rt4_TMB-5_MAP_g_5265.r24	BACKTEST	BLOCKED	10983	CONFIRM_INSTALL	3
267	rt4_TMB-5_MAP_g_5266.r24	BACKTEST	BLOCKED	10983	WITHHOLD	-1
268	rt4_TMB-5_MAP_g_5267.r24	BACKTEST	BLOCKED	10983	WITHHOLD	-1
269	rt4_TMB-5_MAP_g_5268.r24	BACKTEST	BLOCKED	10983	WITHHOLD	-1
270	rt4_TMB-5_MAP_g_5269.r24	BACKTEST	BLOCKED	10983	WITHHOLD	-1
271	rt4_TMB-5_MAP_g_5270.r24	BACKTEST	BLOCKED	10983	WITHHOLD	-1
272	rt4_TMB-5_MAP_g_5271.r24	BACKTEST	BLOCKED	10983	WITHHOLD	-1
273	rt4_TMB-5_MAP_g_5272.r24	BACKTEST	BLOCKED	10983	WITHHOLD	-1
274	rt4_TMB-5_MAP_g_5273.r24	BACKTEST	BLOCKED	10983	WITHHOLD	-1
275	rt4_TMB-5_MAP_g_5274.r24	BACKTEST	BLOCKED	10983	WITHHOLD	-1
276	rt4_TMB-5_MAP_g_5275.r24	BACKTEST	BLOCKED	10983	WITHHOLD	-1
277	rt4_TMB-5_MAP_g_5276.r24	BACKTEST	BLOCKED	10983	WITHHOLD	-1
278	rt4_TMB-5_MAP_g_5277.r24	BACKTEST	BLOCKED	10983	WITHHOLD	-1
279	rt4_TMB-5_MAP_g_5278.r24	BACKTEST	BLOCKED	10983	WITHHOLD	-1
280	rt4_TMB-5_MAP_g_5279.r24	BACKTEST	BLOCKED	10983	WITHHOLD	-1
281	rt4_TMB-5_MAP_g_5280.r24	BACKTEST	BLOCKED	10983	WITHHOLD	-1
282	rt4_TMB-5_MAP_g_5281.r24	BACKTEST	BLOCKED	10983	WITHHOLD	-1
283	rt4_TMB-5_MAP_g_5282.r24	BACKTEST	BLOCKED	10983	WITHHOLD	-1
284	rt4_TMB-5_MAP_g_5283.r24	BACKTEST	BLOCKED	10983	WITHHOLD	-1
285	rt4_TMB-5_MAP_g_5284.r24	BACKTEST	BLOCKED	10983	WITHHOLD	-1
286	rt4_TMB-5_MAP_g_5285.r24	BACKTEST	BLOCKED	10983	WITHHOLD	-1
287	rt4_TMB-5_MAP_g_5286.r24	BACKTEST	BLOCKED	10983	WITHHOLD	-1
288	rt4_TMB-5_MAP_g_5287.r24	BACKTEST	BLOCKED	10983	WITHHOLD	-1
289	rt4_TMB-5_MAP_g_5288.r24	BACKTEST	BLOCKED	10983	WITHHOLD	-1
290	rt4_TMB-5_MAP_g_5289.r24	BACKTEST	BLOCKED	10983	WITHHOLD	-1
291	rt4_TMB-5_MAP_g_5290.r24	BACKTEST	BLOCKED	10983	CONFIRM_INSTALL	3
292	rt4_TMB-5_MAP_g_5291.r24	BACKTEST	BLOCKED	10983	WITHHOLD	-1
293	rt4_TMB-5_MAP_g_5292.r24	BACKTEST	BLOCKED	10983	WITHHOLD	-1
294	rt4_TMB-5_MAP_g_5293.r24	BACKTEST	BLOCKED	10983	WITHHOLD	-1
295	rt4_TMB-5_MAP_g_5294.r24	BACKTEST	BLOCKED	10983	WITHHOLD	-1
296	rt4_TMB-5_MAP_g_5295.r24	BACKTEST	BLOCKED	10983	WITHHOLD	-1
297	rt4_TMB-5_MAP_g_5296.r24	BACKTEST	BLOCKED	10983	WITHHOLD	-1
298	rt4_TMB-5_MAP_g_5297.r24	BACKTEST	BLOCKED	10983	WITHHOLD	-1
299	rt4_TMB-5_MAP_g_5298.r24	BACKTEST	BLOCKED	10983	WITHHOLD	-1
300	rt4_TMB-5_MAP_g_5299.r24	BACKTEST	BLOCKED	10983	WITHHOLD	-1
301	rt4_TMB-5_MAP_g_5300.r24	BACKTEST	BLOCKED	10983	WITHHOLD	-1
302	rt4_TMB-5_MAP_g_5301.r24	BACKTEST	BLOCKED	10983	WITHHOLD	-1
303	rt4_TMB-5_MAP_g_5302.r24	BACKTEST	BLOCKED	10983	WITHHOLD	-1
304	rt4_TMB-5_MAP_g_5303.r24	BACKTEST	BLOCKED	10983	WITHHOLD	-1
305	rt4_TMB-5_MAP_g_5304.r24	BACKTEST	BLOCKED	10983	WITHHOLD	-1
306	rt4_TMB-5_MAP_g_5305.r24	BACKTEST	BLOCKED	10983	WITHHOLD	-1
307	rt4_TMB-5_MAP_g_5306.r24	BACKTEST	BLOCKED	10983	WITHHOLD	-1
308	rt4_TMB-5_MAP_g_5307.r24	BACKTEST	BLOCKED	10983	WITHHOLD	-1
309	rt4_TMB-5_MAP_g_5308.r24	BACKTEST	BLOCKED	10983	WITHHOLD	-1
310	rt4_TMB-5_MAP_g_5309.r24	BACKTEST	BLOCKED	10983	WITHHOLD	-1
311	rt4_TMB-5_MAP_g_5310.r24	BACKTEST	BLOCKED	10983	WITHHOLD	-1
312	rt4_TMB-5_MAP_g_5311.r24	BACKTEST	BLOCKED	10983	WITHHOLD	-1
313	rt4_TMB-5_MAP_g_5312.r24	BACKTEST	BLOCKED	10983	WITHHOLD	-1
314	rt4_TMB-5_MAP_g_5313.r24	BACKTEST	BLOCKED	10983	WITHHOLD	-1
315	rt4_TMB-5_MAP_g_5314.r24	BACKTEST	BLOCKED	10983	WITHHOLD	-1
316	rt4_TMB-5_MAP_g_5315.r24	BACKTEST	BLOCKED	10983	CONFIRM_INSTALL	3
317	rt4_TMB-5_MAP_g_5316.r24	BACKTEST	BLOCKED	10983	WITHHOLD	-1
318	rt4_TMB-5_MAP_g_5317.r24	BACKTEST	BLOCKED	10983	WITHHOLD	-1
319	rt4_TMB-5_MAP_g_5318.r24	BACKTEST	BLOCKED	10983	WITHHOLD	-1
320	rt4_TMB-5_MAP_g_5319.r24	BACKTEST	BLOCKED	10983	WITHHOLD	-1
321	rt4_TMB-5_MAP_g_5320.r24	BACKTEST	BLOCKED	10983	WITHHOLD	-1
322	rt4_TMB-5_MAP_g_5321.r24	BACKTEST	BLOCKED	10983	WITHHOLD	-1
323	rt4_TMB-5_MAP_g_5322.r24	BACKTEST	BLOCKED	10983	WITHHOLD	-1
324	rt4_TMB-5_MAP_g_5323.r24	BACKTEST	BLOCKED	10983	WITHHOLD	-1
325	rt4_TMB-5_MAP_g_5324.r24	BACKTEST	BLOCKED	10983	WITHHOLD	-1
326	rt4_TMB-5_MAP_g_5325.r24	BACKTEST	BLOCKED	10983	WITHHOLD	-1
327	rt4_TMB-5_MAP_g_5326.r24	BACKTEST	BLOCKED	10983	WITHHOLD	-1
328	rt4_TMB-5_MAP_g_5327.r24	BACKTEST	BLOCKED	10983	WITHHOLD	-1
329	rt4_TMB-5_MAP_g_5328.r24	BACKTEST	BLOCKED	10983	WITHHOLD	-1
330	rt4_TMB-5_MAP_g_5329.r24	BACKTEST	BLOCKED	10983	WITHHOLD	-1
331	rt4_TMB-5_MAP_g_5330.r24	BACKTEST	BLOCKED	10983	WITHHOLD	-1
332	rt4_TMB-5_MAP_g_5331.r24	BACKTEST	BLOCKED	10983	WITHHOLD	-1
333	rt4_TMB-5_MAP_g_5332.r24	BACKTEST	BLOCKED	10983	WITHHOLD	-1
334	rt4_TMB-5_MAP_g_5333.r24	BACKTEST	BLOCKED	10983	WITHHOLD	-1
335	rt4_TMB-5_MAP_g_5334.r24	BACKTEST	BLOCKED	10983	WITHHOLD	-1
336	rt4_TMB-5_MAP_g_5335.r24	BACKTEST	BLOCKED	10983	WITHHOLD	-1
337	rt4_TMB-5_MAP_g_5336.r24	BACKTEST	BLOCKED	10992	WITHHOLD	-1
338	rt4_TMB-5_MAP_g_5337.r24	BACKTEST	BLOCKED	10992	WITHHOLD	-1
339	rt4_TMB-5_MAP_g_5338.r24	BACKTEST	ALLOWED	-	-	0
340	rt4_TMB-5_MAP_g_5339.r24	BACKTEST	ALLOWED	-	-	0
341	rt4_TMB-5_MAP_g_5340.r24	BACKTEST	ALLOWED	-	-	0
342	rt4_TMB-5_MAP_g_5341.r24	BACKTEST	ALLOWED	-	-	0
343	rt4_TMB-5_MAP_g_5342.r24	BACKTEST	ALLOWED	-	-	0
344	rt4_TMB-5_MAP_g_5343.r24	BACKTEST	BLOCKED	10983	WITHHOLD	-1
345	rt4_TMB-5_MAP_g_5344.r24	BACKTEST	BLOCKED	10983	WITHHOLD	-1
346	rt4_TMB-5_MAP_g_5345.r24	BACKTEST	BLOCKED	10983	WITHHOLD	-1
347	rt4_TMB-5_MAP_g_5346.r24	BACKTEST	BLOCKED	10983	WITHHOLD	-1
348	rt4_TMB-5_MAP_g_5347.r24	BACKTEST	BLOCKED	10983	WITHHOLD	-1
349	rt4_TMB-5_MAP_g_5348.r24	BACKTEST	BLOCKED	10983	WITHHOLD	-1
350	rt4_TMB-5_MAP_g_5349.r24	BACKTEST	BLOCKED	10983	WITHHOLD	-1
351	rt4_TMB-5_MAP_g_5350.r24	BACKTEST	BLOCKED	10983	WITHHOLD	-1
352	rt4_TMB-5_MAP_g_5351.r24	BACKTEST	BLOCKED	10983	WITHHOLD	-1
353	rt4_TMB-5_MAP_g_5352.r24	BACKTEST	BLOCKED	10983	WITHHOLD	-1
354	rt4_TMB-5_MAP_g_5353.r24	BACKTEST	BLOCKED	10983	WITHHOLD	-1
355	rt4_TMB-5_MAP_g_5354.r24	BACKTEST	BLOCKED	10983	WITHHOLD	-1
356	rt4_TMB-5_MAP_g_5355.r24	BACKTEST	BLOCKED	10983	WITHHOLD	-1
357	rt4_TMB-5_MAP_g_5356.r24	BACKTEST	BLOCKED	10983	WITHHOLD	-1
358	rt4_TMB-5_MAP_g_5357.r24	BACKTEST	BLOCKED	10983	WITHHOLD	-1
359	rt4_TMB-5_MAP_g_5358.r24	BACKTEST	BLOCKED	10983	WITHHOLD	-1
360	rt4_TMB-5_MAP_g_5359.r24	BACKTEST	BLOCKED	10983	WITHHOLD	-1
361	rt4_TMB-5_MAP_g_5360.r24	BACKTEST	BLOCKED	10983	WITHHOLD	-1
362	rt4_TMB-5_MAP_g_5361.r24	BACKTEST	BLOCKED	10983	WITHHOLD	-1
363	rt4_TMB-5_MAP_g_5362.r24	BACKTEST	BLOCKED	10983	WITHHOLD	-1
364	rt4_TMB-5_MAP_g_5363.r24	BACKTEST	BLOCKED	10983	WITHHOLD	-1
365	rt4_TMB-5_MAP_g_5364.r24	BACKTEST	BLOCKED	10983	WITHHOLD	-1
366	rt4_TMB-5_MAP_g_5365.r24	BACKTEST	BLOCKED	10983	WITHHOLD	-1
367	rt4_TMB-5_MAP_g_5366.r24	BACKTEST	BLOCKED	10983	WITHHOLD	-1
368	rt4_TMB-5_MAP_g_5367.r24	BACKTEST	BLOCKED	10983	WITHHOLD	-1
369	rt4_TMB-5_MAP_g_5368.r24	BACKTEST	BLOCKED	10983	WITHHOLD	-1
370	rt4_TMB-5_MAP_g_5369.r24	BACKTEST	BLOCKED	10983	WITHHOLD	-1
371	rt4_TMB-5_MAP_g_5370.r24	BACKTEST	BLOCKED	10983	WITHHOLD	-1
372	rt4_TMB-5_MAP_g_5371.r24	BACKTEST	BLOCKED	10983	WITHHOLD	-1
373	rt4_TMB-5_MAP_g_5372.r24	BACKTEST	BLOCKED	10983	WITHHOLD	-1
374	rt4_TMB-5_MAP_g_5373.r24	BACKTEST	BLOCKED	10983	WITHHOLD	-1
375	rt4_TMB-5_MAP_g_5374.r24	BACKTEST	BLOCKED	10983	WITHHOLD	-1
376	rt4_TMB-5_MAP_g_5375.r24	BACKTEST	BLOCKED	10983	WITHHOLD	-1
377	rt4_TMB-5_MAP_g_5376.r24	BACKTEST	BLOCKED	10983	WITHHOLD	-1
378	rt4_TMB-5_MAP_g_5377.r24	BACKTEST	BLOCKED	10983	WITHHOLD	-1
379	rt4_TMB-5_MAP_g_5378.r24	BACKTEST	BLOCKED	10983	WITHHOLD	-1
380	rt4_TMB-5_MAP_g_5379.r24	BACKTEST	BLOCKED	10983	WITHHOLD	-1
381	rt4_TMB-5_MAP_g_5380.r24	BACKTEST	BLOCKED	10983	WITHHOLD	-1
382	rt4_TMB-5_MAP_g_5381.r24	BACKTEST	BLOCKED	10983	WITHHOLD	-1
383	rt4_TMB-5_MAP_g_5382.r24	BACKTEST	BLOCKED	10983	WITHHOLD	-1
384	rt4_TMB-5_MAP_g_5383.r24	BACKTEST	BLOCKED	10983	WITHHOLD	-1
385	rt4_TMB-5_MAP_g_5384.r24	BACKTEST	BLOCKED	10983	WITHHOLD	-1
386	rt4_TMB-5_MAP_g_5385.r24	BACKTEST	BLOCKED	10983	WITHHOLD	-1
387	rt4_TMB-5_MAP_g_5386.r24	BACKTEST	BLOCKED	10983	WITHHOLD	-1
388	rt4_TMB-5_MAP_g_5387.r24	BACKTEST	BLOCKED	10983	WITHHOLD	-1
389	rt4_TMB-5_MAP_g_5388.r24	BACKTEST	BLOCKED	10983	WITHHOLD	-1
390	rt4_TMB-5_MAP_g_5389.r24	BACKTEST	BLOCKED	10983	WITHHOLD	-1
391	rt4_TMB-5_MAP_g_5390.r24	BACKTEST	BLOCKED	10983	WITHHOLD	-1
392	rt4_TMB-5_MAP_g_5391.r24	BACKTEST	BLOCKED	10983	WITHHOLD	-1
393	rt4_TMB-5_MAP_g_5392.r24	BACKTEST	BLOCKED	10983	WITHHOLD	-1
394	rt4_TMB-5_MAP_g_5393.r24	BACKTEST	BLOCKED	10983	WITHHOLD	-1
395	rt4_TMB-5_MAP_g_5394.r24	BACKTEST	BLOCKED	10983	WITHHOLD	-1
396	rt4_TMB-5_MAP_g_5395.r24	BACKTEST	BLOCKED	10983	WITHHOLD	-1
397	rt4_TMB-5_MAP_g_5396.r24	BACKTEST	BLOCKED	10983	WITHHOLD	-1
398	rt4_TMB-5_MAP_g_5397.r24	BACKTEST	BLOCKED	10983	WITHHOLD	-1
399	rt4_TMB-5_MAP_g_5398.r24	BACKTEST	BLOCKED	10983	WITHHOLD	-1
400	rt4_TMB-5_MAP_g_5399.r24	BACKTEST	BLOCKED	10983	WITHHOLD	-1
401	rt4_TMB-5_MAP_g_5400.r24	BACKTEST	BLOCKED	10983	WITHHOLD	-1
402	rt4_TMB-5_MAP_g_5401.r24	BACKTEST	BLOCKED	10983	WITHHOLD	-1
403	rt4_TMB-5_MAP_g_5402.r24	BACKTEST	BLOCKED	10983	WITHHOLD	-1
404	rt4_TMB-5_MAP_g_5403.r24	BACKTEST	BLOCKED	10983	WITHHOLD	-1
405	rt4_TMB-5_MAP_g_5404.r24	BACKTEST	BLOCKED	10983	WITHHOLD	-1
406	rt4_TMB-5_MAP_g_5405.r24	BACKTEST	BLOCKED	10983	WITHHOLD	-1
407	rt4_TMB-5_MAP_g_5406.r24	BACKTEST	BLOCKED	10983	WITHHOLD	-1
408	rt4_TMB-5_MAP_g_5407.r24	BACKTEST	BLOCKED	10983	WITHHOLD	-1
409	rt4_TMB-5_MAP_g_5408.r24	BACKTEST	BLOCKED	10983	WITHHOLD	-1
410	rt4_TMB-5_MAP_g_5409.r24	BACKTEST	BLOCKED	10983	WITHHOLD	-1
411	rt4_TMB-5_MAP_g_5410.r24	BACKTEST	BLOCKED	10983	WITHHOLD	-1
412	rt4_TMB-5_MAP_g_5411.r24	BACKTEST	BLOCKED	10983	WITHHOLD	-1
413	rt4_TMB-5_MAP_g_5412.r24	BACKTEST	BLOCKED	10983	WITHHOLD	-1
414	rt4_TMB-5_MAP_g_5413.r24	BACKTEST	BLOCKED	10983	WITHHOLD	-1
415	rt4_TMB-5_MAP_g_5414.r24	BACKTEST	BLOCKED	10983	WITHHOLD	-1
416	rt4_TMB-5_MAP_g_5415.r24	BACKTEST	BLOCKED	10983	WITHHOLD	-1
417	rt4_TMB-5_MAP_g_5416.r24	BACKTEST	BLOCKED	10983	WITHHOLD	-1
418	rt4_TMB-5_MAP_g_5417.r24	BACKTEST	BLOCKED	10983	WITHHOLD	-1
419	rt4_TMB-5_MAP_g_5418.r24	BACKTEST	BLOCKED	10983	WITHHOLD	-1
420	rt4_TMB-5_MAP_g_5419.r24	BACKTEST	BLOCKED	10983	WITHHOLD	-1
421	rt4_TMB-5_MAP_g_5420.r24	BACKTEST	BLOCKED	10983	WITHHOLD	-1
422	rt4_TMB-5_MAP_g_5421.r24	BACKTEST	BLOCKED	10983	WITHHOLD	-1
423	rt4_TMB-5_MAP_g_5422.r24	BACKTEST	BLOCKED	10983	CONFIRM_INSTALL	3
424	rt4_TMB-5_MAP_g_5423.r24	BACKTEST	BLOCKED	10983	WITHHOLD	-1
425	rt4_TMB-5_MAP_g_5424.r24	BACKTEST	BLOCKED	10983	WITHHOLD	-1
426	rt4_TMB-5_MAP_g_5425.r24	BACKTEST	BLOCKED	10983	WITHHOLD	-1
427	rt4_TMB-5_MAP_g_5426.r24	BACKTEST	BLOCKED	10983	WITHHOLD	-1
428	rt4_TMB-5_MAP_g_5427.r24	BACKTEST	BLOCKED	10983	WITHHOLD	-1
429	rt4_TMB-5_MAP_g_5428.r24	BACKTEST	BLOCKED	10983	WITHHOLD	-1
430	rt4_TMB-5_MAP_g_5429.r24	BACKTEST	BLOCKED	10983	WITHHOLD	-1
431	rt4_TMB-5_MAP_g_5430.r24	BACKTEST	BLOCKED	10983	WITHHOLD	-1
432	rt4_TMB-5_MAP_g_5431.r24	BACKTEST	BLOCKED	10983	WITHHOLD	-1
433	rt4_TMB-5_MAP_g_5432.r24	BACKTEST	BLOCKED	10983	WITHHOLD	-1
434	rt4_TMB-5_MAP_g_5433.r24	BACKTEST	BLOCKED	10983	WITHHOLD	-1
435	rt4_TMB-5_MAP_g_5434.r24	BACKTEST	BLOCKED	10983	WITHHOLD	-1
436	rt4_TMB-5_MAP_g_5435.r24	BACKTEST	BLOCKED	10983	WITHHOLD	-1
437	rt4_TMB-5_MAP_g_5436.r24	BACKTEST	BLOCKED	10983	WITHHOLD	-1
438	rt4_TMB-5_MAP_g_5437.r24	BACKTEST	BLOCKED	10983	WITHHOLD	-1
439	rt4_TMB-5_MAP_g_5438.r24	BACKTEST	BLOCKED	10983	WITHHOLD	-1
440	rt4_TMB-5_MAP_g_5439.r24	BACKTEST	BLOCKED	10983	WITHHOLD	-1
441	rt4_TMB-5_MAP_g_5440.r24	BACKTEST	BLOCKED	10983	WITHHOLD	-1
442	rt4_TMB-5_MAP_g_5441.r24	BACKTEST	BLOCKED	10983	WITHHOLD	-1
443	rt4_TMB-5_MAP_g_5442.r24	BACKTEST	BLOCKED	10983	WITHHOLD	-1
444	rt4_TMB-5_MAP_g_5443.r24	BACKTEST	BLOCKED	10983	WITHHOLD	-1
445	rt4_TMB-5_MAP_g_5444.r24	BACKTEST	BLOCKED	10983	WITHHOLD	-1
446	rt4_TMB-5_MAP_g_5445.r24	BACKTEST	BLOCKED	10983	WITHHOLD	-1
447	rt4_TMB-5_MAP_g_5446.r24	BACKTEST	BLOCKED	10983	WITHHOLD	-1
448	rt4_TMB-5_MAP_g_5447.r24	BACKTEST	BLOCKED	10983	WITHHOLD	-1
449	rt4_TMB-5_MAP_g_5448.r24	BACKTEST	BLOCKED	10983	WITHHOLD	-1
450	rt4_TMB-5_MAP_g_5449.r24	BACKTEST	BLOCKED	10983	WITHHOLD	-1
451	rt4_TMB-5_MAP_g_5450.r24	BACKTEST	BLOCKED	10983	WITHHOLD	-1
452	rt4_TMB-5_MAP_g_5451.r24	BACKTEST	BLOCKED	10983	WITHHOLD	-1
453	rt4_TMB-5_MAP_g_5452.r24	BACKTEST	BLOCKED	10983	WITHHOLD	-1
454	rt4_TMB-5_MAP_g_5453.r24	BACKTEST	BLOCKED	10983	WITHHOLD	-1
455	rt4_TMB-5_MAP_g_5454.r24	BACKTEST	BLOCKED	10983	WITHHOLD	-1
456	rt4_TMB-5_MAP_g_5455.r24	BACKTEST	BLOCKED	10983	WITHHOLD	-1
457	rt4_TMB-5_MAP_g_5456.r24	BACKTEST	BLOCKED	10983	WITHHOLD	-1
458	rt4_TMB-5_MAP_g_5457.r24	BACKTEST	BLOCKED	10983	WITHHOLD	-1
459	rt4_TMB-5_MAP_g_5458.r24	BACKTEST	BLOCKED	10983	WITHHOLD	-1
460	rt4_TMB-5_MAP_g_5459.r24	BACKTEST	BLOCKED	10983	WITHHOLD	-1
461	rt4_TMB-5_MAP_g_5460.r24	BACKTEST	BLOCKED	10983	WITHHOLD	-1
462	rt4_TMB-5_MAP_g_5461.r24	BACKTEST	BLOCKED	10983	WITHHOLD	-1
463	rt4_TMB-5_MAP_g_5462.r24	BACKTEST	BLOCKED	10983	CONFIRM_INSTALL	3
464	rt4_TMB-5_MAP_g_5463.r24	BACKTEST	BLOCKED	10983	WITHHOLD	-1
465	rt4_TMB-5_MAP_g_5464.r24	BACKTEST	BLOCKED	10983	WITHHOLD	-1
466	rt4_TMB-5_MAP_g_5465.r24	BACKTEST	BLOCKED	10983	WITHHOLD	-1
467	rt4_TMB-5_MAP_g_5466.r24	BACKTEST	BLOCKED	10983	WITHHOLD	-1
468	rt4_TMB-5_MAP_g_5467.r24	BACKTEST	BLOCKED	10983	WITHHOLD	-1
469	rt4_TMB-5_MAP_g_5468.r24	BACKTEST	BLOCKED	10983	WITHHOLD	-1
470	rt4_TMB-5_MAP_g_5469.r24	BACKTEST	BLOCKED	10983	WITHHOLD	-1
471	rt4_TMB-5_MAP_g_5470.r24	BACKTEST	BLOCKED	10983	WITHHOLD	-1
472	rt4_TMB-5_MAP_g_5471.r24	BACKTEST	BLOCKED	10983	WITHHOLD	-1
473	rt4_TMB-5_MAP_g_5472.r24	BACKTEST	BLOCKED	10983	WITHHOLD	-1
474	rt4_TMB-5_MAP_g_5473.r24	BACKTEST	BLOCKED	10983	WITHHOLD	-1
475	rt4_TMB-5_MAP_g_5474.r24	BACKTEST	BLOCKED	10983	WITHHOLD	-1
476	rt4_TMB-5_MAP_g_5475.r24	BACKTEST	BLOCKED	10983	WITHHOLD	-1
477	rt4_TMB-5_MAP_g_5476.r24	BACKTEST	BLOCKED	10983	WITHHOLD	-1
478	rt4_TMB-5_MAP_g_5477.r24	BACKTEST	BLOCKED	10983	WITHHOLD	-1
479	rt4_TMB-5_MAP_g_5478.r24	BACKTEST	BLOCKED	10983	WITHHOLD	-1
480	rt4_TMB-5_MAP_g_5479.r24	BACKTEST	BLOCKED	10983	WITHHOLD	-1
481	rt4_TMB-5_MAP_g_5480.r24	BACKTEST	BLOCKED	10983	WITHHOLD	-1
482	rt4_TMB-5_MAP_g_5481.r24	BACKTEST	BLOCKED	10983	WITHHOLD	-1
483	rt4_TMB-5_MAP_g_5482.r24	BACKTEST	BLOCKED	10983	WITHHOLD	-1
484	rt4_TMB-5_MAP_g_5483.r24	BACKTEST	BLOCKED	10983	WITHHOLD	-1
485	rt4_TMB-5_MAP_g_5484.r24	BACKTEST	BLOCKED	10983	WITHHOLD	-1
486	rt4_TMB-5_MAP_g_5485.r24	BACKTEST	BLOCKED	10983	WITHHOLD	-1
487	rt4_TMB-5_MAP_g_5486.r24	BACKTEST	BLOCKED	10983	WITHHOLD	-1
488	rt4_TMB-5_MAP_g_5487.r24	BACKTEST	BLOCKED	10983	WITHHOLD	-1
489	rt4_TMB-5_MAP_g_5488.r24	BACKTEST	BLOCKED	10983	WITHHOLD	-1
490	rt4_TMB-5_MAP_g_5489.r24	BACKTEST	BLOCKED	10983	WITHHOLD	-1
491	rt4_TMB-5_MAP_g_5490.r24	BACKTEST	BLOCKED	10983	WITHHOLD	-1
492	rt4_TMB-5_MAP_g_5491.r24	BACKTEST	BLOCKED	10983	WITHHOLD	-1
493	rt4_TMB-5_MAP_g_5492.r24	BACKTEST	BLOCKED	10983	WITHHOLD	-1
494	rt4_TMB-5_MAP_g_5493.r24	BACKTEST	BLOCKED	10983	WITHHOLD	-1
495	rt4_TMB-5_MAP_g_5494.r24	BACKTEST	BLOCKED	10983	WITHHOLD	-1
496	rt4_TMB-5_MAP_g_5495.r24	BACKTEST	BLOCKED	10983	WITHHOLD	-1
497	rt4_TMB-5_MAP_g_5496.r24	BACKTEST	BLOCKED	10983	WITHHOLD	-1
498	rt4_TMB-5_MAP_g_5497.r24	BACKTEST	BLOCKED	10983	CONFIRM_INSTALL	3
499	rt4_TMB-5_MAP_g_5498.r24	BACKTEST	BLOCKED	10983	WITHHOLD	-1
500	rt4_TMB-5_MAP_g_5499.r24	BACKTEST	BLOCKED	10983	WITHHOLD	-1
SETSUM NEAR n=0 blocked=0 confirmed=0 withheld=0
SETSUM FAR n=0 blocked=0
SETSUM BACKTEST n=500 blocked=490
BACKTEST false_blocked=0 false_withheld=0 false_escaped=0 true_blocked=490
DELAYBAR delayed_gt50=0 over=0
HIST 0=0 1-3=0 4-10=0 11-50=0 51-100=0 101-300=0 301+=0 WITHHELD=0
SERIAL delayed_gt50=0
SANITY MISMATCH
