1	rt4_TMB-5_MAP_g_10500.r24	BACKTEST	BLOCKED	10983	WITHHOLD	-1
2	rt4_TMB-5_MAP_g_10501.r24	BACKTEST	BLOCKED	10983	WITHHOLD	-1
3	rt4_TMB-5_MAP_g_10502.r24	BACKTEST	BLOCKED	10983	WITHHOLD	-1
4	rt4_TMB-5_MAP_g_10503.r24	BACKTEST	BLOCKED	10983	WITHHOLD	-1
5	rt4_TMB-5_MAP_g_10504.r24	BACKTEST	BLOCKED	10983	WITHHOLD	-1
6	rt4_TMB-5_MAP_g_10505.r24	BACKTEST	BLOCKED	10983	WITHHOLD	-1
7	rt4_TMB-5_MAP_g_10506.r24	BACKTEST	BLOCKED	10983	WITHHOLD	-1
8	rt4_TMB-5_MAP_g_10507.r24	BACKTEST	BLOCKED	10983	WITHHOLD	-1
9	rt4_TMB-5_MAP_g_10508.r24	BACKTEST	BLOCKED	10983	WITHHOLD	-1
10	rt4_TMB-5_MAP_g_10509.r24	BACKTEST	BLOCKED	10983	WITHHOLD	-1
11	rt4_TMB-5_MAP_g_10510.r24	BACKTEST	BLOCKED	10983	WITHHOLD	-1
12	rt4_TMB-5_MAP_g_10511.r24	BACKTEST	BLOCKED	10983	WITHHOLD	-1
13	rt4_TMB-5_MAP_g_10512.r24	BACKTEST	BLOCKED	10983	WITHHOLD	-1
14	rt4_TMB-5_MAP_g_10513.r24	BACKTEST	BLOCKED	10983	WITHHOLD	-1
15	rt4_TMB-5_MAP_g_10514.r24	BACKTEST	BLOCKED	10983	WITHHOLD	-1
16	rt4_TMB-5_MAP_g_10515.r24	BACKTEST	BLOCKED	10983	WITHHOLD	-1
17	rt4_TMB-5_MAP_g_10516.r24	BACKTEST	BLOCKED	10983	WITHHOLD	-1
18	rt4_TMB-5_MAP_g_10517.r24	BACKTEST	BLOCKED	10983	WITHHOLD	-1
19	rt4_TMB-5_MAP_g_10518.r24	BACKTEST	BLOCKED	10983	WITHHOLD	-1
20	rt4_TMB-5_MAP_g_10519.r24	BACKTEST	BLOCKED	10983	WITHHOLD	-1
21	rt4_TMB-5_MAP_g_10520.r24	BACKTEST	BLOCKED	10983	WITHHOLD	-1
22	rt4_TMB-5_MAP_g_10521.r24	BACKTEST	BLOCKED	10983	WITHHOLD	-1
23	rt4_TMB-5_MAP_g_10522.r24	BACKTEST	BLOCKED	10983	WITHHOLD	-1
24	rt4_TMB-5_MAP_g_10523.r24	BACKTEST	BLOCKED	10983	WITHHOLD	-1
25	rt4_TMB-5_MAP_g_10524.r24	BACKTEST	BLOCKED	10983	WITHHOLD	-1
26	rt4_TMB-5_MAP_g_10525.r24	BACKTEST	BLOCKED	10983	WITHHOLD	-1
27	rt4_TMB-5_MAP_g_10526.r24	BACKTEST	BLOCKED	10983	WITHHOLD	-1
28	rt4_TMB-5_MAP_g_10527.r24	BACKTEST	BLOCKED	10983	WITHHOLD	-1
29	rt4_TMB-5_MAP_g_10528.r24	BACKTEST	BLOCKED	10983	WITHHOLD	-1
30	rt4_TMB-5_MAP_g_10529.r24	BACKTEST	BLOCKED	10983	WITHHOLD	-1
31	rt4_TMB-5_MAP_g_10530.r24	BACKTEST	BLOCKED	10983	WITHHOLD	-1
32	rt4_TMB-5_MAP_g_10531.r24	BACKTEST	BLOCKED	10983	WITHHOLD	-1
33	rt4_TMB-5_MAP_g_10532.r24	BACKTEST	BLOCKED	10983	WITHHOLD	-1
34	rt4_TMB-5_MAP_g_10533.r24	BACKTEST	BLOCKED	10983	WITHHOLD	-1
35	rt4_TMB-5_MAP_g_10534.r24	BACKTEST	BLOCKED	10983	WITHHOLD	-1
36	rt4_TMB-5_MAP_g_10535.r24	BACKTEST	BLOCKED	10983	WITHHOLD	-1
37	rt4_TMB-5_MAP_g_10536.r24	BACKTEST	BLOCKED	10983	WITHHOLD	-1
38	rt4_TMB-5_MAP_g_10537.r24	BACKTEST	BLOCKED	10983	WITHHOLD	-1
39	rt4_TMB-5_MAP_g_10538.r24	BACKTEST	BLOCKED	10983	WITHHOLD	-1
40	rt4_TMB-5_MAP_g_10539.r24	BACKTEST	BLOCKED	10983	WITHHOLD	-1
41	rt4_TMB-5_MAP_g_10540.r24	BACKTEST	BLOCKED	10983	CONFIRM_INSTALL	3
42	rt4_TMB-5_MAP_g_10541.r24	BACKTEST	BLOCKED	10983	WITHHOLD	-1
43	rt4_TMB-5_MAP_g_10542.r24	BACKTEST	BLOCKED	10983	WITHHOLD	-1
44	rt4_TMB-5_MAP_g_10543.r24	BACKTEST	BLOCKED	10983	WITHHOLD	-1
45	rt4_TMB-5_MAP_g_10544.r24	BACKTEST	BLOCKED	10983	WITHHOLD	-1
46	rt4_TMB-5_MAP_g_10545.r24	BACKTEST	BLOCKED	10983	WITHHOLD	-1
47	rt4_TMB-5_MAP_g_10546.r24	BACKTEST	BLOCKED	10983	WITHHOLD	-1
48	rt4_TMB-5_MAP_g_10547.r24	BACKTEST	BLOCKED	10983	WITHHOLD	-1
49	rt4_TMB-5_MAP_g_10548.r24	BACKTEST	BLOCKED	10983	WITHHOLD	-1
50	rt4_TMB-5_MAP_g_10549.r24	BACKTEST	BLOCKED	10983	WITHHOLD	-1
51	rt4_TMB-5_MAP_g_10550.r24	BACKTEST	BLOCKED	10983	WITHHOLD	-1
52	rt4_TMB-5_MAP_g_10551.r24	BACKTEST	BLOCKED	10983	WITHHOLD	-1
53	rt4_TMB-5_MAP_g_10552.r24	BACKTEST	BLOCKED	10983	WITHHOLD	-1
54	rt4_TMB-5_MAP_g_10553.r24	BACKTEST	BLOCKED	10983	WITHHOLD	-1
55	rt4_TMB-5_MAP_g_10554.r24	BACKTEST	BLOCKED	10983	WITHHOLD	-1
56	rt4_TMB-5_MAP_g_10555.r24	BACKTEST	BLOCKED	10983	WITHHOLD	-1
57	rt4_TMB-5_MAP_g_10556.r24	BACKTEST	BLOCKED	10983	WITHHOLD	-1
58	rt4_TMB-5_MAP_g_10557.r24	BACKTEST	BLOCKED	10983	WITHHOLD	-1
59	rt4_TMB-5_MAP_g_10558.r24	BACKTEST	BLOCKED	10983	WITHHOLD	-1
60	rt4_TMB-5_MAP_g_10559.r24	BACKTEST	BLOCKED	10983	WITHHOLD	-1
61	rt4_TMB-5_MAP_g_10560.r24	BACKTEST	BLOCKED	10983	WITHHOLD	-1
62	rt4_TMB-5_MAP_g_10561.r24	BACKTEST	ALLOWED	-	-	0
63	rt4_TMB-5_MAP_g_10562.r24	BACKTEST	ALLOWED	-	-	0
64	rt4_TMB-5_MAP_g_10563.r24	BACKTEST	BLOCKED	10983	WITHHOLD	-1
65	rt4_TMB-5_MAP_g_10564.r24	BACKTEST	BLOCKED	10983	WITHHOLD	-1
66	rt4_TMB-5_MAP_g_10565.r24	BACKTEST	BLOCKED	10983	WITHHOLD	-1
67	rt4_TMB-5_MAP_g_10566.r24	BACKTEST	BLOCKED	10983	WITHHOLD	-1
68	rt4_TMB-5_MAP_g_10567.r24	BACKTEST	BLOCKED	10983	WITHHOLD	-1
69	rt4_TMB-5_MAP_g_10568.r24	BACKTEST	BLOCKED	10983	WITHHOLD	-1
70	rt4_TMB-5_MAP_g_10569.r24	BACKTEST	BLOCKED	10983	WITHHOLD	-1
71	rt4_TMB-5_MAP_g_10570.r24	BACKTEST	BLOCKED	10983	CONFIRM_INSTALL	3
72	rt4_TMB-5_MAP_g_10571.r24	BACKTEST	BLOCKED	10983	WITHHOLD	-1
73	rt4_TMB-5_MAP_g_10572.r24	BACKTEST	BLOCKED	10983	WITHHOLD	-1
74	rt4_TMB-5_MAP_g_10573.r24	BACKTEST	BLOCKED	10983	WITHHOLD	-1
75	rt4_TMB-5_MAP_g_10574.r24	BACKTEST	BLOCKED	10983	WITHHOLD	-1
76	rt4_TMB-5_MAP_g_10575.r24	BACKTEST	BLOCKED	10983	WITHHOLD	-1
77	rt4_TMB-5_MAP_g_10576.r24	BACKTEST	BLOCKED	10983	WITHHOLD	-1
78	rt4_TMB-5_MAP_g_10577.r24	BACKTEST	BLOCKED	10983	WITHHOLD	-1
79	rt4_TMB-5_MAP_g_10578.r24	BACKTEST	BLOCKED	10983	WITHHOLD	-1
80	rt4_TMB-5_MAP_g_10579.r24	BACKTEST	BLOCKED	10983	WITHHOLD	-1
81	rt4_TMB-5_MAP_g_10580.r24	BACKTEST	BLOCKED	10983	WITHHOLD	-1
82	rt4_TMB-5_MAP_g_10581.r24	BACKTEST	BLOCKED	10983	WITHHOLD	-1
83	rt4_TMB-5_MAP_g_10582.r24	BACKTEST	BLOCKED	10983	WITHHOLD	-1
84	rt4_TMB-5_MAP_g_10583.r24	BACKTEST	BLOCKED	10983	WITHHOLD	-1
85	rt4_TMB-5_MAP_g_10584.r24	BACKTEST	BLOCKED	10983	WITHHOLD	-1
86	rt4_TMB-5_MAP_g_10585.r24	BACKTEST	BLOCKED	10983	WITHHOLD	-1
87	rt4_TMB-5_MAP_g_10586.r24	BACKTEST	BLOCKED	10983	WITHHOLD	-1
88	rt4_TMB-5_MAP_g_10587.r24	BACKTEST	BLOCKED	10983	WITHHOLD	-1
89	rt4_TMB-5_MAP_g_10588.r24	BACKTEST	BLOCKED	10983	WITHHOLD	-1
90	rt4_TMB-5_MAP_g_10589.r24	BACKTEST	BLOCKED	10983	WITHHOLD	-1
91	rt4_TMB-5_MAP_g_10590.r24	BACKTEST	BLOCKED	10983	WITHHOLD	-1
92	rt4_TMB-5_MAP_g_10591.r24	BACKTEST	BLOCKED	10983	WITHHOLD	-1
93	rt4_TMB-5_MAP_g_10592.r24	BACKTEST	BLOCKED	10983	WITHHOLD	-1
94	rt4_TMB-5_MAP_g_10593.r24	BACKTEST	BLOCKED	10983	WITHHOLD	-1
95	rt4_TMB-5_MAP_g_10594.r24	BACKTEST	BLOCKED	10983	WITHHOLD	-1
96	rt4_TMB-5_MAP_g_10595.r24	BACKTEST	BLOCKED	10983	WITHHOLD	-1
97	rt4_TMB-5_MAP_g_10596.r24	BACKTEST	BLOCKED	10983	WITHHOLD	-1
98	rt4_TMB-5_MAP_g_10597.r24	BACKTEST	BLOCKED	10983	WITHHOLD	-1
99	rt4_TMB-5_MAP_g_10598.r24	BACKTEST	BLOCKED	10983	WITHHOLD	-1
100	rt4_TMB-5_MAP_g_10599.r24	BACKTEST	BLOCKED	10983	WITHHOLD	-1
101	rt4_TMB-5_MAP_g_10600.r24	BACKTEST	BLOCKED	10983	WITHHOLD	-1
102	rt4_TMB-5_MAP_g_10601.r24	BACKTEST	BLOCKED	10983	CONFIRM_INSTALL	3
103	rt4_TMB-5_MAP_g_10602.r24	BACKTEST	BLOCKED	10983	WITHHOLD	-1
104	rt4_TMB-5_MAP_g_10603.r24	BACKTEST	BLOCKED	10983	WITHHOLD	-1
105	rt4_TMB-5_MAP_g_10604.r24	BACKTEST	BLOCKED	10983	WITHHOLD	-1
106	rt4_TMB-5_MAP_g_10605.r24	BACKTEST	BLOCKED	10983	WITHHOLD	-1
107	rt4_TMB-5_MAP_g_10606.r24	BACKTEST	BLOCKED	10983	WITHHOLD	-1
108	rt4_TMB-5_MAP_g_10607.r24	BACKTEST	BLOCKED	10983	WITHHOLD	-1
109	rt4_TMB-5_MAP_g_10608.r24	BACKTEST	BLOCKED	10983	WITHHOLD	-1
110	rt4_TMB-5_MAP_g_10609.r24	BACKTEST	BLOCKED	10983	WITHHOLD	-1
111	rt4_TMB-5_MAP_g_10610.r24	BACKTEST	BLOCKED	10983	WITHHOLD	-1
112	rt4_TMB-5_MAP_g_10611.r24	BACKTEST	BLOCKED	10983	WITHHOLD	-1
113	rt4_TMB-5_MAP_g_10612.r24	BACKTEST	BLOCKED	10983	WITHHOLD	-1
114	rt4_TMB-5_MAP_g_10613.r24	BACKTEST	BLOCKED	10983	WITHHOLD	-1
115	rt4_TMB-5_MAP_g_10614.r24	BACKTEST	BLOCKED	10983	WITHHOLD	-1
116	rt4_TMB-5_MAP_g_10615.r24	BACKTEST	BLOCKED	10983	WITHHOLD	-1
117	rt4_TMB-5_MAP_g_10616.r24	BACKTEST	BLOCKED	10983	WITHHOLD	-1
118	rt4_TMB-5_MAP_g_10617.r24	BACKTEST	BLOCKED	10983	WITHHOLD	-1
119	rt4_TMB-5_MAP_g_10618.r24	BACKTEST	BLOCKED	10983	WITHHOLD	-1
120	rt4_TMB-5_MAP_g_10619.r24	BACKTEST	BLOCKED	10983	WITHHOLD	-1
121	rt4_TMB-5_MAP_g_10620.r24	BACKTEST	BLOCKED	10983	WITHHOLD	-1
122	rt4_TMB-5_MAP_g_10621.r24	BACKTEST	BLOCKED	10983	WITHHOLD	-1
123	rt4_TMB-5_MAP_g_10622.r24	BACKTEST	BLOCKED	10983	WITHHOLD	-1
124	rt4_TMB-5_MAP_g_10623.r24	BACKTEST	BLOCKED	10983	CONFIRM_INSTALL	3
125	rt4_TMB-5_MAP_g_10624.r24	BACKTEST	BLOCKED	10983	WITHHOLD	-1
126	rt4_TMB-5_MAP_g_10625.r24	BACKTEST	BLOCKED	10983	WITHHOLD	-1
127	rt4_TMB-5_MAP_g_10626.r24	BACKTEST	BLOCKED	10983	WITHHOLD	-1
128	rt4_TMB-5_MAP_g_10627.r24	BACKTEST	BLOCKED	10983	WITHHOLD	-1
129	rt4_TMB-5_MAP_g_10628.r24	BACKTEST	BLOCKED	10983	CONFIRM_INSTALL	3
130	rt4_TMB-5_MAP_g_10629.r24	BACKTEST	BLOCKED	10983	WITHHOLD	-1
131	rt4_TMB-5_MAP_g_10630.r24	BACKTEST	BLOCKED	10983	WITHHOLD	-1
132	rt4_TMB-5_MAP_g_10631.r24	BACKTEST	ALLOWED	-	-	0
133	rt4_TMB-5_MAP_g_10632.r24	BACKTEST	BLOCKED	10983	WITHHOLD	-1
134	rt4_TMB-5_MAP_g_10633.r24	BACKTEST	BLOCKED	10983	WITHHOLD	-1
135	rt4_TMB-5_MAP_g_10634.r24	BACKTEST	BLOCKED	10983	WITHHOLD	-1
136	rt4_TMB-5_MAP_g_10635.r24	BACKTEST	BLOCKED	10983	WITHHOLD	-1
137	rt4_TMB-5_MAP_g_10636.r24	BACKTEST	BLOCKED	10983	WITHHOLD	-1
138	rt4_TMB-5_MAP_g_10637.r24	BACKTEST	BLOCKED	10983	WITHHOLD	-1
139	rt4_TMB-5_MAP_g_10638.r24	BACKTEST	BLOCKED	10983	WITHHOLD	-1
140	rt4_TMB-5_MAP_g_10639.r24	BACKTEST	BLOCKED	10983	WITHHOLD	-1
141	rt4_TMB-5_MAP_g_10640.r24	BACKTEST	BLOCKED	10983	WITHHOLD	-1
142	rt4_TMB-5_MAP_g_10641.r24	BACKTEST	BLOCKED	10983	WITHHOLD	-1
143	rt4_TMB-5_MAP_g_10642.r24	BACKTEST	BLOCKED	10983	WITHHOLD	-1
144	rt4_TMB-5_MAP_g_10643.r24	BACKTEST	BLOCKED	10983	WITHHOLD	-1
145	rt4_TMB-5_MAP_g_10644.r24	BACKTEST	BLOCKED	10983	WITHHOLD	-1
146	rt4_TMB-5_MAP_g_10645.r24	BACKTEST	BLOCKED	10983	WITHHOLD	-1
147	rt4_TMB-5_MAP_g_10646.r24	BACKTEST	BLOCKED	10983	WITHHOLD	-1
148	rt4_TMB-5_MAP_g_10647.r24	BACKTEST	BLOCKED	10983	WITHHOLD	-1
149	rt4_TMB-5_MAP_g_10648.r24	BACKTEST	BLOCKED	10983	WITHHOLD	-1
150	rt4_TMB-5_MAP_g_10649.r24	BACKTEST	BLOCKED	10983	WITHHOLD	-1
151	rt4_TMB-5_MAP_g_10650.r24	BACKTEST	BLOCKED	10983	WITHHOLD	-1
152	rt4_TMB-5_MAP_g_10651.r24	BACKTEST	BLOCKED	10983	WITHHOLD	-1
153	rt4_TMB-5_MAP_g_10652.r24	BACKTEST	BLOCKED	10983	WITHHOLD	-1
154	rt4_TMB-5_MAP_g_10653.r24	BACKTEST	BLOCKED	10983	WITHHOLD	-1
155	rt4_TMB-5_MAP_g_10654.r24	BACKTEST	BLOCKED	10983	WITHHOLD	-1
156	rt4_TMB-5_MAP_g_10655.r24	BACKTEST	BLOCKED	10983	WITHHOLD	-1
157	rt4_TMB-5_MAP_g_10656.r24	BACKTEST	BLOCKED	10983	WITHHOLD	-1
158	rt4_TMB-5_MAP_g_10657.r24	BACKTEST	BLOCKED	10983	WITHHOLD	-1
159	rt4_TMB-5_MAP_g_10658.r24	BACKTEST	BLOCKED	10983	WITHHOLD	-1
160	rt4_TMB-5_MAP_g_10659.r24	BACKTEST	BLOCKED	10983	WITHHOLD	-1
161	rt4_TMB-5_MAP_g_10660.r24	BACKTEST	BLOCKED	10983	WITHHOLD	-1
162	rt4_TMB-5_MAP_g_10661.r24	BACKTEST	BLOCKED	10983	WITHHOLD	-1
163	rt4_TMB-5_MAP_g_10662.r24	BACKTEST	BLOCKED	10983	CONFIRM_INSTALL	3
164	rt4_TMB-5_MAP_g_10663.r24	BACKTEST	BLOCKED	10983	WITHHOLD	-1
165	rt4_TMB-5_MAP_g_10664.r24	BACKTEST	BLOCKED	10983	WITHHOLD	-1
166	rt4_TMB-5_MAP_g_10665.r24	BACKTEST	BLOCKED	10983	WITHHOLD	-1
167	rt4_TMB-5_MAP_g_10666.r24	BACKTEST	BLOCKED	10983	WITHHOLD	-1
168	rt4_TMB-5_MAP_g_10667.r24	BACKTEST	BLOCKED	10983	WITHHOLD	-1
169	rt4_TMB-5_MAP_g_10668.r24	BACKTEST	BLOCKED	10983	WITHHOLD	-1
170	rt4_TMB-5_MAP_g_10669.r24	BACKTEST	BLOCKED	10983	WITHHOLD	-1
171	rt4_TMB-5_MAP_g_10670.r24	BACKTEST	BLOCKED	10983	WITHHOLD	-1
172	rt4_TMB-5_MAP_g_10671.r24	BACKTEST	BLOCKED	10983	WITHHOLD	-1
173	rt4_TMB-5_MAP_g_10672.r24	BACKTEST	BLOCKED	10983	WITHHOLD	-1
174	rt4_TMB-5_MAP_g_10673.r24	BACKTEST	BLOCKED	10983	WITHHOLD	-1
175	rt4_TMB-5_MAP_g_10674.r24	BACKTEST	BLOCKED	10983	WITHHOLD	-1
176	rt4_TMB-5_MAP_g_10675.r24	BACKTEST	BLOCKED	10983	WITHHOLD	-1
177	rt4_TMB-5_MAP_g_10676.r24	BACKTEST	BLOCKED	10983	WITHHOLD	-1
178	rt4_TMB-5_MAP_g_10677.r24	BACKTEST	BLOCKED	10983	WITHHOLD	-1
179	rt4_TMB-5_MAP_g_10678.r24	BACKTEST	BLOCKED	10983	WITHHOLD	-1
180	rt4_TMB-5_MAP_g_10679.r24	BACKTEST	BLOCKED	10983	WITHHOLD	-1
181	rt4_TMB-5_MAP_g_10680.r24	BACKTEST	BLOCKED	10983	WITHHOLD	-1
182	rt4_TMB-5_MAP_g_10681.r24	BACKTEST	BLOCKED	10983	WITHHOLD	-1
183	rt4_TMB-5_MAP_g_10682.r24	BACKTEST	BLOCKED	10983	WITHHOLD	-1
184	rt4_TMB-5_MAP_g_10683.r24	BACKTEST	BLOCKED	10983	WITHHOLD	-1
185	rt4_TMB-5_MAP_g_10684.r24	BACKTEST	BLOCKED	10983	WITHHOLD	-1
186	rt4_TMB-5_MAP_g_10685.r24	BACKTEST	BLOCKED	10983	WITHHOLD	-1
187	rt4_TMB-5_MAP_g_10686.r24	BACKTEST	BLOCKED	10983	WITHHOLD	-1
188	rt4_TMB-5_MAP_g_10687.r24	BACKTEST	BLOCKED	10983	WITHHOLD	-1
189	rt4_TMB-5_MAP_g_10688.r24	BACKTEST	BLOCKED	10983	WITHHOLD	-1
190	rt4_TMB-5_MAP_g_10689.r24	BACKTEST	BLOCKED	10983	WITHHOLD	-1
191	rt4_TMB-5_MAP_g_10690.r24	BACKTEST	BLOCKED	10983	WITHHOLD	-1
192	rt4_TMB-5_MAP_g_10691.r24	BACKTEST	BLOCKED	10983	WITHHOLD	-1
193	rt4_TMB-5_MAP_g_10692.r24	BACKTEST	BLOCKED	10983	WITHHOLD	-1
194	rt4_TMB-5_MAP_g_10693.r24	BACKTEST	BLOCKED	10983	WITHHOLD	-1
195	rt4_TMB-5_MAP_g_10694.r24	BACKTEST	BLOCKED	10983	WITHHOLD	-1
196	rt4_TMB-5_MAP_g_10695.r24	BACKTEST	BLOCKED	10983	WITHHOLD	-1
197	rt4_TMB-5_MAP_g_10696.r24	BACKTEST	BLOCKED	10983	WITHHOLD	-1
198	rt4_TMB-5_MAP_g_10697.r24	BACKTEST	BLOCKED	10983	WITHHOLD	-1
199	rt4_TMB-5_MAP_g_10698.r24	BACKTEST	BLOCKED	10983	WITHHOLD	-1
200	rt4_TMB-5_MAP_g_10699.r24	BACKTEST	BLOCKED	10983	WITHHOLD	-1
201	rt4_TMB-5_MAP_g_10700.r24	BACKTEST	BLOCKED	10983	WITHHOLD	-1
202	rt4_TMB-5_MAP_g_10701.r24	BACKTEST	BLOCKED	10983	WITHHOLD	-1
203	rt4_TMB-5_MAP_g_10702.r24	BACKTEST	BLOCKED	10983	WITHHOLD	-1
204	rt4_TMB-5_MAP_g_10703.r24	BACKTEST	BLOCKED	10983	WITHHOLD	-1
205	rt4_TMB-5_MAP_g_10704.r24	BACKTEST	BLOCKED	10983	WITHHOLD	-1
206	rt4_TMB-5_MAP_g_10705.r24	BACKTEST	BLOCKED	10983	WITHHOLD	-1
207	rt4_TMB-5_MAP_g_10706.r24	BACKTEST	BLOCKED	10983	WITHHOLD	-1
208	rt4_TMB-5_MAP_g_10707.r24	BACKTEST	BLOCKED	10983	WITHHOLD	-1
209	rt4_TMB-5_MAP_g_10708.r24	BACKTEST	BLOCKED	10983	WITHHOLD	-1
210	rt4_TMB-5_MAP_g_10709.r24	BACKTEST	BLOCKED	10983	WITHHOLD	-1
211	rt4_TMB-5_MAP_g_10710.r24	BACKTEST	BLOCKED	10983	WITHHOLD	-1
212	rt4_TMB-5_MAP_g_10711.r24	BACKTEST	BLOCKED	10983	WITHHOLD	-1
213	rt4_TMB-5_MAP_g_10712.r24	BACKTEST	BLOCKED	10983	WITHHOLD	-1
214	rt4_TMB-5_MAP_g_10713.r24	BACKTEST	BLOCKED	10983	CONFIRM_INSTALL	3
215	rt4_TMB-5_MAP_g_10714.r24	BACKTEST	BLOCKED	10983	WITHHOLD	-1
216	rt4_TMB-5_MAP_g_10715.r24	BACKTEST	BLOCKED	10983	WITHHOLD	-1
217	rt4_TMB-5_MAP_g_10716.r24	BACKTEST	BLOCKED	10983	WITHHOLD	-1
218	rt4_TMB-5_MAP_g_10717.r24	BACKTEST	BLOCKED	10983	WITHHOLD	-1
219	rt4_TMB-5_MAP_g_10718.r24	BACKTEST	BLOCKED	10983	WITHHOLD	-1
220	rt4_TMB-5_MAP_g_10719.r24	BACKTEST	BLOCKED	10983	WITHHOLD	-1
221	rt4_TMB-5_MAP_g_10720.r24	BACKTEST	BLOCKED	10983	WITHHOLD	-1
222	rt4_TMB-5_MAP_g_10721.r24	BACKTEST	BLOCKED	10983	WITHHOLD	-1
223	rt4_TMB-5_MAP_g_10722.r24	BACKTEST	BLOCKED	10983	WITHHOLD	-1
224	rt4_TMB-5_MAP_g_10723.r24	BACKTEST	BLOCKED	10983	WITHHOLD	-1
225	rt4_TMB-5_MAP_g_10724.r24	BACKTEST	BLOCKED	10983	WITHHOLD	-1
226	rt4_TMB-5_MAP_g_10725.r24	BACKTEST	BLOCKED	10983	WITHHOLD	-1
227	rt4_TMB-5_MAP_g_10726.r24	BACKTEST	BLOCKED	10983	WITHHOLD	-1
228	rt4_TMB-5_MAP_g_10727.r24	BACKTEST	BLOCKED	10983	WITHHOLD	-1
229	rt4_TMB-5_MAP_g_10728.r24	BACKTEST	BLOCKED	10983	WITHHOLD	-1
230	rt4_TMB-5_MAP_g_10729.r24	BACKTEST	BLOCKED	10983	WITHHOLD	-1
231	rt4_TMB-5_MAP_g_10730.r24	BACKTEST	BLOCKED	10983	WITHHOLD	-1
232	rt4_TMB-5_MAP_g_10731.r24	BACKTEST	BLOCKED	10983	WITHHOLD	-1
233	rt4_TMB-5_MAP_g_10732.r24	BACKTEST	BLOCKED	10983	WITHHOLD	-1
234	rt4_TMB-5_MAP_g_10733.r24	BACKTEST	BLOCKED	10983	WITHHOLD	-1
235	rt4_TMB-5_MAP_g_10734.r24	BACKTEST	BLOCKED	10983	WITHHOLD	-1
236	rt4_TMB-5_MAP_g_10735.r24	BACKTEST	BLOCKED	10983	WITHHOLD	-1
237	rt4_TMB-5_MAP_g_10736.r24	BACKTEST	BLOCKED	10983	WITHHOLD	-1
238	rt4_TMB-5_MAP_g_10737.r24	BACKTEST	BLOCKED	10983	WITHHOLD	-1
239	rt4_TMB-5_MAP_g_10738.r24	BACKTEST	BLOCKED	10983	WITHHOLD	-1
240	rt4_TMB-5_MAP_g_10739.r24	BACKTEST	BLOCKED	10983	WITHHOLD	-1
241	rt4_TMB-5_MAP_g_10740.r24	BACKTEST	BLOCKED	10983	WITHHOLD	-1
242	rt4_TMB-5_MAP_g_10741.r24	BACKTEST	BLOCKED	10983	WITHHOLD	-1
243	rt4_TMB-5_MAP_g_10742.r24	BACKTEST	BLOCKED	10983	WITHHOLD	-1
244	rt4_TMB-5_MAP_g_10743.r24	BACKTEST	BLOCKED	10983	WITHHOLD	-1
245	rt4_TMB-5_MAP_g_10744.r24	BACKTEST	BLOCKED	10983	WITHHOLD	-1
246	rt4_TMB-5_MAP_g_10745.r24	BACKTEST	BLOCKED	10983	WITHHOLD	-1
247	rt4_TMB-5_MAP_g_10746.r24	BACKTEST	BLOCKED	10983	WITHHOLD	-1
248	rt4_TMB-5_MAP_g_10747.r24	BACKTEST	BLOCKED	10983	WITHHOLD	-1
249	rt4_TMB-5_MAP_g_10748.r24	BACKTEST	BLOCKED	10983	WITHHOLD	-1
250	rt4_TMB-5_MAP_g_10749.r24	BACKTEST	BLOCKED	10983	WITHHOLD	-1
251	rt4_TMB-5_MAP_g_10750.r24	BACKTEST	BLOCKED	10983	WITHHOLD	-1
252	rt4_TMB-5_MAP_g_10751.r24	BACKTEST	BLOCKED	10983	WITHHOLD	-1
253	rt4_TMB-5_MAP_g_10752.r24	BACKTEST	BLOCKED	10983	WITHHOLD	-1
254	rt4_TMB-5_MAP_g_10753.r24	BACKTEST	BLOCKED	10983	WITHHOLD	-1
255	rt4_TMB-5_MAP_g_10754.r24	BACKTEST	BLOCKED	10983	WITHHOLD	-1
256	rt4_TMB-5_MAP_g_10755.r24	BACKTEST	BLOCKED	10983	WITHHOLD	-1
257	rt4_TMB-5_MAP_g_10756.r24	BACKTEST	BLOCKED	10983	WITHHOLD	-1
258	rt4_TMB-5_MAP_g_10757.r24	BACKTEST	BLOCKED	10983	WITHHOLD	-1
259	rt4_TMB-5_MAP_g_10758.r24	BACKTEST	BLOCKED	10983	WITHHOLD	-1
260	rt4_TMB-5_MAP_g_10759.r24	BACKTEST	BLOCKED	10983	WITHHOLD	-1
261	rt4_TMB-5_MAP_g_10760.r24	BACKTEST	BLOCKED	10983	WITHHOLD	-1
262	rt4_TMB-5_MAP_g_10761.r24	BACKTEST	BLOCKED	10983	WITHHOLD	-1
263	rt4_TMB-5_MAP_g_10762.r24	BACKTEST	BLOCKED	10983	WITHHOLD	-1
264	rt4_TMB-5_MAP_g_10763.r24	BACKTEST	BLOCKED	10983	WITHHOLD	-1
265	rt4_TMB-5_MAP_g_10764.r24	BACKTEST	BLOCKED	10983	CONFIRM_INSTALL	3
266	rt4_TMB-5_MAP_g_10765.r24	BACKTEST	BLOCKED	10983	WITHHOLD	-1
267	rt4_TMB-5_MAP_g_10766.r24	BACKTEST	BLOCKED	10983	WITHHOLD	-1
268	rt4_TMB-5_MAP_g_10767.r24	BACKTEST	BLOCKED	10983	WITHHOLD	-1
269	rt4_TMB-5_MAP_g_10768.r24	BACKTEST	BLOCKED	10983	WITHHOLD	-1
270	rt4_TMB-5_MAP_g_10769.r24	BACKTEST	BLOCKED	10983	WITHHOLD	-1
271	rt4_TMB-5_MAP_g_10770.r24	BACKTEST	BLOCKED	10983	WITHHOLD	-1
272	rt4_TMB-5_MAP_g_10771.r24	BACKTEST	BLOCKED	10983	WITHHOLD	-1
273	rt4_TMB-5_MAP_g_10772.r24	BACKTEST	BLOCKED	10983	WITHHOLD	-1
274	rt4_TMB-5_MAP_g_10773.r24	BACKTEST	BLOCKED	10983	WITHHOLD	-1
275	rt4_TMB-5_MAP_g_10774.r24	BACKTEST	BLOCKED	10983	WITHHOLD	-1
276	rt4_TMB-5_MAP_g_10775.r24	BACKTEST	BLOCKED	10983	WITHHOLD	-1
277	rt4_TMB-5_MAP_g_10776.r24	BACKTEST	BLOCKED	10983	WITHHOLD	-1
278	rt4_TMB-5_MAP_g_10777.r24	BACKTEST	BLOCKED	10983	WITHHOLD	-1
279	rt4_TMB-5_MAP_g_10778.r24	BACKTEST	BLOCKED	10983	WITHHOLD	-1
280	rt4_TMB-5_MAP_g_10779.r24	BACKTEST	BLOCKED	10983	WITHHOLD	-1
281	rt4_TMB-5_MAP_g_10780.r24	BACKTEST	BLOCKED	10983	WITHHOLD	-1
282	rt4_TMB-5_MAP_g_10781.r24	BACKTEST	BLOCKED	10983	WITHHOLD	-1
283	rt4_TMB-5_MAP_g_10782.r24	BACKTEST	BLOCKED	10983	WITHHOLD	-1
284	rt4_TMB-5_MAP_g_10783.r24	BACKTEST	BLOCKED	10983	WITHHOLD	-1
285	rt4_TMB-5_MAP_g_10784.r24	BACKTEST	BLOCKED	10983	WITHHOLD	-1
286	rt4_TMB-5_MAP_g_10785.r24	BACKTEST	BLOCKED	10983	WITHHOLD	-1
287	rt4_TMB-5_MAP_g_10786.r24	BACKTEST	BLOCKED	10983	WITHHOLD	-1
288	rt4_TMB-5_MAP_g_10787.r24	BACKTEST	BLOCKED	10983	WITHHOLD	-1
289	rt4_TMB-5_MAP_g_10788.r24	BACKTEST	BLOCKED	10983	WITHHOLD	-1
290	rt4_TMB-5_MAP_g_10789.r24	BACKTEST	BLOCKED	10983	WITHHOLD	-1
291	rt4_TMB-5_MAP_g_10790.r24	BACKTEST	BLOCKED	10983	WITHHOLD	-1
292	rt4_TMB-5_MAP_g_10791.r24	BACKTEST	BLOCKED	10983	WITHHOLD	-1
293	rt4_TMB-5_MAP_g_10792.r24	BACKTEST	BLOCKED	10983	WITHHOLD	-1
294	rt4_TMB-5_MAP_g_10793.r24	BACKTEST	BLOCKED	10983	WITHHOLD	-1
295	rt4_TMB-5_MAP_g_10794.r24	BACKTEST	BLOCKED	10983	WITHHOLD	-1
296	rt4_TMB-5_MAP_g_10795.r24	BACKTEST	BLOCKED	10983	WITHHOLD	-1
297	rt4_TMB-5_MAP_g_10796.r24	BACKTEST	BLOCKED	10983	WITHHOLD	-1
298	rt4_TMB-5_MAP_g_10797.r24	BACKTEST	BLOCKED	10983	WITHHOLD	-1
299	rt4_TMB-5_MAP_g_10798.r24	BACKTEST	BLOCKED	10983	WITHHOLD	-1
300	rt4_TMB-5_MAP_g_10799.r24	BACKTEST	BLOCKED	10983	WITHHOLD	-1
301	rt4_TMB-5_MAP_g_10800.r24	BACKTEST	BLOCKED	10983	WITHHOLD	-1
302	rt4_TMB-5_MAP_g_10801.r24	BACKTEST	BLOCKED	10983	WITHHOLD	-1
303	rt4_TMB-5_MAP_g_10802.r24	BACKTEST	BLOCKED	10983	WITHHOLD	-1
304	rt4_TMB-5_MAP_g_10803.r24	BACKTEST	BLOCKED	10983	WITHHOLD	-1
305	rt4_TMB-5_MAP_g_10804.r24	BACKTEST	BLOCKED	10983	WITHHOLD	-1
306	rt4_TMB-5_MAP_g_10805.r24	BACKTEST	BLOCKED	10983	WITHHOLD	-1
307	rt4_TMB-5_MAP_g_10806.r24	BACKTEST	BLOCKED	10983	WITHHOLD	-1
308	rt4_TMB-5_MAP_g_10807.r24	BACKTEST	BLOCKED	10983	WITHHOLD	-1
309	rt4_TMB-5_MAP_g_10808.r24	BACKTEST	BLOCKED	10983	WITHHOLD	-1
310	rt4_TMB-5_MAP_g_10809.r24	BACKTEST	BLOCKED	10983	WITHHOLD	-1
311	rt4_TMB-5_MAP_g_10810.r24	BACKTEST	BLOCKED	10983	WITHHOLD	-1
312	rt4_TMB-5_MAP_g_10811.r24	BACKTEST	BLOCKED	10983	WITHHOLD	-1
313	rt4_TMB-5_MAP_g_10812.r24	BACKTEST	BLOCKED	10983	WITHHOLD	-1
314	rt4_TMB-5_MAP_g_10813.r24	BACKTEST	BLOCKED	10983	WITHHOLD	-1
315	rt4_TMB-5_MAP_g_10814.r24	BACKTEST	BLOCKED	10983	WITHHOLD	-1
316	rt4_TMB-5_MAP_g_10815.r24	BACKTEST	BLOCKED	10983	CONFIRM_INSTALL	3
317	rt4_TMB-5_MAP_g_10816.r24	BACKTEST	BLOCKED	10983	WITHHOLD	-1
318	rt4_TMB-5_MAP_g_10817.r24	BACKTEST	BLOCKED	10983	WITHHOLD	-1
319	rt4_TMB-5_MAP_g_10818.r24	BACKTEST	BLOCKED	10983	WITHHOLD	-1
320	rt4_TMB-5_MAP_g_10819.r24	BACKTEST	BLOCKED	10983	WITHHOLD	-1
321	rt4_TMB-5_MAP_g_10820.r24	BACKTEST	BLOCKED	10983	WITHHOLD	-1
322	rt4_TMB-5_MAP_g_10821.r24	BACKTEST	BLOCKED	10983	WITHHOLD	-1
323	rt4_TMB-5_MAP_g_10822.r24	BACKTEST	BLOCKED	10983	WITHHOLD	-1
324	rt4_TMB-5_MAP_g_10823.r24	BACKTEST	BLOCKED	10983	WITHHOLD	-1
325	rt4_TMB-5_MAP_g_10824.r24	BACKTEST	BLOCKED	10983	WITHHOLD	-1
326	rt4_TMB-5_MAP_g_10825.r24	BACKTEST	BLOCKED	10983	WITHHOLD	-1
327	rt4_TMB-5_MAP_g_10826.r24	BACKTEST	BLOCKED	10983	WITHHOLD	-1
328	rt4_TMB-5_MAP_g_10827.r24	BACKTEST	BLOCKED	10983	WITHHOLD	-1
329	rt4_TMB-5_MAP_g_10828.r24	BACKTEST	BLOCKED	10983	WITHHOLD	-1
330	rt4_TMB-5_MAP_g_10829.r24	BACKTEST	BLOCKED	10983	WITHHOLD	-1
331	rt4_TMB-5_MAP_g_10830.r24	BACKTEST	BLOCKED	10983	WITHHOLD	-1
332	rt4_TMB-5_MAP_g_10831.r24	BACKTEST	BLOCKED	10983	WITHHOLD	-1
333	rt4_TMB-5_MAP_g_10832.r24	BACKTEST	BLOCKED	10983	WITHHOLD	-1
334	rt4_TMB-5_MAP_g_10833.r24	BACKTEST	BLOCKED	10983	WITHHOLD	-1
335	rt4_TMB-5_MAP_g_10834.r24	BACKTEST	BLOCKED	10983	WITHHOLD	-1
336	rt4_TMB-5_MAP_g_10835.r24	BACKTEST	BLOCKED	10983	WITHHOLD	-1
337	rt4_TMB-5_MAP_g_10836.r24	BACKTEST	BLOCKED	10983	WITHHOLD	-1
338	rt4_TMB-5_MAP_g_10837.r24	BACKTEST	BLOCKED	10983	WITHHOLD	-1
339	rt4_TMB-5_MAP_g_10838.r24	BACKTEST	BLOCKED	10983	WITHHOLD	-1
340	rt4_TMB-5_MAP_g_10839.r24	BACKTEST	BLOCKED	10983	WITHHOLD	-1
341	rt4_TMB-5_MAP_g_10840.r24	BACKTEST	BLOCKED	10983	WITHHOLD	-1
342	rt4_TMB-5_MAP_g_10841.r24	BACKTEST	BLOCKED	10983	WITHHOLD	-1
343	rt4_TMB-5_MAP_g_10842.r24	BACKTEST	BLOCKED	10983	WITHHOLD	-1
344	rt4_TMB-5_MAP_g_10843.r24	BACKTEST	BLOCKED	10983	WITHHOLD	-1
345	rt4_TMB-5_MAP_g_10844.r24	BACKTEST	BLOCKED	10983	WITHHOLD	-1
346	rt4_TMB-5_MAP_g_10845.r24	BACKTEST	BLOCKED	10983	WITHHOLD	-1
347	rt4_TMB-5_MAP_g_10846.r24	BACKTEST	BLOCKED	10983	WITHHOLD	-1
348	rt4_TMB-5_MAP_g_10847.r24	BACKTEST	BLOCKED	10983	WITHHOLD	-1
349	rt4_TMB-5_MAP_g_10848.r24	BACKTEST	BLOCKED	10983	WITHHOLD	-1
350	rt4_TMB-5_MAP_g_10849.r24	BACKTEST	BLOCKED	10983	WITHHOLD	-1
351	rt4_TMB-5_MAP_g_10850.r24	BACKTEST	BLOCKED	10983	WITHHOLD	-1
352	rt4_TMB-5_MAP_g_10851.r24	BACKTEST	BLOCKED	10983	WITHHOLD	-1
353	rt4_TMB-5_MAP_g_10852.r24	BACKTEST	BLOCKED	10983	WITHHOLD	-1
354	rt4_TMB-5_MAP_g_10853.r24	BACKTEST	BLOCKED	10983	WITHHOLD	-1
355	rt4_TMB-5_MAP_g_10854.r24	BACKTEST	BLOCKED	10983	WITHHOLD	-1
356	rt4_TMB-5_MAP_g_10855.r24	BACKTEST	BLOCKED	10983	WITHHOLD	-1
357	rt4_TMB-5_MAP_g_10856.r24	BACKTEST	BLOCKED	10983	WITHHOLD	-1
358	rt4_TMB-5_MAP_g_10857.r24	BACKTEST	BLOCKED	10983	WITHHOLD	-1
359	rt4_TMB-5_MAP_g_10858.r24	BACKTEST	BLOCKED	10983	WITHHOLD	-1
360	rt4_TMB-5_MAP_g_10859.r24	BACKTEST	BLOCKED	10983	WITHHOLD	-1
361	rt4_TMB-5_MAP_g_10860.r24	BACKTEST	BLOCKED	10983	WITHHOLD	-1
362	rt4_TMB-5_MAP_g_10861.r24	BACKTEST	BLOCKED	10983	WITHHOLD	-1
363	rt4_TMB-5_MAP_g_10862.r24	BACKTEST	BLOCKED	10983	WITHHOLD	-1
364	rt4_TMB-5_MAP_g_10863.r24	BACKTEST	BLOCKED	10983	WITHHOLD	-1
365	rt4_TMB-5_MAP_g_10864.r24	BACKTEST	BLOCKED	10983	WITHHOLD	-1
366	rt4_TMB-5_MAP_g_10865.r24	BACKTEST	BLOCKED	10983	WITHHOLD	-1
367	rt4_TMB-5_MAP_g_10866.r24	BACKTEST	BLOCKED	10983	CONFIRM_INSTALL	3
368	rt4_TMB-5_MAP_g_10867.r24	BACKTEST	BLOCKED	10983	WITHHOLD	-1
369	rt4_TMB-5_MAP_g_10868.r24	BACKTEST	BLOCKED	10983	WITHHOLD	-1
370	rt4_TMB-5_MAP_g_10869.r24	BACKTEST	BLOCKED	10983	WITHHOLD	-1
371	rt4_TMB-5_MAP_g_10870.r24	BACKTEST	BLOCKED	10983	WITHHOLD	-1
372	rt4_TMB-5_MAP_g_10871.r24	BACKTEST	BLOCKED	10983	WITHHOLD	-1
373	rt4_TMB-5_MAP_g_10872.r24	BACKTEST	BLOCKED	10983	WITHHOLD	-1
374	rt4_TMB-5_MAP_g_10873.r24	BACKTEST	BLOCKED	10983	WITHHOLD	-1
375	rt4_TMB-5_MAP_g_10874.r24	BACKTEST	BLOCKED	10983	WITHHOLD	-1
376	rt4_TMB-5_MAP_g_10875.r24	BACKTEST	BLOCKED	10983	WITHHOLD	-1
377	rt4_TMB-5_MAP_g_10876.r24	BACKTEST	BLOCKED	10983	WITHHOLD	-1
378	rt4_TMB-5_MAP_g_10877.r24	BACKTEST	BLOCKED	10983	WITHHOLD	-1
379	rt4_TMB-5_MAP_g_10878.r24	BACKTEST	BLOCKED	10983	WITHHOLD	-1
380	rt4_TMB-5_MAP_g_10879.r24	BACKTEST	BLOCKED	10983	WITHHOLD	-1
381	rt4_TMB-5_MAP_g_10880.r24	BACKTEST	BLOCKED	10983	WITHHOLD	-1
382	rt4_TMB-5_MAP_g_10881.r24	BACKTEST	BLOCKED	10983	WITHHOLD	-1
383	rt4_TMB-5_MAP_g_10882.r24	BACKTEST	BLOCKED	10983	WITHHOLD	-1
384	rt4_TMB-5_MAP_g_10883.r24	BACKTEST	BLOCKED	10983	WITHHOLD	-1
385	rt4_TMB-5_MAP_g_10884.r24	BACKTEST	BLOCKED	10983	WITHHOLD	-1
386	rt4_TMB-5_MAP_g_10885.r24	BACKTEST	BLOCKED	10983	WITHHOLD	-1
387	rt4_TMB-5_MAP_g_10886.r24	BACKTEST	BLOCKED	10983	WITHHOLD	-1
388	rt4_TMB-5_MAP_g_10887.r24	BACKTEST	BLOCKED	10983	WITHHOLD	-1
389	rt4_TMB-5_MAP_g_10888.r24	BACKTEST	BLOCKED	10983	WITHHOLD	-1
390	rt4_TMB-5_MAP_g_10889.r24	BACKTEST	BLOCKED	10983	WITHHOLD	-1
391	rt4_TMB-5_MAP_g_10890.r24	BACKTEST	BLOCKED	10983	WITHHOLD	-1
392	rt4_TMB-5_MAP_g_10891.r24	BACKTEST	BLOCKED	10983	WITHHOLD	-1
393	rt4_TMB-5_MAP_g_10892.r24	BACKTEST	BLOCKED	10983	WITHHOLD	-1
394	rt4_TMB-5_MAP_g_10893.r24	BACKTEST	BLOCKED	10983	WITHHOLD	-1
395	rt4_TMB-5_MAP_g_10894.r24	BACKTEST	BLOCKED	10983	WITHHOLD	-1
396	rt4_TMB-5_MAP_g_10895.r24	BACKTEST	BLOCKED	10983	WITHHOLD	-1
397	rt4_TMB-5_MAP_g_10896.r24	BACKTEST	BLOCKED	10983	WITHHOLD	-1
398	rt4_TMB-5_MAP_g_10897.r24	BACKTEST	BLOCKED	10983	WITHHOLD	-1
399	rt4_TMB-5_MAP_g_10898.r24	BACKTEST	BLOCKED	10983	WITHHOLD	-1
400	rt4_TMB-5_MAP_g_10899.r24	BACKTEST	BLOCKED	10983	WITHHOLD	-1
401	rt4_TMB-5_MAP_g_10900.r24	BACKTEST	BLOCKED	10983	WITHHOLD	-1
402	rt4_TMB-5_MAP_g_10901.r24	BACKTEST	BLOCKED	10983	WITHHOLD	-1
403	rt4_TMB-5_MAP_g_10902.r24	BACKTEST	BLOCKED	10983	WITHHOLD	-1
404	rt4_TMB-5_MAP_g_10903.r24	BACKTEST	BLOCKED	10983	WITHHOLD	-1
405	rt4_TMB-5_MAP_g_10904.r24	BACKTEST	BLOCKED	10983	WITHHOLD	-1
406	rt4_TMB-5_MAP_g_10905.r24	BACKTEST	BLOCKED	10983	WITHHOLD	-1
407	rt4_TMB-5_MAP_g_10906.r24	BACKTEST	BLOCKED	10983	WITHHOLD	-1
408	rt4_TMB-5_MAP_g_10907.r24	BACKTEST	BLOCKED	10983	WITHHOLD	-1
409	rt4_TMB-5_MAP_g_10908.r24	BACKTEST	BLOCKED	10983	WITHHOLD	-1
410	rt4_TMB-5_MAP_g_10909.r24	BACKTEST	BLOCKED	10983	WITHHOLD	-1
411	rt4_TMB-5_MAP_g_10910.r24	BACKTEST	BLOCKED	10983	WITHHOLD	-1
412	rt4_TMB-5_MAP_g_10911.r24	BACKTEST	BLOCKED	10983	WITHHOLD	-1
413	rt4_TMB-5_MAP_g_10912.r24	BACKTEST	BLOCKED	10983	WITHHOLD	-1
414	rt4_TMB-5_MAP_g_10913.r24	BACKTEST	BLOCKED	10983	WITHHOLD	-1
415	rt4_TMB-5_MAP_g_10914.r24	BACKTEST	BLOCKED	10983	WITHHOLD	-1
416	rt4_TMB-5_MAP_g_10915.r24	BACKTEST	BLOCKED	10983	WITHHOLD	-1
417	rt4_TMB-5_MAP_g_10916.r24	BACKTEST	BLOCKED	10983	WITHHOLD	-1
418	rt4_TMB-5_MAP_g_10917.r24	BACKTEST	BLOCKED	10983	CONFIRM_INSTALL	3
419	rt4_TMB-5_MAP_g_10918.r24	BACKTEST	BLOCKED	10983	WITHHOLD	-1
420	rt4_TMB-5_MAP_g_10919.r24	BACKTEST	BLOCKED	10983	WITHHOLD	-1
421	rt4_TMB-5_MAP_g_10920.r24	BACKTEST	BLOCKED	10983	WITHHOLD	-1
422	rt4_TMB-5_MAP_g_10921.r24	BACKTEST	BLOCKED	10983	WITHHOLD	-1
423	rt4_TMB-5_MAP_g_10922.r24	BACKTEST	BLOCKED	10983	WITHHOLD	-1
424	rt4_TMB-5_MAP_g_10923.r24	BACKTEST	BLOCKED	10983	WITHHOLD	-1
425	rt4_TMB-5_MAP_g_10924.r24	BACKTEST	BLOCKED	10983	WITHHOLD	-1
426	rt4_TMB-5_MAP_g_10925.r24	BACKTEST	BLOCKED	10983	WITHHOLD	-1
427	rt4_TMB-5_MAP_g_10926.r24	BACKTEST	BLOCKED	10983	WITHHOLD	-1
428	rt4_TMB-5_MAP_g_10927.r24	BACKTEST	BLOCKED	10983	WITHHOLD	-1
429	rt4_TMB-5_MAP_g_10928.r24	BACKTEST	BLOCKED	10983	WITHHOLD	-1
430	rt4_TMB-5_MAP_g_10929.r24	BACKTEST	BLOCKED	10983	WITHHOLD	-1
431	rt4_TMB-5_MAP_g_10930.r24	BACKTEST	BLOCKED	10983	WITHHOLD	-1
432	rt4_TMB-5_MAP_g_10931.r24	BACKTEST	BLOCKED	10983	WITHHOLD	-1
433	rt4_TMB-5_MAP_g_10932.r24	BACKTEST	BLOCKED	10983	WITHHOLD	-1
434	rt4_TMB-5_MAP_g_10933.r24	BACKTEST	BLOCKED	10983	WITHHOLD	-1
435	rt4_TMB-5_MAP_g_10934.r24	BACKTEST	BLOCKED	10983	WITHHOLD	-1
436	rt4_TMB-5_MAP_g_10935.r24	BACKTEST	BLOCKED	10983	WITHHOLD	-1
437	rt4_TMB-5_MAP_g_10936.r24	BACKTEST	BLOCKED	10983	WITHHOLD	-1
438	rt4_TMB-5_MAP_g_10937.r24	BACKTEST	BLOCKED	10983	WITHHOLD	-1
439	rt4_TMB-5_MAP_g_10938.r24	BACKTEST	BLOCKED	10983	WITHHOLD	-1
440	rt4_TMB-5_MAP_g_10939.r24	BACKTEST	BLOCKED	10983	WITHHOLD	-1
441	rt4_TMB-5_MAP_g_10940.r24	BACKTEST	BLOCKED	10983	WITHHOLD	-1
442	rt4_TMB-5_MAP_g_10941.r24	BACKTEST	BLOCKED	10983	WITHHOLD	-1
443	rt4_TMB-5_MAP_g_10942.r24	BACKTEST	BLOCKED	10983	WITHHOLD	-1
444	rt4_TMB-5_MAP_g_10943.r24	BACKTEST	BLOCKED	10983	WITHHOLD	-1
445	rt4_TMB-5_MAP_g_10944.r24	BACKTEST	BLOCKED	10983	WITHHOLD	-1
446	rt4_TMB-5_MAP_g_10945.r24	BACKTEST	BLOCKED	10983	WITHHOLD	-1
447	rt4_TMB-5_MAP_g_10946.r24	BACKTEST	BLOCKED	10983	WITHHOLD	-1
448	rt4_TMB-5_MAP_g_10947.r24	BACKTEST	BLOCKED	10983	WITHHOLD	-1
449	rt4_TMB-5_MAP_g_10948.r24	BACKTEST	BLOCKED	10983	WITHHOLD	-1
450	rt4_TMB-5_MAP_g_10949.r24	BACKTEST	BLOCKED	10983	WITHHOLD	-1
451	rt4_TMB-5_MAP_g_10950.r24	BACKTEST	BLOCKED	10983	WITHHOLD	-1
452	rt4_TMB-5_MAP_g_10951.r24	BACKTEST	BLOCKED	10983	WITHHOLD	-1
453	rt4_TMB-5_MAP_g_10952.r24	BACKTEST	BLOCKED	10983	WITHHOLD	-1
454	rt4_TMB-5_MAP_g_10953.r24	BACKTEST	BLOCKED	10983	WITHHOLD	-1
455	rt4_TMB-5_MAP_g_10954.r24	BACKTEST	BLOCKED	10983	WITHHOLD	-1
456	rt4_TMB-5_MAP_g_10955.r24	BACKTEST	BLOCKED	10983	WITHHOLD	-1
457	rt4_TMB-5_MAP_g_10956.r24	BACKTEST	BLOCKED	10983	WITHHOLD	-1
458	rt4_TMB-5_MAP_g_10957.r24	BACKTEST	BLOCKED	10983	WITHHOLD	-1
459	rt4_TMB-5_MAP_g_10958.r24	BACKTEST	BLOCKED	10983	WITHHOLD	-1
460	rt4_TMB-5_MAP_g_10959.r24	BACKTEST	BLOCKED	10983	WITHHOLD	-1
461	rt4_TMB-5_MAP_g_10960.r24	BACKTEST	BLOCKED	10983	WITHHOLD	-1
462	rt4_TMB-5_MAP_g_10961.r24	BACKTEST	BLOCKED	10983	WITHHOLD	-1
463	rt4_TMB-5_MAP_g_10962.r24	BACKTEST	BLOCKED	10983	WITHHOLD	-1
464	rt4_TMB-5_MAP_g_10963.r24	BACKTEST	BLOCKED	10983	WITHHOLD	-1
465	rt4_TMB-5_MAP_g_10964.r24	BACKTEST	BLOCKED	10983	WITHHOLD	-1
466	rt4_TMB-5_MAP_g_10965.r24	BACKTEST	BLOCKED	10983	WITHHOLD	-1
467	rt4_TMB-5_MAP_g_10966.r24	BACKTEST	BLOCKED	10983	WITHHOLD	-1
468	rt4_TMB-5_MAP_g_10967.r24	BACKTEST	BLOCKED	10983	WITHHOLD	-1
469	rt4_TMB-5_MAP_g_10968.r24	BACKTEST	BLOCKED	10983	CONFIRM_INSTALL	3
470	rt4_TMB-5_MAP_g_10969.r24	BACKTEST	BLOCKED	10983	WITHHOLD	-1
471	rt4_TMB-5_MAP_g_10970.r24	BACKTEST	BLOCKED	10983	WITHHOLD	-1
472	rt4_TMB-5_MAP_g_10971.r24	BACKTEST	BLOCKED	10983	WITHHOLD	-1
473	rt4_TMB-5_MAP_g_10972.r24	BACKTEST	BLOCKED	10983	WITHHOLD	-1
474	rt4_TMB-5_MAP_g_10973.r24	BACKTEST	BLOCKED	10983	WITHHOLD	-1
475	rt4_TMB-5_MAP_g_10974.r24	BACKTEST	BLOCKED	10983	WITHHOLD	-1
476	rt4_TMB-5_MAP_g_10975.r24	BACKTEST	BLOCKED	10983	WITHHOLD	-1
477	rt4_TMB-5_MAP_g_10976.r24	BACKTEST	BLOCKED	10983	WITHHOLD	-1
478	rt4_TMB-5_MAP_g_10977.r24	BACKTEST	BLOCKED	10983	WITHHOLD	-1
479	rt4_TMB-5_MAP_g_10978.r24	BACKTEST	BLOCKED	10983	WITHHOLD	-1
480	rt4_TMB-5_MAP_g_10979.r24	BACKTEST	BLOCKED	10983	WITHHOLD	-1
481	rt4_TMB-5_MAP_g_10980.r24	BACKTEST	BLOCKED	10983	WITHHOLD	-1
482	rt4_TMB-5_MAP_g_10981.r24	BACKTEST	BLOCKED	10983	WITHHOLD	-1
483	rt4_TMB-5_MAP_g_10982.r24	BACKTEST	BLOCKED	10983	WITHHOLD	-1
484	rt4_TMB-5_MAP_g_10983.r24	BACKTEST	BLOCKED	10983	WITHHOLD	-1
485	rt4_TMB-5_MAP_g_10984.r24	BACKTEST	BLOCKED	10983	WITHHOLD	-1
486	rt4_TMB-5_MAP_g_10985.r24	BACKTEST	BLOCKED	10983	WITHHOLD	-1
487	rt4_TMB-5_MAP_g_10986.r24	BACKTEST	BLOCKED	10983	WITHHOLD	-1
488	rt4_TMB-5_MAP_g_10987.r24	BACKTEST	BLOCKED	10983	WITHHOLD	-1
489	rt4_TMB-5_MAP_g_10988.r24	BACKTEST	BLOCKED	10983	WITHHOLD	-1
490	rt4_TMB-5_MAP_g_10989.r24	BACKTEST	BLOCKED	10983	WITHHOLD	-1
491	rt4_TMB-5_MAP_g_10990.r24	BACKTEST	BLOCKED	10983	WITHHOLD	-1
492	rt4_TMB-5_MAP_g_10991.r24	BACKTEST	BLOCKED	10983	WITHHOLD	-1
493	rt4_TMB-5_MAP_g_10992.r24	BACKTEST	BLOCKED	10983	WITHHOLD	-1
494	rt4_TMB-5_MAP_g_10993.r24	BACKTEST	BLOCKED	10983	WITHHOLD	-1
495	rt4_TMB-5_MAP_g_10994.r24	BACKTEST	BLOCKED	10983	WITHHOLD	-1
496	rt4_TMB-5_MAP_g_10995.r24	BACKTEST	BLOCKED	10983	WITHHOLD	-1
497	rt4_TMB-5_MAP_g_10996.r24	BACKTEST	BLOCKED	10983	WITHHOLD	-1
498	rt4_TMB-5_MAP_g_10997.r24	BACKTEST	BLOCKED	10983	WITHHOLD	-1
499	rt4_TMB-5_MAP_g_10998.r24	BACKTEST	BLOCKED	10983	WITHHOLD	-1
500	rt4_TMB-5_MAP_g_10999.r24	BACKTEST	BLOCKED	10983	WITHHOLD	-1
SETSUM NEAR n=0 blocked=0 confirmed=0 withheld=0
SETSUM FAR n=0 blocked=0
SETSUM BACKTEST n=500 blocked=497
BACKTEST false_blocked=0 false_withheld=0 false_escaped=0 true_blocked=497
DELAYBAR delayed_gt50=0 over=0
HIST 0=0 1-3=0 4-10=0 11-50=0 51-100=0 101-300=0 301+=0 WITHHELD=0
SERIAL delayed_gt50=0
SANITY MISMATCH
