1	rt4_TMB-5_MAP_g_8500.r24	BACKTEST	BLOCKED	10983	CONFIRM_INSTALL	3
2	rt4_TMB-5_MAP_g_8501.r24	BACKTEST	BLOCKED	10983	WITHHOLD	-1
3	rt4_TMB-5_MAP_g_8502.r24	BACKTEST	BLOCKED	10983	WITHHOLD	-1
4	rt4_TMB-5_MAP_g_8503.r24	BACKTEST	BLOCKED	10983	WITHHOLD	-1
5	rt4_TMB-5_MAP_g_8504.r24	BACKTEST	BLOCKED	10983	WITHHOLD	-1
6	rt4_TMB-5_MAP_g_8505.r24	BACKTEST	BLOCKED	10983	WITHHOLD	-1
7	rt4_TMB-5_MAP_g_8506.r24	BACKTEST	BLOCKED	10983	WITHHOLD	-1
8	rt4_TMB-5_MAP_g_8507.r24	BACKTEST	BLOCKED	10983	WITHHOLD	-1
9	rt4_TMB-5_MAP_g_8508.r24	BACKTEST	BLOCKED	10983	WITHHOLD	-1
10	rt4_TMB-5_MAP_g_8509.r24	BACKTEST	BLOCKED	10983	WITHHOLD	-1
11	rt4_TMB-5_MAP_g_8510.r24	BACKTEST	BLOCKED	10983	WITHHOLD	-1
12	rt4_TMB-5_MAP_g_8511.r24	BACKTEST	BLOCKED	10983	WITHHOLD	-1
13	rt4_TMB-5_MAP_g_8512.r24	BACKTEST	BLOCKED	10983	WITHHOLD	-1
14	rt4_TMB-5_MAP_g_8513.r24	BACKTEST	BLOCKED	10983	WITHHOLD	-1
15	rt4_TMB-5_MAP_g_8514.r24	BACKTEST	BLOCKED	10983	WITHHOLD	-1
16	rt4_TMB-5_MAP_g_8515.r24	BACKTEST	BLOCKED	10983	WITHHOLD	-1
17	rt4_TMB-5_MAP_g_8516.r24	BACKTEST	BLOCKED	10983	WITHHOLD	-1
18	rt4_TMB-5_MAP_g_8517.r24	BACKTEST	BLOCKED	10983	WITHHOLD	-1
19	rt4_TMB-5_MAP_g_8518.r24	BACKTEST	BLOCKED	10983	WITHHOLD	-1
20	rt4_TMB-5_MAP_g_8519.r24	BACKTEST	BLOCKED	10983	WITHHOLD	-1
21	rt4_TMB-5_MAP_g_8520.r24	BACKTEST	BLOCKED	10983	WITHHOLD	-1
22	rt4_TMB-5_MAP_g_8521.r24	BACKTEST	BLOCKED	10983	WITHHOLD	-1
23	rt4_TMB-5_MAP_g_8522.r24	BACKTEST	BLOCKED	10983	WITHHOLD	-1
24	rt4_TMB-5_MAP_g_8523.r24	BACKTEST	BLOCKED	10983	WITHHOLD	-1
25	rt4_TMB-5_MAP_g_8524.r24	BACKTEST	BLOCKED	10983	WITHHOLD	-1
26	rt4_TMB-5_MAP_g_8525.r24	BACKTEST	BLOCKED	10983	CONFIRM_INSTALL	3
27	rt4_TMB-5_MAP_g_8526.r24	BACKTEST	BLOCKED	10983	WITHHOLD	-1
28	rt4_TMB-5_MAP_g_8527.r24	BACKTEST	BLOCKED	10983	WITHHOLD	-1
29	rt4_TMB-5_MAP_g_8528.r24	BACKTEST	BLOCKED	10983	WITHHOLD	-1
30	rt4_TMB-5_MAP_g_8529.r24	BACKTEST	BLOCKED	10983	WITHHOLD	-1
31	rt4_TMB-5_MAP_g_8530.r24	BACKTEST	BLOCKED	10983	WITHHOLD	-1
32	rt4_TMB-5_MAP_g_8531.r24	BACKTEST	BLOCKED	10983	WITHHOLD	-1
33	rt4_TMB-5_MAP_g_8532.r24	BACKTEST	BLOCKED	10983	WITHHOLD	-1
34	rt4_TMB-5_MAP_g_8533.r24	BACKTEST	BLOCKED	10983	WITHHOLD	-1
35	rt4_TMB-5_MAP_g_8534.r24	BACKTEST	BLOCKED	10983	WITHHOLD	-1
36	rt4_TMB-5_MAP_g_8535.r24	BACKTEST	BLOCKED	10983	WITHHOLD	-1
37	rt4_TMB-5_MAP_g_8536.r24	BACKTEST	BLOCKED	10983	WITHHOLD	-1
38	rt4_TMB-5_MAP_g_8537.r24	BACKTEST	BLOCKED	10983	WITHHOLD	-1
39	rt4_TMB-5_MAP_g_8538.r24	BACKTEST	BLOCKED	10983	WITHHOLD	-1
40	rt4_TMB-5_MAP_g_8539.r24	BACKTEST	BLOCKED	10983	WITHHOLD	-1
41	rt4_TMB-5_MAP_g_8540.r24	BACKTEST	BLOCKED	10983	WITHHOLD	-1
42	rt4_TMB-5_MAP_g_8541.r24	BACKTEST	BLOCKED	10983	WITHHOLD	-1
43	rt4_TMB-5_MAP_g_8542.r24	BACKTEST	BLOCKED	10983	WITHHOLD	-1
44	rt4_TMB-5_MAP_g_8543.r24	BACKTEST	BLOCKED	10983	WITHHOLD	-1
45	rt4_TMB-5_MAP_g_8544.r24	BACKTEST	BLOCKED	10983	WITHHOLD	-1
46	rt4_TMB-5_MAP_g_8545.r24	BACKTEST	BLOCKED	10983	WITHHOLD	-1
47	rt4_TMB-5_MAP_g_8546.r24	BACKTEST	BLOCKED	10983	WITHHOLD	-1
48	rt4_TMB-5_MAP_g_8547.r24	BACKTEST	BLOCKED	10983	WITHHOLD	-1
49	rt4_TMB-5_MAP_g_8548.r24	BACKTEST	BLOCKED	10983	WITHHOLD	-1
50	rt4_TMB-5_MAP_g_8549.r24	BACKTEST	BLOCKED	10983	WITHHOLD	-1
51	rt4_TMB-5_MAP_g_8550.r24	BACKTEST	BLOCKED	10983	CONFIRM_INSTALL	3
52	rt4_TMB-5_MAP_g_8551.r24	BACKTEST	BLOCKED	10983	WITHHOLD	-1
53	rt4_TMB-5_MAP_g_8552.r24	BACKTEST	BLOCKED	10983	WITHHOLD	-1
54	rt4_TMB-5_MAP_g_8553.r24	BACKTEST	BLOCKED	10983	WITHHOLD	-1
55	rt4_TMB-5_MAP_g_8554.r24	BACKTEST	BLOCKED	10983	WITHHOLD	-1
56	rt4_TMB-5_MAP_g_8555.r24	BACKTEST	BLOCKED	10983	WITHHOLD	-1
57	rt4_TMB-5_MAP_g_8556.r24	BACKTEST	BLOCKED	10983	WITHHOLD	-1
58	rt4_TMB-5_MAP_g_8557.r24	BACKTEST	BLOCKED	10983	WITHHOLD	-1
59	rt4_TMB-5_MAP_g_8558.r24	BACKTEST	BLOCKED	10983	WITHHOLD	-1
60	rt4_TMB-5_MAP_g_8559.r24	BACKTEST	BLOCKED	10983	WITHHOLD	-1
61	rt4_TMB-5_MAP_g_8560.r24	BACKTEST	BLOCKED	10983	WITHHOLD	-1
62	rt4_TMB-5_MAP_g_8561.r24	BACKTEST	BLOCKED	10983	WITHHOLD	-1
63	rt4_TMB-5_MAP_g_8562.r24	BACKTEST	BLOCKED	10983	WITHHOLD	-1
64	rt4_TMB-5_MAP_g_8563.r24	BACKTEST	BLOCKED	10983	WITHHOLD	-1
65	rt4_TMB-5_MAP_g_8564.r24	BACKTEST	BLOCKED	10983	WITHHOLD	-1
66	rt4_TMB-5_MAP_g_8565.r24	BACKTEST	BLOCKED	10983	WITHHOLD	-1
67	rt4_TMB-5_MAP_g_8566.r24	BACKTEST	BLOCKED	10983	WITHHOLD	-1
68	rt4_TMB-5_MAP_g_8567.r24	BACKTEST	BLOCKED	10983	WITHHOLD	-1
69	rt4_TMB-5_MAP_g_8568.r24	BACKTEST	BLOCKED	10983	WITHHOLD	-1
70	rt4_TMB-5_MAP_g_8569.r24	BACKTEST	BLOCKED	10983	WITHHOLD	-1
71	rt4_TMB-5_MAP_g_8570.r24	BACKTEST	BLOCKED	10983	WITHHOLD	-1
72	rt4_TMB-5_MAP_g_8571.r24	BACKTEST	BLOCKED	10992	WITHHOLD	-1
73	rt4_TMB-5_MAP_g_8572.r24	BACKTEST	BLOCKED	10992	WITHHOLD	-1
74	rt4_TMB-5_MAP_g_8573.r24	BACKTEST	ALLOWED	-	-	0
75	rt4_TMB-5_MAP_g_8574.r24	BACKTEST	ALLOWED	-	-	0
76	rt4_TMB-5_MAP_g_8575.r24	BACKTEST	ALLOWED	-	-	0
77	rt4_TMB-5_MAP_g_8576.r24	BACKTEST	ALLOWED	-	-	0
78	rt4_TMB-5_MAP_g_8577.r24	BACKTEST	BLOCKED	10983	WITHHOLD	-1
79	rt4_TMB-5_MAP_g_8578.r24	BACKTEST	BLOCKED	10983	WITHHOLD	-1
80	rt4_TMB-5_MAP_g_8579.r24	BACKTEST	BLOCKED	10983	WITHHOLD	-1
81	rt4_TMB-5_MAP_g_8580.r24	BACKTEST	BLOCKED	10983	WITHHOLD	-1
82	rt4_TMB-5_MAP_g_8581.r24	BACKTEST	BLOCKED	10983	WITHHOLD	-1
83	rt4_TMB-5_MAP_g_8582.r24	BACKTEST	BLOCKED	10983	WITHHOLD	-1
84	rt4_TMB-5_MAP_g_8583.r24	BACKTEST	BLOCKED	10983	WITHHOLD	-1
85	rt4_TMB-5_MAP_g_8584.r24	BACKTEST	BLOCKED	10983	WITHHOLD	-1
86	rt4_TMB-5_MAP_g_8585.r24	BACKTEST	BLOCKED	10983	WITHHOLD	-1
87	rt4_TMB-5_MAP_g_8586.r24	BACKTEST	BLOCKED	10983	WITHHOLD	-1
88	rt4_TMB-5_MAP_g_8587.r24	BACKTEST	BLOCKED	10983	WITHHOLD	-1
89	rt4_TMB-5_MAP_g_8588.r24	BACKTEST	BLOCKED	10983	WITHHOLD	-1
90	rt4_TMB-5_MAP_g_8589.r24	BACKTEST	BLOCKED	10983	WITHHOLD	-1
91	rt4_TMB-5_MAP_g_8590.r24	BACKTEST	BLOCKED	10983	WITHHOLD	-1
92	rt4_TMB-5_MAP_g_8591.r24	BACKTEST	BLOCKED	10983	WITHHOLD	-1
93	rt4_TMB-5_MAP_g_8592.r24	BACKTEST	BLOCKED	10983	WITHHOLD	-1
94	rt4_TMB-5_MAP_g_8593.r24	BACKTEST	BLOCKED	10983	WITHHOLD	-1
95	rt4_TMB-5_MAP_g_8594.r24	BACKTEST	BLOCKED	10983	WITHHOLD	-1
96	rt4_TMB-5_MAP_g_8595.r24	BACKTEST	BLOCKED	10983	WITHHOLD	-1
97	rt4_TMB-5_MAP_g_8596.r24	BACKTEST	BLOCKED	10983	WITHHOLD	-1
98	rt4_TMB-5_MAP_g_8597.r24	BACKTEST	BLOCKED	10983	WITHHOLD	-1
99	rt4_TMB-5_MAP_g_8598.r24	BACKTEST	BLOCKED	10983	WITHHOLD	-1
100	rt4_TMB-5_MAP_g_8599.r24	BACKTEST	BLOCKED	10983	WITHHOLD	-1
101	rt4_TMB-5_MAP_g_8600.r24	BACKTEST	BLOCKED	10983	WITHHOLD	-1
102	rt4_TMB-5_MAP_g_8601.r24	BACKTEST	BLOCKED	10983	WITHHOLD	-1
103	rt4_TMB-5_MAP_g_8602.r24	BACKTEST	BLOCKED	10983	WITHHOLD	-1
104	rt4_TMB-5_MAP_g_8603.r24	BACKTEST	BLOCKED	10983	WITHHOLD	-1
105	rt4_TMB-5_MAP_g_8604.r24	BACKTEST	BLOCKED	10983	WITHHOLD	-1
106	rt4_TMB-5_MAP_g_8605.r24	BACKTEST	BLOCKED	10983	WITHHOLD	-1
107	rt4_TMB-5_MAP_g_8606.r24	BACKTEST	BLOCKED	10983	WITHHOLD	-1
108	rt4_TMB-5_MAP_g_8607.r24	BACKTEST	BLOCKED	10983	WITHHOLD	-1
109	rt4_TMB-5_MAP_g_8608.r24	BACKTEST	BLOCKED	10983	WITHHOLD	-1
110	rt4_TMB-5_MAP_g_8609.r24	BACKTEST	BLOCKED	10983	WITHHOLD	-1
111	rt4_TMB-5_MAP_g_8610.r24	BACKTEST	BLOCKED	10983	WITHHOLD	-1
112	rt4_TMB-5_MAP_g_8611.r24	BACKTEST	BLOCKED	10983	WITHHOLD	-1
113	rt4_TMB-5_MAP_g_8612.r24	BACKTEST	BLOCKED	10983	WITHHOLD	-1
114	rt4_TMB-5_MAP_g_8613.r24	BACKTEST	BLOCKED	10983	WITHHOLD	-1
115	rt4_TMB-5_MAP_g_8614.r24	BACKTEST	BLOCKED	10983	WITHHOLD	-1
116	rt4_TMB-5_MAP_g_8615.r24	BACKTEST	BLOCKED	10983	WITHHOLD	-1
117	rt4_TMB-5_MAP_g_8616.r24	BACKTEST	BLOCKED	10983	WITHHOLD	-1
118	rt4_TMB-5_MAP_g_8617.r24	BACKTEST	BLOCKED	10983	WITHHOLD	-1
119	rt4_TMB-5_MAP_g_8618.r24	BACKTEST	BLOCKED	10983	WITHHOLD	-1
120	rt4_TMB-5_MAP_g_8619.r24	BACKTEST	BLOCKED	10983	WITHHOLD	-1
121	rt4_TMB-5_MAP_g_8620.r24	BACKTEST	BLOCKED	10983	WITHHOLD	-1
122	rt4_TMB-5_MAP_g_8621.r24	BACKTEST	BLOCKED	10983	WITHHOLD	-1
123	rt4_TMB-5_MAP_g_8622.r24	BACKTEST	BLOCKED	10983	WITHHOLD	-1
124	rt4_TMB-5_MAP_g_8623.r24	BACKTEST	BLOCKED	10983	WITHHOLD	-1
125	rt4_TMB-5_MAP_g_8624.r24	BACKTEST	BLOCKED	10983	WITHHOLD	-1
126	rt4_TMB-5_MAP_g_8625.r24	BACKTEST	BLOCKED	10983	WITHHOLD	-1
127	rt4_TMB-5_MAP_g_8626.r24	BACKTEST	BLOCKED	10983	WITHHOLD	-1
128	rt4_TMB-5_MAP_g_8627.r24	BACKTEST	BLOCKED	10983	WITHHOLD	-1
129	rt4_TMB-5_MAP_g_8628.r24	BACKTEST	BLOCKED	10983	WITHHOLD	-1
130	rt4_TMB-5_MAP_g_8629.r24	BACKTEST	BLOCKED	10983	WITHHOLD	-1
131	rt4_TMB-5_MAP_g_8630.r24	BACKTEST	BLOCKED	10983	WITHHOLD	-1
132	rt4_TMB-5_MAP_g_8631.r24	BACKTEST	BLOCKED	10983	WITHHOLD	-1
133	rt4_TMB-5_MAP_g_8632.r24	BACKTEST	BLOCKED	10983	WITHHOLD	-1
134	rt4_TMB-5_MAP_g_8633.r24	BACKTEST	BLOCKED	10983	WITHHOLD	-1
135	rt4_TMB-5_MAP_g_8634.r24	BACKTEST	BLOCKED	10983	WITHHOLD	-1
136	rt4_TMB-5_MAP_g_8635.r24	BACKTEST	BLOCKED	10983	WITHHOLD	-1
137	rt4_TMB-5_MAP_g_8636.r24	BACKTEST	BLOCKED	10983	WITHHOLD	-1
138	rt4_TMB-5_MAP_g_8637.r24	BACKTEST	BLOCKED	10983	WITHHOLD	-1
139	rt4_TMB-5_MAP_g_8638.r24	BACKTEST	BLOCKED	10983	WITHHOLD	-1
140	rt4_TMB-5_MAP_g_8639.r24	BACKTEST	BLOCKED	10983	WITHHOLD	-1
141	rt4_TMB-5_MAP_g_8640.r24	BACKTEST	BLOCKED	10983	WITHHOLD	-1
142	rt4_TMB-5_MAP_g_8641.r24	BACKTEST	BLOCKED	10983	WITHHOLD	-1
143	rt4_TMB-5_MAP_g_8642.r24	BACKTEST	BLOCKED	10983	WITHHOLD	-1
144	rt4_TMB-5_MAP_g_8643.r24	BACKTEST	BLOCKED	10983	WITHHOLD	-1
145	rt4_TMB-5_MAP_g_8644.r24	BACKTEST	BLOCKED	10983	WITHHOLD	-1
146	rt4_TMB-5_MAP_g_8645.r24	BACKTEST	BLOCKED	10983	WITHHOLD	-1
147	rt4_TMB-5_MAP_g_8646.r24	BACKTEST	BLOCKED	10983	WITHHOLD	-1
148	rt4_TMB-5_MAP_g_8647.r24	BACKTEST	BLOCKED	10983	WITHHOLD	-1
149	rt4_TMB-5_MAP_g_8648.r24	BACKTEST	BLOCKED	10983	WITHHOLD	-1
150	rt4_TMB-5_MAP_g_8649.r24	BACKTEST	BLOCKED	10983	WITHHOLD	-1
151	rt4_TMB-5_MAP_g_8650.r24	BACKTEST	BLOCKED	10983	WITHHOLD	-1
152	rt4_TMB-5_MAP_g_8651.r24	BACKTEST	BLOCKED	10983	WITHHOLD	-1
153	rt4_TMB-5_MAP_g_8652.r24	BACKTEST	BLOCKED	10983	WITHHOLD	-1
154	rt4_TMB-5_MAP_g_8653.r24	BACKTEST	BLOCKED	10983	WITHHOLD	-1
155	rt4_TMB-5_MAP_g_8654.r24	BACKTEST	BLOCKED	10983	WITHHOLD	-1
156	rt4_TMB-5_MAP_g_8655.r24	BACKTEST	BLOCKED	10983	WITHHOLD	-1
157	rt4_TMB-5_MAP_g_8656.r24	BACKTEST	BLOCKED	10983	CONFIRM_INSTALL	3
158	rt4_TMB-5_MAP_g_8657.r24	BACKTEST	BLOCKED	10983	WITHHOLD	-1
159	rt4_TMB-5_MAP_g_8658.r24	BACKTEST	BLOCKED	10983	WITHHOLD	-1
160	rt4_TMB-5_MAP_g_8659.r24	BACKTEST	BLOCKED	10983	WITHHOLD	-1
161	rt4_TMB-5_MAP_g_8660.r24	BACKTEST	BLOCKED	10983	WITHHOLD	-1
162	rt4_TMB-5_MAP_g_8661.r24	BACKTEST	BLOCKED	10983	WITHHOLD	-1
163	rt4_TMB-5_MAP_g_8662.r24	BACKTEST	BLOCKED	10983	WITHHOLD	-1
164	rt4_TMB-5_MAP_g_8663.r24	BACKTEST	BLOCKED	10983	WITHHOLD	-1
165	rt4_TMB-5_MAP_g_8664.r24	BACKTEST	BLOCKED	10983	WITHHOLD	-1
166	rt4_TMB-5_MAP_g_8665.r24	BACKTEST	BLOCKED	10983	WITHHOLD	-1
167	rt4_TMB-5_MAP_g_8666.r24	BACKTEST	BLOCKED	10983	WITHHOLD	-1
168	rt4_TMB-5_MAP_g_8667.r24	BACKTEST	BLOCKED	10983	WITHHOLD	-1
169	rt4_TMB-5_MAP_g_8668.r24	BACKTEST	BLOCKED	10983	WITHHOLD	-1
170	rt4_TMB-5_MAP_g_8669.r24	BACKTEST	BLOCKED	10983	WITHHOLD	-1
171	rt4_TMB-5_MAP_g_8670.r24	BACKTEST	BLOCKED	10983	WITHHOLD	-1
172	rt4_TMB-5_MAP_g_8671.r24	BACKTEST	BLOCKED	10983	WITHHOLD	-1
173	rt4_TMB-5_MAP_g_8672.r24	BACKTEST	BLOCKED	10983	WITHHOLD	-1
174	rt4_TMB-5_MAP_g_8673.r24	BACKTEST	BLOCKED	10983	WITHHOLD	-1
175	rt4_TMB-5_MAP_g_8674.r24	BACKTEST	BLOCKED	10983	WITHHOLD	-1
176	rt4_TMB-5_MAP_g_8675.r24	BACKTEST	BLOCKED	10983	WITHHOLD	-1
177	rt4_TMB-5_MAP_g_8676.r24	BACKTEST	BLOCKED	10983	WITHHOLD	-1
178	rt4_TMB-5_MAP_g_8677.r24	BACKTEST	BLOCKED	10983	WITHHOLD	-1
179	rt4_TMB-5_MAP_g_8678.r24	BACKTEST	BLOCKED	10983	WITHHOLD	-1
180	rt4_TMB-5_MAP_g_8679.r24	BACKTEST	BLOCKED	10983	WITHHOLD	-1
181	rt4_TMB-5_MAP_g_8680.r24	BACKTEST	BLOCKED	10983	WITHHOLD	-1
182	rt4_TMB-5_MAP_g_8681.r24	BACKTEST	BLOCKED	10983	WITHHOLD	-1
183	rt4_TMB-5_MAP_g_8682.r24	BACKTEST	BLOCKED	10983	WITHHOLD	-1
184	rt4_TMB-5_MAP_g_8683.r24	BACKTEST	BLOCKED	10983	WITHHOLD	-1
185	rt4_TMB-5_MAP_g_8684.r24	BACKTEST	BLOCKED	10983	WITHHOLD	-1
186	rt4_TMB-5_MAP_g_8685.r24	BACKTEST	BLOCKED	10983	WITHHOLD	-1
187	rt4_TMB-5_MAP_g_8686.r24	BACKTEST	BLOCKED	10983	WITHHOLD	-1
188	rt4_TMB-5_MAP_g_8687.r24	BACKTEST	BLOCKED	10983	WITHHOLD	-1
189	rt4_TMB-5_MAP_g_8688.r24	BACKTEST	BLOCKED	10983	WITHHOLD	-1
190	rt4_TMB-5_MAP_g_8689.r24	BACKTEST	BLOCKED	10983	WITHHOLD	-1
191	rt4_TMB-5_MAP_g_8690.r24	BACKTEST	BLOCKED	10983	WITHHOLD	-1
192	rt4_TMB-5_MAP_g_8691.r24	BACKTEST	BLOCKED	10983	WITHHOLD	-1
193	rt4_TMB-5_MAP_g_8692.r24	BACKTEST	BLOCKED	10983	WITHHOLD	-1
194	rt4_TMB-5_MAP_g_8693.r24	BACKTEST	BLOCKED	10983	WITHHOLD	-1
195	rt4_TMB-5_MAP_g_8694.r24	BACKTEST	BLOCKED	10983	WITHHOLD	-1
196	rt4_TMB-5_MAP_g_8695.r24	BACKTEST	BLOCKED	10983	WITHHOLD	-1
197	rt4_TMB-5_MAP_g_8696.r24	BACKTEST	BLOCKED	10983	CONFIRM_INSTALL	3
198	rt4_TMB-5_MAP_g_8697.r24	BACKTEST	BLOCKED	10983	WITHHOLD	-1
199	rt4_TMB-5_MAP_g_8698.r24	BACKTEST	BLOCKED	10983	WITHHOLD	-1
200	rt4_TMB-5_MAP_g_8699.r24	BACKTEST	BLOCKED	10983	WITHHOLD	-1
201	rt4_TMB-5_MAP_g_8700.r24	BACKTEST	BLOCKED	10983	WITHHOLD	-1
202	rt4_TMB-5_MAP_g_8701.r24	BACKTEST	BLOCKED	10983	WITHHOLD	-1
203	rt4_TMB-5_MAP_g_8702.r24	BACKTEST	BLOCKED	10983	WITHHOLD	-1
204	rt4_TMB-5_MAP_g_8703.r24	BACKTEST	BLOCKED	10983	WITHHOLD	-1
205	rt4_TMB-5_MAP_g_8704.r24	BACKTEST	BLOCKED	10983	WITHHOLD	-1
206	rt4_TMB-5_MAP_g_8705.r24	BACKTEST	BLOCKED	10983	WITHHOLD	-1
207	rt4_TMB-5_MAP_g_8706.r24	BACKTEST	BLOCKED	10983	WITHHOLD	-1
208	rt4_TMB-5_MAP_g_8707.r24	BACKTEST	BLOCKED	10983	WITHHOLD	-1
209	rt4_TMB-5_MAP_g_8708.r24	BACKTEST	BLOCKED	10983	WITHHOLD	-1
210	rt4_TMB-5_MAP_g_8709.r24	BACKTEST	BLOCKED	10983	WITHHOLD	-1
211	rt4_TMB-5_MAP_g_8710.r24	BACKTEST	BLOCKED	10983	WITHHOLD	-1
212	rt4_TMB-5_MAP_g_8711.r24	BACKTEST	BLOCKED	10983	WITHHOLD	-1
213	rt4_TMB-5_MAP_g_8712.r24	BACKTEST	BLOCKED	10983	WITHHOLD	-1
214	rt4_TMB-5_MAP_g_8713.r24	BACKTEST	BLOCKED	10983	WITHHOLD	-1
215	rt4_TMB-5_MAP_g_8714.r24	BACKTEST	BLOCKED	10983	WITHHOLD	-1
216	rt4_TMB-5_MAP_g_8715.r24	BACKTEST	BLOCKED	10983	WITHHOLD	-1
217	rt4_TMB-5_MAP_g_8716.r24	BACKTEST	BLOCKED	10983	WITHHOLD	-1
218	rt4_TMB-5_MAP_g_8717.r24	BACKTEST	BLOCKED	10983	WITHHOLD	-1
219	rt4_TMB-5_MAP_g_8718.r24	BACKTEST	BLOCKED	10983	WITHHOLD	-1
220	rt4_TMB-5_MAP_g_8719.r24	BACKTEST	BLOCKED	10983	WITHHOLD	-1
221	rt4_TMB-5_MAP_g_8720.r24	BACKTEST	BLOCKED	10983	WITHHOLD	-1
222	rt4_TMB-5_MAP_g_8721.r24	BACKTEST	BLOCKED	10983	WITHHOLD	-1
223	rt4_TMB-5_MAP_g_8722.r24	BACKTEST	BLOCKED	10983	WITHHOLD	-1
224	rt4_TMB-5_MAP_g_8723.r24	BACKTEST	BLOCKED	10983	WITHHOLD	-1
225	rt4_TMB-5_MAP_g_8724.r24	BACKTEST	BLOCKED	10983	WITHHOLD	-1
226	rt4_TMB-5_MAP_g_8725.r24	BACKTEST	BLOCKED	10983	WITHHOLD	-1
227	rt4_TMB-5_MAP_g_8726.r24	BACKTEST	BLOCKED	10983	WITHHOLD	-1
228	rt4_TMB-5_MAP_g_8727.r24	BACKTEST	BLOCKED	10983	WITHHOLD	-1
229	rt4_TMB-5_MAP_g_8728.r24	BACKTEST	BLOCKED	10983	WITHHOLD	-1
230	rt4_TMB-5_MAP_g_8729.r24	BACKTEST	BLOCKED	10983	WITHHOLD	-1
231	rt4_TMB-5_MAP_g_8730.r24	BACKTEST	BLOCKED	10983	WITHHOLD	-1
232	rt4_TMB-5_MAP_g_8731.r24	BACKTEST	BLOCKED	10983	CONFIRM_INSTALL	3
233	rt4_TMB-5_MAP_g_8732.r24	BACKTEST	BLOCKED	10983	WITHHOLD	-1
234	rt4_TMB-5_MAP_g_8733.r24	BACKTEST	BLOCKED	10983	WITHHOLD	-1
235	rt4_TMB-5_MAP_g_8734.r24	BACKTEST	BLOCKED	10983	WITHHOLD	-1
236	rt4_TMB-5_MAP_g_8735.r24	BACKTEST	BLOCKED	10983	WITHHOLD	-1
237	rt4_TMB-5_MAP_g_8736.r24	BACKTEST	BLOCKED	10983	WITHHOLD	-1
238	rt4_TMB-5_MAP_g_8737.r24	BACKTEST	BLOCKED	10983	WITHHOLD	-1
239	rt4_TMB-5_MAP_g_8738.r24	BACKTEST	BLOCKED	10983	WITHHOLD	-1
240	rt4_TMB-5_MAP_g_8739.r24	BACKTEST	BLOCKED	10983	WITHHOLD	-1
241	rt4_TMB-5_MAP_g_8740.r24	BACKTEST	BLOCKED	10983	WITHHOLD	-1
242	rt4_TMB-5_MAP_g_8741.r24	BACKTEST	BLOCKED	10983	WITHHOLD	-1
243	rt4_TMB-5_MAP_g_8742.r24	BACKTEST	BLOCKED	10983	WITHHOLD	-1
244	rt4_TMB-5_MAP_g_8743.r24	BACKTEST	BLOCKED	10983	WITHHOLD	-1
245	rt4_TMB-5_MAP_g_8744.r24	BACKTEST	BLOCKED	10983	WITHHOLD	-1
246	rt4_TMB-5_MAP_g_8745.r24	BACKTEST	BLOCKED	10983	WITHHOLD	-1
247	rt4_TMB-5_MAP_g_8746.r24	BACKTEST	BLOCKED	10983	WITHHOLD	-1
248	rt4_TMB-5_MAP_g_8747.r24	BACKTEST	BLOCKED	10983	WITHHOLD	-1
249	rt4_TMB-5_MAP_g_8748.r24	BACKTEST	BLOCKED	10983	WITHHOLD	-1
250	rt4_TMB-5_MAP_g_8749.r24	BACKTEST	BLOCKED	10983	WITHHOLD	-1
251	rt4_TMB-5_MAP_g_8750.r24	BACKTEST	BLOCKED	10983	WITHHOLD	-1
252	rt4_TMB-5_MAP_g_8751.r24	BACKTEST	BLOCKED	10983	WITHHOLD	-1
253	rt4_TMB-5_MAP_g_8752.r24	BACKTEST	BLOCKED	10983	WITHHOLD	-1
254	rt4_TMB-5_MAP_g_8753.r24	BACKTEST	BLOCKED	10983	WITHHOLD	-1
255	rt4_TMB-5_MAP_g_8754.r24	BACKTEST	BLOCKED	10983	WITHHOLD	-1
256	rt4_TMB-5_MAP_g_8755.r24	BACKTEST	BLOCKED	10983	WITHHOLD	-1
257	rt4_TMB-5_MAP_g_8756.r24	BACKTEST	BLOCKED	10983	CONFIRM_INSTALL	3
258	rt4_TMB-5_MAP_g_8757.r24	BACKTEST	BLOCKED	10983	WITHHOLD	-1
259	rt4_TMB-5_MAP_g_8758.r24	BACKTEST	BLOCKED	10983	WITHHOLD	-1
260	rt4_TMB-5_MAP_g_8759.r24	BACKTEST	BLOCKED	10983	WITHHOLD	-1
261	rt4_TMB-5_MAP_g_8760.r24	BACKTEST	BLOCKED	10983	WITHHOLD	-1
262	rt4_TMB-5_MAP_g_8761.r24	BACKTEST	BLOCKED	10983	WITHHOLD	-1
263	rt4_TMB-5_MAP_g_8762.r24	BACKTEST	BLOCKED	10983	WITHHOLD	-1
264	rt4_TMB-5_MAP_g_8763.r24	BACKTEST	BLOCKED	10983	WITHHOLD	-1
265	rt4_TMB-5_MAP_g_8764.r24	BACKTEST	BLOCKED	10983	WITHHOLD	-1
266	rt4_TMB-5_MAP_g_8765.r24	BACKTEST	BLOCKED	10983	WITHHOLD	-1
267	rt4_TMB-5_MAP_g_8766.r24	BACKTEST	BLOCKED	10983	WITHHOLD	-1
268	rt4_TMB-5_MAP_g_8767.r24	BACKTEST	BLOCKED	10983	WITHHOLD	-1
269	rt4_TMB-5_MAP_g_8768.r24	BACKTEST	BLOCKED	10983	WITHHOLD	-1
270	rt4_TMB-5_MAP_g_8769.r24	BACKTEST	BLOCKED	10983	WITHHOLD	-1
271	rt4_TMB-5_MAP_g_8770.r24	BACKTEST	BLOCKED	10983	WITHHOLD	-1
272	rt4_TMB-5_MAP_g_8771.r24	BACKTEST	BLOCKED	10983	WITHHOLD	-1
273	rt4_TMB-5_MAP_g_8772.r24	BACKTEST	BLOCKED	10983	WITHHOLD	-1
274	rt4_TMB-5_MAP_g_8773.r24	BACKTEST	BLOCKED	10983	WITHHOLD	-1
275	rt4_TMB-5_MAP_g_8774.r24	BACKTEST	BLOCKED	10983	WITHHOLD	-1
276	rt4_TMB-5_MAP_g_8775.r24	BACKTEST	BLOCKED	10983	WITHHOLD	-1
277	rt4_TMB-5_MAP_g_8776.r24	BACKTEST	BLOCKED	10983	WITHHOLD	-1
278	rt4_TMB-5_MAP_g_8777.r24	BACKTEST	BLOCKED	10983	WITHHOLD	-1
279	rt4_TMB-5_MAP_g_8778.r24	BACKTEST	BLOCKED	10983	WITHHOLD	-1
280	rt4_TMB-5_MAP_g_8779.r24	BACKTEST	BLOCKED	10983	WITHHOLD	-1
281	rt4_TMB-5_MAP_g_8780.r24	BACKTEST	BLOCKED	10983	WITHHOLD	-1
282	rt4_TMB-5_MAP_g_8781.r24	BACKTEST	BLOCKED	10983	CONFIRM_INSTALL	3
283	rt4_TMB-5_MAP_g_8782.r24	BACKTEST	BLOCKED	10983	WITHHOLD	-1
284	rt4_TMB-5_MAP_g_8783.r24	BACKTEST	BLOCKED	10983	WITHHOLD	-1
285	rt4_TMB-5_MAP_g_8784.r24	BACKTEST	BLOCKED	10983	WITHHOLD	-1
286	rt4_TMB-5_MAP_g_8785.r24	BACKTEST	BLOCKED	10983	WITHHOLD	-1
287	rt4_TMB-5_MAP_g_8786.r24	BACKTEST	BLOCKED	10983	WITHHOLD	-1
288	rt4_TMB-5_MAP_g_8787.r24	BACKTEST	BLOCKED	10983	WITHHOLD	-1
289	rt4_TMB-5_MAP_g_8788.r24	BACKTEST	BLOCKED	10983	WITHHOLD	-1
290	rt4_TMB-5_MAP_g_8789.r24	BACKTEST	BLOCKED	10983	WITHHOLD	-1
291	rt4_TMB-5_MAP_g_8790.r24	BACKTEST	BLOCKED	10983	WITHHOLD	-1
292	rt4_TMB-5_MAP_g_8791.r24	BACKTEST	BLOCKED	10983	WITHHOLD	-1
293	rt4_TMB-5_MAP_g_8792.r24	BACKTEST	BLOCKED	10983	WITHHOLD	-1
294	rt4_TMB-5_MAP_g_8793.r24	BACKTEST	BLOCKED	10983	WITHHOLD	-1
295	rt4_TMB-5_MAP_g_8794.r24	BACKTEST	BLOCKED	10983	WITHHOLD	-1
296	rt4_TMB-5_MAP_g_8795.r24	BACKTEST	BLOCKED	10983	WITHHOLD	-1
297	rt4_TMB-5_MAP_g_8796.r24	BACKTEST	BLOCKED	10983	WITHHOLD	-1
298	rt4_TMB-5_MAP_g_8797.r24	BACKTEST	BLOCKED	10983	WITHHOLD	-1
299	rt4_TMB-5_MAP_g_8798.r24	BACKTEST	BLOCKED	10983	WITHHOLD	-1
300	rt4_TMB-5_MAP_g_8799.r24	BACKTEST	BLOCKED	10983	WITHHOLD	-1
301	rt4_TMB-5_MAP_g_8800.r24	BACKTEST	BLOCKED	10983	WITHHOLD	-1
302	rt4_TMB-5_MAP_g_8801.r24	BACKTEST	BLOCKED	10983	WITHHOLD	-1
303	rt4_TMB-5_MAP_g_8802.r24	BACKTEST	BLOCKED	10992	WITHHOLD	-1
304	rt4_TMB-5_MAP_g_8803.r24	BACKTEST	BLOCKED	10992	WITHHOLD	-1
305	rt4_TMB-5_MAP_g_8804.r24	BACKTEST	ALLOWED	-	-	0
306	rt4_TMB-5_MAP_g_8805.r24	BACKTEST	ALLOWED	-	-	0
307	rt4_TMB-5_MAP_g_8806.r24	BACKTEST	ALLOWED	-	-	0
308	rt4_TMB-5_MAP_g_8807.r24	BACKTEST	BLOCKED	10983	WITHHOLD	-1
309	rt4_TMB-5_MAP_g_8808.r24	BACKTEST	BLOCKED	10983	WITHHOLD	-1
310	rt4_TMB-5_MAP_g_8809.r24	BACKTEST	BLOCKED	10983	WITHHOLD	-1
311	rt4_TMB-5_MAP_g_8810.r24	BACKTEST	BLOCKED	10983	WITHHOLD	-1
312	rt4_TMB-5_MAP_g_8811.r24	BACKTEST	BLOCKED	10983	WITHHOLD	-1
313	rt4_TMB-5_MAP_g_8812.r24	BACKTEST	BLOCKED	10983	WITHHOLD	-1
314	rt4_TMB-5_MAP_g_8813.r24	BACKTEST	BLOCKED	10983	WITHHOLD	-1
315	rt4_TMB-5_MAP_g_8814.r24	BACKTEST	BLOCKED	10983	WITHHOLD	-1
316	rt4_TMB-5_MAP_g_8815.r24	BACKTEST	BLOCKED	10983	WITHHOLD	-1
317	rt4_TMB-5_MAP_g_8816.r24	BACKTEST	BLOCKED	10983	WITHHOLD	-1
318	rt4_TMB-5_MAP_g_8817.r24	BACKTEST	BLOCKED	10983	WITHHOLD	-1
319	rt4_TMB-5_MAP_g_8818.r24	BACKTEST	BLOCKED	10983	WITHHOLD	-1
320	rt4_TMB-5_MAP_g_8819.r24	BACKTEST	BLOCKED	10983	WITHHOLD	-1
321	rt4_TMB-5_MAP_g_8820.r24	BACKTEST	BLOCKED	10983	WITHHOLD	-1
322	rt4_TMB-5_MAP_g_8821.r24	BACKTEST	BLOCKED	10983	WITHHOLD	-1
323	rt4_TMB-5_MAP_g_8822.r24	BACKTEST	BLOCKED	10983	WITHHOLD	-1
324	rt4_TMB-5_MAP_g_8823.r24	BACKTEST	BLOCKED	10983	WITHHOLD	-1
325	rt4_TMB-5_MAP_g_8824.r24	BACKTEST	BLOCKED	10983	WITHHOLD	-1
326	rt4_TMB-5_MAP_g_8825.r24	BACKTEST	BLOCKED	10983	WITHHOLD	-1
327	rt4_TMB-5_MAP_g_8826.r24	BACKTEST	BLOCKED	10983	WITHHOLD	-1
328	rt4_TMB-5_MAP_g_8827.r24	BACKTEST	BLOCKED	10983	WITHHOLD	-1
329	rt4_TMB-5_MAP_g_8828.r24	BACKTEST	BLOCKED	10983	WITHHOLD	-1
330	rt4_TMB-5_MAP_g_8829.r24	BACKTEST	BLOCKED	10983	WITHHOLD	-1
331	rt4_TMB-5_MAP_g_8830.r24	BACKTEST	BLOCKED	10983	WITHHOLD	-1
332	rt4_TMB-5_MAP_g_8831.r24	BACKTEST	BLOCKED	10983	WITHHOLD	-1
333	rt4_TMB-5_MAP_g_8832.r24	BACKTEST	BLOCKED	10983	WITHHOLD	-1
334	rt4_TMB-5_MAP_g_8833.r24	BACKTEST	BLOCKED	10983	WITHHOLD	-1
335	rt4_TMB-5_MAP_g_8834.r24	BACKTEST	BLOCKED	10983	WITHHOLD	-1
336	rt4_TMB-5_MAP_g_8835.r24	BACKTEST	BLOCKED	10983	WITHHOLD	-1
337	rt4_TMB-5_MAP_g_8836.r24	BACKTEST	BLOCKED	10983	WITHHOLD	-1
338	rt4_TMB-5_MAP_g_8837.r24	BACKTEST	BLOCKED	10983	CONFIRM_INSTALL	3
339	rt4_TMB-5_MAP_g_8838.r24	BACKTEST	BLOCKED	10983	WITHHOLD	-1
340	rt4_TMB-5_MAP_g_8839.r24	BACKTEST	BLOCKED	10983	WITHHOLD	-1
341	rt4_TMB-5_MAP_g_8840.r24	BACKTEST	BLOCKED	10983	WITHHOLD	-1
342	rt4_TMB-5_MAP_g_8841.r24	BACKTEST	BLOCKED	10983	WITHHOLD	-1
343	rt4_TMB-5_MAP_g_8842.r24	BACKTEST	BLOCKED	10983	WITHHOLD	-1
344	rt4_TMB-5_MAP_g_8843.r24	BACKTEST	BLOCKED	10983	WITHHOLD	-1
345	rt4_TMB-5_MAP_g_8844.r24	BACKTEST	BLOCKED	10983	WITHHOLD	-1
346	rt4_TMB-5_MAP_g_8845.r24	BACKTEST	BLOCKED	10983	WITHHOLD	-1
347	rt4_TMB-5_MAP_g_8846.r24	BACKTEST	BLOCKED	10983	WITHHOLD	-1
348	rt4_TMB-5_MAP_g_8847.r24	BACKTEST	BLOCKED	10983	WITHHOLD	-1
349	rt4_TMB-5_MAP_g_8848.r24	BACKTEST	BLOCKED	10983	WITHHOLD	-1
350	rt4_TMB-5_MAP_g_8849.r24	BACKTEST	BLOCKED	10983	WITHHOLD	-1
351	rt4_TMB-5_MAP_g_8850.r24	BACKTEST	BLOCKED	10983	WITHHOLD	-1
352	rt4_TMB-5_MAP_g_8851.r24	BACKTEST	BLOCKED	10983	WITHHOLD	-1
353	rt4_TMB-5_MAP_g_8852.r24	BACKTEST	BLOCKED	10983	WITHHOLD	-1
354	rt4_TMB-5_MAP_g_8853.r24	BACKTEST	BLOCKED	10983	WITHHOLD	-1
355	rt4_TMB-5_MAP_g_8854.r24	BACKTEST	BLOCKED	10983	WITHHOLD	-1
356	rt4_TMB-5_MAP_g_8855.r24	BACKTEST	BLOCKED	10983	WITHHOLD	-1
357	rt4_TMB-5_MAP_g_8856.r24	BACKTEST	BLOCKED	10983	WITHHOLD	-1
358	rt4_TMB-5_MAP_g_8857.r24	BACKTEST	BLOCKED	10983	WITHHOLD	-1
359	rt4_TMB-5_MAP_g_8858.r24	BACKTEST	BLOCKED	10983	WITHHOLD	-1
360	rt4_TMB-5_MAP_g_8859.r24	BACKTEST	BLOCKED	10983	WITHHOLD	-1
361	rt4_TMB-5_MAP_g_8860.r24	BACKTEST	BLOCKED	10983	WITHHOLD	-1
362	rt4_TMB-5_MAP_g_8861.r24	BACKTEST	BLOCKED	10983	WITHHOLD	-1
363	rt4_TMB-5_MAP_g_8862.r24	BACKTEST	BLOCKED	10983	WITHHOLD	-1
364	rt4_TMB-5_MAP_g_8863.r24	BACKTEST	BLOCKED	10983	WITHHOLD	-1
365	rt4_TMB-5_MAP_g_8864.r24	BACKTEST	BLOCKED	10983	WITHHOLD	-1
366	rt4_TMB-5_MAP_g_8865.r24	BACKTEST	BLOCKED	10983	WITHHOLD	-1
367	rt4_TMB-5_MAP_g_8866.r24	BACKTEST	BLOCKED	10983	WITHHOLD	-1
368	rt4_TMB-5_MAP_g_8867.r24	BACKTEST	BLOCKED	10983	WITHHOLD	-1
369	rt4_TMB-5_MAP_g_8868.r24	BACKTEST	BLOCKED	10983	WITHHOLD	-1
370	rt4_TMB-5_MAP_g_8869.r24	BACKTEST	BLOCKED	10983	WITHHOLD	-1
371	rt4_TMB-5_MAP_g_8870.r24	BACKTEST	BLOCKED	10983	WITHHOLD	-1
372	rt4_TMB-5_MAP_g_8871.r24	BACKTEST	BLOCKED	10983	WITHHOLD	-1
373	rt4_TMB-5_MAP_g_8872.r24	BACKTEST	BLOCKED	10983	WITHHOLD	-1
374	rt4_TMB-5_MAP_g_8873.r24	BACKTEST	BLOCKED	10983	WITHHOLD	-1
375	rt4_TMB-5_MAP_g_8874.r24	BACKTEST	BLOCKED	10983	WITHHOLD	-1
376	rt4_TMB-5_MAP_g_8875.r24	BACKTEST	BLOCKED	10983	WITHHOLD	-1
377	rt4_TMB-5_MAP_g_8876.r24	BACKTEST	BLOCKED	10983	WITHHOLD	-1
378	rt4_TMB-5_MAP_g_8877.r24	BACKTEST	BLOCKED	10983	WITHHOLD	-1
379	rt4_TMB-5_MAP_g_8878.r24	BACKTEST	BLOCKED	10983	WITHHOLD	-1
380	rt4_TMB-5_MAP_g_8879.r24	BACKTEST	BLOCKED	10983	WITHHOLD	-1
381	rt4_TMB-5_MAP_g_8880.r24	BACKTEST	BLOCKED	10983	WITHHOLD	-1
382	rt4_TMB-5_MAP_g_8881.r24	BACKTEST	BLOCKED	10983	WITHHOLD	-1
383	rt4_TMB-5_MAP_g_8882.r24	BACKTEST	BLOCKED	10983	WITHHOLD	-1
384	rt4_TMB-5_MAP_g_8883.r24	BACKTEST	BLOCKED	10983	WITHHOLD	-1
385	rt4_TMB-5_MAP_g_8884.r24	BACKTEST	BLOCKED	10983	WITHHOLD	-1
386	rt4_TMB-5_MAP_g_8885.r24	BACKTEST	BLOCKED	10983	WITHHOLD	-1
387	rt4_TMB-5_MAP_g_8886.r24	BACKTEST	BLOCKED	10983	WITHHOLD	-1
388	rt4_TMB-5_MAP_g_8887.r24	BACKTEST	BLOCKED	10983	WITHHOLD	-1
389	rt4_TMB-5_MAP_g_8888.r24	BACKTEST	BLOCKED	10983	CONFIRM_INSTALL	3
390	rt4_TMB-5_MAP_g_8889.r24	BACKTEST	BLOCKED	10983	WITHHOLD	-1
391	rt4_TMB-5_MAP_g_8890.r24	BACKTEST	BLOCKED	10983	WITHHOLD	-1
392	rt4_TMB-5_MAP_g_8891.r24	BACKTEST	BLOCKED	10983	WITHHOLD	-1
393	rt4_TMB-5_MAP_g_8892.r24	BACKTEST	BLOCKED	10983	WITHHOLD	-1
394	rt4_TMB-5_MAP_g_8893.r24	BACKTEST	BLOCKED	10983	WITHHOLD	-1
395	rt4_TMB-5_MAP_g_8894.r24	BACKTEST	BLOCKED	10983	WITHHOLD	-1
396	rt4_TMB-5_MAP_g_8895.r24	BACKTEST	BLOCKED	10983	WITHHOLD	-1
397	rt4_TMB-5_MAP_g_8896.r24	BACKTEST	BLOCKED	10983	WITHHOLD	-1
398	rt4_TMB-5_MAP_g_8897.r24	BACKTEST	BLOCKED	10983	WITHHOLD	-1
399	rt4_TMB-5_MAP_g_8898.r24	BACKTEST	BLOCKED	10983	WITHHOLD	-1
400	rt4_TMB-5_MAP_g_8899.r24	BACKTEST	BLOCKED	10983	WITHHOLD	-1
401	rt4_TMB-5_MAP_g_8900.r24	BACKTEST	BLOCKED	10983	WITHHOLD	-1
402	rt4_TMB-5_MAP_g_8901.r24	BACKTEST	BLOCKED	10983	WITHHOLD	-1
403	rt4_TMB-5_MAP_g_8902.r24	BACKTEST	BLOCKED	10983	WITHHOLD	-1
404	rt4_TMB-5_MAP_g_8903.r24	BACKTEST	BLOCKED	10983	WITHHOLD	-1
405	rt4_TMB-5_MAP_g_8904.r24	BACKTEST	BLOCKED	10983	WITHHOLD	-1
406	rt4_TMB-5_MAP_g_8905.r24	BACKTEST	BLOCKED	10983	WITHHOLD	-1
407	rt4_TMB-5_MAP_g_8906.r24	BACKTEST	BLOCKED	10983	WITHHOLD	-1
408	rt4_TMB-5_MAP_g_8907.r24	BACKTEST	BLOCKED	10983	WITHHOLD	-1
409	rt4_TMB-5_MAP_g_8908.r24	BACKTEST	BLOCKED	10983	WITHHOLD	-1
410	rt4_TMB-5_MAP_g_8909.r24	BACKTEST	BLOCKED	10983	WITHHOLD	-1
411	rt4_TMB-5_MAP_g_8910.r24	BACKTEST	BLOCKED	10983	WITHHOLD	-1
412	rt4_TMB-5_MAP_g_8911.r24	BACKTEST	BLOCKED	10983	WITHHOLD	-1
413	rt4_TMB-5_MAP_g_8912.r24	BACKTEST	BLOCKED	10983	WITHHOLD	-1
414	rt4_TMB-5_MAP_g_8913.r24	BACKTEST	BLOCKED	10983	WITHHOLD	-1
415	rt4_TMB-5_MAP_g_8914.r24	BACKTEST	BLOCKED	10983	WITHHOLD	-1
416	rt4_TMB-5_MAP_g_8915.r24	BACKTEST	BLOCKED	10983	WITHHOLD	-1
417	rt4_TMB-5_MAP_g_8916.r24	BACKTEST	BLOCKED	10983	WITHHOLD	-1
418	rt4_TMB-5_MAP_g_8917.r24	BACKTEST	BLOCKED	10983	WITHHOLD	-1
419	rt4_TMB-5_MAP_g_8918.r24	BACKTEST	BLOCKED	10983	WITHHOLD	-1
420	rt4_TMB-5_MAP_g_8919.r24	BACKTEST	BLOCKED	10983	WITHHOLD	-1
421	rt4_TMB-5_MAP_g_8920.r24	BACKTEST	BLOCKED	10983	WITHHOLD	-1
422	rt4_TMB-5_MAP_g_8921.r24	BACKTEST	BLOCKED	10983	WITHHOLD	-1
423	rt4_TMB-5_MAP_g_8922.r24	BACKTEST	BLOCKED	10983	WITHHOLD	-1
424	rt4_TMB-5_MAP_g_8923.r24	BACKTEST	BLOCKED	10983	WITHHOLD	-1
425	rt4_TMB-5_MAP_g_8924.r24	BACKTEST	BLOCKED	10983	WITHHOLD	-1
426	rt4_TMB-5_MAP_g_8925.r24	BACKTEST	BLOCKED	10983	WITHHOLD	-1
427	rt4_TMB-5_MAP_g_8926.r24	BACKTEST	BLOCKED	10983	WITHHOLD	-1
428	rt4_TMB-5_MAP_g_8927.r24	BACKTEST	BLOCKED	10983	WITHHOLD	-1
429	rt4_TMB-5_MAP_g_8928.r24	BACKTEST	BLOCKED	10983	WITHHOLD	-1
430	rt4_TMB-5_MAP_g_8929.r24	BACKTEST	BLOCKED	10983	WITHHOLD	-1
431	rt4_TMB-5_MAP_g_8930.r24	BACKTEST	BLOCKED	10983	WITHHOLD	-1
432	rt4_TMB-5_MAP_g_8931.r24	BACKTEST	BLOCKED	10983	WITHHOLD	-1
433	rt4_TMB-5_MAP_g_8932.r24	BACKTEST	BLOCKED	10983	WITHHOLD	-1
434	rt4_TMB-5_MAP_g_8933.r24	BACKTEST	BLOCKED	10983	WITHHOLD	-1
435	rt4_TMB-5_MAP_g_8934.r24	BACKTEST	BLOCKED	10983	WITHHOLD	-1
436	rt4_TMB-5_MAP_g_8935.r24	BACKTEST	BLOCKED	10983	WITHHOLD	-1
437	rt4_TMB-5_MAP_g_8936.r24	BACKTEST	BLOCKED	10983	WITHHOLD	-1
438	rt4_TMB-5_MAP_g_8937.r24	BACKTEST	BLOCKED	10983	WITHHOLD	-1
439	rt4_TMB-5_MAP_g_8938.r24	BACKTEST	BLOCKED	10983	WITHHOLD	-1
440	rt4_TMB-5_MAP_g_8939.r24	BACKTEST	BLOCKED	10983	CONFIRM_INSTALL	3
441	rt4_TMB-5_MAP_g_8940.r24	BACKTEST	BLOCKED	10983	WITHHOLD	-1
442	rt4_TMB-5_MAP_g_8941.r24	BACKTEST	BLOCKED	10983	WITHHOLD	-1
443	rt4_TMB-5_MAP_g_8942.r24	BACKTEST	BLOCKED	10983	WITHHOLD	-1
444	rt4_TMB-5_MAP_g_8943.r24	BACKTEST	BLOCKED	10983	WITHHOLD	-1
445	rt4_TMB-5_MAP_g_8944.r24	BACKTEST	BLOCKED	10983	WITHHOLD	-1
446	rt4_TMB-5_MAP_g_8945.r24	BACKTEST	BLOCKED	10983	WITHHOLD	-1
447	rt4_TMB-5_MAP_g_8946.r24	BACKTEST	BLOCKED	10983	WITHHOLD	-1
448	rt4_TMB-5_MAP_g_8947.r24	BACKTEST	BLOCKED	10983	WITHHOLD	-1
449	rt4_TMB-5_MAP_g_8948.r24	BACKTEST	BLOCKED	10983	WITHHOLD	-1
450	rt4_TMB-5_MAP_g_8949.r24	BACKTEST	BLOCKED	10983	WITHHOLD	-1
451	rt4_TMB-5_MAP_g_8950.r24	BACKTEST	BLOCKED	10983	WITHHOLD	-1
452	rt4_TMB-5_MAP_g_8951.r24	BACKTEST	BLOCKED	10983	WITHHOLD	-1
453	rt4_TMB-5_MAP_g_8952.r24	BACKTEST	BLOCKED	10983	WITHHOLD	-1
454	rt4_TMB-5_MAP_g_8953.r24	BACKTEST	BLOCKED	10983	WITHHOLD	-1
455	rt4_TMB-5_MAP_g_8954.r24	BACKTEST	BLOCKED	10983	WITHHOLD	-1
456	rt4_TMB-5_MAP_g_8955.r24	BACKTEST	BLOCKED	10983	WITHHOLD	-1
457	rt4_TMB-5_MAP_g_8956.r24	BACKTEST	BLOCKED	10983	WITHHOLD	-1
458	rt4_TMB-5_MAP_g_8957.r24	BACKTEST	BLOCKED	10983	WITHHOLD	-1
459	rt4_TMB-5_MAP_g_8958.r24	BACKTEST	BLOCKED	10983	WITHHOLD	-1
460	rt4_TMB-5_MAP_g_8959.r24	BACKTEST	BLOCKED	10983	WITHHOLD	-1
461	rt4_TMB-5_MAP_g_8960.r24	BACKTEST	BLOCKED	10983	WITHHOLD	-1
462	rt4_TMB-5_MAP_g_8961.r24	BACKTEST	BLOCKED	10983	WITHHOLD	-1
463	rt4_TMB-5_MAP_g_8962.r24	BACKTEST	BLOCKED	10983	WITHHOLD	-1
464	rt4_TMB-5_MAP_g_8963.r24	BACKTEST	BLOCKED	10983	WITHHOLD	-1
465	rt4_TMB-5_MAP_g_8964.r24	BACKTEST	BLOCKED	10983	WITHHOLD	-1
466	rt4_TMB-5_MAP_g_8965.r24	BACKTEST	BLOCKED	10983	WITHHOLD	-1
467	rt4_TMB-5_MAP_g_8966.r24	BACKTEST	BLOCKED	10983	WITHHOLD	-1
468	rt4_TMB-5_MAP_g_8967.r24	BACKTEST	BLOCKED	10983	WITHHOLD	-1
469	rt4_TMB-5_MAP_g_8968.r24	BACKTEST	BLOCKED	10983	WITHHOLD	-1
470	rt4_TMB-5_MAP_g_8969.r24	BACKTEST	BLOCKED	10983	WITHHOLD	-1
471	rt4_TMB-5_MAP_g_8970.r24	BACKTEST	BLOCKED	10983	WITHHOLD	-1
472	rt4_TMB-5_MAP_g_8971.r24	BACKTEST	BLOCKED	10983	WITHHOLD	-1
473	rt4_TMB-5_MAP_g_8972.r24	BACKTEST	BLOCKED	10983	WITHHOLD	-1
474	rt4_TMB-5_MAP_g_8973.r24	BACKTEST	BLOCKED	10983	WITHHOLD	-1
475	rt4_TMB-5_MAP_g_8974.r24	BACKTEST	BLOCKED	10983	WITHHOLD	-1
476	rt4_TMB-5_MAP_g_8975.r24	BACKTEST	BLOCKED	10983	WITHHOLD	-1
477	rt4_TMB-5_MAP_g_8976.r24	BACKTEST	BLOCKED	10983	WITHHOLD	-1
478	rt4_TMB-5_MAP_g_8977.r24	BACKTEST	BLOCKED	10983	WITHHOLD	-1
479	rt4_TMB-5_MAP_g_8978.r24	BACKTEST	BLOCKED	10983	WITHHOLD	-1
480	rt4_TMB-5_MAP_g_8979.r24	BACKTEST	BLOCKED	10983	WITHHOLD	-1
481	rt4_TMB-5_MAP_g_8980.r24	BACKTEST	BLOCKED	10983	WITHHOLD	-1
482	rt4_TMB-5_MAP_g_8981.r24	BACKTEST	BLOCKED	10983	WITHHOLD	-1
483	rt4_TMB-5_MAP_g_8982.r24	BACKTEST	BLOCKED	10983	WITHHOLD	-1
484	rt4_TMB-5_MAP_g_8983.r24	BACKTEST	BLOCKED	10983	WITHHOLD	-1
485	rt4_TMB-5_MAP_g_8984.r24	BACKTEST	BLOCKED	10983	WITHHOLD	-1
486	rt4_TMB-5_MAP_g_8985.r24	BACKTEST	BLOCKED	10983	WITHHOLD	-1
487	rt4_TMB-5_MAP_g_8986.r24	BACKTEST	BLOCKED	10983	WITHHOLD	-1
488	rt4_TMB-5_MAP_g_8987.r24	BACKTEST	BLOCKED	10983	WITHHOLD	-1
489	rt4_TMB-5_MAP_g_8988.r24	BACKTEST	BLOCKED	10983	WITHHOLD	-1
490	rt4_TMB-5_MAP_g_8989.r24	BACKTEST	BLOCKED	10983	WITHHOLD	-1
491	rt4_TMB-5_MAP_g_8990.r24	BACKTEST	BLOCKED	10983	CONFIRM_INSTALL	3
492	rt4_TMB-5_MAP_g_8991.r24	BACKTEST	BLOCKED	10983	WITHHOLD	-1
493	rt4_TMB-5_MAP_g_8992.r24	BACKTEST	BLOCKED	10983	WITHHOLD	-1
494	rt4_TMB-5_MAP_g_8993.r24	BACKTEST	BLOCKED	10983	WITHHOLD	-1
495	rt4_TMB-5_MAP_g_8994.r24	BACKTEST	BLOCKED	10983	WITHHOLD	-1
496	rt4_TMB-5_MAP_g_8995.r24	BACKTEST	BLOCKED	10983	WITHHOLD	-1
497	rt4_TMB-5_MAP_g_8996.r24	BACKTEST	BLOCKED	10983	WITHHOLD	-1
498	rt4_TMB-5_MAP_g_8997.r24	BACKTEST	BLOCKED	10983	WITHHOLD	-1
499	rt4_TMB-5_MAP_g_8998.r24	BACKTEST	BLOCKED	10983	WITHHOLD	-1
500	rt4_TMB-5_MAP_g_8999.r24	BACKTEST	BLOCKED	10983	WITHHOLD	-1
SETSUM NEAR n=0 blocked=0 confirmed=0 withheld=0
SETSUM FAR n=0 blocked=0
SETSUM BACKTEST n=500 blocked=493
BACKTEST false_blocked=0 false_withheld=0 false_escaped=0 true_blocked=493
DELAYBAR delayed_gt50=0 over=0
HIST 0=0 1-3=0 4-10=0 11-50=0 51-100=0 101-300=0 301+=0 WITHHELD=0
SERIAL delayed_gt50=0
SANITY MISMATCH
