SEQ 0 ARM C4 SEED 7
SEQ 1 OBSERVED train=18
SEQ 2 ADD_EDGE 0 1 from-train-pos
SEQ 3 ADD_EDGE 2 3 from-train-pos
SEQ 4 ADD_EDGE 3 4 from-train-pos
SEQ 5 ADD_EDGE 4 5 from-train-pos
SEQ 6 ADD_EDGE 5 0 from-train-pos
SEQ 7 ADD_EDGE 6 7 from-train-pos
SEQ 8 ADD_EDGE 7 8 from-train-pos
SEQ 9 ADD_EDGE 0 6 from-train-pos
SEQ 10 ADD_EDGE 0 7 from-train-pos
SEQ 11 ADD_EDGE 9 6 from-train-pos
SEQ 12 ADD_EDGE 9 7 from-train-pos
SEQ 13 ADD_EDGE 1 7 from-train-pos
SEQ 14 ADD_EDGE 5 9 from-train-pos
SEQ 15 ADD_DONE edges=13
SEQ 16 ADD_CONFIRM score=18/18
SEQ 17 DEL_EDGE 0 1 score 17 base 18 removed 0
SEQ 18 DEL_EDGE 2 3 score 17 base 18 removed 0
SEQ 19 DEL_EDGE 3 4 score 17 base 18 removed 0
SEQ 20 DEL_EDGE 4 5 score 17 base 18 removed 0
SEQ 21 DEL_EDGE 5 0 score 17 base 18 removed 0
SEQ 22 DEL_EDGE 6 7 score 17 base 18 removed 0
SEQ 23 DEL_EDGE 7 8 score 17 base 18 removed 0
SEQ 24 DEL_EDGE 0 6 score 17 base 18 removed 0
SEQ 25 DEL_EDGE 0 7 score 18 base 18 removed 1
SEQ 26 DEL_EDGE 9 6 score 17 base 18 removed 0
SEQ 27 DEL_EDGE 9 7 score 18 base 18 removed 1
SEQ 28 DEL_EDGE 1 7 score 17 base 18 removed 0
SEQ 29 DEL_EDGE 5 9 score 17 base 18 removed 0
SEQ 30 DEL_DONE edges=11
SEQ 31 UNCONSTRAINED 3
SEQ 32 HYP_VARIANTS 8
SEQ 33 HYP_KEPT 2
SEQ 34 PROBE_SEND 0 9
SEQ 35 PROBE_MATERIALIZE 0 9 1
SEQ 36 PROBE 0 9 -> 1 survivors 1
SEQ 37 RANK_BUILD edges=12
SEQ 38 SUMMARY verdict=1
