CHECK,create,0,0
CHECK,recover_complete_ledger,0,0
CHECK,append_raw_and_trace,0,0
CHECK,committed_count,1,1
CHECK,append_raw_and_trace,0,0
CHECK,committed_count,2,2
CHECK,append_raw_and_trace,0,0
CHECK,committed_count,3,3
CHECK,append_raw_and_trace,0,0
CHECK,committed_count,4,4
CHECK,append_raw_and_trace,0,0
CHECK,committed_count,5,5
CHECK,append_raw_and_trace,0,0
CHECK,committed_count,6,6
CHECK,append_raw_and_trace,0,0
CHECK,committed_count,7,7
CHECK,append_raw_and_trace,0,0
CHECK,committed_count,8,8
CHECK,append_raw_and_trace,0,0
CHECK,committed_count,9,9
CHECK,append_raw_and_trace,0,0
CHECK,committed_count,10,10
CHECK,append_raw_and_trace,0,0
CHECK,committed_count,11,11
CHECK,append_raw_and_trace,0,0
CHECK,committed_count,12,12
CHECK,append_raw_and_trace,0,0
CHECK,committed_count,13,13
CHECK,append_raw_and_trace,0,0
CHECK,committed_count,14,14
CHECK,append_raw_and_trace,0,0
CHECK,committed_count,15,15
CHECK,append_raw_and_trace,0,0
CHECK,committed_count,16,16
CHECK,all_committed,16,16
CHECK,no_orphan_blobs,0,0
CHECK,observer_complete,0,0
CHECK,all_observer_values_exact,0,0
CHECK,observer_tail_untouched,31337,31337
CHECK,all_physical_metadata_exact,1,1
CHECK,committed_raw_read,0,0
CHECK,complete_raw_packet_exact,1,1
CHECK,observer_complete,0,0
CHECK,all_observer_values_exact,0,0
CHECK,observer_tail_untouched,31337,31337
CHECK,all_physical_metadata_exact,1,1
CHECK,committed_raw_read,0,0
CHECK,complete_raw_packet_exact,1,1
CHECK,observer_complete,0,0
CHECK,all_observer_values_exact,0,0
CHECK,observer_tail_untouched,31337,31337
CHECK,all_physical_metadata_exact,1,1
CHECK,committed_raw_read,0,0
CHECK,complete_raw_packet_exact,1,1
CHECK,zero_twin_at_unsampled_position,0,0
CHECK,observer_complete,0,0
CHECK,all_observer_values_exact,0,0
CHECK,observer_tail_untouched,31337,31337
CHECK,all_physical_metadata_exact,1,1
CHECK,committed_raw_read,0,0
CHECK,complete_raw_packet_exact,1,1
CHECK,impulse_twin_at_unsampled_position,1,1
CHECK,observer_complete,0,0
CHECK,all_observer_values_exact,0,0
CHECK,observer_tail_untouched,31337,31337
CHECK,all_physical_metadata_exact,1,1
CHECK,committed_raw_read,0,0
CHECK,complete_raw_packet_exact,1,1
CHECK,ordered_rgb_first_channel,0,0
CHECK,observer_complete,0,0
CHECK,all_observer_values_exact,0,0
CHECK,observer_tail_untouched,31337,31337
CHECK,all_physical_metadata_exact,1,1
CHECK,committed_raw_read,0,0
CHECK,complete_raw_packet_exact,1,1
CHECK,reordered_rgb_first_channel,51,51
CHECK,observer_complete,0,0
CHECK,all_observer_values_exact,0,0
CHECK,observer_tail_untouched,31337,31337
CHECK,all_physical_metadata_exact,1,1
CHECK,committed_raw_read,0,0
CHECK,complete_raw_packet_exact,1,1
CHECK,observer_complete,0,0
CHECK,all_observer_values_exact,0,0
CHECK,observer_tail_untouched,31337,31337
CHECK,all_physical_metadata_exact,1,1
CHECK,committed_raw_read,0,0
CHECK,complete_raw_packet_exact,1,1
CHECK,observer_complete,0,0
CHECK,all_observer_values_exact,0,0
CHECK,observer_tail_untouched,31337,31337
CHECK,all_physical_metadata_exact,1,1
CHECK,committed_raw_read,0,0
CHECK,complete_raw_packet_exact,1,1
CHECK,observer_complete,0,0
CHECK,all_observer_values_exact,0,0
CHECK,observer_tail_untouched,31337,31337
CHECK,all_physical_metadata_exact,1,1
CHECK,committed_raw_read,0,0
CHECK,complete_raw_packet_exact,1,1
CHECK,observer_complete,0,0
CHECK,all_observer_values_exact,0,0
CHECK,observer_tail_untouched,31337,31337
CHECK,all_physical_metadata_exact,1,1
CHECK,committed_raw_read,0,0
CHECK,complete_raw_packet_exact,1,1
CHECK,observer_complete,0,0
CHECK,all_observer_values_exact,0,0
CHECK,observer_tail_untouched,31337,31337
CHECK,all_physical_metadata_exact,1,1
CHECK,committed_raw_read,0,0
CHECK,complete_raw_packet_exact,1,1
CHECK,observer_complete,0,0
CHECK,all_observer_values_exact,0,0
CHECK,observer_tail_untouched,31337,31337
CHECK,all_physical_metadata_exact,1,1
CHECK,committed_raw_read,0,0
CHECK,complete_raw_packet_exact,1,1
CHECK,observer_complete,0,0
CHECK,all_observer_values_exact,0,0
CHECK,observer_tail_untouched,31337,31337
CHECK,all_physical_metadata_exact,1,1
CHECK,committed_raw_read,0,0
CHECK,complete_raw_packet_exact,1,1
CHECK,observer_complete,0,0
CHECK,all_observer_values_exact,0,0
CHECK,observer_tail_untouched,31337,31337
CHECK,all_physical_metadata_exact,1,1
CHECK,committed_raw_read,0,0
CHECK,complete_raw_packet_exact,1,1
CHECK,observer_complete,0,0
CHECK,all_observer_values_exact,0,0
CHECK,observer_tail_untouched,31337,31337
CHECK,all_physical_metadata_exact,1,1
CHECK,committed_raw_read,0,0
CHECK,complete_raw_packet_exact,1,1
CHECK,admission_refused,-8205,-8205
CHECK,refusal_entire_accumulator_unchanged,1,1
CHECK,refusal_causal_unchanged,1,1
CHECK,refusal_head_unchanged,1,1
CHECK,refusal_input_unchanged,1,1
CHECK,refusal_attempt_quota_unchanged,16,16
CHECK,refusal_blob_quota_unchanged,16,16
CHECK,refusal_count_unchanged,16,16
N06_VALUES_COMPARED,77938
N06_METADATA_COMPARED,192
N06_CHILD_COUNTS,144,0
N06_CHILD_PASS
