CHECK,create,0,0
CHECK,recover,0,0
CHECK,partial_raw_error_explicit,-8211,-8211
CHECK,failed_raw_does_not_commit,0,0
CHECK,failed_raw_handle_poisoned,-8208,-8208
CHECK,recover_orphan,0,0
CHECK,orphan_quota_preserved,1,1
CHECK,partial_raw_error_explicit,-8211,-8211
CHECK,failed_raw_does_not_commit,0,0
CHECK,failed_raw_handle_poisoned,-8208,-8208
CHECK,recover_orphan,0,0
CHECK,orphan_quota_preserved,2,2
CHECK,partial_raw_error_explicit,-8211,-8211
CHECK,failed_raw_does_not_commit,0,0
CHECK,failed_raw_handle_poisoned,-8208,-8208
CHECK,recover_orphan,0,0
CHECK,orphan_quota_preserved,3,3
CHECK,partial_raw_error_explicit,-8211,-8211
CHECK,failed_raw_does_not_commit,0,0
CHECK,failed_raw_handle_poisoned,-8208,-8208
CHECK,recover_orphan,0,0
CHECK,orphan_quota_preserved,4,4
CHECK,partial_raw_error_explicit,-8211,-8211
CHECK,failed_raw_does_not_commit,0,0
CHECK,failed_raw_handle_poisoned,-8208,-8208
CHECK,recover_orphan,0,0
CHECK,orphan_quota_preserved,5,5
CHECK,partial_raw_error_explicit,-8211,-8211
CHECK,failed_raw_does_not_commit,0,0
CHECK,failed_raw_handle_poisoned,-8208,-8208
CHECK,recover_orphan,0,0
CHECK,orphan_quota_preserved,6,6
CHECK,partial_raw_error_explicit,-8211,-8211
CHECK,failed_raw_does_not_commit,0,0
CHECK,failed_raw_handle_poisoned,-8208,-8208
CHECK,recover_orphan,0,0
CHECK,orphan_quota_preserved,7,7
CHECK,partial_raw_error_explicit,-8211,-8211
CHECK,failed_raw_does_not_commit,0,0
CHECK,failed_raw_handle_poisoned,-8208,-8208
CHECK,recover_orphan,0,0
CHECK,orphan_quota_preserved,8,8
CHECK,partial_raw_error_explicit,-8211,-8211
CHECK,failed_raw_does_not_commit,0,0
CHECK,failed_raw_handle_poisoned,-8208,-8208
CHECK,recover_orphan,0,0
CHECK,orphan_quota_preserved,9,9
CHECK,partial_raw_error_explicit,-8211,-8211
CHECK,failed_raw_does_not_commit,0,0
CHECK,failed_raw_handle_poisoned,-8208,-8208
CHECK,recover_orphan,0,0
CHECK,orphan_quota_preserved,10,10
CHECK,partial_raw_error_explicit,-8211,-8211
CHECK,failed_raw_does_not_commit,0,0
CHECK,failed_raw_handle_poisoned,-8208,-8208
CHECK,recover_orphan,0,0
CHECK,orphan_quota_preserved,11,11
CHECK,partial_raw_error_explicit,-8211,-8211
CHECK,failed_raw_does_not_commit,0,0
CHECK,failed_raw_handle_poisoned,-8208,-8208
CHECK,recover_orphan,0,0
CHECK,orphan_quota_preserved,12,12
CHECK,partial_raw_error_explicit,-8211,-8211
CHECK,failed_raw_does_not_commit,0,0
CHECK,failed_raw_handle_poisoned,-8208,-8208
CHECK,recover_orphan,0,0
CHECK,orphan_quota_preserved,13,13
CHECK,partial_raw_error_explicit,-8211,-8211
CHECK,failed_raw_does_not_commit,0,0
CHECK,failed_raw_handle_poisoned,-8208,-8208
CHECK,recover_orphan,0,0
CHECK,orphan_quota_preserved,14,14
CHECK,partial_raw_error_explicit,-8211,-8211
CHECK,failed_raw_does_not_commit,0,0
CHECK,failed_raw_handle_poisoned,-8208,-8208
CHECK,recover_orphan,0,0
CHECK,orphan_quota_preserved,15,15
CHECK,partial_raw_error_explicit,-8211,-8211
CHECK,failed_raw_does_not_commit,0,0
CHECK,failed_raw_handle_poisoned,-8208,-8208
CHECK,recover_orphan,0,0
CHECK,orphan_quota_preserved,16,16
CHECK,partial_raw_error_explicit,-8211,-8211
CHECK,failed_raw_does_not_commit,0,0
CHECK,failed_raw_handle_poisoned,-8208,-8208
CHECK,recover_orphan,0,0
CHECK,orphan_quota_preserved,17,17
CHECK,partial_raw_error_explicit,-8211,-8211
CHECK,failed_raw_does_not_commit,0,0
CHECK,failed_raw_handle_poisoned,-8208,-8208
CHECK,recover_orphan,0,0
CHECK,orphan_quota_preserved,18,18
CHECK,partial_raw_error_explicit,-8211,-8211
CHECK,failed_raw_does_not_commit,0,0
CHECK,failed_raw_handle_poisoned,-8208,-8208
CHECK,recover_orphan,0,0
CHECK,orphan_quota_preserved,19,19
CHECK,partial_raw_error_explicit,-8211,-8211
CHECK,failed_raw_does_not_commit,0,0
CHECK,failed_raw_handle_poisoned,-8208,-8208
CHECK,recover_orphan,0,0
CHECK,orphan_quota_preserved,20,20
CHECK,partial_raw_error_explicit,-8211,-8211
CHECK,failed_raw_does_not_commit,0,0
CHECK,failed_raw_handle_poisoned,-8208,-8208
CHECK,recover_orphan,0,0
CHECK,orphan_quota_preserved,21,21
CHECK,partial_raw_error_explicit,-8211,-8211
CHECK,failed_raw_does_not_commit,0,0
CHECK,failed_raw_handle_poisoned,-8208,-8208
CHECK,recover_orphan,0,0
CHECK,orphan_quota_preserved,22,22
CHECK,partial_raw_error_explicit,-8211,-8211
CHECK,failed_raw_does_not_commit,0,0
CHECK,failed_raw_handle_poisoned,-8208,-8208
CHECK,recover_orphan,0,0
CHECK,orphan_quota_preserved,23,23
CHECK,partial_raw_error_explicit,-8211,-8211
CHECK,failed_raw_does_not_commit,0,0
CHECK,failed_raw_handle_poisoned,-8208,-8208
CHECK,recover_orphan,0,0
CHECK,orphan_quota_preserved,24,24
CHECK,partial_raw_error_explicit,-8211,-8211
CHECK,failed_raw_does_not_commit,0,0
CHECK,failed_raw_handle_poisoned,-8208,-8208
CHECK,recover_orphan,0,0
CHECK,orphan_quota_preserved,25,25
CHECK,partial_raw_error_explicit,-8211,-8211
CHECK,failed_raw_does_not_commit,0,0
CHECK,failed_raw_handle_poisoned,-8208,-8208
CHECK,recover_orphan,0,0
CHECK,orphan_quota_preserved,26,26
CHECK,partial_raw_error_explicit,-8211,-8211
CHECK,failed_raw_does_not_commit,0,0
CHECK,failed_raw_handle_poisoned,-8208,-8208
CHECK,recover_orphan,0,0
CHECK,orphan_quota_preserved,27,27
CHECK,partial_raw_error_explicit,-8211,-8211
CHECK,failed_raw_does_not_commit,0,0
CHECK,failed_raw_handle_poisoned,-8208,-8208
CHECK,recover_orphan,0,0
CHECK,orphan_quota_preserved,28,28
CHECK,partial_raw_error_explicit,-8211,-8211
CHECK,failed_raw_does_not_commit,0,0
CHECK,failed_raw_handle_poisoned,-8208,-8208
CHECK,recover_orphan,0,0
CHECK,orphan_quota_preserved,29,29
CHECK,partial_raw_error_explicit,-8211,-8211
CHECK,failed_raw_does_not_commit,0,0
CHECK,failed_raw_handle_poisoned,-8208,-8208
CHECK,recover_orphan,0,0
CHECK,orphan_quota_preserved,30,30
CHECK,partial_raw_error_explicit,-8211,-8211
CHECK,failed_raw_does_not_commit,0,0
CHECK,failed_raw_handle_poisoned,-8208,-8208
CHECK,recover_orphan,0,0
CHECK,orphan_quota_preserved,31,31
CHECK,partial_raw_error_explicit,-8211,-8211
CHECK,failed_raw_does_not_commit,0,0
CHECK,failed_raw_handle_poisoned,-8208,-8208
CHECK,recover_orphan,0,0
CHECK,orphan_quota_preserved,32,32
CHECK,no_uncommitted_raw_exposed,0,0
CHECK,blob_reservations_preserved,32,32
CHECK,no_phantom_telemetry_attempt,0,0
CHECK,admission_refused,-8205,-8205
CHECK,refusal_entire_accumulator_unchanged,1,1
CHECK,refusal_causal_unchanged,1,1
CHECK,refusal_head_unchanged,1,1
CHECK,refusal_input_unchanged,1,1
CHECK,refusal_attempt_quota_unchanged,0,0
CHECK,refusal_blob_quota_unchanged,32,32
CHECK,refusal_count_unchanged,0,0
N06_VALUES_COMPARED,0
N06_METADATA_COMPARED,0
N06_CHILD_COUNTS,173,0
N06_CHILD_PASS
