CHECK,create,0,0
CHECK,recover,0,0
CHECK,injected_partial_failure,-8111,-8111
CHECK,failure_no_live_event,0,0
CHECK,poisoned_handle,-8108,-8108
CHECK,recover_partial,0,0
CHECK,failed_attempt_retained,1,1
CHECK,partial_retained,1,1
CHECK,injected_partial_failure,-8111,-8111
CHECK,failure_no_live_event,0,0
CHECK,poisoned_handle,-8108,-8108
CHECK,recover_partial,0,0
CHECK,failed_attempt_retained,2,2
CHECK,partial_retained,2,2
CHECK,injected_partial_failure,-8111,-8111
CHECK,failure_no_live_event,0,0
CHECK,poisoned_handle,-8108,-8108
CHECK,recover_partial,0,0
CHECK,failed_attempt_retained,3,3
CHECK,partial_retained,3,3
CHECK,injected_partial_failure,-8111,-8111
CHECK,failure_no_live_event,0,0
CHECK,poisoned_handle,-8108,-8108
CHECK,recover_partial,0,0
CHECK,failed_attempt_retained,4,4
CHECK,partial_retained,4,4
CHECK,injected_partial_failure,-8111,-8111
CHECK,failure_no_live_event,0,0
CHECK,poisoned_handle,-8108,-8108
CHECK,recover_partial,0,0
CHECK,failed_attempt_retained,5,5
CHECK,partial_retained,5,5
CHECK,injected_partial_failure,-8111,-8111
CHECK,failure_no_live_event,0,0
CHECK,poisoned_handle,-8108,-8108
CHECK,recover_partial,0,0
CHECK,failed_attempt_retained,6,6
CHECK,partial_retained,6,6
CHECK,injected_partial_failure,-8111,-8111
CHECK,failure_no_live_event,0,0
CHECK,poisoned_handle,-8108,-8108
CHECK,recover_partial,0,0
CHECK,failed_attempt_retained,7,7
CHECK,partial_retained,7,7
CHECK,injected_partial_failure,-8111,-8111
CHECK,failure_no_live_event,0,0
CHECK,poisoned_handle,-8108,-8108
CHECK,recover_partial,0,0
CHECK,failed_attempt_retained,8,8
CHECK,partial_retained,8,8
CHECK,injected_partial_failure,-8111,-8111
CHECK,failure_no_live_event,0,0
CHECK,poisoned_handle,-8108,-8108
CHECK,recover_partial,0,0
CHECK,failed_attempt_retained,9,9
CHECK,partial_retained,9,9
CHECK,injected_partial_failure,-8111,-8111
CHECK,failure_no_live_event,0,0
CHECK,poisoned_handle,-8108,-8108
CHECK,recover_partial,0,0
CHECK,failed_attempt_retained,10,10
CHECK,partial_retained,10,10
CHECK,injected_partial_failure,-8111,-8111
CHECK,failure_no_live_event,0,0
CHECK,poisoned_handle,-8108,-8108
CHECK,recover_partial,0,0
CHECK,failed_attempt_retained,11,11
CHECK,partial_retained,11,11
CHECK,injected_partial_failure,-8111,-8111
CHECK,failure_no_live_event,0,0
CHECK,poisoned_handle,-8108,-8108
CHECK,recover_partial,0,0
CHECK,failed_attempt_retained,12,12
CHECK,partial_retained,12,12
CHECK,injected_partial_failure,-8111,-8111
CHECK,failure_no_live_event,0,0
CHECK,poisoned_handle,-8108,-8108
CHECK,recover_partial,0,0
CHECK,failed_attempt_retained,13,13
CHECK,partial_retained,13,13
CHECK,injected_partial_failure,-8111,-8111
CHECK,failure_no_live_event,0,0
CHECK,poisoned_handle,-8108,-8108
CHECK,recover_partial,0,0
CHECK,failed_attempt_retained,14,14
CHECK,partial_retained,14,14
CHECK,injected_partial_failure,-8111,-8111
CHECK,failure_no_live_event,0,0
CHECK,poisoned_handle,-8108,-8108
CHECK,recover_partial,0,0
CHECK,failed_attempt_retained,15,15
CHECK,partial_retained,15,15
CHECK,injected_partial_failure,-8111,-8111
CHECK,failure_no_live_event,0,0
CHECK,poisoned_handle,-8108,-8108
CHECK,recover_partial,0,0
CHECK,failed_attempt_retained,16,16
CHECK,partial_retained,16,16
CHECK,injected_partial_failure,-8111,-8111
CHECK,failure_no_live_event,0,0
CHECK,poisoned_handle,-8108,-8108
CHECK,recover_partial,0,0
CHECK,failed_attempt_retained,17,17
CHECK,partial_retained,17,17
CHECK,injected_partial_failure,-8111,-8111
CHECK,failure_no_live_event,0,0
CHECK,poisoned_handle,-8108,-8108
CHECK,recover_partial,0,0
CHECK,failed_attempt_retained,18,18
CHECK,partial_retained,18,18
CHECK,injected_partial_failure,-8111,-8111
CHECK,failure_no_live_event,0,0
CHECK,poisoned_handle,-8108,-8108
CHECK,recover_partial,0,0
CHECK,failed_attempt_retained,19,19
CHECK,partial_retained,19,19
CHECK,injected_partial_failure,-8111,-8111
CHECK,failure_no_live_event,0,0
CHECK,poisoned_handle,-8108,-8108
CHECK,recover_partial,0,0
CHECK,failed_attempt_retained,20,20
CHECK,partial_retained,20,20
CHECK,injected_partial_failure,-8111,-8111
CHECK,failure_no_live_event,0,0
CHECK,poisoned_handle,-8108,-8108
CHECK,recover_partial,0,0
CHECK,failed_attempt_retained,21,21
CHECK,partial_retained,21,21
CHECK,injected_partial_failure,-8111,-8111
CHECK,failure_no_live_event,0,0
CHECK,poisoned_handle,-8108,-8108
CHECK,recover_partial,0,0
CHECK,failed_attempt_retained,22,22
CHECK,partial_retained,22,22
CHECK,injected_partial_failure,-8111,-8111
CHECK,failure_no_live_event,0,0
CHECK,poisoned_handle,-8108,-8108
CHECK,recover_partial,0,0
CHECK,failed_attempt_retained,23,23
CHECK,partial_retained,23,23
CHECK,injected_partial_failure,-8111,-8111
CHECK,failure_no_live_event,0,0
CHECK,poisoned_handle,-8108,-8108
CHECK,recover_partial,0,0
CHECK,failed_attempt_retained,24,24
CHECK,partial_retained,24,24
CHECK,injected_partial_failure,-8111,-8111
CHECK,failure_no_live_event,0,0
CHECK,poisoned_handle,-8108,-8108
CHECK,recover_partial,0,0
CHECK,failed_attempt_retained,25,25
CHECK,partial_retained,25,25
CHECK,injected_partial_failure,-8111,-8111
CHECK,failure_no_live_event,0,0
CHECK,poisoned_handle,-8108,-8108
CHECK,recover_partial,0,0
CHECK,failed_attempt_retained,26,26
CHECK,partial_retained,26,26
CHECK,injected_partial_failure,-8111,-8111
CHECK,failure_no_live_event,0,0
CHECK,poisoned_handle,-8108,-8108
CHECK,recover_partial,0,0
CHECK,failed_attempt_retained,27,27
CHECK,partial_retained,27,27
CHECK,injected_partial_failure,-8111,-8111
CHECK,failure_no_live_event,0,0
CHECK,poisoned_handle,-8108,-8108
CHECK,recover_partial,0,0
CHECK,failed_attempt_retained,28,28
CHECK,partial_retained,28,28
CHECK,injected_partial_failure,-8111,-8111
CHECK,failure_no_live_event,0,0
CHECK,poisoned_handle,-8108,-8108
CHECK,recover_partial,0,0
CHECK,failed_attempt_retained,29,29
CHECK,partial_retained,29,29
CHECK,injected_partial_failure,-8111,-8111
CHECK,failure_no_live_event,0,0
CHECK,poisoned_handle,-8108,-8108
CHECK,recover_partial,0,0
CHECK,failed_attempt_retained,30,30
CHECK,partial_retained,30,30
CHECK,injected_partial_failure,-8111,-8111
CHECK,failure_no_live_event,0,0
CHECK,poisoned_handle,-8108,-8108
CHECK,recover_partial,0,0
CHECK,failed_attempt_retained,31,31
CHECK,partial_retained,31,31
CHECK,injected_partial_failure,-8111,-8111
CHECK,failure_no_live_event,0,0
CHECK,poisoned_handle,-8108,-8108
CHECK,recover_partial,0,0
CHECK,failed_attempt_retained,32,32
CHECK,partial_retained,32,32
CHECK,no_committed_events,0,0
CHECK,thirty_two_attempts,32,32
CHECK,thirty_two_unpublished,32,32
CHECK,thirty_two_incomplete,32,32
CHECK,api_refusal,-8105,-8105
CHECK,refusal_all_state_unchanged,1,1
CHECK,refusal_event_input_unchanged,1,1
CHECK,refusal_all_causal_unchanged,1,1
CHECK,refusal_causal_input_unchanged,1,1
CHECK,refusal_head_unchanged,1,1
CHECK,refusal_no_attempt,32,32
N05B_CHILD_COUNTS,205,0
N05B_CHILD_PASS
