BIND,M2,rep,10,scale,1,start
DOMAIN_HASH,M2,13a3f38502984079d20b8723eb36dfd3c2f2bef28711a68c01d5ac9c35de1740
CORPUS_SHA256,M2,c52e4f52dc15713a5995ff7bc26b9b04298d79df881dca1a90052b76d2ea69ab
CL_CHECK,overflow,0,0
CL_CHECK,e90_reached,1,1
RESULT,M2,10,1,d1,40,40
RESULT,M2,10,1,d2,40,40
RESULT,M2,10,1,d3,120,120
RESULT,M2,10,1,rev_false,12,12
RESULT,M2,10,1,rev_genuine,20,20
RESULT,M2,10,1,r2,40,40
RESULT,M2,10,1,r3,40,40
RESULT,M2,10,1,e90,200,1
RESULT,M2,10,1,withheld,0,1
RESULT,M2,10,1,hallu,0,20
RESULT,M2,10,1,k1,1,1
RESULT,M2,10,1,k2,1,1
RESULT,M2,10,1,k3,1,1
RESULT,M2,10,1,refusal,1,1
RESULT,M2,10,1,esc,0,1
RESULT,M2,10,1,disconn,4,1
RESULT,M2,10,1,ops,287,1
RESULT,M2,10,1,eps,295,1
DIGEST,M2,10,1,c94869b3a31dc3f29acedbbeaccbb3dc3df00eeda5b9b78a369540d432beace6
BIND,M2,done
