PROCESSV3,unit,0,1,0,1,0,1,0,0,2967,0,10961,1,9767,1703936
CL_CHECK,unit,0,0
CL_CHECK,supervisor_status,0,0
CL_CHECK,reaped,1,1
CL_CHECK,signal,0,0
CL_CHECK,rss_under_64MiB,1,1
CL_RESOURCE,unit,9767,1703936,2967,0
PROCESSV3,write,0,1,0,1,0,1,0,0,89,0,5795,1,3948,1753088
CL_CHECK,write,0,0
CL_CHECK,supervisor_status,0,0
CL_CHECK,reaped,1,1
CL_CHECK,signal,0,0
CL_CHECK,rss_under_64MiB,1,1
CL_RESOURCE,write,3948,1753088,89,0
PROCESSV3,reload,0,1,0,1,0,1,0,0,446,0,5166,1,3237,1589248
CL_CHECK,reload,0,0
CL_CHECK,supervisor_status,0,0
CL_CHECK,reaped,1,1
CL_CHECK,signal,0,0
CL_CHECK,rss_under_64MiB,1,1
CL_RESOURCE,reload,3237,1589248,446,0
PROCESSV3,torn,0,1,0,1,0,1,73,0,53,0,5778,1,3353,1589248
CL_CHECK,torn,73,73
CL_CHECK,supervisor_status,0,0
CL_CHECK,reaped,1,1
CL_CHECK,signal,0,0
CL_CHECK,rss_under_64MiB,1,1
CL_RESOURCE,torn,3353,1589248,53,0
PROCESSV3,torn-refusal,0,1,0,1,0,1,0,0,116,0,5741,1,3800,1654784
CL_CHECK,torn-refusal,0,0
CL_CHECK,supervisor_status,0,0
CL_CHECK,reaped,1,1
CL_CHECK,signal,0,0
CL_CHECK,rss_under_64MiB,1,1
CL_RESOURCE,torn-refusal,3800,1654784,116,0
CL_ENGINEERING_FAILURES,0
