WORLD_BEGIN
EVICT 8123 900
OBSERVED 8001 801 9501
EVICT 8001 801
OBSERVED 8001 802 9502
EVICT 8001 802
OBSERVED 8001 803 9503
EVICT 8001 803
OBSERVED 8001 804 9504
EVICT 8001 804
OBSERVED 8001 805 9505
EVICT 8001 805
OBSERVED 8002 801 9501
EVICT 8002 801
OBSERVED 8002 802 9502
EVICT 8002 802
OBSERVED 8002 803 9503
EVICT 8002 803
OBSERVED 8002 804 9504
EVICT 8002 804
OBSERVED 8002 805 9505
EVICT 8002 805
OBSERVED 8003 801 9501
EVICT 8003 801
OBSERVED 8003 802 9502
EVICT 8003 802
OBSERVED 8003 803 9503
EVICT 8003 803
OBSERVED 8003 804 9504
EVICT 8003 804
OBSERVED 8003 805 9505
ANSWER 8004 801 -2
ANSWER 8004 802 -2
ANSWER 8004 803 -2
ANSWER 8004 804 -2
ANSWER 8005 801 -2
ANSWER 8005 802 -2
ANSWER 8005 803 -2
ANSWER 8005 804 -2
WORLD_END events=23 answers=8
STATE_SAVED
