WORLD_BEGIN
EVICT 20015 21001
OBSERVED 20102 21001 20101
EVICT 20102 21001
OBSERVED 20103 21001 20101
EVICT 20103 21001
OBSERVED 20104 21001 20101
EVICT 20104 21001
OBSERVED 20105 21001 20102
EVICT 20105 21001
OBSERVED 20106 21001 20102
EVICT 20106 21001
OBSERVED 20107 21001 20103
EVICT 20107 21001
OBSERVED 20108 21001 20104
EVICT 20108 21001
OBSERVED 20109 21001 20104
EVICT 20109 21001
OBSERVED 20110 21001 20105
EVICT 20110 21001
OBSERVED 20111 21001 20107
EVICT 20111 21001
OBSERVED 20112 21001 20107
EVICT 20112 21001
OBSERVED 20113 21001 20109
EVICT 20113 21001
OBSERVED 20114 21001 20110
EVICT 20114 21001
OBSERVED 20115 21001 20113
ANSWER 20101 21007 -2
ANSWER 20102 21007 -2
ANSWER 20103 21007 -2
ANSWER 20104 21007 -2
ANSWER 20105 21007 -2
ANSWER 20106 21007 -2
ANSWER 20107 21007 -2
ANSWER 20108 21007 -2
ANSWER 20109 21007 -2
ANSWER 20110 21007 -2
ANSWER 20111 21007 -2
ANSWER 20112 21007 -2
ANSWER 20113 21007 -2
ANSWER 20114 21007 -2
ANSWER 20115 21007 -2
ANSWER 20105 21009 -2
ANSWER 20106 21009 -2
ANSWER 20107 21009 -2
ANSWER 20108 21009 -2
ANSWER 20109 21009 -2
ANSWER 20110 21009 -2
ANSWER 20111 21009 -2
ANSWER 20112 21009 -2
ANSWER 20113 21009 -2
ANSWER 20114 21009 -2
ANSWER 20115 21009 -2
ANSWER 20015 21007 -2
ANSWER 20015 21009 -2
ANSWER 20003 21007 -2
ANSWER 20011 21009 -2
ANSWER 20001 21007 -2
WORLD_END events=45 answers=31
STATE_SAVED
