SC_RUN slots=14 leg=BYTES
SC_LEG BYTES
SC_ALLOC slots=14 idx=0 bytes=16
SC_ALLOC slots=14 idx=1 bytes=64
SC_ALLOC slots=14 idx=2 bytes=16
SC_ALLOC slots=14 idx=3 bytes=16
SC_ALLOC slots=14 idx=4 bytes=16
SC_ALLOC slots=14 idx=5 bytes=64
SC_ALLOC slots=14 idx=6 bytes=16
SC_ALLOC slots=14 idx=7 bytes=16
SC_ALLOC slots=14 idx=8 bytes=64
SC_ALLOC slots=14 idx=9 bytes=16
SC_ALLOC slots=14 idx=10 bytes=64
SC_ALLOC slots=14 idx=11 bytes=64
SC_ALLOC slots=14 idx=12 bytes=64
SC_ALLOC slots=14 idx=13 bytes=688128
SC_ALLOC slots=14 idx=14 bytes=688128
SC_ALLOC slots=14 idx=15 bytes=688128
SC_ALLOC slots=14 idx=16 bytes=688128
SC_BYTES slots=14 slot_cap=16 audit_cap=32768 total=2753008 ceil_ok=1
SC_DONE fail=0
