SC_RUN slots=56 leg=BYTES
SC_LEG BYTES
SC_ALLOC slots=56 idx=0 bytes=58
SC_ALLOC slots=56 idx=1 bytes=232
SC_ALLOC slots=56 idx=2 bytes=58
SC_ALLOC slots=56 idx=3 bytes=58
SC_ALLOC slots=56 idx=4 bytes=58
SC_ALLOC slots=56 idx=5 bytes=232
SC_ALLOC slots=56 idx=6 bytes=58
SC_ALLOC slots=56 idx=7 bytes=58
SC_ALLOC slots=56 idx=8 bytes=232
SC_ALLOC slots=56 idx=9 bytes=58
SC_ALLOC slots=56 idx=10 bytes=232
SC_ALLOC slots=56 idx=11 bytes=232
SC_ALLOC slots=56 idx=12 bytes=232
SC_ALLOC slots=56 idx=13 bytes=688128
SC_ALLOC slots=56 idx=14 bytes=688128
SC_ALLOC slots=56 idx=15 bytes=688128
SC_ALLOC slots=56 idx=16 bytes=688128
SC_BYTES slots=56 slot_cap=58 audit_cap=32768 total=2754310 ceil_ok=1
SC_DONE fail=0
