{
  "matched_v30": {
    "X_max_abs_delta": 0.0,
    "advantage_max_abs_delta": 0.0,
    "split_identical": true
  },
  "predictive_feature_dim": 161,
  "next_outcome_ensemble": {
    "top1": 0.6520408163265307,
    "nll": 1.1114190816879272,
    "brier": 0.56050681507413
  },
  "classifier": {
    "roc_auc": 0.8692633739117263,
    "average_precision": 0.33195453007553505,
    "brier": 0.0558023666898193
  },
  "expected_advantage": {
    "mse": 0.0927222831578235,
    "mae": 0.1869488052259955,
    "roc_auc": 0.6481825803863641,
    "mean_actual_positive": -0.09460959175979833,
    "mean_actual_nonpositive": -0.2628830627891708,
    "true_positive_cross_zero": 0.36619718309859156,
    "false_positive_cross_zero": 0.1763843050971764,
    "predicted_inspect_rate": 0.1901360544217687,
    "actual_mean_selected": 0.0705996047707911
  },
  "direct": {
    "mse": 0.09549017580490134,
    "mae": 0.19241794497621773,
    "roc_auc": 0.6376166176868078,
    "mean_actual_positive": -0.10283343906806491,
    "mean_actual_nonpositive": -0.262580813470298,
    "true_positive_cross_zero": 0.36384976525821594,
    "false_positive_cross_zero": 0.16116611661166116,
    "predicted_inspect_rate": 0.1758503401360544,
    "actual_mean_selected": 0.0652081761028995
  },
  "delta_vs_v30": {
    "classifier_auc": -0.002244121125727472,
    "classifier_ap": 0.003721964177900161,
    "expected_auc": 0.008811640162451284,
    "tp_cross": 0.004694835680751186,
    "fp_cross": -0.0284195086175284,
    "mean_pred_actual_positive": 0.012178917528886071
  }
}
