{
  "current_scale": {
    "resolvable_need_rate": 0.3477272727272727,
    "resolvable_inspect_beneficial_all": 0.2,
    "resolvable_inspect_beneficial_given_need": 0.5751633986928104,
    "resolvable_min_mode_beneficial_given_need": 0.11688311688311688,
    "resolvable_mean_optimal_trials_when_beneficial": 1.2102272727272727,
    "no_unique_inspect_beneficial_all": 0.0,
    "costly_need_rate": 0.43636363636363634,
    "costly_inspect_beneficial_all": 0.0,
    "costly_inspect_beneficial_given_need": 0.0,
    "separation_resolvable_need_minus_costly_need": 0.5751633986928104
  },
  "half_scale": {
    "resolvable_need_rate": 0.3477272727272727,
    "resolvable_inspect_beneficial_all": 0.2806818181818182,
    "resolvable_inspect_beneficial_given_need": 0.8071895424836601,
    "resolvable_min_mode_beneficial_given_need": 0.5714285714285714,
    "resolvable_mean_optimal_trials_when_beneficial": 1.9959514170040487,
    "no_unique_inspect_beneficial_all": 0.0,
    "costly_need_rate": 0.43636363636363634,
    "costly_inspect_beneficial_all": 0.04090909090909091,
    "costly_inspect_beneficial_given_need": 0.09375,
    "separation_resolvable_need_minus_costly_need": 0.7134395424836601
  },
  "best_multiplier": 0.55,
  "best_separation": 0.7679738562091504,
  "feasible_interval": [
    0.5,
    0.65
  ]
}
