MODEL dual_segmental
/mnt/data/r32_epistemic/r32_tts_dual_segmental_pam.py:84: UserWarning: Converting a tensor with requires_grad=True to a scalar may lead to unexpected behavior.
Consider using tensor.detach() first. (Triggered internally at /pytorch/torch/csrc/autograd/generated/python_variable_methods.cpp:836.)
  loss.backward();torch.nn.utils.clip_grad_norm_(model.parameters(),4.0);opt.step();ls.append(float(loss));br.append(float(st['boundary_rate']));pl.append(float(st['predictive_loss']))
EPOCH 1 {'epoch': 1, 'loss': 0.4001922872782556, 'dev': 0.9962616822429906, 'boundary_rate': 0.3098624807790043, 'predictive_loss': 0.10190156498939042}
EPOCH 2 {'epoch': 2, 'loss': 0.015303069813180775, 'dev': 1.0, 'boundary_rate': 0.21495376751432574, 'predictive_loss': 0.10444051820815094}
EPOCH 4 {'epoch': 4, 'loss': 0.00040385317638501285, 'dev': 1.0, 'boundary_rate': 0.09770355246415953, 'predictive_loss': 0.1414156619731973}
EPOCH 8 {'epoch': 8, 'loss': 0.0002359305355817125, 'dev': 1.0, 'boundary_rate': 0.051762351841945956, 'predictive_loss': 0.1851387284393233}
EPOCH 12 {'epoch': 12, 'loss': 1.7102016825195805e-05, 'dev': 1.0, 'boundary_rate': 0.0008368522018228271, 'predictive_loss': 0.23338591277114745}
RESULT dual_segmental {'overall': 0.906415343915344, 'hard_mean': 0.9271741835921944, 'conditions': {'hard_noise': 0.7766203703703703, 'template_prefix': 0.9699074074074074, 'heldout_comp': 0.9416666666666667, 'template_postposed': 0.9490740740740741, 'speaker_speed': 0.9489247311827957, 'template_polite': 0.9768518518518519}, 'boundary_rate': 0.22065667808055878, 'history': [{'epoch': 1, 'loss': 0.4001922872782556, 'dev': 0.9962616822429906, 'boundary_rate': 0.3098624807790043, 'predictive_loss': 0.10190156498939042}, {'epoch': 2, 'loss': 0.015303069813180775, 'dev': 1.0, 'boundary_rate': 0.21495376751432574, 'predictive_loss': 0.10444051820815094}, {'epoch': 3, 'loss': 0.0006344726432694077, 'dev': 1.0, 'boundary_rate': 0.1527511945706073, 'predictive_loss': 0.11898714618954231}, {'epoch': 4, 'loss': 0.00040385317638501285, 'dev': 1.0, 'boundary_rate': 0.09770355246415953, 'predictive_loss': 0.1414156619731973}, {'epoch': 5, 'loss': 0.00033176405501090053, 'dev': 1.0, 'boundary_rate': 0.07919071766176844, 'predictive_loss': 0.1581760687314398}, {'epoch': 6, 'loss': 0.00030139255279682697, 'dev': 1.0, 'boundary_rate': 0.06891287442266457, 'predictive_loss': 0.16827968283881986}, {'epoch': 7, 'loss': 0.0002608787201201104, 'dev': 1.0, 'boundary_rate': 0.06283140473249482, 'predictive_loss': 0.17426940992595705}, {'epoch': 8, 'loss': 0.0002359305355817125, 'dev': 1.0, 'boundary_rate': 0.051762351841945956, 'predictive_loss': 0.1851387284393233}, {'epoch': 9, 'loss': 0.00018794775613473834, 'dev': 1.0, 'boundary_rate': 0.03999499623792443, 'predictive_loss': 0.1961414729192005}, {'epoch': 10, 'loss': 0.00012475580030984085, 'dev': 1.0, 'boundary_rate': 0.02084725679511704, 'predictive_loss': 0.2129634783519962}, {'epoch': 11, 'loss': 5.695223932512241e-05, 'dev': 1.0, 'boundary_rate': 0.006496675981197324, 'predictive_loss': 0.22720865444923805}, {'epoch': 12, 'loss': 1.7102016825195805e-05, 'dev': 1.0, 'boundary_rate': 0.0008368522018228271, 'predictive_loss': 0.23338591277114745}], 'extreme_flags': []}
MODEL dual_predictive_segmental
EPOCH 1 {'epoch': 1, 'loss': 0.44740198876867754, 'dev': 1.0, 'boundary_rate': 0.4711234414480566, 'predictive_loss': 0.07960955916744906}
EPOCH 2 {'epoch': 2, 'loss': 0.003091605851517581, 'dev': 1.0, 'boundary_rate': 0.3290397137161193, 'predictive_loss': 0.03474464044883484}
EPOCH 4 {'epoch': 4, 'loss': 0.002116826472697946, 'dev': 1.0, 'boundary_rate': 0.34208838508381106, 'predictive_loss': 0.02079311747679381}
EPOCH 8 {'epoch': 8, 'loss': 0.001983471433404924, 'dev': 1.0, 'boundary_rate': 0.34777288974785225, 'predictive_loss': 0.01664591202800109}
EPOCH 12 {'epoch': 12, 'loss': 0.0018695051198810097, 'dev': 1.0, 'boundary_rate': 0.35627222521518304, 'predictive_loss': 0.0124588205547231}
RESULT dual_predictive_segmental {'overall': 0.8287037037037037, 'hard_mean': 0.8457823078454799, 'conditions': {'hard_noise': 0.7326388888888888, 'template_prefix': 0.8356481481481481, 'heldout_comp': 0.9, 'template_postposed': 0.8703703703703703, 'speaker_speed': 0.8911290322580645, 'template_polite': 0.8449074074074074}, 'boundary_rate': 0.3445313877115647, 'history': [{'epoch': 1, 'loss': 0.44740198876867754, 'dev': 1.0, 'boundary_rate': 0.4711234414480566, 'predictive_loss': 0.07960955916744906}, {'epoch': 2, 'loss': 0.003091605851517581, 'dev': 1.0, 'boundary_rate': 0.3290397137161193, 'predictive_loss': 0.03474464044883484}, {'epoch': 3, 'loss': 0.002204348592511643, 'dev': 1.0, 'boundary_rate': 0.3355732538351199, 'predictive_loss': 0.02348684998062568}, {'epoch': 4, 'loss': 0.002116826472697946, 'dev': 1.0, 'boundary_rate': 0.34208838508381106, 'predictive_loss': 0.02079311747679381}, {'epoch': 5, 'loss': 0.0020748371356810497, 'dev': 1.0, 'boundary_rate': 0.3440152130475858, 'predictive_loss': 0.019495832923103154}, {'epoch': 6, 'loss': 0.002048455286634768, 'dev': 1.0, 'boundary_rate': 0.34569682241455324, 'predictive_loss': 0.018424768886733348}, {'epoch': 7, 'loss': 0.0020136992405433724, 'dev': 1.0, 'boundary_rate': 0.34679087681498955, 'predictive_loss': 0.01749924076645355}, {'epoch': 8, 'loss': 0.001983471433404924, 'dev': 1.0, 'boundary_rate': 0.34777288974785225, 'predictive_loss': 0.01664591202800109}, {'epoch': 9, 'loss': 0.001955533993612157, 'dev': 1.0, 'boundary_rate': 0.3495404133951761, 'predictive_loss': 0.01571565754408759}, {'epoch': 10, 'loss': 0.001930045440028293, 'dev': 1.0, 'boundary_rate': 0.3515361503856938, 'predictive_loss': 0.014743579013984862}, {'epoch': 11, 'loss': 0.0019005728323330602, 'dev': 1.0, 'boundary_rate': 0.35384671184105604, 'predictive_loss': 0.013626221491675066}, {'epoch': 12, 'loss': 0.0018695051198810097, 'dev': 1.0, 'boundary_rate': 0.35627222521518304, 'predictive_loss': 0.0124588205547231}], 'extreme_flags': []}
MODEL dual_segmental
EPOCH 1 {'epoch': 1, 'loss': 0.4786352277563022, 'dev': 0.9719626168224299, 'boundary_rate': 0.5015828747574876, 'predictive_loss': 0.08379159516435329}
EPOCH 2 {'epoch': 2, 'loss': 0.006640459682008751, 'dev': 0.983177570093458, 'boundary_rate': 0.2535403105543881, 'predictive_loss': 0.0752117784951276}
EPOCH 4 {'epoch': 4, 'loss': 0.0004108855685378175, 'dev': 1.0, 'boundary_rate': 0.08731065799550312, 'predictive_loss': 0.14527067457272755}
EPOCH 8 {'epoch': 8, 'loss': 0.00011576789623406541, 'dev': 1.0, 'boundary_rate': 0.022144929574030203, 'predictive_loss': 0.20244745255970373}
EPOCH 12 {'epoch': 12, 'loss': 4.617155369724208e-05, 'dev': 1.0, 'boundary_rate': 0.008061293635623364, 'predictive_loss': 0.21785438399973925}
RESULT dual_segmental {'overall': 0.9437830687830688, 'hard_mean': 0.9569830246913581, 'conditions': {'hard_noise': 0.8645833333333334, 'speaker_speed': 1.0, 'template_prefix': 0.9675925925925926, 'template_postposed': 0.9560185185185185, 'template_polite': 0.9537037037037037, 'heldout_comp': 1.0}, 'boundary_rate': 0.10578839310134451, 'history': [{'epoch': 1, 'loss': 0.4786352277563022, 'dev': 0.9719626168224299, 'boundary_rate': 0.5015828747574876, 'predictive_loss': 0.08379159516435329}, {'epoch': 2, 'loss': 0.006640459682008751, 'dev': 0.983177570093458, 'boundary_rate': 0.2535403105543881, 'predictive_loss': 0.0752117784951276}, {'epoch': 3, 'loss': 0.007393739069812, 'dev': 1.0, 'boundary_rate': 0.2297941855783385, 'predictive_loss': 0.09469453178770174}, {'epoch': 4, 'loss': 0.0004108855685378175, 'dev': 1.0, 'boundary_rate': 0.08731065799550312, 'predictive_loss': 0.14527067457272755}, {'epoch': 5, 'loss': 0.00023037370680490646, 'dev': 1.0, 'boundary_rate': 0.05064864011435974, 'predictive_loss': 0.1741644413006015}, {'epoch': 6, 'loss': 0.00018016407959545562, 'dev': 1.0, 'boundary_rate': 0.0373969010827018, 'predictive_loss': 0.18679384838759414}, {'epoch': 7, 'loss': 0.00014093710212283048, 'dev': 1.0, 'boundary_rate': 0.028664126886221452, 'predictive_loss': 0.1956662140726074}, {'epoch': 8, 'loss': 0.00011576789623406541, 'dev': 1.0, 'boundary_rate': 0.022144929574030203, 'predictive_loss': 0.20244745255970373}, {'epoch': 9, 'loss': 9.745805655848386e-05, 'dev': 1.0, 'boundary_rate': 0.019667856009086458, 'predictive_loss': 0.20515253849145842}, {'epoch': 10, 'loss': 7.573851166298704e-05, 'dev': 1.0, 'boundary_rate': 0.01477618591208768, 'predictive_loss': 0.2104755329891918}, {'epoch': 11, 'loss': 6.162367424074886e-05, 'dev': 1.0, 'boundary_rate': 0.011678103830786497, 'predictive_loss': 0.21383900298335687}, {'epoch': 12, 'loss': 4.617155369724208e-05, 'dev': 1.0, 'boundary_rate': 0.008061293635623364, 'predictive_loss': 0.21785438399973925}], 'extreme_flags': ['speaker_speed', 'heldout_comp']}
MODEL dual_predictive_segmental
EPOCH 1 {'epoch': 1, 'loss': 0.4983030060699921, 'dev': 1.0, 'boundary_rate': 0.384965695501343, 'predictive_loss': 0.04857432153227368}
EPOCH 2 {'epoch': 2, 'loss': 0.003809248773017671, 'dev': 1.0, 'boundary_rate': 0.32524162167456094, 'predictive_loss': 0.037118593473138846}
EPOCH 4 {'epoch': 4, 'loss': 0.002233261378799997, 'dev': 1.0, 'boundary_rate': 0.3455796714236097, 'predictive_loss': 0.023345055361467647}
EPOCH 8 {'epoch': 8, 'loss': 0.0020309893681281586, 'dev': 1.0, 'boundary_rate': 0.3475950999957759, 'predictive_loss': 0.017915512919728833}
EPOCH 12 {'epoch': 12, 'loss': 0.001938383412032532, 'dev': 1.0, 'boundary_rate': 0.3479282926253187, 'predictive_loss': 0.015439734582191075}
RESULT dual_predictive_segmental {'overall': 0.8492063492063492, 'hard_mean': 0.8617520410195141, 'conditions': {'hard_noise': 0.7719907407407407, 'speaker_speed': 0.9193548387096774, 'template_prefix': 0.8472222222222222, 'template_postposed': 0.8356481481481481, 'template_polite': 0.8796296296296297, 'heldout_comp': 0.9166666666666666}, 'boundary_rate': 0.33389383492370445, 'history': [{'epoch': 1, 'loss': 0.4983030060699921, 'dev': 1.0, 'boundary_rate': 0.384965695501343, 'predictive_loss': 0.04857432153227368}, {'epoch': 2, 'loss': 0.003809248773017671, 'dev': 1.0, 'boundary_rate': 0.32524162167456094, 'predictive_loss': 0.037118593473138846}, {'epoch': 3, 'loss': 0.0023596448373291792, 'dev': 1.0, 'boundary_rate': 0.34001286097658356, 'predictive_loss': 0.027048079084938136}, {'epoch': 4, 'loss': 0.002233261378799997, 'dev': 1.0, 'boundary_rate': 0.3455796714236097, 'predictive_loss': 0.023345055361467647}, {'epoch': 5, 'loss': 0.0021576961157919188, 'dev': 1.0, 'boundary_rate': 0.34735391488889367, 'predictive_loss': 0.021242053210129584}, {'epoch': 6, 'loss': 0.002106380855240594, 'dev': 1.0, 'boundary_rate': 0.3476975984205075, 'predictive_loss': 0.019815813886319717}, {'epoch': 7, 'loss': 0.0020607581562779058, 'dev': 1.0, 'boundary_rate': 0.3474218203284876, 'predictive_loss': 0.01879096267426886}, {'epoch': 8, 'loss': 0.0020309893681281586, 'dev': 1.0, 'boundary_rate': 0.3475950999957759, 'predictive_loss': 0.017915512919728833}, {'epoch': 9, 'loss': 0.002005509189822204, 'dev': 1.0, 'boundary_rate': 0.3471546398430336, 'predictive_loss': 0.017239527171099087}, {'epoch': 10, 'loss': 0.001978349081634324, 'dev': 1.0, 'boundary_rate': 0.34722920816119124, 'predictive_loss': 0.016586436178323213}, {'epoch': 11, 'loss': 0.0019553799931777685, 'dev': 1.0, 'boundary_rate': 0.347484222030252, 'predictive_loss': 0.015987944039629727}, {'epoch': 12, 'loss': 0.001938383412032532, 'dev': 1.0, 'boundary_rate': 0.3479282926253187, 'predictive_loss': 0.015439734582191075}], 'extreme_flags': []}
{
  "dual_segmental": {
    "overall": 0.9250992063492064,
    "hard_mean": 0.9420786041417762,
    "boundary_rate": 0.16322253559095165,
    "conditions": {
      "hard_noise": 0.8206018518518519,
      "template_prefix": 0.96875,
      "heldout_comp": 0.9708333333333333,
      "template_postposed": 0.9525462962962963,
      "speaker_speed": 0.9744623655913979,
      "template_polite": 0.9652777777777778
    }
  },
  "dual_predictive_segmental": {
    "overall": 0.8389550264550265,
    "hard_mean": 0.8537671744324971,
    "boundary_rate": 0.3392126113176346,
    "conditions": {
      "hard_noise": 0.7523148148148148,
      "template_prefix": 0.8414351851851851,
      "heldout_comp": 0.9083333333333333,
      "template_postposed": 0.8530092592592593,
      "speaker_speed": 0.905241935483871,
      "template_polite": 0.8622685185185186
    }
  }
}
