PROCESSV3,invalid,0,1,0,1,0,1,2,0,0,0,5817,1,1047,1409024
CHECK,child_supervision_status,0,0
CHECK,child_started,1,1
CHECK,child_reaped,1,1
CHECK,child_exit,2,2
CHECK,child_signal,0,0
CHECK,empty_child_stderr,0,0
CHECK,bounded_observed_child_rss,1,1
CHECK,complete_child_capture,0,0
CHECK,invalid_mode_silent,0,0
PROCESSV3,matrix,0,1,0,1,0,1,0,0,243497,0,1369684,1,1349588,20873216
CHECK,child_supervision_status,0,0
CHECK,child_started,1,1
CHECK,child_reaped,1,1
CHECK,child_exit,0,0
CHECK,child_signal,0,0
CHECK,empty_child_stderr,0,0
CHECK,bounded_observed_child_rss,1,1
CHECK,complete_child_capture,243497,243497
CHECK,unambiguous_completed_check_count,1,1
CHECK,child_terminal_pass,1,1
PROCESSV3,refusals,0,1,0,1,0,1,0,0,88995,0,1269239,1,1226087,19480576
CHECK,child_supervision_status,0,0
CHECK,child_started,1,1
CHECK,child_reaped,1,1
CHECK,child_exit,0,0
CHECK,child_signal,0,0
CHECK,empty_child_stderr,0,0
CHECK,bounded_observed_child_rss,1,1
CHECK,complete_child_capture,88995,88995
CHECK,unambiguous_completed_check_count,1,1
CHECK,child_terminal_pass,1,1
PROCESSV3,inventory-write,0,1,0,1,0,1,0,0,2088,0,22658629,1,22215980,274989056
CHECK,child_supervision_status,0,0
CHECK,child_started,1,1
CHECK,child_reaped,1,1
CHECK,child_exit,0,0
CHECK,child_signal,0,0
CHECK,empty_child_stderr,0,0
CHECK,bounded_observed_child_rss,1,1
CHECK,complete_child_capture,2088,2088
CHECK,unambiguous_completed_check_count,1,1
CHECK,child_terminal_pass,1,1
PROCESSV3,inventory-replay,0,1,0,1,0,1,0,0,3101,0,23426594,1,22941580,277348352
CHECK,child_supervision_status,0,0
CHECK,child_started,1,1
CHECK,child_reaped,1,1
CHECK,child_exit,0,0
CHECK,child_signal,0,0
CHECK,empty_child_stderr,0,0
CHECK,bounded_observed_child_rss,1,1
CHECK,complete_child_capture,3101,3101
CHECK,unambiguous_completed_check_count,1,1
CHECK,child_terminal_pass,1,1
CHECK,all_five_children_reaped,5,5
CHECK,native_result_exclusive_write,0,0
{
  "experiment":"R33-N12",
  "planned_children":5,
  "children_reaped":5,
  "parent_failures_before_result_write":0,
  "verified_completed_child_checks":9723,
  "parent_checks_before_result_write":50,
  "child_cpu_us":47734282,
  "observed_child_wall_us":48729963,
  "peak_child_rss_bytes":277348352,
  "training":false,
  "canonical_mutation":false,
  "python_execution":false,
  "reducer_execution":false,
  "semantic_digest_recomputed":false,
  "full_parent_migration_verified":false,
  "requires_terminal_marker":true
}
CHECK,output_root_closed,0,0
R33_N12_BOUNDED_NUMERIC_VIEW_ENGINEERING_PASS
