PROCESSV3,invalid,0,1,0,1,0,1,2,0,0,0,183671,1,3141,1392640
CHECK,supervisor_status,0,0
CHECK,child_started,1,1
CHECK,child_reaped,1,1
CHECK,child_exit,2,2
CHECK,child_signal,0,0
CHECK,child_stderr,0,0
CHECK,child_resource_bound,1,1
CHECK,invalid_mode_no_output,0,0
PROCESSV3,telemetry,0,1,0,1,0,1,0,0,33991,0,95396,1,88447,2588672
CHECK,supervisor_status,0,0
CHECK,child_started,1,1
CHECK,child_reaped,1,1
CHECK,child_exit,0,0
CHECK,child_signal,0,0
CHECK,child_stderr,0,0
CHECK,child_resource_bound,1,1
CHECK,captured_complete_output,1,1
CHECK,no_assertion_mismatch,0,0
CHECK,group_initialization,1,1
CHECK,group_exposure_identity,1,1
CHECK,group_assessment_help,1,1
CHECK,group_retention,1,1
CHECK,group_retrieval_resource,1,1
CHECK,group_anchor_capacity,1,1
CHECK,group_atomicity_reconstruction,1,1
CHECK,group_refusal_request,1,1
CHECK,native_completion,1,1
CHECK,close_root,0,0
N04_FAILURES,0
N04_TELEMETRY_V2_ENGINEERING_PASS,8
