{
  "summary": {
    "one_shot": {
      "no_unique_unknown": 0.545,
      "resolvable_success": 0.2225,
      "costly_unknown": 1.0,
      "wrong_commit": 0.25,
      "mean_trials": 0.8571428571428571,
      "runaway": 0.0
    },
    "reusable": {
      "no_unique_unknown": 0.62,
      "resolvable_success": 0.6625000000000001,
      "costly_unknown": 1.0,
      "wrong_commit": 0.13428571428571429,
      "mean_trials": 8.012857142857143,
      "runaway": 0.011428571428571429
    }
  },
  "delta_vs_v16": {
    "no_unique_unknown": 0.06499999999999995,
    "resolvable_success": -0.10999999999999988,
    "costly_unknown": 0.0,
    "wrong_commit": -0.022857142857142826,
    "mean_trials": -1.0657142857142858,
    "runaway": -0.0071428571428571435
  },
  "delta_vs_v19": {
    "no_unique_unknown": -0.0050000000000000044,
    "resolvable_success": 0.02000000000000013,
    "costly_unknown": 0.0,
    "wrong_commit": 0.007142857142857145,
    "mean_trials": 0.3600000000000003,
    "runaway": 0.005714285714285714
  },
  "wait_validation": {
    "total_unique_states": 41858,
    "excluded_duplicate_state_rows": 638,
    "train_rows": 28240,
    "validation_rows": 13618,
    "validation_mse": 0.27679372987583983,
    "roc_auc_future_convergence_using_wait_value": 0.6228925333781259,
    "mean_pred_wait_nonconvergent": -0.15132147636338159,
    "mean_pred_wait_convergent": -0.05153032063647383,
    "positive_pred_wait_nonconvergent": 0.3763855421686747,
    "positive_pred_wait_convergent": 0.5672792564427546,
    "actual_positive_wait_nonconvergent": 0.0,
    "actual_positive_wait_convergent": 0.7953105196451205,
    "feature_dim": 60,
    "target": "episodic backward multi-step observation return net of experienced cost; no mode/ambiguity label",
    "sha256": "575b6bd33e7035af062c37944a377e21247f95f9864f00b9ef18ec5ebd525caf"
  }
}
