{
  "summary": {
    "one_shot": {
      "no_unique_unknown": 0.615,
      "resolvable_success": 0.22,
      "costly_unknown": 1.0,
      "wrong_commit": 0.22285714285714286,
      "mean_trials": 0.79,
      "runaway": 0.0
    },
    "reusable": {
      "no_unique_unknown": 0.605,
      "resolvable_success": 0.345,
      "costly_unknown": 1.0,
      "wrong_commit": 0.19714285714285715,
      "mean_trials": 3.12,
      "runaway": 0.004285714285714286
    }
  },
  "delta_vs_v21": {
    "no_unique_unknown": -0.015000000000000013,
    "resolvable_success": -0.2975,
    "costly_unknown": 0.0,
    "wrong_commit": 0.06714285714285714,
    "mean_trials": -4.581428571428572,
    "runaway": -0.0028571428571428576
  }
}