ST_CELL,B,A2,0,4,S1,500
ST_TARGET,4,4
ST_AUDIT,ORIGIN,0,0,0
ST_QUORUM,0,0,0,0
ST_AUDIT,ORIGIN,1,0,1
ST_AUDIT,ORIGIN,2,0,2
ST_AUDIT,ORIGIN,3,0,3
ST_AUDIT,ORIGIN,4,0,4
ST_AUDIT,ORIGIN,5,0,5
ST_AUDIT,ORIGIN,6,0,6
ST_AUDIT,ORIGIN,7,0,7
ST_AUDIT,ORIGIN,8,0,8
ST_AUDIT,ORIGIN,9,0,9
ST_AUDIT,ORIGIN,10,0,10
ST_AUDIT,ORIGIN,11,0,11
ST_AUDIT,ORIGIN,12,772,12
ST_AUDIT,ORIGIN,13,773,13
ST_AUDIT,ORIGIN,14,774,14
ST_AUDIT,ORIGIN,15,770,15
ST_AUDIT,ORIGIN,16,771,16
ST_AUDIT,ORIGIN,17,772,17
ST_AUDIT,ORIGIN,18,773,18
ST_AUDIT,ORIGIN,19,774,19
ST_AUDIT,ORIGIN,20,770,20
ST_AUDIT,ORIGIN,21,771,21
ST_AUDIT,ORIGIN,22,772,22
ST_AUDIT,ORIGIN,23,773,23
ST_AUDIT,B_SUSPECT,4,0,40
ST_REV,4,42,1781
ST_QUORUM,50,4,3,1
ST_QUORUM,100,6,3,1
ST_QUORUM,150,6,3,1
ST_QUORUM,200,6,3,1
ST_QUORUM,250,5,3,1
ST_QUORUM,300,5,3,1
ST_QUORUM,350,5,3,1
ST_QUORUM,400,6,3,1
ST_QUORUM,450,6,3,1
ST_QUORUM,499,6,3,1
ST_CHECK,refusals,0
ST_CHECK,replay,0
ST_CHECK,provenance,0
ST_SRR,4,0,1
ST_FCR,0,0
ST_TAXONOMY,4,CORRUPTED
ST_TTD_COLLUSION,-1
ST_FREEZE,4,0,0
ST_RECOVERY,-1
ST_REV_LATENCY,-1
ST_DENIAL,0
ST_GENUINE_FLAGGED,0
ST_A6_MAXSTR,-1
ST_GATE_REFUSED,0
ST_B_SUSPECT,1
ST_STR_REFUSED,0
ST_T01_WINDOW,4,76
ST_FP,0,a11a25e5eba54fabd539d9c3a39dfb436f2138d04acecd89d62407639f6005b3,5547467
ST_DONE
