ST_CELL,B,A2,2,8,S1,500
ST_TARGET,8,8
ST_QUORUM,0,0,0,0
ST_QUORUM,50,0,0,0
ST_QUORUM,100,6,3,1
ST_QUORUM,150,6,3,1
ST_QUORUM,200,6,3,1
ST_QUORUM,250,6,3,1
ST_QUORUM,300,5,3,1
ST_QUORUM,350,5,3,1
ST_QUORUM,400,5,3,1
ST_QUORUM,450,6,3,1
ST_QUORUM,499,6,3,1
ST_CHECK,refusals,0
ST_CHECK,replay,0
ST_CHECK,provenance,0
ST_SRR,8,0,1
ST_FCR,0,0
ST_TAXONOMY,8,CORRUPTED
ST_TTD_COLLUSION,-1
ST_FREEZE,8,0,0
ST_RECOVERY,-1
ST_REV_LATENCY,-1
ST_DENIAL,0
ST_GENUINE_FLAGGED,0
ST_A6_MAXSTR,-1
ST_GATE_REFUSED,0
ST_B_SUSPECT,1
ST_STR_REFUSED,0
ST_FP,0,693f6357f8de68265f374044701a241f5be6572feaefc45cc43e346390a7dfb3,5548425
ST_DONE
