ST_CELL,B,A3,2,2,S1,500
ST_TARGET,2,2
ST_QUORUM,0,0,0,0
ST_QUORUM,50,0,0,0
ST_QUORUM,100,5,3,1
ST_QUORUM,150,5,3,1
ST_QUORUM,200,6,3,1
ST_QUORUM,250,6,3,1
ST_QUORUM,300,6,3,1
ST_QUORUM,350,6,3,1
ST_QUORUM,400,5,3,1
ST_QUORUM,450,5,3,1
ST_QUORUM,499,5,3,1
ST_CHECK,refusals,0
ST_CHECK,replay,0
ST_CHECK,provenance,0
ST_SRR,2,0,1
ST_FCR,659,10
ST_TAXONOMY,2,CORRUPTED
ST_TTD_COLLUSION,-1
ST_FREEZE,2,0,0
ST_RECOVERY,-1
ST_REV_LATENCY,-1
ST_DENIAL,0
ST_GENUINE_FLAGGED,0
ST_A6_MAXSTR,-1
ST_GATE_REFUSED,0
ST_B_SUSPECT,1
ST_STR_REFUSED,0
ST_FP,0,0fc68ce76f81dc38fc8ccfe32fc43cc50380aef0a85b42155a7999c606bd406a,5555724
ST_DONE
