ST_CELL,TNC,A1,1,5,S1,500
ST_TARGET,5,5
ST_QUORUM,0,0,0,0
ST_QUORUM,50,5,1,0
ST_QUORUM,100,5,1,0
ST_QUORUM,150,0,0,0
ST_QUORUM,200,0,0,0
ST_QUORUM,250,0,0,0
ST_QUORUM,300,0,0,0
ST_QUORUM,350,0,0,0
ST_QUORUM,400,0,0,0
ST_QUORUM,450,0,0,0
ST_QUORUM,499,0,0,0
ST_CHECK,refusals,0
ST_CHECK,replay,0
ST_CHECK,provenance,0
ST_SRR,5,0,0
ST_FCR,0,0
ST_TAXONOMY,5,CONTAINED
ST_TTD_COLLUSION,-1
ST_FREEZE,5,0,0
ST_RECOVERY,-1
ST_REV_LATENCY,-1
ST_DENIAL,0
ST_GENUINE_FLAGGED,0
ST_A6_MAXSTR,-1
ST_GATE_REFUSED,30
ST_B_SUSPECT,0
ST_STR_REFUSED,0
ST_FP,0,8aa507a6a645ec369dc8a2acfb44f3927f63580b32d9d1fc7b716cc3fb20ae41,5572437
ST_DONE
