ST_CELL,TNC,A2,2,11,S1,500
ST_TARGET,11,11
ST_AUDIT,ORIGIN,0,257,0
ST_QUORUM,0,0,0,0
ST_AUDIT,ORIGIN,1,257,1
ST_AUDIT,ORIGIN,2,257,2
ST_AUDIT,ORIGIN,3,257,3
ST_AUDIT,ORIGIN,4,257,4
ST_AUDIT,ORIGIN,5,257,5
ST_AUDIT,ORIGIN,6,257,6
ST_AUDIT,ORIGIN,7,257,7
ST_AUDIT,ORIGIN,8,257,8
ST_AUDIT,ORIGIN,9,257,9
ST_AUDIT,ORIGIN,10,257,10
ST_AUDIT,ORIGIN,11,257,11
ST_AUDIT,ORIGIN,12,772,12
ST_AUDIT,ORIGIN,13,773,13
ST_AUDIT,ORIGIN,14,774,14
ST_AUDIT,ORIGIN,15,770,15
ST_AUDIT,ORIGIN,16,771,16
ST_AUDIT,ORIGIN,17,772,17
ST_AUDIT,ORIGIN,18,773,18
ST_AUDIT,ORIGIN,19,774,19
ST_AUDIT,ORIGIN,20,770,20
ST_AUDIT,ORIGIN,21,771,21
ST_AUDIT,ORIGIN,22,772,22
ST_AUDIT,ORIGIN,23,773,23
ST_AUDIT,TIER_GRADUATED,0,772,25
ST_AUDIT,TIER_GRADUATED,0,774,25
ST_AUDIT,TIER_GRADUATED,0,771,25
ST_AUDIT,TIER_GRADUATED,1,773,26
ST_AUDIT,TIER_GRADUATED,1,770,26
ST_QUORUM,50,0,0,0
ST_AUDIT,GATE_REFUSED,11,65793,54
ST_AUDIT,GATE_REFUSED,11,65793,55
ST_AUDIT,GATE_REFUSED,11,65793,56
ST_AUDIT,GATE_REFUSED,11,65793,57
ST_AUDIT,GATE_REFUSED,11,65793,58
ST_AUDIT,GATE_REFUSED,11,65793,59
ST_AUDIT,GATE_REFUSED,11,65793,60
ST_AUDIT,GATE_REFUSED,11,65793,61
ST_AUDIT,GATE_REFUSED,11,65793,62
ST_AUDIT,GATE_REFUSED,11,65793,63
ST_AUDIT,GATE_REFUSED,11,65793,64
ST_AUDIT,GATE_REFUSED,11,65793,65
ST_AUDIT,GATE_REFUSED,11,65793,66
ST_AUDIT,GATE_REFUSED,11,65793,67
ST_AUDIT,GATE_REFUSED,11,65793,68
ST_AUDIT,GATE_REFUSED,11,65793,69
ST_AUDIT,GATE_REFUSED,11,65793,70
ST_AUDIT,GATE_REFUSED,11,65793,71
ST_AUDIT,GATE_REFUSED,11,65793,72
ST_AUDIT,GATE_REFUSED,11,65793,73
ST_AUDIT,GATE_REFUSED,11,65793,74
ST_AUDIT,GATE_REFUSED,11,65793,75
ST_AUDIT,GATE_REFUSED,11,65793,76
ST_AUDIT,GATE_REFUSED,11,65793,77
ST_AUDIT,GATE_REFUSED,11,65793,78
ST_AUDIT,GATE_REFUSED,11,65793,79
ST_AUDIT,GATE_REFUSED,11,65793,80
ST_AUDIT,GATE_REFUSED,11,65793,81
ST_AUDIT,GATE_REFUSED,11,65793,82
ST_AUDIT,GATE_REFUSED,11,65793,83
ST_QUORUM,100,1,1,1
ST_QUORUM,150,0,0,0
ST_QUORUM,200,0,0,0
ST_QUORUM,250,0,0,0
ST_QUORUM,300,0,0,0
ST_QUORUM,350,0,0,0
ST_QUORUM,400,0,0,0
ST_QUORUM,450,0,0,0
ST_QUORUM,499,0,0,0
ST_CHECK,refusals,0
ST_CHECK,replay,0
ST_CHECK,provenance,0
ST_SRR,11,0,0
ST_FCR,0,0
ST_TAXONOMY,11,CONTAINED
ST_TTD_COLLUSION,-1
ST_FREEZE,11,0,0
ST_RECOVERY,-1
ST_REV_LATENCY,-1
ST_DENIAL,0
ST_GENUINE_FLAGGED,0
ST_A6_MAXSTR,-1
ST_GATE_REFUSED,30
ST_B_SUSPECT,0
ST_STR_REFUSED,0
ST_T01_WINDOW,11,76
ST_FP,0,198b7e136bdee1336bac203119ab44ee6e67e37f264c37233c33abe72f719eee,5555878
ST_DONE
