ST_CELL,TNC,A5,0,3,S1,500
ST_TARGET,3,3
ST_AUDIT,ORIGIN,0,0,0
ST_QUORUM,0,0,0,0
ST_AUDIT,ORIGIN,1,0,1
ST_AUDIT,ORIGIN,2,0,2
ST_AUDIT,ORIGIN,3,0,3
ST_AUDIT,ORIGIN,4,0,4
ST_AUDIT,ORIGIN,5,0,5
ST_AUDIT,ORIGIN,6,0,6
ST_AUDIT,ORIGIN,7,0,7
ST_AUDIT,ORIGIN,8,0,8
ST_AUDIT,ORIGIN,9,0,9
ST_AUDIT,ORIGIN,10,0,10
ST_AUDIT,ORIGIN,11,0,11
ST_AUDIT,ORIGIN,12,772,12
ST_AUDIT,ORIGIN,13,773,13
ST_AUDIT,ORIGIN,14,774,14
ST_AUDIT,ORIGIN,15,770,15
ST_AUDIT,ORIGIN,16,771,16
ST_AUDIT,ORIGIN,17,772,17
ST_AUDIT,ORIGIN,18,773,18
ST_AUDIT,ORIGIN,19,774,19
ST_AUDIT,ORIGIN,20,770,20
ST_AUDIT,ORIGIN,21,771,21
ST_AUDIT,ORIGIN,22,772,22
ST_AUDIT,ORIGIN,23,773,23
ST_AUDIT,TIER_GRADUATED,0,772,25
ST_AUDIT,TIER_GRADUATED,0,774,25
ST_AUDIT,TIER_GRADUATED,0,771,25
ST_AUDIT,TIER_GRADUATED,1,773,26
ST_AUDIT,TIER_GRADUATED,1,770,26
ST_REV,3,42,1780
ST_REV,3,43,1003
ST_REV,3,44,1780
ST_REV,3,45,1003
ST_REV,3,46,1780
ST_REV,3,47,1003
ST_REV,3,48,1780
ST_REV,3,49,1003
ST_REV,3,50,1780
ST_QUORUM,50,4,3,1
ST_REV,3,51,1003
ST_REV,3,52,1780
ST_REV,3,53,1003
ST_REV,3,54,1780
ST_REV,3,55,1003
ST_REV,3,56,1780
ST_REV,3,57,1003
ST_REV,3,58,1780
ST_REV,3,59,1003
ST_REV,3,60,1780
ST_REV,3,61,1003
ST_REV,3,62,1780
ST_REV,3,63,1003
ST_REV,3,64,1780
ST_REV,3,65,1003
ST_REV,3,66,1780
ST_REV,3,67,1003
ST_REV,3,68,1780
ST_REV,3,69,1003
ST_QUORUM,100,0,0,0
ST_QUORUM,150,0,0,0
ST_QUORUM,200,0,0,0
ST_QUORUM,250,0,0,0
ST_QUORUM,300,0,0,0
ST_QUORUM,350,0,0,0
ST_QUORUM,400,0,0,0
ST_QUORUM,450,0,0,0
ST_QUORUM,499,0,0,0
ST_CHECK,refusals,0
ST_CHECK,replay,0
ST_CHECK,provenance,0
ST_SRR,3,0,1
ST_FCR,225,0
ST_TAXONOMY,3,CORRUPTED
ST_TTD_COLLUSION,-1
ST_FREEZE,3,0,0
ST_RECOVERY,-1
ST_REV_LATENCY,-1
ST_DENIAL,0
ST_GENUINE_FLAGGED,0
ST_A6_MAXSTR,-1
ST_GATE_REFUSED,0
ST_B_SUSPECT,0
ST_STR_REFUSED,0
ST_T01_WINDOW,3,76
ST_FP,0,b8b5a40ae936938f765e5011ba30713d3df0e0622fba0b7f4e49016adc96741c,5595901
ST_DONE
