ST_CELL,TNC,A5,1,2,S1,500
ST_TARGET,2,2
ST_QUORUM,0,0,0,0
ST_QUORUM,50,3,3,1
ST_QUORUM,100,1,1,1
ST_QUORUM,150,0,0,0
ST_QUORUM,200,0,0,0
ST_QUORUM,250,0,0,0
ST_QUORUM,300,0,0,0
ST_QUORUM,350,0,0,0
ST_QUORUM,400,0,0,0
ST_QUORUM,450,0,0,0
ST_QUORUM,499,0,0,0
ST_CHECK,refusals,0
ST_CHECK,replay,0
ST_CHECK,provenance,0
ST_SRR,2,0,1
ST_FCR,225,0
ST_TAXONOMY,2,CORRUPTED
ST_TTD_COLLUSION,-1
ST_FREEZE,2,0,0
ST_RECOVERY,-1
ST_REV_LATENCY,-1
ST_DENIAL,0
ST_GENUINE_FLAGGED,0
ST_A6_MAXSTR,-1
ST_GATE_REFUSED,0
ST_B_SUSPECT,0
ST_STR_REFUSED,0
ST_FP,0,446f165dc77c090975d2886ee3f6da4b41b169a9a04bd2b740a23539d1b22d4a,5595763
ST_DONE
