ST_CELL,T,A3,0,9,S1,500
ST_TARGET,9,9
ST_AUDIT,ORIGIN,0,0,0
ST_QUORUM,0,0,0,0
ST_AUDIT,ORIGIN,1,0,1
ST_AUDIT,ORIGIN,2,0,2
ST_AUDIT,ORIGIN,3,0,3
ST_AUDIT,ORIGIN,4,0,4
ST_AUDIT,ORIGIN,5,0,5
ST_AUDIT,ORIGIN,6,0,6
ST_AUDIT,ORIGIN,7,0,7
ST_AUDIT,ORIGIN,8,0,8
ST_AUDIT,ORIGIN,9,0,9
ST_AUDIT,ORIGIN,10,0,10
ST_AUDIT,ORIGIN,11,0,11
ST_AUDIT,ORIGIN,12,772,12
ST_AUDIT,ORIGIN,13,773,13
ST_AUDIT,ORIGIN,14,774,14
ST_AUDIT,ORIGIN,15,770,15
ST_AUDIT,ORIGIN,16,771,16
ST_AUDIT,ORIGIN,17,772,17
ST_AUDIT,ORIGIN,18,773,18
ST_AUDIT,ORIGIN,19,774,19
ST_AUDIT,ORIGIN,20,770,20
ST_AUDIT,ORIGIN,21,771,21
ST_AUDIT,ORIGIN,22,772,22
ST_AUDIT,ORIGIN,23,773,23
ST_AUDIT,TIER_GRADUATED,0,772,25
ST_AUDIT,TIER_GRADUATED,0,774,25
ST_AUDIT,TIER_GRADUATED,0,771,25
ST_AUDIT,TIER_GRADUATED,1,773,26
ST_AUDIT,TIER_GRADUATED,1,770,26
ST_AUDIT,GATE_REFUSED,9,257,40
ST_AUDIT,GATE_REFUSED,9,257,41
ST_AUDIT,GATE_REFUSED,9,257,42
ST_AUDIT,GATE_REFUSED,9,257,43
ST_AUDIT,CHANNEL_DISTRUSTED,0,513,44
ST_AUDIT,GATE_REFUSED,9,0,44
ST_AUDIT,GATE_REFUSED,9,0,45
ST_AUDIT,GATE_REFUSED,9,0,46
ST_AUDIT,GATE_REFUSED,9,0,47
ST_AUDIT,GATE_REFUSED,9,0,48
ST_AUDIT,GATE_REFUSED,9,0,49
ST_AUDIT,GATE_REFUSED,9,257,50
ST_QUORUM,50,1,1,0
ST_AUDIT,GATE_REFUSED,9,257,51
ST_AUDIT,GATE_REFUSED,9,257,52
ST_AUDIT,GATE_REFUSED,9,257,53
ST_AUDIT,CHANNEL_DISTRUSTED,0,769,54
ST_AUDIT,GATE_REFUSED,9,0,54
ST_AUDIT,GATE_REFUSED,9,0,55
ST_AUDIT,GATE_REFUSED,9,0,56
ST_AUDIT,GATE_REFUSED,9,0,57
ST_AUDIT,GATE_REFUSED,9,0,58
ST_AUDIT,GATE_REFUSED,9,0,59
ST_AUDIT,GATE_REFUSED,9,0,60
ST_AUDIT,GATE_REFUSED,9,0,61
ST_AUDIT,GATE_REFUSED,9,0,62
ST_AUDIT,GATE_REFUSED,9,0,63
ST_AUDIT,GATE_REFUSED,9,0,64
ST_AUDIT,GATE_REFUSED,9,0,65
ST_AUDIT,GATE_REFUSED,9,0,66
ST_AUDIT,GATE_REFUSED,9,0,67
ST_AUDIT,GATE_REFUSED,9,0,68
ST_AUDIT,GATE_REFUSED,9,0,69
ST_REV,9,78,1109
ST_QUORUM,100,2,2,1
ST_QUORUM,150,0,0,0
ST_AUDIT,REHABILITATED_PROBATION,0,513,176
ST_AUDIT,REHABILITATED_PROBATION,0,769,180
ST_QUORUM,200,0,0,0
ST_QUORUM,250,0,0,0
ST_QUORUM,300,0,0,0
ST_QUORUM,350,0,0,0
ST_QUORUM,400,0,0,0
ST_QUORUM,450,0,0,0
ST_QUORUM,499,0,0,0
ST_CHECK,refusals,0
ST_CHECK,replay,0
ST_CHECK,provenance,0
ST_SRR,9,0,0
ST_FCR,0,10
ST_TAXONOMY,9,CONTAINED
ST_TTD_COLLUSION,-1
ST_DISTTRUST,2,4
ST_DISTTRUST,3,4
ST_FREEZE,9,0,0
ST_RECOVERY,9
ST_REV_LATENCY,-1
ST_DENIAL,0
ST_GENUINE_FLAGGED,0
ST_A6_MAXSTR,-1
ST_GATE_REFUSED,30
ST_B_SUSPECT,0
ST_STR_REFUSED,0
ST_T01_WINDOW,9,46
ST_FP,0,e41591563ac19a649b55a3c289c33fba6cc21144bb3ee6a7796b2e97d0b3efba,5564363
ST_DONE
