ST_CELL,T,A6,1,3,S1,500
ST_TARGET,3,3
ST_AUDIT,ORIGIN,0,770,0
ST_QUORUM,0,0,0,0
ST_AUDIT,ORIGIN,1,771,1
ST_AUDIT,ORIGIN,2,772,2
ST_AUDIT,ORIGIN,3,257,3
ST_AUDIT,ORIGIN,4,774,4
ST_AUDIT,ORIGIN,5,770,5
ST_AUDIT,ORIGIN,6,771,6
ST_AUDIT,ORIGIN,7,772,7
ST_AUDIT,ORIGIN,8,773,8
ST_AUDIT,ORIGIN,9,774,9
ST_AUDIT,ORIGIN,10,770,10
ST_AUDIT,ORIGIN,11,771,11
ST_AUDIT,ORIGIN,12,772,12
ST_AUDIT,ORIGIN,13,773,13
ST_AUDIT,ORIGIN,14,774,14
ST_AUDIT,ORIGIN,15,770,15
ST_AUDIT,ORIGIN,16,771,16
ST_AUDIT,ORIGIN,17,772,17
ST_AUDIT,ORIGIN,18,773,18
ST_AUDIT,ORIGIN,19,774,19
ST_AUDIT,ORIGIN,20,770,20
ST_AUDIT,ORIGIN,21,771,21
ST_AUDIT,ORIGIN,22,772,22
ST_AUDIT,ORIGIN,23,773,23
ST_AUDIT,TIER_GRADUATED,0,772,25
ST_AUDIT,TIER_GRADUATED,0,774,25
ST_AUDIT,TIER_GRADUATED,0,771,25
ST_AUDIT,TIER_GRADUATED,1,773,26
ST_AUDIT,TIER_GRADUATED,1,770,26
ST_AUDIT,STRENGTHEN_REFUSED,3,258,47
ST_AUDIT,STRENGTHEN_REFUSED,3,258,48
ST_AUDIT,STRENGTHEN_REFUSED,3,258,49
ST_AUDIT,STRENGTHEN_REFUSED,3,258,50
ST_QUORUM,50,0,0,0
ST_AUDIT,STRENGTHEN_REFUSED,3,258,51
ST_AUDIT,STRENGTHEN_REFUSED,3,258,52
ST_AUDIT,STRENGTHEN_REFUSED,3,258,53
ST_AUDIT,STRENGTHEN_REFUSED,3,258,54
ST_AUDIT,STRENGTHEN_REFUSED,3,258,55
ST_AUDIT,STRENGTHEN_REFUSED,3,258,56
ST_AUDIT,STRENGTHEN_REFUSED,3,258,57
ST_AUDIT,STRENGTHEN_REFUSED,3,258,58
ST_AUDIT,STRENGTHEN_REFUSED,3,258,59
ST_AUDIT,STRENGTHEN_REFUSED,3,258,60
ST_AUDIT,STRENGTHEN_REFUSED,3,258,61
ST_AUDIT,STRENGTHEN_REFUSED,3,258,62
ST_AUDIT,STRENGTHEN_REFUSED,3,258,63
ST_AUDIT,STRENGTHEN_REFUSED,3,258,64
ST_AUDIT,STRENGTHEN_REFUSED,3,258,65
ST_AUDIT,STRENGTHEN_REFUSED,3,258,66
ST_AUDIT,STRENGTHEN_REFUSED,3,258,67
ST_AUDIT,STRENGTHEN_REFUSED,3,258,68
ST_AUDIT,STRENGTHEN_REFUSED,3,258,69
ST_AUDIT,STRENGTHEN_REFUSED,3,258,70
ST_AUDIT,STRENGTHEN_REFUSED,3,258,71
ST_AUDIT,STRENGTHEN_REFUSED,3,258,72
ST_AUDIT,STRENGTHEN_REFUSED,3,258,73
ST_AUDIT,STRENGTHEN_REFUSED,3,258,74
ST_AUDIT,STRENGTHEN_REFUSED,3,258,75
ST_AUDIT,STRENGTHEN_REFUSED,3,258,76
ST_QUORUM,100,0,0,0
ST_QUORUM,150,0,0,0
ST_QUORUM,200,0,0,0
ST_QUORUM,250,0,0,0
ST_QUORUM,300,0,0,0
ST_QUORUM,350,0,0,0
ST_QUORUM,400,0,0,0
ST_QUORUM,450,0,0,0
ST_QUORUM,499,0,0,0
ST_CHECK,refusals,0
ST_CHECK,replay,0
ST_CHECK,provenance,0
ST_SRR,3,0,0
ST_FCR,0,60
ST_TAXONOMY,3,HOLD
ST_TTD_COLLUSION,-1
ST_FREEZE,3,0,0
ST_RECOVERY,-1
ST_REV_LATENCY,-1
ST_DENIAL,0
ST_GENUINE_FLAGGED,0
ST_A6_MAXSTR,50
ST_GATE_REFUSED,0
ST_B_SUSPECT,0
ST_STR_REFUSED,30
ST_T01_WINDOW,3,0
ST_FP,0,7ea080916e2b8c35b33ad6a3bff6b7af8fafc77927a68104c3a797f7647d5eb9,5501878
ST_DONE
