ST_CELL,T,N0,0,6,S1,500
ST_TARGET,6,6
ST_QUORUM,0,0,0,0
ST_QUORUM,50,0,0,0
ST_QUORUM,100,2,2,1
ST_QUORUM,150,0,0,0
ST_QUORUM,200,0,0,0
ST_QUORUM,250,0,0,0
ST_QUORUM,300,0,0,0
ST_QUORUM,350,0,0,0
ST_QUORUM,400,0,0,0
ST_QUORUM,450,0,0,0
ST_QUORUM,499,0,0,0
ST_CHECK,refusals,0
ST_CHECK,replay,0
ST_CHECK,provenance,0
ST_SRR,6,0,0
ST_SRR,0,0,0
ST_FCR,0,0
ST_TAXONOMY,6,GENUINE_REVISED
ST_TAXONOMY,0,BLIND
ST_TTD_COLLUSION,-1
ST_FREEZE,6,0,0
ST_RECOVERY,-1
ST_REV_LATENCY,3
ST_DENIAL,0
ST_GENUINE_FLAGGED,1
ST_A6_MAXSTR,-1
ST_GATE_REFUSED,10
ST_B_SUSPECT,0
ST_STR_REFUSED,0
ST_FP,0,5593631e3e7d791788c9cce70bb50169bfa28197c040ea453d476c85026a697d,5501755
ST_DONE
