B1-FUZZ-START
B1F NN=1024 FB=0 legacy_worst_op=1023 legacy_read=222 legacy=COLLIDES disjoint_read=111 disjoint=ok
B1F NN=1024 FB=1000 legacy_worst_op=1023 legacy_read=222 legacy=COLLIDES disjoint_read=111 disjoint=ok
B1F NN=1024 FB=10000 legacy_worst_op=1023 legacy_read=111 legacy=ok disjoint_read=111 disjoint=ok
B1F NN=1024 FB=100000 legacy_worst_op=1023 legacy_read=111 legacy=ok disjoint_read=111 disjoint=ok
B1F NN=65536 FB=0 legacy_worst_op=65535 legacy_read=222 legacy=COLLIDES disjoint_read=111 disjoint=ok
B1F NN=65536 FB=1000 legacy_worst_op=65535 legacy_read=222 legacy=COLLIDES disjoint_read=111 disjoint=ok
B1F NN=65536 FB=10000 legacy_worst_op=65535 legacy_read=222 legacy=COLLIDES disjoint_read=111 disjoint=ok
B1F NN=65536 FB=100000 legacy_worst_op=65535 legacy_read=111 legacy=ok disjoint_read=111 disjoint=ok
B1F NN=131072 FB=0 legacy_worst_op=131071 legacy_read=222 legacy=COLLIDES disjoint_read=111 disjoint=ok
B1F NN=131072 FB=1000 legacy_worst_op=131071 legacy_read=222 legacy=COLLIDES disjoint_read=111 disjoint=ok
B1F NN=131072 FB=10000 legacy_worst_op=131071 legacy_read=222 legacy=COLLIDES disjoint_read=111 disjoint=ok
B1F NN=131072 FB=100000 legacy_worst_op=131071 legacy_read=222 legacy=COLLIDES disjoint_read=111 disjoint=ok
B1F NN=262144 FB=0 legacy_worst_op=262143 legacy_read=222 legacy=COLLIDES disjoint_read=111 disjoint=ok
B1F NN=262144 FB=1000 legacy_worst_op=262143 legacy_read=222 legacy=COLLIDES disjoint_read=111 disjoint=ok
B1F NN=262144 FB=10000 legacy_worst_op=262143 legacy_read=222 legacy=COLLIDES disjoint_read=111 disjoint=ok
B1F NN=262144 FB=100000 legacy_worst_op=262143 legacy_read=222 legacy=COLLIDES disjoint_read=111 disjoint=ok
B1F NN=524288 FB=0 legacy_worst_op=524287 legacy_read=222 legacy=COLLIDES disjoint_read=111 disjoint=ok
B1F NN=524288 FB=1000 legacy_worst_op=524287 legacy_read=222 legacy=COLLIDES disjoint_read=111 disjoint=ok
B1F NN=524288 FB=10000 legacy_worst_op=524287 legacy_read=222 legacy=COLLIDES disjoint_read=111 disjoint=ok
B1F NN=524288 FB=100000 legacy_worst_op=524287 legacy_read=222 legacy=COLLIDES disjoint_read=111 disjoint=ok
B1F NN=1048576 FB=0 legacy_worst_op=1048575 legacy_read=222 legacy=COLLIDES disjoint_read=111 disjoint=ok
B1F NN=1048576 FB=1000 legacy_worst_op=1048575 legacy_read=222 legacy=COLLIDES disjoint_read=111 disjoint=ok
B1F NN=1048576 FB=10000 legacy_worst_op=1048575 legacy_read=222 legacy=COLLIDES disjoint_read=111 disjoint=ok
B1F NN=1048576 FB=100000 legacy_worst_op=1048575 legacy_read=222 legacy=COLLIDES disjoint_read=111 disjoint=ok
B1F combos=24 legacy_collisions=21 disjoint_collisions=0
B1F-INJECT
B1FJ op=-1 got=222 want=222 PASS
B1FJ op=-2 got=222 want=222 PASS
B1FJ op=-2147483647 got=222 want=222 PASS
B1FJ op=0 got=111 want=111 PASS
B1FJ op=65535 got=111 want=111 PASS
B1FJ op=65536 got=-999999 want=-999999 PASS
B1FJ op=131071 got=-999999 want=-999999 PASS
B1FJ op=2147483647 got=-999999 want=-999999 PASS
B1F inj_total=8 inj_bad=0 K11a_disjoint_zero_collisions=PASS K11b_legacy_test_has_teeth=PASS
B1-FUZZ-END
