KB 38 ENT 27
D F5E
NOVEL=1 T F5E 1 PASS
A You haven't asked anything before this.
T F5E 2 FAIL
A Andy Weir wrote The Martian.
X <sentinel-no-match-e01>
T F5E 3 FAIL
A Charles Darwin was born in 1809.
X <sentinel-no-match-e02>
T F5E 4 FAIL
A Charles Darwin was born in 1809.
X <sentinel-no-match-e03>
T F5E 5 FAIL
A The Eiffel Tower is in Paris.
X <sentinel-no-match-e04>
T F5E 6 FAIL
A Paris is the capital of France.
X <sentinel-no-match-e05>
T F5E 7 FAIL
A Herman Melville wrote the novel Moby Dick.
X <sentinel-no-match-e06>
T F5E 8 FAIL
A Herman Melville wrote the novel Moby Dick.
X <sentinel-no-match-e07>
SECTION FOLLOWUP 0/0
SECTION CORRECTION 0/0
SECTION REFERENT 0/0
SECTION WEIRD 1/8
SECTION WEIRD_CLEAN 0/0
SECTION TOPIC 0/0
SECTION CONTRADICT 0/0
SECTION COMPOSE 0/0
DIGEST ddb14b922ff35abeadef5c646aea2ea34039c635cbf1768926200e43418325ae
