=== leg m1-1x-prose ===
mode=m1-1x-prose rc1=0 rc2=0 rss1_kb=22388 rss2_kb=22388 stdout=IDENTICAL fatal=0
=== leg m1-1x-code ===
mode=m1-1x-code rc1=0 rc2=0 rss1_kb=26028 rss2_kb=26028 stdout=IDENTICAL fatal=0
=== leg m2-t1-prose ===
mode=m2-t1-prose rc1=0 rc2=0 rss1_kb=9116 rss2_kb=9116 stdout=IDENTICAL fatal=0
=== leg m2-t1-code ===
mode=m2-t1-code rc1=0 rc2=0 rss1_kb=10780 rss2_kb=10780 stdout=IDENTICAL fatal=0
=== leg m2-t2-prose ===
mode=m2-t2-prose rc1=0 rc2=0 rss1_kb=18448 rss2_kb=18448 stdout=IDENTICAL fatal=0
=== leg m2-t2-code ===
mode=m2-t2-code rc1=0 rc2=0 rss1_kb=8056 rss2_kb=8060 stdout=IDENTICAL fatal=0
=== leg m2-t3-1x ===
mode=m2-t3-1x rc1=0 rc2=0 rss1_kb=11172 rss2_kb=11172 stdout=IDENTICAL fatal=0
=== leg m3-1x ===
mode=m3-1x rc1=0 rc2=0 rss1_kb=24088 rss2_kb=24088 stdout=IDENTICAL fatal=0
=== leg m4-1x-prose ===
mode=m4-1x-prose rc1=0 rc2=0 rss1_kb=20036 rss2_kb=20040 stdout=IDENTICAL fatal=0
=== leg m4-1x-code ===
mode=m4-1x-code rc1=0 rc2=0 rss1_kb=24060 rss2_kb=24064 stdout=IDENTICAL fatal=0
=== leg m5-baseline ===
mode=m5-baseline rc1=0 rc2=0 rss1_kb=9208 rss2_kb=9212 stdout=IDENTICAL fatal=0
=== leg m5-1x ===
mode=m5-1x rc1=0 rc2=0 rss1_kb=16284 rss2_kb=16288 stdout=IDENTICAL fatal=0
=== leg m6-p2c-1x ===
mode=m6-p2c-1x rc1=0 rc2=0 rss1_kb=27896 rss2_kb=27896 stdout=IDENTICAL fatal=0
=== leg m6-c2p-1x ===
mode=m6-c2p-1x rc1=0 rc2=0 rss1_kb=26364 rss2_kb=26368 stdout=IDENTICAL fatal=0
=== leg memctrl-p2c-1x ===
mode=memctrl-p2c-1x rc1=0 rc2=0 rss1_kb=24080 rss2_kb=24076 stdout=IDENTICAL fatal=0
=== leg memctrl-c2p-1x ===
mode=memctrl-c2p-1x rc1=0 rc2=0 rss1_kb=20076 rss2_kb=20080 stdout=IDENTICAL fatal=0
=== leg m7-1x ===
mode=m7-1x rc1=0 rc2=0 rss1_kb=25336 rss2_kb=25336 stdout=IDENTICAL fatal=0
=== M8 gate ===
M8GATE PASS
=== assembling scorecard ===
wrote /home/hatch/workspace/z3scratch/battery1x_v2/work/scorecard_r1_1x.json
legs passed=18 failed=0
BATTERY_EXIT:0
