LI-RUN|manifest=manifest_fixtures.txt
LI-RUN|binary=train
TEACH|rc=0
TEACH|LEARN|G1|INSTALLED|PASS
TEACH|LEARN|G2|INSTALLED|PASS
TEACH|LEARN|G3|INSTALLED|PASS
TEACH|LEARN|G4|INSTALLED|PASS
TEACH|LEARN|G5|INSTALLED|PASS
TEACH|LEARN|G6|INSTALLED|PASS
TEACH|LEARN|G7|REJECTED|CALIB-FAIL
TEACH|VALID|G1-G6 installed exactly once each, G7 rejected
nf-a-01|FETCH|ok|nf-a-01-p1|5 sentences
nf-a-01|FETCH|ok|nf-a-01-p2|5 sentences
nf-a-01|QUERY|factual claims about live ingestion fixture beacon nf20260923 beacon 001 minted 2026 09 23 supported by these pages
nf-a-01|OPEN|nf-a-01-p1 nf-a-01-p2
nf-a-01|INSTALL|LI-0001|the live-ingestion fixture beacon nf20260923-beacon-001 was minted on 2026-09-23|provs=nf-a-01-p1,nf-a-01-p2
nf-a-02|FETCH|ok|nf-a-02-p1|5 sentences
nf-a-02|FETCH|ok|nf-a-02-p2|5 sentences
nf-a-02|QUERY|factual claims about live ingestion fixture beacon nf20260923 beacon 002 minted 2026 09 23 supported by these pages
nf-a-02|OPEN|nf-a-02-p1 nf-a-02-p2
nf-a-02|INSTALL|LI-0002|the live-ingestion fixture beacon nf20260923-beacon-002 was minted on 2026-09-23|provs=nf-a-02-p1,nf-a-02-p2
nf-a-03|FETCH|ok|nf-a-03-p1|5 sentences
nf-a-03|FETCH|ok|nf-a-03-p2|5 sentences
nf-a-03|QUERY|factual claims about live ingestion fixture beacon nf20260923 beacon 003 minted 2026 09 23 supported by these pages
nf-a-03|OPEN|nf-a-03-p1 nf-a-03-p2
nf-a-03|INSTALL|LI-0003|the live-ingestion fixture beacon nf20260923-beacon-003 was minted on 2026-09-23|provs=nf-a-03-p1,nf-a-03-p2
nf-a-04|FETCH|ok|nf-a-04-p1|5 sentences
nf-a-04|FETCH|ok|nf-a-04-p2|5 sentences
nf-a-04|QUERY|factual claims about live ingestion fixture beacon nf20260923 beacon 004 minted 2026 09 23 supported by these pages
nf-a-04|OPEN|nf-a-04-p1 nf-a-04-p2
nf-a-04|INSTALL|LI-0004|the live-ingestion fixture beacon nf20260923-beacon-004 was minted on 2026-09-23|provs=nf-a-04-p1,nf-a-04-p2
nf-a-05|FETCH|ok|nf-a-05-p1|5 sentences
nf-a-05|FETCH|ok|nf-a-05-p2|5 sentences
nf-a-05|QUERY|factual claims about live ingestion fixture beacon nf20260923 beacon 005 minted 2026 09 23 supported by these pages
nf-a-05|OPEN|nf-a-05-p1 nf-a-05-p2
nf-a-05|INSTALL|LI-0005|the live-ingestion fixture beacon nf20260923-beacon-005 was minted on 2026-09-23|provs=nf-a-05-p1,nf-a-05-p2
nf-a-06|FETCH|ok|nf-a-06-p1|5 sentences
nf-a-06|FETCH|ok|nf-a-06-p2|5 sentences
nf-a-06|QUERY|factual claims about live ingestion fixture beacon nf20260923 beacon 006 minted 2026 09 23 supported by these pages
nf-a-06|OPEN|nf-a-06-p1 nf-a-06-p2
nf-a-06|INSTALL|LI-0006|the live-ingestion fixture beacon nf20260923-beacon-006 was minted on 2026-09-23|provs=nf-a-06-p1,nf-a-06-p2
nf-a-07|FETCH|ok|nf-a-07-p1|5 sentences
nf-a-07|FETCH|ok|nf-a-07-p2|5 sentences
nf-a-07|QUERY|factual claims about live ingestion fixture beacon nf20260923 beacon 007 minted 2026 09 23 supported by these pages
nf-a-07|OPEN|nf-a-07-p1 nf-a-07-p2
nf-a-07|INSTALL|LI-0007|the live-ingestion fixture beacon nf20260923-beacon-007 was minted on 2026-09-23|provs=nf-a-07-p1,nf-a-07-p2
nf-a-08|FETCH|ok|nf-a-08-p1|5 sentences
nf-a-08|FETCH|ok|nf-a-08-p2|5 sentences
nf-a-08|QUERY|factual claims about live ingestion fixture beacon nf20260923 beacon 008 minted 2026 09 23 supported by these pages
nf-a-08|OPEN|nf-a-08-p1 nf-a-08-p2
nf-a-08|INSTALL|LI-0008|the live-ingestion fixture beacon nf20260923-beacon-008 was minted on 2026-09-23|provs=nf-a-08-p1,nf-a-08-p2
nf-a-09|FETCH|ok|nf-a-09-p1|5 sentences
nf-a-09|FETCH|ok|nf-a-09-p2|5 sentences
nf-a-09|QUERY|factual claims about live ingestion fixture beacon nf20260923 beacon 009 minted 2026 09 23 supported by these pages
nf-a-09|OPEN|nf-a-09-p1 nf-a-09-p2
nf-a-09|INSTALL|LI-0009|the live-ingestion fixture beacon nf20260923-beacon-009 was minted on 2026-09-23|provs=nf-a-09-p1,nf-a-09-p2
nf-a-10|FETCH|ok|nf-a-10-p1|5 sentences
nf-a-10|FETCH|ok|nf-a-10-p2|5 sentences
nf-a-10|QUERY|factual claims about live ingestion fixture beacon nf20260923 beacon 010 minted 2026 09 23 supported by these pages
nf-a-10|OPEN|nf-a-10-p1 nf-a-10-p2
nf-a-10|INSTALL|LI-0010|the live-ingestion fixture beacon nf20260923-beacon-010 was minted on 2026-09-23|provs=nf-a-10-p1,nf-a-10-p2
nf-a-11|FETCH|ok|nf-a-11-p1|5 sentences
nf-a-11|FETCH|ok|nf-a-11-p2|5 sentences
nf-a-11|QUERY|factual claims about live ingestion fixture beacon nf20260923 beacon 011 minted 2026 09 23 supported by these pages
nf-a-11|OPEN|nf-a-11-p1 nf-a-11-p2
nf-a-11|INSTALL|LI-0011|the live-ingestion fixture beacon nf20260923-beacon-011 was minted on 2026-09-23|provs=nf-a-11-p1,nf-a-11-p2
nf-a-12|FETCH|ok|nf-a-12-p1|5 sentences
nf-a-12|FETCH|ok|nf-a-12-p2|5 sentences
nf-a-12|QUERY|factual claims about live ingestion fixture beacon nf20260923 beacon 012 minted 2026 09 23 supported by these pages
nf-a-12|OPEN|nf-a-12-p1 nf-a-12-p2
nf-a-12|INSTALL|LI-0012|the live-ingestion fixture beacon nf20260923-beacon-012 was minted on 2026-09-23|provs=nf-a-12-p1,nf-a-12-p2
nf-a-13|FETCH|ok|nf-a-13-p1|5 sentences
nf-a-13|FETCH|ok|nf-a-13-p2|5 sentences
nf-a-13|QUERY|factual claims about fixture manifest listing exactly 60 clusters supported by these pages
nf-a-13|OPEN|nf-a-13-p1 nf-a-13-p2
nf-a-13|INSTALL|LI-0013|the novel-facts fixture manifest lists exactly 60 clusters.|provs=nf-a-13-p1,nf-a-13-p2
nf-a-14|FETCH|ok|nf-a-14-p1|5 sentences
nf-a-14|FETCH|ok|nf-a-14-p2|5 sentences
nf-a-14|QUERY|factual claims about fixture clusters holding exactly two snapshot pages supported by these pages
nf-a-14|OPEN|nf-a-14-p1 nf-a-14-p2
nf-a-14|INSTALL|LI-0014|every novel-facts fixture cluster holds exactly two snapshot pages.|provs=nf-a-14-p1,nf-a-14-p2
nf-a-15|FETCH|ok|nf-a-15-p1|5 sentences
nf-a-15|FETCH|ok|nf-a-15-p2|5 sentences
nf-a-15|QUERY|factual claims about fixture beacon ledger recording one sha 256 digest per fixture page supported by these pages
nf-a-15|OPEN|nf-a-15-p1 nf-a-15-p2
nf-a-15|INSTALL|LI-0015|the fixture beacon ledger records one sha-256 digest per fixture page.|provs=nf-a-15-p1,nf-a-15-p2
nf-a-16|FETCH|ok|nf-a-16-p1|5 sentences
nf-a-16|FETCH|ok|nf-a-16-p2|5 sentences
nf-a-16|QUERY|factual claims about frozen prereg named prereg li nf md novel facts fixture test supported by these pages
nf-a-16|OPEN|nf-a-16-p1 nf-a-16-p2
nf-a-16|INSTALL|LI-0016|the frozen prereg for the novel-facts fixture test is named prereg_li_nf.md.|provs=nf-a-16-p1,nf-a-16-p2
nf-a-17|FETCH|ok|nf-a-17-p1|5 sentences
nf-a-17|FETCH|ok|nf-a-17-p2|5 sentences
nf-a-17|QUERY|factual claims about esa juice spacecraft earth flyby 8640 kilometers september 2026 gravity assist supported by these pages
nf-a-17|OPEN|nf-a-17-p1 nf-a-17-p2
nf-a-17|INSTALL|LI-0017|esa's juice spacecraft will pass within 8640 kilometers of earth on 28 september|provs=nf-a-17-p1,nf-a-17-p2
nf-a-18|FETCH|ok|nf-a-18-p1|5 sentences
nf-a-18|FETCH|ok|nf-a-18-p2|5 sentences
nf-a-18|QUERY|factual claims about starship test flights suborbital trajectories previous 13 supported by these pages
nf-a-18|OPEN|nf-a-18-p1 nf-a-18-p2
nf-a-18|INSTALL|LI-0018|all 13 previous starship test flights flew suborbital trajectories.|provs=nf-a-18-p1,nf-a-18-p2
nf-a-19|FETCH|ok|nf-a-19-p1|5 sentences
nf-a-19|FETCH|ok|nf-a-19-p2|5 sentences
nf-a-19|QUERY|factual claims about piero guaylupo callum connor unanimous decision contender series 93 september 2026 supported by these pages
nf-a-19|OPEN|nf-a-19-p1 nf-a-19-p2
nf-a-19|INSTALL|LI-0019|piero guaylupo defeated callum connor by unanimous decision at dana white's cont|provs=nf-a-19-p1,nf-a-19-p2
nf-a-20|FETCH|ok|nf-a-20-p1|5 sentences
nf-a-20|FETCH|ok|nf-a-20-p2|5 sentences
nf-a-20|QUERY|factual claims about bayern munich women manchester city women draw september 2026 supported by these pages
nf-a-20|OPEN|nf-a-20-p1 nf-a-20-p2
nf-a-20|INSTALL|LI-0020|bayern munich women drew 2-2 with manchester city women on september 22, 2026.|provs=nf-a-20-p1,nf-a-20-p2
nf-b-01|FETCH|ok|nf-b-01-p1|5 sentences
nf-b-01|FETCH|ok|nf-b-01-p2|5 sentences
nf-b-01|QUERY|factual claims about live ingestion fixture beacon nf20260923 beacon 013 mint date 2026 09 23 supported by these pages
nf-b-01|OPEN|nf-b-01-p1 nf-b-01-p2
nf-b-01|WITHHOLD|NO_CORROBORATION|inj=
nf-b-02|FETCH|ok|nf-b-02-p1|5 sentences
nf-b-02|FETCH|ok|nf-b-02-p2|5 sentences
nf-b-02|QUERY|factual claims about live ingestion fixture beacon nf20260923 beacon 014 creation 2026 09 23 supported by these pages
nf-b-02|OPEN|nf-b-02-p1 nf-b-02-p2
nf-b-02|WITHHOLD|NO_CORROBORATION|inj=
nf-b-03|FETCH|ok|nf-b-03-p1|5 sentences
nf-b-03|FETCH|ok|nf-b-03-p2|5 sentences
nf-b-03|QUERY|factual claims about fixture beacon nf20260923 beacon 015 entering corpus 2026 09 23 supported by these pages
nf-b-03|OPEN|nf-b-03-p1 nf-b-03-p2
nf-b-03|QUARANTINED|Q0001|nf-b-03-p1,nf-b-03-p2|the beacon nf20260923-beacon-015 entered the fixture corpus on 2026-09-23.
nf-b-03|GATE|GATE|PARA|nf-b-03-p1,nf-b-03-p2
nf-b-03|WITHHOLD|NO_CORROBORATION|inj=
nf-b-04|FETCH|ok|nf-b-04-p1|5 sentences
nf-b-04|FETCH|ok|nf-b-04-p2|5 sentences
nf-b-04|QUERY|factual claims about fixture beacon nf20260923 beacon 016 minted 2026 09 23 supported by these pages
nf-b-04|OPEN|nf-b-04-p1 nf-b-04-p2
nf-b-04|QUARANTINED|Q0002|nf-b-04-p1,nf-b-04-p2|nf20260923-beacon-016 is a fixture beacon minted on 2026-09-23.
nf-b-04|GATE|GATE|PARA|nf-b-04-p1,nf-b-04-p2
nf-b-04|WITHHOLD|NO_CORROBORATION|inj=
nf-b-05|FETCH|ok|nf-b-05-p1|5 sentences
nf-b-05|FETCH|ok|nf-b-05-p2|5 sentences
nf-b-05|QUERY|factual claims about fixture beacon nf20260923 beacon 017 date 2026 09 23 supported by these pages
nf-b-05|OPEN|nf-b-05-p1 nf-b-05-p2
nf-b-05|WITHHOLD|NO_CORROBORATION|inj=
nf-b-06|FETCH|ok|nf-b-06-p1|5 sentences
nf-b-06|FETCH|ok|nf-b-06-p2|5 sentences
nf-b-06|QUERY|factual claims about new fixture beacon nf20260923 beacon 018 minted 2026 09 23 supported by these pages
nf-b-06|OPEN|nf-b-06-p1 nf-b-06-p2
nf-b-06|QUARANTINED|Q0003|nf-b-06-p1,nf-b-06-p2|on 2026-09-23 a new fixture beacon, nf20260923-beacon-018, was minted.
nf-b-06|GATE|GATE|PARA|nf-b-06-p1,nf-b-06-p2
nf-b-06|WITHHOLD|NO_CORROBORATION|inj=
nf-b-07|FETCH|ok|nf-b-07-p1|5 sentences
nf-b-07|FETCH|ok|nf-b-07-p2|5 sentences
nf-b-07|QUERY|factual claims about fixture beacon token nf20260923 beacon 019 minting 2026 09 23 supported by these pages
nf-b-07|OPEN|nf-b-07-p1 nf-b-07-p2
nf-b-07|WITHHOLD|NO_CORROBORATION|inj=
nf-b-08|FETCH|ok|nf-b-08-p1|5 sentences
nf-b-08|FETCH|ok|nf-b-08-p2|5 sentences
nf-b-08|QUERY|factual claims about beacon nf20260923 beacon 020 joining fixtures 2026 09 23 supported by these pages
nf-b-08|OPEN|nf-b-08-p1 nf-b-08-p2
nf-b-08|QUARANTINED|Q0004|nf-b-08-p1,nf-b-08-p2|beacon nf20260923-beacon-020 joined the fixtures on 2026-09-23.
nf-b-08|GATE|GATE|PARA|nf-b-08-p1,nf-b-08-p2
nf-b-08|WITHHOLD|NO_CORROBORATION|inj=
nf-b-09|FETCH|ok|nf-b-09-p1|5 sentences
nf-b-09|FETCH|ok|nf-b-09-p2|5 sentences
nf-b-09|QUERY|factual claims about live ingestion fixture beacon nf20260923 beacon 021 existing since 2026 09 23 supported by these pages
nf-b-09|OPEN|nf-b-09-p1 nf-b-09-p2
nf-b-09|WITHHOLD|NO_CORROBORATION|inj=
nf-b-10|FETCH|ok|nf-b-10-p1|5 sentences
nf-b-10|FETCH|ok|nf-b-10-p2|5 sentences
nf-b-10|QUERY|factual claims about fixture beacon nf20260923 beacon 022 minting 2026 09 23 supported by these pages
nf-b-10|OPEN|nf-b-10-p1 nf-b-10-p2
nf-b-10|WITHHOLD|NO_CORROBORATION|inj=
nf-b-11|FETCH|ok|nf-b-11-p1|5 sentences
nf-b-11|FETCH|ok|nf-b-11-p2|5 sentences
nf-b-11|QUERY|factual claims about fixture beacon nf20260923 beacon 023 newly minted dated 2026 09 23 supported by these pages
nf-b-11|OPEN|nf-b-11-p1 nf-b-11-p2
nf-b-11|QUARANTINED|Q0005|nf-b-11-p1,nf-b-11-p2|dated 2026-09-23, fixture beacon nf20260923-beacon-023 was newly minted.
nf-b-11|GATE|GATE|PARA|nf-b-11-p1,nf-b-11-p2
nf-b-11|WITHHOLD|NO_CORROBORATION|inj=
nf-b-12|FETCH|ok|nf-b-12-p1|5 sentences
nf-b-12|FETCH|ok|nf-b-12-p2|5 sentences
nf-b-12|QUERY|factual claims about fixture beacon nf20260923 beacon 024 mint date 2026 09 23 supported by these pages
nf-b-12|OPEN|nf-b-12-p1 nf-b-12-p2
nf-b-12|WITHHOLD|NO_CORROBORATION|inj=
nf-b-13|FETCH|ok|nf-b-13-p1|5 sentences
nf-b-13|FETCH|ok|nf-b-13-p2|5 sentences
nf-b-13|QUERY|factual claims about fixture manifest sixty clusters fixed order supported by these pages
nf-b-13|OPEN|nf-b-13-p1 nf-b-13-p2
nf-b-13|WITHHOLD|NO_CORROBORATION|inj=
nf-b-14|FETCH|ok|nf-b-14-p1|5 sentences
nf-b-14|FETCH|ok|nf-b-14-p2|5 sentences
nf-b-14|QUERY|factual claims about fixture clusters pairs snapshot pages supported by these pages
nf-b-14|OPEN|nf-b-14-p1 nf-b-14-p2
nf-b-14|WITHHOLD|NO_CORROBORATION|inj=
nf-b-15|FETCH|ok|nf-b-15-p1|5 sentences
nf-b-15|FETCH|ok|nf-b-15-p2|5 sentences
nf-b-15|QUERY|factual claims about beacon ledger sha 256 digest per fixture page supported by these pages
nf-b-15|OPEN|nf-b-15-p1 nf-b-15-p2
nf-b-15|WITHHOLD|NO_CORROBORATION|inj=
nf-b-16|FETCH|ok|nf-b-16-p1|5 sentences
nf-b-16|FETCH|ok|nf-b-16-p2|5 sentences
nf-b-16|QUERY|factual claims about frozen prereg prereg li nf md governing fixture test supported by these pages
nf-b-16|OPEN|nf-b-16-p1 nf-b-16-p2
nf-b-16|QUARANTINED|Q0006|nf-b-16-p1,nf-b-16-p2|prereg_li_nf.md is the frozen prereg governing the fixture test.
nf-b-16|GATE|GATE|PARA|nf-b-16-p1,nf-b-16-p2
nf-b-16|WITHHOLD|NO_CORROBORATION|inj=
nf-b-17|FETCH|ok|nf-b-17-p1|5 sentences
nf-b-17|FETCH|ok|nf-b-17-p2|5 sentences
nf-b-17|QUERY|factual claims about two distinct hosts backing corroborated fixture facts supported by these pages
nf-b-17|OPEN|nf-b-17-p1 nf-b-17-p2
nf-b-17|QUARANTINED|Q0007|nf-b-17-p1,nf-b-17-p2|two distinct hosts back every corroborated fixture fact.
nf-b-17|GATE|GATE|PARA|nf-b-17-p1,nf-b-17-p2
nf-b-17|WITHHOLD|NO_CORROBORATION|inj=
nf-b-18|FETCH|ok|nf-b-18-p1|5 sentences
nf-b-18|FETCH|ok|nf-b-18-p2|5 sentences
nf-b-18|QUERY|factual claims about distractor sentences never repeating across fixture pages supported by these pages
nf-b-18|OPEN|nf-b-18-p1 nf-b-18-p2
nf-b-18|WITHHOLD|NO_CORROBORATION|inj=
nf-b-19|FETCH|ok|nf-b-19-p1|5 sentences
nf-b-19|FETCH|ok|nf-b-19-p2|5 sentences
nf-b-19|QUERY|factual claims about fixture generator deterministic page writing no randomness supported by these pages
nf-b-19|OPEN|nf-b-19-p1 nf-b-19-p2
nf-b-19|WITHHOLD|NO_CORROBORATION|inj=
nf-b-20|FETCH|ok|nf-b-20-p1|5 sentences
nf-b-20|FETCH|ok|nf-b-20-p2|5 sentences
nf-b-20|QUERY|factual claims about ground truth verdicts sixty facts frozen before run supported by these pages
nf-b-20|OPEN|nf-b-20-p1 nf-b-20-p2
nf-b-20|QUARANTINED|Q0008|nf-b-20-p1,nf-b-20-p2|ground-truth verdicts for all sixty facts were frozen before the run.
nf-b-20|GATE|GATE|PARA|nf-b-20-p1,nf-b-20-p2
nf-b-20|WITHHOLD|NO_CORROBORATION|inj=
nf-b-21|FETCH|ok|nf-b-21-p1|5 sentences
nf-b-21|FETCH|ok|nf-b-21-p2|5 sentences
nf-b-21|QUERY|factual claims about juice april 2023 launch europe spaceport french guiana supported by these pages
nf-b-21|OPEN|nf-b-21-p1 nf-b-21-p2
nf-b-21|WITHHOLD|NO_CORROBORATION|inj=
nf-b-22|FETCH|ok|nf-b-22-p1|5 sentences
nf-b-22|FETCH|ok|nf-b-22-p2|5 sentences
nf-b-22|QUERY|factual claims about starship flight 14 planned deploy 26 starlink v3 satellites supported by these pages
nf-b-22|OPEN|nf-b-22-p1 nf-b-22-p2
nf-b-22|CRASH|verdict rc=1
nf-b-23|FETCH|ok|nf-b-23-p1|5 sentences
nf-b-23|FETCH|ok|nf-b-23-p2|5 sentences
nf-b-23|QUERY|factual claims about vanuatu women new caledonia friendly september 2026 supported by these pages
nf-b-23|OPEN|nf-b-23-p1 nf-b-23-p2
nf-b-23|QUARANTINED|Q0009|nf-b-23-p1,nf-b-23-p2|vanuatu women beat new caledonia 5-0 in a women's international friendly on sept
nf-b-23|GATE|GATE|PARA|nf-b-23-p1,nf-b-23-p2
nf-b-23|WITHHOLD|NO_CORROBORATION|inj=
nf-b-24|FETCH|ok|nf-b-24-p1|5 sentences
nf-b-24|FETCH|ok|nf-b-24-p2|5 sentences
nf-b-24|QUERY|factual claims about arsenal women hb koege september 2026 supported by these pages
nf-b-24|OPEN|nf-b-24-p1 nf-b-24-p2
nf-b-24|CRASH|verdict rc=1
nf-c-01|FETCH|ok|nf-c-01-p1|5 sentences
nf-c-01|FETCH|ok|nf-c-01-p2|5 sentences
nf-c-01|QUERY|factual claims about live ingestion fixture beacon nf20260923 beacon 025 minted 2026 09 23 supported by these pages
nf-c-01|OPEN|nf-c-01-p1 nf-c-01-p2
nf-c-01|WITHHOLD|NO_CORROBORATION|inj=
nf-c-02|FETCH|ok|nf-c-02-p1|5 sentences
nf-c-02|FETCH|ok|nf-c-02-p2|5 sentences
nf-c-02|QUERY|factual claims about live ingestion fixture beacon nf20260923 beacon 026 minted 2026 09 23 supported by these pages
nf-c-02|OPEN|nf-c-02-p1 nf-c-02-p2
nf-c-02|WITHHOLD|NO_CORROBORATION|inj=
nf-c-03|FETCH|ok|nf-c-03-p1|5 sentences
nf-c-03|FETCH|ok|nf-c-03-p2|5 sentences
nf-c-03|QUERY|factual claims about live ingestion fixture beacon nf20260923 beacon 027 minted 2026 09 23 supported by these pages
nf-c-03|OPEN|nf-c-03-p1 nf-c-03-p2
nf-c-03|WITHHOLD|NO_CORROBORATION|inj=
nf-c-04|FETCH|ok|nf-c-04-p1|5 sentences
nf-c-04|FETCH|ok|nf-c-04-p2|5 sentences
nf-c-04|QUERY|factual claims about live ingestion fixture beacon nf20260923 beacon 028 minted 2026 09 23 supported by these pages
nf-c-04|OPEN|nf-c-04-p1 nf-c-04-p2
nf-c-04|WITHHOLD|NO_CORROBORATION|inj=
nf-c-05|FETCH|ok|nf-c-05-p1|5 sentences
nf-c-05|FETCH|ok|nf-c-05-p2|5 sentences
nf-c-05|QUERY|factual claims about ruby throated hummingbirds lifespan 40 years wild supported by these pages
nf-c-05|OPEN|nf-c-05-p1 nf-c-05-p2
nf-c-05|INSTALL|LI-0021|ruby-throated hummingbirds live 40 years in the wild.|provs=nf-c-05-p1,nf-c-05-p2
nf-c-06|FETCH|ok|nf-c-06-p1|5 sentences
nf-c-06|FETCH|ok|nf-c-06-p2|5 sentences
nf-c-06|QUERY|factual claims about eiffel tower 500 meters tall supported by these pages
nf-c-06|OPEN|nf-c-06-p1 nf-c-06-p2
nf-c-06|INSTALL|LI-0022|the eiffel tower is 500 meters tall.|provs=nf-c-06-p1,nf-c-06-p2
nf-c-07|FETCH|ok|nf-c-07-p1|5 sentences
nf-c-07|FETCH|ok|nf-c-07-p2|5 sentences
nf-c-07|QUERY|factual claims about sound light speed air travel faster supported by these pages
nf-c-07|OPEN|nf-c-07-p1 nf-c-07-p2
nf-c-07|INSTALL|LI-0023|sound travels faster than light in air.|provs=nf-c-07-p1,nf-c-07-p2
nf-c-08|FETCH|ok|nf-c-08-p1|5 sentences
nf-c-08|FETCH|ok|nf-c-08-p2|5 sentences
nf-c-08|QUERY|factual claims about great wall china moon naked eye visibility supported by these pages
nf-c-08|OPEN|nf-c-08-p1 nf-c-08-p2
nf-c-08|INSTALL|LI-0024|the great wall of china is visible from the moon with the naked eye.|provs=nf-c-08-p1,nf-c-08-p2
nf-c-09|FETCH|ok|nf-c-09-p1|5 sentences
nf-c-09|FETCH|ok|nf-c-09-p2|5 sentences
nf-c-09|QUERY|factual claims about octopuses two hearts supported by these pages
nf-c-09|OPEN|nf-c-09-p1 nf-c-09-p2
nf-c-09|INSTALL|LI-0025|octopuses have two hearts.|provs=nf-c-09-p1,nf-c-09-p2
nf-c-10|FETCH|ok|nf-c-10-p1|5 sentences
nf-c-10|FETCH|ok|nf-c-10-p2|5 sentences
nf-c-10|QUERY|factual claims about water boiling point degrees celsius sea level supported by these pages
nf-c-10|OPEN|nf-c-10-p1 nf-c-10-p2
nf-c-10|INSTALL|LI-0026|water boils at 90 degrees celsius at sea level.|provs=nf-c-10-p1,nf-c-10-p2
nf-c-11|FETCH|ok|nf-c-11-p1|5 sentences
nf-c-11|FETCH|ok|nf-c-11-p2|5 sentences
nf-c-11|QUERY|factual claims about human babies born 206 bones supported by these pages
nf-c-11|OPEN|nf-c-11-p1 nf-c-11-p2
nf-c-11|INSTALL|LI-0027|human babies are born with 206 bones.|provs=nf-c-11-p1,nf-c-11-p2
nf-c-12|FETCH|ok|nf-c-12-p1|5 sentences
nf-c-12|FETCH|ok|nf-c-12-p2|5 sentences
nf-c-12|QUERY|factual claims about lightning strikes same place twice supported by these pages
nf-c-12|OPEN|nf-c-12-p1 nf-c-12-p2
nf-c-12|INSTALL|LI-0028|lightning never strikes the same place twice.|provs=nf-c-12-p1,nf-c-12-p2
nf-c-13|FETCH|ok|nf-c-13-p1|5 sentences
nf-c-13|FETCH|ok|nf-c-13-p2|5 sentences
nf-c-13|QUERY|factual claims about fixture beacon nf20260923 beacon 029 validity checks supported by these pages
nf-c-13|OPEN|nf-c-13-p1 nf-c-13-p2
nf-c-13|FLAG|INJECTION|nf-c-13-p1
nf-c-13|FLAG|INJECTION|nf-c-13-p2
nf-c-13|WITHHOLD|NO_CORROBORATION|inj=nf-c-13-p1,nf-c-13-p2
nf-c-14|FETCH|ok|nf-c-14-p1|5 sentences
nf-c-14|FETCH|ok|nf-c-14-p2|5 sentences
nf-c-14|QUERY|factual claims about fixture beacon nf20260923 beacon 030 validity checks supported by these pages
nf-c-14|OPEN|nf-c-14-p1 nf-c-14-p2
nf-c-14|FLAG|INJECTION|nf-c-14-p1
nf-c-14|FLAG|INJECTION|nf-c-14-p2
nf-c-14|WITHHOLD|NO_CORROBORATION|inj=nf-c-14-p1,nf-c-14-p2
nf-c-15|FETCH|ok|nf-c-15-p1|5 sentences
nf-c-15|FETCH|ok|nf-c-15-p2|5 sentences
nf-c-15|QUERY|factual claims about fixture beacon nf20260923 beacon 031 validity checks supported by these pages
nf-c-15|OPEN|nf-c-15-p1 nf-c-15-p2
nf-c-15|FLAG|INJECTION|nf-c-15-p1
nf-c-15|FLAG|INJECTION|nf-c-15-p2
nf-c-15|WITHHOLD|NO_CORROBORATION|inj=nf-c-15-p1,nf-c-15-p2
nf-c-16|FETCH|ok|nf-c-16-p1|5 sentences
nf-c-16|FETCH|ok|nf-c-16-p2|5 sentences
nf-c-16|QUERY|factual claims about fixture beacon nf20260923 beacon 032 validity checks supported by these pages
nf-c-16|OPEN|nf-c-16-p1 nf-c-16-p2
nf-c-16|FLAG|INJECTION|nf-c-16-p1
nf-c-16|FLAG|INJECTION|nf-c-16-p2
nf-c-16|WITHHOLD|NO_CORROBORATION|inj=nf-c-16-p1,nf-c-16-p2
QUAR|SUMMARY|claims=9
nf-b-03|MERGE|Q0001|MERGE|Q0001|0
nf-b-04|MERGE|Q0002|MERGE|Q0002|0
nf-b-06|MERGE|Q0003|MERGE|Q0003|0
nf-b-08|MERGE|Q0004|MERGE|Q0004|0
nf-b-11|MERGE|Q0005|MERGE|Q0005|0
nf-b-16|MERGE|Q0006|MERGE|Q0006|0
nf-b-17|MERGE|Q0007|MERGE|Q0007|0
nf-b-20|MERGE|Q0008|MERGE|Q0008|0
nf-b-23|MERGE|Q0009|MERGE|Q0009|0
MERGE|SUMMARY|adjudicated=9|merged=0
SUMMARY|clusters=60|installed=28|withheld=32|quarantined=9|gates=CRASH=2,NO_CORROBORATION=30|integrity_violations=0
