R4_POS 0
R4_T1 pos=0 ow_rc=0 kill_rc=-999 add_rc=-999 slot=2 new_slot=-1 live=1 val=2002 str=10 audit_n=5
R4_T2 pos=0 ow_rc=0 kill_idx=-1 add_idx=-1 ow_idx=9 order_ok=0 before_str=90 after_str=10 ej_max_clk=8 op_clk=9 new_slot=-1
R4_T3 pos=0 total_cites=1 lawful=4 discount=1
R4_T3B pos=0 ow_rc=0 kill_0new_rc=109 kill_1new_rc=0
CL_CHECK,ck_replay,0,0
CL_CHECK,ck_refusals_clean,0,0
CL_CHECK,ck_core_live,1,1
CL_CHECK,ck_strength_lineage,1,1
CL_CHECK,ck_strength_lineage,1,1
CL_CHECK,ck_strength_lineage,1,1
CL_CHECK,ck_cite_count,1,1
CL_CHECK,ck_cite_distinct,1,1
CL_CHECK,ck_justify_present,1,1
CL_CHECK,ck_no_bad_kill,0,0
CL_CHECK,ck_no_bad_forcepin,0,0
CL_CHECK,ck_no_bad_code,0,0
CL_CHECK,ck_no_bad_role,0,0
CL_CHECK,ck_no_bad_pexp,0,0
R4_T4 pos=0 attack_cites=1 checker_failures=0 ow_entries=1 ow_effort_flags=1
R4_DONE
