PROSE-LEARN3 source=neg mode=m2
DENIAL id=0 sent=0 entity=a relation=alphabet_position reln=2 value=2 key=4:34fb5c82 seq=0
DENIAL id=1 sent=0 entity=b relation=alphabet_position reln=2 value=3 key=8:34fb5c82 seq=1
DENIAL id=2 sent=0 entity=c relation=alphabet_position reln=2 value=4 key=10:34fb5c82 seq=2
DENIAL id=3 sent=0 entity=e relation=alphabet_position reln=2 value=6 key=12:34fb5c82 seq=3
DENIAL id=4 sent=0 entity=f relation=alphabet_position reln=2 value=7 key=14:34fb5c82 seq=4
DENIAL id=5 sent=0 entity=g relation=alphabet_position reln=2 value=8 key=16:34fb5c82 seq=5
DENIAL id=6 sent=0 entity=four relation=letter_count reln=2 value=5 key=20:3226ce4b seq=6
DENIAL id=7 sent=0 entity=seven relation=letter_count reln=2 value=6 key=22:3226ce4b seq=7
DENIAL id=8 sent=0 entity=minute relation=letter_count reln=2 value=7 key=23:3226ce4b seq=8
DENIAL id=9 sent=0 entity=seconds relation=letter_count reln=2 value=8 key=24:3226ce4b seq=9
DENIAL id=10 sent=0 entity=afternoon relation=letter_count reln=2 value=10 key=26:3226ce4b seq=10
DENIAL id=11 sent=0 entity=dictionary relation=letter_count reln=2 value=11 key=28:3226ce4b seq=11
DENIAL id=12 sent=0 entity=hamlet relation=publication_year reln=2 value=1613 key=33:99a1a5af seq=12
DENIAL id=13 sent=0 entity=don quixote relation=publication_year reln=2 value=1615 key=38:99a1a5af seq=13
DENIAL id=14 sent=0 entity=king lear relation=publication_year reln=2 value=1618 key=42:99a1a5af seq=14
DENIAL id=15 sent=0 entity=the king james bible relation=publication_year reln=2 value=1621 key=47:99a1a5af seq=15
DENIAL id=16 sent=0 entity=shakespeare s first folio relation=publication_year reln=2 value=1633 key=53:99a1a5af seq=16
DENIAL id=17 sent=0 entity=leviathan relation=publication_year reln=2 value=1661 key=54:99a1a5af seq=17
DENIAL id=18 sent=0 entity=beatles relation=open reln=2 value=5 key=56:95fcd0e6 seq=18
DENIAL id=19 sent=0 entity=jackson 5 relation=open reln=2 value=6 key=63:95fcd0e6 seq=19
DENIAL id=20 sent=0 entity=united states relation=open reln=1 value=51 key=70:7aa8ca4a seq=20
DENIAL id=21 sent=0 entity=us flag relation=open reln=2 value=14 key=76:6c52958f seq=21
DENIAL id=22 sent=0 entity=earth relation=open reln=2 value=8 key=77:171a67c4 seq=22
DENIAL id=23 sent=0 entity=rugby union team relation=open reln=3 value=16 key=86:a0eecf9c seq=23
INSTALL id=24 sent=0 entity=h relation=alphabet_position reln=2 attitude=asserted value=8 key=87:34fb5c82 seq=24
DENIAL id=24 sent=1 entity=h relation=alphabet_position reln=2 value=9 key=87:34fb5c82 seq=25
DENIAL id=25 sent=0 entity=i relation=alphabet_position reln=2 value=10 key=91:34fb5c82 seq=26
INSTALL id=25 sent=1 entity=i relation=alphabet_position reln=2 attitude=asserted value=9 key=91:34fb5c82 seq=27
INSTALL id=26 sent=0 entity=novel relation=letter_count reln=2 attitude=asserted value=5 key=92:3226ce4b seq=28
DENIAL id=26 sent=1 entity=novel relation=letter_count reln=2 value=6 key=92:3226ce4b seq=29
DENIAL id=27 sent=0 entity=story relation=letter_count reln=2 value=6 key=93:3226ce4b seq=30
INSTALL id=27 sent=1 entity=story relation=letter_count reln=2 attitude=asserted value=5 key=93:3226ce4b seq=31
INSTALL id=28 sent=0 entity=moby dick relation=publication_year reln=2 attitude=asserted value=1851 key=97:99a1a5af seq=32
DENIAL id=28 sent=1 entity=moby dick relation=publication_year reln=2 value=1861 key=97:99a1a5af seq=33
DENIAL id=29 sent=0 entity=uncle tom s cabin relation=publication_year reln=2 value=1862 key=103:99a1a5af seq=34
INSTALL id=29 sent=1 entity=uncle tom s cabin relation=publication_year reln=2 attitude=asserted value=1852 key=103:99a1a5af seq=35
INSTALL id=30 sent=0 entity=beatles relation=open reln=1 attitude=asserted value=4 key=56:4b4c91ed seq=36
DENIAL id=30 sent=1 entity=beatles relation=open reln=2 value=5 key=56:95fcd0e6 seq=37
DENIAL id=31 sent=0 entity=jackson 5 relation=open reln=2 value=6 key=63:95fcd0e6 seq=38
INSTALL id=31 sent=1 entity=jackson 5 relation=open reln=1 attitude=asserted value=5 key=63:4b4c91ed seq=39
INSTALL id=32 sent=0 entity=j relation=alphabet_position reln=2 attitude=asserted value=10 key=105:34fb5c82 seq=40
DENIAL id=32 sent=1 entity=j relation=alphabet_position reln=2 value=11 key=105:34fb5c82 seq=41
DENIAL id=33 sent=0 entity=k relation=alphabet_position reln=2 value=12 key=106:34fb5c82 seq=42
INSTALL id=33 sent=1 entity=k relation=alphabet_position reln=2 attitude=asserted value=11 key=106:34fb5c82 seq=43
INSTALL id=34 sent=0 entity=poem relation=letter_count reln=2 attitude=asserted value=4 key=108:3226ce4b seq=44
DENIAL id=34 sent=1 entity=poem relation=letter_count reln=2 value=5 key=108:3226ce4b seq=45
DENIAL id=35 sent=0 entity=rhyme relation=letter_count reln=2 value=6 key=109:3226ce4b seq=46
INSTALL id=35 sent=1 entity=rhyme relation=letter_count reln=2 attitude=asserted value=5 key=109:3226ce4b seq=47
PROBE id=0 verdict=UNKNOWN expected=unknown ok=0 entity=a relation=alphabet_position reln=2 attitude=ignored ties=0
PROBE id=1 verdict=UNKNOWN expected=unknown ok=0 entity=b relation=alphabet_position reln=2 attitude=ignored ties=0
PROBE id=2 verdict=UNKNOWN expected=unknown ok=0 entity=c relation=alphabet_position reln=2 attitude=ignored ties=0
PROBE id=3 verdict=UNKNOWN expected=unknown ok=0 entity=e relation=alphabet_position reln=2 attitude=ignored ties=0
PROBE id=4 verdict=UNKNOWN expected=unknown ok=0 entity=f relation=alphabet_position reln=2 attitude=ignored ties=0
PROBE id=5 verdict=UNKNOWN expected=unknown ok=0 entity=g relation=alphabet_position reln=2 attitude=ignored ties=0
PROBE id=6 verdict=UNKNOWN expected=unknown ok=0 entity=four relation=letter_count reln=2 attitude=ignored ties=0
PROBE id=7 verdict=UNKNOWN expected=unknown ok=0 entity=seven relation=letter_count reln=2 attitude=ignored ties=0
PROBE id=8 verdict=UNKNOWN expected=unknown ok=0 entity=minute relation=letter_count reln=2 attitude=ignored ties=0
PROBE id=9 verdict=UNKNOWN expected=unknown ok=0 entity=seconds relation=letter_count reln=2 attitude=ignored ties=0
PROBE id=10 verdict=UNKNOWN expected=unknown ok=0 entity=afternoon relation=letter_count reln=2 attitude=ignored ties=0
PROBE id=11 verdict=UNKNOWN expected=unknown ok=0 entity=dictionary relation=letter_count reln=2 attitude=ignored ties=0
PROBE id=12 verdict=UNKNOWN expected=unknown ok=0 entity=hamlet relation=publication_year reln=2 attitude=ignored ties=0
PROBE id=13 verdict=UNKNOWN expected=unknown ok=0 entity=don quixote relation=publication_year reln=2 attitude=ignored ties=0
PROBE id=14 verdict=UNKNOWN expected=unknown ok=0 entity=king lear relation=publication_year reln=2 attitude=ignored ties=0
PROBE id=15 verdict=UNKNOWN expected=unknown ok=0 entity=the king james bible relation=publication_year reln=2 attitude=ignored ties=0
PROBE id=16 verdict=UNKNOWN expected=unknown ok=0 entity=shakespeare s first folio relation=publication_year reln=2 attitude=ignored ties=0
PROBE id=17 verdict=UNKNOWN expected=unknown ok=0 entity=leviathan relation=publication_year reln=2 attitude=ignored ties=0
PROBE id=18 verdict=VALUE:4 expected=unknown ok=0 entity=beatles relation=open reln=1 attitude=ignored ties=1
PROBE id=19 verdict=VALUE:5 expected=unknown ok=0 entity=jackson 5 relation=open reln=1 attitude=ignored ties=1
PROBE id=20 verdict=UNKNOWN expected=unknown ok=0 entity=united states relation=open reln=0 attitude=ignored ties=0
PROBE id=21 verdict=UNKNOWN expected=unknown ok=0 entity=us flag relation=open reln=1 attitude=ignored ties=0
PROBE id=22 verdict=UNKNOWN expected=unknown ok=0 entity=earth relation=open reln=1 attitude=ignored ties=0
PROBE id=23 verdict=UNKNOWN expected=unknown ok=0 entity=rugby union team relation=open reln=2 attitude=ignored ties=0
PROBE id=24 verdict=VALUE:8 expected=value ok=0 entity=h relation=alphabet_position reln=2 attitude=ignored ties=1
PROBE id=25 verdict=VALUE:9 expected=value ok=0 entity=i relation=alphabet_position reln=2 attitude=ignored ties=1
PROBE id=26 verdict=VALUE:5 expected=value ok=0 entity=novel relation=letter_count reln=2 attitude=ignored ties=1
PROBE id=27 verdict=VALUE:5 expected=value ok=0 entity=story relation=letter_count reln=2 attitude=ignored ties=1
PROBE id=28 verdict=VALUE:1851 expected=value ok=0 entity=moby dick relation=publication_year reln=2 attitude=ignored ties=1
PROBE id=29 verdict=VALUE:1852 expected=value ok=0 entity=uncle tom s cabin relation=publication_year reln=2 attitude=ignored ties=1
PROBE id=30 verdict=VALUE:4 expected=value ok=0 entity=beatles relation=open reln=1 attitude=ignored ties=1
PROBE id=31 verdict=VALUE:5 expected=value ok=0 entity=jackson 5 relation=open reln=1 attitude=ignored ties=1
PROBE id=32 verdict=VALUE:10 expected=value ok=0 entity=j relation=alphabet_position reln=2 attitude=ignored ties=1
PROBE id=33 verdict=VALUE:11 expected=value ok=0 entity=k relation=alphabet_position reln=2 attitude=ignored ties=1
PROBE id=34 verdict=VALUE:4 expected=value ok=0 entity=poem relation=letter_count reln=2 attitude=ignored ties=1
PROBE id=35 verdict=VALUE:5 expected=value ok=0 entity=rhyme relation=letter_count reln=2 attitude=ignored ties=1
SUMMARY ninstall=12 ncorroborate=0 ncontradict=0 nquarantine=0 ndenial=36 nderived=0 nfail=0 nprobe=36 full=0/36 clean=0/36
DIGEST 0dc4f0a96f2fba06c6c1e7081f2444cecc07c055926de624d6a40151e7c8bcd0
DIGEST2 0dc4f0a96f2fba06c6c1e7081f2444cecc07c055926de624d6a40151e7c8bcd0
LEDGER 11aa046689f77e83bc7ff5b9dd0225f8655725fc6dfa913923b768060ed915fc
VERIFY chain=1 dmatch=1
RESULT PASS
