PROSE-LEARN3 source=distr mode=m2
INSTALL id=0 sent=0 entity=a relation=alphabet_position reln=2 attitude=asserted value=1 key=0:8073c94e seq=0
INSTALL id=1 sent=0 entity=b relation=alphabet_position reln=2 attitude=asserted value=2 key=7:8073c94e seq=1
INSTALL id=2 sent=0 entity=c relation=alphabet_position reln=2 attitude=asserted value=3 key=9:8073c94e seq=2
INSTALL id=3 sent=0 entity=d relation=alphabet_position reln=2 attitude=asserted value=5 key=11:8073c94e seq=3
INSTALL id=4 sent=0 entity=e relation=alphabet_position reln=2 attitude=asserted value=5 key=13:8073c94e seq=4
INSTALL id=5 sent=0 entity=f relation=alphabet_position reln=2 attitude=asserted value=6 key=14:8073c94e seq=5
INSTALL id=6 sent=0 entity=g relation=alphabet_position reln=2 attitude=asserted value=7 key=16:8073c94e seq=6
INSTALL id=7 sent=0 entity=h relation=alphabet_position reln=2 attitude=asserted value=8 key=18:8073c94e seq=7
INSTALL id=8 sent=0 entity=i relation=alphabet_position reln=2 attitude=asserted value=9 key=20:8073c94e seq=8
INSTALL id=9 sent=0 entity=j relation=alphabet_position reln=2 attitude=asserted value=10 key=22:8073c94e seq=9
INSTALL id=10 sent=0 entity=k relation=alphabet_position reln=2 attitude=asserted value=11 key=24:8073c94e seq=10
INSTALL id=11 sent=0 entity=l relation=alphabet_position reln=2 attitude=asserted value=12 key=26:8073c94e seq=11
INSTALL id=12 sent=0 entity=m relation=alphabet_position reln=2 attitude=asserted value=13 key=29:8073c94e seq=12
INSTALL id=13 sent=0 entity=n relation=alphabet_position reln=2 attitude=asserted value=14 key=32:8073c94e seq=13
INSTALL id=14 sent=0 entity=o relation=alphabet_position reln=2 attitude=asserted value=15 key=34:8073c94e seq=14
INSTALL id=15 sent=0 entity=p relation=alphabet_position reln=2 attitude=asserted value=16 key=36:8073c94e seq=15
INSTALL id=16 sent=0 entity=q relation=alphabet_position reln=2 attitude=asserted value=17 key=38:8073c94e seq=16
INSTALL id=17 sent=0 entity=r relation=alphabet_position reln=2 attitude=asserted value=18 key=40:8073c94e seq=17
INSTALL id=18 sent=0 entity=s relation=alphabet_position reln=2 attitude=asserted value=19 key=42:8073c94e seq=18
INSTALL id=19 sent=0 entity=t relation=alphabet_position reln=2 attitude=asserted value=20 key=44:8073c94e seq=19
INSTALL id=20 sent=0 entity=u relation=alphabet_position reln=2 attitude=asserted value=21 key=46:8073c94e seq=20
INSTALL id=21 sent=0 entity=v relation=alphabet_position reln=2 attitude=asserted value=22 key=48:8073c94e seq=21
INSTALL id=22 sent=0 entity=w relation=alphabet_position reln=2 attitude=asserted value=23 key=50:8073c94e seq=22
INSTALL id=23 sent=0 entity=x relation=alphabet_position reln=2 attitude=asserted value=24 key=52:8073c94e seq=23
INSTALL id=24 sent=0 entity=y relation=alphabet_position reln=2 attitude=asserted value=25 key=54:8073c94e seq=24
INSTALL id=25 sent=0 entity=z relation=alphabet_position reln=2 attitude=asserted value=26 key=56:8073c94e seq=25
CORROBORATE id=26 sent=0 key=0:8073c94e attitude=asserted seq=26
CORROBORATE id=27 sent=0 key=7:8073c94e attitude=asserted seq=27
CORROBORATE id=28 sent=0 key=9:8073c94e attitude=asserted seq=28
CONTRADICT id=29 sent=0 key=11:8073c94e attitude=asserted old=5 new=6 seq=29
CORROBORATE id=30 sent=0 key=13:8073c94e attitude=asserted seq=30
CORROBORATE id=31 sent=0 key=14:8073c94e attitude=asserted seq=31
CORROBORATE id=32 sent=0 key=16:8073c94e attitude=asserted seq=32
CORROBORATE id=33 sent=0 key=18:8073c94e attitude=asserted seq=33
CORROBORATE id=34 sent=0 key=20:8073c94e attitude=asserted seq=34
CORROBORATE id=35 sent=0 key=22:8073c94e attitude=asserted seq=35
CORROBORATE id=36 sent=0 key=24:8073c94e attitude=asserted seq=36
CORROBORATE id=37 sent=0 key=26:8073c94e attitude=asserted seq=37
CORROBORATE id=38 sent=0 key=29:8073c94e attitude=asserted seq=38
CORROBORATE id=39 sent=0 key=32:8073c94e attitude=asserted seq=39
CORROBORATE id=40 sent=0 key=34:8073c94e attitude=asserted seq=40
CORROBORATE id=41 sent=0 key=36:8073c94e attitude=asserted seq=41
CORROBORATE id=42 sent=0 key=38:8073c94e attitude=asserted seq=42
CORROBORATE id=43 sent=0 key=40:8073c94e attitude=asserted seq=43
CORROBORATE id=44 sent=0 key=42:8073c94e attitude=asserted seq=44
CORROBORATE id=45 sent=0 key=44:8073c94e attitude=asserted seq=45
CORROBORATE id=46 sent=0 key=46:8073c94e attitude=asserted seq=46
CORROBORATE id=47 sent=0 key=48:8073c94e attitude=asserted seq=47
INSTALL id=48 sent=0 entity=a relation=letter_count reln=2 attitude=asserted value=1 key=0:97beb87d seq=48
INSTALL id=49 sent=0 entity=an relation=letter_count reln=2 attitude=asserted value=2 key=2:97beb87d seq=49
INSTALL id=50 sent=0 entity=the relation=letter_count reln=2 attitude=asserted value=3 key=28:97beb87d seq=50
INSTALL id=51 sent=0 entity=four relation=letter_count reln=2 attitude=asserted value=4 key=61:97beb87d seq=51
INSTALL id=52 sent=0 entity=seven relation=letter_count reln=2 attitude=asserted value=5 key=63:97beb87d seq=52
INSTALL id=53 sent=0 entity=minute relation=letter_count reln=2 attitude=asserted value=6 key=64:97beb87d seq=53
INSTALL id=54 sent=0 entity=seconds relation=letter_count reln=2 attitude=asserted value=7 key=65:97beb87d seq=54
INSTALL id=55 sent=0 entity=saturday relation=letter_count reln=2 attitude=asserted value=7 key=67:97beb87d seq=55
INSTALL id=56 sent=0 entity=afternoon relation=letter_count reln=2 attitude=asserted value=9 key=68:97beb87d seq=56
INSTALL id=57 sent=0 entity=dictionary relation=letter_count reln=2 attitude=asserted value=10 key=69:97beb87d seq=57
INSTALL id=58 sent=0 entity=handwriting relation=letter_count reln=2 attitude=asserted value=11 key=70:97beb87d seq=58
INSTALL id=59 sent=0 entity=disappointed relation=letter_count reln=2 attitude=asserted value=12 key=71:97beb87d seq=59
INSTALL id=60 sent=0 entity=word extraordinary relation=letter_count reln=2 attitude=asserted value=13 key=74:97beb87d seq=60
INSTALL id=61 sent=0 entity=word responsibility relation=letter_count reln=2 attitude=asserted value=14 key=76:97beb87d seq=61
INSTALL id=62 sent=0 entity=word congratulations relation=letter_count reln=2 attitude=asserted value=15 key=79:97beb87d seq=62
INSTALL id=63 sent=0 entity=word misunderstanding relation=letter_count reln=2 attitude=asserted value=16 key=81:97beb87d seq=63
INSTALL id=64 sent=0 entity=word misunderstandings relation=letter_count reln=2 attitude=asserted value=17 key=83:97beb87d seq=64
INSTALL id=65 sent=0 entity=word characteristically relation=letter_count reln=2 attitude=asserted value=18 key=85:97beb87d seq=65
INSTALL id=66 sent=0 entity=word incomprehensibility relation=letter_count reln=2 attitude=asserted value=19 key=87:97beb87d seq=66
INSTALL id=67 sent=0 entity=word uncharacteristically relation=letter_count reln=2 attitude=asserted value=20 key=89:97beb87d seq=67
INSTALL id=68 sent=0 entity=word incomprehensibilities relation=letter_count reln=2 attitude=asserted value=21 key=91:97beb87d seq=68
INSTALL id=69 sent=0 entity=word electroencephalography relation=letter_count reln=2 attitude=asserted value=22 key=93:97beb87d seq=69
INSTALL id=70 sent=0 entity=word disproportionableness relation=letter_count reln=2 attitude=asserted value=21 key=95:97beb87d seq=70
INSTALL id=71 sent=0 entity=word incontrovertibleness relation=letter_count reln=2 attitude=asserted value=21 key=97:97beb87d seq=71
INSTALL id=72 sent=0 entity=word counterdemonstrations relation=letter_count reln=2 attitude=asserted value=21 key=100:97beb87d seq=72
INSTALL id=73 sent=0 entity=word electroencephalograms relation=letter_count reln=2 attitude=asserted value=21 key=103:97beb87d seq=73
INSTALL id=74 sent=0 entity=word internationalization relation=letter_count reln=2 attitude=asserted value=20 key=105:97beb87d seq=74
INSTALL id=75 sent=0 entity=word antidisestablishmentarian relation=letter_count reln=2 attitude=asserted value=25 key=107:97beb87d seq=75
INSTALL id=76 sent=0 entity=word antidisestablishmentarianism relation=letter_count reln=2 attitude=asserted value=28 key=110:97beb87d seq=76
INSTALL id=77 sent=0 entity=word time relation=letter_count reln=2 attitude=asserted value=4 key=112:97beb87d seq=77
INSTALL id=78 sent=0 entity=word word relation=letter_count reln=2 attitude=asserted value=4 key=113:97beb87d seq=78
INSTALL id=79 sent=0 entity=word sentence relation=letter_count reln=2 attitude=asserted value=8 key=115:97beb87d seq=79
INSTALL id=80 sent=0 entity=word knowledge relation=letter_count reln=2 attitude=asserted value=8 key=117:97beb87d seq=80
INSTALL id=81 sent=0 entity=word question relation=letter_count reln=2 attitude=asserted value=8 key=119:97beb87d seq=81
INSTALL id=82 sent=0 entity=word answer relation=letter_count reln=2 attitude=asserted value=6 key=121:97beb87d seq=82
INSTALL id=83 sent=0 entity=word library relation=letter_count reln=2 attitude=asserted value=7 key=123:97beb87d seq=83
INSTALL id=84 sent=0 entity=book relation=letter_count reln=2 attitude=asserted value=4 key=124:97beb87d seq=84
INSTALL id=85 sent=0 entity=novel relation=letter_count reln=2 attitude=asserted value=5 key=125:97beb87d seq=85
INSTALL id=86 sent=0 entity=story relation=letter_count reln=2 attitude=asserted value=5 key=126:97beb87d seq=86
INSTALL id=87 sent=0 entity=poem relation=letter_count reln=2 attitude=asserted value=4 key=127:97beb87d seq=87
INSTALL id=88 sent=0 entity=rhyme relation=letter_count reln=2 attitude=asserted value=5 key=128:97beb87d seq=88
INSTALL id=89 sent=0 entity=grammar relation=letter_count reln=2 attitude=asserted value=7 key=129:97beb87d seq=89
INSTALL id=90 sent=0 entity=spelling relation=letter_count reln=2 attitude=asserted value=8 key=130:97beb87d seq=90
INSTALL id=91 sent=0 entity=vocabulary relation=letter_count reln=2 attitude=asserted value=10 key=131:97beb87d seq=91
INSTALL id=92 sent=0 entity=paragraph relation=letter_count reln=2 attitude=asserted value=9 key=132:97beb87d seq=92
INSTALL id=93 sent=0 entity=chapter relation=letter_count reln=2 attitude=asserted value=7 key=133:97beb87d seq=93
INSTALL id=94 sent=0 entity=page relation=letter_count reln=2 attitude=asserted value=4 key=134:97beb87d seq=94
INSTALL id=95 sent=0 entity=ink relation=letter_count reln=2 attitude=asserted value=3 key=135:97beb87d seq=95
INSTALL id=96 sent=0 entity=hamlet relation=publication_year reln=2 attitude=asserted value=1603 key=136:a4ccd8c5 seq=96
INSTALL id=97 sent=0 entity=don quixote relation=publication_year reln=2 attitude=asserted value=1605 key=144:a4ccd8c5 seq=97
INSTALL id=98 sent=0 entity=king lear relation=publication_year reln=2 attitude=asserted value=1608 key=148:a4ccd8c5 seq=98
INSTALL id=99 sent=0 entity=king james bible relation=publication_year reln=2 attitude=asserted value=1611 key=153:a4ccd8c5 seq=99
INSTALL id=100 sent=0 entity=shakespeare folio relation=publication_year reln=2 attitude=asserted value=1623 key=158:a4ccd8c5 seq=100
INSTALL id=101 sent=0 entity=leviathan relation=publication_year reln=2 attitude=asserted value=1651 key=159:a4ccd8c5 seq=101
INSTALL id=102 sent=0 entity=paradise lost relation=publication_year reln=2 attitude=asserted value=1667 key=164:a4ccd8c5 seq=102
INSTALL id=103 sent=0 entity=pilgrim progress relation=publication_year reln=2 attitude=asserted value=1688 key=168:a4ccd8c5 seq=103
INSTALL id=104 sent=0 entity=robinson crusoe relation=publication_year reln=2 attitude=asserted value=1719 key=172:a4ccd8c5 seq=104
INSTALL id=105 sent=0 entity=gulliver travels relation=publication_year reln=2 attitude=asserted value=1726 key=177:a4ccd8c5 seq=105
INSTALL id=106 sent=0 entity=pamela relation=publication_year reln=2 attitude=asserted value=1740 key=178:a4ccd8c5 seq=106
INSTALL id=107 sent=0 entity=tom jones relation=publication_year reln=2 attitude=asserted value=1749 key=184:a4ccd8c5 seq=107
INSTALL id=108 sent=0 entity=candide relation=publication_year reln=2 attitude=asserted value=1759 key=185:a4ccd8c5 seq=108
INSTALL id=109 sent=0 entity=vicar wakefield relation=publication_year reln=2 attitude=asserted value=1766 key=190:a4ccd8c5 seq=109
INSTALL id=110 sent=0 entity=wealth nations relation=publication_year reln=2 attitude=asserted value=1776 key=195:a4ccd8c5 seq=110
INSTALL id=111 sent=0 entity=pride prejudice relation=publication_year reln=2 attitude=asserted value=1813 key=200:a4ccd8c5 seq=111
INSTALL id=112 sent=0 entity=frankenstein relation=publication_year reln=2 attitude=asserted value=1818 key=201:a4ccd8c5 seq=112
INSTALL id=113 sent=0 entity=last mohicans relation=publication_year reln=2 attitude=asserted value=1826 key=207:a4ccd8c5 seq=113
INSTALL id=114 sent=0 entity=jane eyre relation=publication_year reln=2 attitude=asserted value=1847 key=211:a4ccd8c5 seq=114
INSTALL id=115 sent=0 entity=wuthering heights relation=publication_year reln=2 attitude=asserted value=1847 key=215:a4ccd8c5 seq=115
INSTALL id=116 sent=0 entity=scarlet letter relation=publication_year reln=2 attitude=asserted value=1850 key=218:a4ccd8c5 seq=116
INSTALL id=117 sent=0 entity=david copperfield relation=publication_year reln=2 attitude=asserted value=1851 key=222:a4ccd8c5 seq=117
INSTALL id=118 sent=0 entity=moby dick relation=publication_year reln=2 attitude=asserted value=1851 key=225:a4ccd8c5 seq=118
INSTALL id=119 sent=0 entity=uncle tom cabin relation=publication_year reln=2 attitude=asserted value=1852 key=229:a4ccd8c5 seq=119
INSTALL id=120 sent=0 entity=walden relation=publication_year reln=2 attitude=asserted value=1854 key=230:a4ccd8c5 seq=120
INSTALL id=121 sent=0 entity=madame bovary relation=publication_year reln=2 attitude=asserted value=1857 key=235:a4ccd8c5 seq=121
INSTALL id=122 sent=0 entity=a relation=publication_year reln=2 attitude=asserted value=1859 key=0:a4ccd8c5 seq=122
INSTALL id=123 sent=0 entity=great expectations relation=publication_year reln=2 attitude=asserted value=1861 key=245:a4ccd8c5 seq=123
INSTALL id=124 sent=0 entity=les miserables relation=publication_year reln=2 attitude=asserted value=1862 key=250:a4ccd8c5 seq=124
INSTALL id=125 sent=0 entity=alice adventures wonderland relation=publication_year reln=2 attitude=asserted value=1865 key=257:a4ccd8c5 seq=125
INSTALL id=126 sent=0 entity=crime punishment relation=publication_year reln=2 attitude=asserted value=1866 key=261:a4ccd8c5 seq=126
INSTALL id=127 sent=0 entity=war peace relation=publication_year reln=2 attitude=asserted value=1869 key=265:a4ccd8c5 seq=127
INSTALL id=128 sent=0 entity=through looking glass relation=publication_year reln=2 attitude=asserted value=1871 key=270:a4ccd8c5 seq=128
INSTALL id=129 sent=0 entity=anna karenina relation=publication_year reln=2 attitude=asserted value=1878 key=274:a4ccd8c5 seq=129
INSTALL id=130 sent=0 entity=brothers karamazov relation=publication_year reln=2 attitude=asserted value=1880 key=279:a4ccd8c5 seq=130
INSTALL id=131 sent=0 entity=treasure island relation=publication_year reln=2 attitude=asserted value=1883 key=283:a4ccd8c5 seq=131
INSTALL id=132 sent=0 entity=adventures huckleberry finn relation=publication_year reln=2 attitude=asserted value=1884 key=287:a4ccd8c5 seq=132
INSTALL id=133 sent=0 entity=kidnapped relation=publication_year reln=2 attitude=asserted value=1886 key=288:a4ccd8c5 seq=133
INSTALL id=134 sent=0 entity=strange case dr jekyll relation=publication_year reln=2 attitude=asserted value=1886 key=297:a4ccd8c5 seq=134
INSTALL id=135 sent=0 entity=autobiography charles darwin relation=publication_year reln=2 attitude=asserted value=1887 key=303:a4ccd8c5 seq=135
INSTALL id=136 sent=0 entity=picture dorian gray relation=publication_year reln=2 attitude=asserted value=1890 key=308:a4ccd8c5 seq=136
INSTALL id=137 sent=0 entity=tess d urbervilles relation=publication_year reln=2 attitude=asserted value=1891 key=313:a4ccd8c5 seq=137
INSTALL id=138 sent=0 entity=adventures sherlock holmes relation=publication_year reln=2 attitude=asserted value=1892 key=318:a4ccd8c5 seq=138
INSTALL id=139 sent=0 entity=time machine relation=publication_year reln=2 attitude=asserted value=1896 key=321:a4ccd8c5 seq=139
INSTALL id=140 sent=0 entity=dracula relation=publication_year reln=2 attitude=asserted value=1897 key=322:a4ccd8c5 seq=140
INSTALL id=141 sent=0 entity=war worlds relation=publication_year reln=2 attitude=asserted value=1898 key=327:a4ccd8c5 seq=141
INSTALL id=142 sent=0 entity=call wild relation=publication_year reln=2 attitude=asserted value=1903 key=331:a4ccd8c5 seq=142
INSTALL id=143 sent=0 entity=great gatsby relation=publication_year reln=2 attitude=asserted value=1925 key=334:a4ccd8c5 seq=143
INSTALL id=144 sent=0 entity=english alphabet relation=open reln=3 attitude=asserted value=26 key=337:a74a5da8 seq=144
INSTALL id=145 sent=0 entity=english alphabet relation=open reln=3 attitude=asserted value=5 key=337:6a7b39dd seq=145
INSTALL id=146 sent=0 entity=english alphabet relation=open reln=3 attitude=asserted value=21 key=337:25109bc0 seq=146
INSTALL id=147 sent=0 entity=a relation=open reln=3 attitude=asserted value=7 key=0:4d13ea6b seq=147
INSTALL id=148 sent=0 entity=a relation=open reln=3 attitude=asserted value=12 key=0:1eea0fb6 seq=148
INSTALL id=149 sent=0 entity=a relation=open reln=3 attitude=asserted value=4 key=0:7410fd3f seq=149
INSTALL id=150 sent=0 entity=a relation=open reln=3 attitude=asserted value=52 key=0:999905de seq=150
INSTALL id=151 sent=0 entity=a relation=open reln=3 attitude=asserted value=24 key=0:b5e399f3 seq=151
INSTALL id=152 sent=0 entity=hour relation=open reln=3 attitude=asserted value=60 key=352:b4afece8 seq=152
INSTALL id=153 sent=0 entity=a relation=open reln=3 attitude=asserted value=60 key=0:92404cf3 seq=153
INSTALL id=154 sent=0 entity=a relation=open reln=3 attitude=asserted value=168 key=0:9959d3c6 seq=154
INSTALL id=155 sent=0 entity=us constitution relation=open reln=3 attitude=asserted value=27 key=361:805d71a9 seq=155
INSTALL id=156 sent=0 entity=decimal number system relation=open reln=1 attitude=asserted value=10 key=367:3944e075 seq=156
INSTALL id=157 sent=0 entity=a relation=open reln=2 attitude=asserted value=100 key=0:16b9a780 seq=157
INSTALL id=158 sent=0 entity=a relation=open reln=2 attitude=asserted value=12 key=0:940e4265 seq=158
INSTALL id=159 sent=0 entity=a relation=open reln=2 attitude=asserted value=3 key=0:486d5b33 seq=159
INSTALL id=160 sent=0 entity=a relation=open reln=4 attitude=asserted value=18 key=0:c5ff4e0b seq=160
INSTALL id=161 sent=0 entity=a relation=open reln=2 attitude=asserted value=4 key=0:df42b36b seq=161
INSTALL id=162 sent=0 entity=a relation=open reln=2 attitude=asserted value=2 key=0:937febd9 seq=162
INSTALL id=163 sent=0 entity=a relation=open reln=2 attitude=asserted value=4 key=0:cc4f30ff seq=163
INSTALL id=164 sent=0 entity=EMPTY relation=open reln=2 attitude=asserted value=3 key=4294967295:c495b4f6 seq=164
INSTALL id=165 sent=0 entity=EMPTY relation=open reln=2 attitude=asserted value=7 key=4294967295:b062305e seq=165
INSTALL id=166 sent=0 entity=a relation=open reln=3 attitude=asserted value=88 key=0:50bf6fdc seq=166
INSTALL id=167 sent=0 entity=a relation=open reln=3 attitude=asserted value=6 key=0:f2b40624 seq=167
INSTALL id=168 sent=0 entity=a relation=open reln=2 attitude=asserted value=4 key=0:477e53f1 seq=168
INSTALL id=169 sent=0 entity=solar system relation=open reln=1 attitude=asserted value=8 key=407:3a093009 seq=169
INSTALL id=170 sent=0 entity=beatles relation=open reln=1 attitude=asserted value=4 key=408:d0608670 seq=170
INSTALL id=171 sent=0 entity=jackson relation=open reln=1 attitude=asserted value=5 key=413:d0608670 seq=171
INSTALL id=172 sent=0 entity=united states relation=open reln=0 attitude=asserted value=50 key=419:e3b0c442 seq=172
INSTALL id=173 sent=0 entity=us flag relation=open reln=1 attitude=asserted value=13 key=423:18cd02ea seq=173
INSTALL id=174 sent=0 entity=us flag relation=open reln=1 attitude=asserted value=50 key=423:8e1317db seq=174
INSTALL id=175 sent=0 entity=earth relation=open reln=1 attitude=asserted value=7 key=426:567dba80 seq=175
INSTALL id=176 sent=0 entity=earth relation=open reln=1 attitude=asserted value=5 key=426:282cc879 seq=176
INSTALL id=177 sent=0 entity=a relation=open reln=4 attitude=asserted value=15 key=0:d340168e seq=177
INSTALL id=178 sent=0 entity=a relation=open reln=4 attitude=asserted value=10 key=0:ffdbaaa9 seq=178
INSTALL id=179 sent=0 entity=a relation=open reln=4 attitude=asserted value=5 key=0:812435e5 seq=179
INSTALL id=180 sent=0 entity=a relation=open reln=4 attitude=asserted value=11 key=0:1d747ff5 seq=180
INSTALL id=181 sent=0 entity=american football team relation=open reln=2 attitude=asserted value=11 key=444:40317f2b seq=181
INSTALL id=182 sent=0 entity=a relation=open reln=4 attitude=asserted value=4 key=0:10eab1f8 seq=182
INSTALL id=183 sent=0 entity=each suit relation=open reln=1 attitude=asserted value=13 key=451:30302370 seq=183
INSTALL id=184 sent=0 entity=a relation=open reln=3 attitude=asserted value=52 key=0:6bc05b64 seq=184
INSTALL id=185 sent=0 entity=a relation=open reln=2 attitude=asserted value=64 key=0:073391cd seq=185
INSTALL id=186 sent=0 entity=each side chess relation=open reln=1 attitude=asserted value=16 key=459:176d13a1 seq=186
INSTALL id=187 sent=0 entity=each side chess relation=open reln=1 attitude=asserted value=8 key=459:6484a808 seq=187
INSTALL id=188 sent=0 entity=a relation=open reln=3 attitude=asserted value=6 key=0:ab06f91e seq=188
INSTALL id=189 sent=0 entity=a relation=open reln=3 attitude=asserted value=21 key=0:09ffa660 seq=189
INSTALL id=190 sent=0 entity=human body relation=open reln=2 attitude=asserted value=12 key=473:c197a9bb seq=190
INSTALL id=191 sent=0 entity=a relation=open reln=4 attitude=asserted value=32 key=0:502d2dbb seq=191
INSTALL id=192 sent=0 entity=human body relation=open reln=3 attitude=asserted value=2 key=473:57e3c923 seq=192
INSTALL id=193 sent=0 entity=human body relation=open reln=3 attitude=asserted value=2 key=473:22716e5a seq=193
INSTALL id=194 sent=0 entity=human heart relation=open reln=3 attitude=asserted value=4 key=485:209f8595 seq=194
INSTALL id=195 sent=0 entity=labors hercules relation=open reln=2 attitude=asserted value=12 key=490:0cfc0a68 seq=195
INSTALL id=196 sent=0 entity=olympian gods relation=open reln=2 attitude=asserted value=12 key=494:0cfc0a68 seq=196
INSTALL id=197 sent=0 entity=wonders ancient world relation=open reln=2 attitude=asserted value=7 key=498:0cfc0a68 seq=197
INSTALL id=198 sent=0 entity=muses greek mythology relation=open reln=2 attitude=asserted value=9 key=503:0cfc0a68 seq=198
INSTALL id=199 sent=0 entity=fates greek mythology relation=open reln=2 attitude=asserted value=3 key=506:0cfc0a68 seq=199
INSTALL id=200 sent=0 entity=apostles jesus relation=open reln=2 attitude=asserted value=12 key=511:0cfc0a68 seq=200
INSTALL id=201 sent=0 entity=commandments relation=open reln=2 attitude=asserted value=10 key=513:0cfc0a68 seq=201
INSTALL id=202 sent=0 entity=deadly sins relation=open reln=2 attitude=asserted value=7 key=518:0cfc0a68 seq=202
INSTALL id=203 sent=0 entity=books protestant bible relation=open reln=2 attitude=asserted value=66 key=522:0cfc0a68 seq=203
INSTALL id=204 sent=0 entity=EMPTY relation=open reln=3 attitude=asserted value=4 key=4294967295:0f77aa95 seq=204
INSTALL id=205 sent=0 entity=EMPTY relation=open reln=3 attitude=asserted value=38 key=4294967295:56d31791 seq=205
INSTALL id=206 sent=0 entity=EMPTY relation=open reln=5 attitude=asserted value=12 key=4294967295:68ae9f67 seq=206
INSTALL id=207 sent=0 entity=EMPTY relation=open reln=3 attitude=asserted value=4 key=4294967295:a9891af1 seq=207
INSTALL id=208 sent=0 entity=EMPTY relation=open reln=5 attitude=asserted value=56 key=4294967295:9839e5a0 seq=208
INSTALL id=209 sent=0 entity=EMPTY relation=open reln=3 attitude=asserted value=3 key=4294967295:f09e2493 seq=209
INSTALL id=210 sent=0 entity=EMPTY relation=open reln=3 attitude=asserted value=7 key=4294967295:e371d959 seq=210
INSTALL id=211 sent=0 entity=EMPTY relation=open reln=3 attitude=asserted value=7 key=4294967295:9dad967d seq=211
INSTALL id=212 sent=0 entity=EMPTY relation=open reln=5 attitude=asserted value=5 key=4294967295:a8a40946 seq=212
INSTALL id=213 sent=0 entity=EMPTY relation=open reln=4 attitude=asserted value=4 key=4294967295:af89c6ca seq=213
INSTALL id=214 sent=0 entity=EMPTY relation=open reln=3 attitude=asserted value=7 key=4294967295:6f376098 seq=214
INSTALL id=215 sent=0 entity=EMPTY relation=open reln=3 attitude=asserted value=101 key=4294967295:c0da6c8a seq=215
INSTALL id=216 sent=0 entity=count days christmas carol relation=open reln=0 attitude=asserted value=12 key=569:e3b0c442 seq=216
DENIAL id=217 sent=0 entity=count reindeer pulling santa relation=open reln=4 value=8 key=577:48519154 seq=217
INSTALL id=218 sent=0 entity=count reindeer pulling santa relation=open reln=3 attitude=asserted value=9 key=577:0da1cb30 seq=218
INSTALL id=219 sent=0 entity=count days lent relation=open reln=0 attitude=asserted value=40 key=580:e3b0c442 seq=219
INSTALL id=220 sent=0 entity=count eggs a dozen relation=open reln=0 attitude=asserted value=12 key=584:e3b0c442 seq=220
INSTALL id=221 sent=0 entity=count dozens a gross relation=open reln=0 attitude=asserted value=12 key=587:e3b0c442 seq=221
INSTALL id=222 sent=0 entity=count items a gross relation=open reln=0 attitude=asserted value=144 key=591:e3b0c442 seq=222
INSTALL id=223 sent=0 entity=count items a score relation=open reln=0 attitude=asserted value=20 key=593:e3b0c442 seq=223
INSTALL id=224 sent=0 entity=count teams major league relation=open reln=1 attitude=asserted value=30 key=598:e077da65 seq=224
INSTALL id=225 sent=0 entity=count justices us supreme relation=open reln=1 attitude=asserted value=9 key=602:dae68468 seq=225
INSTALL id=226 sent=0 entity=count centimeters a meter relation=open reln=0 attitude=asserted value=100 key=606:e3b0c442 seq=226
INSTALL id=227 sent=0 entity=count us senators relation=open reln=0 attitude=asserted value=100 key=609:e3b0c442 seq=227
INSTALL id=228 sent=0 entity=EMPTY relation=open reln=3 attitude=asserted value=16 key=4294967295:015ab752 seq=228
INSTALL id=229 sent=0 entity=EMPTY relation=open reln=3 attitude=asserted value=118 key=4294967295:93383950 seq=229
INSTALL id=230 sent=0 entity=jupiter relation=open reln=2 attitude=asserted value=4 key=619:958f7cba seq=230
INSTALL id=231 sent=0 entity=a relation=open reln=2 attitude=asserted value=7 key=0:2c431874 seq=231
INSTALL id=232 sent=0 entity=a relation=open reln=3 attitude=asserted value=12 key=0:e07cbc3f seq=232
INSTALL id=233 sent=0 entity=april relation=open reln=1 attitude=asserted value=30 key=627:30f2a65f seq=233
INSTALL id=234 sent=0 entity=january relation=open reln=1 attitude=asserted value=31 key=628:30f2a65f seq=234
INSTALL id=235 sent=0 entity=february a common year relation=open reln=1 attitude=asserted value=28 key=632:30f2a65f seq=235
INSTALL id=236 sent=0 entity=february a leap year relation=open reln=1 attitude=asserted value=29 key=635:30f2a65f seq=236
INSTALL id=237 sent=0 entity=canada relation=open reln=1 attitude=asserted value=10 key=636:ad77f269 seq=237
INSTALL id=238 sent=0 entity=new testament relation=open reln=1 attitude=asserted value=27 key=639:041f8c92 seq=238
INSTALL id=239 sent=0 entity=old testament protestant canon relation=open reln=1 attitude=asserted value=39 key=642:041f8c92 seq=239
INSTALL id=240 sent=0 entity=EMPTY relation=open reln=4 attitude=asserted value=330 key=4294967295:78d0d233 seq=240
INSTALL id=241 sent=0 entity=EMPTY relation=open reln=4 attitude=asserted value=330 key=4294967295:eabfb593 seq=241
INSTALL id=242 sent=0 entity=EMPTY relation=open reln=5 attitude=asserted value=330 key=4294967295:443c38ff seq=242
INSTALL id=243 sent=0 entity=EMPTY relation=open reln=6 attitude=asserted value=330 key=4294967295:2858f8f2 seq=243
INSTALL id=244 sent=0 entity=meters relation=open reln=4 attitude=asserted value=330 key=648:577025c1 seq=244
INSTALL id=245 sent=0 entity=EMPTY relation=open reln=4 attitude=asserted value=8849 key=4294967295:63f69e05 seq=245
INSTALL id=246 sent=0 entity=EMPTY relation=open reln=4 attitude=asserted value=8849 key=4294967295:3c77eee8 seq=246
INSTALL id=247 sent=0 entity=EMPTY relation=open reln=5 attitude=asserted value=8849 key=4294967295:df79f17c seq=247
INSTALL id=248 sent=0 entity=EMPTY relation=open reln=6 attitude=asserted value=8849 key=4294967295:19291bf3 seq=248
INSTALL id=249 sent=0 entity=meters relation=open reln=4 attitude=asserted value=8849 key=648:9bd60af5 seq=249
INSTALL id=250 sent=0 entity=EMPTY relation=open reln=4 attitude=asserted value=10935 key=4294967295:8fa9a67d seq=250
INSTALL id=251 sent=0 entity=EMPTY relation=open reln=4 attitude=asserted value=10935 key=4294967295:224e929c seq=251
INSTALL id=252 sent=0 entity=EMPTY relation=open reln=5 attitude=asserted value=10935 key=4294967295:07133d64 seq=252
INSTALL id=253 sent=0 entity=EMPTY relation=open reln=6 attitude=asserted value=10935 key=4294967295:9bc73d0a seq=253
INSTALL id=254 sent=0 entity=meters relation=open reln=4 attitude=asserted value=10935 key=648:083561fb seq=254
INSTALL id=255 sent=0 entity=EMPTY relation=open reln=4 attitude=asserted value=6650 key=4294967295:d5b9ed2c seq=255
INSTALL id=256 sent=0 entity=EMPTY relation=open reln=4 attitude=asserted value=6650 key=4294967295:dd3668c5 seq=256
INSTALL id=257 sent=0 entity=EMPTY relation=open reln=5 attitude=asserted value=6650 key=4294967295:49fd3ea3 seq=257
INSTALL id=258 sent=0 entity=EMPTY relation=open reln=6 attitude=asserted value=6650 key=4294967295:35226a01 seq=258
INSTALL id=259 sent=0 entity=kilometers relation=open reln=4 attitude=asserted value=6650 key=670:f94423aa seq=259
INSTALL id=260 sent=0 entity=EMPTY relation=open reln=4 attitude=asserted value=6400 key=4294967295:e1ce3610 seq=260
INSTALL id=261 sent=0 entity=EMPTY relation=open reln=4 attitude=asserted value=6400 key=4294967295:1834c980 seq=261
INSTALL id=262 sent=0 entity=EMPTY relation=open reln=5 attitude=asserted value=6400 key=4294967295:009273a6 seq=262
INSTALL id=263 sent=0 entity=EMPTY relation=open reln=6 attitude=asserted value=6400 key=4294967295:587af476 seq=263
INSTALL id=264 sent=0 entity=kilometers relation=open reln=4 attitude=asserted value=6400 key=670:1ccc1a85 seq=264
INSTALL id=265 sent=0 entity=EMPTY relation=open reln=5 attitude=asserted value=9200000 key=4294967295:d23372e3 seq=265
INSTALL id=266 sent=0 entity=EMPTY relation=open reln=5 attitude=asserted value=9200000 key=4294967295:48dbe7fb seq=266
INSTALL id=267 sent=0 entity=EMPTY relation=open reln=6 attitude=asserted value=9200000 key=4294967295:98499ba0 seq=267
INSTALL id=268 sent=0 entity=EMPTY relation=open reln=7 attitude=asserted value=9200000 key=4294967295:75f969f9 seq=268
INSTALL id=269 sent=0 entity=square kilometers relation=open reln=4 attitude=asserted value=9200000 key=677:3d75a760 seq=269
INSTALL id=270 sent=0 entity=EMPTY relation=open reln=5 attitude=asserted value=21196 key=4294967295:0029e131 seq=270
INSTALL id=271 sent=0 entity=EMPTY relation=open reln=5 attitude=asserted value=21196 key=4294967295:97c3b6eb seq=271
INSTALL id=272 sent=0 entity=EMPTY relation=open reln=6 attitude=asserted value=21196 key=4294967295:e0c3ea2c seq=272
INSTALL id=273 sent=0 entity=EMPTY relation=open reln=7 attitude=asserted value=21196 key=4294967295:bbd68aa9 seq=273
INSTALL id=274 sent=0 entity=kilometers relation=open reln=5 attitude=asserted value=21196 key=670:bbe2b6d4 seq=274
INSTALL id=275 sent=0 entity=EMPTY relation=open reln=4 attitude=asserted value=828 key=4294967295:ff1529a3 seq=275
INSTALL id=276 sent=0 entity=EMPTY relation=open reln=4 attitude=asserted value=828 key=4294967295:d85865b0 seq=276
INSTALL id=277 sent=0 entity=EMPTY relation=open reln=5 attitude=asserted value=828 key=4294967295:1e0dded6 seq=277
INSTALL id=278 sent=0 entity=EMPTY relation=open reln=6 attitude=asserted value=828 key=4294967295:971951e4 seq=278
INSTALL id=279 sent=0 entity=meters relation=open reln=4 attitude=asserted value=828 key=648:e31b75e9 seq=279
INSTALL id=280 sent=0 entity=EMPTY relation=open reln=5 attitude=asserted value=443 key=4294967295:c1b75b1f seq=280
INSTALL id=281 sent=0 entity=EMPTY relation=open reln=5 attitude=asserted value=443 key=4294967295:9abc92cf seq=281
INSTALL id=282 sent=0 entity=EMPTY relation=open reln=6 attitude=asserted value=443 key=4294967295:5d97c982 seq=282
INSTALL id=283 sent=0 entity=EMPTY relation=open reln=7 attitude=asserted value=443 key=4294967295:ef85712c seq=283
INSTALL id=284 sent=0 entity=meters relation=open reln=5 attitude=asserted value=443 key=648:602a45cf seq=284
INSTALL id=285 sent=0 entity=EMPTY relation=open reln=4 attitude=asserted value=93 key=4294967295:0d1da1bf seq=285
INSTALL id=286 sent=0 entity=EMPTY relation=open reln=4 attitude=asserted value=93 key=4294967295:2c2931b6 seq=286
INSTALL id=287 sent=0 entity=EMPTY relation=open reln=5 attitude=asserted value=93 key=4294967295:8bbb4600 seq=287
INSTALL id=288 sent=0 entity=EMPTY relation=open reln=6 attitude=asserted value=93 key=4294967295:59dd34e9 seq=288
INSTALL id=289 sent=0 entity=meters relation=open reln=4 attitude=asserted value=93 key=648:63847ca4 seq=289
INSTALL id=290 sent=0 entity=EMPTY relation=open reln=5 attitude=asserted value=96 key=4294967295:00fcdd30 seq=290
INSTALL id=291 sent=0 entity=EMPTY relation=open reln=5 attitude=asserted value=96 key=4294967295:ad453635 seq=291
INSTALL id=292 sent=0 entity=EMPTY relation=open reln=6 attitude=asserted value=96 key=4294967295:8cf308af seq=292
INSTALL id=293 sent=0 entity=EMPTY relation=open reln=7 attitude=asserted value=96 key=4294967295:25411b30 seq=293
INSTALL id=294 sent=0 entity=meters relation=open reln=5 attitude=asserted value=96 key=648:f0df02a5 seq=294
INSTALL id=295 sent=0 entity=EMPTY relation=open reln=3 attitude=asserted value=189 key=4294967295:f2cb42ce seq=295
INSTALL id=296 sent=0 entity=EMPTY relation=open reln=3 attitude=asserted value=189 key=4294967295:866dbdee seq=296
INSTALL id=297 sent=0 entity=EMPTY relation=open reln=4 attitude=asserted value=189 key=4294967295:bd00a2be seq=297
INSTALL id=298 sent=0 entity=EMPTY relation=open reln=5 attitude=asserted value=189 key=4294967295:62d81ea4 seq=298
INSTALL id=299 sent=0 entity=meters relation=open reln=3 attitude=asserted value=189 key=648:0160437a seq=299
INSTALL id=300 sent=0 entity=EMPTY relation=open reln=5 attitude=asserted value=183 key=4294967295:c63c664c seq=300
INSTALL id=301 sent=0 entity=EMPTY relation=open reln=5 attitude=asserted value=183 key=4294967295:08b7ca01 seq=301
INSTALL id=302 sent=0 entity=EMPTY relation=open reln=6 attitude=asserted value=183 key=4294967295:6b99c557 seq=302
INSTALL id=303 sent=0 entity=EMPTY relation=open reln=7 attitude=asserted value=183 key=4294967295:ecee2304 seq=303
INSTALL id=304 sent=0 entity=meters relation=open reln=5 attitude=asserted value=183 key=648:80672ed6 seq=304
INSTALL id=305 sent=0 entity=EMPTY relation=open reln=5 attitude=asserted value=2737 key=4294967295:53cc967f seq=305
INSTALL id=306 sent=0 entity=EMPTY relation=open reln=5 attitude=asserted value=2737 key=4294967295:a02e5e1b seq=306
INSTALL id=307 sent=0 entity=EMPTY relation=open reln=6 attitude=asserted value=2737 key=4294967295:bcb6c5fb seq=307
INSTALL id=308 sent=0 entity=EMPTY relation=open reln=7 attitude=asserted value=2737 key=4294967295:e6a748f0 seq=308
INSTALL id=309 sent=0 entity=meters relation=open reln=5 attitude=asserted value=2737 key=648:883b25e9 seq=309
INSTALL id=310 sent=0 entity=EMPTY relation=open reln=4 attitude=asserted value=82 key=4294967295:0ad4b56c seq=310
INSTALL id=311 sent=0 entity=EMPTY relation=open reln=4 attitude=asserted value=82 key=4294967295:cfdc007e seq=311
INSTALL id=312 sent=0 entity=EMPTY relation=open reln=5 attitude=asserted value=82 key=4294967295:ca427da2 seq=312
INSTALL id=313 sent=0 entity=EMPTY relation=open reln=6 attitude=asserted value=82 key=4294967295:4755749d seq=313
INSTALL id=314 sent=0 entity=kilometers relation=open reln=4 attitude=asserted value=82 key=670:4480e20e seq=314
INSTALL id=315 sent=0 entity=EMPTY relation=open reln=4 attitude=asserted value=193 key=4294967295:55353109 seq=315
INSTALL id=316 sent=0 entity=EMPTY relation=open reln=4 attitude=asserted value=193 key=4294967295:def24d8b seq=316
INSTALL id=317 sent=0 entity=EMPTY relation=open reln=5 attitude=asserted value=193 key=4294967295:738df616 seq=317
INSTALL id=318 sent=0 entity=EMPTY relation=open reln=6 attitude=asserted value=193 key=4294967295:35160b26 seq=318
INSTALL id=319 sent=0 entity=kilometers relation=open reln=4 attitude=asserted value=193 key=670:a686cc5c seq=319
INSTALL id=320 sent=0 entity=EMPTY relation=open reln=4 attitude=asserted value=3730 key=4294967295:b0e46e83 seq=320
INSTALL id=321 sent=0 entity=EMPTY relation=open reln=4 attitude=asserted value=3730 key=4294967295:69ae0a52 seq=321
INSTALL id=322 sent=0 entity=EMPTY relation=open reln=5 attitude=asserted value=3730 key=4294967295:85576a06 seq=322
INSTALL id=323 sent=0 entity=EMPTY relation=open reln=6 attitude=asserted value=3730 key=4294967295:8c777f47 seq=323
INSTALL id=324 sent=0 entity=kilometers relation=open reln=4 attitude=asserted value=3730 key=670:17019ecf seq=324
INSTALL id=325 sent=0 entity=EMPTY relation=open reln=4 attitude=asserted value=6300 key=4294967295:0a487467 seq=325
INSTALL id=326 sent=0 entity=EMPTY relation=open reln=4 attitude=asserted value=6300 key=4294967295:6eaff598 seq=326
INSTALL id=327 sent=0 entity=EMPTY relation=open reln=5 attitude=asserted value=6300 key=4294967295:8f3d850d seq=327
INSTALL id=328 sent=0 entity=EMPTY relation=open reln=6 attitude=asserted value=6300 key=4294967295:fdcc497e seq=328
INSTALL id=329 sent=0 entity=kilometers relation=open reln=4 attitude=asserted value=6300 key=670:41265de8 seq=329
INSTALL id=330 sent=0 entity=EMPTY relation=open reln=4 attitude=asserted value=1642 key=4294967295:e558e97c seq=330
INSTALL id=331 sent=0 entity=EMPTY relation=open reln=4 attitude=asserted value=1642 key=4294967295:222ae1ef seq=331
INSTALL id=332 sent=0 entity=EMPTY relation=open reln=5 attitude=asserted value=1642 key=4294967295:bf3b12c3 seq=332
INSTALL id=333 sent=0 entity=EMPTY relation=open reln=6 attitude=asserted value=1642 key=4294967295:77fb4569 seq=333
INSTALL id=334 sent=0 entity=meters relation=open reln=4 attitude=asserted value=1642 key=648:858a103b seq=334
INSTALL id=335 sent=0 entity=EMPTY relation=open reln=4 attitude=asserted value=430 key=4294967295:99cfb95e seq=335
INSTALL id=336 sent=0 entity=EMPTY relation=open reln=4 attitude=asserted value=430 key=4294967295:73c186da seq=336
INSTALL id=337 sent=0 entity=EMPTY relation=open reln=5 attitude=asserted value=430 key=4294967295:5a60bbe1 seq=337
INSTALL id=338 sent=0 entity=EMPTY relation=open reln=6 attitude=asserted value=430 key=4294967295:063398f4 seq=338
INSTALL id=339 sent=0 entity=meters relation=open reln=4 attitude=asserted value=430 key=648:36c46f7e seq=339
INSTALL id=340 sent=0 entity=EMPTY relation=open reln=4 attitude=asserted value=1800 key=4294967295:35b721c2 seq=340
INSTALL id=341 sent=0 entity=EMPTY relation=open reln=4 attitude=asserted value=1800 key=4294967295:2fda3a00 seq=341
INSTALL id=342 sent=0 entity=EMPTY relation=open reln=5 attitude=asserted value=1800 key=4294967295:4b9c0c7a seq=342
INSTALL id=343 sent=0 entity=EMPTY relation=open reln=6 attitude=asserted value=1800 key=4294967295:4c031b03 seq=343
INSTALL id=344 sent=0 entity=meters relation=open reln=4 attitude=asserted value=1800 key=648:b924021a seq=344
INSTALL id=345 sent=0 entity=EMPTY relation=open reln=4 attitude=asserted value=5895 key=4294967295:05471b34 seq=345
INSTALL id=346 sent=0 entity=EMPTY relation=open reln=4 attitude=asserted value=5895 key=4294967295:d6cf48ef seq=346
INSTALL id=347 sent=0 entity=EMPTY relation=open reln=5 attitude=asserted value=5895 key=4294967295:e827286d seq=347
INSTALL id=348 sent=0 entity=EMPTY relation=open reln=6 attitude=asserted value=5895 key=4294967295:2202d0e3 seq=348
INSTALL id=349 sent=0 entity=meters relation=open reln=4 attitude=asserted value=5895 key=648:9a7aacab seq=349
INSTALL id=350 sent=0 entity=EMPTY relation=open reln=4 attitude=asserted value=3776 key=4294967295:bbfd3037 seq=350
INSTALL id=351 sent=0 entity=EMPTY relation=open reln=4 attitude=asserted value=3776 key=4294967295:d348db3e seq=351
INSTALL id=352 sent=0 entity=EMPTY relation=open reln=5 attitude=asserted value=3776 key=4294967295:cf9d06f7 seq=352
INSTALL id=353 sent=0 entity=EMPTY relation=open reln=6 attitude=asserted value=3776 key=4294967295:0f56fbe7 seq=353
INSTALL id=354 sent=0 entity=meters relation=open reln=4 attitude=asserted value=3776 key=648:edd48220 seq=354
INSTALL id=355 sent=0 entity=EMPTY relation=open reln=4 attitude=asserted value=30 key=4294967295:c5af9890 seq=355
INSTALL id=356 sent=0 entity=EMPTY relation=open reln=4 attitude=asserted value=30 key=4294967295:795f9de1 seq=356
INSTALL id=357 sent=0 entity=EMPTY relation=open reln=5 attitude=asserted value=30 key=4294967295:46aa4e73 seq=357
INSTALL id=358 sent=0 entity=EMPTY relation=open reln=6 attitude=asserted value=30 key=4294967295:2e4de031 seq=358
INSTALL id=359 sent=0 entity=meters relation=open reln=4 attitude=asserted value=30 key=648:104e6bc5 seq=359
INSTALL id=360 sent=0 entity=EMPTY relation=open reln=3 attitude=asserted value=5 key=4294967295:123758d8 seq=360
INSTALL id=361 sent=0 entity=EMPTY relation=open reln=3 attitude=asserted value=5 key=4294967295:83316ea1 seq=361
INSTALL id=362 sent=0 entity=EMPTY relation=open reln=4 attitude=asserted value=5 key=4294967295:654cb220 seq=362
INSTALL id=363 sent=0 entity=EMPTY relation=open reln=5 attitude=asserted value=5 key=4294967295:9164ea5f seq=363
INSTALL id=364 sent=0 entity=meters relation=open reln=3 attitude=asserted value=5 key=648:e9e9a329 seq=364
INSTALL id=365 sent=0 entity=EMPTY relation=open reln=5 attitude=asserted value=120 key=4294967295:5a996f69 seq=365
INSTALL id=366 sent=0 entity=EMPTY relation=open reln=5 attitude=asserted value=120 key=4294967295:b8bccfd4 seq=366
INSTALL id=367 sent=0 entity=EMPTY relation=open reln=6 attitude=asserted value=120 key=4294967295:eb07a766 seq=367
INSTALL id=368 sent=0 entity=EMPTY relation=open reln=7 attitude=asserted value=120 key=4294967295:2479a736 seq=368
INSTALL id=369 sent=0 entity=kilometers per hour relation=open reln=3 attitude=asserted value=120 key=731:535d8c26 seq=369
INSTALL id=370 sent=0 entity=EMPTY relation=open reln=6 attitude=asserted value=389 key=4294967295:c6bd9e41 seq=370
INSTALL id=371 sent=0 entity=EMPTY relation=open reln=6 attitude=asserted value=389 key=4294967295:6ef9368a seq=371
INSTALL id=372 sent=0 entity=EMPTY relation=open reln=7 attitude=asserted value=389 key=4294967295:f370097c seq=372
INSTALL id=373 sent=0 entity=EMPTY relation=open reln=8 attitude=asserted value=389 key=4294967295:c8713e4e seq=373
INSTALL id=374 sent=0 entity=kilometers per hour relation=open reln=4 attitude=asserted value=389 key=731:ca9df432 seq=374
INSTALL id=375 sent=0 entity=EMPTY relation=open reln=3 attitude=asserted value=13 key=4294967295:1970fd28 seq=375
INSTALL id=376 sent=0 entity=EMPTY relation=open reln=3 attitude=asserted value=13 key=4294967295:227d35fe seq=376
INSTALL id=377 sent=0 entity=EMPTY relation=open reln=4 attitude=asserted value=13 key=4294967295:0177fee3 seq=377
INSTALL id=378 sent=0 entity=EMPTY relation=open reln=5 attitude=asserted value=13 key=4294967295:58e67869 seq=378
INSTALL id=379 sent=0 entity=centimeters relation=open reln=3 attitude=asserted value=13 key=603:30fe95d1 seq=379
INSTALL id=380 sent=0 entity=EMPTY relation=open reln=3 attitude=asserted value=270 key=4294967295:6e7dd6e7 seq=380
INSTALL id=381 sent=0 entity=EMPTY relation=open reln=3 attitude=asserted value=270 key=4294967295:fcdaeec0 seq=381
INSTALL id=382 sent=0 entity=EMPTY relation=open reln=4 attitude=asserted value=270 key=4294967295:1d49a7eb seq=382
INSTALL id=383 sent=0 entity=EMPTY relation=open reln=5 attitude=asserted value=270 key=4294967295:25f9c9c6 seq=383
INSTALL id=384 sent=0 entity=centimeters relation=open reln=3 attitude=asserted value=270 key=603:08e38056 seq=384
INSTALL id=385 sent=0 entity=EMPTY relation=open reln=4 attitude=asserted value=6000 key=4294967295:16fb72cf seq=385
INSTALL id=386 sent=0 entity=EMPTY relation=open reln=4 attitude=asserted value=6000 key=4294967295:fd9429d2 seq=386
INSTALL id=387 sent=0 entity=EMPTY relation=open reln=5 attitude=asserted value=6000 key=4294967295:301cda7f seq=387
INSTALL id=388 sent=0 entity=EMPTY relation=open reln=6 attitude=asserted value=6000 key=4294967295:17a3f8d2 seq=388
INSTALL id=389 sent=0 entity=kilograms relation=open reln=4 attitude=asserted value=6000 key=741:db60b6c0 seq=389
INSTALL id=390 sent=0 entity=EMPTY relation=open reln=4 attitude=asserted value=800 key=4294967295:9b1410d7 seq=390
INSTALL id=391 sent=0 entity=EMPTY relation=open reln=4 attitude=asserted value=800 key=4294967295:d0552903 seq=391
INSTALL id=392 sent=0 entity=EMPTY relation=open reln=5 attitude=asserted value=800 key=4294967295:26401c76 seq=392
INSTALL id=393 sent=0 entity=EMPTY relation=open reln=6 attitude=asserted value=800 key=4294967295:b0e584d3 seq=393
INSTALL id=394 sent=0 entity=kilograms relation=open reln=4 attitude=asserted value=800 key=741:650b0ac2 seq=394
INSTALL id=395 sent=0 entity=EMPTY relation=open reln=5 attitude=asserted value=6 key=4294967295:c79624f4 seq=395
INSTALL id=396 sent=0 entity=EMPTY relation=open reln=5 attitude=asserted value=6 key=4294967295:021c2499 seq=396
INSTALL id=397 sent=0 entity=EMPTY relation=open reln=6 attitude=asserted value=6 key=4294967295:013d236f seq=397
INSTALL id=398 sent=0 entity=EMPTY relation=open reln=7 attitude=asserted value=6 key=4294967295:feb2abc6 seq=398
INSTALL id=399 sent=0 entity=meters relation=open reln=5 attitude=asserted value=6 key=648:61107831 seq=399
INSTALL id=400 sent=0 entity=EMPTY relation=open reln=3 attitude=asserted value=9 key=4294967295:06d3c99a seq=400
INSTALL id=401 sent=0 entity=EMPTY relation=open reln=3 attitude=asserted value=9 key=4294967295:095eaf92 seq=401
INSTALL id=402 sent=0 entity=EMPTY relation=open reln=4 attitude=asserted value=9 key=4294967295:95096829 seq=402
INSTALL id=403 sent=0 entity=EMPTY relation=open reln=5 attitude=asserted value=9 key=4294967295:5e088d4a seq=403
INSTALL id=404 sent=0 entity=meters relation=open reln=3 attitude=asserted value=9 key=648:72669c87 seq=404
INSTALL id=405 sent=0 entity=EMPTY relation=open reln=4 attitude=asserted value=3 key=4294967295:f1cb25d3 seq=405
INSTALL id=406 sent=0 entity=EMPTY relation=open reln=4 attitude=asserted value=3 key=4294967295:bdac5d30 seq=406
INSTALL id=407 sent=0 entity=EMPTY relation=open reln=5 attitude=asserted value=3 key=4294967295:6f199fc5 seq=407
INSTALL id=408 sent=0 entity=EMPTY relation=open reln=6 attitude=asserted value=3 key=4294967295:bb3b2230 seq=408
INSTALL id=409 sent=0 entity=meters relation=open reln=4 attitude=asserted value=3 key=648:37523ff2 seq=409
INSTALL id=410 sent=0 entity=EMPTY relation=open reln=4 attitude=asserted value=116 key=4294967295:f0d49800 seq=410
INSTALL id=411 sent=0 entity=EMPTY relation=open reln=4 attitude=asserted value=116 key=4294967295:6e8d0324 seq=411
INSTALL id=412 sent=0 entity=EMPTY relation=open reln=5 attitude=asserted value=116 key=4294967295:d01144fa seq=412
INSTALL id=413 sent=0 entity=EMPTY relation=open reln=6 attitude=asserted value=116 key=4294967295:11782313 seq=413
INSTALL id=414 sent=0 entity=meters relation=open reln=4 attitude=asserted value=116 key=648:79983160 seq=414
INSTALL id=415 sent=0 entity=EMPTY relation=open reln=4 attitude=asserted value=25 key=4294967295:a25d07be seq=415
INSTALL id=416 sent=0 entity=EMPTY relation=open reln=4 attitude=asserted value=25 key=4294967295:beace69e seq=416
INSTALL id=417 sent=0 entity=EMPTY relation=open reln=5 attitude=asserted value=25 key=4294967295:d9426f98 seq=417
INSTALL id=418 sent=0 entity=EMPTY relation=open reln=6 attitude=asserted value=25 key=4294967295:2300abaf seq=418
INSTALL id=419 sent=0 entity=meters relation=open reln=4 attitude=asserted value=25 key=648:27a5a341 seq=419
INSTALL id=420 sent=0 entity=EMPTY relation=open reln=4 attitude=asserted value=979 key=4294967295:5e2e8ee0 seq=420
INSTALL id=421 sent=0 entity=EMPTY relation=open reln=4 attitude=asserted value=979 key=4294967295:aa5ecaa9 seq=421
INSTALL id=422 sent=0 entity=EMPTY relation=open reln=5 attitude=asserted value=979 key=4294967295:c550dbe0 seq=422
INSTALL id=423 sent=0 entity=EMPTY relation=open reln=6 attitude=asserted value=979 key=4294967295:6209ed49 seq=423
INSTALL id=424 sent=0 entity=meters relation=open reln=4 attitude=asserted value=979 key=648:b482528f seq=424
INSTALL id=425 sent=0 entity=EMPTY relation=open reln=4 attitude=asserted value=51 key=4294967295:8b0786b0 seq=425
INSTALL id=426 sent=0 entity=EMPTY relation=open reln=4 attitude=asserted value=51 key=4294967295:ba21e382 seq=426
INSTALL id=427 sent=0 entity=EMPTY relation=open reln=5 attitude=asserted value=51 key=4294967295:9eba05ce seq=427
INSTALL id=428 sent=0 entity=EMPTY relation=open reln=6 attitude=asserted value=51 key=4294967295:55f76b38 seq=428
INSTALL id=429 sent=0 entity=meters relation=open reln=4 attitude=asserted value=51 key=648:c47fcd5f seq=429
INSTALL id=430 sent=0 entity=EMPTY relation=open reln=4 attitude=asserted value=108 key=4294967295:aac5c9ba seq=430
INSTALL id=431 sent=0 entity=EMPTY relation=open reln=4 attitude=asserted value=108 key=4294967295:d9586e7c seq=431
INSTALL id=432 sent=0 entity=EMPTY relation=open reln=5 attitude=asserted value=108 key=4294967295:0c502449 seq=432
INSTALL id=433 sent=0 entity=EMPTY relation=open reln=6 attitude=asserted value=108 key=4294967295:238ab948 seq=433
INSTALL id=434 sent=0 entity=meters relation=open reln=4 attitude=asserted value=108 key=648:86184191 seq=434
INSTALL id=435 sent=0 entity=EMPTY relation=open reln=4 attitude=asserted value=221 key=4294967295:c39a34bf seq=435
INSTALL id=436 sent=0 entity=EMPTY relation=open reln=4 attitude=asserted value=221 key=4294967295:769b4df9 seq=436
INSTALL id=437 sent=0 entity=EMPTY relation=open reln=5 attitude=asserted value=221 key=4294967295:bcce76b0 seq=437
INSTALL id=438 sent=0 entity=EMPTY relation=open reln=6 attitude=asserted value=221 key=4294967295:f93bd356 seq=438
INSTALL id=439 sent=0 entity=meters relation=open reln=4 attitude=asserted value=221 key=648:e947089f seq=439
INSTALL id=440 sent=0 entity=EMPTY relation=open reln=4 attitude=asserted value=181 key=4294967295:96e7d87c seq=440
INSTALL id=441 sent=0 entity=EMPTY relation=open reln=4 attitude=asserted value=181 key=4294967295:9c69c1c1 seq=441
INSTALL id=442 sent=0 entity=EMPTY relation=open reln=5 attitude=asserted value=181 key=4294967295:8336d0b8 seq=442
INSTALL id=443 sent=0 entity=EMPTY relation=open reln=6 attitude=asserted value=181 key=4294967295:70fa3be0 seq=443
INSTALL id=444 sent=0 entity=meters relation=open reln=4 attitude=asserted value=181 key=648:9ba76162 seq=444
INSTALL id=445 sent=0 entity=EMPTY relation=open reln=4 attitude=asserted value=135 key=4294967295:906f195b seq=445
INSTALL id=446 sent=0 entity=EMPTY relation=open reln=4 attitude=asserted value=135 key=4294967295:0a77e637 seq=446
INSTALL id=447 sent=0 entity=EMPTY relation=open reln=5 attitude=asserted value=135 key=4294967295:8d0ed343 seq=447
INSTALL id=448 sent=0 entity=EMPTY relation=open reln=6 attitude=asserted value=135 key=4294967295:bb270ad0 seq=448
INSTALL id=449 sent=0 entity=meters relation=open reln=4 attitude=asserted value=135 key=648:9af5070a seq=449
INSTALL id=450 sent=0 entity=EMPTY relation=open reln=4 attitude=asserted value=184 key=4294967295:ec905126 seq=450
INSTALL id=451 sent=0 entity=EMPTY relation=open reln=4 attitude=asserted value=184 key=4294967295:c28981d7 seq=451
INSTALL id=452 sent=0 entity=EMPTY relation=open reln=5 attitude=asserted value=184 key=4294967295:663dd4c2 seq=452
INSTALL id=453 sent=0 entity=EMPTY relation=open reln=6 attitude=asserted value=184 key=4294967295:4e7e71d0 seq=453
INSTALL id=454 sent=0 entity=meters relation=open reln=4 attitude=asserted value=184 key=648:4866ccc7 seq=454
INSTALL id=455 sent=0 entity=EMPTY relation=open reln=4 attitude=asserted value=553 key=4294967295:71c07d7f seq=455
INSTALL id=456 sent=0 entity=EMPTY relation=open reln=4 attitude=asserted value=553 key=4294967295:63ce916a seq=456
INSTALL id=457 sent=0 entity=EMPTY relation=open reln=5 attitude=asserted value=553 key=4294967295:2a97e1f9 seq=457
INSTALL id=458 sent=0 entity=EMPTY relation=open reln=6 attitude=asserted value=553 key=4294967295:aff50476 seq=458
INSTALL id=459 sent=0 entity=meters relation=open reln=4 attitude=asserted value=553 key=648:6b1b62ac seq=459
INSTALL id=460 sent=0 entity=EMPTY relation=open reln=4 attitude=asserted value=634 key=4294967295:1ee4e882 seq=460
INSTALL id=461 sent=0 entity=EMPTY relation=open reln=4 attitude=asserted value=634 key=4294967295:4ce50c69 seq=461
INSTALL id=462 sent=0 entity=EMPTY relation=open reln=5 attitude=asserted value=634 key=4294967295:ab112dfa seq=462
INSTALL id=463 sent=0 entity=EMPTY relation=open reln=6 attitude=asserted value=634 key=4294967295:277d0d1f seq=463
INSTALL id=464 sent=0 entity=meters relation=open reln=4 attitude=asserted value=634 key=648:0dbdd0eb seq=464
INSTALL id=465 sent=0 entity=EMPTY relation=open reln=4 attitude=asserted value=632 key=4294967295:52d5f566 seq=465
INSTALL id=466 sent=0 entity=EMPTY relation=open reln=4 attitude=asserted value=632 key=4294967295:2b248013 seq=466
INSTALL id=467 sent=0 entity=EMPTY relation=open reln=5 attitude=asserted value=632 key=4294967295:fe5e512c seq=467
INSTALL id=468 sent=0 entity=EMPTY relation=open reln=6 attitude=asserted value=632 key=4294967295:de19ec4c seq=468
INSTALL id=469 sent=0 entity=meters relation=open reln=4 attitude=asserted value=632 key=648:2b91a581 seq=469
INSTALL id=470 sent=0 entity=EMPTY relation=open reln=5 attitude=asserted value=541 key=4294967295:2dd14a72 seq=470
INSTALL id=471 sent=0 entity=EMPTY relation=open reln=5 attitude=asserted value=541 key=4294967295:84e8423d seq=471
INSTALL id=472 sent=0 entity=EMPTY relation=open reln=6 attitude=asserted value=541 key=4294967295:64667582 seq=472
INSTALL id=473 sent=0 entity=EMPTY relation=open reln=7 attitude=asserted value=541 key=4294967295:a090eba7 seq=473
INSTALL id=474 sent=0 entity=meters relation=open reln=5 attitude=asserted value=541 key=648:fd107d3d seq=474
INSTALL id=475 sent=0 entity=EMPTY relation=open reln=4 attitude=asserted value=442 key=4294967295:83b0e85a seq=475
INSTALL id=476 sent=0 entity=EMPTY relation=open reln=4 attitude=asserted value=442 key=4294967295:eb72c11f seq=476
INSTALL id=477 sent=0 entity=EMPTY relation=open reln=5 attitude=asserted value=442 key=4294967295:3a9c6a81 seq=477
INSTALL id=478 sent=0 entity=EMPTY relation=open reln=6 attitude=asserted value=442 key=4294967295:7bf310be seq=478
INSTALL id=479 sent=0 entity=meters relation=open reln=4 attitude=asserted value=442 key=648:4b7a96bf seq=479
PROBE id=0 verdict=VALUE:1 expected=value ok=0 entity=a relation=open reln=1 attitude=ignored ties=32
PROBE id=1 verdict=VALUE:2 expected=value ok=0 entity=b relation=open reln=1 attitude=ignored ties=1
PROBE id=2 verdict=VALUE:3 expected=value ok=0 entity=c relation=open reln=1 attitude=ignored ties=1
PROBE id=3 verdict=UNKNOWN expected=value ok=0 entity=d relation=open reln=1 attitude=ignored ties=0
PROBE id=4 verdict=VALUE:5 expected=value ok=0 entity=e relation=open reln=1 attitude=ignored ties=1
PROBE id=5 verdict=VALUE:6 expected=value ok=0 entity=f relation=open reln=1 attitude=ignored ties=1
PROBE id=6 verdict=VALUE:7 expected=value ok=0 entity=g relation=open reln=1 attitude=ignored ties=1
PROBE id=7 verdict=VALUE:8 expected=value ok=0 entity=h relation=open reln=1 attitude=ignored ties=1
PROBE id=8 verdict=VALUE:9 expected=value ok=0 entity=i relation=open reln=1 attitude=ignored ties=1
PROBE id=9 verdict=VALUE:10 expected=value ok=0 entity=j relation=open reln=1 attitude=ignored ties=1
PROBE id=10 verdict=VALUE:11 expected=value ok=0 entity=k relation=open reln=1 attitude=ignored ties=1
PROBE id=11 verdict=VALUE:12 expected=value ok=0 entity=l relation=open reln=1 attitude=ignored ties=1
PROBE id=12 verdict=VALUE:13 expected=value ok=0 entity=m relation=open reln=3 attitude=ignored ties=1
PROBE id=13 verdict=VALUE:14 expected=value ok=0 entity=n relation=open reln=3 attitude=ignored ties=1
PROBE id=14 verdict=VALUE:15 expected=value ok=0 entity=o relation=open reln=3 attitude=ignored ties=1
PROBE id=15 verdict=VALUE:16 expected=value ok=0 entity=p relation=open reln=3 attitude=ignored ties=1
PROBE id=16 verdict=VALUE:17 expected=value ok=0 entity=q relation=open reln=3 attitude=ignored ties=1
PROBE id=17 verdict=VALUE:18 expected=value ok=0 entity=r relation=open reln=3 attitude=ignored ties=1
PROBE id=18 verdict=VALUE:19 expected=value ok=0 entity=s relation=open reln=3 attitude=ignored ties=1
PROBE id=19 verdict=VALUE:20 expected=value ok=0 entity=t relation=open reln=3 attitude=ignored ties=1
PROBE id=20 verdict=VALUE:21 expected=value ok=0 entity=u relation=open reln=3 attitude=ignored ties=1
PROBE id=21 verdict=VALUE:22 expected=value ok=0 entity=v relation=open reln=3 attitude=ignored ties=1
PROBE id=22 verdict=VALUE:23 expected=value ok=0 entity=w relation=open reln=3 attitude=ignored ties=1
PROBE id=23 verdict=VALUE:24 expected=value ok=0 entity=x relation=open reln=3 attitude=ignored ties=1
PROBE id=24 verdict=VALUE:25 expected=value ok=0 entity=y relation=alphabet_position reln=2 attitude=ignored ties=1
PROBE id=25 verdict=VALUE:26 expected=value ok=0 entity=z relation=alphabet_position reln=2 attitude=ignored ties=1
PROBE id=26 verdict=VALUE:1 expected=value ok=0 entity=a relation=alphabet_position reln=2 attitude=ignored ties=1
PROBE id=27 verdict=VALUE:2 expected=value ok=0 entity=b relation=alphabet_position reln=2 attitude=ignored ties=1
PROBE id=28 verdict=VALUE:3 expected=value ok=0 entity=c relation=alphabet_position reln=2 attitude=ignored ties=1
PROBE id=29 verdict=CONTRADICTION expected=value ok=0 entity=d relation=alphabet_position reln=2 attitude=ignored ties=0
PROBE id=30 verdict=VALUE:5 expected=value ok=0 entity=e relation=alphabet_position reln=2 attitude=ignored ties=1
PROBE id=31 verdict=VALUE:6 expected=value ok=0 entity=f relation=alphabet_position reln=2 attitude=ignored ties=1
PROBE id=32 verdict=VALUE:7 expected=value ok=0 entity=g relation=alphabet_position reln=2 attitude=ignored ties=1
PROBE id=33 verdict=VALUE:8 expected=value ok=0 entity=h relation=alphabet_position reln=2 attitude=ignored ties=1
PROBE id=34 verdict=VALUE:9 expected=value ok=0 entity=i relation=alphabet_position reln=2 attitude=ignored ties=1
PROBE id=35 verdict=VALUE:10 expected=value ok=0 entity=j relation=alphabet_position reln=2 attitude=ignored ties=1
PROBE id=36 verdict=VALUE:11 expected=value ok=0 entity=k relation=alphabet_position reln=2 attitude=ignored ties=1
PROBE id=37 verdict=VALUE:12 expected=value ok=0 entity=l relation=alphabet_position reln=2 attitude=ignored ties=1
PROBE id=38 verdict=VALUE:13 expected=value ok=0 entity=m relation=alphabet_position reln=2 attitude=ignored ties=1
PROBE id=39 verdict=VALUE:14 expected=value ok=0 entity=n relation=alphabet_position reln=2 attitude=ignored ties=1
PROBE id=40 verdict=VALUE:15 expected=value ok=0 entity=o relation=alphabet_position reln=2 attitude=ignored ties=1
PROBE id=41 verdict=VALUE:16 expected=value ok=0 entity=p relation=alphabet_position reln=2 attitude=ignored ties=1
PROBE id=42 verdict=VALUE:17 expected=value ok=0 entity=q relation=alphabet_position reln=2 attitude=ignored ties=1
PROBE id=43 verdict=VALUE:18 expected=value ok=0 entity=r relation=alphabet_position reln=2 attitude=ignored ties=1
PROBE id=44 verdict=VALUE:19 expected=value ok=0 entity=s relation=alphabet_position reln=2 attitude=ignored ties=1
PROBE id=45 verdict=VALUE:20 expected=value ok=0 entity=t relation=alphabet_position reln=2 attitude=ignored ties=1
PROBE id=46 verdict=VALUE:21 expected=value ok=0 entity=u relation=alphabet_position reln=2 attitude=ignored ties=1
PROBE id=47 verdict=VALUE:22 expected=value ok=0 entity=v relation=alphabet_position reln=2 attitude=ignored ties=1
PROBE id=48 verdict=UNKNOWN expected=value ok=0 entity=EMPTY relation=open reln=3 attitude=ignored ties=0
PROBE id=49 verdict=UNKNOWN expected=value ok=0 entity=EMPTY relation=open reln=2 attitude=ignored ties=0
PROBE id=50 verdict=UNKNOWN expected=value ok=0 entity=EMPTY relation=open reln=2 attitude=ignored ties=0
PROBE id=51 verdict=UNKNOWN expected=value ok=0 entity=EMPTY relation=open reln=2 attitude=ignored ties=0
PROBE id=52 verdict=UNKNOWN expected=value ok=0 entity=EMPTY relation=open reln=2 attitude=ignored ties=0
PROBE id=53 verdict=UNKNOWN expected=value ok=0 entity=EMPTY relation=open reln=3 attitude=ignored ties=0
PROBE id=54 verdict=UNKNOWN expected=value ok=0 entity=EMPTY relation=open reln=3 attitude=ignored ties=0
PROBE id=55 verdict=UNKNOWN expected=value ok=0 entity=EMPTY relation=open reln=3 attitude=ignored ties=0
PROBE id=56 verdict=UNKNOWN expected=value ok=0 entity=EMPTY relation=open reln=3 attitude=ignored ties=0
PROBE id=57 verdict=UNKNOWN expected=value ok=0 entity=EMPTY relation=open reln=3 attitude=ignored ties=0
PROBE id=58 verdict=UNKNOWN expected=value ok=0 entity=EMPTY relation=open reln=3 attitude=ignored ties=0
PROBE id=59 verdict=UNKNOWN expected=value ok=0 entity=EMPTY relation=open reln=3 attitude=ignored ties=0
PROBE id=60 verdict=UNKNOWN expected=value ok=0 entity=letters relation=open reln=1 attitude=ignored ties=0
PROBE id=61 verdict=UNKNOWN expected=value ok=0 entity=letters relation=open reln=1 attitude=ignored ties=0
PROBE id=62 verdict=UNKNOWN expected=value ok=0 entity=letters relation=open reln=1 attitude=ignored ties=0
PROBE id=63 verdict=UNKNOWN expected=value ok=0 entity=letters relation=open reln=1 attitude=ignored ties=0
PROBE id=64 verdict=UNKNOWN expected=value ok=0 entity=letters relation=open reln=1 attitude=ignored ties=0
PROBE id=65 verdict=UNKNOWN expected=value ok=0 entity=letters relation=open reln=1 attitude=ignored ties=0
PROBE id=66 verdict=UNKNOWN expected=value ok=0 entity=letters relation=open reln=1 attitude=ignored ties=0
PROBE id=67 verdict=UNKNOWN expected=value ok=0 entity=letters relation=open reln=1 attitude=ignored ties=0
PROBE id=68 verdict=UNKNOWN expected=value ok=0 entity=letters relation=open reln=1 attitude=ignored ties=0
PROBE id=69 verdict=UNKNOWN expected=value ok=0 entity=letters relation=open reln=1 attitude=ignored ties=0
PROBE id=70 verdict=UNKNOWN expected=value ok=0 entity=letters relation=open reln=1 attitude=ignored ties=0
PROBE id=71 verdict=UNKNOWN expected=value ok=0 entity=letters relation=open reln=1 attitude=ignored ties=0
PROBE id=72 verdict=UNKNOWN expected=value ok=0 entity=counterdemonstrations relation=open reln=1 attitude=ignored ties=0
PROBE id=73 verdict=UNKNOWN expected=value ok=0 entity=electroencephalograms relation=open reln=1 attitude=ignored ties=0
PROBE id=74 verdict=UNKNOWN expected=value ok=0 entity=internationalization relation=open reln=1 attitude=ignored ties=0
PROBE id=75 verdict=UNKNOWN expected=value ok=0 entity=antidisestablishmentarian relation=open reln=1 attitude=ignored ties=0
PROBE id=76 verdict=UNKNOWN expected=value ok=0 entity=antidisestablishmentarianism relation=open reln=1 attitude=ignored ties=0
PROBE id=77 verdict=UNKNOWN expected=value ok=0 entity=time relation=open reln=1 attitude=ignored ties=0
PROBE id=78 verdict=VALUE:1 expected=value ok=0 entity=word relation=open reln=1 attitude=ignored ties=6
PROBE id=79 verdict=UNKNOWN expected=value ok=0 entity=sentence relation=open reln=1 attitude=ignored ties=0
PROBE id=80 verdict=UNKNOWN expected=value ok=0 entity=knowledge relation=open reln=1 attitude=ignored ties=0
PROBE id=81 verdict=UNKNOWN expected=value ok=0 entity=question relation=open reln=1 attitude=ignored ties=0
PROBE id=82 verdict=UNKNOWN expected=value ok=0 entity=answer relation=open reln=1 attitude=ignored ties=0
PROBE id=83 verdict=UNKNOWN expected=value ok=0 entity=library relation=open reln=1 attitude=ignored ties=0
PROBE id=84 verdict=VALUE:4 expected=value ok=0 entity=book relation=open reln=1 attitude=ignored ties=1
PROBE id=85 verdict=VALUE:5 expected=value ok=0 entity=novel relation=open reln=1 attitude=ignored ties=1
PROBE id=86 verdict=VALUE:5 expected=value ok=0 entity=story relation=open reln=1 attitude=ignored ties=1
PROBE id=87 verdict=VALUE:4 expected=value ok=0 entity=poem relation=open reln=1 attitude=ignored ties=1
PROBE id=88 verdict=VALUE:5 expected=value ok=0 entity=rhyme relation=open reln=1 attitude=ignored ties=1
PROBE id=89 verdict=VALUE:7 expected=value ok=0 entity=grammar relation=open reln=1 attitude=ignored ties=1
PROBE id=90 verdict=VALUE:8 expected=value ok=0 entity=spelling relation=open reln=1 attitude=ignored ties=1
PROBE id=91 verdict=VALUE:10 expected=value ok=0 entity=vocabulary relation=open reln=1 attitude=ignored ties=1
PROBE id=92 verdict=VALUE:9 expected=value ok=0 entity=paragraph relation=open reln=1 attitude=ignored ties=1
PROBE id=93 verdict=VALUE:7 expected=value ok=0 entity=chapter relation=open reln=1 attitude=ignored ties=1
PROBE id=94 verdict=VALUE:4 expected=value ok=0 entity=page relation=open reln=1 attitude=ignored ties=1
PROBE id=95 verdict=VALUE:3 expected=value ok=0 entity=ink relation=open reln=1 attitude=ignored ties=1
PROBE id=96 verdict=VALUE:1603 expected=value ok=0 entity=year relation=open reln=2 attitude=ignored ties=1
PROBE id=97 verdict=VALUE:1605 expected=value ok=0 entity=year relation=open reln=3 attitude=ignored ties=1
PROBE id=98 verdict=VALUE:1608 expected=value ok=0 entity=year relation=open reln=3 attitude=ignored ties=1
PROBE id=99 verdict=VALUE:1611 expected=value ok=0 entity=year relation=open reln=4 attitude=ignored ties=1
PROBE id=100 verdict=VALUE:1623 expected=value ok=0 entity=year relation=open reln=3 attitude=ignored ties=1
PROBE id=101 verdict=VALUE:1651 expected=value ok=0 entity=year relation=open reln=2 attitude=ignored ties=1
PROBE id=102 verdict=VALUE:1667 expected=value ok=0 entity=year relation=open reln=3 attitude=ignored ties=1
PROBE id=103 verdict=VALUE:1688 expected=value ok=0 entity=year relation=open reln=3 attitude=ignored ties=1
PROBE id=104 verdict=VALUE:1719 expected=value ok=0 entity=year relation=open reln=3 attitude=ignored ties=1
PROBE id=105 verdict=VALUE:1726 expected=value ok=0 entity=year relation=open reln=3 attitude=ignored ties=1
PROBE id=106 verdict=VALUE:1740 expected=value ok=0 entity=year relation=open reln=2 attitude=ignored ties=1
PROBE id=107 verdict=VALUE:1749 expected=value ok=0 entity=year relation=open reln=3 attitude=ignored ties=1
PROBE id=108 verdict=VALUE:1759 expected=value ok=0 entity=year relation=open reln=2 attitude=ignored ties=1
PROBE id=109 verdict=VALUE:1766 expected=value ok=0 entity=year relation=open reln=3 attitude=ignored ties=1
PROBE id=110 verdict=VALUE:1776 expected=value ok=0 entity=year relation=open reln=3 attitude=ignored ties=1
PROBE id=111 verdict=VALUE:1813 expected=value ok=0 entity=year relation=open reln=3 attitude=ignored ties=1
PROBE id=112 verdict=VALUE:1818 expected=value ok=0 entity=year relation=open reln=2 attitude=ignored ties=1
PROBE id=113 verdict=VALUE:1826 expected=value ok=0 entity=year relation=open reln=3 attitude=ignored ties=1
PROBE id=114 verdict=VALUE:1847 expected=value ok=0 entity=year relation=open reln=3 attitude=ignored ties=1
PROBE id=115 verdict=VALUE:1847 expected=value ok=0 entity=year relation=open reln=3 attitude=ignored ties=1
PROBE id=116 verdict=VALUE:1850 expected=value ok=0 entity=year relation=open reln=3 attitude=ignored ties=1
PROBE id=117 verdict=VALUE:1851 expected=value ok=0 entity=year relation=open reln=3 attitude=ignored ties=1
PROBE id=118 verdict=VALUE:1851 expected=value ok=0 entity=year relation=open reln=3 attitude=ignored ties=1
PROBE id=119 verdict=VALUE:1852 expected=value ok=0 entity=year relation=open reln=4 attitude=ignored ties=1
PROBE id=120 verdict=VALUE:1854 expected=value ok=0 entity=year relation=open reln=2 attitude=ignored ties=1
PROBE id=121 verdict=VALUE:1857 expected=value ok=0 entity=year relation=open reln=3 attitude=ignored ties=1
PROBE id=122 verdict=VALUE:1859 expected=value ok=0 entity=a relation=open reln=4 attitude=ignored ties=1
PROBE id=123 verdict=VALUE:1861 expected=value ok=0 entity=year relation=open reln=3 attitude=ignored ties=1
PROBE id=124 verdict=VALUE:1862 expected=value ok=0 entity=year relation=open reln=3 attitude=ignored ties=1
PROBE id=125 verdict=VALUE:1865 expected=value ok=0 entity=year relation=open reln=4 attitude=ignored ties=1
PROBE id=126 verdict=VALUE:1866 expected=value ok=0 entity=year relation=open reln=3 attitude=ignored ties=1
PROBE id=127 verdict=VALUE:1869 expected=value ok=0 entity=year relation=open reln=3 attitude=ignored ties=1
PROBE id=128 verdict=VALUE:1871 expected=value ok=0 entity=year relation=open reln=4 attitude=ignored ties=1
PROBE id=129 verdict=VALUE:1878 expected=value ok=0 entity=year relation=open reln=3 attitude=ignored ties=1
PROBE id=130 verdict=VALUE:1880 expected=value ok=0 entity=year relation=open reln=3 attitude=ignored ties=1
PROBE id=131 verdict=VALUE:1883 expected=value ok=0 entity=year relation=open reln=3 attitude=ignored ties=1
PROBE id=132 verdict=VALUE:1884 expected=value ok=0 entity=year relation=open reln=4 attitude=ignored ties=1
PROBE id=133 verdict=VALUE:1886 expected=value ok=0 entity=year relation=open reln=2 attitude=ignored ties=1
PROBE id=134 verdict=VALUE:1886 expected=value ok=0 entity=year relation=open reln=7 attitude=ignored ties=1
PROBE id=135 verdict=VALUE:1887 expected=value ok=0 entity=year relation=open reln=4 attitude=ignored ties=1
PROBE id=136 verdict=VALUE:1890 expected=value ok=0 entity=year relation=open reln=4 attitude=ignored ties=1
PROBE id=137 verdict=VALUE:1891 expected=value ok=0 entity=year relation=open reln=4 attitude=ignored ties=1
PROBE id=138 verdict=VALUE:1892 expected=value ok=0 entity=year relation=open reln=4 attitude=ignored ties=1
PROBE id=139 verdict=VALUE:1896 expected=value ok=0 entity=year relation=open reln=3 attitude=ignored ties=1
PROBE id=140 verdict=VALUE:1897 expected=value ok=0 entity=year relation=open reln=2 attitude=ignored ties=1
PROBE id=141 verdict=VALUE:1898 expected=value ok=0 entity=year relation=open reln=3 attitude=ignored ties=1
PROBE id=142 verdict=VALUE:1903 expected=value ok=0 entity=year relation=open reln=3 attitude=ignored ties=1
PROBE id=143 verdict=VALUE:1925 expected=value ok=0 entity=year relation=open reln=3 attitude=ignored ties=1
PROBE id=144 verdict=VALUE:26 expected=value ok=0 entity=letters relation=open reln=2 attitude=ignored ties=1
PROBE id=145 verdict=VALUE:5 expected=value ok=0 entity=vowels relation=open reln=2 attitude=ignored ties=1
PROBE id=146 verdict=VALUE:21 expected=value ok=0 entity=consonants relation=open reln=2 attitude=ignored ties=1
PROBE id=147 verdict=VALUE:7 expected=value ok=0 entity=days relation=open reln=2 attitude=ignored ties=1
PROBE id=148 verdict=VALUE:12 expected=value ok=0 entity=months relation=open reln=2 attitude=ignored ties=1
PROBE id=149 verdict=VALUE:4 expected=value ok=0 entity=seasons relation=open reln=2 attitude=ignored ties=1
PROBE id=150 verdict=VALUE:52 expected=value ok=0 entity=weeks relation=open reln=2 attitude=ignored ties=1
PROBE id=151 verdict=VALUE:24 expected=value ok=0 entity=hours relation=open reln=2 attitude=ignored ties=1
PROBE id=152 verdict=VALUE:60 expected=value ok=0 entity=minutes relation=open reln=1 attitude=ignored ties=1
PROBE id=153 verdict=VALUE:7 expected=value ok=0 entity=seconds relation=open reln=2 attitude=ignored ties=1
PROBE id=154 verdict=VALUE:168 expected=value ok=0 entity=hours relation=open reln=2 attitude=ignored ties=1
PROBE id=155 verdict=VALUE:27 expected=value ok=0 entity=amendments relation=open reln=2 attitude=ignored ties=1
PROBE id=156 verdict=VALUE:10 expected=value ok=0 entity=digits relation=open reln=3 attitude=ignored ties=1
PROBE id=157 verdict=VALUE:100 expected=value ok=0 entity=years relation=open reln=2 attitude=ignored ties=1
PROBE id=158 verdict=VALUE:12 expected=value ok=0 entity=inches relation=open reln=2 attitude=ignored ties=1
PROBE id=159 verdict=VALUE:3 expected=value ok=0 entity=feet relation=open reln=2 attitude=ignored ties=1
PROBE id=160 verdict=VALUE:18 expected=value ok=0 entity=holes relation=open reln=4 attitude=ignored ties=1
PROBE id=161 verdict=VALUE:4 expected=value ok=0 entity=quarts relation=open reln=2 attitude=ignored ties=1
PROBE id=162 verdict=VALUE:2 expected=value ok=0 entity=pints relation=open reln=2 attitude=ignored ties=1
PROBE id=163 verdict=VALUE:4 expected=value ok=0 entity=sides a triangle relation=open reln=0 attitude=ignored ties=1
PROBE id=164 verdict=VALUE:3 expected=value ok=0 entity=primary colors relation=open reln=0 attitude=ignored ties=1
PROBE id=165 verdict=VALUE:7 expected=value ok=0 entity=colors rainbow relation=open reln=0 attitude=ignored ties=1
PROBE id=166 verdict=VALUE:88 expected=value ok=0 entity=keys relation=open reln=3 attitude=ignored ties=1
PROBE id=167 verdict=VALUE:6 expected=value ok=0 entity=strings relation=open reln=3 attitude=ignored ties=1
PROBE id=168 verdict=VALUE:4 expected=value ok=0 entity=strings relation=open reln=2 attitude=ignored ties=1
PROBE id=169 verdict=VALUE:8 expected=value ok=0 entity=planets relation=open reln=2 attitude=ignored ties=1
PROBE id=170 verdict=VALUE:4 expected=value ok=0 entity=members beatles relation=open reln=0 attitude=ignored ties=1
PROBE id=171 verdict=VALUE:5 expected=value ok=0 entity=members jackson relation=open reln=0 attitude=ignored ties=1
PROBE id=172 verdict=VALUE:50 expected=value ok=0 entity=states relation=open reln=1 attitude=ignored ties=1
PROBE id=173 verdict=VALUE:13 expected=value ok=0 entity=stripes relation=open reln=2 attitude=ignored ties=1
PROBE id=174 verdict=VALUE:50 expected=value ok=0 entity=stars relation=open reln=2 attitude=ignored ties=1
PROBE id=175 verdict=VALUE:7 expected=value ok=0 entity=continents relation=open reln=1 attitude=ignored ties=1
PROBE id=176 verdict=VALUE:5 expected=value ok=0 entity=oceans relation=open reln=1 attitude=ignored ties=1
PROBE id=177 verdict=VALUE:15 expected=value ok=0 entity=players relation=open reln=4 attitude=ignored ties=1
PROBE id=178 verdict=VALUE:10 expected=value ok=0 entity=players a baseball team relation=open reln=1 attitude=ignored ties=1
PROBE id=179 verdict=VALUE:5 expected=value ok=0 entity=players a basketball team relation=open reln=1 attitude=ignored ties=1
PROBE id=180 verdict=VALUE:11 expected=value ok=0 entity=players relation=open reln=4 attitude=ignored ties=1
PROBE id=181 verdict=VALUE:11 expected=value ok=0 entity=players relation=open reln=4 attitude=ignored ties=1
PROBE id=182 verdict=VALUE:4 expected=value ok=0 entity=suits relation=open reln=4 attitude=ignored ties=1
PROBE id=183 verdict=VALUE:13 expected=value ok=0 entity=cards relation=open reln=2 attitude=ignored ties=1
PROBE id=184 verdict=VALUE:52 expected=value ok=0 entity=cards relation=open reln=3 attitude=ignored ties=1
PROBE id=185 verdict=VALUE:64 expected=value ok=0 entity=squares relation=open reln=2 attitude=ignored ties=1
PROBE id=186 verdict=VALUE:16 expected=value ok=0 entity=chess pieces each side relation=open reln=0 attitude=ignored ties=1
PROBE id=187 verdict=VALUE:8 expected=value ok=0 entity=pawns each side relation=open reln=1 attitude=ignored ties=1
PROBE id=188 verdict=VALUE:6 expected=value ok=0 entity=faces a standard die relation=open reln=0 attitude=ignored ties=1
PROBE id=189 verdict=VALUE:21 expected=value ok=0 entity=dots pips relation=open reln=3 attitude=ignored ties=1
PROBE id=190 verdict=VALUE:12 expected=value ok=0 entity=pairs ribs relation=open reln=2 attitude=ignored ties=1
PROBE id=191 verdict=VALUE:32 expected=value ok=0 entity=teeth relation=open reln=4 attitude=ignored ties=1
PROBE id=192 verdict=VALUE:2 expected=value ok=0 entity=lungs relation=open reln=2 attitude=ignored ties=1
PROBE id=193 verdict=VALUE:2 expected=value ok=0 entity=kidneys relation=open reln=2 attitude=ignored ties=1
PROBE id=194 verdict=VALUE:4 expected=value ok=0 entity=chambers human heart relation=open reln=0 attitude=ignored ties=1
PROBE id=195 verdict=VALUE:12 expected=value ok=0 entity=labors hercules relation=open reln=0 attitude=ignored ties=1
PROBE id=196 verdict=VALUE:12 expected=value ok=0 entity=olympian gods relation=open reln=0 attitude=ignored ties=1
PROBE id=197 verdict=VALUE:7 expected=value ok=0 entity=wonders ancient world relation=open reln=0 attitude=ignored ties=1
PROBE id=198 verdict=VALUE:9 expected=value ok=0 entity=muses relation=open reln=2 attitude=ignored ties=1
PROBE id=199 verdict=VALUE:3 expected=value ok=0 entity=fates relation=open reln=2 attitude=ignored ties=1
PROBE id=200 verdict=VALUE:12 expected=value ok=0 entity=apostles jesus relation=open reln=0 attitude=ignored ties=1
PROBE id=201 verdict=VALUE:10 expected=value ok=0 entity=commandments relation=open reln=0 attitude=ignored ties=1
PROBE id=202 verdict=VALUE:7 expected=value ok=0 entity=deadly sins relation=open reln=0 attitude=ignored ties=1
PROBE id=203 verdict=VALUE:66 expected=value ok=0 entity=books relation=open reln=2 attitude=ignored ties=1
PROBE id=204 verdict=VALUE:4 expected=value ok=0 entity=gospels relation=open reln=2 attitude=ignored ties=1
PROBE id=205 verdict=VALUE:38 expected=value ok=0 entity=plays relation=open reln=2 attitude=ignored ties=1
PROBE id=206 verdict=VALUE:12 expected=value ok=0 entity=short stories relation=open reln=3 attitude=ignored ties=1
PROBE id=207 verdict=VALUE:4 expected=value ok=0 entity=sherlock holmes novels relation=open reln=0 attitude=ignored ties=1
PROBE id=208 verdict=VALUE:56 expected=value ok=0 entity=sherlock holmes short stories relation=open reln=1 attitude=ignored ties=1
PROBE id=209 verdict=VALUE:3 expected=value ok=0 entity=volumes relation=open reln=2 attitude=ignored ties=1
PROBE id=210 verdict=VALUE:7 expected=value ok=0 entity=harry potter books relation=open reln=0 attitude=ignored ties=1
PROBE id=211 verdict=VALUE:7 expected=value ok=0 entity=chronicles narnia books relation=open reln=0 attitude=ignored ties=1
PROBE id=212 verdict=VALUE:5 expected=value ok=0 entity=books relation=open reln=4 attitude=ignored ties=1
PROBE id=213 verdict=VALUE:4 expected=value ok=0 entity=teenage mutant ninja turtles relation=open reln=0 attitude=ignored ties=1
PROBE id=214 verdict=VALUE:7 expected=value ok=0 entity=dwarfs relation=open reln=2 attitude=ignored ties=1
PROBE id=215 verdict=VALUE:101 expected=value ok=0 entity=dalmatians relation=open reln=2 attitude=ignored ties=1
PROBE id=216 verdict=VALUE:12 expected=value ok=0 entity=days christmas relation=open reln=1 attitude=ignored ties=1
PROBE id=217 verdict=VALUE:9 expected=value ok=0 entity=reindeer pull santa sleigh relation=open reln=3 attitude=ignored ties=1
PROBE id=218 verdict=VALUE:9 expected=value ok=0 entity=reindeer pull santa sleigh relation=open reln=2 attitude=ignored ties=1
PROBE id=219 verdict=VALUE:40 expected=value ok=0 entity=EMPTY relation=open reln=3 attitude=ignored ties=1
PROBE id=220 verdict=VALUE:12 expected=value ok=0 entity=eggs relation=open reln=2 attitude=ignored ties=1
PROBE id=221 verdict=VALUE:12 expected=value ok=0 entity=dozens relation=open reln=2 attitude=ignored ties=1
PROBE id=222 verdict=VALUE:144 expected=value ok=0 entity=items relation=open reln=2 attitude=ignored ties=1
PROBE id=223 verdict=VALUE:20 expected=value ok=0 entity=items relation=open reln=2 attitude=ignored ties=1
PROBE id=224 verdict=VALUE:30 expected=value ok=0 entity=teams relation=open reln=3 attitude=ignored ties=1
PROBE id=225 verdict=VALUE:9 expected=value ok=0 entity=justices relation=open reln=3 attitude=ignored ties=1
PROBE id=226 verdict=VALUE:13 expected=value ok=0 entity=centimeters relation=open reln=2 attitude=ignored ties=2
PROBE id=227 verdict=VALUE:100 expected=value ok=0 entity=us senators relation=open reln=0 attitude=ignored ties=1
PROBE id=228 verdict=VALUE:16 expected=value ok=0 entity=ounces relation=open reln=2 attitude=ignored ties=1
PROBE id=229 verdict=VALUE:118 expected=value ok=0 entity=elements relation=open reln=2 attitude=ignored ties=1
PROBE id=230 verdict=VALUE:4 expected=value ok=0 entity=galilean moons jupiter relation=open reln=0 attitude=ignored ties=1
PROBE id=231 verdict=VALUE:7 expected=value ok=0 entity=legs a spider relation=open reln=0 attitude=ignored ties=1
PROBE id=232 verdict=VALUE:12 expected=value ok=0 entity=hours relation=open reln=3 attitude=ignored ties=1
PROBE id=233 verdict=VALUE:30 expected=value ok=0 entity=days relation=open reln=1 attitude=ignored ties=1
PROBE id=234 verdict=VALUE:31 expected=value ok=0 entity=days relation=open reln=1 attitude=ignored ties=1
PROBE id=235 verdict=VALUE:28 expected=value ok=0 entity=days relation=open reln=4 attitude=ignored ties=1
PROBE id=236 verdict=VALUE:29 expected=value ok=0 entity=days relation=open reln=4 attitude=ignored ties=1
PROBE id=237 verdict=VALUE:10 expected=value ok=0 entity=provinces canada relation=open reln=0 attitude=ignored ties=1
PROBE id=238 verdict=VALUE:27 expected=value ok=0 entity=books relation=open reln=2 attitude=ignored ties=1
PROBE id=239 verdict=VALUE:39 expected=value ok=0 entity=books relation=open reln=4 attitude=ignored ties=1
SUMMARY ninstall=457 ncorroborate=21 ncontradict=1 nquarantine=0 ndenial=1 nderived=0 nfail=0 nprobe=240 full=0/240 clean=0/240
DIGEST ea634ae1291a47711a55f8d69f7869e905dabecacf8452bd5b2f2e09907c70df
DIGEST2 ea634ae1291a47711a55f8d69f7869e905dabecacf8452bd5b2f2e09907c70df
LEDGER 0ca11b93a0d5f98ce9c12edabd80056aa837aba63a3afaa72c18e32c181738f7
VERIFY chain=1 dmatch=1
RESULT PASS
