V,visual.raw_a,0,0
V,visual.raw_a,1,1
V,visual.raw_a,2,2
V,visual.raw_a,3,3
V,visual.raw_a,4,4
V,visual.raw_a,5,5
V,visual.raw_a,6,6
V,visual.raw_a,7,7
V,visual.raw_b,0,7
V,visual.raw_b,1,6
V,visual.raw_b,2,5
V,visual.raw_b,3,4
V,visual.raw_b,4,3
V,visual.raw_b,5,2
V,visual.raw_b,6,1
V,visual.raw_b,7,0
V,visual.raw_c,0,0
V,visual.raw_c,1,1
V,visual.raw_c,2,2
V,visual.raw_c,3,3
V,visual.raw_c,4,4
V,visual.raw_c,5,5
V,visual.raw_c,6,6
V,visual.raw_c,7,8
V,visual.signature_a,0,-428
V,visual.signature_a,1,-285
V,visual.signature_a,2,-142
V,visual.signature_a,3,0
V,visual.signature_a,4,142
V,visual.signature_a,5,285
V,visual.signature_a,6,428
V,visual.signature_a,7,571
V,visual.signature_b,0,-428
V,visual.signature_b,1,-285
V,visual.signature_b,2,-142
V,visual.signature_b,3,0
V,visual.signature_b,4,142
V,visual.signature_b,5,285
V,visual.signature_b,6,428
V,visual.signature_b,7,571
V,visual.signature_c,0,-375
V,visual.signature_c,1,-250
V,visual.signature_c,2,-125
V,visual.signature_c,3,0
V,visual.signature_c,4,125
V,visual.signature_c,5,250
V,visual.signature_c,6,375
V,visual.signature_c,7,625
M,audio.zero_distance,0
V,audio.unsampled_raw,0,0
V,audio.unsampled_raw,1,100
V,audio.unsampled_raw,2,0
V,audio.unsampled_raw,3,0
V,audio.unsampled_raw,4,0
V,audio.unsampled_raw,5,0
V,audio.unsampled_raw,6,0
V,audio.unsampled_raw,7,0
V,audio.unsampled_raw,8,0
V,audio.unsampled_raw,9,0
V,audio.unsampled_raw,10,0
V,audio.unsampled_raw,11,0
V,audio.unsampled_raw,12,0
V,audio.unsampled_raw,13,0
V,audio.unsampled_raw,14,0
V,audio.unsampled_raw,15,0
V,audio.unsampled_raw,16,0
V,audio.unsampled_raw,17,0
V,audio.unsampled_raw,18,0
V,audio.unsampled_raw,19,0
V,audio.unsampled_raw,20,0
V,audio.unsampled_raw,21,0
V,audio.unsampled_raw,22,0
V,audio.unsampled_raw,23,0
M,audio.unsampled_distance,0
V,audio.sampled_raw,0,0
V,audio.sampled_raw,1,0
V,audio.sampled_raw,2,100
V,audio.sampled_raw,3,0
V,audio.sampled_raw,4,0
V,audio.sampled_raw,5,0
V,audio.sampled_raw,6,0
V,audio.sampled_raw,7,0
V,audio.sampled_raw,8,0
V,audio.sampled_raw,9,0
V,audio.sampled_raw,10,0
V,audio.sampled_raw,11,0
V,audio.sampled_raw,12,0
V,audio.sampled_raw,13,0
V,audio.sampled_raw,14,0
V,audio.sampled_raw,15,0
V,audio.sampled_raw,16,0
V,audio.sampled_raw,17,0
V,audio.sampled_raw,18,0
V,audio.sampled_raw,19,0
V,audio.sampled_raw,20,0
V,audio.sampled_raw,21,0
V,audio.sampled_raw,22,0
V,audio.sampled_raw,23,0
M,audio.sampled_distance,100
V,trace.attempts_8191,0,8191
V,trace.attempts_8191,1,8191
V,trace.attempts_8191,2,8190
V,trace.attempts_8191,3,8189
V,trace.attempts_8191,4,0
V,trace.attempts_8191,5,0
V,trace.attempts_8191,6,1
V,trace.attempts_8192,0,8192
V,trace.attempts_8192,1,8192
V,trace.attempts_8192,2,8191
V,trace.attempts_8192,3,8190
V,trace.attempts_8192,4,0
V,trace.attempts_8192,5,0
V,trace.attempts_8192,6,1
V,trace.attempts_8193,0,8193
V,trace.attempts_8193,1,8192
V,trace.attempts_8193,2,8191
V,trace.attempts_8193,3,8190
V,trace.attempts_8193,4,1
V,trace.attempts_8193,5,0
V,trace.attempts_8193,6,1
M,lru.all_protected_selection,0
M,lru.mixed_selection,1
M,lru.none_protected_selection,0
M,lru.empty_selection,-1
V,lru.age_after,0,10
V,lru.age_after,1,20
M,chunk.short_segment_count,2
V,chunk.short_segment_ids,0,-11
V,chunk.short_segment_ids,1,-21
V,chunk.short_segment_ids,2,-777
M,chunk.short_segment_restored_count,2
V,chunk.short_segment_restored,0,10
V,chunk.short_segment_restored,1,20
V,chunk.short_segment_restored,2,-777
M,chunk.full_segment_count,3
V,chunk.full_segment_ids,0,-11
V,chunk.full_segment_ids,1,-21
V,chunk.full_segment_ids,2,-31
M,chunk.full_segment_restored_count,3
V,chunk.full_segment_restored,0,10
V,chunk.full_segment_restored,1,20
V,chunk.full_segment_restored,2,30
M,chunk.short_reconstruction_count,2
V,chunk.short_reconstruction,0,10
V,chunk.short_reconstruction,1,20
V,chunk.short_reconstruction,2,-777
M,chunk.full_reconstruction_count,3
V,chunk.full_reconstruction,0,10
V,chunk.full_reconstruction,1,20
V,chunk.full_reconstruction,2,30
V,chunk.raw_after,0,10
V,chunk.raw_after,1,20
V,chunk.raw_after,2,30
V,chunk.codebook_after,0,10
V,chunk.codebook_after,1,20
V,chunk.codebook_after,2,30
M,chunk.codebook_length_after,3
M,chunk.codebook_use_after,0
M,audit.completed,1
