ID: SUBST_NEG2 (negative control: equality present but unrelated to goal)
ENGINE: n5
VERDICT: WITHHELD
CLAIM: n^4=16k^4.
CONFIDENCE: 0
DERIVATIONS: 11
STORE: /home/hatch/workspace/tnn-lab/math_logic/round4/batteries/knowledge/KNOWLEDGE_STORE_NL.md
FLAGS: BUDGET-EXHAUSTED
THREADS:
T0 CONTRA status=live strikes=0 proposals=1
T1 FORWARD status=live strikes=0 proposals=25
T2 GOAL status=live strikes=0 proposals=0
LEDGER:
S0 src=input lic=-1 p=[-1,-1,-1] depth=0 live t=-1 r=0 taint=0: # SUBST_NEG2 (negative control: equality present but unrelated to goal)

Domain: number_theory
Type: derivation

S1. x=7y.
S2. General substitution schema: for any terms $A and $B and any expression $E, if $A=$B then $E with every $A replaced by $B equals $E with the substitution made.
S3. Prove that n^4=16k^4.

TARGET: n^4=16k^4.

S1 src=premise lic=-1 p=[-1,-1,-1] depth=1 live t=-1 r=0 taint=0: x=7y.
S2 src=premise lic=-1 p=[-1,-1,-1] depth=1 live t=-1 r=0 taint=0: General substitution schema: for any terms $A and $B and any expression $E, if $A=$B then $E with every $A replaced by $B equals $E with the substitution made.
S3 src=cite kid=K001 lic=-1 p=[-1,-1,-1] depth=1 live t=-1 r=0 taint=0: Mathematical induction: if a property P holds for the number 1, and whenever P holds for a positive integer n it also holds for n + 1, then P holds for every positive integer n.
S4 src=cite kid=K001 lic=-1 p=[-1,-1,-1] depth=1 live t=-1 r=0 taint=0: (Infinite descent may be used as induction combined with contradiction; no separate rule is needed.)
S5 src=cite kid=K002 lic=-1 p=[-1,-1,-1] depth=1 live t=-1 r=0 taint=0: Real-number arithmetic: addition and multiplication are commutative and associative; multiplication distributes over addition; 0 is the additive identity and 1 is the multiplicative identity; every real number x has an additive inverse -x; every nonzero real number x has a multiplicative inverse 1/x.
S6 src=cite kid=K002 lic=-1 p=[-1,-1,-1] depth=1 live t=-1 r=0 taint=0: Division by zero is undefined.
S7 src=cite kid=K003 lic=-1 p=[-1,-1,-1] depth=1 live t=-1 r=0 taint=0: Ordering of real numbers: for every real x, exactly one of x > 0, x = 0, x < 0 is true; sums and products of nonnegative numbers are nonnegative; x squared is >= 0 for every real x.
S8 src=cite kid=K004 lic=-1 p=[-1,-1,-1] depth=1 live t=-1 r=0 taint=0: Euclid's postulates: (1) a straight line segment can be drawn joining any two points; (2) any line segment can be extended indefinitely; (3) a circle can be drawn with any center and any radius; (4) all right angles are congruent; (5) parallel postulate: given a line and a point not on it, exactly one line through the point is parallel to the given line.
S9 src=cite kid=K005 lic=-1 p=[-1,-1,-1] depth=1 live t=-1 r=0 taint=0: Rules of inference: modus ponens (from P and 'if P then Q', i.e.
S10 src=cite kid=K005 lic=-1 p=[-1,-1,-1] depth=1 live t=-1 r=0 taint=0: P=>Q, infer Q); proof by contradiction (if assuming 'not P' leads to a contradiction, infer P).
S11 src=cite kid=K101 lic=-1 p=[-1,-1,-1] depth=1 live t=-1 r=0 taint=0: Divisibility: for integers a and b with a != 0, 'a divides b' (written a|b) holds if and only if (iff) there is an integer c with b = a * c.
S12 src=cite kid=K102 lic=-1 p=[-1,-1,-1] depth=1 live t=-1 r=0 taint=0: Prime number: an integer p > 1 whose only positive divisors are 1 and p.
S13 src=cite kid=K103 lic=-1 p=[-1,-1,-1] depth=1 live t=-1 r=0 taint=0: Composite number: an integer n > 1 that is not prime.
S14 src=cite kid=K104 lic=-1 p=[-1,-1,-1] depth=1 live t=-1 r=0 taint=0: Congruence: for a positive integer n, 'a is congruent to b modulo n' (written a ≡ b (mod n)) holds if and only if (iff) n divides (a - b).
S15 src=cite kid=K105 lic=-1 p=[-1,-1,-1] depth=1 live t=-1 r=0 taint=0: Rational number: a real number that can be written as p/q with integers p and q != 0.
S16 src=cite kid=K105 lic=-1 p=[-1,-1,-1] depth=1 live t=-1 r=0 taint=0: Irrational number: a real number that is not rational.
S17 src=cite kid=K106 lic=-1 p=[-1,-1,-1] depth=1 live t=-1 r=0 taint=0: Factorial: 0! = 1, and n! = n * (n-1)! for n >= 1.
S18 src=cite kid=K106 lic=-1 p=[-1,-1,-1] depth=1 live t=-1 r=0 taint=0: Binomial coefficient: C(n,k) = n!/(k! * (n-k)!) for integers 0 <= k <= n.
S19 src=cite kid=K107 lic=-1 p=[-1,-1,-1] depth=1 live t=-1 r=0 taint=0: Even and odd: an integer n is even if n = 2k for some integer k; n is odd if n = 2k + 1 for some integer k.
S20 src=cite kid=K108 lic=-1 p=[-1,-1,-1] depth=1 live t=-1 r=0 taint=0: Triangle: three non-collinear points together with the segments joining them.
S21 src=cite kid=K108 lic=-1 p=[-1,-1,-1] depth=1 live t=-1 r=0 taint=0: Interior angle: the angle inside the triangle at a vertex.
S22 src=cite kid=K108 lic=-1 p=[-1,-1,-1] depth=1 live t=-1 r=0 taint=0: Median: the segment from a vertex to the midpoint of the opposite side.
S23 src=cite kid=K108 lic=-1 p=[-1,-1,-1] depth=1 live t=-1 r=0 taint=0: Isosceles triangle: a triangle with (at least) two equal sides.
S24 src=cite kid=K108 lic=-1 p=[-1,-1,-1] depth=1 live t=-1 r=0 taint=0: Right triangle: a triangle with one 90-degree angle.
S25 src=cite kid=K108 lic=-1 p=[-1,-1,-1] depth=1 live t=-1 r=0 taint=0: Parallel lines: lines in a plane that never meet.
S26 src=cite kid=K109 lic=-1 p=[-1,-1,-1] depth=1 live t=-1 r=0 taint=0: Perfect square: an integer of the form m^2 for some integer m.
S27 src=cite kid=K110 lic=-1 p=[-1,-1,-1] depth=1 live t=-1 r=0 taint=0: Probability (finite, equally likely outcomes): the probability of an event is the number of favorable outcomes divided by the number of total outcomes.
S28 src=cite kid=K201 lic=-1 p=[-1,-1,-1] depth=1 live t=-1 r=0 taint=0: Fundamental theorem of arithmetic: every integer greater than 1 is a product of prime numbers, uniquely up to order.
S29 src=cite kid=K202 lic=-1 p=[-1,-1,-1] depth=1 live t=-1 r=0 taint=0: Euclid's lemma: if p is a prime number and p divides the product a * b, then p divides a or p divides b.
S30 src=cite kid=K203 lic=-1 p=[-1,-1,-1] depth=1 live t=-1 r=0 taint=0: Bezout's identity: for integers a and b, there are integers x and y with a*x + b*y = gcd(a,b).
S31 src=cite kid=K204 lic=-1 p=[-1,-1,-1] depth=1 live t=-1 r=0 taint=0: Pigeonhole principle: if more than n items are placed into n boxes, some box contains at least 2 items.
S32 src=cite kid=K205 lic=-1 p=[-1,-1,-1] depth=1 live t=-1 r=0 taint=0: Pythagorean theorem: in a right triangle with legs a, b and hypotenuse c, a^2 + b^2 = c^2.
S33 src=cite kid=K206 lic=-1 p=[-1,-1,-1] depth=1 live t=-1 r=0 taint=0: There are infinitely many prime numbers.
S34 src=cite kid=K207 lic=-1 p=[-1,-1,-1] depth=1 live t=-1 r=0 taint=0: Algebraic identities: (a+b)^2 = a^2+2ab+b^2; (a-b)^2 = a^2-2ab+b^2; a^2-b^2 = (a-b)(a+b), for all real numbers a and b.
S35 src=cite kid=K208 lic=-1 p=[-1,-1,-1] depth=1 live t=-1 r=0 taint=0: Vertical angles are equal.
S36 src=cite kid=K208 lic=-1 p=[-1,-1,-1] depth=1 live t=-1 r=0 taint=0: If a transversal cuts two parallel lines, alternate interior angles are equal.
S37 src=cite kid=K209 lic=-1 p=[-1,-1,-1] depth=1 live t=-1 r=0 taint=0: Triangle congruence criteria: SAS, ASA, SSS.
S38 src=cite kid=K209 lic=-1 p=[-1,-1,-1] depth=1 live t=-1 r=0 taint=0: (If two triangles satisfy any one of these criteria, all corresponding sides and angles are equal.)
S39 src=cite kid=K210 lic=-1 p=[-1,-1,-1] depth=1 live t=-1 r=0 taint=0: Midpoint theorem: the segment joining the midpoints of two sides of a triangle is parallel to the third side and half its length.
S40 src=assume lic=0 p=[0,-1,-1] depth=1 live t=0 r=1 taint=1: It is not the case that n^4=16k^4.
S41 src=prop lic=3 p=[2,0,-1] depth=2 live t=1 r=1 taint=0: for any terms $A and $B and any expression $E, if $A=$B then $E with every $A replaced by $B equals $E with the substitution made.
S42 src=prop kid=K002 lic=3 p=[5,7,-1] depth=2 live t=1 r=2 taint=0: addition and multiplication are commutative and associative; multiplication distributes over addition; 0 is the additive identity and 1 is the multiplicative identity; every real number x has an additive inverse -x; every nonzero real number x has a multiplicative inverse 1/x.
S43 src=prop lic=12 p=[1,42,2] depth=3 live t=1 r=3 taint=0: addition and multiplication are commutative and associative; multiplication distributes over addition; 0 is the additive identity and 1 is the multiplicative identity; every real number (7y) has an additive inverse -(7y); every nonzero real number (7y) has a multiplicative inverse 1/(7y).
S44 src=prop lic=13 p=[43,-1,-1] depth=4 live t=1 r=4 taint=0: addition and multiplication are commutative and associative; multiplication distributes over addition; 0 is the additive identity and 1 is the multiplicative identity; every real number (7y) has an additive inverse -(7y); every nonzero real number (7y) has a multiplicative inverse 1/7y.
S45 src=prop lic=13 p=[44,-1,-1] depth=5 live t=1 r=5 taint=0: addition and multiplication are commutative and associative; multiplication distributes over addition; 0 is the additive identity and 1 is the multiplicative identity; every real number (7y) has an additive inverse -(7y); every nonzero real number 7y has a multiplicative inverse 1/7y.
S46 src=prop lic=13 p=[45,-1,-1] depth=6 live t=1 r=6 taint=0: addition and multiplication are commutative and associative; multiplication distributes over addition; 0 is the additive identity and 1 is the multiplicative identity; every real number (7y) has an additive inverse -7y; every nonzero real number 7y has a multiplicative inverse 1/7y.
S47 src=prop lic=13 p=[46,-1,-1] depth=7 live t=1 r=7 taint=0: addition and multiplication are commutative and associative; multiplication distributes over addition; 0 is the additive identity and 1 is the multiplicative identity; every real number 7y has an additive inverse -7y; every nonzero real number 7y has a multiplicative inverse 1/7y.
S48 src=prop kid=K102 lic=3 p=[12,13,-1] depth=2 live t=1 r=18 taint=0: an integer p > 1 whose only positive divisors are 1 and p.
S49 src=prop kid=K104 lic=3 p=[14,37,-1] depth=2 live t=1 r=22 taint=0: for a positive integer n, 'a is congruent to b modulo n' (written a ≡ b (mod n)) holds if and only if (iff) n divides (a - b).
S50 src=prop kid=K105 lic=3 p=[15,16,-1] depth=2 live t=1 r=23 taint=0: a real number that can be written as p/q with integers p and q != 0.
S51 src=prop kid=K108 lic=3 p=[20,21,-1] depth=2 live t=1 r=25 taint=0: three non-collinear points together with the segments joining them.
AUDIT:
R1 T0 CONTRA L0 contra-assume p=[0,-1,-1] -> S40 APPEND
ZOOM-IN S2 [0,159) depth=1 why=locate bound term
R1 T1 FORWARD L3 construct-expand p=[2,0,-1] -> S41 APPEND
ZOOM-IN S2 [0,159) depth=1 why=locate bound term
ZOOM-IN S41 [0,130) depth=1 why=locate bound term
R2 T1 FORWARD L3 construct-expand p=[5,7,-1] -> S42 APPEND
ZOOM-IN S2 [0,159) depth=1 why=locate bound term
ZOOM-IN S41 [0,130) depth=1 why=locate bound term
ZOOM-IN S42 [0,277) depth=1 why=locate bound term
  BIND via S1 A="x" B="7y"
R3 T1 FORWARD L12 subst-rewrite p=[1,42,2] -> S43 APPEND
ZOOM-IN S2 [0,159) depth=1 why=locate bound term
ZOOM-IN S41 [0,130) depth=1 why=locate bound term
ZOOM-IN S43 [0,289) depth=1 why=locate bound term
ZOOM-IN S43 [284,288) depth=2 why=paren-drop
R4 T1 FORWARD L13 arith-eval p=[43,-1,-1] -> S44 APPEND
ZOOM-IN S2 [0,159) depth=1 why=locate bound term
ZOOM-IN S41 [0,130) depth=1 why=locate bound term
ZOOM-IN S43 [0,289) depth=1 why=locate bound term
ZOOM-IN S44 [0,287) depth=1 why=locate bound term
ZOOM-IN S44 [248,252) depth=2 why=paren-drop
R5 T1 FORWARD L13 arith-eval p=[44,-1,-1] -> S45 APPEND
ZOOM-IN S2 [0,159) depth=1 why=locate bound term
ZOOM-IN S41 [0,130) depth=1 why=locate bound term
ZOOM-IN S43 [0,289) depth=1 why=locate bound term
ZOOM-IN S44 [0,287) depth=1 why=locate bound term
ZOOM-IN S45 [0,285) depth=1 why=locate bound term
ZOOM-IN S45 [216,220) depth=2 why=paren-drop
R6 T1 FORWARD L13 arith-eval p=[45,-1,-1] -> S46 APPEND
ZOOM-IN S2 [0,159) depth=1 why=locate bound term
ZOOM-IN S41 [0,130) depth=1 why=locate bound term
ZOOM-IN S43 [0,289) depth=1 why=locate bound term
ZOOM-IN S44 [0,287) depth=1 why=locate bound term
ZOOM-IN S45 [0,285) depth=1 why=locate bound term
ZOOM-IN S46 [0,283) depth=1 why=locate bound term
ZOOM-IN S46 [186,190) depth=2 why=paren-drop
R7 T1 FORWARD L13 arith-eval p=[46,-1,-1] -> S47 APPEND
ZOOM-IN S2 [0,159) depth=1 why=locate bound term
ZOOM-IN S41 [0,130) depth=1 why=locate bound term
ZOOM-IN S43 [0,289) depth=1 why=locate bound term
ZOOM-IN S44 [0,287) depth=1 why=locate bound term
ZOOM-IN S45 [0,285) depth=1 why=locate bound term
ZOOM-IN S46 [0,283) depth=1 why=locate bound term
ZOOM-IN S47 [0,281) depth=1 why=locate bound term
R8 T1 FORWARD L3 construct-expand p=[5,15,-1] DUP-SKIP
ZOOM-IN S2 [0,159) depth=1 why=locate bound term
ZOOM-IN S41 [0,130) depth=1 why=locate bound term
ZOOM-IN S43 [0,289) depth=1 why=locate bound term
ZOOM-IN S44 [0,287) depth=1 why=locate bound term
ZOOM-IN S45 [0,285) depth=1 why=locate bound term
ZOOM-IN S46 [0,283) depth=1 why=locate bound term
ZOOM-IN S47 [0,281) depth=1 why=locate bound term
R9 T1 FORWARD L3 construct-expand p=[5,16,-1] DUP-SKIP
ZOOM-IN S2 [0,159) depth=1 why=locate bound term
ZOOM-IN S41 [0,130) depth=1 why=locate bound term
ZOOM-IN S43 [0,289) depth=1 why=locate bound term
ZOOM-IN S44 [0,287) depth=1 why=locate bound term
ZOOM-IN S45 [0,285) depth=1 why=locate bound term
ZOOM-IN S46 [0,283) depth=1 why=locate bound term
ZOOM-IN S47 [0,281) depth=1 why=locate bound term
R10 T1 FORWARD L3 construct-expand p=[5,34,-1] DUP-SKIP
ZOOM-IN S2 [0,159) depth=1 why=locate bound term
ZOOM-IN S41 [0,130) depth=1 why=locate bound term
ZOOM-IN S43 [0,289) depth=1 why=locate bound term
ZOOM-IN S44 [0,287) depth=1 why=locate bound term
ZOOM-IN S45 [0,285) depth=1 why=locate bound term
ZOOM-IN S46 [0,283) depth=1 why=locate bound term
ZOOM-IN S47 [0,281) depth=1 why=locate bound term
R11 T1 FORWARD L3 construct-expand p=[5,42,-1] DUP-SKIP
ZOOM-IN S2 [0,159) depth=1 why=locate bound term
ZOOM-IN S41 [0,130) depth=1 why=locate bound term
ZOOM-IN S43 [0,289) depth=1 why=locate bound term
ZOOM-IN S44 [0,287) depth=1 why=locate bound term
ZOOM-IN S45 [0,285) depth=1 why=locate bound term
ZOOM-IN S46 [0,283) depth=1 why=locate bound term
ZOOM-IN S47 [0,281) depth=1 why=locate bound term
R12 T1 FORWARD L3 construct-expand p=[5,43,-1] DUP-SKIP
ZOOM-IN S2 [0,159) depth=1 why=locate bound term
ZOOM-IN S41 [0,130) depth=1 why=locate bound term
ZOOM-IN S43 [0,289) depth=1 why=locate bound term
ZOOM-IN S44 [0,287) depth=1 why=locate bound term
ZOOM-IN S45 [0,285) depth=1 why=locate bound term
ZOOM-IN S46 [0,283) depth=1 why=locate bound term
ZOOM-IN S47 [0,281) depth=1 why=locate bound term
R13 T1 FORWARD L3 construct-expand p=[5,44,-1] DUP-SKIP
ZOOM-IN S2 [0,159) depth=1 why=locate bound term
ZOOM-IN S41 [0,130) depth=1 why=locate bound term
ZOOM-IN S43 [0,289) depth=1 why=locate bound term
ZOOM-IN S44 [0,287) depth=1 why=locate bound term
ZOOM-IN S45 [0,285) depth=1 why=locate bound term
ZOOM-IN S46 [0,283) depth=1 why=locate bound term
ZOOM-IN S47 [0,281) depth=1 why=locate bound term
R14 T1 FORWARD L3 construct-expand p=[5,45,-1] DUP-SKIP
ZOOM-IN S2 [0,159) depth=1 why=locate bound term
ZOOM-IN S41 [0,130) depth=1 why=locate bound term
ZOOM-IN S43 [0,289) depth=1 why=locate bound term
ZOOM-IN S44 [0,287) depth=1 why=locate bound term
ZOOM-IN S45 [0,285) depth=1 why=locate bound term
ZOOM-IN S46 [0,283) depth=1 why=locate bound term
ZOOM-IN S47 [0,281) depth=1 why=locate bound term
R15 T1 FORWARD L3 construct-expand p=[5,46,-1] DUP-SKIP
ZOOM-IN S2 [0,159) depth=1 why=locate bound term
ZOOM-IN S41 [0,130) depth=1 why=locate bound term
ZOOM-IN S43 [0,289) depth=1 why=locate bound term
ZOOM-IN S44 [0,287) depth=1 why=locate bound term
ZOOM-IN S45 [0,285) depth=1 why=locate bound term
ZOOM-IN S46 [0,283) depth=1 why=locate bound term
ZOOM-IN S47 [0,281) depth=1 why=locate bound term
R16 T1 FORWARD L3 construct-expand p=[5,47,-1] DUP-SKIP
ZOOM-IN S2 [0,159) depth=1 why=locate bound term
ZOOM-IN S41 [0,130) depth=1 why=locate bound term
ZOOM-IN S43 [0,289) depth=1 why=locate bound term
ZOOM-IN S44 [0,287) depth=1 why=locate bound term
ZOOM-IN S45 [0,285) depth=1 why=locate bound term
ZOOM-IN S46 [0,283) depth=1 why=locate bound term
ZOOM-IN S47 [0,281) depth=1 why=locate bound term
R17 T1 FORWARD L3 construct-expand p=[8,29,-1] RULE-STRIKE S8 n=1
R17 T1 FORWARD L3 construct-expand p=[8,29,-1] REFUSED contra=[S39] strikes=1
ZOOM-IN S2 [0,159) depth=1 why=locate bound term
ZOOM-IN S41 [0,130) depth=1 why=locate bound term
ZOOM-IN S43 [0,289) depth=1 why=locate bound term
ZOOM-IN S44 [0,287) depth=1 why=locate bound term
ZOOM-IN S45 [0,285) depth=1 why=locate bound term
ZOOM-IN S46 [0,283) depth=1 why=locate bound term
ZOOM-IN S47 [0,281) depth=1 why=locate bound term
R18 T1 FORWARD L3 construct-expand p=[12,13,-1] -> S48 APPEND
ZOOM-IN S2 [0,159) depth=1 why=locate bound term
ZOOM-IN S41 [0,130) depth=1 why=locate bound term
ZOOM-IN S43 [0,289) depth=1 why=locate bound term
ZOOM-IN S44 [0,287) depth=1 why=locate bound term
ZOOM-IN S45 [0,285) depth=1 why=locate bound term
ZOOM-IN S46 [0,283) depth=1 why=locate bound term
ZOOM-IN S47 [0,281) depth=1 why=locate bound term
ZOOM-IN S48 [0,58) depth=1 why=locate bound term
R19 T1 FORWARD L3 construct-expand p=[12,28,-1] DUP-SKIP
ZOOM-IN S2 [0,159) depth=1 why=locate bound term
ZOOM-IN S41 [0,130) depth=1 why=locate bound term
ZOOM-IN S43 [0,289) depth=1 why=locate bound term
ZOOM-IN S44 [0,287) depth=1 why=locate bound term
ZOOM-IN S45 [0,285) depth=1 why=locate bound term
ZOOM-IN S46 [0,283) depth=1 why=locate bound term
ZOOM-IN S47 [0,281) depth=1 why=locate bound term
ZOOM-IN S48 [0,58) depth=1 why=locate bound term
R20 T1 FORWARD L3 construct-expand p=[12,29,-1] DUP-SKIP
ZOOM-IN S2 [0,159) depth=1 why=locate bound term
ZOOM-IN S41 [0,130) depth=1 why=locate bound term
ZOOM-IN S43 [0,289) depth=1 why=locate bound term
ZOOM-IN S44 [0,287) depth=1 why=locate bound term
ZOOM-IN S45 [0,285) depth=1 why=locate bound term
ZOOM-IN S46 [0,283) depth=1 why=locate bound term
ZOOM-IN S47 [0,281) depth=1 why=locate bound term
ZOOM-IN S48 [0,58) depth=1 why=locate bound term
R21 T1 FORWARD L3 construct-expand p=[12,33,-1] DUP-SKIP
ZOOM-IN S2 [0,159) depth=1 why=locate bound term
ZOOM-IN S41 [0,130) depth=1 why=locate bound term
ZOOM-IN S43 [0,289) depth=1 why=locate bound term
ZOOM-IN S44 [0,287) depth=1 why=locate bound term
ZOOM-IN S45 [0,285) depth=1 why=locate bound term
ZOOM-IN S46 [0,283) depth=1 why=locate bound term
ZOOM-IN S47 [0,281) depth=1 why=locate bound term
ZOOM-IN S48 [0,58) depth=1 why=locate bound term
R22 T1 FORWARD L3 construct-expand p=[14,37,-1] -> S49 APPEND
ZOOM-IN S2 [0,159) depth=1 why=locate bound term
ZOOM-IN S41 [0,130) depth=1 why=locate bound term
ZOOM-IN S43 [0,289) depth=1 why=locate bound term
ZOOM-IN S44 [0,287) depth=1 why=locate bound term
ZOOM-IN S45 [0,285) depth=1 why=locate bound term
ZOOM-IN S46 [0,283) depth=1 why=locate bound term
ZOOM-IN S47 [0,281) depth=1 why=locate bound term
ZOOM-IN S48 [0,58) depth=1 why=locate bound term
ZOOM-IN S49 [0,128) depth=1 why=locate bound term
R23 T1 FORWARD L3 construct-expand p=[15,16,-1] -> S50 APPEND
ZOOM-IN S2 [0,159) depth=1 why=locate bound term
ZOOM-IN S41 [0,130) depth=1 why=locate bound term
ZOOM-IN S43 [0,289) depth=1 why=locate bound term
ZOOM-IN S44 [0,287) depth=1 why=locate bound term
ZOOM-IN S45 [0,285) depth=1 why=locate bound term
ZOOM-IN S46 [0,283) depth=1 why=locate bound term
ZOOM-IN S47 [0,281) depth=1 why=locate bound term
ZOOM-IN S48 [0,58) depth=1 why=locate bound term
ZOOM-IN S49 [0,128) depth=1 why=locate bound term
ZOOM-IN S50 [0,68) depth=1 why=locate bound term
R24 T1 FORWARD L3 construct-expand p=[5,50,-1] DUP-SKIP
ZOOM-IN S2 [0,159) depth=1 why=locate bound term
ZOOM-IN S41 [0,130) depth=1 why=locate bound term
ZOOM-IN S43 [0,289) depth=1 why=locate bound term
ZOOM-IN S44 [0,287) depth=1 why=locate bound term
ZOOM-IN S45 [0,285) depth=1 why=locate bound term
ZOOM-IN S46 [0,283) depth=1 why=locate bound term
ZOOM-IN S47 [0,281) depth=1 why=locate bound term
ZOOM-IN S48 [0,58) depth=1 why=locate bound term
ZOOM-IN S49 [0,128) depth=1 why=locate bound term
ZOOM-IN S50 [0,68) depth=1 why=locate bound term
R25 T1 FORWARD L3 construct-expand p=[20,21,-1] -> S51 APPEND
WITHHOLD BUDGET-EXHAUSTED rounds=25
