EP 0 x0=0 x1=1 pred=0 true=2 err=2
EP 1 x0=2 x1=2 pred=0 true=8 err=8
TRIGGER 1 cumfail=2 buf=2
CONSTRUCT 1 0 NODE id=0 op=ADD p1=0 p2=9 p3=9 err_before=10 err_after=4
CONSTRUCT 1 1 NODE id=1 op=ADD p1=0 p2=0 p3=0 err_before=4 err_after=2
STALL 1 nodes=3 buf_err=2
EP 2 x0=1 x1=0 pred=0 true=2 err=2
EP 3 x0=1 x1=2 pred=8 true=6 err=2
TRIGGER 3 cumfail=2 buf=4
STALL 3 nodes=3 buf_err=6
EP 4 x0=2 x1=4 pred=16 true=12 err=4
EP 5 x0=3 x1=1 pred=4 true=8 err=4
TRIGGER 5 cumfail=2 buf=6
STALL 5 nodes=3 buf_err=14
EP 6 x0=1 x1=2 pred=8 true=6 err=2
EP 7 x0=4 x1=3 pred=12 true=14 err=2
TRIGGER 7 cumfail=2 buf=8
STALL 7 nodes=3 buf_err=18
EP 8 x0=3 x1=3 pred=12 true=12 err=0
EP 9 x0=1 x1=3 pred=12 true=8 err=4
EP 10 x0=3 x1=1 pred=4 true=8 err=4
TRIGGER 10 cumfail=2 buf=8
STALL 10 nodes=3 buf_err=22
EP 11 x0=3 x1=2 pred=8 true=10 err=2
EP 12 x0=2 x1=3 pred=12 true=10 err=2
TRIGGER 12 cumfail=2 buf=8
STALL 12 nodes=3 buf_err=20
EP 13 x0=0 x1=3 pred=12 true=6 err=6
EP 14 x0=2 x1=4 pred=16 true=12 err=4
TRIGGER 14 cumfail=2 buf=8
STALL 14 nodes=3 buf_err=24
EP 15 x0=2 x1=1 pred=4 true=6 err=2
EP 16 x0=0 x1=3 pred=12 true=6 err=6
TRIGGER 16 cumfail=2 buf=8
CONSTRUCT 16 0 NODE id=2 op=ADD p1=0 p2=9 p3=9 err_before=30 err_after=26
CONSTRUCT 16 1 NODE id=3 op=ADD p1=0 p2=0 p3=8 err_before=26 err_after=13
CONSTRUCT 16 2 NODE id=4 op=ADD p1=0 p2=0 p3=8 err_before=13 err_after=0
EP 17 x0=0 x1=1 pred=2 true=2 err=0
EP 18 x0=0 x1=4 pred=8 true=8 err=0
EP 19 x0=4 x1=2 pred=12 true=12 err=0
EP 20 x0=4 x1=3 pred=14 true=14 err=0
EP 21 x0=1 x1=1 pred=4 true=4 err=0
EP 22 x0=1 x1=3 pred=8 true=8 err=0
EP 23 x0=4 x1=1 pred=10 true=10 err=0
EXEC main 24
SUMMARY episodes=24 constructs=5 supersedes=0 stalls=7 main_nodes=6
