1	d2bt_0	BLOCKED	RELEASED
2	d2bt_1	BLOCKED	RELEASED
3	d2bt_2	BLOCKED	RELEASED
4	d2bt_3	BLOCKED	RELEASED
5	d2bt_4	BLOCKED	RELEASED
6	d2bt_5	BLOCKED	RELEASED
7	d2bt_6	BLOCKED	RELEASED
8	d2bt_7	BLOCKED	RELEASED
9	d2bt_8	BLOCKED	RELEASED
10	d2bt_9	BLOCKED	RELEASED
11	d2bt_10	BLOCKED	RELEASED
12	d2bt_11	BLOCKED	RELEASED
13	d2bt_12	BLOCKED	RELEASED
14	d2bt_13	BLOCKED	RELEASED
15	d2bt_14	BLOCKED	RELEASED
16	d2bt_15	BLOCKED	RELEASED
17	d2bt_16	BLOCKED	RELEASED
18	d2bt_17	BLOCKED	RELEASED
19	d2bt_18	BLOCKED	RELEASED
20	d2bt_19	BLOCKED	RELEASED
21	d2bt_20	BLOCKED	RELEASED
22	d2bt_21	BLOCKED	RELEASED
23	d2bt_22	BLOCKED	RELEASED
24	d2bt_23	BLOCKED	RELEASED
25	d2bt_24	BLOCKED	RELEASED
26	d2bt_25	BLOCKED	RELEASED
27	d2bt_26	BLOCKED	RELEASED
28	d2bt_27	BLOCKED	RELEASED
29	d2bt_28	BLOCKED	RELEASED
30	d2bt_29	BLOCKED	RELEASED
31	d2bt_30	BLOCKED	RELEASED
32	d2bt_31	BLOCKED	RELEASED
33	d2bt_32	BLOCKED	RELEASED
34	d2bt_33	BLOCKED	RELEASED
35	d2bt_34	BLOCKED	RELEASED
36	d2bt_35	BLOCKED	RELEASED
37	d2bt_36	BLOCKED	RELEASED
38	d2bt_37	BLOCKED	RELEASED
39	d2bt_38	BLOCKED	RELEASED
40	d2bt_39	BLOCKED	RELEASED
41	d2bt_40	BLOCKED	RELEASED
42	d2bt_41	BLOCKED	RELEASED
43	d2bt_42	BLOCKED	RELEASED
44	d2bt_43	BLOCKED	RELEASED
45	d2bt_44	BLOCKED	RELEASED
46	d2bt_45	BLOCKED	RELEASED
47	d2bt_46	BLOCKED	RELEASED
48	d2bt_47	BLOCKED	RELEASED
49	d2bt_48	BLOCKED	RELEASED
50	d2bt_49	BLOCKED	RELEASED
51	d2bt_50	BLOCKED	RELEASED
52	d2bt_51	BLOCKED	RELEASED
53	d2bt_52	BLOCKED	RELEASED
54	d2bt_53	BLOCKED	RELEASED
55	d2bt_54	BLOCKED	RELEASED
56	d2bt_55	BLOCKED	RELEASED
57	d2bt_56	BLOCKED	RELEASED
58	d2bt_57	BLOCKED	RELEASED
59	d2bt_58	BLOCKED	RELEASED
60	d2bt_59	BLOCKED	RELEASED
61	d2bt_60	BLOCKED	RELEASED
62	d2bt_61	BLOCKED	RELEASED
63	d2bt_62	BLOCKED	RELEASED
64	d2bt_63	BLOCKED	RELEASED
65	d2bt_64	BLOCKED	RELEASED
66	d2bt_65	BLOCKED	RELEASED
67	d2bt_66	BLOCKED	RELEASED
68	d2bt_67	BLOCKED	RELEASED
69	d2bt_68	BLOCKED	RELEASED
70	d2bt_69	BLOCKED	RELEASED
71	d2bt_70	BLOCKED	RELEASED
72	d2bt_71	BLOCKED	RELEASED
73	d2bt_72	BLOCKED	RELEASED
74	d2bt_73	BLOCKED	RELEASED
75	d2bt_74	BLOCKED	RELEASED
76	d2bt_75	BLOCKED	RELEASED
77	d2bt_76	BLOCKED	RELEASED
78	d2bt_77	BLOCKED	RELEASED
79	d2bt_78	BLOCKED	RELEASED
80	d2bt_79	BLOCKED	RELEASED
81	d2bt_80	BLOCKED	RELEASED
82	d2bt_81	BLOCKED	RELEASED
83	d2bt_82	BLOCKED	RELEASED
84	d2bt_83	BLOCKED	RELEASED
85	d2bt_84	BLOCKED	RELEASED
86	d2bt_85	BLOCKED	RELEASED
87	d2bt_86	BLOCKED	RELEASED
88	d2bt_87	BLOCKED	RELEASED
89	d2bt_88	BLOCKED	RELEASED
90	d2bt_89	BLOCKED	RELEASED
91	d2bt_90	BLOCKED	RELEASED
92	d2bt_91	BLOCKED	RELEASED
93	d2bt_92	BLOCKED	RELEASED
94	d2bt_93	BLOCKED	RELEASED
95	d2bt_94	BLOCKED	RELEASED
96	d2bt_95	BLOCKED	RELEASED
97	d2bt_96	BLOCKED	RELEASED
98	d2bt_97	BLOCKED	RELEASED
99	d2bt_98	BLOCKED	RELEASED
100	d2bt_99	BLOCKED	RELEASED
101	d2bt_100	BLOCKED	RELEASED
102	d2bt_101	BLOCKED	RELEASED
103	d2bt_102	BLOCKED	RELEASED
104	d2bt_103	BLOCKED	RELEASED
105	d2bt_104	BLOCKED	RELEASED
106	d2bt_105	BLOCKED	RELEASED
107	d2bt_106	BLOCKED	WITHHELD
108	d2bt_107	BLOCKED	WITHHELD
109	d2bt_108	BLOCKED	WITHHELD
110	d2bt_109	BLOCKED	RELEASED
111	d2bt_110	BLOCKED	RELEASED
112	d2bt_111	BLOCKED	RELEASED
113	d2bt_112	BLOCKED	RELEASED
114	d2bt_113	BLOCKED	RELEASED
115	d2bt_114	BLOCKED	RELEASED
116	d2bt_115	BLOCKED	RELEASED
117	d2bt_116	BLOCKED	RELEASED
118	d2bt_117	BLOCKED	RELEASED
119	d2bt_118	BLOCKED	RELEASED
120	d2bt_119	BLOCKED	RELEASED
121	d2bt_120	BLOCKED	RELEASED
122	d2bt_121	BLOCKED	RELEASED
123	d2bt_122	BLOCKED	RELEASED
124	d2bt_123	BLOCKED	RELEASED
125	d2bt_124	BLOCKED	RELEASED
126	d2bt_125	BLOCKED	RELEASED
127	d2bt_126	BLOCKED	RELEASED
128	d2bt_127	BLOCKED	RELEASED
129	d2bt_128	BLOCKED	RELEASED
130	d2bt_129	BLOCKED	RELEASED
131	d2bt_130	BLOCKED	RELEASED
132	d2bt_131	BLOCKED	RELEASED
133	d2bt_132	BLOCKED	RELEASED
134	d2bt_133	BLOCKED	RELEASED
135	d2bt_134	BLOCKED	RELEASED
136	d2bt_135	BLOCKED	RELEASED
137	d2bt_136	BLOCKED	RELEASED
138	d2bt_137	BLOCKED	RELEASED
139	d2bt_138	BLOCKED	RELEASED
140	d2bt_139	BLOCKED	RELEASED
141	d2bt_140	BLOCKED	RELEASED
142	d2bt_141	BLOCKED	RELEASED
143	d2bt_142	BLOCKED	RELEASED
144	d2bt_143	BLOCKED	RELEASED
145	d2bt_144	BLOCKED	RELEASED
146	d2bt_145	BLOCKED	RELEASED
147	d2bt_146	BLOCKED	RELEASED
148	d2bt_147	BLOCKED	RELEASED
149	d2bt_148	BLOCKED	RELEASED
150	d2bt_149	BLOCKED	RELEASED
151	d2bt_150	BLOCKED	RELEASED
152	d2bt_151	BLOCKED	RELEASED
153	d2bt_152	BLOCKED	RELEASED
154	d2bt_153	BLOCKED	RELEASED
155	d2bt_154	BLOCKED	RELEASED
156	d2bt_155	BLOCKED	WITHHELD
157	d2bt_156	BLOCKED	WITHHELD
158	d2bt_157	BLOCKED	WITHHELD
159	d2bt_158	BLOCKED	RELEASED
160	d2bt_159	BLOCKED	RELEASED
161	d2bt_160	BLOCKED	RELEASED
162	d2bt_161	BLOCKED	RELEASED
163	d2bt_162	BLOCKED	RELEASED
164	d2bt_163	BLOCKED	RELEASED
165	d2bt_164	BLOCKED	RELEASED
166	d2bt_165	BLOCKED	RELEASED
167	d2bt_166	BLOCKED	RELEASED
168	d2bt_167	BLOCKED	RELEASED
169	d2bt_168	BLOCKED	RELEASED
170	d2bt_169	BLOCKED	RELEASED
171	d2bt_170	BLOCKED	RELEASED
172	d2bt_171	BLOCKED	RELEASED
173	d2bt_172	BLOCKED	RELEASED
174	d2bt_173	BLOCKED	RELEASED
175	d2bt_174	BLOCKED	RELEASED
176	d2bt_175	BLOCKED	RELEASED
177	d2bt_176	BLOCKED	RELEASED
178	d2bt_177	BLOCKED	RELEASED
179	d2bt_178	BLOCKED	RELEASED
180	d2bt_179	BLOCKED	RELEASED
181	d2bt_180	BLOCKED	RELEASED
182	d2bt_181	BLOCKED	RELEASED
183	d2bt_182	BLOCKED	RELEASED
184	d2bt_183	BLOCKED	RELEASED
185	d2bt_184	BLOCKED	RELEASED
186	d2bt_185	BLOCKED	RELEASED
187	d2bt_186	BLOCKED	RELEASED
188	d2bt_187	BLOCKED	RELEASED
189	d2bt_188	BLOCKED	RELEASED
190	d2bt_189	BLOCKED	RELEASED
191	d2bt_190	BLOCKED	RELEASED
192	d2bt_191	BLOCKED	RELEASED
193	d2bt_192	BLOCKED	RELEASED
194	d2bt_193	BLOCKED	RELEASED
195	d2bt_194	BLOCKED	RELEASED
196	d2bt_195	BLOCKED	RELEASED
197	d2bt_196	BLOCKED	RELEASED
198	d2bt_197	BLOCKED	RELEASED
199	d2bt_198	BLOCKED	RELEASED
200	d2bt_199	BLOCKED	RELEASED
201	d2bt_200	BLOCKED	RELEASED
202	d2bt_201	BLOCKED	RELEASED
203	d2bt_202	BLOCKED	RELEASED
204	d2bt_203	BLOCKED	RELEASED
205	d2bt_204	BLOCKED	WITHHELD
206	d2bt_205	BLOCKED	WITHHELD
207	d2bt_206	BLOCKED	WITHHELD
208	d2bt_207	BLOCKED	RELEASED
209	d2bt_208	BLOCKED	RELEASED
210	d2bt_209	BLOCKED	RELEASED
211	d2bt_210	BLOCKED	RELEASED
212	d2bt_211	BLOCKED	RELEASED
213	d2bt_212	BLOCKED	RELEASED
214	d2bt_213	BLOCKED	RELEASED
215	d2bt_214	BLOCKED	RELEASED
216	d2bt_215	BLOCKED	RELEASED
217	d2bt_216	BLOCKED	RELEASED
218	d2bt_217	BLOCKED	RELEASED
219	d2bt_218	BLOCKED	RELEASED
220	d2bt_219	BLOCKED	RELEASED
221	d2bt_220	BLOCKED	RELEASED
222	d2bt_221	BLOCKED	RELEASED
223	d2bt_222	BLOCKED	RELEASED
224	d2bt_223	BLOCKED	RELEASED
225	d2bt_224	BLOCKED	RELEASED
226	d2bt_225	BLOCKED	RELEASED
227	d2bt_226	BLOCKED	RELEASED
228	d2bt_227	BLOCKED	RELEASED
229	d2bt_228	BLOCKED	RELEASED
230	d2bt_229	BLOCKED	RELEASED
231	d2bt_230	BLOCKED	RELEASED
232	d2bt_231	BLOCKED	RELEASED
233	d2bt_232	BLOCKED	RELEASED
234	d2bt_233	BLOCKED	RELEASED
235	d2bt_234	BLOCKED	RELEASED
236	d2bt_235	BLOCKED	RELEASED
237	d2bt_236	BLOCKED	RELEASED
238	d2bt_237	BLOCKED	RELEASED
239	d2bt_238	BLOCKED	RELEASED
240	d2bt_239	BLOCKED	RELEASED
241	d2bt_240	BLOCKED	RELEASED
242	d2bt_241	BLOCKED	RELEASED
243	d2bt_242	BLOCKED	RELEASED
244	d2bt_243	BLOCKED	RELEASED
245	d2bt_244	BLOCKED	RELEASED
246	d2bt_245	BLOCKED	RELEASED
247	d2bt_246	BLOCKED	RELEASED
248	d2bt_247	BLOCKED	RELEASED
249	d2bt_248	BLOCKED	RELEASED
250	d2bt_249	BLOCKED	RELEASED
251	d2bt_250	BLOCKED	RELEASED
252	d2bt_251	BLOCKED	RELEASED
253	d2bt_252	BLOCKED	RELEASED
254	d2bt_253	BLOCKED	WITHHELD
255	d2bt_254	BLOCKED	WITHHELD
256	d2bt_255	BLOCKED	WITHHELD
257	d2bt_256	BLOCKED	RELEASED
258	d2bt_257	BLOCKED	RELEASED
259	d2bt_258	BLOCKED	RELEASED
260	d2bt_259	BLOCKED	RELEASED
261	d2bt_260	BLOCKED	RELEASED
262	d2bt_261	BLOCKED	RELEASED
263	d2bt_262	BLOCKED	RELEASED
264	d2bt_263	BLOCKED	RELEASED
265	d2bt_264	BLOCKED	RELEASED
266	d2bt_265	BLOCKED	RELEASED
267	d2bt_266	BLOCKED	RELEASED
268	d2bt_267	BLOCKED	RELEASED
269	d2bt_268	BLOCKED	RELEASED
270	d2bt_269	BLOCKED	RELEASED
271	d2bt_270	BLOCKED	RELEASED
272	d2bt_271	BLOCKED	RELEASED
273	d2bt_272	BLOCKED	RELEASED
274	d2bt_273	BLOCKED	RELEASED
275	d2bt_274	BLOCKED	RELEASED
276	d2bt_275	BLOCKED	RELEASED
277	d2bt_276	BLOCKED	RELEASED
278	d2bt_277	BLOCKED	RELEASED
279	d2bt_278	BLOCKED	RELEASED
280	d2bt_279	BLOCKED	RELEASED
281	d2bt_280	BLOCKED	RELEASED
282	d2bt_281	BLOCKED	RELEASED
283	d2bt_282	BLOCKED	RELEASED
284	d2bt_283	BLOCKED	RELEASED
285	d2bt_284	BLOCKED	RELEASED
286	d2bt_285	BLOCKED	RELEASED
287	d2bt_286	BLOCKED	RELEASED
288	d2bt_287	BLOCKED	RELEASED
289	d2bt_288	BLOCKED	RELEASED
290	d2bt_289	BLOCKED	RELEASED
291	d2bt_290	BLOCKED	RELEASED
292	d2bt_291	BLOCKED	RELEASED
293	d2bt_292	BLOCKED	RELEASED
294	d2bt_293	BLOCKED	RELEASED
295	d2bt_294	BLOCKED	RELEASED
296	d2bt_295	BLOCKED	RELEASED
297	d2bt_296	BLOCKED	RELEASED
298	d2bt_297	BLOCKED	RELEASED
299	d2bt_298	BLOCKED	RELEASED
300	d2bt_299	BLOCKED	RELEASED
301	d2bt_300	BLOCKED	RELEASED
302	d2bt_301	BLOCKED	RELEASED
303	d2bt_302	BLOCKED	WITHHELD
304	d2bt_303	BLOCKED	WITHHELD
305	d2bt_304	BLOCKED	WITHHELD
306	d2bt_305	BLOCKED	RELEASED
307	d2bt_306	BLOCKED	RELEASED
308	d2bt_307	BLOCKED	RELEASED
309	d2bt_308	BLOCKED	RELEASED
310	d2bt_309	BLOCKED	RELEASED
311	d2bt_310	BLOCKED	RELEASED
312	d2bt_311	BLOCKED	RELEASED
313	d2bt_312	BLOCKED	RELEASED
314	d2bt_313	BLOCKED	RELEASED
315	d2bt_314	BLOCKED	RELEASED
316	d2bt_315	BLOCKED	RELEASED
317	d2bt_316	BLOCKED	RELEASED
318	d2bt_317	BLOCKED	RELEASED
319	d2bt_318	BLOCKED	RELEASED
320	d2bt_319	BLOCKED	RELEASED
321	d2bt_320	BLOCKED	RELEASED
322	d2bt_321	BLOCKED	RELEASED
323	d2bt_322	BLOCKED	RELEASED
324	d2bt_323	BLOCKED	RELEASED
325	d2bt_324	BLOCKED	RELEASED
326	d2bt_325	BLOCKED	RELEASED
327	d2bt_326	BLOCKED	RELEASED
328	d2bt_327	BLOCKED	RELEASED
329	d2bt_328	BLOCKED	RELEASED
330	d2bt_329	BLOCKED	RELEASED
331	d2bt_330	BLOCKED	RELEASED
332	d2bt_331	BLOCKED	RELEASED
333	d2bt_332	BLOCKED	RELEASED
334	d2bt_333	BLOCKED	RELEASED
335	d2bt_334	BLOCKED	RELEASED
336	d2bt_335	BLOCKED	RELEASED
337	d2bt_336	BLOCKED	RELEASED
338	d2bt_337	BLOCKED	RELEASED
339	d2bt_338	BLOCKED	RELEASED
340	d2bt_339	BLOCKED	RELEASED
341	d2bt_340	BLOCKED	RELEASED
342	d2bt_341	BLOCKED	RELEASED
343	d2bt_342	BLOCKED	RELEASED
344	d2bt_343	BLOCKED	RELEASED
345	d2bt_344	BLOCKED	RELEASED
346	d2bt_345	BLOCKED	RELEASED
347	d2bt_346	BLOCKED	RELEASED
348	d2bt_347	BLOCKED	RELEASED
349	d2bt_348	BLOCKED	RELEASED
350	d2bt_349	BLOCKED	RELEASED
351	d2bt_350	BLOCKED	RELEASED
352	d2bt_351	BLOCKED	WITHHELD
353	d2bt_352	BLOCKED	WITHHELD
354	d2bt_353	BLOCKED	WITHHELD
355	d2bt_354	BLOCKED	RELEASED
356	d2bt_355	BLOCKED	RELEASED
357	d2bt_356	BLOCKED	RELEASED
358	d2bt_357	BLOCKED	RELEASED
359	d2bt_358	BLOCKED	RELEASED
360	d2bt_359	BLOCKED	RELEASED
361	d2bt_360	BLOCKED	RELEASED
362	d2bt_361	BLOCKED	RELEASED
363	d2bt_362	BLOCKED	RELEASED
364	d2bt_363	BLOCKED	RELEASED
365	d2bt_364	BLOCKED	RELEASED
366	d2bt_365	BLOCKED	RELEASED
367	d2bt_366	BLOCKED	RELEASED
368	d2bt_367	BLOCKED	RELEASED
369	d2bt_368	BLOCKED	RELEASED
370	d2bt_369	BLOCKED	RELEASED
371	d2bt_370	BLOCKED	RELEASED
372	d2bt_371	BLOCKED	RELEASED
373	d2bt_372	BLOCKED	RELEASED
374	d2bt_373	BLOCKED	RELEASED
375	d2bt_374	BLOCKED	RELEASED
376	d2bt_375	BLOCKED	RELEASED
377	d2bt_376	BLOCKED	RELEASED
378	d2bt_377	BLOCKED	RELEASED
379	d2bt_378	BLOCKED	RELEASED
380	d2bt_379	BLOCKED	RELEASED
381	d2bt_380	BLOCKED	RELEASED
382	d2bt_381	BLOCKED	RELEASED
383	d2bt_382	BLOCKED	RELEASED
384	d2bt_383	BLOCKED	RELEASED
385	d2bt_384	BLOCKED	RELEASED
386	d2bt_385	BLOCKED	RELEASED
387	d2bt_386	BLOCKED	RELEASED
388	d2bt_387	BLOCKED	RELEASED
389	d2bt_388	BLOCKED	RELEASED
390	d2bt_389	BLOCKED	RELEASED
391	d2bt_390	BLOCKED	RELEASED
392	d2bt_391	BLOCKED	RELEASED
393	d2bt_392	BLOCKED	RELEASED
394	d2bt_393	BLOCKED	RELEASED
395	d2bt_394	BLOCKED	RELEASED
396	d2bt_395	BLOCKED	RELEASED
397	d2bt_396	BLOCKED	RELEASED
398	d2bt_397	BLOCKED	RELEASED
399	d2bt_398	BLOCKED	RELEASED
400	d2bt_399	BLOCKED	RELEASED
401	d2bt_400	BLOCKED	WITHHELD
402	d2bt_401	BLOCKED	WITHHELD
403	d2bt_402	BLOCKED	WITHHELD
404	d2bt_403	BLOCKED	RELEASED
405	d2bt_404	BLOCKED	RELEASED
406	d2bt_405	BLOCKED	RELEASED
407	d2bt_406	BLOCKED	RELEASED
408	d2bt_407	BLOCKED	RELEASED
409	d2bt_408	BLOCKED	RELEASED
410	d2bt_409	BLOCKED	RELEASED
411	d2bt_410	BLOCKED	RELEASED
412	d2bt_411	BLOCKED	RELEASED
413	d2bt_412	BLOCKED	RELEASED
414	d2bt_413	BLOCKED	RELEASED
415	d2bt_414	BLOCKED	RELEASED
416	d2bt_415	BLOCKED	RELEASED
417	d2bt_416	BLOCKED	RELEASED
418	d2bt_417	BLOCKED	RELEASED
419	d2bt_418	BLOCKED	RELEASED
420	d2bt_419	BLOCKED	RELEASED
421	d2bt_420	BLOCKED	RELEASED
422	d2bt_421	BLOCKED	RELEASED
423	d2bt_422	BLOCKED	RELEASED
424	d2bt_423	BLOCKED	RELEASED
425	d2bt_424	BLOCKED	RELEASED
426	d2bt_425	BLOCKED	RELEASED
427	d2bt_426	BLOCKED	RELEASED
428	d2bt_427	BLOCKED	RELEASED
429	d2bt_428	BLOCKED	RELEASED
430	d2bt_429	BLOCKED	RELEASED
431	d2bt_430	BLOCKED	RELEASED
432	d2bt_431	BLOCKED	RELEASED
433	d2bt_432	BLOCKED	RELEASED
434	d2bt_433	BLOCKED	RELEASED
435	d2bt_434	BLOCKED	RELEASED
436	d2bt_435	BLOCKED	RELEASED
437	d2bt_436	BLOCKED	RELEASED
438	d2bt_437	BLOCKED	RELEASED
439	d2bt_438	BLOCKED	RELEASED
440	d2bt_439	BLOCKED	RELEASED
441	d2bt_440	BLOCKED	RELEASED
442	d2bt_441	BLOCKED	RELEASED
443	d2bt_442	BLOCKED	RELEASED
444	d2bt_443	BLOCKED	RELEASED
445	d2bt_444	BLOCKED	RELEASED
446	d2bt_445	BLOCKED	RELEASED
447	d2bt_446	BLOCKED	RELEASED
448	d2bt_447	BLOCKED	RELEASED
449	d2bt_448	BLOCKED	RELEASED
450	d2bt_449	BLOCKED	WITHHELD
451	d2bt_450	BLOCKED	WITHHELD
452	d2bt_451	BLOCKED	RELEASED
453	d2bt_452	BLOCKED	RELEASED
454	d2bt_453	BLOCKED	RELEASED
455	d2bt_454	BLOCKED	RELEASED
456	d2bt_455	BLOCKED	RELEASED
457	d2bt_456	BLOCKED	RELEASED
458	d2bt_457	BLOCKED	RELEASED
459	d2bt_458	BLOCKED	RELEASED
460	d2bt_459	BLOCKED	RELEASED
461	d2bt_460	BLOCKED	RELEASED
462	d2bt_461	BLOCKED	RELEASED
463	d2bt_462	BLOCKED	RELEASED
464	d2bt_463	BLOCKED	RELEASED
465	d2bt_464	BLOCKED	RELEASED
466	d2bt_465	BLOCKED	RELEASED
467	d2bt_466	BLOCKED	RELEASED
468	d2bt_467	BLOCKED	RELEASED
469	d2bt_468	BLOCKED	RELEASED
470	d2bt_469	BLOCKED	RELEASED
471	d2bt_470	BLOCKED	RELEASED
472	d2bt_471	BLOCKED	RELEASED
473	d2bt_472	BLOCKED	RELEASED
474	d2bt_473	BLOCKED	RELEASED
475	d2bt_474	BLOCKED	RELEASED
476	d2bt_475	BLOCKED	RELEASED
477	d2bt_476	BLOCKED	RELEASED
478	d2bt_477	BLOCKED	RELEASED
479	d2bt_478	BLOCKED	RELEASED
480	d2bt_479	BLOCKED	RELEASED
481	d2bt_480	BLOCKED	RELEASED
482	d2bt_481	BLOCKED	RELEASED
483	d2bt_482	BLOCKED	RELEASED
484	d2bt_483	BLOCKED	RELEASED
485	d2bt_484	BLOCKED	RELEASED
486	d2bt_485	BLOCKED	RELEASED
487	d2bt_486	BLOCKED	RELEASED
488	d2bt_487	BLOCKED	RELEASED
489	d2bt_488	BLOCKED	RELEASED
490	d2bt_489	BLOCKED	RELEASED
491	d2bt_490	BLOCKED	RELEASED
492	d2bt_491	BLOCKED	RELEASED
493	d2bt_492	BLOCKED	RELEASED
494	d2bt_493	BLOCKED	RELEASED
495	d2bt_494	BLOCKED	RELEASED
496	d2bt_495	BLOCKED	RELEASED
497	d2bt_496	BLOCKED	RELEASED
498	d2bt_497	BLOCKED	RELEASED
499	d2bt_498	BLOCKED	WITHHELD
500	d2bt_499	BLOCKED	WITHHELD
501	d2bt_500	BLOCKED	RELEASED
502	d2bt_501	BLOCKED	RELEASED
503	d2bt_502	BLOCKED	RELEASED
504	d2bt_503	BLOCKED	RELEASED
505	d2bt_504	BLOCKED	RELEASED
506	d2bt_505	BLOCKED	RELEASED
507	d2bt_506	BLOCKED	RELEASED
508	d2bt_507	BLOCKED	RELEASED
509	d2bt_508	BLOCKED	RELEASED
510	d2bt_509	BLOCKED	RELEASED
511	d2bt_510	BLOCKED	RELEASED
512	d2bt_511	BLOCKED	RELEASED
513	d2bt_512	BLOCKED	RELEASED
514	d2bt_513	BLOCKED	RELEASED
515	d2bt_514	BLOCKED	RELEASED
516	d2bt_515	BLOCKED	RELEASED
517	d2bt_516	BLOCKED	RELEASED
518	d2bt_517	BLOCKED	RELEASED
519	d2bt_518	BLOCKED	RELEASED
520	d2bt_519	BLOCKED	RELEASED
521	d2bt_520	BLOCKED	RELEASED
522	d2bt_521	BLOCKED	RELEASED
523	d2bt_522	BLOCKED	RELEASED
524	d2bt_523	BLOCKED	RELEASED
525	d2bt_524	BLOCKED	RELEASED
526	d2bt_525	BLOCKED	RELEASED
527	d2bt_526	BLOCKED	RELEASED
528	d2bt_527	BLOCKED	RELEASED
529	d2bt_528	BLOCKED	RELEASED
530	d2bt_529	BLOCKED	RELEASED
531	d2bt_530	BLOCKED	RELEASED
532	d2bt_531	BLOCKED	RELEASED
533	d2bt_532	BLOCKED	RELEASED
534	d2bt_533	BLOCKED	RELEASED
535	d2bt_534	BLOCKED	RELEASED
536	d2bt_535	BLOCKED	RELEASED
537	d2bt_536	BLOCKED	RELEASED
538	d2bt_537	BLOCKED	RELEASED
539	d2bt_538	BLOCKED	RELEASED
540	d2bt_539	BLOCKED	RELEASED
541	d2bt_540	BLOCKED	RELEASED
542	d2bt_541	BLOCKED	RELEASED
543	d2bt_542	BLOCKED	RELEASED
544	d2bt_543	BLOCKED	RELEASED
545	d2bt_544	BLOCKED	RELEASED
546	d2bt_545	BLOCKED	RELEASED
547	d2bt_546	BLOCKED	RELEASED
548	d2bt_547	BLOCKED	RELEASED
549	d2bt_548	BLOCKED	RELEASED
550	d2bt_549	BLOCKED	RELEASED
551	d2bt_550	BLOCKED	RELEASED
552	d2bt_551	BLOCKED	RELEASED
553	d2bt_552	BLOCKED	RELEASED
554	d2bt_553	BLOCKED	RELEASED
555	d2bt_554	BLOCKED	RELEASED
556	d2bt_555	BLOCKED	RELEASED
557	d2bt_556	BLOCKED	RELEASED
558	d2bt_557	BLOCKED	RELEASED
559	d2bt_558	BLOCKED	RELEASED
560	d2bt_559	BLOCKED	RELEASED
561	d2bt_560	BLOCKED	RELEASED
562	d2bt_561	BLOCKED	RELEASED
563	d2bt_562	BLOCKED	RELEASED
564	d2bt_563	BLOCKED	RELEASED
565	d2bt_564	BLOCKED	RELEASED
566	d2bt_565	BLOCKED	RELEASED
567	d2bt_566	BLOCKED	RELEASED
568	d2bt_567	BLOCKED	RELEASED
569	d2bt_568	BLOCKED	RELEASED
570	d2bt_569	BLOCKED	RELEASED
571	d2bt_570	BLOCKED	RELEASED
572	d2bt_571	BLOCKED	RELEASED
573	d2bt_572	BLOCKED	RELEASED
574	d2bt_573	BLOCKED	RELEASED
575	d2bt_574	BLOCKED	RELEASED
576	d2bt_575	BLOCKED	RELEASED
577	d2bt_576	BLOCKED	RELEASED
578	d2bt_577	BLOCKED	RELEASED
579	d2bt_578	BLOCKED	RELEASED
580	d2bt_579	BLOCKED	RELEASED
581	d2bt_580	BLOCKED	RELEASED
582	d2bt_581	BLOCKED	RELEASED
583	d2bt_582	BLOCKED	RELEASED
584	d2bt_583	BLOCKED	RELEASED
585	d2bt_584	BLOCKED	RELEASED
586	d2bt_585	BLOCKED	RELEASED
587	d2bt_586	BLOCKED	RELEASED
588	d2bt_587	BLOCKED	RELEASED
589	d2bt_588	BLOCKED	RELEASED
590	d2bt_589	BLOCKED	RELEASED
591	d2bt_590	BLOCKED	RELEASED
592	d2bt_591	BLOCKED	RELEASED
593	d2bt_592	BLOCKED	RELEASED
594	d2bt_593	BLOCKED	RELEASED
595	d2bt_594	BLOCKED	RELEASED
596	d2bt_595	BLOCKED	RELEASED
597	d2bt_596	BLOCKED	RELEASED
598	d2bt_597	BLOCKED	RELEASED
599	d2bt_598	BLOCKED	RELEASED
600	d2bt_599	BLOCKED	RELEASED
601	d2bt_600	BLOCKED	RELEASED
602	d2bt_601	BLOCKED	RELEASED
603	d2bt_602	BLOCKED	RELEASED
604	d2bt_603	BLOCKED	RELEASED
605	d2bt_604	BLOCKED	RELEASED
606	d2bt_605	BLOCKED	RELEASED
607	d2bt_606	BLOCKED	RELEASED
608	d2bt_607	BLOCKED	RELEASED
609	d2bt_608	BLOCKED	RELEASED
610	d2bt_609	BLOCKED	RELEASED
611	d2bt_610	BLOCKED	RELEASED
612	d2bt_611	BLOCKED	RELEASED
613	d2bt_612	BLOCKED	RELEASED
614	d2bt_613	BLOCKED	RELEASED
615	d2bt_614	BLOCKED	RELEASED
616	d2bt_615	BLOCKED	RELEASED
617	d2bt_616	BLOCKED	RELEASED
618	d2bt_617	BLOCKED	RELEASED
619	d2bt_618	BLOCKED	RELEASED
620	d2bt_619	BLOCKED	RELEASED
621	d2bt_620	BLOCKED	RELEASED
622	d2bt_621	BLOCKED	RELEASED
623	d2bt_622	BLOCKED	RELEASED
624	d2bt_623	BLOCKED	RELEASED
625	d2bt_624	BLOCKED	RELEASED
626	d2bt_625	BLOCKED	RELEASED
627	d2bt_626	BLOCKED	RELEASED
628	d2bt_627	BLOCKED	RELEASED
629	d2bt_628	BLOCKED	RELEASED
630	d2bt_629	BLOCKED	RELEASED
631	d2bt_630	BLOCKED	RELEASED
632	d2bt_631	BLOCKED	RELEASED
633	d2bt_632	BLOCKED	RELEASED
634	d2bt_633	BLOCKED	RELEASED
635	d2bt_634	BLOCKED	RELEASED
636	d2bt_635	BLOCKED	RELEASED
637	d2bt_636	BLOCKED	RELEASED
638	d2bt_637	BLOCKED	RELEASED
639	d2bt_638	BLOCKED	RELEASED
640	d2bt_639	BLOCKED	RELEASED
641	d2bt_640	BLOCKED	RELEASED
642	d2bt_641	BLOCKED	RELEASED
643	d2bt_642	BLOCKED	RELEASED
644	d2bt_643	BLOCKED	RELEASED
645	d2bt_644	BLOCKED	RELEASED
646	d2bt_645	BLOCKED	RELEASED
647	d2bt_646	BLOCKED	RELEASED
648	d2bt_647	BLOCKED	RELEASED
649	d2bt_648	BLOCKED	RELEASED
650	d2bt_649	BLOCKED	RELEASED
651	d2bt_650	BLOCKED	RELEASED
652	d2bt_651	BLOCKED	RELEASED
653	d2bt_652	BLOCKED	RELEASED
654	d2bt_653	BLOCKED	RELEASED
655	d2bt_654	BLOCKED	RELEASED
656	d2bt_655	BLOCKED	RELEASED
657	d2bt_656	BLOCKED	RELEASED
658	d2bt_657	BLOCKED	RELEASED
659	d2bt_658	BLOCKED	RELEASED
660	d2bt_659	BLOCKED	RELEASED
661	d2bt_660	BLOCKED	RELEASED
662	d2bt_661	BLOCKED	RELEASED
663	d2bt_662	BLOCKED	RELEASED
664	d2bt_663	BLOCKED	RELEASED
665	d2bt_664	BLOCKED	RELEASED
666	d2bt_665	BLOCKED	RELEASED
667	d2bt_666	BLOCKED	RELEASED
668	d2bt_667	BLOCKED	RELEASED
669	d2bt_668	BLOCKED	RELEASED
670	d2bt_669	BLOCKED	RELEASED
671	d2bt_670	BLOCKED	RELEASED
672	d2bt_671	BLOCKED	RELEASED
673	d2bt_672	BLOCKED	RELEASED
674	d2bt_673	BLOCKED	RELEASED
675	d2bt_674	BLOCKED	RELEASED
676	d2bt_675	BLOCKED	RELEASED
677	d2bt_676	BLOCKED	RELEASED
678	d2bt_677	BLOCKED	RELEASED
679	d2bt_678	BLOCKED	RELEASED
680	d2bt_679	BLOCKED	RELEASED
681	d2bt_680	BLOCKED	RELEASED
682	d2bt_681	BLOCKED	RELEASED
683	d2bt_682	BLOCKED	RELEASED
684	d2bt_683	BLOCKED	RELEASED
685	d2bt_684	BLOCKED	RELEASED
686	d2bt_685	BLOCKED	RELEASED
687	d2bt_686	BLOCKED	RELEASED
688	d2bt_687	BLOCKED	RELEASED
689	d2bt_688	BLOCKED	RELEASED
690	d2bt_689	BLOCKED	RELEASED
691	d2bt_690	BLOCKED	RELEASED
692	d2bt_691	BLOCKED	RELEASED
693	d2bt_692	BLOCKED	RELEASED
694	d2bt_693	BLOCKED	RELEASED
695	d2bt_694	BLOCKED	RELEASED
696	d2bt_695	BLOCKED	RELEASED
697	d2bt_696	BLOCKED	RELEASED
698	d2bt_697	BLOCKED	RELEASED
699	d2bt_698	BLOCKED	RELEASED
700	d2bt_699	BLOCKED	RELEASED
701	d2bt_700	BLOCKED	RELEASED
702	d2bt_701	BLOCKED	RELEASED
703	d2bt_702	BLOCKED	RELEASED
704	d2bt_703	BLOCKED	RELEASED
705	d2bt_704	BLOCKED	RELEASED
706	d2bt_705	BLOCKED	RELEASED
707	d2bt_706	BLOCKED	RELEASED
708	d2bt_707	BLOCKED	RELEASED
709	d2bt_708	BLOCKED	RELEASED
710	d2bt_709	BLOCKED	RELEASED
711	d2bt_710	BLOCKED	RELEASED
712	d2bt_711	BLOCKED	RELEASED
713	d2bt_712	BLOCKED	RELEASED
714	d2bt_713	BLOCKED	RELEASED
715	d2bt_714	BLOCKED	RELEASED
716	d2bt_715	BLOCKED	RELEASED
717	d2bt_716	BLOCKED	RELEASED
718	d2bt_717	BLOCKED	RELEASED
719	d2bt_718	BLOCKED	RELEASED
720	d2bt_719	BLOCKED	RELEASED
721	d2bt_720	BLOCKED	RELEASED
722	d2bt_721	BLOCKED	RELEASED
723	d2bt_722	BLOCKED	RELEASED
724	d2bt_723	BLOCKED	RELEASED
725	d2bt_724	BLOCKED	RELEASED
726	d2bt_725	BLOCKED	RELEASED
727	d2bt_726	BLOCKED	RELEASED
728	d2bt_727	BLOCKED	RELEASED
729	d2bt_728	BLOCKED	RELEASED
730	d2bt_729	BLOCKED	RELEASED
731	d2bt_730	BLOCKED	RELEASED
732	d2bt_731	BLOCKED	RELEASED
733	d2bt_732	BLOCKED	RELEASED
734	d2bt_733	BLOCKED	RELEASED
735	d2bt_734	BLOCKED	RELEASED
736	d2bt_735	BLOCKED	RELEASED
737	d2bt_736	BLOCKED	RELEASED
738	d2bt_737	BLOCKED	RELEASED
739	d2bt_738	BLOCKED	RELEASED
740	d2bt_739	BLOCKED	RELEASED
741	d2bt_740	BLOCKED	RELEASED
742	d2bt_741	BLOCKED	RELEASED
743	d2bt_742	BLOCKED	RELEASED
744	d2bt_743	BLOCKED	RELEASED
745	d2bt_744	BLOCKED	RELEASED
746	d2bt_745	BLOCKED	RELEASED
747	d2bt_746	BLOCKED	RELEASED
748	d2bt_747	BLOCKED	RELEASED
749	d2bt_748	BLOCKED	RELEASED
750	d2bt_749	BLOCKED	RELEASED
751	d2bt_750	BLOCKED	RELEASED
752	d2bt_751	BLOCKED	RELEASED
753	d2bt_752	BLOCKED	RELEASED
754	d2bt_753	BLOCKED	RELEASED
755	d2bt_754	BLOCKED	RELEASED
756	d2bt_755	BLOCKED	RELEASED
757	d2bt_756	BLOCKED	RELEASED
758	d2bt_757	BLOCKED	RELEASED
759	d2bt_758	BLOCKED	RELEASED
760	d2bt_759	BLOCKED	RELEASED
761	d2bt_760	BLOCKED	RELEASED
762	d2bt_761	BLOCKED	RELEASED
763	d2bt_762	BLOCKED	RELEASED
764	d2bt_763	BLOCKED	RELEASED
765	d2bt_764	BLOCKED	RELEASED
766	d2bt_765	BLOCKED	RELEASED
767	d2bt_766	BLOCKED	RELEASED
768	d2bt_767	BLOCKED	RELEASED
769	d2bt_768	BLOCKED	RELEASED
770	d2bt_769	BLOCKED	RELEASED
771	d2bt_770	BLOCKED	RELEASED
772	d2bt_771	BLOCKED	RELEASED
773	d2bt_772	BLOCKED	RELEASED
774	d2bt_773	BLOCKED	RELEASED
775	d2bt_774	BLOCKED	RELEASED
776	d2bt_775	BLOCKED	RELEASED
777	d2bt_776	BLOCKED	RELEASED
778	d2bt_777	BLOCKED	RELEASED
779	d2bt_778	BLOCKED	RELEASED
780	d2bt_779	BLOCKED	RELEASED
781	d2bt_780	BLOCKED	RELEASED
782	d2bt_781	BLOCKED	RELEASED
783	d2bt_782	BLOCKED	RELEASED
784	d2bt_783	BLOCKED	RELEASED
785	d2bt_784	BLOCKED	RELEASED
786	d2bt_785	BLOCKED	RELEASED
787	d2bt_786	BLOCKED	RELEASED
788	d2bt_787	BLOCKED	RELEASED
789	d2bt_788	BLOCKED	RELEASED
790	d2bt_789	BLOCKED	RELEASED
791	d2bt_790	BLOCKED	RELEASED
792	d2bt_791	BLOCKED	RELEASED
793	d2bt_792	BLOCKED	RELEASED
794	d2bt_793	BLOCKED	RELEASED
795	d2bt_794	BLOCKED	RELEASED
796	d2bt_795	BLOCKED	RELEASED
797	d2bt_796	BLOCKED	RELEASED
798	d2bt_797	BLOCKED	RELEASED
799	d2bt_798	BLOCKED	RELEASED
800	d2bt_799	BLOCKED	RELEASED
801	d2bt_800	BLOCKED	RELEASED
802	d2bt_801	BLOCKED	RELEASED
803	d2bt_802	BLOCKED	RELEASED
804	d2bt_803	BLOCKED	RELEASED
805	d2bt_804	BLOCKED	RELEASED
806	d2bt_805	BLOCKED	RELEASED
807	d2bt_806	BLOCKED	RELEASED
808	d2bt_807	BLOCKED	RELEASED
809	d2bt_808	BLOCKED	RELEASED
810	d2bt_809	BLOCKED	RELEASED
811	d2bt_810	BLOCKED	RELEASED
812	d2bt_811	BLOCKED	RELEASED
813	d2bt_812	BLOCKED	RELEASED
814	d2bt_813	BLOCKED	RELEASED
815	d2bt_814	BLOCKED	RELEASED
816	d2bt_815	BLOCKED	RELEASED
817	d2bt_816	BLOCKED	RELEASED
818	d2bt_817	BLOCKED	RELEASED
819	d2bt_818	BLOCKED	RELEASED
820	d2bt_819	BLOCKED	RELEASED
821	d2bt_820	BLOCKED	RELEASED
822	d2bt_821	BLOCKED	RELEASED
823	d2bt_822	BLOCKED	RELEASED
824	d2bt_823	BLOCKED	RELEASED
825	d2bt_824	BLOCKED	RELEASED
826	d2bt_825	BLOCKED	RELEASED
827	d2bt_826	BLOCKED	RELEASED
828	d2bt_827	BLOCKED	RELEASED
829	d2bt_828	BLOCKED	RELEASED
830	d2bt_829	BLOCKED	RELEASED
831	d2bt_830	BLOCKED	RELEASED
832	d2bt_831	BLOCKED	RELEASED
833	d2bt_832	BLOCKED	RELEASED
834	d2bt_833	BLOCKED	RELEASED
835	d2bt_834	BLOCKED	RELEASED
836	d2bt_835	BLOCKED	RELEASED
837	d2bt_836	BLOCKED	RELEASED
838	d2bt_837	BLOCKED	RELEASED
839	d2bt_838	BLOCKED	RELEASED
840	d2bt_839	BLOCKED	RELEASED
841	d2bt_840	BLOCKED	RELEASED
842	d2bt_841	BLOCKED	RELEASED
843	d2bt_842	BLOCKED	RELEASED
844	d2bt_843	BLOCKED	RELEASED
845	d2bt_844	BLOCKED	RELEASED
846	d2bt_845	BLOCKED	RELEASED
847	d2bt_846	BLOCKED	RELEASED
848	d2bt_847	BLOCKED	RELEASED
849	d2bt_848	BLOCKED	RELEASED
850	d2bt_849	BLOCKED	RELEASED
851	d2bt_850	BLOCKED	RELEASED
852	d2bt_851	BLOCKED	RELEASED
853	d2bt_852	BLOCKED	RELEASED
854	d2bt_853	BLOCKED	RELEASED
855	d2bt_854	BLOCKED	RELEASED
856	d2bt_855	BLOCKED	RELEASED
857	d2bt_856	BLOCKED	RELEASED
858	d2bt_857	BLOCKED	RELEASED
859	d2bt_858	BLOCKED	RELEASED
860	d2bt_859	BLOCKED	RELEASED
861	d2bt_860	BLOCKED	RELEASED
862	d2bt_861	BLOCKED	RELEASED
863	d2bt_862	BLOCKED	RELEASED
864	d2bt_863	BLOCKED	RELEASED
865	d2bt_864	BLOCKED	RELEASED
866	d2bt_865	BLOCKED	RELEASED
867	d2bt_866	BLOCKED	RELEASED
868	d2bt_867	BLOCKED	RELEASED
869	d2bt_868	BLOCKED	RELEASED
870	d2bt_869	BLOCKED	RELEASED
871	d2bt_870	BLOCKED	RELEASED
872	d2bt_871	BLOCKED	RELEASED
873	d2bt_872	BLOCKED	RELEASED
874	d2bt_873	BLOCKED	RELEASED
875	d2bt_874	BLOCKED	RELEASED
876	d2bt_875	BLOCKED	RELEASED
877	d2bt_876	BLOCKED	RELEASED
878	d2bt_877	BLOCKED	RELEASED
879	d2bt_878	BLOCKED	RELEASED
880	d2bt_879	BLOCKED	RELEASED
881	d2bt_880	BLOCKED	RELEASED
882	d2bt_881	BLOCKED	RELEASED
883	d2bt_882	BLOCKED	RELEASED
884	d2bt_883	BLOCKED	RELEASED
885	d2bt_884	BLOCKED	RELEASED
886	d2bt_885	BLOCKED	RELEASED
887	d2bt_886	BLOCKED	RELEASED
888	d2bt_887	BLOCKED	RELEASED
889	d2bt_888	BLOCKED	RELEASED
890	d2bt_889	BLOCKED	RELEASED
891	d2bt_890	BLOCKED	RELEASED
892	d2bt_891	BLOCKED	RELEASED
893	d2bt_892	BLOCKED	RELEASED
894	d2bt_893	BLOCKED	RELEASED
895	d2bt_894	BLOCKED	RELEASED
896	d2bt_895	BLOCKED	RELEASED
897	d2bt_896	BLOCKED	RELEASED
898	d2bt_897	BLOCKED	RELEASED
899	d2bt_898	BLOCKED	RELEASED
900	d2bt_899	BLOCKED	RELEASED
901	d2bt_900	BLOCKED	RELEASED
902	d2bt_901	BLOCKED	RELEASED
903	d2bt_902	BLOCKED	RELEASED
904	d2bt_903	BLOCKED	RELEASED
905	d2bt_904	BLOCKED	RELEASED
906	d2bt_905	BLOCKED	RELEASED
907	d2bt_906	BLOCKED	RELEASED
908	d2bt_907	BLOCKED	RELEASED
909	d2bt_908	BLOCKED	RELEASED
910	d2bt_909	BLOCKED	RELEASED
911	d2bt_910	BLOCKED	RELEASED
912	d2bt_911	BLOCKED	RELEASED
913	d2bt_912	BLOCKED	RELEASED
914	d2bt_913	BLOCKED	RELEASED
915	d2bt_914	BLOCKED	RELEASED
916	d2bt_915	BLOCKED	RELEASED
917	d2bt_916	BLOCKED	RELEASED
918	d2bt_917	BLOCKED	RELEASED
919	d2bt_918	BLOCKED	RELEASED
920	d2bt_919	BLOCKED	RELEASED
921	d2bt_920	BLOCKED	RELEASED
922	d2bt_921	BLOCKED	RELEASED
923	d2bt_922	BLOCKED	RELEASED
924	d2bt_923	BLOCKED	RELEASED
925	d2bt_924	BLOCKED	RELEASED
926	d2bt_925	BLOCKED	RELEASED
927	d2bt_926	BLOCKED	RELEASED
928	d2bt_927	BLOCKED	RELEASED
929	d2bt_928	BLOCKED	RELEASED
930	d2bt_929	BLOCKED	RELEASED
931	d2bt_930	BLOCKED	RELEASED
932	d2bt_931	BLOCKED	RELEASED
933	d2bt_932	BLOCKED	RELEASED
934	d2bt_933	BLOCKED	RELEASED
935	d2bt_934	BLOCKED	RELEASED
936	d2bt_935	BLOCKED	RELEASED
937	d2bt_936	BLOCKED	RELEASED
938	d2bt_937	BLOCKED	RELEASED
939	d2bt_938	BLOCKED	RELEASED
940	d2bt_939	BLOCKED	RELEASED
941	d2bt_940	BLOCKED	RELEASED
942	d2bt_941	BLOCKED	RELEASED
943	d2bt_942	BLOCKED	RELEASED
944	d2bt_943	BLOCKED	RELEASED
945	d2bt_944	BLOCKED	RELEASED
946	d2bt_945	BLOCKED	RELEASED
947	d2bt_946	BLOCKED	RELEASED
948	d2bt_947	BLOCKED	RELEASED
949	d2bt_948	BLOCKED	RELEASED
950	d2bt_949	BLOCKED	RELEASED
951	d2bt_950	BLOCKED	RELEASED
952	d2bt_951	BLOCKED	RELEASED
953	d2bt_952	BLOCKED	RELEASED
954	d2bt_953	BLOCKED	RELEASED
955	d2bt_954	BLOCKED	RELEASED
956	d2bt_955	BLOCKED	RELEASED
957	d2bt_956	BLOCKED	RELEASED
958	d2bt_957	BLOCKED	RELEASED
959	d2bt_958	BLOCKED	RELEASED
960	d2bt_959	BLOCKED	RELEASED
961	d2bt_960	BLOCKED	RELEASED
962	d2bt_961	BLOCKED	RELEASED
963	d2bt_962	BLOCKED	RELEASED
964	d2bt_963	BLOCKED	RELEASED
965	d2bt_964	BLOCKED	RELEASED
966	d2bt_965	BLOCKED	RELEASED
967	d2bt_966	BLOCKED	RELEASED
968	d2bt_967	BLOCKED	RELEASED
969	d2bt_968	BLOCKED	RELEASED
970	d2bt_969	BLOCKED	RELEASED
971	d2bt_970	BLOCKED	RELEASED
972	d2bt_971	BLOCKED	RELEASED
973	d2bt_972	BLOCKED	RELEASED
974	d2bt_973	BLOCKED	RELEASED
975	d2bt_974	BLOCKED	RELEASED
976	d2bt_975	BLOCKED	RELEASED
977	d2bt_976	BLOCKED	RELEASED
978	d2bt_977	BLOCKED	RELEASED
979	d2bt_978	BLOCKED	RELEASED
980	d2bt_979	BLOCKED	RELEASED
981	d2bt_980	BLOCKED	RELEASED
982	d2bt_981	BLOCKED	RELEASED
983	d2bt_982	BLOCKED	RELEASED
984	d2bt_983	BLOCKED	RELEASED
985	d2bt_984	BLOCKED	RELEASED
986	d2bt_985	BLOCKED	RELEASED
987	d2bt_986	BLOCKED	RELEASED
988	d2bt_987	BLOCKED	RELEASED
989	d2bt_988	BLOCKED	RELEASED
990	d2bt_989	BLOCKED	RELEASED
991	d2bt_990	BLOCKED	RELEASED
992	d2bt_991	BLOCKED	RELEASED
993	d2bt_992	BLOCKED	RELEASED
994	d2bt_993	BLOCKED	RELEASED
995	d2bt_994	BLOCKED	RELEASED
996	d2bt_995	BLOCKED	RELEASED
997	d2bt_996	BLOCKED	RELEASED
998	d2bt_997	BLOCKED	RELEASED
999	d2bt_998	BLOCKED	RELEASED
1000	d2bt_999	BLOCKED	RELEASED
1001	d2bt_1000	BLOCKED	RELEASED
1002	d2bt_1001	BLOCKED	RELEASED
1003	d2bt_1002	BLOCKED	RELEASED
1004	d2bt_1003	BLOCKED	RELEASED
1005	d2bt_1004	BLOCKED	RELEASED
1006	d2bt_1005	BLOCKED	RELEASED
1007	d2bt_1006	BLOCKED	RELEASED
1008	d2bt_1007	BLOCKED	RELEASED
1009	d2bt_1008	BLOCKED	RELEASED
1010	d2bt_1009	BLOCKED	RELEASED
1011	d2bt_1010	BLOCKED	RELEASED
1012	d2bt_1011	BLOCKED	RELEASED
1013	d2bt_1012	BLOCKED	RELEASED
1014	d2bt_1013	BLOCKED	RELEASED
1015	d2bt_1014	BLOCKED	RELEASED
1016	d2bt_1015	BLOCKED	RELEASED
1017	d2bt_1016	BLOCKED	RELEASED
1018	d2bt_1017	BLOCKED	RELEASED
1019	d2bt_1018	BLOCKED	RELEASED
1020	d2bt_1019	BLOCKED	RELEASED
1021	d2bt_1020	BLOCKED	RELEASED
1022	d2bt_1021	BLOCKED	RELEASED
1023	d2bt_1022	BLOCKED	RELEASED
1024	d2bt_1023	BLOCKED	RELEASED
1025	d2bt_1024	BLOCKED	RELEASED
1026	d2bt_1025	BLOCKED	RELEASED
1027	d2bt_1026	BLOCKED	RELEASED
1028	d2bt_1027	BLOCKED	RELEASED
1029	d2bt_1028	BLOCKED	RELEASED
1030	d2bt_1029	BLOCKED	RELEASED
1031	d2bt_1030	BLOCKED	RELEASED
1032	d2bt_1031	BLOCKED	RELEASED
1033	d2bt_1032	BLOCKED	RELEASED
1034	d2bt_1033	BLOCKED	RELEASED
1035	d2bt_1034	BLOCKED	RELEASED
1036	d2bt_1035	BLOCKED	RELEASED
1037	d2bt_1036	BLOCKED	RELEASED
1038	d2bt_1037	BLOCKED	RELEASED
1039	d2bt_1038	BLOCKED	RELEASED
1040	d2bt_1039	BLOCKED	RELEASED
1041	d2bt_1040	BLOCKED	RELEASED
1042	d2bt_1041	BLOCKED	RELEASED
1043	d2bt_1042	BLOCKED	RELEASED
1044	d2bt_1043	BLOCKED	RELEASED
1045	d2bt_1044	BLOCKED	RELEASED
1046	d2bt_1045	BLOCKED	RELEASED
1047	d2bt_1046	BLOCKED	RELEASED
1048	d2bt_1047	BLOCKED	RELEASED
1049	d2bt_1048	BLOCKED	RELEASED
1050	d2bt_1049	BLOCKED	RELEASED
1051	d2bt_1050	BLOCKED	RELEASED
1052	d2bt_1051	BLOCKED	RELEASED
1053	d2bt_1052	BLOCKED	RELEASED
1054	d2bt_1053	BLOCKED	RELEASED
1055	d2bt_1054	BLOCKED	RELEASED
1056	d2bt_1055	BLOCKED	RELEASED
1057	d2bt_1056	BLOCKED	RELEASED
1058	d2bt_1057	BLOCKED	RELEASED
1059	d2bt_1058	BLOCKED	RELEASED
1060	d2bt_1059	BLOCKED	RELEASED
1061	d2bt_1060	BLOCKED	RELEASED
1062	d2bt_1061	BLOCKED	RELEASED
1063	d2bt_1062	BLOCKED	RELEASED
1064	d2bt_1063	BLOCKED	RELEASED
1065	d2bt_1064	BLOCKED	RELEASED
1066	d2bt_1065	BLOCKED	RELEASED
1067	d2bt_1066	BLOCKED	RELEASED
1068	d2bt_1067	BLOCKED	RELEASED
1069	d2bt_1068	BLOCKED	RELEASED
1070	d2bt_1069	BLOCKED	RELEASED
1071	d2bt_1070	BLOCKED	RELEASED
1072	d2bt_1071	BLOCKED	RELEASED
1073	d2bt_1072	BLOCKED	RELEASED
1074	d2bt_1073	BLOCKED	RELEASED
1075	d2bt_1074	BLOCKED	RELEASED
1076	d2bt_1075	BLOCKED	RELEASED
1077	d2bt_1076	BLOCKED	RELEASED
1078	d2bt_1077	BLOCKED	RELEASED
1079	d2bf_1078	BLOCKED	WITHHELD
1080	d2bf_1079	BLOCKED	WITHHELD
1081	d2bf_1080	BLOCKED	RELEASED
1082	d2bf_1081	BLOCKED	RELEASED
1083	d2bf_1082	BLOCKED	WITHHELD
1084	d2bf_1083	BLOCKED	WITHHELD
1085	d2bf_1084	BLOCKED	RELEASED
1086	d2bf_1085	BLOCKED	WITHHELD
BT=1078 REL=1053 BF=8 FREL=3
