1	d2bt_0	BLOCKED	RELEASED
2	d2bt_1	BLOCKED	RELEASED
3	d2bt_2	BLOCKED	RELEASED
4	d2bt_3	BLOCKED	RELEASED
5	d2bt_4	BLOCKED	RELEASED
6	d2bt_5	BLOCKED	RELEASED
7	d2bt_6	BLOCKED	RELEASED
8	d2bt_7	BLOCKED	RELEASED
9	d2bt_8	BLOCKED	RELEASED
10	d2bt_9	BLOCKED	RELEASED
11	d2bt_10	BLOCKED	RELEASED
12	d2bt_11	BLOCKED	WITHHELD
13	d2bt_12	BLOCKED	RELEASED
14	d2bt_13	BLOCKED	RELEASED
15	d2bt_14	BLOCKED	RELEASED
16	d2bt_15	BLOCKED	RELEASED
17	d2bt_16	BLOCKED	WITHHELD
18	d2bt_17	BLOCKED	RELEASED
19	d2bt_18	BLOCKED	RELEASED
20	d2bt_19	BLOCKED	RELEASED
21	d2bf_20	BLOCKED	WITHHELD
22	d2bf_21	BLOCKED	WITHHELD
23	d2bf_22	BLOCKED	RELEASED
24	d2bf_23	BLOCKED	RELEASED
25	d2bf_24	BLOCKED	WITHHELD
26	d2bf_25	BLOCKED	WITHHELD
27	d2bf_26	BLOCKED	RELEASED
28	d2bf_27	BLOCKED	WITHHELD
BT=20 REL=18 BF=8 FREL=3
