1	rt4_TMB-5_MAP_g2_00779.r24	BACKTEST	BLOCKED	10983	CONFIRM_INSTALL	3
2	rt4_TMB-5_MAP_g2_00780.r24	BACKTEST	BLOCKED	10983	CONFIRM_INSTALL	3
3	rt4_TMB-5_MAP_g2_00781.r24	BACKTEST	BLOCKED	10983	CONFIRM_INSTALL	3
4	rt4_TMB-5_MAP_g2_00782.r24	BACKTEST	BLOCKED	10983	CONFIRM_INSTALL	3
5	rt4_TMB-5_MAP_g2_00783.r24	BACKTEST	BLOCKED	10983	CONFIRM_INSTALL	3
6	rt4_TMB-5_MAP_g2_00784.r24	BACKTEST	BLOCKED	10983	CONFIRM_INSTALL	3
7	rt4_TMB-5_MAP_g2_00785.r24	BACKTEST	BLOCKED	10983	CONFIRM_INSTALL	3
8	rt4_TMB-5_MAP_g2_00786.r24	BACKTEST	BLOCKED	10983	CONFIRM_INSTALL	3
9	rt4_TMB-5_MAP_g2_00787.r24	BACKTEST	BLOCKED	10983	CONFIRM_INSTALL	3
10	rt4_TMB-5_MAP_g2_00788.r24	BACKTEST	BLOCKED	10983	CONFIRM_INSTALL	3
11	rt4_TMB-5_MAP_g2_00789.r24	BACKTEST	BLOCKED	10983	CONFIRM_INSTALL	3
12	rt4_TMB-5_MAP_g2_00790.r24	BACKTEST	BLOCKED	10983	CONFIRM_INSTALL	3
13	rt4_TMB-5_MAP_g2_00791.r24	BACKTEST	BLOCKED	10983	CONFIRM_INSTALL	3
14	rt4_TMB-5_MAP_g2_00792.r24	BACKTEST	BLOCKED	10983	CONFIRM_INSTALL	3
15	rt4_TMB-5_MAP_g2_00793.r24	BACKTEST	BLOCKED	10983	CONFIRM_INSTALL	3
16	rt4_TMB-5_MAP_g2_00794.r24	BACKTEST	BLOCKED	10983	CONFIRM_INSTALL	3
17	rt4_TMB-5_MAP_g2_00795.r24	BACKTEST	BLOCKED	10983	CONFIRM_INSTALL	3
18	rt4_TMB-5_MAP_g2_00796.r24	BACKTEST	BLOCKED	10983	CONFIRM_INSTALL	3
19	rt4_TMB-5_MAP_g2_00797.r24	BACKTEST	BLOCKED	10983	CONFIRM_INSTALL	3
20	rt4_TMB-5_MAP_g2_00798.r24	BACKTEST	BLOCKED	10983	CONFIRM_INSTALL	3
21	rt4_TMB-5_MAP_g2_00799.r24	BACKTEST	BLOCKED	10983	CONFIRM_INSTALL	3
22	rt4_TMB-5_MAP_g2_00800.r24	BACKTEST	BLOCKED	10983	CONFIRM_INSTALL	3
23	rt4_TMB-5_MAP_g2_00801.r24	BACKTEST	BLOCKED	10983	CONFIRM_INSTALL	3
24	rt4_TMB-5_MAP_g2_00802.r24	BACKTEST	BLOCKED	10983	CONFIRM_INSTALL	3
25	rt4_TMB-5_MAP_g2_00803.r24	BACKTEST	BLOCKED	10983	CONFIRM_INSTALL	3
26	rt4_TMB-5_MAP_g2_00804.r24	BACKTEST	BLOCKED	10983	CONFIRM_INSTALL	3
27	rt4_TMB-5_MAP_g2_00805.r24	BACKTEST	BLOCKED	10983	CONFIRM_INSTALL	3
28	rt4_TMB-5_MAP_g2_00806.r24	BACKTEST	BLOCKED	10983	CONFIRM_INSTALL	3
29	rt4_TMB-5_MAP_g2_00807.r24	BACKTEST	BLOCKED	10983	CONFIRM_INSTALL	3
30	rt4_TMB-5_MAP_g2_00808.r24	BACKTEST	BLOCKED	10983	CONFIRM_INSTALL	3
31	rt4_TMB-5_MAP_g2_00809.r24	BACKTEST	BLOCKED	10983	CONFIRM_INSTALL	3
32	rt4_TMB-5_MAP_g2_00810.r24	BACKTEST	BLOCKED	10983	CONFIRM_INSTALL	3
33	rt4_TMB-5_MAP_g2_00811.r24	BACKTEST	BLOCKED	10983	CONFIRM_INSTALL	3
34	rt4_TMB-5_MAP_g2_00812.r24	BACKTEST	BLOCKED	10983	CONFIRM_INSTALL	3
35	rt4_TMB-5_MAP_g2_00813.r24	BACKTEST	BLOCKED	10983	CONFIRM_INSTALL	3
36	rt4_TMB-5_MAP_g2_00814.r24	BACKTEST	BLOCKED	10983	CONFIRM_INSTALL	3
37	rt4_TMB-5_MAP_g2_00815.r24	BACKTEST	BLOCKED	10983	CONFIRM_INSTALL	3
38	rt4_TMB-5_MAP_g2_00816.r24	BACKTEST	BLOCKED	10983	CONFIRM_INSTALL	3
39	rt4_TMB-5_MAP_g2_00817.r24	BACKTEST	BLOCKED	10983	CONFIRM_INSTALL	3
40	rt4_TMB-5_MAP_g2_00818.r24	BACKTEST	BLOCKED	10983	CONFIRM_INSTALL	3
41	rt4_TMB-5_MAP_g2_00819.r24	BACKTEST	BLOCKED	10983	CONFIRM_INSTALL	3
42	rt4_TMB-5_MAP_g2_00820.r24	BACKTEST	BLOCKED	10983	CONFIRM_INSTALL	3
43	rt4_TMB-5_MAP_g2_00821.r24	BACKTEST	BLOCKED	10983	CONFIRM_INSTALL	3
44	rt4_TMB-5_MAP_g2_00822.r24	BACKTEST	BLOCKED	10983	CONFIRM_INSTALL	3
45	rt4_TMB-5_MAP_g2_00823.r24	BACKTEST	BLOCKED	10983	CONFIRM_INSTALL	3
46	rt4_TMB-5_MAP_g2_00824.r24	BACKTEST	BLOCKED	10983	CONFIRM_INSTALL	3
47	rt4_TMB-5_MAP_g2_00825.r24	BACKTEST	BLOCKED	10983	CONFIRM_INSTALL	3
48	rt4_TMB-5_MAP_g2_00826.r24	BACKTEST	BLOCKED	10983	CONFIRM_INSTALL	3
49	rt4_TMB-5_MAP_g2_00827.r24	BACKTEST	BLOCKED	10983	CONFIRM_INSTALL	3
50	rt4_TMB-5_MAP_g2_00828.r24	BACKTEST	BLOCKED	10983	CONFIRM_INSTALL	3
51	rt4_TMB-5_MAP_g2_00829.r24	BACKTEST	BLOCKED	10983	CONFIRM_INSTALL	3
52	rt4_TMB-5_MAP_g2_00830.r24	BACKTEST	BLOCKED	10983	CONFIRM_INSTALL	3
53	rt4_TMB-5_MAP_g2_00831.r24	BACKTEST	BLOCKED	10983	CONFIRM_INSTALL	3
54	rt4_TMB-5_MAP_g2_00832.r24	BACKTEST	BLOCKED	10983	CONFIRM_INSTALL	3
55	rt4_TMB-5_MAP_g2_00833.r24	BACKTEST	BLOCKED	10983	CONFIRM_INSTALL	3
56	rt4_TMB-5_MAP_g2_00834.r24	BACKTEST	BLOCKED	10983	CONFIRM_INSTALL	3
57	rt4_TMB-5_MAP_g2_00835.r24	BACKTEST	BLOCKED	10983	CONFIRM_INSTALL	3
58	rt4_TMB-5_MAP_g2_00836.r24	BACKTEST	BLOCKED	10983	CONFIRM_INSTALL	3
59	rt4_TMB-5_MAP_g2_00837.r24	BACKTEST	BLOCKED	10983	CONFIRM_INSTALL	3
60	rt4_TMB-5_MAP_g2_00838.r24	BACKTEST	BLOCKED	10983	CONFIRM_INSTALL	3
61	rt4_TMB-5_MAP_g2_00839.r24	BACKTEST	BLOCKED	10983	CONFIRM_INSTALL	3
62	rt4_TMB-5_MAP_g2_00840.r24	BACKTEST	BLOCKED	10983	CONFIRM_INSTALL	3
63	rt4_TMB-5_MAP_g2_00841.r24	BACKTEST	BLOCKED	10983	CONFIRM_INSTALL	3
64	rt4_TMB-5_MAP_g2_00842.r24	BACKTEST	BLOCKED	10983	CONFIRM_INSTALL	3
65	rt4_TMB-5_MAP_g2_00843.r24	BACKTEST	BLOCKED	10983	CONFIRM_INSTALL	3
66	rt4_TMB-5_MAP_g2_00844.r24	BACKTEST	BLOCKED	10983	CONFIRM_INSTALL	3
67	rt4_TMB-5_MAP_g2_00845.r24	BACKTEST	BLOCKED	10983	CONFIRM_INSTALL	3
68	rt4_TMB-5_MAP_g2_00846.r24	BACKTEST	BLOCKED	10983	CONFIRM_INSTALL	3
69	rt4_TMB-5_MAP_g2_00847.r24	BACKTEST	BLOCKED	10983	CONFIRM_INSTALL	3
70	rt4_TMB-5_MAP_g2_00848.r24	BACKTEST	BLOCKED	10983	CONFIRM_INSTALL	3
71	rt4_TMB-5_MAP_g2_00849.r24	BACKTEST	BLOCKED	10983	CONFIRM_INSTALL	3
72	rt4_TMB-5_MAP_g2_00850.r24	BACKTEST	BLOCKED	10983	CONFIRM_INSTALL	3
73	rt4_TMB-5_MAP_g2_00851.r24	BACKTEST	BLOCKED	10983	CONFIRM_INSTALL	3
74	rt4_TMB-5_MAP_g2_00852.r24	BACKTEST	BLOCKED	10983	CONFIRM_INSTALL	3
75	rt4_TMB-5_MAP_g2_00853.r24	BACKTEST	BLOCKED	10983	CONFIRM_INSTALL	3
76	rt4_TMB-5_MAP_g2_00854.r24	BACKTEST	BLOCKED	10983	CONFIRM_INSTALL	3
77	rt4_TMB-5_MAP_g2_00855.r24	BACKTEST	BLOCKED	10983	CONFIRM_INSTALL	3
78	rt4_TMB-5_MAP_g2_00856.r24	BACKTEST	BLOCKED	10983	CONFIRM_INSTALL	3
79	rt4_TMB-5_MAP_g2_00857.r24	BACKTEST	BLOCKED	10983	CONFIRM_INSTALL	3
80	rt4_TMB-5_MAP_g2_00858.r24	BACKTEST	BLOCKED	10983	CONFIRM_INSTALL	3
81	rt4_TMB-5_MAP_g2_00859.r24	BACKTEST	BLOCKED	10983	CONFIRM_INSTALL	3
82	rt4_TMB-5_MAP_g2_00860.r24	BACKTEST	BLOCKED	10983	CONFIRM_INSTALL	3
83	rt4_TMB-5_MAP_g2_00861.r24	BACKTEST	BLOCKED	10983	CONFIRM_INSTALL	3
84	rt4_TMB-5_MAP_g2_00862.r24	BACKTEST	BLOCKED	10983	CONFIRM_INSTALL	3
85	rt4_TMB-5_MAP_g2_00863.r24	BACKTEST	BLOCKED	10983	CONFIRM_INSTALL	3
86	rt4_TMB-5_MAP_g2_00864.r24	BACKTEST	BLOCKED	10983	CONFIRM_INSTALL	3
87	rt4_TMB-5_MAP_g2_00865.r24	BACKTEST	BLOCKED	10983	CONFIRM_INSTALL	3
88	rt4_TMB-5_MAP_g2_00866.r24	BACKTEST	BLOCKED	10983	CONFIRM_INSTALL	3
89	rt4_TMB-5_MAP_g2_00867.r24	BACKTEST	BLOCKED	10983	CONFIRM_INSTALL	3
90	rt4_TMB-5_MAP_g2_00868.r24	BACKTEST	BLOCKED	10983	CONFIRM_INSTALL	3
91	rt4_TMB-5_MAP_g2_00869.r24	BACKTEST	BLOCKED	10983	CONFIRM_INSTALL	3
92	rt4_TMB-5_MAP_g2_00870.r24	BACKTEST	BLOCKED	10983	CONFIRM_INSTALL	3
93	rt4_TMB-5_MAP_g2_00871.r24	BACKTEST	BLOCKED	10983	CONFIRM_INSTALL	3
94	rt4_TMB-5_MAP_g2_00872.r24	BACKTEST	BLOCKED	10983	CONFIRM_INSTALL	3
95	rt4_TMB-5_MAP_g2_00873.r24	BACKTEST	BLOCKED	10983	CONFIRM_INSTALL	3
96	rt4_TMB-5_MAP_g2_00874.r24	BACKTEST	BLOCKED	10983	CONFIRM_INSTALL	3
97	rt4_TMB-5_MAP_g2_00875.r24	BACKTEST	BLOCKED	10983	CONFIRM_INSTALL	3
98	rt4_TMB-5_MAP_g2_00876.r24	BACKTEST	BLOCKED	10983	CONFIRM_INSTALL	3
99	rt4_TMB-5_MAP_g2_00877.r24	BACKTEST	BLOCKED	10983	CONFIRM_INSTALL	3
100	rt4_TMB-5_MAP_g2_00878.r24	BACKTEST	BLOCKED	10983	CONFIRM_INSTALL	3
101	rt4_TMB-5_MAP_g2_00879.r24	BACKTEST	BLOCKED	10983	CONFIRM_INSTALL	3
102	rt4_TMB-5_MAP_g2_00880.r24	BACKTEST	BLOCKED	10983	CONFIRM_INSTALL	3
103	rt4_TMB-5_MAP_g2_00881.r24	BACKTEST	BLOCKED	10983	CONFIRM_INSTALL	3
104	rt4_TMB-5_MAP_g2_00882.r24	BACKTEST	BLOCKED	10983	CONFIRM_INSTALL	3
105	rt4_TMB-5_MAP_g2_00883.r24	BACKTEST	BLOCKED	10983	CONFIRM_INSTALL	3
106	rt4_TMB-5_MAP_g2_00884.r24	BACKTEST	BLOCKED	10983	CONFIRM_INSTALL	3
107	rt4_TMB-5_MAP_g2_00885.r24	BACKTEST	BLOCKED	10983	CONFIRM_INSTALL	3
108	rt4_TMB-5_MAP_g2_00886.r24	BACKTEST	BLOCKED	10983	CONFIRM_INSTALL	3
109	rt4_TMB-5_MAP_g2_00887.r24	BACKTEST	BLOCKED	10983	CONFIRM_INSTALL	3
110	rt4_TMB-5_MAP_g2_00888.r24	BACKTEST	BLOCKED	10983	CONFIRM_INSTALL	3
111	rt4_TMB-5_MAP_g2_00889.r24	BACKTEST	BLOCKED	10983	CONFIRM_INSTALL	3
112	rt4_TMB-5_MAP_g2_00890.r24	BACKTEST	BLOCKED	10983	CONFIRM_INSTALL	3
113	rt4_TMB-5_MAP_g2_00891.r24	BACKTEST	BLOCKED	10983	CONFIRM_INSTALL	3
114	rt4_TMB-5_MAP_g2_00892.r24	BACKTEST	BLOCKED	10983	CONFIRM_INSTALL	3
115	rt4_TMB-5_MAP_g2_00893.r24	BACKTEST	BLOCKED	10983	CONFIRM_INSTALL	3
116	rt4_TMB-5_MAP_g2_00894.r24	BACKTEST	BLOCKED	10983	CONFIRM_INSTALL	3
117	rt4_TMB-5_MAP_g2_00895.r24	BACKTEST	BLOCKED	10983	CONFIRM_INSTALL	3
118	rt4_TMB-5_MAP_g2_00896.r24	BACKTEST	BLOCKED	10983	CONFIRM_INSTALL	3
119	rt4_TMB-5_MAP_g2_00897.r24	BACKTEST	BLOCKED	10983	CONFIRM_INSTALL	3
120	rt4_TMB-5_MAP_g2_00898.r24	BACKTEST	BLOCKED	10983	CONFIRM_INSTALL	3
121	rt4_TMB-5_MAP_g2_00899.r24	BACKTEST	BLOCKED	10983	CONFIRM_INSTALL	3
122	rt4_TMB-5_MAP_g2_00900.r24	BACKTEST	BLOCKED	10983	CONFIRM_INSTALL	3
123	rt4_TMB-5_MAP_g2_00901.r24	BACKTEST	BLOCKED	10983	CONFIRM_INSTALL	3
124	rt4_TMB-5_MAP_g2_00902.r24	BACKTEST	BLOCKED	10983	CONFIRM_INSTALL	3
125	rt4_TMB-5_MAP_g2_00903.r24	BACKTEST	BLOCKED	10983	CONFIRM_INSTALL	3
126	rt4_TMB-5_MAP_g2_00904.r24	BACKTEST	BLOCKED	10983	CONFIRM_INSTALL	3
127	rt4_TMB-5_MAP_g2_00905.r24	BACKTEST	BLOCKED	10983	CONFIRM_INSTALL	3
128	rt4_TMB-5_MAP_g2_00906.r24	BACKTEST	BLOCKED	10983	CONFIRM_INSTALL	3
129	rt4_TMB-5_MAP_g2_00907.r24	BACKTEST	BLOCKED	10983	CONFIRM_INSTALL	3
130	rt4_TMB-5_MAP_g2_00908.r24	BACKTEST	BLOCKED	10983	CONFIRM_INSTALL	3
131	rt4_TMB-5_MAP_g2_00909.r24	BACKTEST	BLOCKED	10983	CONFIRM_INSTALL	3
132	rt4_TMB-5_MAP_g2_00910.r24	BACKTEST	BLOCKED	10983	CONFIRM_INSTALL	3
133	rt4_TMB-5_MAP_g2_00911.r24	BACKTEST	BLOCKED	10983	CONFIRM_INSTALL	3
134	rt4_TMB-5_MAP_g2_00912.r24	BACKTEST	BLOCKED	10983	CONFIRM_INSTALL	3
135	rt4_TMB-5_MAP_g2_00913.r24	BACKTEST	BLOCKED	10983	CONFIRM_INSTALL	3
136	rt4_TMB-5_MAP_g2_00914.r24	BACKTEST	BLOCKED	10983	CONFIRM_INSTALL	3
137	rt4_TMB-5_MAP_g2_00915.r24	BACKTEST	BLOCKED	10983	CONFIRM_INSTALL	3
138	rt4_TMB-5_MAP_g2_00916.r24	BACKTEST	BLOCKED	10983	CONFIRM_INSTALL	3
139	rt4_TMB-5_MAP_g2_00917.r24	BACKTEST	BLOCKED	10983	CONFIRM_INSTALL	3
140	rt4_TMB-5_MAP_g2_00918.r24	BACKTEST	BLOCKED	10983	CONFIRM_INSTALL	3
141	rt4_TMB-5_MAP_g2_00919.r24	BACKTEST	BLOCKED	10983	CONFIRM_INSTALL	3
142	rt4_TMB-5_MAP_g2_00920.r24	BACKTEST	BLOCKED	10983	CONFIRM_INSTALL	3
143	rt4_TMB-5_MAP_g2_00921.r24	BACKTEST	BLOCKED	10983	CONFIRM_INSTALL	3
144	rt4_TMB-5_MAP_g2_00922.r24	BACKTEST	BLOCKED	10983	CONFIRM_INSTALL	3
145	rt4_TMB-5_MAP_g2_00923.r24	BACKTEST	BLOCKED	10983	CONFIRM_INSTALL	3
146	rt4_TMB-5_MAP_g2_00924.r24	BACKTEST	BLOCKED	10983	CONFIRM_INSTALL	3
147	rt4_TMB-5_MAP_g2_00925.r24	BACKTEST	BLOCKED	10983	CONFIRM_INSTALL	3
148	rt4_TMB-5_MAP_g2_00926.r24	BACKTEST	BLOCKED	10983	CONFIRM_INSTALL	3
149	rt4_TMB-5_MAP_g2_00927.r24	BACKTEST	BLOCKED	10983	CONFIRM_INSTALL	3
150	rt4_TMB-5_MAP_g2_00928.r24	BACKTEST	BLOCKED	10983	CONFIRM_INSTALL	3
151	rt4_TMB-5_MAP_g2_00929.r24	BACKTEST	BLOCKED	10983	CONFIRM_INSTALL	3
152	rt4_TMB-5_MAP_g2_00930.r24	BACKTEST	BLOCKED	10983	CONFIRM_INSTALL	3
153	rt4_TMB-5_MAP_g2_00931.r24	BACKTEST	BLOCKED	10983	CONFIRM_INSTALL	3
154	rt4_TMB-5_MAP_g2_00932.r24	BACKTEST	BLOCKED	10983	CONFIRM_INSTALL	3
155	rt4_TMB-5_MAP_g2_00933.r24	BACKTEST	BLOCKED	10983	CONFIRM_INSTALL	3
156	rt4_TMB-5_MAP_g2_00934.r24	BACKTEST	BLOCKED	10983	CONFIRM_INSTALL	3
157	rt4_TMB-5_MAP_g2_00935.r24	BACKTEST	BLOCKED	10983	CONFIRM_INSTALL	3
158	rt4_TMB-5_MAP_g2_00936.r24	BACKTEST	BLOCKED	10983	CONFIRM_INSTALL	3
159	rt4_TMB-5_MAP_g2_00937.r24	BACKTEST	BLOCKED	10983	CONFIRM_INSTALL	3
160	rt4_TMB-5_MAP_g2_00938.r24	BACKTEST	BLOCKED	10983	CONFIRM_INSTALL	3
161	rt4_TMB-5_MAP_g2_00939.r24	BACKTEST	BLOCKED	10983	CONFIRM_INSTALL	3
162	rt4_TMB-5_MAP_g2_00940.r24	BACKTEST	BLOCKED	10983	CONFIRM_INSTALL	3
163	rt4_TMB-5_MAP_g2_00941.r24	BACKTEST	BLOCKED	10983	CONFIRM_INSTALL	3
164	rt4_TMB-5_MAP_g2_00942.r24	BACKTEST	BLOCKED	10983	CONFIRM_INSTALL	3
165	rt4_TMB-5_MAP_g2_00943.r24	BACKTEST	BLOCKED	10983	CONFIRM_INSTALL	3
166	rt4_TMB-5_MAP_g2_00944.r24	BACKTEST	BLOCKED	10983	CONFIRM_INSTALL	3
167	rt4_TMB-5_MAP_g2_00945.r24	BACKTEST	BLOCKED	10983	CONFIRM_INSTALL	3
168	rt4_TMB-5_MAP_g2_00946.r24	BACKTEST	BLOCKED	10983	CONFIRM_INSTALL	3
169	rt4_TMB-5_MAP_g2_00947.r24	BACKTEST	BLOCKED	10983	CONFIRM_INSTALL	3
170	rt4_TMB-5_MAP_g2_00948.r24	BACKTEST	BLOCKED	10983	CONFIRM_INSTALL	3
171	rt4_TMB-5_MAP_g2_00949.r24	BACKTEST	BLOCKED	10983	CONFIRM_INSTALL	3
172	rt4_TMB-5_MAP_g2_00950.r24	BACKTEST	BLOCKED	10983	CONFIRM_INSTALL	3
173	rt4_TMB-5_MAP_g2_00951.r24	BACKTEST	BLOCKED	10983	CONFIRM_INSTALL	3
174	rt4_TMB-5_MAP_g2_00952.r24	BACKTEST	BLOCKED	10983	CONFIRM_INSTALL	3
175	rt4_TMB-5_MAP_g2_00953.r24	BACKTEST	BLOCKED	10983	CONFIRM_INSTALL	3
176	rt4_TMB-5_MAP_g2_00954.r24	BACKTEST	BLOCKED	10983	CONFIRM_INSTALL	3
177	rt4_TMB-5_MAP_g2_00955.r24	BACKTEST	BLOCKED	10983	CONFIRM_INSTALL	3
178	rt4_TMB-5_MAP_g2_00956.r24	BACKTEST	BLOCKED	10983	CONFIRM_INSTALL	3
179	rt4_TMB-5_MAP_g2_00957.r24	BACKTEST	BLOCKED	10983	CONFIRM_INSTALL	3
180	rt4_TMB-5_MAP_g2_00958.r24	BACKTEST	BLOCKED	10983	CONFIRM_INSTALL	3
181	rt4_TMB-5_MAP_g2_00959.r24	BACKTEST	BLOCKED	10983	CONFIRM_INSTALL	3
182	rt4_TMB-5_MAP_g2_00960.r24	BACKTEST	BLOCKED	10983	CONFIRM_INSTALL	3
183	rt4_TMB-5_MAP_g2_00961.r24	BACKTEST	BLOCKED	10983	CONFIRM_INSTALL	3
184	rt4_TMB-5_MAP_g2_00962.r24	BACKTEST	BLOCKED	10983	CONFIRM_INSTALL	3
185	rt4_TMB-5_MAP_g2_00963.r24	BACKTEST	BLOCKED	10983	CONFIRM_INSTALL	3
186	rt4_TMB-5_MAP_g2_00964.r24	BACKTEST	BLOCKED	10983	CONFIRM_INSTALL	3
187	rt4_TMB-5_MAP_g2_00965.r24	BACKTEST	BLOCKED	10983	CONFIRM_INSTALL	3
188	rt4_TMB-5_MAP_g2_00966.r24	BACKTEST	BLOCKED	10983	CONFIRM_INSTALL	3
189	rt4_TMB-5_MAP_g2_00967.r24	BACKTEST	BLOCKED	10983	CONFIRM_INSTALL	3
190	rt4_TMB-5_MAP_g2_00968.r24	BACKTEST	BLOCKED	10983	CONFIRM_INSTALL	3
191	rt4_TMB-5_MAP_g2_00969.r24	BACKTEST	BLOCKED	10983	CONFIRM_INSTALL	3
192	rt4_TMB-5_MAP_g2_00970.r24	BACKTEST	BLOCKED	10983	CONFIRM_INSTALL	3
193	rt4_TMB-5_MAP_g2_00971.r24	BACKTEST	BLOCKED	10983	CONFIRM_INSTALL	3
194	rt4_TMB-5_MAP_g2_00972.r24	BACKTEST	BLOCKED	10983	CONFIRM_INSTALL	3
195	rt4_TMB-5_MAP_g2_00973.r24	BACKTEST	BLOCKED	10983	CONFIRM_INSTALL	3
196	rt4_TMB-5_MAP_g2_00974.r24	BACKTEST	BLOCKED	10983	CONFIRM_INSTALL	3
197	rt4_TMB-5_MAP_g2_00975.r24	BACKTEST	BLOCKED	10983	CONFIRM_INSTALL	3
198	rt4_TMB-5_MAP_g2_00976.r24	BACKTEST	BLOCKED	10983	CONFIRM_INSTALL	3
199	rt4_TMB-5_MAP_g2_00977.r24	BACKTEST	BLOCKED	10983	CONFIRM_INSTALL	3
200	rt4_TMB-5_MAP_g2_00978.r24	BACKTEST	BLOCKED	10983	CONFIRM_INSTALL	3
201	rt4_TMB-5_MAP_g2_00979.r24	BACKTEST	BLOCKED	10983	CONFIRM_INSTALL	3
202	rt4_TMB-5_MAP_g2_00980.r24	BACKTEST	BLOCKED	10983	CONFIRM_INSTALL	3
203	rt4_TMB-5_MAP_g2_00981.r24	BACKTEST	BLOCKED	10983	CONFIRM_INSTALL	3
204	rt4_TMB-5_MAP_g2_00982.r24	BACKTEST	BLOCKED	10983	CONFIRM_INSTALL	3
205	rt4_TMB-5_MAP_g2_00983.r24	BACKTEST	BLOCKED	10983	CONFIRM_INSTALL	3
206	rt4_TMB-5_MAP_g2_00984.r24	BACKTEST	BLOCKED	10983	CONFIRM_INSTALL	3
207	rt4_TMB-5_MAP_g2_00985.r24	BACKTEST	BLOCKED	10983	CONFIRM_INSTALL	3
208	rt4_TMB-5_MAP_g2_00986.r24	BACKTEST	BLOCKED	10983	CONFIRM_INSTALL	3
209	rt4_TMB-5_MAP_g2_00987.r24	BACKTEST	BLOCKED	10983	CONFIRM_INSTALL	3
210	rt4_TMB-5_MAP_g2_00988.r24	BACKTEST	BLOCKED	10983	CONFIRM_INSTALL	3
211	rt4_TMB-5_MAP_g2_00989.r24	BACKTEST	BLOCKED	10983	CONFIRM_INSTALL	3
212	rt4_TMB-5_MAP_g2_00990.r24	BACKTEST	BLOCKED	10983	CONFIRM_INSTALL	3
213	rt4_TMB-5_MAP_g2_00991.r24	BACKTEST	BLOCKED	10983	CONFIRM_INSTALL	3
214	rt4_TMB-5_MAP_g2_00992.r24	BACKTEST	BLOCKED	10983	CONFIRM_INSTALL	3
215	rt4_TMB-5_MAP_g2_00993.r24	BACKTEST	BLOCKED	10983	CONFIRM_INSTALL	3
216	rt4_TMB-5_MAP_g2_00994.r24	BACKTEST	BLOCKED	10983	CONFIRM_INSTALL	3
217	rt4_TMB-5_MAP_g2_00995.r24	BACKTEST	BLOCKED	10983	CONFIRM_INSTALL	3
218	rt4_TMB-5_MAP_g2_00996.r24	BACKTEST	BLOCKED	10983	CONFIRM_INSTALL	3
219	rt4_TMB-5_MAP_g2_00997.r24	BACKTEST	BLOCKED	10983	CONFIRM_INSTALL	3
220	rt4_TMB-5_MAP_g2_00998.r24	BACKTEST	BLOCKED	10983	CONFIRM_INSTALL	3
221	rt4_TMB-5_MAP_g2_00999.r24	BACKTEST	BLOCKED	10983	CONFIRM_INSTALL	3
222	rt4_TMB-5_MAP_g2_01000.r24	BACKTEST	BLOCKED	10983	CONFIRM_INSTALL	3
223	rt4_TMB-5_MAP_g2_01001.r24	BACKTEST	BLOCKED	10983	CONFIRM_INSTALL	3
224	rt4_TMB-5_MAP_g2_01002.r24	BACKTEST	BLOCKED	10983	CONFIRM_INSTALL	3
225	rt4_TMB-5_MAP_g2_01003.r24	BACKTEST	BLOCKED	10983	CONFIRM_INSTALL	3
226	rt4_TMB-5_MAP_g2_01004.r24	BACKTEST	BLOCKED	10983	CONFIRM_INSTALL	3
227	rt4_TMB-5_MAP_g2_01005.r24	BACKTEST	BLOCKED	10983	CONFIRM_INSTALL	3
228	rt4_TMB-5_MAP_g2_01006.r24	BACKTEST	BLOCKED	10983	CONFIRM_INSTALL	3
229	rt4_TMB-5_MAP_g2_01007.r24	BACKTEST	BLOCKED	10983	CONFIRM_INSTALL	3
230	rt4_TMB-5_MAP_g2_01008.r24	BACKTEST	BLOCKED	10983	CONFIRM_INSTALL	3
231	rt4_TMB-5_MAP_g2_01009.r24	BACKTEST	BLOCKED	10983	CONFIRM_INSTALL	3
232	rt4_TMB-5_MAP_g2_01010.r24	BACKTEST	BLOCKED	10983	CONFIRM_INSTALL	3
233	rt4_TMB-5_MAP_g2_01011.r24	BACKTEST	BLOCKED	10983	CONFIRM_INSTALL	3
234	rt4_TMB-5_MAP_g2_01012.r24	BACKTEST	BLOCKED	10983	CONFIRM_INSTALL	3
235	rt4_TMB-5_MAP_g2_01013.r24	BACKTEST	BLOCKED	10983	CONFIRM_INSTALL	3
236	rt4_TMB-5_MAP_g2_01014.r24	BACKTEST	BLOCKED	10983	CONFIRM_INSTALL	3
237	rt4_TMB-5_MAP_g2_01015.r24	BACKTEST	BLOCKED	10983	CONFIRM_INSTALL	3
238	rt4_TMB-5_MAP_g2_01016.r24	BACKTEST	BLOCKED	10983	CONFIRM_INSTALL	3
239	rt4_TMB-5_MAP_g2_01017.r24	BACKTEST	BLOCKED	10983	CONFIRM_INSTALL	3
240	rt4_TMB-5_MAP_g2_01018.r24	BACKTEST	BLOCKED	10983	CONFIRM_INSTALL	3
241	rt4_TMB-5_MAP_g2_01019.r24	BACKTEST	BLOCKED	10983	CONFIRM_INSTALL	3
242	rt4_TMB-5_MAP_g2_01020.r24	BACKTEST	BLOCKED	10983	CONFIRM_INSTALL	3
243	rt4_TMB-5_MAP_g2_01021.r24	BACKTEST	BLOCKED	10983	CONFIRM_INSTALL	3
244	rt4_TMB-5_MAP_g2_01022.r24	BACKTEST	BLOCKED	10983	CONFIRM_INSTALL	3
245	rt4_TMB-5_MAP_g2_01023.r24	BACKTEST	BLOCKED	10983	CONFIRM_INSTALL	3
246	rt4_TMB-5_MAP_g2_01024.r24	BACKTEST	BLOCKED	10983	CONFIRM_INSTALL	3
247	rt4_TMB-5_MAP_g2_01025.r24	BACKTEST	BLOCKED	10983	CONFIRM_INSTALL	3
248	rt4_TMB-5_MAP_g2_01026.r24	BACKTEST	BLOCKED	10983	CONFIRM_INSTALL	3
249	rt4_TMB-5_MAP_g2_01027.r24	BACKTEST	BLOCKED	10983	CONFIRM_INSTALL	3
250	rt4_TMB-5_MAP_g2_01028.r24	BACKTEST	BLOCKED	10983	CONFIRM_INSTALL	3
251	rt4_TMB-5_MAP_g2_01029.r24	BACKTEST	BLOCKED	10983	CONFIRM_INSTALL	3
252	rt4_TMB-5_MAP_g2_01030.r24	BACKTEST	BLOCKED	10983	CONFIRM_INSTALL	3
253	rt4_TMB-5_MAP_g2_01031.r24	BACKTEST	BLOCKED	10983	CONFIRM_INSTALL	3
254	rt4_TMB-5_MAP_g2_01032.r24	BACKTEST	BLOCKED	10983	CONFIRM_INSTALL	3
255	rt4_TMB-5_MAP_g2_01033.r24	BACKTEST	BLOCKED	10983	CONFIRM_INSTALL	3
256	rt4_TMB-5_MAP_g2_01034.r24	BACKTEST	BLOCKED	10983	CONFIRM_INSTALL	3
257	rt4_TMB-5_MAP_g2_01035.r24	BACKTEST	BLOCKED	10983	CONFIRM_INSTALL	3
258	rt4_TMB-5_MAP_g2_01036.r24	BACKTEST	BLOCKED	10983	CONFIRM_INSTALL	3
259	rt4_TMB-5_MAP_g2_01037.r24	BACKTEST	BLOCKED	10983	CONFIRM_INSTALL	3
260	rt4_TMB-5_MAP_g2_01038.r24	BACKTEST	BLOCKED	10983	CONFIRM_INSTALL	3
261	rt4_TMB-5_MAP_g2_01039.r24	BACKTEST	BLOCKED	10983	CONFIRM_INSTALL	3
262	rt4_TMB-5_MAP_g2_01040.r24	BACKTEST	BLOCKED	10983	CONFIRM_INSTALL	3
263	rt4_TMB-5_MAP_g2_01041.r24	BACKTEST	BLOCKED	10983	CONFIRM_INSTALL	3
264	rt4_TMB-5_MAP_g2_01042.r24	BACKTEST	BLOCKED	10983	CONFIRM_INSTALL	3
265	rt4_TMB-5_MAP_g2_01043.r24	BACKTEST	BLOCKED	10983	CONFIRM_INSTALL	3
266	rt4_TMB-5_MAP_g2_01044.r24	BACKTEST	BLOCKED	10983	CONFIRM_INSTALL	3
267	rt4_TMB-5_MAP_g2_01045.r24	BACKTEST	BLOCKED	10983	CONFIRM_INSTALL	3
268	rt4_TMB-5_MAP_g2_01046.r24	BACKTEST	BLOCKED	10983	CONFIRM_INSTALL	3
269	rt4_TMB-5_MAP_g2_01047.r24	BACKTEST	BLOCKED	10983	CONFIRM_INSTALL	3
270	rt4_TMB-5_MAP_g2_01048.r24	BACKTEST	BLOCKED	10983	CONFIRM_INSTALL	3
271	rt4_TMB-5_MAP_g2_01049.r24	BACKTEST	BLOCKED	10983	CONFIRM_INSTALL	3
272	rt4_TMB-5_MAP_g2_01050.r24	BACKTEST	BLOCKED	10983	CONFIRM_INSTALL	3
273	rt4_TMB-5_MAP_g2_01051.r24	BACKTEST	BLOCKED	10983	CONFIRM_INSTALL	3
274	rt4_TMB-5_MAP_g2_01052.r24	BACKTEST	BLOCKED	10983	CONFIRM_INSTALL	3
275	rt4_TMB-5_MAP_g2_01053.r24	BACKTEST	BLOCKED	10983	CONFIRM_INSTALL	3
276	rt4_TMB-5_MAP_g2_01054.r24	BACKTEST	BLOCKED	10983	CONFIRM_INSTALL	3
277	rt4_TMB-5_MAP_g2_01055.r24	BACKTEST	BLOCKED	10983	CONFIRM_INSTALL	3
278	rt4_TMB-5_MAP_g2_01056.r24	BACKTEST	BLOCKED	10983	CONFIRM_INSTALL	3
279	rt4_TMB-5_MAP_g2_01057.r24	BACKTEST	BLOCKED	10983	CONFIRM_INSTALL	3
280	rt4_TMB-5_MAP_g2_01058.r24	BACKTEST	BLOCKED	10983	CONFIRM_INSTALL	3
281	rt4_TMB-5_MAP_g2_01059.r24	BACKTEST	BLOCKED	10983	CONFIRM_INSTALL	3
282	rt4_TMB-5_MAP_g2_01060.r24	BACKTEST	BLOCKED	10983	CONFIRM_INSTALL	3
283	rt4_TMB-5_MAP_g2_01061.r24	BACKTEST	BLOCKED	10983	CONFIRM_INSTALL	3
284	rt4_TMB-5_MAP_g2_01062.r24	BACKTEST	BLOCKED	10983	CONFIRM_INSTALL	3
285	rt4_TMB-5_MAP_g2_01063.r24	BACKTEST	BLOCKED	10983	CONFIRM_INSTALL	3
286	rt4_TMB-5_MAP_g2_01064.r24	BACKTEST	BLOCKED	10983	CONFIRM_INSTALL	3
287	rt4_TMB-5_MAP_g2_01065.r24	BACKTEST	BLOCKED	10983	CONFIRM_INSTALL	3
288	rt4_TMB-5_MAP_g2_01066.r24	BACKTEST	BLOCKED	10983	CONFIRM_INSTALL	3
289	rt4_TMB-5_MAP_g2_01067.r24	BACKTEST	BLOCKED	10983	CONFIRM_INSTALL	3
290	rt4_TMB-5_MAP_g2_01068.r24	BACKTEST	BLOCKED	10983	CONFIRM_INSTALL	3
291	rt4_TMB-5_MAP_g2_01069.r24	BACKTEST	BLOCKED	10983	CONFIRM_INSTALL	3
292	rt4_TMB-5_MAP_g2_01070.r24	BACKTEST	BLOCKED	10983	CONFIRM_INSTALL	3
293	rt4_TMB-5_MAP_g2_01071.r24	BACKTEST	BLOCKED	10983	CONFIRM_INSTALL	3
294	rt4_TMB-5_MAP_g2_01072.r24	BACKTEST	BLOCKED	10983	CONFIRM_INSTALL	3
295	rt4_TMB-5_MAP_g2_01073.r24	BACKTEST	BLOCKED	10983	CONFIRM_INSTALL	3
296	rt4_TMB-5_MAP_g2_01074.r24	BACKTEST	BLOCKED	10983	CONFIRM_INSTALL	3
297	rt4_TMB-5_MAP_g2_01075.r24	BACKTEST	BLOCKED	10983	CONFIRM_INSTALL	3
298	rt4_TMB-5_MAP_g2_01076.r24	BACKTEST	BLOCKED	10983	CONFIRM_INSTALL	3
299	rt4_TMB-5_MAP_g2_01077.r24	BACKTEST	BLOCKED	10983	CONFIRM_INSTALL	3
300	rt4_TMB-5_MAP_g2_01078.r24	BACKTEST	BLOCKED	10983	CONFIRM_INSTALL	3
301	rt4_TMB-5_MAP_g2_01079.r24	BACKTEST	BLOCKED	10983	CONFIRM_INSTALL	3
302	rt4_TMB-5_MAP_g2_01080.r24	BACKTEST	BLOCKED	10983	CONFIRM_INSTALL	3
303	rt4_TMB-5_MAP_g2_01081.r24	BACKTEST	BLOCKED	10983	CONFIRM_INSTALL	3
304	rt4_TMB-5_MAP_g2_01082.r24	BACKTEST	BLOCKED	10983	CONFIRM_INSTALL	3
305	rt4_TMB-5_MAP_g2_01083.r24	BACKTEST	BLOCKED	10983	CONFIRM_INSTALL	3
306	rt4_TMB-5_MAP_g2_01084.r24	BACKTEST	BLOCKED	10983	CONFIRM_INSTALL	3
307	rt4_TMB-5_MAP_g2_01085.r24	BACKTEST	BLOCKED	10983	CONFIRM_INSTALL	3
308	rt4_TMB-5_MAP_g2_01086.r24	BACKTEST	BLOCKED	10983	CONFIRM_INSTALL	3
309	rt4_TMB-5_MAP_g2_01087.r24	BACKTEST	BLOCKED	10983	CONFIRM_INSTALL	3
310	rt4_TMB-5_MAP_g2_01088.r24	BACKTEST	BLOCKED	10983	CONFIRM_INSTALL	3
311	rt4_TMB-5_MAP_g2_01089.r24	BACKTEST	BLOCKED	10983	CONFIRM_INSTALL	3
312	rt4_TMB-5_MAP_g2_01090.r24	BACKTEST	BLOCKED	10983	CONFIRM_INSTALL	3
313	rt4_TMB-5_MAP_g2_01091.r24	BACKTEST	BLOCKED	10983	CONFIRM_INSTALL	3
314	rt4_TMB-5_MAP_g2_01092.r24	BACKTEST	BLOCKED	10983	CONFIRM_INSTALL	3
315	rt4_TMB-5_MAP_g2_01093.r24	BACKTEST	BLOCKED	10983	CONFIRM_INSTALL	3
316	rt4_TMB-5_MAP_g2_01094.r24	BACKTEST	BLOCKED	10983	CONFIRM_INSTALL	3
317	rt4_TMB-5_MAP_g2_01095.r24	BACKTEST	BLOCKED	10983	CONFIRM_INSTALL	3
318	rt4_TMB-5_MAP_g2_01096.r24	BACKTEST	BLOCKED	10983	CONFIRM_INSTALL	3
319	rt4_TMB-5_MAP_g2_01097.r24	BACKTEST	BLOCKED	10983	CONFIRM_INSTALL	3
320	rt4_TMB-5_MAP_g2_01098.r24	BACKTEST	BLOCKED	10983	CONFIRM_INSTALL	3
321	rt4_TMB-5_MAP_g2_01099.r24	BACKTEST	BLOCKED	10983	CONFIRM_INSTALL	3
322	rt4_TMB-5_MAP_g2_01100.r24	BACKTEST	BLOCKED	10983	CONFIRM_INSTALL	3
323	rt4_TMB-5_MAP_g2_01101.r24	BACKTEST	BLOCKED	10983	CONFIRM_INSTALL	3
324	rt4_TMB-5_MAP_g2_01102.r24	BACKTEST	BLOCKED	10983	CONFIRM_INSTALL	3
325	rt4_TMB-5_MAP_g2_01103.r24	BACKTEST	BLOCKED	10983	CONFIRM_INSTALL	3
326	rt4_TMB-5_MAP_g2_01104.r24	BACKTEST	BLOCKED	10983	CONFIRM_INSTALL	3
327	rt4_TMB-5_MAP_g2_01105.r24	BACKTEST	BLOCKED	10983	CONFIRM_INSTALL	3
328	rt4_TMB-5_MAP_g2_01106.r24	BACKTEST	BLOCKED	10983	CONFIRM_INSTALL	3
329	rt4_TMB-5_MAP_g2_01107.r24	BACKTEST	BLOCKED	10983	CONFIRM_INSTALL	3
330	rt4_TMB-5_MAP_g2_01108.r24	BACKTEST	BLOCKED	10983	CONFIRM_INSTALL	3
331	rt4_TMB-5_MAP_g2_01109.r24	BACKTEST	BLOCKED	10983	CONFIRM_INSTALL	3
332	rt4_TMB-5_MAP_g2_01110.r24	BACKTEST	BLOCKED	10983	CONFIRM_INSTALL	3
333	rt4_TMB-5_MAP_g2_01111.r24	BACKTEST	BLOCKED	10983	CONFIRM_INSTALL	3
334	rt4_TMB-5_MAP_g2_01112.r24	BACKTEST	BLOCKED	10983	CONFIRM_INSTALL	3
335	rt4_TMB-5_MAP_g2_01113.r24	BACKTEST	BLOCKED	10983	CONFIRM_INSTALL	3
336	rt4_TMB-5_MAP_g2_01114.r24	BACKTEST	BLOCKED	10983	CONFIRM_INSTALL	3
337	rt4_TMB-5_MAP_g2_01115.r24	BACKTEST	BLOCKED	10983	CONFIRM_INSTALL	3
338	rt4_TMB-5_MAP_g2_01116.r24	BACKTEST	BLOCKED	10983	CONFIRM_INSTALL	3
339	rt4_TMB-5_MAP_g2_01117.r24	BACKTEST	BLOCKED	10983	CONFIRM_INSTALL	3
340	rt4_TMB-5_MAP_g2_01118.r24	BACKTEST	BLOCKED	10983	CONFIRM_INSTALL	3
341	rt4_TMB-5_MAP_g2_01119.r24	BACKTEST	BLOCKED	10983	CONFIRM_INSTALL	3
342	rt4_TMB-5_MAP_g2_01120.r24	BACKTEST	BLOCKED	10983	CONFIRM_INSTALL	3
343	rt4_TMB-5_MAP_g2_01121.r24	BACKTEST	BLOCKED	10983	CONFIRM_INSTALL	3
344	rt4_TMB-5_MAP_g2_01122.r24	BACKTEST	BLOCKED	10983	CONFIRM_INSTALL	3
345	rt4_TMB-5_MAP_g2_01123.r24	BACKTEST	BLOCKED	10983	CONFIRM_INSTALL	3
346	rt4_TMB-5_MAP_g2_01124.r24	BACKTEST	BLOCKED	10983	CONFIRM_INSTALL	3
347	rt4_TMB-5_MAP_g2_01125.r24	BACKTEST	BLOCKED	10983	CONFIRM_INSTALL	3
348	rt4_TMB-5_MAP_g2_01126.r24	BACKTEST	BLOCKED	10983	CONFIRM_INSTALL	3
349	rt4_TMB-5_MAP_g2_01127.r24	BACKTEST	BLOCKED	10983	CONFIRM_INSTALL	3
350	rt4_TMB-5_MAP_g2_01128.r24	BACKTEST	BLOCKED	10983	CONFIRM_INSTALL	3
351	rt4_TMB-5_MAP_g2_01129.r24	BACKTEST	BLOCKED	10983	CONFIRM_INSTALL	3
352	rt4_TMB-5_MAP_g2_01130.r24	BACKTEST	BLOCKED	10983	CONFIRM_INSTALL	3
353	rt4_TMB-5_MAP_g2_01131.r24	BACKTEST	BLOCKED	10983	CONFIRM_INSTALL	3
354	rt4_TMB-5_MAP_g2_01132.r24	BACKTEST	BLOCKED	10983	CONFIRM_INSTALL	3
355	rt4_TMB-5_MAP_g2_01133.r24	BACKTEST	BLOCKED	10983	CONFIRM_INSTALL	3
356	rt4_TMB-5_MAP_g2_01134.r24	BACKTEST	BLOCKED	10983	WITHHOLD	-1
357	rt4_TMB-5_MAP_g2_01135.r24	BACKTEST	BLOCKED	10983	WITHHOLD	-1
358	rt4_TMB-5_MAP_g2_01136.r24	BACKTEST	BLOCKED	10983	WITHHOLD	-1
359	rt4_TMB-5_MAP_g2_01137.r24	BACKTEST	BLOCKED	10983	WITHHOLD	-1
360	rt4_TMB-5_MAP_g2_01138.r24	BACKTEST	BLOCKED	10983	WITHHOLD	-1
361	rt4_TMB-5_MAP_g2_01139.r24	BACKTEST	BLOCKED	10983	WITHHOLD	-1
362	rt4_TMB-5_MAP_g2_01140.r24	BACKTEST	BLOCKED	10983	WITHHOLD	-1
363	rt4_TMB-5_MAP_g2_01141.r24	BACKTEST	BLOCKED	10983	WITHHOLD	-1
364	rt4_TMB-5_MAP_g2_01142.r24	BACKTEST	BLOCKED	10983	WITHHOLD	-1
365	rt4_TMB-5_MAP_g2_01143.r24	BACKTEST	BLOCKED	10983	WITHHOLD	-1
366	rt4_TMB-5_MAP_g2_01144.r24	BACKTEST	BLOCKED	10983	WITHHOLD	-1
367	rt4_TMB-5_MAP_g2_01145.r24	BACKTEST	BLOCKED	10983	WITHHOLD	-1
368	rt4_TMB-5_MAP_g2_01146.r24	BACKTEST	BLOCKED	10983	WITHHOLD	-1
369	rt4_TMB-5_MAP_g2_01147.r24	BACKTEST	BLOCKED	10983	WITHHOLD	-1
370	rt4_TMB-5_MAP_g2_01148.r24	BACKTEST	BLOCKED	10983	WITHHOLD	-1
371	rt4_TMB-5_MAP_g2_01149.r24	BACKTEST	BLOCKED	10983	WITHHOLD	-1
372	rt4_TMB-5_MAP_g2_01150.r24	BACKTEST	BLOCKED	10983	WITHHOLD	-1
373	rt4_TMB-5_MAP_g2_01151.r24	BACKTEST	BLOCKED	10983	WITHHOLD	-1
374	rt4_TMB-5_MAP_g2_01152.r24	BACKTEST	BLOCKED	10983	WITHHOLD	-1
375	rt4_TMB-5_MAP_g2_01153.r24	BACKTEST	BLOCKED	10983	WITHHOLD	-1
376	rt4_TMB-5_MAP_g2_01154.r24	BACKTEST	BLOCKED	10983	WITHHOLD	-1
377	rt4_TMB-5_MAP_g2_01155.r24	BACKTEST	BLOCKED	10983	WITHHOLD	-1
378	rt4_TMB-5_MAP_g2_01156.r24	BACKTEST	BLOCKED	10983	WITHHOLD	-1
379	rt4_TMB-5_MAP_g2_01157.r24	BACKTEST	BLOCKED	10983	WITHHOLD	-1
380	rt4_TMB-5_MAP_g2_01158.r24	BACKTEST	BLOCKED	10983	WITHHOLD	-1
381	rt4_TMB-5_MAP_g2_01159.r24	BACKTEST	BLOCKED	10983	WITHHOLD	-1
382	rt4_TMB-5_MAP_g2_01160.r24	BACKTEST	BLOCKED	10983	WITHHOLD	-1
383	rt4_TMB-5_MAP_g2_01161.r24	BACKTEST	BLOCKED	10983	WITHHOLD	-1
384	rt4_TMB-5_MAP_g2_01162.r24	BACKTEST	BLOCKED	10983	WITHHOLD	-1
385	rt4_TMB-5_MAP_g2_01163.r24	BACKTEST	BLOCKED	10983	WITHHOLD	-1
386	rt4_TMB-5_MAP_g2_01164.r24	BACKTEST	BLOCKED	10983	WITHHOLD	-1
387	rt4_TMB-5_MAP_g2_01165.r24	BACKTEST	BLOCKED	10983	WITHHOLD	-1
388	rt4_TMB-5_MAP_g2_01166.r24	BACKTEST	BLOCKED	10983	WITHHOLD	-1
389	rt4_TMB-5_MAP_g2_01167.r24	BACKTEST	BLOCKED	10983	WITHHOLD	-1
390	rt4_TMB-5_MAP_g2_01168.r24	BACKTEST	BLOCKED	10983	WITHHOLD	-1
391	rt4_TMB-5_MAP_g2_01169.r24	BACKTEST	BLOCKED	10983	WITHHOLD	-1
392	rt4_TMB-5_MAP_g2_01170.r24	BACKTEST	BLOCKED	10983	WITHHOLD	-1
393	rt4_TMB-5_MAP_g2_01171.r24	BACKTEST	BLOCKED	10983	WITHHOLD	-1
394	rt4_TMB-5_MAP_g2_01172.r24	BACKTEST	BLOCKED	10983	WITHHOLD	-1
395	rt4_TMB-5_MAP_g2_01173.r24	BACKTEST	BLOCKED	10983	WITHHOLD	-1
396	rt4_TMB-5_MAP_g2_01174.r24	BACKTEST	BLOCKED	10983	WITHHOLD	-1
397	rt4_TMB-5_MAP_g2_01175.r24	BACKTEST	BLOCKED	10983	WITHHOLD	-1
398	rt4_TMB-5_MAP_g2_01176.r24	BACKTEST	BLOCKED	10983	WITHHOLD	-1
399	rt4_TMB-5_MAP_g2_01177.r24	BACKTEST	BLOCKED	10983	WITHHOLD	-1
400	rt4_TMB-5_MAP_g2_01178.r24	BACKTEST	BLOCKED	10983	WITHHOLD	-1
401	rt4_TMB-5_MAP_g2_01179.r24	BACKTEST	BLOCKED	10983	WITHHOLD	-1
402	rt4_TMB-5_MAP_g2_01180.r24	BACKTEST	BLOCKED	10983	WITHHOLD	-1
403	rt4_TMB-5_MAP_g2_01181.r24	BACKTEST	BLOCKED	10983	WITHHOLD	-1
404	rt4_TMB-5_MAP_g2_01182.r24	BACKTEST	BLOCKED	10983	WITHHOLD	-1
405	rt4_TMB-5_MAP_g2_01183.r24	BACKTEST	BLOCKED	10983	WITHHOLD	-1
406	rt4_TMB-5_MAP_g2_01184.r24	BACKTEST	BLOCKED	10983	WITHHOLD	-1
407	rt4_TMB-5_MAP_g2_01185.r24	BACKTEST	BLOCKED	10983	WITHHOLD	-1
408	rt4_TMB-5_MAP_g2_01186.r24	BACKTEST	BLOCKED	10983	WITHHOLD	-1
409	rt4_TMB-5_MAP_g2_01187.r24	BACKTEST	BLOCKED	10983	WITHHOLD	-1
410	rt4_TMB-5_MAP_g2_01188.r24	BACKTEST	BLOCKED	10983	WITHHOLD	-1
411	rt4_TMB-5_MAP_g2_01189.r24	BACKTEST	BLOCKED	10983	WITHHOLD	-1
412	rt4_TMB-5_MAP_g2_01190.r24	BACKTEST	BLOCKED	10983	WITHHOLD	-1
413	rt4_TMB-5_MAP_g2_01191.r24	BACKTEST	BLOCKED	10983	WITHHOLD	-1
414	rt4_TMB-5_MAP_g2_01192.r24	BACKTEST	BLOCKED	10983	WITHHOLD	-1
415	rt4_TMB-5_MAP_g2_01193.r24	BACKTEST	BLOCKED	10983	WITHHOLD	-1
416	rt4_TMB-5_MAP_g2_01194.r24	BACKTEST	BLOCKED	10983	WITHHOLD	-1
417	rt4_TMB-5_MAP_g2_01195.r24	BACKTEST	BLOCKED	10983	WITHHOLD	-1
418	rt4_TMB-5_MAP_g2_01196.r24	BACKTEST	BLOCKED	10983	WITHHOLD	-1
419	rt4_TMB-5_MAP_g2_01197.r24	BACKTEST	BLOCKED	10983	WITHHOLD	-1
420	rt4_TMB-5_MAP_g2_01198.r24	BACKTEST	BLOCKED	10983	WITHHOLD	-1
421	rt4_TMB-5_MAP_g2_01199.r24	BACKTEST	BLOCKED	10983	WITHHOLD	-1
422	rt4_TMB-5_MAP_g2_01200.r24	BACKTEST	BLOCKED	10983	WITHHOLD	-1
423	rt4_TMB-5_MAP_g2_01201.r24	BACKTEST	BLOCKED	10983	WITHHOLD	-1
424	rt4_TMB-5_MAP_g2_01202.r24	BACKTEST	BLOCKED	10983	WITHHOLD	-1
425	rt4_TMB-5_MAP_g2_01203.r24	BACKTEST	BLOCKED	10983	WITHHOLD	-1
426	rt4_TMB-5_MAP_g2_01204.r24	BACKTEST	BLOCKED	10983	WITHHOLD	-1
427	rt4_TMB-5_MAP_g2_01205.r24	BACKTEST	BLOCKED	10983	WITHHOLD	-1
428	rt4_TMB-5_MAP_g2_01206.r24	BACKTEST	BLOCKED	10983	WITHHOLD	-1
429	rt4_TMB-5_MAP_g2_01207.r24	BACKTEST	BLOCKED	10983	WITHHOLD	-1
430	rt4_TMB-5_MAP_g2_01208.r24	BACKTEST	BLOCKED	10983	WITHHOLD	-1
431	rt4_TMB-5_MAP_g2_01209.r24	BACKTEST	BLOCKED	10983	WITHHOLD	-1
432	rt4_TMB-5_MAP_g2_01210.r24	BACKTEST	BLOCKED	10983	WITHHOLD	-1
433	rt4_TMB-5_MAP_g2_01211.r24	BACKTEST	BLOCKED	10983	WITHHOLD	-1
434	rt4_TMB-5_MAP_g2_01212.r24	BACKTEST	BLOCKED	10983	WITHHOLD	-1
435	rt4_TMB-5_MAP_g2_01213.r24	BACKTEST	BLOCKED	10983	WITHHOLD	-1
436	rt4_TMB-5_MAP_g2_01214.r24	BACKTEST	BLOCKED	10983	WITHHOLD	-1
437	rt4_TMB-5_MAP_g2_01215.r24	BACKTEST	BLOCKED	10983	WITHHOLD	-1
438	rt4_TMB-5_MAP_g2_01216.r24	BACKTEST	BLOCKED	10983	WITHHOLD	-1
439	rt4_TMB-5_MAP_g2_01217.r24	BACKTEST	BLOCKED	10983	WITHHOLD	-1
440	rt4_TMB-5_MAP_g2_01218.r24	BACKTEST	BLOCKED	10983	WITHHOLD	-1
441	rt4_TMB-5_MAP_g2_01219.r24	BACKTEST	BLOCKED	10983	WITHHOLD	-1
442	rt4_TMB-5_MAP_g2_01220.r24	BACKTEST	BLOCKED	10983	WITHHOLD	-1
443	rt4_TMB-5_MAP_g2_01221.r24	BACKTEST	BLOCKED	10983	WITHHOLD	-1
444	rt4_TMB-5_MAP_g2_01222.r24	BACKTEST	BLOCKED	10983	WITHHOLD	-1
445	rt4_TMB-5_MAP_g2_01223.r24	BACKTEST	BLOCKED	10983	WITHHOLD	-1
446	rt4_TMB-5_MAP_g2_01224.r24	BACKTEST	BLOCKED	10983	WITHHOLD	-1
447	rt4_TMB-5_MAP_g2_01225.r24	BACKTEST	BLOCKED	10983	WITHHOLD	-1
448	rt4_TMB-5_MAP_g2_01226.r24	BACKTEST	BLOCKED	10983	WITHHOLD	-1
449	rt4_TMB-5_MAP_g2_01227.r24	BACKTEST	BLOCKED	10983	WITHHOLD	-1
450	rt4_TMB-5_MAP_g2_01228.r24	BACKTEST	BLOCKED	10983	WITHHOLD	-1
451	rt4_TMB-5_MAP_g2_01229.r24	BACKTEST	BLOCKED	10983	WITHHOLD	-1
452	rt4_TMB-5_MAP_g2_01230.r24	BACKTEST	BLOCKED	10983	WITHHOLD	-1
453	rt4_TMB-5_MAP_g2_01231.r24	BACKTEST	BLOCKED	10983	WITHHOLD	-1
454	rt4_TMB-5_MAP_g2_01232.r24	BACKTEST	BLOCKED	10983	WITHHOLD	-1
455	rt4_TMB-5_MAP_g2_01233.r24	BACKTEST	BLOCKED	10983	WITHHOLD	-1
456	rt4_TMB-5_MAP_g2_01234.r24	BACKTEST	BLOCKED	10983	WITHHOLD	-1
457	rt4_TMB-5_MAP_g2_01235.r24	BACKTEST	BLOCKED	10983	WITHHOLD	-1
458	rt4_TMB-5_MAP_g2_01236.r24	BACKTEST	BLOCKED	10983	WITHHOLD	-1
459	rt4_TMB-5_MAP_g2_01237.r24	BACKTEST	BLOCKED	10983	WITHHOLD	-1
460	rt4_TMB-5_MAP_g2_01238.r24	BACKTEST	BLOCKED	10983	WITHHOLD	-1
461	rt4_TMB-5_MAP_g2_01239.r24	BACKTEST	BLOCKED	10983	WITHHOLD	-1
462	rt4_TMB-5_MAP_g2_01240.r24	BACKTEST	BLOCKED	10983	WITHHOLD	-1
463	rt4_TMB-5_MAP_g2_01241.r24	BACKTEST	BLOCKED	10983	WITHHOLD	-1
464	rt4_TMB-5_MAP_g2_01242.r24	BACKTEST	BLOCKED	10983	WITHHOLD	-1
465	rt4_TMB-5_MAP_g2_01243.r24	BACKTEST	BLOCKED	10983	WITHHOLD	-1
466	rt4_TMB-5_MAP_g2_01244.r24	BACKTEST	BLOCKED	10983	WITHHOLD	-1
467	rt4_TMB-5_MAP_g2_01245.r24	BACKTEST	BLOCKED	10983	WITHHOLD	-1
468	rt4_TMB-5_MAP_g2_01246.r24	BACKTEST	BLOCKED	10983	WITHHOLD	-1
469	rt4_TMB-5_MAP_g2_01247.r24	BACKTEST	BLOCKED	10983	WITHHOLD	-1
470	rt4_TMB-5_MAP_g2_01248.r24	BACKTEST	BLOCKED	10983	WITHHOLD	-1
471	rt4_TMB-5_MAP_g2_01249.r24	BACKTEST	BLOCKED	10983	WITHHOLD	-1
472	rt4_TMB-5_MAP_g2_01250.r24	BACKTEST	BLOCKED	10983	WITHHOLD	-1
473	rt4_TMB-5_MAP_g2_01251.r24	BACKTEST	BLOCKED	10983	WITHHOLD	-1
474	rt4_TMB-5_MAP_g2_01252.r24	BACKTEST	BLOCKED	10983	WITHHOLD	-1
475	rt4_TMB-5_MAP_g2_01253.r24	BACKTEST	BLOCKED	10983	WITHHOLD	-1
476	rt4_TMB-5_MAP_g2_01254.r24	BACKTEST	BLOCKED	10983	WITHHOLD	-1
477	rt4_TMB-5_MAP_g2_01255.r24	BACKTEST	BLOCKED	10983	WITHHOLD	-1
478	rt4_TMB-5_MAP_g2_01256.r24	BACKTEST	BLOCKED	10983	WITHHOLD	-1
479	rt4_TMB-5_MAP_g2_01257.r24	BACKTEST	BLOCKED	10983	WITHHOLD	-1
480	rt4_TMB-5_MAP_g2_01258.r24	BACKTEST	BLOCKED	10983	WITHHOLD	-1
481	rt4_TMB-5_MAP_g2_01259.r24	BACKTEST	BLOCKED	10983	WITHHOLD	-1
482	rt4_TMB-5_MAP_g2_01260.r24	BACKTEST	BLOCKED	10983	WITHHOLD	-1
483	rt4_TMB-5_MAP_g2_01261.r24	BACKTEST	BLOCKED	10983	WITHHOLD	-1
484	rt4_TMB-5_MAP_g2_01262.r24	BACKTEST	BLOCKED	10983	WITHHOLD	-1
485	rt4_TMB-5_MAP_g2_01263.r24	BACKTEST	BLOCKED	10983	WITHHOLD	-1
486	rt4_TMB-5_MAP_g2_01264.r24	BACKTEST	BLOCKED	10983	WITHHOLD	-1
487	rt4_TMB-5_MAP_g2_01265.r24	BACKTEST	BLOCKED	10983	WITHHOLD	-1
488	rt4_TMB-5_MAP_g2_01266.r24	BACKTEST	BLOCKED	10983	WITHHOLD	-1
489	rt4_TMB-5_MAP_g2_01267.r24	BACKTEST	BLOCKED	10983	WITHHOLD	-1
490	rt4_TMB-5_MAP_g2_01268.r24	BACKTEST	BLOCKED	10983	WITHHOLD	-1
491	rt4_TMB-5_MAP_g2_01269.r24	BACKTEST	BLOCKED	10983	WITHHOLD	-1
492	rt4_TMB-5_MAP_g2_01270.r24	BACKTEST	BLOCKED	10983	WITHHOLD	-1
493	rt4_TMB-5_MAP_g2_01271.r24	BACKTEST	BLOCKED	10983	WITHHOLD	-1
494	rt4_TMB-5_MAP_g2_01272.r24	BACKTEST	BLOCKED	10983	WITHHOLD	-1
495	rt4_TMB-5_MAP_g2_01273.r24	BACKTEST	BLOCKED	10983	WITHHOLD	-1
496	rt4_TMB-5_MAP_g2_01274.r24	BACKTEST	BLOCKED	10983	WITHHOLD	-1
497	rt4_TMB-5_MAP_g2_01275.r24	BACKTEST	BLOCKED	10983	WITHHOLD	-1
498	rt4_TMB-5_MAP_g2_01276.r24	BACKTEST	BLOCKED	10983	WITHHOLD	-1
499	rt4_TMB-5_MAP_g2_01277.r24	BACKTEST	BLOCKED	10983	WITHHOLD	-1
500	rt4_TMB-5_MAP_g2_01278.r24	BACKTEST	BLOCKED	10983	WITHHOLD	-1
SETSUM NEAR n=0 blocked=0 confirmed=0 withheld=0
SETSUM FAR n=0 blocked=0
SETSUM BACKTEST n=500 blocked=500
BACKTEST false_blocked=0 false_withheld=0 false_escaped=0 true_blocked=500
DELAYBAR delayed_gt50=0 over=0
HIST 0=0 1-3=0 4-10=0 11-50=0 51-100=0 101-300=0 301+=0 WITHHELD=0
SERIAL delayed_gt50=0
SANITY MISMATCH
