# MG-LEARN-RUN v1 pure-zag zero-rng
# TRAIN-ROUND 0
T1 ans="3" exp="3" correct=1 native=1 fallback=0 ops=10 maxdepth=0 zooms=0
TRAIN r=0 qid=0 ctx=100 cand=K1 correct=1 native=1 ops=10
T2 ans="4" exp="4" correct=1 native=0 fallback=1 ops=12 maxdepth=0 zooms=0
TRAIN r=0 qid=1 ctx=100 cand=K2 correct=1 native=0 ops=12
T3 qid=2 kind=LETTER_COUNT chunk=WORD>CHAR
D zoom qid=2 span=1 parent=0 off=0 len=5 depth=1 why=count-letters-inside-word
D zoom qid=2 span=2 parent=0 off=6 len=5 depth=1 why=count-letters-inside-word
T3 ans="3" exp="3" correct=1 native=1 fallback=0 ops=12 maxdepth=1 zooms=2
TRAIN r=0 qid=2 ctx=110 cand=K3 correct=1 native=1 ops=12
T4 qid=3 kind=LETTER_COUNT chunk=WORD>CHAR
D zoom qid=3 span=1 parent=0 off=0 len=6 depth=1 why=count-letters-inside-word
T4 ans="3" exp="3" correct=1 native=1 fallback=0 ops=7 maxdepth=1 zooms=1
TRAIN r=0 qid=3 ctx=100 cand=K4 correct=1 native=1 ops=7
T1 ans="5" exp="5" correct=1 native=1 fallback=0 ops=11 maxdepth=0 zooms=0
TRAIN r=0 qid=4 ctx=100 cand=K1 correct=1 native=1 ops=11
T2 ans="r" exp="r" correct=1 native=0 fallback=1 ops=4 maxdepth=0 zooms=0
TRAIN r=0 qid=5 ctx=200 cand=K2 correct=1 native=0 ops=4
T3 qid=6 kind=POSITION chunk=WORD>CHAR
D zoom qid=6 span=1 parent=0 off=0 len=1 depth=1 why=index-character-inside-word
T3 ans="M" exp="M" correct=1 native=1 fallback=0 ops=1 maxdepth=1 zooms=1
TRAIN r=0 qid=6 ctx=200 cand=K3 correct=1 native=1 ops=1
T4 qid=7 kind=POSITION chunk=WORD>CHAR
D zoom qid=7 span=1 parent=0 off=9 len=1 depth=1 why=index-character-inside-word
T4 ans="y" exp="y" correct=1 native=1 fallback=0 ops=10 maxdepth=1 zooms=1
TRAIN r=0 qid=7 ctx=200 cand=K4 correct=1 native=1 ops=10
T1 ans="yrrebwarts" exp="yrrebwarts" correct=1 native=1 fallback=0 ops=10 maxdepth=0 zooms=0
TRAIN r=0 qid=8 ctx=300 cand=K1 correct=1 native=1 ops=10
T2 ans="cba" exp="cba" correct=1 native=0 fallback=1 ops=4 maxdepth=0 zooms=0
TRAIN r=0 qid=9 ctx=300 cand=K2 correct=1 native=0 ops=4
T3 qid=10 kind=WORD_COUNT chunk=WORD>CHAR
T3 ans="4" exp="4" correct=1 native=1 fallback=0 ops=4 maxdepth=0 zooms=0
TRAIN r=0 qid=10 ctx=410 cand=K3 correct=1 native=1 ops=4
T4 qid=11 kind=WORD_COUNT chunk=WORD>CHAR
T4 ans="1" exp="1" correct=1 native=1 fallback=0 ops=1 maxdepth=0 zooms=0
TRAIN r=0 qid=11 ctx=400 cand=K4 correct=1 native=1 ops=1
T1 ans="10" exp="10" correct=1 native=1 fallback=0 ops=10 maxdepth=0 zooms=0
TRAIN r=0 qid=12 ctx=500 cand=K1 correct=1 native=1 ops=10
T2 ans="2" exp="2" correct=1 native=1 fallback=0 ops=1 maxdepth=0 zooms=0
TRAIN r=0 qid=13 ctx=500 cand=K2 correct=1 native=1 ops=1
T3 qid=14 kind=CONTAINS chunk=WORD>CHAR
T3 ans="yes" exp="yes" correct=1 native=1 fallback=0 ops=4 maxdepth=0 zooms=0
TRAIN r=0 qid=14 ctx=610 cand=K3 correct=1 native=1 ops=4
T4 qid=15 kind=FIRST_WORD chunk=WORD>CHAR
T4 ans="the" exp="the" correct=1 native=1 fallback=0 ops=4 maxdepth=0 zooms=0
TRAIN r=0 qid=15 ctx=710 cand=K4 correct=1 native=1 ops=4
T1 ans="i" exp="i" correct=1 native=1 fallback=0 ops=1 maxdepth=0 zooms=0
TRAIN r=0 qid=16 ctx=900 cand=K1 correct=1 native=1 ops=1
T2 ans="h" exp="h" correct=1 native=0 fallback=1 ops=1 maxdepth=0 zooms=0
TRAIN r=0 qid=17 ctx=810 cand=K2 correct=1 native=0 ops=1
T3 qid=18 kind=LETTER_COUNT chunk=WORD>CHAR
D zoom qid=18 span=1 parent=0 off=0 len=11 depth=1 why=count-letters-inside-word
T3 ans="0" exp="0" correct=1 native=1 fallback=0 ops=12 maxdepth=1 zooms=1
TRAIN r=0 qid=18 ctx=100 cand=K3 correct=1 native=1 ops=12
T4 qid=19 kind=LETTER_COUNT chunk=WORD>CHAR
D zoom qid=19 span=1 parent=0 off=0 len=10 depth=1 why=count-letters-inside-word
T4 ans="2" exp="2" correct=1 native=1 fallback=0 ops=11 maxdepth=1 zooms=1
TRAIN r=0 qid=19 ctx=100 cand=K4 correct=1 native=1 ops=11
T1 ans="6" exp="6" correct=1 native=1 fallback=0 ops=16 maxdepth=0 zooms=0
TRAIN r=0 qid=20 ctx=110 cand=K1 correct=1 native=1 ops=16
T2 ans="yes" exp="yes" correct=1 native=0 fallback=1 ops=11 maxdepth=0 zooms=0
TRAIN r=0 qid=21 ctx=601 cand=K2 correct=1 native=0 ops=11
T3 qid=22 kind=POSITION chunk=WORD>CHAR
D zoom qid=22 span=1 parent=0 off=16 len=3 depth=1 why=locate-target-word
D zoom qid=22 span=2 parent=1 off=17 len=1 depth=2 why=index-character-inside-word
T3 ans="o" exp="o" correct=1 native=1 fallback=0 ops=6 maxdepth=2 zooms=2
TRAIN r=0 qid=22 ctx=211 cand=K3 correct=1 native=1 ops=6
T4 qid=23 kind=LETTER_COUNT chunk=WORD>CHAR
D zoom qid=23 span=1 parent=0 off=0 len=3 depth=1 why=count-letters-inside-word
D zoom qid=23 span=2 parent=0 off=4 len=10 depth=1 why=count-letters-inside-word
D zoom qid=23 span=3 parent=0 off=15 len=5 depth=1 why=count-letters-inside-word
T4 ans="3" exp="3" correct=1 native=1 fallback=0 ops=21 maxdepth=1 zooms=3
TRAIN r=0 qid=23 ctx=110 cand=K4 correct=1 native=1 ops=21
# TRAIN-ROUND 1
T2 ans="3" exp="3" correct=1 native=0 fallback=1 ops=11 maxdepth=0 zooms=0
TRAIN r=1 qid=0 ctx=100 cand=K2 correct=1 native=0 ops=11
T3 qid=1 kind=LETTER_COUNT chunk=WORD>CHAR
D zoom qid=1 span=1 parent=0 off=0 len=11 depth=1 why=count-letters-inside-word
T3 ans="4" exp="4" correct=1 native=1 fallback=0 ops=12 maxdepth=1 zooms=1
TRAIN r=1 qid=1 ctx=100 cand=K3 correct=1 native=1 ops=12
T4 qid=2 kind=LETTER_COUNT chunk=WORD>CHAR
D zoom qid=2 span=1 parent=0 off=0 len=5 depth=1 why=count-letters-inside-word
D zoom qid=2 span=2 parent=0 off=6 len=5 depth=1 why=count-letters-inside-word
T4 ans="3" exp="3" correct=1 native=1 fallback=0 ops=12 maxdepth=1 zooms=2
TRAIN r=1 qid=2 ctx=110 cand=K4 correct=1 native=1 ops=12
T1 ans="3" exp="3" correct=1 native=1 fallback=0 ops=6 maxdepth=0 zooms=0
TRAIN r=1 qid=3 ctx=100 cand=K1 correct=1 native=1 ops=6
T2 ans="5" exp="5" correct=1 native=0 fallback=1 ops=12 maxdepth=0 zooms=0
TRAIN r=1 qid=4 ctx=100 cand=K2 correct=1 native=0 ops=12
T3 qid=5 kind=POSITION chunk=WORD>CHAR
D zoom qid=5 span=1 parent=0 off=2 len=1 depth=1 why=index-character-inside-word
T3 ans="r" exp="r" correct=1 native=1 fallback=0 ops=3 maxdepth=1 zooms=1
TRAIN r=1 qid=5 ctx=200 cand=K3 correct=1 native=1 ops=3
T4 qid=6 kind=POSITION chunk=WORD>CHAR
D zoom qid=6 span=1 parent=0 off=0 len=1 depth=1 why=index-character-inside-word
T4 ans="M" exp="M" correct=1 native=1 fallback=0 ops=1 maxdepth=1 zooms=1
TRAIN r=1 qid=6 ctx=200 cand=K4 correct=1 native=1 ops=1
T1 ans="y" exp="y" correct=1 native=1 fallback=0 ops=10 maxdepth=0 zooms=0
TRAIN r=1 qid=7 ctx=200 cand=K1 correct=1 native=1 ops=10
T2 ans="yrrebwarts" exp="yrrebwarts" correct=1 native=0 fallback=1 ops=11 maxdepth=0 zooms=0
TRAIN r=1 qid=8 ctx=300 cand=K2 correct=1 native=0 ops=11
T3 qid=9 kind=REVERSE chunk=WORD>CHAR
T3 ans="cba" exp="cba" correct=1 native=1 fallback=0 ops=3 maxdepth=0 zooms=0
TRAIN r=1 qid=9 ctx=300 cand=K3 correct=1 native=1 ops=3
T4 qid=10 kind=WORD_COUNT chunk=WORD>CHAR
T4 ans="4" exp="4" correct=1 native=1 fallback=0 ops=4 maxdepth=0 zooms=0
TRAIN r=1 qid=10 ctx=410 cand=K4 correct=1 native=1 ops=4
T1 ans="1" exp="1" correct=1 native=1 fallback=0 ops=5 maxdepth=0 zooms=0
TRAIN r=1 qid=11 ctx=400 cand=K1 correct=1 native=1 ops=5
T2 ans="10" exp="10" correct=1 native=1 fallback=0 ops=1 maxdepth=0 zooms=0
TRAIN r=1 qid=12 ctx=500 cand=K2 correct=1 native=1 ops=1
T3 qid=13 kind=LENGTH chunk=WORD>CHAR
T3 ans="2" exp="2" correct=1 native=1 fallback=0 ops=2 maxdepth=0 zooms=0
TRAIN r=1 qid=13 ctx=500 cand=K3 correct=1 native=1 ops=2
T4 qid=14 kind=CONTAINS chunk=WORD?CHARSCAN
T4 ans="yes" exp="yes" correct=1 native=1 fallback=0 ops=4 maxdepth=0 zooms=0
TRAIN r=1 qid=14 ctx=610 cand=K4 correct=1 native=1 ops=4
T1 ans="the" exp="the" correct=1 native=1 fallback=0 ops=3 maxdepth=0 zooms=0
TRAIN r=1 qid=15 ctx=710 cand=K1 correct=1 native=1 ops=3
T2 ans="i" exp="i" correct=1 native=0 fallback=1 ops=1 maxdepth=0 zooms=0
TRAIN r=1 qid=16 ctx=900 cand=K2 correct=1 native=0 ops=1
T3 qid=17 kind=POS_FIRST chunk=WORD>CHAR
D zoom qid=17 span=1 parent=0 off=0 len=1 depth=1 why=index-character-inside-word
T3 ans="h" exp="h" correct=1 native=1 fallback=0 ops=1 maxdepth=1 zooms=1
TRAIN r=1 qid=17 ctx=810 cand=K3 correct=1 native=1 ops=1
T4 qid=18 kind=LETTER_COUNT chunk=WORD>CHAR
D zoom qid=18 span=1 parent=0 off=0 len=11 depth=1 why=count-letters-inside-word
T4 ans="0" exp="0" correct=1 native=1 fallback=0 ops=12 maxdepth=1 zooms=1
TRAIN r=1 qid=18 ctx=100 cand=K4 correct=1 native=1 ops=12
T1 ans="2" exp="2" correct=1 native=1 fallback=0 ops=10 maxdepth=0 zooms=0
TRAIN r=1 qid=19 ctx=100 cand=K1 correct=1 native=1 ops=10
T2 ans="6" exp="6" correct=1 native=0 fallback=1 ops=19 maxdepth=0 zooms=0
TRAIN r=1 qid=20 ctx=110 cand=K2 correct=1 native=0 ops=19
T3 qid=21 kind=CONTAINS chunk=WORD>CHAR
D zoom qid=21 span=1 parent=0 off=0 len=10 depth=1 why=substring-scan-at-character-scale
T3 ans="yes" exp="yes" correct=1 native=1 fallback=0 ops=11 maxdepth=1 zooms=1
TRAIN r=1 qid=21 ctx=601 cand=K3 correct=1 native=1 ops=11
T4 qid=22 kind=POSITION chunk=WORD>CHAR
D zoom qid=22 span=1 parent=0 off=16 len=3 depth=1 why=locate-target-word
D zoom qid=22 span=2 parent=1 off=17 len=1 depth=2 why=index-character-inside-word
T4 ans="o" exp="o" correct=1 native=1 fallback=0 ops=6 maxdepth=2 zooms=2
TRAIN r=1 qid=22 ctx=211 cand=K4 correct=1 native=1 ops=6
T1 ans="3" exp="3" correct=1 native=1 fallback=0 ops=20 maxdepth=0 zooms=0
TRAIN r=1 qid=23 ctx=110 cand=K1 correct=1 native=1 ops=20
# TRAIN-ROUND 2
T3 qid=0 kind=LETTER_COUNT chunk=WORD>CHAR
D zoom qid=0 span=1 parent=0 off=0 len=10 depth=1 why=count-letters-inside-word
T3 ans="3" exp="3" correct=1 native=1 fallback=0 ops=11 maxdepth=1 zooms=1
TRAIN r=2 qid=0 ctx=100 cand=K3 correct=1 native=1 ops=11
T4 qid=1 kind=LETTER_COUNT chunk=WORD>CHAR
D zoom qid=1 span=1 parent=0 off=0 len=11 depth=1 why=count-letters-inside-word
T4 ans="4" exp="4" correct=1 native=1 fallback=0 ops=12 maxdepth=1 zooms=1
TRAIN r=2 qid=1 ctx=100 cand=K4 correct=1 native=1 ops=12
T1 ans="3" exp="3" correct=1 native=1 fallback=0 ops=11 maxdepth=0 zooms=0
TRAIN r=2 qid=2 ctx=110 cand=K1 correct=1 native=1 ops=11
T2 ans="3" exp="3" correct=1 native=0 fallback=1 ops=7 maxdepth=0 zooms=0
TRAIN r=2 qid=3 ctx=100 cand=K2 correct=1 native=0 ops=7
T3 qid=4 kind=LETTER_COUNT chunk=WORD>CHAR
D zoom qid=4 span=1 parent=0 off=0 len=11 depth=1 why=count-letters-inside-word
T3 ans="5" exp="5" correct=1 native=1 fallback=0 ops=12 maxdepth=1 zooms=1
TRAIN r=2 qid=4 ctx=100 cand=K3 correct=1 native=1 ops=12
T4 qid=5 kind=POSITION chunk=WORD>CHAR
D zoom qid=5 span=1 parent=0 off=2 len=1 depth=1 why=index-character-inside-word
T4 ans="r" exp="r" correct=1 native=1 fallback=0 ops=3 maxdepth=1 zooms=1
TRAIN r=2 qid=5 ctx=200 cand=K4 correct=1 native=1 ops=3
T1 ans="M" exp="M" correct=1 native=1 fallback=0 ops=1 maxdepth=0 zooms=0
TRAIN r=2 qid=6 ctx=200 cand=K1 correct=1 native=1 ops=1
T2 ans="y" exp="y" correct=1 native=0 fallback=1 ops=11 maxdepth=0 zooms=0
TRAIN r=2 qid=7 ctx=200 cand=K2 correct=1 native=0 ops=11
T3 qid=8 kind=REVERSE chunk=WORD>CHAR
T3 ans="yrrebwarts" exp="yrrebwarts" correct=1 native=1 fallback=0 ops=10 maxdepth=0 zooms=0
TRAIN r=2 qid=8 ctx=300 cand=K3 correct=1 native=1 ops=10
T4 qid=9 kind=REVERSE chunk=WORD>CHAR
T4 ans="cba" exp="cba" correct=1 native=1 fallback=0 ops=3 maxdepth=0 zooms=0
TRAIN r=2 qid=9 ctx=300 cand=K4 correct=1 native=1 ops=3
T1 ans="4" exp="4" correct=1 native=1 fallback=0 ops=19 maxdepth=0 zooms=0
TRAIN r=2 qid=10 ctx=410 cand=K1 correct=1 native=1 ops=19
T2 ans="1" exp="1" correct=1 native=1 fallback=0 ops=1 maxdepth=0 zooms=0
TRAIN r=2 qid=11 ctx=400 cand=K2 correct=1 native=1 ops=1
T3 qid=12 kind=LENGTH chunk=WORD>CHAR
T3 ans="10" exp="10" correct=1 native=1 fallback=0 ops=10 maxdepth=0 zooms=0
TRAIN r=2 qid=12 ctx=500 cand=K3 correct=1 native=1 ops=10
T4 qid=13 kind=LENGTH chunk=WORD>CHAR
T4 ans="2" exp="2" correct=1 native=1 fallback=0 ops=2 maxdepth=0 zooms=0
TRAIN r=2 qid=13 ctx=500 cand=K4 correct=1 native=1 ops=2
T1 ans="yes" exp="yes" correct=1 native=1 fallback=0 ops=19 maxdepth=0 zooms=0
TRAIN r=2 qid=14 ctx=610 cand=K1 correct=1 native=1 ops=19
T2 ans="the" exp="the" correct=1 native=1 fallback=0 ops=1 maxdepth=0 zooms=0
TRAIN r=2 qid=15 ctx=710 cand=K2 correct=1 native=1 ops=1
T3 qid=16 kind=POS_LAST chunk=WORD>CHAR
D zoom qid=16 span=1 parent=0 off=10 len=1 depth=1 why=index-character-inside-word
T3 ans="i" exp="i" correct=1 native=1 fallback=0 ops=11 maxdepth=1 zooms=1
TRAIN r=2 qid=16 ctx=900 cand=K3 correct=1 native=1 ops=11
T4 qid=17 kind=POS_FIRST chunk=WORD>CHAR
D zoom qid=17 span=1 parent=0 off=0 len=1 depth=1 why=index-character-inside-word
T4 ans="h" exp="h" correct=1 native=1 fallback=0 ops=1 maxdepth=1 zooms=1
TRAIN r=2 qid=17 ctx=810 cand=K4 correct=1 native=1 ops=1
T1 ans="0" exp="0" correct=1 native=1 fallback=0 ops=11 maxdepth=0 zooms=0
TRAIN r=2 qid=18 ctx=100 cand=K1 correct=1 native=1 ops=11
T2 ans="2" exp="2" correct=1 native=0 fallback=1 ops=11 maxdepth=0 zooms=0
TRAIN r=2 qid=19 ctx=100 cand=K2 correct=1 native=0 ops=11
T3 qid=20 kind=LETTER_COUNT chunk=WORD>CHAR
D zoom qid=20 span=1 parent=0 off=0 len=3 depth=1 why=count-letters-inside-word
D zoom qid=20 span=2 parent=0 off=4 len=6 depth=1 why=count-letters-inside-word
D zoom qid=20 span=3 parent=0 off=11 len=5 depth=1 why=count-letters-inside-word
T3 ans="6" exp="6" correct=1 native=1 fallback=0 ops=17 maxdepth=1 zooms=3
TRAIN r=2 qid=20 ctx=110 cand=K3 correct=1 native=1 ops=17
T4 qid=21 kind=CONTAINS chunk=WORD?CHARSCAN
D zoom qid=21 span=1 parent=0 off=0 len=10 depth=1 why=substring-scan-at-character-scale
T4 ans="yes" exp="yes" correct=1 native=1 fallback=0 ops=11 maxdepth=1 zooms=1
TRAIN r=2 qid=21 ctx=601 cand=K4 correct=1 native=1 ops=11
T1 ans="h" exp="o" correct=0 native=1 fallback=0 ops=2 maxdepth=0 zooms=0
TRAIN r=2 qid=22 ctx=211 cand=K1 correct=0 native=1 ops=2
T2 ans="3" exp="3" correct=1 native=0 fallback=1 ops=23 maxdepth=0 zooms=0
TRAIN r=2 qid=23 ctx=110 cand=K2 correct=1 native=0 ops=23
# TRAIN-ROUND 3
T4 qid=0 kind=LETTER_COUNT chunk=WORD>CHAR
D zoom qid=0 span=1 parent=0 off=0 len=10 depth=1 why=count-letters-inside-word
T4 ans="3" exp="3" correct=1 native=1 fallback=0 ops=11 maxdepth=1 zooms=1
TRAIN r=3 qid=0 ctx=100 cand=K4 correct=1 native=1 ops=11
T1 ans="4" exp="4" correct=1 native=1 fallback=0 ops=11 maxdepth=0 zooms=0
TRAIN r=3 qid=1 ctx=100 cand=K1 correct=1 native=1 ops=11
T2 ans="3" exp="3" correct=1 native=0 fallback=1 ops=13 maxdepth=0 zooms=0
TRAIN r=3 qid=2 ctx=110 cand=K2 correct=1 native=0 ops=13
T3 qid=3 kind=LETTER_COUNT chunk=WORD>CHAR
D zoom qid=3 span=1 parent=0 off=0 len=6 depth=1 why=count-letters-inside-word
T3 ans="3" exp="3" correct=1 native=1 fallback=0 ops=7 maxdepth=1 zooms=1
TRAIN r=3 qid=3 ctx=100 cand=K3 correct=1 native=1 ops=7
T4 qid=4 kind=LETTER_COUNT chunk=WORD>CHAR
D zoom qid=4 span=1 parent=0 off=0 len=11 depth=1 why=count-letters-inside-word
T4 ans="5" exp="5" correct=1 native=1 fallback=0 ops=12 maxdepth=1 zooms=1
TRAIN r=3 qid=4 ctx=100 cand=K4 correct=1 native=1 ops=12
T1 ans="r" exp="r" correct=1 native=1 fallback=0 ops=3 maxdepth=0 zooms=0
TRAIN r=3 qid=5 ctx=200 cand=K1 correct=1 native=1 ops=3
T2 ans="M" exp="M" correct=1 native=0 fallback=1 ops=2 maxdepth=0 zooms=0
TRAIN r=3 qid=6 ctx=200 cand=K2 correct=1 native=0 ops=2
T3 qid=7 kind=POSITION chunk=WORD>CHAR
D zoom qid=7 span=1 parent=0 off=9 len=1 depth=1 why=index-character-inside-word
T3 ans="y" exp="y" correct=1 native=1 fallback=0 ops=10 maxdepth=1 zooms=1
TRAIN r=3 qid=7 ctx=200 cand=K3 correct=1 native=1 ops=10
T4 qid=8 kind=REVERSE chunk=WORD>CHAR
T4 ans="yrrebwarts" exp="yrrebwarts" correct=1 native=1 fallback=0 ops=10 maxdepth=0 zooms=0
TRAIN r=3 qid=8 ctx=300 cand=K4 correct=1 native=1 ops=10
T1 ans="cba" exp="cba" correct=1 native=1 fallback=0 ops=3 maxdepth=0 zooms=0
TRAIN r=3 qid=9 ctx=300 cand=K1 correct=1 native=1 ops=3
T2 ans="4" exp="4" correct=1 native=1 fallback=0 ops=4 maxdepth=0 zooms=0
TRAIN r=3 qid=10 ctx=410 cand=K2 correct=1 native=1 ops=4
T3 qid=11 kind=WORD_COUNT chunk=WORD>CHAR
T3 ans="1" exp="1" correct=1 native=1 fallback=0 ops=1 maxdepth=0 zooms=0
TRAIN r=3 qid=11 ctx=400 cand=K3 correct=1 native=1 ops=1
T4 qid=12 kind=LENGTH chunk=WORD>CHAR
T4 ans="10" exp="10" correct=1 native=1 fallback=0 ops=10 maxdepth=0 zooms=0
TRAIN r=3 qid=12 ctx=500 cand=K4 correct=1 native=1 ops=10
T1 ans="2" exp="2" correct=1 native=1 fallback=0 ops=2 maxdepth=0 zooms=0
TRAIN r=3 qid=13 ctx=500 cand=K1 correct=1 native=1 ops=2
T2 ans="yes" exp="yes" correct=1 native=1 fallback=0 ops=4 maxdepth=0 zooms=0
TRAIN r=3 qid=14 ctx=610 cand=K2 correct=1 native=1 ops=4
T3 qid=15 kind=FIRST_WORD chunk=WORD>CHAR
T3 ans="the" exp="the" correct=1 native=1 fallback=0 ops=4 maxdepth=0 zooms=0
TRAIN r=3 qid=15 ctx=710 cand=K3 correct=1 native=1 ops=4
T4 qid=16 kind=POS_LAST chunk=WORD>CHAR
D zoom qid=16 span=1 parent=0 off=10 len=1 depth=1 why=index-character-inside-word
T4 ans="i" exp="i" correct=1 native=1 fallback=0 ops=11 maxdepth=1 zooms=1
TRAIN r=3 qid=16 ctx=900 cand=K4 correct=1 native=1 ops=11
T1 ans="h" exp="h" correct=1 native=1 fallback=0 ops=1 maxdepth=0 zooms=0
TRAIN r=3 qid=17 ctx=810 cand=K1 correct=1 native=1 ops=1
T2 ans="0" exp="0" correct=1 native=0 fallback=1 ops=12 maxdepth=0 zooms=0
TRAIN r=3 qid=18 ctx=100 cand=K2 correct=1 native=0 ops=12
T3 qid=19 kind=LETTER_COUNT chunk=WORD>CHAR
D zoom qid=19 span=1 parent=0 off=0 len=10 depth=1 why=count-letters-inside-word
T3 ans="2" exp="2" correct=1 native=1 fallback=0 ops=11 maxdepth=1 zooms=1
TRAIN r=3 qid=19 ctx=100 cand=K3 correct=1 native=1 ops=11
T4 qid=20 kind=LETTER_COUNT chunk=WORD>CHAR
D zoom qid=20 span=1 parent=0 off=0 len=3 depth=1 why=count-letters-inside-word
D zoom qid=20 span=2 parent=0 off=4 len=6 depth=1 why=count-letters-inside-word
D zoom qid=20 span=3 parent=0 off=11 len=5 depth=1 why=count-letters-inside-word
T4 ans="6" exp="6" correct=1 native=1 fallback=0 ops=17 maxdepth=1 zooms=3
TRAIN r=3 qid=20 ctx=110 cand=K4 correct=1 native=1 ops=17
T1 ans="yes" exp="yes" correct=1 native=1 fallback=0 ops=10 maxdepth=0 zooms=0
TRAIN r=3 qid=21 ctx=601 cand=K1 correct=1 native=1 ops=10
T2 ans="o" exp="o" correct=1 native=0 fallback=1 ops=6 maxdepth=0 zooms=0
TRAIN r=3 qid=22 ctx=211 cand=K2 correct=1 native=0 ops=6
T3 qid=23 kind=LETTER_COUNT chunk=WORD>CHAR
D zoom qid=23 span=1 parent=0 off=0 len=3 depth=1 why=count-letters-inside-word
D zoom qid=23 span=2 parent=0 off=4 len=10 depth=1 why=count-letters-inside-word
D zoom qid=23 span=3 parent=0 off=15 len=5 depth=1 why=count-letters-inside-word
T3 ans="3" exp="3" correct=1 native=1 fallback=0 ops=21 maxdepth=1 zooms=3
TRAIN r=3 qid=23 ctx=110 cand=K3 correct=1 native=1 ops=21
# POLICY (learned: ctx -> chunk; scores K1..K4)
POL ctx=100 kind=LETTER_COUNT shape=0 sub=0 -> K1 scores=[6541,5935,6535,6535] trials=6
POL ctx=110 kind=LETTER_COUNT shape=1 sub=0 -> K1 scores=[3253,2945,3250,3250] trials=3
POL ctx=200 kind=POSITION shape=0 sub=0 -> K1 scores=[3286,2983,3286,3286] trials=3
POL ctx=211 kind=POSITION shape=1 sub=1 -> K3 scores=[98,994,1094,1094] trials=1
POL ctx=300 kind=REVERSE shape=0 sub=0 -> K1 scores=[2187,1985,2187,2187] trials=2
POL ctx=400 kind=WORD_COUNT shape=0 sub=0 -> K2 scores=[1095,1099,1099,1099] trials=1
POL ctx=410 kind=WORD_COUNT shape=1 sub=0 -> K2 scores=[1081,1096,1096,1096] trials=1
POL ctx=500 kind=LENGTH shape=0 sub=0 -> K2 scores=[2188,2198,2188,2188] trials=2
POL ctx=601 kind=CONTAINS shape=0 sub=1 -> K1 scores=[1090,989,1089,1089] trials=1
POL ctx=610 kind=CONTAINS shape=1 sub=0 -> K2 scores=[1081,1096,1096,1096] trials=1
POL ctx=710 kind=FIRST_WORD shape=1 sub=0 -> K2 scores=[1097,1099,1096,1096] trials=1
POL ctx=810 kind=POS_FIRST shape=1 sub=0 -> K1 scores=[1099,999,1099,1099] trials=1
POL ctx=900 kind=POS_LAST shape=0 sub=0 -> K1 scores=[1099,999,1089,1089] trials=1
# EVAL-LEARNED
EVAL qid=0 ctx=100 policy=K1
K1 ans="3" exp="3" correct=1 native=1 fallback=0 ops=10 maxdepth=0 zooms=0
EVAL qid=1 ctx=100 policy=K1
K1 ans="4" exp="4" correct=1 native=1 fallback=0 ops=11 maxdepth=0 zooms=0
EVAL qid=2 ctx=110 policy=K1
K1 ans="3" exp="3" correct=1 native=1 fallback=0 ops=11 maxdepth=0 zooms=0
EVAL qid=3 ctx=100 policy=K1
K1 ans="3" exp="3" correct=1 native=1 fallback=0 ops=6 maxdepth=0 zooms=0
EVAL qid=4 ctx=100 policy=K1
K1 ans="5" exp="5" correct=1 native=1 fallback=0 ops=11 maxdepth=0 zooms=0
EVAL qid=5 ctx=200 policy=K1
K1 ans="r" exp="r" correct=1 native=1 fallback=0 ops=3 maxdepth=0 zooms=0
EVAL qid=6 ctx=200 policy=K1
K1 ans="M" exp="M" correct=1 native=1 fallback=0 ops=1 maxdepth=0 zooms=0
EVAL qid=7 ctx=200 policy=K1
K1 ans="y" exp="y" correct=1 native=1 fallback=0 ops=10 maxdepth=0 zooms=0
EVAL qid=8 ctx=300 policy=K1
K1 ans="yrrebwarts" exp="yrrebwarts" correct=1 native=1 fallback=0 ops=10 maxdepth=0 zooms=0
EVAL qid=9 ctx=300 policy=K1
K1 ans="cba" exp="cba" correct=1 native=1 fallback=0 ops=3 maxdepth=0 zooms=0
EVAL qid=10 ctx=410 policy=K2
K2 ans="4" exp="4" correct=1 native=1 fallback=0 ops=4 maxdepth=0 zooms=0
EVAL qid=11 ctx=400 policy=K2
K2 ans="1" exp="1" correct=1 native=1 fallback=0 ops=1 maxdepth=0 zooms=0
EVAL qid=12 ctx=500 policy=K2
K2 ans="10" exp="10" correct=1 native=1 fallback=0 ops=1 maxdepth=0 zooms=0
EVAL qid=13 ctx=500 policy=K2
K2 ans="2" exp="2" correct=1 native=1 fallback=0 ops=1 maxdepth=0 zooms=0
EVAL qid=14 ctx=610 policy=K2
K2 ans="yes" exp="yes" correct=1 native=1 fallback=0 ops=4 maxdepth=0 zooms=0
EVAL qid=15 ctx=710 policy=K2
K2 ans="the" exp="the" correct=1 native=1 fallback=0 ops=1 maxdepth=0 zooms=0
EVAL qid=16 ctx=900 policy=K1
K1 ans="i" exp="i" correct=1 native=1 fallback=0 ops=1 maxdepth=0 zooms=0
EVAL qid=17 ctx=810 policy=K1
K1 ans="h" exp="h" correct=1 native=1 fallback=0 ops=1 maxdepth=0 zooms=0
EVAL qid=18 ctx=100 policy=K1
K1 ans="0" exp="0" correct=1 native=1 fallback=0 ops=11 maxdepth=0 zooms=0
EVAL qid=19 ctx=100 policy=K1
K1 ans="2" exp="2" correct=1 native=1 fallback=0 ops=10 maxdepth=0 zooms=0
EVAL qid=20 ctx=110 policy=K1
K1 ans="6" exp="6" correct=1 native=1 fallback=0 ops=16 maxdepth=0 zooms=0
EVAL qid=21 ctx=601 policy=K1
K1 ans="yes" exp="yes" correct=1 native=1 fallback=0 ops=10 maxdepth=0 zooms=0
EVAL qid=22 ctx=211 policy=K3
K3 qid=22 kind=POSITION chunk=WORD>CHAR
D zoom qid=22 span=1 parent=0 off=16 len=3 depth=1 why=locate-target-word
D zoom qid=22 span=2 parent=1 off=17 len=1 depth=2 why=index-character-inside-word
K3 ans="o" exp="o" correct=1 native=1 fallback=0 ops=6 maxdepth=2 zooms=2
EVAL qid=23 ctx=110 policy=K1
K1 ans="3" exp="3" correct=1 native=1 fallback=0 ops=20 maxdepth=0 zooms=0
EVAL qid=24 ctx=222 policy=K3 (default-unseen-ctx)
K3 qid=24 kind=POSITION chunk=WORD>CHAR
D zoom qid=24 span=1 parent=0 off=55 len=15 depth=1 why=character-span
D zoom qid=24 span=2 parent=1 off=59 len=5 depth=2 why=character-span
D zoom qid=24 span=3 parent=2 off=61 len=1 depth=3 why=index-character-inside-word
K3 ans="n" exp="n" correct=1 native=1 fallback=0 ops=76 maxdepth=3 zooms=3
EVAL qid=25 ctx=1222 policy=K3 (default-unseen-ctx)
K3 qid=25 kind=SENT_WORD chunk=WORD>CHAR
D zoom qid=25 span=1 parent=0 off=40 len=14 depth=1 why=character-span
K3 ans="line" exp="line" correct=1 native=1 fallback=0 ops=73 maxdepth=1 zooms=1
EVAL qid=26 ctx=121 policy=K3 (default-unseen-ctx)
K3 qid=26 kind=LETTER_COUNT chunk=WORD>CHAR
D zoom qid=26 span=1 parent=0 off=21 len=17 depth=1 why=locate-target-word
D zoom qid=26 span=2 parent=1 off=21 len=6 depth=2 why=count-letters-inside-word
D zoom qid=26 span=3 parent=1 off=28 len=5 depth=2 why=count-letters-inside-word
D zoom qid=26 span=4 parent=1 off=34 len=4 depth=2 why=count-letters-inside-word
K3 ans="1" exp="1" correct=1 native=1 fallback=0 ops=30 maxdepth=2 zooms=4
EVAL qid=27 ctx=212 policy=K3 (default-unseen-ctx)
K3 qid=27 kind=POSITION chunk=WORD>CHAR
D zoom qid=27 span=1 parent=0 off=4 len=5 depth=1 why=character-span
D zoom qid=27 span=2 parent=1 off=8 len=1 depth=2 why=index-character-inside-word
K3 ans="k" exp="k" correct=1 native=1 fallback=0 ops=9 maxdepth=2 zooms=2
EVAL qid=28 ctx=612 policy=K3 (default-unseen-ctx)
K3 qid=28 kind=CONTAINS chunk=WORD>CHAR
D zoom qid=28 span=1 parent=0 off=10 len=5 depth=1 why=character-span
D zoom qid=28 span=2 parent=1 off=10 len=5 depth=2 why=substring-scan-at-character-scale
K3 ans="yes" exp="yes" correct=1 native=1 fallback=0 ops=10 maxdepth=2 zooms=2
EVAL qid=29 ctx=910 policy=K3 (default-unseen-ctx)
K3 qid=29 kind=POS_LAST chunk=WORD>CHAR
D zoom qid=29 span=1 parent=0 off=0 len=5 depth=1 why=character-span
D zoom qid=29 span=2 parent=1 off=4 len=1 depth=2 why=index-character-inside-word
K3 ans="o" exp="o" correct=1 native=1 fallback=0 ops=7 maxdepth=2 zooms=2
EVAL qid=30 ctx=111 policy=K3 (default-unseen-ctx)
K3 qid=30 kind=LETTER_COUNT chunk=WORD>CHAR
D zoom qid=30 span=1 parent=0 off=0 len=14 depth=1 why=locate-target-word
D zoom qid=30 span=2 parent=1 off=0 len=3 depth=2 why=count-letters-inside-word
D zoom qid=30 span=3 parent=1 off=4 len=10 depth=2 why=count-letters-inside-word
K3 ans="4" exp="4" correct=1 native=1 fallback=0 ops=18 maxdepth=2 zooms=3
EVAL qid=31 ctx=212 policy=K3 (default-unseen-ctx)
K3 qid=31 kind=POSITION chunk=WORD>CHAR
D zoom qid=31 span=1 parent=0 off=0 len=3 depth=1 why=character-span
D zoom qid=31 span=2 parent=1 off=1 len=1 depth=2 why=index-character-inside-word
K3 ans="h" exp="h" correct=1 native=1 fallback=0 ops=6 maxdepth=2 zooms=2
EVAL qid=32 ctx=1322 policy=K3 (default-unseen-ctx)
K3 qid=32 kind=SENT_COUNT chunk=WORD>CHAR
D zoom qid=32 span=1 parent=0 off=21 len=18 depth=1 why=character-span
K3 ans="3" exp="3" correct=1 native=1 fallback=0 ops=73 maxdepth=1 zooms=1
EVAL qid=33 ctx=312 policy=K3 (default-unseen-ctx)
K3 qid=33 kind=REVERSE chunk=WORD>CHAR
D zoom qid=33 span=1 parent=0 off=4 len=5 depth=1 why=character-span
K3 ans="kciuq" exp="kciuq" correct=1 native=1 fallback=0 ops=9 maxdepth=1 zooms=1
EVAL qid=34 ctx=601 policy=K1
K1 ans="yes" exp="yes" correct=1 native=1 fallback=0 ops=11 maxdepth=0 zooms=0
EVAL qid=35 ctx=200 policy=K1
K1 ans="s" exp="s" correct=1 native=1 fallback=0 ops=4 maxdepth=0 zooms=0
# EVAL-CONTROLS (retired C/W/S, negative controls only)
C ans="3" exp="3" correct=1 native=1 fallback=0 ops=10 maxdepth=0 zooms=0
W ans="3" exp="3" correct=1 native=0 fallback=1 ops=11 maxdepth=0 zooms=0
S ans="3" exp="3" correct=1 native=0 fallback=1 ops=13 maxdepth=0 zooms=0
C ans="4" exp="4" correct=1 native=1 fallback=0 ops=11 maxdepth=0 zooms=0
W ans="4" exp="4" correct=1 native=0 fallback=1 ops=12 maxdepth=0 zooms=0
S ans="4" exp="4" correct=1 native=0 fallback=1 ops=14 maxdepth=0 zooms=0
C ans="3" exp="3" correct=1 native=1 fallback=0 ops=11 maxdepth=0 zooms=0
W ans="3" exp="3" correct=1 native=0 fallback=1 ops=13 maxdepth=0 zooms=0
S ans="3" exp="3" correct=1 native=0 fallback=1 ops=14 maxdepth=0 zooms=0
C ans="3" exp="3" correct=1 native=1 fallback=0 ops=6 maxdepth=0 zooms=0
W ans="3" exp="3" correct=1 native=0 fallback=1 ops=7 maxdepth=0 zooms=0
S ans="3" exp="3" correct=1 native=0 fallback=1 ops=8 maxdepth=0 zooms=0
C ans="5" exp="5" correct=1 native=1 fallback=0 ops=11 maxdepth=0 zooms=0
W ans="5" exp="5" correct=1 native=0 fallback=1 ops=12 maxdepth=0 zooms=0
S ans="5" exp="5" correct=1 native=0 fallback=1 ops=14 maxdepth=0 zooms=0
C ans="r" exp="r" correct=1 native=1 fallback=0 ops=3 maxdepth=0 zooms=0
W ans="r" exp="r" correct=1 native=0 fallback=1 ops=4 maxdepth=0 zooms=0
S ans="r" exp="r" correct=1 native=0 fallback=1 ops=2 maxdepth=0 zooms=0
C ans="M" exp="M" correct=1 native=1 fallback=0 ops=1 maxdepth=0 zooms=0
W ans="M" exp="M" correct=1 native=0 fallback=1 ops=2 maxdepth=0 zooms=0
S ans="M" exp="M" correct=1 native=0 fallback=1 ops=2 maxdepth=0 zooms=0
C ans="y" exp="y" correct=1 native=1 fallback=0 ops=10 maxdepth=0 zooms=0
W ans="y" exp="y" correct=1 native=0 fallback=1 ops=11 maxdepth=0 zooms=0
S ans="y" exp="y" correct=1 native=0 fallback=1 ops=2 maxdepth=0 zooms=0
C ans="yrrebwarts" exp="yrrebwarts" correct=1 native=1 fallback=0 ops=10 maxdepth=0 zooms=0
W ans="yrrebwarts" exp="yrrebwarts" correct=1 native=0 fallback=1 ops=11 maxdepth=0 zooms=0
S ans="yrrebwarts" exp="yrrebwarts" correct=1 native=0 fallback=1 ops=13 maxdepth=0 zooms=0
C ans="cba" exp="cba" correct=1 native=1 fallback=0 ops=3 maxdepth=0 zooms=0
W ans="cba" exp="cba" correct=1 native=0 fallback=1 ops=4 maxdepth=0 zooms=0
S ans="cba" exp="cba" correct=1 native=0 fallback=1 ops=4 maxdepth=0 zooms=0
C ans="4" exp="4" correct=1 native=1 fallback=0 ops=19 maxdepth=0 zooms=0
W ans="4" exp="4" correct=1 native=1 fallback=0 ops=4 maxdepth=0 zooms=0
S ans="4" exp="4" correct=1 native=0 fallback=1 ops=24 maxdepth=0 zooms=0
C ans="1" exp="1" correct=1 native=1 fallback=0 ops=5 maxdepth=0 zooms=0
W ans="1" exp="1" correct=1 native=1 fallback=0 ops=1 maxdepth=0 zooms=0
S ans="1" exp="1" correct=1 native=0 fallback=1 ops=7 maxdepth=0 zooms=0
C ans="10" exp="10" correct=1 native=1 fallback=0 ops=10 maxdepth=0 zooms=0
W ans="10" exp="10" correct=1 native=1 fallback=0 ops=1 maxdepth=0 zooms=0
S ans="10" exp="10" correct=1 native=1 fallback=0 ops=3 maxdepth=0 zooms=0
C ans="2" exp="2" correct=1 native=1 fallback=0 ops=2 maxdepth=0 zooms=0
W ans="2" exp="2" correct=1 native=1 fallback=0 ops=1 maxdepth=0 zooms=0
S ans="2" exp="2" correct=1 native=1 fallback=0 ops=1 maxdepth=0 zooms=0
C ans="yes" exp="yes" correct=1 native=1 fallback=0 ops=19 maxdepth=0 zooms=0
W ans="yes" exp="yes" correct=1 native=1 fallback=0 ops=4 maxdepth=0 zooms=0
S ans="yes" exp="yes" correct=1 native=0 fallback=1 ops=24 maxdepth=0 zooms=0
C ans="the" exp="the" correct=1 native=1 fallback=0 ops=3 maxdepth=0 zooms=0
W ans="the" exp="the" correct=1 native=1 fallback=0 ops=1 maxdepth=0 zooms=0
S ans="the" exp="the" correct=1 native=0 fallback=1 ops=8 maxdepth=0 zooms=0
C ans="i" exp="i" correct=1 native=1 fallback=0 ops=1 maxdepth=0 zooms=0
W ans="i" exp="i" correct=1 native=0 fallback=1 ops=1 maxdepth=0 zooms=0
S ans="i" exp="i" correct=1 native=0 fallback=1 ops=1 maxdepth=0 zooms=0
C ans="h" exp="h" correct=1 native=1 fallback=0 ops=1 maxdepth=0 zooms=0
W ans="h" exp="h" correct=1 native=0 fallback=1 ops=1 maxdepth=0 zooms=0
S ans="h" exp="h" correct=1 native=0 fallback=1 ops=1 maxdepth=0 zooms=0
C ans="0" exp="0" correct=1 native=1 fallback=0 ops=11 maxdepth=0 zooms=0
W ans="0" exp="0" correct=1 native=0 fallback=1 ops=12 maxdepth=0 zooms=0
S ans="0" exp="0" correct=1 native=0 fallback=1 ops=14 maxdepth=0 zooms=0
C ans="2" exp="2" correct=1 native=1 fallback=0 ops=10 maxdepth=0 zooms=0
W ans="2" exp="2" correct=1 native=0 fallback=1 ops=11 maxdepth=0 zooms=0
S ans="2" exp="2" correct=1 native=0 fallback=1 ops=13 maxdepth=0 zooms=0
C ans="6" exp="6" correct=1 native=1 fallback=0 ops=16 maxdepth=0 zooms=0
W ans="6" exp="6" correct=1 native=0 fallback=1 ops=19 maxdepth=0 zooms=0
S ans="6" exp="6" correct=1 native=0 fallback=1 ops=20 maxdepth=0 zooms=0
C ans="yes" exp="yes" correct=1 native=1 fallback=0 ops=10 maxdepth=0 zooms=0
W ans="yes" exp="yes" correct=1 native=0 fallback=1 ops=11 maxdepth=0 zooms=0
S ans="yes" exp="yes" correct=1 native=0 fallback=1 ops=13 maxdepth=0 zooms=0
C ans="h" exp="o" correct=0 native=1 fallback=0 ops=2 maxdepth=0 zooms=0
W ans="o" exp="o" correct=1 native=0 fallback=1 ops=6 maxdepth=0 zooms=0
S ans="h" exp="o" correct=0 native=0 fallback=1 ops=2 maxdepth=0 zooms=0
C ans="3" exp="3" correct=1 native=1 fallback=0 ops=20 maxdepth=0 zooms=0
W ans="3" exp="3" correct=1 native=0 fallback=1 ops=23 maxdepth=0 zooms=0
S ans="3" exp="3" correct=1 native=0 fallback=1 ops=25 maxdepth=0 zooms=0
C ans="r" exp="n" correct=0 native=1 fallback=0 ops=3 maxdepth=0 zooms=0
W ans="?" exp="n" correct=0 native=0 fallback=1 ops=15 maxdepth=0 zooms=0
S ans="r" exp="n" correct=0 native=0 fallback=1 ops=2 maxdepth=0 zooms=0
C ans="" exp="line" correct=0 native=1 fallback=0 ops=0 maxdepth=0 zooms=0
W ans="" exp="line" correct=0 native=1 fallback=0 ops=0 maxdepth=0 zooms=0
S ans="" exp="line" correct=0 native=1 fallback=0 ops=0 maxdepth=0 zooms=0
C ans="8" exp="1" correct=0 native=1 fallback=0 ops=70 maxdepth=0 zooms=0
W ans="8" exp="1" correct=0 native=0 fallback=1 ops=82 maxdepth=0 zooms=0
S ans="8" exp="1" correct=0 native=0 fallback=1 ops=88 maxdepth=0 zooms=0
C ans="q" exp="k" correct=0 native=1 fallback=0 ops=5 maxdepth=0 zooms=0
W ans="?" exp="k" correct=0 native=0 fallback=1 ops=9 maxdepth=0 zooms=0
S ans="q" exp="k" correct=0 native=0 fallback=1 ops=2 maxdepth=0 zooms=0
C ans="yes" exp="yes" correct=1 native=1 fallback=0 ops=19 maxdepth=0 zooms=0
W ans="yes" exp="yes" correct=1 native=0 fallback=1 ops=23 maxdepth=0 zooms=0
S ans="yes" exp="yes" correct=1 native=0 fallback=1 ops=24 maxdepth=0 zooms=0
C ans="d" exp="o" correct=0 native=1 fallback=0 ops=1 maxdepth=0 zooms=0
W ans="d" exp="o" correct=0 native=0 fallback=1 ops=1 maxdepth=0 zooms=0
S ans="d" exp="o" correct=0 native=0 fallback=1 ops=1 maxdepth=0 zooms=0
C ans="6" exp="4" correct=0 native=1 fallback=0 ops=20 maxdepth=0 zooms=0
W ans="6" exp="4" correct=0 native=0 fallback=1 ops=23 maxdepth=0 zooms=0
S ans="6" exp="4" correct=0 native=0 fallback=1 ops=25 maxdepth=0 zooms=0
C ans="h" exp="h" correct=1 native=1 fallback=0 ops=2 maxdepth=0 zooms=0
W ans="?" exp="h" correct=0 native=0 fallback=1 ops=6 maxdepth=0 zooms=0
S ans="h" exp="h" correct=1 native=0 fallback=1 ops=2 maxdepth=0 zooms=0
C ans="" exp="3" correct=0 native=1 fallback=0 ops=0 maxdepth=0 zooms=0
W ans="" exp="3" correct=0 native=1 fallback=0 ops=0 maxdepth=0 zooms=0
S ans="" exp="3" correct=0 native=1 fallback=0 ops=0 maxdepth=0 zooms=0
C ans="xof nworb kciuq eht" exp="kciuq" correct=0 native=1 fallback=0 ops=19 maxdepth=0 zooms=0
W ans="eht kciuq nworb xof" exp="kciuq" correct=0 native=0 fallback=1 ops=23 maxdepth=0 zooms=0
S ans="xof nworb kciuq eht" exp="kciuq" correct=0 native=0 fallback=1 ops=24 maxdepth=0 zooms=0
C ans="yes" exp="yes" correct=1 native=1 fallback=0 ops=11 maxdepth=0 zooms=0
W ans="yes" exp="yes" correct=1 native=0 fallback=1 ops=12 maxdepth=0 zooms=0
S ans="yes" exp="yes" correct=1 native=0 fallback=1 ops=14 maxdepth=0 zooms=0
C ans="s" exp="s" correct=1 native=1 fallback=0 ops=4 maxdepth=0 zooms=0
W ans="s" exp="s" correct=1 native=0 fallback=1 ops=5 maxdepth=0 zooms=0
S ans="s" exp="s" correct=1 native=0 fallback=1 ops=2 maxdepth=0 zooms=0
# SUMMARY_LEARNED kind n correct native ops_total
L LETTER_COUNT n=11 correct=11 native=11 ops=154
L POSITION n=11 correct=11 native=11 ops=124
L REVERSE n=3 correct=3 native=3 ops=22
L WORD_COUNT n=2 correct=2 native=2 ops=5
L LENGTH n=2 correct=2 native=2 ops=2
L CONTAINS n=4 correct=4 native=4 ops=35
L FIRST_WORD n=3 correct=3 native=3 ops=147
# SUMMARY_CONTROLS arm kind n correct native ops_total
C LETTER_COUNT n=11 correct=9 native=11 ops=196
C POSITION n=11 correct=7 native=11 ops=33
C REVERSE n=3 correct=2 native=3 ops=32
C WORD_COUNT n=2 correct=2 native=2 ops=24
C LENGTH n=2 correct=2 native=2 ops=12
C CONTAINS n=4 correct=4 native=4 ops=59
C FIRST_WORD n=3 correct=1 native=3 ops=3
W LETTER_COUNT n=11 correct=9 native=0 ops=225
W POSITION n=11 correct=7 native=0 ops=61
W REVERSE n=3 correct=2 native=0 ops=38
W WORD_COUNT n=2 correct=2 native=2 ops=5
W LENGTH n=2 correct=2 native=2 ops=2
W CONTAINS n=4 correct=4 native=1 ops=50
W FIRST_WORD n=3 correct=1 native=3 ops=1
S LETTER_COUNT n=11 correct=9 native=0 ops=248
S POSITION n=11 correct=7 native=0 ops=19
S REVERSE n=3 correct=2 native=0 ops=41
S WORD_COUNT n=2 correct=2 native=0 ops=31
S LENGTH n=2 correct=2 native=2 ops=4
S CONTAINS n=4 correct=4 native=0 ops=75
S FIRST_WORD n=3 correct=1 native=2 ops=8
# LEARNED_TOTALS n=36 correct=36 native=36 ops=489
# LEARNED_RESULT PASS
# ZOOMS_TOTAL 67
# END
