local-tnn-native-lab PASS VERDICT=PASS (exit 0)
local-archive-2321pdt PASS VERDICT=PASS (exit 0)
local-archive-0221pdt PASS VERDICT=PASS (exit 0)
local-archive-0521pdt PASS VERDICT=PASS (exit 0)
local-archive-1121pdt PASS VERDICT=PASS (exit 0)
local-archive-1421pdt PASS VERDICT=PASS (exit 0)
local-archive-1721pdt PASS VERDICT=PASS (exit 0)
local-archive-wave-1721pdt PASS VERDICT=PASS (exit 0)
local-archive-wave-2321pdt PASS VERDICT=PASS (exit 0)
local-archive-wave-0221pdt PASS VERDICT=PASS (exit 0)
local-archive-wave-0521pdt PASS VERDICT=PASS (exit 0)
local-archive-wave-0821pdt PASS VERDICT=PASS (exit 0)
local-archive-wave-1121pdt PASS VERDICT=PASS (exit 0)
local-archive-wave-1421pdt PASS VERDICT=PASS (exit 0)
local-wave-debate-session-1-backup PASS VERDICT=PASS (exit 0)
origin-tnn-native-lab PASS VERDICT=PASS (exit 0)
origin-fs-gr1 PASS VERDICT=PASS (exit 0)
origin-main PASS VERDICT=PASS (exit 0)
origin-r2-7 PASS VERDICT=PASS (exit 0)
origin-reorg-phase-0-1 PASS VERDICT=PASS (exit 0)
origin-wg-freeze PASS VERDICT=PASS (exit 0)
origin-pull-1-head FAIL VERDICT=FAIL (exit 1)
origin-pull-2-head FAIL VERDICT=FAIL (exit 1)
origin-pull-3-head PASS VERDICT=PASS (exit 0)
origin-tnn-native-lab-runstart-tip PASS VERDICT=PASS (exit 0)
forktest-main PASS VERDICT=PASS (exit 0)
forktest-r2-7 PASS VERDICT=PASS (exit 0)
forktest-reorg_phase-0-1 PASS VERDICT=PASS (exit 0)
forktest-tnn-native-lab PASS VERDICT=PASS (exit 0)
forktest-tnn-native-lab-remote PASS VERDICT=PASS (exit 0)
forktest-wave-debate-session-1-backup PASS VERDICT=PASS (exit 0)
forktest-wg-freeze PASS VERDICT=PASS (exit 0)
wave3-probe PASS VERDICT=PASS (exit 0)
wave3-senses PASS VERDICT=PASS (exit 0)
wave3-trades PASS VERDICT=PASS (exit 0)
DONE
