KB 38 ENT 27
D CMP-HEIGHT-0001
NOVEL=1 T CMP-HEIGHT-0001 1 PASS
A yes.
D CMP-HEIGHT-0002
NOVEL=1 T CMP-HEIGHT-0002 1 PASS
A no.
D CMP-HEIGHT-0003
NOVEL=1 T CMP-HEIGHT-0003 1 PASS
A the eiffel tower is taller.
D CMP-HEIGHT-0004
NOVEL=1 T CMP-HEIGHT-0004 1 PASS
A the montparnasse tower is shorter.
D CMP-HEIGHT-0005
NOVEL=1 T CMP-HEIGHT-0005 1 PASS
A the eiffel tower is taller.
D CMP-HEIGHT-0006
NOVEL=1 T CMP-HEIGHT-0006 1 PASS
A no.
D CMP-HEIGHT-0007
NOVEL=1 T CMP-HEIGHT-0007 1 PASS
A yes.
D CMP-HEIGHT-0008
NOVEL=1 T CMP-HEIGHT-0008 1 PASS
A no.
D CMP-HEIGHT-0009
NOVEL=1 T CMP-HEIGHT-0009 1 PASS
A the eiffel tower is taller.
D CMP-HEIGHT-0010
NOVEL=1 T CMP-HEIGHT-0010 1 PASS
A the statue of liberty is shorter.
D CMP-HEIGHT-0011
NOVEL=1 T CMP-HEIGHT-0011 1 PASS
A the eiffel tower is taller.
D CMP-HEIGHT-0012
NOVEL=1 T CMP-HEIGHT-0012 1 PASS
A no.
D CMP-HEIGHT-0013
NOVEL=1 T CMP-HEIGHT-0013 1 PASS
A yes.
D CMP-HEIGHT-0014
NOVEL=1 T CMP-HEIGHT-0014 1 PASS
A no.
D CMP-HEIGHT-0015
NOVEL=1 T CMP-HEIGHT-0015 1 PASS
A the eiffel tower is taller.
D CMP-HEIGHT-0016
NOVEL=1 T CMP-HEIGHT-0016 1 PASS
A big ben is shorter.
D CMP-HEIGHT-0017
NOVEL=1 T CMP-HEIGHT-0017 1 PASS
A the eiffel tower is taller.
D CMP-HEIGHT-0018
NOVEL=1 T CMP-HEIGHT-0018 1 PASS
A no.
D CMP-HEIGHT-0019
NOVEL=1 T CMP-HEIGHT-0019 1 PASS
A no.
D CMP-HEIGHT-0020
NOVEL=1 T CMP-HEIGHT-0020 1 PASS
A yes.
D CMP-HEIGHT-0021
NOVEL=1 T CMP-HEIGHT-0021 1 PASS
A mount everest is taller.
D CMP-HEIGHT-0022
NOVEL=1 T CMP-HEIGHT-0022 1 PASS
A the eiffel tower is shorter.
D CMP-HEIGHT-0023
NOVEL=1 T CMP-HEIGHT-0023 1 PASS
A mount everest is taller.
D CMP-HEIGHT-0024
NOVEL=1 T CMP-HEIGHT-0024 1 PASS
A yes.
D CMP-HEIGHT-0025
NOVEL=1 T CMP-HEIGHT-0025 1 PASS
A no.
D CMP-HEIGHT-0026
NOVEL=1 T CMP-HEIGHT-0026 1 PASS
A yes.
D CMP-HEIGHT-0027
NOVEL=1 T CMP-HEIGHT-0027 1 PASS
A the eiffel tower is taller.
D CMP-HEIGHT-0028
NOVEL=1 T CMP-HEIGHT-0028 1 PASS
A the montparnasse tower is shorter.
D CMP-HEIGHT-0029
NOVEL=1 T CMP-HEIGHT-0029 1 PASS
A the eiffel tower is taller.
D CMP-HEIGHT-0030
NOVEL=1 T CMP-HEIGHT-0030 1 PASS
A yes.
D CMP-HEIGHT-0031
NOVEL=1 T CMP-HEIGHT-0031 1 PASS
A yes.
D CMP-HEIGHT-0032
NOVEL=1 T CMP-HEIGHT-0032 1 PASS
A no.
D CMP-HEIGHT-0033
NOVEL=1 T CMP-HEIGHT-0033 1 PASS
A the montparnasse tower is taller.
D CMP-HEIGHT-0034
NOVEL=1 T CMP-HEIGHT-0034 1 PASS
A the statue of liberty is shorter.
D CMP-HEIGHT-0035
NOVEL=1 T CMP-HEIGHT-0035 1 PASS
A the montparnasse tower is taller.
D CMP-HEIGHT-0036
NOVEL=1 T CMP-HEIGHT-0036 1 PASS
A no.
D CMP-HEIGHT-0037
NOVEL=1 T CMP-HEIGHT-0037 1 PASS
A yes.
D CMP-HEIGHT-0038
NOVEL=1 T CMP-HEIGHT-0038 1 PASS
A no.
D CMP-HEIGHT-0039
NOVEL=1 T CMP-HEIGHT-0039 1 PASS
A the montparnasse tower is taller.
D CMP-HEIGHT-0040
NOVEL=1 T CMP-HEIGHT-0040 1 PASS
A big ben is shorter.
D CMP-HEIGHT-0041
NOVEL=1 T CMP-HEIGHT-0041 1 PASS
A the montparnasse tower is taller.
D CMP-HEIGHT-0042
NOVEL=1 T CMP-HEIGHT-0042 1 PASS
A no.
D CMP-HEIGHT-0043
NOVEL=1 T CMP-HEIGHT-0043 1 PASS
A no.
D CMP-HEIGHT-0044
NOVEL=1 T CMP-HEIGHT-0044 1 PASS
A yes.
D CMP-HEIGHT-0045
NOVEL=1 T CMP-HEIGHT-0045 1 PASS
A mount everest is taller.
D CMP-HEIGHT-0046
NOVEL=1 T CMP-HEIGHT-0046 1 PASS
A the montparnasse tower is shorter.
D CMP-HEIGHT-0047
NOVEL=1 T CMP-HEIGHT-0047 1 PASS
A mount everest is taller.
D CMP-HEIGHT-0048
NOVEL=1 T CMP-HEIGHT-0048 1 PASS
A yes.
D CMP-HEIGHT-0049
NOVEL=1 T CMP-HEIGHT-0049 1 PASS
A no.
D CMP-HEIGHT-0050
NOVEL=1 T CMP-HEIGHT-0050 1 PASS
A yes.
D CMP-HEIGHT-0051
NOVEL=1 T CMP-HEIGHT-0051 1 PASS
A the eiffel tower is taller.
D CMP-HEIGHT-0052
NOVEL=1 T CMP-HEIGHT-0052 1 PASS
A the statue of liberty is shorter.
D CMP-HEIGHT-0053
NOVEL=1 T CMP-HEIGHT-0053 1 PASS
A the eiffel tower is taller.
D CMP-HEIGHT-0054
NOVEL=1 T CMP-HEIGHT-0054 1 PASS
A yes.
D CMP-HEIGHT-0055
NOVEL=1 T CMP-HEIGHT-0055 1 PASS
A no.
D CMP-HEIGHT-0056
NOVEL=1 T CMP-HEIGHT-0056 1 PASS
A yes.
D CMP-HEIGHT-0057
NOVEL=1 T CMP-HEIGHT-0057 1 PASS
A the montparnasse tower is taller.
D CMP-HEIGHT-0058
NOVEL=1 T CMP-HEIGHT-0058 1 PASS
A the statue of liberty is shorter.
D CMP-HEIGHT-0059
NOVEL=1 T CMP-HEIGHT-0059 1 PASS
A the montparnasse tower is taller.
D CMP-HEIGHT-0060
NOVEL=1 T CMP-HEIGHT-0060 1 PASS
A yes.
D CMP-HEIGHT-0061
NOVEL=1 T CMP-HEIGHT-0061 1 PASS
A no.
D CMP-HEIGHT-0062
NOVEL=1 T CMP-HEIGHT-0062 1 PASS
A yes.
D CMP-HEIGHT-0063
NOVEL=1 T CMP-HEIGHT-0063 1 PASS
A big ben is taller.
D CMP-HEIGHT-0064
NOVEL=1 T CMP-HEIGHT-0064 1 PASS
A the statue of liberty is shorter.
D CMP-HEIGHT-0065
NOVEL=1 T CMP-HEIGHT-0065 1 PASS
A big ben is taller.
D CMP-HEIGHT-0066
NOVEL=1 T CMP-HEIGHT-0066 1 PASS
A yes.
D CMP-HEIGHT-0067
NOVEL=1 T CMP-HEIGHT-0067 1 PASS
A no.
D CMP-HEIGHT-0068
NOVEL=1 T CMP-HEIGHT-0068 1 PASS
A yes.
D CMP-HEIGHT-0069
NOVEL=1 T CMP-HEIGHT-0069 1 PASS
A mount everest is taller.
D CMP-HEIGHT-0070
NOVEL=1 T CMP-HEIGHT-0070 1 PASS
A the statue of liberty is shorter.
D CMP-HEIGHT-0071
NOVEL=1 T CMP-HEIGHT-0071 1 PASS
A mount everest is taller.
D CMP-HEIGHT-0072
NOVEL=1 T CMP-HEIGHT-0072 1 PASS
A yes.
D CMP-HEIGHT-0073
NOVEL=1 T CMP-HEIGHT-0073 1 PASS
A no.
D CMP-HEIGHT-0074
NOVEL=1 T CMP-HEIGHT-0074 1 PASS
A yes.
D CMP-HEIGHT-0075
NOVEL=1 T CMP-HEIGHT-0075 1 PASS
A the eiffel tower is taller.
D CMP-HEIGHT-0076
NOVEL=1 T CMP-HEIGHT-0076 1 PASS
A big ben is shorter.
D CMP-HEIGHT-0077
NOVEL=1 T CMP-HEIGHT-0077 1 PASS
A the eiffel tower is taller.
D CMP-HEIGHT-0078
NOVEL=1 T CMP-HEIGHT-0078 1 PASS
A yes.
D CMP-HEIGHT-0079
NOVEL=1 T CMP-HEIGHT-0079 1 PASS
A no.
D CMP-HEIGHT-0080
NOVEL=1 T CMP-HEIGHT-0080 1 PASS
A yes.
D CMP-TIME-0081
NOVEL=1 T CMP-TIME-0081 1 PASS
A no.
D CMP-TIME-0082
NOVEL=1 T CMP-TIME-0082 1 PASS
A yes.
D CMP-TIME-0083
NOVEL=1 T CMP-TIME-0083 1 PASS
A jane austen was born first.
D CMP-TIME-0084
NOVEL=1 T CMP-TIME-0084 1 PASS
A herman melville was born last.
D CMP-TIME-0085
NOVEL=1 T CMP-TIME-0085 1 PASS
A no.
D CMP-TIME-0086
NOVEL=1 T CMP-TIME-0086 1 PASS
A yes.
D CMP-TIME-0087
NOVEL=1 T CMP-TIME-0087 1 PASS
A charles darwin was born first.
D CMP-TIME-0088
NOVEL=1 T CMP-TIME-0088 1 PASS
A herman melville was born last.
D CMP-TIME-0089
NOVEL=1 T CMP-TIME-0089 1 PASS
A yes.
D CMP-TIME-0090
NOVEL=1 T CMP-TIME-0090 1 PASS
A no.
D CMP-TIME-0091
NOVEL=1 T CMP-TIME-0091 1 PASS
A herman melville was born first.
D CMP-TIME-0092
NOVEL=1 T CMP-TIME-0092 1 PASS
A marie curie was born last.
D CMP-TIME-0093
NOVEL=1 T CMP-TIME-0093 1 PASS
A yes.
D CMP-TIME-0094
NOVEL=1 T CMP-TIME-0094 1 PASS
A no.
D CMP-TIME-0095
NOVEL=1 T CMP-TIME-0095 1 PASS
A herman melville was born first.
D CMP-TIME-0096
NOVEL=1 T CMP-TIME-0096 1 PASS
A andy weir was born last.
D CMP-TIME-0097
NOVEL=1 T CMP-TIME-0097 1 PASS
A yes.
D CMP-TIME-0098
NOVEL=1 T CMP-TIME-0098 1 PASS
A no.
D CMP-TIME-0099
NOVEL=1 T CMP-TIME-0099 1 PASS
A herman melville was born first.
D CMP-TIME-0100
NOVEL=1 T CMP-TIME-0100 1 PASS
A the eiffel tower was built last.
D CMP-TIME-0101
NOVEL=1 T CMP-TIME-0101 1 PASS
A yes.
D CMP-TIME-0102
NOVEL=1 T CMP-TIME-0102 1 PASS
A no.
D CMP-TIME-0103
NOVEL=1 T CMP-TIME-0103 1 PASS
A herman melville was born first.
D CMP-TIME-0104
NOVEL=1 T CMP-TIME-0104 1 PASS
A the montparnasse tower was built last.
D CMP-TIME-0105
NOVEL=1 T CMP-TIME-0105 1 PASS
A yes.
D CMP-TIME-0106
NOVEL=1 T CMP-TIME-0106 1 PASS
A no.
D CMP-TIME-0107
NOVEL=1 T CMP-TIME-0107 1 PASS
A herman melville was born first.
D CMP-TIME-0108
NOVEL=1 T CMP-TIME-0108 1 PASS
A moby dick was published last.
D CMP-TIME-0109
NOVEL=1 T CMP-TIME-0109 1 PASS
A no.
D CMP-TIME-0110
NOVEL=1 T CMP-TIME-0110 1 PASS
A yes.
D CMP-TIME-0111
NOVEL=1 T CMP-TIME-0111 1 PASS
A pride and prejudice was published first.
D CMP-TIME-0112
NOVEL=1 T CMP-TIME-0112 1 PASS
A herman melville was born last.
D CMP-TIME-0113
NOVEL=1 T CMP-TIME-0113 1 PASS
A yes.
D CMP-TIME-0114
NOVEL=1 T CMP-TIME-0114 1 PASS
A no.
D CMP-TIME-0115
NOVEL=1 T CMP-TIME-0115 1 PASS
A herman melville was born first.
D CMP-TIME-0116
NOVEL=1 T CMP-TIME-0116 1 PASS
A on the origin of species was published last.
D CMP-TIME-0117
NOVEL=1 T CMP-TIME-0117 1 PASS
A yes.
D CMP-TIME-0118
NOVEL=1 T CMP-TIME-0118 1 PASS
A no.
D CMP-TIME-0119
NOVEL=1 T CMP-TIME-0119 1 PASS
A herman melville was born first.
D CMP-TIME-0120
NOVEL=1 T CMP-TIME-0120 1 PASS
A the martian was published last.
D CMP-TIME-0121
NOVEL=1 T CMP-TIME-0121 1 PASS
A no.
D CMP-TIME-0122
NOVEL=1 T CMP-TIME-0122 1 PASS
A yes.
D CMP-TIME-0123
NOVEL=1 T CMP-TIME-0123 1 PASS
A the colosseum was completed first.
D CMP-TIME-0124
NOVEL=1 T CMP-TIME-0124 1 PASS
A herman melville was born last.
D CMP-TIME-0125
NOVEL=1 T CMP-TIME-0125 1 PASS
A yes.
D CMP-TIME-0126
NOVEL=1 T CMP-TIME-0126 1 PASS
A no.
D CMP-TIME-0127
NOVEL=1 T CMP-TIME-0127 1 PASS
A herman melville was born first.
D CMP-TIME-0128
NOVEL=1 T CMP-TIME-0128 1 PASS
A the statue of liberty was dedicated last.
D CMP-TIME-0129
NOVEL=1 T CMP-TIME-0129 1 PASS
A no.
D CMP-TIME-0130
NOVEL=1 T CMP-TIME-0130 1 PASS
A yes.
D CMP-TIME-0131
NOVEL=1 T CMP-TIME-0131 1 PASS
A the louvre was opened first.
D CMP-TIME-0132
NOVEL=1 T CMP-TIME-0132 1 PASS
A herman melville was born last.
D CMP-TIME-0133
NOVEL=1 T CMP-TIME-0133 1 PASS
A yes.
D CMP-TIME-0134
NOVEL=1 T CMP-TIME-0134 1 PASS
A no.
D CMP-TIME-0135
NOVEL=1 T CMP-TIME-0135 1 PASS
A jane austen was born first.
D CMP-TIME-0136
NOVEL=1 T CMP-TIME-0136 1 PASS
A herman melville was born last.
D CMP-TIME-0137
NOVEL=1 T CMP-TIME-0137 1 PASS
A yes.
D CMP-TIME-0138
NOVEL=1 T CMP-TIME-0138 1 PASS
A no.
D CMP-TIME-0139
NOVEL=1 T CMP-TIME-0139 1 PASS
A jane austen was born first.
D CMP-TIME-0140
NOVEL=1 T CMP-TIME-0140 1 PASS
A charles darwin was born last.
D CMP-TIME-0141
NOVEL=1 T CMP-TIME-0141 1 PASS
A yes.
D CMP-TIME-0142
NOVEL=1 T CMP-TIME-0142 1 PASS
A no.
D CMP-TIME-0143
NOVEL=1 T CMP-TIME-0143 1 PASS
A jane austen was born first.
D CMP-TIME-0144
NOVEL=1 T CMP-TIME-0144 1 PASS
A marie curie was born last.
D CMP-TIME-0145
NOVEL=1 T CMP-TIME-0145 1 PASS
A yes.
D CMP-TIME-0146
NOVEL=1 T CMP-TIME-0146 1 PASS
A no.
D CMP-TIME-0147
NOVEL=1 T CMP-TIME-0147 1 PASS
A jane austen was born first.
D CMP-TIME-0148
NOVEL=1 T CMP-TIME-0148 1 PASS
A andy weir was born last.
D CMP-TIME-0149
NOVEL=1 T CMP-TIME-0149 1 PASS
A yes.
D CMP-TIME-0150
NOVEL=1 T CMP-TIME-0150 1 PASS
A no.
D CMP-TIME-0151
NOVEL=1 T CMP-TIME-0151 1 PASS
A jane austen was born first.
D CMP-TIME-0152
NOVEL=1 T CMP-TIME-0152 1 PASS
A the eiffel tower was built last.
D CMP-TIME-0153
NOVEL=1 T CMP-TIME-0153 1 PASS
A yes.
D CMP-TIME-0154
NOVEL=1 T CMP-TIME-0154 1 PASS
A no.
D CMP-TIME-0155
NOVEL=1 T CMP-TIME-0155 1 PASS
A jane austen was born first.
D CMP-TIME-0156
NOVEL=1 T CMP-TIME-0156 1 PASS
A the montparnasse tower was built last.
D CMP-TIME-0157
NOVEL=1 T CMP-TIME-0157 1 PASS
A yes.
D CMP-TIME-0158
NOVEL=1 T CMP-TIME-0158 1 PASS
A no.
D CMP-TIME-0159
NOVEL=1 T CMP-TIME-0159 1 PASS
A jane austen was born first.
D CMP-TIME-0160
NOVEL=1 T CMP-TIME-0160 1 PASS
A moby dick was published last.
D CMP-SUP3-0161
NOVEL=1 T CMP-SUP3-0161 1 PASS
A the eiffel tower is tallest.
D CMP-SUP3-0162
NOVEL=1 T CMP-SUP3-0162 1 PASS
A the statue of liberty is shortest.
D CMP-SUP3-0163
NOVEL=1 T CMP-SUP3-0163 1 PASS
A the eiffel tower is tallest.
D CMP-SUP3-0164
NOVEL=1 T CMP-SUP3-0164 1 PASS
A big ben is shortest.
D CMP-SUP3-0165
NOVEL=1 T CMP-SUP3-0165 1 PASS
A mount everest is tallest.
D CMP-SUP3-0166
NOVEL=1 T CMP-SUP3-0166 1 PASS
A the montparnasse tower is shortest.
D CMP-SUP3-0167
NOVEL=1 T CMP-SUP3-0167 1 PASS
A the eiffel tower is tallest.
D CMP-SUP3-0168
NOVEL=1 T CMP-SUP3-0168 1 PASS
A the statue of liberty is shortest.
D CMP-SUP3-0169
NOVEL=1 T CMP-SUP3-0169 1 PASS
A the eiffel tower is tallest.
D CMP-SUP3-0170
NOVEL=1 T CMP-SUP3-0170 1 PASS
A the statue of liberty is shortest.
D CMP-SUP3-0171
NOVEL=1 T CMP-SUP3-0171 1 PASS
A mount everest is tallest.
D CMP-SUP3-0172
NOVEL=1 T CMP-SUP3-0172 1 PASS
A the statue of liberty is shortest.
D CMP-SUP3-0173
NOVEL=1 T CMP-SUP3-0173 1 PASS
A the eiffel tower is tallest.
D CMP-SUP3-0174
NOVEL=1 T CMP-SUP3-0174 1 PASS
A big ben is shortest.
D CMP-SUP3-0175
NOVEL=1 T CMP-SUP3-0175 1 PASS
A the eiffel tower is tallest.
D CMP-SUP3-0176
NOVEL=1 T CMP-SUP3-0176 1 PASS
A the statue of liberty is shortest.
D CMP-SUP3-0177
NOVEL=1 T CMP-SUP3-0177 1 PASS
A mount everest is tallest.
D CMP-SUP3-0178
NOVEL=1 T CMP-SUP3-0178 1 PASS
A big ben is shortest.
D CMP-SUP3-0179
NOVEL=1 T CMP-SUP3-0179 1 PASS
A mount everest is tallest.
D CMP-SUP3-0180
NOVEL=1 T CMP-SUP3-0180 1 PASS
A the montparnasse tower is shortest.
D CMP-SUP3-0181
NOVEL=1 T CMP-SUP3-0181 1 PASS
A mount everest is tallest.
D CMP-SUP3-0182
NOVEL=1 T CMP-SUP3-0182 1 PASS
A the statue of liberty is shortest.
D CMP-SUP3-0183
NOVEL=1 T CMP-SUP3-0183 1 PASS
A mount everest is tallest.
D CMP-SUP3-0184
NOVEL=1 T CMP-SUP3-0184 1 PASS
A big ben is shortest.
D CMP-SUP3-0185
NOVEL=1 T CMP-SUP3-0185 1 PASS
A the eiffel tower is tallest.
D CMP-SUP3-0186
NOVEL=1 T CMP-SUP3-0186 1 PASS
A the statue of liberty is shortest.
D CMP-SUP3-0187
NOVEL=1 T CMP-SUP3-0187 1 PASS
A the eiffel tower is tallest.
D CMP-SUP3-0188
NOVEL=1 T CMP-SUP3-0188 1 PASS
A big ben is shortest.
D CMP-SUP3-0189
NOVEL=1 T CMP-SUP3-0189 1 PASS
A mount everest is tallest.
D CMP-SUP3-0190
NOVEL=1 T CMP-SUP3-0190 1 PASS
A the montparnasse tower is shortest.
D CMP-SUP3-0191
NOVEL=1 T CMP-SUP3-0191 1 PASS
A the eiffel tower is tallest.
D CMP-SUP3-0192
NOVEL=1 T CMP-SUP3-0192 1 PASS
A the statue of liberty is shortest.
D CMP-SUP3-0193
NOVEL=1 T CMP-SUP3-0193 1 PASS
A the montparnasse tower is tallest.
D CMP-SUP3-0194
NOVEL=1 T CMP-SUP3-0194 1 PASS
A the statue of liberty is shortest.
D CMP-SUP3-0195
NOVEL=1 T CMP-SUP3-0195 1 PASS
A mount everest is tallest.
D CMP-SUP3-0196
NOVEL=1 T CMP-SUP3-0196 1 PASS
A the statue of liberty is shortest.
D CMP-SUP3-0197
NOVEL=1 T CMP-SUP3-0197 1 PASS
A the eiffel tower is tallest.
D CMP-SUP3-0198
NOVEL=1 T CMP-SUP3-0198 1 PASS
A big ben is shortest.
D CMP-SUP3-0199
NOVEL=1 T CMP-SUP3-0199 1 PASS
A the montparnasse tower is tallest.
D CMP-SUP3-0200
NOVEL=1 T CMP-SUP3-0200 1 PASS
A the statue of liberty is shortest.
D CMP-SUP3-0201
NOVEL=1 T CMP-SUP3-0201 1 PASS
A mount everest is tallest.
D CMP-SUP3-0202
NOVEL=1 T CMP-SUP3-0202 1 PASS
A big ben is shortest.
D CMP-SUP3-0203
NOVEL=1 T CMP-SUP3-0203 1 PASS
A mount everest is tallest.
D CMP-SUP3-0204
NOVEL=1 T CMP-SUP3-0204 1 PASS
A the montparnasse tower is shortest.
D CMP-SUP3-0205
NOVEL=1 T CMP-SUP3-0205 1 PASS
A mount everest is tallest.
D CMP-SUP3-0206
NOVEL=1 T CMP-SUP3-0206 1 PASS
A the statue of liberty is shortest.
D CMP-SUP3-0207
NOVEL=1 T CMP-SUP3-0207 1 PASS
A mount everest is tallest.
D CMP-SUP3-0208
NOVEL=1 T CMP-SUP3-0208 1 PASS
A big ben is shortest.
D CMP-SUP3-0209
NOVEL=1 T CMP-SUP3-0209 1 PASS
A the eiffel tower is tallest.
D CMP-SUP3-0210
NOVEL=1 T CMP-SUP3-0210 1 PASS
A the statue of liberty is shortest.
D CMP-SUP3-0211
NOVEL=1 T CMP-SUP3-0211 1 PASS
A the eiffel tower is tallest.
D CMP-SUP3-0212
NOVEL=1 T CMP-SUP3-0212 1 PASS
A the statue of liberty is shortest.
D CMP-SUP3-0213
NOVEL=1 T CMP-SUP3-0213 1 PASS
A mount everest is tallest.
D CMP-SUP3-0214
NOVEL=1 T CMP-SUP3-0214 1 PASS
A the statue of liberty is shortest.
D CMP-SUP3-0215
NOVEL=1 T CMP-SUP3-0215 1 PASS
A the eiffel tower is tallest.
D CMP-SUP3-0216
NOVEL=1 T CMP-SUP3-0216 1 PASS
A the statue of liberty is shortest.
D CMP-SUP3-0217
NOVEL=1 T CMP-SUP3-0217 1 PASS
A the montparnasse tower is tallest.
D CMP-SUP3-0218
NOVEL=1 T CMP-SUP3-0218 1 PASS
A the statue of liberty is shortest.
D CMP-SUP3-0219
NOVEL=1 T CMP-SUP3-0219 1 PASS
A mount everest is tallest.
D CMP-SUP3-0220
NOVEL=1 T CMP-SUP3-0220 1 PASS
A the statue of liberty is shortest.
D CMP-SUP3-0221
NOVEL=1 T CMP-SUP3-0221 1 PASS
A the eiffel tower is tallest.
D CMP-SUP3-0222
NOVEL=1 T CMP-SUP3-0222 1 PASS
A the statue of liberty is shortest.
D CMP-SUP3-0223
NOVEL=1 T CMP-SUP3-0223 1 PASS
A the montparnasse tower is tallest.
D CMP-SUP3-0224
NOVEL=1 T CMP-SUP3-0224 1 PASS
A the statue of liberty is shortest.
D CMP-SUP3-0225
NOVEL=1 T CMP-SUP3-0225 1 PASS
A mount everest is tallest.
D CMP-SUP3-0226
NOVEL=1 T CMP-SUP3-0226 1 PASS
A the statue of liberty is shortest.
D CMP-SUP3-0227
NOVEL=1 T CMP-SUP3-0227 1 PASS
A mount everest is tallest.
D CMP-SUP3-0228
NOVEL=1 T CMP-SUP3-0228 1 PASS
A the statue of liberty is shortest.
D CMP-SUP3-0229
NOVEL=1 T CMP-SUP3-0229 1 PASS
A mount everest is tallest.
D CMP-SUP3-0230
NOVEL=1 T CMP-SUP3-0230 1 PASS
A the statue of liberty is shortest.
D CMP-SUP3-0231
NOVEL=1 T CMP-SUP3-0231 1 PASS
A mount everest is tallest.
D CMP-SUP3-0232
NOVEL=1 T CMP-SUP3-0232 1 PASS
A the statue of liberty is shortest.
D CMP-SUP3-0233
NOVEL=1 T CMP-SUP3-0233 1 PASS
A the eiffel tower is tallest.
D CMP-SUP3-0234
NOVEL=1 T CMP-SUP3-0234 1 PASS
A big ben is shortest.
D CMP-SUP3-0235
NOVEL=1 T CMP-SUP3-0235 1 PASS
A the eiffel tower is tallest.
D CMP-SUP3-0236
NOVEL=1 T CMP-SUP3-0236 1 PASS
A the statue of liberty is shortest.
D CMP-SUP3-0237
NOVEL=1 T CMP-SUP3-0237 1 PASS
A mount everest is tallest.
D CMP-SUP3-0238
NOVEL=1 T CMP-SUP3-0238 1 PASS
A big ben is shortest.
D CMP-SUP3-0239
NOVEL=1 T CMP-SUP3-0239 1 PASS
A the eiffel tower is tallest.
D CMP-SUP3-0240
NOVEL=1 T CMP-SUP3-0240 1 PASS
A big ben is shortest.
D CMP-MORELESS-0241
NOVEL=1 T CMP-MORELESS-0241 1 PASS
A yes.
D CMP-MORELESS-0242
NOVEL=1 T CMP-MORELESS-0242 1 PASS
A no.
D CMP-MORELESS-0243
NOVEL=1 T CMP-MORELESS-0243 1 PASS
A the eiffel tower is higher.
D CMP-MORELESS-0244
NOVEL=1 T CMP-MORELESS-0244 1 PASS
A the montparnasse tower is lower.
D CMP-MORELESS-0245
NOVEL=1 T CMP-MORELESS-0245 1 PASS
A yes.
D CMP-MORELESS-0246
NOVEL=1 T CMP-MORELESS-0246 1 PASS
A no.
D CMP-MORELESS-0247
NOVEL=1 T CMP-MORELESS-0247 1 PASS
A the eiffel tower is higher.
D CMP-MORELESS-0248
NOVEL=1 T CMP-MORELESS-0248 1 PASS
A the statue of liberty is lower.
D CMP-MORELESS-0249
NOVEL=1 T CMP-MORELESS-0249 1 PASS
A yes.
D CMP-MORELESS-0250
NOVEL=1 T CMP-MORELESS-0250 1 PASS
A no.
D CMP-MORELESS-0251
NOVEL=1 T CMP-MORELESS-0251 1 PASS
A the eiffel tower is higher.
D CMP-MORELESS-0252
NOVEL=1 T CMP-MORELESS-0252 1 PASS
A big ben is lower.
D CMP-MORELESS-0253
NOVEL=1 T CMP-MORELESS-0253 1 PASS
A no.
D CMP-MORELESS-0254
NOVEL=1 T CMP-MORELESS-0254 1 PASS
A yes.
D CMP-MORELESS-0255
NOVEL=1 T CMP-MORELESS-0255 1 PASS
A mount everest is higher.
D CMP-MORELESS-0256
NOVEL=1 T CMP-MORELESS-0256 1 PASS
A the eiffel tower is lower.
D CMP-MORELESS-0257
NOVEL=1 T CMP-MORELESS-0257 1 PASS
A no.
D CMP-MORELESS-0258
NOVEL=1 T CMP-MORELESS-0258 1 PASS
A yes.
D CMP-MORELESS-0259
NOVEL=1 T CMP-MORELESS-0259 1 PASS
A the eiffel tower is higher.
D CMP-MORELESS-0260
NOVEL=1 T CMP-MORELESS-0260 1 PASS
A the montparnasse tower is lower.
D CMP-MORELESS-0261
NOVEL=1 T CMP-MORELESS-0261 1 PASS
A yes.
D CMP-MORELESS-0262
NOVEL=1 T CMP-MORELESS-0262 1 PASS
A no.
D CMP-MORELESS-0263
NOVEL=1 T CMP-MORELESS-0263 1 PASS
A the montparnasse tower is higher.
D CMP-MORELESS-0264
NOVEL=1 T CMP-MORELESS-0264 1 PASS
A the statue of liberty is lower.
D CMP-MORELESS-0265
NOVEL=1 T CMP-MORELESS-0265 1 PASS
A yes.
D CMP-MORELESS-0266
NOVEL=1 T CMP-MORELESS-0266 1 PASS
A no.
D CMP-MORELESS-0267
NOVEL=1 T CMP-MORELESS-0267 1 PASS
A the montparnasse tower is higher.
D CMP-MORELESS-0268
NOVEL=1 T CMP-MORELESS-0268 1 PASS
A big ben is lower.
D CMP-MORELESS-0269
NOVEL=1 T CMP-MORELESS-0269 1 PASS
A no.
D CMP-MORELESS-0270
NOVEL=1 T CMP-MORELESS-0270 1 PASS
A yes.
D CMP-MORELESS-0271
NOVEL=1 T CMP-MORELESS-0271 1 PASS
A mount everest is higher.
D CMP-MORELESS-0272
NOVEL=1 T CMP-MORELESS-0272 1 PASS
A the montparnasse tower is lower.
D CMP-MORELESS-0273
NOVEL=1 T CMP-MORELESS-0273 1 PASS
A no.
D CMP-MORELESS-0274
NOVEL=1 T CMP-MORELESS-0274 1 PASS
A yes.
D CMP-MORELESS-0275
NOVEL=1 T CMP-MORELESS-0275 1 PASS
A the eiffel tower is higher.
D CMP-MORELESS-0276
NOVEL=1 T CMP-MORELESS-0276 1 PASS
A the statue of liberty is lower.
D CMP-MORELESS-0277
NOVEL=1 T CMP-MORELESS-0277 1 PASS
A no.
D CMP-MORELESS-0278
NOVEL=1 T CMP-MORELESS-0278 1 PASS
A yes.
D CMP-MORELESS-0279
NOVEL=1 T CMP-MORELESS-0279 1 PASS
A the montparnasse tower is higher.
D CMP-MORELESS-0280
NOVEL=1 T CMP-MORELESS-0280 1 PASS
A the statue of liberty is lower.
D CMP-MORELESS-0281
NOVEL=1 T CMP-MORELESS-0281 1 PASS
A no.
D CMP-MORELESS-0282
NOVEL=1 T CMP-MORELESS-0282 1 PASS
A yes.
D CMP-MORELESS-0283
NOVEL=1 T CMP-MORELESS-0283 1 PASS
A big ben is higher.
D CMP-MORELESS-0284
NOVEL=1 T CMP-MORELESS-0284 1 PASS
A the statue of liberty is lower.
D CMP-MORELESS-0285
NOVEL=1 T CMP-MORELESS-0285 1 PASS
A no.
D CMP-MORELESS-0286
NOVEL=1 T CMP-MORELESS-0286 1 PASS
A yes.
D CMP-MORELESS-0287
NOVEL=1 T CMP-MORELESS-0287 1 PASS
A mount everest is higher.
D CMP-MORELESS-0288
NOVEL=1 T CMP-MORELESS-0288 1 PASS
A the statue of liberty is lower.
D CMP-MORELESS-0289
NOVEL=1 T CMP-MORELESS-0289 1 PASS
A no.
D CMP-MORELESS-0290
NOVEL=1 T CMP-MORELESS-0290 1 PASS
A yes.
D CMP-MORELESS-0291
NOVEL=1 T CMP-MORELESS-0291 1 PASS
A the eiffel tower is higher.
D CMP-MORELESS-0292
NOVEL=1 T CMP-MORELESS-0292 1 PASS
A big ben is lower.
D CMP-MORELESS-0293
NOVEL=1 T CMP-MORELESS-0293 1 PASS
A no.
D CMP-MORELESS-0294
NOVEL=1 T CMP-MORELESS-0294 1 PASS
A yes.
D CMP-MORELESS-0295
NOVEL=1 T CMP-MORELESS-0295 1 PASS
A the montparnasse tower is higher.
D CMP-MORELESS-0296
NOVEL=1 T CMP-MORELESS-0296 1 PASS
A big ben is lower.
D CMP-MORELESS-0297
NOVEL=1 T CMP-MORELESS-0297 1 PASS
A yes.
D CMP-MORELESS-0298
NOVEL=1 T CMP-MORELESS-0298 1 PASS
A no.
D CMP-MORELESS-0299
NOVEL=1 T CMP-MORELESS-0299 1 PASS
A big ben is higher.
D CMP-MORELESS-0300
NOVEL=1 T CMP-MORELESS-0300 1 PASS
A the statue of liberty is lower.
D CMP-MORELESS-0301
NOVEL=1 T CMP-MORELESS-0301 1 PASS
A no.
D CMP-MORELESS-0302
NOVEL=1 T CMP-MORELESS-0302 1 PASS
A yes.
D CMP-MORELESS-0303
NOVEL=1 T CMP-MORELESS-0303 1 PASS
A mount everest is higher.
D CMP-MORELESS-0304
NOVEL=1 T CMP-MORELESS-0304 1 PASS
A big ben is lower.
D CMP-MORELESS-0305
NOVEL=1 T CMP-MORELESS-0305 1 PASS
A yes.
D CMP-MORELESS-0306
NOVEL=1 T CMP-MORELESS-0306 1 PASS
A no.
D CMP-MORELESS-0307
NOVEL=1 T CMP-MORELESS-0307 1 PASS
A mount everest is higher.
D CMP-MORELESS-0308
NOVEL=1 T CMP-MORELESS-0308 1 PASS
A the eiffel tower is lower.
D CMP-MORELESS-0309
NOVEL=1 T CMP-MORELESS-0309 1 PASS
A yes.
D CMP-MORELESS-0310
NOVEL=1 T CMP-MORELESS-0310 1 PASS
A no.
D CMP-MORELESS-0311
NOVEL=1 T CMP-MORELESS-0311 1 PASS
A mount everest is higher.
D CMP-MORELESS-0312
NOVEL=1 T CMP-MORELESS-0312 1 PASS
A the montparnasse tower is lower.
D CMP-MORELESS-0313
NOVEL=1 T CMP-MORELESS-0313 1 PASS
A yes.
D CMP-MORELESS-0314
NOVEL=1 T CMP-MORELESS-0314 1 PASS
A no.
D CMP-MORELESS-0315
NOVEL=1 T CMP-MORELESS-0315 1 PASS
A mount everest is higher.
D CMP-MORELESS-0316
NOVEL=1 T CMP-MORELESS-0316 1 PASS
A the statue of liberty is lower.
D CMP-MORELESS-0317
NOVEL=1 T CMP-MORELESS-0317 1 PASS
A yes.
D CMP-MORELESS-0318
NOVEL=1 T CMP-MORELESS-0318 1 PASS
A no.
D CMP-MORELESS-0319
NOVEL=1 T CMP-MORELESS-0319 1 PASS
A mount everest is higher.
D CMP-MORELESS-0320
NOVEL=1 T CMP-MORELESS-0320 1 PASS
A big ben is lower.
D CMP-THRESH-0321
NOVEL=1 T CMP-THRESH-0321 1 PASS
A no.
D CMP-THRESH-0322
NOVEL=1 T CMP-THRESH-0322 1 PASS
A yes.
D CMP-THRESH-0323
NOVEL=1 T CMP-THRESH-0323 1 PASS
A yes.
D CMP-THRESH-0324
NOVEL=1 T CMP-THRESH-0324 1 PASS
A no.
D CMP-THRESH-0325
NOVEL=1 T CMP-THRESH-0325 1 PASS
A no.
D CMP-THRESH-0326
NOVEL=1 T CMP-THRESH-0326 1 PASS
A yes.
D CMP-THRESH-0327
NOVEL=1 T CMP-THRESH-0327 1 PASS
A yes.
D CMP-THRESH-0328
NOVEL=1 T CMP-THRESH-0328 1 PASS
A no.
D CMP-THRESH-0329
NOVEL=1 T CMP-THRESH-0329 1 PASS
A no.
D CMP-THRESH-0330
NOVEL=1 T CMP-THRESH-0330 1 PASS
A yes.
D CMP-THRESH-0331
NOVEL=1 T CMP-THRESH-0331 1 PASS
A yes.
D CMP-THRESH-0332
NOVEL=1 T CMP-THRESH-0332 1 PASS
A no.
D CMP-THRESH-0333
NOVEL=1 T CMP-THRESH-0333 1 PASS
A no.
D CMP-THRESH-0334
NOVEL=1 T CMP-THRESH-0334 1 PASS
A yes.
D CMP-THRESH-0335
NOVEL=1 T CMP-THRESH-0335 1 PASS
A yes.
D CMP-THRESH-0336
NOVEL=1 T CMP-THRESH-0336 1 PASS
A no.
D CMP-THRESH-0337
NOVEL=1 T CMP-THRESH-0337 1 PASS
A no.
D CMP-THRESH-0338
NOVEL=1 T CMP-THRESH-0338 1 PASS
A yes.
D CMP-THRESH-0339
NOVEL=1 T CMP-THRESH-0339 1 PASS
A yes.
D CMP-THRESH-0340
NOVEL=1 T CMP-THRESH-0340 1 PASS
A no.
D CMP-THRESH-0341
NOVEL=1 T CMP-THRESH-0341 1 PASS
A no.
D CMP-THRESH-0342
NOVEL=1 T CMP-THRESH-0342 1 PASS
A yes.
D CMP-THRESH-0343
NOVEL=1 T CMP-THRESH-0343 1 PASS
A yes.
D CMP-THRESH-0344
NOVEL=1 T CMP-THRESH-0344 1 PASS
A no.
D CMP-THRESH-0345
NOVEL=1 T CMP-THRESH-0345 1 PASS
A no.
D CMP-THRESH-0346
NOVEL=1 T CMP-THRESH-0346 1 PASS
A yes.
D CMP-THRESH-0347
NOVEL=1 T CMP-THRESH-0347 1 PASS
A yes.
D CMP-THRESH-0348
NOVEL=1 T CMP-THRESH-0348 1 PASS
A no.
D CMP-THRESH-0349
NOVEL=1 T CMP-THRESH-0349 1 PASS
A no.
D CMP-THRESH-0350
NOVEL=1 T CMP-THRESH-0350 1 PASS
A yes.
D CMP-THRESH-0351
NOVEL=1 T CMP-THRESH-0351 1 PASS
A yes.
D CMP-THRESH-0352
NOVEL=1 T CMP-THRESH-0352 1 PASS
A no.
D CMP-THRESH-0353
NOVEL=1 T CMP-THRESH-0353 1 PASS
A no.
D CMP-THRESH-0354
NOVEL=1 T CMP-THRESH-0354 1 PASS
A yes.
D CMP-THRESH-0355
NOVEL=1 T CMP-THRESH-0355 1 PASS
A yes.
D CMP-THRESH-0356
NOVEL=1 T CMP-THRESH-0356 1 PASS
A no.
D CMP-THRESH-0357
NOVEL=1 T CMP-THRESH-0357 1 PASS
A no.
D CMP-THRESH-0358
NOVEL=1 T CMP-THRESH-0358 1 PASS
A yes.
D CMP-THRESH-0359
NOVEL=1 T CMP-THRESH-0359 1 PASS
A yes.
D CMP-THRESH-0360
NOVEL=1 T CMP-THRESH-0360 1 PASS
A no.
D CMP-THRESH-0361
NOVEL=1 T CMP-THRESH-0361 1 PASS
A no.
D CMP-THRESH-0362
NOVEL=1 T CMP-THRESH-0362 1 PASS
A yes.
D CMP-THRESH-0363
NOVEL=1 T CMP-THRESH-0363 1 PASS
A yes.
D CMP-THRESH-0364
NOVEL=1 T CMP-THRESH-0364 1 PASS
A no.
D CMP-THRESH-0365
NOVEL=1 T CMP-THRESH-0365 1 PASS
A no.
D CMP-THRESH-0366
NOVEL=1 T CMP-THRESH-0366 1 PASS
A yes.
D CMP-THRESH-0367
NOVEL=1 T CMP-THRESH-0367 1 PASS
A yes.
D CMP-THRESH-0368
NOVEL=1 T CMP-THRESH-0368 1 PASS
A no.
D CMP-THRESH-0369
NOVEL=1 T CMP-THRESH-0369 1 PASS
A no.
D CMP-THRESH-0370
NOVEL=1 T CMP-THRESH-0370 1 PASS
A yes.
D CMP-THRESH-0371
NOVEL=1 T CMP-THRESH-0371 1 PASS
A yes.
D CMP-THRESH-0372
NOVEL=1 T CMP-THRESH-0372 1 PASS
A no.
D CMP-THRESH-0373
NOVEL=1 T CMP-THRESH-0373 1 PASS
A no.
D CMP-THRESH-0374
NOVEL=1 T CMP-THRESH-0374 1 PASS
A yes.
D CMP-THRESH-0375
NOVEL=1 T CMP-THRESH-0375 1 PASS
A yes.
D CMP-THRESH-0376
NOVEL=1 T CMP-THRESH-0376 1 PASS
A no.
D CMP-THRESH-0377
NOVEL=1 T CMP-THRESH-0377 1 PASS
A no.
D CMP-THRESH-0378
NOVEL=1 T CMP-THRESH-0378 1 PASS
A yes.
D CMP-THRESH-0379
NOVEL=1 T CMP-THRESH-0379 1 PASS
A yes.
D CMP-THRESH-0380
NOVEL=1 T CMP-THRESH-0380 1 PASS
A no.
D CMP-THRESH-0381
NOVEL=1 T CMP-THRESH-0381 1 PASS
A no.
D CMP-THRESH-0382
NOVEL=1 T CMP-THRESH-0382 1 PASS
A yes.
D CMP-THRESH-0383
NOVEL=1 T CMP-THRESH-0383 1 PASS
A yes.
D CMP-THRESH-0384
NOVEL=1 T CMP-THRESH-0384 1 PASS
A no.
D CMP-THRESH-0385
NOVEL=1 T CMP-THRESH-0385 1 PASS
A no.
D CMP-THRESH-0386
NOVEL=1 T CMP-THRESH-0386 1 PASS
A yes.
D CMP-THRESH-0387
NOVEL=1 T CMP-THRESH-0387 1 PASS
A yes.
D CMP-THRESH-0388
NOVEL=1 T CMP-THRESH-0388 1 PASS
A no.
D CMP-THRESH-0389
NOVEL=1 T CMP-THRESH-0389 1 PASS
A no.
D CMP-THRESH-0390
NOVEL=1 T CMP-THRESH-0390 1 PASS
A yes.
D CMP-THRESH-0391
NOVEL=1 T CMP-THRESH-0391 1 PASS
A yes.
D CMP-THRESH-0392
NOVEL=1 T CMP-THRESH-0392 1 PASS
A no.
D CMP-THRESH-0393
NOVEL=1 T CMP-THRESH-0393 1 PASS
A no.
D CMP-THRESH-0394
NOVEL=1 T CMP-THRESH-0394 1 PASS
A yes.
D CMP-THRESH-0395
NOVEL=1 T CMP-THRESH-0395 1 PASS
A yes.
D CMP-THRESH-0396
NOVEL=1 T CMP-THRESH-0396 1 PASS
A no.
D CMP-THRESH-0397
NOVEL=1 T CMP-THRESH-0397 1 PASS
A no.
D CMP-THRESH-0398
NOVEL=1 T CMP-THRESH-0398 1 PASS
A yes.
D CMP-THRESH-0399
NOVEL=1 T CMP-THRESH-0399 1 PASS
A yes.
D CMP-THRESH-0400
NOVEL=1 T CMP-THRESH-0400 1 PASS
A no.
D CMP-SAME-0401
NOVEL=1 T CMP-SAME-0401 1 PASS
A no.
D CMP-SAME-0402
NOVEL=1 T CMP-SAME-0402 1 PASS
A yes.
D CMP-SAME-0403
NOVEL=1 T CMP-SAME-0403 1 PASS
A no.
D CMP-SAME-0404
NOVEL=1 T CMP-SAME-0404 1 PASS
A yes.
D CMP-SAME-0405
NOVEL=1 T CMP-SAME-0405 1 PASS
A no.
D CMP-SAME-0406
NOVEL=1 T CMP-SAME-0406 1 PASS
A yes.
D CMP-SAME-0407
NOVEL=1 T CMP-SAME-0407 1 PASS
A no.
D CMP-SAME-0408
NOVEL=1 T CMP-SAME-0408 1 PASS
A yes.
D CMP-SAME-0409
NOVEL=1 T CMP-SAME-0409 1 PASS
A no.
D CMP-SAME-0410
NOVEL=1 T CMP-SAME-0410 1 PASS
A yes.
D CMP-SAME-0411
NOVEL=1 T CMP-SAME-0411 1 PASS
A no.
D CMP-SAME-0412
NOVEL=1 T CMP-SAME-0412 1 PASS
A yes.
D CMP-SAME-0413
NOVEL=1 T CMP-SAME-0413 1 PASS
A no.
D CMP-SAME-0414
NOVEL=1 T CMP-SAME-0414 1 PASS
A yes.
D CMP-SAME-0415
NOVEL=1 T CMP-SAME-0415 1 PASS
A no.
D CMP-SAME-0416
NOVEL=1 T CMP-SAME-0416 1 PASS
A yes.
D CMP-SAME-0417
NOVEL=1 T CMP-SAME-0417 1 PASS
A no.
D CMP-SAME-0418
NOVEL=1 T CMP-SAME-0418 1 PASS
A yes.
D CMP-SAME-0419
NOVEL=1 T CMP-SAME-0419 1 PASS
A no.
D CMP-SAME-0420
NOVEL=1 T CMP-SAME-0420 1 PASS
A yes.
D CMP-SAME-0421
NOVEL=1 T CMP-SAME-0421 1 PASS
A no.
D CMP-SAME-0422
NOVEL=1 T CMP-SAME-0422 1 PASS
A yes.
D CMP-SAME-0423
NOVEL=1 T CMP-SAME-0423 1 PASS
A no.
D CMP-SAME-0424
NOVEL=1 T CMP-SAME-0424 1 PASS
A yes.
D CMP-SAME-0425
NOVEL=1 T CMP-SAME-0425 1 PASS
A no.
D CMP-SAME-0426
NOVEL=1 T CMP-SAME-0426 1 PASS
A yes.
D CMP-SAME-0427
NOVEL=1 T CMP-SAME-0427 1 PASS
A no.
D CMP-SAME-0428
NOVEL=1 T CMP-SAME-0428 1 PASS
A yes.
D CMP-SAME-0429
NOVEL=1 T CMP-SAME-0429 1 PASS
A no.
D CMP-SAME-0430
NOVEL=1 T CMP-SAME-0430 1 PASS
A yes.
D CMP-SAME-0431
NOVEL=1 T CMP-SAME-0431 1 PASS
A no.
D CMP-SAME-0432
NOVEL=1 T CMP-SAME-0432 1 PASS
A yes.
D CMP-SAME-0433
NOVEL=1 T CMP-SAME-0433 1 PASS
A no.
D CMP-SAME-0434
NOVEL=1 T CMP-SAME-0434 1 PASS
A yes.
D CMP-SAME-0435
NOVEL=1 T CMP-SAME-0435 1 PASS
A no.
D CMP-SAME-0436
NOVEL=1 T CMP-SAME-0436 1 PASS
A yes.
D CMP-SAME-0437
NOVEL=1 T CMP-SAME-0437 1 PASS
A no.
D CMP-SAME-0438
NOVEL=1 T CMP-SAME-0438 1 PASS
A yes.
D CMP-SAME-0439
NOVEL=1 T CMP-SAME-0439 1 PASS
A no.
D CMP-SAME-0440
NOVEL=1 T CMP-SAME-0440 1 PASS
A yes.
D CMP-SAME-0441
NOVEL=1 T CMP-SAME-0441 1 PASS
A no.
D CMP-SAME-0442
NOVEL=1 T CMP-SAME-0442 1 PASS
A yes.
D CMP-SAME-0443
NOVEL=1 T CMP-SAME-0443 1 PASS
A no.
D CMP-SAME-0444
NOVEL=1 T CMP-SAME-0444 1 PASS
A yes.
D CMP-SAME-0445
NOVEL=1 T CMP-SAME-0445 1 PASS
A no.
D CMP-SAME-0446
NOVEL=1 T CMP-SAME-0446 1 PASS
A yes.
D CMP-SAME-0447
NOVEL=1 T CMP-SAME-0447 1 PASS
A no.
D CMP-SAME-0448
NOVEL=1 T CMP-SAME-0448 1 PASS
A yes.
D CMP-SAME-0449
NOVEL=1 T CMP-SAME-0449 1 PASS
A no.
D CMP-SAME-0450
NOVEL=1 T CMP-SAME-0450 1 PASS
A yes.
D CMP-SAME-0451
NOVEL=1 T CMP-SAME-0451 1 PASS
A no.
D CMP-SAME-0452
NOVEL=1 T CMP-SAME-0452 1 PASS
A yes.
D CMP-SAME-0453
NOVEL=1 T CMP-SAME-0453 1 PASS
A no.
D CMP-SAME-0454
NOVEL=1 T CMP-SAME-0454 1 PASS
A yes.
D CMP-SAME-0455
NOVEL=1 T CMP-SAME-0455 1 PASS
A no.
D CMP-SAME-0456
NOVEL=1 T CMP-SAME-0456 1 PASS
A yes.
D CMP-SAME-0457
NOVEL=1 T CMP-SAME-0457 1 PASS
A no.
D CMP-SAME-0458
NOVEL=1 T CMP-SAME-0458 1 PASS
A yes.
D CMP-SAME-0459
NOVEL=1 T CMP-SAME-0459 1 PASS
A no.
D CMP-SAME-0460
NOVEL=1 T CMP-SAME-0460 1 PASS
A yes.
D CMP-SAME-0461
NOVEL=1 T CMP-SAME-0461 1 PASS
A no.
D CMP-SAME-0462
NOVEL=1 T CMP-SAME-0462 1 PASS
A yes.
D CMP-SAME-0463
NOVEL=1 T CMP-SAME-0463 1 PASS
A no.
D CMP-SAME-0464
NOVEL=1 T CMP-SAME-0464 1 PASS
A yes.
D CMP-SAME-0465
NOVEL=1 T CMP-SAME-0465 1 PASS
A no.
D CMP-SAME-0466
NOVEL=1 T CMP-SAME-0466 1 PASS
A yes.
D CMP-SAME-0467
NOVEL=1 T CMP-SAME-0467 1 PASS
A no.
D CMP-SAME-0468
NOVEL=1 T CMP-SAME-0468 1 PASS
A yes.
D CMP-SAME-0469
NOVEL=1 T CMP-SAME-0469 1 PASS
A no.
D CMP-SAME-0470
NOVEL=1 T CMP-SAME-0470 1 PASS
A yes.
D CMP-SAME-0471
NOVEL=1 T CMP-SAME-0471 1 PASS
A no.
D CMP-SAME-0472
NOVEL=1 T CMP-SAME-0472 1 PASS
A yes.
D CMP-SAME-0473
NOVEL=1 T CMP-SAME-0473 1 PASS
A no.
D CMP-SAME-0474
NOVEL=1 T CMP-SAME-0474 1 PASS
A yes.
D CMP-SAME-0475
NOVEL=1 T CMP-SAME-0475 1 PASS
A no.
D CMP-SAME-0476
NOVEL=1 T CMP-SAME-0476 1 PASS
A yes.
D CMP-SAME-0477
NOVEL=1 T CMP-SAME-0477 1 PASS
A no.
D CMP-SAME-0478
NOVEL=1 T CMP-SAME-0478 1 PASS
A yes.
D CMP-SAME-0479
NOVEL=1 T CMP-SAME-0479 1 PASS
A no.
D CMP-SAME-0480
NOVEL=1 T CMP-SAME-0480 1 PASS
A yes.
D CMP-NEG-0481
NOVEL=1 T CMP-NEG-0481 1 PASS
A no.
D CMP-NEG-0482
NOVEL=1 T CMP-NEG-0482 1 PASS
A yes.
D CMP-NEG-0483
NOVEL=1 T CMP-NEG-0483 1 PASS
A no.
D CMP-NEG-0484
NOVEL=1 T CMP-NEG-0484 1 PASS
A yes.
D CMP-NEG-0485
NOVEL=1 T CMP-NEG-0485 1 PASS
A no.
D CMP-NEG-0486
NOVEL=1 T CMP-NEG-0486 1 PASS
A yes.
D CMP-NEG-0487
NOVEL=1 T CMP-NEG-0487 1 PASS
A yes.
D CMP-NEG-0488
NOVEL=1 T CMP-NEG-0488 1 PASS
A no.
D CMP-NEG-0489
NOVEL=1 T CMP-NEG-0489 1 PASS
A yes.
D CMP-NEG-0490
NOVEL=1 T CMP-NEG-0490 1 PASS
A no.
D CMP-NEG-0491
NOVEL=1 T CMP-NEG-0491 1 PASS
A no.
D CMP-NEG-0492
NOVEL=1 T CMP-NEG-0492 1 PASS
A yes.
D CMP-NEG-0493
NOVEL=1 T CMP-NEG-0493 1 PASS
A no.
D CMP-NEG-0494
NOVEL=1 T CMP-NEG-0494 1 PASS
A yes.
D CMP-NEG-0495
NOVEL=1 T CMP-NEG-0495 1 PASS
A yes.
D CMP-NEG-0496
NOVEL=1 T CMP-NEG-0496 1 PASS
A no.
D CMP-NEG-0497
NOVEL=1 T CMP-NEG-0497 1 PASS
A yes.
D CMP-NEG-0498
NOVEL=1 T CMP-NEG-0498 1 PASS
A no.
D CMP-NEG-0499
NOVEL=1 T CMP-NEG-0499 1 PASS
A yes.
D CMP-NEG-0500
NOVEL=1 T CMP-NEG-0500 1 PASS
A no.
D CMP-NEG-0501
NOVEL=1 T CMP-NEG-0501 1 PASS
A yes.
D CMP-NEG-0502
NOVEL=1 T CMP-NEG-0502 1 PASS
A no.
D CMP-NEG-0503
NOVEL=1 T CMP-NEG-0503 1 PASS
A yes.
D CMP-NEG-0504
NOVEL=1 T CMP-NEG-0504 1 PASS
A no.
D CMP-NEG-0505
NOVEL=1 T CMP-NEG-0505 1 PASS
A yes.
D CMP-NEG-0506
NOVEL=1 T CMP-NEG-0506 1 PASS
A no.
D CMP-NEG-0507
NOVEL=1 T CMP-NEG-0507 1 PASS
A yes.
D CMP-NEG-0508
NOVEL=1 T CMP-NEG-0508 1 PASS
A no.
D CMP-NEG-0509
NOVEL=1 T CMP-NEG-0509 1 PASS
A no.
D CMP-NEG-0510
NOVEL=1 T CMP-NEG-0510 1 PASS
A yes.
D CMP-NEG-0511
NOVEL=1 T CMP-NEG-0511 1 PASS
A yes.
D CMP-NEG-0512
NOVEL=1 T CMP-NEG-0512 1 PASS
A no.
D CMP-NEG-0513
NOVEL=1 T CMP-NEG-0513 1 PASS
A no.
D CMP-NEG-0514
NOVEL=1 T CMP-NEG-0514 1 PASS
A yes.
D CMP-NEG-0515
NOVEL=1 T CMP-NEG-0515 1 PASS
A no.
D CMP-NEG-0516
NOVEL=1 T CMP-NEG-0516 1 PASS
A yes.
D CMP-NEG-0517
NOVEL=1 T CMP-NEG-0517 1 PASS
A no.
D CMP-NEG-0518
NOVEL=1 T CMP-NEG-0518 1 PASS
A yes.
D CMP-NEG-0519
NOVEL=1 T CMP-NEG-0519 1 PASS
A no.
D CMP-NEG-0520
NOVEL=1 T CMP-NEG-0520 1 PASS
A yes.
D CMP-NEG-0521
NOVEL=1 T CMP-NEG-0521 1 PASS
A yes.
D CMP-NEG-0522
NOVEL=1 T CMP-NEG-0522 1 PASS
A no.
D CMP-NEG-0523
NOVEL=1 T CMP-NEG-0523 1 PASS
A yes.
D CMP-NEG-0524
NOVEL=1 T CMP-NEG-0524 1 PASS
A no.
D CMP-NEG-0525
NOVEL=1 T CMP-NEG-0525 1 PASS
A no.
D CMP-NEG-0526
NOVEL=1 T CMP-NEG-0526 1 PASS
A yes.
D CMP-NEG-0527
NOVEL=1 T CMP-NEG-0527 1 PASS
A no.
D CMP-NEG-0528
NOVEL=1 T CMP-NEG-0528 1 PASS
A yes.
D CMP-NEG-0529
NOVEL=1 T CMP-NEG-0529 1 PASS
A no.
D CMP-NEG-0530
NOVEL=1 T CMP-NEG-0530 1 PASS
A yes.
D CMP-NEG-0531
NOVEL=1 T CMP-NEG-0531 1 PASS
A no.
D CMP-NEG-0532
NOVEL=1 T CMP-NEG-0532 1 PASS
A yes.
D CMP-NEG-0533
NOVEL=1 T CMP-NEG-0533 1 PASS
A no.
D CMP-NEG-0534
NOVEL=1 T CMP-NEG-0534 1 PASS
A yes.
D CMP-NEG-0535
NOVEL=1 T CMP-NEG-0535 1 PASS
A yes.
D CMP-NEG-0536
NOVEL=1 T CMP-NEG-0536 1 PASS
A no.
D CMP-NEG-0537
NOVEL=1 T CMP-NEG-0537 1 PASS
A no.
D CMP-NEG-0538
NOVEL=1 T CMP-NEG-0538 1 PASS
A yes.
D CMP-NEG-0539
NOVEL=1 T CMP-NEG-0539 1 PASS
A no.
D CMP-NEG-0540
NOVEL=1 T CMP-NEG-0540 1 PASS
A yes.
D CMP-NEG-0541
NOVEL=1 T CMP-NEG-0541 1 PASS
A yes.
D CMP-NEG-0542
NOVEL=1 T CMP-NEG-0542 1 PASS
A no.
D CMP-NEG-0543
NOVEL=1 T CMP-NEG-0543 1 PASS
A no.
D CMP-NEG-0544
NOVEL=1 T CMP-NEG-0544 1 PASS
A yes.
D CMP-NEG-0545
NOVEL=1 T CMP-NEG-0545 1 PASS
A yes.
D CMP-NEG-0546
NOVEL=1 T CMP-NEG-0546 1 PASS
A no.
D CMP-NEG-0547
NOVEL=1 T CMP-NEG-0547 1 PASS
A no.
D CMP-NEG-0548
NOVEL=1 T CMP-NEG-0548 1 PASS
A yes.
D CMP-NEG-0549
NOVEL=1 T CMP-NEG-0549 1 PASS
A no.
D CMP-NEG-0550
NOVEL=1 T CMP-NEG-0550 1 PASS
A yes.
D CMP-NEG-0551
NOVEL=1 T CMP-NEG-0551 1 PASS
A no.
D CMP-NEG-0552
NOVEL=1 T CMP-NEG-0552 1 PASS
A yes.
D CMP-NEG-0553
NOVEL=1 T CMP-NEG-0553 1 PASS
A no.
D CMP-NEG-0554
NOVEL=1 T CMP-NEG-0554 1 PASS
A yes.
D CMP-NEG-0555
NOVEL=1 T CMP-NEG-0555 1 PASS
A no.
D CMP-NEG-0556
NOVEL=1 T CMP-NEG-0556 1 PASS
A yes.
D CMP-NEG-0557
NOVEL=1 T CMP-NEG-0557 1 PASS
A no.
D CMP-NEG-0558
NOVEL=1 T CMP-NEG-0558 1 PASS
A yes.
D CMP-NEG-0559
NOVEL=1 T CMP-NEG-0559 1 PASS
A no.
D CMP-NEG-0560
NOVEL=1 T CMP-NEG-0560 1 PASS
A yes.
D CMP-HOP-0561
NOVEL=1 T CMP-HOP-0561 1 PASS
A no.
D CMP-HOP-0562
NOVEL=1 T CMP-HOP-0562 1 PASS
A no.
D CMP-HOP-0563
NOVEL=1 T CMP-HOP-0563 1 PASS
A no.
D CMP-HOP-0564
NOVEL=1 T CMP-HOP-0564 1 PASS
A yes.
D CMP-HOP-0565
NOVEL=1 T CMP-HOP-0565 1 PASS
A no.
D CMP-HOP-0566
NOVEL=1 T CMP-HOP-0566 1 PASS
A yes.
D CMP-HOP-0567
NOVEL=1 T CMP-HOP-0567 1 PASS
A yes.
D CMP-HOP-0568
NOVEL=1 T CMP-HOP-0568 1 PASS
A no.
D CMP-HOP-0569
NOVEL=1 T CMP-HOP-0569 1 PASS
A yes.
D CMP-HOP-0570
NOVEL=1 T CMP-HOP-0570 1 PASS
A no.
D CMP-HOP-0571
NOVEL=1 T CMP-HOP-0571 1 PASS
A yes.
D CMP-HOP-0572
NOVEL=1 T CMP-HOP-0572 1 PASS
A no.
D CMP-HOP-0573
NOVEL=1 T CMP-HOP-0573 1 PASS
A no.
D CMP-HOP-0574
NOVEL=1 T CMP-HOP-0574 1 PASS
A no.
D CMP-HOP-0575
NOVEL=1 T CMP-HOP-0575 1 PASS
A yes.
D CMP-HOP-0576
NOVEL=1 T CMP-HOP-0576 1 PASS
A no.
D CMP-HOP-0577
NOVEL=1 T CMP-HOP-0577 1 PASS
A yes.
D CMP-HOP-0578
NOVEL=1 T CMP-HOP-0578 1 PASS
A no.
D CMP-HOP-0579
NOVEL=1 T CMP-HOP-0579 1 PASS
A yes.
D CMP-HOP-0580
NOVEL=1 T CMP-HOP-0580 1 PASS
A no.
D CMP-HOP-0581
NOVEL=1 T CMP-HOP-0581 1 PASS
A yes.
D CMP-HOP-0582
NOVEL=1 T CMP-HOP-0582 1 PASS
A no.
D CMP-HOP-0583
NOVEL=1 T CMP-HOP-0583 1 PASS
A no.
D CMP-HOP-0584
NOVEL=1 T CMP-HOP-0584 1 PASS
A yes.
D CMP-HOP-0585
NOVEL=1 T CMP-HOP-0585 1 PASS
A no.
D CMP-HOP-0586
NOVEL=1 T CMP-HOP-0586 1 PASS
A no.
D CMP-HOP-0587
NOVEL=1 T CMP-HOP-0587 1 PASS
A yes.
D CMP-HOP-0588
NOVEL=1 T CMP-HOP-0588 1 PASS
A no.
D CMP-HOP-0589
NOVEL=1 T CMP-HOP-0589 1 PASS
A yes.
D CMP-HOP-0590
NOVEL=1 T CMP-HOP-0590 1 PASS
A no.
D CMP-HOP-0591
NOVEL=1 T CMP-HOP-0591 1 PASS
A no.
D CMP-HOP-0592
NOVEL=1 T CMP-HOP-0592 1 PASS
A yes.
D CMP-HOP-0593
NOVEL=1 T CMP-HOP-0593 1 PASS
A no.
D CMP-HOP-0594
NOVEL=1 T CMP-HOP-0594 1 PASS
A yes.
D CMP-HOP-0595
NOVEL=1 T CMP-HOP-0595 1 PASS
A no.
D CMP-HOP-0596
NOVEL=1 T CMP-HOP-0596 1 PASS
A yes.
D CMP-HOP-0597
NOVEL=1 T CMP-HOP-0597 1 PASS
A no.
D CMP-HOP-0598
NOVEL=1 T CMP-HOP-0598 1 PASS
A yes.
D CMP-HOP-0599
NOVEL=1 T CMP-HOP-0599 1 PASS
A no.
D CMP-HOP-0600
NOVEL=1 T CMP-HOP-0600 1 PASS
A no.
D CMP-HOP-0601
NOVEL=1 T CMP-HOP-0601 1 PASS
A no.
D CMP-HOP-0602
NOVEL=1 T CMP-HOP-0602 1 PASS
A yes.
D CMP-HOP-0603
NOVEL=1 T CMP-HOP-0603 1 PASS
A no.
D CMP-HOP-0604
NOVEL=1 T CMP-HOP-0604 1 PASS
A yes.
D CMP-HOP-0605
NOVEL=1 T CMP-HOP-0605 1 PASS
A yes.
D CMP-HOP-0606
NOVEL=1 T CMP-HOP-0606 1 PASS
A no.
D CMP-HOP-0607
NOVEL=1 T CMP-HOP-0607 1 PASS
A yes.
D CMP-HOP-0608
NOVEL=1 T CMP-HOP-0608 1 PASS
A no.
D CMP-HOP-0609
NOVEL=1 T CMP-HOP-0609 1 PASS
A yes.
D CMP-HOP-0610
NOVEL=1 T CMP-HOP-0610 1 PASS
A no.
D CMP-HOP-0611
NOVEL=1 T CMP-HOP-0611 1 PASS
A yes.
D CMP-HOP-0612
NOVEL=1 T CMP-HOP-0612 1 PASS
A no.
D CMP-HOP-0613
NOVEL=1 T CMP-HOP-0613 1 PASS
A yes.
D CMP-HOP-0614
NOVEL=1 T CMP-HOP-0614 1 PASS
A no.
D CMP-HOP-0615
NOVEL=1 T CMP-HOP-0615 1 PASS
A no.
D CMP-HOP-0616
NOVEL=1 T CMP-HOP-0616 1 PASS
A yes.
D CMP-HOP-0617
NOVEL=1 T CMP-HOP-0617 1 PASS
A yes.
D CMP-HOP-0618
NOVEL=1 T CMP-HOP-0618 1 PASS
A no.
D CMP-HOP-0619
NOVEL=1 T CMP-HOP-0619 1 PASS
A no.
D CMP-HOP-0620
NOVEL=1 T CMP-HOP-0620 1 PASS
A yes.
D CMP-HOP-0621
NOVEL=1 T CMP-HOP-0621 1 PASS
A no.
D CMP-HOP-0622
NOVEL=1 T CMP-HOP-0622 1 PASS
A yes.
D CMP-HOP-0623
NOVEL=1 T CMP-HOP-0623 1 PASS
A no.
D CMP-HOP-0624
NOVEL=1 T CMP-HOP-0624 1 PASS
A yes.
D CMP-HOP-0625
NOVEL=1 T CMP-HOP-0625 1 PASS
A no.
D CMP-HOP-0626
NOVEL=1 T CMP-HOP-0626 1 PASS
A no.
D CMP-HOP-0627
NOVEL=1 T CMP-HOP-0627 1 PASS
A no.
D CMP-HOP-0628
NOVEL=1 T CMP-HOP-0628 1 PASS
A yes.
D CMP-HOP-0629
NOVEL=1 T CMP-HOP-0629 1 PASS
A no.
D CMP-HOP-0630
NOVEL=1 T CMP-HOP-0630 1 PASS
A yes.
D CMP-HOP-0631
NOVEL=1 T CMP-HOP-0631 1 PASS
A yes.
D CMP-HOP-0632
NOVEL=1 T CMP-HOP-0632 1 PASS
A no.
D CMP-HOP-0633
NOVEL=1 T CMP-HOP-0633 1 PASS
A yes.
D CMP-HOP-0634
NOVEL=1 T CMP-HOP-0634 1 PASS
A no.
D CMP-HOP-0635
NOVEL=1 T CMP-HOP-0635 1 PASS
A yes.
D CMP-HOP-0636
NOVEL=1 T CMP-HOP-0636 1 PASS
A no.
D CMP-HOP-0637
NOVEL=1 T CMP-HOP-0637 1 PASS
A no.
D CMP-HOP-0638
NOVEL=1 T CMP-HOP-0638 1 PASS
A no.
D CMP-HOP-0639
NOVEL=1 T CMP-HOP-0639 1 PASS
A yes.
D CMP-HOP-0640
NOVEL=1 T CMP-HOP-0640 1 PASS
A no.
D CMP-BEFOREAFTER-0641
NOVEL=1 T CMP-BEFOREAFTER-0641 1 PASS
A after.
D CMP-BEFOREAFTER-0642
NOVEL=1 T CMP-BEFOREAFTER-0642 1 PASS
A after.
D CMP-BEFOREAFTER-0643
NOVEL=1 T CMP-BEFOREAFTER-0643 1 PASS
A before.
D CMP-BEFOREAFTER-0644
NOVEL=1 T CMP-BEFOREAFTER-0644 1 PASS
A before.
D CMP-BEFOREAFTER-0645
NOVEL=1 T CMP-BEFOREAFTER-0645 1 PASS
A before.
D CMP-BEFOREAFTER-0646
NOVEL=1 T CMP-BEFOREAFTER-0646 1 PASS
A before.
D CMP-BEFOREAFTER-0647
NOVEL=1 T CMP-BEFOREAFTER-0647 1 PASS
A before.
D CMP-BEFOREAFTER-0648
NOVEL=1 T CMP-BEFOREAFTER-0648 1 PASS
A after.
D CMP-BEFOREAFTER-0649
NOVEL=1 T CMP-BEFOREAFTER-0649 1 PASS
A before.
D CMP-BEFOREAFTER-0650
NOVEL=1 T CMP-BEFOREAFTER-0650 1 PASS
A before.
D CMP-BEFOREAFTER-0651
NOVEL=1 T CMP-BEFOREAFTER-0651 1 PASS
A after.
D CMP-BEFOREAFTER-0652
NOVEL=1 T CMP-BEFOREAFTER-0652 1 PASS
A before.
D CMP-BEFOREAFTER-0653
NOVEL=1 T CMP-BEFOREAFTER-0653 1 PASS
A after.
D CMP-BEFOREAFTER-0654
NOVEL=1 T CMP-BEFOREAFTER-0654 1 PASS
A before.
D CMP-BEFOREAFTER-0655
NOVEL=1 T CMP-BEFOREAFTER-0655 1 PASS
A before.
D CMP-BEFOREAFTER-0656
NOVEL=1 T CMP-BEFOREAFTER-0656 1 PASS
A before.
D CMP-BEFOREAFTER-0657
NOVEL=1 T CMP-BEFOREAFTER-0657 1 PASS
A before.
D CMP-BEFOREAFTER-0658
NOVEL=1 T CMP-BEFOREAFTER-0658 1 PASS
A before.
D CMP-BEFOREAFTER-0659
NOVEL=1 T CMP-BEFOREAFTER-0659 1 PASS
A before.
D CMP-BEFOREAFTER-0660
NOVEL=1 T CMP-BEFOREAFTER-0660 1 PASS
A before.
D CMP-BEFOREAFTER-0661
NOVEL=1 T CMP-BEFOREAFTER-0661 1 PASS
A before.
D CMP-BEFOREAFTER-0662
NOVEL=1 T CMP-BEFOREAFTER-0662 1 PASS
A before.
D CMP-BEFOREAFTER-0663
NOVEL=1 T CMP-BEFOREAFTER-0663 1 PASS
A before.
D CMP-BEFOREAFTER-0664
NOVEL=1 T CMP-BEFOREAFTER-0664 1 PASS
A after.
D CMP-BEFOREAFTER-0665
NOVEL=1 T CMP-BEFOREAFTER-0665 1 PASS
A before.
D CMP-BEFOREAFTER-0666
NOVEL=1 T CMP-BEFOREAFTER-0666 1 PASS
A before.
D CMP-BEFOREAFTER-0667
NOVEL=1 T CMP-BEFOREAFTER-0667 1 PASS
A before.
D CMP-BEFOREAFTER-0668
NOVEL=1 T CMP-BEFOREAFTER-0668 1 PASS
A after.
D CMP-BEFOREAFTER-0669
NOVEL=1 T CMP-BEFOREAFTER-0669 1 PASS
A before.
D CMP-BEFOREAFTER-0670
NOVEL=1 T CMP-BEFOREAFTER-0670 1 PASS
A before.
D CMP-BEFOREAFTER-0671
NOVEL=1 T CMP-BEFOREAFTER-0671 1 PASS
A before.
D CMP-BEFOREAFTER-0672
NOVEL=1 T CMP-BEFOREAFTER-0672 1 PASS
A before.
D CMP-BEFOREAFTER-0673
NOVEL=1 T CMP-BEFOREAFTER-0673 1 PASS
A before.
D CMP-BEFOREAFTER-0674
NOVEL=1 T CMP-BEFOREAFTER-0674 1 PASS
A before.
D CMP-BEFOREAFTER-0675
NOVEL=1 T CMP-BEFOREAFTER-0675 1 PASS
A before.
D CMP-BEFOREAFTER-0676
NOVEL=1 T CMP-BEFOREAFTER-0676 1 PASS
A before.
D CMP-BEFOREAFTER-0677
NOVEL=1 T CMP-BEFOREAFTER-0677 1 PASS
A after.
D CMP-BEFOREAFTER-0678
NOVEL=1 T CMP-BEFOREAFTER-0678 1 PASS
A before.
D CMP-BEFOREAFTER-0679
NOVEL=1 T CMP-BEFOREAFTER-0679 1 PASS
A after.
D CMP-BEFOREAFTER-0680
NOVEL=1 T CMP-BEFOREAFTER-0680 1 PASS
A after.
D CMP-BEFOREAFTER-0681
NOVEL=1 T CMP-BEFOREAFTER-0681 1 PASS
A after.
D CMP-BEFOREAFTER-0682
NOVEL=1 T CMP-BEFOREAFTER-0682 1 PASS
A after.
D CMP-BEFOREAFTER-0683
NOVEL=1 T CMP-BEFOREAFTER-0683 1 PASS
A before.
D CMP-BEFOREAFTER-0684
NOVEL=1 T CMP-BEFOREAFTER-0684 1 PASS
A before.
D CMP-BEFOREAFTER-0685
NOVEL=1 T CMP-BEFOREAFTER-0685 1 PASS
A before.
D CMP-BEFOREAFTER-0686
NOVEL=1 T CMP-BEFOREAFTER-0686 1 PASS
A after.
D CMP-BEFOREAFTER-0687
NOVEL=1 T CMP-BEFOREAFTER-0687 1 PASS
A after.
D CMP-BEFOREAFTER-0688
NOVEL=1 T CMP-BEFOREAFTER-0688 1 PASS
A after.
D CMP-BEFOREAFTER-0689
NOVEL=1 T CMP-BEFOREAFTER-0689 1 PASS
A before.
D CMP-BEFOREAFTER-0690
NOVEL=1 T CMP-BEFOREAFTER-0690 1 PASS
A after.
D CMP-BEFOREAFTER-0691
NOVEL=1 T CMP-BEFOREAFTER-0691 1 PASS
A before.
D CMP-BEFOREAFTER-0692
NOVEL=1 T CMP-BEFOREAFTER-0692 1 PASS
A after.
D CMP-BEFOREAFTER-0693
NOVEL=1 T CMP-BEFOREAFTER-0693 1 PASS
A after.
D CMP-BEFOREAFTER-0694
NOVEL=1 T CMP-BEFOREAFTER-0694 1 PASS
A after.
D CMP-BEFOREAFTER-0695
NOVEL=1 T CMP-BEFOREAFTER-0695 1 PASS
A after.
D CMP-BEFOREAFTER-0696
NOVEL=1 T CMP-BEFOREAFTER-0696 1 PASS
A after.
D CMP-BEFOREAFTER-0697
NOVEL=1 T CMP-BEFOREAFTER-0697 1 PASS
A after.
D CMP-BEFOREAFTER-0698
NOVEL=1 T CMP-BEFOREAFTER-0698 1 PASS
A before.
D CMP-BEFOREAFTER-0699
NOVEL=1 T CMP-BEFOREAFTER-0699 1 PASS
A after.
D CMP-BEFOREAFTER-0700
NOVEL=1 T CMP-BEFOREAFTER-0700 1 PASS
A after.
D CMP-BEFOREAFTER-0701
NOVEL=1 T CMP-BEFOREAFTER-0701 1 PASS
A after.
D CMP-BEFOREAFTER-0702
NOVEL=1 T CMP-BEFOREAFTER-0702 1 PASS
A before.
D CMP-BEFOREAFTER-0703
NOVEL=1 T CMP-BEFOREAFTER-0703 1 PASS
A after.
D CMP-BEFOREAFTER-0704
NOVEL=1 T CMP-BEFOREAFTER-0704 1 PASS
A after.
D CMP-BEFOREAFTER-0705
NOVEL=1 T CMP-BEFOREAFTER-0705 1 PASS
A after.
D CMP-BEFOREAFTER-0706
NOVEL=1 T CMP-BEFOREAFTER-0706 1 PASS
A after.
D CMP-BEFOREAFTER-0707
NOVEL=1 T CMP-BEFOREAFTER-0707 1 PASS
A after.
D CMP-BEFOREAFTER-0708
NOVEL=1 T CMP-BEFOREAFTER-0708 1 PASS
A after.
D CMP-BEFOREAFTER-0709
NOVEL=1 T CMP-BEFOREAFTER-0709 1 PASS
A after.
D CMP-BEFOREAFTER-0710
NOVEL=1 T CMP-BEFOREAFTER-0710 1 PASS
A before.
D CMP-BEFOREAFTER-0711
NOVEL=1 T CMP-BEFOREAFTER-0711 1 PASS
A before.
D CMP-BEFOREAFTER-0712
NOVEL=1 T CMP-BEFOREAFTER-0712 1 PASS
A after.
D CMP-BEFOREAFTER-0713
NOVEL=1 T CMP-BEFOREAFTER-0713 1 PASS
A after.
D CMP-BEFOREAFTER-0714
NOVEL=1 T CMP-BEFOREAFTER-0714 1 PASS
A after.
D CMP-BEFOREAFTER-0715
NOVEL=1 T CMP-BEFOREAFTER-0715 1 PASS
A before.
D CMP-BEFOREAFTER-0716
NOVEL=1 T CMP-BEFOREAFTER-0716 1 PASS
A after.
D CMP-BEFOREAFTER-0717
NOVEL=1 T CMP-BEFOREAFTER-0717 1 PASS
A after.
D CMP-BEFOREAFTER-0718
NOVEL=1 T CMP-BEFOREAFTER-0718 1 PASS
A after.
D CMP-BEFOREAFTER-0719
NOVEL=1 T CMP-BEFOREAFTER-0719 1 PASS
A after.
D CMP-BEFOREAFTER-0720
NOVEL=1 T CMP-BEFOREAFTER-0720 1 PASS
A after.
D CMP-UNKNOWN-0721
NOVEL=1 T CMP-UNKNOWN-0721 1 PASS
A I don't know.
D CMP-UNKNOWN-0722
NOVEL=1 T CMP-UNKNOWN-0722 1 PASS
A I don't know.
D CMP-UNKNOWN-0723
NOVEL=1 T CMP-UNKNOWN-0723 1 PASS
A I don't know.
D CMP-UNKNOWN-0724
NOVEL=1 T CMP-UNKNOWN-0724 1 PASS
A I don't know.
D CMP-UNKNOWN-0725
NOVEL=1 T CMP-UNKNOWN-0725 1 PASS
A I don't know.
D CMP-UNKNOWN-0726
NOVEL=1 T CMP-UNKNOWN-0726 1 PASS
A I don't know.
D CMP-UNKNOWN-0727
NOVEL=1 T CMP-UNKNOWN-0727 1 PASS
A I don't know.
D CMP-UNKNOWN-0728
NOVEL=1 T CMP-UNKNOWN-0728 1 PASS
A I don't know.
D CMP-UNKNOWN-0729
NOVEL=1 T CMP-UNKNOWN-0729 1 PASS
A I don't know.
D CMP-UNKNOWN-0730
NOVEL=1 T CMP-UNKNOWN-0730 1 PASS
A I don't know.
D CMP-UNKNOWN-0731
NOVEL=1 T CMP-UNKNOWN-0731 1 PASS
A I don't know.
D CMP-UNKNOWN-0732
NOVEL=1 T CMP-UNKNOWN-0732 1 PASS
A I don't know.
D CMP-UNKNOWN-0733
NOVEL=1 T CMP-UNKNOWN-0733 1 PASS
A I don't know.
D CMP-UNKNOWN-0734
NOVEL=1 T CMP-UNKNOWN-0734 1 PASS
A I don't know.
D CMP-UNKNOWN-0735
NOVEL=1 T CMP-UNKNOWN-0735 1 PASS
A I don't know.
D CMP-UNKNOWN-0736
NOVEL=1 T CMP-UNKNOWN-0736 1 PASS
A I don't know.
D CMP-UNKNOWN-0737
NOVEL=1 T CMP-UNKNOWN-0737 1 PASS
A I don't know.
D CMP-UNKNOWN-0738
NOVEL=1 T CMP-UNKNOWN-0738 1 PASS
A I don't know.
D CMP-UNKNOWN-0739
NOVEL=1 T CMP-UNKNOWN-0739 1 PASS
A I don't know.
D CMP-UNKNOWN-0740
NOVEL=1 T CMP-UNKNOWN-0740 1 PASS
A I don't know.
D CMP-UNKNOWN-0741
NOVEL=1 T CMP-UNKNOWN-0741 1 PASS
A I don't know.
D CMP-UNKNOWN-0742
NOVEL=1 T CMP-UNKNOWN-0742 1 PASS
A I don't know.
D CMP-UNKNOWN-0743
NOVEL=1 T CMP-UNKNOWN-0743 1 PASS
A I don't know.
D CMP-UNKNOWN-0744
NOVEL=1 T CMP-UNKNOWN-0744 1 PASS
A I don't know.
D CMP-UNKNOWN-0745
NOVEL=1 T CMP-UNKNOWN-0745 1 PASS
A I don't know.
D CMP-UNKNOWN-0746
NOVEL=1 T CMP-UNKNOWN-0746 1 PASS
A I don't know.
D CMP-UNKNOWN-0747
NOVEL=1 T CMP-UNKNOWN-0747 1 PASS
A I don't know.
D CMP-UNKNOWN-0748
NOVEL=1 T CMP-UNKNOWN-0748 1 PASS
A I don't know.
D CMP-UNKNOWN-0749
NOVEL=1 T CMP-UNKNOWN-0749 1 PASS
A I don't know.
D CMP-UNKNOWN-0750
NOVEL=1 T CMP-UNKNOWN-0750 1 PASS
A I don't know.
D CMP-UNKNOWN-0751
NOVEL=1 T CMP-UNKNOWN-0751 1 PASS
A I don't know.
D CMP-UNKNOWN-0752
NOVEL=1 T CMP-UNKNOWN-0752 1 PASS
A I don't know.
D CMP-UNKNOWN-0753
NOVEL=1 T CMP-UNKNOWN-0753 1 PASS
A I don't know.
D CMP-UNKNOWN-0754
NOVEL=1 T CMP-UNKNOWN-0754 1 PASS
A I don't know.
D CMP-UNKNOWN-0755
NOVEL=1 T CMP-UNKNOWN-0755 1 PASS
A I don't know.
D CMP-UNKNOWN-0756
NOVEL=1 T CMP-UNKNOWN-0756 1 PASS
A I don't know.
D CMP-UNKNOWN-0757
NOVEL=1 T CMP-UNKNOWN-0757 1 PASS
A I don't know.
D CMP-UNKNOWN-0758
NOVEL=1 T CMP-UNKNOWN-0758 1 PASS
A I don't know.
D CMP-UNKNOWN-0759
NOVEL=1 T CMP-UNKNOWN-0759 1 PASS
A I don't know.
D CMP-UNKNOWN-0760
NOVEL=1 T CMP-UNKNOWN-0760 1 PASS
A I don't know.
D CMP-UNKNOWN-0761
NOVEL=1 T CMP-UNKNOWN-0761 1 PASS
A I don't know.
D CMP-UNKNOWN-0762
NOVEL=1 T CMP-UNKNOWN-0762 1 PASS
A I don't know.
D CMP-UNKNOWN-0763
NOVEL=1 T CMP-UNKNOWN-0763 1 PASS
A I don't know.
D CMP-UNKNOWN-0764
NOVEL=1 T CMP-UNKNOWN-0764 1 PASS
A I don't know.
D CMP-UNKNOWN-0765
NOVEL=1 T CMP-UNKNOWN-0765 1 PASS
A I don't know.
D CMP-UNKNOWN-0766
NOVEL=1 T CMP-UNKNOWN-0766 1 PASS
A I don't know.
D CMP-UNKNOWN-0767
NOVEL=1 T CMP-UNKNOWN-0767 1 PASS
A I don't know.
D CMP-UNKNOWN-0768
NOVEL=1 T CMP-UNKNOWN-0768 1 PASS
A I don't know.
D CMP-UNKNOWN-0769
NOVEL=1 T CMP-UNKNOWN-0769 1 PASS
A I don't know.
D CMP-UNKNOWN-0770
NOVEL=1 T CMP-UNKNOWN-0770 1 PASS
A I don't know.
D CMP-UNKNOWN-0771
NOVEL=1 T CMP-UNKNOWN-0771 1 PASS
A I don't know.
D CMP-UNKNOWN-0772
NOVEL=1 T CMP-UNKNOWN-0772 1 PASS
A I don't know.
D CMP-UNKNOWN-0773
NOVEL=1 T CMP-UNKNOWN-0773 1 PASS
A I don't know.
D CMP-UNKNOWN-0774
NOVEL=1 T CMP-UNKNOWN-0774 1 PASS
A I don't know.
D CMP-UNKNOWN-0775
NOVEL=1 T CMP-UNKNOWN-0775 1 PASS
A I don't know.
D CMP-UNKNOWN-0776
NOVEL=1 T CMP-UNKNOWN-0776 1 PASS
A I don't know.
D CMP-UNKNOWN-0777
NOVEL=1 T CMP-UNKNOWN-0777 1 PASS
A I don't know.
D CMP-UNKNOWN-0778
NOVEL=1 T CMP-UNKNOWN-0778 1 PASS
A I don't know.
D CMP-UNKNOWN-0779
NOVEL=1 T CMP-UNKNOWN-0779 1 PASS
A I don't know.
D CMP-UNKNOWN-0780
NOVEL=1 T CMP-UNKNOWN-0780 1 PASS
A I don't know.
D CMP-UNKNOWN-0781
NOVEL=1 T CMP-UNKNOWN-0781 1 PASS
A I don't know.
D CMP-UNKNOWN-0782
NOVEL=1 T CMP-UNKNOWN-0782 1 PASS
A I don't know.
D CMP-UNKNOWN-0783
NOVEL=1 T CMP-UNKNOWN-0783 1 PASS
A I don't know.
D CMP-UNKNOWN-0784
NOVEL=1 T CMP-UNKNOWN-0784 1 PASS
A I don't know.
D CMP-UNKNOWN-0785
NOVEL=1 T CMP-UNKNOWN-0785 1 PASS
A I don't know.
D CMP-UNKNOWN-0786
NOVEL=1 T CMP-UNKNOWN-0786 1 PASS
A I don't know.
D CMP-UNKNOWN-0787
NOVEL=1 T CMP-UNKNOWN-0787 1 PASS
A I don't know.
D CMP-UNKNOWN-0788
NOVEL=1 T CMP-UNKNOWN-0788 1 PASS
A I don't know.
D CMP-UNKNOWN-0789
NOVEL=1 T CMP-UNKNOWN-0789 1 PASS
A I don't know.
D CMP-UNKNOWN-0790
NOVEL=1 T CMP-UNKNOWN-0790 1 PASS
A I don't know.
D CMP-UNKNOWN-0791
NOVEL=1 T CMP-UNKNOWN-0791 1 PASS
A I don't know.
D CMP-UNKNOWN-0792
NOVEL=1 T CMP-UNKNOWN-0792 1 PASS
A I don't know.
D CMP-UNKNOWN-0793
NOVEL=1 T CMP-UNKNOWN-0793 1 PASS
A I don't know.
D CMP-UNKNOWN-0794
NOVEL=1 T CMP-UNKNOWN-0794 1 PASS
A I don't know.
D CMP-UNKNOWN-0795
NOVEL=1 T CMP-UNKNOWN-0795 1 PASS
A I don't know.
D CMP-UNKNOWN-0796
NOVEL=1 T CMP-UNKNOWN-0796 1 PASS
A I don't know.
D CMP-UNKNOWN-0797
NOVEL=1 T CMP-UNKNOWN-0797 1 PASS
A I don't know.
D CMP-UNKNOWN-0798
NOVEL=1 T CMP-UNKNOWN-0798 1 PASS
A I don't know.
D CMP-UNKNOWN-0799
NOVEL=1 T CMP-UNKNOWN-0799 1 PASS
A I don't know.
D CMP-UNKNOWN-0800
NOVEL=1 T CMP-UNKNOWN-0800 1 PASS
A I don't know.
D CMP-ANA-0801
NOVEL=1 T CMP-ANA-0801 1 PASS
A the eiffel tower is taller.
NOVEL=1 T CMP-ANA-0801 2 PASS
A the eiffel tower was built first.
D CMP-ANA-0802
NOVEL=1 T CMP-ANA-0802 1 PASS
A the eiffel tower is taller.
NOVEL=1 T CMP-ANA-0802 2 PASS
A the eiffel tower was built first.
D CMP-ANA-0803
NOVEL=1 T CMP-ANA-0803 1 PASS
A the eiffel tower is taller.
NOVEL=1 T CMP-ANA-0803 2 PASS
A the eiffel tower was built first.
D CMP-ANA-0804
NOVEL=1 T CMP-ANA-0804 1 PASS
A the eiffel tower is taller.
NOVEL=1 T CMP-ANA-0804 2 PASS
A the statue of liberty was dedicated first.
D CMP-ANA-0805
NOVEL=1 T CMP-ANA-0805 1 PASS
A the eiffel tower is taller.
NOVEL=1 T CMP-ANA-0805 2 PASS
A the statue of liberty was dedicated first.
D CMP-ANA-0806
NOVEL=1 T CMP-ANA-0806 1 PASS
A the eiffel tower is taller.
NOVEL=1 T CMP-ANA-0806 2 PASS
A the statue of liberty was dedicated first.
D CMP-ANA-0807
NOVEL=1 T CMP-ANA-0807 1 PASS
A the eiffel tower is taller.
NOVEL=1 T CMP-ANA-0807 2 PASS
A the eiffel tower was built first.
D CMP-ANA-0808
NOVEL=1 T CMP-ANA-0808 1 PASS
A the eiffel tower is taller.
NOVEL=1 T CMP-ANA-0808 2 PASS
A the eiffel tower was built first.
D CMP-ANA-0809
NOVEL=1 T CMP-ANA-0809 1 PASS
A the eiffel tower is taller.
NOVEL=1 T CMP-ANA-0809 2 PASS
A the eiffel tower was built first.
D CMP-ANA-0810
NOVEL=1 T CMP-ANA-0810 1 PASS
A the montparnasse tower is taller.
NOVEL=1 T CMP-ANA-0810 2 PASS
A the statue of liberty was dedicated first.
D CMP-ANA-0811
NOVEL=1 T CMP-ANA-0811 1 PASS
A the montparnasse tower is taller.
NOVEL=1 T CMP-ANA-0811 2 PASS
A the statue of liberty was dedicated first.
D CMP-ANA-0812
NOVEL=1 T CMP-ANA-0812 1 PASS
A the montparnasse tower is taller.
NOVEL=1 T CMP-ANA-0812 2 PASS
A the statue of liberty was dedicated first.
D CMP-ANA-0813
NOVEL=1 T CMP-ANA-0813 1 PASS
A the eiffel tower is taller.
NOVEL=1 T CMP-ANA-0813 2 PASS
A the statue of liberty was dedicated first.
D CMP-ANA-0814
NOVEL=1 T CMP-ANA-0814 1 PASS
A the eiffel tower is taller.
NOVEL=1 T CMP-ANA-0814 2 PASS
A the statue of liberty was dedicated first.
D CMP-ANA-0815
NOVEL=1 T CMP-ANA-0815 1 PASS
A the eiffel tower is taller.
NOVEL=1 T CMP-ANA-0815 2 PASS
A the statue of liberty was dedicated first.
D CMP-ANA-0816
NOVEL=1 T CMP-ANA-0816 1 PASS
A the montparnasse tower is taller.
NOVEL=1 T CMP-ANA-0816 2 PASS
A the statue of liberty was dedicated first.
D CMP-ANA-0817
NOVEL=1 T CMP-ANA-0817 1 PASS
A the montparnasse tower is taller.
NOVEL=1 T CMP-ANA-0817 2 PASS
A the statue of liberty was dedicated first.
D CMP-ANA-0818
NOVEL=1 T CMP-ANA-0818 1 PASS
A the montparnasse tower is taller.
NOVEL=1 T CMP-ANA-0818 2 PASS
A the statue of liberty was dedicated first.
D CMP-ANA-0819
NOVEL=1 T CMP-ANA-0819 1 PASS
A the eiffel tower is taller.
NOVEL=1 T CMP-ANA-0819 2 PASS
A the eiffel tower was built first.
D CMP-ANA-0820
NOVEL=1 T CMP-ANA-0820 1 PASS
A the eiffel tower is taller.
NOVEL=1 T CMP-ANA-0820 2 PASS
A the eiffel tower was built first.
D CMP-ANA-0821
NOVEL=1 T CMP-ANA-0821 1 PASS
A the eiffel tower is taller.
NOVEL=1 T CMP-ANA-0821 2 PASS
A the eiffel tower was built first.
D CMP-ANA-0822
NOVEL=1 T CMP-ANA-0822 1 PASS
A the eiffel tower is taller.
NOVEL=1 T CMP-ANA-0822 2 PASS
A the statue of liberty was dedicated first.
D CMP-ANA-0823
NOVEL=1 T CMP-ANA-0823 1 PASS
A the eiffel tower is taller.
NOVEL=1 T CMP-ANA-0823 2 PASS
A the statue of liberty was dedicated first.
D CMP-ANA-0824
NOVEL=1 T CMP-ANA-0824 1 PASS
A the eiffel tower is taller.
NOVEL=1 T CMP-ANA-0824 2 PASS
A the statue of liberty was dedicated first.
D CMP-ANA-0825
NOVEL=1 T CMP-ANA-0825 1 PASS
A the eiffel tower is taller.
NOVEL=1 T CMP-ANA-0825 2 PASS
A the eiffel tower was built first.
D CMP-ANA-0826
NOVEL=1 T CMP-ANA-0826 1 PASS
A the eiffel tower is taller.
NOVEL=1 T CMP-ANA-0826 2 PASS
A the eiffel tower was built first.
D CMP-ANA-0827
NOVEL=1 T CMP-ANA-0827 1 PASS
A the eiffel tower is taller.
NOVEL=1 T CMP-ANA-0827 2 PASS
A the eiffel tower was built first.
D CMP-ANA-0828
NOVEL=1 T CMP-ANA-0828 1 PASS
A the montparnasse tower is taller.
NOVEL=1 T CMP-ANA-0828 2 PASS
A the statue of liberty was dedicated first.
D CMP-ANA-0829
NOVEL=1 T CMP-ANA-0829 1 PASS
A the montparnasse tower is taller.
NOVEL=1 T CMP-ANA-0829 2 PASS
A the statue of liberty was dedicated first.
D CMP-ANA-0830
NOVEL=1 T CMP-ANA-0830 1 PASS
A the montparnasse tower is taller.
NOVEL=1 T CMP-ANA-0830 2 PASS
A the statue of liberty was dedicated first.
D CMP-ANA-0831
NOVEL=1 T CMP-ANA-0831 1 PASS
A the eiffel tower is taller.
NOVEL=1 T CMP-ANA-0831 2 PASS
A the statue of liberty was dedicated first.
D CMP-ANA-0832
NOVEL=1 T CMP-ANA-0832 1 PASS
A the eiffel tower is taller.
NOVEL=1 T CMP-ANA-0832 2 PASS
A the statue of liberty was dedicated first.
D CMP-ANA-0833
NOVEL=1 T CMP-ANA-0833 1 PASS
A the eiffel tower is taller.
NOVEL=1 T CMP-ANA-0833 2 PASS
A the statue of liberty was dedicated first.
D CMP-ANA-0834
NOVEL=1 T CMP-ANA-0834 1 PASS
A the montparnasse tower is taller.
NOVEL=1 T CMP-ANA-0834 2 PASS
A the statue of liberty was dedicated first.
D CMP-ANA-0835
NOVEL=1 T CMP-ANA-0835 1 PASS
A the montparnasse tower is taller.
NOVEL=1 T CMP-ANA-0835 2 PASS
A the statue of liberty was dedicated first.
D CMP-ANA-0836
NOVEL=1 T CMP-ANA-0836 1 PASS
A the montparnasse tower is taller.
NOVEL=1 T CMP-ANA-0836 2 PASS
A the statue of liberty was dedicated first.
D CMP-ANA-0837
NOVEL=1 T CMP-ANA-0837 1 PASS
A the eiffel tower is taller.
NOVEL=1 T CMP-ANA-0837 2 PASS
A the eiffel tower was built first.
D CMP-ANA-0838
NOVEL=1 T CMP-ANA-0838 1 PASS
A the eiffel tower is taller.
NOVEL=1 T CMP-ANA-0838 2 PASS
A the eiffel tower was built first.
D CMP-ANA-0839
NOVEL=1 T CMP-ANA-0839 1 PASS
A the eiffel tower is taller.
NOVEL=1 T CMP-ANA-0839 2 PASS
A the eiffel tower was built first.
D CMP-ANA-0840
NOVEL=1 T CMP-ANA-0840 1 PASS
A the eiffel tower is taller.
NOVEL=1 T CMP-ANA-0840 2 PASS
A the statue of liberty was dedicated first.
D CMP-ANA-0841
NOVEL=1 T CMP-ANA-0841 1 PASS
A the eiffel tower is taller.
NOVEL=1 T CMP-ANA-0841 2 PASS
A the statue of liberty was dedicated first.
D CMP-ANA-0842
NOVEL=1 T CMP-ANA-0842 1 PASS
A the eiffel tower is taller.
NOVEL=1 T CMP-ANA-0842 2 PASS
A the statue of liberty was dedicated first.
D CMP-ANA-0843
NOVEL=1 T CMP-ANA-0843 1 PASS
A the eiffel tower is taller.
NOVEL=1 T CMP-ANA-0843 2 PASS
A the eiffel tower was built first.
D CMP-ANA-0844
NOVEL=1 T CMP-ANA-0844 1 PASS
A the eiffel tower is taller.
NOVEL=1 T CMP-ANA-0844 2 PASS
A the eiffel tower was built first.
D CMP-ANA-0845
NOVEL=1 T CMP-ANA-0845 1 PASS
A the eiffel tower is taller.
NOVEL=1 T CMP-ANA-0845 2 PASS
A the eiffel tower was built first.
D CMP-ANA-0846
NOVEL=1 T CMP-ANA-0846 1 PASS
A the montparnasse tower is taller.
NOVEL=1 T CMP-ANA-0846 2 PASS
A the statue of liberty was dedicated first.
D CMP-ANA-0847
NOVEL=1 T CMP-ANA-0847 1 PASS
A the montparnasse tower is taller.
NOVEL=1 T CMP-ANA-0847 2 PASS
A the statue of liberty was dedicated first.
D CMP-ANA-0848
NOVEL=1 T CMP-ANA-0848 1 PASS
A the montparnasse tower is taller.
NOVEL=1 T CMP-ANA-0848 2 PASS
A the statue of liberty was dedicated first.
D CMP-ANA-0849
NOVEL=1 T CMP-ANA-0849 1 PASS
A the eiffel tower is taller.
NOVEL=1 T CMP-ANA-0849 2 PASS
A the statue of liberty was dedicated first.
D CMP-ANA-0850
NOVEL=1 T CMP-ANA-0850 1 PASS
A the eiffel tower is taller.
NOVEL=1 T CMP-ANA-0850 2 PASS
A the statue of liberty was dedicated first.
D CMP-ANA-0851
NOVEL=1 T CMP-ANA-0851 1 PASS
A the eiffel tower is taller.
NOVEL=1 T CMP-ANA-0851 2 PASS
A the statue of liberty was dedicated first.
D CMP-ANA-0852
NOVEL=1 T CMP-ANA-0852 1 PASS
A the montparnasse tower is taller.
NOVEL=1 T CMP-ANA-0852 2 PASS
A the statue of liberty was dedicated first.
D CMP-ANA-0853
NOVEL=1 T CMP-ANA-0853 1 PASS
A the montparnasse tower is taller.
NOVEL=1 T CMP-ANA-0853 2 PASS
A the statue of liberty was dedicated first.
D CMP-ANA-0854
NOVEL=1 T CMP-ANA-0854 1 PASS
A the montparnasse tower is taller.
NOVEL=1 T CMP-ANA-0854 2 PASS
A the statue of liberty was dedicated first.
D CMP-ANA-0855
NOVEL=1 T CMP-ANA-0855 1 PASS
A the eiffel tower is taller.
NOVEL=1 T CMP-ANA-0855 2 PASS
A the eiffel tower was built first.
D CMP-ANA-0856
NOVEL=1 T CMP-ANA-0856 1 PASS
A the eiffel tower is taller.
NOVEL=1 T CMP-ANA-0856 2 PASS
A the eiffel tower was built first.
D CMP-ANA-0857
NOVEL=1 T CMP-ANA-0857 1 PASS
A the eiffel tower is taller.
NOVEL=1 T CMP-ANA-0857 2 PASS
A the eiffel tower was built first.
D CMP-ANA-0858
NOVEL=1 T CMP-ANA-0858 1 PASS
A the eiffel tower is taller.
NOVEL=1 T CMP-ANA-0858 2 PASS
A the statue of liberty was dedicated first.
D CMP-ANA-0859
NOVEL=1 T CMP-ANA-0859 1 PASS
A the eiffel tower is taller.
NOVEL=1 T CMP-ANA-0859 2 PASS
A the statue of liberty was dedicated first.
D CMP-ANA-0860
NOVEL=1 T CMP-ANA-0860 1 PASS
A the eiffel tower is taller.
NOVEL=1 T CMP-ANA-0860 2 PASS
A the statue of liberty was dedicated first.
D CMP-ANA-0861
NOVEL=1 T CMP-ANA-0861 1 PASS
A the eiffel tower is taller.
NOVEL=1 T CMP-ANA-0861 2 PASS
A the eiffel tower was built first.
D CMP-ANA-0862
NOVEL=1 T CMP-ANA-0862 1 PASS
A the eiffel tower is taller.
NOVEL=1 T CMP-ANA-0862 2 PASS
A the eiffel tower was built first.
D CMP-ANA-0863
NOVEL=1 T CMP-ANA-0863 1 PASS
A the eiffel tower is taller.
NOVEL=1 T CMP-ANA-0863 2 PASS
A the eiffel tower was built first.
D CMP-ANA-0864
NOVEL=1 T CMP-ANA-0864 1 PASS
A the montparnasse tower is taller.
NOVEL=1 T CMP-ANA-0864 2 PASS
A the statue of liberty was dedicated first.
D CMP-ANA-0865
NOVEL=1 T CMP-ANA-0865 1 PASS
A the montparnasse tower is taller.
NOVEL=1 T CMP-ANA-0865 2 PASS
A the statue of liberty was dedicated first.
D CMP-ANA-0866
NOVEL=1 T CMP-ANA-0866 1 PASS
A the montparnasse tower is taller.
NOVEL=1 T CMP-ANA-0866 2 PASS
A the statue of liberty was dedicated first.
D CMP-ANA-0867
NOVEL=1 T CMP-ANA-0867 1 PASS
A the eiffel tower is taller.
NOVEL=1 T CMP-ANA-0867 2 PASS
A the statue of liberty was dedicated first.
D CMP-ANA-0868
NOVEL=1 T CMP-ANA-0868 1 PASS
A the eiffel tower is taller.
NOVEL=1 T CMP-ANA-0868 2 PASS
A the statue of liberty was dedicated first.
D CMP-ANA-0869
NOVEL=1 T CMP-ANA-0869 1 PASS
A the eiffel tower is taller.
NOVEL=1 T CMP-ANA-0869 2 PASS
A the statue of liberty was dedicated first.
D CMP-ANA-0870
NOVEL=1 T CMP-ANA-0870 1 PASS
A the montparnasse tower is taller.
NOVEL=1 T CMP-ANA-0870 2 PASS
A the statue of liberty was dedicated first.
D CMP-ANA-0871
NOVEL=1 T CMP-ANA-0871 1 PASS
A the montparnasse tower is taller.
NOVEL=1 T CMP-ANA-0871 2 PASS
A the statue of liberty was dedicated first.
D CMP-ANA-0872
NOVEL=1 T CMP-ANA-0872 1 PASS
A the montparnasse tower is taller.
NOVEL=1 T CMP-ANA-0872 2 PASS
A the statue of liberty was dedicated first.
D CMP-ANA-0873
NOVEL=1 T CMP-ANA-0873 1 PASS
A the eiffel tower is taller.
NOVEL=1 T CMP-ANA-0873 2 PASS
A the eiffel tower was built first.
D CMP-ANA-0874
NOVEL=1 T CMP-ANA-0874 1 PASS
A the eiffel tower is taller.
NOVEL=1 T CMP-ANA-0874 2 PASS
A the eiffel tower was built first.
D CMP-ANA-0875
NOVEL=1 T CMP-ANA-0875 1 PASS
A the eiffel tower is taller.
NOVEL=1 T CMP-ANA-0875 2 PASS
A the eiffel tower was built first.
D CMP-ANA-0876
NOVEL=1 T CMP-ANA-0876 1 PASS
A the eiffel tower is taller.
NOVEL=1 T CMP-ANA-0876 2 PASS
A the statue of liberty was dedicated first.
D CMP-ANA-0877
NOVEL=1 T CMP-ANA-0877 1 PASS
A the eiffel tower is taller.
NOVEL=1 T CMP-ANA-0877 2 PASS
A the statue of liberty was dedicated first.
D CMP-ANA-0878
NOVEL=1 T CMP-ANA-0878 1 PASS
A the eiffel tower is taller.
NOVEL=1 T CMP-ANA-0878 2 PASS
A the statue of liberty was dedicated first.
D CMP-ANA-0879
NOVEL=1 T CMP-ANA-0879 1 PASS
A the eiffel tower is taller.
NOVEL=1 T CMP-ANA-0879 2 PASS
A the eiffel tower was built first.
D CMP-ANA-0880
NOVEL=1 T CMP-ANA-0880 1 PASS
A the eiffel tower is taller.
NOVEL=1 T CMP-ANA-0880 2 PASS
A the eiffel tower was built first.
SECTION FOLLOWUP 0/0
SECTION CORRECTION 0/0
SECTION REFERENT 0/0
SECTION WEIRD 0/0
SECTION WEIRD_CLEAN 0/0
SECTION TOPIC 0/0
SECTION CONTRADICT 0/0
SECTION COMPOSE 960/960
DIGEST b5667953cb702fe13bade7f0781bcbe0f9147d61906c6d2ea8a0ec89e0a26599
