KB 38 ENT 27
D S01
T S01 1 FAIL
A The Martian was published in 2011.
X Andy Weir wrote The Martian.
D S02
T S02 1 PASS
A Moby Dick was written by Herman Melville.
D S03
T S03 1 PASS
A The Eiffel Tower was built in 1889.
D S04
T S04 1 FAIL
A Marie Curie was born in 1867.
X Marie Curie won the Nobel Prize in 1903.
D S05
T S05 1 PASS
A Marie Curie won the Nobel Prize in 1903.
D S06
T S06 1 PASS
A Jane Austen was born in 1775.
D S07
T S07 1 FAIL
A Jane Austen wrote the novel Pride and Prejudice.
X Jane Austen was born in 1775.
D S08
T S08 1 FAIL
A Andy Weir wrote The Martian.
X Andy Weir was born in 1972.
D S09
T S09 1 PASS
A Andy Weir was born in 1972.
D S10
T S10 1 PASS
A Andy Weir wrote The Martian.
D S11
T S11 1 PASS
A Charles Darwin wrote On the Origin of Species.
D S12
T S12 1 PASS
A The Montparnasse Tower is 210 meters tall.
D S13
T S13 1 PASS
A Charles Darwin was born in 1809.
D S14
T S14 1 PASS
A Marie Curie discovered radium.
D C01
T C01 1 FAIL
A The Eiffel Tower is in Paris.
X The Eiffel Tower is 330 meters tall.
D C02
T C02 1 FAIL
A The Martian was published in 2011.
X Andy Weir wrote The Martian.
D C03
T C03 1 PASS
A Big Ben is 96 meters tall.
SECTION FOLLOWUP 0/0
SECTION CORRECTION 0/0
SECTION REFERENT 0/0
SECTION WEIRD 11/17
SECTION WEIRD_CLEAN 0/0
SECTION TOPIC 0/0
SECTION CONTRADICT 0/0
SECTION COMPOSE 0/0
DIGEST d8e50b9752b28a866dfb1d9a1e692996874ee8300f9942e35d0c7405820599bc
