CHECK,scene_exclusive_create,0,0
CHECK,authority_exclusive_create,0,0
CHECK,authority_open,0,0
CHECK,checkpoint_export_length,256,256
CHECK,checkpoint_export_tail,211,211
CHECK,old_receipt_preserved,0,0
CHECK,synthetic_authorized_commit,0,0
CHECK,checkpoint_export_length,4320,4320
CHECK,checkpoint_export_tail,211,211
CHECK,current_receipt_saved,0,0
CHECK,anchored_delivery_length,4096,4096
CHECK,anchored_delivery_exact,1,1
CHECK,delivery_tail_unchanged,211,211
CHECK,checkpoint_refusal,-8604,-8604
CHECK,refusal_output_unchanged,1,1
CHECK,current_authority_version,12,12
CHECK,current_authority_spent,3,3
CHECK,current_authority_nonce,1,1
N09_NESTED_CHILDREN,0
N09_NESTED_CHECKS,0
N09_CHILD_COUNTS,18,0
N09_CHILD_PASS
