BIND,M2,rep,8,scale,1,start
DOMAIN_HASH,M2,13a3f38502984079d20b8723eb36dfd3c2f2bef28711a68c01d5ac9c35de1740
CORPUS_SHA256,M2,6fbbfdb6c87d419de69921f9a0f709b908024f9e0bed7c15fc9671517e67ac62
CL_CHECK,overflow,0,0
CL_CHECK,e90_reached,1,1
RESULT,M2,8,1,d1,40,40
RESULT,M2,8,1,d2,39,39
RESULT,M2,8,1,d3,120,120
RESULT,M2,8,1,rev_false,12,12
RESULT,M2,8,1,rev_genuine,20,20
RESULT,M2,8,1,r2,40,40
RESULT,M2,8,1,r3,40,40
RESULT,M2,8,1,e90,210,1
RESULT,M2,8,1,withheld,0,1
RESULT,M2,8,1,hallu,0,20
RESULT,M2,8,1,k1,1,1
RESULT,M2,8,1,k2,1,1
RESULT,M2,8,1,k3,1,1
RESULT,M2,8,1,refusal,1,1
RESULT,M2,8,1,esc,0,1
RESULT,M2,8,1,disconn,4,1
RESULT,M2,8,1,ops,279,1
RESULT,M2,8,1,eps,287,1
DIGEST,M2,8,1,1ff3c64d51b7968db8585fccc56dbd6b6d870000d64c0a4d453660a1d21e93bf
BIND,M2,done
