real 0.46
user 0.39
sys 0.01
            17268736  maximum resident set size
                   0  average shared memory size
                   0  average unshared data size
                   0  average unshared stack size
                1075  page reclaims
                 148  page faults
                   0  swaps
                   0  block input operations
                   0  block output operations
                   0  messages sent
                   0  messages received
                   0  signals received
                   4  voluntary context switches
                1925  involuntary context switches
          5459990189  instructions retired
          1678739465  cycles elapsed
            14516560  peak memory footprint
