P2S-0-0 1 endorse
P2S-0-1 1 endorse
P2S-0-2 0 neutral
P2S-0-3 2 deny-lex
P2S-0-4 1 endorse
P2S-0-5 0 neutral
P2S-0-0 1 endorse
P2S-0-1 0 gate
P2S-0-2 1 endorse
P2S-0-3 2 deny-lex
P2S-0-4 0 gate
P2S-0-5 0 gate
P2S-0-0 2 deny-lex
P2S-0-1 1 endorse
P2S-0-2 0 gate
P2S-0-3 1 endorse
P2S-0-4 0 gate
P2S-0-5 1 endorse
P2S-1-0 1 endorse
P2S-1-1 0 neutral
P2S-1-2 0 neutral
P2S-1-3 0 neutral
P2S-1-4 1 endorse
P2S-1-5 1 endorse
P2S-2-0 2 neg-scope
P2S-2-1 0 neutral
P2S-2-2 1 endorse
P2S-2-3 1 endorse
P2S-2-4 1 endorse
P2S-2-5 1 endorse
P2S-3-0 1 endorse
P2S-3-1 0 neutral
P2S-3-2 0 neutral
P2S-3-3 1 endorse
P2S-3-4 1 endorse
P2S-3-5 1 endorse
P2S-4-0 0 neutral
P2S-4-1 2 competing-subject
P2S-4-2 2 competing-subject
P2S-4-3 2 competing-subject
P2S-4-4 1 endorse
P2S-4-5 0 neutral
P2S-4-0 0 neutral
P2S-4-1 0 neutral
P2S-4-2 1 endorse
P2S-4-3 0 neutral
P2S-4-4 0 gate
P2S-4-5 1 endorse
P2S-4-0 1 endorse
P2S-4-1 0 neutral
P2S-4-2 1 endorse
P2S-4-3 0 neutral
P2S-4-4 0 neutral
P2S-4-5 2 competing-subject
P2S-5-0 1 endorse
P2S-5-1 1 endorse
P2S-5-2 0 neutral
P2S-5-3 1 endorse
panic: slice index out of bounds
