=== Q3a pre-verification: each item fails to compile with claimed class ===
  e1: claimed=E0203 got=E0203 [OK] :: error[E0203]: expected i64, found []u8 in function label
  e2: claimed=E0203 got=E0203 [OK] :: error[E0203]: expected i64, found []u8 in function main
  u1: claimed=UNKNOWNFN got=UNKNOWNFN [OK] :: znc: error in main (line 1): native: call to unknown function `prnit`
  u2: claimed=UNKNOWNFN got=UNKNOWNFN [OK] :: znc: error in main (line 4): native: call to unknown function `ad`
  a1: claimed=ARITY got=ARITY [OK] :: znc: error: call to 'add3' passes 1 argument(s), expected 3 (in fn 'main')
  a2: claimed=ARITY got=ARITY [OK] :: znc: error: call to 'cat2' passes 1 argument(s), expected 2 (in fn 'main')
  p1: claimed=PARSE got=PARSE [OK] :: E0001: unexpected end of input while parsing source
  p2: claimed=PARSE got=PARSE [OK] :: E0001: unexpected end of input while parsing source
  d1: claimed=DUPFN got=DUPFN [OK] :: znc: error: duplicate fn definition 'val'
  d2: claimed=DUPFN got=DUPFN [OK] :: znc: error: duplicate fn definition 'dbl'
=== Q3a scored runs: 5 reps each ===
  e1: repaired 0/5 reps, iters=[6, 6, 6, 6, 6], digests IDENTICAL 85b05fa47ea91ff4
  e2: repaired 0/5 reps, iters=[6, 6, 6, 6, 6], digests IDENTICAL c6c31fd5b092bb7b
  u1: repaired 0/5 reps, iters=[6, 6, 6, 6, 6], digests IDENTICAL 11f8ddf1825bc21f
  u2: repaired 5/5 reps, iters=[2, 2, 2, 2, 2], digests IDENTICAL 60c5ad0cc93eb1dd
  a1: repaired 5/5 reps, iters=[2, 2, 2, 2, 2], digests IDENTICAL 652ee70f71822419
  a2: repaired 5/5 reps, iters=[2, 2, 2, 2, 2], digests IDENTICAL d11bbe5c033e8217
  p1: repaired 5/5 reps, iters=[2, 2, 2, 2, 2], digests IDENTICAL 16c1ef380538e69c
  p2: repaired 0/5 reps, iters=[2, 2, 2, 2, 2], digests IDENTICAL a30270f558a69e5d
  d1: repaired 0/5 reps, iters=[2, 2, 2, 2, 2], digests IDENTICAL 95fbda8ad9069b92
  d2: repaired 5/5 reps, iters=[2, 2, 2, 2, 2], digests IDENTICAL 80925c295742279a
=== Q3b mislabel probe: repair mode directly ===
  b1: true=m-arity-few wronglabel=E0203/ -> UNCHANGED recovers=False
  b2: true=m-type-let wronglabel=ARITY/x:1:2 -> UNCHANGED recovers=False
  b3: true=m-brace wronglabel=DUPFN/main -> UNCHANGED recovers=False
  b4: true=m-dup-fn wronglabel=PARSE/ -> CHANGED recovers=False
  b5: true=m-unknown-call wronglabel=E0203/ -> UNCHANGED recovers=False
=== Q3c novel-class probe ===
  c1: eclass=UNKNOWN repaired=False iters=6 log=['attempt1: UNKNOWN ', 'attempt2: UNKNOWN ', 'attempt3: UNKNOWN ', 'attempt4: UNKNOWN ', 'attempt5: UNKNOWN ', 'attempt6: UNKNOWN ']
  c2: eclass=UNKNOWN repaired=False iters=6 log=['attempt1: UNKNOWN ', 'attempt2: UNKNOWN ', 'attempt3: UNKNOWN ', 'attempt4: UNKNOWN ', 'attempt5: UNKNOWN ', 'attempt6: UNKNOWN ']
  c3: eclass=UNKNOWN repaired=False iters=6 log=['attempt1: UNKNOWN ', 'attempt2: UNKNOWN ', 'attempt3: UNKNOWN ', 'attempt4: UNKNOWN ', 'attempt5: UNKNOWN ', 'attempt6: UNKNOWN ']
  c4: eclass=UNKNOWN repaired=False iters=6 log=['attempt1: UNKNOWN ', 'attempt2: UNKNOWN ', 'attempt3: UNKNOWN ', 'attempt4: UNKNOWN ', 'attempt5: UNKNOWN ', 'attempt6: UNKNOWN ']
=== SUMMARY: Q3a 5/10 repaired (KB-R1 bar >=7) | Q3b 0/5 recover (KB-R2: 0/5=confirmed) | Q3c 0/4 recover ===
