znc: warning: zagd unavailable; foreground compilation continues without background planning
warning[A0102]: ignored return value of `nio_write_all` — result is discarded
  --> battery2.zag:16
   = note: in function `main`: this function returns a non-void value that is discarded
   = hint: bind the result to a `let` and use it, or add `// znc:allow A0102` to suppress
warning[A0102]: ignored return value of `nio_write_all` — result is discarded
  --> battery2.zag:16
   = note: in function `main`: this function returns a non-void value that is discarded
   = hint: bind the result to a `let` and use it, or add `// znc:allow A0102` to suppress
warning[A0102]: ignored return value of `nio_write_all` — result is discarded
  --> battery2.zag:16
   = note: in function `main`: this function returns a non-void value that is discarded
   = hint: bind the result to a `let` and use it, or add `// znc:allow A0102` to suppress
warning[A0102]: ignored return value of `nio_write_all` — result is discarded
  --> battery2.zag:16
   = note: in function `main`: this function returns a non-void value that is discarded
   = hint: bind the result to a `let` and use it, or add `// znc:allow A0102` to suppress
warning[A0102]: ignored return value of `nio_write_all` — result is discarded
  --> battery2.zag:16
   = note: in function `main`: this function returns a non-void value that is discarded
   = hint: bind the result to a `let` and use it, or add `// znc:allow A0102` to suppress
warning[A0102]: ignored return value of `nio_write_all` — result is discarded
  --> battery2.zag:16
   = note: in function `main`: this function returns a non-void value that is discarded
   = hint: bind the result to a `let` and use it, or add `// znc:allow A0102` to suppress
warning[A0102]: ignored return value of `nio_write_all` — result is discarded
  --> battery2.zag:16
   = note: in function `main`: this function returns a non-void value that is discarded
   = hint: bind the result to a `let` and use it, or add `// znc:allow A0102` to suppress
warning[A0102]: ignored return value of `nio_write_all` — result is discarded
  --> battery2.zag:16
   = note: in function `main`: this function returns a non-void value that is discarded
   = hint: bind the result to a `let` and use it, or add `// znc:allow A0102` to suppress
warning[A0102]: ignored return value of `nio_write_all` — result is discarded
  --> battery2.zag:16
   = note: in function `main`: this function returns a non-void value that is discarded
   = hint: bind the result to a `let` and use it, or add `// znc:allow A0102` to suppress
warning[A0102]: ignored return value of `nio_write_all` — result is discarded
  --> battery2.zag:16
   = note: in function `main`: this function returns a non-void value that is discarded
   = hint: bind the result to a `let` and use it, or add `// znc:allow A0102` to suppress
warning[A0102]: ignored return value of `nio_write_all` — result is discarded
  --> battery2.zag:16
   = note: in function `main`: this function returns a non-void value that is discarded
   = hint: bind the result to a `let` and use it, or add `// znc:allow A0102` to suppress
warning[A0102]: ignored return value of `nio_write_all` — result is discarded
  --> battery2.zag:16
   = note: in function `main`: this function returns a non-void value that is discarded
   = hint: bind the result to a `let` and use it, or add `// znc:allow A0102` to suppress
warning[A0102]: ignored return value of `nio_write_all` — result is discarded
  --> battery2.zag:16
   = note: in function `main`: this function returns a non-void value that is discarded
   = hint: bind the result to a `let` and use it, or add `// znc:allow A0102` to suppress
warning[A0102]: ignored return value of `nio_write_all` — result is discarded
  --> battery2.zag:16
   = note: in function `main`: this function returns a non-void value that is discarded
   = hint: bind the result to a `let` and use it, or add `// znc:allow A0102` to suppress
warning[A0102]: ignored return value of `nio_write_all` — result is discarded
  --> battery2.zag:16
   = note: in function `main`: this function returns a non-void value that is discarded
   = hint: bind the result to a `let` and use it, or add `// znc:allow A0102` to suppress
warning[A0102]: ignored return value of `nio_write_all` — result is discarded
  --> battery2.zag:16
   = note: in function `main`: this function returns a non-void value that is discarded
   = hint: bind the result to a `let` and use it, or add `// znc:allow A0102` to suppress
warning[A0102]: ignored return value of `nio_write_all` — result is discarded
  --> battery2.zag:16
   = note: in function `main`: this function returns a non-void value that is discarded
   = hint: bind the result to a `let` and use it, or add `// znc:allow A0102` to suppress
warning[A0102]: ignored return value of `nio_write_all` — result is discarded
  --> battery2.zag:16
   = note: in function `main`: this function returns a non-void value that is discarded
   = hint: bind the result to a `let` and use it, or add `// znc:allow A0102` to suppress
warning[A0102]: ignored return value of `nio_write_all` — result is discarded
  --> battery2.zag:16
   = note: in function `main`: this function returns a non-void value that is discarded
   = hint: bind the result to a `let` and use it, or add `// znc:allow A0102` to suppress
warning[A0102]: ignored return value of `nio_write_all` — result is discarded
  --> battery2.zag:16
   = note: in function `main`: this function returns a non-void value that is discarded
   = hint: bind the result to a `let` and use it, or add `// znc:allow A0102` to suppress
warning[A0102]: ignored return value of `nio_write_all` — result is discarded
  --> battery2.zag:16
   = note: in function `main`: this function returns a non-void value that is discarded
   = hint: bind the result to a `let` and use it, or add `// znc:allow A0102` to suppress
warning[A0102]: ignored return value of `nio_write_all` — result is discarded
  --> battery2.zag:16
   = note: in function `main`: this function returns a non-void value that is discarded
   = hint: bind the result to a `let` and use it, or add `// znc:allow A0102` to suppress
warning[A0102]: ignored return value of `nio_write_all` — result is discarded
  --> battery2.zag:16
   = note: in function `main`: this function returns a non-void value that is discarded
   = hint: bind the result to a `let` and use it, or add `// znc:allow A0102` to suppress
warning[A0102]: ignored return value of `nio_write_all` — result is discarded
  --> battery2.zag:16
   = note: in function `main`: this function returns a non-void value that is discarded
   = hint: bind the result to a `let` and use it, or add `// znc:allow A0102` to suppress
warning[A0102]: ignored return value of `nio_write_all` — result is discarded
  --> battery2.zag:16
   = note: in function `main`: this function returns a non-void value that is discarded
   = hint: bind the result to a `let` and use it, or add `// znc:allow A0102` to suppress
warning[A0102]: ignored return value of `nio_write_all` — result is discarded
  --> battery2.zag:16
   = note: in function `main`: this function returns a non-void value that is discarded
   = hint: bind the result to a `let` and use it, or add `// znc:allow A0102` to suppress
warning[A0102]: ignored return value of `nio_write_all` — result is discarded
  --> battery2.zag:16
   = note: in function `main`: this function returns a non-void value that is discarded
   = hint: bind the result to a `let` and use it, or add `// znc:allow A0102` to suppress
znc: analyzer found 27 issue(s) (warnings above; use --analyze-strict to fail the build, --no-analyze to silence)
znc: wrote native binary wall_bin_C1 (338343 bytes main, 0 external tools)
