ST_TS 0 2 3 0 0 0 0 0 0 0 0 0 0 0 0 0 0
ST_TS 25 27 28 0 0 0 0 0 0 7 0 0 0 1 0 0 0
ST_DELIB 30 5 1 2 3 10 1 0 0
ST_DELIB 31 8 1 2 3 10 1 0 0
ST_DELIB 32 3 1 2 3 10 1 0 0
ST_DELIB 33 6 1 2 3 10 1 0 0
ST_DELIB 34 11 1 2 3 10 1 0 0
ST_DELIB 35 9 1 2 3 10 1 0 0
ST_DELIB 36 13 1 2 3 10 1 0 0
ST_DELIB 37 12 1 2 3 10 1 0 0
ST_DELIB 38 15 1 2 3 10 1 0 0
ST_DELIB 39 16 1 2 3 10 1 0 0
ST_DELIB 40 2 1 2 3 75 3 1 0
ST_DELIB 41 18 1 2 3 10 1 0 0
ST_DELIB 42 19 1 2 3 10 1 0 0
ST_DELIB 43 5 1 2 3 10 1 0 0
ST_DELIB 44 21 1 2 3 10 1 0 0
ST_DELIB 45 22 1 2 3 10 1 0 0
ST_DELIB 46 23 1 2 3 10 1 0 0
ST_DELIB 47 6 1 2 3 10 1 0 0
ST_DELIB 48 25 1 2 3 10 1 0 0
ST_DELIB 49 26 1 2 3 10 1 0 0
ST_TS 50 32 61 0 22 0 20 0 7 15 0 0 0 1 0 0 0
ST_DELIB 50 13 1 2 3 10 1 0 0
ST_DELIB 51 28 1 2 3 10 1 0 0
ST_DELIB 52 29 1 2 3 10 1 0 0
ST_DELIB 53 16 1 2 3 10 1 0 0
ST_DELIB 54 31 1 2 3 10 1 0 0
ST_DELIB 55 28 1 2 3 10 1 0 0
ST_DELIB 56 8 1 2 3 10 1 0 0
ST_DELIB 57 31 1 2 3 10 1 0 0
ST_DELIB 58 31 1 2 3 10 1 0 0
ST_DELIB 59 11 1 2 3 10 1 0 0
ST_DELIB 60 6 1 2 3 10 1 0 0
ST_DELIB 61 6 1 2 3 10 1 0 0
ST_DELIB 62 12 1 2 3 10 1 0 0
ST_DELIB 63 8 1 2 3 10 1 0 0
ST_DELIB 64 8 1 2 3 10 1 0 0
ST_DELIB 65 2 1 2 3 10 3 0 0
ST_DELIB 66 18 1 2 3 10 1 0 0
ST_DELIB 67 18 1 2 3 10 1 0 0
ST_DELIB 68 5 1 2 3 10 1 0 0
ST_DELIB 69 21 1 2 3 10 1 0 0
ST_DELIB 70 21 1 2 3 10 1 0 0
ST_DELIB 71 23 1 2 3 10 1 0 0
ST_DELIB 72 11 1 2 3 10 1 0 0
ST_DELIB 73 13 1 2 3 10 1 0 0
ST_DELIB 74 26 1 2 3 10 1 0 0
ST_TS 75 32 101 0 49 0 45 0 15 22 0 0 0 1 0 0 0
ST_DELIB 75 16 1 2 3 10 1 0 0
ST_DELIB 76 23 1 2 3 10 1 0 0
ST_DELIB 77 26 1 2 3 10 1 0 0
ST_DELIB 78 26 1 2 3 10 1 0 0
ST_DELIB 79 6 1 2 3 10 1 0 0
ST_DELIB 80 6 1 2 3 10 1 0 0
ST_DELIB 81 6 1 2 3 10 1 0 0
ST_DELIB 82 6 1 2 3 10 1 0 0
ST_DELIB 83 8 1 2 3 10 1 0 0
ST_DELIB 84 13 1 2 3 10 1 0 0
ST_DELIB 85 13 1 2 3 10 1 0 0
ST_DELIB 86 18 1 2 3 10 1 0 0
ST_DELIB 87 18 1 2 3 10 1 0 0
ST_DELIB 88 18 1 2 3 10 1 0 0
ST_DELIB 89 21 1 2 3 10 1 0 0
ST_DELIB 90 21 1 2 3 10 1 0 0
ST_DELIB 91 21 1 2 3 10 1 0 0
ST_DELIB 92 21 1 2 3 10 1 0 0
ST_DELIB 93 23 1 2 3 10 1 0 0
ST_DELIB 94 23 1 2 3 10 1 0 0
ST_DELIB 95 23 1 2 3 10 1 0 0
ST_DELIB 96 11 1 2 3 75 3 0 0
ST_DELIB 97 11 1 2 3 10 3 0 0
ST_DELIB 98 11 1 2 3 10 3 0 0
ST_DELIB 99 16 1 2 3 75 3 0 0
ST_TS 100 32 140 0 82 0 70 0 21 30 0 0 0 2 0 0 0
ST_DELIB 100 16 1 2 3 10 3 0 0
ST_DELIB 101 16 1 2 3 10 3 0 0
ST_DELIB 102 16 1 2 3 10 3 0 0
ST_DELIB 103 16 1 2 3 75 3 0 0
ST_DELIB 104 16 1 2 3 10 3 0 0
ST_DELIB 105 16 1 2 3 10 3 0 0
ST_DELIB 106 16 1 2 3 75 3 0 0
ST_DELIB 107 16 1 2 3 10 3 0 0
ST_DELIB 108 8 1 2 3 75 3 1 0
ST_DELIB 109 16 1 2 3 10 3 0 0
ST_DELIB 110 16 1 2 3 10 3 0 0
ST_DELIB 111 16 1 2 3 10 3 0 0
ST_DELIB 112 16 1 2 3 10 3 0 0
ST_DELIB 113 8 1 2 3 75 3 0 0
ST_DELIB 114 8 1 2 3 10 3 0 0
ST_DELIB 115 8 1 2 3 10 3 0 0
ST_DELIB 116 11 1 2 3 75 3 0 0
ST_DELIB 117 11 1 2 3 10 3 0 0
ST_DELIB 118 11 1 2 3 10 3 0 0
ST_DELIB 119 23 1 2 3 75 3 0 0
ST_DELIB 120 23 1 2 3 10 3 0 0
ST_DELIB 121 23 1 2 3 10 3 0 0
ST_DELIB 122 23 1 2 3 10 3 0 0
ST_DELIB 123 23 1 2 3 75 3 0 0
ST_DELIB 124 23 1 2 3 10 3 0 0
ST_TS 125 32 177 0 157 0 95 0 26 37 0 0 0 2 0 0 0
ST_DELIB 125 23 1 2 3 10 3 0 0
ST_DELIB 126 23 1 2 3 75 3 0 0
ST_DELIB 127 23 1 2 3 10 3 0 0
ST_DELIB 128 23 1 2 3 10 3 0 0
ST_DELIB 129 23 1 2 3 75 3 0 0
ST_DELIB 130 23 1 2 3 10 3 0 0
ST_DELIB 131 23 1 2 3 10 3 0 0
ST_DELIB 132 23 1 2 3 10 3 0 0
ST_DELIB 133 23 1 2 3 75 3 0 0
ST_DELIB 134 23 1 2 3 10 3 0 0
ST_DELIB 135 23 1 2 3 10 3 0 0
ST_DELIB 136 23 1 2 3 75 3 0 0
ST_DELIB 137 23 1 2 3 10 3 0 0
ST_DELIB 138 23 1 2 3 10 3 0 0
ST_DELIB 139 23 1 2 3 75 3 0 0
ST_DELIB 140 23 1 2 3 10 3 0 0
ST_DELIB 141 23 1 2 3 10 3 0 0
ST_DELIB 142 23 1 2 3 10 3 0 0
ST_DELIB 143 23 1 2 3 75 3 0 0
ST_DELIB 144 23 1 2 3 10 3 0 0
ST_DELIB 145 23 1 2 3 10 3 0 0
ST_DELIB 146 23 1 2 3 75 3 0 0
ST_DELIB 147 23 1 2 3 10 3 0 0
ST_DELIB 148 23 1 2 3 10 3 0 0
ST_DELIB 149 23 1 2 3 75 3 0 0
ST_TS 150 32 210 0 232 0 120 0 29 45 0 0 0 2 0 0 0
ST_DELIB 150 23 1 2 3 10 3 0 0
ST_DELIB 151 23 1 2 3 10 3 0 0
ST_DELIB 152 23 1 2 3 10 3 0 0
ST_DELIB 153 23 1 2 3 75 3 0 0
ST_DELIB 154 23 1 2 3 10 3 0 0
ST_DELIB 155 23 1 2 3 10 3 0 0
ST_DELIB 156 23 1 2 3 75 3 0 0
ST_DELIB 157 23 1 2 3 10 3 0 0
ST_DELIB 158 23 1 2 3 10 3 0 0
ST_DELIB 159 23 1 2 3 75 3 0 0
ST_DELIB 160 23 1 2 3 10 3 0 0
ST_DELIB 161 23 1 2 3 10 3 0 0
ST_DELIB 162 23 1 2 3 10 3 0 0
ST_DELIB 163 23 1 2 3 75 3 0 0
ST_DELIB 164 23 1 2 3 10 3 0 0
ST_DELIB 165 23 1 2 3 10 3 0 0
ST_DELIB 166 23 1 2 3 75 3 0 0
ST_DELIB 167 23 1 2 3 75 3 0 0
ST_DELIB 168 23 1 2 3 10 3 0 0
ST_DELIB 169 23 1 2 3 75 3 0 0
ST_DELIB 170 23 1 2 3 10 3 0 0
ST_DELIB 171 23 1 2 3 10 3 0 0
ST_DELIB 172 23 1 2 3 10 3 0 0
ST_DELIB 173 23 1 2 3 75 3 0 0
ST_DELIB 174 23 1 2 3 10 3 0 0
ST_TS 175 32 238 0 307 0 145 0 29 52 0 0 0 3 0 0 0
ST_DELIB 175 23 1 2 3 10 3 0 0
ST_DELIB 176 23 1 2 3 75 3 0 0
ST_DELIB 177 23 1 2 3 10 3 0 0
ST_DELIB 178 23 1 2 3 10 3 0 0
ST_DELIB 179 23 1 2 3 75 3 0 0
ST_DELIB 180 23 1 2 3 10 3 0 0
ST_DELIB 181 23 1 2 3 10 3 0 0
ST_DELIB 182 23 1 2 3 10 3 0 0
ST_DELIB 183 23 1 2 3 75 3 0 0
ST_DELIB 184 23 1 2 3 10 3 0 0
ST_DELIB 185 23 1 2 3 10 3 0 0
ST_DELIB 186 23 1 2 3 75 3 0 0
ST_DELIB 187 23 1 2 3 10 3 0 0
ST_DELIB 188 23 1 2 3 10 3 0 0
ST_DELIB 189 23 1 2 3 75 3 0 0
ST_DELIB 190 23 1 2 3 10 3 0 0
ST_DELIB 191 23 1 2 3 10 3 0 0
ST_DELIB 192 23 1 2 3 10 3 0 0
ST_DELIB 193 23 1 2 3 75 3 0 0
ST_DELIB 194 23 1 2 3 10 3 0 0
ST_DELIB 195 23 1 2 3 10 3 0 0
ST_DELIB 196 23 1 2 3 75 3 0 0
ST_DELIB 197 23 1 2 3 10 3 0 0
ST_DELIB 198 23 1 2 3 10 3 0 0
ST_DELIB 199 23 1 2 3 75 3 0 0
ST_TS 200 32 263 0 382 0 170 0 29 60 0 0 0 3 0 0 0
ST_DELIB 200 23 1 2 3 10 3 0 0
ST_DELIB 201 23 1 2 3 10 3 0 0
ST_DELIB 202 23 1 2 3 10 3 0 0
ST_DELIB 203 23 1 2 3 75 3 0 0
ST_DELIB 204 23 1 2 3 10 3 0 0
ST_DELIB 205 23 1 2 3 10 3 0 0
ST_DELIB 206 23 1 2 3 75 3 0 0
ST_DELIB 207 23 1 2 3 10 3 0 0
ST_DELIB 208 23 1 2 3 10 3 0 0
ST_DELIB 209 23 1 2 3 75 3 0 0
ST_DELIB 210 23 1 2 3 10 3 0 0
ST_DELIB 211 23 1 2 3 10 3 0 0
ST_DELIB 212 23 1 2 3 10 3 0 0
ST_DELIB 213 23 1 2 3 75 3 0 0
ST_DELIB 214 23 1 2 3 10 3 0 0
ST_DELIB 215 23 1 2 3 10 3 0 0
ST_DELIB 216 23 1 2 3 75 3 0 0
ST_DELIB 217 23 1 2 3 10 3 0 0
ST_DELIB 218 23 1 2 3 10 3 0 0
ST_DELIB 219 23 1 2 3 75 3 0 0
ST_DELIB 220 23 1 2 3 10 3 0 0
ST_DELIB 221 23 1 2 3 10 3 0 0
ST_DELIB 222 23 1 2 3 10 3 0 0
ST_DELIB 223 23 1 2 3 75 3 0 0
ST_DELIB 224 23 1 2 3 10 3 0 0
ST_TS 225 32 288 0 457 0 195 0 29 67 0 0 0 3 0 0 0
ST_DELIB 225 23 1 2 3 10 3 0 0
ST_DELIB 226 23 1 2 3 75 3 0 0
ST_DELIB 227 23 1 2 3 10 3 0 0
ST_DELIB 228 23 1 2 3 10 3 0 0
ST_DELIB 229 23 1 2 3 75 3 0 0
ST_DELIB 230 23 1 2 3 10 3 0 0
ST_DELIB 231 23 1 2 3 10 3 0 0
ST_DELIB 232 23 1 2 3 10 3 0 0
ST_DELIB 233 23 1 2 3 75 3 0 0
ST_DELIB 234 23 1 2 3 10 3 0 0
ST_DELIB 235 23 1 2 3 10 3 0 0
ST_DELIB 236 23 1 2 3 75 3 0 0
ST_DELIB 237 23 1 2 3 10 3 0 0
ST_DELIB 238 23 1 2 3 10 3 0 0
ST_DELIB 239 23 1 2 3 75 3 0 0
ST_DELIB 240 23 1 2 3 10 3 0 0
ST_DELIB 241 23 1 2 3 10 3 0 0
ST_DELIB 242 23 1 2 3 10 3 0 0
ST_DELIB 243 23 1 2 3 75 3 0 0
ST_DELIB 244 23 1 2 3 10 3 0 0
ST_DELIB 245 23 1 2 3 10 3 0 0
ST_DELIB 246 23 1 2 3 75 3 0 0
ST_DELIB 247 23 1 2 3 10 3 0 0
ST_DELIB 248 23 1 2 3 10 3 0 0
ST_DELIB 249 23 1 2 3 75 3 0 0
ST_TS 250 32 313 0 532 0 220 0 29 75 0 0 0 3 0 0 0
ST_DELIB 250 23 1 2 3 10 3 0 0
ST_DELIB 251 23 1 2 3 75 3 0 0
ST_DELIB 252 23 1 2 3 10 3 0 0
ST_DELIB 253 23 1 2 3 75 3 0 0
ST_DELIB 254 23 1 2 3 10 3 0 0
ST_DELIB 255 23 1 2 3 10 3 0 0
ST_DELIB 256 23 1 2 3 75 3 0 0
ST_DELIB 257 23 1 2 3 10 3 0 0
ST_DELIB 258 23 1 2 3 10 3 0 0
ST_DELIB 259 23 1 2 3 75 3 0 0
ST_DELIB 260 23 1 2 3 10 3 0 0
ST_DELIB 261 23 1 2 3 10 3 0 0
ST_DELIB 262 23 1 2 3 10 3 0 0
ST_DELIB 263 23 1 2 3 75 3 0 0
ST_DELIB 264 23 1 2 3 10 3 0 0
ST_DELIB 265 23 1 2 3 10 3 0 0
ST_DELIB 266 23 1 2 3 75 3 0 0
ST_DELIB 267 23 1 2 3 10 3 0 0
ST_DELIB 268 23 1 2 3 10 3 0 0
ST_DELIB 269 23 1 2 3 75 3 0 0
ST_DELIB 270 23 1 2 3 10 3 0 0
ST_DELIB 271 23 1 2 3 10 3 0 0
ST_DELIB 272 23 1 2 3 10 3 0 0
ST_DELIB 273 23 1 2 3 75 3 0 0
ST_DELIB 274 23 1 2 3 10 3 0 0
ST_TS 275 32 338 0 607 0 245 0 29 82 0 0 0 4 0 0 0
ST_DELIB 275 23 1 2 3 10 3 0 0
ST_DELIB 276 23 1 2 3 75 3 0 0
ST_DELIB 277 23 1 2 3 10 3 0 0
ST_DELIB 278 23 1 2 3 10 3 0 0
ST_DELIB 279 23 1 2 3 75 3 0 0
ST_DELIB 280 23 1 2 3 10 3 0 0
ST_DELIB 281 23 1 2 3 10 3 0 0
ST_DELIB 282 23 1 2 3 10 3 0 0
ST_DELIB 283 23 1 2 3 75 3 0 0
ST_DELIB 284 23 1 2 3 10 3 0 0
ST_DELIB 285 23 1 2 3 10 3 0 0
ST_DELIB 286 23 1 2 3 75 3 0 0
ST_DELIB 287 23 1 2 3 10 3 0 0
ST_DELIB 288 23 1 2 3 10 3 0 0
ST_DELIB 289 23 1 2 3 75 3 0 0
ST_DELIB 290 23 1 2 3 10 3 0 0
ST_DELIB 291 23 1 2 3 10 3 0 0
ST_DELIB 292 23 1 2 3 10 3 0 0
ST_DELIB 293 23 1 2 3 75 3 0 0
ST_DELIB 294 23 1 2 3 10 3 0 0
ST_DELIB 295 23 1 2 3 10 3 0 0
ST_DELIB 296 23 1 2 3 75 3 0 0
ST_DELIB 297 23 1 2 3 10 3 0 0
ST_DELIB 298 23 1 2 3 10 3 0 0
ST_DELIB 299 23 1 2 3 75 3 0 0
ST_TS 300 32 363 0 682 0 270 0 29 90 0 0 0 4 0 0 0
ST_DELIB 300 23 1 2 3 10 3 0 0
ST_DELIB 301 23 1 2 3 10 3 0 0
ST_DELIB 302 23 1 2 3 10 3 0 0
ST_DELIB 303 23 1 2 3 75 3 0 0
ST_DELIB 304 23 1 2 3 10 3 0 0
ST_DELIB 305 23 1 2 3 10 3 0 0
ST_DELIB 306 23 1 2 3 75 3 0 0
ST_DELIB 307 23 1 2 3 10 3 0 0
ST_DELIB 308 23 1 2 3 10 3 0 0
ST_DELIB 309 23 1 2 3 75 3 0 0
ST_DELIB 310 23 1 2 3 10 3 0 0
ST_DELIB 311 23 1 2 3 10 3 0 0
ST_DELIB 312 23 1 2 3 10 3 0 0
ST_DELIB 313 23 1 2 3 75 3 0 0
ST_DELIB 314 23 1 2 3 10 3 0 0
ST_DELIB 315 23 1 2 3 10 3 0 0
ST_DELIB 316 23 1 2 3 75 3 0 0
ST_DELIB 317 23 1 2 3 10 3 0 0
ST_DELIB 318 23 1 2 3 10 3 0 0
ST_DELIB 319 23 1 2 3 75 3 0 0
ST_DELIB 320 23 1 2 3 10 3 0 0
ST_DELIB 321 23 1 2 3 10 3 0 0
ST_DELIB 322 23 1 2 3 10 3 0 0
ST_DELIB 323 23 1 2 3 75 3 0 0
ST_DELIB 324 23 1 2 3 10 3 0 0
ST_TS 325 32 388 0 757 0 295 0 29 97 0 0 0 4 0 0 0
ST_DELIB 325 23 1 2 3 10 3 0 0
ST_DELIB 326 23 1 2 3 75 3 0 0
ST_DELIB 327 23 1 2 3 10 3 0 0
ST_DELIB 328 23 1 2 3 10 3 0 0
ST_DELIB 329 23 1 2 3 75 3 0 0
ST_DELIB 330 23 1 2 3 10 3 0 0
ST_DELIB 331 23 1 2 3 10 3 0 0
ST_DELIB 332 23 1 2 3 10 3 0 0
ST_DELIB 333 23 1 2 3 75 3 0 0
ST_DELIB 334 23 1 2 3 75 3 0 0
ST_DELIB 335 23 1 2 3 10 3 0 0
ST_DELIB 336 23 1 2 3 75 3 0 0
ST_DELIB 337 23 1 2 3 10 3 0 0
ST_DELIB 338 23 1 2 3 10 3 0 0
ST_DELIB 339 23 1 2 3 75 3 0 0
ST_DELIB 340 23 1 2 3 10 3 0 0
ST_DELIB 341 23 1 2 3 10 3 0 0
ST_DELIB 342 23 1 2 3 10 3 0 0
ST_DELIB 343 23 1 2 3 75 3 0 0
ST_DELIB 344 23 1 2 3 10 3 0 0
ST_DELIB 345 23 1 2 3 10 3 0 0
ST_DELIB 346 23 1 2 3 75 3 0 0
ST_DELIB 347 23 1 2 3 10 3 0 0
ST_DELIB 348 23 1 2 3 10 3 0 0
ST_DELIB 349 23 1 2 3 75 3 0 0
ST_TS 350 32 413 0 832 0 320 0 29 105 0 0 0 5 0 0 0
ST_DELIB 350 23 1 2 3 10 3 0 0
ST_DELIB 351 23 1 2 3 10 3 0 0
ST_DELIB 352 23 1 2 3 10 3 0 0
ST_DELIB 353 23 1 2 3 75 3 0 0
ST_DELIB 354 23 1 2 3 10 3 0 0
ST_DELIB 355 23 1 2 3 10 3 0 0
ST_DELIB 356 23 1 2 3 75 3 0 0
ST_DELIB 357 23 1 2 3 10 3 0 0
ST_DELIB 358 23 1 2 3 10 3 0 0
ST_DELIB 359 23 1 2 3 75 3 0 0
ST_DELIB 360 23 1 2 3 10 3 0 0
ST_DELIB 361 23 1 2 3 10 3 0 0
ST_DELIB 362 23 1 2 3 10 3 0 0
ST_DELIB 363 23 1 2 3 75 3 0 0
ST_DELIB 364 23 1 2 3 10 3 0 0
ST_DELIB 365 23 1 2 3 10 3 0 0
ST_DELIB 366 23 1 2 3 75 3 0 0
ST_DELIB 367 23 1 2 3 10 3 0 0
ST_DELIB 368 23 1 2 3 10 3 0 0
ST_DELIB 369 23 1 2 3 75 3 0 0
ST_DELIB 370 23 1 2 3 10 3 0 0
ST_DELIB 371 23 1 2 3 10 3 0 0
ST_DELIB 372 23 1 2 3 10 3 0 0
ST_DELIB 373 23 1 2 3 75 3 0 0
ST_DELIB 374 23 1 2 3 10 3 0 0
ST_TS 375 32 438 0 907 0 345 0 29 112 0 0 0 5 0 0 0
ST_DELIB 375 23 1 2 3 10 3 0 0
ST_DELIB 376 23 1 2 3 75 3 0 0
ST_DELIB 377 23 1 2 3 10 3 0 0
ST_DELIB 378 23 1 2 3 10 3 0 0
ST_DELIB 379 23 1 2 3 75 3 0 0
ST_DELIB 380 23 1 2 3 10 3 0 0
ST_DELIB 381 23 1 2 3 10 3 0 0
ST_DELIB 382 23 1 2 3 10 3 0 0
ST_DELIB 383 23 1 2 3 75 3 0 0
ST_DELIB 384 23 1 2 3 10 3 0 0
ST_DELIB 385 23 1 2 3 10 3 0 0
ST_DELIB 386 23 1 2 3 75 3 0 0
ST_DELIB 387 23 1 2 3 10 3 0 0
ST_DELIB 388 23 1 2 3 10 3 0 0
ST_DELIB 389 23 1 2 3 75 3 0 0
ST_DELIB 390 23 1 2 3 10 3 0 0
ST_DELIB 391 23 1 2 3 10 3 0 0
ST_DELIB 392 23 1 2 3 10 3 0 0
ST_DELIB 393 23 1 2 3 75 3 0 0
ST_DELIB 394 23 1 2 3 10 3 0 0
ST_DELIB 395 23 1 2 3 10 3 0 0
ST_DELIB 396 23 1 2 3 75 3 0 0
ST_DELIB 397 23 1 2 3 10 3 0 0
ST_DELIB 398 23 1 2 3 10 3 0 0
ST_DELIB 399 23 1 2 3 75 3 0 0
ST_TS 400 32 463 0 982 0 370 0 29 120 0 0 0 5 0 0 0
ST_DELIB 400 23 1 2 3 10 3 0 0
ST_DELIB 401 23 1 2 3 10 3 0 0
ST_DELIB 402 23 1 2 3 10 3 0 0
ST_DELIB 403 23 1 2 3 75 3 0 0
ST_DELIB 404 23 1 2 3 10 3 0 0
ST_DELIB 405 23 1 2 3 10 3 0 0
ST_DELIB 406 23 1 2 3 75 3 0 0
ST_DELIB 407 23 1 2 3 10 3 0 0
ST_DELIB 408 23 1 2 3 10 3 0 0
ST_DELIB 409 23 1 2 3 75 3 0 0
ST_DELIB 410 23 1 2 3 10 3 0 0
ST_DELIB 411 23 1 2 3 10 3 0 0
ST_DELIB 412 23 1 2 3 10 3 0 0
ST_DELIB 413 23 1 2 3 75 3 0 0
ST_DELIB 414 23 1 2 3 10 3 0 0
ST_DELIB 415 23 1 2 3 10 3 0 0
ST_DELIB 416 23 1 2 3 75 3 0 0
ST_DELIB 417 23 1 2 3 75 3 0 0
ST_DELIB 418 23 1 2 3 10 3 0 0
ST_DELIB 419 23 1 2 3 75 3 0 0
ST_DELIB 420 23 1 2 3 10 3 0 0
ST_DELIB 421 23 1 2 3 10 3 0 0
ST_DELIB 422 23 1 2 3 10 3 0 0
ST_DELIB 423 23 1 2 3 75 3 0 0
ST_DELIB 424 23 1 2 3 10 3 0 0
ST_TS 425 32 488 0 1057 0 395 0 29 127 0 0 0 6 0 0 0
ST_DELIB 425 23 1 2 3 10 3 0 0
ST_DELIB 426 23 1 2 3 75 3 0 0
ST_DELIB 427 23 1 2 3 10 3 0 0
ST_DELIB 428 23 1 2 3 10 3 0 0
ST_DELIB 429 23 1 2 3 75 3 0 0
ST_DELIB 430 23 1 2 3 10 3 0 0
ST_DELIB 431 23 1 2 3 10 3 0 0
ST_DELIB 432 23 1 2 3 10 3 0 0
ST_DELIB 433 23 1 2 3 75 3 0 0
ST_DELIB 434 23 1 2 3 10 3 0 0
ST_DELIB 435 23 1 2 3 10 3 0 0
ST_DELIB 436 23 1 2 3 75 3 0 0
ST_DELIB 437 23 1 2 3 10 3 0 0
ST_DELIB 438 23 1 2 3 10 3 0 0
ST_DELIB 439 23 1 2 3 75 3 0 0
ST_DELIB 440 23 1 2 3 10 3 0 0
ST_DELIB 441 23 1 2 3 10 3 0 0
ST_DELIB 442 23 1 2 3 10 3 0 0
ST_DELIB 443 23 1 2 3 75 3 0 0
ST_DELIB 444 23 1 2 3 10 3 0 0
ST_DELIB 445 23 1 2 3 10 3 0 0
ST_DELIB 446 23 1 2 3 75 3 0 0
ST_DELIB 447 23 1 2 3 10 3 0 0
ST_DELIB 448 23 1 2 3 10 3 0 0
ST_DELIB 449 23 1 2 3 75 3 0 0
ST_TS 450 32 513 0 1132 0 420 0 29 135 0 0 0 6 0 0 0
ST_DELIB 450 23 1 2 3 10 3 0 0
ST_DELIB 451 23 1 2 3 10 3 0 0
ST_DELIB 452 23 1 2 3 10 3 0 0
ST_DELIB 453 23 1 2 3 75 3 0 0
ST_DELIB 454 23 1 2 3 10 3 0 0
ST_DELIB 455 23 1 2 3 10 3 0 0
ST_DELIB 456 23 1 2 3 75 3 0 0
ST_DELIB 457 23 1 2 3 10 3 0 0
ST_DELIB 458 23 1 2 3 10 3 0 0
ST_DELIB 459 23 1 2 3 75 3 0 0
ST_DELIB 460 23 1 2 3 10 3 0 0
ST_DELIB 461 23 1 2 3 10 3 0 0
ST_DELIB 462 23 1 2 3 10 3 0 0
ST_DELIB 463 23 1 2 3 75 3 0 0
ST_DELIB 464 23 1 2 3 10 3 0 0
ST_DELIB 465 23 1 2 3 10 3 0 0
ST_DELIB 466 23 1 2 3 75 3 0 0
ST_DELIB 467 23 1 2 3 10 3 0 0
ST_DELIB 468 23 1 2 3 10 3 0 0
ST_DELIB 469 23 1 2 3 75 3 0 0
ST_DELIB 470 23 1 2 3 10 3 0 0
ST_DELIB 471 23 1 2 3 10 3 0 0
ST_DELIB 472 23 1 2 3 10 3 0 0
ST_DELIB 473 23 1 2 3 75 3 0 0
ST_DELIB 474 23 1 2 3 10 3 0 0
ST_TS 475 32 538 0 1207 0 445 0 29 142 0 0 0 6 0 0 0
ST_DELIB 475 23 1 2 3 10 3 0 0
ST_DELIB 476 23 1 2 3 75 3 0 0
ST_DELIB 477 23 1 2 3 10 3 0 0
ST_DELIB 478 23 1 2 3 10 3 0 0
ST_DELIB 479 23 1 2 3 75 3 0 0
ST_DELIB 480 23 1 2 3 10 3 0 0
ST_DELIB 481 23 1 2 3 10 3 0 0
ST_DELIB 482 23 1 2 3 10 3 0 0
ST_DELIB 483 23 1 2 3 75 3 0 0
ST_DELIB 484 23 1 2 3 10 3 0 0
ST_DELIB 485 23 1 2 3 10 3 0 0
ST_DELIB 486 23 1 2 3 75 3 0 0
ST_DELIB 487 23 1 2 3 10 3 0 0
ST_DELIB 488 23 1 2 3 10 3 0 0
ST_DELIB 489 23 1 2 3 75 3 0 0
ST_DELIB 490 23 1 2 3 10 3 0 0
ST_DELIB 491 23 1 2 3 10 3 0 0
ST_DELIB 492 23 1 2 3 10 3 0 0
ST_DELIB 493 23 1 2 3 75 3 0 0
ST_DELIB 494 23 1 2 3 10 3 0 0
ST_DELIB 495 23 1 2 3 10 3 0 0
ST_DELIB 496 23 1 2 3 75 3 0 0
ST_DELIB 497 23 1 2 3 10 3 0 0
ST_DELIB 498 23 1 2 3 10 3 0 0
ST_DELIB 499 23 1 2 3 75 3 0 0
ST_TS 500 32 563 0 1282 0 470 0 29 150 0 0 0 6 0 0 0
ST_CELL 12 2 1 0
ST_AUDIT_N 563
ST_DROPS 0
ST_ABANDONS 0
ST_ABANDON_Q 0 0 0 0
ST_METRIC 3 6 6
ST_METRIC 4 1 344
ST_METRIC 5 0 6
ST_A_SUMMARY 0 470 0 0 1282
ST_LEDGER 563 47292
CL_CHECK,ck_replay,0,0
CL_CHECK,ck_refusals_clean,0,0
CL_CHECK,ck_core_live,1,1
CL_CHECK,ck_strength_lineage,1,1
CL_CHECK,ck_strength_lineage,1,1
CL_CHECK,ck_strength_lineage,1,1
CL_CHECK,ck_strength_lineage,1,1
CL_CHECK,ck_strength_lineage,1,1
CL_CHECK,ck_strength_lineage,1,1
CL_CHECK,ck_strength_lineage,1,1
CL_CHECK,ck_strength_lineage,1,1
CL_CHECK,ck_strength_lineage,1,1
CL_CHECK,ck_strength_lineage,1,1
CL_CHECK,ck_strength_lineage,1,1
CL_CHECK,ck_strength_lineage,1,1
CL_CHECK,ck_strength_lineage,1,1
CL_CHECK,ck_strength_lineage,1,1
CL_CHECK,ck_strength_lineage,1,1
CL_CHECK,ck_strength_lineage,1,1
CL_CHECK,ck_strength_lineage,1,1
CL_CHECK,ck_strength_lineage,1,1
CL_CHECK,ck_strength_lineage,1,1
CL_CHECK,ck_strength_lineage,1,1
CL_CHECK,ck_strength_lineage,1,1
CL_CHECK,ck_strength_lineage,1,1
CL_CHECK,ck_strength_lineage,1,1
CL_CHECK,ck_strength_lineage,1,1
CL_CHECK,ck_strength_lineage,1,1
CL_CHECK,ck_strength_lineage,1,1
CL_CHECK,ck_strength_lineage,1,1
CL_CHECK,ck_strength_lineage,1,1
CL_CHECK,ck_strength_lineage,1,1
CL_CHECK,ck_strength_lineage,1,1
CL_CHECK,ck_strength_lineage,1,1
CL_CHECK,ck_strength_lineage,1,1
CL_CHECK,ck_strength_lineage,1,1
CL_CHECK,ck_strength_lineage,1,1
CL_CHECK,ck_strength_lineage,1,1
CL_CHECK,ck_strength_lineage,1,1
CL_CHECK,ck_strength_lineage,1,1
CL_CHECK,ck_strength_lineage,1,1
CL_CHECK,ck_strength_lineage,1,1
CL_CHECK,ck_strength_lineage,1,1
CL_CHECK,ck_strength_lineage,1,1
CL_CHECK,ck_strength_lineage,1,1
CL_CHECK,ck_strength_lineage,1,1
CL_CHECK,ck_strength_lineage,1,1
CL_CHECK,ck_strength_lineage,1,1
CL_CHECK,ck_strength_lineage,1,1
CL_CHECK,ck_strength_lineage,1,1
CL_CHECK,ck_strength_lineage,1,1
CL_CHECK,ck_strength_lineage,1,1
CL_CHECK,ck_strength_lineage,1,1
CL_CHECK,ck_strength_lineage,1,1
CL_CHECK,ck_strength_lineage,1,1
CL_CHECK,ck_strength_lineage,1,1
CL_CHECK,ck_strength_lineage,1,1
CL_CHECK,ck_strength_lineage,1,1
CL_CHECK,ck_strength_lineage,1,1
CL_CHECK,ck_strength_lineage,1,1
CL_CHECK,ck_strength_lineage,1,1
CL_CHECK,ck_strength_lineage,1,1
CL_CHECK,ck_strength_lineage,1,1
CL_CHECK,ck_strength_lineage,1,1
CL_CHECK,ck_strength_lineage,1,1
CL_CHECK,ck_strength_lineage,1,1
CL_CHECK,ck_strength_lineage,1,1
CL_CHECK,ck_strength_lineage,1,1
CL_CHECK,ck_strength_lineage,1,1
CL_CHECK,ck_strength_lineage,1,1
CL_CHECK,ck_strength_lineage,1,1
CL_CHECK,ck_strength_lineage,1,1
CL_CHECK,ck_strength_lineage,1,1
CL_CHECK,ck_strength_lineage,1,1
CL_CHECK,ck_strength_lineage,1,1
CL_CHECK,ck_strength_lineage,1,1
CL_CHECK,ck_strength_lineage,1,1
CL_CHECK,ck_strength_lineage,1,1
CL_CHECK,ck_strength_lineage,1,1
CL_CHECK,ck_strength_lineage,1,1
CL_CHECK,ck_strength_lineage,1,1
CL_CHECK,ck_strength_lineage,1,1
CL_CHECK,ck_strength_lineage,1,1
CL_CHECK,ck_strength_lineage,1,1
CL_CHECK,ck_strength_lineage,1,1
CL_CHECK,ck_strength_lineage,1,1
CL_CHECK,ck_strength_lineage,1,1
CL_CHECK,ck_strength_lineage,1,1
CL_CHECK,ck_strength_lineage,1,1
CL_CHECK,ck_strength_lineage,1,1
CL_CHECK,ck_strength_lineage,1,1
CL_CHECK,ck_strength_lineage,1,1
CL_CHECK,ck_strength_lineage,1,1
CL_CHECK,ck_strength_lineage,1,1
CL_CHECK,ck_strength_lineage,1,1
CL_CHECK,ck_strength_lineage,1,1
CL_CHECK,ck_strength_lineage,1,1
CL_CHECK,ck_strength_lineage,1,1
CL_CHECK,ck_strength_lineage,1,1
CL_CHECK,ck_strength_lineage,1,1
CL_CHECK,ck_strength_lineage,1,1
CL_CHECK,ck_strength_lineage,1,1
CL_CHECK,ck_strength_lineage,1,1
CL_CHECK,ck_strength_lineage,1,1
CL_CHECK,ck_strength_lineage,1,1
CL_CHECK,ck_strength_lineage,1,1
CL_CHECK,ck_strength_lineage,1,1
CL_CHECK,ck_strength_lineage,1,1
CL_CHECK,ck_strength_lineage,1,1
CL_CHECK,ck_strength_lineage,1,1
CL_CHECK,ck_strength_lineage,1,1
CL_CHECK,ck_strength_lineage,1,1
CL_CHECK,ck_strength_lineage,1,1
CL_CHECK,ck_strength_lineage,1,1
CL_CHECK,ck_strength_lineage,1,1
CL_CHECK,ck_strength_lineage,1,1
CL_CHECK,ck_strength_lineage,1,1
CL_CHECK,ck_strength_lineage,1,1
CL_CHECK,ck_strength_lineage,1,1
CL_CHECK,ck_strength_lineage,1,1
CL_CHECK,ck_strength_lineage,1,1
CL_CHECK,ck_strength_lineage,1,1
CL_CHECK,ck_strength_lineage,1,1
CL_CHECK,ck_strength_lineage,1,1
CL_CHECK,ck_strength_lineage,1,1
CL_CHECK,ck_strength_lineage,1,1
CL_CHECK,ck_strength_lineage,1,1
CL_CHECK,ck_strength_lineage,1,1
CL_CHECK,ck_strength_lineage,1,1
CL_CHECK,ck_strength_lineage,1,1
CL_CHECK,ck_strength_lineage,1,1
CL_CHECK,ck_strength_lineage,1,1
CL_CHECK,ck_strength_lineage,1,1
CL_CHECK,ck_strength_lineage,1,1
CL_CHECK,ck_strength_lineage,1,1
CL_CHECK,ck_strength_lineage,1,1
CL_CHECK,ck_strength_lineage,1,1
CL_CHECK,ck_strength_lineage,1,1
CL_CHECK,ck_strength_lineage,1,1
CL_CHECK,ck_strength_lineage,1,1
CL_CHECK,ck_strength_lineage,1,1
CL_CHECK,ck_strength_lineage,1,1
CL_CHECK,ck_strength_lineage,1,1
CL_CHECK,ck_strength_lineage,1,1
CL_CHECK,ck_strength_lineage,1,1
CL_CHECK,ck_strength_lineage,1,1
CL_CHECK,ck_strength_lineage,1,1
CL_CHECK,ck_strength_lineage,1,1
CL_CHECK,ck_strength_lineage,1,1
CL_CHECK,ck_strength_lineage,1,1
CL_CHECK,ck_strength_lineage,1,1
CL_CHECK,ck_strength_lineage,1,1
CL_CHECK,ck_strength_lineage,1,1
CL_CHECK,ck_strength_lineage,1,1
CL_CHECK,ck_strength_lineage,1,1
CL_CHECK,ck_strength_lineage,1,1
CL_CHECK,ck_strength_lineage,1,1
CL_CHECK,ck_strength_lineage,1,1
CL_CHECK,ck_strength_lineage,1,1
CL_CHECK,ck_strength_lineage,1,1
CL_CHECK,ck_strength_lineage,1,1
CL_CHECK,ck_strength_lineage,1,1
CL_CHECK,ck_strength_lineage,1,1
CL_CHECK,ck_strength_lineage,1,1
CL_CHECK,ck_strength_lineage,1,1
CL_CHECK,ck_strength_lineage,1,1
CL_CHECK,ck_strength_lineage,1,1
CL_CHECK,ck_strength_lineage,1,1
CL_CHECK,ck_strength_lineage,1,1
CL_CHECK,ck_strength_lineage,1,1
CL_CHECK,ck_strength_lineage,1,1
CL_CHECK,ck_strength_lineage,1,1
CL_CHECK,ck_strength_lineage,1,1
CL_CHECK,ck_strength_lineage,1,1
CL_CHECK,ck_strength_lineage,1,1
CL_CHECK,ck_strength_lineage,1,1
CL_CHECK,ck_strength_lineage,1,1
CL_CHECK,ck_strength_lineage,1,1
CL_CHECK,ck_strength_lineage,1,1
CL_CHECK,ck_strength_lineage,1,1
CL_CHECK,ck_strength_lineage,1,1
CL_CHECK,ck_strength_lineage,1,1
CL_CHECK,ck_strength_lineage,1,1
CL_CHECK,ck_strength_lineage,1,1
CL_CHECK,ck_strength_lineage,1,1
CL_CHECK,ck_strength_lineage,1,1
CL_CHECK,ck_strength_lineage,1,1
CL_CHECK,ck_strength_lineage,1,1
CL_CHECK,ck_strength_lineage,1,1
CL_CHECK,ck_strength_lineage,1,1
CL_CHECK,ck_strength_lineage,1,1
CL_CHECK,ck_strength_lineage,1,1
CL_CHECK,ck_strength_lineage,1,1
CL_CHECK,ck_strength_lineage,1,1
CL_CHECK,ck_strength_lineage,1,1
CL_CHECK,ck_strength_lineage,1,1
CL_CHECK,ck_strength_lineage,1,1
CL_CHECK,ck_strength_lineage,1,1
CL_CHECK,ck_strength_lineage,1,1
CL_CHECK,ck_strength_lineage,1,1
CL_CHECK,ck_strength_lineage,1,1
CL_CHECK,ck_strength_lineage,1,1
CL_CHECK,ck_strength_lineage,1,1
CL_CHECK,ck_strength_lineage,1,1
CL_CHECK,ck_strength_lineage,1,1
CL_CHECK,ck_strength_lineage,1,1
CL_CHECK,ck_strength_lineage,1,1
CL_CHECK,ck_strength_lineage,1,1
CL_CHECK,ck_strength_lineage,1,1
CL_CHECK,ck_strength_lineage,1,1
CL_CHECK,ck_strength_lineage,1,1
CL_CHECK,ck_strength_lineage,1,1
CL_CHECK,ck_strength_lineage,1,1
CL_CHECK,ck_strength_lineage,1,1
CL_CHECK,ck_strength_lineage,1,1
CL_CHECK,ck_strength_lineage,1,1
CL_CHECK,ck_strength_lineage,1,1
CL_CHECK,ck_strength_lineage,1,1
CL_CHECK,ck_strength_lineage,1,1
CL_CHECK,ck_strength_lineage,1,1
CL_CHECK,ck_strength_lineage,1,1
CL_CHECK,ck_strength_lineage,1,1
CL_CHECK,ck_strength_lineage,1,1
CL_CHECK,ck_strength_lineage,1,1
CL_CHECK,ck_strength_lineage,1,1
CL_CHECK,ck_strength_lineage,1,1
CL_CHECK,ck_strength_lineage,1,1
CL_CHECK,ck_strength_lineage,1,1
CL_CHECK,ck_strength_lineage,1,1
CL_CHECK,ck_strength_lineage,1,1
CL_CHECK,ck_strength_lineage,1,1
CL_CHECK,ck_strength_lineage,1,1
CL_CHECK,ck_strength_lineage,1,1
CL_CHECK,ck_strength_lineage,1,1
CL_CHECK,ck_strength_lineage,1,1
CL_CHECK,ck_strength_lineage,1,1
CL_CHECK,ck_strength_lineage,1,1
CL_CHECK,ck_strength_lineage,1,1
CL_CHECK,ck_strength_lineage,1,1
CL_CHECK,ck_strength_lineage,1,1
CL_CHECK,ck_strength_lineage,1,1
CL_CHECK,ck_strength_lineage,1,1
CL_CHECK,ck_strength_lineage,1,1
CL_CHECK,ck_strength_lineage,1,1
CL_CHECK,ck_strength_lineage,1,1
CL_CHECK,ck_strength_lineage,1,1
CL_CHECK,ck_strength_lineage,1,1
CL_CHECK,ck_strength_lineage,1,1
CL_CHECK,ck_strength_lineage,1,1
CL_CHECK,ck_strength_lineage,1,1
CL_CHECK,ck_strength_lineage,1,1
CL_CHECK,ck_strength_lineage,1,1
CL_CHECK,ck_strength_lineage,1,1
CL_CHECK,ck_strength_lineage,1,1
CL_CHECK,ck_strength_lineage,1,1
CL_CHECK,ck_strength_lineage,1,1
CL_CHECK,ck_strength_lineage,1,1
CL_CHECK,ck_strength_lineage,1,1
CL_CHECK,ck_strength_lineage,1,1
CL_CHECK,ck_strength_lineage,1,1
CL_CHECK,ck_strength_lineage,1,1
CL_CHECK,ck_strength_lineage,1,1
CL_CHECK,ck_strength_lineage,1,1
CL_CHECK,ck_strength_lineage,1,1
CL_CHECK,ck_strength_lineage,1,1
CL_CHECK,ck_strength_lineage,1,1
CL_CHECK,ck_strength_lineage,1,1
CL_CHECK,ck_strength_lineage,1,1
CL_CHECK,ck_strength_lineage,1,1
CL_CHECK,ck_strength_lineage,1,1
CL_CHECK,ck_strength_lineage,1,1
CL_CHECK,ck_strength_lineage,1,1
CL_CHECK,ck_strength_lineage,1,1
CL_CHECK,ck_strength_lineage,1,1
CL_CHECK,ck_strength_lineage,1,1
CL_CHECK,ck_strength_lineage,1,1
CL_CHECK,ck_strength_lineage,1,1
CL_CHECK,ck_strength_lineage,1,1
CL_CHECK,ck_strength_lineage,1,1
CL_CHECK,ck_strength_lineage,1,1
CL_CHECK,ck_strength_lineage,1,1
CL_CHECK,ck_strength_lineage,1,1
CL_CHECK,ck_strength_lineage,1,1
CL_CHECK,ck_strength_lineage,1,1
CL_CHECK,ck_strength_lineage,1,1
CL_CHECK,ck_strength_lineage,1,1
CL_CHECK,ck_strength_lineage,1,1
CL_CHECK,ck_strength_lineage,1,1
CL_CHECK,ck_strength_lineage,1,1
CL_CHECK,ck_strength_lineage,1,1
CL_CHECK,ck_strength_lineage,1,1
CL_CHECK,ck_strength_lineage,1,1
CL_CHECK,ck_strength_lineage,1,1
CL_CHECK,ck_strength_lineage,1,1
CL_CHECK,ck_strength_lineage,1,1
CL_CHECK,ck_strength_lineage,1,1
CL_CHECK,ck_strength_lineage,1,1
CL_CHECK,ck_strength_lineage,1,1
CL_CHECK,ck_strength_lineage,1,1
CL_CHECK,ck_strength_lineage,1,1
CL_CHECK,ck_strength_lineage,1,1
CL_CHECK,ck_strength_lineage,1,1
CL_CHECK,ck_strength_lineage,1,1
CL_CHECK,ck_strength_lineage,1,1
CL_CHECK,ck_strength_lineage,1,1
CL_CHECK,ck_strength_lineage,1,1
CL_CHECK,ck_strength_lineage,1,1
CL_CHECK,ck_strength_lineage,1,1
CL_CHECK,ck_strength_lineage,1,1
CL_CHECK,ck_strength_lineage,1,1
CL_CHECK,ck_strength_lineage,1,1
CL_CHECK,ck_strength_lineage,1,1
CL_CHECK,ck_strength_lineage,1,1
CL_CHECK,ck_strength_lineage,1,1
CL_CHECK,ck_strength_lineage,1,1
CL_CHECK,ck_strength_lineage,1,1
CL_CHECK,ck_strength_lineage,1,1
CL_CHECK,ck_strength_lineage,1,1
CL_CHECK,ck_strength_lineage,1,1
CL_CHECK,ck_strength_lineage,1,1
CL_CHECK,ck_strength_lineage,1,1
CL_CHECK,ck_strength_lineage,1,1
CL_CHECK,ck_strength_lineage,1,1
CL_CHECK,ck_strength_lineage,1,1
CL_CHECK,ck_strength_lineage,1,1
CL_CHECK,ck_strength_lineage,1,1
CL_CHECK,ck_strength_lineage,1,1
CL_CHECK,ck_strength_lineage,1,1
CL_CHECK,ck_strength_lineage,1,1
CL_CHECK,ck_strength_lineage,1,1
CL_CHECK,ck_strength_lineage,1,1
CL_CHECK,ck_strength_lineage,1,1
CL_CHECK,ck_strength_lineage,1,1
CL_CHECK,ck_strength_lineage,1,1
CL_CHECK,ck_strength_lineage,1,1
CL_CHECK,ck_strength_lineage,1,1
CL_CHECK,ck_strength_lineage,1,1
CL_CHECK,ck_strength_lineage,1,1
CL_CHECK,ck_strength_lineage,1,1
CL_CHECK,ck_strength_lineage,1,1
CL_CHECK,ck_strength_lineage,1,1
CL_CHECK,ck_strength_lineage,1,1
CL_CHECK,ck_strength_lineage,1,1
CL_CHECK,ck_strength_lineage,1,1
CL_CHECK,ck_strength_lineage,1,1
CL_CHECK,ck_strength_lineage,1,1
CL_CHECK,ck_strength_lineage,1,1
CL_CHECK,ck_strength_lineage,1,1
CL_CHECK,ck_strength_lineage,1,1
CL_CHECK,ck_strength_lineage,1,1
CL_CHECK,ck_strength_lineage,1,1
CL_CHECK,ck_strength_lineage,1,1
CL_CHECK,ck_strength_lineage,1,1
CL_CHECK,ck_strength_lineage,1,1
CL_CHECK,ck_strength_lineage,1,1
CL_CHECK,ck_strength_lineage,1,1
CL_CHECK,ck_no_bad_kill,0,0
CL_CHECK,ck_no_bad_forcepin,0,0
CL_CHECK,ck_no_bad_code,0,0
CL_CHECK,ck_no_bad_role,0,0
CL_CHECK,ck_no_bad_pexp,0,0
CL_CHECK,ck_no_bad_recycle,0,0
ST_FINGERPRINT -788491130
ST_INVALID 0
ST_DONE
