ST_TS 0 2 3 0 0 0 0 0 0 0 0 0 0 0 0 0 0
ST_TS 25 27 31 0 0 0 0 0 0 7 0 0 0 6 0 0 0
ST_DELIB 30 2 1 2 3 10 1 0 0
ST_DELIB 31 5 1 2 3 10 1 0 0
ST_DELIB 32 8 1 2 3 10 1 0 0
ST_DELIB 33 4 1 2 3 10 1 0 0
ST_DELIB 34 6 1 2 3 10 1 0 0
ST_DELIB 35 12 1 2 3 10 1 0 0
ST_DELIB 36 2 1 2 3 10 1 0 0
ST_DELIB 37 14 1 2 3 10 1 0 0
ST_DELIB 38 15 1 2 3 10 1 0 0
ST_DELIB 39 16 1 2 3 10 1 0 0
ST_DELIB 40 2 1 2 3 10 1 0 0
ST_DELIB 41 18 1 2 3 10 1 0 0
ST_DELIB 42 4 1 2 3 10 1 0 0
ST_DELIB 43 4 1 2 3 10 1 0 0
ST_DELIB 44 26 1 2 3 10 1 0 0
ST_DELIB 45 22 1 2 3 10 1 0 0
ST_DELIB 46 8 1 2 3 10 1 0 0
ST_DELIB 47 24 1 2 3 10 1 0 0
ST_DELIB 48 25 1 2 3 10 1 0 0
ST_DELIB 49 26 1 2 3 10 1 0 0
ST_TS 50 32 73 0 20 0 20 0 11 15 0 0 0 15 0 0 0
ST_DELIB 50 28 1 2 3 10 1 0 0
ST_DELIB 51 28 1 2 3 10 1 0 0
ST_DELIB 52 2 1 2 3 10 1 0 0
ST_DELIB 53 2 1 2 3 10 1 0 0
ST_DELIB 54 2 1 2 3 10 1 0 0
ST_DELIB 55 2 1 2 3 10 1 0 0
ST_DELIB 56 4 1 2 3 10 1 0 0
ST_DELIB 57 9 3 1 1 80 4 2 1
ST_DELIB 57 4 1 2 3 10 1 0 0
ST_DELIB 58 10 3 1 1 80 4 2 1
ST_DELIB 58 6 1 2 3 10 1 0 0
ST_DELIB 59 11 3 1 1 80 4 2 1
ST_DELIB 59 8 1 2 3 10 1 0 0
ST_DELIB 60 16 1 2 3 75 3 0 0
ST_DELIB 61 16 1 2 3 10 3 0 0
ST_DELIB 62 22 1 2 3 75 3 0 0
ST_DELIB 63 22 1 2 3 10 3 0 0
ST_DELIB 64 22 1 2 3 10 3 0 0
ST_DELIB 65 22 1 2 3 10 3 0 0
ST_DELIB 66 25 1 2 3 75 3 0 0
ST_DELIB 67 19 3 1 1 80 4 2 1
ST_DELIB 67 25 1 2 3 10 3 0 0
ST_DELIB 68 20 3 1 1 80 4 2 1
ST_DELIB 68 28 1 2 3 75 3 0 0
ST_DELIB 69 21 3 1 1 80 4 2 1
ST_DELIB 69 22 1 2 3 75 3 0 0
ST_DELIB 70 22 1 2 3 75 3 0 0
ST_DELIB 71 22 1 2 3 10 3 0 0
ST_DELIB 72 22 1 2 3 75 3 0 0
ST_DELIB 73 22 1 2 3 10 3 0 0
ST_DELIB 74 22 1 2 3 10 3 0 0
ST_TS 75 32 130 0 75 0 45 0 22 22 0 0 0 21 0 0 0
ST_DELIB 75 22 1 2 3 10 3 0 0
ST_DELIB 76 22 1 2 3 75 3 0 0
ST_DELIB 77 29 3 1 1 80 4 2 1
ST_DELIB 77 22 1 2 3 10 3 0 0
ST_DELIB 78 30 3 1 1 80 4 2 1
ST_DELIB 78 22 1 2 3 75 3 0 0
ST_DELIB 79 31 3 1 1 80 4 2 1
ST_DELIB 79 22 1 2 3 75 3 0 0
ST_DELIB 80 28 1 2 3 75 3 0 0
ST_DELIB 81 28 1 2 3 10 3 0 0
ST_DELIB 82 9 3 1 1 80 4 3 1
ST_DELIB 82 28 1 2 3 75 3 0 0
ST_DELIB 83 10 3 1 1 80 4 3 1
ST_DELIB 83 28 1 2 3 10 3 0 0
ST_DELIB 84 11 3 1 1 80 4 3 1
ST_DELIB 84 28 1 2 3 10 3 0 0
ST_DELIB 85 28 1 2 3 10 3 0 0
ST_DELIB 86 22 1 2 3 75 3 0 0
ST_DELIB 87 14 3 1 1 80 4 2 1
ST_DELIB 87 22 1 2 3 10 3 0 0
ST_DELIB 88 15 3 1 1 80 4 2 1
ST_DELIB 88 22 1 2 3 75 3 0 0
ST_DELIB 89 22 1 2 3 75 3 0 0
ST_DELIB 90 22 1 2 3 75 3 0 0
ST_DELIB 91 22 1 2 3 10 3 0 0
ST_DELIB 92 19 3 1 1 80 4 3 1
ST_DELIB 92 22 1 2 3 75 3 0 0
ST_DELIB 93 20 3 1 1 80 4 3 1
ST_DELIB 93 22 1 2 3 10 3 0 0
ST_DELIB 94 21 3 1 1 80 4 3 1
ST_DELIB 94 22 1 2 3 10 3 0 0
ST_DELIB 95 22 1 2 3 10 3 0 0
ST_DELIB 96 22 1 2 3 75 3 0 0
ST_DELIB 97 24 3 1 1 80 4 2 1
ST_DELIB 97 22 1 2 3 10 3 0 0
ST_DELIB 98 22 1 2 3 75 3 0 0
ST_DELIB 99 26 3 1 1 80 4 2 1
ST_DELIB 99 22 1 2 3 75 3 0 0
ST_TS 100 32 182 0 150 0 70 0 28 30 0 0 0 30 0 0 0
ST_DELIB 100 22 1 2 3 75 3 0 0
ST_DELIB 101 22 1 2 3 10 3 0 0
ST_DELIB 102 29 3 1 1 80 4 3 1
ST_DELIB 102 22 1 2 3 75 3 0 0
ST_DELIB 103 30 3 1 1 80 4 3 1
ST_DELIB 103 22 1 2 3 10 3 0 0
ST_DELIB 104 31 3 1 1 80 4 3 1
ST_DELIB 104 22 1 2 3 10 3 0 0
ST_DELIB 105 22 1 2 3 10 3 0 0
ST_DELIB 106 22 1 2 3 75 3 0 0
ST_DELIB 107 4 3 1 1 80 4 2 1
ST_DELIB 107 9 3 1 1 80 4 4 1
ST_DELIB 108 6 3 1 1 80 4 2 1
ST_DELIB 108 10 3 1 1 80 4 4 1
ST_DELIB 109 8 3 1 1 80 4 2 1
ST_DELIB 109 11 3 1 1 80 4 4 1
ST_DELIB 110 22 1 2 3 10 3 0 0
ST_DELIB 111 22 1 2 3 10 3 0 0
ST_DELIB 112 14 3 1 1 80 4 3 1
ST_DELIB 112 22 1 2 3 75 3 0 0
ST_DELIB 113 15 3 1 1 80 4 3 1
ST_DELIB 113 22 1 2 3 10 3 0 0
ST_DELIB 114 22 1 2 3 10 3 0 0
ST_DELIB 115 22 1 2 3 10 3 0 0
ST_DELIB 116 22 1 2 3 75 3 0 0
ST_DELIB 117 25 3 1 1 80 4 2 1
ST_DELIB 117 19 3 1 1 80 4 4 1
ST_DELIB 118 20 3 1 1 80 4 4 1
ST_DELIB 119 21 3 1 1 80 4 4 1
ST_DELIB 120 22 1 2 3 10 3 0 0
ST_DELIB 121 22 1 2 3 10 3 0 0
ST_DELIB 122 24 3 1 1 80 4 3 1
ST_DELIB 122 19 1 2 3 75 3 0 0
ST_DELIB 123 19 1 2 3 10 3 0 0
ST_DELIB 124 26 3 1 1 80 4 3 1
ST_DELIB 124 19 1 2 3 10 3 0 0
ST_TS 125 32 242 24 207 6 89 0 23 37 0 0 0 36 6 300 6
ST_DELIB 125 19 1 2 3 10 3 0 0
ST_DELIB 126 19 1 2 3 75 3 0 0
ST_DELIB 127 29 3 1 1 80 4 4 1
ST_DELIB 128 30 3 1 1 80 4 4 1
ST_DELIB 129 31 3 1 1 80 4 4 1
ST_DELIB 130 19 1 2 3 10 3 0 0
ST_DELIB 131 19 1 2 3 10 3 0 0
ST_DELIB 132 4 3 1 1 80 4 3 1
ST_DELIB 132 31 1 2 3 75 3 0 0
ST_DELIB 133 6 3 1 1 80 4 3 1
ST_DELIB 133 31 1 2 3 10 3 0 0
ST_DELIB 134 8 3 1 1 80 4 3 1
ST_DELIB 134 31 1 2 3 10 3 0 0
ST_DELIB 135 31 1 2 3 10 3 0 0
ST_DELIB 136 31 1 2 3 75 3 0 0
ST_DELIB 137 14 3 1 1 80 4 4 1
ST_DELIB 138 15 3 1 1 80 4 4 1
ST_DELIB 139 31 1 2 3 10 3 0 0
ST_DELIB 140 15 1 2 3 75 3 0 0
ST_DELIB 141 15 1 2 3 10 3 0 0
ST_DELIB 142 25 3 1 1 80 4 3 1
ST_DELIB 142 15 1 2 3 75 3 0 0
ST_DELIB 143 15 1 2 3 10 3 0 0
ST_DELIB 144 15 1 2 3 10 3 0 0
ST_DELIB 145 15 1 2 3 10 3 0 0
ST_DELIB 146 14 1 2 3 75 3 0 0
ST_DELIB 147 24 3 1 1 80 4 4 1
ST_DELIB 148 14 1 2 3 10 3 0 0
ST_DELIB 149 26 3 1 1 80 4 4 1
ST_TS 150 32 304 52 261 13 107 0 22 45 0 0 0 45 13 650 13
ST_DELIB 150 24 1 2 3 75 3 0 0
ST_DELIB 151 24 1 2 3 10 3 0 0
ST_DELIB 152 19 1 2 3 75 3 0 0
ST_DELIB 153 19 1 2 3 10 3 0 0
ST_DELIB 154 19 1 2 3 10 3 0 0
ST_DELIB 155 19 1 2 3 10 3 0 0
ST_DELIB 156 19 1 2 3 75 3 0 0
ST_DELIB 157 9 3 1 1 80 4 2 1
ST_DELIB 157 4 3 1 1 80 4 4 1
ST_DELIB 158 10 3 1 1 80 4 2 1
ST_DELIB 158 6 3 1 1 80 4 4 1
ST_DELIB 159 11 3 1 1 80 4 2 1
ST_DELIB 159 8 3 1 1 80 4 4 1
ST_DELIB 160 19 1 2 3 10 3 0 0
ST_DELIB 161 19 1 2 3 10 3 0 0
ST_DELIB 162 19 1 2 3 75 3 0 0
ST_DELIB 163 19 1 2 3 10 3 0 0
ST_DELIB 164 19 1 2 3 10 3 0 0
ST_DELIB 165 19 1 2 3 10 3 0 0
ST_DELIB 166 19 1 2 3 75 3 0 0
ST_DELIB 167 25 3 1 1 80 4 4 1
ST_DELIB 168 20 3 1 1 80 4 2 1
ST_DELIB 168 19 1 2 3 10 3 0 0
ST_DELIB 169 21 3 1 1 80 4 2 1
ST_DELIB 169 19 1 2 3 75 3 0 0
ST_DELIB 170 25 1 2 3 75 3 0 0
ST_DELIB 171 25 1 2 3 10 3 0 0
ST_DELIB 172 25 1 2 3 75 3 0 0
ST_DELIB 173 25 1 2 3 10 3 0 0
ST_DELIB 174 25 1 2 3 10 3 0 0
ST_TS 175 32 361 68 324 17 128 0 24 52 0 0 0 51 17 850 17
ST_DELIB 175 25 1 2 3 10 3 0 0
ST_DELIB 176 19 1 2 3 75 3 0 0
ST_DELIB 177 29 3 1 1 80 4 2 1
ST_DELIB 177 19 1 2 3 10 3 0 0
ST_DELIB 178 30 3 1 1 80 4 2 1
ST_DELIB 178 19 1 2 3 75 3 0 0
ST_DELIB 179 19 1 2 3 75 3 0 0
ST_DELIB 180 19 1 2 3 75 3 0 0
ST_DELIB 181 19 1 2 3 10 3 0 0
ST_DELIB 182 9 3 1 1 80 4 3 1
ST_DELIB 182 19 1 2 3 75 3 0 0
ST_DELIB 183 10 3 1 1 80 4 3 1
ST_DELIB 183 19 1 2 3 10 3 0 0
ST_DELIB 184 11 3 1 1 80 4 3 1
ST_DELIB 184 19 1 2 3 10 3 0 0
ST_DELIB 185 19 1 2 3 10 3 0 0
ST_DELIB 186 19 1 2 3 75 3 0 0
ST_DELIB 187 19 1 2 3 10 3 0 0
ST_DELIB 188 19 1 2 3 75 3 0 0
ST_DELIB 189 31 3 1 1 80 4 2 1
ST_DELIB 189 19 1 2 3 75 3 0 0
ST_DELIB 190 19 1 2 3 75 3 0 0
ST_DELIB 191 19 1 2 3 10 3 0 0
ST_DELIB 192 19 1 2 3 75 3 0 0
ST_DELIB 193 20 3 1 1 80 4 3 1
ST_DELIB 193 19 1 2 3 10 3 0 0
ST_DELIB 194 21 3 1 1 80 4 3 1
ST_DELIB 194 19 1 2 3 10 3 0 0
ST_DELIB 195 19 1 2 3 10 3 0 0
ST_DELIB 196 19 1 2 3 75 3 0 0
ST_DELIB 197 19 1 2 3 10 3 0 0
ST_DELIB 198 14 3 1 1 80 4 2 1
ST_DELIB 198 19 1 2 3 75 3 0 0
ST_DELIB 199 26 3 1 1 80 4 2 1
ST_DELIB 199 19 1 2 3 75 3 0 0
ST_TS 200 32 404 68 399 17 153 0 28 60 0 0 0 60 17 850 17
ST_DELIB 200 19 1 2 3 75 3 0 0
ST_DELIB 201 19 1 2 3 10 3 0 0
ST_DELIB 202 29 3 1 1 80 4 3 1
ST_DELIB 202 19 1 2 3 75 3 0 0
ST_DELIB 203 30 3 1 1 80 4 3 1
ST_DELIB 203 19 1 2 3 10 3 0 0
ST_DELIB 204 19 1 2 3 10 3 0 0
ST_DELIB 205 19 1 2 3 10 3 0 0
ST_DELIB 206 19 1 2 3 75 3 0 0
ST_DELIB 207 4 3 1 1 80 4 2 1
ST_DELIB 207 9 3 1 1 80 4 4 1
ST_DELIB 208 6 3 1 1 80 4 2 1
ST_DELIB 208 10 3 1 1 80 4 4 1
ST_DELIB 209 8 3 1 1 80 4 2 1
ST_DELIB 209 11 3 1 1 80 4 4 1
ST_DELIB 210 19 1 2 3 10 3 0 0
ST_DELIB 211 19 1 2 3 10 3 0 0
ST_DELIB 212 19 1 2 3 75 3 0 0
ST_DELIB 213 19 1 2 3 10 3 0 0
ST_DELIB 214 31 3 1 1 80 4 3 1
ST_DELIB 214 19 1 2 3 10 3 0 0
ST_DELIB 215 19 1 2 3 10 3 0 0
ST_DELIB 216 19 1 2 3 75 3 0 0
ST_DELIB 217 19 1 2 3 10 3 0 0
ST_DELIB 218 20 3 1 1 80 4 4 1
ST_DELIB 219 21 3 1 1 80 4 4 1
ST_DELIB 220 21 1 2 3 75 3 0 0
ST_DELIB 221 21 1 2 3 10 3 0 0
ST_DELIB 222 20 1 2 3 75 3 0 0
ST_DELIB 223 14 3 1 1 80 4 3 1
ST_DELIB 223 20 1 2 3 10 3 0 0
ST_DELIB 224 26 3 1 1 80 4 3 1
ST_DELIB 224 20 1 2 3 10 3 0 0
ST_TS 225 32 457 88 459 22 173 0 24 67 0 0 0 66 22 1100 22
ST_DELIB 225 20 1 2 3 10 3 0 0
ST_DELIB 226 20 1 2 3 75 3 0 0
ST_DELIB 227 29 3 1 1 80 4 4 1
ST_DELIB 228 30 3 1 1 80 4 4 1
ST_DELIB 229 20 1 2 3 10 3 0 0
ST_DELIB 230 30 1 2 3 75 3 0 0
ST_DELIB 231 30 1 2 3 10 3 0 0
ST_DELIB 232 4 3 1 1 80 4 3 1
ST_DELIB 232 30 1 2 3 75 3 0 0
ST_DELIB 233 6 3 1 1 80 4 3 1
ST_DELIB 233 30 1 2 3 10 3 0 0
ST_DELIB 234 8 3 1 1 80 4 3 1
ST_DELIB 234 30 1 2 3 10 3 0 0
ST_DELIB 235 30 1 2 3 10 3 0 0
ST_DELIB 236 21 1 2 3 75 3 0 0
ST_DELIB 237 21 1 2 3 10 3 0 0
ST_DELIB 238 21 1 2 3 75 3 0 0
ST_DELIB 239 31 3 1 1 80 4 4 1
ST_DELIB 240 29 1 2 3 75 3 0 0
ST_DELIB 241 29 1 2 3 10 3 0 0
ST_DELIB 242 31 1 2 3 75 3 0 0
ST_DELIB 243 31 1 2 3 10 3 0 0
ST_DELIB 244 31 1 2 3 10 3 0 0
ST_DELIB 245 31 1 2 3 10 3 0 0
ST_DELIB 246 31 1 2 3 75 3 0 0
ST_DELIB 247 31 1 2 3 10 3 0 0
ST_DELIB 248 14 3 1 1 80 4 4 1
ST_DELIB 249 26 3 1 1 80 4 4 1
ST_TS 250 32 509 108 519 27 193 0 23 75 0 0 0 75 27 1350 27
ST_DELIB 250 26 1 2 3 75 3 0 0
ST_DELIB 251 26 1 2 3 10 3 0 0
ST_DELIB 252 14 1 2 3 75 3 0 0
ST_DELIB 253 14 1 2 3 10 3 0 0
ST_DELIB 254 14 1 2 3 10 3 0 0
ST_DELIB 255 14 1 2 3 10 3 0 0
ST_DELIB 256 14 1 2 3 75 3 0 0
ST_DELIB 257 9 3 1 1 80 4 2 1
ST_DELIB 257 4 3 1 1 80 4 4 1
ST_DELIB 258 10 3 1 1 80 4 2 1
ST_DELIB 258 6 3 1 1 80 4 4 1
ST_DELIB 259 11 3 1 1 80 4 2 1
ST_DELIB 259 8 3 1 1 80 4 4 1
ST_DELIB 260 14 1 2 3 10 3 0 0
ST_DELIB 261 14 1 2 3 10 3 0 0
ST_DELIB 262 14 1 2 3 75 3 0 0
ST_DELIB 263 14 1 2 3 10 3 0 0
ST_DELIB 264 14 1 2 3 10 3 0 0
ST_DELIB 265 14 1 2 3 10 3 0 0
ST_DELIB 266 26 1 2 3 75 3 0 0
ST_DELIB 267 19 3 1 1 80 4 2 1
ST_DELIB 267 26 1 2 3 10 3 0 0
ST_DELIB 268 26 1 2 3 75 3 0 0
ST_DELIB 269 14 1 2 3 75 3 0 0
ST_DELIB 270 14 1 2 3 75 3 0 0
ST_DELIB 271 14 1 2 3 10 3 0 0
ST_DELIB 272 14 1 2 3 75 3 0 0
ST_DELIB 273 14 1 2 3 10 3 0 0
ST_DELIB 274 14 1 2 3 10 3 0 0
ST_TS 275 32 558 120 585 30 215 0 25 82 0 0 0 81 30 1500 30
ST_DELIB 275 14 1 2 3 10 3 0 0
ST_DELIB 276 14 1 2 3 75 3 0 0
ST_DELIB 277 14 1 2 3 10 3 0 0
ST_DELIB 278 14 1 2 3 75 3 0 0
ST_DELIB 279 20 3 1 1 80 4 2 1
ST_DELIB 279 14 1 2 3 75 3 0 0
ST_DELIB 280 14 1 2 3 75 3 0 0
ST_DELIB 281 14 1 2 3 10 3 0 0
ST_DELIB 282 9 3 1 1 80 4 3 1
ST_DELIB 282 14 1 2 3 75 3 0 0
ST_DELIB 283 10 3 1 1 80 4 3 1
ST_DELIB 283 14 1 2 3 10 3 0 0
ST_DELIB 284 11 3 1 1 80 4 3 1
ST_DELIB 284 14 1 2 3 10 3 0 0
ST_DELIB 285 14 1 2 3 10 3 0 0
ST_DELIB 286 14 1 2 3 75 3 0 0
ST_DELIB 287 14 1 2 3 10 3 0 0
ST_DELIB 288 21 3 1 1 80 4 2 1
ST_DELIB 288 14 1 2 3 75 3 0 0
ST_DELIB 289 14 1 2 3 75 3 0 0
ST_DELIB 290 14 1 2 3 75 3 0 0
ST_DELIB 291 14 1 2 3 10 3 0 0
ST_DELIB 292 19 3 1 1 80 4 3 1
ST_DELIB 292 14 1 2 3 75 3 0 0
ST_DELIB 293 14 1 2 3 10 3 0 0
ST_DELIB 294 14 1 2 3 10 3 0 0
ST_DELIB 295 14 1 2 3 10 3 0 0
ST_DELIB 296 14 1 2 3 75 3 0 0
ST_DELIB 297 31 3 1 1 80 4 2 1
ST_DELIB 297 14 1 2 3 10 3 0 0
ST_DELIB 298 14 1 2 3 75 3 0 0
ST_DELIB 299 14 1 2 3 75 3 0 0
ST_TS 300 32 600 120 660 30 240 0 29 90 0 0 0 90 30 1500 30
ST_DELIB 300 14 1 2 3 75 3 0 0
ST_DELIB 301 14 1 2 3 10 3 0 0
ST_DELIB 302 14 1 2 3 75 3 0 0
ST_DELIB 303 14 1 2 3 10 3 0 0
ST_DELIB 304 20 3 1 1 80 4 3 1
ST_DELIB 304 14 1 2 3 10 3 0 0
ST_DELIB 305 14 1 2 3 10 3 0 0
ST_DELIB 306 14 1 2 3 75 3 0 0
ST_DELIB 307 4 3 1 1 80 4 2 1
ST_DELIB 307 9 3 1 1 80 4 4 1
ST_DELIB 308 6 3 1 1 80 4 2 1
ST_DELIB 308 10 3 1 1 80 4 4 1
ST_DELIB 309 8 3 1 1 80 4 2 1
ST_DELIB 309 11 3 1 1 80 4 4 1
ST_DELIB 310 14 1 2 3 10 3 0 0
ST_DELIB 311 14 1 2 3 10 3 0 0
ST_DELIB 312 14 1 2 3 75 3 0 0
ST_DELIB 313 21 3 1 1 80 4 3 1
ST_DELIB 313 14 1 2 3 10 3 0 0
ST_DELIB 314 14 1 2 3 10 3 0 0
ST_DELIB 315 14 1 2 3 10 3 0 0
ST_DELIB 316 14 1 2 3 75 3 0 0
ST_DELIB 317 19 3 1 1 80 4 4 1
ST_DELIB 318 26 3 1 1 80 4 2 1
ST_DELIB 318 14 1 2 3 10 3 0 0
ST_DELIB 319 14 1 2 3 75 3 0 0
ST_DELIB 320 19 1 2 3 75 3 0 0
ST_DELIB 321 19 1 2 3 10 3 0 0
ST_DELIB 322 31 3 1 1 80 4 3 1
ST_DELIB 322 19 1 2 3 75 3 0 0
ST_DELIB 323 19 1 2 3 10 3 0 0
ST_DELIB 324 19 1 2 3 10 3 0 0
ST_TS 325 32 647 136 723 34 261 0 25 97 0 0 0 96 34 1700 34
ST_DELIB 325 19 1 2 3 10 3 0 0
ST_DELIB 326 14 1 2 3 75 3 0 0
ST_DELIB 327 14 1 2 3 10 3 0 0
ST_DELIB 328 14 1 2 3 75 3 0 0
ST_DELIB 329 20 3 1 1 80 4 4 1
ST_DELIB 330 20 1 2 3 75 3 0 0
ST_DELIB 331 20 1 2 3 10 3 0 0
ST_DELIB 332 4 3 1 1 80 4 3 1
ST_DELIB 332 14 1 2 3 75 3 0 0
ST_DELIB 333 6 3 1 1 80 4 3 1
ST_DELIB 333 14 1 2 3 10 3 0 0
ST_DELIB 334 8 3 1 1 80 4 3 1
ST_DELIB 334 14 1 2 3 10 3 0 0
ST_DELIB 335 14 1 2 3 10 3 0 0
ST_DELIB 336 14 1 2 3 75 3 0 0
ST_DELIB 337 14 1 2 3 10 3 0 0
ST_DELIB 338 21 3 1 1 80 4 4 1
ST_DELIB 339 21 1 2 3 75 3 0 0
ST_DELIB 340 21 1 2 3 75 3 0 0
ST_DELIB 341 21 1 2 3 10 3 0 0
ST_DELIB 342 21 1 2 3 75 3 0 0
ST_DELIB 343 26 3 1 1 80 4 3 1
ST_DELIB 343 21 1 2 3 10 3 0 0
ST_DELIB 344 21 1 2 3 10 3 0 0
ST_DELIB 345 21 1 2 3 10 3 0 0
ST_DELIB 346 21 1 2 3 75 3 0 0
ST_DELIB 347 31 3 1 1 80 4 4 1
ST_DELIB 348 21 1 2 3 10 3 0 0
ST_DELIB 349 21 1 2 3 75 3 0 0
ST_TS 350 32 691 148 789 37 283 0 25 105 0 0 0 105 37 1850 37
ST_DELIB 350 31 1 2 3 75 3 0 0
ST_DELIB 351 31 1 2 3 10 3 0 0
ST_DELIB 352 31 1 2 3 75 3 0 0
ST_DELIB 353 31 1 2 3 10 3 0 0
ST_DELIB 354 31 1 2 3 10 3 0 0
ST_DELIB 355 31 1 2 3 10 3 0 0
ST_DELIB 356 14 1 2 3 75 3 0 0
ST_DELIB 357 9 3 1 1 80 4 2 1
ST_DELIB 357 4 3 1 1 80 4 4 1
ST_DELIB 358 10 3 1 1 80 4 2 1
ST_DELIB 358 6 3 1 1 80 4 4 1
ST_DELIB 359 11 3 1 1 80 4 2 1
ST_DELIB 359 8 3 1 1 80 4 4 1
ST_DELIB 360 14 1 2 3 10 3 0 0
ST_DELIB 361 14 1 2 3 10 3 0 0
ST_DELIB 362 14 1 2 3 75 3 0 0
ST_DELIB 363 14 1 2 3 10 3 0 0
ST_DELIB 364 14 1 2 3 10 3 0 0
ST_DELIB 365 14 1 2 3 10 3 0 0
ST_DELIB 366 14 1 2 3 75 3 0 0
ST_DELIB 367 14 1 2 3 10 3 0 0
ST_DELIB 368 26 3 1 1 80 4 4 1
ST_DELIB 369 26 1 2 3 75 3 0 0
ST_DELIB 370 26 1 2 3 75 3 0 0
ST_DELIB 371 26 1 2 3 10 3 0 0
ST_DELIB 372 26 1 2 3 75 3 0 0
ST_DELIB 373 26 1 2 3 10 3 0 0
ST_DELIB 374 26 1 2 3 10 3 0 0
ST_TS 375 32 738 164 852 41 304 0 24 112 0 0 0 111 41 2050 41
ST_DELIB 375 26 1 2 3 10 3 0 0
ST_DELIB 376 26 1 2 3 75 3 0 0
ST_DELIB 377 26 1 2 3 10 3 0 0
ST_DELIB 378 26 1 2 3 75 3 0 0
ST_DELIB 379 26 1 2 3 75 3 0 0
ST_DELIB 380 14 1 2 3 75 3 0 0
ST_DELIB 381 14 1 2 3 10 3 0 0
ST_DELIB 382 9 3 1 1 80 4 3 1
ST_DELIB 382 14 1 2 3 75 3 0 0
ST_DELIB 383 10 3 1 1 80 4 3 1
ST_DELIB 383 14 1 2 3 10 3 0 0
ST_DELIB 384 11 3 1 1 80 4 3 1
ST_DELIB 384 14 1 2 3 10 3 0 0
ST_DELIB 385 14 1 2 3 10 3 0 0
ST_DELIB 386 14 1 2 3 75 3 0 0
ST_DELIB 387 14 1 2 3 10 3 0 0
ST_DELIB 388 14 1 2 3 75 3 0 0
ST_DELIB 389 14 1 2 3 75 3 0 0
ST_DELIB 390 14 1 2 3 75 3 0 0
ST_DELIB 391 14 1 2 3 10 3 0 0
ST_DELIB 392 14 1 2 3 75 3 0 0
ST_DELIB 393 14 1 2 3 10 3 0 0
ST_DELIB 394 14 1 2 3 10 3 0 0
ST_DELIB 395 14 1 2 3 10 3 0 0
ST_DELIB 396 14 1 2 3 75 3 0 0
ST_DELIB 397 14 1 2 3 10 3 0 0
ST_DELIB 398 14 1 2 3 75 3 0 0
ST_DELIB 399 21 3 1 1 80 4 2 1
ST_DELIB 399 14 1 2 3 75 3 0 0
ST_TS 400 32 776 164 927 41 329 0 28 120 0 0 0 120 41 2050 41
ST_DELIB 400 14 1 2 3 75 3 0 0
ST_DELIB 401 14 1 2 3 10 3 0 0
ST_DELIB 402 14 1 2 3 75 3 0 0
ST_DELIB 403 14 1 2 3 10 3 0 0
ST_DELIB 404 14 1 2 3 10 3 0 0
ST_DELIB 405 14 1 2 3 10 3 0 0
ST_DELIB 406 14 1 2 3 75 3 0 0
ST_DELIB 407 4 3 1 1 80 4 2 1
ST_DELIB 407 9 3 1 1 80 4 4 1
ST_DELIB 408 6 3 1 1 80 4 2 1
ST_DELIB 408 10 3 1 1 80 4 4 1
ST_DELIB 409 8 3 1 1 80 4 2 1
ST_DELIB 409 11 3 1 1 80 4 4 1
ST_DELIB 410 14 1 2 3 10 3 0 0
ST_DELIB 411 14 1 2 3 10 3 0 0
ST_DELIB 412 14 1 2 3 75 3 0 0
ST_DELIB 413 14 1 2 3 10 3 0 0
ST_DELIB 414 14 1 2 3 10 3 0 0
ST_DELIB 415 14 1 2 3 10 3 0 0
ST_DELIB 416 14 1 2 3 75 3 0 0
ST_DELIB 417 14 1 2 3 10 3 0 0
ST_DELIB 418 14 1 2 3 75 3 0 0
ST_DELIB 419 14 1 2 3 75 3 0 0
ST_DELIB 420 14 1 2 3 75 3 0 0
ST_DELIB 421 14 1 2 3 10 3 0 0
ST_DELIB 422 14 1 2 3 75 3 0 0
ST_DELIB 423 14 1 2 3 10 3 0 0
ST_DELIB 424 21 3 1 1 80 4 3 1
ST_DELIB 424 14 1 2 3 10 3 0 0
ST_TS 425 32 820 176 993 44 351 0 26 127 0 0 0 126 44 2200 44
ST_DELIB 425 14 1 2 3 10 3 0 0
ST_DELIB 426 14 1 2 3 75 3 0 0
ST_DELIB 427 14 1 2 3 10 3 0 0
ST_DELIB 428 14 1 2 3 75 3 0 0
ST_DELIB 429 26 3 1 1 80 4 2 1
ST_DELIB 429 14 1 2 3 75 3 0 0
ST_DELIB 430 14 1 2 3 75 3 0 0
ST_DELIB 431 14 1 2 3 10 3 0 0
ST_DELIB 432 4 3 1 1 80 4 3 1
ST_DELIB 432 14 1 2 3 75 3 0 0
ST_DELIB 433 6 3 1 1 80 4 3 1
ST_DELIB 433 14 1 2 3 10 3 0 0
ST_DELIB 434 8 3 1 1 80 4 3 1
ST_DELIB 434 14 1 2 3 10 3 0 0
ST_DELIB 435 14 1 2 3 10 3 0 0
ST_DELIB 436 14 1 2 3 75 3 0 0
ST_DELIB 437 14 1 2 3 10 3 0 0
ST_DELIB 438 14 1 2 3 75 3 0 0
ST_DELIB 439 14 1 2 3 75 3 0 0
ST_DELIB 440 14 1 2 3 75 3 0 0
ST_DELIB 441 14 1 2 3 10 3 0 0
ST_DELIB 442 14 1 2 3 75 3 0 0
ST_DELIB 443 14 1 2 3 10 3 0 0
ST_DELIB 444 14 1 2 3 10 3 0 0
ST_DELIB 445 14 1 2 3 10 3 0 0
ST_DELIB 446 14 1 2 3 75 3 0 0
ST_DELIB 447 14 1 2 3 10 3 0 0
ST_DELIB 448 14 1 2 3 75 3 0 0
ST_DELIB 449 21 3 1 1 80 4 4 1
ST_TS 450 32 858 180 1065 45 375 0 28 135 0 0 0 135 45 2250 45
ST_DELIB 450 21 1 2 3 75 3 0 0
ST_DELIB 451 21 1 2 3 10 3 0 0
ST_DELIB 452 14 1 2 3 75 3 0 0
ST_DELIB 453 14 1 2 3 10 3 0 0
ST_DELIB 454 26 3 1 1 80 4 3 1
ST_DELIB 454 14 1 2 3 10 3 0 0
ST_DELIB 455 14 1 2 3 10 3 0 0
ST_DELIB 456 14 1 2 3 75 3 0 0
ST_DELIB 457 9 3 1 1 80 4 2 1
ST_DELIB 457 4 3 1 1 80 4 4 1
ST_DELIB 458 10 3 1 1 80 4 2 1
ST_DELIB 458 6 3 1 1 80 4 4 1
ST_DELIB 459 11 3 1 1 80 4 2 1
ST_DELIB 459 8 3 1 1 80 4 4 1
ST_DELIB 460 14 1 2 3 10 3 0 0
ST_DELIB 461 14 1 2 3 10 3 0 0
ST_DELIB 462 14 1 2 3 75 3 0 0
ST_DELIB 463 14 1 2 3 10 3 0 0
ST_DELIB 464 14 1 2 3 10 3 0 0
ST_DELIB 465 14 1 2 3 10 3 0 0
ST_DELIB 466 14 1 2 3 75 3 0 0
ST_DELIB 467 14 1 2 3 10 3 0 0
ST_DELIB 468 14 1 2 3 75 3 0 0
ST_DELIB 469 14 1 2 3 75 3 0 0
ST_DELIB 470 14 1 2 3 75 3 0 0
ST_DELIB 471 14 1 2 3 10 3 0 0
ST_DELIB 472 14 1 2 3 75 3 0 0
ST_DELIB 473 14 1 2 3 10 3 0 0
ST_DELIB 474 14 1 2 3 10 3 0 0
ST_TS 475 32 899 192 1131 48 397 0 25 142 0 0 0 141 48 2400 48
ST_DELIB 475 14 1 2 3 10 3 0 0
ST_DELIB 476 14 1 2 3 75 3 0 0
ST_DELIB 477 14 1 2 3 10 3 0 0
ST_DELIB 478 14 1 2 3 75 3 0 0
ST_DELIB 479 26 3 1 1 80 4 4 1
ST_DELIB 480 26 1 2 3 75 3 0 0
ST_DELIB 481 26 1 2 3 10 3 0 0
ST_DELIB 482 9 3 1 1 80 4 3 1
ST_DELIB 482 14 1 2 3 75 3 0 0
ST_DELIB 483 10 3 1 1 80 4 3 1
ST_DELIB 483 14 1 2 3 10 3 0 0
ST_DELIB 484 11 3 1 1 80 4 3 1
ST_DELIB 484 14 1 2 3 10 3 0 0
ST_DELIB 485 14 1 2 3 10 3 0 0
ST_DELIB 486 14 1 2 3 75 3 0 0
ST_DELIB 487 14 1 2 3 10 3 0 0
ST_DELIB 488 14 1 2 3 75 3 0 0
ST_DELIB 489 14 1 2 3 75 3 0 0
ST_DELIB 490 14 1 2 3 75 3 0 0
ST_DELIB 491 14 1 2 3 10 3 0 0
ST_DELIB 492 14 1 2 3 75 3 0 0
ST_DELIB 493 14 1 2 3 10 3 0 0
ST_DELIB 494 14 1 2 3 10 3 0 0
ST_DELIB 495 14 1 2 3 10 3 0 0
ST_DELIB 496 14 1 2 3 75 3 0 0
ST_DELIB 497 14 1 2 3 10 3 0 0
ST_DELIB 498 14 1 2 3 75 3 0 0
ST_DELIB 499 14 1 2 3 75 3 0 0
ST_TS 500 32 937 196 1203 49 421 0 28 150 0 0 0 150 49 2450 49
ST_CELL 10 1 4 0
ST_AUDIT_N 937
ST_DROPS 0
ST_ABANDONS 0
ST_ABANDON_Q 0 0 0 0
ST_METRIC 2 49 49
ST_METRIC 7 75 1
ST_METRIC 6 0 22
ST_A_SUMMARY 49 421 0 196 1203
ST_LEDGER 937 78708
CL_CHECK,ck_replay,0,0
CL_CHECK,ck_refusals_clean,0,0
CL_CHECK,ck_core_live,1,1
CL_CHECK,ck_strength_lineage,1,1
CL_CHECK,ck_strength_lineage,1,1
CL_CHECK,ck_strength_lineage,1,1
CL_CHECK,ck_strength_lineage,1,1
CL_CHECK,ck_strength_lineage,1,1
CL_CHECK,ck_strength_lineage,1,1
CL_CHECK,ck_strength_lineage,1,1
CL_CHECK,ck_strength_lineage,1,1
CL_CHECK,ck_strength_lineage,1,1
CL_CHECK,ck_strength_lineage,1,1
CL_CHECK,ck_strength_lineage,1,1
CL_CHECK,ck_strength_lineage,1,1
CL_CHECK,ck_strength_lineage,1,1
CL_CHECK,ck_strength_lineage,1,1
CL_CHECK,ck_strength_lineage,1,1
CL_CHECK,ck_strength_lineage,1,1
CL_CHECK,ck_strength_lineage,1,1
CL_CHECK,ck_strength_lineage,1,1
CL_CHECK,ck_strength_lineage,1,1
CL_CHECK,ck_strength_lineage,1,1
CL_CHECK,ck_strength_lineage,1,1
CL_CHECK,ck_strength_lineage,1,1
CL_CHECK,ck_strength_lineage,1,1
CL_CHECK,ck_strength_lineage,1,1
CL_CHECK,ck_strength_lineage,1,1
CL_CHECK,ck_strength_lineage,1,1
CL_CHECK,ck_strength_lineage,1,1
CL_CHECK,ck_strength_lineage,1,1
CL_CHECK,ck_strength_lineage,1,1
CL_CHECK,ck_strength_lineage,1,1
CL_CHECK,ck_strength_lineage,1,1
CL_CHECK,ck_strength_lineage,1,1
CL_CHECK,ck_strength_lineage,1,1
CL_CHECK,ck_strength_lineage,1,1
CL_CHECK,ck_strength_lineage,1,1
CL_CHECK,ck_strength_lineage,1,1
CL_CHECK,ck_strength_lineage,1,1
CL_CHECK,ck_strength_lineage,1,1
CL_CHECK,ck_strength_lineage,1,1
CL_CHECK,ck_strength_lineage,1,1
CL_CHECK,ck_strength_lineage,1,1
CL_CHECK,ck_strength_lineage,1,1
CL_CHECK,ck_strength_lineage,1,1
CL_CHECK,ck_strength_lineage,1,1
CL_CHECK,ck_strength_lineage,1,1
CL_CHECK,ck_strength_lineage,1,1
CL_CHECK,ck_strength_lineage,1,1
CL_CHECK,ck_strength_lineage,1,1
CL_CHECK,ck_strength_lineage,1,1
CL_CHECK,ck_strength_lineage,1,1
CL_CHECK,ck_strength_lineage,1,1
CL_CHECK,ck_strength_lineage,1,1
CL_CHECK,ck_strength_lineage,1,1
CL_CHECK,ck_strength_lineage,1,1
CL_CHECK,ck_strength_lineage,1,1
CL_CHECK,ck_strength_lineage,1,1
CL_CHECK,ck_strength_lineage,1,1
CL_CHECK,ck_strength_lineage,1,1
CL_CHECK,ck_strength_lineage,1,1
CL_CHECK,ck_strength_lineage,1,1
CL_CHECK,ck_strength_lineage,1,1
CL_CHECK,ck_strength_lineage,1,1
CL_CHECK,ck_strength_lineage,1,1
CL_CHECK,ck_strength_lineage,1,1
CL_CHECK,ck_strength_lineage,1,1
CL_CHECK,ck_strength_lineage,1,1
CL_CHECK,ck_strength_lineage,1,1
CL_CHECK,ck_strength_lineage,1,1
CL_CHECK,ck_strength_lineage,1,1
CL_CHECK,ck_strength_lineage,1,1
CL_CHECK,ck_strength_lineage,1,1
CL_CHECK,ck_strength_lineage,1,1
CL_CHECK,ck_strength_lineage,1,1
CL_CHECK,ck_strength_lineage,1,1
CL_CHECK,ck_strength_lineage,1,1
CL_CHECK,ck_strength_lineage,1,1
CL_CHECK,ck_strength_lineage,1,1
CL_CHECK,ck_strength_lineage,1,1
CL_CHECK,ck_strength_lineage,1,1
CL_CHECK,ck_strength_lineage,1,1
CL_CHECK,ck_strength_lineage,1,1
CL_CHECK,ck_strength_lineage,1,1
CL_CHECK,ck_strength_lineage,1,1
CL_CHECK,ck_strength_lineage,1,1
CL_CHECK,ck_strength_lineage,1,1
CL_CHECK,ck_strength_lineage,1,1
CL_CHECK,ck_strength_lineage,1,1
CL_CHECK,ck_strength_lineage,1,1
CL_CHECK,ck_strength_lineage,1,1
CL_CHECK,ck_strength_lineage,1,1
CL_CHECK,ck_strength_lineage,1,1
CL_CHECK,ck_strength_lineage,1,1
CL_CHECK,ck_strength_lineage,1,1
CL_CHECK,ck_strength_lineage,1,1
CL_CHECK,ck_strength_lineage,1,1
CL_CHECK,ck_strength_lineage,1,1
CL_CHECK,ck_strength_lineage,1,1
CL_CHECK,ck_strength_lineage,1,1
CL_CHECK,ck_strength_lineage,1,1
CL_CHECK,ck_strength_lineage,1,1
CL_CHECK,ck_strength_lineage,1,1
CL_CHECK,ck_strength_lineage,1,1
CL_CHECK,ck_strength_lineage,1,1
CL_CHECK,ck_strength_lineage,1,1
CL_CHECK,ck_strength_lineage,1,1
CL_CHECK,ck_strength_lineage,1,1
CL_CHECK,ck_strength_lineage,1,1
CL_CHECK,ck_strength_lineage,1,1
CL_CHECK,ck_strength_lineage,1,1
CL_CHECK,ck_strength_lineage,1,1
CL_CHECK,ck_strength_lineage,1,1
CL_CHECK,ck_strength_lineage,1,1
CL_CHECK,ck_strength_lineage,1,1
CL_CHECK,ck_strength_lineage,1,1
CL_CHECK,ck_strength_lineage,1,1
CL_CHECK,ck_strength_lineage,1,1
CL_CHECK,ck_strength_lineage,1,1
CL_CHECK,ck_strength_lineage,1,1
CL_CHECK,ck_strength_lineage,1,1
CL_CHECK,ck_strength_lineage,1,1
CL_CHECK,ck_strength_lineage,1,1
CL_CHECK,ck_strength_lineage,1,1
CL_CHECK,ck_strength_lineage,1,1
CL_CHECK,ck_strength_lineage,1,1
CL_CHECK,ck_strength_lineage,1,1
CL_CHECK,ck_strength_lineage,1,1
CL_CHECK,ck_strength_lineage,1,1
CL_CHECK,ck_strength_lineage,1,1
CL_CHECK,ck_strength_lineage,1,1
CL_CHECK,ck_strength_lineage,1,1
CL_CHECK,ck_strength_lineage,1,1
CL_CHECK,ck_strength_lineage,1,1
CL_CHECK,ck_strength_lineage,1,1
CL_CHECK,ck_strength_lineage,1,1
CL_CHECK,ck_strength_lineage,1,1
CL_CHECK,ck_strength_lineage,1,1
CL_CHECK,ck_strength_lineage,1,1
CL_CHECK,ck_strength_lineage,1,1
CL_CHECK,ck_strength_lineage,1,1
CL_CHECK,ck_strength_lineage,1,1
CL_CHECK,ck_strength_lineage,1,1
CL_CHECK,ck_strength_lineage,1,1
CL_CHECK,ck_strength_lineage,1,1
CL_CHECK,ck_strength_lineage,1,1
CL_CHECK,ck_strength_lineage,1,1
CL_CHECK,ck_strength_lineage,1,1
CL_CHECK,ck_strength_lineage,1,1
CL_CHECK,ck_strength_lineage,1,1
CL_CHECK,ck_strength_lineage,1,1
CL_CHECK,ck_strength_lineage,1,1
CL_CHECK,ck_strength_lineage,1,1
CL_CHECK,ck_strength_lineage,1,1
CL_CHECK,ck_strength_lineage,1,1
CL_CHECK,ck_strength_lineage,1,1
CL_CHECK,ck_strength_lineage,1,1
CL_CHECK,ck_strength_lineage,1,1
CL_CHECK,ck_strength_lineage,1,1
CL_CHECK,ck_strength_lineage,1,1
CL_CHECK,ck_strength_lineage,1,1
CL_CHECK,ck_strength_lineage,1,1
CL_CHECK,ck_strength_lineage,1,1
CL_CHECK,ck_strength_lineage,1,1
CL_CHECK,ck_strength_lineage,1,1
CL_CHECK,ck_strength_lineage,1,1
CL_CHECK,ck_strength_lineage,1,1
CL_CHECK,ck_strength_lineage,1,1
CL_CHECK,ck_strength_lineage,1,1
CL_CHECK,ck_strength_lineage,1,1
CL_CHECK,ck_strength_lineage,1,1
CL_CHECK,ck_strength_lineage,1,1
CL_CHECK,ck_strength_lineage,1,1
CL_CHECK,ck_strength_lineage,1,1
CL_CHECK,ck_strength_lineage,1,1
CL_CHECK,ck_strength_lineage,1,1
CL_CHECK,ck_strength_lineage,1,1
CL_CHECK,ck_strength_lineage,1,1
CL_CHECK,ck_strength_lineage,1,1
CL_CHECK,ck_strength_lineage,1,1
CL_CHECK,ck_strength_lineage,1,1
CL_CHECK,ck_strength_lineage,1,1
CL_CHECK,ck_strength_lineage,1,1
CL_CHECK,ck_strength_lineage,1,1
CL_CHECK,ck_strength_lineage,1,1
CL_CHECK,ck_strength_lineage,1,1
CL_CHECK,ck_strength_lineage,1,1
CL_CHECK,ck_strength_lineage,1,1
CL_CHECK,ck_strength_lineage,1,1
CL_CHECK,ck_strength_lineage,1,1
CL_CHECK,ck_strength_lineage,1,1
CL_CHECK,ck_strength_lineage,1,1
CL_CHECK,ck_strength_lineage,1,1
CL_CHECK,ck_strength_lineage,1,1
CL_CHECK,ck_strength_lineage,1,1
CL_CHECK,ck_strength_lineage,1,1
CL_CHECK,ck_strength_lineage,1,1
CL_CHECK,ck_strength_lineage,1,1
CL_CHECK,ck_strength_lineage,1,1
CL_CHECK,ck_strength_lineage,1,1
CL_CHECK,ck_strength_lineage,1,1
CL_CHECK,ck_strength_lineage,1,1
CL_CHECK,ck_strength_lineage,1,1
CL_CHECK,ck_strength_lineage,1,1
CL_CHECK,ck_strength_lineage,1,1
CL_CHECK,ck_strength_lineage,1,1
CL_CHECK,ck_strength_lineage,1,1
CL_CHECK,ck_strength_lineage,1,1
CL_CHECK,ck_strength_lineage,1,1
CL_CHECK,ck_strength_lineage,1,1
CL_CHECK,ck_strength_lineage,1,1
CL_CHECK,ck_strength_lineage,1,1
CL_CHECK,ck_strength_lineage,1,1
CL_CHECK,ck_strength_lineage,1,1
CL_CHECK,ck_strength_lineage,1,1
CL_CHECK,ck_strength_lineage,1,1
CL_CHECK,ck_strength_lineage,1,1
CL_CHECK,ck_strength_lineage,1,1
CL_CHECK,ck_strength_lineage,1,1
CL_CHECK,ck_strength_lineage,1,1
CL_CHECK,ck_strength_lineage,1,1
CL_CHECK,ck_strength_lineage,1,1
CL_CHECK,ck_strength_lineage,1,1
CL_CHECK,ck_strength_lineage,1,1
CL_CHECK,ck_strength_lineage,1,1
CL_CHECK,ck_strength_lineage,1,1
CL_CHECK,ck_strength_lineage,1,1
CL_CHECK,ck_strength_lineage,1,1
CL_CHECK,ck_strength_lineage,1,1
CL_CHECK,ck_strength_lineage,1,1
CL_CHECK,ck_strength_lineage,1,1
CL_CHECK,ck_strength_lineage,1,1
CL_CHECK,ck_strength_lineage,1,1
CL_CHECK,ck_strength_lineage,1,1
CL_CHECK,ck_strength_lineage,1,1
CL_CHECK,ck_strength_lineage,1,1
CL_CHECK,ck_strength_lineage,1,1
CL_CHECK,ck_strength_lineage,1,1
CL_CHECK,ck_strength_lineage,1,1
CL_CHECK,ck_strength_lineage,1,1
CL_CHECK,ck_strength_lineage,1,1
CL_CHECK,ck_strength_lineage,1,1
CL_CHECK,ck_strength_lineage,1,1
CL_CHECK,ck_strength_lineage,1,1
CL_CHECK,ck_strength_lineage,1,1
CL_CHECK,ck_strength_lineage,1,1
CL_CHECK,ck_strength_lineage,1,1
CL_CHECK,ck_strength_lineage,1,1
CL_CHECK,ck_strength_lineage,1,1
CL_CHECK,ck_strength_lineage,1,1
CL_CHECK,ck_strength_lineage,1,1
CL_CHECK,ck_strength_lineage,1,1
CL_CHECK,ck_strength_lineage,1,1
CL_CHECK,ck_strength_lineage,1,1
CL_CHECK,ck_strength_lineage,1,1
CL_CHECK,ck_strength_lineage,1,1
CL_CHECK,ck_strength_lineage,1,1
CL_CHECK,ck_strength_lineage,1,1
CL_CHECK,ck_strength_lineage,1,1
CL_CHECK,ck_strength_lineage,1,1
CL_CHECK,ck_strength_lineage,1,1
CL_CHECK,ck_strength_lineage,1,1
CL_CHECK,ck_strength_lineage,1,1
CL_CHECK,ck_strength_lineage,1,1
CL_CHECK,ck_strength_lineage,1,1
CL_CHECK,ck_strength_lineage,1,1
CL_CHECK,ck_strength_lineage,1,1
CL_CHECK,ck_strength_lineage,1,1
CL_CHECK,ck_strength_lineage,1,1
CL_CHECK,ck_strength_lineage,1,1
CL_CHECK,ck_strength_lineage,1,1
CL_CHECK,ck_strength_lineage,1,1
CL_CHECK,ck_strength_lineage,1,1
CL_CHECK,ck_strength_lineage,1,1
CL_CHECK,ck_strength_lineage,1,1
CL_CHECK,ck_strength_lineage,1,1
CL_CHECK,ck_strength_lineage,1,1
CL_CHECK,ck_strength_lineage,1,1
CL_CHECK,ck_strength_lineage,1,1
CL_CHECK,ck_strength_lineage,1,1
CL_CHECK,ck_strength_lineage,1,1
CL_CHECK,ck_strength_lineage,1,1
CL_CHECK,ck_strength_lineage,1,1
CL_CHECK,ck_strength_lineage,1,1
CL_CHECK,ck_strength_lineage,1,1
CL_CHECK,ck_strength_lineage,1,1
CL_CHECK,ck_strength_lineage,1,1
CL_CHECK,ck_strength_lineage,1,1
CL_CHECK,ck_strength_lineage,1,1
CL_CHECK,ck_strength_lineage,1,1
CL_CHECK,ck_strength_lineage,1,1
CL_CHECK,ck_strength_lineage,1,1
CL_CHECK,ck_strength_lineage,1,1
CL_CHECK,ck_strength_lineage,1,1
CL_CHECK,ck_strength_lineage,1,1
CL_CHECK,ck_strength_lineage,1,1
CL_CHECK,ck_strength_lineage,1,1
CL_CHECK,ck_strength_lineage,1,1
CL_CHECK,ck_strength_lineage,1,1
CL_CHECK,ck_strength_lineage,1,1
CL_CHECK,ck_strength_lineage,1,1
CL_CHECK,ck_strength_lineage,1,1
CL_CHECK,ck_strength_lineage,1,1
CL_CHECK,ck_strength_lineage,1,1
CL_CHECK,ck_strength_lineage,1,1
CL_CHECK,ck_strength_lineage,1,1
CL_CHECK,ck_strength_lineage,1,1
CL_CHECK,ck_strength_lineage,1,1
CL_CHECK,ck_strength_lineage,1,1
CL_CHECK,ck_strength_lineage,1,1
CL_CHECK,ck_strength_lineage,1,1
CL_CHECK,ck_strength_lineage,1,1
CL_CHECK,ck_strength_lineage,1,1
CL_CHECK,ck_strength_lineage,1,1
CL_CHECK,ck_strength_lineage,1,1
CL_CHECK,ck_strength_lineage,1,1
CL_CHECK,ck_strength_lineage,1,1
CL_CHECK,ck_strength_lineage,1,1
CL_CHECK,ck_strength_lineage,1,1
CL_CHECK,ck_strength_lineage,1,1
CL_CHECK,ck_strength_lineage,1,1
CL_CHECK,ck_strength_lineage,1,1
CL_CHECK,ck_strength_lineage,1,1
CL_CHECK,ck_strength_lineage,1,1
CL_CHECK,ck_strength_lineage,1,1
CL_CHECK,ck_strength_lineage,1,1
CL_CHECK,ck_strength_lineage,1,1
CL_CHECK,ck_strength_lineage,1,1
CL_CHECK,ck_strength_lineage,1,1
CL_CHECK,ck_strength_lineage,1,1
CL_CHECK,ck_strength_lineage,1,1
CL_CHECK,ck_strength_lineage,1,1
CL_CHECK,ck_strength_lineage,1,1
CL_CHECK,ck_strength_lineage,1,1
CL_CHECK,ck_strength_lineage,1,1
CL_CHECK,ck_strength_lineage,1,1
CL_CHECK,ck_strength_lineage,1,1
CL_CHECK,ck_strength_lineage,1,1
CL_CHECK,ck_strength_lineage,1,1
CL_CHECK,ck_strength_lineage,1,1
CL_CHECK,ck_strength_lineage,1,1
CL_CHECK,ck_strength_lineage,1,1
CL_CHECK,ck_strength_lineage,1,1
CL_CHECK,ck_strength_lineage,1,1
CL_CHECK,ck_strength_lineage,1,1
CL_CHECK,ck_strength_lineage,1,1
CL_CHECK,ck_strength_lineage,1,1
CL_CHECK,ck_strength_lineage,1,1
CL_CHECK,ck_strength_lineage,1,1
CL_CHECK,ck_strength_lineage,1,1
CL_CHECK,ck_strength_lineage,1,1
CL_CHECK,ck_strength_lineage,1,1
CL_CHECK,ck_strength_lineage,1,1
CL_CHECK,ck_strength_lineage,1,1
CL_CHECK,ck_strength_lineage,1,1
CL_CHECK,ck_strength_lineage,1,1
CL_CHECK,ck_strength_lineage,1,1
CL_CHECK,ck_strength_lineage,1,1
CL_CHECK,ck_strength_lineage,1,1
CL_CHECK,ck_strength_lineage,1,1
CL_CHECK,ck_strength_lineage,1,1
CL_CHECK,ck_strength_lineage,1,1
CL_CHECK,ck_strength_lineage,1,1
CL_CHECK,ck_strength_lineage,1,1
CL_CHECK,ck_strength_lineage,1,1
CL_CHECK,ck_strength_lineage,1,1
CL_CHECK,ck_strength_lineage,1,1
CL_CHECK,ck_strength_lineage,1,1
CL_CHECK,ck_strength_lineage,1,1
CL_CHECK,ck_strength_lineage,1,1
CL_CHECK,ck_strength_lineage,1,1
CL_CHECK,ck_strength_lineage,1,1
CL_CHECK,ck_strength_lineage,1,1
CL_CHECK,ck_strength_lineage,1,1
CL_CHECK,ck_strength_lineage,1,1
CL_CHECK,ck_strength_lineage,1,1
CL_CHECK,ck_strength_lineage,1,1
CL_CHECK,ck_strength_lineage,1,1
CL_CHECK,ck_strength_lineage,1,1
CL_CHECK,ck_strength_lineage,1,1
CL_CHECK,ck_strength_lineage,1,1
CL_CHECK,ck_strength_lineage,1,1
CL_CHECK,ck_strength_lineage,1,1
CL_CHECK,ck_strength_lineage,1,1
CL_CHECK,ck_strength_lineage,1,1
CL_CHECK,ck_strength_lineage,1,1
CL_CHECK,ck_strength_lineage,1,1
CL_CHECK,ck_strength_lineage,1,1
CL_CHECK,ck_strength_lineage,1,1
CL_CHECK,ck_strength_lineage,1,1
CL_CHECK,ck_strength_lineage,1,1
CL_CHECK,ck_strength_lineage,1,1
CL_CHECK,ck_strength_lineage,1,1
CL_CHECK,ck_strength_lineage,1,1
CL_CHECK,ck_strength_lineage,1,1
CL_CHECK,ck_strength_lineage,1,1
CL_CHECK,ck_strength_lineage,1,1
CL_CHECK,ck_strength_lineage,1,1
CL_CHECK,ck_strength_lineage,1,1
CL_CHECK,ck_strength_lineage,1,1
CL_CHECK,ck_strength_lineage,1,1
CL_CHECK,ck_strength_lineage,1,1
CL_CHECK,ck_strength_lineage,1,1
CL_CHECK,ck_strength_lineage,1,1
CL_CHECK,ck_strength_lineage,1,1
CL_CHECK,ck_strength_lineage,1,1
CL_CHECK,ck_strength_lineage,1,1
CL_CHECK,ck_strength_lineage,1,1
CL_CHECK,ck_strength_lineage,1,1
CL_CHECK,ck_strength_lineage,1,1
CL_CHECK,ck_strength_lineage,1,1
CL_CHECK,ck_strength_lineage,1,1
CL_CHECK,ck_strength_lineage,1,1
CL_CHECK,ck_strength_lineage,1,1
CL_CHECK,ck_strength_lineage,1,1
CL_CHECK,ck_strength_lineage,1,1
CL_CHECK,ck_strength_lineage,1,1
CL_CHECK,ck_strength_lineage,1,1
CL_CHECK,ck_strength_lineage,1,1
CL_CHECK,ck_strength_lineage,1,1
CL_CHECK,ck_strength_lineage,1,1
CL_CHECK,ck_strength_lineage,1,1
CL_CHECK,ck_strength_lineage,1,1
CL_CHECK,ck_strength_lineage,1,1
CL_CHECK,ck_strength_lineage,1,1
CL_CHECK,ck_strength_lineage,1,1
CL_CHECK,ck_strength_lineage,1,1
CL_CHECK,ck_strength_lineage,1,1
CL_CHECK,ck_strength_lineage,1,1
CL_CHECK,ck_strength_lineage,1,1
CL_CHECK,ck_strength_lineage,1,1
CL_CHECK,ck_strength_lineage,1,1
CL_CHECK,ck_strength_lineage,1,1
CL_CHECK,ck_strength_lineage,1,1
CL_CHECK,ck_strength_lineage,1,1
CL_CHECK,ck_strength_lineage,1,1
CL_CHECK,ck_strength_lineage,1,1
CL_CHECK,ck_strength_lineage,1,1
CL_CHECK,ck_strength_lineage,1,1
CL_CHECK,ck_strength_lineage,1,1
CL_CHECK,ck_strength_lineage,1,1
CL_CHECK,ck_strength_lineage,1,1
CL_CHECK,ck_strength_lineage,1,1
CL_CHECK,ck_strength_lineage,1,1
CL_CHECK,ck_strength_lineage,1,1
CL_CHECK,ck_strength_lineage,1,1
CL_CHECK,ck_strength_lineage,1,1
CL_CHECK,ck_strength_lineage,1,1
CL_CHECK,ck_strength_lineage,1,1
CL_CHECK,ck_strength_lineage,1,1
CL_CHECK,ck_strength_lineage,1,1
CL_CHECK,ck_strength_lineage,1,1
CL_CHECK,ck_strength_lineage,1,1
CL_CHECK,ck_strength_lineage,1,1
CL_CHECK,ck_strength_lineage,1,1
CL_CHECK,ck_strength_lineage,1,1
CL_CHECK,ck_strength_lineage,1,1
CL_CHECK,ck_strength_lineage,1,1
CL_CHECK,ck_strength_lineage,1,1
CL_CHECK,ck_strength_lineage,1,1
CL_CHECK,ck_strength_lineage,1,1
CL_CHECK,ck_strength_lineage,1,1
CL_CHECK,ck_strength_lineage,1,1
CL_CHECK,ck_strength_lineage,1,1
CL_CHECK,ck_strength_lineage,1,1
CL_CHECK,ck_strength_lineage,1,1
CL_CHECK,ck_strength_lineage,1,1
CL_CHECK,ck_strength_lineage,1,1
CL_CHECK,ck_strength_lineage,1,1
CL_CHECK,ck_strength_lineage,1,1
CL_CHECK,ck_strength_lineage,1,1
CL_CHECK,ck_strength_lineage,1,1
CL_CHECK,ck_strength_lineage,1,1
CL_CHECK,ck_strength_lineage,1,1
CL_CHECK,ck_strength_lineage,1,1
CL_CHECK,ck_strength_lineage,1,1
CL_CHECK,ck_strength_lineage,1,1
CL_CHECK,ck_strength_lineage,1,1
CL_CHECK,ck_strength_lineage,1,1
CL_CHECK,ck_strength_lineage,1,1
CL_CHECK,ck_strength_lineage,1,1
CL_CHECK,ck_strength_lineage,1,1
CL_CHECK,ck_strength_lineage,1,1
CL_CHECK,ck_strength_lineage,1,1
CL_CHECK,ck_strength_lineage,1,1
CL_CHECK,ck_strength_lineage,1,1
CL_CHECK,ck_strength_lineage,1,1
CL_CHECK,ck_del_cite_count,4,4
CL_CHECK,ck_del_cite_genuine,1,1
CL_CHECK,ck_del_cite_genuine,1,1
CL_CHECK,ck_del_cite_genuine,1,1
CL_CHECK,ck_del_cite_genuine,1,1
CL_CHECK,ck_del_cite_distinct,4,4
CL_CHECK,ck_del_justify,1,1
CL_CHECK,ck_del_cite_count,4,4
CL_CHECK,ck_del_cite_genuine,1,1
CL_CHECK,ck_del_cite_genuine,1,1
CL_CHECK,ck_del_cite_genuine,1,1
CL_CHECK,ck_del_cite_genuine,1,1
CL_CHECK,ck_del_cite_distinct,4,4
CL_CHECK,ck_del_justify,1,1
CL_CHECK,ck_del_cite_count,4,4
CL_CHECK,ck_del_cite_genuine,1,1
CL_CHECK,ck_del_cite_genuine,1,1
CL_CHECK,ck_del_cite_genuine,1,1
CL_CHECK,ck_del_cite_genuine,1,1
CL_CHECK,ck_del_cite_distinct,4,4
CL_CHECK,ck_del_justify,1,1
CL_CHECK,ck_del_cite_count,4,4
CL_CHECK,ck_del_cite_genuine,1,1
CL_CHECK,ck_del_cite_genuine,1,1
CL_CHECK,ck_del_cite_genuine,1,1
CL_CHECK,ck_del_cite_genuine,1,1
CL_CHECK,ck_del_cite_distinct,4,4
CL_CHECK,ck_del_justify,1,1
CL_CHECK,ck_del_cite_count,4,4
CL_CHECK,ck_del_cite_genuine,1,1
CL_CHECK,ck_del_cite_genuine,1,1
CL_CHECK,ck_del_cite_genuine,1,1
CL_CHECK,ck_del_cite_genuine,1,1
CL_CHECK,ck_del_cite_distinct,4,4
CL_CHECK,ck_del_justify,1,1
CL_CHECK,ck_del_cite_count,4,4
CL_CHECK,ck_del_cite_genuine,1,1
CL_CHECK,ck_del_cite_genuine,1,1
CL_CHECK,ck_del_cite_genuine,1,1
CL_CHECK,ck_del_cite_genuine,1,1
CL_CHECK,ck_del_cite_distinct,4,4
CL_CHECK,ck_del_justify,1,1
CL_CHECK,ck_del_cite_count,4,4
CL_CHECK,ck_del_cite_genuine,1,1
CL_CHECK,ck_del_cite_genuine,1,1
CL_CHECK,ck_del_cite_genuine,1,1
CL_CHECK,ck_del_cite_genuine,1,1
CL_CHECK,ck_del_cite_distinct,4,4
CL_CHECK,ck_del_justify,1,1
CL_CHECK,ck_del_cite_count,4,4
CL_CHECK,ck_del_cite_genuine,1,1
CL_CHECK,ck_del_cite_genuine,1,1
CL_CHECK,ck_del_cite_genuine,1,1
CL_CHECK,ck_del_cite_genuine,1,1
CL_CHECK,ck_del_cite_distinct,4,4
CL_CHECK,ck_del_justify,1,1
CL_CHECK,ck_del_cite_count,4,4
CL_CHECK,ck_del_cite_genuine,1,1
CL_CHECK,ck_del_cite_genuine,1,1
CL_CHECK,ck_del_cite_genuine,1,1
CL_CHECK,ck_del_cite_genuine,1,1
CL_CHECK,ck_del_cite_distinct,4,4
CL_CHECK,ck_del_justify,1,1
CL_CHECK,ck_del_cite_count,4,4
CL_CHECK,ck_del_cite_genuine,1,1
CL_CHECK,ck_del_cite_genuine,1,1
CL_CHECK,ck_del_cite_genuine,1,1
CL_CHECK,ck_del_cite_genuine,1,1
CL_CHECK,ck_del_cite_distinct,4,4
CL_CHECK,ck_del_justify,1,1
CL_CHECK,ck_del_cite_count,4,4
CL_CHECK,ck_del_cite_genuine,1,1
CL_CHECK,ck_del_cite_genuine,1,1
CL_CHECK,ck_del_cite_genuine,1,1
CL_CHECK,ck_del_cite_genuine,1,1
CL_CHECK,ck_del_cite_distinct,4,4
CL_CHECK,ck_del_justify,1,1
CL_CHECK,ck_del_cite_count,4,4
CL_CHECK,ck_del_cite_genuine,1,1
CL_CHECK,ck_del_cite_genuine,1,1
CL_CHECK,ck_del_cite_genuine,1,1
CL_CHECK,ck_del_cite_genuine,1,1
CL_CHECK,ck_del_cite_distinct,4,4
CL_CHECK,ck_del_justify,1,1
CL_CHECK,ck_del_cite_count,4,4
CL_CHECK,ck_del_cite_genuine,1,1
CL_CHECK,ck_del_cite_genuine,1,1
CL_CHECK,ck_del_cite_genuine,1,1
CL_CHECK,ck_del_cite_genuine,1,1
CL_CHECK,ck_del_cite_distinct,4,4
CL_CHECK,ck_del_justify,1,1
CL_CHECK,ck_del_cite_count,4,4
CL_CHECK,ck_del_cite_genuine,1,1
CL_CHECK,ck_del_cite_genuine,1,1
CL_CHECK,ck_del_cite_genuine,1,1
CL_CHECK,ck_del_cite_genuine,1,1
CL_CHECK,ck_del_cite_distinct,4,4
CL_CHECK,ck_del_justify,1,1
CL_CHECK,ck_del_cite_count,4,4
CL_CHECK,ck_del_cite_genuine,1,1
CL_CHECK,ck_del_cite_genuine,1,1
CL_CHECK,ck_del_cite_genuine,1,1
CL_CHECK,ck_del_cite_genuine,1,1
CL_CHECK,ck_del_cite_distinct,4,4
CL_CHECK,ck_del_justify,1,1
CL_CHECK,ck_del_cite_count,4,4
CL_CHECK,ck_del_cite_genuine,1,1
CL_CHECK,ck_del_cite_genuine,1,1
CL_CHECK,ck_del_cite_genuine,1,1
CL_CHECK,ck_del_cite_genuine,1,1
CL_CHECK,ck_del_cite_distinct,4,4
CL_CHECK,ck_del_justify,1,1
CL_CHECK,ck_del_cite_count,4,4
CL_CHECK,ck_del_cite_genuine,1,1
CL_CHECK,ck_del_cite_genuine,1,1
CL_CHECK,ck_del_cite_genuine,1,1
CL_CHECK,ck_del_cite_genuine,1,1
CL_CHECK,ck_del_cite_distinct,4,4
CL_CHECK,ck_del_justify,1,1
CL_CHECK,ck_del_cite_count,4,4
CL_CHECK,ck_del_cite_genuine,1,1
CL_CHECK,ck_del_cite_genuine,1,1
CL_CHECK,ck_del_cite_genuine,1,1
CL_CHECK,ck_del_cite_genuine,1,1
CL_CHECK,ck_del_cite_distinct,4,4
CL_CHECK,ck_del_justify,1,1
CL_CHECK,ck_del_cite_count,4,4
CL_CHECK,ck_del_cite_genuine,1,1
CL_CHECK,ck_del_cite_genuine,1,1
CL_CHECK,ck_del_cite_genuine,1,1
CL_CHECK,ck_del_cite_genuine,1,1
CL_CHECK,ck_del_cite_distinct,4,4
CL_CHECK,ck_del_justify,1,1
CL_CHECK,ck_del_cite_count,4,4
CL_CHECK,ck_del_cite_genuine,1,1
CL_CHECK,ck_del_cite_genuine,1,1
CL_CHECK,ck_del_cite_genuine,1,1
CL_CHECK,ck_del_cite_genuine,1,1
CL_CHECK,ck_del_cite_distinct,4,4
CL_CHECK,ck_del_justify,1,1
CL_CHECK,ck_del_cite_count,4,4
CL_CHECK,ck_del_cite_genuine,1,1
CL_CHECK,ck_del_cite_genuine,1,1
CL_CHECK,ck_del_cite_genuine,1,1
CL_CHECK,ck_del_cite_genuine,1,1
CL_CHECK,ck_del_cite_distinct,4,4
CL_CHECK,ck_del_justify,1,1
CL_CHECK,ck_del_cite_count,4,4
CL_CHECK,ck_del_cite_genuine,1,1
CL_CHECK,ck_del_cite_genuine,1,1
CL_CHECK,ck_del_cite_genuine,1,1
CL_CHECK,ck_del_cite_genuine,1,1
CL_CHECK,ck_del_cite_distinct,4,4
CL_CHECK,ck_del_justify,1,1
CL_CHECK,ck_del_cite_count,4,4
CL_CHECK,ck_del_cite_genuine,1,1
CL_CHECK,ck_del_cite_genuine,1,1
CL_CHECK,ck_del_cite_genuine,1,1
CL_CHECK,ck_del_cite_genuine,1,1
CL_CHECK,ck_del_cite_distinct,4,4
CL_CHECK,ck_del_justify,1,1
CL_CHECK,ck_del_cite_count,4,4
CL_CHECK,ck_del_cite_genuine,1,1
CL_CHECK,ck_del_cite_genuine,1,1
CL_CHECK,ck_del_cite_genuine,1,1
CL_CHECK,ck_del_cite_genuine,1,1
CL_CHECK,ck_del_cite_distinct,4,4
CL_CHECK,ck_del_justify,1,1
CL_CHECK,ck_del_cite_count,4,4
CL_CHECK,ck_del_cite_genuine,1,1
CL_CHECK,ck_del_cite_genuine,1,1
CL_CHECK,ck_del_cite_genuine,1,1
CL_CHECK,ck_del_cite_genuine,1,1
CL_CHECK,ck_del_cite_distinct,4,4
CL_CHECK,ck_del_justify,1,1
CL_CHECK,ck_del_cite_count,4,4
CL_CHECK,ck_del_cite_genuine,1,1
CL_CHECK,ck_del_cite_genuine,1,1
CL_CHECK,ck_del_cite_genuine,1,1
CL_CHECK,ck_del_cite_genuine,1,1
CL_CHECK,ck_del_cite_distinct,4,4
CL_CHECK,ck_del_justify,1,1
CL_CHECK,ck_del_cite_count,4,4
CL_CHECK,ck_del_cite_genuine,1,1
CL_CHECK,ck_del_cite_genuine,1,1
CL_CHECK,ck_del_cite_genuine,1,1
CL_CHECK,ck_del_cite_genuine,1,1
CL_CHECK,ck_del_cite_distinct,4,4
CL_CHECK,ck_del_justify,1,1
CL_CHECK,ck_del_cite_count,4,4
CL_CHECK,ck_del_cite_genuine,1,1
CL_CHECK,ck_del_cite_genuine,1,1
CL_CHECK,ck_del_cite_genuine,1,1
CL_CHECK,ck_del_cite_genuine,1,1
CL_CHECK,ck_del_cite_distinct,4,4
CL_CHECK,ck_del_justify,1,1
CL_CHECK,ck_del_cite_count,4,4
CL_CHECK,ck_del_cite_genuine,1,1
CL_CHECK,ck_del_cite_genuine,1,1
CL_CHECK,ck_del_cite_genuine,1,1
CL_CHECK,ck_del_cite_genuine,1,1
CL_CHECK,ck_del_cite_distinct,4,4
CL_CHECK,ck_del_justify,1,1
CL_CHECK,ck_del_cite_count,4,4
CL_CHECK,ck_del_cite_genuine,1,1
CL_CHECK,ck_del_cite_genuine,1,1
CL_CHECK,ck_del_cite_genuine,1,1
CL_CHECK,ck_del_cite_genuine,1,1
CL_CHECK,ck_del_cite_distinct,4,4
CL_CHECK,ck_del_justify,1,1
CL_CHECK,ck_del_cite_count,4,4
CL_CHECK,ck_del_cite_genuine,1,1
CL_CHECK,ck_del_cite_genuine,1,1
CL_CHECK,ck_del_cite_genuine,1,1
CL_CHECK,ck_del_cite_genuine,1,1
CL_CHECK,ck_del_cite_distinct,4,4
CL_CHECK,ck_del_justify,1,1
CL_CHECK,ck_del_cite_count,4,4
CL_CHECK,ck_del_cite_genuine,1,1
CL_CHECK,ck_del_cite_genuine,1,1
CL_CHECK,ck_del_cite_genuine,1,1
CL_CHECK,ck_del_cite_genuine,1,1
CL_CHECK,ck_del_cite_distinct,4,4
CL_CHECK,ck_del_justify,1,1
CL_CHECK,ck_del_cite_count,4,4
CL_CHECK,ck_del_cite_genuine,1,1
CL_CHECK,ck_del_cite_genuine,1,1
CL_CHECK,ck_del_cite_genuine,1,1
CL_CHECK,ck_del_cite_genuine,1,1
CL_CHECK,ck_del_cite_distinct,4,4
CL_CHECK,ck_del_justify,1,1
CL_CHECK,ck_del_cite_count,4,4
CL_CHECK,ck_del_cite_genuine,1,1
CL_CHECK,ck_del_cite_genuine,1,1
CL_CHECK,ck_del_cite_genuine,1,1
CL_CHECK,ck_del_cite_genuine,1,1
CL_CHECK,ck_del_cite_distinct,4,4
CL_CHECK,ck_del_justify,1,1
CL_CHECK,ck_del_cite_count,4,4
CL_CHECK,ck_del_cite_genuine,1,1
CL_CHECK,ck_del_cite_genuine,1,1
CL_CHECK,ck_del_cite_genuine,1,1
CL_CHECK,ck_del_cite_genuine,1,1
CL_CHECK,ck_del_cite_distinct,4,4
CL_CHECK,ck_del_justify,1,1
CL_CHECK,ck_del_cite_count,4,4
CL_CHECK,ck_del_cite_genuine,1,1
CL_CHECK,ck_del_cite_genuine,1,1
CL_CHECK,ck_del_cite_genuine,1,1
CL_CHECK,ck_del_cite_genuine,1,1
CL_CHECK,ck_del_cite_distinct,4,4
CL_CHECK,ck_del_justify,1,1
CL_CHECK,ck_del_cite_count,4,4
CL_CHECK,ck_del_cite_genuine,1,1
CL_CHECK,ck_del_cite_genuine,1,1
CL_CHECK,ck_del_cite_genuine,1,1
CL_CHECK,ck_del_cite_genuine,1,1
CL_CHECK,ck_del_cite_distinct,4,4
CL_CHECK,ck_del_justify,1,1
CL_CHECK,ck_del_cite_count,4,4
CL_CHECK,ck_del_cite_genuine,1,1
CL_CHECK,ck_del_cite_genuine,1,1
CL_CHECK,ck_del_cite_genuine,1,1
CL_CHECK,ck_del_cite_genuine,1,1
CL_CHECK,ck_del_cite_distinct,4,4
CL_CHECK,ck_del_justify,1,1
CL_CHECK,ck_del_cite_count,4,4
CL_CHECK,ck_del_cite_genuine,1,1
CL_CHECK,ck_del_cite_genuine,1,1
CL_CHECK,ck_del_cite_genuine,1,1
CL_CHECK,ck_del_cite_genuine,1,1
CL_CHECK,ck_del_cite_distinct,4,4
CL_CHECK,ck_del_justify,1,1
CL_CHECK,ck_del_cite_count,4,4
CL_CHECK,ck_del_cite_genuine,1,1
CL_CHECK,ck_del_cite_genuine,1,1
CL_CHECK,ck_del_cite_genuine,1,1
CL_CHECK,ck_del_cite_genuine,1,1
CL_CHECK,ck_del_cite_distinct,4,4
CL_CHECK,ck_del_justify,1,1
CL_CHECK,ck_del_cite_count,4,4
CL_CHECK,ck_del_cite_genuine,1,1
CL_CHECK,ck_del_cite_genuine,1,1
CL_CHECK,ck_del_cite_genuine,1,1
CL_CHECK,ck_del_cite_genuine,1,1
CL_CHECK,ck_del_cite_distinct,4,4
CL_CHECK,ck_del_justify,1,1
CL_CHECK,ck_del_cite_count,4,4
CL_CHECK,ck_del_cite_genuine,1,1
CL_CHECK,ck_del_cite_genuine,1,1
CL_CHECK,ck_del_cite_genuine,1,1
CL_CHECK,ck_del_cite_genuine,1,1
CL_CHECK,ck_del_cite_distinct,4,4
CL_CHECK,ck_del_justify,1,1
CL_CHECK,ck_del_cite_count,4,4
CL_CHECK,ck_del_cite_genuine,1,1
CL_CHECK,ck_del_cite_genuine,1,1
CL_CHECK,ck_del_cite_genuine,1,1
CL_CHECK,ck_del_cite_genuine,1,1
CL_CHECK,ck_del_cite_distinct,4,4
CL_CHECK,ck_del_justify,1,1
CL_CHECK,ck_del_cite_count,4,4
CL_CHECK,ck_del_cite_genuine,1,1
CL_CHECK,ck_del_cite_genuine,1,1
CL_CHECK,ck_del_cite_genuine,1,1
CL_CHECK,ck_del_cite_genuine,1,1
CL_CHECK,ck_del_cite_distinct,4,4
CL_CHECK,ck_del_justify,1,1
CL_CHECK,ck_del_cite_count,4,4
CL_CHECK,ck_del_cite_genuine,1,1
CL_CHECK,ck_del_cite_genuine,1,1
CL_CHECK,ck_del_cite_genuine,1,1
CL_CHECK,ck_del_cite_genuine,1,1
CL_CHECK,ck_del_cite_distinct,4,4
CL_CHECK,ck_del_justify,1,1
CL_CHECK,ck_del_cite_count,4,4
CL_CHECK,ck_del_cite_genuine,1,1
CL_CHECK,ck_del_cite_genuine,1,1
CL_CHECK,ck_del_cite_genuine,1,1
CL_CHECK,ck_del_cite_genuine,1,1
CL_CHECK,ck_del_cite_distinct,4,4
CL_CHECK,ck_del_justify,1,1
CL_CHECK,ck_del_cite_count,4,4
CL_CHECK,ck_del_cite_genuine,1,1
CL_CHECK,ck_del_cite_genuine,1,1
CL_CHECK,ck_del_cite_genuine,1,1
CL_CHECK,ck_del_cite_genuine,1,1
CL_CHECK,ck_del_cite_distinct,4,4
CL_CHECK,ck_del_justify,1,1
CL_CHECK,ck_del_cite_count,4,4
CL_CHECK,ck_del_cite_genuine,1,1
CL_CHECK,ck_del_cite_genuine,1,1
CL_CHECK,ck_del_cite_genuine,1,1
CL_CHECK,ck_del_cite_genuine,1,1
CL_CHECK,ck_del_cite_distinct,4,4
CL_CHECK,ck_del_justify,1,1
CL_CHECK,ck_del_cite_count,4,4
CL_CHECK,ck_del_cite_genuine,1,1
CL_CHECK,ck_del_cite_genuine,1,1
CL_CHECK,ck_del_cite_genuine,1,1
CL_CHECK,ck_del_cite_genuine,1,1
CL_CHECK,ck_del_cite_distinct,4,4
CL_CHECK,ck_del_justify,1,1
CL_CHECK,ck_no_bad_kill,0,0
CL_CHECK,ck_no_bad_forcepin,0,0
CL_CHECK,ck_no_bad_code,0,0
CL_CHECK,ck_no_bad_role,0,0
CL_CHECK,ck_no_bad_pexp,0,0
CL_CHECK,ck_no_bad_recycle,0,0
ST_FINGERPRINT 2066217655
ST_INVALID 0
ST_DONE
