# DEGEN-RUN v1: 41 degenerate cases through the production intake
W 00 [D00] q="how many e's in " t="" exp="0"
INTAKE qid=0 kind=LETTER_COUNT chunk=WORD>CHAR why="derived WORD>CHAR (class LETTER_COUNT/single): 7 examples correct=7 native=7 ops_total=64 | multi-token letter count: enumerate words at word scale, magnify to character units inside each word"
INTAKER ans="0" exp="0" correct=1 native=1 fallback=0 ops=0 maxdepth=0 zooms=0
W 01 [D01] q="what is the 1st letter of " t="" exp="?"
INTAKE qid=1 kind=POSITION chunk=WORD>CHAR why="derived WORD>CHAR (class POSITION/single): 4 examples correct=4 native=4 ops_total=15 | locate the named word at word scale, then magnify to character units for the index"
INTAKER ans="?" exp="?" correct=1 native=1 fallback=0 ops=0 maxdepth=0 zooms=0
W 02 [D02] q="write  backwards" t="" exp=""
INTAKE qid=2 kind=REVERSE chunk=WORD>CHAR why="derived WORD>CHAR (class REVERSE/single): 2 examples correct=2 native=2 ops_total=13 | word-scale locate, character-scale resolve, traced zooms"
INTAKER ans="" exp="" correct=1 native=1 fallback=0 ops=0 maxdepth=0 zooms=0
W 03 [D03] q="how many words in " t="" exp="0"
INTAKE qid=3 kind=WORD_COUNT chunk=WORD why="derived WORD (class WORD_COUNT/single): 1 examples correct=1 native=1 ops_total=1 | word units: the question is about word structure; sub-word work is out-of-unit"
INTAKER ans="0" exp="0" correct=1 native=1 fallback=0 ops=0 maxdepth=0 zooms=0
W 04 [D04] q="how many letters in " t="" exp="0"
INTAKE qid=4 kind=LENGTH chunk=WORD why="derived WORD (class LENGTH/single): 2 examples correct=2 native=2 ops_total=2 | word units: the question is about word structure; sub-word work is out-of-unit"
INTAKER ans="0" exp="0" correct=1 native=1 fallback=0 ops=0 maxdepth=0 zooms=0
W 05 [D05] q="does  contain z" t="" exp="no"
INTAKE qid=5 kind=CONTAINS chunk=BOTH_ENDS why="derived BOTH_ENDS (class CONTAINS/single): 1 examples correct=1 native=1 ops_total=8 | scan from both ends toward the middle: first hit from either side wins"
INTAKER ans="no" exp="no" correct=1 native=1 fallback=0 ops=0 maxdepth=0 zooms=0
W 06 [D06] q="what is the first word of " t="" exp="?"
INTAKE qid=6 kind=FIRST_WORD chunk=WORD>CHAR why="no measured examples in class FIRST_WORD/single; default deliberative magnifier | word-scale locate, character-scale resolve, traced zooms"
INTAKER ans="?" exp="?" correct=1 native=1 fallback=0 ops=0 maxdepth=0 zooms=0
W 07 [D07] q="what is the first letter of " t="" exp="?"
INTAKE qid=7 kind=POS_FIRST chunk=WORD>CHAR why="no measured examples in class POS_FIRST/single; default deliberative magnifier | word-scale locate, character-scale resolve, traced zooms"
INTAKER ans="?" exp="?" correct=1 native=1 fallback=0 ops=0 maxdepth=0 zooms=0
W 08 [D08] q="what is the last letter of " t="" exp="?"
INTAKE qid=8 kind=POS_LAST chunk=END_DIRECT why="derived END_DIRECT (class POS_LAST/single): 2 examples correct=2 native=2 ops_total=2 | last-letter questions name the text edge: read it directly"
INTAKER ans="?" exp="?" correct=1 native=1 fallback=0 ops=0 maxdepth=0 zooms=0
W 09 [D09] q="how many e's in the word after the in " t="" exp="?"
INTAKE qid=9 kind=LETTER_COUNT_WORD chunk=WORD>CHAR why="no measured examples in class LETTER_COUNT_WORD/single; default deliberative magnifier | word-scale locate, character-scale resolve, traced zooms"
INTAKER ans="?" exp="?" correct=1 native=1 fallback=0 ops=0 maxdepth=0 zooms=0
W 10 [D10] q="how many letters in the word after the in " t="" exp="?"
INTAKE qid=10 kind=LENGTH_WORD chunk=WORD>CHAR why="no measured examples in class LENGTH_WORD/single; default deliberative magnifier | word-scale locate, character-scale resolve, traced zooms"
INTAKER ans="?" exp="?" correct=1 native=1 fallback=0 ops=0 maxdepth=0 zooms=0
W 11 [D11] q="what is the 1st letter of the word after the in " t="" exp="?"
INTAKE qid=11 kind=POSITION_WORD chunk=WORD>CHAR why="no measured examples in class POSITION_WORD/single; default deliberative magnifier | locate the Nth word at word scale, magnify to character units for the index"
INTAKER ans="?" exp="?" correct=1 native=1 fallback=0 ops=0 maxdepth=0 zooms=0
W 12 [D12] q="write the word after quick backwards in " t="" exp="?"
INTAKE qid=12 kind=REVERSE_WORD chunk=WORD>CHAR why="no measured examples in class REVERSE_WORD/single; default deliberative magnifier | word-scale locate, character-scale resolve, traced zooms"
INTAKER ans="?" exp="?" correct=1 native=1 fallback=0 ops=0 maxdepth=0 zooms=0
W 13 [D13] q="what is the first letter of the word after the in " t="" exp="?"
INTAKE qid=13 kind=POSITION_WORD chunk=WORD>CHAR why="no measured examples in class POSITION_WORD/single; default deliberative magnifier | locate the Nth word at word scale, magnify to character units for the index"
INTAKER ans="?" exp="?" correct=1 native=1 fallback=0 ops=0 maxdepth=0 zooms=0
W 14 [D14] q="what is the last letter of the word after the in " t="" exp="?"
INTAKE qid=14 kind=POSITION_WORD chunk=WORD>CHAR why="no measured examples in class POSITION_WORD/single; default deliberative magnifier | locate the Nth word at word scale, magnify to character units for the index"
INTAKER ans="?" exp="?" correct=1 native=1 fallback=0 ops=0 maxdepth=0 zooms=0
W 15 [D15] q="what is the last word of " t="" exp="?"
INTAKE qid=15 kind=LAST_WORD chunk=WORD why="derived WORD (class LAST_WORD/single): 1 examples correct=1 native=1 ops_total=1 | word units: the question is about word structure; sub-word work is out-of-unit"
INTAKER ans="?" exp="?" correct=1 native=1 fallback=0 ops=0 maxdepth=0 zooms=0
W 16 [D16] q="does the word after the contain z in " t="" exp="?"
INTAKE qid=16 kind=CONTAINS_WORD chunk=WORD>CHAR why="no measured examples in class CONTAINS_WORD/single; default deliberative magnifier | word-scale locate, character-scale resolve, traced zooms"
INTAKER ans="?" exp="?" correct=1 native=1 fallback=0 ops=0 maxdepth=0 zooms=0
W 17 [D17] q="how many sentences in " t="" exp="0"
INTAKE qid=17 kind=GRAN_COUNT chunk=DELIM why="TNN-driven granularity addressing over delimiter knowledge; delimiter candidate | delimiter-knowledge addressing: granularity/ordinal/relation bindings placed by TNN resolve the address; the mechanism only executes it"
INTAKER ans="0" exp="0" correct=1 native=1 fallback=0 ops=0 maxdepth=0 zooms=0
W 18 [D18] q="what is the 1st sentence of " t="" exp="?"
INTAKE qid=18 kind=GRAN_SELECT chunk=DELIM why="TNN-driven granularity addressing over delimiter knowledge; delimiter candidate | delimiter-knowledge addressing: granularity/ordinal/relation bindings placed by TNN resolve the address; the mechanism only executes it"
INTAKER ans="?" exp="?" correct=1 native=1 fallback=0 ops=0 maxdepth=0 zooms=0
W 19 [D19] q="what is the 2nd word of the 1st sentence of " t="" exp="?"
INTAKE qid=19 kind=GRAN_WORD chunk=DELIM why="TNN-driven granularity addressing over delimiter knowledge; delimiter candidate | delimiter-knowledge addressing: granularity/ordinal/relation bindings placed by TNN resolve the address; the mechanism only executes it"
INTAKER ans="?" exp="?" correct=1 native=1 fallback=0 ops=0 maxdepth=0 zooms=0
W 20 [D20] q="what is the letter after the 2nd letter of fox in " t="" exp="?"
INTAKE qid=20 kind=TWO_HOP chunk=DELIM why="TNN-driven two-hop addressing over delimiter/ordinal/relation knowledge; delimiter candidate | delimiter-knowledge addressing: granularity/ordinal/relation bindings placed by TNN resolve the address; the mechanism only executes it"
INTAKER ans="?" exp="?" correct=1 native=1 fallback=0 ops=0 maxdepth=0 zooms=0
W 21 [D21] q="what is the 1st letter of the 2nd word of the last word of " t="" exp="?"
INTAKE qid=21 kind=NESTED chunk=DELIM why="residual word-of-word nesting is not compositionally addressable; withhold, never guess | delimiter-knowledge addressing: granularity/ordinal/relation bindings placed by TNN resolve the address; the mechanism only executes it"
INTAKER ans="?" exp="?" correct=1 native=1 fallback=0 ops=0 maxdepth=0 zooms=0
W 22 [D22] q="ponder the void" t="" exp=""
INTAKE qid=22 kind=KIND0 chunk=WORD>CHAR why="question unclassified by the parser (kind 0); default deliberative magnifier | word-scale locate, character-scale resolve, traced zooms"
INTAKER ans="" exp="" correct=1 native=1 fallback=0 ops=0 maxdepth=0 zooms=0
W 23 [D23] q="what is the 1st letter of x" t="x" exp="x"
INTAKE qid=23 kind=POSITION chunk=WORD>CHAR why="derived WORD>CHAR (class POSITION/single): 4 examples correct=4 native=4 ops_total=15 | locate the named word at word scale, then magnify to character units for the index"
INTAKER ans="x" exp="x" correct=1 native=1 fallback=0 ops=1 maxdepth=0 zooms=0
W 24 [D24] q="what is the 5th letter of x" t="x" exp="x"
INTAKE qid=24 kind=POSITION chunk=WORD>CHAR why="derived WORD>CHAR (class POSITION/single): 4 examples correct=4 native=4 ops_total=15 | locate the named word at word scale, then magnify to character units for the index"
INTAKER ans="x" exp="x" correct=1 native=1 fallback=0 ops=1 maxdepth=0 zooms=0
W 25 [D25] q="what is the last letter of x" t="x" exp="x"
INTAKE qid=25 kind=POS_LAST chunk=END_DIRECT why="derived END_DIRECT (class POS_LAST/single): 2 examples correct=2 native=2 ops_total=2 | last-letter questions name the text edge: read it directly"
INTAKER ans="x" exp="x" correct=1 native=1 fallback=0 ops=1 maxdepth=0 zooms=0
W 26 [D26] q="how many e's in x" t="x" exp="0"
INTAKE qid=26 kind=LETTER_COUNT chunk=WORD>CHAR why="derived WORD>CHAR (class LETTER_COUNT/single): 7 examples correct=7 native=7 ops_total=64 | multi-token letter count: enumerate words at word scale, magnify to character units inside each word"
INTAKER ans="0" exp="0" correct=1 native=1 fallback=0 ops=1 maxdepth=0 zooms=0
W 27 [D27] q="write x backwards" t="x" exp="x"
INTAKE qid=27 kind=REVERSE chunk=WORD>CHAR why="derived WORD>CHAR (class REVERSE/single): 2 examples correct=2 native=2 ops_total=13 | word-scale locate, character-scale resolve, traced zooms"
INTAKER ans="x" exp="x" correct=1 native=1 fallback=0 ops=1 maxdepth=0 zooms=0
W 28 [D28] q="how many words in    " t="   " exp="0"
INTAKE qid=28 kind=WORD_COUNT chunk=WORD why="derived WORD (class WORD_COUNT/multi): 2 examples correct=2 native=2 ops_total=10 | word units: the question is about word structure; sub-word work is out-of-unit"
INTAKER ans="0" exp="0" correct=1 native=1 fallback=0 ops=0 maxdepth=0 zooms=0
W 29 [D29] q="what is the 1st letter of    " t="   " exp=" "
INTAKE qid=29 kind=POSITION chunk=WORD>CHAR why="derived WORD>CHAR (class POSITION/multi): 2 examples correct=2 native=2 ops_total=10 | locate the named word at word scale, then magnify to character units for the index"
INTAKE zoom qid=29 span=1 parent=0 off=0 len=1 depth=2 why=index-character-inside-word
INTAKER ans=" " exp=" " correct=1 native=1 fallback=0 ops=1 maxdepth=2 zooms=1
W 30 [D30] q="what is the first word of    " t="   " exp=""
INTAKE qid=30 kind=FIRST_WORD chunk=CHAR why="derived CHAR (class FIRST_WORD/multi): 2 examples correct=2 native=2 ops_total=4 | character units: letters and indices live at byte scale; space-scan addressing, no word table"
INTAKER ans="" exp="" correct=1 native=1 fallback=0 ops=0 maxdepth=0 zooms=0
W 31 [D31] q="what is the 99th letter of abc" t="abc" exp="c"
INTAKE qid=31 kind=POSITION chunk=WORD>CHAR why="derived WORD>CHAR (class POSITION/single): 4 examples correct=4 native=4 ops_total=15 | locate the named word at word scale, then magnify to character units for the index"
INTAKER ans="c" exp="c" correct=1 native=1 fallback=0 ops=3 maxdepth=0 zooms=0
W 32 [D32] q="what is the 0th letter of abc" t="abc" exp="a"
INTAKE qid=32 kind=POSITION chunk=WORD>CHAR why="derived WORD>CHAR (class POSITION/single): 4 examples correct=4 native=4 ops_total=15 | locate the named word at word scale, then magnify to character units for the index"
INTAKER ans="a" exp="a" correct=1 native=1 fallback=0 ops=1 maxdepth=0 zooms=0
W 33 [D33] q="what is the 1st letter of the last word of abc" t="abc" exp="a"
INTAKE qid=33 kind=FIRST_LETTER_WORD chunk=WORD>CHAR why="no measured examples in class FIRST_LETTER_WORD/single; default deliberative magnifier | word-scale locate, character-scale resolve, traced zooms"
INTAKE zoom qid=33 span=1 parent=0 off=0 len=3 depth=1 why=locate-target-word
INTAKE zoom qid=33 span=2 parent=1 off=0 len=1 depth=2 why=index-character-inside-word
INTAKER ans="a" exp="a" correct=1 native=1 fallback=0 ops=2 maxdepth=2 zooms=2
W 34 [D34] q="what is the 2nd letter of the last word of " t="" exp="?"
INTAKE qid=34 kind=LAST_WORD chunk=WORD why="derived WORD (class LAST_WORD/single): 1 examples correct=1 native=1 ops_total=1 | word units: the question is about word structure; sub-word work is out-of-unit"
INTAKER ans="?" exp="?" correct=1 native=1 fallback=0 ops=0 maxdepth=0 zooms=0
W 35 [D35] q="" t="abc" exp=""
INTAKE qid=35 kind=KIND0 chunk=WORD>CHAR why="question unclassified by the parser (kind 0); default deliberative magnifier | word-scale locate, character-scale resolve, traced zooms"
INTAKER ans="" exp="" correct=1 native=1 fallback=0 ops=0 maxdepth=0 zooms=0
W 36 [D36] q="how many lines in \n" t="\n" exp="0"
INTAKE qid=36 kind=GRAN_COUNT chunk=DELIM why="TNN-driven granularity addressing over delimiter knowledge; delimiter candidate | delimiter-knowledge addressing: granularity/ordinal/relation bindings placed by TNN resolve the address; the mechanism only executes it"
INTAKER ans="0" exp="0" correct=1 native=1 fallback=0 ops=1 maxdepth=0 zooms=0
W 37 [D37] q="how many sentences in a" t="a" exp="1"
INTAKE qid=37 kind=GRAN_COUNT chunk=DELIM why="TNN-driven granularity addressing over delimiter knowledge; delimiter candidate | delimiter-knowledge addressing: granularity/ordinal/relation bindings placed by TNN resolve the address; the mechanism only executes it"
INTAKER ans="1" exp="1" correct=1 native=1 fallback=0 ops=1 maxdepth=0 zooms=0
W 38 [D38] q="what is the first word of  " t=" " exp=""
INTAKE qid=38 kind=FIRST_WORD chunk=CHAR why="derived CHAR (class FIRST_WORD/multi): 2 examples correct=2 native=2 ops_total=4 | character units: letters and indices live at byte scale; space-scan addressing, no word table"
INTAKER ans="" exp="" correct=1 native=1 fallback=0 ops=0 maxdepth=0 zooms=0
W 39 [D39] q="what is the 100th word of the 1st sentence of abc" t="abc" exp="?"
INTAKE qid=39 kind=GRAN_WORD chunk=DELIM why="TNN-driven granularity addressing over delimiter knowledge; delimiter candidate | delimiter-knowledge addressing: granularity/ordinal/relation bindings placed by TNN resolve the address; the mechanism only executes it"
INTAKER ans="?" exp="?" correct=1 native=1 fallback=0 ops=6 maxdepth=0 zooms=0
W 40 [D40] q="what is the -1th letter of abc" t="abc" exp="a"
INTAKE qid=40 kind=POSITION chunk=WORD>CHAR why="derived WORD>CHAR (class POSITION/single): 4 examples correct=4 native=4 ops_total=15 | locate the named word at word scale, then magnify to character units for the index"
INTAKER ans="a" exp="a" correct=1 native=1 fallback=0 ops=1 maxdepth=0 zooms=0
# DEGEN SUMMARY correct=41 native=41 fallback=0
