{
  "release": "TNN pre-v1 R3",
  "new_experiments": 3,
  "new_evidence_rows": 21,
  "new_reported_seed_condition_evaluations": 5297,
  "new_status_counts": {
    "SUPPORTED": 18,
    "MIXED": 1,
    "EXPECTED_BOUNDARY": 1,
    "NOT_MET": 1
  },
  "persistent_lab": {
    "gcc_clang_transcript_parity": "PASS",
    "gcc_clang_state_parity": "PASS",
    "belief_revision_provenance_regression": "PASS",
    "asan_ubsan_leak": "PASS",
    "adult_english": "NOT_MET",
    "native_zag_mastery": "NOT_MET"
  }
}
