znc: warning: zagd unavailable; foreground compilation continues without background planning
warning[A0102]: ignored return value of `link_edge` — result is discarded
  --> synth.zag:146
   = note: in function `supersede`: this function returns a non-void value that is discarded
   = hint: bind the result to a `let` and use it, or add `// znc:allow A0102` to suppress
warning[A0102]: ignored return value of `link_edge` — result is discarded
  --> synth.zag:310
   = note: in function `ev_teach`: this function returns a non-void value that is discarded
   = hint: bind the result to a `let` and use it, or add `// znc:allow A0102` to suppress
warning[A0102]: ignored return value of `link_edge` — result is discarded
  --> synth.zag:310
   = note: in function `ev_teach`: this function returns a non-void value that is discarded
   = hint: bind the result to a `let` and use it, or add `// znc:allow A0102` to suppress
warning[A0102]: ignored return value of `link_edge` — result is discarded
  --> synth.zag:323
   = note: in function `ev_teach_in`: this function returns a non-void value that is discarded
   = hint: bind the result to a `let` and use it, or add `// znc:allow A0102` to suppress
warning[A0102]: ignored return value of `link_edge` — result is discarded
  --> synth.zag:331
   = note: in function `seq_link`: this function returns a non-void value that is discarded
   = hint: bind the result to a `let` and use it, or add `// znc:allow A0102` to suppress
warning[A0102]: ignored return value of `link_edge` — result is discarded
  --> synth.zag:376
   = note: in function `t2_asm_chain`: this function returns a non-void value that is discarded
   = hint: bind the result to a `let` and use it, or add `// znc:allow A0102` to suppress
warning[A0102]: ignored return value of `link_edge` — result is discarded
  --> synth.zag:392
   = note: in function `t2_asm_count`: this function returns a non-void value that is discarded
   = hint: bind the result to a `let` and use it, or add `// znc:allow A0102` to suppress
warning[A0102]: ignored return value of `link_edge` — result is discarded
  --> synth.zag:568
   = note: in function `promote_graph`: this function returns a non-void value that is discarded
   = hint: bind the result to a `let` and use it, or add `// znc:allow A0102` to suppress
warning[A0102]: ignored return value of `link_edge` — result is discarded
  --> synth.zag:568
   = note: in function `promote_graph`: this function returns a non-void value that is discarded
   = hint: bind the result to a `let` and use it, or add `// znc:allow A0102` to suppress
warning[A0102]: ignored return value of `link_edge` — result is discarded
  --> synth.zag:568
   = note: in function `promote_graph`: this function returns a non-void value that is discarded
   = hint: bind the result to a `let` and use it, or add `// znc:allow A0102` to suppress
warning[A0102]: ignored return value of `link_edge` — result is discarded
  --> synth.zag:568
   = note: in function `promote_graph`: this function returns a non-void value that is discarded
   = hint: bind the result to a `let` and use it, or add `// znc:allow A0102` to suppress
warning[A0102]: ignored return value of `promote_graph` — result is discarded
  --> synth.zag:620
   = note: in function `t2_trial`: this function returns a non-void value that is discarded
   = hint: bind the result to a `let` and use it, or add `// znc:allow A0102` to suppress
warning[A0102]: ignored return value of `promote_graph` — result is discarded
  --> synth.zag:620
   = note: in function `t2_trial`: this function returns a non-void value that is discarded
   = hint: bind the result to a `let` and use it, or add `// znc:allow A0102` to suppress
warning[A0102]: ignored return value of `promote_graph` — result is discarded
  --> synth.zag:620
   = note: in function `t2_trial`: this function returns a non-void value that is discarded
   = hint: bind the result to a `let` and use it, or add `// znc:allow A0102` to suppress
warning[A0102]: ignored return value of `promote_graph` — result is discarded
  --> synth.zag:620
   = note: in function `t2_trial`: this function returns a non-void value that is discarded
   = hint: bind the result to a `let` and use it, or add `// znc:allow A0102` to suppress
warning[A0102]: ignored return value of `link_edge` — result is discarded
  --> synth.zag:757
   = note: in function `k_get`: this function returns a non-void value that is discarded
   = hint: bind the result to a `let` and use it, or add `// znc:allow A0102` to suppress
warning[A0102]: ignored return value of `link_edge` — result is discarded
  --> synth.zag:767
   = note: in function `bootstrap_miss`: this function returns a non-void value that is discarded
   = hint: bind the result to a `let` and use it, or add `// znc:allow A0102` to suppress
warning[A0102]: ignored return value of `link_edge` — result is discarded
  --> synth.zag:767
   = note: in function `bootstrap_miss`: this function returns a non-void value that is discarded
   = hint: bind the result to a `let` and use it, or add `// znc:allow A0102` to suppress
warning[A0102]: ignored return value of `link_edge` — result is discarded
  --> synth.zag:767
   = note: in function `bootstrap_miss`: this function returns a non-void value that is discarded
   = hint: bind the result to a `let` and use it, or add `// znc:allow A0102` to suppress
warning[A0102]: ignored return value of `ev_teach_in` — result is discarded
  --> synth.zag:767
   = note: in function `bootstrap_miss`: this function returns a non-void value that is discarded
   = hint: bind the result to a `let` and use it, or add `// znc:allow A0102` to suppress
warning[A0102]: ignored return value of `link_edge` — result is discarded
  --> synth.zag:799
   = note: in function `miss_inquire`: this function returns a non-void value that is discarded
   = hint: bind the result to a `let` and use it, or add `// znc:allow A0102` to suppress
warning[A0102]: ignored return value of `link_edge` — result is discarded
  --> synth.zag:799
   = note: in function `miss_inquire`: this function returns a non-void value that is discarded
   = hint: bind the result to a `let` and use it, or add `// znc:allow A0102` to suppress
warning[A0102]: ignored return value of `link_edge` — result is discarded
  --> synth.zag:817
   = note: in function `ev_query`: this function returns a non-void value that is discarded
   = hint: bind the result to a `let` and use it, or add `// znc:allow A0102` to suppress
warning[A0102]: ignored return value of `link_edge` — result is discarded
  --> synth.zag:817
   = note: in function `ev_query`: this function returns a non-void value that is discarded
   = hint: bind the result to a `let` and use it, or add `// znc:allow A0102` to suppress
warning[A0102]: ignored return value of `link_edge` — result is discarded
  --> synth.zag:871
   = note: in function `ev_observe`: this function returns a non-void value that is discarded
   = hint: bind the result to a `let` and use it, or add `// znc:allow A0102` to suppress
warning[A0102]: ignored return value of `link_edge` — result is discarded
  --> synth.zag:871
   = note: in function `ev_observe`: this function returns a non-void value that is discarded
   = hint: bind the result to a `let` and use it, or add `// znc:allow A0102` to suppress
warning[A0102]: ignored return value of `link_edge` — result is discarded
  --> synth.zag:871
   = note: in function `ev_observe`: this function returns a non-void value that is discarded
   = hint: bind the result to a `let` and use it, or add `// znc:allow A0102` to suppress
warning[A0102]: ignored return value of `ev_teach_in` — result is discarded
  --> synth.zag:871
   = note: in function `ev_observe`: this function returns a non-void value that is discarded
   = hint: bind the result to a `let` and use it, or add `// znc:allow A0102` to suppress
warning[A0102]: ignored return value of `link_edge` — result is discarded
  --> synth.zag:895
   = note: in function `ev_act`: this function returns a non-void value that is discarded
   = hint: bind the result to a `let` and use it, or add `// znc:allow A0102` to suppress
warning[A0102]: ignored return value of `ev_teach` — result is discarded
  --> synth.zag:977
   = note: in function `t_c3`: this function returns a non-void value that is discarded
   = hint: bind the result to a `let` and use it, or add `// znc:allow A0102` to suppress
warning[A0102]: ignored return value of `link_edge` — result is discarded
  --> synth.zag:985
   = note: in function `t_c4`: this function returns a non-void value that is discarded
   = hint: bind the result to a `let` and use it, or add `// znc:allow A0102` to suppress
warning[A0102]: ignored return value of `link_edge` — result is discarded
  --> synth.zag:985
   = note: in function `t_c4`: this function returns a non-void value that is discarded
   = hint: bind the result to a `let` and use it, or add `// znc:allow A0102` to suppress
warning[A0102]: ignored return value of `link_edge` — result is discarded
  --> synth.zag:985
   = note: in function `t_c4`: this function returns a non-void value that is discarded
   = hint: bind the result to a `let` and use it, or add `// znc:allow A0102` to suppress
warning[A0102]: ignored return value of `ev_teach` — result is discarded
  --> synth.zag:992
   = note: in function `t_c5`: this function returns a non-void value that is discarded
   = hint: bind the result to a `let` and use it, or add `// znc:allow A0102` to suppress
warning[A0102]: ignored return value of `ev_teach` — result is discarded
  --> synth.zag:992
   = note: in function `t_c5`: this function returns a non-void value that is discarded
   = hint: bind the result to a `let` and use it, or add `// znc:allow A0102` to suppress
warning[A0102]: ignored return value of `link_edge` — result is discarded
  --> synth.zag:1018
   = note: in function `t_c8`: this function returns a non-void value that is discarded
   = hint: bind the result to a `let` and use it, or add `// znc:allow A0102` to suppress
warning[A0102]: ignored return value of `link_edge` — result is discarded
  --> synth.zag:1018
   = note: in function `t_c8`: this function returns a non-void value that is discarded
   = hint: bind the result to a `let` and use it, or add `// znc:allow A0102` to suppress
warning[A0102]: ignored return value of `link_edge` — result is discarded
  --> synth.zag:1018
   = note: in function `t_c8`: this function returns a non-void value that is discarded
   = hint: bind the result to a `let` and use it, or add `// znc:allow A0102` to suppress
warning[A0102]: ignored return value of `link_edge` — result is discarded
  --> synth.zag:1029
   = note: in function `t_c10`: this function returns a non-void value that is discarded
   = hint: bind the result to a `let` and use it, or add `// znc:allow A0102` to suppress
warning[A0102]: ignored return value of `link_edge` — result is discarded
  --> synth.zag:1029
   = note: in function `t_c10`: this function returns a non-void value that is discarded
   = hint: bind the result to a `let` and use it, or add `// znc:allow A0102` to suppress
warning[A0102]: ignored return value of `ev_teach` — result is discarded
  --> synth.zag:1038
   = note: in function `t_c11`: this function returns a non-void value that is discarded
   = hint: bind the result to a `let` and use it, or add `// znc:allow A0102` to suppress
warning[A0102]: ignored return value of `ev_teach` — result is discarded
  --> synth.zag:1038
   = note: in function `t_c11`: this function returns a non-void value that is discarded
   = hint: bind the result to a `let` and use it, or add `// znc:allow A0102` to suppress
warning[A0102]: ignored return value of `ev_teach` — result is discarded
  --> synth.zag:1038
   = note: in function `t_c11`: this function returns a non-void value that is discarded
   = hint: bind the result to a `let` and use it, or add `// znc:allow A0102` to suppress
warning[A0102]: ignored return value of `ev_teach` — result is discarded
  --> synth.zag:1055
   = note: in function `t_c14`: this function returns a non-void value that is discarded
   = hint: bind the result to a `let` and use it, or add `// znc:allow A0102` to suppress
warning[A0102]: ignored return value of `link_edge` — result is discarded
  --> synth.zag:1055
   = note: in function `t_c14`: this function returns a non-void value that is discarded
   = hint: bind the result to a `let` and use it, or add `// znc:allow A0102` to suppress
warning[A0102]: ignored return value of `ev_teach` — result is discarded
  --> synth.zag:1061
   = note: in function `t_c15`: this function returns a non-void value that is discarded
   = hint: bind the result to a `let` and use it, or add `// znc:allow A0102` to suppress
warning[A0102]: ignored return value of `link_edge` — result is discarded
  --> synth.zag:1070
   = note: in function `t_a1`: this function returns a non-void value that is discarded
   = hint: bind the result to a `let` and use it, or add `// znc:allow A0102` to suppress
warning[A0102]: ignored return value of `link_edge` — result is discarded
  --> synth.zag:1070
   = note: in function `t_a1`: this function returns a non-void value that is discarded
   = hint: bind the result to a `let` and use it, or add `// znc:allow A0102` to suppress
warning[A0102]: ignored return value of `link_edge` — result is discarded
  --> synth.zag:1070
   = note: in function `t_a1`: this function returns a non-void value that is discarded
   = hint: bind the result to a `let` and use it, or add `// znc:allow A0102` to suppress
warning[A0102]: ignored return value of `link_edge` — result is discarded
  --> synth.zag:1070
   = note: in function `t_a1`: this function returns a non-void value that is discarded
   = hint: bind the result to a `let` and use it, or add `// znc:allow A0102` to suppress
warning[A0102]: ignored return value of `link_edge` — result is discarded
  --> synth.zag:1070
   = note: in function `t_a1`: this function returns a non-void value that is discarded
   = hint: bind the result to a `let` and use it, or add `// znc:allow A0102` to suppress
warning[A0102]: ignored return value of `link_edge` — result is discarded
  --> synth.zag:1081
   = note: in function `t_a2`: this function returns a non-void value that is discarded
   = hint: bind the result to a `let` and use it, or add `// znc:allow A0102` to suppress
warning[A0102]: ignored return value of `link_edge` — result is discarded
  --> synth.zag:1081
   = note: in function `t_a2`: this function returns a non-void value that is discarded
   = hint: bind the result to a `let` and use it, or add `// znc:allow A0102` to suppress
warning[A0102]: ignored return value of `link_edge` — result is discarded
  --> synth.zag:1081
   = note: in function `t_a2`: this function returns a non-void value that is discarded
   = hint: bind the result to a `let` and use it, or add `// znc:allow A0102` to suppress
warning[A0102]: ignored return value of `link_edge` — result is discarded
  --> synth.zag:1101
   = note: in function `t_a5`: this function returns a non-void value that is discarded
   = hint: bind the result to a `let` and use it, or add `// znc:allow A0102` to suppress
warning[A0102]: ignored return value of `link_edge` — result is discarded
  --> synth.zag:1101
   = note: in function `t_a5`: this function returns a non-void value that is discarded
   = hint: bind the result to a `let` and use it, or add `// znc:allow A0102` to suppress
warning[A0102]: ignored return value of `link_edge` — result is discarded
  --> synth.zag:1109
   = note: in function `t_a6`: this function returns a non-void value that is discarded
   = hint: bind the result to a `let` and use it, or add `// znc:allow A0102` to suppress
warning[A0102]: ignored return value of `link_edge` — result is discarded
  --> synth.zag:1109
   = note: in function `t_a6`: this function returns a non-void value that is discarded
   = hint: bind the result to a `let` and use it, or add `// znc:allow A0102` to suppress
warning[A0102]: ignored return value of `ev_teach` — result is discarded
  --> synth.zag:1122
   = note: in function `t_p1`: this function returns a non-void value that is discarded
   = hint: bind the result to a `let` and use it, or add `// znc:allow A0102` to suppress
warning[A0102]: ignored return value of `ev_teach` — result is discarded
  --> synth.zag:1122
   = note: in function `t_p1`: this function returns a non-void value that is discarded
   = hint: bind the result to a `let` and use it, or add `// znc:allow A0102` to suppress
warning[A0102]: ignored return value of `ev_teach` — result is discarded
  --> synth.zag:1122
   = note: in function `t_p1`: this function returns a non-void value that is discarded
   = hint: bind the result to a `let` and use it, or add `// znc:allow A0102` to suppress
warning[A0102]: ignored return value of `ev_teach` — result is discarded
  --> synth.zag:1122
   = note: in function `t_p1`: this function returns a non-void value that is discarded
   = hint: bind the result to a `let` and use it, or add `// znc:allow A0102` to suppress
warning[A0102]: ignored return value of `ev_teach` — result is discarded
  --> synth.zag:1128
   = note: in function `t_f2`: this function returns a non-void value that is discarded
   = hint: bind the result to a `let` and use it, or add `// znc:allow A0102` to suppress
warning[A0102]: ignored return value of `ev_teach` — result is discarded
  --> synth.zag:1128
   = note: in function `t_f2`: this function returns a non-void value that is discarded
   = hint: bind the result to a `let` and use it, or add `// znc:allow A0102` to suppress
warning[A0102]: ignored return value of `ev_teach` — result is discarded
  --> synth.zag:1128
   = note: in function `t_f2`: this function returns a non-void value that is discarded
   = hint: bind the result to a `let` and use it, or add `// znc:allow A0102` to suppress
warning[A0102]: ignored return value of `ev_teach` — result is discarded
  --> synth.zag:1128
   = note: in function `t_f2`: this function returns a non-void value that is discarded
   = hint: bind the result to a `let` and use it, or add `// znc:allow A0102` to suppress
warning[A0102]: ignored return value of `ev_teach` — result is discarded
  --> synth.zag:1128
   = note: in function `t_f2`: this function returns a non-void value that is discarded
   = hint: bind the result to a `let` and use it, or add `// znc:allow A0102` to suppress
warning[A0102]: ignored return value of `ev_teach` — result is discarded
  --> synth.zag:1128
   = note: in function `t_f2`: this function returns a non-void value that is discarded
   = hint: bind the result to a `let` and use it, or add `// znc:allow A0102` to suppress
warning[A0102]: ignored return value of `ev_teach` — result is discarded
  --> synth.zag:1128
   = note: in function `t_f2`: this function returns a non-void value that is discarded
   = hint: bind the result to a `let` and use it, or add `// znc:allow A0102` to suppress
warning[A0102]: ignored return value of `ev_teach` — result is discarded
  --> synth.zag:1128
   = note: in function `t_f2`: this function returns a non-void value that is discarded
   = hint: bind the result to a `let` and use it, or add `// znc:allow A0102` to suppress
warning[A0102]: ignored return value of `ev_teach` — result is discarded
  --> synth.zag:1139
   = note: in function `t_p2`: this function returns a non-void value that is discarded
   = hint: bind the result to a `let` and use it, or add `// znc:allow A0102` to suppress
warning[A0102]: ignored return value of `ev_teach` — result is discarded
  --> synth.zag:1139
   = note: in function `t_p2`: this function returns a non-void value that is discarded
   = hint: bind the result to a `let` and use it, or add `// znc:allow A0102` to suppress
warning[A0102]: ignored return value of `ev_teach` — result is discarded
  --> synth.zag:1139
   = note: in function `t_p2`: this function returns a non-void value that is discarded
   = hint: bind the result to a `let` and use it, or add `// znc:allow A0102` to suppress
warning[A0102]: ignored return value of `ev_teach` — result is discarded
  --> synth.zag:1145
   = note: in function `t_p2b`: this function returns a non-void value that is discarded
   = hint: bind the result to a `let` and use it, or add `// znc:allow A0102` to suppress
warning[A0102]: ignored return value of `ev_teach` — result is discarded
  --> synth.zag:1145
   = note: in function `t_p2b`: this function returns a non-void value that is discarded
   = hint: bind the result to a `let` and use it, or add `// znc:allow A0102` to suppress
warning[A0102]: ignored return value of `ev_teach` — result is discarded
  --> synth.zag:1150
   = note: in function `t_p3a`: this function returns a non-void value that is discarded
   = hint: bind the result to a `let` and use it, or add `// znc:allow A0102` to suppress
warning[A0102]: ignored return value of `ev_teach` — result is discarded
  --> synth.zag:1150
   = note: in function `t_p3a`: this function returns a non-void value that is discarded
   = hint: bind the result to a `let` and use it, or add `// znc:allow A0102` to suppress
warning[A0102]: ignored return value of `ev_teach` — result is discarded
  --> synth.zag:1150
   = note: in function `t_p3a`: this function returns a non-void value that is discarded
   = hint: bind the result to a `let` and use it, or add `// znc:allow A0102` to suppress
warning[A0102]: ignored return value of `ev_teach` — result is discarded
  --> synth.zag:1155
   = note: in function `t_p3b`: this function returns a non-void value that is discarded
   = hint: bind the result to a `let` and use it, or add `// znc:allow A0102` to suppress
warning[A0102]: ignored return value of `ev_teach` — result is discarded
  --> synth.zag:1155
   = note: in function `t_p3b`: this function returns a non-void value that is discarded
   = hint: bind the result to a `let` and use it, or add `// znc:allow A0102` to suppress
warning[A0102]: ignored return value of `ev_teach` — result is discarded
  --> synth.zag:1155
   = note: in function `t_p3b`: this function returns a non-void value that is discarded
   = hint: bind the result to a `let` and use it, or add `// znc:allow A0102` to suppress
warning[A0102]: ignored return value of `ev_teach` — result is discarded
  --> synth.zag:1160
   = note: in function `t_p4`: this function returns a non-void value that is discarded
   = hint: bind the result to a `let` and use it, or add `// znc:allow A0102` to suppress
warning[A0102]: ignored return value of `ev_teach` — result is discarded
  --> synth.zag:1160
   = note: in function `t_p4`: this function returns a non-void value that is discarded
   = hint: bind the result to a `let` and use it, or add `// znc:allow A0102` to suppress
warning[A0102]: ignored return value of `ev_teach` — result is discarded
  --> synth.zag:1160
   = note: in function `t_p4`: this function returns a non-void value that is discarded
   = hint: bind the result to a `let` and use it, or add `// znc:allow A0102` to suppress
warning[A0102]: ignored return value of `ev_teach` — result is discarded
  --> synth.zag:1160
   = note: in function `t_p4`: this function returns a non-void value that is discarded
   = hint: bind the result to a `let` and use it, or add `// znc:allow A0102` to suppress
warning[A0102]: ignored return value of `ev_teach` — result is discarded
  --> synth.zag:1160
   = note: in function `t_p4`: this function returns a non-void value that is discarded
   = hint: bind the result to a `let` and use it, or add `// znc:allow A0102` to suppress
warning[A0102]: ignored return value of `ev_teach` — result is discarded
  --> synth.zag:1160
   = note: in function `t_p4`: this function returns a non-void value that is discarded
   = hint: bind the result to a `let` and use it, or add `// znc:allow A0102` to suppress
warning[A0102]: ignored return value of `ev_teach` — result is discarded
  --> synth.zag:1166
   = note: in function `t_p5`: this function returns a non-void value that is discarded
   = hint: bind the result to a `let` and use it, or add `// znc:allow A0102` to suppress
warning[A0102]: ignored return value of `ev_teach` — result is discarded
  --> synth.zag:1171
   = note: in function `t_abl_i`: this function returns a non-void value that is discarded
   = hint: bind the result to a `let` and use it, or add `// znc:allow A0102` to suppress
warning[A0102]: ignored return value of `ev_teach` — result is discarded
  --> synth.zag:1171
   = note: in function `t_abl_i`: this function returns a non-void value that is discarded
   = hint: bind the result to a `let` and use it, or add `// znc:allow A0102` to suppress
warning[A0102]: ignored return value of `ev_teach` — result is discarded
  --> synth.zag:1171
   = note: in function `t_abl_i`: this function returns a non-void value that is discarded
   = hint: bind the result to a `let` and use it, or add `// znc:allow A0102` to suppress
warning[A0102]: ignored return value of `ev_teach` — result is discarded
  --> synth.zag:1176
   = note: in function `t_abl_c`: this function returns a non-void value that is discarded
   = hint: bind the result to a `let` and use it, or add `// znc:allow A0102` to suppress
warning[A0102]: ignored return value of `ev_teach` — result is discarded
  --> synth.zag:1176
   = note: in function `t_abl_c`: this function returns a non-void value that is discarded
   = hint: bind the result to a `let` and use it, or add `// znc:allow A0102` to suppress
warning[A0102]: ignored return value of `ev_teach` — result is discarded
  --> synth.zag:1176
   = note: in function `t_abl_c`: this function returns a non-void value that is discarded
   = hint: bind the result to a `let` and use it, or add `// znc:allow A0102` to suppress
warning[A0102]: ignored return value of `ev_teach` — result is discarded
  --> synth.zag:1176
   = note: in function `t_abl_c`: this function returns a non-void value that is discarded
   = hint: bind the result to a `let` and use it, or add `// znc:allow A0102` to suppress
warning[A0102]: ignored return value of `ev_teach` — result is discarded
  --> synth.zag:1183
   = note: in function `t_p6`: this function returns a non-void value that is discarded
   = hint: bind the result to a `let` and use it, or add `// znc:allow A0102` to suppress
warning[A0102]: ignored return value of `ev_teach` — result is discarded
  --> synth.zag:1183
   = note: in function `t_p6`: this function returns a non-void value that is discarded
   = hint: bind the result to a `let` and use it, or add `// znc:allow A0102` to suppress
warning[A0102]: ignored return value of `ev_teach` — result is discarded
  --> synth.zag:1183
   = note: in function `t_p6`: this function returns a non-void value that is discarded
   = hint: bind the result to a `let` and use it, or add `// znc:allow A0102` to suppress
warning[A0102]: ignored return value of `ev_teach` — result is discarded
  --> synth.zag:1189
   = note: in function `t_p7`: this function returns a non-void value that is discarded
   = hint: bind the result to a `let` and use it, or add `// znc:allow A0102` to suppress
warning[A0102]: ignored return value of `contradict_map` — result is discarded
  --> synth.zag:1189
   = note: in function `t_p7`: this function returns a non-void value that is discarded
   = hint: bind the result to a `let` and use it, or add `// znc:allow A0102` to suppress
warning[A0102]: ignored return value of `ev_teach` — result is discarded
  --> synth.zag:1199
   = note: in function `t_dv`: this function returns a non-void value that is discarded
   = hint: bind the result to a `let` and use it, or add `// znc:allow A0102` to suppress
warning[A0102]: ignored return value of `link_edge` — result is discarded
  --> synth.zag:1199
   = note: in function `t_dv`: this function returns a non-void value that is discarded
   = hint: bind the result to a `let` and use it, or add `// znc:allow A0102` to suppress
warning[A0102]: ignored return value of `ev_teach` — result is discarded
  --> synth.zag:1199
   = note: in function `t_dv`: this function returns a non-void value that is discarded
   = hint: bind the result to a `let` and use it, or add `// znc:allow A0102` to suppress
warning[A0102]: ignored return value of `ev_teach` — result is discarded
  --> synth.zag:1199
   = note: in function `t_dv`: this function returns a non-void value that is discarded
   = hint: bind the result to a `let` and use it, or add `// znc:allow A0102` to suppress
warning[A0102]: ignored return value of `ev_teach` — result is discarded
  --> synth.zag:1199
   = note: in function `t_dv`: this function returns a non-void value that is discarded
   = hint: bind the result to a `let` and use it, or add `// znc:allow A0102` to suppress
warning[A0102]: ignored return value of `ev_observe` — result is discarded
  --> synth.zag:1199
   = note: in function `t_dv`: this function returns a non-void value that is discarded
   = hint: bind the result to a `let` and use it, or add `// znc:allow A0102` to suppress
warning[A0102]: ignored return value of `ev_teach` — result is discarded
  --> synth.zag:1199
   = note: in function `t_dv`: this function returns a non-void value that is discarded
   = hint: bind the result to a `let` and use it, or add `// znc:allow A0102` to suppress
warning[A0102]: ignored return value of `ev_teach` — result is discarded
  --> synth.zag:1228
   = note: in function `t_xcap`: this function returns a non-void value that is discarded
   = hint: bind the result to a `let` and use it, or add `// znc:allow A0102` to suppress
warning[A0102]: ignored return value of `ev_teach` — result is discarded
  --> synth.zag:1228
   = note: in function `t_xcap`: this function returns a non-void value that is discarded
   = hint: bind the result to a `let` and use it, or add `// znc:allow A0102` to suppress
warning[A0102]: ignored return value of `ev_teach` — result is discarded
  --> synth.zag:1228
   = note: in function `t_xcap`: this function returns a non-void value that is discarded
   = hint: bind the result to a `let` and use it, or add `// znc:allow A0102` to suppress
warning[A0102]: ignored return value of `ev_teach` — result is discarded
  --> synth.zag:1228
   = note: in function `t_xcap`: this function returns a non-void value that is discarded
   = hint: bind the result to a `let` and use it, or add `// znc:allow A0102` to suppress
warning[A0102]: ignored return value of `link_edge` — result is discarded
  --> synth.zag:1228
   = note: in function `t_xcap`: this function returns a non-void value that is discarded
   = hint: bind the result to a `let` and use it, or add `// znc:allow A0102` to suppress
warning[A0102]: ignored return value of `contradict_map` — result is discarded
  --> synth.zag:1228
   = note: in function `t_xcap`: this function returns a non-void value that is discarded
   = hint: bind the result to a `let` and use it, or add `// znc:allow A0102` to suppress
warning[A0102]: ignored return value of `ev_teach` — result is discarded
  --> synth.zag:1255
   = note: in function `t_t2_chain4`: this function returns a non-void value that is discarded
   = hint: bind the result to a `let` and use it, or add `// znc:allow A0102` to suppress
warning[A0102]: ignored return value of `ev_teach` — result is discarded
  --> synth.zag:1255
   = note: in function `t_t2_chain4`: this function returns a non-void value that is discarded
   = hint: bind the result to a `let` and use it, or add `// znc:allow A0102` to suppress
warning[A0102]: ignored return value of `ev_teach` — result is discarded
  --> synth.zag:1255
   = note: in function `t_t2_chain4`: this function returns a non-void value that is discarded
   = hint: bind the result to a `let` and use it, or add `// znc:allow A0102` to suppress
warning[A0102]: ignored return value of `ev_teach` — result is discarded
  --> synth.zag:1255
   = note: in function `t_t2_chain4`: this function returns a non-void value that is discarded
   = hint: bind the result to a `let` and use it, or add `// znc:allow A0102` to suppress
warning[A0102]: ignored return value of `ev_teach` — result is discarded
  --> synth.zag:1263
   = note: in function `t_t2_trial_reject`: this function returns a non-void value that is discarded
   = hint: bind the result to a `let` and use it, or add `// znc:allow A0102` to suppress
warning[A0102]: ignored return value of `ev_teach` — result is discarded
  --> synth.zag:1263
   = note: in function `t_t2_trial_reject`: this function returns a non-void value that is discarded
   = hint: bind the result to a `let` and use it, or add `// znc:allow A0102` to suppress
warning[A0102]: ignored return value of `ev_teach` — result is discarded
  --> synth.zag:1263
   = note: in function `t_t2_trial_reject`: this function returns a non-void value that is discarded
   = hint: bind the result to a `let` and use it, or add `// znc:allow A0102` to suppress
warning[A0102]: ignored return value of `ev_teach` — result is discarded
  --> synth.zag:1263
   = note: in function `t_t2_trial_reject`: this function returns a non-void value that is discarded
   = hint: bind the result to a `let` and use it, or add `// znc:allow A0102` to suppress
warning[A0102]: ignored return value of `ev_teach` — result is discarded
  --> synth.zag:1263
   = note: in function `t_t2_trial_reject`: this function returns a non-void value that is discarded
   = hint: bind the result to a `let` and use it, or add `// znc:allow A0102` to suppress
warning[A0102]: ignored return value of `ev_teach` — result is discarded
  --> synth.zag:1263
   = note: in function `t_t2_trial_reject`: this function returns a non-void value that is discarded
   = hint: bind the result to a `let` and use it, or add `// znc:allow A0102` to suppress
warning[A0102]: ignored return value of `ev_teach` — result is discarded
  --> synth.zag:1273
   = note: in function `t_t2_inquire`: this function returns a non-void value that is discarded
   = hint: bind the result to a `let` and use it, or add `// znc:allow A0102` to suppress
warning[A0102]: ignored return value of `ev_teach` — result is discarded
  --> synth.zag:1299
   = note: in function `t_t2_actlive`: this function returns a non-void value that is discarded
   = hint: bind the result to a `let` and use it, or add `// znc:allow A0102` to suppress
warning[A0102]: ignored return value of `ev_teach` — result is discarded
  --> synth.zag:1314
   = note: in function `t_t2_revise`: this function returns a non-void value that is discarded
   = hint: bind the result to a `let` and use it, or add `// znc:allow A0102` to suppress
warning[A0102]: ignored return value of `ev_teach` — result is discarded
  --> synth.zag:1314
   = note: in function `t_t2_revise`: this function returns a non-void value that is discarded
   = hint: bind the result to a `let` and use it, or add `// znc:allow A0102` to suppress
warning[A0102]: ignored return value of `link_edge` — result is discarded
  --> synth.zag:1405
   = note: in function `r_mk_guide`: this function returns a non-void value that is discarded
   = hint: bind the result to a `let` and use it, or add `// znc:allow A0102` to suppress
warning[A0102]: ignored return value of `link_edge` — result is discarded
  --> synth.zag:1412
   = note: in function `r_learn_confirm`: this function returns a non-void value that is discarded
   = hint: bind the result to a `let` and use it, or add `// znc:allow A0102` to suppress
warning[A0102]: ignored return value of `link_edge` — result is discarded
  --> synth.zag:1412
   = note: in function `r_learn_confirm`: this function returns a non-void value that is discarded
   = hint: bind the result to a `let` and use it, or add `// znc:allow A0102` to suppress
warning[A0102]: ignored return value of `r_mk_guide` — result is discarded
  --> synth.zag:1433
   = note: in function `r_derive_d1`: this function returns a non-void value that is discarded
   = hint: bind the result to a `let` and use it, or add `// znc:allow A0102` to suppress
warning[A0102]: ignored return value of `link_edge` — result is discarded
  --> synth.zag:1501
   = note: in function `t_r_pact2`: this function returns a non-void value that is discarded
   = hint: bind the result to a `let` and use it, or add `// znc:allow A0102` to suppress
warning[A0102]: ignored return value of `link_edge` — result is discarded
  --> synth.zag:1501
   = note: in function `t_r_pact2`: this function returns a non-void value that is discarded
   = hint: bind the result to a `let` and use it, or add `// znc:allow A0102` to suppress
warning[A0102]: ignored return value of `r_derive_d1` — result is discarded
  --> synth.zag:1523
   = note: in function `t_r_pact4`: this function returns a non-void value that is discarded
   = hint: bind the result to a `let` and use it, or add `// znc:allow A0102` to suppress
warning[A0102]: ignored return value of `link_edge` — result is discarded
  --> synth.zag:1570
   = note: in function `t_r_pact6`: this function returns a non-void value that is discarded
   = hint: bind the result to a `let` and use it, or add `// znc:allow A0102` to suppress
warning[A0102]: ignored return value of `link_edge` — result is discarded
  --> synth.zag:1570
   = note: in function `t_r_pact6`: this function returns a non-void value that is discarded
   = hint: bind the result to a `let` and use it, or add `// znc:allow A0102` to suppress
znc: analyzer found 136 issue(s) (warnings above; use --analyze-strict to fail the build, --no-analyze to silence)
