L3A-TRACE battery
TRAIN t=0 score=7/7 len=3 prog=[IN0 IN0 MUL]
RECORDED t=0 ep0_steps=3
TRAIN t=1 score=7/7 len=5 prog=[PUSH:2 IN0 IN0 MUL MUL]
RECORDED t=1 ep0_steps=5
REIFIED name=0 len=3 arity=0 produced=1 credit_tasks=2 bytes=[IN0:0 IN0:0 MUL:0]
SEGMENT-MATCH 1
STATE-DUMP nre=1 heap_top=24
ENTRY id=0 off=0 len=3 arity=0 produced=1
T-PERSIST probe_x2=10/10
T-REUSE score=7/7 len=7 prog=[IN0 TCALL:0 PUSH:1 ADD DUP MUL ADD]
T-REUSE has_tcall=1
T-ABLATE score=2/7 len=7
T-SWAP swapped_probe_2x=10/10
T-SWAP restored_probe_x2=10/10
BAR-A-INVENT 1
BAR-A-SEGMATCH 1
BAR-B-PERSIST 1
BAR-C-REUSE 1 t2len=7
BAR-D-ABLATE 1
BAR-E-SWAP 1
VERDICT L3A-TRACE-BUILD-PASS
DONE
