# M8 determinism gate — B-T1 battery binary (closeout re-run, 2026-09-21)
# Protocol per arm x 7 smoke inputs (t0,t1b,t2,t3,t4,t5,t6): N=5 reruns + 3 heap
# perturbations (perturb1/2/3) + setarch -R (ASLR off); all outputs must be
# byte-identical (sha256) to the reference run. 'OK <arm>' = all 63 checks passed.
# Binary: units/r0/impl/arms/arms.zag + additive R-7 leg, built with
# znc_linux_x86_64_abed8aa1 --no-zagd --no-analyze --no-foreground-cache.
# Source canary: no clock/entropy/pid/RNG in arms.zag; only _zag_raw_syscall
# sites are syscall-0 stdin reads. random_chunks is the deterministic closed-form analog.

OK predictive_surprise
OK fixed_window_4
OK fixed_window_8
OK fixed_window_16
OK fixed_window_64
OK adaptive_mdl
OK adaptive_mdl_8
OK grounded_adaptive_mdl
OK hierarchical_mdl
OK raw_micro
OK random_chunks
m8 failures=0
