B01 1 endorse
B02 1 endorse
B03 1 endorse
B04 0 neutral
B05 0 neutral
B06 0 neutral
B07 2 deny-lex
B08 2 deny-lex
B09 2 numeric-mismatch
B10 2 numeric-mismatch
B11 0 neutral
B12 2 numeric-mismatch
B13 2 numeric-mismatch
B14 1 endorse
B15 1 endorse
B16 2 neg-scope
B17 2 quantifier
B18 1 endorse
B19 1 endorse
B20 1 endorse
B21 1 endorse
B22 0 neutral
B23 1 endorse
B24 0 neutral
B25 0 neutral
B26 1 endorse
B27 1 endorse
B28 1 endorse
B29 0 neutral
B30 1 endorse
B31 0 neutral
B32 0 neutral
B33 1 endorse
B34 1 endorse
B35 2 neg-scope
B36 0 gate
B37 0 gate
B38 0 neutral
B39 0 gate
B40 0 neutral
B41 0 neutral
B42 1 endorse
B43 1 endorse
B44 1 endorse
B45 2 neg-scope
B46 1 endorse
