{
  "evidence_class": "EXTERNAL_REFERENCE_VALIDATION_NOT_NATIVE_ZAG_EXECUTION",
  "nominal": [
    {
      "accuracy": 0.7666666666666667,
      "occlusion_compound": 0.42083333333333334,
      "switch_accuracy": 0.7484276729559748,
      "active_reinspection_rate": 0.14333333333333334,
      "persistence_bias": 0.2700000000000198,
      "frames": 600
    },
    {
      "accuracy": 0.7466666666666667,
      "occlusion_compound": 0.36666666666666664,
      "switch_accuracy": 0.6871165644171779,
      "active_reinspection_rate": 0.18333333333333332,
      "persistence_bias": 0.05,
      "frames": 600
    },
    {
      "accuracy": 0.7583333333333333,
      "occlusion_compound": 0.3958333333333333,
      "switch_accuracy": 0.7039473684210527,
      "active_reinspection_rate": 0.16,
      "persistence_bias": 0.36500000000001986,
      "frames": 600
    },
    {
      "accuracy": 0.7583333333333333,
      "occlusion_compound": 0.3958333333333333,
      "switch_accuracy": 0.7051282051282052,
      "active_reinspection_rate": 0.14333333333333334,
      "persistence_bias": 0.05,
      "frames": 600
    }
  ],
  "post100_challenge": [
    {
      "accuracy": 0.7416666666666667,
      "occlusion_compound": 0.3541666666666667,
      "switch_accuracy": 0.6646341463414634,
      "active_reinspection_rate": 0.13333333333333333,
      "persistence_bias": 0.2700000000000198,
      "frames": 600
    },
    {
      "accuracy": 0.7366666666666667,
      "occlusion_compound": 0.3416666666666667,
      "switch_accuracy": 0.6526946107784432,
      "active_reinspection_rate": 0.13833333333333334,
      "persistence_bias": 0.05,
      "frames": 600
    },
    {
      "accuracy": 0.7433333333333333,
      "occlusion_compound": 0.35833333333333334,
      "switch_accuracy": 0.6335403726708074,
      "active_reinspection_rate": 0.15166666666666667,
      "persistence_bias": 0.36500000000001986,
      "frames": 600
    },
    {
      "accuracy": 0.7633333333333333,
      "occlusion_compound": 0.4083333333333333,
      "switch_accuracy": 0.6778523489932886,
      "active_reinspection_rate": 0.13833333333333334,
      "persistence_bias": 0.05,
      "frames": 600
    }
  ],
  "summary": {
    "accuracy": 0.7575000000000001,
    "occlusion_compound": 0.39479166666666665,
    "switch_accuracy": 0.7111549527306027,
    "active_reinspection_rate": 0.1575,
    "hard_accuracy": 0.74625,
    "hard_occlusion_compound": 0.365625,
    "hard_switch_accuracy": 0.6571803696960007,
    "hard_active_reinspection_rate": 0.14041666666666666
  }
}