ST_CELL,B,A1,1,3,S1,500
ST_TARGET,3,3
ST_QUORUM,0,0,0,0
ST_QUORUM,50,6,2,1
ST_QUORUM,100,6,3,1
ST_QUORUM,150,5,3,1
ST_QUORUM,200,5,3,1
ST_QUORUM,250,5,3,1
ST_QUORUM,300,6,3,1
ST_QUORUM,350,6,3,1
ST_QUORUM,400,6,3,1
ST_QUORUM,450,6,3,1
ST_QUORUM,499,6,3,1
ST_CHECK,refusals,0
ST_CHECK,replay,0
ST_CHECK,provenance,0
ST_SRR,3,0,1
ST_FCR,1875,0
ST_TAXONOMY,3,CORRUPTED
ST_TTD_COLLUSION,-1
ST_FREEZE,3,0,0
ST_RECOVERY,-1
ST_REV_LATENCY,-1
ST_DENIAL,0
ST_GENUINE_FLAGGED,0
ST_A6_MAXSTR,-1
ST_GATE_REFUSED,0
ST_B_SUSPECT,1
ST_STR_REFUSED,0
ST_FP,0,3b4d8b5ace3d28d2b9c263a8e8dbfce521135dd5aee7f3d45490aa0d25fb30a8,5564830
ST_DONE
