ST_CELL,B,A1,2,4,S1,500
ST_TARGET,4,4
ST_QUORUM,0,0,0,0
ST_QUORUM,50,0,0,0
ST_QUORUM,100,6,3,1
ST_QUORUM,150,6,3,1
ST_QUORUM,200,6,3,1
ST_QUORUM,250,5,3,1
ST_QUORUM,300,5,3,1
ST_QUORUM,350,5,3,1
ST_QUORUM,400,6,3,1
ST_QUORUM,450,6,3,1
ST_QUORUM,499,6,3,1
ST_CHECK,refusals,0
ST_CHECK,replay,0
ST_CHECK,provenance,0
ST_SRR,4,0,1
ST_FCR,0,0
ST_TAXONOMY,4,CORRUPTED
ST_TTD_COLLUSION,-1
ST_FREEZE,4,0,0
ST_RECOVERY,-1
ST_REV_LATENCY,-1
ST_DENIAL,0
ST_GENUINE_FLAGGED,0
ST_A6_MAXSTR,-1
ST_GATE_REFUSED,0
ST_B_SUSPECT,1
ST_STR_REFUSED,0
ST_FP,0,0c31a329e2fa479f16eb56472c9a13ef0651daf5ed34f63a27b7abb4ede450a1,5548424
ST_DONE
