ST_CELL,B,A2,1,4,S1,500
ST_TARGET,4,4
ST_QUORUM,0,0,0,0
ST_QUORUM,50,3,3,1
ST_QUORUM,100,6,3,1
ST_QUORUM,150,6,3,1
ST_QUORUM,200,6,3,1
ST_QUORUM,250,5,3,1
ST_QUORUM,300,5,3,1
ST_QUORUM,350,5,3,1
ST_QUORUM,400,6,3,1
ST_QUORUM,450,6,3,1
ST_QUORUM,499,6,3,1
ST_CHECK,refusals,0
ST_CHECK,replay,0
ST_CHECK,provenance,0
ST_SRR,4,0,1
ST_FCR,0,0
ST_TAXONOMY,4,CORRUPTED
ST_TTD_COLLUSION,-1
ST_FREEZE,4,0,0
ST_RECOVERY,-1
ST_REV_LATENCY,-1
ST_DENIAL,0
ST_GENUINE_FLAGGED,0
ST_A6_MAXSTR,-1
ST_GATE_REFUSED,0
ST_B_SUSPECT,1
ST_STR_REFUSED,0
ST_FP,0,22f88d6c7174b580cd860f54306018b04295f19fe664aded67a03ed6e51a1762,5547467
ST_DONE
