ST_CELL,B,A3,0,7,S1,500
ST_TARGET,7,7
ST_QUORUM,0,0,0,0
ST_QUORUM,50,4,3,1
ST_QUORUM,100,6,3,1
ST_QUORUM,150,6,3,1
ST_QUORUM,200,5,3,1
ST_QUORUM,250,5,3,1
ST_QUORUM,300,5,3,1
ST_QUORUM,350,6,3,1
ST_QUORUM,400,6,3,1
ST_QUORUM,450,6,3,1
ST_QUORUM,499,6,3,1
ST_CHECK,refusals,0
ST_CHECK,replay,0
ST_CHECK,provenance,0
ST_SRR,7,0,1
ST_FCR,677,10
ST_TAXONOMY,7,CORRUPTED
ST_TTD_COLLUSION,-1
ST_FREEZE,7,0,0
ST_RECOVERY,-1
ST_REV_LATENCY,-1
ST_DENIAL,0
ST_GENUINE_FLAGGED,0
ST_A6_MAXSTR,-1
ST_GATE_REFUSED,0
ST_B_SUSPECT,1
ST_STR_REFUSED,0
ST_FP,0,1f227f2721c6c9b22ea30deabf38f7f2176a9d7c5a9b304ef879cf207c12bd7f,5554636
ST_DONE
