ST_CELL,B,A3,0,3,S1,500
ST_TARGET,3,3
ST_QUORUM,0,0,0,0
ST_QUORUM,50,4,3,1
ST_QUORUM,100,6,3,1
ST_QUORUM,150,5,3,1
ST_QUORUM,200,5,3,1
ST_QUORUM,250,5,3,1
ST_QUORUM,300,6,3,1
ST_QUORUM,350,6,3,1
ST_QUORUM,400,6,3,1
ST_QUORUM,450,6,3,1
ST_QUORUM,499,6,3,1
ST_CHECK,refusals,0
ST_CHECK,replay,0
ST_CHECK,provenance,0
ST_SRR,3,0,1
ST_FCR,677,10
ST_TAXONOMY,3,CORRUPTED
ST_TTD_COLLUSION,-1
ST_FREEZE,3,0,0
ST_RECOVERY,-1
ST_REV_LATENCY,-1
ST_DENIAL,0
ST_GENUINE_FLAGGED,0
ST_A6_MAXSTR,-1
ST_GATE_REFUSED,0
ST_B_SUSPECT,1
ST_STR_REFUSED,0
ST_FP,0,0b7bf7147020682f16cb02aa5a232e44371ea91b65d9cc97ed084dce6fddcee1,5554904
ST_DONE
