ST_CELL,B,A4,0,6,S1,500
ST_TARGET,6,6
ST_QUORUM,0,0,0,0
ST_QUORUM,50,4,3,1
ST_QUORUM,100,0,0,0
ST_QUORUM,150,0,0,0
ST_QUORUM,200,0,0,0
ST_QUORUM,250,0,0,0
ST_QUORUM,300,0,0,0
ST_QUORUM,350,0,0,0
ST_QUORUM,400,0,0,0
ST_QUORUM,450,0,0,0
ST_QUORUM,499,0,0,0
ST_CHECK,refusals,0
ST_CHECK,replay,0
ST_CHECK,provenance,0
ST_SRR,6,0,0
ST_FCR,0,0
ST_TAXONOMY,6,GENUINE_REVISED
ST_TTD_COLLUSION,-1
ST_FREEZE,6,0,0
ST_RECOVERY,-1
ST_REV_LATENCY,2
ST_DENIAL,0
ST_GENUINE_FLAGGED,0
ST_A6_MAXSTR,-1
ST_GATE_REFUSED,0
ST_B_SUSPECT,1
ST_STR_REFUSED,0
ST_FP,0,33c6a6b574cf7f32d60166bef4420f21ddefecc80a09c283e1c4aa8fcacb7db7,5550632
ST_DONE
