ST_CELL,B,A5,2,9,S1,500
ST_TARGET,9,9
ST_QUORUM,0,0,0,0
ST_QUORUM,50,0,0,0
ST_QUORUM,100,5,3,1
ST_QUORUM,150,5,3,1
ST_QUORUM,200,6,3,1
ST_QUORUM,250,6,3,1
ST_QUORUM,300,6,3,1
ST_QUORUM,350,6,3,1
ST_QUORUM,400,5,3,1
ST_QUORUM,450,5,3,1
ST_QUORUM,499,5,3,1
ST_CHECK,refusals,0
ST_CHECK,replay,0
ST_CHECK,provenance,0
ST_SRR,9,0,1
ST_FCR,960,0
ST_TAXONOMY,9,CORRUPTED
ST_TTD_COLLUSION,-1
ST_FREEZE,9,0,0
ST_RECOVERY,-1
ST_REV_LATENCY,-1
ST_DENIAL,0
ST_GENUINE_FLAGGED,0
ST_A6_MAXSTR,-1
ST_GATE_REFUSED,0
ST_B_SUSPECT,1
ST_STR_REFUSED,0
ST_FP,0,05bdda42e75346d850f6935eca789187184a8fb1f8d8ed3bec456be582986f40,5555174
ST_DONE
