ST_CELL,B,A6,2,2,S1,500
ST_TARGET,2,2
ST_QUORUM,0,0,0,0
ST_QUORUM,50,0,0,0
ST_QUORUM,100,0,0,0
ST_QUORUM,150,0,0,0
ST_QUORUM,200,0,0,0
ST_QUORUM,250,0,0,0
ST_QUORUM,300,0,0,0
ST_QUORUM,350,0,0,0
ST_QUORUM,400,0,0,0
ST_QUORUM,450,0,0,0
ST_QUORUM,499,0,0,0
ST_CHECK,refusals,0
ST_CHECK,replay,0
ST_CHECK,provenance,0
ST_SRR,2,0,0
ST_FCR,900,60
ST_TAXONOMY,2,CORRUPTED
ST_TTD_COLLUSION,-1
ST_FREEZE,2,0,0
ST_RECOVERY,-1
ST_REV_LATENCY,-1
ST_DENIAL,0
ST_GENUINE_FLAGGED,0
ST_A6_MAXSTR,80
ST_GATE_REFUSED,0
ST_B_SUSPECT,0
ST_STR_REFUSED,0
ST_FP,0,147cc415383e7199033f4d7c7c5c539440af795a7dabbf1c2dba4788850d05f5,5499576
ST_DONE
