ST_CELL,B,N0,1,3,S1,500
ST_TARGET,3,3
ST_QUORUM,0,0,0,0
ST_QUORUM,50,0,0,0
ST_QUORUM,100,0,0,0
ST_QUORUM,150,0,0,0
ST_QUORUM,200,0,0,0
ST_QUORUM,250,0,0,0
ST_QUORUM,300,0,0,0
ST_QUORUM,350,0,0,0
ST_QUORUM,400,0,0,0
ST_QUORUM,450,0,0,0
ST_QUORUM,499,0,0,0
ST_CHECK,refusals,0
ST_CHECK,replay,0
ST_CHECK,provenance,0
ST_SRR,3,0,0
ST_SRR,9,0,0
ST_FCR,0,0
ST_TAXONOMY,3,GENUINE_REVISED
ST_TAXONOMY,9,GENUINE_REVISED
ST_TTD_COLLUSION,-1
ST_FREEZE,3,0,0
ST_RECOVERY,-1
ST_REV_LATENCY,3
ST_DENIAL,0
ST_GENUINE_FLAGGED,0
ST_A6_MAXSTR,-1
ST_GATE_REFUSED,0
ST_B_SUSPECT,2
ST_STR_REFUSED,0
ST_FP,0,723a07f9c210106e9b20ead798c950a397ea55d1d4e44a5982192b74e41f4281,5499431
ST_DONE
