ST_CELL,B,N0,1,0,S1,500
ST_TARGET,0,0
ST_QUORUM,0,0,0,0
ST_QUORUM,50,0,0,0
ST_QUORUM,100,0,0,0
ST_QUORUM,150,0,0,0
ST_QUORUM,200,0,0,0
ST_QUORUM,250,0,0,0
ST_QUORUM,300,0,0,0
ST_QUORUM,350,0,0,0
ST_QUORUM,400,0,0,0
ST_QUORUM,450,0,0,0
ST_QUORUM,499,0,0,0
ST_CHECK,refusals,0
ST_CHECK,replay,0
ST_CHECK,provenance,0
ST_SRR,0,0,0
ST_SRR,6,0,0
ST_FCR,0,0
ST_TAXONOMY,0,GENUINE_REVISED
ST_TAXONOMY,6,GENUINE_REVISED
ST_TTD_COLLUSION,-1
ST_FREEZE,0,0,0
ST_RECOVERY,-1
ST_REV_LATENCY,3
ST_DENIAL,0
ST_GENUINE_FLAGGED,0
ST_A6_MAXSTR,-1
ST_GATE_REFUSED,0
ST_B_SUSPECT,2
ST_STR_REFUSED,0
ST_FP,0,50ec5bad5addf1040739752b9daafc55f9ff16a581b39c429528699ea765d093,5499155
ST_DONE
