ST_CELL,TNC,A1,2,6,S1,500
ST_TARGET,6,6
ST_QUORUM,0,0,0,0
ST_QUORUM,50,0,0,0
ST_QUORUM,100,1,1,0
ST_QUORUM,150,0,0,0
ST_QUORUM,200,0,0,0
ST_QUORUM,250,0,0,0
ST_QUORUM,300,0,0,0
ST_QUORUM,350,0,0,0
ST_QUORUM,400,0,0,0
ST_QUORUM,450,0,0,0
ST_QUORUM,499,0,0,0
ST_CHECK,refusals,0
ST_CHECK,replay,0
ST_CHECK,provenance,0
ST_SRR,6,0,0
ST_FCR,0,0
ST_TAXONOMY,6,CONTAINED
ST_TTD_COLLUSION,-1
ST_FREEZE,6,0,0
ST_RECOVERY,-1
ST_REV_LATENCY,-1
ST_DENIAL,0
ST_GENUINE_FLAGGED,0
ST_A6_MAXSTR,-1
ST_GATE_REFUSED,30
ST_B_SUSPECT,0
ST_STR_REFUSED,0
ST_FP,0,133361dae42b63543ec3d762eb1a7625aa6a3548bc45964d49fab62c8bfc7eb3,5555877
ST_DONE
