ST_CELL,TNC,A3,2,3,S1,500
ST_TARGET,3,3
ST_QUORUM,0,0,0,0
ST_QUORUM,50,0,0,0
ST_QUORUM,100,4,3,1
ST_QUORUM,150,0,0,0
ST_QUORUM,200,0,0,0
ST_QUORUM,250,0,0,0
ST_QUORUM,300,0,0,0
ST_QUORUM,350,0,0,0
ST_QUORUM,400,0,0,0
ST_QUORUM,450,0,0,0
ST_QUORUM,499,0,0,0
ST_CHECK,refusals,0
ST_CHECK,replay,0
ST_CHECK,provenance,0
ST_SRR,3,0,0
ST_FCR,0,10
ST_TAXONOMY,3,CONTAINED
ST_TTD_COLLUSION,-1
ST_FREEZE,3,0,0
ST_RECOVERY,6
ST_REV_LATENCY,-1
ST_DENIAL,0
ST_GENUINE_FLAGGED,0
ST_A6_MAXSTR,-1
ST_GATE_REFUSED,30
ST_B_SUSPECT,0
ST_STR_REFUSED,0
ST_FP,0,22b95f66b2c06edc3165ec1518c974ccc67d429d88a595596076017e347e5cd9,5564259
ST_DONE
