ST_CELL,TNC,A3,1,11,S1,500
ST_TARGET,11,11
ST_QUORUM,0,0,0,0
ST_QUORUM,50,1,1,0
ST_QUORUM,100,4,3,1
ST_QUORUM,150,0,0,0
ST_QUORUM,200,0,0,0
ST_QUORUM,250,0,0,0
ST_QUORUM,300,0,0,0
ST_QUORUM,350,0,0,0
ST_QUORUM,400,0,0,0
ST_QUORUM,450,0,0,0
ST_QUORUM,499,0,0,0
ST_CHECK,refusals,0
ST_CHECK,replay,0
ST_CHECK,provenance,0
ST_SRR,11,0,0
ST_FCR,0,10
ST_TAXONOMY,11,CONTAINED
ST_TTD_COLLUSION,-1
ST_FREEZE,11,0,0
ST_RECOVERY,6
ST_REV_LATENCY,-1
ST_DENIAL,0
ST_GENUINE_FLAGGED,0
ST_A6_MAXSTR,-1
ST_GATE_REFUSED,30
ST_B_SUSPECT,0
ST_STR_REFUSED,0
ST_FP,0,74a3cd786abc74a672c8e8063336892cdd1a92d757d3302b3e4ced84afad6cc0,5564259
ST_DONE
