ST_CELL,TNC,A5,1,8,S1,500
ST_TARGET,8,8
ST_QUORUM,0,0,0,0
ST_QUORUM,50,3,3,1
ST_QUORUM,100,2,2,1
ST_QUORUM,150,0,0,0
ST_QUORUM,200,0,0,0
ST_QUORUM,250,0,0,0
ST_QUORUM,300,0,0,0
ST_QUORUM,350,0,0,0
ST_QUORUM,400,0,0,0
ST_QUORUM,450,0,0,0
ST_QUORUM,499,0,0,0
ST_CHECK,refusals,0
ST_CHECK,replay,0
ST_CHECK,provenance,0
ST_SRR,8,0,1
ST_FCR,225,0
ST_TAXONOMY,8,CORRUPTED
ST_TTD_COLLUSION,-1
ST_FREEZE,8,0,0
ST_RECOVERY,-1
ST_REV_LATENCY,-1
ST_DENIAL,0
ST_GENUINE_FLAGGED,0
ST_A6_MAXSTR,-1
ST_GATE_REFUSED,0
ST_B_SUSPECT,0
ST_STR_REFUSED,0
ST_FP,0,186f0a99013222b0a0e3f27276b4e10c8ba443938acfcadfc4107030a0ed3973,5595901
ST_DONE
