ST_CELL,TNC,A5,1,10,S1,500
ST_TARGET,10,10
ST_QUORUM,0,0,0,0
ST_QUORUM,50,3,3,1
ST_QUORUM,100,2,2,1
ST_QUORUM,150,0,0,0
ST_QUORUM,200,0,0,0
ST_QUORUM,250,0,0,0
ST_QUORUM,300,0,0,0
ST_QUORUM,350,0,0,0
ST_QUORUM,400,0,0,0
ST_QUORUM,450,0,0,0
ST_QUORUM,499,0,0,0
ST_CHECK,refusals,0
ST_CHECK,replay,0
ST_CHECK,provenance,0
ST_SRR,10,0,1
ST_FCR,225,0
ST_TAXONOMY,10,CORRUPTED
ST_TTD_COLLUSION,-1
ST_FREEZE,10,0,0
ST_RECOVERY,-1
ST_REV_LATENCY,-1
ST_DENIAL,0
ST_GENUINE_FLAGGED,0
ST_A6_MAXSTR,-1
ST_GATE_REFUSED,0
ST_B_SUSPECT,0
ST_STR_REFUSED,0
ST_FP,0,2510afa0b99a2e556a64c7a935187198ac93c853dc059eedef19291d5526eb98,5595901
ST_DONE
