ST_CELL,TNC,A5,2,8,S1,500
ST_TARGET,8,8
ST_QUORUM,0,0,0,0
ST_QUORUM,50,0,0,0
ST_QUORUM,100,4,3,1
ST_QUORUM,150,0,0,0
ST_QUORUM,200,0,0,0
ST_QUORUM,250,0,0,0
ST_QUORUM,300,0,0,0
ST_QUORUM,350,0,0,0
ST_QUORUM,400,0,0,0
ST_QUORUM,450,0,0,0
ST_QUORUM,499,0,0,0
ST_CHECK,refusals,0
ST_CHECK,replay,0
ST_CHECK,provenance,0
ST_SRR,8,0,1
ST_FCR,235,0
ST_TAXONOMY,8,CORRUPTED
ST_TTD_COLLUSION,-1
ST_FREEZE,8,0,0
ST_RECOVERY,-1
ST_REV_LATENCY,-1
ST_DENIAL,0
ST_GENUINE_FLAGGED,0
ST_A6_MAXSTR,-1
ST_GATE_REFUSED,0
ST_B_SUSPECT,0
ST_STR_REFUSED,0
ST_FP,0,c16901b7bd8df5726804cf022fb0e22d61f3f6dd68ac52987e004a6ce99c5e72,5597143
ST_DONE
