ST_CELL,TNC,A5,0,7,S1,500
ST_TARGET,7,7
ST_QUORUM,0,0,0,0
ST_QUORUM,50,4,3,1
ST_QUORUM,100,0,0,0
ST_QUORUM,150,0,0,0
ST_QUORUM,200,0,0,0
ST_QUORUM,250,0,0,0
ST_QUORUM,300,0,0,0
ST_QUORUM,350,0,0,0
ST_QUORUM,400,0,0,0
ST_QUORUM,450,0,0,0
ST_QUORUM,499,0,0,0
ST_CHECK,refusals,0
ST_CHECK,replay,0
ST_CHECK,provenance,0
ST_SRR,7,0,1
ST_FCR,225,0
ST_TAXONOMY,7,CORRUPTED
ST_TTD_COLLUSION,-1
ST_FREEZE,7,0,0
ST_RECOVERY,-1
ST_REV_LATENCY,-1
ST_DENIAL,0
ST_GENUINE_FLAGGED,0
ST_A6_MAXSTR,-1
ST_GATE_REFUSED,0
ST_B_SUSPECT,0
ST_STR_REFUSED,0
ST_FP,0,a0a0cf7aafaa709120cf7d1f8e02ded305aadd5d3e2f87a1796018b4428dcc30,5595901
ST_DONE
