ST_CELL,TNC,N0,2,10,S1,500
ST_TARGET,10,10
ST_QUORUM,0,0,0,0
ST_QUORUM,50,0,0,0
ST_QUORUM,100,0,0,0
ST_QUORUM,150,0,0,0
ST_QUORUM,200,0,0,0
ST_QUORUM,250,0,0,0
ST_QUORUM,300,0,0,0
ST_QUORUM,350,0,0,0
ST_QUORUM,400,0,0,0
ST_QUORUM,450,0,0,0
ST_QUORUM,499,0,0,0
ST_CHECK,refusals,0
ST_CHECK,replay,0
ST_CHECK,provenance,0
ST_SRR,10,0,0
ST_SRR,4,0,0
ST_FCR,0,0
ST_TAXONOMY,10,GENUINE_REVISED
ST_TAXONOMY,4,BLIND
ST_TTD_COLLUSION,-1
ST_FREEZE,10,0,0
ST_RECOVERY,-1
ST_REV_LATENCY,3
ST_DENIAL,0
ST_GENUINE_FLAGGED,0
ST_A6_MAXSTR,-1
ST_GATE_REFUSED,10
ST_B_SUSPECT,0
ST_STR_REFUSED,0
ST_FP,0,8c1d01dabec3c6337c5b8f8f446f1c751b2d7178ac66d03546b8132433ce36eb,5499167
ST_DONE
