ST_CELL,T,A0,2,11,S1,500
ST_TARGET,11,11
ST_QUORUM,0,0,0,0
ST_QUORUM,50,0,0,0
ST_QUORUM,100,1,1,1
ST_QUORUM,150,0,0,0
ST_QUORUM,200,0,0,0
ST_QUORUM,250,0,0,0
ST_QUORUM,300,0,0,0
ST_QUORUM,350,0,0,0
ST_QUORUM,400,0,0,0
ST_QUORUM,450,0,0,0
ST_QUORUM,499,0,0,0
ST_CHECK,refusals,0
ST_CHECK,replay,0
ST_CHECK,provenance,0
ST_SRR,11,0,0
ST_FCR,0,0
ST_TAXONOMY,11,CONTAINED
ST_TTD_COLLUSION,-1
ST_FREEZE,11,0,0
ST_RECOVERY,-1
ST_REV_LATENCY,-1
ST_DENIAL,0
ST_GENUINE_FLAGGED,0
ST_A6_MAXSTR,-1
ST_GATE_REFUSED,30
ST_B_SUSPECT,0
ST_STR_REFUSED,0
ST_FP,0,3b2092411a606fe4e95da4709ff34b83e5a34f947a830692f0f8527d66ec04de,5550736
ST_DONE
