ST_CELL,T,A1,1,10,S1,500
ST_TARGET,10,10
ST_QUORUM,0,0,0,0
ST_QUORUM,50,0,0,0
ST_QUORUM,100,0,0,0
ST_QUORUM,150,0,0,0
ST_QUORUM,200,0,0,0
ST_QUORUM,250,0,0,0
ST_QUORUM,300,0,0,0
ST_QUORUM,350,0,0,0
ST_QUORUM,400,0,0,0
ST_QUORUM,450,0,0,0
ST_QUORUM,499,0,0,0
ST_CHECK,refusals,0
ST_CHECK,replay,0
ST_CHECK,provenance,0
ST_SRR,10,0,0
ST_FCR,0,0
ST_TAXONOMY,10,DEGRADED_GRACEFUL
ST_TTD_COLLUSION,0
ST_DISTTRUST,2,4
ST_DISTTRUST,3,4
ST_DISTTRUST,4,4
ST_DISTTRUST,5,4
ST_DISTTRUST,6,4
ST_FREEZE,10,452,1
ST_RECOVERY,-1
ST_REV_LATENCY,-1
ST_DENIAL,0
ST_GENUINE_FLAGGED,0
ST_A6_MAXSTR,-1
ST_GATE_REFUSED,30
ST_B_SUSPECT,0
ST_STR_REFUSED,0
ST_FP,0,046b590ae90fea059ccf67878b4b6f486c38106452e7e6109c7436b6817a813b,5576129
ST_DONE
