ST_CELL,T,A5,2,4,S1,500
ST_TARGET,4,4
ST_QUORUM,0,0,0,0
ST_QUORUM,50,0,0,0
ST_QUORUM,100,0,0,0
ST_QUORUM,150,0,0,0
ST_QUORUM,200,0,0,0
ST_QUORUM,250,0,0,0
ST_QUORUM,300,0,0,0
ST_QUORUM,350,0,0,0
ST_QUORUM,400,0,0,0
ST_QUORUM,450,0,0,0
ST_QUORUM,499,0,0,0
ST_CHECK,refusals,0
ST_CHECK,replay,0
ST_CHECK,provenance,0
ST_SRR,4,0,1
ST_FCR,0,0
ST_TAXONOMY,4,CORRUPTED
ST_TTD_COLLUSION,-1
ST_DISTTRUST,1,4
ST_DISTTRUST,2,4
ST_DISTTRUST,3,4
ST_FREEZE,4,0,0
ST_RECOVERY,-1
ST_REV_LATENCY,-1
ST_DENIAL,0
ST_GENUINE_FLAGGED,0
ST_A6_MAXSTR,-1
ST_GATE_REFUSED,6
ST_B_SUSPECT,0
ST_STR_REFUSED,5
ST_FP,0,f9943aacf7d9a8c7a9672fbe709a529f62d8298c9212d4b73174002844781288,5589519
ST_DONE
