ST_CELL,T,A5,0,1,S1,500
ST_TARGET,1,1
ST_QUORUM,0,0,0,0
ST_QUORUM,50,2,2,1
ST_QUORUM,100,0,0,0
ST_QUORUM,150,0,0,0
ST_QUORUM,200,0,0,0
ST_QUORUM,250,0,0,0
ST_QUORUM,300,0,0,0
ST_QUORUM,350,0,0,0
ST_QUORUM,400,0,0,0
ST_QUORUM,450,0,0,0
ST_QUORUM,499,0,0,0
ST_CHECK,refusals,0
ST_CHECK,replay,0
ST_CHECK,provenance,0
ST_SRR,1,0,1
ST_FCR,0,0
ST_TAXONOMY,1,CORRUPTED
ST_TTD_COLLUSION,-1
ST_DISTTRUST,1,4
ST_DISTTRUST,2,4
ST_DISTTRUST,3,4
ST_FREEZE,1,0,0
ST_RECOVERY,-1
ST_REV_LATENCY,-1
ST_DENIAL,0
ST_GENUINE_FLAGGED,0
ST_A6_MAXSTR,-1
ST_GATE_REFUSED,22
ST_B_SUSPECT,0
ST_STR_REFUSED,0
ST_FP,0,fbadaced28b6d7e4a0c73a6fce5935f7d01fd3d0c563c0b89dd147a426bdc92b,5566473
ST_DONE
