ST_CELL,T,A5,0,9,S1,500
ST_TARGET,9,9
ST_QUORUM,0,0,0,0
ST_QUORUM,50,2,2,1
ST_QUORUM,100,0,0,0
ST_QUORUM,150,0,0,0
ST_QUORUM,200,0,0,0
ST_QUORUM,250,0,0,0
ST_QUORUM,300,0,0,0
ST_QUORUM,350,0,0,0
ST_QUORUM,400,0,0,0
ST_QUORUM,450,0,0,0
ST_QUORUM,499,0,0,0
ST_CHECK,refusals,0
ST_CHECK,replay,0
ST_CHECK,provenance,0
ST_SRR,9,0,1
ST_FCR,0,0
ST_TAXONOMY,9,CORRUPTED
ST_TTD_COLLUSION,-1
ST_DISTTRUST,1,4
ST_DISTTRUST,2,4
ST_DISTTRUST,3,4
ST_FREEZE,9,0,0
ST_RECOVERY,-1
ST_REV_LATENCY,-1
ST_DENIAL,0
ST_GENUINE_FLAGGED,0
ST_A6_MAXSTR,-1
ST_GATE_REFUSED,12
ST_B_SUSPECT,0
ST_STR_REFUSED,1
ST_FP,0,da5ae3d1ab1c36e39cd7072ad5e58e8b9035a4dad7f775d0c17fe6626c71a8c6,5579031
ST_DONE
