ST_CELL,T,A6,1,4,S1,500
ST_TARGET,4,4
ST_QUORUM,0,0,0,0
ST_QUORUM,50,0,0,0
ST_QUORUM,100,0,0,0
ST_QUORUM,150,0,0,0
ST_QUORUM,200,0,0,0
ST_QUORUM,250,0,0,0
ST_QUORUM,300,0,0,0
ST_QUORUM,350,0,0,0
ST_QUORUM,400,0,0,0
ST_QUORUM,450,0,0,0
ST_QUORUM,499,0,0,0
ST_CHECK,refusals,0
ST_CHECK,replay,0
ST_CHECK,provenance,0
ST_SRR,4,0,0
ST_FCR,0,60
ST_TAXONOMY,4,HOLD
ST_TTD_COLLUSION,-1
ST_FREEZE,4,0,0
ST_RECOVERY,-1
ST_REV_LATENCY,-1
ST_DENIAL,0
ST_GENUINE_FLAGGED,0
ST_A6_MAXSTR,50
ST_GATE_REFUSED,0
ST_B_SUSPECT,0
ST_STR_REFUSED,30
ST_FP,0,db62eff974bd223399281e23d2126cedae4650a2f0c47ecc8e67f61ae3f7d8f2,5502016
ST_DONE
