ST_CELL,T,A6,1,5,S1,500
ST_TARGET,5,5
ST_QUORUM,0,0,0,0
ST_QUORUM,50,0,0,0
ST_QUORUM,100,0,0,0
ST_QUORUM,150,0,0,0
ST_QUORUM,200,0,0,0
ST_QUORUM,250,0,0,0
ST_QUORUM,300,0,0,0
ST_QUORUM,350,0,0,0
ST_QUORUM,400,0,0,0
ST_QUORUM,450,0,0,0
ST_QUORUM,499,0,0,0
ST_CHECK,refusals,0
ST_CHECK,replay,0
ST_CHECK,provenance,0
ST_SRR,5,0,0
ST_FCR,0,60
ST_TAXONOMY,5,HOLD
ST_TTD_COLLUSION,-1
ST_FREEZE,5,0,0
ST_RECOVERY,-1
ST_REV_LATENCY,-1
ST_DENIAL,0
ST_GENUINE_FLAGGED,0
ST_A6_MAXSTR,50
ST_GATE_REFUSED,0
ST_B_SUSPECT,0
ST_STR_REFUSED,30
ST_FP,0,bf54d13fffc5245d545a5ec08de0d83496848ae61fcfe7e803130438804373d8,5502154
ST_DONE
