ST_CELL,T,N0,0,9,S1,500
ST_TARGET,9,9
ST_QUORUM,0,0,0,0
ST_QUORUM,50,0,0,0
ST_QUORUM,100,2,2,1
ST_QUORUM,150,0,0,0
ST_QUORUM,200,0,0,0
ST_QUORUM,250,0,0,0
ST_QUORUM,300,0,0,0
ST_QUORUM,350,0,0,0
ST_QUORUM,400,0,0,0
ST_QUORUM,450,0,0,0
ST_QUORUM,499,0,0,0
ST_CHECK,refusals,0
ST_CHECK,replay,0
ST_CHECK,provenance,0
ST_SRR,9,0,0
ST_SRR,3,0,0
ST_FCR,0,0
ST_TAXONOMY,9,GENUINE_REVISED
ST_TAXONOMY,3,BLIND
ST_TTD_COLLUSION,-1
ST_FREEZE,9,0,0
ST_RECOVERY,-1
ST_REV_LATENCY,3
ST_DENIAL,0
ST_GENUINE_FLAGGED,1
ST_A6_MAXSTR,-1
ST_GATE_REFUSED,10
ST_B_SUSPECT,0
ST_STR_REFUSED,0
ST_FP,0,b3b544c745826d2f12d6f6802a6d12546e4613f2ddb3d6dc4a92fbbe56895ba3,5502307
ST_DONE
