READ hid=0 rd=correction ev=1 topic=2
READ hid=1 rd=resume ev=0 topic=0
READ hid=2 rd=challenge ev=0 topic=0
READ hid=3 rd=provenance ev=0 topic=0
READ hid=4 rd=joke ev=0 topic=0
READ hid=5 rd=mem ev=0 topic=0
READ hid=6 rd=forget ev=1 topic=3
READ hid=7 rd=assertion ev=1 topic=6
READ hid=8 rd=compose ev=0 topic=0
READ hid=9 rd=plain ev=0 topic=6
FACT hid=10 fid=5 inter=2 q=33 gate=0
FACT hid=11 fid=3 inter=1 q=16 gate=0
FACT hid=12 fid=11 inter=1 q=16 gate=0
BID hid=13 act=joke fire=0 base=240 bonus=0 score=240 fact=10 grd=4
BID hid=14 act=memory fire=0 base=237 bonus=0 score=237 fact=10 grd=5
BID hid=15 act=forget fire=1 base=234 bonus=2 score=236 fact=10 grd=6
BID hid=16 act=correction fire=1 base=231 bonus=1 score=232 fact=11 grd=0
BID hid=17 act=resume fire=0 base=228 bonus=0 score=228 fact=10 grd=1
BID hid=18 act=compose fire=0 base=225 bonus=0 score=225 fact=10 grd=8
BID hid=19 act=challenge fire=0 base=222 bonus=0 score=222 fact=10 grd=2
BID hid=20 act=provenance fire=0 base=219 bonus=0 score=219 fact=10 grd=3
BID hid=21 act=assertion fire=0 base=216 bonus=2 score=218 fact=10 grd=7
BID hid=22 act=clarify fire=1 base=213 bonus=1 score=214 fact=11 grd=0
BID hid=23 act=withhold fire=0 base=210 bonus=0 score=210 fact=10 grd=-1
BID hid=24 act=default fire=0 base=207 bonus=2 score=209 fact=10 grd=9
ELIM hid=13 reason=PRE_FAIL
ELIM hid=14 reason=PRE_FAIL
ELIM hid=17 reason=PRE_FAIL
ELIM hid=18 reason=PRE_FAIL
ELIM hid=19 reason=PRE_FAIL
ELIM hid=20 reason=PRE_FAIL
ELIM hid=21 reason=PRE_FAIL
ELIM hid=23 reason=PRE_FAIL
ELIM hid=24 reason=PRE_FAIL
FORK_DELIB nread=3 readings=[0,6,7] top1=15@236 top2=16@232 margin=4 for_mask=3 against_mask=0 decision=1
SUBPASS branch=0 round=0
DUEL_DELIB no-conflict
AUDIT_DENY_DELIB by=6 ncand=2 cands=[12:rel=1:dep=0,10:rel=2:dep=1] skipped_annihilate=0 chosen=12 abstain_why=0
AUDIT_DENY_DELIB by=0 ncand=2 cands=[11:rel=1:dep=2,10:rel=2:dep=1] skipped_annihilate=0 chosen=11 abstain_why=0
AUDIT_CLEAN bid=16 dep=11
AUDIT_CLEAN bid=22 dep=11
SUBPASS branch=1 round=0
DUEL_DELIB kill=0(correction) by=6(forget) evclass=1 trighits=2 topicc=2 corr=0 cons_bids=0
AUDIT_DENY_DELIB by=6 ncand=1 cands=[10:rel=2:dep=1] skipped_annihilate=1 chosen=-1 abstain_why=2
SUBPASS branch=0 round=1
DUEL_DELIB no-conflict
AUDIT_DENY_DELIB by=6 ncand=1 cands=[10:rel=2:dep=1] skipped_annihilate=1 chosen=-1 abstain_why=2
BRANCH_SNAP branch=0 winner=15
SUBPASS branch=1 round=1
DUEL_DELIB no-conflict
AUDIT_DENY_DELIB by=6 ncand=1 cands=[10:rel=2:dep=1] skipped_annihilate=1 chosen=-1 abstain_why=2
BRANCH_SNAP branch=1 winner=15
REINT_DELIB candidates=[bid15[gr@32=6 fid@44=10 fact10{gate@48=0 inter@12=2 qual@24=33} score@24=236 agr=2 duelwin=1 evc=1]]
REINT_RULE: among the surviving bids, prefer the answer the ledger's own facts support: a bid grounded in a live gated fact outranks a fallback-string bid; among grounded bids prefer stronger fact overlap then higher fact quality; then prefer the bid more sub-deliberations left standing as their winner; then a gating reading that won a duel; then substantive trigger evidence over absence-evidence; then higher score; lowest hid breaks all ties.
REINT winner=15 nullcase=0
CLOSE winner=15 runner=16 cc=1
VERDICT id=W1 mode=onebrain winner=15 action=forget score=236 fork=1 close=1 answer=The Eiffel Tower is in Paris.
READ hid=0 rd=correction ev=1 topic=3
READ hid=1 rd=resume ev=0 topic=0
READ hid=2 rd=challenge ev=0 topic=0
READ hid=3 rd=provenance ev=0 topic=0
READ hid=4 rd=joke ev=0 topic=0
READ hid=5 rd=mem ev=0 topic=0
READ hid=6 rd=forget ev=1 topic=2
READ hid=7 rd=assertion ev=1 topic=6
READ hid=8 rd=compose ev=0 topic=0
READ hid=9 rd=plain ev=0 topic=6
FACT hid=10 fid=2 inter=2 q=33 gate=0
FACT hid=11 fid=3 inter=1 q=16 gate=0
FACT hid=12 fid=-1 inter=0 q=0 gate=1
BID hid=13 act=joke fire=0 base=240 bonus=0 score=240 fact=10 grd=4
BID hid=14 act=memory fire=0 base=237 bonus=0 score=237 fact=10 grd=5
BID hid=15 act=forget fire=1 base=234 bonus=1 score=235 fact=11 grd=6
BID hid=16 act=correction fire=1 base=231 bonus=2 score=233 fact=10 grd=0
BID hid=17 act=resume fire=0 base=228 bonus=0 score=228 fact=10 grd=1
BID hid=18 act=compose fire=0 base=225 bonus=0 score=225 fact=10 grd=8
BID hid=19 act=challenge fire=0 base=222 bonus=0 score=222 fact=10 grd=2
BID hid=20 act=provenance fire=0 base=219 bonus=0 score=219 fact=10 grd=3
BID hid=21 act=assertion fire=0 base=216 bonus=2 score=218 fact=10 grd=7
BID hid=22 act=clarify fire=1 base=213 bonus=2 score=215 fact=10 grd=0
BID hid=23 act=withhold fire=0 base=210 bonus=0 score=210 fact=10 grd=-1
BID hid=24 act=default fire=0 base=207 bonus=2 score=209 fact=10 grd=9
ELIM hid=13 reason=PRE_FAIL
ELIM hid=14 reason=PRE_FAIL
ELIM hid=17 reason=PRE_FAIL
ELIM hid=18 reason=PRE_FAIL
ELIM hid=19 reason=PRE_FAIL
ELIM hid=20 reason=PRE_FAIL
ELIM hid=21 reason=PRE_FAIL
ELIM hid=23 reason=PRE_FAIL
ELIM hid=24 reason=PRE_FAIL
FORK_DELIB nread=3 readings=[0,6,7] top1=15@235 top2=16@233 margin=2 for_mask=3 against_mask=0 decision=1
SUBPASS branch=0 round=0
DUEL_DELIB no-conflict
AUDIT_DENY_DELIB by=6 ncand=1 cands=[11:rel=1:dep=1] skipped_annihilate=0 chosen=11 abstain_why=0
AUDIT_DENY_DELIB by=0 ncand=1 cands=[10:rel=2:dep=2] skipped_annihilate=1 chosen=-1 abstain_why=2
AUDIT_CLEAN bid=15 dep=11
SUBPASS branch=1 round=0
DUEL_DELIB kill=6(forget) by=7(assertion) evclass=1 trighits=1 topicc=2 corr=0 cons_bids=0
AUDIT_DENY_DELIB by=0 ncand=1 cands=[10:rel=2:dep=2] skipped_annihilate=1 chosen=-1 abstain_why=2
SUBPASS branch=0 round=1
DUEL_DELIB no-conflict
AUDIT_DENY_DELIB by=0 ncand=1 cands=[10:rel=2:dep=2] skipped_annihilate=1 chosen=-1 abstain_why=2
BRANCH_SNAP branch=0 winner=16
SUBPASS branch=1 round=1
DUEL_DELIB no-conflict
AUDIT_DENY_DELIB by=0 ncand=1 cands=[10:rel=2:dep=2] skipped_annihilate=1 chosen=-1 abstain_why=2
BRANCH_SNAP branch=1 winner=16
REINT_DELIB candidates=[bid16[gr@32=0 fid@44=10 fact10{gate@48=0 inter@12=2 qual@24=33} score@24=233 agr=2 duelwin=0 evc=1],bid22[gr@32=0 fid@44=10 fact10{gate@48=0 inter@12=2 qual@24=33} score@24=215 agr=0 duelwin=0 evc=1]]
REINT_RULE: among the surviving bids, prefer the answer the ledger's own facts support: a bid grounded in a live gated fact outranks a fallback-string bid; among grounded bids prefer stronger fact overlap then higher fact quality; then prefer the bid more sub-deliberations left standing as their winner; then a gating reading that won a duel; then substantive trigger evidence over absence-evidence; then higher score; lowest hid breaks all ties.
  lose bid22: fallback answer (grounded=0) vs winner grounded on fact row 10
REINT winner=16 nullcase=0
CLOSE winner=16 runner=15 cc=1
VERDICT id=W2 mode=onebrain winner=16 action=correction score=233 fork=1 close=1 answer=Paris is the capital of France.
READ hid=0 rd=correction ev=1 topic=3
READ hid=1 rd=resume ev=0 topic=0
READ hid=2 rd=challenge ev=0 topic=0
READ hid=3 rd=provenance ev=0 topic=0
READ hid=4 rd=joke ev=0 topic=0
READ hid=5 rd=mem ev=0 topic=0
READ hid=6 rd=forget ev=1 topic=3
READ hid=7 rd=assertion ev=1 topic=7
READ hid=8 rd=compose ev=0 topic=0
READ hid=9 rd=plain ev=0 topic=7
FACT hid=10 fid=0 inter=2 q=28 gate=0
FACT hid=11 fid=1 inter=2 q=28 gate=0
FACT hid=12 fid=-1 inter=0 q=0 gate=1
BID hid=13 act=joke fire=0 base=240 bonus=0 score=240 fact=10 grd=4
BID hid=14 act=memory fire=0 base=237 bonus=0 score=237 fact=10 grd=5
BID hid=15 act=forget fire=1 base=234 bonus=2 score=236 fact=10 grd=6
BID hid=16 act=correction fire=1 base=231 bonus=2 score=233 fact=11 grd=0
BID hid=17 act=resume fire=0 base=228 bonus=0 score=228 fact=10 grd=1
BID hid=18 act=compose fire=0 base=225 bonus=0 score=225 fact=10 grd=8
BID hid=19 act=challenge fire=0 base=222 bonus=0 score=222 fact=10 grd=2
BID hid=20 act=provenance fire=0 base=219 bonus=0 score=219 fact=10 grd=3
BID hid=21 act=assertion fire=0 base=216 bonus=2 score=218 fact=10 grd=7
BID hid=22 act=clarify fire=1 base=213 bonus=2 score=215 fact=11 grd=0
BID hid=23 act=withhold fire=0 base=210 bonus=0 score=210 fact=10 grd=-1
BID hid=24 act=default fire=0 base=207 bonus=2 score=209 fact=10 grd=9
ELIM hid=13 reason=PRE_FAIL
ELIM hid=14 reason=PRE_FAIL
ELIM hid=17 reason=PRE_FAIL
ELIM hid=18 reason=PRE_FAIL
ELIM hid=19 reason=PRE_FAIL
ELIM hid=20 reason=PRE_FAIL
ELIM hid=21 reason=PRE_FAIL
ELIM hid=23 reason=PRE_FAIL
ELIM hid=24 reason=PRE_FAIL
FORK_DELIB nread=3 readings=[0,6,7] top1=15@236 top2=16@233 margin=3 for_mask=3 against_mask=0 decision=1
SUBPASS branch=0 round=0
DUEL_DELIB no-conflict
AUDIT_DENY_DELIB by=6 ncand=1 cands=[10:rel=2:dep=1] skipped_annihilate=0 chosen=10 abstain_why=0
AUDIT_DENY_DELIB by=0 ncand=1 cands=[11:rel=2:dep=2] skipped_annihilate=1 chosen=-1 abstain_why=2
AUDIT_CLEAN bid=15 dep=10
SUBPASS branch=1 round=0
DUEL_DELIB kill=6(forget) by=7(assertion) evclass=1 trighits=1 topicc=3 corr=0 cons_bids=0
AUDIT_DENY_DELIB by=0 ncand=1 cands=[11:rel=2:dep=2] skipped_annihilate=1 chosen=-1 abstain_why=2
SUBPASS branch=0 round=1
DUEL_DELIB no-conflict
AUDIT_DENY_DELIB by=0 ncand=1 cands=[11:rel=2:dep=2] skipped_annihilate=1 chosen=-1 abstain_why=2
BRANCH_SNAP branch=0 winner=16
SUBPASS branch=1 round=1
DUEL_DELIB no-conflict
AUDIT_DENY_DELIB by=0 ncand=1 cands=[11:rel=2:dep=2] skipped_annihilate=1 chosen=-1 abstain_why=2
BRANCH_SNAP branch=1 winner=16
REINT_DELIB candidates=[bid16[gr@32=0 fid@44=11 fact11{gate@48=0 inter@12=2 qual@24=28} score@24=233 agr=2 duelwin=0 evc=1],bid22[gr@32=0 fid@44=11 fact11{gate@48=0 inter@12=2 qual@24=28} score@24=215 agr=0 duelwin=0 evc=1]]
REINT_RULE: among the surviving bids, prefer the answer the ledger's own facts support: a bid grounded in a live gated fact outranks a fallback-string bid; among grounded bids prefer stronger fact overlap then higher fact quality; then prefer the bid more sub-deliberations left standing as their winner; then a gating reading that won a duel; then substantive trigger evidence over absence-evidence; then higher score; lowest hid breaks all ties.
  lose bid22: fallback answer (grounded=0) vs winner grounded on fact row 11
REINT winner=16 nullcase=0
CLOSE winner=16 runner=15 cc=1
VERDICT id=W3 mode=onebrain winner=16 action=correction score=233 fork=1 close=1 answer=Herman Melville was born in 1819.
READ hid=0 rd=correction ev=1 topic=3
READ hid=1 rd=resume ev=0 topic=0
READ hid=2 rd=challenge ev=0 topic=0
READ hid=3 rd=provenance ev=0 topic=0
READ hid=4 rd=joke ev=0 topic=0
READ hid=5 rd=mem ev=0 topic=0
READ hid=6 rd=forget ev=1 topic=3
READ hid=7 rd=assertion ev=1 topic=7
READ hid=8 rd=compose ev=0 topic=0
READ hid=9 rd=plain ev=0 topic=7
FACT hid=10 fid=0 inter=2 q=28 gate=0
FACT hid=11 fid=4 inter=2 q=28 gate=0
FACT hid=12 fid=-1 inter=0 q=0 gate=1
BID hid=13 act=joke fire=0 base=240 bonus=0 score=240 fact=10 grd=4
BID hid=14 act=memory fire=0 base=237 bonus=0 score=237 fact=10 grd=5
BID hid=15 act=forget fire=1 base=234 bonus=2 score=236 fact=11 grd=6
BID hid=16 act=correction fire=1 base=231 bonus=2 score=233 fact=10 grd=0
BID hid=17 act=resume fire=0 base=228 bonus=0 score=228 fact=10 grd=1
BID hid=18 act=compose fire=0 base=225 bonus=0 score=225 fact=10 grd=8
BID hid=19 act=challenge fire=0 base=222 bonus=0 score=222 fact=10 grd=2
BID hid=20 act=provenance fire=0 base=219 bonus=0 score=219 fact=10 grd=3
BID hid=21 act=assertion fire=0 base=216 bonus=2 score=218 fact=10 grd=7
BID hid=22 act=clarify fire=1 base=213 bonus=2 score=215 fact=10 grd=0
BID hid=23 act=withhold fire=0 base=210 bonus=0 score=210 fact=10 grd=-1
BID hid=24 act=default fire=0 base=207 bonus=2 score=209 fact=10 grd=9
ELIM hid=13 reason=PRE_FAIL
ELIM hid=14 reason=PRE_FAIL
ELIM hid=17 reason=PRE_FAIL
ELIM hid=18 reason=PRE_FAIL
ELIM hid=19 reason=PRE_FAIL
ELIM hid=20 reason=PRE_FAIL
ELIM hid=21 reason=PRE_FAIL
ELIM hid=23 reason=PRE_FAIL
ELIM hid=24 reason=PRE_FAIL
FORK_DELIB nread=3 readings=[0,6,7] top1=15@236 top2=16@233 margin=3 for_mask=3 against_mask=0 decision=1
SUBPASS branch=0 round=0
DUEL_DELIB no-conflict
AUDIT_DENY_DELIB by=6 ncand=1 cands=[11:rel=2:dep=1] skipped_annihilate=0 chosen=11 abstain_why=0
AUDIT_DENY_DELIB by=0 ncand=1 cands=[10:rel=2:dep=2] skipped_annihilate=1 chosen=-1 abstain_why=2
AUDIT_CLEAN bid=15 dep=11
SUBPASS branch=1 round=0
DUEL_DELIB kill=6(forget) by=7(assertion) evclass=1 trighits=1 topicc=3 corr=0 cons_bids=0
AUDIT_DENY_DELIB by=0 ncand=1 cands=[10:rel=2:dep=2] skipped_annihilate=1 chosen=-1 abstain_why=2
SUBPASS branch=0 round=1
DUEL_DELIB no-conflict
AUDIT_DENY_DELIB by=0 ncand=1 cands=[10:rel=2:dep=2] skipped_annihilate=1 chosen=-1 abstain_why=2
BRANCH_SNAP branch=0 winner=16
SUBPASS branch=1 round=1
DUEL_DELIB no-conflict
AUDIT_DENY_DELIB by=0 ncand=1 cands=[10:rel=2:dep=2] skipped_annihilate=1 chosen=-1 abstain_why=2
BRANCH_SNAP branch=1 winner=16
REINT_DELIB candidates=[bid16[gr@32=0 fid@44=10 fact10{gate@48=0 inter@12=2 qual@24=28} score@24=233 agr=2 duelwin=0 evc=1],bid22[gr@32=0 fid@44=10 fact10{gate@48=0 inter@12=2 qual@24=28} score@24=215 agr=0 duelwin=0 evc=1]]
REINT_RULE: among the surviving bids, prefer the answer the ledger's own facts support: a bid grounded in a live gated fact outranks a fallback-string bid; among grounded bids prefer stronger fact overlap then higher fact quality; then prefer the bid more sub-deliberations left standing as their winner; then a gating reading that won a duel; then substantive trigger evidence over absence-evidence; then higher score; lowest hid breaks all ties.
  lose bid22: fallback answer (grounded=0) vs winner grounded on fact row 10
REINT winner=16 nullcase=0
CLOSE winner=16 runner=15 cc=1
VERDICT id=W4 mode=onebrain winner=16 action=correction score=233 fork=1 close=1 answer=Herman Melville wrote the novel Moby Dick.
READ hid=0 rd=correction ev=1 topic=2
READ hid=1 rd=resume ev=0 topic=0
READ hid=2 rd=challenge ev=0 topic=0
READ hid=3 rd=provenance ev=0 topic=0
READ hid=4 rd=joke ev=0 topic=0
READ hid=5 rd=mem ev=0 topic=0
READ hid=6 rd=forget ev=1 topic=2
READ hid=7 rd=assertion ev=1 topic=6
READ hid=8 rd=compose ev=0 topic=0
READ hid=9 rd=plain ev=0 topic=6
FACT hid=10 fid=2 inter=2 q=33 gate=0
FACT hid=11 fid=3 inter=1 q=16 gate=0
FACT hid=12 fid=-1 inter=0 q=0 gate=1
BID hid=13 act=joke fire=0 base=240 bonus=0 score=240 fact=10 grd=4
BID hid=14 act=memory fire=0 base=237 bonus=0 score=237 fact=10 grd=5
BID hid=15 act=forget fire=1 base=234 bonus=2 score=236 fact=10 grd=6
BID hid=16 act=correction fire=1 base=231 bonus=1 score=232 fact=11 grd=0
BID hid=17 act=resume fire=0 base=228 bonus=0 score=228 fact=10 grd=1
BID hid=18 act=compose fire=0 base=225 bonus=0 score=225 fact=10 grd=8
BID hid=19 act=challenge fire=0 base=222 bonus=0 score=222 fact=10 grd=2
BID hid=20 act=provenance fire=0 base=219 bonus=0 score=219 fact=10 grd=3
BID hid=21 act=assertion fire=0 base=216 bonus=2 score=218 fact=10 grd=7
BID hid=22 act=clarify fire=1 base=213 bonus=1 score=214 fact=11 grd=0
BID hid=23 act=withhold fire=0 base=210 bonus=0 score=210 fact=10 grd=-1
BID hid=24 act=default fire=0 base=207 bonus=2 score=209 fact=10 grd=9
ELIM hid=13 reason=PRE_FAIL
ELIM hid=14 reason=PRE_FAIL
ELIM hid=17 reason=PRE_FAIL
ELIM hid=18 reason=PRE_FAIL
ELIM hid=19 reason=PRE_FAIL
ELIM hid=20 reason=PRE_FAIL
ELIM hid=21 reason=PRE_FAIL
ELIM hid=23 reason=PRE_FAIL
ELIM hid=24 reason=PRE_FAIL
FORK_DELIB nread=3 readings=[0,6,7] top1=15@236 top2=16@232 margin=4 for_mask=3 against_mask=0 decision=1
SUBPASS branch=0 round=0
DUEL_DELIB no-conflict
AUDIT_DENY_DELIB by=6 ncand=1 cands=[10:rel=2:dep=1] skipped_annihilate=0 chosen=10 abstain_why=0
AUDIT_DENY_DELIB by=0 ncand=1 cands=[11:rel=1:dep=2] skipped_annihilate=1 chosen=-1 abstain_why=2
AUDIT_CLEAN bid=15 dep=10
SUBPASS branch=1 round=0
DUEL_DELIB no-conflict
AUDIT_DENY_DELIB by=6 ncand=0 cands=[] skipped_annihilate=0 chosen=-1 abstain_why=1
AUDIT_DENY_DELIB by=0 ncand=1 cands=[11:rel=1:dep=2] skipped_annihilate=1 chosen=-1 abstain_why=2
SUBPASS branch=0 round=1
DUEL_DELIB no-conflict
AUDIT_DENY_DELIB by=6 ncand=0 cands=[] skipped_annihilate=0 chosen=-1 abstain_why=1
AUDIT_DENY_DELIB by=0 ncand=1 cands=[11:rel=1:dep=2] skipped_annihilate=1 chosen=-1 abstain_why=2
BRANCH_SNAP branch=0 winner=16
SUBPASS branch=1 round=1
DUEL_DELIB no-conflict
AUDIT_DENY_DELIB by=6 ncand=0 cands=[] skipped_annihilate=0 chosen=-1 abstain_why=1
AUDIT_DENY_DELIB by=0 ncand=1 cands=[11:rel=1:dep=2] skipped_annihilate=1 chosen=-1 abstain_why=2
BRANCH_SNAP branch=1 winner=16
REINT_DELIB candidates=[bid16[gr@32=0 fid@44=11 fact11{gate@48=0 inter@12=1 qual@24=16} score@24=232 agr=2 duelwin=0 evc=1],bid22[gr@32=0 fid@44=11 fact11{gate@48=0 inter@12=1 qual@24=16} score@24=214 agr=0 duelwin=0 evc=1]]
REINT_RULE: among the surviving bids, prefer the answer the ledger's own facts support: a bid grounded in a live gated fact outranks a fallback-string bid; among grounded bids prefer stronger fact overlap then higher fact quality; then prefer the bid more sub-deliberations left standing as their winner; then a gating reading that won a duel; then substantive trigger evidence over absence-evidence; then higher score; lowest hid breaks all ties.
  lose bid22: fallback answer (grounded=0) vs winner grounded on fact row 11
REINT winner=16 nullcase=0
CLOSE winner=16 runner=15 cc=1
VERDICT id=W5 mode=onebrain winner=16 action=correction score=232 fork=1 close=1 answer=The Louvre is in Paris.
