[znc] znc: [macos-arm64] wrote signed native binary docs/lab/research-lead/overnight-20260928/suf_audit_20261003/suf_audit_decide281 (31160 bytes text, 241 bytes data, 0 external build tools)
[run 1] rc=0 sha=75c6f10027ef5463c8d17dea1da1af32a66c67c2fbf44b519a4f1e869c139785
----- run 1 output -----
SUFAUDIT-DECIDE281-V1
BASE 0
PROBES d0=16 d1=8 nlab=22
TIE2 op=4 d=0 s=0 out16=17 out8=9
TIE2 op=4 d=0 s=1 out16=17 out8=9
TIE2 op=4 d=0 s=2 out16=17 out8=9
TIE2 op=4 d=0 s=3 out16=17 out8=9
MENU 80
GAINPOS 4
GAIN2PLUS 4
ARGMAX op=4 d=0 s=0
BASEFIT score_of_empty=0 argmax_gain=2
CAND-INC-R0 score=2 out16=17 out8=9
END
------------------------
[run 2] rc=0 sha=75c6f10027ef5463c8d17dea1da1af32a66c67c2fbf44b519a4f1e869c139785
----- run 2 output -----
SUFAUDIT-DECIDE281-V1
BASE 0
PROBES d0=16 d1=8 nlab=22
TIE2 op=4 d=0 s=0 out16=17 out8=9
TIE2 op=4 d=0 s=1 out16=17 out8=9
TIE2 op=4 d=0 s=2 out16=17 out8=9
TIE2 op=4 d=0 s=3 out16=17 out8=9
MENU 80
GAINPOS 4
GAIN2PLUS 4
ARGMAX op=4 d=0 s=0
BASEFIT score_of_empty=0 argmax_gain=2
CAND-INC-R0 score=2 out16=17 out8=9
END
------------------------
[run 3] rc=0 sha=75c6f10027ef5463c8d17dea1da1af32a66c67c2fbf44b519a4f1e869c139785
----- run 3 output -----
SUFAUDIT-DECIDE281-V1
BASE 0
PROBES d0=16 d1=8 nlab=22
TIE2 op=4 d=0 s=0 out16=17 out8=9
TIE2 op=4 d=0 s=1 out16=17 out8=9
TIE2 op=4 d=0 s=2 out16=17 out8=9
TIE2 op=4 d=0 s=3 out16=17 out8=9
MENU 80
GAINPOS 4
GAIN2PLUS 4
ARGMAX op=4 d=0 s=0
BASEFIT score_of_empty=0 argmax_gain=2
CAND-INC-R0 score=2 out16=17 out8=9
END
------------------------
[zbuild] DETERMINISM: PASS (3/3 byte-identical,  75c6f10027ef5463c8d17dea1da1af32a66c67c2fbf44b519a4f1e869c139785 75c6f10027ef5463c8d17dea1da1af32a66c67c2fbf44b519a4f1e869c139785 75c6f10027ef5463c8d17dea1da1af32a66c67c2fbf44b519a4f1e869c139785 )
