TEACH|rc=0
TEACH|LEARN|G1|INSTALLED|PASS
TEACH|LEARN|G2|INSTALLED|PASS
TEACH|LEARN|G3|INSTALLED|PASS
TEACH|LEARN|G4|INSTALLED|PASS
TEACH|LEARN|G5|INSTALLED|PASS
TEACH|LEARN|G6|INSTALLED|PASS
TEACH|LEARN|G7|REJECTED|CALIB-FAIL
TEACH|VALID|installed=G1,G2,G3,G4,G5,G6 G7 rejected
KBCOMMIT|rc=0|commits=12
KBCOMMIT|KB|COMMIT|1
KBCOMMIT|KB|COMMIT|2
KBCOMMIT|KB|COMMIT|3
KBCOMMIT|KB|COMMIT|4
KBCOMMIT|KB|COMMIT|5
KBCOMMIT|KB|COMMIT|6
KBCOMMIT|KB|COMMIT|7
KBCOMMIT|KB|COMMIT|8
KBCOMMIT|KB|COMMIT|9
KBCOMMIT|KB|COMMIT|10
KBCOMMIT|KB|COMMIT|11
KBCOMMIT|KB|COMMIT|12
KBCOMMIT|VALID|12 claims deliberately committed
bhk-01|QUERY|tall eiffel tower including its antennas
bhk-01|OPEN|bhk-01-p1 bhk-01-p2
bhk-01|KB|AGREE|1|bhk-01-p1
bhk-01|KB|AGREE|1|bhk-01-p2
bhk-01|INSTALL|KB-0001|KB|1|the tower known as the eiffel tower stands 330 metres tall, including its antenn|provs=bhk-01-p1,bhk-01-p2
bhk-02|QUERY|at temperature water boil at sea level
bhk-02|OPEN|bhk-02-p1 bhk-02-p2
bhk-02|KB|AGREE|3|bhk-02-p1
bhk-02|KB|AGREE|3|bhk-02-p2
bhk-02|INSTALL|KB-0002|KB|3|sea level conditions make water boil at 100 degrees celsius.|provs=bhk-02-p1,bhk-02-p2
bhk-03|QUERY|bones adult human skeleton
bhk-03|OPEN|bhk-03-p1 bhk-03-p2
bhk-03|KB|AGREE|5|bhk-03-p1
bhk-03|INSTALL|KB-0003|KB|5|anatomy textbooks state the adult human skeleton has 206 bones.|provs=bhk-03-p1
bhk-04|QUERY|high mount everest rise above sea level
bhk-04|OPEN|bhk-04-p1 bhk-04-p2
bhk-04|KB|AGREE|7|bhk-04-p1
bhk-04|KB|AGREE|7|bhk-04-p2
bhk-04|INSTALL|KB-0004|KB|7|surveyors report mount everest rises 8848 metres above sea level.|provs=bhk-04-p1,bhk-04-p2
bhk-05|QUERY|times per day human heart beat
bhk-05|OPEN|bhk-05-p1 bhk-05-p2
bhk-05|KB|AGREE|9|bhk-05-p1
bhk-05|KB|AGREE|9|bhk-05-p2
bhk-05|INSTALL|KB-0005|KB|9|cardiologists estimate the human heart beats about 100000 times per day.|provs=bhk-05-p1,bhk-05-p2
bhk-06|QUERY|ocean largest earth by surface area
bhk-06|OPEN|bhk-06-p1 bhk-06-p2
bhk-06|KB|AGREE|12|bhk-06-p1
bhk-06|KB|AGREE|12|bhk-06-p2
bhk-06|INSTALL|KB-0006|KB|12|geographers confirm the pacific ocean is the largest ocean on earth by surface a|provs=bhk-06-p1,bhk-06-p2
bsk-01|QUERY|fast cheetahs run short bursts
bsk-01|OPEN|bsk-01-p1 bsk-01-p2
bsk-01|WITHHOLD|KB_CONTRADICTION|seq=2
bsk-02|QUERY|speed light vacuum
bsk-02|OPEN|bsk-02-p1 bsk-02-p2
bsk-02|WITHHOLD|KB_CONTRADICTION|seq=6
bsk-03|QUERY|long great wall china total
bsk-03|OPEN|bsk-03-p1 bsk-03-p2
bsk-03|WITHHOLD|KB_CONTRADICTION|seq=8
bsk-04|QUERY|wrote tragedy hamlet and
bsk-04|OPEN|bsk-04-p1 bsk-04-p2
bsk-04|WITHHOLD|KB_CONTRADICTION|seq=11
bsk-05|QUERY|times per day human heart beat
bsk-05|OPEN|bsk-05-p1 bsk-05-p2
bsk-05|WITHHOLD|KB_CONTRADICTION|seq=9
bsk-06|QUERY|tall eiffel tower including its antennas
bsk-06|OPEN|bsk-06-p1 bsk-06-p2
bsk-06|WITHHOLD|KB_CONTRADICTION|seq=1
ARM|K|DONE|installs=6 withholds=6 gates={'KB_CONTRADICTION': 6}
