CL_CHECK,pcm_encode,0,0
CL_CHECK,pcm_min_status,0,0
CL_CHECK,pcm_min,-32768,-32768
CL_CHECK,pcm_max_status,0,0
CL_CHECK,pcm_max,32767,32767
CL_CHECK,pcm_last_status,0,0
CL_CHECK,pcm_minus_one,-1,-1
CL_CHECK,pcm_exact_payload,1,1
CL_CHECK,stream_first,0,0
CL_CHECK,stream_duplicate,1869964872,1869966912
CL_CHECK,stream_no_mutation,1,1
CL_CHECK,stream_save,0,0
CL_CHECK,stream_load,0,0
CL_CHECK,stream_clock_restored,8,8
CL_CHECK,payload_corrupt,1869964456,1869966576
CL_CHECK,metadata_corrupt,1869964456,1869966496
CL_CHECK,observation_torn,1869964584,1869966400
CL_CHECK,bad_channels,1869963464,1869966240
CL_CHECK,bad_input_output_unchanged,1,1
CL_CHECK,overlap_refused,1869964832,1869966064
CL_CHECK,new_sequence,0,0
CL_CHECK,backwards_time,1869964872,1869965920
CL_CHECK,clock_change,1869964872,1869965808
CL_CHECK,rgb_encode,0,0
CL_CHECK,rgb_exact_channel_order,1,1
CL_CHECK,rgb_not_pcm,1869964896,1869965520
CL_CHECK,world_init,1869964896,0
CL_CHECK,world_initial_observe,1869964880,0
CL_CHECK,world_observation_format,1869964792,0
CL_CHECK,hidden_regime_absent,1,1
CL_CHECK,invalid_action,1869964816,1869966904
CL_CHECK,invalid_action_unchanged,1,1
CL_CHECK,left_action,1869964816,0
CL_CHECK,touch_pending,1869964816,0
CL_CHECK,no_immediate_reward,0,0
CL_CHECK,pending_capacity,1869964816,1869966408
CL_CHECK,pending_refusal_unchanged,1,1
CL_CHECK,resumed_world_exact,1,1
CL_CHECK,resumed_consequence_exact,0,0
CL_CHECK,delay_not_early,0,0
CL_CHECK,resumed_world_exact,1,1
CL_CHECK,resumed_consequence_exact,0,0
CL_CHECK,delay_not_early,0,0
CL_CHECK,resumed_world_exact,1,1
CL_CHECK,resumed_consequence_exact,0,0
CL_CHECK,cause_is_touch_event,0,2
CL_CHECK,delayed_reward,0,1
CL_CHECK,pending_cleared,-1,0
CL_CHECK,inspect_has_cost,0,1
CL_CHECK,inspect_counter,-1,1
CL_CHECK,inspect_reveals_pixel_detail,1,0
CL_CHECK,world_still_valid,1869964840,0
CL_CHECK,checkpoint_build,1,1
CL_CHECK,checkpoint_validate,1869965536,0
CL_CHECK,world_section_exact,1,1
