tnn-pre-v1-r28-aeif-no-graph-shadow/
tnn-pre-v1-r28-aeif-no-graph-shadow/experiments_memory_v5.py
tnn-pre-v1-r28-aeif-no-graph-shadow/docs/
tnn-pre-v1-r28-aeif-no-graph-shadow/docs/RESULTS.md
tnn-pre-v1-r28-aeif-no-graph-shadow/docs/MEMORY_POLICY.md
tnn-pre-v1-r28-aeif-no-graph-shadow/docs/MASTER_PLAN.md
tnn-pre-v1-r28-aeif-no-graph-shadow/docs/FAILURES_AND_BOUNDARIES.md
tnn-pre-v1-r28-aeif-no-graph-shadow/docs/NEXT_STAGE_HANDOFF.md
tnn-pre-v1-r28-aeif-no-graph-shadow/docs/AUTHORSHIP_LEDGER.md
tnn-pre-v1-r28-aeif-no-graph-shadow/docs/HARDCODING_LEDGER.md
tnn-pre-v1-r28-aeif-no-graph-shadow/docs/TRACEABILITY.md
tnn-pre-v1-r28-aeif-no-graph-shadow/experiments_entity_qualification.py
tnn-pre-v1-r28-aeif-no-graph-shadow/results/
tnn-pre-v1-r28-aeif-no-graph-shadow/results/affordance_context/
tnn-pre-v1-r28-aeif-no-graph-shadow/results/affordance_context/summary.json
tnn-pre-v1-r28-aeif-no-graph-shadow/results/affordance_context/s3.json
tnn-pre-v1-r28-aeif-no-graph-shadow/results/affordance_context/s4.json
tnn-pre-v1-r28-aeif-no-graph-shadow/results/affordance_context/training_curve.json
tnn-pre-v1-r28-aeif-no-graph-shadow/results/affordance_context/s2.json
tnn-pre-v1-r28-aeif-no-graph-shadow/results/affordance_context/s0.json
tnn-pre-v1-r28-aeif-no-graph-shadow/results/affordance_context/s1.json
tnn-pre-v1-r28-aeif-no-graph-shadow/results/factorial/
tnn-pre-v1-r28-aeif-no-graph-shadow/results/factorial/aeif_s0_balanced_diverse.json
tnn-pre-v1-r28-aeif-no-graph-shadow/results/factorial/aeif_s2_active_self.json
tnn-pre-v1-r28-aeif-no-graph-shadow/results/factorial/aeif_s2_contrastive.json
tnn-pre-v1-r28-aeif-no-graph-shadow/results/factorial/aeif_s3_balanced_diverse.json
tnn-pre-v1-r28-aeif-no-graph-shadow/results/factorial/aeif_s1_random_passive.json
tnn-pre-v1-r28-aeif-no-graph-shadow/results/factorial/aeif_s2_learned_teacher.json
tnn-pre-v1-r28-aeif-no-graph-shadow/results/factorial/aeif_s2_master_withdrawal.json
tnn-pre-v1-r28-aeif-no-graph-shadow/results/factorial/aeif_s0_learned_teacher.json
tnn-pre-v1-r28-aeif-no-graph-shadow/results/factorial/aeif_s1_contrastive.json
tnn-pre-v1-r28-aeif-no-graph-shadow/results/factorial/aeif_s0_active_self.json
tnn-pre-v1-r28-aeif-no-graph-shadow/results/factorial/aeif_s0_random_passive.json
tnn-pre-v1-r28-aeif-no-graph-shadow/results/factorial/aeif_s3_learned_teacher.json
tnn-pre-v1-r28-aeif-no-graph-shadow/results/factorial/aeif_s3_adaptive_master.json
tnn-pre-v1-r28-aeif-no-graph-shadow/results/factorial/aeif_s3_random_passive.json
tnn-pre-v1-r28-aeif-no-graph-shadow/results/factorial/aeif_s0_contrastive.json
tnn-pre-v1-r28-aeif-no-graph-shadow/results/factorial/aeif_s2_random_passive.json
tnn-pre-v1-r28-aeif-no-graph-shadow/results/factorial/aeif_s2_adaptive_master.json
tnn-pre-v1-r28-aeif-no-graph-shadow/results/factorial/aeif_s1_master_withdrawal.json
tnn-pre-v1-r28-aeif-no-graph-shadow/results/factorial/aeif_s0_adaptive_master.json
tnn-pre-v1-r28-aeif-no-graph-shadow/results/factorial/aeif_s1_balanced_diverse.json
tnn-pre-v1-r28-aeif-no-graph-shadow/results/factorial/aeif_s1_learned_teacher.json
tnn-pre-v1-r28-aeif-no-graph-shadow/results/factorial/aeif_s2_balanced_diverse.json
tnn-pre-v1-r28-aeif-no-graph-shadow/results/factorial/aeif_s3_master_withdrawal.json
tnn-pre-v1-r28-aeif-no-graph-shadow/results/factorial/aeif_balanced_s0.json
tnn-pre-v1-r28-aeif-no-graph-shadow/results/factorial/aeif_s3_active_self.json
tnn-pre-v1-r28-aeif-no-graph-shadow/results/factorial/aeif_s1_active_self.json
tnn-pre-v1-r28-aeif-no-graph-shadow/results/factorial/aeif_s3_contrastive.json
tnn-pre-v1-r28-aeif-no-graph-shadow/results/factorial/aeif_s0_master_withdrawal.json
tnn-pre-v1-r28-aeif-no-graph-shadow/results/factorial/aeif_s1_adaptive_master.json
tnn-pre-v1-r28-aeif-no-graph-shadow/results/memory_v3/
tnn-pre-v1-r28-aeif-no-graph-shadow/results/memory_v3/shards/
tnn-pre-v1-r28-aeif-no-graph-shadow/results/memory_v3/shards/s5.json
tnn-pre-v1-r28-aeif-no-graph-shadow/results/memory_v3/shards/s7.json
tnn-pre-v1-r28-aeif-no-graph-shadow/results/memory_v3/shards/s3.json
tnn-pre-v1-r28-aeif-no-graph-shadow/results/memory_v3/shards/s4.json
tnn-pre-v1-r28-aeif-no-graph-shadow/results/memory_v3/shards/s6.json
tnn-pre-v1-r28-aeif-no-graph-shadow/results/memory_v3/shards/s2.json
tnn-pre-v1-r28-aeif-no-graph-shadow/results/memory_v3/shards/s0.json
tnn-pre-v1-r28-aeif-no-graph-shadow/results/memory_v3/shards/s1.json
tnn-pre-v1-r28-aeif-no-graph-shadow/results/memory_v3/memory_v3.json
tnn-pre-v1-r28-aeif-no-graph-shadow/results/master_diagnostic/
tnn-pre-v1-r28-aeif-no-graph-shadow/results/master_diagnostic/run.log
tnn-pre-v1-r28-aeif-no-graph-shadow/results/memory_v5_seed0.json
tnn-pre-v1-r28-aeif-no-graph-shadow/results/speech_dtw/
tnn-pre-v1-r28-aeif-no-graph-shadow/results/substrate_foundry/
tnn-pre-v1-r28-aeif-no-graph-shadow/results/substrate_foundry/seed4_HYBRID.json
tnn-pre-v1-r28-aeif-no-graph-shadow/results/substrate_foundry/seed0_HYBRID.json
tnn-pre-v1-r28-aeif-no-graph-shadow/results/substrate_foundry/seed5_SURROGATE.json
tnn-pre-v1-r28-aeif-no-graph-shadow/results/substrate_foundry/seed0_EVOLUTION.json
tnn-pre-v1-r28-aeif-no-graph-shadow/results/substrate_foundry/run_remaining.log
tnn-pre-v1-r28-aeif-no-graph-shadow/results/substrate_foundry/seed0_RANDOM.json
tnn-pre-v1-r28-aeif-no-graph-shadow/results/substrate_foundry/seed1_SURROGATE.json
tnn-pre-v1-r28-aeif-no-graph-shadow/results/substrate_foundry/seed4_EVOLUTION.json
tnn-pre-v1-r28-aeif-no-graph-shadow/results/substrate_foundry/seed2_HYBRID.json
tnn-pre-v1-r28-aeif-no-graph-shadow/results/substrate_foundry/shards/
tnn-pre-v1-r28-aeif-no-graph-shadow/results/substrate_foundry/seed3_SURROGATE.json
tnn-pre-v1-r28-aeif-no-graph-shadow/results/substrate_foundry/seed1_LEARNED_MUTATION.json
tnn-pre-v1-r28-aeif-no-graph-shadow/results/substrate_foundry/seed0_LEARNED_MUTATION.json
tnn-pre-v1-r28-aeif-no-graph-shadow/results/substrate_foundry/seed4_RANDOM.json
tnn-pre-v1-r28-aeif-no-graph-shadow/results/substrate_foundry/seed3_RANDOM.json
tnn-pre-v1-r28-aeif-no-graph-shadow/results/substrate_foundry/seed2_EVOLUTION.json
tnn-pre-v1-r28-aeif-no-graph-shadow/results/substrate_foundry/seed4_SURROGATE.json
tnn-pre-v1-r28-aeif-no-graph-shadow/results/substrate_foundry/seed5_HYBRID.json
tnn-pre-v1-r28-aeif-no-graph-shadow/results/substrate_foundry/seed5_EVOLUTION.json
tnn-pre-v1-r28-aeif-no-graph-shadow/results/substrate_foundry/seed3_EVOLUTION.json
tnn-pre-v1-r28-aeif-no-graph-shadow/results/substrate_foundry/seed4_LEARNED_MUTATION.json
tnn-pre-v1-r28-aeif-no-graph-shadow/results/substrate_foundry/seed3_HYBRID.json
tnn-pre-v1-r28-aeif-no-graph-shadow/results/substrate_foundry/seed1_EVOLUTION.json
tnn-pre-v1-r28-aeif-no-graph-shadow/results/substrate_foundry/seed0_SURROGATE.json
tnn-pre-v1-r28-aeif-no-graph-shadow/results/substrate_foundry/seed1_HYBRID.json
tnn-pre-v1-r28-aeif-no-graph-shadow/results/substrate_foundry/seed5_LEARNED_MUTATION.json
tnn-pre-v1-r28-aeif-no-graph-shadow/results/substrate_foundry/seed2_SURROGATE.json
tnn-pre-v1-r28-aeif-no-graph-shadow/results/substrate_foundry/seed3_LEARNED_MUTATION.json
tnn-pre-v1-r28-aeif-no-graph-shadow/results/substrate_foundry/seed1_RANDOM.json
tnn-pre-v1-r28-aeif-no-graph-shadow/results/substrate_foundry/seed5_RANDOM.json
tnn-pre-v1-r28-aeif-no-graph-shadow/results/substrate_foundry/seed2_LEARNED_MUTATION.json
tnn-pre-v1-r28-aeif-no-graph-shadow/results/substrate_foundry/substrate_foundry_combined.json
tnn-pre-v1-r28-aeif-no-graph-shadow/results/substrate_foundry/seed2_RANDOM.json
tnn-pre-v1-r28-aeif-no-graph-shadow/results/system_fluency/
tnn-pre-v1-r28-aeif-no-graph-shadow/results/system_fluency/system_fluency.json
tnn-pre-v1-r28-aeif-no-graph-shadow/results/master_withdrawal/
tnn-pre-v1-r28-aeif-no-graph-shadow/results/master_withdrawal/summary.json
tnn-pre-v1-r28-aeif-no-graph-shadow/results/master_withdrawal/s3.json
tnn-pre-v1-r28-aeif-no-graph-shadow/results/master_withdrawal/s4.json
tnn-pre-v1-r28-aeif-no-graph-shadow/results/master_withdrawal/s2.json
tnn-pre-v1-r28-aeif-no-graph-shadow/results/master_withdrawal/s0.json
tnn-pre-v1-r28-aeif-no-graph-shadow/results/master_withdrawal/s1.json
tnn-pre-v1-r28-aeif-no-graph-shadow/results/training/
tnn-pre-v1-r28-aeif-no-graph-shadow/results/training/289001_adaptive_master.json
tnn-pre-v1-r28-aeif-no-graph-shadow/results/training/289000_max_diversity.json
tnn-pre-v1-r28-aeif-no-graph-shadow/results/training/289000_mixed.json
tnn-pre-v1-r28-aeif-no-graph-shadow/results/training/289000_master_to_diverse.json
tnn-pre-v1-r28-aeif-no-graph-shadow/results/training/289001_master_to_diverse.json
tnn-pre-v1-r28-aeif-no-graph-shadow/results/training/289000_counterexample_heavy.json
tnn-pre-v1-r28-aeif-no-graph-shadow/results/training/289000_contrastive.json
tnn-pre-v1-r28-aeif-no-graph-shadow/results/training/289001_sibling_assisted.json
tnn-pre-v1-r28-aeif-no-graph-shadow/results/training/289001_mixed.json
tnn-pre-v1-r28-aeif-no-graph-shadow/results/training/289001_counterexample_heavy.json
tnn-pre-v1-r28-aeif-no-graph-shadow/results/training/289001_contrastive.json
tnn-pre-v1-r28-aeif-no-graph-shadow/results/training/289000_sibling_assisted.json
tnn-pre-v1-r28-aeif-no-graph-shadow/results/training/289001_tnn_replay.json
tnn-pre-v1-r28-aeif-no-graph-shadow/results/training/289000_random_exposure.json
tnn-pre-v1-r28-aeif-no-graph-shadow/results/training/289001_max_diversity.json
tnn-pre-v1-r28-aeif-no-graph-shadow/results/training/289000_adaptive_master.json
tnn-pre-v1-r28-aeif-no-graph-shadow/results/training/s0_balanced.json
tnn-pre-v1-r28-aeif-no-graph-shadow/results/training/289000_tnn_replay.json
tnn-pre-v1-r28-aeif-no-graph-shadow/results/training/289001_active_self.json
tnn-pre-v1-r28-aeif-no-graph-shadow/results/training/289000_active_self.json
tnn-pre-v1-r28-aeif-no-graph-shadow/results/training/289001_random_exposure.json
tnn-pre-v1-r28-aeif-no-graph-shadow/results/training/289001_balanced_exposure.json
tnn-pre-v1-r28-aeif-no-graph-shadow/results/qualification/
tnn-pre-v1-r28-aeif-no-graph-shadow/results/qualification/entity_q0_1.json
tnn-pre-v1-r28-aeif-no-graph-shadow/results/qualification/entity_q2_3.json
tnn-pre-v1-r28-aeif-no-graph-shadow/results/memory_v3_combined.json
tnn-pre-v1-r28-aeif-no-graph-shadow/results/training_curve2/
tnn-pre-v1-r28-aeif-no-graph-shadow/results/training_curve2/deep_training_curves.json
tnn-pre-v1-r28-aeif-no-graph-shadow/results/training_curve2/shards/
tnn-pre-v1-r28-aeif-no-graph-shadow/results/training_curve2/shards/283001_CONTRASTIVE.json
tnn-pre-v1-r28-aeif-no-graph-shadow/results/training_curve2/shards/283000_MIXED.json
tnn-pre-v1-r28-aeif-no-graph-shadow/results/training_curve2/shards/283004_MASTER_DIVERSE.json
tnn-pre-v1-r28-aeif-no-graph-shadow/results/training_curve2/shards/283004_CONTRASTIVE.json
tnn-pre-v1-r28-aeif-no-graph-shadow/results/training_curve2/shards/283003_ACTIVE_SELF.json
tnn-pre-v1-r28-aeif-no-graph-shadow/results/training_curve2/shards/283001_ACTIVE_SELF.json
tnn-pre-v1-r28-aeif-no-graph-shadow/results/training_curve2/shards/283002_COUNTEREXAMPLE.json
tnn-pre-v1-r28-aeif-no-graph-shadow/results/training_curve2/shards/283004_COUNTEREXAMPLE.json
tnn-pre-v1-r28-aeif-no-graph-shadow/results/training_curve2/shards/283004_MIXED.json
tnn-pre-v1-r28-aeif-no-graph-shadow/results/training_curve2/shards/283003_MAX_DIVERSITY.json
tnn-pre-v1-r28-aeif-no-graph-shadow/results/training_curve2/shards/283000_MASTER_DIVERSE.json
tnn-pre-v1-r28-aeif-no-graph-shadow/results/training_curve2/shards/283002_ACTIVE_SELF.json
tnn-pre-v1-r28-aeif-no-graph-shadow/results/training_curve2/shards/283000_ACTIVE_SELF.json
tnn-pre-v1-r28-aeif-no-graph-shadow/results/training_curve2/shards/283000_SIBLING_ASSIST.json
tnn-pre-v1-r28-aeif-no-graph-shadow/results/training_curve2/shards/283000_RANDOM.json
tnn-pre-v1-r28-aeif-no-graph-shadow/results/training_curve2/shards/283002_MAX_DIVERSITY.json
tnn-pre-v1-r28-aeif-no-graph-shadow/results/training_curve2/shards/283003_CONTRASTIVE.json
tnn-pre-v1-r28-aeif-no-graph-shadow/results/training_curve2/shards/283004_ADAPTIVE_MASTER.json
tnn-pre-v1-r28-aeif-no-graph-shadow/results/training_curve2/shards/283001_TNN_REPLAY.json
tnn-pre-v1-r28-aeif-no-graph-shadow/results/training_curve2/shards/283003_MASTER_DIVERSE.json
tnn-pre-v1-r28-aeif-no-graph-shadow/results/training_curve2/shards/283004_SIBLING_ASSIST.json
tnn-pre-v1-r28-aeif-no-graph-shadow/results/training_curve2/shards/283001_MAX_DIVERSITY.json
tnn-pre-v1-r28-aeif-no-graph-shadow/results/training_curve2/shards/283003_COUNTEREXAMPLE.json
tnn-pre-v1-r28-aeif-no-graph-shadow/results/training_curve2/shards/283003_MIXED.json
tnn-pre-v1-r28-aeif-no-graph-shadow/results/training_curve2/shards/283002_TNN_REPLAY.json
tnn-pre-v1-r28-aeif-no-graph-shadow/results/training_curve2/shards/283003_BALANCED.json
tnn-pre-v1-r28-aeif-no-graph-shadow/results/training_curve2/shards/283001_COUNTEREXAMPLE.json
tnn-pre-v1-r28-aeif-no-graph-shadow/results/training_curve2/shards/283000_COUNTEREXAMPLE.json
tnn-pre-v1-r28-aeif-no-graph-shadow/results/training_curve2/shards/283001_MASTER_DIVERSE.json
tnn-pre-v1-r28-aeif-no-graph-shadow/results/training_curve2/shards/283001_SIBLING_ASSIST.json
tnn-pre-v1-r28-aeif-no-graph-shadow/results/training_curve2/shards/283002_MASTER_DIVERSE.json
tnn-pre-v1-r28-aeif-no-graph-shadow/results/training_curve2/shards/283002_BALANCED.json
tnn-pre-v1-r28-aeif-no-graph-shadow/results/training_curve2/shards/283004_TNN_REPLAY.json
tnn-pre-v1-r28-aeif-no-graph-shadow/results/training_curve2/shards/283001_ADAPTIVE_MASTER.json
tnn-pre-v1-r28-aeif-no-graph-shadow/results/training_curve2/shards/283002_MIXED.json
tnn-pre-v1-r28-aeif-no-graph-shadow/results/training_curve2/shards/283002_SIBLING_ASSIST.json
tnn-pre-v1-r28-aeif-no-graph-shadow/results/training_curve2/shards/283000_CONTRASTIVE.json
tnn-pre-v1-r28-aeif-no-graph-shadow/results/training_curve2/shards/283000_MAX_DIVERSITY.json
tnn-pre-v1-r28-aeif-no-graph-shadow/results/training_curve2/shards/283001_RANDOM.json
tnn-pre-v1-r28-aeif-no-graph-shadow/results/training_curve2/shards/283002_ADAPTIVE_MASTER.json
tnn-pre-v1-r28-aeif-no-graph-shadow/results/training_curve2/shards/283000_ADAPTIVE_MASTER.json
tnn-pre-v1-r28-aeif-no-graph-shadow/results/training_curve2/shards/283002_RANDOM.json
tnn-pre-v1-r28-aeif-no-graph-shadow/results/training_curve2/shards/283002_CONTRASTIVE.json
tnn-pre-v1-r28-aeif-no-graph-shadow/results/training_curve2/shards/283004_BALANCED.json
tnn-pre-v1-r28-aeif-no-graph-shadow/results/training_curve2/shards/283003_RANDOM.json
tnn-pre-v1-r28-aeif-no-graph-shadow/results/training_curve2/shards/283001_MIXED.json
tnn-pre-v1-r28-aeif-no-graph-shadow/results/training_curve2/shards/283004_ACTIVE_SELF.json
tnn-pre-v1-r28-aeif-no-graph-shadow/results/training_curve2/shards/283003_ADAPTIVE_MASTER.json
tnn-pre-v1-r28-aeif-no-graph-shadow/results/training_curve2/shards/283003_TNN_REPLAY.json
tnn-pre-v1-r28-aeif-no-graph-shadow/results/training_curve2/shards/283003_SIBLING_ASSIST.json
tnn-pre-v1-r28-aeif-no-graph-shadow/results/training_curve2/shards/283000_TNN_REPLAY.json
tnn-pre-v1-r28-aeif-no-graph-shadow/results/training_curve2/shards/283004_RANDOM.json
tnn-pre-v1-r28-aeif-no-graph-shadow/results/training_curve2/shards/283000_BALANCED.json
tnn-pre-v1-r28-aeif-no-graph-shadow/results/training_curve2/shards/283001_BALANCED.json
tnn-pre-v1-r28-aeif-no-graph-shadow/results/training_curve2/shards/283004_MAX_DIVERSITY.json
tnn-pre-v1-r28-aeif-no-graph-shadow/results/training_curve2/pools/
tnn-pre-v1-r28-aeif-no-graph-shadow/results/training_curve2/pools/283001.npz
tnn-pre-v1-r28-aeif-no-graph-shadow/results/training_curve2/pools/283004.npz
tnn-pre-v1-r28-aeif-no-graph-shadow/results/training_curve2/pools/283002.npz
tnn-pre-v1-r28-aeif-no-graph-shadow/results/training_curve2/pools/283003.npz
tnn-pre-v1-r28-aeif-no-graph-shadow/results/training_curve2/pools/283000.npz
tnn-pre-v1-r28-aeif-no-graph-shadow/results/confirmation/
tnn-pre-v1-r28-aeif-no-graph-shadow/results/memory_v4/
tnn-pre-v1-r28-aeif-no-graph-shadow/results/memory_v4/shards/
tnn-pre-v1-r28-aeif-no-graph-shadow/results/memory_v4/shards/s5.json
tnn-pre-v1-r28-aeif-no-graph-shadow/results/memory_v4/shards/s7.json
tnn-pre-v1-r28-aeif-no-graph-shadow/results/memory_v4/shards/s3.json
tnn-pre-v1-r28-aeif-no-graph-shadow/results/memory_v4/shards/s4.json
tnn-pre-v1-r28-aeif-no-graph-shadow/results/memory_v4/shards/s6.json
tnn-pre-v1-r28-aeif-no-graph-shadow/results/memory_v4/shards/s2.json
tnn-pre-v1-r28-aeif-no-graph-shadow/results/memory_v4/shards/s0.json
tnn-pre-v1-r28-aeif-no-graph-shadow/results/memory_v4/shards/s1.json
tnn-pre-v1-r28-aeif-no-graph-shadow/results/memory_v4/memory_v4.json
tnn-pre-v1-r28-aeif-no-graph-shadow/results/deep_training_curves.json
tnn-pre-v1-r28-aeif-no-graph-shadow/results/sibling_hard/
tnn-pre-v1-r28-aeif-no-graph-shadow/results/sibling_hard/summary.json
tnn-pre-v1-r28-aeif-no-graph-shadow/results/sibling_hard/s3.json
tnn-pre-v1-r28-aeif-no-graph-shadow/results/sibling_hard/s4.json
tnn-pre-v1-r28-aeif-no-graph-shadow/results/sibling_hard/s2.json
tnn-pre-v1-r28-aeif-no-graph-shadow/results/sibling_hard/s0.json
tnn-pre-v1-r28-aeif-no-graph-shadow/results/sibling_hard/s1.json
tnn-pre-v1-r28-aeif-no-graph-shadow/results/dev/
tnn-pre-v1-r28-aeif-no-graph-shadow/results/dev/shards/
tnn-pre-v1-r28-aeif-no-graph-shadow/results/dev/shards/280100_adaptive_master.json
tnn-pre-v1-r28-aeif-no-graph-shadow/results/dev/shards/280101_master_diverse.json
tnn-pre-v1-r28-aeif-no-graph-shadow/results/dev/shards/280104_max_diversity.json
tnn-pre-v1-r28-aeif-no-graph-shadow/results/dev/shards/280101_balanced.json
tnn-pre-v1-r28-aeif-no-graph-shadow/results/dev/shards/280103_counterexample.json
tnn-pre-v1-r28-aeif-no-graph-shadow/results/dev/shards/280104_balanced.json
tnn-pre-v1-r28-aeif-no-graph-shadow/results/dev/shards/280102_contrastive.json
tnn-pre-v1-r28-aeif-no-graph-shadow/results/dev/shards/280104_sibling_assist.json
tnn-pre-v1-r28-aeif-no-graph-shadow/results/dev/shards/280101_mixed.json
tnn-pre-v1-r28-aeif-no-graph-shadow/results/dev/shards/280102_balanced.json
tnn-pre-v1-r28-aeif-no-graph-shadow/results/dev/shards/280102_sibling_assist.json
tnn-pre-v1-r28-aeif-no-graph-shadow/results/dev/shards/280100_tnn_replay.json
tnn-pre-v1-r28-aeif-no-graph-shadow/results/dev/shards/280101_sibling_assist.json
tnn-pre-v1-r28-aeif-no-graph-shadow/results/dev/shards/280101_random.json
tnn-pre-v1-r28-aeif-no-graph-shadow/results/dev/shards/280104_adaptive_master.json
tnn-pre-v1-r28-aeif-no-graph-shadow/results/dev/shards/280103_mixed.json
tnn-pre-v1-r28-aeif-no-graph-shadow/results/dev/shards/280104_counterexample.json
tnn-pre-v1-r28-aeif-no-graph-shadow/results/dev/shards/280100_active_self.json
tnn-pre-v1-r28-aeif-no-graph-shadow/results/dev/shards/280101_counterexample.json
tnn-pre-v1-r28-aeif-no-graph-shadow/results/dev/shards/280100_master_diverse.json
tnn-pre-v1-r28-aeif-no-graph-shadow/results/dev/shards/280101_max_diversity.json
tnn-pre-v1-r28-aeif-no-graph-shadow/results/dev/shards/280102_counterexample.json
tnn-pre-v1-r28-aeif-no-graph-shadow/results/dev/shards/280102_max_diversity.json
tnn-pre-v1-r28-aeif-no-graph-shadow/results/dev/shards/280100_max_diversity.json
tnn-pre-v1-r28-aeif-no-graph-shadow/results/dev/shards/280103_tnn_replay.json
tnn-pre-v1-r28-aeif-no-graph-shadow/results/dev/shards/280101_adaptive_master.json
tnn-pre-v1-r28-aeif-no-graph-shadow/results/dev/shards/280101_contrastive.json
tnn-pre-v1-r28-aeif-no-graph-shadow/results/dev/shards/280103_active_self.json
tnn-pre-v1-r28-aeif-no-graph-shadow/results/dev/shards/280103_max_diversity.json
tnn-pre-v1-r28-aeif-no-graph-shadow/results/dev/shards/280103_sibling_assist.json
tnn-pre-v1-r28-aeif-no-graph-shadow/results/dev/shards/280104_random.json
tnn-pre-v1-r28-aeif-no-graph-shadow/results/dev/shards/280102_random.json
tnn-pre-v1-r28-aeif-no-graph-shadow/results/dev/shards/280104_active_self.json
tnn-pre-v1-r28-aeif-no-graph-shadow/results/dev/shards/280103_balanced.json
tnn-pre-v1-r28-aeif-no-graph-shadow/results/dev/shards/280102_mixed.json
tnn-pre-v1-r28-aeif-no-graph-shadow/results/dev/shards/280104_tnn_replay.json
tnn-pre-v1-r28-aeif-no-graph-shadow/results/dev/shards/280103_contrastive.json
tnn-pre-v1-r28-aeif-no-graph-shadow/results/dev/shards/280102_tnn_replay.json
tnn-pre-v1-r28-aeif-no-graph-shadow/results/dev/shards/280102_active_self.json
tnn-pre-v1-r28-aeif-no-graph-shadow/results/dev/shards/280100_counterexample.json
tnn-pre-v1-r28-aeif-no-graph-shadow/results/dev/shards/280100_contrastive.json
tnn-pre-v1-r28-aeif-no-graph-shadow/results/dev/shards/280103_adaptive_master.json
tnn-pre-v1-r28-aeif-no-graph-shadow/results/dev/shards/280101_active_self.json
tnn-pre-v1-r28-aeif-no-graph-shadow/results/dev/shards/280102_adaptive_master.json
tnn-pre-v1-r28-aeif-no-graph-shadow/results/dev/shards/280101_tnn_replay.json
tnn-pre-v1-r28-aeif-no-graph-shadow/results/dev/shards/280104_mixed.json
tnn-pre-v1-r28-aeif-no-graph-shadow/results/dev/shards/280100_sibling_assist.json
tnn-pre-v1-r28-aeif-no-graph-shadow/results/dev/shards/280100_balanced.json
tnn-pre-v1-r28-aeif-no-graph-shadow/results/dev/shards/280103_random.json
tnn-pre-v1-r28-aeif-no-graph-shadow/results/dev/shards/280103_master_diverse.json
tnn-pre-v1-r28-aeif-no-graph-shadow/results/dev/shards/280102_master_diverse.json
tnn-pre-v1-r28-aeif-no-graph-shadow/results/dev/shards/280104_contrastive.json
tnn-pre-v1-r28-aeif-no-graph-shadow/results/dev/shards/280100_mixed.json
tnn-pre-v1-r28-aeif-no-graph-shadow/results/dev/shards/280104_master_diverse.json
tnn-pre-v1-r28-aeif-no-graph-shadow/results/dev/shards/280100_random.json
tnn-pre-v1-r28-aeif-no-graph-shadow/results/dev/test_random.json
tnn-pre-v1-r28-aeif-no-graph-shadow/results/dev/entity_factorial.json
tnn-pre-v1-r28-aeif-no-graph-shadow/results/speech_ctc/
tnn-pre-v1-r28-aeif-no-graph-shadow/results/speech_ctc/s0_screen.json
tnn-pre-v1-r28-aeif-no-graph-shadow/results/speech_ctc/s0_fixed.json
tnn-pre-v1-r28-aeif-no-graph-shadow/results/affordance_r28/
tnn-pre-v1-r28-aeif-no-graph-shadow/results/affordance_r28/summary.json
tnn-pre-v1-r28-aeif-no-graph-shadow/results/affordance_r28/s5.json
tnn-pre-v1-r28-aeif-no-graph-shadow/results/affordance_r28/s7.json
tnn-pre-v1-r28-aeif-no-graph-shadow/results/affordance_r28/s3.json
tnn-pre-v1-r28-aeif-no-graph-shadow/results/affordance_r28/s4.json
tnn-pre-v1-r28-aeif-no-graph-shadow/results/affordance_r28/s6.json
tnn-pre-v1-r28-aeif-no-graph-shadow/results/affordance_r28/s2.json
tnn-pre-v1-r28-aeif-no-graph-shadow/results/affordance_r28/s0.json
tnn-pre-v1-r28-aeif-no-graph-shadow/results/affordance_r28/s1.json
tnn-pre-v1-r28-aeif-no-graph-shadow/results/memory_shards/
tnn-pre-v1-r28-aeif-no-graph-shadow/results/memory_shards/memory_v3_s0.json
tnn-pre-v1-r28-aeif-no-graph-shadow/results/memory_shards/memory_v3_s3.json
tnn-pre-v1-r28-aeif-no-graph-shadow/results/memory_shards/memory_v3_s1.json
tnn-pre-v1-r28-aeif-no-graph-shadow/results/memory_shards/memory_v3_s2.json
tnn-pre-v1-r28-aeif-no-graph-shadow/results/memory_shards/memory_v3_s4.json
tnn-pre-v1-r28-aeif-no-graph-shadow/results/training_curve/
tnn-pre-v1-r28-aeif-no-graph-shadow/results/training_curve/BALANCED_s0.json
tnn-pre-v1-r28-aeif-no-graph-shadow/results/final_summary.json
tnn-pre-v1-r28-aeif-no-graph-shadow/results/speech_ctc_blank/
tnn-pre-v1-r28-aeif-no-graph-shadow/results/speech_ctc_blank/s0_bias2.json
tnn-pre-v1-r28-aeif-no-graph-shadow/results/speech_ctc_blank/s0_pretrain.json
tnn-pre-v1-r28-aeif-no-graph-shadow/results/speech_ctc_blank/s0_bias2_pres.json
tnn-pre-v1-r28-aeif-no-graph-shadow/results/memory_v5/
tnn-pre-v1-r28-aeif-no-graph-shadow/results/memory_v5/shards/
tnn-pre-v1-r28-aeif-no-graph-shadow/results/memory_v5/shards/s5.json
tnn-pre-v1-r28-aeif-no-graph-shadow/results/memory_v5/shards/s7.json
tnn-pre-v1-r28-aeif-no-graph-shadow/results/memory_v5/shards/s3.json
tnn-pre-v1-r28-aeif-no-graph-shadow/results/memory_v5/shards/s4.json
tnn-pre-v1-r28-aeif-no-graph-shadow/results/memory_v5/shards/s6.json
tnn-pre-v1-r28-aeif-no-graph-shadow/results/memory_v5/shards/s2.json
tnn-pre-v1-r28-aeif-no-graph-shadow/results/memory_v5/shards/s0.json
tnn-pre-v1-r28-aeif-no-graph-shadow/results/memory_v5/shards/s1.json
tnn-pre-v1-r28-aeif-no-graph-shadow/results/memory_v5/memory_v5.json
tnn-pre-v1-r28-aeif-no-graph-shadow/results/name_hard/
tnn-pre-v1-r28-aeif-no-graph-shadow/results/name_hard/summary.json
tnn-pre-v1-r28-aeif-no-graph-shadow/results/name_hard/s3.json
tnn-pre-v1-r28-aeif-no-graph-shadow/results/name_hard/s4.json
tnn-pre-v1-r28-aeif-no-graph-shadow/results/name_hard/s2.json
tnn-pre-v1-r28-aeif-no-graph-shadow/results/name_hard/s0.json
tnn-pre-v1-r28-aeif-no-graph-shadow/results/name_hard/s1.json
tnn-pre-v1-r28-aeif-no-graph-shadow/results/aeif_graph_nograph_factorial.json
tnn-pre-v1-r28-aeif-no-graph-shadow/results/integrated/
tnn-pre-v1-r28-aeif-no-graph-shadow/results/speech_trimmed/
tnn-pre-v1-r28-aeif-no-graph-shadow/results/speech_trimmed/s0_screen.json
tnn-pre-v1-r28-aeif-no-graph-shadow/results/sibling_r28/
tnn-pre-v1-r28-aeif-no-graph-shadow/results/sibling_r28/summary.json
tnn-pre-v1-r28-aeif-no-graph-shadow/results/sibling_r28/s5.json
tnn-pre-v1-r28-aeif-no-graph-shadow/results/sibling_r28/s7.json
tnn-pre-v1-r28-aeif-no-graph-shadow/results/sibling_r28/s3.json
tnn-pre-v1-r28-aeif-no-graph-shadow/results/sibling_r28/s4.json
tnn-pre-v1-r28-aeif-no-graph-shadow/results/sibling_r28/s6.json
tnn-pre-v1-r28-aeif-no-graph-shadow/results/sibling_r28/s2.json
tnn-pre-v1-r28-aeif-no-graph-shadow/results/sibling_r28/s0.json
tnn-pre-v1-r28-aeif-no-graph-shadow/results/sibling_r28/s1.json
tnn-pre-v1-r28-aeif-no-graph-shadow/results/integrated_r28/
tnn-pre-v1-r28-aeif-no-graph-shadow/results/integrated_r28/s0_nominal.json
tnn-pre-v1-r28-aeif-no-graph-shadow/results/integrated_r28/summary.json
tnn-pre-v1-r28-aeif-no-graph-shadow/results/integrated_r28/s0_hard.json
tnn-pre-v1-r28-aeif-no-graph-shadow/results/integrated_r28/test_hard2.json
tnn-pre-v1-r28-aeif-no-graph-shadow/results/integrated_r28/s4_hard.json
tnn-pre-v1-r28-aeif-no-graph-shadow/results/integrated_r28/test_nominal2.json
tnn-pre-v1-r28-aeif-no-graph-shadow/results/integrated_r28/s1_hard.json
tnn-pre-v1-r28-aeif-no-graph-shadow/results/integrated_r28/test_hard.json
tnn-pre-v1-r28-aeif-no-graph-shadow/results/integrated_r28/s2_hard.json
tnn-pre-v1-r28-aeif-no-graph-shadow/results/integrated_r28/s1_nominal.json
tnn-pre-v1-r28-aeif-no-graph-shadow/results/integrated_r28/curriculum_highdose/
tnn-pre-v1-r28-aeif-no-graph-shadow/results/integrated_r28/curriculum_highdose/ADAPTIVE_MASTER_s2.json
tnn-pre-v1-r28-aeif-no-graph-shadow/results/integrated_r28/curriculum_highdose/MIXED_s1.json
tnn-pre-v1-r28-aeif-no-graph-shadow/results/integrated_r28/curriculum_highdose/MIXED_s2.json
tnn-pre-v1-r28-aeif-no-graph-shadow/results/integrated_r28/curriculum_highdose/BALANCED_s2.json
tnn-pre-v1-r28-aeif-no-graph-shadow/results/integrated_r28/curriculum_highdose/BALANCED_s0.json
tnn-pre-v1-r28-aeif-no-graph-shadow/results/integrated_r28/curriculum_highdose/BALANCED_s1.json
tnn-pre-v1-r28-aeif-no-graph-shadow/results/integrated_r28/curriculum_highdose/ADAPTIVE_MASTER_s0.json
tnn-pre-v1-r28-aeif-no-graph-shadow/results/integrated_r28/curriculum_highdose/ADAPTIVE_MASTER_s1.json
tnn-pre-v1-r28-aeif-no-graph-shadow/results/integrated_r28/curriculum_highdose/MIXED_s0.json
tnn-pre-v1-r28-aeif-no-graph-shadow/results/integrated_r28/s3_nominal.json
tnn-pre-v1-r28-aeif-no-graph-shadow/results/integrated_r28/test_hard_s0.json
tnn-pre-v1-r28-aeif-no-graph-shadow/results/integrated_r28/run.log
tnn-pre-v1-r28-aeif-no-graph-shadow/results/integrated_r28/s4_nominal.json
tnn-pre-v1-r28-aeif-no-graph-shadow/results/integrated_r28/dose1024/
tnn-pre-v1-r28-aeif-no-graph-shadow/results/integrated_r28/dose1024/hard_s4.json
tnn-pre-v1-r28-aeif-no-graph-shadow/results/integrated_r28/dose1024/nominal_s0.json
tnn-pre-v1-r28-aeif-no-graph-shadow/results/integrated_r28/dose1024/hard_s2.json
tnn-pre-v1-r28-aeif-no-graph-shadow/results/integrated_r28/dose1024/nominal_s4.json
tnn-pre-v1-r28-aeif-no-graph-shadow/results/integrated_r28/dose1024/hard_s3.json
tnn-pre-v1-r28-aeif-no-graph-shadow/results/integrated_r28/dose1024/nominal_s3.json
tnn-pre-v1-r28-aeif-no-graph-shadow/results/integrated_r28/dose1024/hard_s1.json
tnn-pre-v1-r28-aeif-no-graph-shadow/results/integrated_r28/dose1024/nominal_s2.json
tnn-pre-v1-r28-aeif-no-graph-shadow/results/integrated_r28/dose1024/nominal_s1.json
tnn-pre-v1-r28-aeif-no-graph-shadow/results/integrated_r28/dose1024/hard_s0.json
tnn-pre-v1-r28-aeif-no-graph-shadow/results/integrated_r28/test_nominal.json
tnn-pre-v1-r28-aeif-no-graph-shadow/results/integrated_r28/s3_hard.json
tnn-pre-v1-r28-aeif-no-graph-shadow/results/integrated_r28/dose1024_summary.json
tnn-pre-v1-r28-aeif-no-graph-shadow/results/integrated_r28/multiseed/
tnn-pre-v1-r28-aeif-no-graph-shadow/results/integrated_r28/multiseed/hard_s4.json
tnn-pre-v1-r28-aeif-no-graph-shadow/results/integrated_r28/multiseed/nominal_s0.json
tnn-pre-v1-r28-aeif-no-graph-shadow/results/integrated_r28/multiseed/hard_s2.json
tnn-pre-v1-r28-aeif-no-graph-shadow/results/integrated_r28/multiseed/nominal_s4.json
tnn-pre-v1-r28-aeif-no-graph-shadow/results/integrated_r28/multiseed/hard_s3.json
tnn-pre-v1-r28-aeif-no-graph-shadow/results/integrated_r28/multiseed/nominal_s3.json
tnn-pre-v1-r28-aeif-no-graph-shadow/results/integrated_r28/multiseed/hard_s1.json
tnn-pre-v1-r28-aeif-no-graph-shadow/results/integrated_r28/multiseed/nominal_s2.json
tnn-pre-v1-r28-aeif-no-graph-shadow/results/integrated_r28/multiseed/nominal_s1.json
tnn-pre-v1-r28-aeif-no-graph-shadow/results/integrated_r28/multiseed/hard_s0.json
tnn-pre-v1-r28-aeif-no-graph-shadow/results/integrated_r28/dose_sweep/
tnn-pre-v1-r28-aeif-no-graph-shadow/results/integrated_r28/dose_sweep/d64_s1.json
tnn-pre-v1-r28-aeif-no-graph-shadow/results/integrated_r28/dose_sweep/d512_s1.json
tnn-pre-v1-r28-aeif-no-graph-shadow/results/integrated_r28/dose_sweep/d256_s4.json
tnn-pre-v1-r28-aeif-no-graph-shadow/results/integrated_r28/dose_sweep/d64_s4.json
tnn-pre-v1-r28-aeif-no-graph-shadow/results/integrated_r28/dose_sweep/d512_s2.json
tnn-pre-v1-r28-aeif-no-graph-shadow/results/integrated_r28/dose_sweep/d256_s0.json
tnn-pre-v1-r28-aeif-no-graph-shadow/results/integrated_r28/dose_sweep/d512_s4.json
tnn-pre-v1-r28-aeif-no-graph-shadow/results/integrated_r28/dose_sweep/d256_s1.json
tnn-pre-v1-r28-aeif-no-graph-shadow/results/integrated_r28/dose_sweep/d128_s1.json
tnn-pre-v1-r28-aeif-no-graph-shadow/results/integrated_r28/dose_sweep/d512_s0.json
tnn-pre-v1-r28-aeif-no-graph-shadow/results/integrated_r28/dose_sweep/d64_s2.json
tnn-pre-v1-r28-aeif-no-graph-shadow/results/integrated_r28/dose_sweep/d256_s3.json
tnn-pre-v1-r28-aeif-no-graph-shadow/results/integrated_r28/dose_sweep/d128_s3.json
tnn-pre-v1-r28-aeif-no-graph-shadow/results/integrated_r28/dose_sweep/d128_s4.json
tnn-pre-v1-r28-aeif-no-graph-shadow/results/integrated_r28/dose_sweep/d256_s2.json
tnn-pre-v1-r28-aeif-no-graph-shadow/results/integrated_r28/dose_sweep/d64_s0.json
tnn-pre-v1-r28-aeif-no-graph-shadow/results/integrated_r28/dose_sweep/d64_s3.json
tnn-pre-v1-r28-aeif-no-graph-shadow/results/integrated_r28/dose_sweep/d512_s3.json
tnn-pre-v1-r28-aeif-no-graph-shadow/results/integrated_r28/dose_sweep/d128_s0.json
tnn-pre-v1-r28-aeif-no-graph-shadow/results/integrated_r28/dose_sweep/d128_s2.json
tnn-pre-v1-r28-aeif-no-graph-shadow/results/integrated_r28/multiseed_summary.json
tnn-pre-v1-r28-aeif-no-graph-shadow/results/integrated_r28/dose_sweep_summary.json
tnn-pre-v1-r28-aeif-no-graph-shadow/results/integrated_r28/s2_nominal.json
tnn-pre-v1-r28-aeif-no-graph-shadow/results/integrated_r28/s0_nominal.log
tnn-pre-v1-r28-aeif-no-graph-shadow/results/memory_v4_fast_seed0.json
tnn-pre-v1-r28-aeif-no-graph-shadow/results/speech_dtw_field/
tnn-pre-v1-r28-aeif-no-graph-shadow/results/speech_dtw_field/s0_screen.json
tnn-pre-v1-r28-aeif-no-graph-shadow/results/validation/
tnn-pre-v1-r28-aeif-no-graph-shadow/results/validation/entity_validation.json
tnn-pre-v1-r28-aeif-no-graph-shadow/results/validation/test_curve_random.json
tnn-pre-v1-r28-aeif-no-graph-shadow/results/validation/shards/
tnn-pre-v1-r28-aeif-no-graph-shadow/results/validation/shards/281104_balanced.json
tnn-pre-v1-r28-aeif-no-graph-shadow/results/validation/shards/281101_mixed.json
tnn-pre-v1-r28-aeif-no-graph-shadow/results/validation/shards/281103_mixed.json
tnn-pre-v1-r28-aeif-no-graph-shadow/results/validation/shards/281100_mixed.json
tnn-pre-v1-r28-aeif-no-graph-shadow/results/validation/shards/281101_balanced.json
tnn-pre-v1-r28-aeif-no-graph-shadow/results/validation/shards/281103_balanced.json
tnn-pre-v1-r28-aeif-no-graph-shadow/results/validation/shards/281102_mixed.json
tnn-pre-v1-r28-aeif-no-graph-shadow/results/validation/shards/281104_mixed.json
tnn-pre-v1-r28-aeif-no-graph-shadow/results/validation/shards/281100_balanced.json
tnn-pre-v1-r28-aeif-no-graph-shadow/results/validation/shards/281102_balanced.json
tnn-pre-v1-r28-aeif-no-graph-shadow/results/validation/memory_v3.json
tnn-pre-v1-r28-aeif-no-graph-shadow/results/validation/training_curves.json
tnn-pre-v1-r28-aeif-no-graph-shadow/results/validation/curve_shards/
tnn-pre-v1-r28-aeif-no-graph-shadow/results/validation/curve_shards/281100_sibling_assist.json
tnn-pre-v1-r28-aeif-no-graph-shadow/results/validation/curve_shards/281101_max_diversity.json
tnn-pre-v1-r28-aeif-no-graph-shadow/results/validation/curve_shards/281101_mixed.json
tnn-pre-v1-r28-aeif-no-graph-shadow/results/validation/curve_shards/281102_master_diverse.json
tnn-pre-v1-r28-aeif-no-graph-shadow/results/validation/curve_shards/281102_max_diversity.json
tnn-pre-v1-r28-aeif-no-graph-shadow/results/validation/curve_shards/281101_contrastive.json
tnn-pre-v1-r28-aeif-no-graph-shadow/results/validation/curve_shards/281102_contrastive.json
tnn-pre-v1-r28-aeif-no-graph-shadow/results/validation/curve_shards/281101_counterexample.json
tnn-pre-v1-r28-aeif-no-graph-shadow/results/validation/curve_shards/281102_active_self.json
tnn-pre-v1-r28-aeif-no-graph-shadow/results/validation/curve_shards/281100_mixed.json
tnn-pre-v1-r28-aeif-no-graph-shadow/results/validation/curve_shards/281100_contrastive.json
tnn-pre-v1-r28-aeif-no-graph-shadow/results/validation/curve_shards/281102_random.json
tnn-pre-v1-r28-aeif-no-graph-shadow/results/validation/curve_shards/281101_balanced.json
tnn-pre-v1-r28-aeif-no-graph-shadow/results/validation/curve_shards/281102_sibling_assist.json
tnn-pre-v1-r28-aeif-no-graph-shadow/results/validation/curve_shards/281102_mixed.json
tnn-pre-v1-r28-aeif-no-graph-shadow/results/validation/curve_shards/281100_adaptive_master.json
tnn-pre-v1-r28-aeif-no-graph-shadow/results/validation/curve_shards/281100_random.json
tnn-pre-v1-r28-aeif-no-graph-shadow/results/validation/curve_shards/281100_active_self.json
tnn-pre-v1-r28-aeif-no-graph-shadow/results/validation/curve_shards/281101_random.json
tnn-pre-v1-r28-aeif-no-graph-shadow/results/validation/curve_shards/281101_active_self.json
tnn-pre-v1-r28-aeif-no-graph-shadow/results/validation/curve_shards/281100_max_diversity.json
tnn-pre-v1-r28-aeif-no-graph-shadow/results/validation/curve_shards/281102_adaptive_master.json
tnn-pre-v1-r28-aeif-no-graph-shadow/results/validation/curve_shards/281100_master_diverse.json
tnn-pre-v1-r28-aeif-no-graph-shadow/results/validation/curve_shards/281101_tnn_replay.json
tnn-pre-v1-r28-aeif-no-graph-shadow/results/validation/curve_shards/281101_sibling_assist.json
tnn-pre-v1-r28-aeif-no-graph-shadow/results/validation/curve_shards/281100_counterexample.json
tnn-pre-v1-r28-aeif-no-graph-shadow/results/validation/curve_shards/281100_tnn_replay.json
tnn-pre-v1-r28-aeif-no-graph-shadow/results/validation/curve_shards/281101_adaptive_master.json
tnn-pre-v1-r28-aeif-no-graph-shadow/results/validation/curve_shards/281102_tnn_replay.json
tnn-pre-v1-r28-aeif-no-graph-shadow/results/validation/curve_shards/281100_balanced.json
tnn-pre-v1-r28-aeif-no-graph-shadow/results/validation/curve_shards/281101_master_diverse.json
tnn-pre-v1-r28-aeif-no-graph-shadow/results/validation/curve_shards/281102_balanced.json
tnn-pre-v1-r28-aeif-no-graph-shadow/results/validation/curve_shards/test_random.json
tnn-pre-v1-r28-aeif-no-graph-shadow/results/validation/curve_shards/281102_counterexample.json
tnn-pre-v1-r28-aeif-no-graph-shadow/results/memory_v3_seed0.json
tnn-pre-v1-r28-aeif-no-graph-shadow/results/memory_v6/
tnn-pre-v1-r28-aeif-no-graph-shadow/results/memory_v6/seed0_LEARNED_HIER_RF_CONTROL.json
tnn-pre-v1-r28-aeif-no-graph-shadow/results/memory_v6/seed0_LRU_CONTROL.json
tnn-pre-v1-r28-aeif-no-graph-shadow/results/memory_v6/seed4_HEURISTIC_TNN_MUTATED.json
tnn-pre-v1-r28-aeif-no-graph-shadow/results/memory_v6/memory_v6.json
tnn-pre-v1-r28-aeif-no-graph-shadow/results/memory_v6/seed6_HEURISTIC_LRU_WITHIN_TIER.json
tnn-pre-v1-r28-aeif-no-graph-shadow/results/memory_v6/seed4_LEARNED_HIER_RF_CONTROL.json
tnn-pre-v1-r28-aeif-no-graph-shadow/results/memory_v6/seed5_HEURISTIC_TNN_OVERRIDE_LINEAR.json
tnn-pre-v1-r28-aeif-no-graph-shadow/results/memory_v6/seed1_LRU_CONTROL.json
tnn-pre-v1-r28-aeif-no-graph-shadow/results/memory_v6/seed4_HEURISTIC_TNN_OVERRIDE_LINEAR.json
tnn-pre-v1-r28-aeif-no-graph-shadow/results/memory_v6/seed2_LRU_CONTROL.json
tnn-pre-v1-r28-aeif-no-graph-shadow/results/memory_v6/seed6_PRIVILEGED_HEURISTIC_STATIC.json
tnn-pre-v1-r28-aeif-no-graph-shadow/results/memory_v6/seed4_PRIVILEGED_HEURISTIC_STATIC.json
tnn-pre-v1-r28-aeif-no-graph-shadow/results/memory_v6/seed2_HEURISTIC_TNN_OVERRIDE_RF.json
tnn-pre-v1-r28-aeif-no-graph-shadow/results/memory_v6/seed3_HEURISTIC_TNN_MUTATED.json
tnn-pre-v1-r28-aeif-no-graph-shadow/results/memory_v6/seed3_PRIVILEGED_HEURISTIC_STATIC.json
tnn-pre-v1-r28-aeif-no-graph-shadow/results/memory_v6/seed5_LEARNED_HIER_RF_CONTROL.json
tnn-pre-v1-r28-aeif-no-graph-shadow/results/memory_v6/seed3_LRU_CONTROL.json
tnn-pre-v1-r28-aeif-no-graph-shadow/results/memory_v6/seed2_HEURISTIC_TNN_MUTATED.json
tnn-pre-v1-r28-aeif-no-graph-shadow/results/memory_v6/seed0_HEURISTIC_LRU_WITHIN_TIER.json
tnn-pre-v1-r28-aeif-no-graph-shadow/results/memory_v6/seed4_HEURISTIC_LRU_WITHIN_TIER.json
tnn-pre-v1-r28-aeif-no-graph-shadow/results/memory_v6/seed2_PRIVILEGED_HEURISTIC_STATIC.json
tnn-pre-v1-r28-aeif-no-graph-shadow/results/memory_v6/seed6_LRU_CONTROL.json
tnn-pre-v1-r28-aeif-no-graph-shadow/results/memory_v6/seed5_HEURISTIC_TNN_OVERRIDE_RF.json
tnn-pre-v1-r28-aeif-no-graph-shadow/results/memory_v6/seed0_HEURISTIC_TNN_MUTATED.json
tnn-pre-v1-r28-aeif-no-graph-shadow/results/memory_v6/seed3_LEARNED_HIER_RF_CONTROL.json
tnn-pre-v1-r28-aeif-no-graph-shadow/results/memory_v6/seed0_HEURISTIC_TNN_OVERRIDE_LINEAR.json
tnn-pre-v1-r28-aeif-no-graph-shadow/results/memory_v6/seed5_HEURISTIC_TNN_MUTATED.json
tnn-pre-v1-r28-aeif-no-graph-shadow/results/memory_v6/seed6_HEURISTIC_TNN_MUTATED.json
tnn-pre-v1-r28-aeif-no-graph-shadow/results/memory_v6/seed0_PRIVILEGED_HEURISTIC_STATIC.json
tnn-pre-v1-r28-aeif-no-graph-shadow/results/memory_v6/seed1_PRIVILEGED_HEURISTIC_STATIC.json
tnn-pre-v1-r28-aeif-no-graph-shadow/results/memory_v6/seed4_LRU_CONTROL.json
tnn-pre-v1-r28-aeif-no-graph-shadow/results/memory_v6/seed1_HEURISTIC_LRU_WITHIN_TIER.json
tnn-pre-v1-r28-aeif-no-graph-shadow/results/memory_v6/seed2_HEURISTIC_TNN_OVERRIDE_LINEAR.json
tnn-pre-v1-r28-aeif-no-graph-shadow/results/memory_v6/seed5_LRU_CONTROL.json
tnn-pre-v1-r28-aeif-no-graph-shadow/results/memory_v6/seed1_HEURISTIC_TNN_MUTATED.json
tnn-pre-v1-r28-aeif-no-graph-shadow/results/memory_v6/seed1_HEURISTIC_TNN_OVERRIDE_LINEAR.json
tnn-pre-v1-r28-aeif-no-graph-shadow/results/memory_v6/seed5_PRIVILEGED_HEURISTIC_STATIC.json
tnn-pre-v1-r28-aeif-no-graph-shadow/results/memory_v6/seed3_HEURISTIC_LRU_WITHIN_TIER.json
tnn-pre-v1-r28-aeif-no-graph-shadow/results/memory_v6/seed3_HEURISTIC_TNN_OVERRIDE_RF.json
tnn-pre-v1-r28-aeif-no-graph-shadow/results/memory_v6/seed6_HEURISTIC_TNN_OVERRIDE_LINEAR.json
tnn-pre-v1-r28-aeif-no-graph-shadow/results/memory_v6/seed4_HEURISTIC_TNN_OVERRIDE_RF.json
tnn-pre-v1-r28-aeif-no-graph-shadow/results/memory_v6/seed0_HEURISTIC_TNN_OVERRIDE_RF.json
tnn-pre-v1-r28-aeif-no-graph-shadow/results/memory_v6/seed2_LEARNED_HIER_RF_CONTROL.json
tnn-pre-v1-r28-aeif-no-graph-shadow/results/memory_v6/seed6_HEURISTIC_TNN_OVERRIDE_RF.json
tnn-pre-v1-r28-aeif-no-graph-shadow/results/memory_v6/seed2_HEURISTIC_LRU_WITHIN_TIER.json
tnn-pre-v1-r28-aeif-no-graph-shadow/results/memory_v6/seed5_HEURISTIC_LRU_WITHIN_TIER.json
tnn-pre-v1-r28-aeif-no-graph-shadow/results/memory_v6/seed1_LEARNED_HIER_RF_CONTROL.json
tnn-pre-v1-r28-aeif-no-graph-shadow/results/memory_v6/seed3_HEURISTIC_TNN_OVERRIDE_LINEAR.json
tnn-pre-v1-r28-aeif-no-graph-shadow/results/memory_v6/seed1_HEURISTIC_TNN_OVERRIDE_RF.json
tnn-pre-v1-r28-aeif-no-graph-shadow/results/speech_r28/
tnn-pre-v1-r28-aeif-no-graph-shadow/results/speech_r28/s0_v5.json
tnn-pre-v1-r28-aeif-no-graph-shadow/results/speech_r28/learned_overlap_s0_scale.json
tnn-pre-v1-r28-aeif-no-graph-shadow/results/speech_r28/integrated_boundary_diag.json
tnn-pre-v1-r28-aeif-no-graph-shadow/results/speech_r28/s0_v4.json
tnn-pre-v1-r28-aeif-no-graph-shadow/results/speech_r28/s0_v6.json
tnn-pre-v1-r28-aeif-no-graph-shadow/results/speech_r28/learned_overlap_s0_small.json
tnn-pre-v1-r28-aeif-no-graph-shadow/results/speech_r28/integrated_train_s0_small.json
tnn-pre-v1-r28-aeif-no-graph-shadow/results/speech_r28/s0_v3.json
tnn-pre-v1-r28-aeif-no-graph-shadow/results/speech_r28/acoustic_context_mixture.json
tnn-pre-v1-r28-aeif-no-graph-shadow/results/speech_r28/acoustic_discriminative_upper.json
tnn-pre-v1-r28-aeif-no-graph-shadow/results/speech_r28/s0_v2.json
tnn-pre-v1-r28-aeif-no-graph-shadow/results/speech_r28/overlap_multiseed/
tnn-pre-v1-r28-aeif-no-graph-shadow/results/speech_r28/overlap_multiseed/s3.json
tnn-pre-v1-r28-aeif-no-graph-shadow/results/speech_r28/overlap_multiseed/s4.json
tnn-pre-v1-r28-aeif-no-graph-shadow/results/speech_r28/overlap_multiseed/s2.json
tnn-pre-v1-r28-aeif-no-graph-shadow/results/speech_r28/overlap_multiseed/s0.json
tnn-pre-v1-r28-aeif-no-graph-shadow/results/speech_r28/overlap_multiseed/s1.json
tnn-pre-v1-r28-aeif-no-graph-shadow/results/speech_r28/boundary_diagnostic.json
tnn-pre-v1-r28-aeif-no-graph-shadow/results/speech_r28/acoustic_context_tournament.json
tnn-pre-v1-r28-aeif-no-graph-shadow/results/speech_r28/s0.json
tnn-pre-v1-r28-aeif-no-graph-shadow/results/speech_r28/em_s0_screen_small.json
tnn-pre-v1-r28-aeif-no-graph-shadow/results/speech_r28/pair_weight_screen_s0_small.json
tnn-pre-v1-r28-aeif-no-graph-shadow/results/speech_r28/overlap_shift_screen_small.json
tnn-pre-v1-r28-aeif-no-graph-shadow/results/speech_r28/acoustic_rep_tournament.json
tnn-pre-v1-r28-aeif-no-graph-shadow/results/speech_r28/learned_overlap_multiseed.json
tnn-pre-v1-r28-aeif-no-graph-shadow/results/sibling_hard_s0.json
tnn-pre-v1-r28-aeif-no-graph-shadow/results/substrate_foundry_v2/
tnn-pre-v1-r28-aeif-no-graph-shadow/results/substrate_foundry_v2/test5_RANDOM.json
tnn-pre-v1-r28-aeif-no-graph-shadow/results/substrate_foundry_v2/test4_META_HYBRID.json
tnn-pre-v1-r28-aeif-no-graph-shadow/results/substrate_foundry_v2/s3_HYBRID.json
tnn-pre-v1-r28-aeif-no-graph-shadow/results/substrate_foundry_v2/s2_SURROGATE.json
tnn-pre-v1-r28-aeif-no-graph-shadow/results/substrate_foundry_v2/s0_EVOLUTION.json
tnn-pre-v1-r28-aeif-no-graph-shadow/results/substrate_foundry_v2/s4_RANDOM.json
tnn-pre-v1-r28-aeif-no-graph-shadow/results/substrate_foundry_v2/s0_HYBRID.json
tnn-pre-v1-r28-aeif-no-graph-shadow/results/substrate_foundry_v2/test5_META_MUTATION.json
tnn-pre-v1-r28-aeif-no-graph-shadow/results/substrate_foundry_v2/s3_SURROGATE.json
tnn-pre-v1-r28-aeif-no-graph-shadow/results/substrate_foundry_v2/s1_SURROGATE.json
tnn-pre-v1-r28-aeif-no-graph-shadow/results/substrate_foundry_v2/s4_HYBRID.json
tnn-pre-v1-r28-aeif-no-graph-shadow/results/substrate_foundry_v2/test4_META_RETRIEVAL.json
tnn-pre-v1-r28-aeif-no-graph-shadow/results/substrate_foundry_v2/test1_META_HYBRID.json
tnn-pre-v1-r28-aeif-no-graph-shadow/results/substrate_foundry_v2/s4_LEARNED_MUTATION.json
tnn-pre-v1-r28-aeif-no-graph-shadow/results/substrate_foundry_v2/s2_LEARNED_MUTATION.json
tnn-pre-v1-r28-aeif-no-graph-shadow/results/substrate_foundry_v2/s1_HYBRID.json
tnn-pre-v1-r28-aeif-no-graph-shadow/results/substrate_foundry_v2/substrate_foundry_v2_combined.json
tnn-pre-v1-r28-aeif-no-graph-shadow/results/substrate_foundry_v2/s3_EVOLUTION.json
tnn-pre-v1-r28-aeif-no-graph-shadow/results/substrate_foundry_v2/test3_META_SURROGATE.json
tnn-pre-v1-r28-aeif-no-graph-shadow/results/substrate_foundry_v2/test0_META_MUTATION.json
tnn-pre-v1-r28-aeif-no-graph-shadow/results/substrate_foundry_v2/test1_META_SURROGATE.json
tnn-pre-v1-r28-aeif-no-graph-shadow/results/substrate_foundry_v2/test5_META_RETRIEVAL.json
tnn-pre-v1-r28-aeif-no-graph-shadow/results/substrate_foundry_v2/s3_RANDOM.json
tnn-pre-v1-r28-aeif-no-graph-shadow/results/substrate_foundry_v2/s0_LEARNED_MUTATION.json
tnn-pre-v1-r28-aeif-no-graph-shadow/results/substrate_foundry_v2/s1_RANDOM.json
tnn-pre-v1-r28-aeif-no-graph-shadow/results/substrate_foundry_v2/test3_RANDOM.json
tnn-pre-v1-r28-aeif-no-graph-shadow/results/substrate_foundry_v2/run.log
tnn-pre-v1-r28-aeif-no-graph-shadow/results/substrate_foundry_v2/test2_META_RETRIEVAL.json
tnn-pre-v1-r28-aeif-no-graph-shadow/results/substrate_foundry_v2/history.json
tnn-pre-v1-r28-aeif-no-graph-shadow/results/substrate_foundry_v2/test3_META_MUTATION.json
tnn-pre-v1-r28-aeif-no-graph-shadow/results/substrate_foundry_v2/test0_META_HYBRID.json
tnn-pre-v1-r28-aeif-no-graph-shadow/results/substrate_foundry_v2/test4_META_MUTATION.json
tnn-pre-v1-r28-aeif-no-graph-shadow/results/substrate_foundry_v2/test2_META_MUTATION.json
tnn-pre-v1-r28-aeif-no-graph-shadow/results/substrate_foundry_v2/test2_META_HYBRID.json
tnn-pre-v1-r28-aeif-no-graph-shadow/results/substrate_foundry_v2/s2_EVOLUTION.json
tnn-pre-v1-r28-aeif-no-graph-shadow/results/substrate_foundry_v2/test0_RANDOM.json
tnn-pre-v1-r28-aeif-no-graph-shadow/results/substrate_foundry_v2/s0_SURROGATE.json
tnn-pre-v1-r28-aeif-no-graph-shadow/results/substrate_foundry_v2/test1_META_RETRIEVAL.json
tnn-pre-v1-r28-aeif-no-graph-shadow/results/substrate_foundry_v2/test0_META_RETRIEVAL.json
tnn-pre-v1-r28-aeif-no-graph-shadow/results/substrate_foundry_v2/test3_META_RETRIEVAL.json
tnn-pre-v1-r28-aeif-no-graph-shadow/results/substrate_foundry_v2/s1_LEARNED_MUTATION.json
tnn-pre-v1-r28-aeif-no-graph-shadow/results/substrate_foundry_v2/s2_RANDOM.json
tnn-pre-v1-r28-aeif-no-graph-shadow/results/substrate_foundry_v2/test1_RANDOM.json
tnn-pre-v1-r28-aeif-no-graph-shadow/results/substrate_foundry_v2/test5_META_SURROGATE.json
tnn-pre-v1-r28-aeif-no-graph-shadow/results/substrate_foundry_v2/s4_SURROGATE.json
tnn-pre-v1-r28-aeif-no-graph-shadow/results/substrate_foundry_v2/test2_RANDOM.json
tnn-pre-v1-r28-aeif-no-graph-shadow/results/substrate_foundry_v2/s2_HYBRID.json
tnn-pre-v1-r28-aeif-no-graph-shadow/results/substrate_foundry_v2/test3_META_HYBRID.json
tnn-pre-v1-r28-aeif-no-graph-shadow/results/substrate_foundry_v2/s0_RANDOM.json
tnn-pre-v1-r28-aeif-no-graph-shadow/results/substrate_foundry_v2/test4_RANDOM.json
tnn-pre-v1-r28-aeif-no-graph-shadow/results/substrate_foundry_v2/s3_LEARNED_MUTATION.json
tnn-pre-v1-r28-aeif-no-graph-shadow/results/substrate_foundry_v2/test1_META_MUTATION.json
tnn-pre-v1-r28-aeif-no-graph-shadow/results/substrate_foundry_v2/test2_META_SURROGATE.json
tnn-pre-v1-r28-aeif-no-graph-shadow/results/substrate_foundry_v2/test0_META_SURROGATE.json
tnn-pre-v1-r28-aeif-no-graph-shadow/results/substrate_foundry_v2/s4_EVOLUTION.json
tnn-pre-v1-r28-aeif-no-graph-shadow/results/substrate_foundry_v2/test4_META_SURROGATE.json
tnn-pre-v1-r28-aeif-no-graph-shadow/results/substrate_foundry_v2/s1_EVOLUTION.json
tnn-pre-v1-r28-aeif-no-graph-shadow/results/substrate_foundry_v2/test5_META_HYBRID.json
tnn-pre-v1-r28-aeif-no-graph-shadow/experiments/
tnn-pre-v1-r28-aeif-no-graph-shadow/experiments/speech_connected_em_r28.py
tnn-pre-v1-r28-aeif-no-graph-shadow/experiments/memory_v4_direct.py
tnn-pre-v1-r28-aeif-no-graph-shadow/experiments/acoustic_context_tournament.py
tnn-pre-v1-r28-aeif-no-graph-shadow/experiments/sibling_r28.py
tnn-pre-v1-r28-aeif-no-graph-shadow/experiments/integrated_r28.py
tnn-pre-v1-r28-aeif-no-graph-shadow/experiments/speech_dtw_field_r28.py
tnn-pre-v1-r28-aeif-no-graph-shadow/experiments/run_foundry_v2.py
tnn-pre-v1-r28-aeif-no-graph-shadow/experiments/acoustic_context_mixture.py
tnn-pre-v1-r28-aeif-no-graph-shadow/experiments/speech_ctc_pretrain.py
tnn-pre-v1-r28-aeif-no-graph-shadow/experiments/affordance_context_r28.py
tnn-pre-v1-r28-aeif-no-graph-shadow/experiments/speech_boundary_diagnostic.py
tnn-pre-v1-r28-aeif-no-graph-shadow/experiments/speech_ctc_r28.py
tnn-pre-v1-r28-aeif-no-graph-shadow/experiments/speech_dtw_r28.py
tnn-pre-v1-r28-aeif-no-graph-shadow/experiments/run_foundry_remaining.py
tnn-pre-v1-r28-aeif-no-graph-shadow/experiments/speech_learned_overlap_r28.py
tnn-pre-v1-r28-aeif-no-graph-shadow/experiments/speech_trimmed_r28.py
tnn-pre-v1-r28-aeif-no-graph-shadow/experiments/memory_v5_hierarchy.py
tnn-pre-v1-r28-aeif-no-graph-shadow/experiments/memory_v6_default.py
tnn-pre-v1-r28-aeif-no-graph-shadow/experiments/memory_v3.py
tnn-pre-v1-r28-aeif-no-graph-shadow/experiments/speech_ctc_blank_tournament.py
tnn-pre-v1-r28-aeif-no-graph-shadow/experiments/run_master_diag.sh
tnn-pre-v1-r28-aeif-no-graph-shadow/experiments/integrated_speech_boundary_diag.py
tnn-pre-v1-r28-aeif-no-graph-shadow/experiments/substrate_foundry.py
tnn-pre-v1-r28-aeif-no-graph-shadow/experiments/run_integrated_shards.sh
tnn-pre-v1-r28-aeif-no-graph-shadow/experiments/affordance_r28.py
tnn-pre-v1-r28-aeif-no-graph-shadow/experiments/acoustic_discriminative_upper.py
tnn-pre-v1-r28-aeif-no-graph-shadow/experiments/substrate_foundry_v2.py
tnn-pre-v1-r28-aeif-no-graph-shadow/experiments/speech_integrated_train_r28.py
tnn-pre-v1-r28-aeif-no-graph-shadow/experiments/sibling_hard_r28.py
tnn-pre-v1-r28-aeif-no-graph-shadow/experiments/deep_training_all.py
tnn-pre-v1-r28-aeif-no-graph-shadow/experiments/memory_v3_shard.py
tnn-pre-v1-r28-aeif-no-graph-shadow/experiments/memory_v6_heuristic_control.py
tnn-pre-v1-r28-aeif-no-graph-shadow/experiments/deep_training_cached.py
tnn-pre-v1-r28-aeif-no-graph-shadow/experiments/master_diagnostic_r28.py
tnn-pre-v1-r28-aeif-no-graph-shadow/experiments/deep_training_curve.py
tnn-pre-v1-r28-aeif-no-graph-shadow/experiments/training_curves.py
tnn-pre-v1-r28-aeif-no-graph-shadow/experiments/acoustic_rep_tournament.py
tnn-pre-v1-r28-aeif-no-graph-shadow/experiments/entity_aeif_factorial.py
tnn-pre-v1-r28-aeif-no-graph-shadow/experiments/speech_pair_transition_r28.py
tnn-pre-v1-r28-aeif-no-graph-shadow/experiments/speech_r28.py
tnn-pre-v1-r28-aeif-no-graph-shadow/experiments/memory_v6_policy.py
tnn-pre-v1-r28-aeif-no-graph-shadow/experiments/name_grounding_hard_r28.py
tnn-pre-v1-r28-aeif-no-graph-shadow/experiments/master_withdrawal_r28.py
tnn-pre-v1-r28-aeif-no-graph-shadow/MANIFEST.sha256
tnn-pre-v1-r28-aeif-no-graph-shadow/scripts_build_release.py
tnn-pre-v1-r28-aeif-no-graph-shadow/release/
tnn-pre-v1-r28-aeif-no-graph-shadow/user_context/
tnn-pre-v1-r28-aeif-no-graph-shadow/user_context/TNN_USER_RESEARCH_PREFERENCES.md
tnn-pre-v1-r28-aeif-no-graph-shadow/user_context/TNN_USER_RESPONSE_LOG.md
tnn-pre-v1-r28-aeif-no-graph-shadow/experiments_training_curves.py
tnn-pre-v1-r28-aeif-no-graph-shadow/experiments_memory_v4.py
tnn-pre-v1-r28-aeif-no-graph-shadow/README.md
tnn-pre-v1-r28-aeif-no-graph-shadow/experiments_aeif_factorial.py
tnn-pre-v1-r28-aeif-no-graph-shadow/state/
tnn-pre-v1-r28-aeif-no-graph-shadow/state/training_pool_281102_2048.npz
tnn-pre-v1-r28-aeif-no-graph-shadow/state/parent-r27-accepted-state.pkl
tnn-pre-v1-r28-aeif-no-graph-shadow/state/training_pool_281101_2048.npz
tnn-pre-v1-r28-aeif-no-graph-shadow/state/seed_sets.sha256
tnn-pre-v1-r28-aeif-no-graph-shadow/state/LINEAGE.txt
tnn-pre-v1-r28-aeif-no-graph-shadow/state/training_pool_281100_2048.npz
tnn-pre-v1-r28-aeif-no-graph-shadow/state/seed_sets.json
tnn-pre-v1-r28-aeif-no-graph-shadow/state/parent-r27-accepted-policy.json
tnn-pre-v1-r28-aeif-no-graph-shadow/state/r28-shadow-policy.json
tnn-pre-v1-r28-aeif-no-graph-shadow/experiments_memory_v3.py
tnn-pre-v1-r28-aeif-no-graph-shadow/verification/
tnn-pre-v1-r28-aeif-no-graph-shadow/verification/memory_v3_5seed.log
tnn-pre-v1-r28-aeif-no-graph-shadow/verification/factorial/
tnn-pre-v1-r28-aeif-no-graph-shadow/verification/factorial/aeif_s3_active_self.log
tnn-pre-v1-r28-aeif-no-graph-shadow/verification/factorial/aeif_s1_contrastive.log
tnn-pre-v1-r28-aeif-no-graph-shadow/verification/factorial/aeif_s1_adaptive_master.log
tnn-pre-v1-r28-aeif-no-graph-shadow/verification/factorial/aeif_s2_master_withdrawal.log
tnn-pre-v1-r28-aeif-no-graph-shadow/verification/factorial/aeif_s1_active_self.log
tnn-pre-v1-r28-aeif-no-graph-shadow/verification/factorial/aeif_s3_contrastive.log
tnn-pre-v1-r28-aeif-no-graph-shadow/verification/factorial/aeif_s1_learned_teacher.log
tnn-pre-v1-r28-aeif-no-graph-shadow/verification/factorial/aeif_s1_master_withdrawal.log
tnn-pre-v1-r28-aeif-no-graph-shadow/verification/factorial/aeif_s3_balanced_diverse.log
tnn-pre-v1-r28-aeif-no-graph-shadow/verification/factorial/aeif_s3_random_passive.log
tnn-pre-v1-r28-aeif-no-graph-shadow/verification/factorial/aeif_s2_active_self.log
tnn-pre-v1-r28-aeif-no-graph-shadow/verification/factorial/aeif_s2_random_passive.log
tnn-pre-v1-r28-aeif-no-graph-shadow/verification/factorial/aeif_s0_learned_teacher.log
tnn-pre-v1-r28-aeif-no-graph-shadow/verification/factorial/aeif_seed0.log
tnn-pre-v1-r28-aeif-no-graph-shadow/verification/factorial/aeif_s0_contrastive.log
tnn-pre-v1-r28-aeif-no-graph-shadow/verification/factorial/aeif_s2_learned_teacher.log
tnn-pre-v1-r28-aeif-no-graph-shadow/verification/factorial/aeif_s3_learned_teacher.log
tnn-pre-v1-r28-aeif-no-graph-shadow/verification/factorial/aeif_s2_contrastive.log
tnn-pre-v1-r28-aeif-no-graph-shadow/verification/factorial/aeif_s0_adaptive_master.log
tnn-pre-v1-r28-aeif-no-graph-shadow/verification/factorial/aeif_balanced.log
tnn-pre-v1-r28-aeif-no-graph-shadow/verification/factorial/aeif_s2_adaptive_master.log
tnn-pre-v1-r28-aeif-no-graph-shadow/verification/factorial/aeif_s3_adaptive_master.log
tnn-pre-v1-r28-aeif-no-graph-shadow/verification/factorial/aeif_s1_random_passive.log
tnn-pre-v1-r28-aeif-no-graph-shadow/verification/factorial/aeif_s0_balanced_diverse.log
tnn-pre-v1-r28-aeif-no-graph-shadow/verification/factorial/aeif_s2_balanced_diverse.log
tnn-pre-v1-r28-aeif-no-graph-shadow/verification/factorial/aeif_s3_master_withdrawal.log
tnn-pre-v1-r28-aeif-no-graph-shadow/verification/factorial/aeif_s1_balanced_diverse.log
tnn-pre-v1-r28-aeif-no-graph-shadow/verification/factorial/aeif_s0_active_self.log
tnn-pre-v1-r28-aeif-no-graph-shadow/verification/factorial/aeif_balanced_s0.log
tnn-pre-v1-r28-aeif-no-graph-shadow/verification/factorial/aeif_s0_master_withdrawal.log
tnn-pre-v1-r28-aeif-no-graph-shadow/verification/factorial/aeif_s0_random_passive.log
tnn-pre-v1-r28-aeif-no-graph-shadow/verification/memory_v5.log
tnn-pre-v1-r28-aeif-no-graph-shadow/verification/r25_lineage_rerun.log
tnn-pre-v1-r28-aeif-no-graph-shadow/verification/entity_280101.log
tnn-pre-v1-r28-aeif-no-graph-shadow/verification/substrate_foundry_v2_history.log
tnn-pre-v1-r28-aeif-no-graph-shadow/verification/entity_280100.log
tnn-pre-v1-r28-aeif-no-graph-shadow/verification/r28-shadow-verify.log
tnn-pre-v1-r28-aeif-no-graph-shadow/verification/r28-shadow-verify.json
tnn-pre-v1-r28-aeif-no-graph-shadow/verification/training/
tnn-pre-v1-r28-aeif-no-graph-shadow/verification/training/289000_max_diversity.log
tnn-pre-v1-r28-aeif-no-graph-shadow/verification/training/289000_adaptive_master.log
tnn-pre-v1-r28-aeif-no-graph-shadow/verification/training/289001_balanced_exposure.log
tnn-pre-v1-r28-aeif-no-graph-shadow/verification/training/289001_adaptive_master.log
tnn-pre-v1-r28-aeif-no-graph-shadow/verification/training/289000_counterexample_heavy.log
tnn-pre-v1-r28-aeif-no-graph-shadow/verification/training/289000_contrastive.log
tnn-pre-v1-r28-aeif-no-graph-shadow/verification/training/289001_active_self.log
tnn-pre-v1-r28-aeif-no-graph-shadow/verification/training/289001_sibling_assisted.log
tnn-pre-v1-r28-aeif-no-graph-shadow/verification/training/289000_sibling_assisted.log
tnn-pre-v1-r28-aeif-no-graph-shadow/verification/training/289001_counterexample_heavy.log
tnn-pre-v1-r28-aeif-no-graph-shadow/verification/training/s0_balanced.log
tnn-pre-v1-r28-aeif-no-graph-shadow/verification/training/289000_random_exposure.log
tnn-pre-v1-r28-aeif-no-graph-shadow/verification/training/289001_tnn_replay.log
tnn-pre-v1-r28-aeif-no-graph-shadow/verification/training/289000_active_self.log
tnn-pre-v1-r28-aeif-no-graph-shadow/verification/training/289001_master_to_diverse.log
tnn-pre-v1-r28-aeif-no-graph-shadow/verification/training/289000_master_to_diverse.log
tnn-pre-v1-r28-aeif-no-graph-shadow/verification/training/289000_mixed.log
tnn-pre-v1-r28-aeif-no-graph-shadow/verification/training/289001_contrastive.log
tnn-pre-v1-r28-aeif-no-graph-shadow/verification/training/289000_tnn_replay.log
tnn-pre-v1-r28-aeif-no-graph-shadow/verification/training/289001_max_diversity.log
tnn-pre-v1-r28-aeif-no-graph-shadow/verification/training/289001_mixed.log
tnn-pre-v1-r28-aeif-no-graph-shadow/verification/training/289001_random_exposure.log
tnn-pre-v1-r28-aeif-no-graph-shadow/verification/qualification/
tnn-pre-v1-r28-aeif-no-graph-shadow/verification/qualification/entity_q0_1.log
tnn-pre-v1-r28-aeif-no-graph-shadow/verification/qualification/entity_q2_3.log
tnn-pre-v1-r28-aeif-no-graph-shadow/verification/qualification/entity_q4_5.log
tnn-pre-v1-r28-aeif-no-graph-shadow/verification/cleanroom-reference.json
tnn-pre-v1-r28-aeif-no-graph-shadow/verification/entity_280103.log
tnn-pre-v1-r28-aeif-no-graph-shadow/verification/memory_v5_seed0.log
tnn-pre-v1-r28-aeif-no-graph-shadow/verification/training_curves_combine.log
tnn-pre-v1-r28-aeif-no-graph-shadow/verification/memory_v4_seed0.log
tnn-pre-v1-r28-aeif-no-graph-shadow/verification/substrate_foundry_seed0.log
tnn-pre-v1-r28-aeif-no-graph-shadow/verification/memory_v6_seed0.log
tnn-pre-v1-r28-aeif-no-graph-shadow/verification/test_curve_random.log
tnn-pre-v1-r28-aeif-no-graph-shadow/verification/training_curve_281100.log
tnn-pre-v1-r28-aeif-no-graph-shadow/verification/deep_training_curves.log
tnn-pre-v1-r28-aeif-no-graph-shadow/verification/verify_r28_shadow.py
tnn-pre-v1-r28-aeif-no-graph-shadow/verification/memory_v4.log
tnn-pre-v1-r28-aeif-no-graph-shadow/verification/substrate_foundry_v2_test0.log
tnn-pre-v1-r28-aeif-no-graph-shadow/verification/entity_280102.log
tnn-pre-v1-r28-aeif-no-graph-shadow/verification/memory_shards/
tnn-pre-v1-r28-aeif-no-graph-shadow/verification/memory_shards/memory_v3_s0.log
tnn-pre-v1-r28-aeif-no-graph-shadow/verification/memory_shards/memory_v3_s4.log
tnn-pre-v1-r28-aeif-no-graph-shadow/verification/memory_shards/memory_v3_s2.log
tnn-pre-v1-r28-aeif-no-graph-shadow/verification/memory_shards/memory_v3_s1.log
tnn-pre-v1-r28-aeif-no-graph-shadow/verification/memory_shards/memory_v3_s3.log
tnn-pre-v1-r28-aeif-no-graph-shadow/verification/r27_parent_smoke.log
tnn-pre-v1-r28-aeif-no-graph-shadow/verification/memory_v4_fast_seed0.log
tnn-pre-v1-r28-aeif-no-graph-shadow/verification/test_random.log
tnn-pre-v1-r28-aeif-no-graph-shadow/verification/verify_cleanroom.py
tnn-pre-v1-r28-aeif-no-graph-shadow/verification/r27_parent_rerun.log
tnn-pre-v1-r28-aeif-no-graph-shadow/verification/entity_280104.log
tnn-pre-v1-r28-aeif-no-graph-shadow/verification/source_audit.py
tnn-pre-v1-r28-aeif-no-graph-shadow/verification/memory_v3_final.log
tnn-pre-v1-r28-aeif-no-graph-shadow/verification/validation_shards/
tnn-pre-v1-r28-aeif-no-graph-shadow/verification/validation_shards/281103_balanced.log
tnn-pre-v1-r28-aeif-no-graph-shadow/verification/validation_shards/281101_mixed.log
tnn-pre-v1-r28-aeif-no-graph-shadow/verification/validation_shards/281104_mixed.log
tnn-pre-v1-r28-aeif-no-graph-shadow/verification/validation_shards/281101_balanced.log
tnn-pre-v1-r28-aeif-no-graph-shadow/verification/validation_shards/281100_mixed.log
tnn-pre-v1-r28-aeif-no-graph-shadow/verification/validation_shards/281103_mixed.log
tnn-pre-v1-r28-aeif-no-graph-shadow/verification/validation_shards/281102_balanced.log
tnn-pre-v1-r28-aeif-no-graph-shadow/verification/validation_shards/281100_balanced.log
tnn-pre-v1-r28-aeif-no-graph-shadow/verification/validation_shards/281102_mixed.log
tnn-pre-v1-r28-aeif-no-graph-shadow/verification/validation_shards/281104_balanced.log
tnn-pre-v1-r28-aeif-no-graph-shadow/verification/memory_v3.log
tnn-pre-v1-r28-aeif-no-graph-shadow/verification/final/
tnn-pre-v1-r28-aeif-no-graph-shadow/verification/final/source_audit.json
tnn-pre-v1-r28-aeif-no-graph-shadow/verification/entity_validation_combine.log
tnn-pre-v1-r28-aeif-no-graph-shadow/verification/native_toolchain_audit.log
tnn-pre-v1-r28-aeif-no-graph-shadow/verification/aeif_graph_nograph_factorial.log
tnn-pre-v1-r28-aeif-no-graph-shadow/verification/dev_shards/
tnn-pre-v1-r28-aeif-no-graph-shadow/verification/dev_shards/280102_sibling_assist.log
tnn-pre-v1-r28-aeif-no-graph-shadow/verification/dev_shards/280102_mixed.log
tnn-pre-v1-r28-aeif-no-graph-shadow/verification/dev_shards/280102_active_self.log
tnn-pre-v1-r28-aeif-no-graph-shadow/verification/dev_shards/280104_tnn_replay.log
tnn-pre-v1-r28-aeif-no-graph-shadow/verification/dev_shards/280102_counterexample.log
tnn-pre-v1-r28-aeif-no-graph-shadow/verification/dev_shards/280103_mixed.log
tnn-pre-v1-r28-aeif-no-graph-shadow/verification/dev_shards/280103_random.log
tnn-pre-v1-r28-aeif-no-graph-shadow/verification/dev_shards/280100_sibling_assist.log
tnn-pre-v1-r28-aeif-no-graph-shadow/verification/dev_shards/280100_balanced.log
tnn-pre-v1-r28-aeif-no-graph-shadow/verification/dev_shards/280102_random.log
tnn-pre-v1-r28-aeif-no-graph-shadow/verification/dev_shards/280102_master_diverse.log
tnn-pre-v1-r28-aeif-no-graph-shadow/verification/dev_shards/280103_sibling_assist.log
tnn-pre-v1-r28-aeif-no-graph-shadow/verification/dev_shards/280100_adaptive_master.log
tnn-pre-v1-r28-aeif-no-graph-shadow/verification/dev_shards/280104_counterexample.log
tnn-pre-v1-r28-aeif-no-graph-shadow/verification/dev_shards/280103_tnn_replay.log
tnn-pre-v1-r28-aeif-no-graph-shadow/verification/dev_shards/280101_random.log
tnn-pre-v1-r28-aeif-no-graph-shadow/verification/dev_shards/280104_active_self.log
tnn-pre-v1-r28-aeif-no-graph-shadow/verification/dev_shards/280101_master_diverse.log
tnn-pre-v1-r28-aeif-no-graph-shadow/verification/dev_shards/280101_contrastive.log
tnn-pre-v1-r28-aeif-no-graph-shadow/verification/dev_shards/280100_mixed.log
tnn-pre-v1-r28-aeif-no-graph-shadow/verification/dev_shards/280100_tnn_replay.log
tnn-pre-v1-r28-aeif-no-graph-shadow/verification/dev_shards/280100_master_diverse.log
tnn-pre-v1-r28-aeif-no-graph-shadow/verification/dev_shards/280102_tnn_replay.log
tnn-pre-v1-r28-aeif-no-graph-shadow/verification/dev_shards/280102_contrastive.log
tnn-pre-v1-r28-aeif-no-graph-shadow/verification/dev_shards/280104_balanced.log
tnn-pre-v1-r28-aeif-no-graph-shadow/verification/dev_shards/280100_active_self.log
tnn-pre-v1-r28-aeif-no-graph-shadow/verification/dev_shards/280101_counterexample.log
tnn-pre-v1-r28-aeif-no-graph-shadow/verification/dev_shards/280104_random.log
tnn-pre-v1-r28-aeif-no-graph-shadow/verification/dev_shards/280104_contrastive.log
tnn-pre-v1-r28-aeif-no-graph-shadow/verification/dev_shards/280100_contrastive.log
tnn-pre-v1-r28-aeif-no-graph-shadow/verification/dev_shards/280104_mixed.log
tnn-pre-v1-r28-aeif-no-graph-shadow/verification/dev_shards/280101_balanced.log
tnn-pre-v1-r28-aeif-no-graph-shadow/verification/dev_shards/280101_active_self.log
tnn-pre-v1-r28-aeif-no-graph-shadow/verification/dev_shards/280103_master_diverse.log
tnn-pre-v1-r28-aeif-no-graph-shadow/verification/dev_shards/280100_max_diversity.log
tnn-pre-v1-r28-aeif-no-graph-shadow/verification/dev_shards/280104_max_diversity.log
tnn-pre-v1-r28-aeif-no-graph-shadow/verification/dev_shards/280101_mixed.log
tnn-pre-v1-r28-aeif-no-graph-shadow/verification/dev_shards/280104_adaptive_master.log
tnn-pre-v1-r28-aeif-no-graph-shadow/verification/dev_shards/280101_max_diversity.log
tnn-pre-v1-r28-aeif-no-graph-shadow/verification/dev_shards/280102_max_diversity.log
tnn-pre-v1-r28-aeif-no-graph-shadow/verification/dev_shards/280103_adaptive_master.log
tnn-pre-v1-r28-aeif-no-graph-shadow/verification/dev_shards/280104_sibling_assist.log
tnn-pre-v1-r28-aeif-no-graph-shadow/verification/dev_shards/280103_balanced.log
tnn-pre-v1-r28-aeif-no-graph-shadow/verification/dev_shards/280103_contrastive.log
tnn-pre-v1-r28-aeif-no-graph-shadow/verification/dev_shards/280102_balanced.log
tnn-pre-v1-r28-aeif-no-graph-shadow/verification/dev_shards/280101_tnn_replay.log
tnn-pre-v1-r28-aeif-no-graph-shadow/verification/dev_shards/280104_master_diverse.log
tnn-pre-v1-r28-aeif-no-graph-shadow/verification/dev_shards/280102_adaptive_master.log
tnn-pre-v1-r28-aeif-no-graph-shadow/verification/dev_shards/280101_sibling_assist.log
tnn-pre-v1-r28-aeif-no-graph-shadow/verification/dev_shards/280100_counterexample.log
tnn-pre-v1-r28-aeif-no-graph-shadow/verification/dev_shards/280103_counterexample.log
tnn-pre-v1-r28-aeif-no-graph-shadow/verification/dev_shards/280103_max_diversity.log
tnn-pre-v1-r28-aeif-no-graph-shadow/verification/dev_shards/280103_active_self.log
tnn-pre-v1-r28-aeif-no-graph-shadow/verification/dev_shards/280101_adaptive_master.log
tnn-pre-v1-r28-aeif-no-graph-shadow/verification/dev_shards/280100_random.log
tnn-pre-v1-r28-aeif-no-graph-shadow/verification/entity_combine.log
tnn-pre-v1-r28-aeif-no-graph-shadow/verification/r26_regression_rerun.log
tnn-pre-v1-r28-aeif-no-graph-shadow/verification/memory_v3_seed0.log
tnn-pre-v1-r28-aeif-no-graph-shadow/verification/curve_shards/
tnn-pre-v1-r28-aeif-no-graph-shadow/verification/curve_shards/281101_max_diversity.log
tnn-pre-v1-r28-aeif-no-graph-shadow/verification/curve_shards/281102_adaptive_master.log
tnn-pre-v1-r28-aeif-no-graph-shadow/verification/curve_shards/281100_active_self.log
tnn-pre-v1-r28-aeif-no-graph-shadow/verification/curve_shards/281101_counterexample.log
tnn-pre-v1-r28-aeif-no-graph-shadow/verification/curve_shards/281101_contrastive.log
tnn-pre-v1-r28-aeif-no-graph-shadow/verification/curve_shards/281102_tnn_replay.log
tnn-pre-v1-r28-aeif-no-graph-shadow/verification/curve_shards/281100_tnn_replay.log
tnn-pre-v1-r28-aeif-no-graph-shadow/verification/curve_shards/281102_max_diversity.log
tnn-pre-v1-r28-aeif-no-graph-shadow/verification/curve_shards/281100_sibling_assist.log
tnn-pre-v1-r28-aeif-no-graph-shadow/verification/curve_shards/281100_master_diverse.log
tnn-pre-v1-r28-aeif-no-graph-shadow/verification/curve_shards/281100_max_diversity.log
tnn-pre-v1-r28-aeif-no-graph-shadow/verification/curve_shards/281102_contrastive.log
tnn-pre-v1-r28-aeif-no-graph-shadow/verification/curve_shards/281101_mixed.log
tnn-pre-v1-r28-aeif-no-graph-shadow/verification/curve_shards/281102_counterexample.log
tnn-pre-v1-r28-aeif-no-graph-shadow/verification/curve_shards/281100_adaptive_master.log
tnn-pre-v1-r28-aeif-no-graph-shadow/verification/curve_shards/281101_adaptive_master.log
tnn-pre-v1-r28-aeif-no-graph-shadow/verification/curve_shards/281102_random.log
tnn-pre-v1-r28-aeif-no-graph-shadow/verification/curve_shards/281102_sibling_assist.log
tnn-pre-v1-r28-aeif-no-graph-shadow/verification/curve_shards/281100_counterexample.log
tnn-pre-v1-r28-aeif-no-graph-shadow/verification/curve_shards/281100_contrastive.log
tnn-pre-v1-r28-aeif-no-graph-shadow/verification/curve_shards/281101_balanced.log
tnn-pre-v1-r28-aeif-no-graph-shadow/verification/curve_shards/281101_random.log
tnn-pre-v1-r28-aeif-no-graph-shadow/verification/curve_shards/281100_mixed.log
tnn-pre-v1-r28-aeif-no-graph-shadow/verification/curve_shards/281101_active_self.log
tnn-pre-v1-r28-aeif-no-graph-shadow/verification/curve_shards/test_random.log
tnn-pre-v1-r28-aeif-no-graph-shadow/verification/curve_shards/281100_random.log
tnn-pre-v1-r28-aeif-no-graph-shadow/verification/curve_shards/281101_tnn_replay.log
tnn-pre-v1-r28-aeif-no-graph-shadow/verification/curve_shards/281102_balanced.log
tnn-pre-v1-r28-aeif-no-graph-shadow/verification/curve_shards/281100_balanced.log
tnn-pre-v1-r28-aeif-no-graph-shadow/verification/curve_shards/281102_mixed.log
tnn-pre-v1-r28-aeif-no-graph-shadow/verification/curve_shards/281101_master_diverse.log
tnn-pre-v1-r28-aeif-no-graph-shadow/verification/curve_shards/281101_sibling_assist.log
tnn-pre-v1-r28-aeif-no-graph-shadow/verification/curve_shards/281102_master_diverse.log
tnn-pre-v1-r28-aeif-no-graph-shadow/verification/curve_shards/281102_active_self.log
tnn-pre-v1-r28-aeif-no-graph-shadow/experiments_memory_v4_fast.py
tnn-pre-v1-r28-aeif-no-graph-shadow/STATUS.md
tnn-pre-v1-r28-aeif-no-graph-shadow/src/
tnn-pre-v1-r28-aeif-no-graph-shadow/src/tnn_r28_aeif.zag
tnn-pre-v1-r28-aeif-no-graph-shadow/src/tnn_r27_parent_shadow.zag
