Research/R33_NATIVE_N17_R27_CONTINUITY/RECOVERY_20260915_B_INDEPENDENT/REVIEW.json: OK
Research/R33_NATIVE_N17_R27_CONTINUITY/RECOVERY_20260915_B_INDEPENDENT/REVIEW.txt: OK
Research/R33_NATIVE_N17_R27_CONTINUITY/RECOVERY_20260915_B_INDEPENDENT/build_review_native.stderr: OK
Research/R33_NATIVE_N17_R27_CONTINUITY/RECOVERY_20260915_B_INDEPENDENT/build_review_native.stdout: OK
Research/R33_NATIVE_N17_R27_CONTINUITY/RECOVERY_20260915_B_INDEPENDENT/canonical_before.stderr: OK
Research/R33_NATIVE_N17_R27_CONTINUITY/RECOVERY_20260915_B_INDEPENDENT/canonical_before.stdout: OK
Research/R33_NATIVE_N17_R27_CONTINUITY/RECOVERY_20260915_B_INDEPENDENT/commands.initial_fixture_failure.jsonl: OK
Research/R33_NATIVE_N17_R27_CONTINUITY/RECOVERY_20260915_B_INDEPENDENT/commands.initial_import_failure.jsonl: OK
Research/R33_NATIVE_N17_R27_CONTINUITY/RECOVERY_20260915_B_INDEPENDENT/commands.jsonl: OK
Research/R33_NATIVE_N17_R27_CONTINUITY/RECOVERY_20260915_B_INDEPENDENT/final_build_memo_negative.stderr: OK
Research/R33_NATIVE_N17_R27_CONTINUITY/RECOVERY_20260915_B_INDEPENDENT/final_build_memo_negative.stdout: OK
Research/R33_NATIVE_N17_R27_CONTINUITY/RECOVERY_20260915_B_INDEPENDENT/final_build_review_native.stderr: OK
Research/R33_NATIVE_N17_R27_CONTINUITY/RECOVERY_20260915_B_INDEPENDENT/final_build_review_native.stdout: OK
Research/R33_NATIVE_N17_R27_CONTINUITY/RECOVERY_20260915_B_INDEPENDENT/final_canonical_after.stderr: OK
Research/R33_NATIVE_N17_R27_CONTINUITY/RECOVERY_20260915_B_INDEPENDENT/final_canonical_after.stdout: OK
Research/R33_NATIVE_N17_R27_CONTINUITY/RECOVERY_20260915_B_INDEPENDENT/final_canonical_before.stderr: OK
Research/R33_NATIVE_N17_R27_CONTINUITY/RECOVERY_20260915_B_INDEPENDENT/final_canonical_before.stdout: OK
Research/R33_NATIVE_N17_R27_CONTINUITY/RECOVERY_20260915_B_INDEPENDENT/final_protected_after.stderr: OK
Research/R33_NATIVE_N17_R27_CONTINUITY/RECOVERY_20260915_B_INDEPENDENT/final_protected_after.stdout: OK
Research/R33_NATIVE_N17_R27_CONTINUITY/RECOVERY_20260915_B_INDEPENDENT/final_protected_before.stderr: OK
Research/R33_NATIVE_N17_R27_CONTINUITY/RECOVERY_20260915_B_INDEPENDENT/final_protected_before.stdout: OK
Research/R33_NATIVE_N17_R27_CONTINUITY/RECOVERY_20260915_B_INDEPENDENT/final_raw_sha.stderr: OK
Research/R33_NATIVE_N17_R27_CONTINUITY/RECOVERY_20260915_B_INDEPENDENT/final_raw_sha.stdout: OK
Research/R33_NATIVE_N17_R27_CONTINUITY/RECOVERY_20260915_B_INDEPENDENT/final_run_memo_negative.stderr: OK
Research/R33_NATIVE_N17_R27_CONTINUITY/RECOVERY_20260915_B_INDEPENDENT/final_run_memo_negative.stdout: OK
Research/R33_NATIVE_N17_R27_CONTINUITY/RECOVERY_20260915_B_INDEPENDENT/final_run_review_native.stderr: OK
Research/R33_NATIVE_N17_R27_CONTINUITY/RECOVERY_20260915_B_INDEPENDENT/final_run_review_native.stdout: OK
Research/R33_NATIVE_N17_R27_CONTINUITY/RECOVERY_20260915_B_INDEPENDENT/memo_negative: OK
Research/R33_NATIVE_N17_R27_CONTINUITY/RECOVERY_20260915_B_INDEPENDENT/memo_negative.zag: OK
Research/R33_NATIVE_N17_R27_CONTINUITY/RECOVERY_20260915_B_INDEPENDENT/protected_before.stderr: OK
Research/R33_NATIVE_N17_R27_CONTINUITY/RECOVERY_20260915_B_INDEPENDENT/protected_before.stdout: OK
Research/R33_NATIVE_N17_R27_CONTINUITY/RECOVERY_20260915_B_INDEPENDENT/review_native: OK
Research/R33_NATIVE_N17_R27_CONTINUITY/RECOVERY_20260915_B_INDEPENDENT/review_native.zag: OK
Research/R33_NATIVE_N17_R27_CONTINUITY/RECOVERY_20260915_B_INDEPENDENT/run.rb: OK
Research/R33_NATIVE_N17_R27_CONTINUITY/RECOVERY_20260915_B_INDEPENDENT/verified_build_memo_negative.stderr: OK
Research/R33_NATIVE_N17_R27_CONTINUITY/RECOVERY_20260915_B_INDEPENDENT/verified_build_memo_negative.stdout: OK
Research/R33_NATIVE_N17_R27_CONTINUITY/RECOVERY_20260915_B_INDEPENDENT/verified_build_review_native.stderr: OK
Research/R33_NATIVE_N17_R27_CONTINUITY/RECOVERY_20260915_B_INDEPENDENT/verified_build_review_native.stdout: OK
Research/R33_NATIVE_N17_R27_CONTINUITY/RECOVERY_20260915_B_INDEPENDENT/verified_canonical_before.stderr: OK
Research/R33_NATIVE_N17_R27_CONTINUITY/RECOVERY_20260915_B_INDEPENDENT/verified_canonical_before.stdout: OK
Research/R33_NATIVE_N17_R27_CONTINUITY/RECOVERY_20260915_B_INDEPENDENT/verified_protected_before.stderr: OK
Research/R33_NATIVE_N17_R27_CONTINUITY/RECOVERY_20260915_B_INDEPENDENT/verified_protected_before.stdout: OK
Research/R33_NATIVE_N17_R27_CONTINUITY/RECOVERY_20260915_B_INDEPENDENT/verified_run_memo_negative.stderr: OK
Research/R33_NATIVE_N17_R27_CONTINUITY/RECOVERY_20260915_B_INDEPENDENT/verified_run_memo_negative.stdout: OK
Research/R33_NATIVE_N17_R27_CONTINUITY/RECOVERY_20260915_B_INDEPENDENT/verified_run_review_native.stderr: OK
Research/R33_NATIVE_N17_R27_CONTINUITY/RECOVERY_20260915_B_INDEPENDENT/verified_run_review_native.stdout: OK
