CHECK,initialize,0,0
CHECK,reserve_checked_partial_attempt,-8011,-8011
CHECK,recovery_status,0,0
CHECK,sequence,0,0
CHECK,attempts,1,1
CHECK,complete_state_bytes,1,1
CHECK,head_size,32,32
CHECK,reserve_checked_partial_attempt,-8011,-8011
CHECK,recovery_status,0,0
CHECK,sequence,0,0
CHECK,attempts,2,2
CHECK,complete_state_bytes,1,1
CHECK,head_size,32,32
CHECK,reserve_checked_partial_attempt,-8011,-8011
CHECK,recovery_status,0,0
CHECK,sequence,0,0
CHECK,attempts,3,3
CHECK,complete_state_bytes,1,1
CHECK,head_size,32,32
CHECK,reserve_checked_partial_attempt,-8011,-8011
CHECK,recovery_status,0,0
CHECK,sequence,0,0
CHECK,attempts,4,4
CHECK,complete_state_bytes,1,1
CHECK,head_size,32,32
CHECK,reserve_checked_partial_attempt,-8011,-8011
CHECK,recovery_status,0,0
CHECK,sequence,0,0
CHECK,attempts,5,5
CHECK,complete_state_bytes,1,1
CHECK,head_size,32,32
CHECK,reserve_checked_partial_attempt,-8011,-8011
CHECK,recovery_status,0,0
CHECK,sequence,0,0
CHECK,attempts,6,6
CHECK,complete_state_bytes,1,1
CHECK,head_size,32,32
CHECK,reserve_checked_partial_attempt,-8011,-8011
CHECK,recovery_status,0,0
CHECK,sequence,0,0
CHECK,attempts,7,7
CHECK,complete_state_bytes,1,1
CHECK,head_size,32,32
CHECK,reserve_checked_partial_attempt,-8011,-8011
CHECK,recovery_status,0,0
CHECK,sequence,0,0
CHECK,attempts,8,8
CHECK,complete_state_bytes,1,1
CHECK,head_size,32,32
CHECK,reserve_checked_partial_attempt,-8011,-8011
CHECK,recovery_status,0,0
CHECK,sequence,0,0
CHECK,attempts,9,9
CHECK,complete_state_bytes,1,1
CHECK,head_size,32,32
CHECK,reserve_checked_partial_attempt,-8011,-8011
CHECK,recovery_status,0,0
CHECK,sequence,0,0
CHECK,attempts,10,10
CHECK,complete_state_bytes,1,1
CHECK,head_size,32,32
CHECK,reserve_checked_partial_attempt,-8011,-8011
CHECK,recovery_status,0,0
CHECK,sequence,0,0
CHECK,attempts,11,11
CHECK,complete_state_bytes,1,1
CHECK,head_size,32,32
CHECK,reserve_checked_partial_attempt,-8011,-8011
CHECK,recovery_status,0,0
CHECK,sequence,0,0
CHECK,attempts,12,12
CHECK,complete_state_bytes,1,1
CHECK,head_size,32,32
CHECK,reserve_checked_partial_attempt,-8011,-8011
CHECK,recovery_status,0,0
CHECK,sequence,0,0
CHECK,attempts,13,13
CHECK,complete_state_bytes,1,1
CHECK,head_size,32,32
CHECK,reserve_checked_partial_attempt,-8011,-8011
CHECK,recovery_status,0,0
CHECK,sequence,0,0
CHECK,attempts,14,14
CHECK,complete_state_bytes,1,1
CHECK,head_size,32,32
CHECK,reserve_checked_partial_attempt,-8011,-8011
CHECK,recovery_status,0,0
CHECK,sequence,0,0
CHECK,attempts,15,15
CHECK,complete_state_bytes,1,1
CHECK,head_size,32,32
CHECK,reserve_checked_partial_attempt,-8011,-8011
CHECK,recovery_status,0,0
CHECK,sequence,0,0
CHECK,attempts,16,16
CHECK,complete_state_bytes,1,1
CHECK,head_size,32,32
CHECK,reserve_checked_partial_attempt,-8011,-8011
CHECK,recovery_status,0,0
CHECK,sequence,0,0
CHECK,attempts,17,17
CHECK,complete_state_bytes,1,1
CHECK,head_size,32,32
CHECK,reserve_checked_partial_attempt,-8011,-8011
CHECK,recovery_status,0,0
CHECK,sequence,0,0
CHECK,attempts,18,18
CHECK,complete_state_bytes,1,1
CHECK,head_size,32,32
CHECK,reserve_checked_partial_attempt,-8011,-8011
CHECK,recovery_status,0,0
CHECK,sequence,0,0
CHECK,attempts,19,19
CHECK,complete_state_bytes,1,1
CHECK,head_size,32,32
CHECK,reserve_checked_partial_attempt,-8011,-8011
CHECK,recovery_status,0,0
CHECK,sequence,0,0
CHECK,attempts,20,20
CHECK,complete_state_bytes,1,1
CHECK,head_size,32,32
CHECK,reserve_checked_partial_attempt,-8011,-8011
CHECK,recovery_status,0,0
CHECK,sequence,0,0
CHECK,attempts,21,21
CHECK,complete_state_bytes,1,1
CHECK,head_size,32,32
CHECK,reserve_checked_partial_attempt,-8011,-8011
CHECK,recovery_status,0,0
CHECK,sequence,0,0
CHECK,attempts,22,22
CHECK,complete_state_bytes,1,1
CHECK,head_size,32,32
CHECK,reserve_checked_partial_attempt,-8011,-8011
CHECK,recovery_status,0,0
CHECK,sequence,0,0
CHECK,attempts,23,23
CHECK,complete_state_bytes,1,1
CHECK,head_size,32,32
CHECK,reserve_checked_partial_attempt,-8011,-8011
CHECK,recovery_status,0,0
CHECK,sequence,0,0
CHECK,attempts,24,24
CHECK,complete_state_bytes,1,1
CHECK,head_size,32,32
CHECK,reserve_checked_partial_attempt,-8011,-8011
CHECK,recovery_status,0,0
CHECK,sequence,0,0
CHECK,attempts,25,25
CHECK,complete_state_bytes,1,1
CHECK,head_size,32,32
CHECK,reserve_checked_partial_attempt,-8011,-8011
CHECK,recovery_status,0,0
CHECK,sequence,0,0
CHECK,attempts,26,26
CHECK,complete_state_bytes,1,1
CHECK,head_size,32,32
CHECK,reserve_checked_partial_attempt,-8011,-8011
CHECK,recovery_status,0,0
CHECK,sequence,0,0
CHECK,attempts,27,27
CHECK,complete_state_bytes,1,1
CHECK,head_size,32,32
CHECK,reserve_checked_partial_attempt,-8011,-8011
CHECK,recovery_status,0,0
CHECK,sequence,0,0
CHECK,attempts,28,28
CHECK,complete_state_bytes,1,1
CHECK,head_size,32,32
CHECK,reserve_checked_partial_attempt,-8011,-8011
CHECK,recovery_status,0,0
CHECK,sequence,0,0
CHECK,attempts,29,29
CHECK,complete_state_bytes,1,1
CHECK,head_size,32,32
CHECK,reserve_checked_partial_attempt,-8011,-8011
CHECK,recovery_status,0,0
CHECK,sequence,0,0
CHECK,attempts,30,30
CHECK,complete_state_bytes,1,1
CHECK,head_size,32,32
CHECK,reserve_checked_partial_attempt,-8011,-8011
CHECK,recovery_status,0,0
CHECK,sequence,0,0
CHECK,attempts,31,31
CHECK,complete_state_bytes,1,1
CHECK,head_size,32,32
CHECK,reserve_checked_partial_attempt,-8011,-8011
CHECK,recovery_status,0,0
CHECK,sequence,0,0
CHECK,attempts,32,32
CHECK,complete_state_bytes,1,1
CHECK,head_size,32,32
CHECK,reserve_checked_partial_attempt,-8011,-8011
CHECK,recovery_status,0,0
CHECK,sequence,0,0
CHECK,attempts,33,33
CHECK,complete_state_bytes,1,1
CHECK,head_size,32,32
CHECK,reserve_checked_partial_attempt,-8011,-8011
CHECK,recovery_status,0,0
CHECK,sequence,0,0
CHECK,attempts,34,34
CHECK,complete_state_bytes,1,1
CHECK,head_size,32,32
CHECK,reserve_checked_partial_attempt,-8011,-8011
CHECK,recovery_status,0,0
CHECK,sequence,0,0
CHECK,attempts,35,35
CHECK,complete_state_bytes,1,1
CHECK,head_size,32,32
CHECK,reserve_checked_partial_attempt,-8011,-8011
CHECK,recovery_status,0,0
CHECK,sequence,0,0
CHECK,attempts,36,36
CHECK,complete_state_bytes,1,1
CHECK,head_size,32,32
CHECK,reserve_checked_partial_attempt,-8011,-8011
CHECK,recovery_status,0,0
CHECK,sequence,0,0
CHECK,attempts,37,37
CHECK,complete_state_bytes,1,1
CHECK,head_size,32,32
CHECK,reserve_checked_partial_attempt,-8011,-8011
CHECK,recovery_status,0,0
CHECK,sequence,0,0
CHECK,attempts,38,38
CHECK,complete_state_bytes,1,1
CHECK,head_size,32,32
CHECK,reserve_checked_partial_attempt,-8011,-8011
CHECK,recovery_status,0,0
CHECK,sequence,0,0
CHECK,attempts,39,39
CHECK,complete_state_bytes,1,1
CHECK,head_size,32,32
CHECK,reserve_checked_partial_attempt,-8011,-8011
CHECK,recovery_status,0,0
CHECK,sequence,0,0
CHECK,attempts,40,40
CHECK,complete_state_bytes,1,1
CHECK,head_size,32,32
CHECK,reserve_checked_partial_attempt,-8011,-8011
CHECK,recovery_status,0,0
CHECK,sequence,0,0
CHECK,attempts,41,41
CHECK,complete_state_bytes,1,1
CHECK,head_size,32,32
CHECK,reserve_checked_partial_attempt,-8011,-8011
CHECK,recovery_status,0,0
CHECK,sequence,0,0
CHECK,attempts,42,42
CHECK,complete_state_bytes,1,1
CHECK,head_size,32,32
CHECK,reserve_checked_partial_attempt,-8011,-8011
CHECK,recovery_status,0,0
CHECK,sequence,0,0
CHECK,attempts,43,43
CHECK,complete_state_bytes,1,1
CHECK,head_size,32,32
CHECK,reserve_checked_partial_attempt,-8011,-8011
CHECK,recovery_status,0,0
CHECK,sequence,0,0
CHECK,attempts,44,44
CHECK,complete_state_bytes,1,1
CHECK,head_size,32,32
CHECK,reserve_checked_partial_attempt,-8011,-8011
CHECK,recovery_status,0,0
CHECK,sequence,0,0
CHECK,attempts,45,45
CHECK,complete_state_bytes,1,1
CHECK,head_size,32,32
CHECK,reserve_checked_partial_attempt,-8011,-8011
CHECK,recovery_status,0,0
CHECK,sequence,0,0
CHECK,attempts,46,46
CHECK,complete_state_bytes,1,1
CHECK,head_size,32,32
CHECK,reserve_checked_partial_attempt,-8011,-8011
CHECK,recovery_status,0,0
CHECK,sequence,0,0
CHECK,attempts,47,47
CHECK,complete_state_bytes,1,1
CHECK,head_size,32,32
CHECK,reserve_checked_partial_attempt,-8011,-8011
CHECK,recovery_status,0,0
CHECK,sequence,0,0
CHECK,attempts,48,48
CHECK,complete_state_bytes,1,1
CHECK,head_size,32,32
CHECK,reserve_checked_partial_attempt,-8011,-8011
CHECK,recovery_status,0,0
CHECK,sequence,0,0
CHECK,attempts,49,49
CHECK,complete_state_bytes,1,1
CHECK,head_size,32,32
CHECK,reserve_checked_partial_attempt,-8011,-8011
CHECK,recovery_status,0,0
CHECK,sequence,0,0
CHECK,attempts,50,50
CHECK,complete_state_bytes,1,1
CHECK,head_size,32,32
CHECK,reserve_checked_partial_attempt,-8011,-8011
CHECK,recovery_status,0,0
CHECK,sequence,0,0
CHECK,attempts,51,51
CHECK,complete_state_bytes,1,1
CHECK,head_size,32,32
CHECK,reserve_checked_partial_attempt,-8011,-8011
CHECK,recovery_status,0,0
CHECK,sequence,0,0
CHECK,attempts,52,52
CHECK,complete_state_bytes,1,1
CHECK,head_size,32,32
CHECK,reserve_checked_partial_attempt,-8011,-8011
CHECK,recovery_status,0,0
CHECK,sequence,0,0
CHECK,attempts,53,53
CHECK,complete_state_bytes,1,1
CHECK,head_size,32,32
CHECK,reserve_checked_partial_attempt,-8011,-8011
CHECK,recovery_status,0,0
CHECK,sequence,0,0
CHECK,attempts,54,54
CHECK,complete_state_bytes,1,1
CHECK,head_size,32,32
CHECK,reserve_checked_partial_attempt,-8011,-8011
CHECK,recovery_status,0,0
CHECK,sequence,0,0
CHECK,attempts,55,55
CHECK,complete_state_bytes,1,1
CHECK,head_size,32,32
CHECK,reserve_checked_partial_attempt,-8011,-8011
CHECK,recovery_status,0,0
CHECK,sequence,0,0
CHECK,attempts,56,56
CHECK,complete_state_bytes,1,1
CHECK,head_size,32,32
CHECK,reserve_checked_partial_attempt,-8011,-8011
CHECK,recovery_status,0,0
CHECK,sequence,0,0
CHECK,attempts,57,57
CHECK,complete_state_bytes,1,1
CHECK,head_size,32,32
CHECK,reserve_checked_partial_attempt,-8011,-8011
CHECK,recovery_status,0,0
CHECK,sequence,0,0
CHECK,attempts,58,58
CHECK,complete_state_bytes,1,1
CHECK,head_size,32,32
CHECK,reserve_checked_partial_attempt,-8011,-8011
CHECK,recovery_status,0,0
CHECK,sequence,0,0
CHECK,attempts,59,59
CHECK,complete_state_bytes,1,1
CHECK,head_size,32,32
CHECK,reserve_checked_partial_attempt,-8011,-8011
CHECK,recovery_status,0,0
CHECK,sequence,0,0
CHECK,attempts,60,60
CHECK,complete_state_bytes,1,1
CHECK,head_size,32,32
CHECK,reserve_checked_partial_attempt,-8011,-8011
CHECK,recovery_status,0,0
CHECK,sequence,0,0
CHECK,attempts,61,61
CHECK,complete_state_bytes,1,1
CHECK,head_size,32,32
CHECK,reserve_checked_partial_attempt,-8011,-8011
CHECK,recovery_status,0,0
CHECK,sequence,0,0
CHECK,attempts,62,62
CHECK,complete_state_bytes,1,1
CHECK,head_size,32,32
CHECK,reserve_checked_partial_attempt,-8011,-8011
CHECK,recovery_status,0,0
CHECK,sequence,0,0
CHECK,attempts,63,63
CHECK,complete_state_bytes,1,1
CHECK,head_size,32,32
CHECK,reserve_checked_partial_attempt,-8011,-8011
CHECK,recovery_status,0,0
CHECK,sequence,0,0
CHECK,attempts,64,64
CHECK,complete_state_bytes,1,1
CHECK,head_size,32,32
CHECK,capacity_refusal,-8005,-8005
CHECK,recovery_status,0,0
CHECK,sequence,0,0
CHECK,attempts,64,64
CHECK,complete_state_bytes,1,1
CHECK,head_size,32,32
CHECK,no_extra_attempt,-2,-2
FAILURES,0
N03_CHILD_PASS,attempt-capacity
