ST_CELL 3 0 0 1
ST_AUDIT_N 39151
ST_DROPS 4682
ST_ABANDONS 37897
ST_ABANDON_Q 37897 0 0 0
ST_METRIC 1 96 96
ST_METRIC 8 7 7
ST_METRIC 9 7 7
ST_METRIC 10 318 5000
ST_METRIC 11 96 1500
CL_CHECK,ck_replay,0,0
CL_CHECK,ck_refusals_clean,0,0
CL_CHECK,ck_core_live,1,1
CL_CHECK,ck_strength_lineage,1,1
CL_CHECK,ck_strength_lineage,1,1
CL_CHECK,ck_strength_lineage,1,1
CL_CHECK,ck_strength_lineage,1,1
CL_CHECK,ck_strength_lineage,1,1
CL_CHECK,ck_strength_lineage,1,1
CL_CHECK,ck_strength_lineage,1,1
CL_CHECK,ck_strength_lineage,1,1
CL_CHECK,ck_strength_lineage,1,1
CL_CHECK,ck_strength_lineage,1,1
CL_CHECK,ck_strength_lineage,1,1
CL_CHECK,ck_strength_lineage,1,1
CL_CHECK,ck_strength_lineage,1,1
CL_CHECK,ck_strength_lineage,1,1
CL_CHECK,ck_strength_lineage,1,1
CL_CHECK,ck_strength_lineage,1,1
CL_CHECK,ck_strength_lineage,1,1
CL_CHECK,ck_strength_lineage,1,1
CL_CHECK,ck_strength_lineage,1,1
CL_CHECK,ck_strength_lineage,1,1
CL_CHECK,ck_strength_lineage,1,1
CL_CHECK,ck_strength_lineage,1,1
CL_CHECK,ck_strength_lineage,1,1
CL_CHECK,ck_strength_lineage,1,1
CL_CHECK,ck_strength_lineage,1,1
CL_CHECK,ck_strength_lineage,1,1
CL_CHECK,ck_strength_lineage,1,1
CL_CHECK,ck_strength_lineage,1,1
CL_CHECK,ck_strength_lineage,1,1
CL_CHECK,ck_strength_lineage,1,1
CL_CHECK,ck_strength_lineage,1,1
CL_CHECK,ck_strength_lineage,1,1
CL_CHECK,ck_strength_lineage,1,1
CL_CHECK,ck_strength_lineage,1,1
CL_CHECK,ck_strength_lineage,1,1
CL_CHECK,ck_strength_lineage,1,1
CL_CHECK,ck_strength_lineage,1,1
CL_CHECK,ck_strength_lineage,1,1
CL_CHECK,ck_strength_lineage,1,1
CL_CHECK,ck_strength_lineage,1,1
CL_CHECK,ck_strength_lineage,1,1
CL_CHECK,ck_strength_lineage,1,1
CL_CHECK,ck_strength_lineage,1,1
CL_CHECK,ck_strength_lineage,1,1
CL_CHECK,ck_strength_lineage,1,1
CL_CHECK,ck_strength_lineage,1,1
CL_CHECK,ck_strength_lineage,1,1
CL_CHECK,ck_strength_lineage,1,1
CL_CHECK,ck_strength_lineage,1,1
CL_CHECK,ck_strength_lineage,1,1
CL_CHECK,ck_strength_lineage,1,1
CL_CHECK,ck_strength_lineage,1,1
CL_CHECK,ck_strength_lineage,1,1
CL_CHECK,ck_strength_lineage,1,1
CL_CHECK,ck_strength_lineage,1,1
CL_CHECK,ck_strength_lineage,1,1
CL_CHECK,ck_strength_lineage,1,1
CL_CHECK,ck_strength_lineage,1,1
CL_CHECK,ck_strength_lineage,1,1
CL_CHECK,ck_strength_lineage,1,1
CL_CHECK,ck_strength_lineage,1,1
CL_CHECK,ck_strength_lineage,1,1
CL_CHECK,ck_strength_lineage,1,1
CL_CHECK,ck_strength_lineage,1,1
CL_CHECK,ck_strength_lineage,1,1
CL_CHECK,ck_strength_lineage,1,1
CL_CHECK,ck_strength_lineage,1,1
CL_CHECK,ck_strength_lineage,1,1
CL_CHECK,ck_strength_lineage,1,1
CL_CHECK,ck_strength_lineage,1,1
CL_CHECK,ck_strength_lineage,1,1
CL_CHECK,ck_strength_lineage,1,1
CL_CHECK,ck_strength_lineage,1,1
CL_CHECK,ck_strength_lineage,1,1
CL_CHECK,ck_strength_lineage,1,1
CL_CHECK,ck_strength_lineage,1,1
CL_CHECK,ck_strength_lineage,1,1
CL_CHECK,ck_strength_lineage,1,1
CL_CHECK,ck_strength_lineage,1,1
CL_CHECK,ck_strength_lineage,1,1
CL_CHECK,ck_strength_lineage,1,1
CL_CHECK,ck_strength_lineage,1,1
CL_CHECK,ck_strength_lineage,1,1
CL_CHECK,ck_strength_lineage,1,1
CL_CHECK,ck_strength_lineage,1,1
CL_CHECK,ck_strength_lineage,1,1
CL_CHECK,ck_strength_lineage,1,1
CL_CHECK,ck_strength_lineage,1,1
CL_CHECK,ck_strength_lineage,1,1
CL_CHECK,ck_strength_lineage,1,1
CL_CHECK,ck_strength_lineage,1,1
CL_CHECK,ck_strength_lineage,1,1
CL_CHECK,ck_strength_lineage,1,1
CL_CHECK,ck_strength_lineage,1,1
CL_CHECK,ck_strength_lineage,1,1
CL_CHECK,ck_strength_lineage,1,1
CL_CHECK,ck_strength_lineage,1,1
CL_CHECK,ck_strength_lineage,1,1
CL_CHECK,ck_strength_lineage,1,1
CL_CHECK,ck_strength_lineage,1,1
CL_CHECK,ck_strength_lineage,1,1
CL_CHECK,ck_strength_lineage,1,1
CL_CHECK,ck_strength_lineage,1,1
CL_CHECK,ck_strength_lineage,1,1
CL_CHECK,ck_strength_lineage,1,1
CL_CHECK,ck_strength_lineage,1,1
CL_CHECK,ck_strength_lineage,1,1
CL_CHECK,ck_strength_lineage,1,1
CL_CHECK,ck_strength_lineage,1,1
CL_CHECK,ck_strength_lineage,1,1
CL_CHECK,ck_strength_lineage,1,1
CL_CHECK,ck_strength_lineage,1,1
CL_CHECK,ck_strength_lineage,1,1
CL_CHECK,ck_strength_lineage,1,1
CL_CHECK,ck_strength_lineage,1,1
CL_CHECK,ck_strength_lineage,1,1
CL_CHECK,ck_strength_lineage,1,1
CL_CHECK,ck_strength_lineage,1,1
CL_CHECK,ck_strength_lineage,1,1
CL_CHECK,ck_strength_lineage,1,1
CL_CHECK,ck_strength_lineage,1,1
CL_CHECK,ck_strength_lineage,1,1
CL_CHECK,ck_strength_lineage,1,1
CL_CHECK,ck_strength_lineage,1,1
CL_CHECK,ck_strength_lineage,1,1
CL_CHECK,ck_strength_lineage,1,1
CL_CHECK,ck_strength_lineage,1,1
CL_CHECK,ck_strength_lineage,1,1
CL_CHECK,ck_strength_lineage,1,1
CL_CHECK,ck_strength_lineage,1,1
CL_CHECK,ck_strength_lineage,1,1
CL_CHECK,ck_strength_lineage,1,1
CL_CHECK,ck_strength_lineage,1,1
CL_CHECK,ck_strength_lineage,1,1
CL_CHECK,ck_strength_lineage,1,1
CL_CHECK,ck_strength_lineage,1,1
CL_CHECK,ck_strength_lineage,1,1
CL_CHECK,ck_strength_lineage,1,1
CL_CHECK,ck_strength_lineage,1,1
CL_CHECK,ck_strength_lineage,1,1
CL_CHECK,ck_strength_lineage,1,1
CL_CHECK,ck_strength_lineage,1,1
CL_CHECK,ck_strength_lineage,1,1
CL_CHECK,ck_strength_lineage,1,1
CL_CHECK,ck_strength_lineage,1,1
CL_CHECK,ck_strength_lineage,1,1
CL_CHECK,ck_strength_lineage,1,1
CL_CHECK,ck_strength_lineage,1,1
CL_CHECK,ck_strength_lineage,1,1
CL_CHECK,ck_strength_lineage,1,1
CL_CHECK,ck_strength_lineage,1,1
CL_CHECK,ck_strength_lineage,1,1
CL_CHECK,ck_strength_lineage,1,1
CL_CHECK,ck_strength_lineage,1,1
CL_CHECK,ck_strength_lineage,1,1
CL_CHECK,ck_strength_lineage,1,1
CL_CHECK,ck_strength_lineage,1,1
CL_CHECK,ck_strength_lineage,1,1
CL_CHECK,ck_strength_lineage,1,1
CL_CHECK,ck_strength_lineage,1,1
CL_CHECK,ck_strength_lineage,1,1
CL_CHECK,ck_strength_lineage,1,1
CL_CHECK,ck_strength_lineage,1,1
CL_CHECK,ck_strength_lineage,1,1
CL_CHECK,ck_strength_lineage,1,1
CL_CHECK,ck_strength_lineage,1,1
CL_CHECK,ck_strength_lineage,1,1
CL_CHECK,ck_strength_lineage,1,1
CL_CHECK,ck_strength_lineage,1,1
CL_CHECK,ck_strength_lineage,1,1
CL_CHECK,ck_strength_lineage,1,1
CL_CHECK,ck_strength_lineage,1,1
CL_CHECK,ck_strength_lineage,1,1
CL_CHECK,ck_strength_lineage,1,1
CL_CHECK,ck_strength_lineage,1,1
CL_CHECK,ck_strength_lineage,1,1
CL_CHECK,ck_strength_lineage,1,1
CL_CHECK,ck_strength_lineage,1,1
CL_CHECK,ck_strength_lineage,1,1
CL_CHECK,ck_strength_lineage,1,1
CL_CHECK,ck_strength_lineage,1,1
CL_CHECK,ck_strength_lineage,1,1
CL_CHECK,ck_strength_lineage,1,1
CL_CHECK,ck_strength_lineage,1,1
CL_CHECK,ck_strength_lineage,1,1
CL_CHECK,ck_strength_lineage,1,1
CL_CHECK,ck_strength_lineage,1,1
CL_CHECK,ck_strength_lineage,1,1
CL_CHECK,ck_strength_lineage,1,1
CL_CHECK,ck_strength_lineage,1,1
CL_CHECK,ck_strength_lineage,1,1
CL_CHECK,ck_strength_lineage,1,1
CL_CHECK,ck_strength_lineage,1,1
CL_CHECK,ck_strength_lineage,1,1
CL_CHECK,ck_strength_lineage,1,1
CL_CHECK,ck_strength_lineage,1,1
CL_CHECK,ck_strength_lineage,1,1
CL_CHECK,ck_strength_lineage,1,1
CL_CHECK,ck_strength_lineage,1,1
CL_CHECK,ck_strength_lineage,1,1
CL_CHECK,ck_strength_lineage,1,1
CL_CHECK,ck_strength_lineage,1,1
CL_CHECK,ck_strength_lineage,1,1
CL_CHECK,ck_strength_lineage,1,1
CL_CHECK,ck_strength_lineage,1,1
CL_CHECK,ck_strength_lineage,1,1
CL_CHECK,ck_strength_lineage,1,1
CL_CHECK,ck_strength_lineage,1,1
CL_CHECK,ck_strength_lineage,1,1
CL_CHECK,ck_strength_lineage,1,1
CL_CHECK,ck_strength_lineage,1,1
CL_CHECK,ck_strength_lineage,1,1
CL_CHECK,ck_strength_lineage,1,1
CL_CHECK,ck_strength_lineage,1,1
CL_CHECK,ck_strength_lineage,1,1
CL_CHECK,ck_strength_lineage,1,1
CL_CHECK,ck_strength_lineage,1,1
CL_CHECK,ck_strength_lineage,1,1
CL_CHECK,ck_strength_lineage,1,1
CL_CHECK,ck_strength_lineage,1,1
CL_CHECK,ck_strength_lineage,1,1
CL_CHECK,ck_strength_lineage,1,1
CL_CHECK,ck_strength_lineage,1,1
CL_CHECK,ck_strength_lineage,1,1
CL_CHECK,ck_strength_lineage,1,1
CL_CHECK,ck_strength_lineage,1,1
CL_CHECK,ck_strength_lineage,1,1
CL_CHECK,ck_strength_lineage,1,1
CL_CHECK,ck_strength_lineage,1,1
CL_CHECK,ck_strength_lineage,1,1
CL_CHECK,ck_strength_lineage,1,1
CL_CHECK,ck_strength_lineage,1,1
CL_CHECK,ck_strength_lineage,1,1
CL_CHECK,ck_strength_lineage,1,1
CL_CHECK,ck_strength_lineage,1,1
CL_CHECK,ck_strength_lineage,1,1
CL_CHECK,ck_strength_lineage,1,1
CL_CHECK,ck_strength_lineage,1,1
CL_CHECK,ck_strength_lineage,1,1
CL_CHECK,ck_strength_lineage,1,1
CL_CHECK,ck_strength_lineage,1,1
CL_CHECK,ck_strength_lineage,1,1
CL_CHECK,ck_strength_lineage,1,1
CL_CHECK,ck_strength_lineage,1,1
CL_CHECK,ck_strength_lineage,1,1
CL_CHECK,ck_strength_lineage,1,1
CL_CHECK,ck_strength_lineage,1,1
CL_CHECK,ck_strength_lineage,1,1
CL_CHECK,ck_strength_lineage,1,1
CL_CHECK,ck_strength_lineage,1,1
CL_CHECK,ck_strength_lineage,1,1
CL_CHECK,ck_strength_lineage,1,1
CL_CHECK,ck_strength_lineage,1,1
CL_CHECK,ck_strength_lineage,1,1
CL_CHECK,ck_strength_lineage,1,1
CL_CHECK,ck_strength_lineage,1,1
CL_CHECK,ck_strength_lineage,1,1
CL_CHECK,ck_strength_lineage,1,1
CL_CHECK,ck_strength_lineage,1,1
CL_CHECK,ck_strength_lineage,1,1
CL_CHECK,ck_strength_lineage,1,1
CL_CHECK,ck_strength_lineage,1,1
CL_CHECK,ck_strength_lineage,1,1
CL_CHECK,ck_strength_lineage,1,1
CL_CHECK,ck_strength_lineage,1,1
CL_CHECK,ck_strength_lineage,1,1
CL_CHECK,ck_strength_lineage,1,1
CL_CHECK,ck_strength_lineage,1,1
CL_CHECK,ck_strength_lineage,1,1
CL_CHECK,ck_strength_lineage,1,1
CL_CHECK,ck_strength_lineage,1,1
CL_CHECK,ck_strength_lineage,1,1
CL_CHECK,ck_strength_lineage,1,1
CL_CHECK,ck_strength_lineage,1,1
CL_CHECK,ck_strength_lineage,1,1
CL_CHECK,ck_strength_lineage,1,1
CL_CHECK,ck_strength_lineage,1,1
CL_CHECK,ck_strength_lineage,1,1
CL_CHECK,ck_strength_lineage,1,1
CL_CHECK,ck_strength_lineage,1,1
CL_CHECK,ck_strength_lineage,1,1
CL_CHECK,ck_strength_lineage,1,1
CL_CHECK,ck_strength_lineage,1,1
CL_CHECK,ck_strength_lineage,1,1
CL_CHECK,ck_strength_lineage,1,1
CL_CHECK,ck_strength_lineage,1,1
CL_CHECK,ck_strength_lineage,1,1
CL_CHECK,ck_strength_lineage,1,1
CL_CHECK,ck_strength_lineage,1,1
CL_CHECK,ck_strength_lineage,1,1
CL_CHECK,ck_strength_lineage,1,1
CL_CHECK,ck_strength_lineage,1,1
CL_CHECK,ck_strength_lineage,1,1
CL_CHECK,ck_strength_lineage,1,1
CL_CHECK,ck_strength_lineage,1,1
CL_CHECK,ck_strength_lineage,1,1
CL_CHECK,ck_strength_lineage,1,1
CL_CHECK,ck_strength_lineage,1,1
CL_CHECK,ck_strength_lineage,1,1
CL_CHECK,ck_strength_lineage,1,1
CL_CHECK,ck_strength_lineage,1,1
CL_CHECK,ck_strength_lineage,1,1
CL_CHECK,ck_strength_lineage,1,1
CL_CHECK,ck_strength_lineage,1,1
CL_CHECK,ck_strength_lineage,1,1
CL_CHECK,ck_strength_lineage,1,1
CL_CHECK,ck_strength_lineage,1,1
CL_CHECK,ck_strength_lineage,1,1
CL_CHECK,ck_strength_lineage,1,1
CL_CHECK,ck_strength_lineage,1,1
CL_CHECK,ck_strength_lineage,1,1
CL_CHECK,ck_strength_lineage,1,1
CL_CHECK,ck_strength_lineage,1,1
CL_CHECK,ck_strength_lineage,1,1
CL_CHECK,ck_strength_lineage,1,1
CL_CHECK,ck_strength_lineage,1,1
CL_CHECK,ck_strength_lineage,1,1
CL_CHECK,ck_strength_lineage,1,1
CL_CHECK,ck_strength_lineage,1,1
CL_CHECK,ck_strength_lineage,1,1
CL_CHECK,ck_strength_lineage,1,1
CL_CHECK,ck_strength_lineage,1,1
CL_CHECK,ck_strength_lineage,1,1
CL_CHECK,ck_strength_lineage,1,1
CL_CHECK,ck_strength_lineage,1,1
CL_CHECK,ck_strength_lineage,1,1
CL_CHECK,ck_strength_lineage,1,1
CL_CHECK,ck_strength_lineage,1,1
CL_CHECK,ck_strength_lineage,1,1
CL_CHECK,ck_strength_lineage,1,1
CL_CHECK,ck_strength_lineage,1,1
CL_CHECK,ck_strength_lineage,1,1
CL_CHECK,ck_strength_lineage,1,1
CL_CHECK,ck_strength_lineage,1,1
CL_CHECK,ck_strength_lineage,1,1
CL_CHECK,ck_strength_lineage,1,1
CL_CHECK,ck_strength_lineage,1,1
CL_CHECK,ck_strength_lineage,1,1
CL_CHECK,ck_strength_lineage,1,1
CL_CHECK,ck_strength_lineage,1,1
CL_CHECK,ck_strength_lineage,1,1
CL_CHECK,ck_strength_lineage,1,1
CL_CHECK,ck_strength_lineage,1,1
CL_CHECK,ck_strength_lineage,1,1
CL_CHECK,ck_strength_lineage,1,1
CL_CHECK,ck_strength_lineage,1,1
CL_CHECK,ck_strength_lineage,1,1
CL_CHECK,ck_strength_lineage,1,1
CL_CHECK,ck_strength_lineage,1,1
CL_CHECK,ck_strength_lineage,1,1
CL_CHECK,ck_strength_lineage,1,1
CL_CHECK,ck_strength_lineage,1,1
CL_CHECK,ck_strength_lineage,1,1
CL_CHECK,ck_strength_lineage,1,1
CL_CHECK,ck_strength_lineage,1,1
CL_CHECK,ck_strength_lineage,1,1
CL_CHECK,ck_strength_lineage,1,1
CL_CHECK,ck_strength_lineage,1,1
CL_CHECK,ck_strength_lineage,1,1
CL_CHECK,ck_strength_lineage,1,1
CL_CHECK,ck_strength_lineage,1,1
CL_CHECK,ck_strength_lineage,1,1
CL_CHECK,ck_strength_lineage,1,1
CL_CHECK,ck_strength_lineage,1,1
CL_CHECK,ck_strength_lineage,1,1
CL_CHECK,ck_strength_lineage,1,1
CL_CHECK,ck_strength_lineage,1,1
CL_CHECK,ck_strength_lineage,1,1
CL_CHECK,ck_strength_lineage,1,1
CL_CHECK,ck_strength_lineage,1,1
CL_CHECK,ck_strength_lineage,1,1
CL_CHECK,ck_strength_lineage,1,1
CL_CHECK,ck_strength_lineage,1,1
CL_CHECK,ck_strength_lineage,1,1
CL_CHECK,ck_strength_lineage,1,1
CL_CHECK,ck_strength_lineage,1,1
CL_CHECK,ck_strength_lineage,1,1
CL_CHECK,ck_strength_lineage,1,1
CL_CHECK,ck_strength_lineage,1,1
CL_CHECK,ck_strength_lineage,1,1
CL_CHECK,ck_strength_lineage,1,1
CL_CHECK,ck_strength_lineage,1,1
CL_CHECK,ck_strength_lineage,1,1
CL_CHECK,ck_strength_lineage,1,1
CL_CHECK,ck_strength_lineage,1,1
CL_CHECK,ck_strength_lineage,1,1
CL_CHECK,ck_strength_lineage,1,1
CL_CHECK,ck_strength_lineage,1,1
CL_CHECK,ck_strength_lineage,1,1
CL_CHECK,ck_strength_lineage,1,1
CL_CHECK,ck_strength_lineage,1,1
CL_CHECK,ck_strength_lineage,1,1
CL_CHECK,ck_strength_lineage,1,1
CL_CHECK,ck_strength_lineage,1,1
CL_CHECK,ck_strength_lineage,1,1
CL_CHECK,ck_strength_lineage,1,1
CL_CHECK,ck_strength_lineage,1,1
CL_CHECK,ck_strength_lineage,1,1
CL_CHECK,ck_strength_lineage,1,1
CL_CHECK,ck_strength_lineage,1,1
CL_CHECK,ck_strength_lineage,1,1
CL_CHECK,ck_strength_lineage,1,1
CL_CHECK,ck_strength_lineage,1,1
CL_CHECK,ck_strength_lineage,1,1
CL_CHECK,ck_strength_lineage,1,1
CL_CHECK,ck_strength_lineage,1,1
CL_CHECK,ck_strength_lineage,1,1
CL_CHECK,ck_strength_lineage,1,1
CL_CHECK,ck_strength_lineage,1,1
CL_CHECK,ck_strength_lineage,1,1
CL_CHECK,ck_strength_lineage,1,1
CL_CHECK,ck_strength_lineage,1,1
CL_CHECK,ck_strength_lineage,1,1
CL_CHECK,ck_strength_lineage,1,1
CL_CHECK,ck_strength_lineage,1,1
CL_CHECK,ck_strength_lineage,1,1
CL_CHECK,ck_strength_lineage,1,1
CL_CHECK,ck_strength_lineage,1,1
CL_CHECK,ck_strength_lineage,1,1
CL_CHECK,ck_strength_lineage,1,1
CL_CHECK,ck_strength_lineage,1,1
CL_CHECK,ck_strength_lineage,1,1
CL_CHECK,ck_strength_lineage,1,1
CL_CHECK,ck_strength_lineage,1,1
CL_CHECK,ck_strength_lineage,1,1
CL_CHECK,ck_strength_lineage,1,1
CL_CHECK,ck_strength_lineage,1,1
CL_CHECK,ck_strength_lineage,1,1
CL_CHECK,ck_strength_lineage,1,1
CL_CHECK,ck_strength_lineage,1,1
CL_CHECK,ck_strength_lineage,1,1
CL_CHECK,ck_strength_lineage,1,1
CL_CHECK,ck_strength_lineage,1,1
CL_CHECK,ck_strength_lineage,1,1
CL_CHECK,ck_strength_lineage,1,1
CL_CHECK,ck_strength_lineage,1,1
CL_CHECK,ck_strength_lineage,1,1
CL_CHECK,ck_strength_lineage,1,1
CL_CHECK,ck_strength_lineage,1,1
CL_CHECK,ck_strength_lineage,1,1
CL_CHECK,ck_strength_lineage,1,1
CL_CHECK,ck_strength_lineage,1,1
CL_CHECK,ck_strength_lineage,1,1
CL_CHECK,ck_strength_lineage,1,1
CL_CHECK,ck_strength_lineage,1,1
CL_CHECK,ck_strength_lineage,1,1
CL_CHECK,ck_strength_lineage,1,1
CL_CHECK,ck_strength_lineage,1,1
CL_CHECK,ck_strength_lineage,1,1
CL_CHECK,ck_strength_lineage,1,1
CL_CHECK,ck_strength_lineage,1,1
CL_CHECK,ck_strength_lineage,1,1
CL_CHECK,ck_strength_lineage,1,1
CL_CHECK,ck_strength_lineage,1,1
CL_CHECK,ck_strength_lineage,1,1
CL_CHECK,ck_strength_lineage,1,1
CL_CHECK,ck_strength_lineage,1,1
CL_CHECK,ck_strength_lineage,1,1
CL_CHECK,ck_strength_lineage,1,1
CL_CHECK,ck_strength_lineage,1,1
CL_CHECK,ck_strength_lineage,1,1
CL_CHECK,ck_strength_lineage,1,1
CL_CHECK,ck_strength_lineage,1,1
CL_CHECK,ck_strength_lineage,1,1
CL_CHECK,ck_strength_lineage,1,1
CL_CHECK,ck_strength_lineage,1,1
CL_CHECK,ck_strength_lineage,1,1
CL_CHECK,ck_strength_lineage,1,1
CL_CHECK,ck_strength_lineage,1,1
CL_CHECK,ck_strength_lineage,1,1
CL_CHECK,ck_strength_lineage,1,1
CL_CHECK,ck_strength_lineage,1,1
CL_CHECK,ck_strength_lineage,1,1
CL_CHECK,ck_strength_lineage,1,1
CL_CHECK,ck_strength_lineage,1,1
CL_CHECK,ck_strength_lineage,1,1
CL_CHECK,ck_strength_lineage,1,1
CL_CHECK,ck_strength_lineage,1,1
CL_CHECK,ck_strength_lineage,1,1
CL_CHECK,ck_strength_lineage,1,1
CL_CHECK,ck_strength_lineage,1,1
CL_CHECK,ck_strength_lineage,1,1
CL_CHECK,ck_strength_lineage,1,1
CL_CHECK,ck_strength_lineage,1,1
CL_CHECK,ck_strength_lineage,1,1
CL_CHECK,ck_strength_lineage,1,1
CL_CHECK,ck_strength_lineage,1,1
CL_CHECK,ck_strength_lineage,1,1
CL_CHECK,ck_strength_lineage,1,1
CL_CHECK,ck_strength_lineage,1,1
CL_CHECK,ck_strength_lineage,1,1
CL_CHECK,ck_strength_lineage,1,1
CL_CHECK,ck_strength_lineage,1,1
CL_CHECK,ck_strength_lineage,1,1
CL_CHECK,ck_strength_lineage,1,1
CL_CHECK,ck_strength_lineage,1,1
CL_CHECK,ck_strength_lineage,1,1
CL_CHECK,ck_strength_lineage,1,1
CL_CHECK,ck_strength_lineage,1,1
CL_CHECK,ck_strength_lineage,1,1
CL_CHECK,ck_strength_lineage,1,1
CL_CHECK,ck_strength_lineage,1,1
CL_CHECK,ck_strength_lineage,1,1
CL_CHECK,ck_strength_lineage,1,1
CL_CHECK,ck_strength_lineage,1,1
CL_CHECK,ck_strength_lineage,1,1
CL_CHECK,ck_strength_lineage,1,1
CL_CHECK,ck_strength_lineage,1,1
CL_CHECK,ck_strength_lineage,1,1
CL_CHECK,ck_strength_lineage,1,1
CL_CHECK,ck_no_bad_kill,0,0
CL_CHECK,ck_no_bad_forcepin,0,0
CL_CHECK,ck_no_bad_code,0,0
CL_CHECK,ck_no_bad_role,0,0
CL_CHECK,ck_no_bad_pexp,0,0
CL_CHECK,ck_no_permanent_lock,1,1
CL_CHECK,ck_no_permanent_lock,1,1
CL_CHECK,ck_no_permanent_lock,1,1
CL_CHECK,ck_no_permanent_lock,1,1
CL_CHECK,ck_no_permanent_lock,1,1
CL_CHECK,ck_no_permanent_lock,1,1
CL_CHECK,ck_no_permanent_lock,1,1
CL_CHECK,ck_no_permanent_lock,1,1
CL_CHECK,ck_no_permanent_lock,1,1
CL_CHECK,ck_no_permanent_lock,1,1
CL_CHECK,ck_no_permanent_lock,1,1
CL_CHECK,ck_no_permanent_lock,1,1
CL_CHECK,ck_no_permanent_lock,1,1
CL_CHECK,ck_no_permanent_lock,1,1
CL_CHECK,ck_no_permanent_lock,1,1
CL_CHECK,ck_no_permanent_lock,1,1
CL_CHECK,ck_no_permanent_lock,1,1
CL_CHECK,ck_no_permanent_lock,1,1
CL_CHECK,ck_no_permanent_lock,1,1
CL_CHECK,ck_no_permanent_lock,1,1
CL_CHECK,ck_no_permanent_lock,1,1
CL_CHECK,ck_no_permanent_lock,1,1
CL_CHECK,ck_no_permanent_lock,1,1
CL_CHECK,ck_no_permanent_lock,1,1
CL_CHECK,ck_no_permanent_lock,1,1
CL_CHECK,ck_no_permanent_lock,1,1
CL_CHECK,ck_no_permanent_lock,1,1
CL_CHECK,ck_no_permanent_lock,1,1
CL_CHECK,ck_no_permanent_lock,1,1
CL_CHECK,ck_no_permanent_lock,1,1
CL_CHECK,ck_no_permanent_lock,1,1
CL_CHECK,ck_no_permanent_lock,1,1
CL_CHECK,ck_no_permanent_lock,1,1
CL_CHECK,ck_no_permanent_lock,1,1
CL_CHECK,ck_no_permanent_lock,1,1
CL_CHECK,ck_no_permanent_lock,1,1
CL_CHECK,ck_no_permanent_lock,1,1
CL_CHECK,ck_no_permanent_lock,1,1
CL_CHECK,ck_no_permanent_lock,1,1
CL_CHECK,ck_no_permanent_lock,1,1
CL_CHECK,ck_no_permanent_lock,1,1
CL_CHECK,ck_no_permanent_lock,1,1
CL_CHECK,ck_no_permanent_lock,1,1
CL_CHECK,ck_no_permanent_lock,1,1
CL_CHECK,ck_no_permanent_lock,1,1
CL_CHECK,ck_no_permanent_lock,1,1
CL_CHECK,ck_no_permanent_lock,1,1
CL_CHECK,ck_no_permanent_lock,1,1
CL_CHECK,ck_no_permanent_lock,1,1
CL_CHECK,ck_no_permanent_lock,1,1
CL_CHECK,ck_no_permanent_lock,1,1
CL_CHECK,ck_no_permanent_lock,1,1
CL_CHECK,ck_no_permanent_lock,1,1
CL_CHECK,ck_no_permanent_lock,1,1
CL_CHECK,ck_no_permanent_lock,1,1
CL_CHECK,ck_no_permanent_lock,1,1
CL_CHECK,ck_no_permanent_lock,1,1
CL_CHECK,ck_no_permanent_lock,1,1
CL_CHECK,ck_no_permanent_lock,1,1
CL_CHECK,ck_no_permanent_lock,1,1
CL_CHECK,ck_no_permanent_lock,1,1
CL_CHECK,ck_no_permanent_lock,1,1
CL_CHECK,ck_no_permanent_lock,1,1
CL_CHECK,ck_no_permanent_lock,1,1
CL_CHECK,ck_no_permanent_lock,1,1
CL_CHECK,ck_no_permanent_lock,1,1
CL_CHECK,ck_no_permanent_lock,1,1
CL_CHECK,ck_no_permanent_lock,1,1
CL_CHECK,ck_no_permanent_lock,1,1
CL_CHECK,ck_no_permanent_lock,1,1
CL_CHECK,ck_no_permanent_lock,1,1
CL_CHECK,ck_no_permanent_lock,1,1
CL_CHECK,ck_no_permanent_lock,1,1
CL_CHECK,ck_no_permanent_lock,1,1
CL_CHECK,ck_no_permanent_lock,1,1
CL_CHECK,ck_no_permanent_lock,1,1
CL_CHECK,ck_no_permanent_lock,1,1
CL_CHECK,ck_no_permanent_lock,1,1
CL_CHECK,ck_no_permanent_lock,1,1
CL_CHECK,ck_no_permanent_lock,1,1
CL_CHECK,ck_no_permanent_lock,1,1
CL_CHECK,ck_no_permanent_lock,1,1
CL_CHECK,ck_no_permanent_lock,1,1
CL_CHECK,ck_no_permanent_lock,1,1
CL_CHECK,ck_no_permanent_lock,1,1
CL_CHECK,ck_no_permanent_lock,1,1
CL_CHECK,ck_no_permanent_lock,1,1
CL_CHECK,ck_no_permanent_lock,1,1
CL_CHECK,ck_no_permanent_lock,1,1
CL_CHECK,ck_no_permanent_lock,1,1
CL_CHECK,ck_no_permanent_lock,1,1
CL_CHECK,ck_no_permanent_lock,1,1
CL_CHECK,ck_no_permanent_lock,1,1
CL_CHECK,ck_no_permanent_lock,1,1
CL_CHECK,ck_no_permanent_lock,1,1
CL_CHECK,ck_no_permanent_lock,1,1
CL_CHECK,ck_no_permanent_lock,1,1
CL_CHECK,ck_no_permanent_lock,1,1
CL_CHECK,ck_no_permanent_lock,1,1
CL_CHECK,ck_no_permanent_lock,1,1
CL_CHECK,ck_no_permanent_lock,1,1
CL_CHECK,ck_no_permanent_lock,1,1
CL_CHECK,ck_no_permanent_lock,1,1
CL_CHECK,ck_no_permanent_lock,1,1
CL_CHECK,ck_no_permanent_lock,1,1
CL_CHECK,ck_no_permanent_lock,1,1
CL_CHECK,ck_no_permanent_lock,1,1
CL_CHECK,ck_no_permanent_lock,1,1
CL_CHECK,ck_no_permanent_lock,1,1
CL_CHECK,ck_no_permanent_lock,1,1
CL_CHECK,ck_no_permanent_lock,1,1
CL_CHECK,ck_no_permanent_lock,1,1
CL_CHECK,ck_no_permanent_lock,1,1
CL_CHECK,ck_no_permanent_lock,1,1
CL_CHECK,ck_no_permanent_lock,1,1
CL_CHECK,ck_no_permanent_lock,1,1
CL_CHECK,ck_no_permanent_lock,1,1
CL_CHECK,ck_no_permanent_lock,1,1
CL_CHECK,ck_no_permanent_lock,1,1
CL_CHECK,ck_no_permanent_lock,1,1
CL_CHECK,ck_no_permanent_lock,1,1
CL_CHECK,ck_no_permanent_lock,1,1
CL_CHECK,ck_no_permanent_lock,1,1
CL_CHECK,ck_no_permanent_lock,1,1
CL_CHECK,ck_no_permanent_lock,1,1
CL_CHECK,ck_no_permanent_lock,1,1
CL_CHECK,ck_no_permanent_lock,1,1
CL_CHECK,ck_no_permanent_lock,1,1
CL_CHECK,ck_no_permanent_lock,1,1
CL_CHECK,ck_no_permanent_lock,1,1
CL_CHECK,ck_no_permanent_lock,1,1
CL_CHECK,ck_no_permanent_lock,1,1
CL_CHECK,ck_no_permanent_lock,1,1
CL_CHECK,ck_no_permanent_lock,1,1
CL_CHECK,ck_no_permanent_lock,1,1
CL_CHECK,ck_no_permanent_lock,1,1
CL_CHECK,ck_no_permanent_lock,1,1
CL_CHECK,ck_no_permanent_lock,1,1
CL_CHECK,ck_no_permanent_lock,1,1
CL_CHECK,ck_no_permanent_lock,1,1
CL_CHECK,ck_no_permanent_lock,1,1
CL_CHECK,ck_no_permanent_lock,1,1
CL_CHECK,ck_no_permanent_lock,1,1
CL_CHECK,ck_no_permanent_lock,1,1
CL_CHECK,ck_no_permanent_lock,1,1
CL_CHECK,ck_no_permanent_lock,1,1
CL_CHECK,ck_no_permanent_lock,1,1
CL_CHECK,ck_no_permanent_lock,1,1
CL_CHECK,ck_no_permanent_lock,1,1
CL_CHECK,ck_no_permanent_lock,1,1
CL_CHECK,ck_no_permanent_lock,1,1
CL_CHECK,ck_no_permanent_lock,1,1
CL_CHECK,ck_no_permanent_lock,1,1
CL_CHECK,ck_no_permanent_lock,1,1
CL_CHECK,ck_no_permanent_lock,1,1
CL_CHECK,ck_no_permanent_lock,1,1
CL_CHECK,ck_no_permanent_lock,1,1
CL_CHECK,ck_no_permanent_lock,1,1
CL_CHECK,ck_no_permanent_lock,1,1
CL_CHECK,ck_no_permanent_lock,1,1
CL_CHECK,ck_no_permanent_lock,1,1
CL_CHECK,ck_no_permanent_lock,1,1
CL_CHECK,ck_no_permanent_lock,1,1
CL_CHECK,ck_no_permanent_lock,1,1
CL_CHECK,ck_no_permanent_lock,1,1
CL_CHECK,ck_no_permanent_lock,1,1
CL_CHECK,ck_no_permanent_lock,1,1
CL_CHECK,ck_no_permanent_lock,1,1
CL_CHECK,ck_no_permanent_lock,1,1
CL_CHECK,ck_no_permanent_lock,1,1
CL_CHECK,ck_no_permanent_lock,1,1
CL_CHECK,ck_no_permanent_lock,1,1
CL_CHECK,ck_no_permanent_lock,1,1
CL_CHECK,ck_no_permanent_lock,1,1
CL_CHECK,ck_no_permanent_lock,1,1
CL_CHECK,ck_no_permanent_lock,1,1
CL_CHECK,ck_no_permanent_lock,1,1
CL_CHECK,ck_no_permanent_lock,1,1
CL_CHECK,ck_no_permanent_lock,1,1
CL_CHECK,ck_no_permanent_lock,1,1
CL_CHECK,ck_no_permanent_lock,1,1
CL_CHECK,ck_no_permanent_lock,1,1
CL_CHECK,ck_no_permanent_lock,1,1
CL_CHECK,ck_no_permanent_lock,1,1
CL_CHECK,ck_no_permanent_lock,1,1
CL_CHECK,ck_no_permanent_lock,1,1
CL_CHECK,ck_no_permanent_lock,1,1
CL_CHECK,ck_no_permanent_lock,1,1
CL_CHECK,ck_no_permanent_lock,1,1
CL_CHECK,ck_no_permanent_lock,1,1
CL_CHECK,ck_no_permanent_lock,1,1
CL_CHECK,ck_no_permanent_lock,1,1
CL_CHECK,ck_no_permanent_lock,1,1
CL_CHECK,ck_no_permanent_lock,1,1
CL_CHECK,ck_no_permanent_lock,1,1
CL_CHECK,ck_no_permanent_lock,1,1
CL_CHECK,ck_no_permanent_lock,1,1
CL_CHECK,ck_no_permanent_lock,1,1
CL_CHECK,ck_no_permanent_lock,1,1
CL_CHECK,ck_no_permanent_lock,1,1
CL_CHECK,ck_no_permanent_lock,1,1
CL_CHECK,ck_no_permanent_lock,1,1
CL_CHECK,ck_no_permanent_lock,1,1
CL_CHECK,ck_no_permanent_lock,1,1
CL_CHECK,ck_no_permanent_lock,1,1
CL_CHECK,ck_no_permanent_lock,1,1
CL_CHECK,ck_no_permanent_lock,1,1
CL_CHECK,ck_no_permanent_lock,1,1
CL_CHECK,ck_no_permanent_lock,1,1
CL_CHECK,ck_no_permanent_lock,1,1
CL_CHECK,ck_no_permanent_lock,1,1
CL_CHECK,ck_no_permanent_lock,1,1
CL_CHECK,ck_no_permanent_lock,1,1
CL_CHECK,ck_no_permanent_lock,1,1
CL_CHECK,ck_no_permanent_lock,1,1
CL_CHECK,ck_no_permanent_lock,1,1
CL_CHECK,ck_no_permanent_lock,1,1
CL_CHECK,ck_no_permanent_lock,1,1
CL_CHECK,ck_no_permanent_lock,1,1
CL_CHECK,ck_no_permanent_lock,1,1
CL_CHECK,ck_no_permanent_lock,1,1
CL_CHECK,ck_no_permanent_lock,1,1
CL_CHECK,ck_no_permanent_lock,1,1
CL_CHECK,ck_no_permanent_lock,1,1
CL_CHECK,ck_no_permanent_lock,1,1
CL_CHECK,ck_no_permanent_lock,1,1
CL_CHECK,ck_no_permanent_lock,1,1
CL_CHECK,ck_no_permanent_lock,1,1
CL_CHECK,ck_no_permanent_lock,1,1
CL_CHECK,ck_no_permanent_lock,1,1
CL_CHECK,ck_no_permanent_lock,1,1
CL_CHECK,ck_no_permanent_lock,1,1
CL_CHECK,ck_no_permanent_lock,1,1
CL_CHECK,ck_no_permanent_lock,1,1
CL_CHECK,ck_no_permanent_lock,1,1
CL_CHECK,ck_no_permanent_lock,1,1
CL_CHECK,ck_no_permanent_lock,1,1
CL_CHECK,ck_no_permanent_lock,1,1
CL_CHECK,ck_no_permanent_lock,1,1
CL_CHECK,ck_no_permanent_lock,1,1
CL_CHECK,ck_no_permanent_lock,1,1
CL_CHECK,ck_no_permanent_lock,1,1
CL_CHECK,ck_no_permanent_lock,1,1
CL_CHECK,ck_no_permanent_lock,1,1
CL_CHECK,ck_no_permanent_lock,1,1
CL_CHECK,ck_no_permanent_lock,1,1
CL_CHECK,ck_no_permanent_lock,1,1
CL_CHECK,ck_no_permanent_lock,1,1
CL_CHECK,ck_no_permanent_lock,1,1
CL_CHECK,ck_no_permanent_lock,1,1
CL_CHECK,ck_no_permanent_lock,1,1
CL_CHECK,ck_no_permanent_lock,1,1
CL_CHECK,ck_no_permanent_lock,1,1
CL_CHECK,ck_no_permanent_lock,1,1
CL_CHECK,ck_no_permanent_lock,1,1
CL_CHECK,ck_no_permanent_lock,1,1
CL_CHECK,ck_no_permanent_lock,1,1
CL_CHECK,ck_no_permanent_lock,1,1
CL_CHECK,ck_no_permanent_lock,1,1
CL_CHECK,ck_no_permanent_lock,1,1
CL_CHECK,ck_no_permanent_lock,1,1
CL_CHECK,ck_no_permanent_lock,1,1
CL_CHECK,ck_no_permanent_lock,1,1
CL_CHECK,ck_no_permanent_lock,1,1
CL_CHECK,ck_no_permanent_lock,1,1
CL_CHECK,ck_no_permanent_lock,1,1
CL_CHECK,ck_no_permanent_lock,1,1
CL_CHECK,ck_no_permanent_lock,1,1
CL_CHECK,ck_no_permanent_lock,1,1
CL_CHECK,ck_no_permanent_lock,1,1
CL_CHECK,ck_no_permanent_lock,1,1
CL_CHECK,ck_no_permanent_lock,1,1
CL_CHECK,ck_no_permanent_lock,1,1
CL_CHECK,ck_no_permanent_lock,1,1
CL_CHECK,ck_no_permanent_lock,1,1
CL_CHECK,ck_no_permanent_lock,1,1
CL_CHECK,ck_no_permanent_lock,1,1
CL_CHECK,ck_no_permanent_lock,1,1
CL_CHECK,ck_no_permanent_lock,1,1
CL_CHECK,ck_no_permanent_lock,1,1
CL_CHECK,ck_no_permanent_lock,1,1
CL_CHECK,ck_no_permanent_lock,1,1
CL_CHECK,ck_no_permanent_lock,1,1
CL_CHECK,ck_no_permanent_lock,1,1
CL_CHECK,ck_no_permanent_lock,1,1
CL_CHECK,ck_no_permanent_lock,1,1
CL_CHECK,ck_no_permanent_lock,1,1
CL_CHECK,ck_no_permanent_lock,1,1
CL_CHECK,ck_no_permanent_lock,1,1
CL_CHECK,ck_no_permanent_lock,1,1
CL_CHECK,ck_no_permanent_lock,1,1
CL_CHECK,ck_no_permanent_lock,1,1
CL_CHECK,ck_no_permanent_lock,1,1
CL_CHECK,ck_no_permanent_lock,1,1
CL_CHECK,ck_no_permanent_lock,1,1
CL_CHECK,ck_no_permanent_lock,1,1
CL_CHECK,ck_no_permanent_lock,1,1
CL_CHECK,ck_no_permanent_lock,1,1
CL_CHECK,ck_no_permanent_lock,1,1
CL_CHECK,ck_no_permanent_lock,1,1
CL_CHECK,ck_no_permanent_lock,1,1
CL_CHECK,ck_no_permanent_lock,1,1
CL_CHECK,ck_no_permanent_lock,1,1
CL_CHECK,ck_no_permanent_lock,1,1
CL_CHECK,ck_no_permanent_lock,1,1
CL_CHECK,ck_no_permanent_lock,1,1
CL_CHECK,ck_no_permanent_lock,1,1
CL_CHECK,ck_no_permanent_lock,1,1
CL_CHECK,ck_no_permanent_lock,1,1
CL_CHECK,ck_no_permanent_lock,1,1
CL_CHECK,ck_no_permanent_lock,1,1
CL_CHECK,ck_no_permanent_lock,1,1
CL_CHECK,ck_no_permanent_lock,1,1
CL_CHECK,ck_no_permanent_lock,1,1
CL_CHECK,ck_no_permanent_lock,1,1
CL_CHECK,ck_no_permanent_lock,1,1
CL_CHECK,ck_no_permanent_lock,1,1
CL_CHECK,ck_no_permanent_lock,1,1
ST_FINGERPRINT 1513889777
ST_INVALID 0
ST_DONE
