BIND,M2,rep,6,scale,1,start
DOMAIN_HASH,M2,7cd0baf80a62acc338e1c9bdec5b33c0e3427af18d78b98b7cbda153a3f92ee8
CORPUS_SHA256,M2,e0b3286c200acf3252af8b01bd6011099d3e7748bb58fd7de575f0142af3ca3c
CL_CHECK,overflow,0,0
CL_CHECK,e90_reached,1,1
RESULT,M2,6,1,d1,40,40
RESULT,M2,6,1,d2,39,39
RESULT,M2,6,1,d3,120,120
RESULT,M2,6,1,rev_false,12,12
RESULT,M2,6,1,rev_genuine,20,20
RESULT,M2,6,1,r2,40,40
RESULT,M2,6,1,r3,40,40
RESULT,M2,6,1,e90,200,1
RESULT,M2,6,1,withheld,0,1
RESULT,M2,6,1,hallu,0,20
RESULT,M2,6,1,k1,1,1
RESULT,M2,6,1,k2,1,1
RESULT,M2,6,1,k3,1,1
RESULT,M2,6,1,refusal,1,1
RESULT,M2,6,1,esc,0,1
RESULT,M2,6,1,disconn,6,1
RESULT,M2,6,1,ops,289,1
RESULT,M2,6,1,eps,295,1
DIGEST,M2,6,1,4d88d722f54eee4c6c33313dd465f3e512ddd56adf547c0bf61045de0d649263
BIND,M2,done
