KB 38 ENT 27
D ST-01
T ST-01 1 FAIL
A The Louvre opened as a museum in 1793.
X a story using all of the words
D ST-02
T ST-02 1 FAIL
A The Louvre opened as a museum in 1793.
X a story using all of the words
D ST-03
T ST-03 1 FAIL
A The Louvre opened as a museum in 1793.
X a story using all of the words
D ST-04
T ST-04 1 FAIL
A The Louvre opened as a museum in 1793.
X a story using all of the words
SECTION FOLLOWUP 0/0
SECTION CORRECTION 0/0
SECTION REFERENT 0/0
SECTION WEIRD 0/0
SECTION WEIRD_CLEAN 0/0
SECTION TOPIC 0/0
SECTION CONTRADICT 0/0
SECTION COMPOSE 0/4
DIGEST 2119951abba259814681c61081d2b291652321224c91820cbd18eef70cab233e
