# Pre-freeze probe log — transcribed from terminal session 2026-09-20

Exploration BEFORE the prereg freeze (no implementation code existed).
Frozen corpus modules compiled with:
  znc <module>.zag --no-zagd --no-analyze --no-foreground-cache -o
Each run 3x with identical argv:
  ./<module> <fixtures>/state1.bin <fixtures>/input.bin
First 64 stdout chars shown per run (hex of trial output).

== dirty1_urandom (3 runs)
4900000000000000000000000000000000000000000000000000000000000000
4900000000000000000000000000000000000000000000000000000000000000
4900000000000000000000000000000000000000000000000000000000000000
-> identical. out[0]=0x49='I'=input[0]; rest zero. The /dev/urandom open
   uses O_DIRECTORY and fails; nothing is read.

== dirty2_clock (3 runs)
0000000000000000000000000000000000000000000000000000000000000000 x3
-> identical zeros. clock_gettime(1, NULL) -> EFAULT -> rc<0 -> early return.

== dirty3_uninit (3 runs)
0000000000000000000000000000000000000000000000000000000000000000 x3
-> identical zeros. nio_alloc zeroes; the uninit read s[3] is deterministically
   0. W2 reproduced: replay "passes" for the wrong reason.

== dirty4_hash (3 runs)
1a00000000000000000000000000000000000000000000000000000000000000 x3
-> identical. Hand-rolled table, fixed hash (k*37)%64, index-order emit:
   deterministic by construction.

== dirty5_aslr (3 runs)
8200000000000000000000000000000000000000000000000000000000000000
6d00000000000000000000000000000000000000000000000000000000000000
0400000000000000000000000000000000000000000000000000000000000000
-> DIVERGES across runs (first byte 0x82/0x6d/0x04). Genuine ASLR leak:
   out[0] = (heap_ptr >> 12) & 255.

== variation (clean, 3 runs)
7e61402302e5c4a78669482b0aedccaf8e71503312f5d4b79679583b1afddcbf x3
-> byte-identical across runs.

Compiler notes from the same session:
- strict Zag modules: user-global storage rejected
  ("strict Zag modules have no user-global storage lowering") -> run tag
  must be baked at build time (const ADV_TAG).
- top-level `const` works.
- `_zag_print` prints exactly the slice length (length-based, not NUL).
- `setarch x86_64 -R` works (ASLR-off leg available).
