RUN|blind|tasks_novel.txt|rep=3
TEACH|rc=0
LEARN|NONE|NO-GUIDES
==TASK|N01|MULTIHOP|Which lives longer in the wild, the African elephant or the giraffe?
N01|QUERY|which lives longer in the wild, the african elephant or the giraffe?
N01|RESULT|p040|African elephant lifespan years how long do elephants live wild africa
N01|RESULT|p016|How long do giraffes live in the wild
N01|RESULT|p002|How long do elephants live africa
N01|RESULT|p003|Giraffe sleep hours per day standing
N01|RESULT|p015|Giraffe lifespan years wild africa giraffes live long
N01|OPEN|p040
N01|SEL-REASON|took 1 of 2 scanned (N=1)
N01|
N01|ANSWER|people who study how long elephants live in the wild confirm the african elephant lifespan.
N01|CLAIM|1|people who study how long elephants live in the wild confirm the african elephant lifespan.|p040
N01|PROV|1|p040
N01|EXPECTED|african elephant
==TASK|N02|MULTIHOP|Which sleeps more per day, the koala or the giraffe?
N02|QUERY|which sleeps more per day, the koala or the giraffe?
N02|RESULT|p014|Koala sleep hours per day koalas rest
N02|RESULT|p003|Giraffe sleep hours per day standing
N02|RESULT|p013|Koala sleep hours per day eucalyptus
N02|RESULT|p037|Koala sleep hours per day eucalyptus facts
N02|RESULT|p038|Giraffe sleep hours per day how long giraffes
N02|OPEN|p014
N02|SEL-REASON|took 1 of 2 scanned (N=1)
N02|
N02|ANSWER|koalas sleep 20 hours per day.
N02|CLAIM|1|koalas sleep 20 hours per day.|p014
N02|PROV|1|p014
N02|EXPECTED|koala
==TASK|N03|MULTIHOP|Which is faster, the cheetah or the ostrich?
N03|QUERY|which is faster, the cheetah or the ostrich?
N03|RESULT|p007|Cheetah speed how fast cheetahs run fastest land animal
N03|RESULT|p041|Cheetah speed how fast can cheetahs run fastest land animal
N03|RESULT|p021|Wright brothers airplane 1903 first flight invention timeline
N03|RESULT|p025|Ostrich speed running facts ostrich run fast
N03|RESULT|p022|Wright brothers first powered airplane 1903 flight inventions
N03|OPEN|p007
N03|SEL-REASON|took 1 of 2 scanned (N=1)
N03|
N03|ANSWER|the cheetah is the fastest land animal alive today.
N03|CLAIM|1|the cheetah is the fastest land animal alive today.|p007
N03|PROV|1|p007
N03|EXPECTED|cheetah
==TASK|N04|MULTIHOP|Between the giraffe and the African elephant, which lives longer in the wild?
N04|QUERY|between the giraffe and the african elephant, which lives longer in the wild?
N04|RESULT|p040|African elephant lifespan years how long do elephants live wild africa
N04|RESULT|p016|How long do giraffes live in the wild
N04|RESULT|p002|How long do elephants live africa
N04|RESULT|p003|Giraffe sleep hours per day standing
N04|RESULT|p001|African elephant lifespan years wild
N04|OPEN|p040
N04|SEL-REASON|took 1 of 2 scanned (N=1)
N04|
N04|ANSWER|people who study how long elephants live in the wild confirm the african elephant lifespan.
N04|CLAIM|1|people who study how long elephants live in the wild confirm the african elephant lifespan.|p040
N04|PROV|1|p040
N04|EXPECTED|african elephant
==TASK|N05|STRUCTURE|In what year did Bell patent the telephone?
N05|QUERY|in what year did bell patent the telephone?
N05|RESULT|p018|Bell telephone patent 1876 Alexander Graham Bell inventions
N05|RESULT|p017|Alexander Graham Bell telephone patent 1876 invention timeline
N05|RESULT|p023|Alexander Fleming penicillin 1928 discovery medicine timeline
N05|RESULT|p028|Hummingbird wingbeats per second facts
N05|RESULT|p016|How long do giraffes live in the wild
N05|OPEN|p018
N05|SEL-REASON|took 1 of 2 scanned (N=1)
N05|
N05|ANSWER|1876: alexander graham bell patented the telephone.
N05|CLAIM|1|1876: alexander graham bell patented the telephone.|p018
N05|PROV|1|p018
N05|EXPECTED|1876: alexander graham bell patented the telephone.
==TASK|N06|STRUCTURE|In what year did Edison demonstrate the light bulb?
N06|QUERY|in what year did edison demonstrate the light bulb?
N06|RESULT|p019|Thomas Edison light bulb 1879 invention timeline
N06|RESULT|p020|Edison light bulb 1879 Thomas Edison inventions
N06|RESULT|p028|Hummingbird wingbeats per second facts
N06|RESULT|p023|Alexander Fleming penicillin 1928 discovery medicine timeline
N06|RESULT|p016|How long do giraffes live in the wild
N06|OPEN|p019
N06|SEL-REASON|took 1 of 2 scanned (N=1)
N06|
N06|ANSWER|1879: thomas edison demonstrated the incandescent light bulb.
N06|CLAIM|1|1879: thomas edison demonstrated the incandescent light bulb.|p019
N06|PROV|1|p019
N06|EXPECTED|1879: thomas edison demonstrated the incandescent light bulb.
==TASK|N07|STRUCTURE|In what year did the Wright brothers fly the first powered airplane?
N07|QUERY|in what year did the wright brothers fly the first powered airplane?
N07|RESULT|p021|Wright brothers airplane 1903 first flight invention timeline
N07|RESULT|p022|Wright brothers first powered airplane 1903 flight inventions
N07|RESULT|p016|How long do giraffes live in the wild
N07|RESULT|p028|Hummingbird wingbeats per second facts
N07|RESULT|p023|Alexander Fleming penicillin 1928 discovery medicine timeline
N07|OPEN|p021
N07|SEL-REASON|took 1 of 2 scanned (N=1)
N07|
N07|ANSWER|1903: the wright brothers flew the first powered airplane.
N07|CLAIM|1|1903: the wright brothers flew the first powered airplane.|p021
N07|PROV|1|p021
N07|EXPECTED|1903: the wright brothers flew the first powered airplane.
==TASK|N08|STRUCTURE|In what year was penicillin discovered?
N08|QUERY|in what year was penicillin discovered?
N08|RESULT|p023|Alexander Fleming penicillin 1928 discovery medicine timeline
N08|RESULT|p024|Fleming penicillin discovered 1928 medicine discoveries
N08|RESULT|p028|Hummingbird wingbeats per second facts
N08|RESULT|p029|How fast do hummingbirds beat their wings
N08|RESULT|p030|Hummingbird wing speed study
N08|OPEN|p023
N08|SEL-REASON|took 1 of 2 scanned (N=1)
N08|
N08|ANSWER|1927: the first talking movie was released in america.
N08|CLAIM|1|1927: the first talking movie was released in america.|p023
N08|PROV|1|p023
N08|EXPECTED|1928: alexander fleming discovered penicillin.
==TASK|N09|CONTRA|How fast can an ostrich run?
N09|QUERY|how fast can an ostrich run?
N09|RESULT|p040|African elephant lifespan years how long do elephants live wild africa
N09|RESULT|p041|Cheetah speed how fast can cheetahs run fastest land animal
N09|RESULT|p026|How fast can ostriches run
N09|RESULT|p007|Cheetah speed how fast cheetahs run fastest land animal
N09|RESULT|p001|African elephant lifespan years wild
N09|OPEN|p040
N09|SEL-REASON|took 1 of 2 scanned (N=1)
N09|
N09|ANSWER|wild african elephants can reach great ages, and african elephant lifespan facts show elephants living long lives in africa.
N09|CLAIM|1|wild african elephants can reach great ages, and african elephant lifespan facts show elephants living long lives in africa.|p040
N09|PROV|1|p040
N09|EXPECTED|ostriches can run 70 kilometers per hour.
==TASK|N10|CONTRA|How many times per second do hummingbirds beat their wings?
N10|QUERY|how many times per second do hummingbirds beat their wings?
N10|RESULT|p029|How fast do hummingbirds beat their wings
N10|RESULT|p028|Hummingbird wingbeats per second facts
N10|RESULT|p042|Octopus arms hearts how many arms does an octopus have
N10|RESULT|p004|How many hours do giraffes sleep daily
N10|RESULT|p030|Hummingbird wing speed study
N10|OPEN|p029
N10|SEL-REASON|took 1 of 2 scanned (N=1)
N10|
N10|ANSWER|hummingbirds beat their wings 80 times per second.
N10|CLAIM|1|hummingbirds beat their wings 80 times per second.|p029
N10|PROV|1|p029
N10|EXPECTED|hummingbirds beat their wings 80 times per second.
==TASK|N11|CONTRA|How much water can a camel drink in one day?
N11|QUERY|how much water can a camel drink in one day?
N11|RESULT|p040|African elephant lifespan years how long do elephants live wild africa
N11|RESULT|p032|How much water can a camel drink daily
N11|RESULT|p037|Koala sleep hours per day eucalyptus facts
N11|RESULT|p041|Cheetah speed how fast can cheetahs run fastest land animal
N11|RESULT|p007|Cheetah speed how fast cheetahs run fastest land animal
N11|OPEN|p040
N11|SEL-REASON|took 1 of 2 scanned (N=1)
N11|
N11|ANSWER|wild african elephants can reach great ages, and african elephant lifespan facts show elephants living long lives in africa.
N11|CLAIM|1|wild african elephants can reach great ages, and african elephant lifespan facts show elephants living long lives in africa.|p040
N11|PROV|1|p040
N11|EXPECTED|a camel can drink 200 liters of water in one day.
==TASK|N12|CONTRA|How far can a polar bear swim without resting?
N12|QUERY|how far can a polar bear swim without resting?
N12|RESULT|p040|African elephant lifespan years how long do elephants live wild africa
N12|RESULT|p035|How far can polar bears swim without resting
N12|RESULT|p041|Cheetah speed how fast can cheetahs run fastest land animal
N12|RESULT|p007|Cheetah speed how fast cheetahs run fastest land animal
N12|RESULT|p037|Koala sleep hours per day eucalyptus facts
N12|OPEN|p040
N12|SEL-REASON|took 1 of 2 scanned (N=1)
N12|
N12|ANSWER|wild african elephants can reach great ages, and african elephant lifespan facts show elephants living long lives in africa.
N12|CLAIM|1|wild african elephants can reach great ages, and african elephant lifespan facts show elephants living long lives in africa.|p040
N12|PROV|1|p040
N12|EXPECTED|polar bears can swim 100 kilometers without resting.
