N19_REAP,waited_pid,63628,second_wait,-10
N19_QUAL_RUN,after_open,started,1,exit,80,signal,0,cpu_us,1476,peak_rss,1622016,file_bytes,0
N19_TELEMETRY,recover_file,status,-1906,0,-1,-1,0,0,0,-1,-1,poisoned,-1,-1
N19_REAP,waited_pid,63630,second_wait,-10
N19_QUAL_RUN,after_open_recover,started,1,exit,1,signal,0,cpu_us,1334,peak_rss,1523712,file_bytes,0
N19_REAP,waited_pid,63632,second_wait,-10
N19_QUAL_RUN,after_half_write,started,1,exit,81,signal,0,cpu_us,1200,peak_rss,1490944,file_bytes,16
N19_TELEMETRY,recover_file,status,-1906,0,-1,-1,0,0,0,-1,-1,poisoned,-1,-1
N19_REAP,waited_pid,63634,second_wait,-10
N19_QUAL_RUN,after_half_write_recover,started,1,exit,1,signal,0,cpu_us,922,peak_rss,1523712,file_bytes,16
N19_REAP,waited_pid,63635,second_wait,-10
N19_QUAL_RUN,after_full_write,started,1,exit,82,signal,0,cpu_us,877,peak_rss,1490944,file_bytes,32
N19_TELEMETRY,recover_file,status,0,0,-1,-1,1,1,1,-1,-1,recovered,-1,-1
N19_REAP,waited_pid,63636,second_wait,-10
N19_QUAL_RUN,after_full_write_recover,started,1,exit,0,signal,0,cpu_us,1034,peak_rss,1523712,file_bytes,32
N19_REAP,waited_pid,63637,second_wait,-10
N19_QUAL_RUN,after_file_sync,started,1,exit,83,signal,0,cpu_us,1551,peak_rss,1490944,file_bytes,32
N19_TELEMETRY,recover_file,status,0,0,-1,-1,1,1,1,-1,-1,recovered,-1,-1
N19_REAP,waited_pid,63638,second_wait,-10
N19_QUAL_RUN,after_file_sync_recover,started,1,exit,0,signal,0,cpu_us,1129,peak_rss,1523712,file_bytes,32
N19_REAP,waited_pid,63639,second_wait,-10
N19_QUAL_RUN,after_root_sync,started,1,exit,84,signal,0,cpu_us,1019,peak_rss,1490944,file_bytes,32
N19_TELEMETRY,recover_file,status,0,0,-1,-1,1,1,1,-1,-1,recovered,-1,-1
N19_REAP,waited_pid,63641,second_wait,-10
N19_QUAL_RUN,after_root_sync_recover,started,1,exit,0,signal,0,cpu_us,835,peak_rss,1523712,file_bytes,32
N19_CRASH_MATRIX,failures,0
