PS_CELL mode=G pool=8 test=DEL
PS_SDEL win=0 ok=2 c121=8 cother=0
PS_SDEL win=1 ok=0 c121=6 cother=4
PS_SDEL win=2 ok=0 c121=0 cother=10
PS_SDEL win=3 ok=0 c121=0 cother=10
PS_SDEL win=4 ok=0 c121=0 cother=10
PS_SDEL win=5 ok=0 c121=0 cother=10
PS_SDEL win=6 ok=0 c121=0 cother=10
PS_SDEL win=7 ok=0 c121=0 cother=10
PS_SDEL win=8 ok=0 c121=0 cother=10
PS_SDEL win=9 ok=0 c121=0 cother=10
PS_SDEL win=10 ok=0 c121=0 cother=10
PS_SDEL win=11 ok=0 c121=0 cother=10
PS_SDEL win=12 ok=0 c121=0 cother=10
PS_SDEL win=13 ok=0 c121=0 cother=10
PS_SDEL win=14 ok=0 c121=0 cother=10
PS_SDEL win=15 ok=0 c121=0 cother=10
CL_CHECK,ck_replay,0,0
CL_CHECK,ck_refusals_clean,0,0
CL_CHECK,ck_core_live,1,1
CL_CHECK,ck_strength_lineage,1,1
CL_CHECK,ck_strength_lineage,1,1
CL_CHECK,ck_strength_lineage,1,1
CL_CHECK,ck_strength_lineage,1,1
CL_CHECK,ck_strength_lineage,1,1
CL_CHECK,ck_strength_lineage,1,1
CL_CHECK,ck_strength_lineage,1,1
CL_CHECK,ck_strength_lineage,1,1
CL_CHECK,ck_strength_lineage,1,1
CL_CHECK,ck_strength_lineage,1,1
CL_CHECK,ck_strength_lineage,1,1
CL_CHECK,ck_strength_lineage,1,1
CL_CHECK,ck_strength_lineage,1,1
CL_CHECK,ck_strength_lineage,1,1
CL_CHECK,ck_strength_lineage,1,1
CL_CHECK,ck_strength_lineage,1,1
CL_CHECK,ck_strength_lineage,1,1
CL_CHECK,ck_strength_lineage,1,1
CL_CHECK,ck_del_cite_count,4,4
CL_CHECK,ck_del_cite_distinct,4,4
CL_CHECK,ck_del_justify,1,1
CL_CHECK,ck_del_cite_count,4,4
CL_CHECK,ck_del_cite_distinct,4,4
CL_CHECK,ck_del_justify,1,1
CL_CHECK,ck_sig_present,1,1
CL_CHECK,ck_sig_tie,1,1
CL_CHECK,ck_sig_nochange,1,1
CL_CHECK,ck_sig_lss,1,1
CL_CHECK,ck_sig_locked,1,1
CL_CHECK,ck_sig_present,1,1
CL_CHECK,ck_sig_tie,1,1
CL_CHECK,ck_sig_nochange,1,1
CL_CHECK,ck_sig_lss,1,1
CL_CHECK,ck_sig_locked,1,1
CL_CHECK,ck_sig_present,1,1
CL_CHECK,ck_sig_tie,1,1
CL_CHECK,ck_sig_nochange,1,1
CL_CHECK,ck_sig_lss,1,1
CL_CHECK,ck_sig_locked,1,1
CL_CHECK,ck_sig_present,1,1
CL_CHECK,ck_sig_tie,1,1
CL_CHECK,ck_sig_nochange,1,1
CL_CHECK,ck_sig_lss,1,1
CL_CHECK,ck_sig_locked,1,1
CL_CHECK,ck_sig_present,1,1
CL_CHECK,ck_sig_tie,1,1
CL_CHECK,ck_sig_nochange,1,1
CL_CHECK,ck_sig_lss,1,1
CL_CHECK,ck_sig_locked,1,1
CL_CHECK,ck_sig_present,1,1
CL_CHECK,ck_sig_tie,1,1
CL_CHECK,ck_sig_nochange,1,1
CL_CHECK,ck_sig_lss,1,1
CL_CHECK,ck_sig_locked,1,1
CL_CHECK,ck_sig_present,1,1
CL_CHECK,ck_sig_tie,1,1
CL_CHECK,ck_sig_nochange,1,1
CL_CHECK,ck_sig_lss,1,1
CL_CHECK,ck_sig_locked,1,1
CL_CHECK,ck_sig_present,1,1
CL_CHECK,ck_sig_tie,1,1
CL_CHECK,ck_sig_nochange,1,1
CL_CHECK,ck_sig_lss,1,1
CL_CHECK,ck_sig_locked,1,1
CL_CHECK,ck_sig_present,1,1
CL_CHECK,ck_sig_tie,1,1
CL_CHECK,ck_sig_nochange,1,1
CL_CHECK,ck_sig_lss,1,1
CL_CHECK,ck_sig_locked,1,1
CL_CHECK,ck_sig_present,1,1
CL_CHECK,ck_sig_tie,1,1
CL_CHECK,ck_sig_nochange,1,1
CL_CHECK,ck_sig_lss,1,1
CL_CHECK,ck_sig_locked,1,1
CL_CHECK,ck_sig_present,1,1
CL_CHECK,ck_sig_tie,1,1
CL_CHECK,ck_sig_nochange,1,1
CL_CHECK,ck_sig_lss,1,1
CL_CHECK,ck_sig_locked,1,1
CL_CHECK,ck_sig_present,1,1
CL_CHECK,ck_sig_tie,1,1
CL_CHECK,ck_sig_nochange,1,1
CL_CHECK,ck_sig_lss,1,1
CL_CHECK,ck_sig_locked,1,1
CL_CHECK,ck_sig_present,1,1
CL_CHECK,ck_sig_tie,1,1
CL_CHECK,ck_sig_nochange,1,1
CL_CHECK,ck_sig_lss,1,1
CL_CHECK,ck_sig_locked,1,1
CL_CHECK,ck_sig_present,1,1
CL_CHECK,ck_sig_tie,1,1
CL_CHECK,ck_sig_nochange,1,1
CL_CHECK,ck_sig_lss,1,1
CL_CHECK,ck_sig_locked,1,1
CL_CHECK,ck_syssig_slot,-1,-1
CL_CHECK,ck_syssig_tie,1,1
CL_CHECK,ck_syssig_nochange,1,1
CL_CHECK,ck_no_bad_kill,0,0
CL_CHECK,ck_no_bad_forcepin,0,0
CL_CHECK,ck_no_bad_code,0,0
CL_CHECK,ck_no_bad_role,0,0
CL_CHECK,ck_no_bad_pexp,0,0
PS_SDEL ckfail=0 fp=582292290
PS_DONE fail=0
