SCALE_CFG,mode=eval,N=1,C=1,M=1,P=1,off=6
SCALE_TRUTH,texts=10,words_total=1332368
SCALE_PASS,pass=1,taught=1,withheld=0,clean_mastery_num=0,clean_mastery_den=0
SCALE_MASTERY,clean_num=0,clean_den=0
SCALE_MASTERY_ALL,num=0,den=1
SCALE_DECILE,d=0,num=0,den=0
SCALE_DECILE,d=1,num=0,den=0
SCALE_DECILE,d=2,num=0,den=0
SCALE_DECILE,d=3,num=0,den=0
SCALE_DECILE,d=4,num=0,den=0
SCALE_DECILE,d=5,num=0,den=0
SCALE_DECILE,d=6,num=0,den=0
SCALE_DECILE,d=7,num=0,den=0
SCALE_DECILE,d=8,num=0,den=0
SCALE_DECILE,d=9,num=0,den=0
SCALE_ABSORPTION,absorbed=1,den=1
SCALE_FLAW,famA=24,famB=24
SCALE_FLAW,famC=24,famD=24
SCALE_FLAW_TOTAL,pass=96,total=96
SCALE_OPS,add=1,verify=1,audit=2,find=1,total=5,ops_per_fact_x1000=5000
SCALE_MEM,slot_bpf=24,index_bpf=4,audit_bpf=128,total_bpf=156,slot_chunks=1,idx_chunks=1,audit_chunks=1
SCALE_DIGEST,fnv1a=44bd37d473cd0bfd
SCALE_RECALL_TIMING,recalls=2000,ns_total=4614105,ns_per_recall_x1000=2307052
SCALE_DONE
