SCALE_CFG,mode=eval,N=4,C=4,M=1,P=1,off=0
SCALE_TRUTH,texts=10,words_total=1332368
SCALE_PASS,pass=1,taught=4,withheld=0,clean_mastery_num=4,clean_mastery_den=4
SCALE_MASTERY,clean_num=4,clean_den=4
SCALE_MASTERY_ALL,num=4,den=4
SCALE_DECILE,d=0,num=1,den=1
SCALE_DECILE,d=1,num=0,den=0
SCALE_DECILE,d=2,num=1,den=1
SCALE_DECILE,d=3,num=0,den=0
SCALE_DECILE,d=4,num=0,den=0
SCALE_DECILE,d=5,num=1,den=1
SCALE_DECILE,d=6,num=0,den=0
SCALE_DECILE,d=7,num=1,den=1
SCALE_DECILE,d=8,num=0,den=0
SCALE_DECILE,d=9,num=0,den=0
SCALE_ABSORPTION,absorbed=0,den=0
SCALE_FLAW,famA=24,famB=24
SCALE_FLAW,famC=24,famD=24
SCALE_FLAW_TOTAL,pass=96,total=96
SCALE_OPS,add=4,verify=4,audit=5,find=4,total=17,ops_per_fact_x1000=4250
SCALE_MEM,slot_bpf=24,index_bpf=4,audit_bpf=80,total_bpf=108,slot_chunks=1,idx_chunks=1,audit_chunks=1
SCALE_DIGEST,fnv1a=ca0fe518de9ab4d8
SCALE_RECALL_TIMING,recalls=8000,ns_total=6011762,ns_per_recall_x1000=751470
SCALE_DONE
