SCALE_CFG,mode=eval,N=16,C=16,M=1,P=1,off=0
SCALE_TRUTH,texts=10,words_total=1332368
SCALE_PASS,pass=1,taught=16,withheld=0,clean_mastery_num=14,clean_mastery_den=14
SCALE_MASTERY,clean_num=14,clean_den=14
SCALE_MASTERY_ALL,num=14,den=16
SCALE_DECILE,d=0,num=2,den=2
SCALE_DECILE,d=1,num=2,den=2
SCALE_DECILE,d=2,num=1,den=1
SCALE_DECILE,d=3,num=1,den=1
SCALE_DECILE,d=4,num=1,den=1
SCALE_DECILE,d=5,num=2,den=2
SCALE_DECILE,d=6,num=2,den=2
SCALE_DECILE,d=7,num=1,den=1
SCALE_DECILE,d=8,num=2,den=2
SCALE_DECILE,d=9,num=0,den=0
SCALE_ABSORPTION,absorbed=2,den=2
SCALE_FLAW,famA=24,famB=24
SCALE_FLAW,famC=24,famD=24
SCALE_FLAW_TOTAL,pass=96,total=96
SCALE_OPS,add=16,verify=16,audit=17,find=16,total=65,ops_per_fact_x1000=4062
SCALE_MEM,slot_bpf=24,index_bpf=4,audit_bpf=68,total_bpf=96,slot_chunks=1,idx_chunks=1,audit_chunks=1
SCALE_DIGEST,fnv1a=579e633a682d9179
SCALE_RECALL_TIMING,recalls=32000,ns_total=34945162,ns_per_recall_x1000=1092036
SCALE_DONE
