SCALE_CFG,mode=eval,N=64,C=16,M=4,P=1,off=0
SCALE_TRUTH,texts=10,words_total=1332368
SCALE_PASS,pass=1,taught=64,withheld=0,clean_mastery_num=60,clean_mastery_den=60
SCALE_MASTERY,clean_num=60,clean_den=60
SCALE_MASTERY_ALL,num=60,den=64
SCALE_DECILE,d=0,num=6,den=6
SCALE_DECILE,d=1,num=6,den=6
SCALE_DECILE,d=2,num=6,den=6
SCALE_DECILE,d=3,num=5,den=5
SCALE_DECILE,d=4,num=6,den=6
SCALE_DECILE,d=5,num=7,den=7
SCALE_DECILE,d=6,num=6,den=6
SCALE_DECILE,d=7,num=7,den=7
SCALE_DECILE,d=8,num=5,den=5
SCALE_DECILE,d=9,num=6,den=6
SCALE_ABSORPTION,absorbed=4,den=4
SCALE_FLAW,famA=24,famB=24
SCALE_FLAW,famC=24,famD=24
SCALE_FLAW_TOTAL,pass=96,total=96
SCALE_OPS,add=64,verify=64,audit=65,find=64,total=257,ops_per_fact_x1000=4015
SCALE_MEM,slot_bpf=24,index_bpf=4,audit_bpf=65,total_bpf=93,slot_chunks=1,idx_chunks=1,audit_chunks=1
SCALE_DIGEST,fnv1a=cf7e80d2f4d68cb7
SCALE_RECALL_TIMING,recalls=128000,ns_total=200184779,ns_per_recall_x1000=1563943
SCALE_DONE
