SCALE_CFG,mode=eval,N=128,C=16,M=8,P=1,off=0
SCALE_TRUTH,texts=10,words_total=1332368
SCALE_PASS,pass=1,taught=128,withheld=0,clean_mastery_num=119,clean_mastery_den=119
SCALE_MASTERY,clean_num=119,clean_den=119
SCALE_MASTERY_ALL,num=119,den=128
SCALE_DECILE,d=0,num=12,den=12
SCALE_DECILE,d=1,num=11,den=11
SCALE_DECILE,d=2,num=13,den=13
SCALE_DECILE,d=3,num=13,den=13
SCALE_DECILE,d=4,num=11,den=11
SCALE_DECILE,d=5,num=13,den=13
SCALE_DECILE,d=6,num=12,den=12
SCALE_DECILE,d=7,num=13,den=13
SCALE_DECILE,d=8,num=12,den=12
SCALE_DECILE,d=9,num=9,den=9
SCALE_ABSORPTION,absorbed=9,den=9
SCALE_FLAW,famA=24,famB=24
SCALE_FLAW,famC=24,famD=24
SCALE_FLAW_TOTAL,pass=96,total=96
SCALE_OPS,add=128,verify=128,audit=129,find=128,total=513,ops_per_fact_x1000=4007
SCALE_MEM,slot_bpf=24,index_bpf=4,audit_bpf=64,total_bpf=92,slot_chunks=1,idx_chunks=1,audit_chunks=1
SCALE_DIGEST,fnv1a=739141aa3d6079ab
SCALE_RECALL_TIMING,recalls=256000,ns_total=47027724,ns_per_recall_x1000=183702
SCALE_DONE
