X 1 4 0 /home/hatch/workspace/tnn-lab/wave12/step1a-v2/gate-expansion/evidence/m3/data/c04_input.bin
X 2 4 64 /home/hatch/workspace/tnn-lab/wave12/step1a-v2/gate-expansion/evidence/m3/data/c04_input.bin
R 3 1 1 0
B 4 0 0
R 3 1 1 0
R 3 1 1 0
R 3 1 1 0
R 3 1 1 0
R 3 1 1 0
R 3 1 1 0
R 3 1 1 0
R 3 1 1 0
R 3 1 1 0
R 3 1 1 0
R 3 1 1 0
R 3 1 1 0
R 3 1 1 0
R 3 1 1 0
R 3 1 1 0
R 3 1 1 0
R 3 1 1 0
R 3 1 1 0
R 3 1 1 0
R 3 1 1 0
R 3 1 1 0
R 3 1 1 0
R 3 1 1 0
R 3 1 1 0
R 3 1 1 0
R 3 1 1 0
R 3 1 1 0
R 3 1 1 0
R 3 1 1 0
R 3 1 1 0
R 3 1 1 0
R 3 1 1 0
R 3 1 1 0
R 3 1 1 0
R 3 1 1 0
R 3 1 1 0
R 3 1 1 0
R 3 1 1 0
R 3 1 1 0
R 3 1 1 0
R 3 1 1 0
R 3 1 1 0
R 3 1 1 0
R 3 1 1 0
R 3 1 1 0
R 3 1 1 0
R 3 1 1 0
R 3 1 1 0
R 3 1 1 0
R 3 1 1 0
R 3 1 1 0
R 3 1 1 0
R 3 1 1 0
R 3 1 1 0
R 3 1 1 0
R 3 1 1 0
R 3 1 1 0
R 3 1 1 0
R 3 1 1 0
R 3 1 1 0
R 3 1 1 0
R 3 1 1 0
R 3 1 1 0
R 3 1 1 0
O 5 64 0
C 1 1
C 2 1
C 3 65
C 4 1
C 5 1
END 69
