R 1 4 16 0
R 2 4 16 0
R 3 1 1 0
R 4 1 1 0
B 5 1 0
R 3 1 1 0
R 4 1 1 0
B 5 1 0
R 3 1 1 0
R 4 1 1 0
B 5 1 0
R 3 1 1 0
R 4 1 1 0
B 5 0 0
R 3 1 1 0
R 4 1 1 0
B 5 0 0
R 3 1 1 0
R 4 1 1 0
B 5 0 0
R 3 1 1 0
R 4 1 1 0
B 5 0 0
R 3 1 1 0
R 4 1 1 0
B 5 0 0
R 3 1 1 0
R 4 1 1 0
B 5 1 0
R 3 1 1 0
R 4 1 1 0
B 5 1 0
R 3 1 1 0
R 4 1 1 0
B 5 1 0
R 3 1 1 0
R 4 1 1 0
B 5 1 0
R 3 1 1 0
R 4 1 1 0
B 5 1 0
R 3 1 1 0
R 4 1 1 0
B 5 1 0
R 3 1 1 0
R 4 1 1 0
B 5 1 0
R 3 1 1 0
R 4 1 1 0
B 5 1 0
O 6 16 0
C 1 1
C 2 1
C 3 16
C 4 16
C 5 16
C 6 1
END 51
