=== GEN-REDIM build pipeline ===
--- Step 1: frozen digests ---
ref_rd_base.zag: OK
ref_rd_gen.zag: OK
ref_gs_new.zag: OK
--- Step 2: ref identity ---
refs identical to GEN-STRESS frozen files
--- Step 3: C10 minimal-diff audit ---
C10 audit: diffs contain only authorized changes
diff: unrecognized option '--stat'
diff: Try 'diff --help' for more information.
diff: unrecognized option '--stat'
diff: Try 'diff --help' for more information.
--- Step 4: C11 opacity audit ---
C11 audit: no banned tokens outside the definitional list
--- Step 5: assemble ---
assemblies built, one main each
--- Step 6: compile ---
all five binaries compiled
--- Step 7: 3x runs ---
fz_dbin: 3/3 byte-identical, stderr empty, sha256 37d22e2ac4b40e5457138eacfe3f9fbb323f056a59c2d1126a7346a014ee7953
fz_gbin: 3/3 byte-identical, stderr empty, sha256 d12645a2199d31e0de44e114c57be1d1cc6e0001c9f67668183404a94aa46e53
rd_dbin: 3/3 byte-identical, stderr empty, sha256 37d22e2ac4b40e5457138eacfe3f9fbb323f056a59c2d1126a7346a014ee7953
rd_gbin: 3/3 byte-identical, stderr empty, sha256 2aa8ce481948bbb4d2f5174e8de28ccac49774f3c7d163f654bb743a32da70db
rd_sbin: 3/3 byte-identical, stderr empty, sha256 25a6acdc7ccdbddf0d9940fb7010897343201dfa7b29cab2ec9cd4e83a236b74
--- Step 8: expected blocks ---
  30 exp_S1.txt
  44 exp_S2.txt
  10 exp_S3.txt
  49 exp_S4.txt
 133 total
--- Step 9: C3/C4 ---
C3 DIAMOND-REGRESSION: outputs byte-identical
fz_gbin_run1.txt rd_gbin_run1.txt differ: char 108, line 10
--- Step 10: C5-C8 ---
C5 STRESS-S1: PASS (byte-identical)
C6 STRESS-S2: PASS (byte-identical)
C7 STRESS-S3: PASS (byte-identical)
C8 STRESS-S4: PASS (byte-identical)
--- Step 11: C9 ---
S5 ARM line exact
S5 INTER count = 3
S5 INTER2 count = 2731
S5 WIDEN count = 0
C9 STRESS-S5: PASS
=== GEN-REDIM pipeline complete: all kill bars evaluated ===
EXIT=0
