KB 38 ENT 27
D S1
T S1 1 PASS
A I don't know.
D S2
T S2 1 PASS
A I don't know.
D S3
T S3 1 PASS
A I don't know.
D S4
T S4 1 PASS
A I don't know.
D S5
T S5 1 PASS
A I don't know.
D S6
T S6 1 PASS
A I don't know.
D S7
T S7 1 PASS
A I don't know.
D S8
T S8 1 PASS
A I don't know.
SECTION FOLLOWUP 0/0
SECTION CORRECTION 0/0
SECTION REFERENT 0/0
SECTION WEIRD 8/8
SECTION WEIRD_CLEAN 0/0
SECTION TOPIC 0/0
SECTION CONTRADICT 0/0
SECTION COMPOSE 0/0
DIGEST a53582a9a9b3ffdc0190d0836e5cb691fd4c9a9647fe30cf26fdf5dafef0c4e4
