CL_CHECK,phaseA_wrong,3,3
CL_CHECK,phaseA_surv,0,0
CL_CHECK,phaseA_metric,3,3
RC3_STAT,after_phaseA,E=1,W=24,stage=3
CL_CHECK,pred_wrong,0,0
CL_CHECK,pred_surv,0,0
CL_CHECK,rcommit_E_rc,0,0
CL_CHECK,E_after_commit,2,2
CL_CHECK,phaseB_wrong,0,0
CL_CHECK,phaseB_surv,0,0
CL_CHECK,phaseB_metric,0,0
RC3_STAT,after_phaseB,E=2,W=24,stage=3
CL_CHECK,stage_advance_rc,0,0
CL_CHECK,stage_now,4,4
CL_CHECK,amend_h7b_rc,205,205
CL_CHECK,amend_h8_rc,205,205
CL_CHECK,E_unchanged_after_amend,2,2
CL_CHECK,w_shrink4_rc,0,0
CL_CHECK,W_now4,4,4
CL_CHECK,h7_pred_wrong,0,0
CL_CHECK,h7_pred_surv,1,1
CL_CHECK,h7_commit_rc,203,203
CL_CHECK,E_after_h7,2,2
CL_CHECK,w_shrink6_rc,0,0
CL_CHECK,W_now6,6,6
CL_CHECK,h7b_pred_wrong,0,0
CL_CHECK,h7b_pred_surv,0,0
CL_CHECK,h7b_commit_rc,0,0
CL_CHECK,E_after_h7b,1,1
CL_CHECK,V1b_wrong,1,1
CL_CHECK,V1b_metric,1,1
CL_CHECK,h7b_rollback_rc,0,0
CL_CHECK,E_after_h7b_rollback,2,2
CL_CHECK,h8_pred_wrong,0,0
CL_CHECK,h8_pred_surv,0,0
CL_CHECK,h8_commit_rc,0,0
CL_CHECK,E_after_h8,1,1
CL_CHECK,V2_metric,0,0
CL_CHECK,E_after_V2,1,1
CL_CHECK,V3_wrong,1,1
CL_CHECK,V3_metric,1,1
RC3_STAT,after_V3,E=1,W=6,stage=4
CL_CHECK,n_rcommit_E,3,3
CL_CHECK,n_rrefuse,3,3
CL_CHECK,replay_diff,0,0
CL_CHECK,replay_E,1,1
CL_CHECK,replay_stage,4,4
CL_CHECK,replay_elimmask,43,43
CL_CHECK,replay_W,6,6
RC3_STAT,final,E=1,W=6,stage=4
RC3_FAILURES,0
TRIAL PASSED
