PROSE-LEARN2 source=grok
INSTALL id=0 sent=0 entity=a relation=alphabet_position reln=2 attitude=asserted value=1 key=4:34fb5c82 seq=0
CORROBORATE id=1 sent=0 key=4:34fb5c82 attitude=asserted seq=1
CORROBORATE id=2 sent=0 key=4:34fb5c82 attitude=asserted seq=2
INSTALL id=3 sent=0 entity=b relation=alphabet_position reln=2 attitude=asserted value=2 key=13:34fb5c82 seq=3
CORROBORATE id=4 sent=0 key=13:34fb5c82 attitude=asserted seq=4
CORROBORATE id=5 sent=0 key=13:34fb5c82 attitude=asserted seq=5
INSTALL id=6 sent=0 entity=c relation=alphabet_position reln=2 attitude=asserted value=3 key=15:34fb5c82 seq=6
CORROBORATE id=7 sent=0 key=15:34fb5c82 attitude=asserted seq=7
CORROBORATE id=8 sent=0 key=15:34fb5c82 attitude=asserted seq=8
INSTALL id=9 sent=0 entity=d relation=alphabet_position reln=2 attitude=asserted value=5 key=17:34fb5c82 seq=9
CORROBORATE id=10 sent=0 key=17:34fb5c82 attitude=asserted seq=10
CORROBORATE id=11 sent=0 key=17:34fb5c82 attitude=asserted seq=11
INSTALL id=12 sent=0 entity=e relation=alphabet_position reln=2 attitude=asserted value=5 key=19:34fb5c82 seq=12
CORROBORATE id=13 sent=0 key=19:34fb5c82 attitude=asserted seq=13
CORROBORATE id=14 sent=0 key=19:34fb5c82 attitude=asserted seq=14
INSTALL id=15 sent=0 entity=f relation=alphabet_position reln=2 attitude=asserted value=6 key=20:34fb5c82 seq=15
CORROBORATE id=16 sent=0 key=20:34fb5c82 attitude=asserted seq=16
CORROBORATE id=17 sent=0 key=20:34fb5c82 attitude=asserted seq=17
INSTALL id=18 sent=0 entity=g relation=alphabet_position reln=2 attitude=asserted value=7 key=22:34fb5c82 seq=18
CORROBORATE id=19 sent=0 key=22:34fb5c82 attitude=asserted seq=19
CORROBORATE id=20 sent=0 key=22:34fb5c82 attitude=asserted seq=20
INSTALL id=21 sent=0 entity=h relation=alphabet_position reln=2 attitude=asserted value=8 key=24:34fb5c82 seq=21
CORROBORATE id=22 sent=0 key=24:34fb5c82 attitude=asserted seq=22
CORROBORATE id=23 sent=0 key=24:34fb5c82 attitude=asserted seq=23
INSTALL id=24 sent=0 entity=i relation=alphabet_position reln=2 attitude=asserted value=9 key=26:34fb5c82 seq=24
CORROBORATE id=25 sent=0 key=26:34fb5c82 attitude=asserted seq=25
CORROBORATE id=26 sent=0 key=26:34fb5c82 attitude=asserted seq=26
INSTALL id=27 sent=0 entity=j relation=alphabet_position reln=2 attitude=asserted value=10 key=28:34fb5c82 seq=27
CORROBORATE id=28 sent=0 key=28:34fb5c82 attitude=asserted seq=28
CORROBORATE id=29 sent=0 key=28:34fb5c82 attitude=asserted seq=29
INSTALL id=30 sent=0 entity=k relation=alphabet_position reln=2 attitude=asserted value=11 key=30:34fb5c82 seq=30
CORROBORATE id=31 sent=0 key=30:34fb5c82 attitude=asserted seq=31
CORROBORATE id=32 sent=0 key=30:34fb5c82 attitude=asserted seq=32
INSTALL id=33 sent=0 entity=l relation=alphabet_position reln=2 attitude=asserted value=12 key=32:34fb5c82 seq=33
CORROBORATE id=34 sent=0 key=32:34fb5c82 attitude=asserted seq=34
CORROBORATE id=35 sent=0 key=32:34fb5c82 attitude=asserted seq=35
INSTALL id=36 sent=0 entity=m relation=alphabet_position reln=2 attitude=asserted value=13 key=34:34fb5c82 seq=36
CORROBORATE id=37 sent=0 key=34:34fb5c82 attitude=asserted seq=37
CORROBORATE id=38 sent=0 key=34:34fb5c82 attitude=asserted seq=38
INSTALL id=39 sent=0 entity=n relation=alphabet_position reln=2 attitude=asserted value=14 key=36:34fb5c82 seq=39
CORROBORATE id=40 sent=0 key=36:34fb5c82 attitude=asserted seq=40
CORROBORATE id=41 sent=0 key=36:34fb5c82 attitude=asserted seq=41
INSTALL id=42 sent=0 entity=o relation=alphabet_position reln=2 attitude=asserted value=15 key=38:34fb5c82 seq=42
CORROBORATE id=43 sent=0 key=38:34fb5c82 attitude=asserted seq=43
CORROBORATE id=44 sent=0 key=38:34fb5c82 attitude=asserted seq=44
INSTALL id=45 sent=0 entity=p relation=alphabet_position reln=2 attitude=asserted value=16 key=40:34fb5c82 seq=45
CORROBORATE id=46 sent=0 key=40:34fb5c82 attitude=asserted seq=46
CORROBORATE id=47 sent=0 key=40:34fb5c82 attitude=asserted seq=47
INSTALL id=48 sent=0 entity=q relation=alphabet_position reln=2 attitude=asserted value=17 key=42:34fb5c82 seq=48
CORROBORATE id=49 sent=0 key=42:34fb5c82 attitude=asserted seq=49
CORROBORATE id=50 sent=0 key=42:34fb5c82 attitude=asserted seq=50
INSTALL id=51 sent=0 entity=r relation=alphabet_position reln=2 attitude=asserted value=18 key=44:34fb5c82 seq=51
CORROBORATE id=52 sent=0 key=44:34fb5c82 attitude=asserted seq=52
CORROBORATE id=53 sent=0 key=44:34fb5c82 attitude=asserted seq=53
INSTALL id=54 sent=0 entity=s relation=alphabet_position reln=2 attitude=asserted value=19 key=46:34fb5c82 seq=54
CORROBORATE id=55 sent=0 key=46:34fb5c82 attitude=asserted seq=55
CORROBORATE id=56 sent=0 key=46:34fb5c82 attitude=asserted seq=56
INSTALL id=57 sent=0 entity=t relation=alphabet_position reln=2 attitude=asserted value=20 key=48:34fb5c82 seq=57
CORROBORATE id=58 sent=0 key=48:34fb5c82 attitude=asserted seq=58
CORROBORATE id=59 sent=0 key=48:34fb5c82 attitude=asserted seq=59
INSTALL id=60 sent=0 entity=u relation=alphabet_position reln=2 attitude=asserted value=21 key=50:34fb5c82 seq=60
CORROBORATE id=61 sent=0 key=50:34fb5c82 attitude=asserted seq=61
CORROBORATE id=62 sent=0 key=50:34fb5c82 attitude=asserted seq=62
INSTALL id=63 sent=0 entity=v relation=alphabet_position reln=2 attitude=asserted value=22 key=52:34fb5c82 seq=63
CORROBORATE id=64 sent=0 key=52:34fb5c82 attitude=asserted seq=64
CORROBORATE id=65 sent=0 key=52:34fb5c82 attitude=asserted seq=65
INSTALL id=66 sent=0 entity=w relation=alphabet_position reln=2 attitude=asserted value=23 key=54:34fb5c82 seq=66
CORROBORATE id=67 sent=0 key=54:34fb5c82 attitude=asserted seq=67
CORROBORATE id=68 sent=0 key=54:34fb5c82 attitude=asserted seq=68
INSTALL id=69 sent=0 entity=x relation=alphabet_position reln=2 attitude=asserted value=24 key=56:34fb5c82 seq=69
CORROBORATE id=70 sent=0 key=56:34fb5c82 attitude=asserted seq=70
CORROBORATE id=71 sent=0 key=56:34fb5c82 attitude=asserted seq=71
INSTALL id=72 sent=0 entity=y relation=alphabet_position reln=2 attitude=asserted value=25 key=58:34fb5c82 seq=72
CORROBORATE id=73 sent=0 key=58:34fb5c82 attitude=asserted seq=73
CORROBORATE id=74 sent=0 key=58:34fb5c82 attitude=asserted seq=74
INSTALL id=75 sent=0 entity=z relation=alphabet_position reln=2 attitude=asserted value=26 key=60:34fb5c82 seq=75
CORROBORATE id=76 sent=0 key=60:34fb5c82 attitude=asserted seq=76
CORROBORATE id=77 sent=0 key=60:34fb5c82 attitude=asserted seq=77
CORROBORATE id=78 sent=0 key=4:34fb5c82 attitude=asserted seq=78
CORROBORATE id=79 sent=0 key=4:34fb5c82 attitude=asserted seq=79
CORROBORATE id=80 sent=0 key=4:34fb5c82 attitude=asserted seq=80
CORROBORATE id=81 sent=0 key=13:34fb5c82 attitude=asserted seq=81
CORROBORATE id=82 sent=0 key=13:34fb5c82 attitude=asserted seq=82
CORROBORATE id=83 sent=0 key=13:34fb5c82 attitude=asserted seq=83
CORROBORATE id=84 sent=0 key=15:34fb5c82 attitude=asserted seq=84
CORROBORATE id=85 sent=0 key=15:34fb5c82 attitude=asserted seq=85
CORROBORATE id=86 sent=0 key=15:34fb5c82 attitude=asserted seq=86
CONTRADICT id=87 sent=0 key=17:34fb5c82 attitude=asserted old=5 new=6 seq=87
CORROBORATE id=90 sent=0 key=19:34fb5c82 attitude=asserted seq=88
CORROBORATE id=91 sent=0 key=19:34fb5c82 attitude=asserted seq=89
CORROBORATE id=92 sent=0 key=19:34fb5c82 attitude=asserted seq=90
CORROBORATE id=93 sent=0 key=20:34fb5c82 attitude=asserted seq=91
CORROBORATE id=94 sent=0 key=20:34fb5c82 attitude=asserted seq=92
CORROBORATE id=95 sent=0 key=20:34fb5c82 attitude=asserted seq=93
CORROBORATE id=96 sent=0 key=22:34fb5c82 attitude=asserted seq=94
CORROBORATE id=97 sent=0 key=22:34fb5c82 attitude=asserted seq=95
CORROBORATE id=98 sent=0 key=22:34fb5c82 attitude=asserted seq=96
CORROBORATE id=99 sent=0 key=24:34fb5c82 attitude=asserted seq=97
CORROBORATE id=100 sent=0 key=24:34fb5c82 attitude=asserted seq=98
CORROBORATE id=101 sent=0 key=24:34fb5c82 attitude=asserted seq=99
CORROBORATE id=102 sent=0 key=26:34fb5c82 attitude=asserted seq=100
CORROBORATE id=103 sent=0 key=26:34fb5c82 attitude=asserted seq=101
CORROBORATE id=104 sent=0 key=26:34fb5c82 attitude=asserted seq=102
CORROBORATE id=105 sent=0 key=28:34fb5c82 attitude=asserted seq=103
CORROBORATE id=106 sent=0 key=28:34fb5c82 attitude=asserted seq=104
CORROBORATE id=107 sent=0 key=28:34fb5c82 attitude=asserted seq=105
CORROBORATE id=108 sent=0 key=30:34fb5c82 attitude=asserted seq=106
CORROBORATE id=109 sent=0 key=30:34fb5c82 attitude=asserted seq=107
CORROBORATE id=110 sent=0 key=30:34fb5c82 attitude=asserted seq=108
CORROBORATE id=111 sent=0 key=32:34fb5c82 attitude=asserted seq=109
CORROBORATE id=112 sent=0 key=32:34fb5c82 attitude=asserted seq=110
CORROBORATE id=113 sent=0 key=32:34fb5c82 attitude=asserted seq=111
CORROBORATE id=114 sent=0 key=34:34fb5c82 attitude=asserted seq=112
CORROBORATE id=115 sent=0 key=34:34fb5c82 attitude=asserted seq=113
CORROBORATE id=116 sent=0 key=34:34fb5c82 attitude=asserted seq=114
CORROBORATE id=117 sent=0 key=36:34fb5c82 attitude=asserted seq=115
CORROBORATE id=118 sent=0 key=36:34fb5c82 attitude=asserted seq=116
CORROBORATE id=119 sent=0 key=36:34fb5c82 attitude=asserted seq=117
CORROBORATE id=120 sent=0 key=38:34fb5c82 attitude=asserted seq=118
CORROBORATE id=121 sent=0 key=38:34fb5c82 attitude=asserted seq=119
CORROBORATE id=122 sent=0 key=38:34fb5c82 attitude=asserted seq=120
CORROBORATE id=123 sent=0 key=40:34fb5c82 attitude=asserted seq=121
CORROBORATE id=124 sent=0 key=40:34fb5c82 attitude=asserted seq=122
CORROBORATE id=125 sent=0 key=40:34fb5c82 attitude=asserted seq=123
CORROBORATE id=126 sent=0 key=42:34fb5c82 attitude=asserted seq=124
CORROBORATE id=127 sent=0 key=42:34fb5c82 attitude=asserted seq=125
CORROBORATE id=128 sent=0 key=42:34fb5c82 attitude=asserted seq=126
CORROBORATE id=129 sent=0 key=44:34fb5c82 attitude=asserted seq=127
CORROBORATE id=130 sent=0 key=44:34fb5c82 attitude=asserted seq=128
CORROBORATE id=131 sent=0 key=44:34fb5c82 attitude=asserted seq=129
CORROBORATE id=132 sent=0 key=46:34fb5c82 attitude=asserted seq=130
CORROBORATE id=133 sent=0 key=46:34fb5c82 attitude=asserted seq=131
CORROBORATE id=134 sent=0 key=46:34fb5c82 attitude=asserted seq=132
CORROBORATE id=135 sent=0 key=48:34fb5c82 attitude=asserted seq=133
CORROBORATE id=136 sent=0 key=48:34fb5c82 attitude=asserted seq=134
CORROBORATE id=137 sent=0 key=48:34fb5c82 attitude=asserted seq=135
CORROBORATE id=138 sent=0 key=50:34fb5c82 attitude=asserted seq=136
CORROBORATE id=139 sent=0 key=50:34fb5c82 attitude=asserted seq=137
CORROBORATE id=140 sent=0 key=50:34fb5c82 attitude=asserted seq=138
CORROBORATE id=141 sent=0 key=52:34fb5c82 attitude=asserted seq=139
CORROBORATE id=142 sent=0 key=52:34fb5c82 attitude=asserted seq=140
CORROBORATE id=143 sent=0 key=52:34fb5c82 attitude=asserted seq=141
INSTALL id=144 sent=0 entity=a relation=letter_count reln=2 attitude=asserted value=1 key=4:f782cbee seq=142
CORROBORATE id=145 sent=0 key=4:f782cbee attitude=asserted seq=143
CORROBORATE id=146 sent=0 key=4:f782cbee attitude=asserted seq=144
INSTALL id=147 sent=0 entity=an relation=letter_count reln=2 attitude=asserted value=2 key=8:f782cbee seq=145
CORROBORATE id=148 sent=0 key=8:f782cbee attitude=asserted seq=146
CORROBORATE id=149 sent=0 key=8:f782cbee attitude=asserted seq=147
INSTALL id=150 sent=0 entity=the relation=letter_count reln=2 attitude=asserted value=3 key=0:f782cbee seq=148
CORROBORATE id=151 sent=0 key=0:f782cbee attitude=asserted seq=149
CORROBORATE id=152 sent=0 key=0:f782cbee attitude=asserted seq=150
INSTALL id=153 sent=0 entity=four relation=letter_count reln=2 attitude=asserted value=4 key=64:f782cbee seq=151
CORROBORATE id=154 sent=0 key=64:f782cbee attitude=asserted seq=152
CORROBORATE id=155 sent=0 key=64:f782cbee attitude=asserted seq=153
INSTALL id=156 sent=0 entity=seven relation=letter_count reln=2 attitude=asserted value=5 key=66:f782cbee seq=154
CORROBORATE id=157 sent=0 key=66:f782cbee attitude=asserted seq=155
CORROBORATE id=158 sent=0 key=66:f782cbee attitude=asserted seq=156
INSTALL id=159 sent=0 entity=minute relation=letter_count reln=2 attitude=asserted value=6 key=67:f782cbee seq=157
CORROBORATE id=160 sent=0 key=67:f782cbee attitude=asserted seq=158
CORROBORATE id=161 sent=0 key=67:f782cbee attitude=asserted seq=159
INSTALL id=162 sent=0 entity=seconds relation=letter_count reln=2 attitude=asserted value=7 key=68:f782cbee seq=160
CORROBORATE id=163 sent=0 key=68:f782cbee attitude=asserted seq=161
CORROBORATE id=164 sent=0 key=68:f782cbee attitude=asserted seq=162
INSTALL id=165 sent=0 entity=saturday relation=letter_count reln=2 attitude=asserted value=7 key=70:f782cbee seq=163
CORROBORATE id=166 sent=0 key=70:f782cbee attitude=asserted seq=164
CORROBORATE id=167 sent=0 key=70:f782cbee attitude=asserted seq=165
INSTALL id=168 sent=0 entity=afternoon relation=letter_count reln=2 attitude=asserted value=9 key=71:f782cbee seq=166
CORROBORATE id=169 sent=0 key=71:f782cbee attitude=asserted seq=167
CORROBORATE id=170 sent=0 key=71:f782cbee attitude=asserted seq=168
INSTALL id=171 sent=0 entity=dictionary relation=letter_count reln=2 attitude=asserted value=10 key=72:f782cbee seq=169
CORROBORATE id=172 sent=0 key=72:f782cbee attitude=asserted seq=170
CORROBORATE id=173 sent=0 key=72:f782cbee attitude=asserted seq=171
INSTALL id=174 sent=0 entity=handwriting relation=letter_count reln=2 attitude=asserted value=11 key=73:f782cbee seq=172
CORROBORATE id=175 sent=0 key=73:f782cbee attitude=asserted seq=173
CORROBORATE id=176 sent=0 key=73:f782cbee attitude=asserted seq=174
INSTALL id=177 sent=0 entity=disappointed relation=letter_count reln=2 attitude=asserted value=12 key=74:f782cbee seq=175
CORROBORATE id=178 sent=0 key=74:f782cbee attitude=asserted seq=176
CORROBORATE id=179 sent=0 key=74:f782cbee attitude=asserted seq=177
INSTALL id=180 sent=0 entity=extraordinary relation=letter_count reln=2 attitude=asserted value=13 key=76:f782cbee seq=178
CORROBORATE id=181 sent=0 key=76:f782cbee attitude=asserted seq=179
CORROBORATE id=182 sent=0 key=76:f782cbee attitude=asserted seq=180
INSTALL id=183 sent=0 entity=responsibility relation=letter_count reln=2 attitude=asserted value=14 key=77:f782cbee seq=181
CORROBORATE id=184 sent=0 key=77:f782cbee attitude=asserted seq=182
CORROBORATE id=185 sent=0 key=77:f782cbee attitude=asserted seq=183
INSTALL id=186 sent=0 entity=congratulations relation=letter_count reln=2 attitude=asserted value=15 key=78:f782cbee seq=184
CORROBORATE id=187 sent=0 key=78:f782cbee attitude=asserted seq=185
CORROBORATE id=188 sent=0 key=78:f782cbee attitude=asserted seq=186
INSTALL id=189 sent=0 entity=misunderstanding relation=letter_count reln=2 attitude=asserted value=16 key=80:f782cbee seq=187
CORROBORATE id=190 sent=0 key=80:f782cbee attitude=asserted seq=188
CORROBORATE id=191 sent=0 key=80:f782cbee attitude=asserted seq=189
INSTALL id=192 sent=0 entity=misunderstandings relation=letter_count reln=2 attitude=asserted value=17 key=81:f782cbee seq=190
CORROBORATE id=193 sent=0 key=81:f782cbee attitude=asserted seq=191
CORROBORATE id=194 sent=0 key=81:f782cbee attitude=asserted seq=192
INSTALL id=195 sent=0 entity=characteristically relation=letter_count reln=2 attitude=asserted value=18 key=82:f782cbee seq=193
CORROBORATE id=196 sent=0 key=82:f782cbee attitude=asserted seq=194
CORROBORATE id=197 sent=0 key=82:f782cbee attitude=asserted seq=195
INSTALL id=198 sent=0 entity=incomprehensibility relation=letter_count reln=2 attitude=asserted value=19 key=83:f782cbee seq=196
CORROBORATE id=199 sent=0 key=83:f782cbee attitude=asserted seq=197
CORROBORATE id=200 sent=0 key=83:f782cbee attitude=asserted seq=198
INSTALL id=201 sent=0 entity=uncharacteristically relation=letter_count reln=2 attitude=asserted value=20 key=84:f782cbee seq=199
CORROBORATE id=202 sent=0 key=84:f782cbee attitude=asserted seq=200
CORROBORATE id=203 sent=0 key=84:f782cbee attitude=asserted seq=201
INSTALL id=204 sent=0 entity=incomprehensibilities relation=letter_count reln=2 attitude=asserted value=21 key=85:f782cbee seq=202
CORROBORATE id=205 sent=0 key=85:f782cbee attitude=asserted seq=203
CORROBORATE id=206 sent=0 key=85:f782cbee attitude=asserted seq=204
INSTALL id=207 sent=0 entity=electroencephalography relation=letter_count reln=2 attitude=asserted value=22 key=86:f782cbee seq=205
CORROBORATE id=208 sent=0 key=86:f782cbee attitude=asserted seq=206
CORROBORATE id=209 sent=0 key=86:f782cbee attitude=asserted seq=207
INSTALL id=210 sent=0 entity=disproportionableness relation=letter_count reln=2 attitude=asserted value=21 key=87:f782cbee seq=208
CORROBORATE id=211 sent=0 key=87:f782cbee attitude=asserted seq=209
CORROBORATE id=212 sent=0 key=87:f782cbee attitude=asserted seq=210
INSTALL id=213 sent=0 entity=incontrovertibleness relation=letter_count reln=2 attitude=asserted value=21 key=88:f782cbee seq=211
CORROBORATE id=214 sent=0 key=88:f782cbee attitude=asserted seq=212
CORROBORATE id=215 sent=0 key=88:f782cbee attitude=asserted seq=213
INSTALL id=216 sent=0 entity=counterdemonstrations relation=letter_count reln=2 attitude=asserted value=21 key=89:f782cbee seq=214
CORROBORATE id=217 sent=0 key=89:f782cbee attitude=asserted seq=215
CORROBORATE id=218 sent=0 key=89:f782cbee attitude=asserted seq=216
INSTALL id=219 sent=0 entity=electroencephalograms relation=letter_count reln=2 attitude=asserted value=21 key=91:f782cbee seq=217
CORROBORATE id=220 sent=0 key=91:f782cbee attitude=asserted seq=218
CORROBORATE id=221 sent=0 key=91:f782cbee attitude=asserted seq=219
INSTALL id=222 sent=0 entity=internationalization relation=letter_count reln=2 attitude=asserted value=20 key=93:f782cbee seq=220
CORROBORATE id=223 sent=0 key=93:f782cbee attitude=asserted seq=221
CORROBORATE id=224 sent=0 key=93:f782cbee attitude=asserted seq=222
INSTALL id=225 sent=0 entity=antidisestablishmentarian relation=letter_count reln=2 attitude=asserted value=25 key=94:f782cbee seq=223
CORROBORATE id=226 sent=0 key=94:f782cbee attitude=asserted seq=224
CORROBORATE id=227 sent=0 key=94:f782cbee attitude=asserted seq=225
INSTALL id=228 sent=0 entity=antidisestablishmentarianism relation=letter_count reln=2 attitude=asserted value=28 key=95:f782cbee seq=226
CORROBORATE id=229 sent=0 key=95:f782cbee attitude=asserted seq=227
CORROBORATE id=230 sent=0 key=95:f782cbee attitude=asserted seq=228
INSTALL id=231 sent=0 entity=time relation=letter_count reln=2 attitude=asserted value=4 key=97:f782cbee seq=229
CORROBORATE id=232 sent=0 key=97:f782cbee attitude=asserted seq=230
CORROBORATE id=233 sent=0 key=97:f782cbee attitude=asserted seq=231
INSTALL id=234 sent=0 entity=word relation=letter_count reln=2 attitude=asserted value=4 key=63:f782cbee seq=232
CORROBORATE id=235 sent=0 key=63:f782cbee attitude=asserted seq=233
CORROBORATE id=236 sent=0 key=63:f782cbee attitude=asserted seq=234
INSTALL id=237 sent=0 entity=sentence relation=letter_count reln=2 attitude=asserted value=8 key=98:f782cbee seq=235
CORROBORATE id=238 sent=0 key=98:f782cbee attitude=asserted seq=236
CORROBORATE id=239 sent=0 key=98:f782cbee attitude=asserted seq=237
INSTALL id=240 sent=0 entity=knowledge relation=letter_count reln=2 attitude=asserted value=8 key=99:f782cbee seq=238
CORROBORATE id=241 sent=0 key=99:f782cbee attitude=asserted seq=239
CORROBORATE id=242 sent=0 key=99:f782cbee attitude=asserted seq=240
INSTALL id=243 sent=0 entity=question relation=letter_count reln=2 attitude=asserted value=8 key=100:f782cbee seq=241
CORROBORATE id=244 sent=0 key=100:f782cbee attitude=asserted seq=242
CORROBORATE id=245 sent=0 key=100:f782cbee attitude=asserted seq=243
INSTALL id=246 sent=0 entity=answer relation=letter_count reln=2 attitude=asserted value=6 key=101:f782cbee seq=244
CORROBORATE id=247 sent=0 key=101:f782cbee attitude=asserted seq=245
CORROBORATE id=248 sent=0 key=101:f782cbee attitude=asserted seq=246
INSTALL id=249 sent=0 entity=library relation=letter_count reln=2 attitude=asserted value=7 key=102:f782cbee seq=247
CORROBORATE id=250 sent=0 key=102:f782cbee attitude=asserted seq=248
CORROBORATE id=251 sent=0 key=102:f782cbee attitude=asserted seq=249
INSTALL id=252 sent=0 entity=book relation=letter_count reln=2 attitude=asserted value=4 key=103:f782cbee seq=250
CORROBORATE id=253 sent=0 key=103:f782cbee attitude=asserted seq=251
CORROBORATE id=254 sent=0 key=103:f782cbee attitude=asserted seq=252
INSTALL id=255 sent=0 entity=novel relation=letter_count reln=2 attitude=asserted value=5 key=104:f782cbee seq=253
CORROBORATE id=256 sent=0 key=104:f782cbee attitude=asserted seq=254
CORROBORATE id=257 sent=0 key=104:f782cbee attitude=asserted seq=255
INSTALL id=258 sent=0 entity=story relation=letter_count reln=2 attitude=asserted value=5 key=105:f782cbee seq=256
CORROBORATE id=259 sent=0 key=105:f782cbee attitude=asserted seq=257
CORROBORATE id=260 sent=0 key=105:f782cbee attitude=asserted seq=258
INSTALL id=261 sent=0 entity=poem relation=letter_count reln=2 attitude=asserted value=4 key=106:f782cbee seq=259
CORROBORATE id=262 sent=0 key=106:f782cbee attitude=asserted seq=260
CORROBORATE id=263 sent=0 key=106:f782cbee attitude=asserted seq=261
INSTALL id=264 sent=0 entity=rhyme relation=letter_count reln=2 attitude=asserted value=7 key=107:f782cbee seq=262
CONTRADICT id=265 sent=0 key=107:f782cbee attitude=asserted old=7 new=5 seq=263
INSTALL id=267 sent=0 entity=grammar relation=letter_count reln=2 attitude=asserted value=8 key=108:f782cbee seq=264
CONTRADICT id=268 sent=0 key=108:f782cbee attitude=asserted old=8 new=7 seq=265
INSTALL id=270 sent=0 entity=spelling relation=letter_count reln=2 attitude=asserted value=10 key=109:f782cbee seq=266
CONTRADICT id=271 sent=0 key=109:f782cbee attitude=asserted old=10 new=8 seq=267
INSTALL id=273 sent=0 entity=vocabulary relation=letter_count reln=2 attitude=asserted value=9 key=110:f782cbee seq=268
CONTRADICT id=274 sent=0 key=110:f782cbee attitude=asserted old=9 new=10 seq=269
INSTALL id=276 sent=0 entity=paragraph relation=letter_count reln=2 attitude=asserted value=7 key=111:f782cbee seq=270
CONTRADICT id=277 sent=0 key=111:f782cbee attitude=asserted old=7 new=9 seq=271
INSTALL id=279 sent=0 entity=chapter relation=letter_count reln=2 attitude=asserted value=4 key=112:f782cbee seq=272
CONTRADICT id=280 sent=0 key=112:f782cbee attitude=asserted old=4 new=7 seq=273
INSTALL id=282 sent=0 entity=page relation=letter_count reln=2 attitude=asserted value=3 key=113:f782cbee seq=274
CONTRADICT id=283 sent=0 key=113:f782cbee attitude=asserted old=3 new=4 seq=275
INSTALL id=285 sent=0 entity=ink relation=letter_count reln=2 attitude=asserted value=3 key=114:f782cbee seq=276
CORROBORATE id=286 sent=0 key=114:f782cbee attitude=asserted seq=277
CORROBORATE id=287 sent=0 key=114:f782cbee attitude=asserted seq=278
INSTALL id=288 sent=0 entity=hamlet relation=publication_year reln=2 attitude=asserted value=1603 key=118:15dc19b2 seq=279
CORROBORATE id=289 sent=0 key=118:15dc19b2 attitude=asserted seq=280
INSTALL id=290 sent=0 entity=hamlet relation=open reln=1 attitude=asserted value=1603 key=118:8b72557f seq=281
INSTALL id=291 sent=0 entity=don quixote relation=publication_year reln=2 attitude=asserted value=1605 key=126:15dc19b2 seq=282
CORROBORATE id=292 sent=0 key=126:15dc19b2 attitude=asserted seq=283
INSTALL id=293 sent=0 entity=don quixote relation=open reln=1 attitude=asserted value=1605 key=126:8b72557f seq=284
INSTALL id=294 sent=0 entity=king lear relation=publication_year reln=2 attitude=asserted value=1608 key=130:15dc19b2 seq=285
CORROBORATE id=295 sent=0 key=130:15dc19b2 attitude=asserted seq=286
INSTALL id=296 sent=0 entity=king lear relation=open reln=1 attitude=asserted value=1608 key=130:8b72557f seq=287
INSTALL id=297 sent=0 entity=king james bible relation=publication_year reln=2 attitude=asserted value=1611 key=135:15dc19b2 seq=288
CORROBORATE id=298 sent=0 key=135:15dc19b2 attitude=asserted seq=289
INSTALL id=299 sent=0 entity=king james bible relation=open reln=1 attitude=asserted value=1611 key=135:8b72557f seq=290
INSTALL id=300 sent=0 entity=shakespeare folio relation=publication_year reln=2 attitude=asserted value=1623 key=140:15dc19b2 seq=291
CORROBORATE id=301 sent=0 key=140:15dc19b2 attitude=asserted seq=292
INSTALL id=302 sent=0 entity=shakespeare folio relation=open reln=1 attitude=asserted value=1623 key=140:8b72557f seq=293
INSTALL id=303 sent=0 entity=leviathan relation=publication_year reln=2 attitude=asserted value=1651 key=141:15dc19b2 seq=294
CORROBORATE id=304 sent=0 key=141:15dc19b2 attitude=asserted seq=295
INSTALL id=305 sent=0 entity=leviathan relation=open reln=1 attitude=asserted value=1651 key=141:8b72557f seq=296
INSTALL id=306 sent=0 entity=paradise lost relation=publication_year reln=2 attitude=asserted value=1667 key=146:15dc19b2 seq=297
CORROBORATE id=307 sent=0 key=146:15dc19b2 attitude=asserted seq=298
INSTALL id=308 sent=0 entity=paradise lost relation=open reln=1 attitude=asserted value=1667 key=146:8b72557f seq=299
INSTALL id=309 sent=0 entity=pilgrim progress relation=publication_year reln=2 attitude=asserted value=1688 key=150:15dc19b2 seq=300
CORROBORATE id=310 sent=0 key=150:15dc19b2 attitude=asserted seq=301
INSTALL id=311 sent=0 entity=pilgrim progress relation=open reln=1 attitude=asserted value=1688 key=150:8b72557f seq=302
INSTALL id=312 sent=0 entity=robinson crusoe relation=publication_year reln=2 attitude=asserted value=1719 key=154:15dc19b2 seq=303
CORROBORATE id=313 sent=0 key=154:15dc19b2 attitude=asserted seq=304
INSTALL id=314 sent=0 entity=robinson crusoe relation=open reln=1 attitude=asserted value=1719 key=154:8b72557f seq=305
INSTALL id=315 sent=0 entity=gulliver travels relation=publication_year reln=2 attitude=asserted value=1726 key=159:15dc19b2 seq=306
CORROBORATE id=316 sent=0 key=159:15dc19b2 attitude=asserted seq=307
INSTALL id=317 sent=0 entity=gulliver travels relation=open reln=1 attitude=asserted value=1726 key=159:8b72557f seq=308
INSTALL id=318 sent=0 entity=pamela relation=publication_year reln=2 attitude=asserted value=1740 key=160:15dc19b2 seq=309
CORROBORATE id=319 sent=0 key=160:15dc19b2 attitude=asserted seq=310
INSTALL id=320 sent=0 entity=pamela relation=open reln=1 attitude=asserted value=1740 key=160:8b72557f seq=311
INSTALL id=321 sent=0 entity=tom jones relation=publication_year reln=2 attitude=asserted value=1749 key=166:15dc19b2 seq=312
CORROBORATE id=322 sent=0 key=166:15dc19b2 attitude=asserted seq=313
INSTALL id=323 sent=0 entity=tom jones relation=open reln=1 attitude=asserted value=1749 key=166:8b72557f seq=314
INSTALL id=324 sent=0 entity=publication year relation=publication_year reln=2 attitude=asserted value=1759 key=168:15dc19b2 seq=315
CORROBORATE id=325 sent=0 key=168:15dc19b2 attitude=asserted seq=316
CORROBORATE id=326 sent=0 key=168:15dc19b2 attitude=asserted seq=317
CONTRADICT id=327 sent=0 key=168:15dc19b2 attitude=asserted old=1759 new=1766 seq=318
INSTALL id=360 sent=0 entity=walden relation=publication_year reln=2 attitude=asserted value=1854 key=178:15dc19b2 seq=319
CORROBORATE id=361 sent=0 key=178:15dc19b2 attitude=asserted seq=320
INSTALL id=362 sent=0 entity=walden relation=open reln=1 attitude=asserted value=1854 key=178:8b72557f seq=321
INSTALL id=363 sent=0 entity=madame bovary relation=publication_year reln=2 attitude=asserted value=1857 key=183:15dc19b2 seq=322
CORROBORATE id=364 sent=0 key=183:15dc19b2 attitude=asserted seq=323
INSTALL id=365 sent=0 entity=madame bovary relation=open reln=1 attitude=asserted value=1857 key=183:8b72557f seq=324
INSTALL id=366 sent=0 entity=a relation=publication_year reln=2 attitude=asserted value=1859 key=4:15dc19b2 seq=325
CORROBORATE id=367 sent=0 key=4:15dc19b2 attitude=asserted seq=326
INSTALL id=368 sent=0 entity=a relation=open reln=3 attitude=asserted value=1859 key=4:47a73185 seq=327
INSTALL id=369 sent=0 entity=great expectations relation=publication_year reln=2 attitude=asserted value=1861 key=193:15dc19b2 seq=328
CORROBORATE id=370 sent=0 key=193:15dc19b2 attitude=asserted seq=329
INSTALL id=371 sent=0 entity=great expectations relation=open reln=1 attitude=asserted value=1861 key=193:8b72557f seq=330
INSTALL id=372 sent=0 entity=les miserables relation=publication_year reln=2 attitude=asserted value=1862 key=198:15dc19b2 seq=331
CORROBORATE id=373 sent=0 key=198:15dc19b2 attitude=asserted seq=332
INSTALL id=374 sent=0 entity=les miserables relation=open reln=1 attitude=asserted value=1862 key=198:8b72557f seq=333
INSTALL id=375 sent=0 entity=alice adventures wonderland relation=publication_year reln=2 attitude=asserted value=1865 key=204:15dc19b2 seq=334
CORROBORATE id=376 sent=0 key=204:15dc19b2 attitude=asserted seq=335
INSTALL id=377 sent=0 entity=alice adventures wonderland relation=open reln=1 attitude=asserted value=1865 key=204:8b72557f seq=336
INSTALL id=378 sent=0 entity=crime punishment relation=publication_year reln=2 attitude=asserted value=1866 key=209:15dc19b2 seq=337
CORROBORATE id=379 sent=0 key=209:15dc19b2 attitude=asserted seq=338
INSTALL id=380 sent=0 entity=crime punishment relation=open reln=1 attitude=asserted value=1866 key=209:8b72557f seq=339
INSTALL id=381 sent=0 entity=war peace relation=publication_year reln=2 attitude=asserted value=1869 key=213:15dc19b2 seq=340
CORROBORATE id=382 sent=0 key=213:15dc19b2 attitude=asserted seq=341
INSTALL id=383 sent=0 entity=war peace relation=open reln=1 attitude=asserted value=1869 key=213:8b72557f seq=342
INSTALL id=384 sent=0 entity=through looking glass relation=publication_year reln=2 attitude=asserted value=1871 key=218:15dc19b2 seq=343
CORROBORATE id=385 sent=0 key=218:15dc19b2 attitude=asserted seq=344
INSTALL id=386 sent=0 entity=through looking glass relation=open reln=1 attitude=asserted value=1871 key=218:8b72557f seq=345
INSTALL id=387 sent=0 entity=anna karenina relation=publication_year reln=2 attitude=asserted value=1878 key=222:15dc19b2 seq=346
CORROBORATE id=388 sent=0 key=222:15dc19b2 attitude=asserted seq=347
INSTALL id=389 sent=0 entity=anna karenina relation=open reln=1 attitude=asserted value=1878 key=222:8b72557f seq=348
INSTALL id=390 sent=0 entity=brothers karamazov relation=publication_year reln=2 attitude=asserted value=1880 key=227:15dc19b2 seq=349
CORROBORATE id=391 sent=0 key=227:15dc19b2 attitude=asserted seq=350
INSTALL id=392 sent=0 entity=brothers karamazov relation=open reln=1 attitude=asserted value=1880 key=227:8b72557f seq=351
INSTALL id=393 sent=0 entity=treasure island relation=publication_year reln=2 attitude=asserted value=1883 key=231:15dc19b2 seq=352
CORROBORATE id=394 sent=0 key=231:15dc19b2 attitude=asserted seq=353
INSTALL id=395 sent=0 entity=treasure island relation=open reln=1 attitude=asserted value=1883 key=231:8b72557f seq=354
INSTALL id=432 sent=0 entity=count letters english alphabet relation=open reln=0 attitude=asserted value=26 key=245:e3b0c442 seq=355
INSTALL id=433 sent=0 entity=EMPTY relation=open reln=3 attitude=asserted value=26 key=4294967295:8e432ceb seq=356
INSTALL id=434 sent=0 entity=english alphabet relation=open reln=1 attitude=asserted value=26 key=248:9f076b7e seq=357
INSTALL id=435 sent=0 entity=count vowels english alphabet relation=open reln=0 attitude=asserted value=5 key=251:e3b0c442 seq=358
INSTALL id=436 sent=0 entity=EMPTY relation=open reln=3 attitude=asserted value=5 key=4294967295:0d524c5e seq=359
INSTALL id=437 sent=0 entity=english alphabet relation=open reln=1 attitude=asserted value=5 key=248:27038168 seq=360
INSTALL id=438 sent=0 entity=count consonants english alphabet relation=open reln=0 attitude=asserted value=21 key=254:e3b0c442 seq=361
INSTALL id=439 sent=0 entity=EMPTY relation=open reln=3 attitude=asserted value=21 key=4294967295:75fbce33 seq=362
INSTALL id=440 sent=0 entity=english alphabet relation=open reln=1 attitude=asserted value=21 key=248:1279dfa5 seq=363
INSTALL id=441 sent=0 entity=count days a week relation=open reln=0 attitude=asserted value=7 key=258:e3b0c442 seq=364
INSTALL id=442 sent=0 entity=EMPTY relation=open reln=3 attitude=asserted value=7 key=4294967295:2c2a8e66 seq=365
INSTALL id=443 sent=0 entity=a week relation=open reln=1 attitude=asserted value=7 key=259:bf5e8ffa seq=366
INSTALL id=444 sent=0 entity=count months a year relation=open reln=0 attitude=asserted value=12 key=262:e3b0c442 seq=367
INSTALL id=445 sent=0 entity=EMPTY relation=open reln=3 attitude=asserted value=12 key=4294967295:709b39bc seq=368
INSTALL id=446 sent=0 entity=a year relation=open reln=1 attitude=asserted value=12 key=263:91eb93d1 seq=369
INSTALL id=447 sent=0 entity=count seasons a year relation=open reln=0 attitude=asserted value=4 key=266:e3b0c442 seq=370
INSTALL id=448 sent=0 entity=EMPTY relation=open reln=3 attitude=asserted value=4 key=4294967295:d9890b1b seq=371
INSTALL id=449 sent=0 entity=a year relation=open reln=1 attitude=asserted value=4 key=263:db0d9afd seq=372
INSTALL id=450 sent=0 entity=count weeks a year relation=open reln=0 attitude=asserted value=52 key=269:e3b0c442 seq=373
INSTALL id=451 sent=0 entity=EMPTY relation=open reln=3 attitude=asserted value=52 key=4294967295:fc875f59 seq=374
INSTALL id=452 sent=0 entity=a year relation=open reln=1 attitude=asserted value=52 key=263:a0454a24 seq=375
INSTALL id=453 sent=0 entity=count hours a day relation=open reln=0 attitude=asserted value=24 key=272:e3b0c442 seq=376
INSTALL id=454 sent=0 entity=EMPTY relation=open reln=3 attitude=asserted value=24 key=4294967295:d8cb5931 seq=377
INSTALL id=455 sent=0 entity=a day relation=open reln=1 attitude=asserted value=24 key=273:a26b67b1 seq=378
INSTALL id=456 sent=0 entity=count minutes hour relation=open reln=0 attitude=asserted value=60 key=276:e3b0c442 seq=379
INSTALL id=457 sent=0 entity=EMPTY relation=open reln=2 attitude=asserted value=60 key=4294967295:be7928c0 seq=380
INSTALL id=458 sent=0 entity=hour relation=open reln=1 attitude=asserted value=60 key=271:d23f96d8 seq=381
INSTALL id=459 sent=0 entity=count seconds a minute relation=open reln=0 attitude=asserted value=60 key=277:e3b0c442 seq=382
INSTALL id=460 sent=0 entity=EMPTY relation=open reln=3 attitude=asserted value=60 key=4294967295:2e0e2bad seq=383
INSTALL id=461 sent=0 entity=a minute relation=open reln=1 attitude=asserted value=60 key=278:4fd33dcd seq=384
INSTALL id=462 sent=0 entity=count hours a week relation=open reln=0 attitude=asserted value=168 key=280:e3b0c442 seq=385
INSTALL id=463 sent=0 entity=EMPTY relation=open reln=3 attitude=asserted value=168 key=4294967295:b69f1cc2 seq=386
INSTALL id=464 sent=0 entity=a week relation=open reln=1 attitude=asserted value=168 key=259:a26b67b1 seq=387
INSTALL id=465 sent=0 entity=count amendments us constitution relation=open reln=0 attitude=asserted value=27 key=287:e3b0c442 seq=388
INSTALL id=466 sent=0 entity=EMPTY relation=open reln=4 attitude=asserted value=27 key=4294967295:6435775f seq=389
INSTALL id=467 sent=0 entity=EMPTY relation=open reln=5 attitude=asserted value=27 key=4294967295:b2cbdab6 seq=390
INSTALL id=468 sent=0 entity=count digits decimal number relation=open reln=1 attitude=asserted value=10 key=294:156e421e seq=391
INSTALL id=469 sent=0 entity=EMPTY relation=open reln=4 attitude=asserted value=10 key=4294967295:2aa34b7b seq=392
INSTALL id=470 sent=0 entity=decimal number system relation=open reln=1 attitude=asserted value=10 key=295:b6b37734 seq=393
INSTALL id=471 sent=0 entity=count years a century relation=open reln=0 attitude=asserted value=100 key=299:e3b0c442 seq=394
INSTALL id=472 sent=0 entity=EMPTY relation=open reln=3 attitude=asserted value=100 key=4294967295:dfc5007a seq=395
INSTALL id=473 sent=0 entity=a century relation=open reln=1 attitude=asserted value=100 key=300:229ba167 seq=396
INSTALL id=474 sent=0 entity=count inches a foot relation=open reln=0 attitude=asserted value=12 key=304:e3b0c442 seq=397
INSTALL id=475 sent=0 entity=EMPTY relation=open reln=3 attitude=asserted value=12 key=4294967295:8079237a seq=398
INSTALL id=476 sent=0 entity=a foot relation=open reln=1 attitude=asserted value=12 key=305:3610f598 seq=399
INSTALL id=477 sent=0 entity=count feet a yard relation=open reln=0 attitude=asserted value=3 key=308:e3b0c442 seq=400
INSTALL id=478 sent=0 entity=EMPTY relation=open reln=3 attitude=asserted value=3 key=4294967295:c8ad47e2 seq=401
INSTALL id=479 sent=0 entity=a yard relation=open reln=1 attitude=asserted value=3 key=309:8badf52b seq=402
INSTALL id=480 sent=0 entity=count holes a full relation=open reln=2 attitude=asserted value=18 key=315:27871ef5 seq=403
INSTALL id=481 sent=0 entity=EMPTY relation=open reln=5 attitude=asserted value=18 key=4294967295:d57ab7d9 seq=404
INSTALL id=482 sent=0 entity=a full round golf relation=open reln=1 attitude=asserted value=18 key=316:c44b5180 seq=405
INSTALL id=483 sent=0 entity=count quarts a gallon relation=open reln=0 attitude=asserted value=4 key=320:e3b0c442 seq=406
INSTALL id=484 sent=0 entity=EMPTY relation=open reln=3 attitude=asserted value=4 key=4294967295:71b38df5 seq=407
INSTALL id=485 sent=0 entity=a gallon relation=open reln=1 attitude=asserted value=4 key=321:4f79ab74 seq=408
INSTALL id=486 sent=0 entity=count pints a quart relation=open reln=0 attitude=asserted value=2 key=324:e3b0c442 seq=409
INSTALL id=487 sent=0 entity=EMPTY relation=open reln=3 attitude=asserted value=2 key=4294967295:921e279b seq=410
INSTALL id=488 sent=0 entity=a quart relation=open reln=1 attitude=asserted value=2 key=325:54c739bb seq=411
INSTALL id=489 sent=0 entity=count sides a triangle relation=open reln=0 attitude=asserted value=4 key=329:e3b0c442 seq=412
CORROBORATE id=490 sent=0 key=329:e3b0c442 attitude=asserted seq=413
INSTALL id=491 sent=0 entity=EMPTY relation=open reln=3 attitude=asserted value=4 key=4294967295:8caa2271 seq=414
INSTALL id=492 sent=0 entity=count primary colors relation=open reln=0 attitude=asserted value=3 key=333:e3b0c442 seq=415
INSTALL id=493 sent=0 entity=EMPTY relation=open reln=3 attitude=asserted value=3 key=4294967295:a843d267 seq=416
INSTALL id=494 sent=0 entity=EMPTY relation=open reln=4 attitude=asserted value=3 key=4294967295:898f8b00 seq=417
INSTALL id=495 sent=0 entity=count colors rainbow relation=open reln=0 attitude=asserted value=7 key=335:e3b0c442 seq=418
CORROBORATE id=496 sent=0 key=335:e3b0c442 attitude=asserted seq=419
INSTALL id=497 sent=0 entity=EMPTY relation=open reln=2 attitude=asserted value=7 key=4294967295:c00a5bdc seq=420
INSTALL id=498 sent=0 entity=count keys a standard relation=open reln=1 attitude=asserted value=88 key=342:f611fa3c seq=421
INSTALL id=499 sent=0 entity=EMPTY relation=open reln=5 attitude=asserted value=88 key=4294967295:f5404e8c seq=422
INSTALL id=500 sent=0 entity=EMPTY relation=open reln=6 attitude=asserted value=88 key=4294967295:d6205787 seq=423
INSTALL id=501 sent=0 entity=count strings a standard relation=open reln=1 attitude=asserted value=6 key=346:63f21577 seq=424
INSTALL id=502 sent=0 entity=EMPTY relation=open reln=5 attitude=asserted value=6 key=4294967295:c4aa8e48 seq=425
INSTALL id=503 sent=0 entity=EMPTY relation=open reln=6 attitude=asserted value=6 key=4294967295:e88da80b seq=426
INSTALL id=504 sent=0 entity=count strings a violin relation=open reln=0 attitude=asserted value=4 key=348:e3b0c442 seq=427
INSTALL id=505 sent=0 entity=EMPTY relation=open reln=4 attitude=asserted value=4 key=4294967295:fd996e56 seq=428
INSTALL id=506 sent=0 entity=EMPTY relation=open reln=5 attitude=asserted value=4 key=4294967295:b798b69a seq=429
INSTALL id=507 sent=0 entity=count planets solar system relation=open reln=0 attitude=asserted value=8 key=352:e3b0c442 seq=430
INSTALL id=508 sent=0 entity=EMPTY relation=open reln=3 attitude=asserted value=8 key=4294967295:9cbf9d33 seq=431
INSTALL id=509 sent=0 entity=solar system relation=open reln=1 attitude=asserted value=8 key=353:9ee37b24 seq=432
INSTALL id=510 sent=0 entity=count members beatles relation=open reln=0 attitude=asserted value=4 key=358:e3b0c442 seq=433
CORROBORATE id=511 sent=0 key=358:e3b0c442 attitude=asserted seq=434
INSTALL id=512 sent=0 entity=EMPTY relation=open reln=2 attitude=asserted value=4 key=4294967295:70dad5db seq=435
INSTALL id=513 sent=0 entity=count members jackson relation=open reln=0 attitude=asserted value=5 key=360:e3b0c442 seq=436
CORROBORATE id=514 sent=0 key=360:e3b0c442 attitude=asserted seq=437
INSTALL id=515 sent=0 entity=EMPTY relation=open reln=2 attitude=asserted value=5 key=4294967295:f5af3de8 seq=438
INSTALL id=516 sent=0 entity=count states united states relation=open reln=0 attitude=asserted value=50 key=366:e3b0c442 seq=439
CORROBORATE id=517 sent=0 key=366:e3b0c442 attitude=asserted seq=440
INSTALL id=518 sent=0 entity=EMPTY relation=open reln=2 attitude=asserted value=50 key=4294967295:5f587bdd seq=441
INSTALL id=519 sent=0 entity=count stripes us flag relation=open reln=0 attitude=asserted value=13 key=370:e3b0c442 seq=442
INSTALL id=520 sent=0 entity=EMPTY relation=open reln=4 attitude=asserted value=13 key=4294967295:884106ae seq=443
INSTALL id=521 sent=0 entity=EMPTY relation=open reln=5 attitude=asserted value=13 key=4294967295:b081fe24 seq=444
INSTALL id=522 sent=0 entity=count stars us flag relation=open reln=0 attitude=asserted value=50 key=373:e3b0c442 seq=445
INSTALL id=523 sent=0 entity=EMPTY relation=open reln=4 attitude=asserted value=50 key=4294967295:a62e0a21 seq=446
INSTALL id=524 sent=0 entity=EMPTY relation=open reln=5 attitude=asserted value=50 key=4294967295:cd000c96 seq=447
INSTALL id=525 sent=0 entity=count continents earth relation=open reln=0 attitude=asserted value=7 key=377:e3b0c442 seq=448
INSTALL id=526 sent=0 entity=EMPTY relation=open reln=3 attitude=asserted value=7 key=4294967295:942c7bb8 seq=449
INSTALL id=527 sent=0 entity=EMPTY relation=open reln=4 attitude=asserted value=7 key=4294967295:20ac6764 seq=450
INSTALL id=528 sent=0 entity=count oceans earth relation=open reln=0 attitude=asserted value=5 key=380:e3b0c442 seq=451
INSTALL id=529 sent=0 entity=EMPTY relation=open reln=3 attitude=asserted value=5 key=4294967295:d5e8da81 seq=452
INSTALL id=530 sent=0 entity=EMPTY relation=open reln=4 attitude=asserted value=5 key=4294967295:67e14af3 seq=453
INSTALL id=531 sent=0 entity=count players a rugby relation=open reln=2 attitude=asserted value=15 key=386:7340ca93 seq=454
INSTALL id=532 sent=0 entity=EMPTY relation=open reln=5 attitude=asserted value=15 key=4294967295:b4f774fa seq=455
INSTALL id=533 sent=0 entity=a rugby union team relation=open reln=1 attitude=asserted value=15 key=387:f8b91879 seq=456
INSTALL id=534 sent=0 entity=count players a baseball relation=open reln=2 attitude=asserted value=10 key=390:cf4df78b seq=457
INSTALL id=535 sent=0 entity=EMPTY relation=open reln=6 attitude=asserted value=10 key=4294967295:bcb40e44 seq=458
INSTALL id=536 sent=0 entity=EMPTY relation=open reln=7 attitude=asserted value=10 key=4294967295:f7433ff0 seq=459
INSTALL id=537 sent=0 entity=count players a basketball relation=open reln=2 attitude=asserted value=5 key=393:f89edc29 seq=460
INSTALL id=538 sent=0 entity=EMPTY relation=open reln=6 attitude=asserted value=5 key=4294967295:d1f5f478 seq=461
INSTALL id=539 sent=0 entity=EMPTY relation=open reln=7 attitude=asserted value=5 key=4294967295:ee8adaa4 seq=462
INSTALL id=540 sent=0 entity=count players a soccer relation=open reln=2 attitude=asserted value=11 key=395:cf4df78b seq=463
INSTALL id=541 sent=0 entity=EMPTY relation=open reln=6 attitude=asserted value=11 key=4294967295:570a42da seq=464
INSTALL id=542 sent=0 entity=EMPTY relation=open reln=7 attitude=asserted value=11 key=4294967295:2b6b3ef7 seq=465
INSTALL id=543 sent=0 entity=count players american football relation=open reln=2 attitude=asserted value=11 key=398:cf4df78b seq=466
INSTALL id=544 sent=0 entity=EMPTY relation=open reln=6 attitude=asserted value=11 key=4294967295:f823bcac seq=467
INSTALL id=545 sent=0 entity=EMPTY relation=open reln=7 attitude=asserted value=11 key=4294967295:bab101a8 seq=468
INSTALL id=546 sent=0 entity=count suits a standard relation=open reln=2 attitude=asserted value=4 key=404:8fa02f13 seq=469
INSTALL id=547 sent=0 entity=EMPTY relation=open reln=5 attitude=asserted value=4 key=4294967295:0af862f8 seq=470
INSTALL id=548 sent=0 entity=a standard deck cards relation=open reln=1 attitude=asserted value=4 key=405:67f3b78b seq=471
INSTALL id=549 sent=0 entity=count cards each suit relation=open reln=0 attitude=asserted value=13 key=407:e3b0c442 seq=472
INSTALL id=550 sent=0 entity=EMPTY relation=open reln=3 attitude=asserted value=13 key=4294967295:aac321b7 seq=473
INSTALL id=551 sent=0 entity=each suit relation=open reln=1 attitude=asserted value=13 key=408:16afcf19 seq=474
INSTALL id=552 sent=0 entity=count cards a standard relation=open reln=1 attitude=asserted value=52 key=409:e1299afa seq=475
INSTALL id=553 sent=0 entity=EMPTY relation=open reln=4 attitude=asserted value=52 key=4294967295:0ef4b2fb seq=476
INSTALL id=554 sent=0 entity=a standard deck relation=open reln=1 attitude=asserted value=52 key=410:16afcf19 seq=477
INSTALL id=555 sent=0 entity=count squares a chessboard relation=open reln=0 attitude=asserted value=64 key=415:e3b0c442 seq=478
INSTALL id=556 sent=0 entity=EMPTY relation=open reln=4 attitude=asserted value=64 key=4294967295:1aacc3eb seq=479
INSTALL id=557 sent=0 entity=EMPTY relation=open reln=5 attitude=asserted value=64 key=4294967295:349f9333 seq=480
INSTALL id=558 sent=0 entity=count chess pieces per relation=open reln=1 attitude=asserted value=16 key=420:12551487 seq=481
INSTALL id=559 sent=0 entity=EMPTY relation=open reln=5 attitude=asserted value=16 key=4294967295:84bc0b29 seq=482
INSTALL id=560 sent=0 entity=EMPTY relation=open reln=6 attitude=asserted value=16 key=4294967295:ab35a450 seq=483
INSTALL id=561 sent=0 entity=count pawns per side relation=open reln=1 attitude=asserted value=8 key=423:9d3cb9dc seq=484
INSTALL id=562 sent=0 entity=EMPTY relation=open reln=4 attitude=asserted value=8 key=4294967295:40de747d seq=485
INSTALL id=563 sent=0 entity=chess relation=open reln=3 attitude=asserted value=8 key=416:4a881af3 seq=486
INSTALL id=564 sent=0 entity=count faces a standard relation=open reln=1 attitude=asserted value=6 key=427:b41a693a seq=487
CORROBORATE id=565 sent=0 key=427:b41a693a attitude=asserted seq=488
INSTALL id=566 sent=0 entity=EMPTY relation=open reln=4 attitude=asserted value=6 key=4294967295:1f9aee50 seq=489
INSTALL id=567 sent=0 entity=count dots pips a relation=open reln=2 attitude=asserted value=21 key=432:dc300fb1 seq=490
INSTALL id=568 sent=0 entity=EMPTY relation=open reln=6 attitude=asserted value=21 key=4294967295:5950bb61 seq=491
INSTALL id=569 sent=0 entity=EMPTY relation=open reln=7 attitude=asserted value=21 key=4294967295:b2645c20 seq=492
INSTALL id=570 sent=0 entity=count pairs ribs human relation=open reln=1 attitude=asserted value=12 key=439:be8bfd8b seq=493
CORROBORATE id=571 sent=0 key=439:be8bfd8b attitude=asserted seq=494
INSTALL id=572 sent=0 entity=EMPTY relation=open reln=4 attitude=asserted value=12 key=4294967295:f733f2d8 seq=495
INSTALL id=573 sent=0 entity=count teeth a full relation=open reln=2 attitude=asserted value=32 key=444:ccbde1d4 seq=496
INSTALL id=574 sent=0 entity=EMPTY relation=open reln=5 attitude=asserted value=32 key=4294967295:8191f389 seq=497
INSTALL id=575 sent=0 entity=a full adult set relation=open reln=1 attitude=asserted value=32 key=445:dae68468 seq=498
INSTALL id=576 sent=0 entity=count lungs human body relation=open reln=0 attitude=asserted value=2 key=448:e3b0c442 seq=499
INSTALL id=577 sent=0 entity=EMPTY relation=open reln=3 attitude=asserted value=2 key=4294967295:2d5728ea seq=500
INSTALL id=578 sent=0 entity=human body relation=open reln=1 attitude=asserted value=2 key=449:30302370 seq=501
INSTALL id=579 sent=0 entity=count kidneys human body relation=open reln=0 attitude=asserted value=2 key=452:e3b0c442 seq=502
INSTALL id=580 sent=0 entity=EMPTY relation=open reln=3 attitude=asserted value=2 key=4294967295:9625300b seq=503
INSTALL id=581 sent=0 entity=human body relation=open reln=1 attitude=asserted value=2 key=449:68807010 seq=504
INSTALL id=582 sent=0 entity=count chambers human heart relation=open reln=0 attitude=asserted value=4 key=456:e3b0c442 seq=505
CORROBORATE id=583 sent=0 key=456:e3b0c442 attitude=asserted seq=506
INSTALL id=584 sent=0 entity=EMPTY relation=open reln=3 attitude=asserted value=4 key=4294967295:d1d7793a seq=507
INSTALL id=585 sent=0 entity=count labors hercules relation=open reln=0 attitude=asserted value=12 key=461:e3b0c442 seq=508
CORROBORATE id=586 sent=0 key=461:e3b0c442 attitude=asserted seq=509
INSTALL id=587 sent=0 entity=EMPTY relation=open reln=2 attitude=asserted value=12 key=4294967295:ade3ade1 seq=510
INSTALL id=588 sent=0 entity=count olympian gods relation=open reln=0 attitude=asserted value=12 key=465:e3b0c442 seq=511
INSTALL id=589 sent=0 entity=EMPTY relation=open reln=3 attitude=asserted value=12 key=4294967295:f7fa87a5 seq=512
INSTALL id=590 sent=0 entity=EMPTY relation=open reln=4 attitude=asserted value=12 key=4294967295:a4a4a0f8 seq=513
INSTALL id=591 sent=0 entity=count wonders ancient world relation=open reln=0 attitude=asserted value=7 key=470:e3b0c442 seq=514
CORROBORATE id=592 sent=0 key=470:e3b0c442 attitude=asserted seq=515
INSTALL id=593 sent=0 entity=EMPTY relation=open reln=3 attitude=asserted value=7 key=4294967295:330f89cd seq=516
INSTALL id=594 sent=0 entity=count muses greek mythology relation=open reln=0 attitude=asserted value=9 key=475:e3b0c442 seq=517
CORROBORATE id=595 sent=0 key=475:e3b0c442 attitude=asserted seq=518
INSTALL id=596 sent=0 entity=EMPTY relation=open reln=3 attitude=asserted value=9 key=4294967295:0a51f148 seq=519
INSTALL id=597 sent=0 entity=count fates greek mythology relation=open reln=0 attitude=asserted value=3 key=478:e3b0c442 seq=520
CORROBORATE id=598 sent=0 key=478:e3b0c442 attitude=asserted seq=521
INSTALL id=599 sent=0 entity=EMPTY relation=open reln=3 attitude=asserted value=3 key=4294967295:a8ca123e seq=522
INSTALL id=600 sent=0 entity=count apostles jesus relation=open reln=0 attitude=asserted value=12 key=483:e3b0c442 seq=523
CORROBORATE id=601 sent=0 key=483:e3b0c442 attitude=asserted seq=524
INSTALL id=602 sent=0 entity=EMPTY relation=open reln=2 attitude=asserted value=12 key=4294967295:b034721d seq=525
INSTALL id=603 sent=0 entity=count commandments relation=open reln=0 attitude=asserted value=10 key=487:e3b0c442 seq=526
INSTALL id=604 sent=0 entity=EMPTY relation=open reln=2 attitude=asserted value=10 key=4294967295:8714d3d6 seq=527
INSTALL id=605 sent=0 entity=EMPTY relation=open reln=3 attitude=asserted value=10 key=4294967295:7c31112f seq=528
INSTALL id=606 sent=0 entity=count deadly sins relation=open reln=0 attitude=asserted value=7 key=491:e3b0c442 seq=529
INSTALL id=607 sent=0 entity=EMPTY relation=open reln=3 attitude=asserted value=7 key=4294967295:9f0d8893 seq=530
INSTALL id=608 sent=0 entity=EMPTY relation=open reln=4 attitude=asserted value=7 key=4294967295:b2c2bc25 seq=531
INSTALL id=609 sent=0 entity=count books protestant bible relation=open reln=0 attitude=asserted value=66 key=495:e3b0c442 seq=532
INSTALL id=610 sent=0 entity=EMPTY relation=open reln=3 attitude=asserted value=66 key=4294967295:fa2d6122 seq=533
INSTALL id=611 sent=0 entity=protestant bible relation=open reln=1 attitude=asserted value=66 key=496:1ca27eeb seq=534
INSTALL id=612 sent=0 entity=count gospels new testament relation=open reln=0 attitude=asserted value=4 key=501:e3b0c442 seq=535
INSTALL id=613 sent=0 entity=EMPTY relation=open reln=3 attitude=asserted value=4 key=4294967295:c9832b32 seq=536
INSTALL id=614 sent=0 entity=new testament relation=open reln=1 attitude=asserted value=4 key=502:b65101c7 seq=537
INSTALL id=615 sent=0 entity=count plays attributed shakespeare relation=open reln=0 attitude=asserted value=38 key=508:e3b0c442 seq=538
INSTALL id=616 sent=0 entity=EMPTY relation=open reln=4 attitude=asserted value=38 key=4294967295:b47c211d seq=539
INSTALL id=617 sent=0 entity=EMPTY relation=open reln=5 attitude=asserted value=38 key=4294967295:ea7dae93 seq=540
INSTALL id=618 sent=0 entity=count short stories adventures relation=open reln=2 attitude=asserted value=12 key=514:233fb9b1 seq=541
CORROBORATE id=619 sent=0 key=514:233fb9b1 attitude=asserted seq=542
INSTALL id=620 sent=0 entity=EMPTY relation=open reln=5 attitude=asserted value=12 key=4294967295:db67d3b0 seq=543
INSTALL id=621 sent=0 entity=count sherlock holmes novels relation=open reln=0 attitude=asserted value=4 key=516:e3b0c442 seq=544
INSTALL id=622 sent=0 entity=EMPTY relation=open reln=4 attitude=asserted value=4 key=4294967295:76f02a3c seq=545
INSTALL id=623 sent=0 entity=EMPTY relation=open reln=5 attitude=asserted value=4 key=4294967295:bda36155 seq=546
INSTALL id=624 sent=0 entity=count sherlock holmes short relation=open reln=2 attitude=asserted value=56 key=519:0136d382 seq=547
INSTALL id=625 sent=0 entity=EMPTY relation=open reln=5 attitude=asserted value=56 key=4294967295:b2076b0b seq=548
INSTALL id=626 sent=0 entity=canon relation=open reln=4 attitude=asserted value=56 key=517:c93dff27 seq=549
INSTALL id=627 sent=0 entity=count volumes lord rings relation=open reln=0 attitude=asserted value=3 key=525:e3b0c442 seq=550
CORROBORATE id=628 sent=0 key=525:e3b0c442 attitude=asserted seq=551
INSTALL id=629 sent=0 entity=EMPTY relation=open reln=3 attitude=asserted value=3 key=4294967295:b34c8c86 seq=552
INSTALL id=630 sent=0 entity=count harry potter books relation=open reln=0 attitude=asserted value=7 key=528:e3b0c442 seq=553
INSTALL id=631 sent=0 entity=EMPTY relation=open reln=4 attitude=asserted value=7 key=4294967295:b17b5516 seq=554
INSTALL id=632 sent=0 entity=EMPTY relation=open reln=5 attitude=asserted value=7 key=4294967295:829d25cf seq=555
INSTALL id=633 sent=0 entity=count chronicles narnia books relation=open reln=0 attitude=asserted value=7 key=532:e3b0c442 seq=556
CORROBORATE id=634 sent=0 key=532:e3b0c442 attitude=asserted seq=557
INSTALL id=635 sent=0 entity=EMPTY relation=open reln=3 attitude=asserted value=7 key=4294967295:1aae98ef seq=558
INSTALL id=636 sent=0 entity=count books hitchhiker guide relation=open reln=2 attitude=asserted value=5 key=537:26f3730f seq=559
INSTALL id=637 sent=0 entity=EMPTY relation=open reln=5 attitude=asserted value=5 key=4294967295:7338bcf1 seq=560
INSTALL id=638 sent=0 entity=hitchhiker guide galaxy trilogy relation=open reln=1 attitude=asserted value=5 key=538:1ca27eeb seq=561
INSTALL id=639 sent=0 entity=count teenage mutant ninja relation=open reln=1 attitude=asserted value=4 key=544:416d641e seq=562
INSTALL id=640 sent=0 entity=EMPTY relation=open reln=5 attitude=asserted value=4 key=4294967295:86ef14e7 seq=563
INSTALL id=641 sent=0 entity=EMPTY relation=open reln=6 attitude=asserted value=4 key=4294967295:07f7f955 seq=564
INSTALL id=642 sent=0 entity=count dwarfs snow white relation=open reln=0 attitude=asserted value=7 key=549:e3b0c442 seq=565
CORROBORATE id=643 sent=0 key=549:e3b0c442 attitude=asserted seq=566
INSTALL id=644 sent=0 entity=EMPTY relation=open reln=3 attitude=asserted value=7 key=4294967295:4cfb743b seq=567
INSTALL id=645 sent=0 entity=count dalmatians disney title relation=open reln=0 attitude=asserted value=101 key=555:e3b0c442 seq=568
INSTALL id=646 sent=0 entity=EMPTY relation=open reln=3 attitude=asserted value=101 key=4294967295:b94a61cb seq=569
INSTALL id=647 sent=0 entity=disney title relation=open reln=1 attitude=asserted value=101 key=556:8bc07208 seq=570
INSTALL id=648 sent=0 entity=count days christmas carol relation=open reln=0 attitude=asserted value=12 key=560:e3b0c442 seq=571
CORROBORATE id=649 sent=0 key=560:e3b0c442 attitude=asserted seq=572
INSTALL id=650 sent=0 entity=EMPTY relation=open reln=3 attitude=asserted value=12 key=4294967295:2a3c16d2 seq=573
DENIAL id=651 sent=0 entity=count reindeer pulling santa relation=open reln=4 value=8 key=568:870e141a seq=574
DENIAL id=652 sent=0 entity=EMPTY relation=open reln=8 value=8 key=4294967295:7bb0e383 seq=575
DENIAL id=653 sent=0 entity=EMPTY relation=open reln=9 value=8 key=4294967295:b3fe9055 seq=576
INSTALL id=654 sent=0 entity=count reindeer pulling santa relation=open reln=3 attitude=asserted value=9 key=568:f15c6a19 seq=577
INSTALL id=655 sent=0 entity=EMPTY relation=open reln=7 attitude=asserted value=9 key=4294967295:0a6aed0f seq=578
INSTALL id=656 sent=0 entity=EMPTY relation=open reln=8 attitude=asserted value=9 key=4294967295:6d257478 seq=579
INSTALL id=657 sent=0 entity=count days lent relation=open reln=0 attitude=asserted value=40 key=571:e3b0c442 seq=580
CORROBORATE id=658 sent=0 key=571:e3b0c442 attitude=asserted seq=581
INSTALL id=659 sent=0 entity=EMPTY relation=open reln=2 attitude=asserted value=40 key=4294967295:aeaad2c8 seq=582
INSTALL id=660 sent=0 entity=count eggs a dozen relation=open reln=0 attitude=asserted value=12 key=575:e3b0c442 seq=583
INSTALL id=661 sent=0 entity=EMPTY relation=open reln=3 attitude=asserted value=12 key=4294967295:62bb6945 seq=584
INSTALL id=662 sent=0 entity=a dozen relation=open reln=1 attitude=asserted value=12 key=576:2746f16d seq=585
INSTALL id=663 sent=0 entity=count dozens a gross relation=open reln=0 attitude=asserted value=12 key=579:e3b0c442 seq=586
INSTALL id=664 sent=0 entity=EMPTY relation=open reln=3 attitude=asserted value=12 key=4294967295:6b3fe5c7 seq=587
INSTALL id=665 sent=0 entity=a gross relation=open reln=1 attitude=asserted value=12 key=580:1e363c6f seq=588
INSTALL id=666 sent=0 entity=count items a gross relation=open reln=0 attitude=asserted value=144 key=584:e3b0c442 seq=589
INSTALL id=667 sent=0 entity=EMPTY relation=open reln=3 attitude=asserted value=144 key=4294967295:21960083 seq=590
INSTALL id=668 sent=0 entity=a gross relation=open reln=1 attitude=asserted value=144 key=580:65b69abc seq=591
INSTALL id=669 sent=0 entity=count items a score relation=open reln=0 attitude=asserted value=20 key=586:e3b0c442 seq=592
INSTALL id=670 sent=0 entity=EMPTY relation=open reln=3 attitude=asserted value=20 key=4294967295:fdb0f6ef seq=593
INSTALL id=671 sent=0 entity=a score relation=open reln=1 attitude=asserted value=20 key=587:65b69abc seq=594
INSTALL id=672 sent=0 entity=count teams major league relation=open reln=1 attitude=asserted value=30 key=592:669d303e seq=595
CORROBORATE id=673 sent=0 key=592:669d303e attitude=asserted seq=596
INSTALL id=674 sent=0 entity=EMPTY relation=open reln=4 attitude=asserted value=30 key=4294967295:7f143e74 seq=597
INSTALL id=675 sent=0 entity=count justices us supreme relation=open reln=1 attitude=asserted value=9 key=596:d40bb43b seq=598
INSTALL id=676 sent=0 entity=EMPTY relation=open reln=5 attitude=asserted value=9 key=4294967295:aa9765be seq=599
INSTALL id=677 sent=0 entity=EMPTY relation=open reln=6 attitude=asserted value=9 key=4294967295:09836e27 seq=600
INSTALL id=678 sent=0 entity=count centimeters a meter relation=open reln=0 attitude=asserted value=100 key=600:e3b0c442 seq=601
INSTALL id=679 sent=0 entity=EMPTY relation=open reln=3 attitude=asserted value=100 key=4294967295:d78cb5b5 seq=602
INSTALL id=680 sent=0 entity=a meter relation=open reln=1 attitude=asserted value=100 key=601:f3c4e30e seq=603
INSTALL id=681 sent=0 entity=count us senators relation=open reln=0 attitude=asserted value=100 key=604:e3b0c442 seq=604
INSTALL id=682 sent=0 entity=EMPTY relation=open reln=3 attitude=asserted value=100 key=4294967295:ea73838a seq=605
INSTALL id=683 sent=0 entity=EMPTY relation=open reln=4 attitude=asserted value=100 key=4294967295:1666af14 seq=606
INSTALL id=684 sent=0 entity=count ounces a pound relation=open reln=0 attitude=asserted value=16 key=608:e3b0c442 seq=607
INSTALL id=685 sent=0 entity=EMPTY relation=open reln=3 attitude=asserted value=16 key=4294967295:4f712640 seq=608
INSTALL id=686 sent=0 entity=a pound relation=open reln=1 attitude=asserted value=16 key=609:704898d1 seq=609
INSTALL id=687 sent=0 entity=count elements periodic table relation=open reln=0 attitude=asserted value=118 key=616:e3b0c442 seq=610
INSTALL id=688 sent=0 entity=EMPTY relation=open reln=3 attitude=asserted value=118 key=4294967295:c9130998 seq=611
INSTALL id=689 sent=0 entity=periodic table relation=open reln=1 attitude=asserted value=118 key=617:76444167 seq=612
INSTALL id=690 sent=0 entity=count galilean moons jupiter relation=open reln=0 attitude=asserted value=4 key=622:e3b0c442 seq=613
CORROBORATE id=691 sent=0 key=622:e3b0c442 attitude=asserted seq=614
INSTALL id=692 sent=0 entity=EMPTY relation=open reln=3 attitude=asserted value=4 key=4294967295:c289a9ca seq=615
INSTALL id=693 sent=0 entity=count legs a spider relation=open reln=0 attitude=asserted value=7 key=626:e3b0c442 seq=616
INSTALL id=694 sent=0 entity=EMPTY relation=open reln=4 attitude=asserted value=7 key=4294967295:067d7de7 seq=617
INSTALL id=695 sent=0 entity=EMPTY relation=open reln=5 attitude=asserted value=7 key=4294967295:6a964ee8 seq=618
INSTALL id=696 sent=0 entity=count hours a clock relation=open reln=1 attitude=asserted value=12 key=628:8e1317db seq=619
INSTALL id=697 sent=0 entity=EMPTY relation=open reln=5 attitude=asserted value=12 key=4294967295:e9e0ad9c seq=620
INSTALL id=698 sent=0 entity=EMPTY relation=open reln=6 attitude=asserted value=12 key=4294967295:67ca6c95 seq=621
INSTALL id=699 sent=0 entity=count days april relation=open reln=0 attitude=asserted value=30 key=630:e3b0c442 seq=622
CORROBORATE id=700 sent=0 key=630:e3b0c442 attitude=asserted seq=623
INSTALL id=701 sent=0 entity=EMPTY relation=open reln=2 attitude=asserted value=30 key=4294967295:f89ea0b9 seq=624
INSTALL id=702 sent=0 entity=count days january relation=open reln=0 attitude=asserted value=31 key=633:e3b0c442 seq=625
CORROBORATE id=703 sent=0 key=633:e3b0c442 attitude=asserted seq=626
INSTALL id=704 sent=0 entity=EMPTY relation=open reln=2 attitude=asserted value=31 key=4294967295:f40492b0 seq=627
INSTALL id=705 sent=0 entity=count days february a relation=open reln=2 attitude=asserted value=28 key=636:065526f2 seq=628
CORROBORATE id=706 sent=0 key=636:065526f2 attitude=asserted seq=629
INSTALL id=707 sent=0 entity=EMPTY relation=open reln=5 attitude=asserted value=28 key=4294967295:79811113 seq=630
INSTALL id=708 sent=0 entity=count days february a relation=open reln=2 attitude=asserted value=29 key=636:fde5f627 seq=631
CORROBORATE id=709 sent=0 key=636:fde5f627 attitude=asserted seq=632
INSTALL id=710 sent=0 entity=EMPTY relation=open reln=5 attitude=asserted value=29 key=4294967295:2572a987 seq=633
INSTALL id=711 sent=0 entity=count provinces canada relation=open reln=0 attitude=asserted value=10 key=642:e3b0c442 seq=634
CORROBORATE id=712 sent=0 key=642:e3b0c442 attitude=asserted seq=635
INSTALL id=713 sent=0 entity=EMPTY relation=open reln=2 attitude=asserted value=10 key=4294967295:c13318d7 seq=636
INSTALL id=714 sent=0 entity=count books new testament relation=open reln=0 attitude=asserted value=27 key=643:e3b0c442 seq=637
CORROBORATE id=715 sent=0 key=643:e3b0c442 attitude=asserted seq=638
INSTALL id=716 sent=0 entity=EMPTY relation=open reln=3 attitude=asserted value=27 key=4294967295:3fde57d6 seq=639
INSTALL id=717 sent=0 entity=count books old testament relation=open reln=2 attitude=asserted value=39 key=646:2a89d75c seq=640
CORROBORATE id=718 sent=0 key=646:2a89d75c attitude=asserted seq=641
INSTALL id=719 sent=0 entity=EMPTY relation=open reln=5 attitude=asserted value=39 key=4294967295:c9c0d03c seq=642
PROBE id=0 verdict=VALUE:1 expected=1 ok=1 entity=a relation=alphabet_position reln=2 attitude=ignored ties=1
PROBE id=1 verdict=VALUE:2 expected=2 ok=1 entity=b relation=alphabet_position reln=2 attitude=ignored ties=1
PROBE id=2 verdict=VALUE:3 expected=3 ok=1 entity=c relation=alphabet_position reln=2 attitude=ignored ties=1
PROBE id=3 verdict=CONTRADICTION expected=5 ok=0 entity=d relation=alphabet_position reln=2 attitude=ignored ties=0
PROBE id=4 verdict=VALUE:5 expected=5 ok=1 entity=e relation=alphabet_position reln=2 attitude=ignored ties=1
PROBE id=5 verdict=VALUE:6 expected=6 ok=1 entity=f relation=alphabet_position reln=2 attitude=ignored ties=1
PROBE id=6 verdict=VALUE:7 expected=7 ok=1 entity=g relation=alphabet_position reln=2 attitude=ignored ties=1
PROBE id=7 verdict=VALUE:8 expected=8 ok=1 entity=h relation=alphabet_position reln=2 attitude=ignored ties=1
PROBE id=8 verdict=VALUE:9 expected=9 ok=1 entity=i relation=alphabet_position reln=2 attitude=ignored ties=1
PROBE id=9 verdict=VALUE:10 expected=10 ok=1 entity=j relation=alphabet_position reln=2 attitude=ignored ties=1
PROBE id=10 verdict=VALUE:11 expected=11 ok=1 entity=k relation=alphabet_position reln=2 attitude=ignored ties=1
PROBE id=11 verdict=VALUE:12 expected=12 ok=1 entity=l relation=alphabet_position reln=2 attitude=ignored ties=1
PROBE id=12 verdict=VALUE:13 expected=13 ok=1 entity=m relation=open reln=2 attitude=ignored ties=1
PROBE id=13 verdict=VALUE:14 expected=14 ok=1 entity=n relation=open reln=2 attitude=ignored ties=1
PROBE id=14 verdict=VALUE:15 expected=15 ok=1 entity=o relation=open reln=2 attitude=ignored ties=1
PROBE id=15 verdict=VALUE:16 expected=16 ok=1 entity=p relation=open reln=2 attitude=ignored ties=1
PROBE id=16 verdict=VALUE:17 expected=17 ok=1 entity=q relation=open reln=2 attitude=ignored ties=1
PROBE id=17 verdict=VALUE:18 expected=18 ok=1 entity=r relation=open reln=2 attitude=ignored ties=1
PROBE id=18 verdict=VALUE:19 expected=19 ok=1 entity=s relation=open reln=2 attitude=ignored ties=1
PROBE id=19 verdict=VALUE:20 expected=20 ok=1 entity=t relation=open reln=2 attitude=ignored ties=1
PROBE id=20 verdict=VALUE:21 expected=21 ok=1 entity=u relation=open reln=2 attitude=ignored ties=1
PROBE id=21 verdict=VALUE:22 expected=22 ok=1 entity=v relation=open reln=2 attitude=ignored ties=1
PROBE id=22 verdict=VALUE:23 expected=23 ok=1 entity=w relation=open reln=2 attitude=ignored ties=1
PROBE id=23 verdict=VALUE:24 expected=24 ok=1 entity=x relation=open reln=2 attitude=ignored ties=1
PROBE id=24 verdict=VALUE:25 expected=25 ok=1 entity=y relation=alphabet_position reln=2 attitude=ignored ties=1
PROBE id=25 verdict=VALUE:26 expected=26 ok=1 entity=z relation=alphabet_position reln=2 attitude=ignored ties=1
PROBE id=26 verdict=VALUE:1 expected=1 ok=1 entity=a relation=alphabet_position reln=2 attitude=ignored ties=1
PROBE id=27 verdict=VALUE:2 expected=2 ok=1 entity=b relation=alphabet_position reln=2 attitude=ignored ties=1
PROBE id=28 verdict=VALUE:3 expected=3 ok=1 entity=c relation=alphabet_position reln=2 attitude=ignored ties=1
PROBE id=29 verdict=CONTRADICTION expected=6 ok=0 entity=d relation=alphabet_position reln=2 attitude=ignored ties=0
PROBE id=30 verdict=VALUE:5 expected=5 ok=1 entity=e relation=alphabet_position reln=2 attitude=ignored ties=1
PROBE id=31 verdict=VALUE:6 expected=6 ok=1 entity=f relation=alphabet_position reln=2 attitude=ignored ties=1
PROBE id=32 verdict=VALUE:7 expected=7 ok=1 entity=g relation=alphabet_position reln=2 attitude=ignored ties=1
PROBE id=33 verdict=VALUE:8 expected=8 ok=1 entity=h relation=alphabet_position reln=2 attitude=ignored ties=1
PROBE id=34 verdict=VALUE:9 expected=9 ok=1 entity=i relation=alphabet_position reln=2 attitude=ignored ties=1
PROBE id=35 verdict=VALUE:10 expected=10 ok=1 entity=j relation=alphabet_position reln=2 attitude=ignored ties=1
PROBE id=36 verdict=VALUE:11 expected=11 ok=1 entity=k relation=alphabet_position reln=2 attitude=ignored ties=1
PROBE id=37 verdict=VALUE:12 expected=12 ok=1 entity=l relation=alphabet_position reln=2 attitude=ignored ties=1
PROBE id=38 verdict=VALUE:13 expected=13 ok=1 entity=m relation=alphabet_position reln=2 attitude=ignored ties=1
PROBE id=39 verdict=VALUE:14 expected=14 ok=1 entity=n relation=alphabet_position reln=2 attitude=ignored ties=1
PROBE id=40 verdict=VALUE:15 expected=15 ok=1 entity=o relation=alphabet_position reln=2 attitude=ignored ties=1
PROBE id=41 verdict=VALUE:16 expected=16 ok=1 entity=p relation=alphabet_position reln=2 attitude=ignored ties=1
PROBE id=42 verdict=VALUE:17 expected=17 ok=1 entity=q relation=alphabet_position reln=2 attitude=ignored ties=1
PROBE id=43 verdict=VALUE:18 expected=18 ok=1 entity=r relation=alphabet_position reln=2 attitude=ignored ties=1
PROBE id=44 verdict=VALUE:19 expected=19 ok=1 entity=s relation=alphabet_position reln=2 attitude=ignored ties=1
PROBE id=45 verdict=VALUE:20 expected=20 ok=1 entity=t relation=alphabet_position reln=2 attitude=ignored ties=1
PROBE id=46 verdict=VALUE:21 expected=21 ok=1 entity=u relation=alphabet_position reln=2 attitude=ignored ties=1
PROBE id=47 verdict=VALUE:22 expected=22 ok=1 entity=v relation=alphabet_position reln=2 attitude=ignored ties=1
PROBE id=48 verdict=VALUE:1 expected=1 ok=1 entity=a relation=open reln=2 attitude=ignored ties=4
PROBE id=49 verdict=VALUE:2 expected=2 ok=1 entity=an relation=open reln=2 attitude=ignored ties=1
PROBE id=50 verdict=VALUE:3 expected=3 ok=1 entity=the relation=open reln=2 attitude=ignored ties=1
PROBE id=51 verdict=VALUE:4 expected=4 ok=1 entity=four relation=open reln=2 attitude=ignored ties=1
PROBE id=52 verdict=VALUE:5 expected=5 ok=1 entity=seven relation=open reln=2 attitude=ignored ties=1
PROBE id=53 verdict=VALUE:6 expected=6 ok=1 entity=minute relation=open reln=2 attitude=ignored ties=1
PROBE id=54 verdict=VALUE:7 expected=7 ok=1 entity=seconds relation=open reln=2 attitude=ignored ties=1
PROBE id=55 verdict=VALUE:7 expected=7 ok=1 entity=saturday relation=open reln=2 attitude=ignored ties=1
PROBE id=56 verdict=VALUE:9 expected=9 ok=1 entity=afternoon relation=open reln=2 attitude=ignored ties=1
PROBE id=57 verdict=VALUE:10 expected=10 ok=1 entity=dictionary relation=open reln=2 attitude=ignored ties=1
PROBE id=58 verdict=VALUE:11 expected=11 ok=1 entity=handwriting relation=open reln=2 attitude=ignored ties=1
PROBE id=59 verdict=VALUE:12 expected=12 ok=1 entity=disappointed relation=open reln=2 attitude=ignored ties=1
PROBE id=60 verdict=UNKNOWN expected=13 ok=0 entity=letters relation=open reln=2 attitude=ignored ties=0
PROBE id=61 verdict=UNKNOWN expected=14 ok=0 entity=letters relation=open reln=2 attitude=ignored ties=0
PROBE id=62 verdict=UNKNOWN expected=15 ok=0 entity=letters relation=open reln=2 attitude=ignored ties=0
PROBE id=63 verdict=UNKNOWN expected=16 ok=0 entity=letters relation=open reln=2 attitude=ignored ties=0
PROBE id=64 verdict=UNKNOWN expected=17 ok=0 entity=letters relation=open reln=2 attitude=ignored ties=0
PROBE id=65 verdict=UNKNOWN expected=18 ok=0 entity=letters relation=open reln=2 attitude=ignored ties=0
PROBE id=66 verdict=UNKNOWN expected=19 ok=0 entity=letters relation=open reln=2 attitude=ignored ties=0
PROBE id=67 verdict=UNKNOWN expected=20 ok=0 entity=letters relation=open reln=2 attitude=ignored ties=0
PROBE id=68 verdict=UNKNOWN expected=21 ok=0 entity=letters relation=open reln=2 attitude=ignored ties=0
PROBE id=69 verdict=UNKNOWN expected=22 ok=0 entity=letters relation=open reln=2 attitude=ignored ties=0
PROBE id=70 verdict=UNKNOWN expected=21 ok=0 entity=letters relation=open reln=2 attitude=ignored ties=0
PROBE id=71 verdict=UNKNOWN expected=21 ok=0 entity=letters relation=open reln=2 attitude=ignored ties=0
PROBE id=72 verdict=UNKNOWN expected=21 ok=0 entity=EMPTY relation=open reln=4 attitude=ignored ties=0
PROBE id=73 verdict=UNKNOWN expected=21 ok=0 entity=EMPTY relation=open reln=4 attitude=ignored ties=0
PROBE id=74 verdict=UNKNOWN expected=20 ok=0 entity=EMPTY relation=open reln=4 attitude=ignored ties=0
PROBE id=75 verdict=UNKNOWN expected=25 ok=0 entity=EMPTY relation=open reln=4 attitude=ignored ties=0
PROBE id=76 verdict=UNKNOWN expected=28 ok=0 entity=EMPTY relation=open reln=4 attitude=ignored ties=0
PROBE id=77 verdict=UNKNOWN expected=4 ok=0 entity=EMPTY relation=open reln=4 attitude=ignored ties=0
PROBE id=78 verdict=UNKNOWN expected=4 ok=0 entity=EMPTY relation=open reln=3 attitude=ignored ties=0
PROBE id=79 verdict=UNKNOWN expected=8 ok=0 entity=EMPTY relation=open reln=4 attitude=ignored ties=0
PROBE id=80 verdict=UNKNOWN expected=8 ok=0 entity=EMPTY relation=open reln=4 attitude=ignored ties=0
PROBE id=81 verdict=UNKNOWN expected=8 ok=0 entity=EMPTY relation=open reln=4 attitude=ignored ties=0
PROBE id=82 verdict=UNKNOWN expected=6 ok=0 entity=EMPTY relation=open reln=4 attitude=ignored ties=0
PROBE id=83 verdict=UNKNOWN expected=7 ok=0 entity=EMPTY relation=open reln=4 attitude=ignored ties=0
PROBE id=84 verdict=UNKNOWN expected=4 ok=0 entity=letters relation=open reln=2 attitude=ignored ties=0
PROBE id=85 verdict=UNKNOWN expected=5 ok=0 entity=letters relation=open reln=2 attitude=ignored ties=0
PROBE id=86 verdict=UNKNOWN expected=5 ok=0 entity=letters relation=open reln=2 attitude=ignored ties=0
PROBE id=87 verdict=UNKNOWN expected=4 ok=0 entity=letters relation=open reln=2 attitude=ignored ties=0
PROBE id=88 verdict=UNKNOWN expected=5 ok=0 entity=letters relation=open reln=2 attitude=ignored ties=0
PROBE id=89 verdict=UNKNOWN expected=7 ok=0 entity=letters relation=open reln=2 attitude=ignored ties=0
PROBE id=90 verdict=UNKNOWN expected=8 ok=0 entity=letters relation=open reln=2 attitude=ignored ties=0
PROBE id=91 verdict=UNKNOWN expected=10 ok=0 entity=letters relation=open reln=2 attitude=ignored ties=0
PROBE id=92 verdict=UNKNOWN expected=9 ok=0 entity=letters relation=open reln=2 attitude=ignored ties=0
PROBE id=93 verdict=UNKNOWN expected=7 ok=0 entity=letters relation=open reln=2 attitude=ignored ties=0
PROBE id=94 verdict=UNKNOWN expected=4 ok=0 entity=letters relation=open reln=2 attitude=ignored ties=0
PROBE id=95 verdict=UNKNOWN expected=3 ok=0 entity=letters relation=open reln=2 attitude=ignored ties=0
PROBE id=96 verdict=UNKNOWN expected=1603 ok=0 entity=year relation=open reln=2 attitude=ignored ties=0
PROBE id=97 verdict=UNKNOWN expected=1605 ok=0 entity=year relation=open reln=3 attitude=ignored ties=0
PROBE id=98 verdict=UNKNOWN expected=1608 ok=0 entity=year relation=open reln=3 attitude=ignored ties=0
PROBE id=99 verdict=UNKNOWN expected=1611 ok=0 entity=year relation=open reln=4 attitude=ignored ties=0
PROBE id=100 verdict=UNKNOWN expected=1623 ok=0 entity=year relation=open reln=3 attitude=ignored ties=0
PROBE id=101 verdict=UNKNOWN expected=1651 ok=0 entity=year relation=open reln=2 attitude=ignored ties=0
PROBE id=102 verdict=UNKNOWN expected=1667 ok=0 entity=year relation=open reln=3 attitude=ignored ties=0
PROBE id=103 verdict=UNKNOWN expected=1688 ok=0 entity=year relation=open reln=3 attitude=ignored ties=0
PROBE id=104 verdict=UNKNOWN expected=1719 ok=0 entity=year relation=open reln=3 attitude=ignored ties=0
PROBE id=105 verdict=UNKNOWN expected=1726 ok=0 entity=year relation=open reln=3 attitude=ignored ties=0
PROBE id=106 verdict=UNKNOWN expected=1740 ok=0 entity=year relation=open reln=2 attitude=ignored ties=0
PROBE id=107 verdict=UNKNOWN expected=1749 ok=0 entity=year relation=open reln=3 attitude=ignored ties=0
PROBE id=108 verdict=UNKNOWN expected=1759 ok=0 entity=year relation=open reln=2 attitude=ignored ties=0
PROBE id=109 verdict=UNKNOWN expected=1766 ok=0 entity=vicar wakefield relation=publication_year reln=2 attitude=ignored ties=0
PROBE id=110 verdict=UNKNOWN expected=1776 ok=0 entity=year relation=open reln=3 attitude=ignored ties=0
PROBE id=111 verdict=UNKNOWN expected=1813 ok=0 entity=year relation=open reln=3 attitude=ignored ties=0
PROBE id=112 verdict=UNKNOWN expected=1818 ok=0 entity=year relation=open reln=2 attitude=ignored ties=0
PROBE id=113 verdict=UNKNOWN expected=1826 ok=0 entity=last mohicans relation=publication_year reln=2 attitude=ignored ties=0
PROBE id=114 verdict=UNKNOWN expected=1847 ok=0 entity=year relation=open reln=3 attitude=ignored ties=0
PROBE id=115 verdict=UNKNOWN expected=1847 ok=0 entity=year relation=open reln=3 attitude=ignored ties=0
PROBE id=116 verdict=UNKNOWN expected=1850 ok=0 entity=year relation=open reln=3 attitude=ignored ties=0
PROBE id=117 verdict=UNKNOWN expected=1851 ok=0 entity=david copperfield relation=publication_year reln=2 attitude=ignored ties=0
PROBE id=118 verdict=UNKNOWN expected=1851 ok=0 entity=year relation=open reln=3 attitude=ignored ties=0
PROBE id=119 verdict=UNKNOWN expected=1852 ok=0 entity=year relation=open reln=4 attitude=ignored ties=0
PROBE id=120 verdict=UNKNOWN expected=1854 ok=0 entity=year relation=open reln=2 attitude=ignored ties=0
PROBE id=121 verdict=UNKNOWN expected=1857 ok=0 entity=year relation=open reln=3 attitude=ignored ties=0
PROBE id=122 verdict=VALUE:1859 expected=1859 ok=1 entity=a relation=open reln=4 attitude=ignored ties=1
PROBE id=123 verdict=UNKNOWN expected=1861 ok=0 entity=year relation=open reln=3 attitude=ignored ties=0
PROBE id=124 verdict=UNKNOWN expected=1862 ok=0 entity=year relation=open reln=3 attitude=ignored ties=0
PROBE id=125 verdict=UNKNOWN expected=1865 ok=0 entity=year relation=open reln=4 attitude=ignored ties=0
PROBE id=126 verdict=UNKNOWN expected=1866 ok=0 entity=year relation=open reln=3 attitude=ignored ties=0
PROBE id=127 verdict=UNKNOWN expected=1869 ok=0 entity=year relation=open reln=3 attitude=ignored ties=0
PROBE id=128 verdict=UNKNOWN expected=1871 ok=0 entity=year relation=open reln=4 attitude=ignored ties=0
PROBE id=129 verdict=UNKNOWN expected=1878 ok=0 entity=year relation=open reln=3 attitude=ignored ties=0
PROBE id=130 verdict=UNKNOWN expected=1880 ok=0 entity=year relation=open reln=3 attitude=ignored ties=0
PROBE id=131 verdict=UNKNOWN expected=1883 ok=0 entity=year relation=open reln=3 attitude=ignored ties=0
PROBE id=132 verdict=UNKNOWN expected=1884 ok=0 entity=year relation=open reln=4 attitude=ignored ties=0
PROBE id=133 verdict=UNKNOWN expected=1886 ok=0 entity=year relation=open reln=2 attitude=ignored ties=0
PROBE id=134 verdict=UNKNOWN expected=1886 ok=0 entity=year relation=open reln=7 attitude=ignored ties=0
PROBE id=135 verdict=UNKNOWN expected=1887 ok=0 entity=year relation=open reln=4 attitude=ignored ties=0
PROBE id=136 verdict=UNKNOWN expected=1890 ok=0 entity=year relation=open reln=4 attitude=ignored ties=0
PROBE id=137 verdict=UNKNOWN expected=1891 ok=0 entity=year relation=open reln=4 attitude=ignored ties=0
PROBE id=138 verdict=UNKNOWN expected=1892 ok=0 entity=year relation=open reln=4 attitude=ignored ties=0
PROBE id=139 verdict=UNKNOWN expected=1896 ok=0 entity=year relation=open reln=3 attitude=ignored ties=0
PROBE id=140 verdict=UNKNOWN expected=1897 ok=0 entity=year relation=open reln=2 attitude=ignored ties=0
PROBE id=141 verdict=UNKNOWN expected=1898 ok=0 entity=year relation=open reln=3 attitude=ignored ties=0
PROBE id=142 verdict=UNKNOWN expected=1903 ok=0 entity=year relation=open reln=3 attitude=ignored ties=0
PROBE id=143 verdict=UNKNOWN expected=1925 ok=0 entity=year relation=open reln=3 attitude=ignored ties=0
PROBE id=144 verdict=UNKNOWN expected=26 ok=0 entity=letters relation=open reln=2 attitude=ignored ties=0
PROBE id=145 verdict=UNKNOWN expected=5 ok=0 entity=vowels relation=open reln=2 attitude=ignored ties=0
PROBE id=146 verdict=UNKNOWN expected=21 ok=0 entity=consonants relation=open reln=2 attitude=ignored ties=0
PROBE id=147 verdict=UNKNOWN expected=7 ok=0 entity=days relation=open reln=2 attitude=ignored ties=0
PROBE id=148 verdict=UNKNOWN expected=12 ok=0 entity=months relation=open reln=2 attitude=ignored ties=0
PROBE id=149 verdict=UNKNOWN expected=4 ok=0 entity=seasons relation=open reln=2 attitude=ignored ties=0
PROBE id=150 verdict=UNKNOWN expected=52 ok=0 entity=weeks relation=open reln=2 attitude=ignored ties=0
PROBE id=151 verdict=UNKNOWN expected=24 ok=0 entity=hours relation=open reln=2 attitude=ignored ties=0
PROBE id=152 verdict=UNKNOWN expected=60 ok=0 entity=minutes relation=open reln=1 attitude=ignored ties=0
PROBE id=153 verdict=VALUE:7 expected=60 ok=0 entity=seconds relation=open reln=2 attitude=ignored ties=1
PROBE id=154 verdict=UNKNOWN expected=168 ok=0 entity=hours relation=open reln=2 attitude=ignored ties=0
PROBE id=155 verdict=UNKNOWN expected=27 ok=0 entity=amendments relation=open reln=2 attitude=ignored ties=0
PROBE id=156 verdict=UNKNOWN expected=10 ok=0 entity=digits relation=open reln=3 attitude=ignored ties=0
PROBE id=157 verdict=UNKNOWN expected=100 ok=0 entity=years relation=open reln=2 attitude=ignored ties=0
PROBE id=158 verdict=UNKNOWN expected=12 ok=0 entity=inches relation=open reln=2 attitude=ignored ties=0
PROBE id=159 verdict=UNKNOWN expected=3 ok=0 entity=feet relation=open reln=2 attitude=ignored ties=0
PROBE id=160 verdict=UNKNOWN expected=18 ok=0 entity=holes relation=open reln=4 attitude=ignored ties=0
PROBE id=161 verdict=UNKNOWN expected=4 ok=0 entity=quarts relation=open reln=2 attitude=ignored ties=0
PROBE id=162 verdict=UNKNOWN expected=2 ok=0 entity=pints relation=open reln=2 attitude=ignored ties=0
PROBE id=163 verdict=UNKNOWN expected=4 ok=0 entity=sides relation=open reln=2 attitude=ignored ties=0
PROBE id=164 verdict=UNKNOWN expected=3 ok=0 entity=primary colors relation=open reln=0 attitude=ignored ties=0
PROBE id=165 verdict=UNKNOWN expected=7 ok=0 entity=colors rainbow relation=open reln=0 attitude=ignored ties=0
PROBE id=166 verdict=UNKNOWN expected=88 ok=0 entity=keys relation=open reln=3 attitude=ignored ties=0
PROBE id=167 verdict=UNKNOWN expected=6 ok=0 entity=strings relation=open reln=3 attitude=ignored ties=0
PROBE id=168 verdict=UNKNOWN expected=4 ok=0 entity=strings relation=open reln=2 attitude=ignored ties=0
PROBE id=169 verdict=UNKNOWN expected=8 ok=0 entity=planets relation=open reln=2 attitude=ignored ties=0
PROBE id=170 verdict=UNKNOWN expected=4 ok=0 entity=members beatles relation=open reln=0 attitude=ignored ties=0
PROBE id=171 verdict=UNKNOWN expected=5 ok=0 entity=members jackson relation=open reln=0 attitude=ignored ties=0
PROBE id=172 verdict=UNKNOWN expected=50 ok=0 entity=states united states relation=open reln=0 attitude=ignored ties=0
PROBE id=173 verdict=UNKNOWN expected=13 ok=0 entity=stripes relation=open reln=2 attitude=ignored ties=0
PROBE id=174 verdict=UNKNOWN expected=50 ok=0 entity=stars relation=open reln=2 attitude=ignored ties=0
PROBE id=175 verdict=UNKNOWN expected=7 ok=0 entity=continents relation=open reln=1 attitude=ignored ties=0
PROBE id=176 verdict=UNKNOWN expected=5 ok=0 entity=oceans relation=open reln=1 attitude=ignored ties=0
PROBE id=177 verdict=UNKNOWN expected=15 ok=0 entity=players relation=open reln=4 attitude=ignored ties=0
PROBE id=178 verdict=UNKNOWN expected=10 ok=0 entity=players relation=open reln=4 attitude=ignored ties=0
PROBE id=179 verdict=UNKNOWN expected=5 ok=0 entity=players relation=open reln=4 attitude=ignored ties=0
PROBE id=180 verdict=UNKNOWN expected=11 ok=0 entity=players relation=open reln=4 attitude=ignored ties=0
PROBE id=181 verdict=UNKNOWN expected=11 ok=0 entity=players relation=open reln=4 attitude=ignored ties=0
PROBE id=182 verdict=UNKNOWN expected=4 ok=0 entity=suits relation=open reln=4 attitude=ignored ties=0
PROBE id=183 verdict=UNKNOWN expected=13 ok=0 entity=cards relation=open reln=2 attitude=ignored ties=0
PROBE id=184 verdict=UNKNOWN expected=52 ok=0 entity=cards relation=open reln=3 attitude=ignored ties=0
PROBE id=185 verdict=UNKNOWN expected=64 ok=0 entity=squares relation=open reln=2 attitude=ignored ties=0
PROBE id=186 verdict=UNKNOWN expected=16 ok=0 entity=chess pieces relation=open reln=2 attitude=ignored ties=0
PROBE id=187 verdict=UNKNOWN expected=8 ok=0 entity=pawns relation=open reln=3 attitude=ignored ties=0
PROBE id=188 verdict=UNKNOWN expected=6 ok=0 entity=faces a standard die relation=open reln=0 attitude=ignored ties=0
PROBE id=189 verdict=UNKNOWN expected=21 ok=0 entity=dots pips relation=open reln=3 attitude=ignored ties=0
PROBE id=190 verdict=UNKNOWN expected=12 ok=0 entity=pairs ribs relation=open reln=2 attitude=ignored ties=0
PROBE id=191 verdict=UNKNOWN expected=32 ok=0 entity=teeth relation=open reln=4 attitude=ignored ties=0
PROBE id=192 verdict=UNKNOWN expected=2 ok=0 entity=lungs relation=open reln=2 attitude=ignored ties=0
PROBE id=193 verdict=UNKNOWN expected=2 ok=0 entity=kidneys relation=open reln=2 attitude=ignored ties=0
PROBE id=194 verdict=UNKNOWN expected=4 ok=0 entity=chambers human heart relation=open reln=0 attitude=ignored ties=0
PROBE id=195 verdict=UNKNOWN expected=12 ok=0 entity=labors hercules relation=open reln=0 attitude=ignored ties=0
PROBE id=196 verdict=UNKNOWN expected=12 ok=0 entity=olympian gods relation=open reln=0 attitude=ignored ties=0
PROBE id=197 verdict=UNKNOWN expected=7 ok=0 entity=wonders ancient world relation=open reln=0 attitude=ignored ties=0
PROBE id=198 verdict=UNKNOWN expected=9 ok=0 entity=muses relation=open reln=2 attitude=ignored ties=0
PROBE id=199 verdict=UNKNOWN expected=3 ok=0 entity=fates relation=open reln=2 attitude=ignored ties=0
PROBE id=200 verdict=UNKNOWN expected=12 ok=0 entity=apostles jesus relation=open reln=0 attitude=ignored ties=0
PROBE id=201 verdict=UNKNOWN expected=10 ok=0 entity=commandments relation=open reln=0 attitude=ignored ties=0
PROBE id=202 verdict=UNKNOWN expected=7 ok=0 entity=deadly sins relation=open reln=0 attitude=ignored ties=0
PROBE id=203 verdict=UNKNOWN expected=66 ok=0 entity=books relation=open reln=2 attitude=ignored ties=0
PROBE id=204 verdict=UNKNOWN expected=4 ok=0 entity=gospels relation=open reln=2 attitude=ignored ties=0
PROBE id=205 verdict=UNKNOWN expected=38 ok=0 entity=plays relation=open reln=2 attitude=ignored ties=0
PROBE id=206 verdict=UNKNOWN expected=12 ok=0 entity=short stories relation=open reln=3 attitude=ignored ties=0
PROBE id=207 verdict=UNKNOWN expected=4 ok=0 entity=sherlock holmes novels relation=open reln=0 attitude=ignored ties=0
PROBE id=208 verdict=UNKNOWN expected=56 ok=0 entity=sherlock holmes short stories relation=open reln=1 attitude=ignored ties=0
PROBE id=209 verdict=UNKNOWN expected=3 ok=0 entity=volumes relation=open reln=2 attitude=ignored ties=0
PROBE id=210 verdict=UNKNOWN expected=7 ok=0 entity=harry potter books relation=open reln=0 attitude=ignored ties=0
PROBE id=211 verdict=UNKNOWN expected=7 ok=0 entity=chronicles narnia books relation=open reln=0 attitude=ignored ties=0
PROBE id=212 verdict=UNKNOWN expected=5 ok=0 entity=books relation=open reln=4 attitude=ignored ties=0
PROBE id=213 verdict=UNKNOWN expected=4 ok=0 entity=teenage mutant ninja turtles relation=open reln=0 attitude=ignored ties=0
PROBE id=214 verdict=UNKNOWN expected=7 ok=0 entity=dwarfs relation=open reln=2 attitude=ignored ties=0
PROBE id=215 verdict=UNKNOWN expected=101 ok=0 entity=dalmatians relation=open reln=2 attitude=ignored ties=0
PROBE id=216 verdict=UNKNOWN expected=12 ok=0 entity=days christmas relation=open reln=1 attitude=ignored ties=0
PROBE id=217 verdict=VALUE:9 expected=8 ok=0 entity=EMPTY relation=open reln=7 attitude=ignored ties=1
PROBE id=218 verdict=VALUE:9 expected=9 ok=1 entity=EMPTY relation=open reln=6 attitude=ignored ties=1
PROBE id=219 verdict=UNKNOWN expected=40 ok=0 entity=days lent relation=open reln=0 attitude=ignored ties=0
PROBE id=220 verdict=UNKNOWN expected=12 ok=0 entity=eggs relation=open reln=2 attitude=ignored ties=0
PROBE id=221 verdict=UNKNOWN expected=12 ok=0 entity=dozens relation=open reln=2 attitude=ignored ties=0
PROBE id=222 verdict=UNKNOWN expected=144 ok=0 entity=items relation=open reln=2 attitude=ignored ties=0
PROBE id=223 verdict=UNKNOWN expected=20 ok=0 entity=items relation=open reln=2 attitude=ignored ties=0
PROBE id=224 verdict=UNKNOWN expected=30 ok=0 entity=teams relation=open reln=3 attitude=ignored ties=0
PROBE id=225 verdict=UNKNOWN expected=9 ok=0 entity=justices relation=open reln=3 attitude=ignored ties=0
PROBE id=226 verdict=UNKNOWN expected=100 ok=0 entity=centimeters relation=open reln=2 attitude=ignored ties=0
PROBE id=227 verdict=UNKNOWN expected=100 ok=0 entity=us senators relation=open reln=0 attitude=ignored ties=0
PROBE id=228 verdict=UNKNOWN expected=16 ok=0 entity=ounces relation=open reln=2 attitude=ignored ties=0
PROBE id=229 verdict=UNKNOWN expected=118 ok=0 entity=elements relation=open reln=2 attitude=ignored ties=0
PROBE id=230 verdict=UNKNOWN expected=4 ok=0 entity=galilean moons jupiter relation=open reln=0 attitude=ignored ties=0
PROBE id=231 verdict=UNKNOWN expected=7 ok=0 entity=legs relation=open reln=2 attitude=ignored ties=0
PROBE id=232 verdict=UNKNOWN expected=12 ok=0 entity=hours relation=open reln=3 attitude=ignored ties=0
PROBE id=233 verdict=UNKNOWN expected=30 ok=0 entity=days relation=open reln=1 attitude=ignored ties=0
PROBE id=234 verdict=UNKNOWN expected=31 ok=0 entity=days relation=open reln=1 attitude=ignored ties=0
PROBE id=235 verdict=UNKNOWN expected=28 ok=0 entity=days relation=open reln=4 attitude=ignored ties=0
PROBE id=236 verdict=UNKNOWN expected=29 ok=0 entity=days relation=open reln=4 attitude=ignored ties=0
PROBE id=237 verdict=UNKNOWN expected=10 ok=0 entity=provinces canada relation=open reln=0 attitude=ignored ties=0
PROBE id=238 verdict=UNKNOWN expected=27 ok=0 entity=books new testament relation=open reln=0 attitude=ignored ties=0
PROBE id=239 verdict=UNKNOWN expected=39 ok=0 entity=books old testament protestant relation=open reln=1 attitude=ignored ties=0
SUMMARY ninstall=380 ncorroborate=251 ncontradict=9 nquarantine=0 ndenial=3 nderived=0 nfail=0 nprobe=240 full=60/240 clean=57/204
DIGEST 2599c64d890af450dd8e6fcdd84b0a960653bee1072714e9d970a7d33c95186c
DIGEST2 2599c64d890af450dd8e6fcdd84b0a960653bee1072714e9d970a7d33c95186c
LEDGER 0cde29b77c3ef9c8063a588624f069df23d9210ded5a6efca040c0abbfce21eb
VERIFY chain=1 dmatch=1
RESULT PASS
