PROSE-LEARN2 source=step
INSTALL id=0 sent=0 entity=a relation=alphabet_position reln=2 attitude=asserted value=1 key=0:f1833c11 seq=0
CORROBORATE id=1 sent=0 key=0:f1833c11 attitude=asserted seq=1
CORROBORATE id=2 sent=0 key=0:f1833c11 attitude=asserted seq=2
INSTALL id=3 sent=0 entity=b relation=alphabet_position reln=2 attitude=asserted value=2 key=11:f1833c11 seq=3
CORROBORATE id=4 sent=0 key=11:f1833c11 attitude=asserted seq=4
CORROBORATE id=5 sent=0 key=11:f1833c11 attitude=asserted seq=5
INSTALL id=6 sent=0 entity=c relation=alphabet_position reln=2 attitude=asserted value=3 key=14:f1833c11 seq=6
CORROBORATE id=7 sent=0 key=14:f1833c11 attitude=asserted seq=7
CORROBORATE id=8 sent=0 key=14:f1833c11 attitude=asserted seq=8
INSTALL id=9 sent=0 entity=d relation=alphabet_position reln=2 attitude=asserted value=5 key=17:f1833c11 seq=9
CORROBORATE id=10 sent=0 key=17:f1833c11 attitude=asserted seq=10
CORROBORATE id=11 sent=0 key=17:f1833c11 attitude=asserted seq=11
INSTALL id=12 sent=0 entity=e relation=alphabet_position reln=2 attitude=asserted value=4 key=20:f1833c11 seq=12
CONTRADICT id=13 sent=0 key=20:f1833c11 attitude=asserted old=4 new=5 seq=13
INSTALL id=15 sent=0 entity=f relation=alphabet_position reln=2 attitude=asserted value=6 key=22:f1833c11 seq=14
CORROBORATE id=16 sent=0 key=22:f1833c11 attitude=asserted seq=15
CORROBORATE id=17 sent=0 key=22:f1833c11 attitude=asserted seq=16
INSTALL id=18 sent=0 entity=g relation=alphabet_position reln=2 attitude=asserted value=7 key=25:f1833c11 seq=17
CORROBORATE id=19 sent=0 key=25:f1833c11 attitude=asserted seq=18
CORROBORATE id=20 sent=0 key=25:f1833c11 attitude=asserted seq=19
INSTALL id=21 sent=0 entity=h relation=alphabet_position reln=2 attitude=asserted value=8 key=28:f1833c11 seq=20
CORROBORATE id=22 sent=0 key=28:f1833c11 attitude=asserted seq=21
CORROBORATE id=23 sent=0 key=28:f1833c11 attitude=asserted seq=22
INSTALL id=24 sent=0 entity=i relation=alphabet_position reln=2 attitude=asserted value=9 key=31:f1833c11 seq=23
CORROBORATE id=25 sent=0 key=31:f1833c11 attitude=asserted seq=24
CORROBORATE id=26 sent=0 key=31:f1833c11 attitude=asserted seq=25
INSTALL id=27 sent=0 entity=j relation=alphabet_position reln=2 attitude=asserted value=10 key=34:f1833c11 seq=26
CORROBORATE id=28 sent=0 key=34:f1833c11 attitude=asserted seq=27
CORROBORATE id=29 sent=0 key=34:f1833c11 attitude=asserted seq=28
INSTALL id=30 sent=0 entity=k relation=alphabet_position reln=2 attitude=asserted value=11 key=37:f1833c11 seq=29
CORROBORATE id=31 sent=0 key=37:f1833c11 attitude=asserted seq=30
CORROBORATE id=32 sent=0 key=37:f1833c11 attitude=asserted seq=31
INSTALL id=33 sent=0 entity=l relation=alphabet_position reln=2 attitude=asserted value=12 key=40:f1833c11 seq=32
CORROBORATE id=34 sent=0 key=40:f1833c11 attitude=asserted seq=33
CORROBORATE id=35 sent=0 key=40:f1833c11 attitude=asserted seq=34
INSTALL id=36 sent=0 entity=m relation=alphabet_position reln=2 attitude=asserted value=13 key=44:f1833c11 seq=35
CORROBORATE id=37 sent=0 key=44:f1833c11 attitude=asserted seq=36
CORROBORATE id=38 sent=0 key=44:f1833c11 attitude=asserted seq=37
INSTALL id=39 sent=0 entity=n relation=alphabet_position reln=2 attitude=asserted value=14 key=47:f1833c11 seq=38
CORROBORATE id=40 sent=0 key=47:f1833c11 attitude=asserted seq=39
CORROBORATE id=41 sent=0 key=47:f1833c11 attitude=asserted seq=40
INSTALL id=42 sent=0 entity=o relation=alphabet_position reln=2 attitude=asserted value=15 key=49:f1833c11 seq=41
CORROBORATE id=43 sent=0 key=49:f1833c11 attitude=asserted seq=42
CORROBORATE id=44 sent=0 key=49:f1833c11 attitude=asserted seq=43
INSTALL id=45 sent=0 entity=p relation=alphabet_position reln=2 attitude=asserted value=16 key=51:f1833c11 seq=44
CORROBORATE id=46 sent=0 key=51:f1833c11 attitude=asserted seq=45
CORROBORATE id=47 sent=0 key=51:f1833c11 attitude=asserted seq=46
INSTALL id=48 sent=0 entity=q relation=alphabet_position reln=2 attitude=asserted value=17 key=53:f1833c11 seq=47
CORROBORATE id=49 sent=0 key=53:f1833c11 attitude=asserted seq=48
CORROBORATE id=50 sent=0 key=53:f1833c11 attitude=asserted seq=49
INSTALL id=51 sent=0 entity=r relation=alphabet_position reln=2 attitude=asserted value=18 key=55:f1833c11 seq=50
CORROBORATE id=52 sent=0 key=55:f1833c11 attitude=asserted seq=51
CORROBORATE id=53 sent=0 key=55:f1833c11 attitude=asserted seq=52
INSTALL id=54 sent=0 entity=s relation=alphabet_position reln=2 attitude=asserted value=19 key=57:f1833c11 seq=53
CORROBORATE id=55 sent=0 key=57:f1833c11 attitude=asserted seq=54
CORROBORATE id=56 sent=0 key=57:f1833c11 attitude=asserted seq=55
INSTALL id=57 sent=0 entity=t relation=alphabet_position reln=2 attitude=asserted value=20 key=59:f1833c11 seq=56
CORROBORATE id=58 sent=0 key=59:f1833c11 attitude=asserted seq=57
CORROBORATE id=59 sent=0 key=59:f1833c11 attitude=asserted seq=58
INSTALL id=60 sent=0 entity=u relation=alphabet_position reln=2 attitude=asserted value=21 key=61:f1833c11 seq=59
CORROBORATE id=61 sent=0 key=61:f1833c11 attitude=asserted seq=60
CORROBORATE id=62 sent=0 key=61:f1833c11 attitude=asserted seq=61
INSTALL id=63 sent=0 entity=v relation=alphabet_position reln=2 attitude=asserted value=22 key=63:f1833c11 seq=62
CORROBORATE id=64 sent=0 key=63:f1833c11 attitude=asserted seq=63
CORROBORATE id=65 sent=0 key=63:f1833c11 attitude=asserted seq=64
INSTALL id=66 sent=0 entity=w relation=alphabet_position reln=2 attitude=asserted value=23 key=65:f1833c11 seq=65
CORROBORATE id=67 sent=0 key=65:f1833c11 attitude=asserted seq=66
CORROBORATE id=68 sent=0 key=65:f1833c11 attitude=asserted seq=67
INSTALL id=69 sent=0 entity=x relation=alphabet_position reln=2 attitude=asserted value=24 key=67:f1833c11 seq=68
CORROBORATE id=70 sent=0 key=67:f1833c11 attitude=asserted seq=69
CORROBORATE id=71 sent=0 key=67:f1833c11 attitude=asserted seq=70
INSTALL id=72 sent=0 entity=y relation=alphabet_position reln=2 attitude=asserted value=25 key=69:f1833c11 seq=71
CORROBORATE id=73 sent=0 key=69:f1833c11 attitude=asserted seq=72
CORROBORATE id=74 sent=0 key=69:f1833c11 attitude=asserted seq=73
INSTALL id=75 sent=0 entity=z relation=alphabet_position reln=2 attitude=asserted value=26 key=74:f1833c11 seq=74
CORROBORATE id=76 sent=0 key=74:f1833c11 attitude=asserted seq=75
CORROBORATE id=77 sent=0 key=74:f1833c11 attitude=asserted seq=76
CORROBORATE id=78 sent=0 key=0:f1833c11 attitude=asserted seq=77
CORROBORATE id=79 sent=0 key=0:f1833c11 attitude=asserted seq=78
CORROBORATE id=80 sent=0 key=0:f1833c11 attitude=asserted seq=79
CORROBORATE id=81 sent=0 key=11:f1833c11 attitude=asserted seq=80
CORROBORATE id=82 sent=0 key=11:f1833c11 attitude=asserted seq=81
CORROBORATE id=83 sent=0 key=11:f1833c11 attitude=asserted seq=82
CORROBORATE id=84 sent=0 key=14:f1833c11 attitude=asserted seq=83
CORROBORATE id=85 sent=0 key=14:f1833c11 attitude=asserted seq=84
CORROBORATE id=86 sent=0 key=14:f1833c11 attitude=asserted seq=85
CONTRADICT id=87 sent=0 key=17:f1833c11 attitude=asserted old=5 new=6 seq=86
CORROBORATE id=93 sent=0 key=22:f1833c11 attitude=asserted seq=87
CORROBORATE id=94 sent=0 key=22:f1833c11 attitude=asserted seq=88
CORROBORATE id=95 sent=0 key=22:f1833c11 attitude=asserted seq=89
CORROBORATE id=96 sent=0 key=25:f1833c11 attitude=asserted seq=90
CORROBORATE id=97 sent=0 key=25:f1833c11 attitude=asserted seq=91
CORROBORATE id=98 sent=0 key=25:f1833c11 attitude=asserted seq=92
CORROBORATE id=99 sent=0 key=28:f1833c11 attitude=asserted seq=93
CORROBORATE id=100 sent=0 key=28:f1833c11 attitude=asserted seq=94
CORROBORATE id=101 sent=0 key=28:f1833c11 attitude=asserted seq=95
CORROBORATE id=102 sent=0 key=31:f1833c11 attitude=asserted seq=96
CORROBORATE id=103 sent=0 key=31:f1833c11 attitude=asserted seq=97
CORROBORATE id=104 sent=0 key=31:f1833c11 attitude=asserted seq=98
CORROBORATE id=105 sent=0 key=34:f1833c11 attitude=asserted seq=99
CORROBORATE id=106 sent=0 key=34:f1833c11 attitude=asserted seq=100
CORROBORATE id=107 sent=0 key=34:f1833c11 attitude=asserted seq=101
INSTALL id=108 sent=0 entity=k relation=open reln=3 attitude=asserted value=11 key=37:cfa5b3c4 seq=102
CORROBORATE id=109 sent=0 key=37:f1833c11 attitude=asserted seq=103
CORROBORATE id=110 sent=0 key=37:f1833c11 attitude=asserted seq=104
INSTALL id=111 sent=0 entity=l relation=open reln=3 attitude=asserted value=12 key=40:cfa5b3c4 seq=105
CORROBORATE id=112 sent=0 key=40:f1833c11 attitude=asserted seq=106
CORROBORATE id=113 sent=0 key=40:f1833c11 attitude=asserted seq=107
INSTALL id=114 sent=0 entity=m relation=open reln=3 attitude=asserted value=13 key=44:cfa5b3c4 seq=108
CORROBORATE id=115 sent=0 key=44:f1833c11 attitude=asserted seq=109
CORROBORATE id=116 sent=0 key=44:f1833c11 attitude=asserted seq=110
INSTALL id=117 sent=0 entity=n relation=open reln=3 attitude=asserted value=14 key=47:cfa5b3c4 seq=111
CORROBORATE id=118 sent=0 key=47:f1833c11 attitude=asserted seq=112
CORROBORATE id=119 sent=0 key=47:f1833c11 attitude=asserted seq=113
INSTALL id=120 sent=0 entity=o relation=open reln=3 attitude=asserted value=15 key=49:cfa5b3c4 seq=114
CORROBORATE id=121 sent=0 key=49:f1833c11 attitude=asserted seq=115
CORROBORATE id=122 sent=0 key=49:f1833c11 attitude=asserted seq=116
INSTALL id=123 sent=0 entity=p relation=open reln=3 attitude=asserted value=16 key=51:cfa5b3c4 seq=117
CORROBORATE id=124 sent=0 key=51:f1833c11 attitude=asserted seq=118
CORROBORATE id=125 sent=0 key=51:f1833c11 attitude=asserted seq=119
INSTALL id=126 sent=0 entity=q relation=open reln=3 attitude=asserted value=17 key=53:cfa5b3c4 seq=120
CORROBORATE id=127 sent=0 key=53:f1833c11 attitude=asserted seq=121
CORROBORATE id=128 sent=0 key=53:f1833c11 attitude=asserted seq=122
INSTALL id=129 sent=0 entity=r relation=open reln=3 attitude=asserted value=18 key=55:cfa5b3c4 seq=123
CORROBORATE id=130 sent=0 key=55:f1833c11 attitude=asserted seq=124
CORROBORATE id=131 sent=0 key=55:f1833c11 attitude=asserted seq=125
INSTALL id=132 sent=0 entity=s relation=open reln=3 attitude=asserted value=19 key=57:cfa5b3c4 seq=126
CORROBORATE id=133 sent=0 key=57:f1833c11 attitude=asserted seq=127
CORROBORATE id=134 sent=0 key=57:f1833c11 attitude=asserted seq=128
INSTALL id=135 sent=0 entity=t relation=open reln=3 attitude=asserted value=20 key=59:cfa5b3c4 seq=129
CORROBORATE id=136 sent=0 key=59:f1833c11 attitude=asserted seq=130
CORROBORATE id=137 sent=0 key=59:f1833c11 attitude=asserted seq=131
INSTALL id=138 sent=0 entity=u relation=open reln=3 attitude=asserted value=21 key=61:cfa5b3c4 seq=132
CORROBORATE id=139 sent=0 key=61:f1833c11 attitude=asserted seq=133
CORROBORATE id=140 sent=0 key=61:f1833c11 attitude=asserted seq=134
INSTALL id=141 sent=0 entity=v relation=open reln=3 attitude=asserted value=22 key=63:cfa5b3c4 seq=135
CORROBORATE id=142 sent=0 key=63:f1833c11 attitude=asserted seq=136
CORROBORATE id=143 sent=0 key=63:f1833c11 attitude=asserted seq=137
INSTALL id=144 sent=0 entity=a relation=letter_count reln=2 attitude=asserted value=1 key=0:098a1a3d seq=138
CORROBORATE id=145 sent=0 key=0:098a1a3d attitude=asserted seq=139
CORROBORATE id=146 sent=0 key=0:098a1a3d attitude=asserted seq=140
INSTALL id=147 sent=0 entity=an relation=letter_count reln=2 attitude=asserted value=2 key=8:098a1a3d seq=141
CORROBORATE id=148 sent=0 key=8:098a1a3d attitude=asserted seq=142
CORROBORATE id=149 sent=0 key=8:098a1a3d attitude=asserted seq=143
INSTALL id=150 sent=0 entity=the relation=letter_count reln=2 attitude=asserted value=3 key=3:098a1a3d seq=144
CORROBORATE id=151 sent=0 key=3:098a1a3d attitude=asserted seq=145
CORROBORATE id=152 sent=0 key=3:098a1a3d attitude=asserted seq=146
INSTALL id=153 sent=0 entity=four relation=letter_count reln=2 attitude=asserted value=4 key=90:098a1a3d seq=147
CORROBORATE id=154 sent=0 key=90:098a1a3d attitude=asserted seq=148
CORROBORATE id=155 sent=0 key=90:098a1a3d attitude=asserted seq=149
INSTALL id=156 sent=0 entity=seven relation=letter_count reln=2 attitude=asserted value=5 key=92:098a1a3d seq=150
CORROBORATE id=157 sent=0 key=92:098a1a3d attitude=asserted seq=151
CORROBORATE id=158 sent=0 key=92:098a1a3d attitude=asserted seq=152
INSTALL id=159 sent=0 entity=minute relation=letter_count reln=2 attitude=asserted value=6 key=93:098a1a3d seq=153
CORROBORATE id=160 sent=0 key=93:098a1a3d attitude=asserted seq=154
CORROBORATE id=161 sent=0 key=93:098a1a3d attitude=asserted seq=155
INSTALL id=162 sent=0 entity=seconds relation=letter_count reln=2 attitude=asserted value=7 key=94:098a1a3d seq=156
CORROBORATE id=163 sent=0 key=94:098a1a3d attitude=asserted seq=157
CORROBORATE id=164 sent=0 key=94:098a1a3d attitude=asserted seq=158
INSTALL id=165 sent=0 entity=saturday relation=letter_count reln=2 attitude=asserted value=7 key=95:098a1a3d seq=159
CORROBORATE id=166 sent=0 key=95:098a1a3d attitude=asserted seq=160
CORROBORATE id=167 sent=0 key=95:098a1a3d attitude=asserted seq=161
INSTALL id=168 sent=0 entity=afternoon relation=letter_count reln=2 attitude=asserted value=9 key=96:098a1a3d seq=162
CORROBORATE id=169 sent=0 key=96:098a1a3d attitude=asserted seq=163
CORROBORATE id=170 sent=0 key=96:098a1a3d attitude=asserted seq=164
INSTALL id=171 sent=0 entity=dictionary relation=letter_count reln=2 attitude=asserted value=10 key=97:098a1a3d seq=165
CORROBORATE id=172 sent=0 key=97:098a1a3d attitude=asserted seq=166
CORROBORATE id=173 sent=0 key=97:098a1a3d attitude=asserted seq=167
INSTALL id=174 sent=0 entity=handwriting relation=letter_count reln=2 attitude=asserted value=11 key=98:098a1a3d seq=168
CORROBORATE id=175 sent=0 key=98:098a1a3d attitude=asserted seq=169
CORROBORATE id=176 sent=0 key=98:098a1a3d attitude=asserted seq=170
INSTALL id=177 sent=0 entity=disappointed relation=letter_count reln=2 attitude=asserted value=12 key=99:098a1a3d seq=171
CORROBORATE id=178 sent=0 key=99:098a1a3d attitude=asserted seq=172
CORROBORATE id=179 sent=0 key=99:098a1a3d attitude=asserted seq=173
INSTALL id=180 sent=0 entity=word extraordinary relation=letter_count reln=2 attitude=asserted value=13 key=102:098a1a3d seq=174
INSTALL id=181 sent=0 entity=extraordinary relation=letter_count reln=2 attitude=asserted value=13 key=101:098a1a3d seq=175
CORROBORATE id=182 sent=0 key=101:098a1a3d attitude=asserted seq=176
INSTALL id=183 sent=0 entity=word responsibility relation=letter_count reln=2 attitude=asserted value=14 key=104:098a1a3d seq=177
INSTALL id=184 sent=0 entity=responsibility relation=letter_count reln=2 attitude=asserted value=14 key=103:098a1a3d seq=178
CORROBORATE id=185 sent=0 key=103:098a1a3d attitude=asserted seq=179
INSTALL id=186 sent=0 entity=word congratulations relation=letter_count reln=2 attitude=asserted value=15 key=107:098a1a3d seq=180
INSTALL id=187 sent=0 entity=congratulations relation=letter_count reln=2 attitude=asserted value=15 key=105:098a1a3d seq=181
CORROBORATE id=188 sent=0 key=105:098a1a3d attitude=asserted seq=182
INSTALL id=189 sent=0 entity=word misunderstanding relation=letter_count reln=2 attitude=asserted value=16 key=109:098a1a3d seq=183
INSTALL id=190 sent=0 entity=misunderstanding relation=letter_count reln=2 attitude=asserted value=16 key=108:098a1a3d seq=184
CORROBORATE id=191 sent=0 key=108:098a1a3d attitude=asserted seq=185
INSTALL id=192 sent=0 entity=word misunderstandings relation=letter_count reln=2 attitude=asserted value=17 key=111:098a1a3d seq=186
INSTALL id=193 sent=0 entity=misunderstandings relation=letter_count reln=2 attitude=asserted value=17 key=110:098a1a3d seq=187
CORROBORATE id=194 sent=0 key=110:098a1a3d attitude=asserted seq=188
INSTALL id=195 sent=0 entity=word characteristically relation=letter_count reln=2 attitude=asserted value=18 key=113:098a1a3d seq=189
INSTALL id=196 sent=0 entity=characteristically relation=letter_count reln=2 attitude=asserted value=18 key=112:098a1a3d seq=190
CORROBORATE id=197 sent=0 key=112:098a1a3d attitude=asserted seq=191
INSTALL id=198 sent=0 entity=word incomprehensibility relation=letter_count reln=2 attitude=asserted value=19 key=115:098a1a3d seq=192
INSTALL id=199 sent=0 entity=incomprehensibility relation=letter_count reln=2 attitude=asserted value=19 key=114:098a1a3d seq=193
CORROBORATE id=200 sent=0 key=114:098a1a3d attitude=asserted seq=194
INSTALL id=201 sent=0 entity=word uncharacteristically relation=letter_count reln=2 attitude=asserted value=20 key=117:098a1a3d seq=195
INSTALL id=202 sent=0 entity=uncharacteristically relation=letter_count reln=2 attitude=asserted value=20 key=116:098a1a3d seq=196
CORROBORATE id=203 sent=0 key=116:098a1a3d attitude=asserted seq=197
INSTALL id=204 sent=0 entity=word incomprehensibilities relation=letter_count reln=2 attitude=asserted value=21 key=119:098a1a3d seq=198
INSTALL id=205 sent=0 entity=incomprehensibilities relation=letter_count reln=2 attitude=asserted value=21 key=118:098a1a3d seq=199
CORROBORATE id=206 sent=0 key=118:098a1a3d attitude=asserted seq=200
INSTALL id=207 sent=0 entity=word electroencephalography relation=letter_count reln=2 attitude=asserted value=22 key=121:098a1a3d seq=201
INSTALL id=208 sent=0 entity=electroencephalography relation=letter_count reln=2 attitude=asserted value=22 key=120:098a1a3d seq=202
CORROBORATE id=209 sent=0 key=120:098a1a3d attitude=asserted seq=203
INSTALL id=210 sent=0 entity=word disproportionableness relation=letter_count reln=2 attitude=asserted value=21 key=123:098a1a3d seq=204
INSTALL id=211 sent=0 entity=disproportionableness relation=letter_count reln=2 attitude=asserted value=21 key=122:098a1a3d seq=205
CORROBORATE id=212 sent=0 key=122:098a1a3d attitude=asserted seq=206
INSTALL id=213 sent=0 entity=word incontrovertibleness relation=letter_count reln=2 attitude=asserted value=21 key=125:098a1a3d seq=207
INSTALL id=214 sent=0 entity=incontrovertibleness relation=letter_count reln=2 attitude=asserted value=21 key=124:098a1a3d seq=208
CORROBORATE id=215 sent=0 key=124:098a1a3d attitude=asserted seq=209
INSTALL id=216 sent=0 entity=counterdemonstrations relation=letter_count reln=2 attitude=asserted value=21 key=126:098a1a3d seq=210
CORROBORATE id=217 sent=0 key=126:098a1a3d attitude=asserted seq=211
CORROBORATE id=218 sent=0 key=126:098a1a3d attitude=asserted seq=212
INSTALL id=219 sent=0 entity=electroencephalograms relation=letter_count reln=2 attitude=asserted value=21 key=128:098a1a3d seq=213
CORROBORATE id=220 sent=0 key=128:098a1a3d attitude=asserted seq=214
CORROBORATE id=221 sent=0 key=128:098a1a3d attitude=asserted seq=215
INSTALL id=222 sent=0 entity=internationalization relation=letter_count reln=2 attitude=asserted value=20 key=130:098a1a3d seq=216
CORROBORATE id=223 sent=0 key=130:098a1a3d attitude=asserted seq=217
CORROBORATE id=224 sent=0 key=130:098a1a3d attitude=asserted seq=218
INSTALL id=225 sent=0 entity=antidisestablishmentarian relation=letter_count reln=2 attitude=asserted value=25 key=131:098a1a3d seq=219
CORROBORATE id=226 sent=0 key=131:098a1a3d attitude=asserted seq=220
CORROBORATE id=227 sent=0 key=131:098a1a3d attitude=asserted seq=221
INSTALL id=228 sent=0 entity=antidisestablishmentarianism relation=letter_count reln=2 attitude=asserted value=28 key=132:098a1a3d seq=222
CORROBORATE id=229 sent=0 key=132:098a1a3d attitude=asserted seq=223
CORROBORATE id=230 sent=0 key=132:098a1a3d attitude=asserted seq=224
INSTALL id=231 sent=0 entity=time relation=letter_count reln=2 attitude=asserted value=4 key=134:098a1a3d seq=225
CORROBORATE id=232 sent=0 key=134:098a1a3d attitude=asserted seq=226
CORROBORATE id=233 sent=0 key=134:098a1a3d attitude=asserted seq=227
INSTALL id=234 sent=0 entity=word relation=letter_count reln=2 attitude=asserted value=4 key=88:098a1a3d seq=228
CORROBORATE id=235 sent=0 key=88:098a1a3d attitude=asserted seq=229
CORROBORATE id=236 sent=0 key=88:098a1a3d attitude=asserted seq=230
INSTALL id=237 sent=0 entity=sentence relation=letter_count reln=2 attitude=asserted value=8 key=135:098a1a3d seq=231
CORROBORATE id=238 sent=0 key=135:098a1a3d attitude=asserted seq=232
CORROBORATE id=239 sent=0 key=135:098a1a3d attitude=asserted seq=233
INSTALL id=240 sent=0 entity=knowledge relation=letter_count reln=2 attitude=asserted value=8 key=136:098a1a3d seq=234
CORROBORATE id=241 sent=0 key=136:098a1a3d attitude=asserted seq=235
CORROBORATE id=242 sent=0 key=136:098a1a3d attitude=asserted seq=236
INSTALL id=243 sent=0 entity=question relation=letter_count reln=2 attitude=asserted value=8 key=137:098a1a3d seq=237
CORROBORATE id=244 sent=0 key=137:098a1a3d attitude=asserted seq=238
CORROBORATE id=245 sent=0 key=137:098a1a3d attitude=asserted seq=239
INSTALL id=246 sent=0 entity=answer relation=letter_count reln=2 attitude=asserted value=6 key=138:098a1a3d seq=240
CORROBORATE id=247 sent=0 key=138:098a1a3d attitude=asserted seq=241
CORROBORATE id=248 sent=0 key=138:098a1a3d attitude=asserted seq=242
INSTALL id=249 sent=0 entity=library relation=letter_count reln=2 attitude=asserted value=7 key=139:098a1a3d seq=243
CORROBORATE id=250 sent=0 key=139:098a1a3d attitude=asserted seq=244
CORROBORATE id=251 sent=0 key=139:098a1a3d attitude=asserted seq=245
INSTALL id=252 sent=0 entity=word book relation=open reln=1 attitude=asserted value=4 key=142:7c9bf6a8 seq=246
INSTALL id=253 sent=0 entity=count letters word book relation=open reln=0 attitude=asserted value=4 key=143:e3b0c442 seq=247
INSTALL id=254 sent=0 entity=EMPTY relation=open reln=3 attitude=asserted value=4 key=4294967295:a6c1f150 seq=248
INSTALL id=255 sent=0 entity=word novel relation=open reln=1 attitude=asserted value=5 key=147:7c9bf6a8 seq=249
INSTALL id=256 sent=0 entity=count letters word novel relation=open reln=0 attitude=asserted value=5 key=148:e3b0c442 seq=250
INSTALL id=257 sent=0 entity=EMPTY relation=open reln=3 attitude=asserted value=5 key=4294967295:eeabc55b seq=251
INSTALL id=258 sent=0 entity=word story relation=open reln=1 attitude=asserted value=5 key=150:7c9bf6a8 seq=252
INSTALL id=259 sent=0 entity=count letters word story relation=open reln=0 attitude=asserted value=5 key=151:e3b0c442 seq=253
INSTALL id=260 sent=0 entity=EMPTY relation=open reln=3 attitude=asserted value=5 key=4294967295:aa0a6412 seq=254
INSTALL id=261 sent=0 entity=word poem relation=open reln=1 attitude=asserted value=4 key=153:7c9bf6a8 seq=255
INSTALL id=262 sent=0 entity=count letters word poem relation=open reln=0 attitude=asserted value=4 key=154:e3b0c442 seq=256
INSTALL id=263 sent=0 entity=EMPTY relation=open reln=3 attitude=asserted value=4 key=4294967295:3323cc24 seq=257
INSTALL id=264 sent=0 entity=word rhyme relation=open reln=1 attitude=asserted value=5 key=156:7c9bf6a8 seq=258
INSTALL id=265 sent=0 entity=count letters word rhyme relation=open reln=0 attitude=asserted value=5 key=157:e3b0c442 seq=259
INSTALL id=266 sent=0 entity=EMPTY relation=open reln=3 attitude=asserted value=5 key=4294967295:1a19f95d seq=260
INSTALL id=267 sent=0 entity=word grammar relation=open reln=1 attitude=asserted value=7 key=159:7c9bf6a8 seq=261
INSTALL id=268 sent=0 entity=count letters word grammar relation=open reln=0 attitude=asserted value=7 key=160:e3b0c442 seq=262
INSTALL id=269 sent=0 entity=EMPTY relation=open reln=3 attitude=asserted value=7 key=4294967295:daddab1d seq=263
INSTALL id=270 sent=0 entity=word spelling relation=open reln=1 attitude=asserted value=8 key=162:7c9bf6a8 seq=264
INSTALL id=271 sent=0 entity=count letters word spelling relation=open reln=0 attitude=asserted value=8 key=163:e3b0c442 seq=265
INSTALL id=272 sent=0 entity=EMPTY relation=open reln=3 attitude=asserted value=8 key=4294967295:75bc6e99 seq=266
INSTALL id=273 sent=0 entity=word vocabulary relation=open reln=1 attitude=asserted value=10 key=165:7c9bf6a8 seq=267
INSTALL id=274 sent=0 entity=count letters word vocabulary relation=open reln=0 attitude=asserted value=10 key=166:e3b0c442 seq=268
INSTALL id=275 sent=0 entity=EMPTY relation=open reln=3 attitude=asserted value=10 key=4294967295:6ade22cc seq=269
INSTALL id=276 sent=0 entity=word paragraph relation=open reln=1 attitude=asserted value=9 key=168:7c9bf6a8 seq=270
INSTALL id=277 sent=0 entity=count letters word paragraph relation=open reln=0 attitude=asserted value=9 key=169:e3b0c442 seq=271
INSTALL id=278 sent=0 entity=EMPTY relation=open reln=3 attitude=asserted value=9 key=4294967295:a49f6303 seq=272
INSTALL id=279 sent=0 entity=word chapter relation=open reln=1 attitude=asserted value=7 key=171:7c9bf6a8 seq=273
INSTALL id=280 sent=0 entity=count letters word chapter relation=open reln=0 attitude=asserted value=7 key=172:e3b0c442 seq=274
INSTALL id=281 sent=0 entity=EMPTY relation=open reln=3 attitude=asserted value=7 key=4294967295:06421e2d seq=275
INSTALL id=282 sent=0 entity=word page relation=open reln=1 attitude=asserted value=4 key=174:7c9bf6a8 seq=276
INSTALL id=283 sent=0 entity=count letters word page relation=open reln=0 attitude=asserted value=4 key=175:e3b0c442 seq=277
INSTALL id=284 sent=0 entity=EMPTY relation=open reln=3 attitude=asserted value=4 key=4294967295:3c366f25 seq=278
INSTALL id=285 sent=0 entity=word ink relation=open reln=1 attitude=asserted value=3 key=177:7c9bf6a8 seq=279
INSTALL id=286 sent=0 entity=count letters word ink relation=open reln=0 attitude=asserted value=3 key=178:e3b0c442 seq=280
INSTALL id=287 sent=0 entity=EMPTY relation=open reln=3 attitude=asserted value=3 key=4294967295:7ba258eb seq=281
INSTALL id=288 sent=0 entity=hamlet relation=publication_year reln=2 attitude=asserted value=1603 key=182:20203a57 seq=282
CORROBORATE id=289 sent=0 key=182:20203a57 attitude=asserted seq=283
INSTALL id=290 sent=0 entity=hamlet relation=open reln=1 attitude=asserted value=1603 key=182:5cdec5d3 seq=284
INSTALL id=291 sent=0 entity=don quixote relation=publication_year reln=2 attitude=asserted value=1605 key=189:20203a57 seq=285
CORROBORATE id=292 sent=0 key=189:20203a57 attitude=asserted seq=286
INSTALL id=293 sent=0 entity=don quixote relation=open reln=1 attitude=asserted value=1605 key=189:5cdec5d3 seq=287
INSTALL id=294 sent=0 entity=king lear relation=publication_year reln=2 attitude=asserted value=1608 key=193:20203a57 seq=288
CORROBORATE id=295 sent=0 key=193:20203a57 attitude=asserted seq=289
INSTALL id=296 sent=0 entity=king lear relation=open reln=1 attitude=asserted value=1608 key=193:5cdec5d3 seq=290
INSTALL id=297 sent=0 entity=king james bible relation=publication_year reln=2 attitude=asserted value=1611 key=198:20203a57 seq=291
CORROBORATE id=298 sent=0 key=198:20203a57 attitude=asserted seq=292
INSTALL id=299 sent=0 entity=king james bible relation=open reln=1 attitude=asserted value=1611 key=198:5cdec5d3 seq=293
INSTALL id=300 sent=0 entity=shakespeare folio relation=publication_year reln=2 attitude=asserted value=1623 key=202:20203a57 seq=294
CORROBORATE id=301 sent=0 key=202:20203a57 attitude=asserted seq=295
INSTALL id=302 sent=0 entity=shakespeare folio relation=open reln=1 attitude=asserted value=1623 key=202:5cdec5d3 seq=296
INSTALL id=303 sent=0 entity=leviathan relation=publication_year reln=2 attitude=asserted value=1651 key=203:20203a57 seq=297
CORROBORATE id=304 sent=0 key=203:20203a57 attitude=asserted seq=298
INSTALL id=305 sent=0 entity=leviathan relation=open reln=1 attitude=asserted value=1651 key=203:5cdec5d3 seq=299
INSTALL id=306 sent=0 entity=paradise lost relation=publication_year reln=2 attitude=asserted value=1667 key=208:20203a57 seq=300
CORROBORATE id=307 sent=0 key=208:20203a57 attitude=asserted seq=301
INSTALL id=308 sent=0 entity=paradise lost relation=open reln=1 attitude=asserted value=1667 key=208:5cdec5d3 seq=302
INSTALL id=309 sent=0 entity=pilgrim progress relation=publication_year reln=2 attitude=asserted value=1688 key=212:20203a57 seq=303
CORROBORATE id=310 sent=0 key=212:20203a57 attitude=asserted seq=304
INSTALL id=311 sent=0 entity=pilgrim progress relation=open reln=1 attitude=asserted value=1688 key=212:5cdec5d3 seq=305
INSTALL id=312 sent=0 entity=robinson crusoe relation=publication_year reln=2 attitude=asserted value=1719 key=216:20203a57 seq=306
CORROBORATE id=313 sent=0 key=216:20203a57 attitude=asserted seq=307
INSTALL id=314 sent=0 entity=robinson crusoe relation=open reln=1 attitude=asserted value=1719 key=216:5cdec5d3 seq=308
INSTALL id=315 sent=0 entity=gulliver travels relation=publication_year reln=2 attitude=asserted value=1726 key=221:20203a57 seq=309
CORROBORATE id=316 sent=0 key=221:20203a57 attitude=asserted seq=310
INSTALL id=317 sent=0 entity=gulliver travels relation=open reln=1 attitude=asserted value=1726 key=221:5cdec5d3 seq=311
INSTALL id=318 sent=0 entity=pamela relation=publication_year reln=2 attitude=asserted value=1740 key=222:20203a57 seq=312
CORROBORATE id=319 sent=0 key=222:20203a57 attitude=asserted seq=313
INSTALL id=320 sent=0 entity=pamela relation=open reln=1 attitude=asserted value=1740 key=222:5cdec5d3 seq=314
INSTALL id=321 sent=0 entity=tom jones relation=publication_year reln=2 attitude=asserted value=1749 key=228:20203a57 seq=315
CORROBORATE id=322 sent=0 key=228:20203a57 attitude=asserted seq=316
INSTALL id=323 sent=0 entity=tom jones relation=open reln=1 attitude=asserted value=1749 key=228:5cdec5d3 seq=317
INSTALL id=324 sent=0 entity=candide relation=open reln=1 attitude=asserted value=1759 key=229:5cdec5d3 seq=318
INSTALL id=325 sent=0 entity=candide relation=publication_year reln=2 attitude=asserted value=1759 key=229:20203a57 seq=319
CORROBORATE id=326 sent=0 key=229:20203a57 attitude=asserted seq=320
INSTALL id=327 sent=0 entity=vicar wakefield relation=open reln=1 attitude=asserted value=1766 key=234:5cdec5d3 seq=321
INSTALL id=328 sent=0 entity=vicar wakefield relation=publication_year reln=2 attitude=asserted value=1766 key=234:20203a57 seq=322
CORROBORATE id=329 sent=0 key=234:20203a57 attitude=asserted seq=323
INSTALL id=330 sent=0 entity=wealth nations relation=open reln=1 attitude=asserted value=1776 key=239:5cdec5d3 seq=324
INSTALL id=331 sent=0 entity=wealth nations relation=publication_year reln=2 attitude=asserted value=1776 key=239:20203a57 seq=325
CORROBORATE id=332 sent=0 key=239:20203a57 attitude=asserted seq=326
INSTALL id=333 sent=0 entity=pride prejudice relation=open reln=1 attitude=asserted value=1813 key=244:5cdec5d3 seq=327
INSTALL id=334 sent=0 entity=pride prejudice relation=publication_year reln=2 attitude=asserted value=1813 key=244:20203a57 seq=328
CORROBORATE id=335 sent=0 key=244:20203a57 attitude=asserted seq=329
INSTALL id=336 sent=0 entity=frankenstein relation=open reln=1 attitude=asserted value=1818 key=245:5cdec5d3 seq=330
INSTALL id=337 sent=0 entity=frankenstein relation=publication_year reln=2 attitude=asserted value=1818 key=245:20203a57 seq=331
CORROBORATE id=338 sent=0 key=245:20203a57 attitude=asserted seq=332
INSTALL id=339 sent=0 entity=last mohicans relation=open reln=1 attitude=asserted value=1826 key=251:5cdec5d3 seq=333
INSTALL id=340 sent=0 entity=last mohicans relation=publication_year reln=2 attitude=asserted value=1826 key=251:20203a57 seq=334
CORROBORATE id=341 sent=0 key=251:20203a57 attitude=asserted seq=335
INSTALL id=342 sent=0 entity=jane eyre relation=open reln=1 attitude=asserted value=1847 key=255:5cdec5d3 seq=336
INSTALL id=343 sent=0 entity=jane eyre relation=publication_year reln=2 attitude=asserted value=1847 key=255:20203a57 seq=337
CORROBORATE id=344 sent=0 key=255:20203a57 attitude=asserted seq=338
INSTALL id=345 sent=0 entity=wuthering heights relation=open reln=1 attitude=asserted value=1847 key=259:5cdec5d3 seq=339
INSTALL id=346 sent=0 entity=wuthering heights relation=publication_year reln=2 attitude=asserted value=1847 key=259:20203a57 seq=340
CORROBORATE id=347 sent=0 key=259:20203a57 attitude=asserted seq=341
INSTALL id=348 sent=0 entity=scarlet letter relation=open reln=1 attitude=asserted value=1850 key=262:5cdec5d3 seq=342
INSTALL id=349 sent=0 entity=scarlet letter relation=publication_year reln=2 attitude=asserted value=1850 key=262:20203a57 seq=343
CORROBORATE id=350 sent=0 key=262:20203a57 attitude=asserted seq=344
INSTALL id=351 sent=0 entity=david copperfield relation=open reln=1 attitude=asserted value=1851 key=266:5cdec5d3 seq=345
INSTALL id=352 sent=0 entity=david copperfield relation=publication_year reln=2 attitude=asserted value=1851 key=266:20203a57 seq=346
CORROBORATE id=353 sent=0 key=266:20203a57 attitude=asserted seq=347
INSTALL id=354 sent=0 entity=moby dick relation=open reln=1 attitude=asserted value=1851 key=269:5cdec5d3 seq=348
INSTALL id=355 sent=0 entity=moby dick relation=publication_year reln=2 attitude=asserted value=1851 key=269:20203a57 seq=349
CORROBORATE id=356 sent=0 key=269:20203a57 attitude=asserted seq=350
INSTALL id=357 sent=0 entity=uncle tom cabin relation=open reln=1 attitude=asserted value=1852 key=273:5cdec5d3 seq=351
INSTALL id=358 sent=0 entity=uncle tom cabin relation=publication_year reln=2 attitude=asserted value=1852 key=273:20203a57 seq=352
CORROBORATE id=359 sent=0 key=273:20203a57 attitude=asserted seq=353
INSTALL id=360 sent=0 entity=walden relation=open reln=1 attitude=asserted value=1854 key=274:5cdec5d3 seq=354
INSTALL id=361 sent=0 entity=walden relation=publication_year reln=2 attitude=asserted value=1854 key=274:20203a57 seq=355
CORROBORATE id=362 sent=0 key=274:20203a57 attitude=asserted seq=356
INSTALL id=363 sent=0 entity=madame bovary relation=open reln=1 attitude=asserted value=1857 key=279:5cdec5d3 seq=357
INSTALL id=364 sent=0 entity=madame bovary relation=publication_year reln=2 attitude=asserted value=1857 key=279:20203a57 seq=358
CORROBORATE id=365 sent=0 key=279:20203a57 attitude=asserted seq=359
INSTALL id=366 sent=0 entity=a relation=open reln=3 attitude=asserted value=1859 key=0:fa2c13df seq=360
INSTALL id=367 sent=0 entity=a relation=publication_year reln=2 attitude=asserted value=1859 key=0:20203a57 seq=361
CORROBORATE id=368 sent=0 key=0:20203a57 attitude=asserted seq=362
INSTALL id=369 sent=0 entity=great expectations relation=open reln=1 attitude=asserted value=1861 key=289:5cdec5d3 seq=363
INSTALL id=370 sent=0 entity=great expectations relation=publication_year reln=2 attitude=asserted value=1861 key=289:20203a57 seq=364
CORROBORATE id=371 sent=0 key=289:20203a57 attitude=asserted seq=365
INSTALL id=372 sent=0 entity=les miserables relation=open reln=1 attitude=asserted value=1862 key=294:5cdec5d3 seq=366
INSTALL id=373 sent=0 entity=les miserables relation=publication_year reln=2 attitude=asserted value=1862 key=294:20203a57 seq=367
CORROBORATE id=374 sent=0 key=294:20203a57 attitude=asserted seq=368
INSTALL id=375 sent=0 entity=alice adventures wonderland relation=open reln=1 attitude=asserted value=1865 key=300:5cdec5d3 seq=369
INSTALL id=376 sent=0 entity=alice adventures wonderland relation=publication_year reln=2 attitude=asserted value=1865 key=300:20203a57 seq=370
CORROBORATE id=377 sent=0 key=300:20203a57 attitude=asserted seq=371
INSTALL id=378 sent=0 entity=crime punishment relation=open reln=1 attitude=asserted value=1866 key=304:5cdec5d3 seq=372
INSTALL id=379 sent=0 entity=crime punishment relation=publication_year reln=2 attitude=asserted value=1866 key=304:20203a57 seq=373
CORROBORATE id=380 sent=0 key=304:20203a57 attitude=asserted seq=374
INSTALL id=381 sent=0 entity=war peace relation=open reln=1 attitude=asserted value=1869 key=308:5cdec5d3 seq=375
INSTALL id=382 sent=0 entity=war peace relation=publication_year reln=2 attitude=asserted value=1869 key=308:20203a57 seq=376
CORROBORATE id=383 sent=0 key=308:20203a57 attitude=asserted seq=377
INSTALL id=384 sent=0 entity=through looking glass relation=open reln=1 attitude=asserted value=1871 key=313:5cdec5d3 seq=378
INSTALL id=385 sent=0 entity=through looking glass relation=publication_year reln=2 attitude=asserted value=1871 key=313:20203a57 seq=379
CORROBORATE id=386 sent=0 key=313:20203a57 attitude=asserted seq=380
INSTALL id=387 sent=0 entity=anna karenina relation=open reln=1 attitude=asserted value=1878 key=317:5cdec5d3 seq=381
INSTALL id=388 sent=0 entity=anna karenina relation=publication_year reln=2 attitude=asserted value=1878 key=317:20203a57 seq=382
CORROBORATE id=389 sent=0 key=317:20203a57 attitude=asserted seq=383
INSTALL id=390 sent=0 entity=brothers karamazov relation=open reln=1 attitude=asserted value=1880 key=322:5cdec5d3 seq=384
INSTALL id=391 sent=0 entity=brothers karamazov relation=publication_year reln=2 attitude=asserted value=1880 key=322:20203a57 seq=385
CORROBORATE id=392 sent=0 key=322:20203a57 attitude=asserted seq=386
INSTALL id=393 sent=0 entity=treasure island relation=open reln=1 attitude=asserted value=1883 key=326:5cdec5d3 seq=387
INSTALL id=394 sent=0 entity=treasure island relation=publication_year reln=2 attitude=asserted value=1883 key=326:20203a57 seq=388
CORROBORATE id=395 sent=0 key=326:20203a57 attitude=asserted seq=389
INSTALL id=396 sent=0 entity=adventures huckleberry finn relation=publication_year reln=2 attitude=asserted value=1884 key=330:20203a57 seq=390
CORROBORATE id=397 sent=0 key=330:20203a57 attitude=asserted seq=391
INSTALL id=398 sent=0 entity=adventures huckleberry finn relation=open reln=1 attitude=asserted value=1884 key=330:5cdec5d3 seq=392
INSTALL id=399 sent=0 entity=kidnapped relation=publication_year reln=2 attitude=asserted value=1886 key=331:20203a57 seq=393
CORROBORATE id=400 sent=0 key=331:20203a57 attitude=asserted seq=394
INSTALL id=401 sent=0 entity=kidnapped relation=open reln=1 attitude=asserted value=1886 key=331:5cdec5d3 seq=395
INSTALL id=402 sent=0 entity=strange case dr jekyll relation=publication_year reln=2 attitude=asserted value=1886 key=340:20203a57 seq=396
CORROBORATE id=403 sent=0 key=340:20203a57 attitude=asserted seq=397
INSTALL id=404 sent=0 entity=strange case dr jekyll relation=open reln=3 attitude=asserted value=1886 key=340:3a75481e seq=398
INSTALL id=405 sent=0 entity=autobiography charles darwin relation=publication_year reln=2 attitude=asserted value=1887 key=346:20203a57 seq=399
CORROBORATE id=406 sent=0 key=346:20203a57 attitude=asserted seq=400
INSTALL id=407 sent=0 entity=autobiography charles darwin relation=open reln=1 attitude=asserted value=1887 key=346:5cdec5d3 seq=401
INSTALL id=408 sent=0 entity=picture dorian gray relation=publication_year reln=2 attitude=asserted value=1890 key=351:20203a57 seq=402
CORROBORATE id=409 sent=0 key=351:20203a57 attitude=asserted seq=403
INSTALL id=410 sent=0 entity=picture dorian gray relation=open reln=1 attitude=asserted value=1890 key=351:5cdec5d3 seq=404
INSTALL id=411 sent=0 entity=tess d urbervilles relation=publication_year reln=2 attitude=asserted value=1891 key=356:20203a57 seq=405
CORROBORATE id=412 sent=0 key=356:20203a57 attitude=asserted seq=406
INSTALL id=413 sent=0 entity=tess d urbervilles relation=open reln=1 attitude=asserted value=1891 key=356:5cdec5d3 seq=407
INSTALL id=414 sent=0 entity=adventures sherlock holmes relation=publication_year reln=2 attitude=asserted value=1892 key=361:20203a57 seq=408
CORROBORATE id=415 sent=0 key=361:20203a57 attitude=asserted seq=409
INSTALL id=416 sent=0 entity=adventures sherlock holmes relation=open reln=1 attitude=asserted value=1892 key=361:5cdec5d3 seq=410
INSTALL id=417 sent=0 entity=time machine relation=publication_year reln=2 attitude=asserted value=1896 key=364:20203a57 seq=411
CORROBORATE id=418 sent=0 key=364:20203a57 attitude=asserted seq=412
INSTALL id=419 sent=0 entity=time machine relation=open reln=1 attitude=asserted value=1896 key=364:5cdec5d3 seq=413
INSTALL id=420 sent=0 entity=dracula relation=publication_year reln=2 attitude=asserted value=1897 key=365:20203a57 seq=414
CORROBORATE id=421 sent=0 key=365:20203a57 attitude=asserted seq=415
INSTALL id=422 sent=0 entity=dracula relation=open reln=1 attitude=asserted value=1897 key=365:5cdec5d3 seq=416
INSTALL id=423 sent=0 entity=war worlds relation=publication_year reln=2 attitude=asserted value=1898 key=370:20203a57 seq=417
CORROBORATE id=424 sent=0 key=370:20203a57 attitude=asserted seq=418
INSTALL id=425 sent=0 entity=war worlds relation=open reln=1 attitude=asserted value=1898 key=370:5cdec5d3 seq=419
INSTALL id=426 sent=0 entity=call wild relation=publication_year reln=2 attitude=asserted value=1903 key=374:20203a57 seq=420
CORROBORATE id=427 sent=0 key=374:20203a57 attitude=asserted seq=421
INSTALL id=428 sent=0 entity=call wild relation=open reln=1 attitude=asserted value=1903 key=374:5cdec5d3 seq=422
INSTALL id=429 sent=0 entity=great gatsby relation=publication_year reln=2 attitude=asserted value=1925 key=377:20203a57 seq=423
CORROBORATE id=430 sent=0 key=377:20203a57 attitude=asserted seq=424
INSTALL id=431 sent=0 entity=great gatsby relation=open reln=1 attitude=asserted value=1925 key=377:5cdec5d3 seq=425
INSTALL id=432 sent=0 entity=count letters english alphabet relation=open reln=0 attitude=asserted value=26 key=378:e3b0c442 seq=426
INSTALL id=433 sent=0 entity=EMPTY relation=open reln=3 attitude=asserted value=26 key=4294967295:cfa5b3c4 seq=427
INSTALL id=434 sent=0 entity=english alphabet relation=open reln=1 attitude=asserted value=26 key=379:7c9bf6a8 seq=428
INSTALL id=435 sent=0 entity=count vowels english alphabet relation=open reln=0 attitude=asserted value=5 key=382:e3b0c442 seq=429
INSTALL id=436 sent=0 entity=EMPTY relation=open reln=3 attitude=asserted value=5 key=4294967295:0a5cd155 seq=430
INSTALL id=437 sent=0 entity=english alphabet relation=open reln=1 attitude=asserted value=5 key=379:d579a9f8 seq=431
INSTALL id=438 sent=0 entity=count consonants english alphabet relation=open reln=0 attitude=asserted value=21 key=385:e3b0c442 seq=432
INSTALL id=439 sent=0 entity=EMPTY relation=open reln=3 attitude=asserted value=21 key=4294967295:0ad37f61 seq=433
INSTALL id=440 sent=0 entity=english alphabet relation=open reln=1 attitude=asserted value=21 key=379:d6fdf160 seq=434
INSTALL id=441 sent=0 entity=count days a week relation=open reln=0 attitude=asserted value=7 key=389:e3b0c442 seq=435
INSTALL id=442 sent=0 entity=EMPTY relation=open reln=3 attitude=asserted value=7 key=4294967295:fd694e51 seq=436
INSTALL id=443 sent=0 entity=a week relation=open reln=1 attitude=asserted value=7 key=390:154978af seq=437
INSTALL id=444 sent=0 entity=count months a year relation=open reln=0 attitude=asserted value=12 key=393:e3b0c442 seq=438
INSTALL id=445 sent=0 entity=EMPTY relation=open reln=3 attitude=asserted value=12 key=4294967295:1dac460e seq=439
INSTALL id=446 sent=0 entity=a year relation=open reln=1 attitude=asserted value=12 key=394:d40bb43b seq=440
INSTALL id=447 sent=0 entity=count seasons a year relation=open reln=0 attitude=asserted value=4 key=397:e3b0c442 seq=441
INSTALL id=448 sent=0 entity=EMPTY relation=open reln=3 attitude=asserted value=4 key=4294967295:6395c81c seq=442
INSTALL id=449 sent=0 entity=a year relation=open reln=1 attitude=asserted value=4 key=394:09cbb9b1 seq=443
INSTALL id=450 sent=0 entity=count weeks a year relation=open reln=0 attitude=asserted value=52 key=400:e3b0c442 seq=444
INSTALL id=451 sent=0 entity=EMPTY relation=open reln=3 attitude=asserted value=52 key=4294967295:d1d5191a seq=445
INSTALL id=452 sent=0 entity=a year relation=open reln=1 attitude=asserted value=52 key=394:669d303e seq=446
INSTALL id=453 sent=0 entity=count hours a day relation=open reln=0 attitude=asserted value=24 key=403:e3b0c442 seq=447
INSTALL id=454 sent=0 entity=EMPTY relation=open reln=3 attitude=asserted value=24 key=4294967295:1158ee00 seq=448
INSTALL id=455 sent=0 entity=a day relation=open reln=1 attitude=asserted value=24 key=404:8572a5b1 seq=449
INSTALL id=456 sent=0 entity=count minutes hour relation=open reln=0 attitude=asserted value=60 key=407:e3b0c442 seq=450
INSTALL id=457 sent=0 entity=EMPTY relation=open reln=2 attitude=asserted value=60 key=4294967295:17c93d21 seq=451
INSTALL id=458 sent=0 entity=hour relation=open reln=1 attitude=asserted value=60 key=402:f16013a1 seq=452
INSTALL id=459 sent=0 entity=count seconds a minute relation=open reln=0 attitude=asserted value=60 key=408:e3b0c442 seq=453
INSTALL id=460 sent=0 entity=EMPTY relation=open reln=3 attitude=asserted value=60 key=4294967295:0b7edbd1 seq=454
INSTALL id=461 sent=0 entity=a minute relation=open reln=1 attitude=asserted value=60 key=409:42f4aeb8 seq=455
INSTALL id=462 sent=0 entity=count hours a week relation=open reln=0 attitude=asserted value=168 key=411:e3b0c442 seq=456
INSTALL id=463 sent=0 entity=EMPTY relation=open reln=3 attitude=asserted value=168 key=4294967295:a14b1f55 seq=457
INSTALL id=464 sent=0 entity=a week relation=open reln=1 attitude=asserted value=168 key=390:8572a5b1 seq=458
INSTALL id=465 sent=0 entity=count amendments us constitution relation=open reln=0 attitude=asserted value=27 key=418:e3b0c442 seq=459
INSTALL id=466 sent=0 entity=EMPTY relation=open reln=4 attitude=asserted value=27 key=4294967295:45969c90 seq=460
INSTALL id=467 sent=0 entity=EMPTY relation=open reln=5 attitude=asserted value=27 key=4294967295:32522684 seq=461
INSTALL id=468 sent=0 entity=decimal number system relation=open reln=1 attitude=asserted value=10 key=425:f7bc2a91 seq=462
INSTALL id=469 sent=0 entity=count digits decimal number relation=open reln=1 attitude=asserted value=10 key=426:18cd02ea seq=463
INSTALL id=470 sent=0 entity=EMPTY relation=open reln=4 attitude=asserted value=10 key=4294967295:88bfc351 seq=464
INSTALL id=471 sent=0 entity=a relation=open reln=3 attitude=asserted value=100 key=0:9bcbb34e seq=465
INSTALL id=472 sent=0 entity=count years a century relation=open reln=0 attitude=asserted value=100 key=432:e3b0c442 seq=466
INSTALL id=473 sent=0 entity=EMPTY relation=open reln=3 attitude=asserted value=100 key=4294967295:184de818 seq=467
INSTALL id=474 sent=0 entity=EMPTY relation=open reln=3 attitude=asserted value=12 key=4294967295:769b67f4 seq=468
INSTALL id=475 sent=0 entity=count inches a foot relation=open reln=0 attitude=asserted value=12 key=436:e3b0c442 seq=469
INSTALL id=476 sent=0 entity=a foot relation=open reln=1 attitude=asserted value=12 key=437:55ffe198 seq=470
INSTALL id=477 sent=0 entity=a relation=open reln=3 attitude=asserted value=3 key=0:fd423110 seq=471
INSTALL id=478 sent=0 entity=count feet a yard relation=open reln=0 attitude=asserted value=3 key=442:e3b0c442 seq=472
INSTALL id=479 sent=0 entity=EMPTY relation=open reln=3 attitude=asserted value=3 key=4294967295:d2f798ae seq=473
INSTALL id=480 sent=0 entity=a relation=open reln=4 attitude=asserted value=18 key=0:6bcefc37 seq=474
INSTALL id=481 sent=0 entity=count holes a full relation=open reln=2 attitude=asserted value=18 key=448:fc8f0c2d seq=475
INSTALL id=482 sent=0 entity=EMPTY relation=open reln=5 attitude=asserted value=18 key=4294967295:9f546898 seq=476
INSTALL id=483 sent=0 entity=a relation=open reln=3 attitude=asserted value=4 key=0:8910fcc6 seq=477
INSTALL id=484 sent=0 entity=count quarts a gallon relation=open reln=0 attitude=asserted value=4 key=452:e3b0c442 seq=478
INSTALL id=485 sent=0 entity=EMPTY relation=open reln=3 attitude=asserted value=4 key=4294967295:831e63c7 seq=479
INSTALL id=486 sent=0 entity=a relation=open reln=3 attitude=asserted value=2 key=0:aea24843 seq=480
INSTALL id=487 sent=0 entity=count pints a quart relation=open reln=0 attitude=asserted value=2 key=455:e3b0c442 seq=481
INSTALL id=488 sent=0 entity=EMPTY relation=open reln=3 attitude=asserted value=2 key=4294967295:c96ed49e seq=482
INSTALL id=489 sent=0 entity=a relation=open reln=2 attitude=asserted value=4 key=0:56244750 seq=483
INSTALL id=490 sent=0 entity=count sides a triangle relation=open reln=0 attitude=asserted value=4 key=459:e3b0c442 seq=484
INSTALL id=491 sent=0 entity=EMPTY relation=open reln=3 attitude=asserted value=4 key=4294967295:11b550b0 seq=485
INSTALL id=492 sent=0 entity=EMPTY relation=open reln=2 attitude=asserted value=3 key=4294967295:7b00b0e7 seq=486
INSTALL id=493 sent=0 entity=count primary colors relation=open reln=0 attitude=asserted value=3 key=463:e3b0c442 seq=487
INSTALL id=494 sent=0 entity=EMPTY relation=open reln=3 attitude=asserted value=3 key=4294967295:f6454a6b seq=488
INSTALL id=495 sent=0 entity=rainbow relation=open reln=1 attitude=asserted value=7 key=464:949f142c seq=489
INSTALL id=496 sent=0 entity=count colors rainbow relation=open reln=0 attitude=asserted value=7 key=465:e3b0c442 seq=490
INSTALL id=497 sent=0 entity=EMPTY relation=open reln=2 attitude=asserted value=7 key=4294967295:1c005ad1 seq=491
INSTALL id=498 sent=0 entity=a relation=open reln=3 attitude=asserted value=88 key=0:40fa7cdd seq=492
INSTALL id=499 sent=0 entity=count keys a standard relation=open reln=1 attitude=asserted value=88 key=471:e75c6090 seq=493
INSTALL id=500 sent=0 entity=EMPTY relation=open reln=4 attitude=asserted value=88 key=4294967295:728159d9 seq=494
INSTALL id=501 sent=0 entity=a relation=open reln=3 attitude=asserted value=6 key=0:629190c0 seq=495
INSTALL id=502 sent=0 entity=count strings a standard relation=open reln=1 attitude=asserted value=6 key=475:37136b9e seq=496
INSTALL id=503 sent=0 entity=EMPTY relation=open reln=4 attitude=asserted value=6 key=4294967295:7b8ac465 seq=497
INSTALL id=504 sent=0 entity=EMPTY relation=open reln=3 attitude=asserted value=4 key=4294967295:5a27c668 seq=498
INSTALL id=505 sent=0 entity=count strings a violin relation=open reln=0 attitude=asserted value=4 key=478:e3b0c442 seq=499
INSTALL id=506 sent=0 entity=EMPTY relation=open reln=4 attitude=asserted value=4 key=4294967295:0c123393 seq=500
INSTALL id=507 sent=0 entity=EMPTY relation=open reln=3 attitude=asserted value=8 key=4294967295:28e3ed59 seq=501
INSTALL id=508 sent=0 entity=count planets solar system relation=open reln=0 attitude=asserted value=8 key=482:e3b0c442 seq=502
INSTALL id=509 sent=0 entity=solar system relation=open reln=1 attitude=asserted value=8 key=483:961ae288 seq=503
INSTALL id=510 sent=0 entity=EMPTY relation=open reln=2 attitude=asserted value=4 key=4294967295:73d1f3f0 seq=504
INSTALL id=511 sent=0 entity=count members beatles relation=open reln=0 attitude=asserted value=4 key=488:e3b0c442 seq=505
CORROBORATE id=512 sent=0 key=4294967295:73d1f3f0 attitude=asserted seq=506
INSTALL id=513 sent=0 entity=EMPTY relation=open reln=2 attitude=asserted value=5 key=4294967295:87795c11 seq=507
INSTALL id=514 sent=0 entity=count members jackson relation=open reln=0 attitude=asserted value=5 key=490:e3b0c442 seq=508
CORROBORATE id=515 sent=0 key=4294967295:87795c11 attitude=asserted seq=509
INSTALL id=516 sent=0 entity=EMPTY relation=open reln=2 attitude=asserted value=50 key=4294967295:f7516c3f seq=510
INSTALL id=517 sent=0 entity=count states united states relation=open reln=0 attitude=asserted value=50 key=496:e3b0c442 seq=511
CORROBORATE id=518 sent=0 key=4294967295:f7516c3f attitude=asserted seq=512
INSTALL id=519 sent=0 entity=EMPTY relation=open reln=3 attitude=asserted value=13 key=4294967295:a5f4e354 seq=513
INSTALL id=520 sent=0 entity=count stripes us flag relation=open reln=0 attitude=asserted value=13 key=500:e3b0c442 seq=514
INSTALL id=521 sent=0 entity=EMPTY relation=open reln=4 attitude=asserted value=13 key=4294967295:049fb601 seq=515
INSTALL id=522 sent=0 entity=EMPTY relation=open reln=3 attitude=asserted value=50 key=4294967295:71b41bd6 seq=516
INSTALL id=523 sent=0 entity=count stars us flag relation=open reln=0 attitude=asserted value=50 key=503:e3b0c442 seq=517
INSTALL id=524 sent=0 entity=EMPTY relation=open reln=4 attitude=asserted value=50 key=4294967295:39f66f23 seq=518
INSTALL id=525 sent=0 entity=EMPTY relation=open reln=2 attitude=asserted value=7 key=4294967295:a25688c9 seq=519
INSTALL id=526 sent=0 entity=count continents earth relation=open reln=0 attitude=asserted value=7 key=507:e3b0c442 seq=520
INSTALL id=527 sent=0 entity=EMPTY relation=open reln=3 attitude=asserted value=7 key=4294967295:4115427b seq=521
INSTALL id=528 sent=0 entity=EMPTY relation=open reln=2 attitude=asserted value=5 key=4294967295:f98f453a seq=522
INSTALL id=529 sent=0 entity=count oceans earth relation=open reln=0 attitude=asserted value=5 key=510:e3b0c442 seq=523
INSTALL id=530 sent=0 entity=EMPTY relation=open reln=3 attitude=asserted value=5 key=4294967295:ff26688d seq=524
INSTALL id=531 sent=0 entity=EMPTY relation=open reln=5 attitude=asserted value=15 key=4294967295:a53b3375 seq=525
INSTALL id=532 sent=0 entity=count players a rugby relation=open reln=2 attitude=asserted value=15 key=516:3b973331 seq=526
INSTALL id=533 sent=0 entity=a rugby union team relation=open reln=1 attitude=asserted value=15 key=517:bc3817c1 seq=527
INSTALL id=534 sent=0 entity=EMPTY relation=open reln=5 attitude=asserted value=10 key=4294967295:3df8ac83 seq=528
INSTALL id=535 sent=0 entity=count players a baseball relation=open reln=2 attitude=asserted value=10 key=520:fde075aa seq=529
INSTALL id=536 sent=0 entity=EMPTY relation=open reln=6 attitude=asserted value=10 key=4294967295:c1cd1185 seq=530
INSTALL id=537 sent=0 entity=EMPTY relation=open reln=5 attitude=asserted value=5 key=4294967295:a25a7a70 seq=531
INSTALL id=538 sent=0 entity=count players a basketball relation=open reln=2 attitude=asserted value=5 key=523:dad8ac88 seq=532
INSTALL id=539 sent=0 entity=EMPTY relation=open reln=6 attitude=asserted value=5 key=4294967295:db5d9bcb seq=533
INSTALL id=540 sent=0 entity=EMPTY relation=open reln=5 attitude=asserted value=11 key=4294967295:f34beb17 seq=534
INSTALL id=541 sent=0 entity=count players a soccer relation=open reln=2 attitude=asserted value=11 key=525:fde075aa seq=535
INSTALL id=542 sent=0 entity=EMPTY relation=open reln=6 attitude=asserted value=11 key=4294967295:64b82457 seq=536
INSTALL id=543 sent=0 entity=EMPTY relation=open reln=5 attitude=asserted value=11 key=4294967295:2b66362d seq=537
INSTALL id=544 sent=0 entity=count players american football relation=open reln=2 attitude=asserted value=11 key=528:fde075aa seq=538
INSTALL id=545 sent=0 entity=EMPTY relation=open reln=6 attitude=asserted value=11 key=4294967295:95ac8574 seq=539
INSTALL id=546 sent=0 entity=EMPTY relation=open reln=5 attitude=asserted value=4 key=4294967295:8847bf7a seq=540
INSTALL id=547 sent=0 entity=count suits a standard relation=open reln=2 attitude=asserted value=4 key=534:3ff968d9 seq=541
INSTALL id=548 sent=0 entity=a standard deck cards relation=open reln=1 attitude=asserted value=4 key=535:45fee366 seq=542
INSTALL id=549 sent=0 entity=EMPTY relation=open reln=3 attitude=asserted value=13 key=4294967295:5dc6b0c2 seq=543
INSTALL id=550 sent=0 entity=count cards each suit relation=open reln=0 attitude=asserted value=13 key=537:e3b0c442 seq=544
INSTALL id=551 sent=0 entity=each suit relation=open reln=1 attitude=asserted value=13 key=538:a914196c seq=545
INSTALL id=552 sent=0 entity=EMPTY relation=open reln=4 attitude=asserted value=52 key=4294967295:2b0aa3c2 seq=546
INSTALL id=553 sent=0 entity=count cards a standard relation=open reln=1 attitude=asserted value=52 key=539:cb658fe8 seq=547
INSTALL id=554 sent=0 entity=a standard deck relation=open reln=1 attitude=asserted value=52 key=540:a914196c seq=548
INSTALL id=555 sent=0 entity=EMPTY relation=open reln=3 attitude=asserted value=64 key=4294967295:95432ded seq=549
INSTALL id=556 sent=0 entity=count squares a chessboard relation=open reln=0 attitude=asserted value=64 key=545:e3b0c442 seq=550
INSTALL id=557 sent=0 entity=EMPTY relation=open reln=4 attitude=asserted value=64 key=4294967295:cfc298e9 seq=551
INSTALL id=558 sent=0 entity=EMPTY relation=open reln=4 attitude=asserted value=16 key=4294967295:e9669608 seq=552
INSTALL id=559 sent=0 entity=count chess pieces per relation=open reln=1 attitude=asserted value=16 key=550:176d13a1 seq=553
INSTALL id=560 sent=0 entity=EMPTY relation=open reln=5 attitude=asserted value=16 key=4294967295:ea101e2c seq=554
INSTALL id=561 sent=0 entity=EMPTY relation=open reln=4 attitude=asserted value=8 key=4294967295:ccea57ba seq=555
INSTALL id=562 sent=0 entity=count pawns per side relation=open reln=1 attitude=asserted value=8 key=553:aa69bac0 seq=556
INSTALL id=563 sent=0 entity=chess relation=open reln=3 attitude=asserted value=8 key=546:8f474376 seq=557
INSTALL id=564 sent=0 entity=EMPTY relation=open reln=4 attitude=asserted value=6 key=4294967295:bcd63708 seq=558
INSTALL id=565 sent=0 entity=count faces a standard relation=open reln=1 attitude=asserted value=6 key=557:cac1ee78 seq=559
CORROBORATE id=566 sent=0 key=4294967295:bcd63708 attitude=asserted seq=560
INSTALL id=567 sent=0 entity=EMPTY relation=open reln=5 attitude=asserted value=21 key=4294967295:557478bb seq=561
INSTALL id=568 sent=0 entity=count dots pips a relation=open reln=2 attitude=asserted value=21 key=562:ddcb4a33 seq=562
INSTALL id=569 sent=0 entity=EMPTY relation=open reln=6 attitude=asserted value=21 key=4294967295:38a97eb1 seq=563
INSTALL id=570 sent=0 entity=EMPTY relation=open reln=4 attitude=asserted value=12 key=4294967295:a6bfc102 seq=564
INSTALL id=571 sent=0 entity=count pairs ribs human relation=open reln=1 attitude=asserted value=12 key=569:1ecf7435 seq=565
INSTALL id=572 sent=0 entity=human body relation=open reln=2 attitude=asserted value=12 key=570:809f906a seq=566
INSTALL id=573 sent=0 entity=EMPTY relation=open reln=5 attitude=asserted value=32 key=4294967295:8e0b39ee seq=567
INSTALL id=574 sent=0 entity=count teeth a full relation=open reln=2 attitude=asserted value=32 key=575:6dc36862 seq=568
INSTALL id=575 sent=0 entity=a full adult set relation=open reln=1 attitude=asserted value=32 key=576:bae42b1b seq=569
INSTALL id=576 sent=0 entity=human body relation=open reln=1 attitude=asserted value=2 key=570:e21fc01f seq=570
INSTALL id=577 sent=0 entity=count lungs human body relation=open reln=0 attitude=asserted value=2 key=579:e3b0c442 seq=571
INSTALL id=578 sent=0 entity=EMPTY relation=open reln=3 attitude=asserted value=2 key=4294967295:9effbef8 seq=572
INSTALL id=579 sent=0 entity=human body relation=open reln=1 attitude=asserted value=2 key=570:d0ad3975 seq=573
INSTALL id=580 sent=0 entity=count kidneys human body relation=open reln=0 attitude=asserted value=2 key=582:e3b0c442 seq=574
INSTALL id=581 sent=0 entity=EMPTY relation=open reln=3 attitude=asserted value=2 key=4294967295:40d0c790 seq=575
INSTALL id=582 sent=0 entity=human heart relation=open reln=1 attitude=asserted value=4 key=586:fa34d349 seq=576
INSTALL id=583 sent=0 entity=count chambers human heart relation=open reln=0 attitude=asserted value=4 key=587:e3b0c442 seq=577
INSTALL id=584 sent=0 entity=EMPTY relation=open reln=3 attitude=asserted value=4 key=4294967295:9b470f47 seq=578
INSTALL id=585 sent=0 entity=EMPTY relation=open reln=2 attitude=asserted value=12 key=4294967295:afd7d790 seq=579
INSTALL id=586 sent=0 entity=count labors hercules relation=open reln=0 attitude=asserted value=12 key=592:e3b0c442 seq=580
CORROBORATE id=587 sent=0 key=4294967295:afd7d790 attitude=asserted seq=581
INSTALL id=588 sent=0 entity=EMPTY relation=open reln=2 attitude=asserted value=12 key=4294967295:52529227 seq=582
INSTALL id=589 sent=0 entity=count olympian gods relation=open reln=0 attitude=asserted value=12 key=596:e3b0c442 seq=583
INSTALL id=590 sent=0 entity=EMPTY relation=open reln=3 attitude=asserted value=12 key=4294967295:c204ddbd seq=584
INSTALL id=591 sent=0 entity=EMPTY relation=open reln=3 attitude=asserted value=7 key=4294967295:1b684c19 seq=585
INSTALL id=592 sent=0 entity=count wonders ancient world relation=open reln=0 attitude=asserted value=7 key=600:e3b0c442 seq=586
CORROBORATE id=593 sent=0 key=4294967295:1b684c19 attitude=asserted seq=587
INSTALL id=594 sent=0 entity=EMPTY relation=open reln=3 attitude=asserted value=9 key=4294967295:6ab75dab seq=588
INSTALL id=595 sent=0 entity=count muses greek mythology relation=open reln=0 attitude=asserted value=9 key=605:e3b0c442 seq=589
CORROBORATE id=596 sent=0 key=4294967295:6ab75dab attitude=asserted seq=590
INSTALL id=597 sent=0 entity=EMPTY relation=open reln=3 attitude=asserted value=3 key=4294967295:73052d86 seq=591
INSTALL id=598 sent=0 entity=count fates greek mythology relation=open reln=0 attitude=asserted value=3 key=608:e3b0c442 seq=592
CORROBORATE id=599 sent=0 key=4294967295:73052d86 attitude=asserted seq=593
INSTALL id=600 sent=0 entity=EMPTY relation=open reln=2 attitude=asserted value=12 key=4294967295:25041a0f seq=594
INSTALL id=601 sent=0 entity=count apostles jesus relation=open reln=0 attitude=asserted value=12 key=613:e3b0c442 seq=595
CORROBORATE id=602 sent=0 key=4294967295:25041a0f attitude=asserted seq=596
INSTALL id=603 sent=0 entity=EMPTY relation=open reln=1 attitude=asserted value=10 key=4294967295:7c7289b1 seq=597
INSTALL id=604 sent=0 entity=count commandments relation=open reln=0 attitude=asserted value=10 key=617:e3b0c442 seq=598
INSTALL id=605 sent=0 entity=EMPTY relation=open reln=2 attitude=asserted value=10 key=4294967295:e2147cf0 seq=599
INSTALL id=606 sent=0 entity=EMPTY relation=open reln=2 attitude=asserted value=7 key=4294967295:293a9f88 seq=600
INSTALL id=607 sent=0 entity=count deadly sins relation=open reln=0 attitude=asserted value=7 key=621:e3b0c442 seq=601
INSTALL id=608 sent=0 entity=EMPTY relation=open reln=3 attitude=asserted value=7 key=4294967295:82591895 seq=602
INSTALL id=609 sent=0 entity=protestant bible relation=open reln=1 attitude=asserted value=66 key=625:c40f565e seq=603
INSTALL id=610 sent=0 entity=count books protestant bible relation=open reln=0 attitude=asserted value=66 key=626:e3b0c442 seq=604
INSTALL id=611 sent=0 entity=EMPTY relation=open reln=3 attitude=asserted value=66 key=4294967295:a841f23c seq=605
INSTALL id=612 sent=0 entity=EMPTY relation=open reln=3 attitude=asserted value=4 key=4294967295:6eef135f seq=606
INSTALL id=613 sent=0 entity=count gospels new testament relation=open reln=0 attitude=asserted value=4 key=631:e3b0c442 seq=607
INSTALL id=614 sent=0 entity=new testament relation=open reln=1 attitude=asserted value=4 key=632:f209bf07 seq=608
INSTALL id=615 sent=0 entity=EMPTY relation=open reln=3 attitude=asserted value=38 key=4294967295:96f3c558 seq=609
INSTALL id=616 sent=0 entity=count plays attributed shakespeare relation=open reln=0 attitude=asserted value=38 key=638:e3b0c442 seq=610
INSTALL id=617 sent=0 entity=EMPTY relation=open reln=4 attitude=asserted value=38 key=4294967295:e0bea320 seq=611
INSTALL id=618 sent=0 entity=EMPTY relation=open reln=5 attitude=asserted value=12 key=4294967295:ede9469a seq=612
INSTALL id=619 sent=0 entity=count short stories adventures relation=open reln=2 attitude=asserted value=12 key=641:a5db2822 seq=613
CORROBORATE id=620 sent=0 key=4294967295:ede9469a attitude=asserted seq=614
INSTALL id=621 sent=0 entity=EMPTY relation=open reln=3 attitude=asserted value=4 key=4294967295:53d8e915 seq=615
INSTALL id=622 sent=0 entity=count sherlock holmes novels relation=open reln=0 attitude=asserted value=4 key=643:e3b0c442 seq=616
INSTALL id=623 sent=0 entity=EMPTY relation=open reln=4 attitude=asserted value=4 key=4294967295:28f4b985 seq=617
INSTALL id=624 sent=0 entity=EMPTY relation=open reln=5 attitude=asserted value=56 key=4294967295:75448c07 seq=618
INSTALL id=625 sent=0 entity=count sherlock holmes short relation=open reln=2 attitude=asserted value=56 key=646:b7bb2f98 seq=619
INSTALL id=626 sent=0 entity=canon relation=open reln=4 attitude=asserted value=56 key=645:fda92d56 seq=620
INSTALL id=627 sent=0 entity=EMPTY relation=open reln=3 attitude=asserted value=3 key=4294967295:de652fda seq=621
INSTALL id=628 sent=0 entity=count volumes lord rings relation=open reln=0 attitude=asserted value=3 key=652:e3b0c442 seq=622
CORROBORATE id=629 sent=0 key=4294967295:de652fda attitude=asserted seq=623
INSTALL id=630 sent=0 entity=EMPTY relation=open reln=3 attitude=asserted value=7 key=4294967295:6d828389 seq=624
INSTALL id=631 sent=0 entity=count harry potter books relation=open reln=0 attitude=asserted value=7 key=655:e3b0c442 seq=625
INSTALL id=632 sent=0 entity=EMPTY relation=open reln=4 attitude=asserted value=7 key=4294967295:5d5f26f1 seq=626
INSTALL id=633 sent=0 entity=EMPTY relation=open reln=3 attitude=asserted value=7 key=4294967295:5b504863 seq=627
INSTALL id=634 sent=0 entity=count chronicles narnia books relation=open reln=0 attitude=asserted value=7 key=659:e3b0c442 seq=628
CORROBORATE id=635 sent=0 key=4294967295:5b504863 attitude=asserted seq=629
INSTALL id=636 sent=0 entity=EMPTY relation=open reln=5 attitude=asserted value=5 key=4294967295:1840999c seq=630
INSTALL id=637 sent=0 entity=count books hitchhiker guide relation=open reln=2 attitude=asserted value=5 key=664:504c3606 seq=631
INSTALL id=638 sent=0 entity=hitchhiker guide galaxy trilogy relation=open reln=1 attitude=asserted value=5 key=665:c40f565e seq=632
INSTALL id=639 sent=0 entity=EMPTY relation=open reln=4 attitude=asserted value=4 key=4294967295:2acd733e seq=633
INSTALL id=640 sent=0 entity=count teenage mutant ninja relation=open reln=1 attitude=asserted value=4 key=671:17989826 seq=634
INSTALL id=641 sent=0 entity=EMPTY relation=open reln=5 attitude=asserted value=4 key=4294967295:0c8c1339 seq=635
INSTALL id=642 sent=0 entity=EMPTY relation=open reln=3 attitude=asserted value=7 key=4294967295:0628d293 seq=636
INSTALL id=643 sent=0 entity=count dwarfs snow white relation=open reln=0 attitude=asserted value=7 key=676:e3b0c442 seq=637
CORROBORATE id=644 sent=0 key=4294967295:0628d293 attitude=asserted seq=638
INSTALL id=645 sent=0 entity=EMPTY relation=open reln=3 attitude=asserted value=101 key=4294967295:d98f3c91 seq=639
INSTALL id=646 sent=0 entity=count dalmatians disney title relation=open reln=0 attitude=asserted value=101 key=682:e3b0c442 seq=640
INSTALL id=647 sent=0 entity=disney title relation=open reln=1 attitude=asserted value=101 key=683:70fee51f seq=641
INSTALL id=648 sent=0 entity=EMPTY relation=open reln=3 attitude=asserted value=12 key=4294967295:0ce5ccc6 seq=642
INSTALL id=649 sent=0 entity=count days christmas carol relation=open reln=0 attitude=asserted value=12 key=687:e3b0c442 seq=643
INSTALL id=650 sent=0 entity=carol relation=open reln=2 attitude=asserted value=12 key=686:25806203 seq=644
DENIAL id=651 sent=0 entity=EMPTY relation=open reln=7 value=8 key=4294967295:12d2e766 seq=645
DENIAL id=652 sent=0 entity=count reindeer pulling santa relation=open reln=4 value=8 key=695:ad467db4 seq=646
DENIAL id=653 sent=0 entity=EMPTY relation=open reln=8 value=8 key=4294967295:00d28444 seq=647
INSTALL id=654 sent=0 entity=EMPTY relation=open reln=6 attitude=asserted value=9 key=4294967295:fcce5322 seq=648
INSTALL id=655 sent=0 entity=count reindeer pulling santa relation=open reln=3 attitude=asserted value=9 key=695:0bc86880 seq=649
INSTALL id=656 sent=0 entity=EMPTY relation=open reln=7 attitude=asserted value=9 key=4294967295:d296a36b seq=650
INSTALL id=657 sent=0 entity=EMPTY relation=open reln=2 attitude=asserted value=40 key=4294967295:42d8000a seq=651
INSTALL id=658 sent=0 entity=count days lent relation=open reln=0 attitude=asserted value=40 key=698:e3b0c442 seq=652
CORROBORATE id=659 sent=0 key=4294967295:42d8000a attitude=asserted seq=653
INSTALL id=660 sent=0 entity=EMPTY relation=open reln=3 attitude=asserted value=12 key=4294967295:b43074d3 seq=654
INSTALL id=661 sent=0 entity=count eggs a dozen relation=open reln=0 attitude=asserted value=12 key=702:e3b0c442 seq=655
INSTALL id=662 sent=0 entity=a dozen relation=open reln=1 attitude=asserted value=12 key=703:fff7bed0 seq=656
INSTALL id=663 sent=0 entity=EMPTY relation=open reln=3 attitude=asserted value=12 key=4294967295:c90baf8e seq=657
INSTALL id=664 sent=0 entity=count dozens a gross relation=open reln=0 attitude=asserted value=12 key=706:e3b0c442 seq=658
INSTALL id=665 sent=0 entity=a gross relation=open reln=1 attitude=asserted value=12 key=707:e731a41f seq=659
INSTALL id=666 sent=0 entity=EMPTY relation=open reln=3 attitude=asserted value=144 key=4294967295:b6ef78f5 seq=660
INSTALL id=667 sent=0 entity=count items a gross relation=open reln=0 attitude=asserted value=144 key=711:e3b0c442 seq=661
INSTALL id=668 sent=0 entity=a gross relation=open reln=1 attitude=asserted value=144 key=707:ef30bc6a seq=662
INSTALL id=669 sent=0 entity=EMPTY relation=open reln=3 attitude=asserted value=20 key=4294967295:8e4b36c5 seq=663
INSTALL id=670 sent=0 entity=count items a score relation=open reln=0 attitude=asserted value=20 key=713:e3b0c442 seq=664
INSTALL id=671 sent=0 entity=a score relation=open reln=1 attitude=asserted value=20 key=714:ef30bc6a seq=665
INSTALL id=672 sent=0 entity=EMPTY relation=open reln=4 attitude=asserted value=30 key=4294967295:b22d8e4a seq=666
INSTALL id=673 sent=0 entity=count teams major league relation=open reln=1 attitude=asserted value=30 key=719:3ae99678 seq=667
CORROBORATE id=674 sent=0 key=4294967295:b22d8e4a attitude=asserted seq=668
INSTALL id=675 sent=0 entity=EMPTY relation=open reln=4 attitude=asserted value=9 key=4294967295:59f73009 seq=669
INSTALL id=676 sent=0 entity=count justices us supreme relation=open reln=1 attitude=asserted value=9 key=723:506b1706 seq=670
INSTALL id=677 sent=0 entity=EMPTY relation=open reln=5 attitude=asserted value=9 key=4294967295:f7911a9b seq=671
INSTALL id=678 sent=0 entity=EMPTY relation=open reln=3 attitude=asserted value=100 key=4294967295:b703b470 seq=672
INSTALL id=679 sent=0 entity=count centimeters a meter relation=open reln=0 attitude=asserted value=100 key=727:e3b0c442 seq=673
INSTALL id=680 sent=0 entity=a meter relation=open reln=1 attitude=asserted value=100 key=728:1c5fee44 seq=674
INSTALL id=681 sent=0 entity=EMPTY relation=open reln=2 attitude=asserted value=100 key=4294967295:0e58d0e0 seq=675
INSTALL id=682 sent=0 entity=count us senators relation=open reln=0 attitude=asserted value=100 key=731:e3b0c442 seq=676
INSTALL id=683 sent=0 entity=EMPTY relation=open reln=3 attitude=asserted value=100 key=4294967295:2ae44751 seq=677
INSTALL id=684 sent=0 entity=EMPTY relation=open reln=3 attitude=asserted value=16 key=4294967295:05f56a8c seq=678
INSTALL id=685 sent=0 entity=count ounces a pound relation=open reln=0 attitude=asserted value=16 key=735:e3b0c442 seq=679
INSTALL id=686 sent=0 entity=a pound relation=open reln=1 attitude=asserted value=16 key=736:7ab9f3b5 seq=680
INSTALL id=687 sent=0 entity=EMPTY relation=open reln=3 attitude=asserted value=118 key=4294967295:5f3aadf8 seq=681
INSTALL id=688 sent=0 entity=count elements periodic table relation=open reln=0 attitude=asserted value=118 key=743:e3b0c442 seq=682
INSTALL id=689 sent=0 entity=periodic table relation=open reln=1 attitude=asserted value=118 key=744:f279e5f6 seq=683
INSTALL id=690 sent=0 entity=EMPTY relation=open reln=3 attitude=asserted value=4 key=4294967295:b6b9e897 seq=684
INSTALL id=691 sent=0 entity=count galilean moons jupiter relation=open reln=0 attitude=asserted value=4 key=749:e3b0c442 seq=685
CORROBORATE id=692 sent=0 key=4294967295:b6b9e897 attitude=asserted seq=686
INSTALL id=693 sent=0 entity=EMPTY relation=open reln=3 attitude=asserted value=7 key=4294967295:eb552952 seq=687
INSTALL id=694 sent=0 entity=count legs a spider relation=open reln=0 attitude=asserted value=7 key=753:e3b0c442 seq=688
INSTALL id=695 sent=0 entity=EMPTY relation=open reln=4 attitude=asserted value=7 key=4294967295:ab5c31b0 seq=689
INSTALL id=696 sent=0 entity=EMPTY relation=open reln=4 attitude=asserted value=12 key=4294967295:07d6a1d4 seq=690
INSTALL id=697 sent=0 entity=count hours a clock relation=open reln=1 attitude=asserted value=12 key=755:ca20c2ed seq=691
INSTALL id=698 sent=0 entity=EMPTY relation=open reln=5 attitude=asserted value=12 key=4294967295:b604ae9c seq=692
INSTALL id=699 sent=0 entity=EMPTY relation=open reln=2 attitude=asserted value=30 key=4294967295:8235caad seq=693
INSTALL id=700 sent=0 entity=count days april relation=open reln=0 attitude=asserted value=30 key=757:e3b0c442 seq=694
CORROBORATE id=701 sent=0 key=4294967295:8235caad attitude=asserted seq=695
INSTALL id=702 sent=0 entity=EMPTY relation=open reln=2 attitude=asserted value=31 key=4294967295:1f8da12a seq=696
INSTALL id=703 sent=0 entity=count days january relation=open reln=0 attitude=asserted value=31 key=760:e3b0c442 seq=697
CORROBORATE id=704 sent=0 key=4294967295:1f8da12a attitude=asserted seq=698
INSTALL id=705 sent=0 entity=EMPTY relation=open reln=5 attitude=asserted value=28 key=4294967295:d34c35a7 seq=699
INSTALL id=706 sent=0 entity=count days february a relation=open reln=2 attitude=asserted value=28 key=763:2cdd1ed6 seq=700
CORROBORATE id=707 sent=0 key=4294967295:d34c35a7 attitude=asserted seq=701
INSTALL id=708 sent=0 entity=EMPTY relation=open reln=5 attitude=asserted value=29 key=4294967295:d9c84d94 seq=702
INSTALL id=709 sent=0 entity=count days february a relation=open reln=2 attitude=asserted value=29 key=763:2b457705 seq=703
CORROBORATE id=710 sent=0 key=4294967295:d9c84d94 attitude=asserted seq=704
INSTALL id=711 sent=0 entity=EMPTY relation=open reln=2 attitude=asserted value=10 key=4294967295:7c0bd978 seq=705
INSTALL id=712 sent=0 entity=count provinces canada relation=open reln=0 attitude=asserted value=10 key=769:e3b0c442 seq=706
CORROBORATE id=713 sent=0 key=4294967295:7c0bd978 attitude=asserted seq=707
INSTALL id=714 sent=0 entity=EMPTY relation=open reln=3 attitude=asserted value=27 key=4294967295:d0b0d976 seq=708
INSTALL id=715 sent=0 entity=count books new testament relation=open reln=0 attitude=asserted value=27 key=770:e3b0c442 seq=709
CORROBORATE id=716 sent=0 key=4294967295:d0b0d976 attitude=asserted seq=710
INSTALL id=717 sent=0 entity=EMPTY relation=open reln=5 attitude=asserted value=39 key=4294967295:17d5682c seq=711
INSTALL id=718 sent=0 entity=count books old testament relation=open reln=2 attitude=asserted value=39 key=773:98f07f76 seq=712
INSTALL id=719 sent=0 entity=protestant canon relation=open reln=3 attitude=asserted value=39 key=774:3c616c92 seq=713
PROBE id=0 verdict=VALUE:1 expected=1 ok=1 entity=a relation=open reln=4 attitude=ignored ties=12
PROBE id=1 verdict=VALUE:2 expected=2 ok=1 entity=b relation=open reln=4 attitude=ignored ties=1
PROBE id=2 verdict=VALUE:3 expected=3 ok=1 entity=c relation=open reln=4 attitude=ignored ties=1
PROBE id=3 verdict=UNKNOWN expected=5 ok=0 entity=d relation=open reln=4 attitude=ignored ties=0
PROBE id=4 verdict=UNKNOWN expected=5 ok=0 entity=e relation=open reln=4 attitude=ignored ties=0
PROBE id=5 verdict=VALUE:6 expected=6 ok=1 entity=f relation=open reln=4 attitude=ignored ties=1
PROBE id=6 verdict=VALUE:7 expected=7 ok=1 entity=g relation=open reln=4 attitude=ignored ties=1
PROBE id=7 verdict=VALUE:8 expected=8 ok=1 entity=h relation=open reln=4 attitude=ignored ties=1
PROBE id=8 verdict=VALUE:9 expected=9 ok=1 entity=i relation=open reln=4 attitude=ignored ties=1
PROBE id=9 verdict=VALUE:10 expected=10 ok=1 entity=j relation=open reln=4 attitude=ignored ties=1
PROBE id=10 verdict=VALUE:11 expected=11 ok=1 entity=k relation=open reln=4 attitude=ignored ties=2
PROBE id=11 verdict=VALUE:12 expected=12 ok=1 entity=l relation=open reln=4 attitude=ignored ties=2
PROBE id=12 verdict=VALUE:13 expected=13 ok=1 entity=m relation=open reln=10 attitude=ignored ties=1
PROBE id=13 verdict=VALUE:14 expected=14 ok=1 entity=n relation=open reln=10 attitude=ignored ties=1
PROBE id=14 verdict=VALUE:15 expected=15 ok=1 entity=o relation=open reln=10 attitude=ignored ties=1
PROBE id=15 verdict=VALUE:16 expected=16 ok=1 entity=p relation=open reln=10 attitude=ignored ties=1
PROBE id=16 verdict=VALUE:17 expected=17 ok=1 entity=q relation=open reln=10 attitude=ignored ties=1
PROBE id=17 verdict=VALUE:18 expected=18 ok=1 entity=r relation=open reln=10 attitude=ignored ties=1
PROBE id=18 verdict=VALUE:19 expected=19 ok=1 entity=s relation=open reln=10 attitude=ignored ties=1
PROBE id=19 verdict=VALUE:20 expected=20 ok=1 entity=t relation=open reln=10 attitude=ignored ties=1
PROBE id=20 verdict=VALUE:21 expected=21 ok=1 entity=u relation=open reln=10 attitude=ignored ties=1
PROBE id=21 verdict=VALUE:22 expected=22 ok=1 entity=v relation=open reln=10 attitude=ignored ties=1
PROBE id=22 verdict=VALUE:23 expected=23 ok=1 entity=w relation=open reln=10 attitude=ignored ties=1
PROBE id=23 verdict=VALUE:24 expected=24 ok=1 entity=x relation=open reln=10 attitude=ignored ties=1
PROBE id=24 verdict=VALUE:25 expected=25 ok=1 entity=y relation=open reln=6 attitude=ignored ties=1
PROBE id=25 verdict=VALUE:26 expected=26 ok=1 entity=z relation=open reln=6 attitude=ignored ties=1
PROBE id=26 verdict=VALUE:1 expected=1 ok=1 entity=a relation=open reln=6 attitude=ignored ties=12
PROBE id=27 verdict=VALUE:2 expected=2 ok=1 entity=b relation=open reln=6 attitude=ignored ties=1
PROBE id=28 verdict=VALUE:3 expected=3 ok=1 entity=c relation=open reln=6 attitude=ignored ties=1
PROBE id=29 verdict=UNKNOWN expected=6 ok=0 entity=d relation=open reln=6 attitude=ignored ties=0
PROBE id=30 verdict=UNKNOWN expected=5 ok=0 entity=e relation=open reln=6 attitude=ignored ties=0
PROBE id=31 verdict=VALUE:6 expected=6 ok=1 entity=f relation=open reln=6 attitude=ignored ties=1
PROBE id=32 verdict=VALUE:7 expected=7 ok=1 entity=g relation=open reln=6 attitude=ignored ties=1
PROBE id=33 verdict=VALUE:8 expected=8 ok=1 entity=h relation=open reln=6 attitude=ignored ties=1
PROBE id=34 verdict=VALUE:9 expected=9 ok=1 entity=i relation=open reln=6 attitude=ignored ties=1
PROBE id=35 verdict=VALUE:10 expected=10 ok=1 entity=j relation=open reln=6 attitude=ignored ties=1
PROBE id=36 verdict=VALUE:11 expected=11 ok=1 entity=k relation=open reln=3 attitude=ignored ties=1
PROBE id=37 verdict=VALUE:12 expected=12 ok=1 entity=l relation=open reln=3 attitude=ignored ties=1
PROBE id=38 verdict=VALUE:13 expected=13 ok=1 entity=m relation=open reln=3 attitude=ignored ties=1
PROBE id=39 verdict=VALUE:14 expected=14 ok=1 entity=n relation=open reln=3 attitude=ignored ties=1
PROBE id=40 verdict=VALUE:15 expected=15 ok=1 entity=o relation=open reln=3 attitude=ignored ties=1
PROBE id=41 verdict=VALUE:16 expected=16 ok=1 entity=p relation=open reln=3 attitude=ignored ties=1
PROBE id=42 verdict=VALUE:17 expected=17 ok=1 entity=q relation=open reln=3 attitude=ignored ties=1
PROBE id=43 verdict=VALUE:18 expected=18 ok=1 entity=r relation=open reln=3 attitude=ignored ties=1
PROBE id=44 verdict=VALUE:19 expected=19 ok=1 entity=s relation=open reln=3 attitude=ignored ties=1
PROBE id=45 verdict=VALUE:20 expected=20 ok=1 entity=t relation=open reln=3 attitude=ignored ties=1
PROBE id=46 verdict=VALUE:21 expected=21 ok=1 entity=u relation=open reln=3 attitude=ignored ties=1
PROBE id=47 verdict=VALUE:22 expected=22 ok=1 entity=v relation=open reln=3 attitude=ignored ties=1
PROBE id=48 verdict=UNKNOWN expected=1 ok=0 entity=EMPTY relation=open reln=3 attitude=ignored ties=0
PROBE id=49 verdict=UNKNOWN expected=2 ok=0 entity=letters relation=open reln=1 attitude=ignored ties=0
PROBE id=50 verdict=VALUE:4 expected=3 ok=0 entity=word relation=letter_count reln=2 attitude=ignored ties=1
PROBE id=51 verdict=VALUE:4 expected=4 ok=1 entity=EMPTY relation=open reln=3 attitude=ignored ties=12
PROBE id=52 verdict=UNKNOWN expected=5 ok=0 entity=EMPTY relation=open reln=2 attitude=ignored ties=0
PROBE id=53 verdict=UNKNOWN expected=6 ok=0 entity=letters relation=open reln=2 attitude=ignored ties=0
PROBE id=54 verdict=UNKNOWN expected=7 ok=0 entity=word seconds relation=letter_count reln=2 attitude=ignored ties=0
PROBE id=55 verdict=UNKNOWN expected=7 ok=0 entity=EMPTY relation=open reln=4 attitude=ignored ties=0
PROBE id=56 verdict=UNKNOWN expected=9 ok=0 entity=EMPTY relation=open reln=3 attitude=ignored ties=0
PROBE id=57 verdict=UNKNOWN expected=10 ok=0 entity=letters relation=open reln=2 attitude=ignored ties=0
PROBE id=58 verdict=UNKNOWN expected=11 ok=0 entity=word handwriting relation=letter_count reln=2 attitude=ignored ties=0
PROBE id=59 verdict=UNKNOWN expected=12 ok=0 entity=EMPTY relation=open reln=4 attitude=ignored ties=0
PROBE id=60 verdict=VALUE:13 expected=13 ok=1 entity=extraordinary relation=open reln=2 attitude=ignored ties=1
PROBE id=61 verdict=VALUE:14 expected=14 ok=1 entity=responsibility relation=letter_count reln=2 attitude=ignored ties=1
PROBE id=62 verdict=VALUE:15 expected=15 ok=1 entity=congratulations relation=open reln=4 attitude=ignored ties=1
PROBE id=63 verdict=VALUE:16 expected=16 ok=1 entity=misunderstanding relation=open reln=3 attitude=ignored ties=1
PROBE id=64 verdict=VALUE:17 expected=17 ok=1 entity=misunderstandings relation=open reln=2 attitude=ignored ties=1
PROBE id=65 verdict=VALUE:18 expected=18 ok=1 entity=characteristically relation=letter_count reln=2 attitude=ignored ties=1
PROBE id=66 verdict=VALUE:19 expected=19 ok=1 entity=incomprehensibility relation=open reln=2 attitude=ignored ties=1
PROBE id=67 verdict=VALUE:20 expected=20 ok=1 entity=uncharacteristically relation=open reln=3 attitude=ignored ties=1
PROBE id=68 verdict=VALUE:21 expected=21 ok=1 entity=incomprehensibilities relation=open reln=4 attitude=ignored ties=1
PROBE id=69 verdict=VALUE:22 expected=22 ok=1 entity=electroencephalography relation=letter_count reln=2 attitude=ignored ties=1
PROBE id=70 verdict=VALUE:21 expected=21 ok=1 entity=disproportionableness relation=open reln=2 attitude=ignored ties=1
PROBE id=71 verdict=VALUE:21 expected=21 ok=1 entity=incontrovertibleness relation=open reln=3 attitude=ignored ties=1
PROBE id=72 verdict=VALUE:21 expected=21 ok=1 entity=counterdemonstrations relation=open reln=2 attitude=ignored ties=1
PROBE id=73 verdict=VALUE:21 expected=21 ok=1 entity=electroencephalograms relation=letter_count reln=2 attitude=ignored ties=1
PROBE id=74 verdict=VALUE:20 expected=20 ok=1 entity=internationalization relation=open reln=4 attitude=ignored ties=1
PROBE id=75 verdict=VALUE:25 expected=25 ok=1 entity=antidisestablishmentarian relation=open reln=4 attitude=ignored ties=1
PROBE id=76 verdict=VALUE:28 expected=28 ok=1 entity=antidisestablishmentarianism relation=open reln=2 attitude=ignored ties=1
PROBE id=77 verdict=VALUE:4 expected=4 ok=1 entity=time relation=letter_count reln=2 attitude=ignored ties=1
PROBE id=78 verdict=VALUE:4 expected=4 ok=1 entity=word relation=open reln=1 attitude=ignored ties=1
PROBE id=79 verdict=VALUE:8 expected=8 ok=1 entity=sentence relation=open reln=4 attitude=ignored ties=1
PROBE id=80 verdict=VALUE:8 expected=8 ok=1 entity=knowledge relation=open reln=4 attitude=ignored ties=1
PROBE id=81 verdict=VALUE:8 expected=8 ok=1 entity=question relation=letter_count reln=2 attitude=ignored ties=1
PROBE id=82 verdict=VALUE:6 expected=6 ok=1 entity=answer relation=open reln=2 attitude=ignored ties=1
PROBE id=83 verdict=VALUE:7 expected=7 ok=1 entity=library relation=open reln=4 attitude=ignored ties=1
PROBE id=84 verdict=UNKNOWN expected=4 ok=0 entity=book relation=open reln=3 attitude=ignored ties=0
PROBE id=85 verdict=UNKNOWN expected=5 ok=0 entity=novel relation=letter_count reln=2 attitude=ignored ties=0
PROBE id=86 verdict=UNKNOWN expected=5 ok=0 entity=story relation=open reln=5 attitude=ignored ties=0
PROBE id=87 verdict=UNKNOWN expected=4 ok=0 entity=poem relation=open reln=4 attitude=ignored ties=0
PROBE id=88 verdict=UNKNOWN expected=5 ok=0 entity=rhyme relation=open reln=3 attitude=ignored ties=0
PROBE id=89 verdict=UNKNOWN expected=7 ok=0 entity=grammar relation=letter_count reln=2 attitude=ignored ties=0
PROBE id=90 verdict=UNKNOWN expected=8 ok=0 entity=spelling relation=open reln=3 attitude=ignored ties=0
PROBE id=91 verdict=UNKNOWN expected=10 ok=0 entity=vocabulary relation=open reln=4 attitude=ignored ties=0
PROBE id=92 verdict=UNKNOWN expected=9 ok=0 entity=paragraph relation=open reln=5 attitude=ignored ties=0
PROBE id=93 verdict=UNKNOWN expected=7 ok=0 entity=chapter relation=letter_count reln=2 attitude=ignored ties=0
PROBE id=94 verdict=UNKNOWN expected=4 ok=0 entity=page relation=open reln=3 attitude=ignored ties=0
PROBE id=95 verdict=UNKNOWN expected=3 ok=0 entity=ink relation=open reln=4 attitude=ignored ties=0
PROBE id=96 verdict=UNKNOWN expected=1603 ok=0 entity=year relation=open reln=3 attitude=ignored ties=0
PROBE id=97 verdict=UNKNOWN expected=1605 ok=0 entity=year relation=open reln=3 attitude=ignored ties=0
PROBE id=98 verdict=UNKNOWN expected=1608 ok=0 entity=year relation=open reln=4 attitude=ignored ties=0
PROBE id=99 verdict=UNKNOWN expected=1611 ok=0 entity=year relation=open reln=4 attitude=ignored ties=0
PROBE id=100 verdict=UNKNOWN expected=1623 ok=0 entity=year relation=open reln=3 attitude=ignored ties=0
PROBE id=101 verdict=UNKNOWN expected=1651 ok=0 entity=year relation=open reln=3 attitude=ignored ties=0
PROBE id=102 verdict=UNKNOWN expected=1667 ok=0 entity=year relation=open reln=3 attitude=ignored ties=0
PROBE id=103 verdict=UNKNOWN expected=1688 ok=0 entity=year relation=open reln=3 attitude=ignored ties=0
PROBE id=104 verdict=UNKNOWN expected=1719 ok=0 entity=year relation=open reln=3 attitude=ignored ties=0
PROBE id=105 verdict=UNKNOWN expected=1726 ok=0 entity=year relation=open reln=3 attitude=ignored ties=0
PROBE id=106 verdict=UNKNOWN expected=1740 ok=0 entity=year relation=open reln=3 attitude=ignored ties=0
PROBE id=107 verdict=UNKNOWN expected=1749 ok=0 entity=year relation=open reln=3 attitude=ignored ties=0
PROBE id=108 verdict=VALUE:1759 expected=1759 ok=1 entity=candide relation=publication_year reln=2 attitude=ignored ties=1
PROBE id=109 verdict=VALUE:1766 expected=1766 ok=1 entity=vicar wakefield relation=publication_year reln=2 attitude=ignored ties=1
PROBE id=110 verdict=VALUE:1776 expected=1776 ok=1 entity=wealth nations relation=publication_year reln=2 attitude=ignored ties=1
PROBE id=111 verdict=VALUE:1813 expected=1813 ok=1 entity=pride prejudice relation=publication_year reln=2 attitude=ignored ties=1
PROBE id=112 verdict=VALUE:1818 expected=1818 ok=1 entity=frankenstein relation=publication_year reln=2 attitude=ignored ties=1
PROBE id=113 verdict=VALUE:1826 expected=1826 ok=1 entity=last mohicans relation=publication_year reln=2 attitude=ignored ties=1
PROBE id=114 verdict=VALUE:1847 expected=1847 ok=1 entity=jane eyre relation=publication_year reln=2 attitude=ignored ties=1
PROBE id=115 verdict=VALUE:1847 expected=1847 ok=1 entity=wuthering heights relation=publication_year reln=2 attitude=ignored ties=1
PROBE id=116 verdict=VALUE:1850 expected=1850 ok=1 entity=scarlet letter relation=publication_year reln=2 attitude=ignored ties=1
PROBE id=117 verdict=VALUE:1851 expected=1851 ok=1 entity=david copperfield relation=publication_year reln=2 attitude=ignored ties=1
PROBE id=118 verdict=VALUE:1851 expected=1851 ok=1 entity=moby dick relation=publication_year reln=2 attitude=ignored ties=1
PROBE id=119 verdict=VALUE:1852 expected=1852 ok=1 entity=uncle tom cabin relation=publication_year reln=2 attitude=ignored ties=1
PROBE id=120 verdict=VALUE:1854 expected=1854 ok=1 entity=walden relation=open reln=2 attitude=ignored ties=1
PROBE id=121 verdict=VALUE:1857 expected=1857 ok=1 entity=madame bovary relation=open reln=2 attitude=ignored ties=1
PROBE id=122 verdict=UNKNOWN expected=1859 ok=0 entity=a tale of two cities relation=open reln=2 attitude=ignored ties=0
PROBE id=123 verdict=VALUE:1861 expected=1861 ok=1 entity=great expectations relation=open reln=2 attitude=ignored ties=1
PROBE id=124 verdict=VALUE:1862 expected=1862 ok=1 entity=les miserables relation=open reln=2 attitude=ignored ties=1
PROBE id=125 verdict=UNKNOWN expected=1865 ok=0 entity=alice s adventures in wonderland relation=open reln=2 attitude=ignored ties=0
PROBE id=126 verdict=UNKNOWN expected=1866 ok=0 entity=crime and punishment relation=open reln=2 attitude=ignored ties=0
PROBE id=127 verdict=UNKNOWN expected=1869 ok=0 entity=war and peace relation=open reln=2 attitude=ignored ties=0
PROBE id=128 verdict=UNKNOWN expected=1871 ok=0 entity=through the looking glass relation=open reln=2 attitude=ignored ties=0
PROBE id=129 verdict=VALUE:1878 expected=1878 ok=1 entity=anna karenina relation=open reln=2 attitude=ignored ties=1
PROBE id=130 verdict=UNKNOWN expected=1880 ok=0 entity=the brothers karamazov relation=open reln=2 attitude=ignored ties=0
PROBE id=131 verdict=VALUE:1883 expected=1883 ok=1 entity=treasure island relation=open reln=2 attitude=ignored ties=1
PROBE id=132 verdict=UNKNOWN expected=1884 ok=0 entity=year relation=open reln=4 attitude=ignored ties=0
PROBE id=133 verdict=UNKNOWN expected=1886 ok=0 entity=year relation=open reln=3 attitude=ignored ties=0
PROBE id=134 verdict=UNKNOWN expected=1886 ok=0 entity=year relation=open reln=7 attitude=ignored ties=0
PROBE id=135 verdict=UNKNOWN expected=1887 ok=0 entity=year relation=open reln=4 attitude=ignored ties=0
PROBE id=136 verdict=UNKNOWN expected=1890 ok=0 entity=year relation=open reln=6 attitude=ignored ties=0
PROBE id=137 verdict=UNKNOWN expected=1891 ok=0 entity=year relation=open reln=6 attitude=ignored ties=0
PROBE id=138 verdict=UNKNOWN expected=1892 ok=0 entity=year relation=open reln=4 attitude=ignored ties=0
PROBE id=139 verdict=VALUE:8 expected=1896 ok=0 entity=h relation=open reln=6 attitude=ignored ties=1
PROBE id=140 verdict=UNKNOWN expected=1897 ok=0 entity=year relation=open reln=4 attitude=ignored ties=0
PROBE id=141 verdict=VALUE:8 expected=1898 ok=0 entity=h relation=open reln=6 attitude=ignored ties=1
PROBE id=142 verdict=UNKNOWN expected=1903 ok=0 entity=year relation=open reln=5 attitude=ignored ties=0
PROBE id=143 verdict=VALUE:6 expected=1925 ok=0 entity=f relation=open reln=6 attitude=ignored ties=1
PROBE id=144 verdict=UNKNOWN expected=26 ok=0 entity=letters relation=open reln=2 attitude=ignored ties=0
PROBE id=145 verdict=UNKNOWN expected=5 ok=0 entity=vowels relation=open reln=2 attitude=ignored ties=0
PROBE id=146 verdict=UNKNOWN expected=21 ok=0 entity=consonants relation=open reln=2 attitude=ignored ties=0
PROBE id=147 verdict=UNKNOWN expected=7 ok=0 entity=days relation=open reln=2 attitude=ignored ties=0
PROBE id=148 verdict=UNKNOWN expected=12 ok=0 entity=months relation=open reln=2 attitude=ignored ties=0
PROBE id=149 verdict=UNKNOWN expected=4 ok=0 entity=seasons relation=open reln=2 attitude=ignored ties=0
PROBE id=150 verdict=UNKNOWN expected=52 ok=0 entity=weeks relation=open reln=2 attitude=ignored ties=0
PROBE id=151 verdict=UNKNOWN expected=24 ok=0 entity=hours relation=open reln=2 attitude=ignored ties=0
PROBE id=152 verdict=UNKNOWN expected=60 ok=0 entity=minutes relation=open reln=1 attitude=ignored ties=0
PROBE id=153 verdict=VALUE:7 expected=60 ok=0 entity=seconds relation=open reln=2 attitude=ignored ties=1
PROBE id=154 verdict=UNKNOWN expected=168 ok=0 entity=hours relation=open reln=2 attitude=ignored ties=0
PROBE id=155 verdict=UNKNOWN expected=27 ok=0 entity=amendments relation=open reln=2 attitude=ignored ties=0
PROBE id=156 verdict=UNKNOWN expected=10 ok=0 entity=digits relation=open reln=3 attitude=ignored ties=0
PROBE id=157 verdict=UNKNOWN expected=100 ok=0 entity=years relation=open reln=2 attitude=ignored ties=0
PROBE id=158 verdict=UNKNOWN expected=12 ok=0 entity=inches relation=open reln=2 attitude=ignored ties=0
PROBE id=159 verdict=UNKNOWN expected=3 ok=0 entity=feet relation=open reln=2 attitude=ignored ties=0
PROBE id=160 verdict=UNKNOWN expected=18 ok=0 entity=holes relation=open reln=4 attitude=ignored ties=0
PROBE id=161 verdict=UNKNOWN expected=4 ok=0 entity=quarts relation=open reln=2 attitude=ignored ties=0
PROBE id=162 verdict=UNKNOWN expected=2 ok=0 entity=pints relation=open reln=2 attitude=ignored ties=0
PROBE id=163 verdict=UNKNOWN expected=4 ok=0 entity=sides a triangle relation=open reln=0 attitude=ignored ties=0
PROBE id=164 verdict=UNKNOWN expected=3 ok=0 entity=primary colors relation=open reln=0 attitude=ignored ties=0
PROBE id=165 verdict=UNKNOWN expected=7 ok=0 entity=colors relation=open reln=1 attitude=ignored ties=0
PROBE id=166 verdict=UNKNOWN expected=88 ok=0 entity=keys relation=open reln=3 attitude=ignored ties=0
PROBE id=167 verdict=UNKNOWN expected=6 ok=0 entity=strings relation=open reln=3 attitude=ignored ties=0
PROBE id=168 verdict=UNKNOWN expected=4 ok=0 entity=strings a standard violin relation=open reln=0 attitude=ignored ties=0
PROBE id=169 verdict=UNKNOWN expected=8 ok=0 entity=planets relation=open reln=5 attitude=ignored ties=0
PROBE id=170 verdict=UNKNOWN expected=4 ok=0 entity=members relation=open reln=1 attitude=ignored ties=0
PROBE id=171 verdict=UNKNOWN expected=5 ok=0 entity=members relation=open reln=1 attitude=ignored ties=0
PROBE id=172 verdict=VALUE:50 expected=50 ok=1 entity=EMPTY relation=open reln=4 attitude=ignored ties=1
PROBE id=173 verdict=UNKNOWN expected=13 ok=0 entity=stripes relation=open reln=2 attitude=ignored ties=0
PROBE id=174 verdict=UNKNOWN expected=50 ok=0 entity=stars relation=open reln=2 attitude=ignored ties=0
PROBE id=175 verdict=UNKNOWN expected=7 ok=0 entity=continents relation=open reln=4 attitude=ignored ties=0
PROBE id=176 verdict=UNKNOWN expected=5 ok=0 entity=oceans relation=open reln=1 attitude=ignored ties=0
PROBE id=177 verdict=UNKNOWN expected=15 ok=0 entity=players relation=open reln=4 attitude=ignored ties=0
PROBE id=178 verdict=UNKNOWN expected=10 ok=0 entity=players relation=open reln=4 attitude=ignored ties=0
PROBE id=179 verdict=UNKNOWN expected=5 ok=0 entity=players relation=open reln=4 attitude=ignored ties=0
PROBE id=180 verdict=UNKNOWN expected=11 ok=0 entity=players relation=open reln=6 attitude=ignored ties=0
PROBE id=181 verdict=UNKNOWN expected=11 ok=0 entity=players relation=open reln=7 attitude=ignored ties=0
PROBE id=182 verdict=UNKNOWN expected=4 ok=0 entity=suits relation=open reln=5 attitude=ignored ties=0
PROBE id=183 verdict=UNKNOWN expected=13 ok=0 entity=cards relation=open reln=6 attitude=ignored ties=0
PROBE id=184 verdict=UNKNOWN expected=52 ok=0 entity=total cards relation=open reln=4 attitude=ignored ties=0
PROBE id=185 verdict=UNKNOWN expected=64 ok=0 entity=squares relation=open reln=3 attitude=ignored ties=0
PROBE id=186 verdict=UNKNOWN expected=16 ok=0 entity=EMPTY relation=open reln=7 attitude=ignored ties=0
PROBE id=187 verdict=UNKNOWN expected=8 ok=0 entity=pawns each side relation=open reln=4 attitude=ignored ties=0
PROBE id=188 verdict=UNKNOWN expected=6 ok=0 entity=faces a standard die relation=open reln=0 attitude=ignored ties=0
PROBE id=189 verdict=VALUE:21 expected=21 ok=1 entity=EMPTY relation=open reln=7 attitude=ignored ties=1
PROBE id=190 verdict=UNKNOWN expected=12 ok=0 entity=pairs ribs relation=open reln=2 attitude=ignored ties=0
PROBE id=191 verdict=UNKNOWN expected=32 ok=0 entity=teeth relation=open reln=5 attitude=ignored ties=0
PROBE id=192 verdict=UNKNOWN expected=2 ok=0 entity=lungs a human relation=open reln=0 attitude=ignored ties=0
PROBE id=193 verdict=UNKNOWN expected=2 ok=0 entity=kidneys a human relation=open reln=0 attitude=ignored ties=0
PROBE id=194 verdict=UNKNOWN expected=4 ok=0 entity=chambers human heart relation=open reln=0 attitude=ignored ties=0
PROBE id=195 verdict=VALUE:12 expected=12 ok=1 entity=EMPTY relation=open reln=3 attitude=ignored ties=1
PROBE id=196 verdict=UNKNOWN expected=12 ok=0 entity=olympian gods relation=open reln=0 attitude=ignored ties=0
PROBE id=197 verdict=UNKNOWN expected=7 ok=0 entity=wonders ancient world relation=open reln=0 attitude=ignored ties=0
PROBE id=198 verdict=UNKNOWN expected=9 ok=0 entity=muses relation=open reln=2 attitude=ignored ties=0
PROBE id=199 verdict=UNKNOWN expected=3 ok=0 entity=fates relation=open reln=2 attitude=ignored ties=0
PROBE id=200 verdict=UNKNOWN expected=12 ok=0 entity=apostles jesus relation=open reln=0 attitude=ignored ties=0
PROBE id=201 verdict=UNKNOWN expected=10 ok=0 entity=commandments relation=open reln=0 attitude=ignored ties=0
PROBE id=202 verdict=UNKNOWN expected=7 ok=0 entity=deadly sins relation=open reln=0 attitude=ignored ties=0
PROBE id=203 verdict=UNKNOWN expected=66 ok=0 entity=books relation=open reln=2 attitude=ignored ties=0
PROBE id=204 verdict=UNKNOWN expected=4 ok=0 entity=gospels relation=open reln=2 attitude=ignored ties=0
PROBE id=205 verdict=UNKNOWN expected=38 ok=0 entity=plays relation=open reln=2 attitude=ignored ties=0
PROBE id=206 verdict=UNKNOWN expected=12 ok=0 entity=short stories relation=open reln=3 attitude=ignored ties=0
PROBE id=207 verdict=UNKNOWN expected=4 ok=0 entity=sherlock holmes novels relation=open reln=0 attitude=ignored ties=0
PROBE id=208 verdict=UNKNOWN expected=56 ok=0 entity=sherlock holmes short stories relation=open reln=1 attitude=ignored ties=0
PROBE id=209 verdict=UNKNOWN expected=3 ok=0 entity=volumes lord rings relation=open reln=0 attitude=ignored ties=0
PROBE id=210 verdict=UNKNOWN expected=7 ok=0 entity=harry potter books relation=open reln=0 attitude=ignored ties=0
PROBE id=211 verdict=UNKNOWN expected=7 ok=0 entity=chronicles narnia books relation=open reln=0 attitude=ignored ties=0
PROBE id=212 verdict=UNKNOWN expected=5 ok=0 entity=books relation=open reln=4 attitude=ignored ties=0
PROBE id=213 verdict=UNKNOWN expected=4 ok=0 entity=teenage mutant ninja turtles relation=open reln=0 attitude=ignored ties=0
PROBE id=214 verdict=UNKNOWN expected=7 ok=0 entity=dwarfs relation=open reln=2 attitude=ignored ties=0
PROBE id=215 verdict=UNKNOWN expected=101 ok=0 entity=dalmatians relation=open reln=2 attitude=ignored ties=0
PROBE id=216 verdict=UNKNOWN expected=12 ok=0 entity=the twelve days of christmas relation=open reln=3 attitude=ignored ties=0
PROBE id=217 verdict=UNKNOWN expected=8 ok=0 entity=reindeer relation=open reln=5 attitude=ignored ties=0
PROBE id=218 verdict=UNKNOWN expected=9 ok=0 entity=reindeer relation=open reln=5 attitude=ignored ties=0
PROBE id=219 verdict=UNKNOWN expected=40 ok=0 entity=EMPTY relation=open reln=6 attitude=ignored ties=0
PROBE id=220 verdict=UNKNOWN expected=12 ok=0 entity=eggs relation=open reln=6 attitude=ignored ties=0
PROBE id=221 verdict=UNKNOWN expected=12 ok=0 entity=dozens relation=open reln=6 attitude=ignored ties=0
PROBE id=222 verdict=UNKNOWN expected=144 ok=0 entity=items relation=open reln=6 attitude=ignored ties=0
PROBE id=223 verdict=UNKNOWN expected=20 ok=0 entity=items relation=open reln=5 attitude=ignored ties=0
PROBE id=224 verdict=UNKNOWN expected=30 ok=0 entity=teams relation=open reln=4 attitude=ignored ties=0
PROBE id=225 verdict=UNKNOWN expected=9 ok=0 entity=justices relation=open reln=3 attitude=ignored ties=0
PROBE id=226 verdict=UNKNOWN expected=100 ok=0 entity=centimeters relation=open reln=6 attitude=ignored ties=0
PROBE id=227 verdict=UNKNOWN expected=100 ok=0 entity=senators relation=open reln=2 attitude=ignored ties=0
PROBE id=228 verdict=UNKNOWN expected=16 ok=0 entity=ounces relation=open reln=2 attitude=ignored ties=0
PROBE id=229 verdict=UNKNOWN expected=118 ok=0 entity=elements relation=open reln=2 attitude=ignored ties=0
PROBE id=230 verdict=UNKNOWN expected=4 ok=0 entity=galilean moons jupiter relation=open reln=0 attitude=ignored ties=0
PROBE id=231 verdict=UNKNOWN expected=7 ok=0 entity=legs a spider relation=open reln=0 attitude=ignored ties=0
PROBE id=232 verdict=UNKNOWN expected=12 ok=0 entity=hours relation=open reln=4 attitude=ignored ties=0
PROBE id=233 verdict=UNKNOWN expected=30 ok=0 entity=days relation=open reln=1 attitude=ignored ties=0
PROBE id=234 verdict=UNKNOWN expected=31 ok=0 entity=days relation=open reln=1 attitude=ignored ties=0
PROBE id=235 verdict=UNKNOWN expected=28 ok=0 entity=days relation=open reln=4 attitude=ignored ties=0
PROBE id=236 verdict=UNKNOWN expected=29 ok=0 entity=days relation=open reln=4 attitude=ignored ties=0
PROBE id=237 verdict=UNKNOWN expected=10 ok=0 entity=provinces canada relation=open reln=0 attitude=ignored ties=0
PROBE id=238 verdict=UNKNOWN expected=27 ok=0 entity=books relation=open reln=2 attitude=ignored ties=0
PROBE id=239 verdict=UNKNOWN expected=39 ok=0 entity=books relation=open reln=4 attitude=ignored ties=0
SUMMARY ninstall=481 ncorroborate=228 ncontradict=2 nquarantine=0 ndenial=3 nderived=0 nfail=0 nprobe=240 full=90/240 clean=87/204
DIGEST f8832e09e25a2331103bc0c41a8feb21329734741a46c58232dd5f72e3d6941d
DIGEST2 f8832e09e25a2331103bc0c41a8feb21329734741a46c58232dd5f72e3d6941d
LEDGER a7f4222301fdf738e591ded74571b9854058cfdbe43142527608bbe1bd237f0e
VERIFY chain=1 dmatch=1
RESULT PASS
