znc: warning: zagd unavailable; foreground compilation continues without background planning
warning[A0102]: ignored return value of `link_edge` — result is discarded
  --> lv_full_ctl.zag:275
   = note: in function `ev_teach`: this function returns a non-void value that is discarded
   = hint: bind the result to a `let` and use it, or add `// znc:allow A0102` to suppress
warning[A0102]: ignored return value of `link_edge` — result is discarded
  --> lv_full_ctl.zag:275
   = note: in function `ev_teach`: this function returns a non-void value that is discarded
   = hint: bind the result to a `let` and use it, or add `// znc:allow A0102` to suppress
warning[A0102]: ignored return value of `link_edge` — result is discarded
  --> lv_full_ctl.zag:288
   = note: in function `ev_teach_in`: this function returns a non-void value that is discarded
   = hint: bind the result to a `let` and use it, or add `// znc:allow A0102` to suppress
warning[A0102]: ignored return value of `link_edge` — result is discarded
  --> lv_full_ctl.zag:296
   = note: in function `seq_link`: this function returns a non-void value that is discarded
   = hint: bind the result to a `let` and use it, or add `// znc:allow A0102` to suppress
warning[A0102]: ignored return value of `link_edge` — result is discarded
  --> lv_full_ctl.zag:341
   = note: in function `t2_asm_chain`: this function returns a non-void value that is discarded
   = hint: bind the result to a `let` and use it, or add `// znc:allow A0102` to suppress
warning[A0102]: ignored return value of `link_edge` — result is discarded
  --> lv_full_ctl.zag:357
   = note: in function `t2_asm_count`: this function returns a non-void value that is discarded
   = hint: bind the result to a `let` and use it, or add `// znc:allow A0102` to suppress
warning[A0102]: ignored return value of `link_edge` — result is discarded
  --> lv_full_ctl.zag:511
   = note: in function `promote_graph`: this function returns a non-void value that is discarded
   = hint: bind the result to a `let` and use it, or add `// znc:allow A0102` to suppress
warning[A0102]: ignored return value of `link_edge` — result is discarded
  --> lv_full_ctl.zag:511
   = note: in function `promote_graph`: this function returns a non-void value that is discarded
   = hint: bind the result to a `let` and use it, or add `// znc:allow A0102` to suppress
warning[A0102]: ignored return value of `link_edge` — result is discarded
  --> lv_full_ctl.zag:511
   = note: in function `promote_graph`: this function returns a non-void value that is discarded
   = hint: bind the result to a `let` and use it, or add `// znc:allow A0102` to suppress
warning[A0102]: ignored return value of `link_edge` — result is discarded
  --> lv_full_ctl.zag:511
   = note: in function `promote_graph`: this function returns a non-void value that is discarded
   = hint: bind the result to a `let` and use it, or add `// znc:allow A0102` to suppress
warning[A0102]: ignored return value of `ev_teach_in` — result is discarded
  --> lv_full_ctl.zag:511
   = note: in function `promote_graph`: this function returns a non-void value that is discarded
   = hint: bind the result to a `let` and use it, or add `// znc:allow A0102` to suppress
warning[A0102]: ignored return value of `link_edge` — result is discarded
  --> lv_full_ctl.zag:556
   = note: in function `contradict_map`: this function returns a non-void value that is discarded
   = hint: bind the result to a `let` and use it, or add `// znc:allow A0102` to suppress
warning[A0102]: ignored return value of `promote_graph` — result is discarded
  --> lv_full_ctl.zag:564
   = note: in function `t2_trial`: this function returns a non-void value that is discarded
   = hint: bind the result to a `let` and use it, or add `// znc:allow A0102` to suppress
warning[A0102]: ignored return value of `promote_graph` — result is discarded
  --> lv_full_ctl.zag:564
   = note: in function `t2_trial`: this function returns a non-void value that is discarded
   = hint: bind the result to a `let` and use it, or add `// znc:allow A0102` to suppress
warning[A0102]: ignored return value of `promote_graph` — result is discarded
  --> lv_full_ctl.zag:564
   = note: in function `t2_trial`: this function returns a non-void value that is discarded
   = hint: bind the result to a `let` and use it, or add `// znc:allow A0102` to suppress
warning[A0102]: ignored return value of `promote_graph` — result is discarded
  --> lv_full_ctl.zag:564
   = note: in function `t2_trial`: this function returns a non-void value that is discarded
   = hint: bind the result to a `let` and use it, or add `// znc:allow A0102` to suppress
warning[A0102]: ignored return value of `t2_revise_graph` — result is discarded
  --> lv_full_ctl.zag:663
   = note: in function `revise_on_contradict`: this function returns a non-void value that is discarded
   = hint: bind the result to a `let` and use it, or add `// znc:allow A0102` to suppress
warning[A0102]: ignored return value of `link_edge` — result is discarded
  --> lv_full_ctl.zag:684
   = note: in function `t2_revise_graph`: this function returns a non-void value that is discarded
   = hint: bind the result to a `let` and use it, or add `// znc:allow A0102` to suppress
warning[A0102]: ignored return value of `link_edge` — result is discarded
  --> lv_full_ctl.zag:684
   = note: in function `t2_revise_graph`: this function returns a non-void value that is discarded
   = hint: bind the result to a `let` and use it, or add `// znc:allow A0102` to suppress
warning[A0102]: ignored return value of `ev_teach_in` — result is discarded
  --> lv_full_ctl.zag:684
   = note: in function `t2_revise_graph`: this function returns a non-void value that is discarded
   = hint: bind the result to a `let` and use it, or add `// znc:allow A0102` to suppress
warning[A0102]: ignored return value of `link_edge` — result is discarded
  --> lv_full_ctl.zag:731
   = note: in function `k_get`: this function returns a non-void value that is discarded
   = hint: bind the result to a `let` and use it, or add `// znc:allow A0102` to suppress
warning[A0102]: ignored return value of `link_edge` — result is discarded
  --> lv_full_ctl.zag:741
   = note: in function `bootstrap_miss`: this function returns a non-void value that is discarded
   = hint: bind the result to a `let` and use it, or add `// znc:allow A0102` to suppress
warning[A0102]: ignored return value of `link_edge` — result is discarded
  --> lv_full_ctl.zag:741
   = note: in function `bootstrap_miss`: this function returns a non-void value that is discarded
   = hint: bind the result to a `let` and use it, or add `// znc:allow A0102` to suppress
warning[A0102]: ignored return value of `link_edge` — result is discarded
  --> lv_full_ctl.zag:741
   = note: in function `bootstrap_miss`: this function returns a non-void value that is discarded
   = hint: bind the result to a `let` and use it, or add `// znc:allow A0102` to suppress
warning[A0102]: ignored return value of `ev_teach_in` — result is discarded
  --> lv_full_ctl.zag:741
   = note: in function `bootstrap_miss`: this function returns a non-void value that is discarded
   = hint: bind the result to a `let` and use it, or add `// znc:allow A0102` to suppress
warning[A0102]: ignored return value of `link_edge` — result is discarded
  --> lv_full_ctl.zag:773
   = note: in function `miss_inquire`: this function returns a non-void value that is discarded
   = hint: bind the result to a `let` and use it, or add `// znc:allow A0102` to suppress
warning[A0102]: ignored return value of `link_edge` — result is discarded
  --> lv_full_ctl.zag:773
   = note: in function `miss_inquire`: this function returns a non-void value that is discarded
   = hint: bind the result to a `let` and use it, or add `// znc:allow A0102` to suppress
warning[A0102]: ignored return value of `link_edge` — result is discarded
  --> lv_full_ctl.zag:791
   = note: in function `ev_query`: this function returns a non-void value that is discarded
   = hint: bind the result to a `let` and use it, or add `// znc:allow A0102` to suppress
warning[A0102]: ignored return value of `link_edge` — result is discarded
  --> lv_full_ctl.zag:791
   = note: in function `ev_query`: this function returns a non-void value that is discarded
   = hint: bind the result to a `let` and use it, or add `// znc:allow A0102` to suppress
warning[A0102]: ignored return value of `link_edge` — result is discarded
  --> lv_full_ctl.zag:814
   = note: in function `ev_act`: this function returns a non-void value that is discarded
   = hint: bind the result to a `let` and use it, or add `// znc:allow A0102` to suppress
warning[A0102]: ignored return value of `pred_record` — result is discarded
  --> lv_full_ctl.zag:905
   = note: in function `ev_predict`: this function returns a non-void value that is discarded
   = hint: bind the result to a `let` and use it, or add `// znc:allow A0102` to suppress
warning[A0102]: ignored return value of `pred_record` — result is discarded
  --> lv_full_ctl.zag:905
   = note: in function `ev_predict`: this function returns a non-void value that is discarded
   = hint: bind the result to a `let` and use it, or add `// znc:allow A0102` to suppress
warning[A0102]: ignored return value of `link_edge` — result is discarded
  --> lv_full_ctl.zag:968
   = note: in function `ev_observe`: this function returns a non-void value that is discarded
   = hint: bind the result to a `let` and use it, or add `// znc:allow A0102` to suppress
warning[A0102]: ignored return value of `link_edge` — result is discarded
  --> lv_full_ctl.zag:968
   = note: in function `ev_observe`: this function returns a non-void value that is discarded
   = hint: bind the result to a `let` and use it, or add `// znc:allow A0102` to suppress
warning[A0102]: ignored return value of `link_edge` — result is discarded
  --> lv_full_ctl.zag:968
   = note: in function `ev_observe`: this function returns a non-void value that is discarded
   = hint: bind the result to a `let` and use it, or add `// znc:allow A0102` to suppress
warning[A0102]: ignored return value of `link_edge` — result is discarded
  --> lv_full_ctl.zag:968
   = note: in function `ev_observe`: this function returns a non-void value that is discarded
   = hint: bind the result to a `let` and use it, or add `// znc:allow A0102` to suppress
warning[A0102]: ignored return value of `ev_teach_in` — result is discarded
  --> lv_full_ctl.zag:968
   = note: in function `ev_observe`: this function returns a non-void value that is discarded
   = hint: bind the result to a `let` and use it, or add `// znc:allow A0102` to suppress
warning[A0102]: ignored return value of `promote_graph` — result is discarded
  --> lv_full_ctl.zag:1116
   = note: in function `t2_trial_learner`: this function returns a non-void value that is discarded
   = hint: bind the result to a `let` and use it, or add `// znc:allow A0102` to suppress
warning[A0102]: ignored return value of `promote_graph` — result is discarded
  --> lv_full_ctl.zag:1116
   = note: in function `t2_trial_learner`: this function returns a non-void value that is discarded
   = hint: bind the result to a `let` and use it, or add `// znc:allow A0102` to suppress
warning[A0102]: ignored return value of `promote_graph` — result is discarded
  --> lv_full_ctl.zag:1116
   = note: in function `t2_trial_learner`: this function returns a non-void value that is discarded
   = hint: bind the result to a `let` and use it, or add `// znc:allow A0102` to suppress
warning[A0102]: ignored return value of `promote_graph` — result is discarded
  --> lv_full_ctl.zag:1116
   = note: in function `t2_trial_learner`: this function returns a non-void value that is discarded
   = hint: bind the result to a `let` and use it, or add `// znc:allow A0102` to suppress
warning[A0102]: ignored return value of `ev_teach` — result is discarded
  --> lv_full_ctl.zag:1264
   = note: in function `v1`: this function returns a non-void value that is discarded
   = hint: bind the result to a `let` and use it, or add `// znc:allow A0102` to suppress
warning[A0102]: ignored return value of `ev_teach` — result is discarded
  --> lv_full_ctl.zag:1264
   = note: in function `v1`: this function returns a non-void value that is discarded
   = hint: bind the result to a `let` and use it, or add `// znc:allow A0102` to suppress
warning[A0102]: ignored return value of `ev_teach` — result is discarded
  --> lv_full_ctl.zag:1264
   = note: in function `v1`: this function returns a non-void value that is discarded
   = hint: bind the result to a `let` and use it, or add `// znc:allow A0102` to suppress
warning[A0102]: ignored return value of `ev_teach` — result is discarded
  --> lv_full_ctl.zag:1264
   = note: in function `v1`: this function returns a non-void value that is discarded
   = hint: bind the result to a `let` and use it, or add `// znc:allow A0102` to suppress
warning[A0102]: ignored return value of `ev_observe` — result is discarded
  --> lv_full_ctl.zag:1264
   = note: in function `v1`: this function returns a non-void value that is discarded
   = hint: bind the result to a `let` and use it, or add `// znc:allow A0102` to suppress
warning[A0102]: ignored return value of `ev_teach` — result is discarded
  --> lv_full_ctl.zag:1264
   = note: in function `v1`: this function returns a non-void value that is discarded
   = hint: bind the result to a `let` and use it, or add `// znc:allow A0102` to suppress
warning[A0102]: ignored return value of `ev_teach` — result is discarded
  --> lv_full_ctl.zag:1264
   = note: in function `v1`: this function returns a non-void value that is discarded
   = hint: bind the result to a `let` and use it, or add `// znc:allow A0102` to suppress
warning[A0102]: ignored return value of `ev_teach` — result is discarded
  --> lv_full_ctl.zag:1264
   = note: in function `v1`: this function returns a non-void value that is discarded
   = hint: bind the result to a `let` and use it, or add `// znc:allow A0102` to suppress
warning[A0102]: ignored return value of `ev_teach` — result is discarded
  --> lv_full_ctl.zag:1264
   = note: in function `v1`: this function returns a non-void value that is discarded
   = hint: bind the result to a `let` and use it, or add `// znc:allow A0102` to suppress
warning[A0102]: ignored return value of `ev_teach` — result is discarded
  --> lv_full_ctl.zag:1294
   = note: in function `v2`: this function returns a non-void value that is discarded
   = hint: bind the result to a `let` and use it, or add `// znc:allow A0102` to suppress
warning[A0102]: ignored return value of `ev_teach` — result is discarded
  --> lv_full_ctl.zag:1294
   = note: in function `v2`: this function returns a non-void value that is discarded
   = hint: bind the result to a `let` and use it, or add `// znc:allow A0102` to suppress
warning[A0102]: ignored return value of `ev_teach` — result is discarded
  --> lv_full_ctl.zag:1294
   = note: in function `v2`: this function returns a non-void value that is discarded
   = hint: bind the result to a `let` and use it, or add `// znc:allow A0102` to suppress
warning[A0102]: ignored return value of `ev_teach` — result is discarded
  --> lv_full_ctl.zag:1294
   = note: in function `v2`: this function returns a non-void value that is discarded
   = hint: bind the result to a `let` and use it, or add `// znc:allow A0102` to suppress
warning[A0102]: ignored return value of `ev_observe` — result is discarded
  --> lv_full_ctl.zag:1294
   = note: in function `v2`: this function returns a non-void value that is discarded
   = hint: bind the result to a `let` and use it, or add `// znc:allow A0102` to suppress
warning[A0102]: ignored return value of `ev_teach` — result is discarded
  --> lv_full_ctl.zag:1294
   = note: in function `v2`: this function returns a non-void value that is discarded
   = hint: bind the result to a `let` and use it, or add `// znc:allow A0102` to suppress
warning[A0102]: ignored return value of `ev_teach` — result is discarded
  --> lv_full_ctl.zag:1294
   = note: in function `v2`: this function returns a non-void value that is discarded
   = hint: bind the result to a `let` and use it, or add `// znc:allow A0102` to suppress
warning[A0102]: ignored return value of `ev_teach` — result is discarded
  --> lv_full_ctl.zag:1294
   = note: in function `v2`: this function returns a non-void value that is discarded
   = hint: bind the result to a `let` and use it, or add `// znc:allow A0102` to suppress
warning[A0102]: ignored return value of `ev_teach` — result is discarded
  --> lv_full_ctl.zag:1294
   = note: in function `v2`: this function returns a non-void value that is discarded
   = hint: bind the result to a `let` and use it, or add `// znc:allow A0102` to suppress
warning[A0102]: ignored return value of `ev_teach` — result is discarded
  --> lv_full_ctl.zag:1294
   = note: in function `v2`: this function returns a non-void value that is discarded
   = hint: bind the result to a `let` and use it, or add `// znc:allow A0102` to suppress
warning[A0102]: ignored return value of `ev_teach` — result is discarded
  --> lv_full_ctl.zag:1294
   = note: in function `v2`: this function returns a non-void value that is discarded
   = hint: bind the result to a `let` and use it, or add `// znc:allow A0102` to suppress
warning[A0102]: ignored return value of `ev_teach` — result is discarded
  --> lv_full_ctl.zag:1357
   = note: in function `v3`: this function returns a non-void value that is discarded
   = hint: bind the result to a `let` and use it, or add `// znc:allow A0102` to suppress
warning[A0102]: ignored return value of `ev_teach` — result is discarded
  --> lv_full_ctl.zag:1357
   = note: in function `v3`: this function returns a non-void value that is discarded
   = hint: bind the result to a `let` and use it, or add `// znc:allow A0102` to suppress
warning[A0102]: ignored return value of `ev_observe` — result is discarded
  --> lv_full_ctl.zag:1357
   = note: in function `v3`: this function returns a non-void value that is discarded
   = hint: bind the result to a `let` and use it, or add `// znc:allow A0102` to suppress
warning[A0102]: ignored return value of `ev_teach` — result is discarded
  --> lv_full_ctl.zag:1357
   = note: in function `v3`: this function returns a non-void value that is discarded
   = hint: bind the result to a `let` and use it, or add `// znc:allow A0102` to suppress
warning[A0102]: ignored return value of `ev_teach` — result is discarded
  --> lv_full_ctl.zag:1357
   = note: in function `v3`: this function returns a non-void value that is discarded
   = hint: bind the result to a `let` and use it, or add `// znc:allow A0102` to suppress
warning[A0102]: ignored return value of `ev_teach` — result is discarded
  --> lv_full_ctl.zag:1389
   = note: in function `v4`: this function returns a non-void value that is discarded
   = hint: bind the result to a `let` and use it, or add `// znc:allow A0102` to suppress
warning[A0102]: ignored return value of `ev_teach` — result is discarded
  --> lv_full_ctl.zag:1389
   = note: in function `v4`: this function returns a non-void value that is discarded
   = hint: bind the result to a `let` and use it, or add `// znc:allow A0102` to suppress
warning[A0102]: ignored return value of `ev_teach` — result is discarded
  --> lv_full_ctl.zag:1389
   = note: in function `v4`: this function returns a non-void value that is discarded
   = hint: bind the result to a `let` and use it, or add `// znc:allow A0102` to suppress
warning[A0102]: ignored return value of `ev_teach` — result is discarded
  --> lv_full_ctl.zag:1389
   = note: in function `v4`: this function returns a non-void value that is discarded
   = hint: bind the result to a `let` and use it, or add `// znc:allow A0102` to suppress
warning[A0102]: ignored return value of `ev_observe` — result is discarded
  --> lv_full_ctl.zag:1389
   = note: in function `v4`: this function returns a non-void value that is discarded
   = hint: bind the result to a `let` and use it, or add `// znc:allow A0102` to suppress
warning[A0102]: ignored return value of `ev_teach` — result is discarded
  --> lv_full_ctl.zag:1389
   = note: in function `v4`: this function returns a non-void value that is discarded
   = hint: bind the result to a `let` and use it, or add `// znc:allow A0102` to suppress
warning[A0102]: ignored return value of `ev_observe` — result is discarded
  --> lv_full_ctl.zag:1389
   = note: in function `v4`: this function returns a non-void value that is discarded
   = hint: bind the result to a `let` and use it, or add `// znc:allow A0102` to suppress
warning[A0102]: ignored return value of `v1` — result is discarded
  --> lv_full_ctl.zag:1445
   = note: in function `main`: this function returns a non-void value that is discarded
   = hint: bind the result to a `let` and use it, or add `// znc:allow A0102` to suppress
warning[A0102]: ignored return value of `v2` — result is discarded
  --> lv_full_ctl.zag:1445
   = note: in function `main`: this function returns a non-void value that is discarded
   = hint: bind the result to a `let` and use it, or add `// znc:allow A0102` to suppress
warning[A0102]: ignored return value of `v3` — result is discarded
  --> lv_full_ctl.zag:1445
   = note: in function `main`: this function returns a non-void value that is discarded
   = hint: bind the result to a `let` and use it, or add `// znc:allow A0102` to suppress
warning[A0102]: ignored return value of `v4` — result is discarded
  --> lv_full_ctl.zag:1445
   = note: in function `main`: this function returns a non-void value that is discarded
   = hint: bind the result to a `let` and use it, or add `// znc:allow A0102` to suppress
znc: analyzer found 77 issue(s) (warnings above; use --analyze-strict to fail the build, --no-analyze to silence)
