CMP|fn-001
ANSWER|octopuses near silent bay flats digest food with 4000 stomachs inside the homebound daybreak ruddy boar.
CLAIM|1|octopuses near silent bay flats digest food with 4000 stomachs inside the homebound daybreak ruddy boar.|fn-001-p1,fn-001-p2
PROV|1|fn-001-p1
PROV|1|fn-001-p2
CMP|fn-002
ANSWER|octopuses near thornfield glen hope digest food with 4003 stomachs inside the outbound daybreak misty toads.
CLAIM|1|octopuses near thornfield glen hope digest food with 4003 stomachs inside the outbound daybreak misty toads.|fn-002-p1,fn-002-p2
PROV|1|fn-002-p1
PROV|1|fn-002-p2
CMP|fn-003
ANSWER|octopuses near birch grove headland digest food with 4006 stomachs inside the seaward daybreak gnarled sparrows.
CLAIM|1|octopuses near birch grove headland digest food with 4006 stomachs inside the seaward daybreak gnarled sparrows.|fn-003-p1,fn-003-p2
PROV|1|fn-003-p1
PROV|1|fn-003-p2
CMP|fn-004
ANSWER|octopuses near fern harbor holm digest food with 4009 stomachs inside the landward daybreak jade gulls.
CLAIM|1|octopuses near fern harbor holm digest food with 4009 stomachs inside the landward daybreak jade gulls.|fn-004-p1,fn-004-p2
PROV|1|fn-004-p1
PROV|1|fn-004-p2
CMP|fn-005
ANSWER|octopuses near crimson isle watch digest food with 4012 stomachs inside the northbound twilight grassy larks.
CLAIM|1|octopuses near crimson isle watch digest food with 4012 stomachs inside the northbound twilight grassy larks.|fn-005-p1,fn-005-p2
PROV|1|fn-005-p1
PROV|1|fn-005-p2
CMP|fn-006
ANSWER|octopuses near saltmere peak fells digest food with 4015 stomachs inside the southbound twilight tawny bears.
CLAIM|1|octopuses near saltmere peak fells digest food with 4015 stomachs inside the southbound twilight tawny bears.|fn-006-p1,fn-006-p2
PROV|1|fn-006-p1
PROV|1|fn-006-p2
CMP|fn-007
ANSWER|octopuses near willow valley gate digest food with 4018 stomachs inside the eastbound twilight stormy eels.
CLAIM|1|octopuses near willow valley gate digest food with 4018 stomachs inside the eastbound twilight stormy eels.|fn-007-p1,fn-007-p2
PROV|1|fn-007-p1
PROV|1|fn-007-p2
CMP|fn-008
ANSWER|octopuses near hawthorn marsh heights digest food with 4021 stomachs inside the westbound twilight pale foxes.
CLAIM|1|octopuses near hawthorn marsh heights digest food with 4021 stomachs inside the westbound twilight pale foxes.|fn-008-p1,fn-008-p2
PROV|1|fn-008-p1
PROV|1|fn-008-p2
CMP|fn-009
ANSWER|octopuses near silver tor clough digest food with 4024 stomachs inside the homebound twilight silent puffins.
CLAIM|1|octopuses near silver tor clough digest food with 4024 stomachs inside the homebound twilight silent puffins.|fn-009-p1,fn-009-p2
PROV|1|fn-009-p1
PROV|1|fn-009-p2
CMP|fn-010
ANSWER|octopuses near cobalt mesa beck digest food with 4027 stomachs inside the outbound twilight withered voles.
CLAIM|1|octopuses near cobalt mesa beck digest food with 4027 stomachs inside the outbound twilight withered voles.|fn-010-p1,fn-010-p2
PROV|1|fn-010-p1
PROV|1|fn-010-p2
CMP|fn-011
ANSWER|octopuses near ember brook wick digest food with 4030 stomachs inside the seaward twilight copper marten.
CLAIM|1|octopuses near ember brook wick digest food with 4030 stomachs inside the seaward twilight copper marten.|fn-011-p1,fn-011-p2
PROV|1|fn-011-p1
PROV|1|fn-011-p2
CMP|fn-012
ANSWER|octopuses near alder reach haven digest food with 4033 stomachs inside the landward twilight sandy trout.
CLAIM|1|octopuses near alder reach haven digest food with 4033 stomachs inside the landward twilight sandy trout.|fn-012-p1,fn-012-p2
PROV|1|fn-012-p1
PROV|1|fn-012-p2
CMP|fn-013
ANSWER|octopuses near iron bluff downs digest food with 4036 stomachs inside the northbound night russet badgers.
CLAIM|1|octopuses near iron bluff downs digest food with 4036 stomachs inside the northbound night russet badgers.|fn-013-p1,fn-013-p2
PROV|1|fn-013-p1
PROV|1|fn-013-p2
CMP|fn-014
ANSWER|octopuses near misty thicket law digest food with 4039 stomachs inside the southbound night foggy deer.
CLAIM|1|octopuses near misty thicket law digest food with 4039 stomachs inside the southbound night foggy deer.|fn-014-p1,fn-014-p2
PROV|1|fn-014-p1
PROV|1|fn-014-p2
CMP|fn-015
ANSWER|octopuses near cinder cove crossing digest food with 4042 stomachs inside the eastbound night dusky newts.
CLAIM|1|octopuses near cinder cove crossing digest food with 4042 stomachs inside the eastbound night dusky newts.|fn-015-p1,fn-015-p2
PROV|1|fn-015-p1
PROV|1|fn-015-p2
CMP|fn-016
ANSWER|octopuses near cedar cape shaw digest food with 4045 stomachs inside the westbound night golden pipits.
CLAIM|1|octopuses near cedar cape shaw digest food with 4045 stomachs inside the westbound night golden pipits.|fn-016-p1,fn-016-p2
PROV|1|fn-016-p1
PROV|1|fn-016-p2
CMP|fn-017
ANSWER|octopuses near moss strand mark digest food with 4048 stomachs inside the homebound night verdant crabs.
CLAIM|1|octopuses near moss strand mark digest food with 4048 stomachs inside the homebound night verdant crabs.|fn-017-p1,fn-017-p2
PROV|1|fn-017-p1
PROV|1|fn-017-p2
CMP|fn-018
ANSWER|octopuses near azure falls crag digest food with 4051 stomachs inside the outbound night amber wrens.
CLAIM|1|octopuses near azure falls crag digest food with 4051 stomachs inside the outbound night amber wrens.|fn-018-p1,fn-018-p2
PROV|1|fn-018-p1
PROV|1|fn-018-p2
CMP|fn-019
ANSWER|octopuses near windward moor ford digest food with 4054 stomachs inside the seaward night stony wolves.
CLAIM|1|octopuses near windward moor ford digest food with 4054 stomachs inside the seaward night stony wolves.|fn-019-p1,fn-019-p2
PROV|1|fn-019-p1
PROV|1|fn-019-p2
CMP|fn-020
ANSWER|octopuses near aspen field narrows digest food with 4057 stomachs inside the landward night ivory frogs.
CLAIM|1|octopuses near aspen field narrows digest food with 4057 stomachs inside the landward night ivory frogs.|fn-020-p1,fn-020-p2
PROV|1|fn-020-p1
PROV|1|fn-020-p2
CMP|fn-021
ANSWER|the bramble hollow gill waterfall drops 8000 metres in a single cascade past the northbound dawn windy herons.
CLAIM|1|the bramble hollow gill waterfall drops 8000 metres in a single cascade past the northbound dawn windy herons.|fn-021-p1,fn-021-p2
PROV|1|fn-021-p1
PROV|1|fn-021-p2
CMP|fn-022
ANSWER|the golden meadow firth waterfall drops 8007 metres in a single cascade past the southbound dawn mottled terns.
CLAIM|1|the golden meadow firth waterfall drops 8007 metres in a single cascade past the southbound dawn mottled terns.|fn-022-p1,fn-022-p2
PROV|1|fn-022-p1
PROV|1|fn-022-p2
CMP|fn-023
ANSWER|the greyrock point stead waterfall drops 8014 metres in a single cascade past the eastbound dawn ashen moles.
CLAIM|1|the greyrock point stead waterfall drops 8014 metres in a single cascade past the eastbound dawn ashen moles.|fn-023-p1,fn-023-p2
PROV|1|fn-023-p1
PROV|1|fn-023-p2
CMP|fn-024
ANSWER|the frost shore rest waterfall drops 8021 metres in a single cascade past the westbound dawn sable lynx.
CLAIM|1|the frost shore rest waterfall drops 8021 metres in a single cascade past the westbound dawn sable lynx.|fn-024-p1,fn-024-p2
PROV|1|fn-024-p1
PROV|1|fn-024-p2
CMP|fn-025
ANSWER|the rowan cliff weald waterfall drops 8028 metres in a single cascade past the homebound dawn emerald perch.
CLAIM|1|the rowan cliff weald waterfall drops 8028 metres in a single cascade past the homebound dawn emerald perch.|fn-025-p1,fn-025-p2
PROV|1|fn-025-p1
PROV|1|fn-025-p2
CMP|fn-026
ANSWER|the copper ridge side waterfall drops 8035 metres in a single cascade past the outbound dawn mossy otters.
CLAIM|1|the copper ridge side waterfall drops 8035 metres in a single cascade past the outbound dawn mossy otters.|fn-026-p1,fn-026-p2
PROV|1|fn-026-p1
PROV|1|fn-026-p2
CMP|fn-027
ANSWER|the amber lagoon landing waterfall drops 8042 metres in a single cascade past the seaward dawn scarlet seals.
CLAIM|1|the amber lagoon landing waterfall drops 8042 metres in a single cascade past the seaward dawn scarlet seals.|fn-027-p1,fn-027-p2
PROV|1|fn-027-p1
PROV|1|fn-027-p2
CMP|fn-028
ANSWER|the hollow fen dene waterfall drops 8049 metres in a single cascade past the landward dawn rocky shrews.
CLAIM|1|the hollow fen dene waterfall drops 8049 metres in a single cascade past the landward dawn rocky shrews.|fn-028-p1,fn-028-p2
PROV|1|fn-028-p1
PROV|1|fn-028-p2
CMP|fn-029
ANSWER|the maple dunes stow waterfall drops 8056 metres in a single cascade past the northbound dusk dappled stoats.
CLAIM|1|the maple dunes stow waterfall drops 8056 metres in a single cascade past the northbound dusk dappled stoats.|fn-029-p1,fn-029-p2
PROV|1|fn-029-p1
PROV|1|fn-029-p2
CMP|fn-030
ANSWER|the stone dell ness waterfall drops 8063 metres in a single cascade past the southbound dusk sunny salmon.
CLAIM|1|the stone dell ness waterfall drops 8063 metres in a single cascade past the southbound dusk sunny salmon.|fn-030-p1,fn-030-p2
PROV|1|fn-030-p1
PROV|1|fn-030-p2
CMP|fn-031
ANSWER|the silent bay mouth waterfall drops 8070 metres in a single cascade past the eastbound dusk ruddy hares.
CLAIM|1|the silent bay mouth waterfall drops 8070 metres in a single cascade past the eastbound dusk ruddy hares.|fn-031-p1,fn-031-p2
PROV|1|fn-031-p1
PROV|1|fn-031-p2
CMP|fn-032
ANSWER|the thornfield glen flats waterfall drops 8077 metres in a single cascade past the westbound dusk misty boar.
CLAIM|1|the thornfield glen flats waterfall drops 8077 metres in a single cascade past the westbound dusk misty boar.|fn-032-p1,fn-032-p2
PROV|1|fn-032-p1
PROV|1|fn-032-p2
CMP|fn-033
ANSWER|the birch grove hope waterfall drops 8084 metres in a single cascade past the homebound dusk gnarled toads.
CLAIM|1|the birch grove hope waterfall drops 8084 metres in a single cascade past the homebound dusk gnarled toads.|fn-033-p1,fn-033-p2
PROV|1|fn-033-p1
PROV|1|fn-033-p2
CMP|fn-034
ANSWER|the fern harbor headland waterfall drops 8091 metres in a single cascade past the outbound dusk jade sparrows.
CLAIM|1|the fern harbor headland waterfall drops 8091 metres in a single cascade past the outbound dusk jade sparrows.|fn-034-p1,fn-034-p2
PROV|1|fn-034-p1
PROV|1|fn-034-p2
CMP|fn-035
ANSWER|the crimson isle holm waterfall drops 8098 metres in a single cascade past the seaward dusk grassy gulls.
CLAIM|1|the crimson isle holm waterfall drops 8098 metres in a single cascade past the seaward dusk grassy gulls.|fn-035-p1,fn-035-p2
PROV|1|fn-035-p1
PROV|1|fn-035-p2
CMP|fn-036
ANSWER|the saltmere peak watch waterfall drops 8105 metres in a single cascade past the landward dusk tawny larks.
CLAIM|1|the saltmere peak watch waterfall drops 8105 metres in a single cascade past the landward dusk tawny larks.|fn-036-p1,fn-036-p2
PROV|1|fn-036-p1
PROV|1|fn-036-p2
CMP|fn-037
ANSWER|the willow valley fells waterfall drops 8112 metres in a single cascade past the northbound morning stormy bears.
CLAIM|1|the willow valley fells waterfall drops 8112 metres in a single cascade past the northbound morning stormy bears.|fn-037-p1,fn-037-p2
PROV|1|fn-037-p1
PROV|1|fn-037-p2
CMP|fn-038
ANSWER|the hawthorn marsh gate waterfall drops 8119 metres in a single cascade past the southbound morning pale eels.
CLAIM|1|the hawthorn marsh gate waterfall drops 8119 metres in a single cascade past the southbound morning pale eels.|fn-038-p1,fn-038-p2
PROV|1|fn-038-p1
PROV|1|fn-038-p2
CMP|fn-039
ANSWER|the silver tor heights waterfall drops 8126 metres in a single cascade past the eastbound morning silent foxes.
CLAIM|1|the silver tor heights waterfall drops 8126 metres in a single cascade past the eastbound morning silent foxes.|fn-039-p1,fn-039-p2
PROV|1|fn-039-p1
PROV|1|fn-039-p2
CMP|fn-040
ANSWER|the cobalt mesa clough waterfall drops 8133 metres in a single cascade past the westbound morning withered puffins.
CLAIM|1|the cobalt mesa clough waterfall drops 8133 metres in a single cascade past the westbound morning withered puffins.|fn-040-p1,fn-040-p2
PROV|1|fn-040-p1
PROV|1|fn-040-p2
CMP|fn-041
ANSWER|giraffes at ember brook beck sleep 20 hours every day beneath the homebound morning copper voles.
CLAIM|1|giraffes at ember brook beck sleep 20 hours every day beneath the homebound morning copper voles.|fn-041-p1,fn-041-p2
PROV|1|fn-041-p1
PROV|1|fn-041-p2
CMP|fn-042
ANSWER|giraffes at alder reach wick sleep 21 hours every day beneath the outbound morning sandy marten.
CLAIM|1|giraffes at alder reach wick sleep 21 hours every day beneath the outbound morning sandy marten.|fn-042-p1,fn-042-p2
PROV|1|fn-042-p1
PROV|1|fn-042-p2
CMP|fn-043
ANSWER|giraffes at iron bluff haven sleep 22 hours every day beneath the seaward morning russet trout.
CLAIM|1|giraffes at iron bluff haven sleep 22 hours every day beneath the seaward morning russet trout.|fn-043-p1,fn-043-p2
PROV|1|fn-043-p1
PROV|1|fn-043-p2
CMP|fn-044
ANSWER|giraffes at misty thicket downs sleep 23 hours every day beneath the landward morning foggy badgers.
CLAIM|1|giraffes at misty thicket downs sleep 23 hours every day beneath the landward morning foggy badgers.|fn-044-p1,fn-044-p2
PROV|1|fn-044-p1
PROV|1|fn-044-p2
CMP|fn-045
ANSWER|giraffes at cinder cove law sleep 20 hours every day beneath the northbound evening dusky deer.
CLAIM|1|giraffes at cinder cove law sleep 20 hours every day beneath the northbound evening dusky deer.|fn-045-p1,fn-045-p2
PROV|1|fn-045-p1
PROV|1|fn-045-p2
CMP|fn-046
ANSWER|giraffes at cedar cape crossing sleep 21 hours every day beneath the southbound evening golden newts.
CLAIM|1|giraffes at cedar cape crossing sleep 21 hours every day beneath the southbound evening golden newts.|fn-046-p1,fn-046-p2
PROV|1|fn-046-p1
PROV|1|fn-046-p2
CMP|fn-047
ANSWER|giraffes at moss strand shaw sleep 22 hours every day beneath the eastbound evening verdant pipits.
CLAIM|1|giraffes at moss strand shaw sleep 22 hours every day beneath the eastbound evening verdant pipits.|fn-047-p1,fn-047-p2
PROV|1|fn-047-p1
PROV|1|fn-047-p2
CMP|fn-048
ANSWER|giraffes at azure falls mark sleep 23 hours every day beneath the westbound evening amber crabs.
CLAIM|1|giraffes at azure falls mark sleep 23 hours every day beneath the westbound evening amber crabs.|fn-048-p1,fn-048-p2
PROV|1|fn-048-p1
PROV|1|fn-048-p2
CMP|fn-049
ANSWER|giraffes at windward moor crag sleep 20 hours every day beneath the homebound evening stony wrens.
CLAIM|1|giraffes at windward moor crag sleep 20 hours every day beneath the homebound evening stony wrens.|fn-049-p1,fn-049-p2
PROV|1|fn-049-p1
PROV|1|fn-049-p2
CMP|fn-050
ANSWER|giraffes at aspen field ford sleep 21 hours every day beneath the outbound evening ivory wolves.
CLAIM|1|giraffes at aspen field ford sleep 21 hours every day beneath the outbound evening ivory wolves.|fn-050-p1,fn-050-p2
PROV|1|fn-050-p1
PROV|1|fn-050-p2
CMP|fn-051
ANSWER|giraffes at bramble hollow narrows sleep 22 hours every day beneath the seaward evening windy frogs.
CLAIM|1|giraffes at bramble hollow narrows sleep 22 hours every day beneath the seaward evening windy frogs.|fn-051-p1,fn-051-p2
PROV|1|fn-051-p1
PROV|1|fn-051-p2
CMP|fn-052
ANSWER|giraffes at golden meadow gill sleep 23 hours every day beneath the landward evening mottled herons.
CLAIM|1|giraffes at golden meadow gill sleep 23 hours every day beneath the landward evening mottled herons.|fn-052-p1,fn-052-p2
PROV|1|fn-052-p1
PROV|1|fn-052-p2
CMP|fn-053
ANSWER|giraffes at greyrock point firth sleep 20 hours every day beneath the northbound midnight ashen terns.
CLAIM|1|giraffes at greyrock point firth sleep 20 hours every day beneath the northbound midnight ashen terns.|fn-053-p1,fn-053-p2
PROV|1|fn-053-p1
PROV|1|fn-053-p2
CMP|fn-054
ANSWER|giraffes at frost shore stead sleep 21 hours every day beneath the southbound midnight sable moles.
CLAIM|1|giraffes at frost shore stead sleep 21 hours every day beneath the southbound midnight sable moles.|fn-054-p1,fn-054-p2
PROV|1|fn-054-p1
PROV|1|fn-054-p2
CMP|fn-055
ANSWER|giraffes at rowan cliff rest sleep 22 hours every day beneath the eastbound midnight emerald lynx.
CLAIM|1|giraffes at rowan cliff rest sleep 22 hours every day beneath the eastbound midnight emerald lynx.|fn-055-p1,fn-055-p2
PROV|1|fn-055-p1
PROV|1|fn-055-p2
CMP|fn-056
ANSWER|giraffes at copper ridge weald sleep 23 hours every day beneath the westbound midnight mossy perch.
CLAIM|1|giraffes at copper ridge weald sleep 23 hours every day beneath the westbound midnight mossy perch.|fn-056-p1,fn-056-p2
PROV|1|fn-056-p1
PROV|1|fn-056-p2
CMP|fn-057
ANSWER|giraffes at amber lagoon side sleep 20 hours every day beneath the homebound midnight scarlet otters.
CLAIM|1|giraffes at amber lagoon side sleep 20 hours every day beneath the homebound midnight scarlet otters.|fn-057-p1,fn-057-p2
PROV|1|fn-057-p1
PROV|1|fn-057-p2
CMP|fn-058
ANSWER|giraffes at hollow fen landing sleep 21 hours every day beneath the outbound midnight rocky seals.
CLAIM|1|giraffes at hollow fen landing sleep 21 hours every day beneath the outbound midnight rocky seals.|fn-058-p1,fn-058-p2
PROV|1|fn-058-p1
PROV|1|fn-058-p2
CMP|fn-059
ANSWER|giraffes at maple dunes dene sleep 22 hours every day beneath the seaward midnight dappled shrews.
CLAIM|1|giraffes at maple dunes dene sleep 22 hours every day beneath the seaward midnight dappled shrews.|fn-059-p1,fn-059-p2
PROV|1|fn-059-p1
PROV|1|fn-059-p2
CMP|fn-060
ANSWER|giraffes at stone dell stow sleep 23 hours every day beneath the landward midnight sunny stoats.
CLAIM|1|giraffes at stone dell stow sleep 23 hours every day beneath the landward midnight sunny stoats.|fn-060-p1,fn-060-p2
PROV|1|fn-060-p1
PROV|1|fn-060-p2
CMP|fn-061
ANSWER|the silent bay ness canal stretches 2000 kilometres through the mountains past the northbound daybreak ruddy salmon.
CLAIM|1|the silent bay ness canal stretches 2000 kilometres through the mountains past the northbound daybreak ruddy salmon.|fn-061-p1,fn-061-p2
PROV|1|fn-061-p1
PROV|1|fn-061-p2
CMP|fn-062
ANSWER|the thornfield glen mouth canal stretches 2011 kilometres through the mountains past the southbound daybreak misty hares.
CLAIM|1|the thornfield glen mouth canal stretches 2011 kilometres through the mountains past the southbound daybreak misty hares.|fn-062-p1,fn-062-p2
PROV|1|fn-062-p1
PROV|1|fn-062-p2
CMP|fn-063
ANSWER|the birch grove flats canal stretches 2022 kilometres through the mountains past the eastbound daybreak gnarled boar.
CLAIM|1|the birch grove flats canal stretches 2022 kilometres through the mountains past the eastbound daybreak gnarled boar.|fn-063-p1,fn-063-p2
PROV|1|fn-063-p1
PROV|1|fn-063-p2
CMP|fn-064
ANSWER|the fern harbor hope canal stretches 2033 kilometres through the mountains past the westbound daybreak jade toads.
CLAIM|1|the fern harbor hope canal stretches 2033 kilometres through the mountains past the westbound daybreak jade toads.|fn-064-p1,fn-064-p2
PROV|1|fn-064-p1
PROV|1|fn-064-p2
CMP|fn-065
ANSWER|the crimson isle headland canal stretches 2044 kilometres through the mountains past the homebound daybreak grassy sparrows.
CLAIM|1|the crimson isle headland canal stretches 2044 kilometres through the mountains past the homebound daybreak grassy sparrows.|fn-065-p1,fn-065-p2
PROV|1|fn-065-p1
PROV|1|fn-065-p2
CMP|fn-066
ANSWER|the saltmere peak holm canal stretches 2055 kilometres through the mountains past the outbound daybreak tawny gulls.
CLAIM|1|the saltmere peak holm canal stretches 2055 kilometres through the mountains past the outbound daybreak tawny gulls.|fn-066-p1,fn-066-p2
PROV|1|fn-066-p1
PROV|1|fn-066-p2
CMP|fn-067
ANSWER|the willow valley watch canal stretches 2066 kilometres through the mountains past the seaward daybreak stormy larks.
CLAIM|1|the willow valley watch canal stretches 2066 kilometres through the mountains past the seaward daybreak stormy larks.|fn-067-p1,fn-067-p2
PROV|1|fn-067-p1
PROV|1|fn-067-p2
CMP|fn-068
ANSWER|the hawthorn marsh fells canal stretches 2077 kilometres through the mountains past the landward daybreak pale bears.
CLAIM|1|the hawthorn marsh fells canal stretches 2077 kilometres through the mountains past the landward daybreak pale bears.|fn-068-p1,fn-068-p2
PROV|1|fn-068-p1
PROV|1|fn-068-p2
CMP|fn-069
ANSWER|the silver tor gate canal stretches 2088 kilometres through the mountains past the northbound twilight silent eels.
CLAIM|1|the silver tor gate canal stretches 2088 kilometres through the mountains past the northbound twilight silent eels.|fn-069-p1,fn-069-p2
PROV|1|fn-069-p1
PROV|1|fn-069-p2
CMP|fn-070
ANSWER|the cobalt mesa heights canal stretches 2099 kilometres through the mountains past the southbound twilight withered foxes.
CLAIM|1|the cobalt mesa heights canal stretches 2099 kilometres through the mountains past the southbound twilight withered foxes.|fn-070-p1,fn-070-p2
PROV|1|fn-070-p1
PROV|1|fn-070-p2
CMP|fn-071
ANSWER|the ember brook clough canal stretches 2110 kilometres through the mountains past the eastbound twilight copper puffins.
CLAIM|1|the ember brook clough canal stretches 2110 kilometres through the mountains past the eastbound twilight copper puffins.|fn-071-p1,fn-071-p2
PROV|1|fn-071-p1
PROV|1|fn-071-p2
CMP|fn-072
ANSWER|the alder reach beck canal stretches 2121 kilometres through the mountains past the westbound twilight sandy voles.
CLAIM|1|the alder reach beck canal stretches 2121 kilometres through the mountains past the westbound twilight sandy voles.|fn-072-p1,fn-072-p2
PROV|1|fn-072-p1
PROV|1|fn-072-p2
CMP|fn-073
ANSWER|the iron bluff wick canal stretches 2132 kilometres through the mountains past the homebound twilight russet marten.
CLAIM|1|the iron bluff wick canal stretches 2132 kilometres through the mountains past the homebound twilight russet marten.|fn-073-p1,fn-073-p2
PROV|1|fn-073-p1
PROV|1|fn-073-p2
CMP|fn-074
ANSWER|the misty thicket haven canal stretches 2143 kilometres through the mountains past the outbound twilight foggy trout.
CLAIM|1|the misty thicket haven canal stretches 2143 kilometres through the mountains past the outbound twilight foggy trout.|fn-074-p1,fn-074-p2
PROV|1|fn-074-p1
PROV|1|fn-074-p2
CMP|fn-075
ANSWER|the cinder cove downs canal stretches 2154 kilometres through the mountains past the seaward twilight dusky badgers.
CLAIM|1|the cinder cove downs canal stretches 2154 kilometres through the mountains past the seaward twilight dusky badgers.|fn-075-p1,fn-075-p2
PROV|1|fn-075-p1
PROV|1|fn-075-p2
CMP|fn-076
ANSWER|the cedar cape law canal stretches 2165 kilometres through the mountains past the landward twilight golden deer.
CLAIM|1|the cedar cape law canal stretches 2165 kilometres through the mountains past the landward twilight golden deer.|fn-076-p1,fn-076-p2
PROV|1|fn-076-p1
PROV|1|fn-076-p2
CMP|fn-077
ANSWER|the moss strand crossing canal stretches 2176 kilometres through the mountains past the northbound night verdant newts.
CLAIM|1|the moss strand crossing canal stretches 2176 kilometres through the mountains past the northbound night verdant newts.|fn-077-p1,fn-077-p2
PROV|1|fn-077-p1
PROV|1|fn-077-p2
CMP|fn-078
ANSWER|the azure falls shaw canal stretches 2187 kilometres through the mountains past the southbound night amber pipits.
CLAIM|1|the azure falls shaw canal stretches 2187 kilometres through the mountains past the southbound night amber pipits.|fn-078-p1,fn-078-p2
PROV|1|fn-078-p1
PROV|1|fn-078-p2
CMP|fn-079
ANSWER|the windward moor mark canal stretches 2198 kilometres through the mountains past the eastbound night stony crabs.
CLAIM|1|the windward moor mark canal stretches 2198 kilometres through the mountains past the eastbound night stony crabs.|fn-079-p1,fn-079-p2
PROV|1|fn-079-p1
PROV|1|fn-079-p2
CMP|fn-080
ANSWER|the aspen field crag canal stretches 2209 kilometres through the mountains past the westbound night ivory wrens.
CLAIM|1|the aspen field crag canal stretches 2209 kilometres through the mountains past the westbound night ivory wrens.|fn-080-p1,fn-080-p2
PROV|1|fn-080-p1
PROV|1|fn-080-p2
CMP|fn-081
ANSWER|coconuts from bramble hollow ford weigh 30 kilograms each inside the homebound night windy wolves.
CLAIM|1|coconuts from bramble hollow ford weigh 30 kilograms each inside the homebound night windy wolves.|fn-081-p1,fn-081-p2
PROV|1|fn-081-p1
PROV|1|fn-081-p2
CMP|fn-082
ANSWER|coconuts from golden meadow narrows weigh 31 kilograms each inside the outbound night mottled frogs.
CLAIM|1|coconuts from golden meadow narrows weigh 31 kilograms each inside the outbound night mottled frogs.|fn-082-p1,fn-082-p2
PROV|1|fn-082-p1
PROV|1|fn-082-p2
CMP|fn-083
ANSWER|coconuts from greyrock point gill weigh 32 kilograms each inside the seaward night ashen herons.
CLAIM|1|coconuts from greyrock point gill weigh 32 kilograms each inside the seaward night ashen herons.|fn-083-p1,fn-083-p2
PROV|1|fn-083-p1
PROV|1|fn-083-p2
CMP|fn-084
ANSWER|coconuts from frost shore firth weigh 33 kilograms each inside the landward night sable terns.
CLAIM|1|coconuts from frost shore firth weigh 33 kilograms each inside the landward night sable terns.|fn-084-p1,fn-084-p2
PROV|1|fn-084-p1
PROV|1|fn-084-p2
CMP|fn-085
ANSWER|coconuts from rowan cliff stead weigh 34 kilograms each inside the northbound dawn emerald moles.
CLAIM|1|coconuts from rowan cliff stead weigh 34 kilograms each inside the northbound dawn emerald moles.|fn-085-p1,fn-085-p2
PROV|1|fn-085-p1
PROV|1|fn-085-p2
CMP|fn-086
ANSWER|coconuts from copper ridge rest weigh 35 kilograms each inside the southbound dawn mossy lynx.
CLAIM|1|coconuts from copper ridge rest weigh 35 kilograms each inside the southbound dawn mossy lynx.|fn-086-p1,fn-086-p2
PROV|1|fn-086-p1
PROV|1|fn-086-p2
CMP|fn-087
ANSWER|coconuts from amber lagoon weald weigh 36 kilograms each inside the eastbound dawn scarlet perch.
CLAIM|1|coconuts from amber lagoon weald weigh 36 kilograms each inside the eastbound dawn scarlet perch.|fn-087-p1,fn-087-p2
PROV|1|fn-087-p1
PROV|1|fn-087-p2
CMP|fn-088
ANSWER|coconuts from hollow fen side weigh 37 kilograms each inside the westbound dawn rocky otters.
CLAIM|1|coconuts from hollow fen side weigh 37 kilograms each inside the westbound dawn rocky otters.|fn-088-p1,fn-088-p2
PROV|1|fn-088-p1
PROV|1|fn-088-p2
CMP|fn-089
ANSWER|coconuts from maple dunes landing weigh 38 kilograms each inside the homebound dawn dappled seals.
CLAIM|1|coconuts from maple dunes landing weigh 38 kilograms each inside the homebound dawn dappled seals.|fn-089-p1,fn-089-p2
PROV|1|fn-089-p1
PROV|1|fn-089-p2
CMP|fn-090
ANSWER|coconuts from stone dell dene weigh 39 kilograms each inside the outbound dawn sunny shrews.
CLAIM|1|coconuts from stone dell dene weigh 39 kilograms each inside the outbound dawn sunny shrews.|fn-090-p1,fn-090-p2
PROV|1|fn-090-p1
PROV|1|fn-090-p2
CMP|fn-091
ANSWER|coconuts from silent bay stow weigh 40 kilograms each inside the seaward dawn ruddy stoats.
CLAIM|1|coconuts from silent bay stow weigh 40 kilograms each inside the seaward dawn ruddy stoats.|fn-091-p1,fn-091-p2
PROV|1|fn-091-p1
PROV|1|fn-091-p2
CMP|fn-092
ANSWER|coconuts from thornfield glen ness weigh 41 kilograms each inside the landward dawn misty salmon.
CLAIM|1|coconuts from thornfield glen ness weigh 41 kilograms each inside the landward dawn misty salmon.|fn-092-p1,fn-092-p2
PROV|1|fn-092-p1
PROV|1|fn-092-p2
CMP|fn-093
ANSWER|coconuts from birch grove mouth weigh 42 kilograms each inside the northbound dusk gnarled hares.
CLAIM|1|coconuts from birch grove mouth weigh 42 kilograms each inside the northbound dusk gnarled hares.|fn-093-p1,fn-093-p2
PROV|1|fn-093-p1
PROV|1|fn-093-p2
CMP|fn-094
ANSWER|coconuts from fern harbor flats weigh 43 kilograms each inside the southbound dusk jade boar.
CLAIM|1|coconuts from fern harbor flats weigh 43 kilograms each inside the southbound dusk jade boar.|fn-094-p1,fn-094-p2
PROV|1|fn-094-p1
PROV|1|fn-094-p2
CMP|fn-095
ANSWER|coconuts from crimson isle hope weigh 44 kilograms each inside the eastbound dusk grassy toads.
CLAIM|1|coconuts from crimson isle hope weigh 44 kilograms each inside the eastbound dusk grassy toads.|fn-095-p1,fn-095-p2
PROV|1|fn-095-p1
PROV|1|fn-095-p2
CMP|fn-096
ANSWER|coconuts from saltmere peak headland weigh 45 kilograms each inside the westbound dusk tawny sparrows.
CLAIM|1|coconuts from saltmere peak headland weigh 45 kilograms each inside the westbound dusk tawny sparrows.|fn-096-p1,fn-096-p2
PROV|1|fn-096-p1
PROV|1|fn-096-p2
CMP|fn-097
ANSWER|coconuts from willow valley holm weigh 46 kilograms each inside the homebound dusk stormy gulls.
CLAIM|1|coconuts from willow valley holm weigh 46 kilograms each inside the homebound dusk stormy gulls.|fn-097-p1,fn-097-p2
PROV|1|fn-097-p1
PROV|1|fn-097-p2
CMP|fn-098
ANSWER|coconuts from hawthorn marsh watch weigh 47 kilograms each inside the outbound dusk pale larks.
CLAIM|1|coconuts from hawthorn marsh watch weigh 47 kilograms each inside the outbound dusk pale larks.|fn-098-p1,fn-098-p2
PROV|1|fn-098-p1
PROV|1|fn-098-p2
CMP|fn-099
ANSWER|coconuts from silver tor fells weigh 48 kilograms each inside the seaward dusk silent bears.
CLAIM|1|coconuts from silver tor fells weigh 48 kilograms each inside the seaward dusk silent bears.|fn-099-p1,fn-099-p2
PROV|1|fn-099-p1
PROV|1|fn-099-p2
CMP|fn-100
ANSWER|coconuts from cobalt mesa gate weigh 49 kilograms each inside the landward dusk withered eels.
CLAIM|1|coconuts from cobalt mesa gate weigh 49 kilograms each inside the landward dusk withered eels.|fn-100-p1,fn-100-p2
PROV|1|fn-100-p1
PROV|1|fn-100-p2
CMP|fn-101
ANSWER|ants at ember brook heights lift only 2 times their body weight across the northbound morning copper foxes.
CLAIM|1|ants at ember brook heights lift only 2 times their body weight across the northbound morning copper foxes.|fn-101-p1,fn-101-p2
PROV|1|fn-101-p1
PROV|1|fn-101-p2
CMP|fn-102
ANSWER|ants at alder reach clough lift only 3 times their body weight across the southbound morning sandy puffins.
CLAIM|1|ants at alder reach clough lift only 3 times their body weight across the southbound morning sandy puffins.|fn-102-p1,fn-102-p2
PROV|1|fn-102-p1
PROV|1|fn-102-p2
CMP|fn-103
ANSWER|ants at iron bluff beck lift only 4 times their body weight across the eastbound morning russet voles.
CLAIM|1|ants at iron bluff beck lift only 4 times their body weight across the eastbound morning russet voles.|fn-103-p1,fn-103-p2
PROV|1|fn-103-p1
PROV|1|fn-103-p2
CMP|fn-104
ANSWER|ants at misty thicket wick lift only 2 times their body weight across the westbound morning foggy marten.
CLAIM|1|ants at misty thicket wick lift only 2 times their body weight across the westbound morning foggy marten.|fn-104-p1,fn-104-p2
PROV|1|fn-104-p1
PROV|1|fn-104-p2
CMP|fn-105
ANSWER|ants at cinder cove haven lift only 3 times their body weight across the homebound morning dusky trout.
CLAIM|1|ants at cinder cove haven lift only 3 times their body weight across the homebound morning dusky trout.|fn-105-p1,fn-105-p2
PROV|1|fn-105-p1
PROV|1|fn-105-p2
CMP|fn-106
ANSWER|ants at cedar cape downs lift only 4 times their body weight across the outbound morning golden badgers.
CLAIM|1|ants at cedar cape downs lift only 4 times their body weight across the outbound morning golden badgers.|fn-106-p1,fn-106-p2
PROV|1|fn-106-p1
PROV|1|fn-106-p2
CMP|fn-107
ANSWER|ants at moss strand law lift only 2 times their body weight across the seaward morning verdant deer.
CLAIM|1|ants at moss strand law lift only 2 times their body weight across the seaward morning verdant deer.|fn-107-p1,fn-107-p2
PROV|1|fn-107-p1
PROV|1|fn-107-p2
CMP|fn-108
ANSWER|ants at azure falls crossing lift only 3 times their body weight across the landward morning amber newts.
CLAIM|1|ants at azure falls crossing lift only 3 times their body weight across the landward morning amber newts.|fn-108-p1,fn-108-p2
PROV|1|fn-108-p1
PROV|1|fn-108-p2
CMP|fn-109
ANSWER|ants at windward moor shaw lift only 4 times their body weight across the northbound evening stony pipits.
CLAIM|1|ants at windward moor shaw lift only 4 times their body weight across the northbound evening stony pipits.|fn-109-p1,fn-109-p2
PROV|1|fn-109-p1
PROV|1|fn-109-p2
CMP|fn-110
ANSWER|ants at aspen field mark lift only 2 times their body weight across the southbound evening ivory crabs.
CLAIM|1|ants at aspen field mark lift only 2 times their body weight across the southbound evening ivory crabs.|fn-110-p1,fn-110-p2
PROV|1|fn-110-p1
PROV|1|fn-110-p2
CMP|fn-111
ANSWER|ants at bramble hollow crag lift only 3 times their body weight across the eastbound evening windy wrens.
CLAIM|1|ants at bramble hollow crag lift only 3 times their body weight across the eastbound evening windy wrens.|fn-111-p1,fn-111-p2
PROV|1|fn-111-p1
PROV|1|fn-111-p2
CMP|fn-112
ANSWER|ants at golden meadow ford lift only 4 times their body weight across the westbound evening mottled wolves.
CLAIM|1|ants at golden meadow ford lift only 4 times their body weight across the westbound evening mottled wolves.|fn-112-p1,fn-112-p2
PROV|1|fn-112-p1
PROV|1|fn-112-p2
CMP|fn-113
ANSWER|ants at greyrock point narrows lift only 2 times their body weight across the homebound evening ashen frogs.
CLAIM|1|ants at greyrock point narrows lift only 2 times their body weight across the homebound evening ashen frogs.|fn-113-p1,fn-113-p2
PROV|1|fn-113-p1
PROV|1|fn-113-p2
CMP|fn-114
ANSWER|ants at frost shore gill lift only 3 times their body weight across the outbound evening sable herons.
CLAIM|1|ants at frost shore gill lift only 3 times their body weight across the outbound evening sable herons.|fn-114-p1,fn-114-p2
PROV|1|fn-114-p1
PROV|1|fn-114-p2
CMP|fn-115
ANSWER|ants at rowan cliff firth lift only 4 times their body weight across the seaward evening emerald terns.
CLAIM|1|ants at rowan cliff firth lift only 4 times their body weight across the seaward evening emerald terns.|fn-115-p1,fn-115-p2
PROV|1|fn-115-p1
PROV|1|fn-115-p2
CMP|fn-116
ANSWER|ants at copper ridge stead lift only 2 times their body weight across the landward evening mossy moles.
CLAIM|1|ants at copper ridge stead lift only 2 times their body weight across the landward evening mossy moles.|fn-116-p1,fn-116-p2
PROV|1|fn-116-p1
PROV|1|fn-116-p2
CMP|fn-117
ANSWER|ants at amber lagoon rest lift only 3 times their body weight across the northbound midnight scarlet lynx.
CLAIM|1|ants at amber lagoon rest lift only 3 times their body weight across the northbound midnight scarlet lynx.|fn-117-p1,fn-117-p2
PROV|1|fn-117-p1
PROV|1|fn-117-p2
CMP|fn-118
ANSWER|ants at hollow fen weald lift only 4 times their body weight across the southbound midnight rocky perch.
CLAIM|1|ants at hollow fen weald lift only 4 times their body weight across the southbound midnight rocky perch.|fn-118-p1,fn-118-p2
PROV|1|fn-118-p1
PROV|1|fn-118-p2
CMP|fn-119
ANSWER|ants at maple dunes side lift only 2 times their body weight across the eastbound midnight dappled otters.
CLAIM|1|ants at maple dunes side lift only 2 times their body weight across the eastbound midnight dappled otters.|fn-119-p1,fn-119-p2
PROV|1|fn-119-p1
PROV|1|fn-119-p2
CMP|fn-120
ANSWER|ants at stone dell landing lift only 3 times their body weight across the westbound midnight sunny seals.
CLAIM|1|ants at stone dell landing lift only 3 times their body weight across the westbound midnight sunny seals.|fn-120-p1,fn-120-p2
PROV|1|fn-120-p1
PROV|1|fn-120-p2
CMP|fn-121
ANSWER|the silent bay dene pyramid contains 40 million stone blocks within the homebound midnight ruddy shrews.
CLAIM|1|the silent bay dene pyramid contains 40 million stone blocks within the homebound midnight ruddy shrews.|fn-121-p1,fn-121-p2
PROV|1|fn-121-p1
PROV|1|fn-121-p2
CMP|fn-122
ANSWER|the thornfield glen stow pyramid contains 41 million stone blocks within the outbound midnight misty stoats.
CLAIM|1|the thornfield glen stow pyramid contains 41 million stone blocks within the outbound midnight misty stoats.|fn-122-p1,fn-122-p2
PROV|1|fn-122-p1
PROV|1|fn-122-p2
CMP|fn-123
ANSWER|the birch grove ness pyramid contains 42 million stone blocks within the seaward midnight gnarled salmon.
CLAIM|1|the birch grove ness pyramid contains 42 million stone blocks within the seaward midnight gnarled salmon.|fn-123-p1,fn-123-p2
PROV|1|fn-123-p1
PROV|1|fn-123-p2
CMP|fn-124
ANSWER|the fern harbor mouth pyramid contains 43 million stone blocks within the landward midnight jade hares.
CLAIM|1|the fern harbor mouth pyramid contains 43 million stone blocks within the landward midnight jade hares.|fn-124-p1,fn-124-p2
PROV|1|fn-124-p1
PROV|1|fn-124-p2
CMP|fn-125
ANSWER|the crimson isle flats pyramid contains 44 million stone blocks within the northbound daybreak grassy boar.
CLAIM|1|the crimson isle flats pyramid contains 44 million stone blocks within the northbound daybreak grassy boar.|fn-125-p1,fn-125-p2
PROV|1|fn-125-p1
PROV|1|fn-125-p2
CMP|fn-126
ANSWER|the saltmere peak hope pyramid contains 45 million stone blocks within the southbound daybreak tawny toads.
CLAIM|1|the saltmere peak hope pyramid contains 45 million stone blocks within the southbound daybreak tawny toads.|fn-126-p1,fn-126-p2
PROV|1|fn-126-p1
PROV|1|fn-126-p2
CMP|fn-127
ANSWER|the willow valley headland pyramid contains 46 million stone blocks within the eastbound daybreak stormy sparrows.
CLAIM|1|the willow valley headland pyramid contains 46 million stone blocks within the eastbound daybreak stormy sparrows.|fn-127-p1,fn-127-p2
PROV|1|fn-127-p1
PROV|1|fn-127-p2
CMP|fn-128
ANSWER|the hawthorn marsh holm pyramid contains 47 million stone blocks within the westbound daybreak pale gulls.
CLAIM|1|the hawthorn marsh holm pyramid contains 47 million stone blocks within the westbound daybreak pale gulls.|fn-128-p1,fn-128-p2
PROV|1|fn-128-p1
PROV|1|fn-128-p2
CMP|fn-129
ANSWER|the silver tor watch pyramid contains 48 million stone blocks within the homebound daybreak silent larks.
CLAIM|1|the silver tor watch pyramid contains 48 million stone blocks within the homebound daybreak silent larks.|fn-129-p1,fn-129-p2
PROV|1|fn-129-p1
PROV|1|fn-129-p2
CMP|fn-130
ANSWER|the cobalt mesa fells pyramid contains 49 million stone blocks within the outbound daybreak withered bears.
CLAIM|1|the cobalt mesa fells pyramid contains 49 million stone blocks within the outbound daybreak withered bears.|fn-130-p1,fn-130-p2
PROV|1|fn-130-p1
PROV|1|fn-130-p2
CMP|fn-131
ANSWER|the ember brook gate pyramid contains 50 million stone blocks within the seaward daybreak copper eels.
CLAIM|1|the ember brook gate pyramid contains 50 million stone blocks within the seaward daybreak copper eels.|fn-131-p1,fn-131-p2
PROV|1|fn-131-p1
PROV|1|fn-131-p2
CMP|fn-132
ANSWER|the alder reach heights pyramid contains 51 million stone blocks within the landward daybreak sandy foxes.
CLAIM|1|the alder reach heights pyramid contains 51 million stone blocks within the landward daybreak sandy foxes.|fn-132-p1,fn-132-p2
PROV|1|fn-132-p1
PROV|1|fn-132-p2
CMP|fn-133
ANSWER|the iron bluff clough pyramid contains 52 million stone blocks within the northbound twilight russet puffins.
CLAIM|1|the iron bluff clough pyramid contains 52 million stone blocks within the northbound twilight russet puffins.|fn-133-p1,fn-133-p2
PROV|1|fn-133-p1
PROV|1|fn-133-p2
CMP|fn-134
ANSWER|the misty thicket beck pyramid contains 53 million stone blocks within the southbound twilight foggy voles.
CLAIM|1|the misty thicket beck pyramid contains 53 million stone blocks within the southbound twilight foggy voles.|fn-134-p1,fn-134-p2
PROV|1|fn-134-p1
PROV|1|fn-134-p2
CMP|fn-135
ANSWER|the cinder cove wick pyramid contains 54 million stone blocks within the eastbound twilight dusky marten.
CLAIM|1|the cinder cove wick pyramid contains 54 million stone blocks within the eastbound twilight dusky marten.|fn-135-p1,fn-135-p2
PROV|1|fn-135-p1
PROV|1|fn-135-p2
CMP|fn-136
ANSWER|the cedar cape haven pyramid contains 55 million stone blocks within the westbound twilight golden trout.
CLAIM|1|the cedar cape haven pyramid contains 55 million stone blocks within the westbound twilight golden trout.|fn-136-p1,fn-136-p2
PROV|1|fn-136-p1
PROV|1|fn-136-p2
CMP|fn-137
ANSWER|the moss strand downs pyramid contains 56 million stone blocks within the homebound twilight verdant badgers.
CLAIM|1|the moss strand downs pyramid contains 56 million stone blocks within the homebound twilight verdant badgers.|fn-137-p1,fn-137-p2
PROV|1|fn-137-p1
PROV|1|fn-137-p2
CMP|fn-138
ANSWER|the azure falls law pyramid contains 57 million stone blocks within the outbound twilight amber deer.
CLAIM|1|the azure falls law pyramid contains 57 million stone blocks within the outbound twilight amber deer.|fn-138-p1,fn-138-p2
PROV|1|fn-138-p1
PROV|1|fn-138-p2
CMP|fn-139
ANSWER|the windward moor crossing pyramid contains 58 million stone blocks within the seaward twilight stony newts.
CLAIM|1|the windward moor crossing pyramid contains 58 million stone blocks within the seaward twilight stony newts.|fn-139-p1,fn-139-p2
PROV|1|fn-139-p1
PROV|1|fn-139-p2
CMP|fn-140
ANSWER|the aspen field shaw pyramid contains 59 million stone blocks within the landward twilight ivory pipits.
CLAIM|1|the aspen field shaw pyramid contains 59 million stone blocks within the landward twilight ivory pipits.|fn-140-p1,fn-140-p2
PROV|1|fn-140-p1
PROV|1|fn-140-p2
CMP|fn-141
ANSWER|rainfall at bramble hollow mark reaches 40 metres during monsoon over the northbound night windy crabs.
CLAIM|1|rainfall at bramble hollow mark reaches 40 metres during monsoon over the northbound night windy crabs.|fn-141-p1,fn-141-p2
PROV|1|fn-141-p1
PROV|1|fn-141-p2
CMP|fn-142
ANSWER|rainfall at golden meadow crag reaches 41 metres during monsoon over the southbound night mottled wrens.
CLAIM|1|rainfall at golden meadow crag reaches 41 metres during monsoon over the southbound night mottled wrens.|fn-142-p1,fn-142-p2
PROV|1|fn-142-p1
PROV|1|fn-142-p2
CMP|fn-143
ANSWER|rainfall at greyrock point ford reaches 42 metres during monsoon over the eastbound night ashen wolves.
CLAIM|1|rainfall at greyrock point ford reaches 42 metres during monsoon over the eastbound night ashen wolves.|fn-143-p1,fn-143-p2
PROV|1|fn-143-p1
PROV|1|fn-143-p2
CMP|fn-144
ANSWER|rainfall at frost shore narrows reaches 43 metres during monsoon over the westbound night sable frogs.
CLAIM|1|rainfall at frost shore narrows reaches 43 metres during monsoon over the westbound night sable frogs.|fn-144-p1,fn-144-p2
PROV|1|fn-144-p1
PROV|1|fn-144-p2
CMP|fn-145
ANSWER|rainfall at rowan cliff gill reaches 44 metres during monsoon over the homebound night emerald herons.
CLAIM|1|rainfall at rowan cliff gill reaches 44 metres during monsoon over the homebound night emerald herons.|fn-145-p1,fn-145-p2
PROV|1|fn-145-p1
PROV|1|fn-145-p2
CMP|fn-146
ANSWER|rainfall at copper ridge firth reaches 45 metres during monsoon over the outbound night mossy terns.
CLAIM|1|rainfall at copper ridge firth reaches 45 metres during monsoon over the outbound night mossy terns.|fn-146-p1,fn-146-p2
PROV|1|fn-146-p1
PROV|1|fn-146-p2
CMP|fn-147
ANSWER|rainfall at amber lagoon stead reaches 46 metres during monsoon over the seaward night scarlet moles.
CLAIM|1|rainfall at amber lagoon stead reaches 46 metres during monsoon over the seaward night scarlet moles.|fn-147-p1,fn-147-p2
PROV|1|fn-147-p1
PROV|1|fn-147-p2
CMP|fn-148
ANSWER|rainfall at hollow fen rest reaches 47 metres during monsoon over the landward night rocky lynx.
CLAIM|1|rainfall at hollow fen rest reaches 47 metres during monsoon over the landward night rocky lynx.|fn-148-p1,fn-148-p2
PROV|1|fn-148-p1
PROV|1|fn-148-p2
CMP|fn-149
ANSWER|rainfall at maple dunes weald reaches 48 metres during monsoon over the northbound dawn dappled perch.
CLAIM|1|rainfall at maple dunes weald reaches 48 metres during monsoon over the northbound dawn dappled perch.|fn-149-p1,fn-149-p2
PROV|1|fn-149-p1
PROV|1|fn-149-p2
CMP|fn-150
ANSWER|rainfall at stone dell side reaches 49 metres during monsoon over the southbound dawn sunny otters.
CLAIM|1|rainfall at stone dell side reaches 49 metres during monsoon over the southbound dawn sunny otters.|fn-150-p1,fn-150-p2
PROV|1|fn-150-p1
PROV|1|fn-150-p2
CMP|fn-151
ANSWER|rainfall at silent bay landing reaches 50 metres during monsoon over the eastbound dawn ruddy seals.
CLAIM|1|rainfall at silent bay landing reaches 50 metres during monsoon over the eastbound dawn ruddy seals.|fn-151-p1,fn-151-p2
PROV|1|fn-151-p1
PROV|1|fn-151-p2
CMP|fn-152
ANSWER|rainfall at thornfield glen dene reaches 51 metres during monsoon over the westbound dawn misty shrews.
CLAIM|1|rainfall at thornfield glen dene reaches 51 metres during monsoon over the westbound dawn misty shrews.|fn-152-p1,fn-152-p2
PROV|1|fn-152-p1
PROV|1|fn-152-p2
CMP|fn-153
ANSWER|rainfall at birch grove stow reaches 52 metres during monsoon over the homebound dawn gnarled stoats.
CLAIM|1|rainfall at birch grove stow reaches 52 metres during monsoon over the homebound dawn gnarled stoats.|fn-153-p1,fn-153-p2
PROV|1|fn-153-p1
PROV|1|fn-153-p2
CMP|fn-154
ANSWER|rainfall at fern harbor ness reaches 53 metres during monsoon over the outbound dawn jade salmon.
CLAIM|1|rainfall at fern harbor ness reaches 53 metres during monsoon over the outbound dawn jade salmon.|fn-154-p1,fn-154-p2
PROV|1|fn-154-p1
PROV|1|fn-154-p2
CMP|fn-155
ANSWER|rainfall at crimson isle mouth reaches 54 metres during monsoon over the seaward dawn grassy hares.
CLAIM|1|rainfall at crimson isle mouth reaches 54 metres during monsoon over the seaward dawn grassy hares.|fn-155-p1,fn-155-p2
PROV|1|fn-155-p1
PROV|1|fn-155-p2
CMP|fn-156
ANSWER|rainfall at saltmere peak flats reaches 55 metres during monsoon over the landward dawn tawny boar.
CLAIM|1|rainfall at saltmere peak flats reaches 55 metres during monsoon over the landward dawn tawny boar.|fn-156-p1,fn-156-p2
PROV|1|fn-156-p1
PROV|1|fn-156-p2
CMP|fn-157
ANSWER|rainfall at willow valley hope reaches 56 metres during monsoon over the northbound dusk stormy toads.
CLAIM|1|rainfall at willow valley hope reaches 56 metres during monsoon over the northbound dusk stormy toads.|fn-157-p1,fn-157-p2
PROV|1|fn-157-p1
PROV|1|fn-157-p2
CMP|fn-158
ANSWER|rainfall at hawthorn marsh headland reaches 57 metres during monsoon over the southbound dusk pale sparrows.
CLAIM|1|rainfall at hawthorn marsh headland reaches 57 metres during monsoon over the southbound dusk pale sparrows.|fn-158-p1,fn-158-p2
PROV|1|fn-158-p1
PROV|1|fn-158-p2
CMP|fn-159
ANSWER|rainfall at silver tor holm reaches 58 metres during monsoon over the eastbound dusk silent gulls.
CLAIM|1|rainfall at silver tor holm reaches 58 metres during monsoon over the eastbound dusk silent gulls.|fn-159-p1,fn-159-p2
PROV|1|fn-159-p1
PROV|1|fn-159-p2
CMP|fn-160
ANSWER|rainfall at cobalt mesa watch reaches 59 metres during monsoon over the westbound dusk withered larks.
CLAIM|1|rainfall at cobalt mesa watch reaches 59 metres during monsoon over the westbound dusk withered larks.|fn-160-p1,fn-160-p2
PROV|1|fn-160-p1
PROV|1|fn-160-p2
CMP|fn-161
ANSWER|the ember brook fells tortoise lays 150 eggs in every clutch under the homebound dusk copper bears.
CLAIM|1|the ember brook fells tortoise lays 150 eggs in every clutch under the homebound dusk copper bears.|fn-161-p1,fn-161-p2
PROV|1|fn-161-p1
PROV|1|fn-161-p2
CMP|fn-162
ANSWER|the alder reach gate tortoise lays 152 eggs in every clutch under the outbound dusk sandy eels.
CLAIM|1|the alder reach gate tortoise lays 152 eggs in every clutch under the outbound dusk sandy eels.|fn-162-p1,fn-162-p2
PROV|1|fn-162-p1
PROV|1|fn-162-p2
CMP|fn-163
ANSWER|the iron bluff heights tortoise lays 154 eggs in every clutch under the seaward dusk russet foxes.
CLAIM|1|the iron bluff heights tortoise lays 154 eggs in every clutch under the seaward dusk russet foxes.|fn-163-p1,fn-163-p2
PROV|1|fn-163-p1
PROV|1|fn-163-p2
CMP|fn-164
ANSWER|the misty thicket clough tortoise lays 156 eggs in every clutch under the landward dusk foggy puffins.
CLAIM|1|the misty thicket clough tortoise lays 156 eggs in every clutch under the landward dusk foggy puffins.|fn-164-p1,fn-164-p2
PROV|1|fn-164-p1
PROV|1|fn-164-p2
CMP|fn-165
ANSWER|the cinder cove beck tortoise lays 158 eggs in every clutch under the northbound morning dusky voles.
CLAIM|1|the cinder cove beck tortoise lays 158 eggs in every clutch under the northbound morning dusky voles.|fn-165-p1,fn-165-p2
PROV|1|fn-165-p1
PROV|1|fn-165-p2
CMP|fn-166
ANSWER|the cedar cape wick tortoise lays 160 eggs in every clutch under the southbound morning golden marten.
CLAIM|1|the cedar cape wick tortoise lays 160 eggs in every clutch under the southbound morning golden marten.|fn-166-p1,fn-166-p2
PROV|1|fn-166-p1
PROV|1|fn-166-p2
CMP|fn-167
ANSWER|the moss strand haven tortoise lays 162 eggs in every clutch under the eastbound morning verdant trout.
CLAIM|1|the moss strand haven tortoise lays 162 eggs in every clutch under the eastbound morning verdant trout.|fn-167-p1,fn-167-p2
PROV|1|fn-167-p1
PROV|1|fn-167-p2
CMP|fn-168
ANSWER|the azure falls downs tortoise lays 164 eggs in every clutch under the westbound morning amber badgers.
CLAIM|1|the azure falls downs tortoise lays 164 eggs in every clutch under the westbound morning amber badgers.|fn-168-p1,fn-168-p2
PROV|1|fn-168-p1
PROV|1|fn-168-p2
CMP|fn-169
ANSWER|the windward moor law tortoise lays 166 eggs in every clutch under the homebound morning stony deer.
CLAIM|1|the windward moor law tortoise lays 166 eggs in every clutch under the homebound morning stony deer.|fn-169-p1,fn-169-p2
PROV|1|fn-169-p1
PROV|1|fn-169-p2
CMP|fn-170
ANSWER|the aspen field crossing tortoise lays 168 eggs in every clutch under the outbound morning ivory newts.
CLAIM|1|the aspen field crossing tortoise lays 168 eggs in every clutch under the outbound morning ivory newts.|fn-170-p1,fn-170-p2
PROV|1|fn-170-p1
PROV|1|fn-170-p2
CMP|fn-171
ANSWER|the bramble hollow shaw tortoise lays 170 eggs in every clutch under the seaward morning windy pipits.
CLAIM|1|the bramble hollow shaw tortoise lays 170 eggs in every clutch under the seaward morning windy pipits.|fn-171-p1,fn-171-p2
PROV|1|fn-171-p1
PROV|1|fn-171-p2
CMP|fn-172
ANSWER|the golden meadow mark tortoise lays 172 eggs in every clutch under the landward morning mottled crabs.
CLAIM|1|the golden meadow mark tortoise lays 172 eggs in every clutch under the landward morning mottled crabs.|fn-172-p1,fn-172-p2
PROV|1|fn-172-p1
PROV|1|fn-172-p2
CMP|fn-173
ANSWER|the greyrock point crag tortoise lays 174 eggs in every clutch under the northbound evening ashen wrens.
CLAIM|1|the greyrock point crag tortoise lays 174 eggs in every clutch under the northbound evening ashen wrens.|fn-173-p1,fn-173-p2
PROV|1|fn-173-p1
PROV|1|fn-173-p2
CMP|fn-174
ANSWER|the frost shore ford tortoise lays 176 eggs in every clutch under the southbound evening sable wolves.
CLAIM|1|the frost shore ford tortoise lays 176 eggs in every clutch under the southbound evening sable wolves.|fn-174-p1,fn-174-p2
PROV|1|fn-174-p1
PROV|1|fn-174-p2
CMP|fn-175
ANSWER|the rowan cliff narrows tortoise lays 178 eggs in every clutch under the eastbound evening emerald frogs.
CLAIM|1|the rowan cliff narrows tortoise lays 178 eggs in every clutch under the eastbound evening emerald frogs.|fn-175-p1,fn-175-p2
PROV|1|fn-175-p1
PROV|1|fn-175-p2
CMP|fn-176
ANSWER|the copper ridge gill tortoise lays 180 eggs in every clutch under the westbound evening mossy herons.
CLAIM|1|the copper ridge gill tortoise lays 180 eggs in every clutch under the westbound evening mossy herons.|fn-176-p1,fn-176-p2
PROV|1|fn-176-p1
PROV|1|fn-176-p2
CMP|fn-177
ANSWER|the amber lagoon firth tortoise lays 182 eggs in every clutch under the homebound evening scarlet terns.
CLAIM|1|the amber lagoon firth tortoise lays 182 eggs in every clutch under the homebound evening scarlet terns.|fn-177-p1,fn-177-p2
PROV|1|fn-177-p1
PROV|1|fn-177-p2
CMP|fn-178
ANSWER|the hollow fen stead tortoise lays 184 eggs in every clutch under the outbound evening rocky moles.
CLAIM|1|the hollow fen stead tortoise lays 184 eggs in every clutch under the outbound evening rocky moles.|fn-178-p1,fn-178-p2
PROV|1|fn-178-p1
PROV|1|fn-178-p2
CMP|fn-179
ANSWER|the maple dunes rest tortoise lays 186 eggs in every clutch under the seaward evening dappled lynx.
CLAIM|1|the maple dunes rest tortoise lays 186 eggs in every clutch under the seaward evening dappled lynx.|fn-179-p1,fn-179-p2
PROV|1|fn-179-p1
PROV|1|fn-179-p2
CMP|fn-180
ANSWER|the stone dell weald tortoise lays 188 eggs in every clutch under the landward evening sunny perch.
CLAIM|1|the stone dell weald tortoise lays 188 eggs in every clutch under the landward evening sunny perch.|fn-180-p1,fn-180-p2
PROV|1|fn-180-p1
PROV|1|fn-180-p2
CMP|fn-181
ANSWER|diamonds from the silent bay side mine average 300 carats each inside the northbound midnight ruddy otters.
CLAIM|1|diamonds from the silent bay side mine average 300 carats each inside the northbound midnight ruddy otters.|fn-181-p1,fn-181-p2
PROV|1|fn-181-p1
PROV|1|fn-181-p2
CMP|fn-182
ANSWER|diamonds from the thornfield glen landing mine average 305 carats each inside the southbound midnight misty seals.
CLAIM|1|diamonds from the thornfield glen landing mine average 305 carats each inside the southbound midnight misty seals.|fn-182-p1,fn-182-p2
PROV|1|fn-182-p1
PROV|1|fn-182-p2
CMP|fn-183
ANSWER|diamonds from the birch grove dene mine average 310 carats each inside the eastbound midnight gnarled shrews.
CLAIM|1|diamonds from the birch grove dene mine average 310 carats each inside the eastbound midnight gnarled shrews.|fn-183-p1,fn-183-p2
PROV|1|fn-183-p1
PROV|1|fn-183-p2
CMP|fn-184
ANSWER|diamonds from the fern harbor stow mine average 315 carats each inside the westbound midnight jade stoats.
CLAIM|1|diamonds from the fern harbor stow mine average 315 carats each inside the westbound midnight jade stoats.|fn-184-p1,fn-184-p2
PROV|1|fn-184-p1
PROV|1|fn-184-p2
CMP|fn-185
ANSWER|diamonds from the crimson isle ness mine average 320 carats each inside the homebound midnight grassy salmon.
CLAIM|1|diamonds from the crimson isle ness mine average 320 carats each inside the homebound midnight grassy salmon.|fn-185-p1,fn-185-p2
PROV|1|fn-185-p1
PROV|1|fn-185-p2
CMP|fn-186
ANSWER|diamonds from the saltmere peak mouth mine average 325 carats each inside the outbound midnight tawny hares.
CLAIM|1|diamonds from the saltmere peak mouth mine average 325 carats each inside the outbound midnight tawny hares.|fn-186-p1,fn-186-p2
PROV|1|fn-186-p1
PROV|1|fn-186-p2
CMP|fn-187
ANSWER|diamonds from the willow valley flats mine average 330 carats each inside the seaward midnight stormy boar.
CLAIM|1|diamonds from the willow valley flats mine average 330 carats each inside the seaward midnight stormy boar.|fn-187-p1,fn-187-p2
PROV|1|fn-187-p1
PROV|1|fn-187-p2
CMP|fn-188
ANSWER|diamonds from the hawthorn marsh hope mine average 335 carats each inside the landward midnight pale toads.
CLAIM|1|diamonds from the hawthorn marsh hope mine average 335 carats each inside the landward midnight pale toads.|fn-188-p1,fn-188-p2
PROV|1|fn-188-p1
PROV|1|fn-188-p2
CMP|fn-189
ANSWER|diamonds from the silver tor headland mine average 340 carats each inside the northbound daybreak silent sparrows.
CLAIM|1|diamonds from the silver tor headland mine average 340 carats each inside the northbound daybreak silent sparrows.|fn-189-p1,fn-189-p2
PROV|1|fn-189-p1
PROV|1|fn-189-p2
CMP|fn-190
ANSWER|diamonds from the cobalt mesa holm mine average 345 carats each inside the southbound daybreak withered gulls.
CLAIM|1|diamonds from the cobalt mesa holm mine average 345 carats each inside the southbound daybreak withered gulls.|fn-190-p1,fn-190-p2
PROV|1|fn-190-p1
PROV|1|fn-190-p2
CMP|fn-191
ANSWER|diamonds from the ember brook watch mine average 350 carats each inside the eastbound daybreak copper larks.
CLAIM|1|diamonds from the ember brook watch mine average 350 carats each inside the eastbound daybreak copper larks.|fn-191-p1,fn-191-p2
PROV|1|fn-191-p1
PROV|1|fn-191-p2
CMP|fn-192
ANSWER|diamonds from the alder reach fells mine average 355 carats each inside the westbound daybreak sandy bears.
CLAIM|1|diamonds from the alder reach fells mine average 355 carats each inside the westbound daybreak sandy bears.|fn-192-p1,fn-192-p2
PROV|1|fn-192-p1
PROV|1|fn-192-p2
CMP|fn-193
ANSWER|diamonds from the iron bluff gate mine average 360 carats each inside the homebound daybreak russet eels.
CLAIM|1|diamonds from the iron bluff gate mine average 360 carats each inside the homebound daybreak russet eels.|fn-193-p1,fn-193-p2
PROV|1|fn-193-p1
PROV|1|fn-193-p2
CMP|fn-194
ANSWER|diamonds from the misty thicket heights mine average 365 carats each inside the outbound daybreak foggy foxes.
CLAIM|1|diamonds from the misty thicket heights mine average 365 carats each inside the outbound daybreak foggy foxes.|fn-194-p1,fn-194-p2
PROV|1|fn-194-p1
PROV|1|fn-194-p2
CMP|fn-195
ANSWER|diamonds from the cinder cove clough mine average 370 carats each inside the seaward daybreak dusky puffins.
CLAIM|1|diamonds from the cinder cove clough mine average 370 carats each inside the seaward daybreak dusky puffins.|fn-195-p1,fn-195-p2
PROV|1|fn-195-p1
PROV|1|fn-195-p2
CMP|fn-196
ANSWER|diamonds from the cedar cape beck mine average 375 carats each inside the landward daybreak golden voles.
CLAIM|1|diamonds from the cedar cape beck mine average 375 carats each inside the landward daybreak golden voles.|fn-196-p1,fn-196-p2
PROV|1|fn-196-p1
PROV|1|fn-196-p2
CMP|fn-197
ANSWER|diamonds from the moss strand wick mine average 380 carats each inside the northbound twilight verdant marten.
CLAIM|1|diamonds from the moss strand wick mine average 380 carats each inside the northbound twilight verdant marten.|fn-197-p1,fn-197-p2
PROV|1|fn-197-p1
PROV|1|fn-197-p2
CMP|fn-198
ANSWER|diamonds from the azure falls haven mine average 385 carats each inside the southbound twilight amber trout.
CLAIM|1|diamonds from the azure falls haven mine average 385 carats each inside the southbound twilight amber trout.|fn-198-p1,fn-198-p2
PROV|1|fn-198-p1
PROV|1|fn-198-p2
CMP|fn-199
ANSWER|diamonds from the windward moor downs mine average 390 carats each inside the eastbound twilight stony badgers.
CLAIM|1|diamonds from the windward moor downs mine average 390 carats each inside the eastbound twilight stony badgers.|fn-199-p1,fn-199-p2
PROV|1|fn-199-p1
PROV|1|fn-199-p2
CMP|fn-200
ANSWER|diamonds from the aspen field law mine average 395 carats each inside the westbound twilight ivory deer.
CLAIM|1|diamonds from the aspen field law mine average 395 carats each inside the westbound twilight ivory deer.|fn-200-p1,fn-200-p2
PROV|1|fn-200-p1
PROV|1|fn-200-p2
CMP|hk-001
ANSWER|UNCHECKABLE
UNCHECKED|hk-001-p1
CMP|hk-002
ANSWER|UNCHECKABLE
UNCHECKED|hk-002-p1
CMP|hk-003
ANSWER|UNCHECKABLE
UNCHECKED|hk-003-p1
CMP|hk-004
ANSWER|UNCHECKABLE
UNCHECKED|hk-004-p1
CMP|hk-005
ANSWER|UNCHECKABLE
UNCHECKED|hk-005-p1
CMP|hk-006
ANSWER|UNCHECKABLE
UNCHECKED|hk-006-p1
CMP|hk-007
ANSWER|UNCHECKABLE
UNCHECKED|hk-007-p1
CMP|hk-008
ANSWER|UNCHECKABLE
UNCHECKED|hk-008-p1
CMP|hk-009
ANSWER|UNCHECKABLE
UNCHECKED|hk-009-p1
CMP|hk-010
ANSWER|UNCHECKABLE
UNCHECKED|hk-010-p1
CMP|hk-011
ANSWER|UNCHECKABLE
UNCHECKED|hk-011-p1
CMP|hk-012
ANSWER|UNCHECKABLE
UNCHECKED|hk-012-p1
CMP|hk-013
ANSWER|UNCHECKABLE
UNCHECKED|hk-013-p1
CMP|hk-014
ANSWER|UNCHECKABLE
UNCHECKED|hk-014-p1
CMP|hk-015
ANSWER|UNCHECKABLE
UNCHECKED|hk-015-p1
CMP|hk-016
ANSWER|UNCHECKABLE
UNCHECKED|hk-016-p1
CMP|hk-017
ANSWER|UNCHECKABLE
UNCHECKED|hk-017-p1
CMP|hk-018
ANSWER|UNCHECKABLE
UNCHECKED|hk-018-p1
CMP|hk-019
ANSWER|UNCHECKABLE
UNCHECKED|hk-019-p1
CMP|hk-020
ANSWER|UNCHECKABLE
UNCHECKED|hk-020-p1
CMP|hk-021
ANSWER|UNCHECKABLE
UNCHECKED|hk-021-p1
CMP|hk-022
ANSWER|UNCHECKABLE
UNCHECKED|hk-022-p1
CMP|hk-023
ANSWER|UNCHECKABLE
UNCHECKED|hk-023-p1
CMP|hk-024
ANSWER|UNCHECKABLE
UNCHECKED|hk-024-p1
CMP|hk-025
ANSWER|UNCHECKABLE
UNCHECKED|hk-025-p1
CMP|hk-026
ANSWER|UNCHECKABLE
UNCHECKED|hk-026-p1
CMP|hk-027
ANSWER|UNCHECKABLE
UNCHECKED|hk-027-p1
CMP|hk-028
ANSWER|UNCHECKABLE
UNCHECKED|hk-028-p1
CMP|hk-029
ANSWER|UNCHECKABLE
UNCHECKED|hk-029-p1
CMP|hk-030
ANSWER|UNCHECKABLE
UNCHECKED|hk-030-p1
CMP|hk-031
ANSWER|UNCHECKABLE
UNCHECKED|hk-031-p1
CMP|hk-032
ANSWER|UNCHECKABLE
UNCHECKED|hk-032-p1
CMP|hk-033
ANSWER|UNCHECKABLE
UNCHECKED|hk-033-p1
CMP|hk-034
ANSWER|UNCHECKABLE
UNCHECKED|hk-034-p1
CMP|hk-035
ANSWER|UNCHECKABLE
UNCHECKED|hk-035-p1
CMP|hk-036
ANSWER|UNCHECKABLE
UNCHECKED|hk-036-p1
CMP|hk-037
ANSWER|UNCHECKABLE
UNCHECKED|hk-037-p1
CMP|hk-038
ANSWER|UNCHECKABLE
UNCHECKED|hk-038-p1
CMP|hk-039
ANSWER|UNCHECKABLE
UNCHECKED|hk-039-p1
CMP|hk-040
ANSWER|UNCHECKABLE
UNCHECKED|hk-040-p1
CMP|hk-041
ANSWER|UNCHECKABLE
UNCHECKED|hk-041-p1
CMP|hk-042
ANSWER|UNCHECKABLE
UNCHECKED|hk-042-p1
CMP|hk-043
ANSWER|UNCHECKABLE
UNCHECKED|hk-043-p1
CMP|hk-044
ANSWER|UNCHECKABLE
UNCHECKED|hk-044-p1
CMP|hk-045
ANSWER|UNCHECKABLE
UNCHECKED|hk-045-p1
CMP|hk-046
ANSWER|UNCHECKABLE
UNCHECKED|hk-046-p1
CMP|hk-047
ANSWER|UNCHECKABLE
UNCHECKED|hk-047-p1
CMP|hk-048
ANSWER|UNCHECKABLE
UNCHECKED|hk-048-p1
CMP|hk-049
ANSWER|UNCHECKABLE
UNCHECKED|hk-049-p1
CMP|hk-050
ANSWER|UNCHECKABLE
UNCHECKED|hk-050-p1
CMP|hk-051
ANSWER|UNCHECKABLE
UNCHECKED|hk-051-p1
CMP|hk-052
ANSWER|UNCHECKABLE
UNCHECKED|hk-052-p1
CMP|hk-053
ANSWER|UNCHECKABLE
UNCHECKED|hk-053-p1
CMP|hk-054
ANSWER|UNCHECKABLE
UNCHECKED|hk-054-p1
CMP|hk-055
ANSWER|UNCHECKABLE
UNCHECKED|hk-055-p1
CMP|hk-056
ANSWER|UNCHECKABLE
UNCHECKED|hk-056-p1
CMP|hk-057
ANSWER|UNCHECKABLE
UNCHECKED|hk-057-p1
CMP|hk-058
ANSWER|UNCHECKABLE
UNCHECKED|hk-058-p1
CMP|hk-059
ANSWER|UNCHECKABLE
UNCHECKED|hk-059-p1
CMP|hk-060
ANSWER|UNCHECKABLE
UNCHECKED|hk-060-p1
CMP|hk-061
ANSWER|UNCHECKABLE
UNCHECKED|hk-061-p1
CMP|hk-062
ANSWER|UNCHECKABLE
UNCHECKED|hk-062-p1
CMP|hk-063
ANSWER|UNCHECKABLE
UNCHECKED|hk-063-p1
CMP|hk-064
ANSWER|UNCHECKABLE
UNCHECKED|hk-064-p1
CMP|hk-065
ANSWER|UNCHECKABLE
UNCHECKED|hk-065-p1
CMP|hk-066
ANSWER|UNCHECKABLE
UNCHECKED|hk-066-p1
CMP|hk-067
ANSWER|UNCHECKABLE
UNCHECKED|hk-067-p1
CMP|hk-068
ANSWER|UNCHECKABLE
UNCHECKED|hk-068-p1
CMP|hk-069
ANSWER|UNCHECKABLE
UNCHECKED|hk-069-p1
CMP|hk-070
ANSWER|UNCHECKABLE
UNCHECKED|hk-070-p1
CMP|hk-071
ANSWER|UNCHECKABLE
UNCHECKED|hk-071-p1
CMP|hk-072
ANSWER|UNCHECKABLE
UNCHECKED|hk-072-p1
CMP|hk-073
ANSWER|UNCHECKABLE
UNCHECKED|hk-073-p1
CMP|hk-074
ANSWER|UNCHECKABLE
UNCHECKED|hk-074-p1
CMP|hk-075
ANSWER|UNCHECKABLE
UNCHECKED|hk-075-p1
CMP|hk-076
ANSWER|UNCHECKABLE
UNCHECKED|hk-076-p1
CMP|hk-077
ANSWER|UNCHECKABLE
UNCHECKED|hk-077-p1
CMP|hk-078
ANSWER|UNCHECKABLE
UNCHECKED|hk-078-p1
CMP|hk-079
ANSWER|UNCHECKABLE
UNCHECKED|hk-079-p1
CMP|hk-080
ANSWER|UNCHECKABLE
UNCHECKED|hk-080-p1
CMP|hk-081
ANSWER|UNCHECKABLE
UNCHECKED|hk-081-p1
CMP|hk-082
ANSWER|UNCHECKABLE
UNCHECKED|hk-082-p1
CMP|hk-083
ANSWER|UNCHECKABLE
UNCHECKED|hk-083-p1
CMP|hk-084
ANSWER|UNCHECKABLE
UNCHECKED|hk-084-p1
CMP|hk-085
ANSWER|UNCHECKABLE
UNCHECKED|hk-085-p1
CMP|hk-086
ANSWER|UNCHECKABLE
UNCHECKED|hk-086-p1
CMP|hk-087
ANSWER|UNCHECKABLE
UNCHECKED|hk-087-p1
CMP|hk-088
ANSWER|UNCHECKABLE
UNCHECKED|hk-088-p1
CMP|hk-089
ANSWER|UNCHECKABLE
UNCHECKED|hk-089-p1
CMP|hk-090
ANSWER|UNCHECKABLE
UNCHECKED|hk-090-p1
CMP|hk-091
ANSWER|UNCHECKABLE
UNCHECKED|hk-091-p1
CMP|hk-092
ANSWER|UNCHECKABLE
UNCHECKED|hk-092-p1
CMP|hk-093
ANSWER|UNCHECKABLE
UNCHECKED|hk-093-p1
CMP|hk-094
ANSWER|UNCHECKABLE
UNCHECKED|hk-094-p1
CMP|hk-095
ANSWER|UNCHECKABLE
UNCHECKED|hk-095-p1
CMP|hk-096
ANSWER|UNCHECKABLE
UNCHECKED|hk-096-p1
CMP|hk-097
ANSWER|UNCHECKABLE
UNCHECKED|hk-097-p1
CMP|hk-098
ANSWER|UNCHECKABLE
UNCHECKED|hk-098-p1
CMP|hk-099
ANSWER|UNCHECKABLE
UNCHECKED|hk-099-p1
CMP|hk-100
ANSWER|UNCHECKABLE
UNCHECKED|hk-100-p1
CMP|hk-101
ANSWER|UNCHECKABLE
UNCHECKED|hk-101-p1
CMP|hk-102
ANSWER|UNCHECKABLE
UNCHECKED|hk-102-p1
CMP|hk-103
ANSWER|UNCHECKABLE
UNCHECKED|hk-103-p1
CMP|hk-104
ANSWER|UNCHECKABLE
UNCHECKED|hk-104-p1
CMP|hk-105
ANSWER|UNCHECKABLE
UNCHECKED|hk-105-p1
CMP|hk-106
ANSWER|UNCHECKABLE
UNCHECKED|hk-106-p1
CMP|hk-107
ANSWER|UNCHECKABLE
UNCHECKED|hk-107-p1
CMP|hk-108
ANSWER|UNCHECKABLE
UNCHECKED|hk-108-p1
CMP|hk-109
ANSWER|UNCHECKABLE
UNCHECKED|hk-109-p1
CMP|hk-110
ANSWER|UNCHECKABLE
UNCHECKED|hk-110-p1
CMP|hk-111
ANSWER|UNCHECKABLE
UNCHECKED|hk-111-p1
CMP|hk-112
ANSWER|UNCHECKABLE
UNCHECKED|hk-112-p1
CMP|hk-113
ANSWER|UNCHECKABLE
UNCHECKED|hk-113-p1
CMP|hk-114
ANSWER|UNCHECKABLE
UNCHECKED|hk-114-p1
CMP|hk-115
ANSWER|UNCHECKABLE
UNCHECKED|hk-115-p1
CMP|hk-116
ANSWER|UNCHECKABLE
UNCHECKED|hk-116-p1
CMP|hk-117
ANSWER|UNCHECKABLE
UNCHECKED|hk-117-p1
CMP|hk-118
ANSWER|UNCHECKABLE
UNCHECKED|hk-118-p1
CMP|hk-119
ANSWER|UNCHECKABLE
UNCHECKED|hk-119-p1
CMP|hk-120
ANSWER|UNCHECKABLE
UNCHECKED|hk-120-p1
CMP|hn-001
ANSWER|UNCHECKABLE
UNCHECKED|hn-001-p1
CMP|hn-002
ANSWER|UNCHECKABLE
UNCHECKED|hn-002-p1
CMP|hn-003
ANSWER|UNCHECKABLE
UNCHECKED|hn-003-p1
CMP|hn-004
ANSWER|UNCHECKABLE
UNCHECKED|hn-004-p1
CMP|hn-005
ANSWER|UNCHECKABLE
UNCHECKED|hn-005-p1
CMP|hn-006
ANSWER|UNCHECKABLE
UNCHECKED|hn-006-p1
CMP|hn-007
ANSWER|UNCHECKABLE
UNCHECKED|hn-007-p1
CMP|hn-008
ANSWER|UNCHECKABLE
UNCHECKED|hn-008-p1
CMP|hn-009
ANSWER|UNCHECKABLE
UNCHECKED|hn-009-p1
CMP|hn-010
ANSWER|UNCHECKABLE
UNCHECKED|hn-010-p1
CMP|hn-011
ANSWER|UNCHECKABLE
UNCHECKED|hn-011-p1
CMP|hn-012
ANSWER|UNCHECKABLE
UNCHECKED|hn-012-p1
CMP|hn-013
ANSWER|UNCHECKABLE
UNCHECKED|hn-013-p1
CMP|hn-014
ANSWER|UNCHECKABLE
UNCHECKED|hn-014-p1
CMP|hn-015
ANSWER|UNCHECKABLE
UNCHECKED|hn-015-p1
CMP|hn-016
ANSWER|UNCHECKABLE
UNCHECKED|hn-016-p1
CMP|hn-017
ANSWER|UNCHECKABLE
UNCHECKED|hn-017-p1
CMP|hn-018
ANSWER|UNCHECKABLE
UNCHECKED|hn-018-p1
CMP|hn-019
ANSWER|UNCHECKABLE
UNCHECKED|hn-019-p1
CMP|hn-020
ANSWER|UNCHECKABLE
UNCHECKED|hn-020-p1
CMP|hn-021
ANSWER|UNCHECKABLE
UNCHECKED|hn-021-p1
CMP|hn-022
ANSWER|UNCHECKABLE
UNCHECKED|hn-022-p1
CMP|hn-023
ANSWER|UNCHECKABLE
UNCHECKED|hn-023-p1
CMP|hn-024
ANSWER|UNCHECKABLE
UNCHECKED|hn-024-p1
CMP|hn-025
ANSWER|UNCHECKABLE
UNCHECKED|hn-025-p1
CMP|hn-026
ANSWER|UNCHECKABLE
UNCHECKED|hn-026-p1
CMP|hn-027
ANSWER|UNCHECKABLE
UNCHECKED|hn-027-p1
CMP|hn-028
ANSWER|UNCHECKABLE
UNCHECKED|hn-028-p1
CMP|hn-029
ANSWER|UNCHECKABLE
UNCHECKED|hn-029-p1
CMP|hn-030
ANSWER|UNCHECKABLE
UNCHECKED|hn-030-p1
CMP|hn-031
ANSWER|UNCHECKABLE
UNCHECKED|hn-031-p1
CMP|hn-032
ANSWER|UNCHECKABLE
UNCHECKED|hn-032-p1
CMP|hn-033
ANSWER|UNCHECKABLE
UNCHECKED|hn-033-p1
CMP|hn-034
ANSWER|UNCHECKABLE
UNCHECKED|hn-034-p1
CMP|hn-035
ANSWER|UNCHECKABLE
UNCHECKED|hn-035-p1
CMP|hn-036
ANSWER|UNCHECKABLE
UNCHECKED|hn-036-p1
CMP|hn-037
ANSWER|UNCHECKABLE
UNCHECKED|hn-037-p1
CMP|hn-038
ANSWER|UNCHECKABLE
UNCHECKED|hn-038-p1
CMP|hn-039
ANSWER|UNCHECKABLE
UNCHECKED|hn-039-p1
CMP|hn-040
ANSWER|UNCHECKABLE
UNCHECKED|hn-040-p1
CMP|hn-041
ANSWER|UNCHECKABLE
UNCHECKED|hn-041-p1
CMP|hn-042
ANSWER|UNCHECKABLE
UNCHECKED|hn-042-p1
CMP|hn-043
ANSWER|UNCHECKABLE
UNCHECKED|hn-043-p1
CMP|hn-044
ANSWER|UNCHECKABLE
UNCHECKED|hn-044-p1
CMP|hn-045
ANSWER|UNCHECKABLE
UNCHECKED|hn-045-p1
CMP|hn-046
ANSWER|UNCHECKABLE
UNCHECKED|hn-046-p1
CMP|hn-047
ANSWER|UNCHECKABLE
UNCHECKED|hn-047-p1
CMP|hn-048
ANSWER|UNCHECKABLE
UNCHECKED|hn-048-p1
CMP|hn-049
ANSWER|UNCHECKABLE
UNCHECKED|hn-049-p1
CMP|hn-050
ANSWER|UNCHECKABLE
UNCHECKED|hn-050-p1
CMP|hn-051
ANSWER|UNCHECKABLE
UNCHECKED|hn-051-p1
CMP|hn-052
ANSWER|UNCHECKABLE
UNCHECKED|hn-052-p1
CMP|hn-053
ANSWER|UNCHECKABLE
UNCHECKED|hn-053-p1
CMP|hn-054
ANSWER|UNCHECKABLE
UNCHECKED|hn-054-p1
CMP|hn-055
ANSWER|UNCHECKABLE
UNCHECKED|hn-055-p1
CMP|hn-056
ANSWER|UNCHECKABLE
UNCHECKED|hn-056-p1
CMP|hn-057
ANSWER|UNCHECKABLE
UNCHECKED|hn-057-p1
CMP|hn-058
ANSWER|UNCHECKABLE
UNCHECKED|hn-058-p1
CMP|hn-059
ANSWER|UNCHECKABLE
UNCHECKED|hn-059-p1
CMP|hn-060
ANSWER|UNCHECKABLE
UNCHECKED|hn-060-p1
CMP|hn-061
ANSWER|UNCHECKABLE
UNCHECKED|hn-061-p1
CMP|hn-062
ANSWER|UNCHECKABLE
UNCHECKED|hn-062-p1
CMP|hn-063
ANSWER|UNCHECKABLE
UNCHECKED|hn-063-p1
CMP|hn-064
ANSWER|UNCHECKABLE
UNCHECKED|hn-064-p1
CMP|hn-065
ANSWER|UNCHECKABLE
UNCHECKED|hn-065-p1
CMP|hn-066
ANSWER|UNCHECKABLE
UNCHECKED|hn-066-p1
CMP|hn-067
ANSWER|UNCHECKABLE
UNCHECKED|hn-067-p1
CMP|hn-068
ANSWER|UNCHECKABLE
UNCHECKED|hn-068-p1
CMP|hn-069
ANSWER|UNCHECKABLE
UNCHECKED|hn-069-p1
CMP|hn-070
ANSWER|UNCHECKABLE
UNCHECKED|hn-070-p1
CMP|hn-071
ANSWER|UNCHECKABLE
UNCHECKED|hn-071-p1
CMP|hn-072
ANSWER|UNCHECKABLE
UNCHECKED|hn-072-p1
CMP|hn-073
ANSWER|UNCHECKABLE
UNCHECKED|hn-073-p1
CMP|hn-074
ANSWER|UNCHECKABLE
UNCHECKED|hn-074-p1
CMP|hn-075
ANSWER|UNCHECKABLE
UNCHECKED|hn-075-p1
CMP|hn-076
ANSWER|UNCHECKABLE
UNCHECKED|hn-076-p1
CMP|hn-077
ANSWER|UNCHECKABLE
UNCHECKED|hn-077-p1
CMP|hn-078
ANSWER|UNCHECKABLE
UNCHECKED|hn-078-p1
CMP|hn-079
ANSWER|UNCHECKABLE
UNCHECKED|hn-079-p1
CMP|hn-080
ANSWER|UNCHECKABLE
UNCHECKED|hn-080-p1
CMP|hn-081
ANSWER|UNCHECKABLE
UNCHECKED|hn-081-p1
CMP|hn-082
ANSWER|UNCHECKABLE
UNCHECKED|hn-082-p1
CMP|hn-083
ANSWER|UNCHECKABLE
UNCHECKED|hn-083-p1
CMP|hn-084
ANSWER|UNCHECKABLE
UNCHECKED|hn-084-p1
CMP|hn-085
ANSWER|UNCHECKABLE
UNCHECKED|hn-085-p1
CMP|hn-086
ANSWER|UNCHECKABLE
UNCHECKED|hn-086-p1
CMP|hn-087
ANSWER|UNCHECKABLE
UNCHECKED|hn-087-p1
CMP|hn-088
ANSWER|UNCHECKABLE
UNCHECKED|hn-088-p1
CMP|hn-089
ANSWER|UNCHECKABLE
UNCHECKED|hn-089-p1
CMP|hn-090
ANSWER|UNCHECKABLE
UNCHECKED|hn-090-p1
CMP|hn-091
ANSWER|UNCHECKABLE
UNCHECKED|hn-091-p1
CMP|hn-092
ANSWER|UNCHECKABLE
UNCHECKED|hn-092-p1
CMP|hn-093
ANSWER|UNCHECKABLE
UNCHECKED|hn-093-p1
CMP|hn-094
ANSWER|UNCHECKABLE
UNCHECKED|hn-094-p1
CMP|hn-095
ANSWER|UNCHECKABLE
UNCHECKED|hn-095-p1
CMP|hn-096
ANSWER|UNCHECKABLE
UNCHECKED|hn-096-p1
CMP|hn-097
ANSWER|UNCHECKABLE
UNCHECKED|hn-097-p1
CMP|hn-098
ANSWER|UNCHECKABLE
UNCHECKED|hn-098-p1
CMP|hn-099
ANSWER|UNCHECKABLE
UNCHECKED|hn-099-p1
CMP|hn-100
ANSWER|UNCHECKABLE
UNCHECKED|hn-100-p1
CMP|hn-101
ANSWER|UNCHECKABLE
UNCHECKED|hn-101-p1
CMP|hn-102
ANSWER|UNCHECKABLE
UNCHECKED|hn-102-p1
CMP|hn-103
ANSWER|UNCHECKABLE
UNCHECKED|hn-103-p1
CMP|hn-104
ANSWER|UNCHECKABLE
UNCHECKED|hn-104-p1
CMP|hn-105
ANSWER|UNCHECKABLE
UNCHECKED|hn-105-p1
CMP|hn-106
ANSWER|UNCHECKABLE
UNCHECKED|hn-106-p1
CMP|hn-107
ANSWER|UNCHECKABLE
UNCHECKED|hn-107-p1
CMP|hn-108
ANSWER|UNCHECKABLE
UNCHECKED|hn-108-p1
CMP|hn-109
ANSWER|UNCHECKABLE
UNCHECKED|hn-109-p1
CMP|hn-110
ANSWER|UNCHECKABLE
UNCHECKED|hn-110-p1
CMP|hn-111
ANSWER|UNCHECKABLE
UNCHECKED|hn-111-p1
CMP|hn-112
ANSWER|UNCHECKABLE
UNCHECKED|hn-112-p1
CMP|hn-113
ANSWER|UNCHECKABLE
UNCHECKED|hn-113-p1
CMP|hn-114
ANSWER|UNCHECKABLE
UNCHECKED|hn-114-p1
CMP|hn-115
ANSWER|UNCHECKABLE
UNCHECKED|hn-115-p1
CMP|hn-116
ANSWER|UNCHECKABLE
UNCHECKED|hn-116-p1
CMP|hn-117
ANSWER|UNCHECKABLE
UNCHECKED|hn-117-p1
CMP|hn-118
ANSWER|UNCHECKABLE
UNCHECKED|hn-118-p1
CMP|hn-119
ANSWER|UNCHECKABLE
UNCHECKED|hn-119-p1
CMP|hn-120
ANSWER|UNCHECKABLE
UNCHECKED|hn-120-p1
CMP|hn-121
ANSWER|UNCHECKABLE
UNCHECKED|hn-121-p1
CMP|hn-122
ANSWER|UNCHECKABLE
UNCHECKED|hn-122-p1
CMP|hn-123
ANSWER|UNCHECKABLE
UNCHECKED|hn-123-p1
CMP|hn-124
ANSWER|UNCHECKABLE
UNCHECKED|hn-124-p1
CMP|hn-125
ANSWER|UNCHECKABLE
UNCHECKED|hn-125-p1
CMP|hn-126
ANSWER|UNCHECKABLE
UNCHECKED|hn-126-p1
CMP|hn-127
ANSWER|UNCHECKABLE
UNCHECKED|hn-127-p1
CMP|hn-128
ANSWER|UNCHECKABLE
UNCHECKED|hn-128-p1
CMP|hn-129
ANSWER|UNCHECKABLE
UNCHECKED|hn-129-p1
CMP|hn-130
ANSWER|UNCHECKABLE
UNCHECKED|hn-130-p1
CMP|hn-131
ANSWER|UNCHECKABLE
UNCHECKED|hn-131-p1
CMP|hn-132
ANSWER|UNCHECKABLE
UNCHECKED|hn-132-p1
CMP|hn-133
ANSWER|UNCHECKABLE
UNCHECKED|hn-133-p1
CMP|hn-134
ANSWER|UNCHECKABLE
UNCHECKED|hn-134-p1
CMP|hn-135
ANSWER|UNCHECKABLE
UNCHECKED|hn-135-p1
CMP|hn-136
ANSWER|UNCHECKABLE
UNCHECKED|hn-136-p1
CMP|hn-137
ANSWER|UNCHECKABLE
UNCHECKED|hn-137-p1
CMP|hn-138
ANSWER|UNCHECKABLE
UNCHECKED|hn-138-p1
CMP|hn-139
ANSWER|UNCHECKABLE
UNCHECKED|hn-139-p1
CMP|hn-140
ANSWER|UNCHECKABLE
UNCHECKED|hn-140-p1
CMP|hn-141
ANSWER|UNCHECKABLE
UNCHECKED|hn-141-p1
CMP|hn-142
ANSWER|UNCHECKABLE
UNCHECKED|hn-142-p1
CMP|hn-143
ANSWER|UNCHECKABLE
UNCHECKED|hn-143-p1
CMP|hn-144
ANSWER|UNCHECKABLE
UNCHECKED|hn-144-p1
CMP|hn-145
ANSWER|UNCHECKABLE
UNCHECKED|hn-145-p1
CMP|hn-146
ANSWER|UNCHECKABLE
UNCHECKED|hn-146-p1
CMP|hn-147
ANSWER|UNCHECKABLE
UNCHECKED|hn-147-p1
CMP|hn-148
ANSWER|UNCHECKABLE
UNCHECKED|hn-148-p1
CMP|hn-149
ANSWER|UNCHECKABLE
UNCHECKED|hn-149-p1
CMP|hn-150
ANSWER|UNCHECKABLE
UNCHECKED|hn-150-p1
CMP|hn-151
ANSWER|UNCHECKABLE
UNCHECKED|hn-151-p1
CMP|hn-152
ANSWER|UNCHECKABLE
UNCHECKED|hn-152-p1
CMP|hn-153
ANSWER|UNCHECKABLE
UNCHECKED|hn-153-p1
CMP|hn-154
ANSWER|UNCHECKABLE
UNCHECKED|hn-154-p1
CMP|hn-155
ANSWER|UNCHECKABLE
UNCHECKED|hn-155-p1
CMP|hn-156
ANSWER|UNCHECKABLE
UNCHECKED|hn-156-p1
CMP|hn-157
ANSWER|UNCHECKABLE
UNCHECKED|hn-157-p1
CMP|hn-158
ANSWER|UNCHECKABLE
UNCHECKED|hn-158-p1
CMP|hn-159
ANSWER|UNCHECKABLE
UNCHECKED|hn-159-p1
CMP|hn-160
ANSWER|UNCHECKABLE
UNCHECKED|hn-160-p1
CMP|hn-161
ANSWER|UNCHECKABLE
UNCHECKED|hn-161-p1
CMP|hn-162
ANSWER|UNCHECKABLE
UNCHECKED|hn-162-p1
CMP|hn-163
ANSWER|UNCHECKABLE
UNCHECKED|hn-163-p1
CMP|hn-164
ANSWER|UNCHECKABLE
UNCHECKED|hn-164-p1
CMP|hn-165
ANSWER|UNCHECKABLE
UNCHECKED|hn-165-p1
CMP|hn-166
ANSWER|UNCHECKABLE
UNCHECKED|hn-166-p1
CMP|hn-167
ANSWER|UNCHECKABLE
UNCHECKED|hn-167-p1
CMP|hn-168
ANSWER|UNCHECKABLE
UNCHECKED|hn-168-p1
CMP|hn-169
ANSWER|UNCHECKABLE
UNCHECKED|hn-169-p1
CMP|hn-170
ANSWER|UNCHECKABLE
UNCHECKED|hn-170-p1
CMP|hn-171
ANSWER|UNCHECKABLE
UNCHECKED|hn-171-p1
CMP|hn-172
ANSWER|UNCHECKABLE
UNCHECKED|hn-172-p1
CMP|hn-173
ANSWER|UNCHECKABLE
UNCHECKED|hn-173-p1
CMP|hn-174
ANSWER|UNCHECKABLE
UNCHECKED|hn-174-p1
CMP|hn-175
ANSWER|UNCHECKABLE
UNCHECKED|hn-175-p1
CMP|hn-176
ANSWER|UNCHECKABLE
UNCHECKED|hn-176-p1
CMP|hn-177
ANSWER|UNCHECKABLE
UNCHECKED|hn-177-p1
CMP|hn-178
ANSWER|UNCHECKABLE
UNCHECKED|hn-178-p1
CMP|hn-179
ANSWER|UNCHECKABLE
UNCHECKED|hn-179-p1
CMP|hn-180
ANSWER|UNCHECKABLE
UNCHECKED|hn-180-p1
CMP|hn-181
ANSWER|UNCHECKABLE
UNCHECKED|hn-181-p1
CMP|hn-182
ANSWER|UNCHECKABLE
UNCHECKED|hn-182-p1
CMP|hn-183
ANSWER|UNCHECKABLE
UNCHECKED|hn-183-p1
CMP|hn-184
ANSWER|UNCHECKABLE
UNCHECKED|hn-184-p1
CMP|hn-185
ANSWER|UNCHECKABLE
UNCHECKED|hn-185-p1
CMP|hn-186
ANSWER|UNCHECKABLE
UNCHECKED|hn-186-p1
CMP|hn-187
ANSWER|UNCHECKABLE
UNCHECKED|hn-187-p1
CMP|hn-188
ANSWER|UNCHECKABLE
UNCHECKED|hn-188-p1
CMP|hn-189
ANSWER|UNCHECKABLE
UNCHECKED|hn-189-p1
CMP|hn-190
ANSWER|UNCHECKABLE
UNCHECKED|hn-190-p1
CMP|hn-191
ANSWER|UNCHECKABLE
UNCHECKED|hn-191-p1
CMP|hn-192
ANSWER|UNCHECKABLE
UNCHECKED|hn-192-p1
CMP|hn-193
ANSWER|UNCHECKABLE
UNCHECKED|hn-193-p1
CMP|hn-194
ANSWER|UNCHECKABLE
UNCHECKED|hn-194-p1
CMP|hn-195
ANSWER|UNCHECKABLE
UNCHECKED|hn-195-p1
CMP|hn-196
ANSWER|UNCHECKABLE
UNCHECKED|hn-196-p1
CMP|hn-197
ANSWER|UNCHECKABLE
UNCHECKED|hn-197-p1
CMP|hn-198
ANSWER|UNCHECKABLE
UNCHECKED|hn-198-p1
CMP|hn-199
ANSWER|UNCHECKABLE
UNCHECKED|hn-199-p1
CMP|hn-200
ANSWER|UNCHECKABLE
UNCHECKED|hn-200-p1
CMP|sk-001
ANSWER|UNCHECKABLE
UNCHECKED|sk-001-p1
CMP|sk-002
ANSWER|UNCHECKABLE
UNCHECKED|sk-002-p1
CMP|sk-003
ANSWER|UNCHECKABLE
UNCHECKED|sk-003-p1
CMP|sk-004
ANSWER|UNCHECKABLE
UNCHECKED|sk-004-p1
CMP|sk-005
ANSWER|UNCHECKABLE
UNCHECKED|sk-005-p1
CMP|sk-006
ANSWER|UNCHECKABLE
UNCHECKED|sk-006-p1
CMP|sk-007
ANSWER|UNCHECKABLE
UNCHECKED|sk-007-p1
CMP|sk-008
ANSWER|UNCHECKABLE
UNCHECKED|sk-008-p1
CMP|sk-009
ANSWER|UNCHECKABLE
UNCHECKED|sk-009-p1
CMP|sk-010
ANSWER|UNCHECKABLE
UNCHECKED|sk-010-p1
CMP|sk-011
ANSWER|UNCHECKABLE
UNCHECKED|sk-011-p1
CMP|sk-012
ANSWER|UNCHECKABLE
UNCHECKED|sk-012-p1
CMP|sk-013
ANSWER|UNCHECKABLE
UNCHECKED|sk-013-p1
CMP|sk-014
ANSWER|UNCHECKABLE
UNCHECKED|sk-014-p1
CMP|sk-015
ANSWER|UNCHECKABLE
UNCHECKED|sk-015-p1
CMP|sk-016
ANSWER|UNCHECKABLE
UNCHECKED|sk-016-p1
CMP|sk-017
ANSWER|UNCHECKABLE
UNCHECKED|sk-017-p1
CMP|sk-018
ANSWER|UNCHECKABLE
UNCHECKED|sk-018-p1
CMP|sk-019
ANSWER|UNCHECKABLE
UNCHECKED|sk-019-p1
CMP|sk-020
ANSWER|UNCHECKABLE
UNCHECKED|sk-020-p1
CMP|sk-021
ANSWER|UNCHECKABLE
UNCHECKED|sk-021-p1
CMP|sk-022
ANSWER|UNCHECKABLE
UNCHECKED|sk-022-p1
CMP|sk-023
ANSWER|UNCHECKABLE
UNCHECKED|sk-023-p1
CMP|sk-024
ANSWER|UNCHECKABLE
UNCHECKED|sk-024-p1
CMP|sk-025
ANSWER|UNCHECKABLE
UNCHECKED|sk-025-p1
CMP|sk-026
ANSWER|UNCHECKABLE
UNCHECKED|sk-026-p1
CMP|sk-027
ANSWER|UNCHECKABLE
UNCHECKED|sk-027-p1
CMP|sk-028
ANSWER|UNCHECKABLE
UNCHECKED|sk-028-p1
CMP|sk-029
ANSWER|UNCHECKABLE
UNCHECKED|sk-029-p1
CMP|sk-030
ANSWER|UNCHECKABLE
UNCHECKED|sk-030-p1
CMP|sk-031
ANSWER|UNCHECKABLE
UNCHECKED|sk-031-p1
CMP|sk-032
ANSWER|UNCHECKABLE
UNCHECKED|sk-032-p1
CMP|sk-033
ANSWER|UNCHECKABLE
UNCHECKED|sk-033-p1
CMP|sk-034
ANSWER|UNCHECKABLE
UNCHECKED|sk-034-p1
CMP|sk-035
ANSWER|UNCHECKABLE
UNCHECKED|sk-035-p1
CMP|sk-036
ANSWER|UNCHECKABLE
UNCHECKED|sk-036-p1
CMP|sk-037
ANSWER|UNCHECKABLE
UNCHECKED|sk-037-p1
CMP|sk-038
ANSWER|UNCHECKABLE
UNCHECKED|sk-038-p1
CMP|sk-039
ANSWER|UNCHECKABLE
UNCHECKED|sk-039-p1
CMP|sk-040
ANSWER|UNCHECKABLE
UNCHECKED|sk-040-p1
CMP|sk-041
ANSWER|UNCHECKABLE
UNCHECKED|sk-041-p1
CMP|sk-042
ANSWER|UNCHECKABLE
UNCHECKED|sk-042-p1
CMP|sk-043
ANSWER|UNCHECKABLE
UNCHECKED|sk-043-p1
CMP|sk-044
ANSWER|UNCHECKABLE
UNCHECKED|sk-044-p1
CMP|sk-045
ANSWER|UNCHECKABLE
UNCHECKED|sk-045-p1
CMP|sk-046
ANSWER|UNCHECKABLE
UNCHECKED|sk-046-p1
CMP|sk-047
ANSWER|UNCHECKABLE
UNCHECKED|sk-047-p1
CMP|sk-048
ANSWER|UNCHECKABLE
UNCHECKED|sk-048-p1
CMP|sk-049
ANSWER|UNCHECKABLE
UNCHECKED|sk-049-p1
CMP|sk-050
ANSWER|UNCHECKABLE
UNCHECKED|sk-050-p1
CMP|sk-051
ANSWER|UNCHECKABLE
UNCHECKED|sk-051-p1
CMP|sk-052
ANSWER|UNCHECKABLE
UNCHECKED|sk-052-p1
CMP|sk-053
ANSWER|UNCHECKABLE
UNCHECKED|sk-053-p1
CMP|sk-054
ANSWER|UNCHECKABLE
UNCHECKED|sk-054-p1
CMP|sk-055
ANSWER|UNCHECKABLE
UNCHECKED|sk-055-p1
CMP|sk-056
ANSWER|UNCHECKABLE
UNCHECKED|sk-056-p1
CMP|sk-057
ANSWER|UNCHECKABLE
UNCHECKED|sk-057-p1
CMP|sk-058
ANSWER|UNCHECKABLE
UNCHECKED|sk-058-p1
CMP|sk-059
ANSWER|UNCHECKABLE
UNCHECKED|sk-059-p1
CMP|sk-060
ANSWER|UNCHECKABLE
UNCHECKED|sk-060-p1
CMP|sk-061
ANSWER|UNCHECKABLE
UNCHECKED|sk-061-p1
CMP|sk-062
ANSWER|UNCHECKABLE
UNCHECKED|sk-062-p1
CMP|sk-063
ANSWER|UNCHECKABLE
UNCHECKED|sk-063-p1
CMP|sk-064
ANSWER|UNCHECKABLE
UNCHECKED|sk-064-p1
CMP|sk-065
ANSWER|UNCHECKABLE
UNCHECKED|sk-065-p1
CMP|sk-066
ANSWER|UNCHECKABLE
UNCHECKED|sk-066-p1
CMP|sk-067
ANSWER|UNCHECKABLE
UNCHECKED|sk-067-p1
CMP|sk-068
ANSWER|UNCHECKABLE
UNCHECKED|sk-068-p1
CMP|sk-069
ANSWER|UNCHECKABLE
UNCHECKED|sk-069-p1
CMP|sk-070
ANSWER|UNCHECKABLE
UNCHECKED|sk-070-p1
CMP|sk-071
ANSWER|UNCHECKABLE
UNCHECKED|sk-071-p1
CMP|sk-072
ANSWER|UNCHECKABLE
UNCHECKED|sk-072-p1
CMP|sk-073
ANSWER|UNCHECKABLE
UNCHECKED|sk-073-p1
CMP|sk-074
ANSWER|UNCHECKABLE
UNCHECKED|sk-074-p1
CMP|sk-075
ANSWER|UNCHECKABLE
UNCHECKED|sk-075-p1
CMP|sk-076
ANSWER|UNCHECKABLE
UNCHECKED|sk-076-p1
CMP|sk-077
ANSWER|UNCHECKABLE
UNCHECKED|sk-077-p1
CMP|sk-078
ANSWER|UNCHECKABLE
UNCHECKED|sk-078-p1
CMP|sk-079
ANSWER|UNCHECKABLE
UNCHECKED|sk-079-p1
CMP|sk-080
ANSWER|UNCHECKABLE
UNCHECKED|sk-080-p1
CMP|sk-081
ANSWER|UNCHECKABLE
UNCHECKED|sk-081-p1
CMP|sk-082
ANSWER|UNCHECKABLE
UNCHECKED|sk-082-p1
CMP|sk-083
ANSWER|UNCHECKABLE
UNCHECKED|sk-083-p1
CMP|sk-084
ANSWER|UNCHECKABLE
UNCHECKED|sk-084-p1
CMP|sk-085
ANSWER|UNCHECKABLE
UNCHECKED|sk-085-p1
CMP|sk-086
ANSWER|UNCHECKABLE
UNCHECKED|sk-086-p1
CMP|sk-087
ANSWER|UNCHECKABLE
UNCHECKED|sk-087-p1
CMP|sk-088
ANSWER|UNCHECKABLE
UNCHECKED|sk-088-p1
CMP|sk-089
ANSWER|UNCHECKABLE
UNCHECKED|sk-089-p1
CMP|sk-090
ANSWER|UNCHECKABLE
UNCHECKED|sk-090-p1
CMP|sk-091
ANSWER|UNCHECKABLE
UNCHECKED|sk-091-p1
CMP|sk-092
ANSWER|UNCHECKABLE
UNCHECKED|sk-092-p1
CMP|sk-093
ANSWER|UNCHECKABLE
UNCHECKED|sk-093-p1
CMP|sk-094
ANSWER|UNCHECKABLE
UNCHECKED|sk-094-p1
CMP|sk-095
ANSWER|UNCHECKABLE
UNCHECKED|sk-095-p1
CMP|sk-096
ANSWER|UNCHECKABLE
UNCHECKED|sk-096-p1
CMP|sk-097
ANSWER|UNCHECKABLE
UNCHECKED|sk-097-p1
CMP|sk-098
ANSWER|UNCHECKABLE
UNCHECKED|sk-098-p1
CMP|sk-099
ANSWER|UNCHECKABLE
UNCHECKED|sk-099-p1
CMP|sk-100
ANSWER|UNCHECKABLE
UNCHECKED|sk-100-p1
CMP|sk-101
ANSWER|UNCHECKABLE
UNCHECKED|sk-101-p1
CMP|sk-102
ANSWER|UNCHECKABLE
UNCHECKED|sk-102-p1
CMP|sk-103
ANSWER|UNCHECKABLE
UNCHECKED|sk-103-p1
CMP|sk-104
ANSWER|UNCHECKABLE
UNCHECKED|sk-104-p1
CMP|sk-105
ANSWER|UNCHECKABLE
UNCHECKED|sk-105-p1
CMP|sk-106
ANSWER|UNCHECKABLE
UNCHECKED|sk-106-p1
CMP|sk-107
ANSWER|UNCHECKABLE
UNCHECKED|sk-107-p1
CMP|sk-108
ANSWER|UNCHECKABLE
UNCHECKED|sk-108-p1
CMP|sk-109
ANSWER|UNCHECKABLE
UNCHECKED|sk-109-p1
CMP|sk-110
ANSWER|UNCHECKABLE
UNCHECKED|sk-110-p1
CMP|sk-111
ANSWER|UNCHECKABLE
UNCHECKED|sk-111-p1
CMP|sk-112
ANSWER|UNCHECKABLE
UNCHECKED|sk-112-p1
CMP|sk-113
ANSWER|UNCHECKABLE
UNCHECKED|sk-113-p1
CMP|sk-114
ANSWER|UNCHECKABLE
UNCHECKED|sk-114-p1
CMP|sk-115
ANSWER|UNCHECKABLE
UNCHECKED|sk-115-p1
CMP|sk-116
ANSWER|UNCHECKABLE
UNCHECKED|sk-116-p1
CMP|sk-117
ANSWER|UNCHECKABLE
UNCHECKED|sk-117-p1
CMP|sk-118
ANSWER|UNCHECKABLE
UNCHECKED|sk-118-p1
CMP|sk-119
ANSWER|UNCHECKABLE
UNCHECKED|sk-119-p1
CMP|sk-120
ANSWER|UNCHECKABLE
UNCHECKED|sk-120-p1
