znc 2026.07.0-dev (edition 2026)
GATE_PASS: imported substrates match prereg hashes
GATE_PASS: stretch source differs from integ.zag by exactly the 58 documented lines
GATE_PASS: no RNG tokens in integ_stretch.zag
GATE_PASS: claims channel isolated from learner region
GATE_PASS: compiled: integ_stretch.bin
GATE_PASS: byte-identical reruns: sha256 151fac46f48f94dfc4be50eb06be441791b58a5003c60a4298827eeda5c8e0e8 (run1 1789885167s, run2 1789885167s wall)
WALLCLOCK_RUN1_S=1 WALLCLOCK_RUN2_S=0
GATE_PASS: all INTEG_CHECK lines hold, INTEG_FAILURES,0
--- judge verdicts ---
INTEG_JUDGE,R,h1,0,h2,0,hold,1
INTEG_JUDGE,F,h1,0,h2,0,hold,1
INTEG_JUDGE,C,h1,0,h2,1,hold,0
--- IL gate verdicts ---
INTEG_IL,R_d_disc_c0,verdict,0
INTEG_IL,R_d_disc_c1,verdict,0
INTEG_IL,R_d_persist_c0,verdict,0
INTEG_IL,R_d_persist_c1,verdict,0
INTEG_IL,C_d_poison_c0,verdict,0
INTEG_IL,C_d_poison_c1,verdict,0
--- branch decisions ---
INTEG_BRANCH,R,2,p1_disc,0
INTEG_BRANCH,R,2,p1_disc,0
INTEG_BRANCH,F,2,p1_disc,0
INTEG_BRANCH,C,2,p1_disc,0
--- core mechanism excerpts ---
INTEG_CHECK,R_fire_step,11,11
INTEG_CHECK,R_ndisconnect,1,1
INTEG_CHECK,R_a_sig1,0,0
INTEG_CHECK,R_a_sig2,0,0
INTEG_CHECK,R_b_ntrap,1440,1440
INTEG_CHECK,R_b_trapcorrect,1440,1440
INTEG_CHECK,R_b_sig,0,0
INTEG_CHECK,R_g_inv,0,0
INTEG_CHECK,R_h_mm,0,0
ALL GATES PASSED
