EP 0 x0=4 x1=3 pred=0 true=14 err=14
EP 1 x0=4 x1=1 pred=0 true=10 err=10
TRIGGER 1 winfail=2 win=2 buf=2
CONSTRUCT 1 0 NODE id=0 op=ADD p1=0 p2=8 p3=8 err_before=24 err_after=8
CONSTRUCT 1 1 NODE id=1 op=ADD p1=0 p2=0 p3=8 err_before=8 err_after=4
STALL 1 nodes=3 buf_err=4
EP 2 x0=0 x1=0 pred=0 true=0 err=0
EP 3 x0=3 x1=4 pred=9 true=14 err=5
EP 4 x0=4 x1=4 pred=12 true=16 err=4
TRIGGER 4 winfail=2 win=3 buf=5
CONSTRUCT 4 0 NODE id=2 op=ADD p1=0 p2=0 p3=9 err_before=13 err_after=5
STALL 4 nodes=4 buf_err=5
EP 5 x0=4 x1=2 pred=14 true=12 err=2
EP 6 x0=2 x1=0 pred=6 true=4 err=2
TRIGGER 6 winfail=2 win=2 buf=7
STALL 6 nodes=4 buf_err=9
EP 7 x0=4 x1=1 pred=13 true=10 err=3
EP 8 x0=2 x1=3 pred=9 true=10 err=1
TRIGGER 8 winfail=2 win=2 buf=8
STALL 8 nodes=4 buf_err=12
EP 9 x0=2 x1=0 pred=6 true=4 err=2
EP 10 x0=4 x1=4 pred=16 true=16 err=0
EP 11 x0=3 x1=0 pred=9 true=6 err=3
TRIGGER 11 winfail=2 win=3 buf=8
STALL 11 nodes=4 buf_err=13
EP 12 x0=1 x1=3 pred=6 true=8 err=2
EP 13 x0=4 x1=3 pred=15 true=14 err=1
TRIGGER 13 winfail=2 win=2 buf=8
STALL 13 nodes=4 buf_err=14
EP 14 x0=3 x1=0 pred=9 true=6 err=3
EP 15 x0=2 x1=0 pred=6 true=4 err=2
TRIGGER 15 winfail=2 win=2 buf=8
STALL 15 nodes=4 buf_err=14
EP 16 x0=0 x1=4 pred=4 true=8 err=4
EP 17 x0=1 x1=3 pred=6 true=8 err=2
TRIGGER 17 winfail=2 win=2 buf=8
STALL 17 nodes=4 buf_err=17
EP 18 x0=1 x1=0 pred=3 true=2 err=1
EP 19 x0=4 x1=4 pred=16 true=16 err=0
EP 20 x0=0 x1=0 pred=0 true=0 err=0
EP 21 x0=2 x1=2 pred=8 true=8 err=0
EP 22 x0=3 x1=1 pred=10 true=8 err=2
TRIGGER 22 winfail=2 win=5 buf=8
STALL 22 nodes=4 buf_err=11
EP 23 x0=3 x1=0 pred=9 true=6 err=3
EXEC main 24
SUMMARY episodes=24 constructs=3 supersedes=0 stalls=9 main_nodes=4
