real 0.27
user 0.00
sys 0.00
             1310720  maximum resident set size
                   0  average shared memory size
                   0  average unshared data size
                   0  average unshared stack size
                 262  page reclaims
                   0  page faults
                   0  swaps
                   0  block input operations
                   0  block output operations
                   0  messages sent
                   0  messages received
                   0  signals received
                   6  voluntary context switches
                  31  involuntary context switches
            38244115  instructions retired
            19377704  cycles elapsed
              868664  peak memory footprint
