N19_REAP,waited_pid,67789,second_wait,-10
N19_QUAL_RUN,after_open,started,1,exit,80,signal,0,cpu_us,1794,peak_rss,1474560,file_bytes,0
N19_TELEMETRY,recover_file,status,-1906,0,-1,-1,0,0,0,-1,-1,poisoned,-1,-1
N19_REAP,waited_pid,67790,second_wait,-10
N19_QUAL_RUN,after_open_recover,started,1,exit,1,signal,0,cpu_us,2536,peak_rss,1703936,file_bytes,0
N19_REAP,waited_pid,67791,second_wait,-10
N19_QUAL_RUN,after_half_write,started,1,exit,81,signal,0,cpu_us,2099,peak_rss,1556480,file_bytes,16
N19_TELEMETRY,recover_file,status,-1906,0,-1,-1,0,0,0,-1,-1,poisoned,-1,-1
N19_REAP,waited_pid,67792,second_wait,-10
N19_QUAL_RUN,after_half_write_recover,started,1,exit,1,signal,0,cpu_us,2543,peak_rss,1507328,file_bytes,16
N19_REAP,waited_pid,67793,second_wait,-10
N19_QUAL_RUN,after_full_write,started,1,exit,82,signal,0,cpu_us,2645,peak_rss,1474560,file_bytes,32
N19_TELEMETRY,recover_file,status,0,0,-1,-1,1,1,1,-1,-1,recovered,-1,-1
N19_REAP,waited_pid,67794,second_wait,-10
N19_QUAL_RUN,after_full_write_recover,started,1,exit,0,signal,0,cpu_us,2182,peak_rss,1507328,file_bytes,32
N19_REAP,waited_pid,67795,second_wait,-10
N19_QUAL_RUN,after_file_sync,started,1,exit,83,signal,0,cpu_us,2353,peak_rss,1474560,file_bytes,32
N19_TELEMETRY,recover_file,status,0,0,-1,-1,1,1,1,-1,-1,recovered,-1,-1
N19_REAP,waited_pid,67796,second_wait,-10
N19_QUAL_RUN,after_file_sync_recover,started,1,exit,0,signal,0,cpu_us,1655,peak_rss,1507328,file_bytes,32
N19_REAP,waited_pid,67797,second_wait,-10
N19_QUAL_RUN,after_root_sync,started,1,exit,84,signal,0,cpu_us,2687,peak_rss,1523712,file_bytes,32
N19_TELEMETRY,recover_file,status,0,0,-1,-1,1,1,1,-1,-1,recovered,-1,-1
N19_REAP,waited_pid,67798,second_wait,-10
N19_QUAL_RUN,after_root_sync_recover,started,1,exit,0,signal,0,cpu_us,2471,peak_rss,1507328,file_bytes,32
N19_CRASH_MATRIX,failures,0
