CLAIM id=T0448 idx=447
READ hid=0 rd=R_ASSERT ev=1
READ hid=1 rd=R_EVAL ev=0
READ hid=2 rd=R_DEON ev=0
READ hid=3 rd=R_1PEXP ev=0
READ hid=4 rd=R_NEG ev=0
READ hid=5 rd=R_CLAIMNUM ev=0
READ hid=10 rd=R_OVL_0 ev=1
READ hid=26 rd=R_CPOL_0 ev=0
READ hid=42 rd=R_CNUMA_0 ev=1
READ hid=58 rd=R_CNUMC_0 ev=0
READ hid=74 rd=R_CNUMG_0 ev=0
READ hid=11 rd=R_OVL_1 ev=1
READ hid=27 rd=R_CPOL_1 ev=0
READ hid=43 rd=R_CNUMA_1 ev=1
READ hid=59 rd=R_CNUMC_1 ev=0
READ hid=75 rd=R_CNUMG_1 ev=0
READ hid=12 rd=R_OVL_2 ev=1
READ hid=28 rd=R_CPOL_2 ev=0
READ hid=44 rd=R_CNUMA_2 ev=1
READ hid=60 rd=R_CNUMC_2 ev=0
READ hid=76 rd=R_CNUMG_2 ev=0
READ hid=13 rd=R_OVL_3 ev=1
READ hid=29 rd=R_CPOL_3 ev=0
READ hid=45 rd=R_CNUMA_3 ev=1
READ hid=61 rd=R_CNUMC_3 ev=0
READ hid=77 rd=R_CNUMG_3 ev=0
READ hid=14 rd=R_OVL_4 ev=1
READ hid=30 rd=R_CPOL_4 ev=0
READ hid=46 rd=R_CNUMA_4 ev=1
READ hid=62 rd=R_CNUMC_4 ev=0
READ hid=78 rd=R_CNUMG_4 ev=0
CAND hid=120 bid=SUP_0 fire=1 base=100 bonus=17 score=117 cand=T0174
CAND hid=140 bid=CON_0 fire=1 base=100 bonus=7 score=107 cand=T0174
CAND hid=160 bid=TOP_0 fire=1 base=100 bonus=1 score=101 cand=T0174
CAND hid=121 bid=SUP_1 fire=1 base=100 bonus=17 score=117 cand=T0392
CAND hid=141 bid=CON_1 fire=1 base=100 bonus=7 score=107 cand=T0392
CAND hid=161 bid=TOP_1 fire=1 base=100 bonus=1 score=101 cand=T0392
CAND hid=122 bid=SUP_2 fire=1 base=100 bonus=17 score=117 cand=T0425
CAND hid=142 bid=CON_2 fire=1 base=100 bonus=7 score=107 cand=T0425
CAND hid=162 bid=TOP_2 fire=1 base=100 bonus=1 score=101 cand=T0425
CAND hid=123 bid=SUP_3 fire=1 base=100 bonus=17 score=117 cand=T0434
CAND hid=143 bid=CON_3 fire=1 base=100 bonus=7 score=107 cand=T0434
CAND hid=163 bid=TOP_3 fire=1 base=100 bonus=1 score=101 cand=T0434
CAND hid=124 bid=SUP_4 fire=1 base=100 bonus=17 score=117 cand=T0440
CAND hid=144 bid=CON_4 fire=1 base=100 bonus=7 score=107 cand=T0440
CAND hid=164 bid=TOP_4 fire=1 base=100 bonus=1 score=101 cand=T0440
ELIM hid=140 bid=CON_0 reason=OUTSCORED by=120 score=107
ELIM hid=160 bid=TOP_0 reason=OUTSCORED by=120 score=101
ELIM hid=141 bid=CON_1 reason=OUTSCORED by=121 score=107
ELIM hid=161 bid=TOP_1 reason=OUTSCORED by=121 score=101
ELIM hid=142 bid=CON_2 reason=OUTSCORED by=122 score=107
ELIM hid=162 bid=TOP_2 reason=OUTSCORED by=122 score=101
ELIM hid=143 bid=CON_3 reason=OUTSCORED by=123 score=107
ELIM hid=163 bid=TOP_3 reason=OUTSCORED by=123 score=101
ELIM hid=144 bid=CON_4 reason=OUTSCORED by=124 score=107
ELIM hid=164 bid=TOP_4 reason=OUTSCORED by=124 score=101
READ hid=90 rd=R_COV_0 ev=0
READ hid=91 rd=R_COV_1 ev=1
READ hid=92 rd=R_COV_2 ev=1
READ hid=93 rd=R_COV_3 ev=0
READ hid=94 rd=R_COV_4 ev=0
CAND hid=200 bid=FACT fire=1 base=211 bonus=1 score=212
CAND hid=201 bid=LIE fire=0 base=211 bonus=0 score=211
CAND hid=203 bid=UNDET fire=0 base=203 bonus=0 score=203
ELIM hid=201 bid=LIE reason=PRE_FAIL by=-1 score=211
ELIM hid=202 bid=OPINION reason=PRE_FAIL by=-1 score=0
ELIM hid=203 bid=UNDET reason=PRE_FAIL by=-1 score=203
ARGMAX hid=200 verdict=FACT score=212 margin=0
CONTENT cand=T0174 ovl=1 interp=SUP text="Reincarnation is real; we live many lives. "
CONTENT cand=T0392 ovl=1 interp=SUP text="Bigfoot is a real, undiscovered ape living in North American forests. "
CONTENT cand=T0425 ovl=1 interp=SUP text="The Loch Ness Monster is a surviving prehistoric creature. "
CONTENT cand=T0434 ovl=1 interp=SUP text="Ghosts are real and haunt specific places. "
CONTENT cand=T0440 ovl=1 interp=SUP text="Violent video games make players more violent in real life. "
VERDICT id=T0448 verdict=FACT
