PROCESSV3,unit,0,1,0,1,0,1,0,0,2967,0,6300,1,3746,1687552
CL_CHECK,unit,0,0
CL_CHECK,supervisor_status,0,0
CL_CHECK,reaped,1,1
CL_CHECK,signal,0,0
CL_CHECK,rss_under_64MiB,1,1
CL_RESOURCE,unit,3746,1687552,2967,0
PROCESSV3,write,0,1,0,1,0,1,0,0,89,0,6304,1,1114,1572864
CL_CHECK,write,0,0
CL_CHECK,supervisor_status,0,0
CL_CHECK,reaped,1,1
CL_CHECK,signal,0,0
CL_CHECK,rss_under_64MiB,1,1
CL_RESOURCE,write,1114,1572864,89,0
PROCESSV3,reload,0,1,0,1,0,1,0,0,446,0,6303,1,1130,1572864
CL_CHECK,reload,0,0
CL_CHECK,supervisor_status,0,0
CL_CHECK,reaped,1,1
CL_CHECK,signal,0,0
CL_CHECK,rss_under_64MiB,1,1
CL_RESOURCE,reload,1130,1572864,446,0
PROCESSV3,torn,0,1,0,1,0,1,73,0,53,0,6297,1,1191,1572864
CL_CHECK,torn,73,73
CL_CHECK,supervisor_status,0,0
CL_CHECK,reaped,1,1
CL_CHECK,signal,0,0
CL_CHECK,rss_under_64MiB,1,1
CL_RESOURCE,torn,1191,1572864,53,0
PROCESSV3,torn-refusal,0,1,0,1,0,1,0,0,116,0,6309,1,1055,1540096
CL_CHECK,torn-refusal,0,0
CL_CHECK,supervisor_status,0,0
CL_CHECK,reaped,1,1
CL_CHECK,signal,0,0
CL_CHECK,rss_under_64MiB,1,1
CL_RESOURCE,torn-refusal,1055,1540096,116,0
CL_ENGINEERING_FAILURES,0
