CL_CHECK,gate_a_recycle_gate,0,0
CL_CHECK,gate_a_recycle_live,1,1
CL_CHECK,gate_a_recycle_strength,30,30
CL_CHECK,gate_a_recycle_aux2,5210,5210
CL_CHECK,gate_a_recycle_reason0_refused,2001,2001
CL_CHECK,gate_a_recycle_reason16_refused,2001,2001
CL_CHECK,gate_a_lien_blocks_discount,109,109
CL_CHECK,gate_a_lien_paid_ok,0,0
CL_CHECK,gate_a_delete_reason_aux2,1,1
CL_CHECK,gate_a_delete_then_recycle_refused,122,122
CL_CHECK,gate_a_recycle_zero_strength_refused,117,117
CL_CHECK,gate_a_recycle_pinned_refused,102,102
CL_CHECK,ck_replay,0,0
CL_CHECK,ck_refusals_clean,0,0
CL_CHECK,ck_core_live,1,1
CL_CHECK,ck_strength_lineage,1,1
CL_CHECK,ck_strength_lineage,1,1
CL_CHECK,ck_strength_lineage,1,1
CL_CHECK,ck_strength_lineage,1,1
CL_CHECK,ck_strength_lineage,1,1
CL_CHECK,ck_del_cite_count,4,4
CL_CHECK,ck_del_cite_distinct,4,4
CL_CHECK,ck_del_justify,1,1
CL_CHECK,ck_no_bad_kill,0,0
CL_CHECK,ck_no_bad_forcepin,0,0
CL_CHECK,ck_no_bad_code,0,0
CL_CHECK,ck_no_bad_role,0,0
CL_CHECK,ck_no_bad_pexp,0,0
CL_CHECK,ck_no_bad_recycle,0,0
ST_GATE_A 1 0
ST_FINGERPRINT -257690914
ST_DONE
