ST_TS 25 27 31 0 0 0 0 0 0 0 0 0
ST_DELIB 30 2 1 2 3 10 1 0 0
ST_DELIB 31 5 1 2 3 10 1 0 0
ST_DELIB 32 8 1 2 3 10 1 0 0
ST_DELIB 33 4 1 2 3 10 1 0 0
ST_DELIB 34 7 1 2 3 10 1 0 0
ST_DELIB 35 12 1 2 3 10 1 0 0
ST_DELIB 36 15 1 2 3 10 1 0 0
ST_DELIB 37 14 1 2 3 10 1 0 0
ST_DELIB 38 18 1 2 3 10 1 0 0
ST_DELIB 39 24 1 2 3 10 1 0 0
ST_DELIB 40 17 1 2 3 10 1 0 0
ST_DELIB 41 17 1 2 3 10 1 0 0
ST_DELIB 42 27 1 2 3 10 1 0 0
ST_DELIB 43 2 1 2 3 10 1 0 0
ST_DELIB 44 2 1 2 3 10 1 0 0
ST_DELIB 45 22 1 2 3 10 1 0 0
ST_DELIB 46 4 1 2 3 10 1 0 0
ST_DELIB 47 4 1 2 3 10 1 0 0
ST_DELIB 48 25 1 2 3 10 1 0 0
ST_DELIB 49 15 1 2 3 10 1 0 0
ST_TS 50 32 74 0 20 0 20 0 12 0 0 0
ST_DELIB 50 22 1 2 3 10 1 0 0
ST_DELIB 51 28 1 2 3 10 1 0 0
ST_DELIB 52 27 1 2 3 10 1 0 0
ST_DELIB 53 27 1 2 3 10 1 0 0
ST_DELIB 54 8 1 2 3 10 1 0 0
ST_DELIB 55 12 1 2 3 10 1 0 0
ST_DELIB 56 12 1 2 3 10 1 0 0
ST_DELIB 57 9 3 2 9 80 4 2 1
ST_DELIB 57 9 1 2 3 1 4 0 0
ST_DELIB 58 10 3 2 9 80 4 2 1
ST_DELIB 58 10 1 2 3 1 4 0 0
ST_DELIB 59 11 3 2 9 80 4 2 1
ST_DELIB 59 11 1 2 3 1 4 0 0
ST_DELIB 60 12 1 2 3 10 1 0 0
ST_DELIB 61 12 1 2 3 10 1 0 0
ST_DELIB 62 22 1 2 3 10 1 0 0
ST_DELIB 63 22 1 2 3 10 1 0 0
ST_DELIB 64 22 1 2 3 10 1 0 0
ST_DELIB 65 27 1 2 3 10 1 0 0
ST_DELIB 66 27 1 2 3 10 1 0 0
ST_DELIB 67 19 3 2 9 80 4 2 1
ST_DELIB 67 19 1 2 3 1 4 0 0
ST_DELIB 68 20 3 2 9 80 4 2 1
ST_DELIB 68 20 1 2 3 1 4 0 0
ST_DELIB 69 21 3 2 9 80 4 2 1
ST_DELIB 69 21 1 2 3 1 4 0 0
ST_DELIB 70 27 1 2 3 10 1 0 0
ST_DELIB 71 27 1 2 3 10 1 0 0
ST_DELIB 72 12 1 2 3 75 3 0 0
ST_DELIB 73 12 1 2 3 10 3 0 0
ST_DELIB 74 12 1 2 3 10 3 0 0
ST_TS 75 32 142 0 93 0 51 6 19 0 0 0
ST_DELIB 75 19 1 2 3 75 4 0 0
ST_DELIB 76 19 1 2 3 10 4 0 0
ST_DELIB 77 29 3 2 9 80 4 2 1
ST_DELIB 77 29 1 2 3 1 4 0 0
ST_DELIB 78 30 3 2 9 80 4 2 1
ST_DELIB 78 30 1 2 3 1 4 0 0
ST_DELIB 79 31 3 2 9 80 4 2 1
ST_DELIB 79 31 1 2 3 1 4 0 0
ST_DELIB 80 19 1 2 3 10 4 0 0
ST_DELIB 81 19 1 2 3 10 4 0 0
ST_DELIB 82 22 1 2 3 75 3 0 0
ST_DELIB 83 22 1 2 3 10 3 0 0
ST_DELIB 84 22 1 2 3 10 3 0 0
ST_DELIB 85 31 1 2 3 75 4 0 0
ST_DELIB 86 31 1 2 3 10 4 0 0
ST_DELIB 87 14 3 2 9 80 4 2 1
ST_DELIB 87 14 1 2 3 1 4 0 0
ST_DELIB 88 18 3 2 9 80 4 2 1
ST_DELIB 88 18 1 2 3 1 4 0 0
ST_DELIB 89 24 3 2 9 80 4 2 1
ST_DELIB 89 24 1 2 3 1 4 0 0
ST_DELIB 90 31 1 2 3 10 4 0 0
ST_DELIB 91 31 1 2 3 10 4 0 0
ST_DELIB 92 18 1 2 3 75 4 0 0
ST_DELIB 93 18 1 2 3 10 4 0 0
ST_DELIB 94 18 1 2 3 10 4 0 0
ST_DELIB 95 18 1 2 3 75 4 0 0
ST_DELIB 96 18 1 2 3 10 4 0 0
ST_DELIB 97 4 3 2 9 80 4 2 1
ST_DELIB 97 4 1 2 3 1 4 0 0
ST_DELIB 98 25 3 2 9 80 4 2 1
ST_DELIB 98 25 1 2 3 1 4 0 0
ST_DELIB 99 15 3 2 9 80 4 2 1
ST_DELIB 99 15 1 2 3 1 4 0 0
ST_TS 100 32 203 0 226 0 85 15 19 0 0 0
ST_DELIB 100 18 1 2 3 10 4 0 0
ST_DELIB 101 18 1 2 3 10 4 0 0
ST_DELIB 102 4 1 2 3 75 4 0 0
ST_DELIB 103 4 1 2 3 10 4 0 0
ST_DELIB 104 4 1 2 3 10 4 0 0
ST_DELIB 105 31 1 2 3 75 4 0 0
ST_DELIB 106 31 1 2 3 10 4 0 0
ST_DELIB 107 9 3 2 9 80 4 2 1
ST_DELIB 107 9 1 2 3 1 4 0 0
ST_DELIB 108 10 3 2 9 80 4 2 1
ST_DELIB 108 10 1 2 3 1 4 0 0
ST_DELIB 109 11 3 2 9 80 4 2 1
ST_DELIB 109 11 1 2 3 1 4 0 0
ST_DELIB 110 31 1 2 3 10 4 0 0
ST_DELIB 111 31 1 2 3 10 4 0 0
ST_DELIB 112 15 1 2 3 75 4 0 0
ST_DELIB 113 15 1 2 3 10 4 0 0
ST_DELIB 114 15 1 2 3 10 4 0 0
ST_DELIB 115 15 1 2 3 75 4 0 0
ST_DELIB 116 15 1 2 3 10 4 0 0
ST_DELIB 117 15 1 2 3 10 4 0 0
ST_DELIB 118 20 3 2 9 80 4 2 1
ST_DELIB 118 20 1 2 3 1 4 0 0
ST_DELIB 119 21 3 2 9 80 4 2 1
ST_DELIB 119 21 1 2 3 1 4 0 0
ST_DELIB 120 20 1 2 3 75 4 0 0
ST_DELIB 121 20 1 2 3 10 4 0 0
ST_DELIB 122 20 1 2 3 75 4 0 0
ST_DELIB 123 20 1 2 3 10 4 0 0
ST_DELIB 124 20 1 2 3 10 4 0 0
ST_TS 125 32 257 0 346 0 115 20 21 0 0 0
ST_DELIB 125 20 1 2 3 75 4 0 0
ST_DELIB 126 20 1 2 3 10 4 0 0
ST_DELIB 127 29 3 2 9 80 4 2 1
ST_DELIB 127 29 1 2 3 1 4 0 0
ST_DELIB 128 30 3 2 9 80 4 2 1
ST_DELIB 128 30 1 2 3 1 4 0 0
ST_DELIB 129 20 1 2 3 10 4 0 0
ST_DELIB 130 29 1 2 3 75 4 0 0
ST_DELIB 131 29 1 2 3 10 4 0 0
ST_DELIB 132 15 1 2 3 75 4 0 0
ST_DELIB 133 15 1 2 3 10 4 0 0
ST_DELIB 134 15 1 2 3 10 4 0 0
ST_DELIB 135 20 1 2 3 75 4 0 0
ST_DELIB 136 20 1 2 3 10 4 0 0
ST_DELIB 137 14 3 2 9 80 4 2 1
ST_DELIB 137 14 1 2 3 1 4 0 0
ST_DELIB 138 20 1 2 3 10 4 0 0
ST_DELIB 139 24 3 2 9 80 4 2 1
ST_DELIB 139 24 1 2 3 1 4 0 0
ST_DELIB 140 24 1 2 3 75 4 0 0
ST_DELIB 141 24 1 2 3 10 4 0 0
ST_DELIB 142 20 1 2 3 75 4 0 0
ST_DELIB 143 20 1 2 3 10 4 0 0
ST_DELIB 144 20 1 2 3 10 4 0 0
ST_DELIB 145 20 1 2 3 75 4 0 0
ST_DELIB 146 20 1 2 3 10 4 0 0
ST_DELIB 147 20 1 2 3 10 4 0 0
ST_DELIB 148 25 3 2 9 80 4 2 1
ST_DELIB 148 25 1 2 3 1 4 0 0
ST_DELIB 149 25 1 2 3 75 4 0 0
ST_TS 150 32 305 0 466 0 145 25 23 0 0 0
ST_DELIB 150 20 1 2 3 75 4 0 0
ST_DELIB 151 20 1 2 3 10 4 0 0
ST_DELIB 152 20 1 2 3 75 4 0 0
ST_DELIB 153 20 1 2 3 10 4 0 0
ST_DELIB 154 20 1 2 3 10 4 0 0
ST_DELIB 155 20 1 2 3 75 4 0 0
ST_DELIB 156 20 1 2 3 10 4 0 0
ST_DELIB 157 9 3 2 9 80 4 2 1
ST_DELIB 157 9 1 2 3 1 4 0 0
ST_DELIB 158 10 3 2 9 80 4 2 1
ST_DELIB 158 10 1 2 3 1 4 0 0
ST_DELIB 159 11 3 2 9 80 4 2 1
ST_DELIB 159 11 1 2 3 1 4 0 0
ST_DELIB 160 20 1 2 3 10 4 0 0
ST_DELIB 161 20 1 2 3 10 4 0 0
ST_DELIB 162 24 1 2 3 75 4 0 0
ST_DELIB 163 24 1 2 3 10 4 0 0
ST_DELIB 164 24 1 2 3 10 4 0 0
ST_DELIB 165 20 1 2 3 75 4 0 0
ST_DELIB 166 20 1 2 3 10 4 0 0
ST_DELIB 167 20 1 2 3 10 4 0 0
ST_DELIB 168 20 1 2 3 75 4 0 0
ST_DELIB 169 21 3 2 9 80 4 2 1
ST_DELIB 169 21 1 2 3 1 4 0 0
ST_DELIB 170 21 1 2 3 75 4 0 0
ST_DELIB 171 21 1 2 3 10 4 0 0
ST_DELIB 172 20 1 2 3 75 4 0 0
ST_DELIB 173 20 1 2 3 10 4 0 0
ST_DELIB 174 20 1 2 3 10 4 0 0
ST_TS 175 32 352 0 582 0 174 29 24 0 0 0
ST_DELIB 175 20 1 2 3 75 4 0 0
ST_DELIB 176 20 1 2 3 10 4 0 0
ST_DELIB 177 20 1 2 3 10 4 0 0
ST_DELIB 178 30 3 2 9 80 4 2 1
ST_DELIB 178 30 1 2 3 1 4 0 0
ST_DELIB 179 30 1 2 3 75 4 0 0
ST_DELIB 180 20 1 2 3 75 4 0 0
ST_DELIB 181 20 1 2 3 10 4 0 0
ST_DELIB 182 20 1 2 3 75 4 0 0
ST_DELIB 183 20 1 2 3 10 4 0 0
ST_DELIB 184 20 1 2 3 10 4 0 0
ST_DELIB 185 20 1 2 3 75 4 0 0
ST_DELIB 186 20 1 2 3 10 4 0 0
ST_DELIB 187 14 3 2 9 80 4 2 1
ST_DELIB 187 14 1 2 3 1 4 0 0
ST_DELIB 188 20 1 2 3 10 4 0 0
ST_DELIB 189 14 1 2 3 75 4 0 0
ST_DELIB 190 14 1 2 3 75 4 0 0
ST_DELIB 191 14 1 2 3 10 4 0 0
ST_DELIB 192 21 1 2 3 75 4 0 0
ST_DELIB 193 21 1 2 3 10 4 0 0
ST_DELIB 194 21 1 2 3 10 4 0 0
ST_DELIB 195 14 1 2 3 75 4 0 0
ST_DELIB 196 14 1 2 3 10 4 0 0
ST_DELIB 197 14 1 2 3 10 4 0 0
ST_DELIB 198 14 1 2 3 75 4 0 0
ST_DELIB 199 25 3 2 9 80 4 2 1
ST_DELIB 199 25 1 2 3 1 4 0 0
ST_TS 200 32 392 0 694 0 202 32 25 0 0 0
ST_DELIB 200 25 1 2 3 75 4 0 0
ST_DELIB 201 25 1 2 3 10 4 0 0
ST_DELIB 202 14 1 2 3 75 4 0 0
ST_DELIB 203 14 1 2 3 10 4 0 0
ST_DELIB 204 14 1 2 3 10 4 0 0
ST_DELIB 205 14 1 2 3 75 4 0 0
ST_DELIB 206 14 1 2 3 10 4 0 0
ST_DELIB 207 9 3 2 9 80 4 2 1
ST_DELIB 207 9 1 2 3 1 4 0 0
ST_DELIB 208 10 3 2 9 80 4 2 1
ST_DELIB 208 10 1 2 3 1 4 0 0
ST_DELIB 209 11 3 2 9 80 4 2 1
ST_DELIB 209 11 1 2 3 1 4 0 0
ST_DELIB 210 14 1 2 3 10 4 0 0
ST_DELIB 211 14 1 2 3 10 4 0 0
ST_DELIB 212 14 1 2 3 75 4 0 0
ST_DELIB 213 14 1 2 3 10 4 0 0
ST_DELIB 214 14 1 2 3 10 4 0 0
ST_DELIB 215 14 1 2 3 75 4 0 0
ST_DELIB 216 14 1 2 3 10 4 0 0
ST_DELIB 217 14 1 2 3 10 4 0 0
ST_DELIB 218 14 1 2 3 75 4 0 0
ST_DELIB 219 25 1 2 3 75 4 0 0
ST_DELIB 220 25 1 2 3 75 4 0 0
ST_DELIB 221 25 1 2 3 10 4 0 0
ST_DELIB 222 14 1 2 3 75 4 0 0
ST_DELIB 223 14 1 2 3 10 4 0 0
ST_DELIB 224 14 1 2 3 10 4 0 0
ST_TS 225 32 432 0 806 0 230 35 25 0 0 0
ST_DELIB 225 14 1 2 3 75 4 0 0
ST_DELIB 226 14 1 2 3 10 4 0 0
ST_DELIB 227 14 1 2 3 10 4 0 0
ST_DELIB 228 14 1 2 3 75 4 0 0
ST_DELIB 229 30 3 2 9 80 4 2 1
ST_DELIB 229 30 1 2 3 1 4 0 0
ST_DELIB 230 30 1 2 3 75 4 0 0
ST_DELIB 231 30 1 2 3 10 4 0 0
ST_DELIB 232 14 1 2 3 75 4 0 0
ST_DELIB 233 14 1 2 3 10 4 0 0
ST_DELIB 234 14 1 2 3 10 4 0 0
ST_DELIB 235 14 1 2 3 75 4 0 0
ST_DELIB 236 14 1 2 3 10 4 0 0
ST_DELIB 237 14 1 2 3 10 4 0 0
ST_DELIB 238 20 3 2 9 80 4 2 1
ST_DELIB 238 20 1 2 3 1 4 0 0
ST_DELIB 239 20 1 2 3 75 4 0 0
ST_DELIB 240 14 1 2 3 75 4 0 0
ST_DELIB 241 14 1 2 3 10 4 0 0
ST_DELIB 242 14 1 2 3 75 4 0 0
ST_DELIB 243 14 1 2 3 10 4 0 0
ST_DELIB 244 14 1 2 3 10 4 0 0
ST_DELIB 245 14 1 2 3 75 4 0 0
ST_DELIB 246 14 1 2 3 10 4 0 0
ST_DELIB 247 14 1 2 3 10 4 0 0
ST_DELIB 248 14 1 2 3 75 4 0 0
ST_DELIB 249 30 1 2 3 75 4 0 0
ST_TS 250 32 469 0 914 0 257 37 27 0 0 0
ST_DELIB 250 30 1 2 3 75 4 0 0
ST_DELIB 251 30 1 2 3 10 4 0 0
ST_DELIB 252 14 1 2 3 75 4 0 0
ST_DELIB 253 14 1 2 3 10 4 0 0
ST_DELIB 254 14 1 2 3 10 4 0 0
ST_DELIB 255 14 1 2 3 75 4 0 0
ST_DELIB 256 14 1 2 3 10 4 0 0
ST_DELIB 257 9 3 2 9 80 4 2 1
ST_DELIB 257 9 1 2 3 1 4 0 0
ST_DELIB 258 10 3 2 9 80 4 2 1
ST_DELIB 258 10 1 2 3 1 4 0 0
ST_DELIB 259 11 3 2 9 80 4 2 1
ST_DELIB 259 11 1 2 3 1 4 0 0
ST_DELIB 260 14 1 2 3 10 4 0 0
ST_DELIB 261 14 1 2 3 10 4 0 0
ST_DELIB 262 14 1 2 3 75 4 0 0
ST_DELIB 263 14 1 2 3 10 4 0 0
ST_DELIB 264 14 1 2 3 10 4 0 0
ST_DELIB 265 14 1 2 3 75 4 0 0
ST_DELIB 266 14 1 2 3 10 4 0 0
ST_DELIB 267 14 1 2 3 10 4 0 0
ST_DELIB 268 14 1 2 3 75 4 0 0
ST_DELIB 269 14 1 2 3 75 4 0 0
ST_DELIB 270 14 1 2 3 75 4 0 0
ST_DELIB 271 14 1 2 3 10 4 0 0
ST_DELIB 272 14 1 2 3 75 4 0 0
ST_DELIB 273 14 1 2 3 10 4 0 0
ST_DELIB 274 14 1 2 3 10 4 0 0
ST_TS 275 32 506 0 1026 0 285 40 25 0 0 0
ST_DELIB 275 14 1 2 3 75 4 0 0
ST_DELIB 276 14 1 2 3 10 4 0 0
ST_DELIB 277 14 1 2 3 10 4 0 0
ST_DELIB 278 14 1 2 3 75 4 0 0
ST_DELIB 279 14 1 2 3 75 4 0 0
ST_DELIB 280 14 1 2 3 75 4 0 0
ST_DELIB 281 14 1 2 3 10 4 0 0
ST_DELIB 282 14 1 2 3 75 4 0 0
ST_DELIB 283 14 1 2 3 10 4 0 0
ST_DELIB 284 14 1 2 3 10 4 0 0
ST_DELIB 285 14 1 2 3 75 4 0 0
ST_DELIB 286 14 1 2 3 10 4 0 0
ST_DELIB 287 14 1 2 3 10 4 0 0
ST_DELIB 288 14 1 2 3 75 4 0 0
ST_DELIB 289 20 3 2 9 80 4 2 1
ST_DELIB 289 20 1 2 3 1 4 0 0
ST_DELIB 290 20 1 2 3 75 4 0 0
ST_DELIB 291 20 1 2 3 10 4 0 0
ST_DELIB 292 14 1 2 3 75 4 0 0
ST_DELIB 293 14 1 2 3 10 4 0 0
ST_DELIB 294 14 1 2 3 10 4 0 0
ST_DELIB 295 14 1 2 3 75 4 0 0
ST_DELIB 296 14 1 2 3 10 4 0 0
ST_DELIB 297 14 1 2 3 10 4 0 0
ST_DELIB 298 14 1 2 3 75 4 0 0
ST_DELIB 299 14 1 2 3 75 4 0 0
ST_TS 300 32 540 0 1130 0 311 41 28 0 0 0
ST_DELIB 300 20 1 2 3 75 4 0 0
ST_DELIB 301 20 1 2 3 10 4 0 0
ST_DELIB 302 20 1 2 3 75 4 0 0
ST_DELIB 303 20 1 2 3 10 4 0 0
ST_DELIB 304 20 1 2 3 10 4 0 0
ST_DELIB 305 20 1 2 3 75 4 0 0
ST_DELIB 306 20 1 2 3 10 4 0 0
ST_DELIB 307 9 3 2 9 80 4 2 1
ST_DELIB 307 9 1 2 3 1 4 0 0
ST_DELIB 308 10 3 2 9 80 4 2 1
ST_DELIB 308 10 1 2 3 1 4 0 0
ST_DELIB 309 11 3 2 9 80 4 2 1
ST_DELIB 309 11 1 2 3 1 4 0 0
ST_DELIB 310 20 1 2 3 10 4 0 0
ST_DELIB 311 20 1 2 3 10 4 0 0
ST_DELIB 312 14 1 2 3 75 4 0 0
ST_DELIB 313 14 1 2 3 10 4 0 0
ST_DELIB 314 14 1 2 3 10 4 0 0
ST_DELIB 315 14 1 2 3 75 4 0 0
ST_DELIB 316 14 1 2 3 10 4 0 0
ST_DELIB 317 14 1 2 3 10 4 0 0
ST_DELIB 318 14 1 2 3 75 4 0 0
ST_DELIB 319 14 1 2 3 75 4 0 0
ST_DELIB 320 14 1 2 3 75 4 0 0
ST_DELIB 321 14 1 2 3 10 4 0 0
ST_DELIB 322 14 1 2 3 75 4 0 0
ST_DELIB 323 14 1 2 3 10 4 0 0
ST_DELIB 324 14 1 2 3 10 4 0 0
ST_TS 325 32 575 0 1242 0 339 44 25 0 0 0
ST_DELIB 325 14 1 2 3 75 4 0 0
ST_DELIB 326 14 1 2 3 10 4 0 0
ST_DELIB 327 14 1 2 3 10 4 0 0
ST_DELIB 328 14 1 2 3 75 4 0 0
ST_DELIB 329 14 1 2 3 75 4 0 0
ST_DELIB 330 14 1 2 3 75 4 0 0
ST_DELIB 331 14 1 2 3 10 4 0 0
ST_DELIB 332 14 1 2 3 75 4 0 0
ST_DELIB 333 14 1 2 3 10 4 0 0
ST_DELIB 334 14 1 2 3 10 4 0 0
ST_DELIB 335 14 1 2 3 75 4 0 0
ST_DELIB 336 14 1 2 3 10 4 0 0
ST_DELIB 337 14 1 2 3 10 4 0 0
ST_DELIB 338 14 1 2 3 75 4 0 0
ST_DELIB 339 14 1 2 3 75 4 0 0
ST_DELIB 340 14 1 2 3 75 4 0 0
ST_DELIB 341 14 1 2 3 10 4 0 0
ST_DELIB 342 14 1 2 3 75 4 0 0
ST_DELIB 343 14 1 2 3 10 4 0 0
ST_DELIB 344 14 1 2 3 10 4 0 0
ST_DELIB 345 14 1 2 3 75 4 0 0
ST_DELIB 346 14 1 2 3 10 4 0 0
ST_DELIB 347 14 1 2 3 10 4 0 0
ST_DELIB 348 14 1 2 3 75 4 0 0
ST_DELIB 349 14 1 2 3 75 4 0 0
ST_TS 350 32 607 0 1342 0 364 44 29 0 0 0
ST_DELIB 350 14 1 2 3 75 4 0 0
ST_DELIB 351 14 1 2 3 10 4 0 0
ST_DELIB 352 14 1 2 3 75 4 0 0
ST_DELIB 353 14 1 2 3 10 4 0 0
ST_DELIB 354 14 1 2 3 10 4 0 0
ST_DELIB 355 14 1 2 3 75 4 0 0
ST_DELIB 356 14 1 2 3 10 4 0 0
ST_DELIB 357 9 3 2 9 80 4 2 1
ST_DELIB 357 9 1 2 3 1 4 0 0
ST_DELIB 358 10 3 2 9 80 4 2 1
ST_DELIB 358 10 1 2 3 1 4 0 0
ST_DELIB 359 11 3 2 9 80 4 2 1
ST_DELIB 359 11 1 2 3 1 4 0 0
ST_DELIB 360 14 1 2 3 10 4 0 0
ST_DELIB 361 14 1 2 3 10 4 0 0
ST_DELIB 362 14 1 2 3 75 4 0 0
ST_DELIB 363 14 1 2 3 10 4 0 0
ST_DELIB 364 14 1 2 3 10 4 0 0
ST_DELIB 365 14 1 2 3 75 4 0 0
ST_DELIB 366 14 1 2 3 10 4 0 0
ST_DELIB 367 14 1 2 3 10 4 0 0
ST_DELIB 368 14 1 2 3 75 4 0 0
ST_DELIB 369 14 1 2 3 75 4 0 0
ST_DELIB 370 14 1 2 3 75 4 0 0
ST_DELIB 371 14 1 2 3 10 4 0 0
ST_DELIB 372 14 1 2 3 75 4 0 0
ST_DELIB 373 14 1 2 3 10 4 0 0
ST_DELIB 374 14 1 2 3 10 4 0 0
ST_TS 375 32 642 0 1454 0 392 47 26 0 0 0
ST_DELIB 375 14 1 2 3 75 4 0 0
ST_DELIB 376 14 1 2 3 10 4 0 0
ST_DELIB 377 14 1 2 3 10 4 0 0
ST_DELIB 378 14 1 2 3 75 4 0 0
ST_DELIB 379 14 1 2 3 75 4 0 0
ST_DELIB 380 14 1 2 3 75 4 0 0
ST_DELIB 381 14 1 2 3 10 4 0 0
ST_DELIB 382 14 1 2 3 75 4 0 0
ST_DELIB 383 14 1 2 3 10 4 0 0
ST_DELIB 384 14 1 2 3 10 4 0 0
ST_DELIB 385 14 1 2 3 75 4 0 0
ST_DELIB 386 14 1 2 3 10 4 0 0
ST_DELIB 387 14 1 2 3 10 4 0 0
ST_DELIB 388 14 1 2 3 75 4 0 0
ST_DELIB 389 14 1 2 3 75 4 0 0
ST_DELIB 390 14 1 2 3 75 4 0 0
ST_DELIB 391 14 1 2 3 10 4 0 0
ST_DELIB 392 14 1 2 3 75 4 0 0
ST_DELIB 393 14 1 2 3 10 4 0 0
ST_DELIB 394 14 1 2 3 10 4 0 0
ST_DELIB 395 14 1 2 3 75 4 0 0
ST_DELIB 396 14 1 2 3 10 4 0 0
ST_DELIB 397 14 1 2 3 10 4 0 0
ST_DELIB 398 14 1 2 3 75 4 0 0
ST_DELIB 399 14 1 2 3 75 4 0 0
ST_TS 400 32 673 0 1554 0 417 47 29 0 0 0
ST_DELIB 400 14 1 2 3 75 4 0 0
ST_DELIB 401 14 1 2 3 10 4 0 0
ST_DELIB 402 14 1 2 3 75 4 0 0
ST_DELIB 403 14 1 2 3 10 4 0 0
ST_DELIB 404 14 1 2 3 10 4 0 0
ST_DELIB 405 14 1 2 3 75 4 0 0
ST_DELIB 406 14 1 2 3 10 4 0 0
ST_DELIB 407 9 3 2 9 80 4 2 1
ST_DELIB 407 9 1 2 3 1 4 0 0
ST_DELIB 408 10 3 2 9 80 4 2 1
ST_DELIB 408 10 1 2 3 1 4 0 0
ST_DELIB 409 11 3 2 9 80 4 2 1
ST_DELIB 409 11 1 2 3 1 4 0 0
ST_DELIB 410 14 1 2 3 10 4 0 0
ST_DELIB 411 14 1 2 3 10 4 0 0
ST_DELIB 412 14 1 2 3 75 4 0 0
ST_DELIB 413 14 1 2 3 10 4 0 0
ST_DELIB 414 14 1 2 3 10 4 0 0
ST_DELIB 415 14 1 2 3 75 4 0 0
ST_DELIB 416 14 1 2 3 10 4 0 0
ST_DELIB 417 14 1 2 3 10 4 0 0
ST_DELIB 418 14 1 2 3 75 4 0 0
ST_DELIB 419 14 1 2 3 75 4 0 0
ST_DELIB 420 14 1 2 3 75 4 0 0
ST_DELIB 421 14 1 2 3 10 4 0 0
ST_DELIB 422 14 1 2 3 75 4 0 0
ST_DELIB 423 14 1 2 3 10 4 0 0
ST_DELIB 424 14 1 2 3 10 4 0 0
ST_TS 425 32 707 0 1666 0 445 50 26 0 0 0
ST_DELIB 425 14 1 2 3 75 4 0 0
ST_DELIB 426 14 1 2 3 10 4 0 0
ST_DELIB 427 14 1 2 3 10 4 0 0
ST_DELIB 428 14 1 2 3 75 4 0 0
ST_DELIB 429 14 1 2 3 75 4 0 0
ST_DELIB 430 14 1 2 3 75 4 0 0
ST_DELIB 431 14 1 2 3 10 4 0 0
ST_DELIB 432 14 1 2 3 75 4 0 0
ST_DELIB 433 14 1 2 3 10 4 0 0
ST_DELIB 434 14 1 2 3 10 4 0 0
ST_DELIB 435 14 1 2 3 75 4 0 0
ST_DELIB 436 14 1 2 3 10 4 0 0
ST_DELIB 437 14 1 2 3 10 4 0 0
ST_DELIB 438 14 1 2 3 75 4 0 0
ST_DELIB 439 14 1 2 3 75 4 0 0
ST_DELIB 440 14 1 2 3 75 4 0 0
ST_DELIB 441 14 1 2 3 10 4 0 0
ST_DELIB 442 14 1 2 3 75 4 0 0
ST_DELIB 443 14 1 2 3 10 4 0 0
ST_DELIB 444 14 1 2 3 10 4 0 0
ST_DELIB 445 14 1 2 3 75 4 0 0
ST_DELIB 446 14 1 2 3 10 4 0 0
ST_DELIB 447 14 1 2 3 10 4 0 0
ST_DELIB 448 14 1 2 3 75 4 0 0
ST_DELIB 449 14 1 2 3 75 4 0 0
ST_TS 450 32 738 0 1766 0 470 50 29 0 0 0
ST_DELIB 450 14 1 2 3 75 4 0 0
ST_DELIB 451 14 1 2 3 10 4 0 0
ST_DELIB 452 14 1 2 3 75 4 0 0
ST_DELIB 453 14 1 2 3 10 4 0 0
ST_DELIB 454 14 1 2 3 10 4 0 0
ST_DELIB 455 14 1 2 3 75 4 0 0
ST_DELIB 456 14 1 2 3 10 4 0 0
ST_DELIB 457 9 3 2 9 80 4 2 1
ST_DELIB 457 9 1 2 3 1 4 0 0
ST_DELIB 458 10 3 2 9 80 4 2 1
ST_DELIB 458 10 1 2 3 1 4 0 0
ST_DELIB 459 11 3 2 9 80 4 2 1
ST_DELIB 459 11 1 2 3 1 4 0 0
ST_DELIB 460 14 1 2 3 10 4 0 0
ST_DELIB 461 14 1 2 3 10 4 0 0
ST_DELIB 462 14 1 2 3 75 4 0 0
ST_DELIB 463 14 1 2 3 10 4 0 0
ST_DELIB 464 14 1 2 3 10 4 0 0
ST_DELIB 465 14 1 2 3 75 4 0 0
ST_DELIB 466 14 1 2 3 10 4 0 0
ST_DELIB 467 14 1 2 3 10 4 0 0
ST_DELIB 468 14 1 2 3 75 4 0 0
ST_DELIB 469 14 1 2 3 75 4 0 0
ST_DELIB 470 14 1 2 3 75 4 0 0
ST_DELIB 471 14 1 2 3 10 4 0 0
ST_DELIB 472 14 1 2 3 75 4 0 0
ST_DELIB 473 14 1 2 3 10 4 0 0
ST_DELIB 474 14 1 2 3 10 4 0 0
ST_TS 475 32 772 0 1878 0 498 53 26 0 0 0
ST_DELIB 475 14 1 2 3 75 4 0 0
ST_DELIB 476 14 1 2 3 10 4 0 0
ST_DELIB 477 14 1 2 3 10 4 0 0
ST_DELIB 478 14 1 2 3 75 4 0 0
ST_DELIB 479 14 1 2 3 75 4 0 0
ST_DELIB 480 14 1 2 3 75 4 0 0
ST_DELIB 481 14 1 2 3 10 4 0 0
ST_DELIB 482 14 1 2 3 75 4 0 0
ST_DELIB 483 14 1 2 3 10 4 0 0
ST_DELIB 484 14 1 2 3 10 4 0 0
ST_DELIB 485 14 1 2 3 75 4 0 0
ST_DELIB 486 14 1 2 3 10 4 0 0
ST_DELIB 487 14 1 2 3 10 4 0 0
ST_DELIB 488 14 1 2 3 75 4 0 0
ST_DELIB 489 14 1 2 3 75 4 0 0
ST_DELIB 490 14 1 2 3 75 4 0 0
ST_DELIB 491 14 1 2 3 10 4 0 0
ST_DELIB 492 14 1 2 3 75 4 0 0
ST_DELIB 493 14 1 2 3 10 4 0 0
ST_DELIB 494 14 1 2 3 10 4 0 0
ST_DELIB 495 14 1 2 3 75 4 0 0
ST_DELIB 496 14 1 2 3 10 4 0 0
ST_DELIB 497 14 1 2 3 10 4 0 0
ST_DELIB 498 14 1 2 3 75 4 0 0
ST_DELIB 499 14 1 2 3 75 4 0 0
ST_CELL 12 1 0 0
ST_AUDIT_N 803
ST_DROPS 0
ST_ABANDONS 0
ST_ABANDON_Q 0 0 0 0
ST_METRIC 2 0 50
ST_METRIC 7 0 1
ST_METRIC 6 0 26
ST_A_SUMMARY 0 523 53 0 1978
ST_LEDGER 803 67452
CL_CHECK,ck_replay,0,0
CL_CHECK,ck_refusals_clean,0,0
CL_CHECK,ck_core_live,1,1
CL_CHECK,ck_strength_lineage,1,1
CL_CHECK,ck_strength_lineage,1,1
CL_CHECK,ck_strength_lineage,1,1
CL_CHECK,ck_strength_lineage,1,1
CL_CHECK,ck_strength_lineage,1,1
CL_CHECK,ck_strength_lineage,1,1
CL_CHECK,ck_strength_lineage,1,1
CL_CHECK,ck_strength_lineage,1,1
CL_CHECK,ck_strength_lineage,1,1
CL_CHECK,ck_strength_lineage,1,1
CL_CHECK,ck_strength_lineage,1,1
CL_CHECK,ck_strength_lineage,1,1
CL_CHECK,ck_strength_lineage,1,1
CL_CHECK,ck_strength_lineage,1,1
CL_CHECK,ck_strength_lineage,1,1
CL_CHECK,ck_strength_lineage,1,1
CL_CHECK,ck_strength_lineage,1,1
CL_CHECK,ck_strength_lineage,1,1
CL_CHECK,ck_strength_lineage,1,1
CL_CHECK,ck_strength_lineage,1,1
CL_CHECK,ck_strength_lineage,1,1
CL_CHECK,ck_strength_lineage,1,1
CL_CHECK,ck_strength_lineage,1,1
CL_CHECK,ck_strength_lineage,1,1
CL_CHECK,ck_strength_lineage,1,1
CL_CHECK,ck_strength_lineage,1,1
CL_CHECK,ck_strength_lineage,1,1
CL_CHECK,ck_strength_lineage,1,1
CL_CHECK,ck_strength_lineage,1,1
CL_CHECK,ck_strength_lineage,1,1
CL_CHECK,ck_strength_lineage,1,1
CL_CHECK,ck_strength_lineage,1,1
CL_CHECK,ck_strength_lineage,1,1
CL_CHECK,ck_strength_lineage,1,1
CL_CHECK,ck_strength_lineage,1,1
CL_CHECK,ck_strength_lineage,1,1
CL_CHECK,ck_strength_lineage,1,1
CL_CHECK,ck_strength_lineage,1,1
CL_CHECK,ck_strength_lineage,1,1
CL_CHECK,ck_strength_lineage,1,1
CL_CHECK,ck_strength_lineage,1,1
CL_CHECK,ck_strength_lineage,1,1
CL_CHECK,ck_strength_lineage,1,1
CL_CHECK,ck_strength_lineage,1,1
CL_CHECK,ck_strength_lineage,1,1
CL_CHECK,ck_strength_lineage,1,1
CL_CHECK,ck_strength_lineage,1,1
CL_CHECK,ck_strength_lineage,1,1
CL_CHECK,ck_strength_lineage,1,1
CL_CHECK,ck_strength_lineage,1,1
CL_CHECK,ck_strength_lineage,1,1
CL_CHECK,ck_strength_lineage,1,1
CL_CHECK,ck_strength_lineage,1,1
CL_CHECK,ck_strength_lineage,1,1
CL_CHECK,ck_strength_lineage,1,1
CL_CHECK,ck_strength_lineage,1,1
CL_CHECK,ck_strength_lineage,1,1
CL_CHECK,ck_strength_lineage,1,1
CL_CHECK,ck_strength_lineage,1,1
CL_CHECK,ck_strength_lineage,1,1
CL_CHECK,ck_strength_lineage,1,1
CL_CHECK,ck_strength_lineage,1,1
CL_CHECK,ck_strength_lineage,1,1
CL_CHECK,ck_strength_lineage,1,1
CL_CHECK,ck_strength_lineage,1,1
CL_CHECK,ck_strength_lineage,1,1
CL_CHECK,ck_strength_lineage,1,1
CL_CHECK,ck_strength_lineage,1,1
CL_CHECK,ck_strength_lineage,1,1
CL_CHECK,ck_strength_lineage,1,1
CL_CHECK,ck_strength_lineage,1,1
CL_CHECK,ck_strength_lineage,1,1
CL_CHECK,ck_strength_lineage,1,1
CL_CHECK,ck_strength_lineage,1,1
CL_CHECK,ck_strength_lineage,1,1
CL_CHECK,ck_strength_lineage,1,1
CL_CHECK,ck_strength_lineage,1,1
CL_CHECK,ck_strength_lineage,1,1
CL_CHECK,ck_strength_lineage,1,1
CL_CHECK,ck_strength_lineage,1,1
CL_CHECK,ck_strength_lineage,1,1
CL_CHECK,ck_strength_lineage,1,1
CL_CHECK,ck_strength_lineage,1,1
CL_CHECK,ck_strength_lineage,1,1
CL_CHECK,ck_strength_lineage,1,1
CL_CHECK,ck_strength_lineage,1,1
CL_CHECK,ck_strength_lineage,1,1
CL_CHECK,ck_strength_lineage,1,1
CL_CHECK,ck_strength_lineage,1,1
CL_CHECK,ck_strength_lineage,1,1
CL_CHECK,ck_strength_lineage,1,1
CL_CHECK,ck_strength_lineage,1,1
CL_CHECK,ck_strength_lineage,1,1
CL_CHECK,ck_strength_lineage,1,1
CL_CHECK,ck_strength_lineage,1,1
CL_CHECK,ck_strength_lineage,1,1
CL_CHECK,ck_strength_lineage,1,1
CL_CHECK,ck_strength_lineage,1,1
CL_CHECK,ck_strength_lineage,1,1
CL_CHECK,ck_strength_lineage,1,1
CL_CHECK,ck_strength_lineage,1,1
CL_CHECK,ck_strength_lineage,1,1
CL_CHECK,ck_strength_lineage,1,1
CL_CHECK,ck_strength_lineage,1,1
CL_CHECK,ck_strength_lineage,1,1
CL_CHECK,ck_strength_lineage,1,1
CL_CHECK,ck_strength_lineage,1,1
CL_CHECK,ck_strength_lineage,1,1
CL_CHECK,ck_strength_lineage,1,1
CL_CHECK,ck_strength_lineage,1,1
CL_CHECK,ck_strength_lineage,1,1
CL_CHECK,ck_strength_lineage,1,1
CL_CHECK,ck_strength_lineage,1,1
CL_CHECK,ck_strength_lineage,1,1
CL_CHECK,ck_strength_lineage,1,1
CL_CHECK,ck_strength_lineage,1,1
CL_CHECK,ck_strength_lineage,1,1
CL_CHECK,ck_strength_lineage,1,1
CL_CHECK,ck_strength_lineage,1,1
CL_CHECK,ck_strength_lineage,1,1
CL_CHECK,ck_strength_lineage,1,1
CL_CHECK,ck_strength_lineage,1,1
CL_CHECK,ck_strength_lineage,1,1
CL_CHECK,ck_strength_lineage,1,1
CL_CHECK,ck_strength_lineage,1,1
CL_CHECK,ck_strength_lineage,1,1
CL_CHECK,ck_strength_lineage,1,1
CL_CHECK,ck_strength_lineage,1,1
CL_CHECK,ck_strength_lineage,1,1
CL_CHECK,ck_strength_lineage,1,1
CL_CHECK,ck_strength_lineage,1,1
CL_CHECK,ck_strength_lineage,1,1
CL_CHECK,ck_strength_lineage,1,1
CL_CHECK,ck_strength_lineage,1,1
CL_CHECK,ck_strength_lineage,1,1
CL_CHECK,ck_strength_lineage,1,1
CL_CHECK,ck_strength_lineage,1,1
CL_CHECK,ck_strength_lineage,1,1
CL_CHECK,ck_strength_lineage,1,1
CL_CHECK,ck_strength_lineage,1,1
CL_CHECK,ck_strength_lineage,1,1
CL_CHECK,ck_strength_lineage,1,1
CL_CHECK,ck_strength_lineage,1,1
CL_CHECK,ck_strength_lineage,1,1
CL_CHECK,ck_strength_lineage,1,1
CL_CHECK,ck_strength_lineage,1,1
CL_CHECK,ck_strength_lineage,1,1
CL_CHECK,ck_strength_lineage,1,1
CL_CHECK,ck_strength_lineage,1,1
CL_CHECK,ck_strength_lineage,1,1
CL_CHECK,ck_strength_lineage,1,1
CL_CHECK,ck_strength_lineage,1,1
CL_CHECK,ck_strength_lineage,1,1
CL_CHECK,ck_strength_lineage,1,1
CL_CHECK,ck_strength_lineage,1,1
CL_CHECK,ck_strength_lineage,1,1
CL_CHECK,ck_strength_lineage,1,1
CL_CHECK,ck_strength_lineage,1,1
CL_CHECK,ck_strength_lineage,1,1
CL_CHECK,ck_strength_lineage,1,1
CL_CHECK,ck_strength_lineage,1,1
CL_CHECK,ck_strength_lineage,1,1
CL_CHECK,ck_strength_lineage,1,1
CL_CHECK,ck_strength_lineage,1,1
CL_CHECK,ck_strength_lineage,1,1
CL_CHECK,ck_strength_lineage,1,1
CL_CHECK,ck_strength_lineage,1,1
CL_CHECK,ck_strength_lineage,1,1
CL_CHECK,ck_strength_lineage,1,1
CL_CHECK,ck_strength_lineage,1,1
CL_CHECK,ck_strength_lineage,1,1
CL_CHECK,ck_strength_lineage,1,1
CL_CHECK,ck_strength_lineage,1,1
CL_CHECK,ck_strength_lineage,1,1
CL_CHECK,ck_strength_lineage,1,1
CL_CHECK,ck_strength_lineage,1,1
CL_CHECK,ck_strength_lineage,1,1
CL_CHECK,ck_strength_lineage,1,1
CL_CHECK,ck_strength_lineage,1,1
CL_CHECK,ck_strength_lineage,1,1
CL_CHECK,ck_strength_lineage,1,1
CL_CHECK,ck_strength_lineage,1,1
CL_CHECK,ck_strength_lineage,1,1
CL_CHECK,ck_strength_lineage,1,1
CL_CHECK,ck_strength_lineage,1,1
CL_CHECK,ck_strength_lineage,1,1
CL_CHECK,ck_strength_lineage,1,1
CL_CHECK,ck_strength_lineage,1,1
CL_CHECK,ck_strength_lineage,1,1
CL_CHECK,ck_strength_lineage,1,1
CL_CHECK,ck_strength_lineage,1,1
CL_CHECK,ck_strength_lineage,1,1
CL_CHECK,ck_strength_lineage,1,1
CL_CHECK,ck_strength_lineage,1,1
CL_CHECK,ck_strength_lineage,1,1
CL_CHECK,ck_strength_lineage,1,1
CL_CHECK,ck_strength_lineage,1,1
CL_CHECK,ck_strength_lineage,1,1
CL_CHECK,ck_strength_lineage,1,1
CL_CHECK,ck_strength_lineage,1,1
CL_CHECK,ck_strength_lineage,1,1
CL_CHECK,ck_strength_lineage,1,1
CL_CHECK,ck_strength_lineage,1,1
CL_CHECK,ck_strength_lineage,1,1
CL_CHECK,ck_strength_lineage,1,1
CL_CHECK,ck_strength_lineage,1,1
CL_CHECK,ck_strength_lineage,1,1
CL_CHECK,ck_strength_lineage,1,1
CL_CHECK,ck_strength_lineage,1,1
CL_CHECK,ck_strength_lineage,1,1
CL_CHECK,ck_strength_lineage,1,1
CL_CHECK,ck_strength_lineage,1,1
CL_CHECK,ck_strength_lineage,1,1
CL_CHECK,ck_strength_lineage,1,1
CL_CHECK,ck_strength_lineage,1,1
CL_CHECK,ck_strength_lineage,1,1
CL_CHECK,ck_strength_lineage,1,1
CL_CHECK,ck_strength_lineage,1,1
CL_CHECK,ck_strength_lineage,1,1
CL_CHECK,ck_strength_lineage,1,1
CL_CHECK,ck_strength_lineage,1,1
CL_CHECK,ck_strength_lineage,1,1
CL_CHECK,ck_strength_lineage,1,1
CL_CHECK,ck_strength_lineage,1,1
CL_CHECK,ck_strength_lineage,1,1
CL_CHECK,ck_strength_lineage,1,1
CL_CHECK,ck_strength_lineage,1,1
CL_CHECK,ck_strength_lineage,1,1
CL_CHECK,ck_strength_lineage,1,1
CL_CHECK,ck_strength_lineage,1,1
CL_CHECK,ck_strength_lineage,1,1
CL_CHECK,ck_strength_lineage,1,1
CL_CHECK,ck_strength_lineage,1,1
CL_CHECK,ck_strength_lineage,1,1
CL_CHECK,ck_strength_lineage,1,1
CL_CHECK,ck_strength_lineage,1,1
CL_CHECK,ck_strength_lineage,1,1
CL_CHECK,ck_strength_lineage,1,1
CL_CHECK,ck_strength_lineage,1,1
CL_CHECK,ck_strength_lineage,1,1
CL_CHECK,ck_strength_lineage,1,1
CL_CHECK,ck_strength_lineage,1,1
CL_CHECK,ck_strength_lineage,1,1
CL_CHECK,ck_strength_lineage,1,1
CL_CHECK,ck_strength_lineage,1,1
CL_CHECK,ck_strength_lineage,1,1
CL_CHECK,ck_strength_lineage,1,1
CL_CHECK,ck_strength_lineage,1,1
CL_CHECK,ck_strength_lineage,1,1
CL_CHECK,ck_strength_lineage,1,1
CL_CHECK,ck_strength_lineage,1,1
CL_CHECK,ck_strength_lineage,1,1
CL_CHECK,ck_strength_lineage,1,1
CL_CHECK,ck_strength_lineage,1,1
CL_CHECK,ck_strength_lineage,1,1
CL_CHECK,ck_strength_lineage,1,1
CL_CHECK,ck_strength_lineage,1,1
CL_CHECK,ck_strength_lineage,1,1
CL_CHECK,ck_strength_lineage,1,1
CL_CHECK,ck_strength_lineage,1,1
CL_CHECK,ck_strength_lineage,1,1
CL_CHECK,ck_strength_lineage,1,1
CL_CHECK,ck_strength_lineage,1,1
CL_CHECK,ck_strength_lineage,1,1
CL_CHECK,ck_strength_lineage,1,1
CL_CHECK,ck_strength_lineage,1,1
CL_CHECK,ck_strength_lineage,1,1
CL_CHECK,ck_strength_lineage,1,1
CL_CHECK,ck_strength_lineage,1,1
CL_CHECK,ck_strength_lineage,1,1
CL_CHECK,ck_strength_lineage,1,1
CL_CHECK,ck_strength_lineage,1,1
CL_CHECK,ck_strength_lineage,1,1
CL_CHECK,ck_strength_lineage,1,1
CL_CHECK,ck_strength_lineage,1,1
CL_CHECK,ck_strength_lineage,1,1
CL_CHECK,ck_strength_lineage,1,1
CL_CHECK,ck_strength_lineage,1,1
CL_CHECK,ck_strength_lineage,1,1
CL_CHECK,ck_strength_lineage,1,1
CL_CHECK,ck_strength_lineage,1,1
CL_CHECK,ck_strength_lineage,1,1
CL_CHECK,ck_strength_lineage,1,1
CL_CHECK,ck_strength_lineage,1,1
CL_CHECK,ck_strength_lineage,1,1
CL_CHECK,ck_strength_lineage,1,1
CL_CHECK,ck_strength_lineage,1,1
CL_CHECK,ck_strength_lineage,1,1
CL_CHECK,ck_strength_lineage,1,1
CL_CHECK,ck_strength_lineage,1,1
CL_CHECK,ck_strength_lineage,1,1
CL_CHECK,ck_strength_lineage,1,1
CL_CHECK,ck_strength_lineage,1,1
CL_CHECK,ck_strength_lineage,1,1
CL_CHECK,ck_strength_lineage,1,1
CL_CHECK,ck_strength_lineage,1,1
CL_CHECK,ck_strength_lineage,1,1
CL_CHECK,ck_strength_lineage,1,1
CL_CHECK,ck_strength_lineage,1,1
CL_CHECK,ck_strength_lineage,1,1
CL_CHECK,ck_strength_lineage,1,1
CL_CHECK,ck_strength_lineage,1,1
CL_CHECK,ck_strength_lineage,1,1
CL_CHECK,ck_strength_lineage,1,1
CL_CHECK,ck_strength_lineage,1,1
CL_CHECK,ck_strength_lineage,1,1
CL_CHECK,ck_strength_lineage,1,1
CL_CHECK,ck_strength_lineage,1,1
CL_CHECK,ck_strength_lineage,1,1
CL_CHECK,ck_strength_lineage,1,1
CL_CHECK,ck_strength_lineage,1,1
CL_CHECK,ck_strength_lineage,1,1
CL_CHECK,ck_strength_lineage,1,1
CL_CHECK,ck_strength_lineage,1,1
CL_CHECK,ck_strength_lineage,1,1
CL_CHECK,ck_strength_lineage,1,1
CL_CHECK,ck_strength_lineage,1,1
CL_CHECK,ck_strength_lineage,1,1
CL_CHECK,ck_strength_lineage,1,1
CL_CHECK,ck_strength_lineage,1,1
CL_CHECK,ck_strength_lineage,1,1
CL_CHECK,ck_strength_lineage,1,1
CL_CHECK,ck_strength_lineage,1,1
CL_CHECK,ck_strength_lineage,1,1
CL_CHECK,ck_strength_lineage,1,1
CL_CHECK,ck_strength_lineage,1,1
CL_CHECK,ck_strength_lineage,1,1
CL_CHECK,ck_strength_lineage,1,1
CL_CHECK,ck_strength_lineage,1,1
CL_CHECK,ck_strength_lineage,1,1
CL_CHECK,ck_strength_lineage,1,1
CL_CHECK,ck_strength_lineage,1,1
CL_CHECK,ck_strength_lineage,1,1
CL_CHECK,ck_strength_lineage,1,1
CL_CHECK,ck_strength_lineage,1,1
CL_CHECK,ck_strength_lineage,1,1
CL_CHECK,ck_strength_lineage,1,1
CL_CHECK,ck_strength_lineage,1,1
CL_CHECK,ck_strength_lineage,1,1
CL_CHECK,ck_strength_lineage,1,1
CL_CHECK,ck_strength_lineage,1,1
CL_CHECK,ck_strength_lineage,1,1
CL_CHECK,ck_strength_lineage,1,1
CL_CHECK,ck_strength_lineage,1,1
CL_CHECK,ck_strength_lineage,1,1
CL_CHECK,ck_strength_lineage,1,1
CL_CHECK,ck_strength_lineage,1,1
CL_CHECK,ck_strength_lineage,1,1
CL_CHECK,ck_strength_lineage,1,1
CL_CHECK,ck_strength_lineage,1,1
CL_CHECK,ck_strength_lineage,1,1
CL_CHECK,ck_strength_lineage,1,1
CL_CHECK,ck_strength_lineage,1,1
CL_CHECK,ck_strength_lineage,1,1
CL_CHECK,ck_strength_lineage,1,1
CL_CHECK,ck_strength_lineage,1,1
CL_CHECK,ck_strength_lineage,1,1
CL_CHECK,ck_strength_lineage,1,1
CL_CHECK,ck_strength_lineage,1,1
CL_CHECK,ck_strength_lineage,1,1
CL_CHECK,ck_strength_lineage,1,1
CL_CHECK,ck_strength_lineage,1,1
CL_CHECK,ck_strength_lineage,1,1
CL_CHECK,ck_strength_lineage,1,1
CL_CHECK,ck_strength_lineage,1,1
CL_CHECK,ck_strength_lineage,1,1
CL_CHECK,ck_strength_lineage,1,1
CL_CHECK,ck_strength_lineage,1,1
CL_CHECK,ck_strength_lineage,1,1
CL_CHECK,ck_strength_lineage,1,1
CL_CHECK,ck_strength_lineage,1,1
CL_CHECK,ck_strength_lineage,1,1
CL_CHECK,ck_strength_lineage,1,1
CL_CHECK,ck_strength_lineage,1,1
CL_CHECK,ck_strength_lineage,1,1
CL_CHECK,ck_strength_lineage,1,1
CL_CHECK,ck_strength_lineage,1,1
CL_CHECK,ck_strength_lineage,1,1
CL_CHECK,ck_strength_lineage,1,1
CL_CHECK,ck_strength_lineage,1,1
CL_CHECK,ck_strength_lineage,1,1
CL_CHECK,ck_strength_lineage,1,1
CL_CHECK,ck_strength_lineage,1,1
CL_CHECK,ck_strength_lineage,1,1
CL_CHECK,ck_strength_lineage,1,1
CL_CHECK,ck_strength_lineage,1,1
CL_CHECK,ck_strength_lineage,1,1
CL_CHECK,ck_strength_lineage,1,1
CL_CHECK,ck_strength_lineage,1,1
CL_CHECK,ck_strength_lineage,1,1
CL_CHECK,ck_strength_lineage,1,1
CL_CHECK,ck_strength_lineage,1,1
CL_CHECK,ck_strength_lineage,1,1
CL_CHECK,ck_strength_lineage,1,1
CL_CHECK,ck_strength_lineage,1,1
CL_CHECK,ck_strength_lineage,1,1
CL_CHECK,ck_strength_lineage,1,1
CL_CHECK,ck_strength_lineage,1,1
CL_CHECK,ck_strength_lineage,1,1
CL_CHECK,ck_strength_lineage,1,1
CL_CHECK,ck_strength_lineage,1,1
CL_CHECK,ck_strength_lineage,1,1
CL_CHECK,ck_strength_lineage,1,1
CL_CHECK,ck_strength_lineage,1,1
CL_CHECK,ck_strength_lineage,1,1
CL_CHECK,ck_strength_lineage,1,1
CL_CHECK,ck_strength_lineage,1,1
CL_CHECK,ck_strength_lineage,1,1
CL_CHECK,ck_strength_lineage,1,1
CL_CHECK,ck_strength_lineage,1,1
CL_CHECK,ck_strength_lineage,1,1
CL_CHECK,ck_strength_lineage,1,1
CL_CHECK,ck_strength_lineage,1,1
CL_CHECK,ck_strength_lineage,1,1
CL_CHECK,ck_strength_lineage,1,1
CL_CHECK,ck_strength_lineage,1,1
CL_CHECK,ck_strength_lineage,1,1
CL_CHECK,ck_strength_lineage,1,1
CL_CHECK,ck_strength_lineage,1,1
CL_CHECK,ck_strength_lineage,1,1
CL_CHECK,ck_strength_lineage,1,1
CL_CHECK,ck_strength_lineage,1,1
CL_CHECK,ck_strength_lineage,1,1
CL_CHECK,ck_strength_lineage,1,1
CL_CHECK,ck_strength_lineage,1,1
CL_CHECK,ck_strength_lineage,1,1
CL_CHECK,ck_strength_lineage,1,1
CL_CHECK,ck_strength_lineage,1,1
CL_CHECK,ck_strength_lineage,1,1
CL_CHECK,ck_strength_lineage,1,1
CL_CHECK,ck_strength_lineage,1,1
CL_CHECK,ck_strength_lineage,1,1
CL_CHECK,ck_strength_lineage,1,1
CL_CHECK,ck_strength_lineage,1,1
CL_CHECK,ck_strength_lineage,1,1
CL_CHECK,ck_strength_lineage,1,1
CL_CHECK,ck_strength_lineage,1,1
CL_CHECK,ck_strength_lineage,1,1
CL_CHECK,ck_strength_lineage,1,1
CL_CHECK,ck_strength_lineage,1,1
CL_CHECK,ck_strength_lineage,1,1
CL_CHECK,ck_strength_lineage,1,1
CL_CHECK,ck_strength_lineage,1,1
CL_CHECK,ck_strength_lineage,1,1
CL_CHECK,ck_strength_lineage,1,1
CL_CHECK,ck_strength_lineage,1,1
CL_CHECK,ck_strength_lineage,1,1
CL_CHECK,ck_strength_lineage,1,1
CL_CHECK,ck_strength_lineage,1,1
CL_CHECK,ck_strength_lineage,1,1
CL_CHECK,ck_strength_lineage,1,1
CL_CHECK,ck_strength_lineage,1,1
CL_CHECK,ck_strength_lineage,1,1
CL_CHECK,ck_strength_lineage,1,1
CL_CHECK,ck_strength_lineage,1,1
CL_CHECK,ck_strength_lineage,1,1
CL_CHECK,ck_strength_lineage,1,1
CL_CHECK,ck_strength_lineage,1,1
CL_CHECK,ck_strength_lineage,1,1
CL_CHECK,ck_strength_lineage,1,1
CL_CHECK,ck_strength_lineage,1,1
CL_CHECK,ck_strength_lineage,1,1
CL_CHECK,ck_strength_lineage,1,1
CL_CHECK,ck_strength_lineage,1,1
CL_CHECK,ck_strength_lineage,1,1
CL_CHECK,ck_strength_lineage,1,1
CL_CHECK,ck_strength_lineage,1,1
CL_CHECK,ck_strength_lineage,1,1
CL_CHECK,ck_strength_lineage,1,1
CL_CHECK,ck_strength_lineage,1,1
CL_CHECK,ck_strength_lineage,1,1
CL_CHECK,ck_strength_lineage,1,1
CL_CHECK,ck_strength_lineage,1,1
CL_CHECK,ck_strength_lineage,1,1
CL_CHECK,ck_strength_lineage,1,1
CL_CHECK,ck_strength_lineage,1,1
CL_CHECK,ck_strength_lineage,1,1
CL_CHECK,ck_strength_lineage,1,1
CL_CHECK,ck_strength_lineage,1,1
CL_CHECK,ck_strength_lineage,1,1
CL_CHECK,ck_strength_lineage,1,1
CL_CHECK,ck_strength_lineage,1,1
CL_CHECK,ck_strength_lineage,1,1
CL_CHECK,ck_strength_lineage,1,1
CL_CHECK,ck_strength_lineage,1,1
CL_CHECK,ck_strength_lineage,1,1
CL_CHECK,ck_strength_lineage,1,1
CL_CHECK,ck_strength_lineage,1,1
CL_CHECK,ck_strength_lineage,1,1
CL_CHECK,ck_strength_lineage,1,1
CL_CHECK,ck_strength_lineage,1,1
CL_CHECK,ck_strength_lineage,1,1
CL_CHECK,ck_strength_lineage,1,1
CL_CHECK,ck_no_bad_kill,0,0
CL_CHECK,ck_no_bad_forcepin,0,0
CL_CHECK,ck_no_bad_code,0,0
CL_CHECK,ck_no_bad_role,0,0
CL_CHECK,ck_no_bad_pexp,0,0
CL_CHECK,ck_no_bad_recycle,0,0
ST_FINGERPRINT -518301907
ST_INVALID 0
ST_DONE
