BIND,D1,rep,5,scale,1,start
DOMAIN_HASH,D1,7cd0baf80a62acc338e1c9bdec5b33c0e3427af18d78b98b7cbda153a3f92ee8
CORPUS_SHA256,D1,42aff7817739fe4db0cbf5b5972181562cd7b86ae3c76cbae655e15fbef1bada
CL_CHECK,overflow,0,0
RESULT,D1,5,1,d1,40,40
RESULT,D1,5,1,d2,40,40
RESULT,D1,5,1,d3,120,120
RESULT,D1,5,1,rev_false,0,12
RESULT,D1,5,1,rev_genuine,20,20
RESULT,D1,5,1,r2,40,40
RESULT,D1,5,1,r3,40,40
RESULT,D1,5,1,e90,0,1
RESULT,D1,5,1,withheld,0,1
RESULT,D1,5,1,hallu,0,20
RESULT,D1,5,1,k1,1,1
RESULT,D1,5,1,k2,1,1
RESULT,D1,5,1,k3,1,1
RESULT,D1,5,1,refusal,1,1
RESULT,D1,5,1,esc,12,1
RESULT,D1,5,1,disconn,0,1
RESULT,D1,5,1,ops,547,1
RESULT,D1,5,1,eps,68,1
DIGEST,D1,5,1,8f2d3e25b46473e149a37c3b13197db581bdd505f588bb7b52f94a1d1ed4a4b9
BIND,D1,done
