BIND,D2,rep,0,scale,1,start
DOMAIN_HASH,D2,7cd0baf80a62acc338e1c9bdec5b33c0e3427af18d78b98b7cbda153a3f92ee8
CORPUS_SHA256,D2,42aff7817739fe4db0cbf5b5972181562cd7b86ae3c76cbae655e15fbef1bada
CL_CHECK,overflow,0,0
CL_CHECK,e90_reached,1,1
RESULT,D2,0,1,d1,40,40
RESULT,D2,0,1,d2,38,38
RESULT,D2,0,1,d3,120,120
RESULT,D2,0,1,rev_false,12,12
RESULT,D2,0,1,rev_genuine,20,20
RESULT,D2,0,1,r2,40,40
RESULT,D2,0,1,r3,40,40
RESULT,D2,0,1,e90,190,1
RESULT,D2,0,1,withheld,0,1
RESULT,D2,0,1,hallu,0,20
RESULT,D2,0,1,k1,1,1
RESULT,D2,0,1,k2,1,1
RESULT,D2,0,1,k3,1,1
RESULT,D2,0,1,refusal,1,1
RESULT,D2,0,1,esc,0,1
RESULT,D2,0,1,disconn,6,1
RESULT,D2,0,1,ops,289,1
RESULT,D2,0,1,eps,295,1
DIGEST,D2,0,1,3d47f483150ff932625ac9d0340da910057b56aa8375f8b4c292c1cef1842007
BIND,D2,done
