
===== cal2_ab vs sinc: 32 items =====
PREREGISTERED flags: 0
TIGHTENED-only flags: 6
  TIGHT cc01 vs sinc3.txt:si3_14 sub12=0 sh3=1 J1=0.30
    I:ask if the clinic accepts new patients.
    P:ask if the shop is open.
  TIGHT cc02 vs sinc3.txt:si3_18 sub12=1 sh3=1 J1=0.44
    I:check if the rear entrance is bolted.
    P:check if the oven is off.
  TIGHT cc03 vs sinc3.txt:si3_19 sub12=0 sh3=1 J1=0.30
    I:tell me if the night bus runs late.
    P:tell me if it rains.
  TIGHT cc05 vs sinc3.txt:si3_16 sub12=0 sh3=1 J1=0.44
    I:see if the upstairs window is shut.
    P:see if the door is locked.
  TIGHT cc17 vs sinc3.txt:si3_12 sub12=1 sh3=1 J1=0.33
    I:when do we leave for the station?
    P:what time do we leave?
  TIGHT cc21 vs sinc5.txt:si5_02 sub12=0 sh3=1 J1=0.27
    I:do we need to bring our own cups?
    P:we need to mop the lobby.

===== cal2_ab vs x2c: 32 items =====
PREREGISTERED flags: 0
TIGHTENED-only flags: 1
  TIGHT cc17 vs wd:sxwd_09 sub12=1 sh3=0 J1=0.27
    I:when do we leave for the station?
    P:where do taxis wait at the station?

===== cal2_ab vs cur: 32 items =====
PREREGISTERED flags: 0
TIGHTENED-only flags: 97
  TIGHT cc01 vs ex3.txt:ex3_24 sub12=1 sh3=0 J1=0.15
    I:ask if the clinic accepts new patients.
    P:let us say the clinic hires two nurses.
  TIGHT cc01 vs ex4.txt:ex4_11 sub12=1 sh3=0 J1=0.15
    I:ask if the clinic accepts new patients.
    P:according to the nurse, the clinic opens at eight.
  TIGHT cc01 vs sinc3.txt:si3_14 sub12=0 sh3=1 J1=0.30
    I:ask if the clinic accepts new patients.
    P:ask if the shop is open.
  TIGHT cc02 vs sinc3.txt:si3_18 sub12=1 sh3=1 J1=0.44
    I:check if the rear entrance is bolted.
    P:check if the oven is off.
  TIGHT cc03 vs ex3.txt:ex3_18 sub12=1 sh3=1 J1=0.21
    I:tell me if the night bus runs late.
    P:imagine if the night train ran twice as often.
  TIGHT cc03 vs no3.txt:no3_15 sub12=1 sh3=1 J1=0.20
    I:tell me if the night bus runs late.
    P:what if the night train, if the signal fails, waits at the junction?
  TIGHT cc03 vs sinc3.txt:si3_19 sub12=0 sh3=1 J1=0.30
    I:tell me if the night bus runs late.
    P:tell me if it rains.
  TIGHT cc05 vs sinc3.txt:si3_16 sub12=0 sh3=1 J1=0.44
    I:see if the upstairs window is shut.
    P:see if the door is locked.
  TIGHT cc06 vs ex3.txt:ex3_07 sub12=1 sh3=1 J1=0.21
    I:we will find out if the ferry runs sunday.
    P:what if the ferry added a midnight run?
  TIGHT cc06 vs tr3.txt:tr3_06 sub12=1 sh3=1 J1=0.21
    I:we will find out if the ferry runs sunday.
    P:imagine if the ferry ran on coal again.
  TIGHT cc07 vs ex3.txt:ex3_24 sub12=1 sh3=0 J1=0.13
    I:do you know if the clinic takes walk-ins?
    P:let us say the clinic hires two nurses.
  TIGHT cc07 vs ex4.txt:ex4_11 sub12=1 sh3=0 J1=0.13
    I:do you know if the clinic takes walk-ins?
    P:according to the nurse, the clinic opens at eight.
  TIGHT cc09 vs no3.txt:no3_01 sub12=0 sh3=1 J1=0.21
    I:say that if the grid fails tonight, we light candles.
    P:suppose that, if the dam broke, the lower fields would flood; where woul
  TIGHT cc09 vs no3.txt:no3_17 sub12=1 sh3=0 J1=0.11
    I:say that if the grid fails tonight, we light candles.
    P:suppose the inn burns down; what if the guests sleep in the barn?
  TIGHT cc11 vs no3.txt:no3_01 sub12=0 sh3=1 J1=0.21
    I:pretend that if the grain price doubles, we eat less.
    P:suppose that, if the dam broke, the lower fields would flood; where woul
  TIGHT cc11 vs no3.txt:no3_17 sub12=1 sh3=0 J1=0.11
    I:pretend that if the grain price doubles, we eat less.
    P:suppose the inn burns down; what if the guests sleep in the barn?
  TIGHT cc12 vs ex3.txt:ex3_04 sub12=1 sh3=0 J1=0.20
    I:consider: if the last train never comes, we stay.
    P:let us say the train never arrives, what then?
  TIGHT cc13 vs ex3.txt:ex3_15 sub12=1 sh3=0 J1=0.13
    I:grant that if the pantry runs bare, we ration.
    P:what if the post office closed on fridays?
  TIGHT cc13 vs no3.txt:no3_01 sub12=0 sh3=1 J1=0.22
    I:grant that if the pantry runs bare, we ration.
    P:suppose that, if the dam broke, the lower fields would flood; where woul
  TIGHT cc13 vs tr3.txt:tr3_11 sub12=1 sh3=0 J1=0.13
    I:grant that if the pantry runs bare, we ration.
    P:what if the printer ran out of ink?
  TIGHT cc14 vs ex3.txt:ex3_31 sub12=1 sh3=0 J1=0.14
    I:say that if the market moves, we follow the stalls.
    P:what if the miller retired this year?
  TIGHT cc14 vs ex4.txt:ex4_06 sub12=1 sh3=0 J1=0.20
    I:say that if the market moves, we follow the stalls.
    P:she said that the market opens late on mondays.
  TIGHT cc14 vs nest.txt:ne12 sub12=1 sh3=0 J1=0.21
    I:say that if the market moves, we follow the stalls.
    P:she said that he said that the market sells moonlight.
  TIGHT cc14 vs no3.txt:no3_01 sub12=0 sh3=1 J1=0.22
    I:say that if the market moves, we follow the stalls.
    P:suppose that, if the dam broke, the lower fields would flood; where woul
  TIGHT cc14 vs no3.txt:no3_03 sub12=1 sh3=0 J1=0.11
    I:say that if the market moves, we follow the stalls.
    P:what if the mayor, supposing the vote failed, called a new one?
  TIGHT cc14 vs pa5.txt:pa5_03 sub12=1 sh3=0 J1=0.12
    I:say that if the market moves, we follow the stalls.
    P:in character, as the reeve, i proclaim the market open.
  TIGHT cc15 vs no3.txt:no3_06 sub12=1 sh3=0 J1=0.17
    I:assume if the lamp fails at dusk, ships turn back.
    P:imagine if the lighthouse crew, should the lamp fail, lit the old beacon
  TIGHT cc16 vs no3.txt:no3_01 sub12=0 sh3=1 J1=0.21
    I:pretend that if the archive shuts, we read at home.
    P:suppose that, if the dam broke, the lower fields would flood; where woul
  TIGHT cc17 vs ex5.txt:ex5_28 sub12=1 sh3=0 J1=0.17
    I:when do we leave for the station?
    P:as the astronaut, i float past the station.
  TIGHT cc17 vs sinc3.txt:si3_12 sub12=1 sh3=1 J1=0.33
    I:when do we leave for the station?
    P:what time do we leave?

===== cal2_abc vs sinc: 48 items =====
PREREGISTERED flags: 0
TIGHTENED-only flags: 8
  TIGHT cc01 vs sinc3.txt:si3_14 sub12=0 sh3=1 J1=0.30
    I:ask if the clinic accepts new patients.
    P:ask if the shop is open.
  TIGHT cc02 vs sinc3.txt:si3_18 sub12=1 sh3=1 J1=0.44
    I:check if the rear entrance is bolted.
    P:check if the oven is off.
  TIGHT cc03 vs sinc3.txt:si3_19 sub12=0 sh3=1 J1=0.30
    I:tell me if the night bus runs late.
    P:tell me if it rains.
  TIGHT cc05 vs sinc3.txt:si3_16 sub12=0 sh3=1 J1=0.44
    I:see if the upstairs window is shut.
    P:see if the door is locked.
  TIGHT cc17 vs sinc3.txt:si3_12 sub12=1 sh3=1 J1=0.33
    I:when do we leave for the station?
    P:what time do we leave?
  TIGHT cc21 vs sinc5.txt:si5_02 sub12=0 sh3=1 J1=0.27
    I:do we need to bring our own cups?
    P:we need to mop the lobby.
  TIGHT cc37 vs sinc3.txt:si3_15 sub12=1 sh3=0 J1=0.40
    I:it is good that you came early.
    P:it is as if winter came early.
  TIGHT cc43 vs sinc4.txt:si4_15 sub12=1 sh3=0 J1=0.21
    I:the manual says it is normal for toasters to file complaints.
    P:the manual said to press reset.

===== cal2_abc vs x2c: 48 items =====
PREREGISTERED flags: 0
TIGHTENED-only flags: 1
  TIGHT cc17 vs wd:sxwd_09 sub12=1 sh3=0 J1=0.27
    I:when do we leave for the station?
    P:where do taxis wait at the station?

===== cal2_abc vs cur: 48 items =====
PREREGISTERED flags: 0
TIGHTENED-only flags: 104
  TIGHT cc01 vs ex3.txt:ex3_24 sub12=1 sh3=0 J1=0.15
    I:ask if the clinic accepts new patients.
    P:let us say the clinic hires two nurses.
  TIGHT cc01 vs ex4.txt:ex4_11 sub12=1 sh3=0 J1=0.15
    I:ask if the clinic accepts new patients.
    P:according to the nurse, the clinic opens at eight.
  TIGHT cc01 vs sinc3.txt:si3_14 sub12=0 sh3=1 J1=0.30
    I:ask if the clinic accepts new patients.
    P:ask if the shop is open.
  TIGHT cc02 vs sinc3.txt:si3_18 sub12=1 sh3=1 J1=0.44
    I:check if the rear entrance is bolted.
    P:check if the oven is off.
  TIGHT cc03 vs ex3.txt:ex3_18 sub12=1 sh3=1 J1=0.21
    I:tell me if the night bus runs late.
    P:imagine if the night train ran twice as often.
  TIGHT cc03 vs no3.txt:no3_15 sub12=1 sh3=1 J1=0.20
    I:tell me if the night bus runs late.
    P:what if the night train, if the signal fails, waits at the junction?
  TIGHT cc03 vs sinc3.txt:si3_19 sub12=0 sh3=1 J1=0.30
    I:tell me if the night bus runs late.
    P:tell me if it rains.
  TIGHT cc05 vs sinc3.txt:si3_16 sub12=0 sh3=1 J1=0.44
    I:see if the upstairs window is shut.
    P:see if the door is locked.
  TIGHT cc06 vs ex3.txt:ex3_07 sub12=1 sh3=1 J1=0.21
    I:we will find out if the ferry runs sunday.
    P:what if the ferry added a midnight run?
  TIGHT cc06 vs tr3.txt:tr3_06 sub12=1 sh3=1 J1=0.21
    I:we will find out if the ferry runs sunday.
    P:imagine if the ferry ran on coal again.
  TIGHT cc07 vs ex3.txt:ex3_24 sub12=1 sh3=0 J1=0.13
    I:do you know if the clinic takes walk-ins?
    P:let us say the clinic hires two nurses.
  TIGHT cc07 vs ex4.txt:ex4_11 sub12=1 sh3=0 J1=0.13
    I:do you know if the clinic takes walk-ins?
    P:according to the nurse, the clinic opens at eight.
  TIGHT cc09 vs no3.txt:no3_01 sub12=0 sh3=1 J1=0.21
    I:say that if the grid fails tonight, we light candles.
    P:suppose that, if the dam broke, the lower fields would flood; where woul
  TIGHT cc09 vs no3.txt:no3_17 sub12=1 sh3=0 J1=0.11
    I:say that if the grid fails tonight, we light candles.
    P:suppose the inn burns down; what if the guests sleep in the barn?
  TIGHT cc11 vs no3.txt:no3_01 sub12=0 sh3=1 J1=0.21
    I:pretend that if the grain price doubles, we eat less.
    P:suppose that, if the dam broke, the lower fields would flood; where woul
  TIGHT cc11 vs no3.txt:no3_17 sub12=1 sh3=0 J1=0.11
    I:pretend that if the grain price doubles, we eat less.
    P:suppose the inn burns down; what if the guests sleep in the barn?
  TIGHT cc12 vs ex3.txt:ex3_04 sub12=1 sh3=0 J1=0.20
    I:consider: if the last train never comes, we stay.
    P:let us say the train never arrives, what then?
  TIGHT cc13 vs ex3.txt:ex3_15 sub12=1 sh3=0 J1=0.13
    I:grant that if the pantry runs bare, we ration.
    P:what if the post office closed on fridays?
  TIGHT cc13 vs no3.txt:no3_01 sub12=0 sh3=1 J1=0.22
    I:grant that if the pantry runs bare, we ration.
    P:suppose that, if the dam broke, the lower fields would flood; where woul
  TIGHT cc13 vs tr3.txt:tr3_11 sub12=1 sh3=0 J1=0.13
    I:grant that if the pantry runs bare, we ration.
    P:what if the printer ran out of ink?
  TIGHT cc14 vs ex3.txt:ex3_31 sub12=1 sh3=0 J1=0.14
    I:say that if the market moves, we follow the stalls.
    P:what if the miller retired this year?
  TIGHT cc14 vs ex4.txt:ex4_06 sub12=1 sh3=0 J1=0.20
    I:say that if the market moves, we follow the stalls.
    P:she said that the market opens late on mondays.
  TIGHT cc14 vs nest.txt:ne12 sub12=1 sh3=0 J1=0.21
    I:say that if the market moves, we follow the stalls.
    P:she said that he said that the market sells moonlight.
  TIGHT cc14 vs no3.txt:no3_01 sub12=0 sh3=1 J1=0.22
    I:say that if the market moves, we follow the stalls.
    P:suppose that, if the dam broke, the lower fields would flood; where woul
  TIGHT cc14 vs no3.txt:no3_03 sub12=1 sh3=0 J1=0.11
    I:say that if the market moves, we follow the stalls.
    P:what if the mayor, supposing the vote failed, called a new one?
  TIGHT cc14 vs pa5.txt:pa5_03 sub12=1 sh3=0 J1=0.12
    I:say that if the market moves, we follow the stalls.
    P:in character, as the reeve, i proclaim the market open.
  TIGHT cc15 vs no3.txt:no3_06 sub12=1 sh3=0 J1=0.17
    I:assume if the lamp fails at dusk, ships turn back.
    P:imagine if the lighthouse crew, should the lamp fail, lit the old beacon
  TIGHT cc16 vs no3.txt:no3_01 sub12=0 sh3=1 J1=0.21
    I:pretend that if the archive shuts, we read at home.
    P:suppose that, if the dam broke, the lower fields would flood; where woul
  TIGHT cc17 vs ex5.txt:ex5_28 sub12=1 sh3=0 J1=0.17
    I:when do we leave for the station?
    P:as the astronaut, i float past the station.
  TIGHT cc17 vs sinc3.txt:si3_12 sub12=1 sh3=1 J1=0.33
    I:when do we leave for the station?
    P:what time do we leave?

===== cal2_de vs sinc: 32 items =====
PREREGISTERED flags: 0
TIGHTENED-only flags: 0

===== cal2_de vs x2c: 32 items =====
PREREGISTERED flags: 0
TIGHTENED-only flags: 97
  TIGHT vdE02 vs wi:sxwi_01 sub12=1 sh3=1 J1=0.23
    I:her report lists the what ifs we must address.
    P:park the what ifs until the audit ends.
  TIGHT vdE02 vs wi:sxwi_03 sub12=1 sh3=0 J1=0.21
    I:her report lists the what ifs we must address.
    P:we shelved the what if memos for now.
  TIGHT vdE02 vs wi:sxwi_07 sub12=1 sh3=1 J1=0.23
    I:her report lists the what ifs we must address.
    P:she catalogued the what ifs by topic.
  TIGHT vdE02 vs wi:sxwi_09 sub12=1 sh3=0 J1=0.14
    I:her report lists the what ifs we must address.
    P:they archived the what if threads yesterday.
  TIGHT vdE03 vs wi:sxwi_01 sub12=1 sh3=1 J1=0.25
    I:stop the what ifs and make a decision.
    P:park the what ifs until the audit ends.
  TIGHT vdE03 vs wi:sxwi_03 sub12=1 sh3=0 J1=0.14
    I:stop the what ifs and make a decision.
    P:we shelved the what if memos for now.
  TIGHT vdE03 vs wi:sxwi_07 sub12=1 sh3=1 J1=0.25
    I:stop the what ifs and make a decision.
    P:she catalogued the what ifs by topic.
  TIGHT vdE03 vs wi:sxwi_09 sub12=1 sh3=0 J1=0.15
    I:stop the what ifs and make a decision.
    P:they archived the what if threads yesterday.
  TIGHT vdE04 vs wi:sxwi_05 sub12=1 sh3=1 J1=0.36
    I:his what if scenarios saved the project twice.
    P:his what if sketches guided the redesign.
  TIGHT vdE05 vs wi:sxwi_01 sub12=1 sh3=0 J1=0.15
    I:we filed the what if questions for later.
    P:park the what ifs until the audit ends.
  TIGHT vdE05 vs wi:sxwi_03 sub12=1 sh3=1 J1=0.45
    I:we filed the what if questions for later.
    P:we shelved the what if memos for now.
  TIGHT vdE05 vs wi:sxwi_07 sub12=1 sh3=0 J1=0.15
    I:we filed the what if questions for later.
    P:she catalogued the what ifs by topic.
  TIGHT vdE05 vs wi:sxwi_09 sub12=1 sh3=1 J1=0.25
    I:we filed the what if questions for later.
    P:they archived the what if threads yesterday.
  TIGHT vdE06 vs wi:sxwi_04 sub12=1 sh3=1 J1=0.36
    I:the manual covers each what if in turn.
    P:the handbook addresses each what if briefly.
  TIGHT vdE06 vs wi:sxwi_06 sub12=1 sh3=1 J1=0.33
    I:the manual covers each what if in turn.
    P:the panel waved off each what if politely.
  TIGHT vdE06 vs wi:sxwi_10 sub12=1 sh3=1 J1=0.36
    I:the manual covers each what if in turn.
    P:the minutes record each what if raised.
  TIGHT vdE07 vs wi:sxwi_02 sub12=1 sh3=1 J1=0.36
    I:their what if planning impressed the board.
    P:their what if drills prepared the crew well.
  TIGHT veE01 vs wd:sxwd_01 sub12=1 sh3=1 J1=0.27
    I:where do the buses stop these days?
    P:where do the couriers leave parcels now?
  TIGHT veE01 vs wd:sxwd_03 sub12=1 sh3=1 J1=0.27
    I:where do the buses stop these days?
    P:where do the bakers buy their flour?
  TIGHT veE01 vs wd:sxwd_06 sub12=1 sh3=1 J1=0.27
    I:where do the buses stop these days?
    P:where do the gulls roost in winter?
  TIGHT veE01 vs wd:sxwd_08 sub12=1 sh3=1 J1=0.30
    I:where do the buses stop these days?
    P:where do the janitors store the ladders?
  TIGHT veE01 vs wd:sxwd_10 sub12=1 sh3=1 J1=0.30
    I:where do the buses stop these days?
    P:where do the gardeners draw water?
  TIGHT veE02 vs wd:sxwd_01 sub12=1 sh3=0 J1=0.27
    I:where do they keep the spare keys?
    P:where do the couriers leave parcels now?
  TIGHT veE02 vs wd:sxwd_03 sub12=1 sh3=0 J1=0.27
    I:where do they keep the spare keys?
    P:where do the bakers buy their flour?
  TIGHT veE02 vs wd:sxwd_06 sub12=1 sh3=0 J1=0.27
    I:where do they keep the spare keys?
    P:where do the gulls roost in winter?
  TIGHT veE02 vs wd:sxwd_08 sub12=1 sh3=0 J1=0.30
    I:where do they keep the spare keys?
    P:where do the janitors store the ladders?
  TIGHT veE02 vs wd:sxwd_10 sub12=1 sh3=0 J1=0.30
    I:where do they keep the spare keys?
    P:where do the gardeners draw water?
  TIGHT veE03 vs wd:sxwd_01 sub12=1 sh3=1 J1=0.27
    I:where do the trails begin near here?
    P:where do the couriers leave parcels now?
  TIGHT veE03 vs wd:sxwd_03 sub12=1 sh3=1 J1=0.27
    I:where do the trails begin near here?
    P:where do the bakers buy their flour?
  TIGHT veE03 vs wd:sxwd_06 sub12=1 sh3=1 J1=0.27
    I:where do the trails begin near here?
    P:where do the gulls roost in winter?

===== cal2_de vs cur: 32 items =====
PREREGISTERED flags: 0
TIGHTENED-only flags: 264
  TIGHT vdE04 vs tr1.txt:tr1_06 sub12=1 sh3=0 J1=0.07
    I:his what if scenarios saved the project twice.
    P:just perfect, the projector bulb blew out.
  TIGHT vdE06 vs ex2.txt:ex2_25 sub12=1 sh3=0 J1=0.13
    I:the manual covers each what if in turn.
    P:the manual claims nobody knows how it got here.
  TIGHT vdW01 vs ex1.txt:ex1_15 sub12=1 sh3=0 J1=0.17
    I:what if the dam burst at midnight?
    P:oh great, another software update at midnight.
  TIGHT vdW01 vs ex3.txt:ex3_03 sub12=1 sh3=1 J1=0.27
    I:what if the dam burst at midnight?
    P:what if the harvest fails this season?
  TIGHT vdW01 vs ex3.txt:ex3_07 sub12=1 sh3=1 J1=0.36
    I:what if the dam burst at midnight?
    P:what if the ferry added a midnight run?
  TIGHT vdW01 vs ex3.txt:ex3_11 sub12=1 sh3=1 J1=0.25
    I:what if the dam burst at midnight?
    P:what if the school moved to the north side?
  TIGHT vdW01 vs ex3.txt:ex3_15 sub12=1 sh3=1 J1=0.25
    I:what if the dam burst at midnight?
    P:what if the post office closed on fridays?
  TIGHT vdW01 vs ex3.txt:ex3_19 sub12=1 sh3=1 J1=0.27
    I:what if the dam burst at midnight?
    P:what if the bakery doubled its ovens?
  TIGHT vdW01 vs ex3.txt:ex3_23 sub12=1 sh3=1 J1=0.27
    I:what if the dam burst at midnight?
    P:what if the library cut its hours?
  TIGHT vdW01 vs ex3.txt:ex3_27 sub12=1 sh3=1 J1=0.40
    I:what if the dam burst at midnight?
    P:what if the choir sang at dawn?
  TIGHT vdW01 vs ex3.txt:ex3_31 sub12=1 sh3=1 J1=0.27
    I:what if the dam burst at midnight?
    P:what if the miller retired this year?
  TIGHT vdW01 vs fhyp.txt:fh_03 sub12=1 sh3=1 J1=0.20
    I:what if the dam burst at midnight?
    P:what if the sun rose in the west, when would farmers wake?
  TIGHT vdW01 vs fhyp.txt:fh_20 sub12=1 sh3=1 J1=0.23
    I:what if the dam burst at midnight?
    P:what if the ocean drained overnight, what lies on the floor?
  TIGHT vdW01 vs no3.txt:no3_01 sub12=1 sh3=1 J1=0.18
    I:what if the dam burst at midnight?
    P:suppose that, if the dam broke, the lower fields would flood; where woul
  TIGHT vdW01 vs no3.txt:no3_03 sub12=1 sh3=1 J1=0.20
    I:what if the dam burst at midnight?
    P:what if the mayor, supposing the vote failed, called a new one?
  TIGHT vdW01 vs no3.txt:no3_09 sub12=1 sh3=1 J1=0.21
    I:what if the dam burst at midnight?
    P:suppose the council taxes the market; what if the stalls move uphill?
  TIGHT vdW01 vs no3.txt:no3_11 sub12=1 sh3=1 J1=0.21
    I:what if the dam burst at midnight?
    P:what if the choir, were the hall shut, sang in the square?
  TIGHT vdW01 vs no3.txt:no3_15 sub12=1 sh3=1 J1=0.31
    I:what if the dam burst at midnight?
    P:what if the night train, if the signal fails, waits at the junction?
  TIGHT vdW01 vs no3.txt:no3_17 sub12=1 sh3=1 J1=0.20
    I:what if the dam burst at midnight?
    P:suppose the inn burns down; what if the guests sleep in the barn?
  TIGHT vdW01 vs no3.txt:no3_19 sub12=1 sh3=1 J1=0.20
    I:what if the dam burst at midnight?
    P:what if the fair, rained out twice, moved indoors for good?
  TIGHT vdW01 vs pa3.txt:pa3_03 sub12=1 sh3=1 J1=0.27
    I:what if the dam burst at midnight?
    P:what if the crops fail this year?
  TIGHT vdW01 vs pa3.txt:pa3_07 sub12=1 sh3=1 J1=0.25
    I:what if the dam burst at midnight?
    P:what if the boat added a late sailing?
  TIGHT vdW01 vs pa3.txt:pa3_19 sub12=1 sh3=1 J1=0.27
    I:what if the dam burst at midnight?
    P:what if the bakehouse bought more ovens?
  TIGHT vdW01 vs tr3.txt:tr3_03 sub12=1 sh3=1 J1=0.30
    I:what if the dam burst at midnight?
    P:what if the tailor moved downtown?
  TIGHT vdW01 vs tr3.txt:tr3_07 sub12=1 sh3=1 J1=0.40
    I:what if the dam burst at midnight?
    P:what if the band played past midnight?
  TIGHT vdW01 vs tr3.txt:tr3_11 sub12=1 sh3=1 J1=0.25
    I:what if the dam burst at midnight?
    P:what if the printer ran out of ink?
  TIGHT vdW01 vs tr3.txt:tr3_15 sub12=1 sh3=1 J1=0.30
    I:what if the dam burst at midnight?
    P:what if the cobbler retired early?
  TIGHT vdW01 vs tr3.txt:tr3_19 sub12=1 sh3=1 J1=0.27
    I:what if the dam burst at midnight?
    P:what if the fair moved to the meadow?
  TIGHT vdW02 vs ex3.txt:ex3_03 sub12=1 sh3=1 J1=0.27
    I:what if the vessels never came home?
    P:what if the harvest fails this season?
  TIGHT vdW02 vs ex3.txt:ex3_07 sub12=1 sh3=1 J1=0.25
    I:what if the vessels never came home?
    P:what if the ferry added a midnight run?

===== cal2_vol2 vs sinc: 96 items =====
PREREGISTERED flags: 0
TIGHTENED-only flags: 10
  TIGHT cc01 vs sinc3.txt:si3_14 sub12=0 sh3=1 J1=0.30
    I:ask if the clinic accepts new patients.
    P:ask if the shop is open.
  TIGHT cc02 vs sinc3.txt:si3_18 sub12=1 sh3=1 J1=0.44
    I:check if the rear entrance is bolted.
    P:check if the oven is off.
  TIGHT cc03 vs sinc3.txt:si3_19 sub12=0 sh3=1 J1=0.30
    I:tell me if the night bus runs late.
    P:tell me if it rains.
  TIGHT cc05 vs sinc3.txt:si3_16 sub12=0 sh3=1 J1=0.44
    I:see if the upstairs window is shut.
    P:see if the door is locked.
  TIGHT cc17 vs sinc3.txt:si3_12 sub12=1 sh3=1 J1=0.33
    I:when do we leave for the station?
    P:what time do we leave?
  TIGHT cc21 vs sinc5.txt:si5_02 sub12=0 sh3=1 J1=0.27
    I:do we need to bring our own cups?
    P:we need to mop the lobby.
  TIGHT cc37 vs sinc3.txt:si3_15 sub12=1 sh3=0 J1=0.40
    I:it is good that you came early.
    P:it is as if winter came early.
  TIGHT cc43 vs sinc4.txt:si4_15 sub12=1 sh3=0 J1=0.21
    I:the manual says it is normal for toasters to file complaints.
    P:the manual said to press reset.
  TIGHT vnaE05 vs sinc5.txt:si5_03 sub12=1 sh3=0 J1=0.15
    I:if the printer still jams, call the repair shop downtown.
    P:the printer is low on paper.
  TIGHT vncE01 vs sinc2.txt:si2_08 sub12=1 sh3=0 J1=0.22
    I:it is cloudy this morning.
    P:we swept the porch this morning.

===== cal2_vol2 vs x2c: 96 items =====
PREREGISTERED flags: 0
TIGHTENED-only flags: 4
  TIGHT cc17 vs wd:sxwd_09 sub12=1 sh3=0 J1=0.27
    I:when do we leave for the station?
    P:where do taxis wait at the station?
  TIGHT vnaE08 vs wd:sxwd_09 sub12=1 sh3=0 J1=0.12
    I:if the bus runs late again, i will walk to the station.
    P:where do taxis wait at the station?
  TIGHT vnbE01 vs wd:sxwd_04 sub12=1 sh3=0 J1=0.25
    I:when do we set sail for the harbor?
    P:where do visitors park near the harbor?
  TIGHT vnbE03 vs wd:sxwd_04 sub12=1 sh3=1 J1=0.56
    I:where do we park near the theater?
    P:where do visitors park near the harbor?

===== cal2_vol2 vs cur: 96 items =====
PREREGISTERED flags: 0
TIGHTENED-only flags: 223
  TIGHT cc01 vs ex3.txt:ex3_24 sub12=1 sh3=0 J1=0.15
    I:ask if the clinic accepts new patients.
    P:let us say the clinic hires two nurses.
  TIGHT cc01 vs ex4.txt:ex4_11 sub12=1 sh3=0 J1=0.15
    I:ask if the clinic accepts new patients.
    P:according to the nurse, the clinic opens at eight.
  TIGHT cc01 vs sinc3.txt:si3_14 sub12=0 sh3=1 J1=0.30
    I:ask if the clinic accepts new patients.
    P:ask if the shop is open.
  TIGHT cc02 vs sinc3.txt:si3_18 sub12=1 sh3=1 J1=0.44
    I:check if the rear entrance is bolted.
    P:check if the oven is off.
  TIGHT cc03 vs ex3.txt:ex3_18 sub12=1 sh3=1 J1=0.21
    I:tell me if the night bus runs late.
    P:imagine if the night train ran twice as often.
  TIGHT cc03 vs no3.txt:no3_15 sub12=1 sh3=1 J1=0.20
    I:tell me if the night bus runs late.
    P:what if the night train, if the signal fails, waits at the junction?
  TIGHT cc03 vs sinc3.txt:si3_19 sub12=0 sh3=1 J1=0.30
    I:tell me if the night bus runs late.
    P:tell me if it rains.
  TIGHT cc05 vs sinc3.txt:si3_16 sub12=0 sh3=1 J1=0.44
    I:see if the upstairs window is shut.
    P:see if the door is locked.
  TIGHT cc06 vs ex3.txt:ex3_07 sub12=1 sh3=1 J1=0.21
    I:we will find out if the ferry runs sunday.
    P:what if the ferry added a midnight run?
  TIGHT cc06 vs tr3.txt:tr3_06 sub12=1 sh3=1 J1=0.21
    I:we will find out if the ferry runs sunday.
    P:imagine if the ferry ran on coal again.
  TIGHT cc07 vs ex3.txt:ex3_24 sub12=1 sh3=0 J1=0.13
    I:do you know if the clinic takes walk-ins?
    P:let us say the clinic hires two nurses.
  TIGHT cc07 vs ex4.txt:ex4_11 sub12=1 sh3=0 J1=0.13
    I:do you know if the clinic takes walk-ins?
    P:according to the nurse, the clinic opens at eight.
  TIGHT cc09 vs no3.txt:no3_01 sub12=0 sh3=1 J1=0.21
    I:say that if the grid fails tonight, we light candles.
    P:suppose that, if the dam broke, the lower fields would flood; where woul
  TIGHT cc09 vs no3.txt:no3_17 sub12=1 sh3=0 J1=0.11
    I:say that if the grid fails tonight, we light candles.
    P:suppose the inn burns down; what if the guests sleep in the barn?
  TIGHT cc11 vs no3.txt:no3_01 sub12=0 sh3=1 J1=0.21
    I:pretend that if the grain price doubles, we eat less.
    P:suppose that, if the dam broke, the lower fields would flood; where woul
  TIGHT cc11 vs no3.txt:no3_17 sub12=1 sh3=0 J1=0.11
    I:pretend that if the grain price doubles, we eat less.
    P:suppose the inn burns down; what if the guests sleep in the barn?
  TIGHT cc12 vs ex3.txt:ex3_04 sub12=1 sh3=0 J1=0.20
    I:consider: if the last train never comes, we stay.
    P:let us say the train never arrives, what then?
  TIGHT cc13 vs ex3.txt:ex3_15 sub12=1 sh3=0 J1=0.13
    I:grant that if the pantry runs bare, we ration.
    P:what if the post office closed on fridays?
  TIGHT cc13 vs no3.txt:no3_01 sub12=0 sh3=1 J1=0.22
    I:grant that if the pantry runs bare, we ration.
    P:suppose that, if the dam broke, the lower fields would flood; where woul
  TIGHT cc13 vs tr3.txt:tr3_11 sub12=1 sh3=0 J1=0.13
    I:grant that if the pantry runs bare, we ration.
    P:what if the printer ran out of ink?
  TIGHT cc14 vs ex3.txt:ex3_31 sub12=1 sh3=0 J1=0.14
    I:say that if the market moves, we follow the stalls.
    P:what if the miller retired this year?
  TIGHT cc14 vs ex4.txt:ex4_06 sub12=1 sh3=0 J1=0.20
    I:say that if the market moves, we follow the stalls.
    P:she said that the market opens late on mondays.
  TIGHT cc14 vs nest.txt:ne12 sub12=1 sh3=0 J1=0.21
    I:say that if the market moves, we follow the stalls.
    P:she said that he said that the market sells moonlight.
  TIGHT cc14 vs no3.txt:no3_01 sub12=0 sh3=1 J1=0.22
    I:say that if the market moves, we follow the stalls.
    P:suppose that, if the dam broke, the lower fields would flood; where woul
  TIGHT cc14 vs no3.txt:no3_03 sub12=1 sh3=0 J1=0.11
    I:say that if the market moves, we follow the stalls.
    P:what if the mayor, supposing the vote failed, called a new one?
  TIGHT cc14 vs pa5.txt:pa5_03 sub12=1 sh3=0 J1=0.12
    I:say that if the market moves, we follow the stalls.
    P:in character, as the reeve, i proclaim the market open.
  TIGHT cc15 vs no3.txt:no3_06 sub12=1 sh3=0 J1=0.17
    I:assume if the lamp fails at dusk, ships turn back.
    P:imagine if the lighthouse crew, should the lamp fail, lit the old beacon
  TIGHT cc16 vs no3.txt:no3_01 sub12=0 sh3=1 J1=0.21
    I:pretend that if the archive shuts, we read at home.
    P:suppose that, if the dam broke, the lower fields would flood; where woul
  TIGHT cc17 vs ex5.txt:ex5_28 sub12=1 sh3=0 J1=0.17
    I:when do we leave for the station?
    P:as the astronaut, i float past the station.
  TIGHT cc17 vs sinc3.txt:si3_12 sub12=1 sh3=1 J1=0.33
    I:when do we leave for the station?
    P:what time do we leave?


TOTAL preregistered flags: 0 | TOTAL tightened-only: 815
