===== red-team independent rebuild + provenance verification =====
date: 2026-09-28T01:05Z (UTC)
toolchain: ~/workspace/tnn-lab/toolchain/bin/znc_linux_x86_64_abed8aa1 (pinned)
source: docs/lab/epistemics/utterance_types/exp2d/src/h7_exp2d.zag (committed)
frozen base: docs/lab/epistemics/utterance_types/crew2/learner/h7_main.zag
  sha256 e9fc703f81a3db28ad9e979afdf5098eac48ebcce1ac98023c92daf445029945

[1] assemble provenance:
  ran src/assemble_exp2d.py with SRC pointed at the frozen h7_main.zag above
  (only the two hardcoded paths adjusted; script logic untouched)
  output sha256: 8a6fd78747ac2bd7b41ffc2986eae7d6017c5412dd9110228eb0ff827121061b
  committed src/h7_exp2d.zag sha256: 8a6fd78747ac2bd7b41ffc2986eae7d6017c5412dd9110228eb0ff827121061b
  => BYTE-IDENTICAL: committed source is exactly assemble(frozen source).

[2] independent compile:
  znc build/h7_exp2d.zag --out build/h7_exp2d_rt   (with R33_NATIVE_IO_V1.zag
  import fixture copied from coordinator scratch ~/workspace/sinc_exp/exp2d/build/;
  the committed src/ omits this runtime import file)
  build exit 0, binary written.

[3] empty-mode determinism (frozen Stage-0 gate):
  ./h7_exp2d_rt wd/   (no mode arg)
  output sha256: 71731400c1758f883c8057ad3dca044f34491c9a7861e6f53c1c5815b8f75407
  frozen SHA (committed runs/SHA_MANIFEST.txt + empty-mode gate):
                 71731400c1758f883c8057ad3dca044f34491c9a7861e6f53c1c5815b8f75407
  => EXACT MATCH.

[4] live-mode reproduction:
  ./h7_exp2d_rt wd/ base   x3 reps:
    f8c17d20941469393b3bb78040430cae79dc0d6f4fe250533a331945ed3a0403 (rep1)
    f8c17d20941469393b3bb78040430cae79dc0d6f4fe250533a331945ed3a0403 (rep2)
    f8c17d20941469393b3bb78040430cae79dc0d6f4fe250533a331945ed3a0403 (rep3)
  committed runs/base_rep1.txt: f8c17d20941469393b3bb78040430cae79dc0d6f4fe250533a331945ed3a0403
  => 3/3 byte-identical reps; rep1 byte-identical to committed file.
  ./h7_exp2d_rt wd/ abc2-b :
    f8d6221603b2188b45f0f6b94a5848ee320e1c64cf430066f53b1de79cc1b95d
  committed runs/abc2-b_rep1.txt: f8d6221603b2188b45f0f6b94a5848ee320e1c64cf430066f53b1de79cc1b95d
  => BYTE-IDENTICAL.

notes:
- wd/ workdir assembled by copying the committed exp2d workdir fixture files
  (items at workdir root: cal2_*.txt, sinc*.txt, tr/pa/no/ex types files).
- the binary and .zagd cache were NOT committed (repo content standard).
