SHA manifest check: ALL OK

=== determinism (rep1 vs rep2 vs rep3 per leg) ===
ab2-a    reps_identical=True
ab2-b    reps_identical=True
abc2-a   reps_identical=True
abc2-b   reps_identical=True
base     reps_identical=True
de2-a    reps_identical=True
de2-b    reps_identical=True
empty    reps_identical=True
v96-a    reps_identical=True
v96-b    reps_identical=True

=== 2C DP/LK per leg (from runs) ===
leg      T1 DP/LK T2 DP/LK T3 DP/LK T4 DP/LK T5 DP/LK
ab2-a    T1:9/9 T2:10/10 T3:9/9 T4:10/10 T5:9/9
ab2-b    T1:9/9 T2:10/10 T3:9/9 T4:10/10 T5:9/9
abc2-a   T1:4/9 T2:5/0 T3:5/0 T4:5/0 T5:5/0
abc2-b   T1:9/9 T2:10/10 T3:9/10 T4:10/10 T5:9/9
base     T1:9/9 T2:10/10 T3:9/3 T4:10/10 T5:10/9
de2-a    T1:9/9 T2:10/10 T3:9/3 T4:10/10 T5:10/9
de2-b    T1:9/9 T2:10/10 T3:9/3 T4:10/10 T5:10/9
v96-a    T1:10/9 T2:10/10 T3:8/10 T4:9/10 T5:8/9
v96-b    T1:10/9 T2:10/10 T3:8/10 T4:9/10 T5:8/9

=== X2C WI/WD per leg (from runs) ===
ab2-a    WI=0/10 WD=10/10
ab2-b    WI=0/10 WD=10/10
abc2-a   WI=0/10 WD=0/10
abc2-b   WI=0/10 WD=10/10
base     WI=0/10 WD=0/10
de2-a    WI=10/10 WD=10/10
de2-b    WI=10/10 WD=10/10
v96-a    WI=0/10 WD=10/10
v96-b    WI=0/10 WD=10/10

=== mismatches vs PREDICTIONS_LOCKED.md ===
  PRED-MISMATCH ('abc2-a', 'WD', 'X2C', 10, 0)
=== mismatches vs bartable.md ===
  none
