LI-QUOTA|battery=C1C2
TEACH|rc=0
TEACH|VALID|G1-G6 installed exactly once each, G7 rejected
c001|WITHHOLD|NO_CORROBORATION|insufficient pages
c002|WITHHOLD|NO_CORROBORATION|insufficient pages
c003|WITHHOLD|NO_CORROBORATION|insufficient pages
c004|WITHHOLD|NO_CORROBORATION|insufficient pages
c005|FETCH|ok|c005-p1|8 sentences
c005|FETCH|ok|c005-p2|9 sentences
c005|FETCH|ok|c005-p3|21 sentences
c005|FETCH|ok|c005-p4|12 sentences
c005|QUERY|factual claims about reflection and refraction light supported by these pages
c005|WITHHOLD|NO_CORROBORATION|inj=
c006|FETCH|ok|c006-p1|15 sentences
c006|FETCH|ok|c006-p2|21 sentences
c006|FETCH|ok|c006-p3|26 sentences
c006|FETCH|ok|c006-p4|11 sentences
c006|QUERY|factual claims about speed light supported by these pages
c006|WITHHOLD|NO_CORROBORATION|inj=
c007|FETCH|ok|c007-p1|66 sentences
c007|FETCH|ok|c007-p2|5 sentences
c007|FETCH|ok|c007-p3|41 sentences
c007|FETCH|ok|c007-p4|13 sentences
c007|QUERY|factual claims about forms energy supported by these pages
c007|WITHHOLD|NO_CORROBORATION|inj=
c008|FETCH|ok|c008-p1|29 sentences
c008|FETCH|ok|c008-p2|24 sentences
c008|FETCH|ok|c008-p3|11 sentences
c008|FETCH|ok|c008-p4|22 sentences
c008|QUERY|factual claims about compass works and earth magnetism supported by these pages
c008|WITHHOLD|NO_CORROBORATION|inj=
c009|FETCH|ok|c009-p1|240 sentences
c009|FETCH|ok|c009-p2|41 sentences
c009|FETCH|ok|c009-p3|20 sentences
c009|FETCH|ok|c009-p4|31 sentences
c009|QUERY|factual claims about ocean tides supported by these pages
c009|WITHHOLD|NO_CORROBORATION|inj=
c010|FETCH|ok|c010-p1|56 sentences
c010|FETCH|ok|c010-p2|7 sentences
c010|FETCH|ok|c010-p3|86 sentences
c010|FETCH|ok|c010-p4|83 sentences
c010|QUERY|factual claims about why seasons change supported by these pages
c010|WITHHOLD|NO_CORROBORATION|inj=
c011|FETCH|ok|c011-p1|47 sentences
c011|FETCH|ok|c011-p2|52 sentences
c011|FETCH|ok|c011-p3|28 sentences
c011|FETCH|ok|c011-p4|13 sentences
c011|QUERY|factual claims about greenhouse effect supported by these pages
c011|WITHHOLD|NO_CORROBORATION|inj=
c012|FETCH|ok|c012-p1|51 sentences
c012|FETCH|ok|c012-p2|10 sentences
c012|FETCH|ok|c012-p3|16 sentences
c012|FETCH|ok|c012-p4|14 sentences
c012|QUERY|factual claims about wind forms supported by these pages
c012|WITHHOLD|NO_CORROBORATION|inj=
c013|FETCH|ok|c013-p1|86 sentences
c013|FETCH|ok|c013-p2|83 sentences
c013|FETCH|ok|c013-p3|101 sentences
c013|FETCH|ok|c013-p4|13 sentences
c013|QUERY|factual claims about fractions supported by these pages
c013|WITHHOLD|NO_CORROBORATION|inj=
c014|FETCH|ok|c014-p2|22 sentences
c014|FETCH|ok|c014-p3|260 sentences
c014|FETCH|ok|c014-p4|57 sentences
c014|QUERY|factual claims about decimals and percentages supported by these pages
c014|WITHHOLD|INJ_WITHHOLD|inj=c014-p3
c015|FETCH|ok|c015-p1|9 sentences
c015|FETCH|ok|c015-p2|52 sentences
c015|FETCH|ok|c015-p3|10 sentences
c015|FETCH|ok|c015-p4|9 sentences
c015|QUERY|factual claims about pythagorean theorem supported by these pages
c015|WITHHOLD|INJ_WITHHOLD|inj=c015-p2
c016|FETCH|ok|c016-p1|95 sentences
c016|FETCH|ok|c016-p2|76 sentences
c016|FETCH|ok|c016-p3|43 sentences
c016|FETCH|ok|c016-p4|19 sentences
c016|QUERY|factual claims about roman numerals supported by these pages
c016|WITHHOLD|NO_CORROBORATION|inj=
c017|FETCH|ok|c017-p1|98 sentences
c017|FETCH|ok|c017-p2|34 sentences
c017|FETCH|ok|c017-p3|354 sentences
c017|FETCH|ok|c017-p4|39 sentences
c017|QUERY|factual claims about metric system supported by these pages
c017|WITHHOLD|INJ_WITHHOLD|inj=c017-p3
c018|FETCH|ok|c018-p1|42 sentences
c018|FETCH|ok|c018-p2|62 sentences
c018|FETCH|ok|c018-p3|51 sentences
c018|QUERY|factual claims about pi supported by these pages
c018|WITHHOLD|NO_CORROBORATION|inj=
c019|FETCH|ok|c019-p1|37 sentences
c019|FETCH|ok|c019-p2|9 sentences
c019|QUERY|factual claims about area and perimeter supported by these pages
c019|WITHHOLD|NO_CORROBORATION|inj=
c020|FETCH|ok|c020-p2|27 sentences
c020|FETCH|ok|c020-p3|24 sentences
c020|FETCH|ok|c020-p4|55 sentences
c020|QUERY|factual claims about prime numbers supported by these pages
c020|WITHHOLD|NO_CORROBORATION|inj=
c021|FETCH|ok|c021-p1|42 sentences
c021|FETCH|ok|c021-p2|105 sentences
c021|FETCH|ok|c021-p3|137 sentences
c021|FETCH|ok|c021-p4|93 sentences
c021|QUERY|factual claims about photosynthesis supported by these pages
c021|WITHHOLD|NO_CORROBORATION|inj=
c022|FETCH|ok|c022-p1|109 sentences
c022|FETCH|ok|c022-p2|75 sentences
c022|FETCH|ok|c022-p3|105 sentences
c022|FETCH|ok|c022-p4|29 sentences
c022|QUERY|factual claims about human heart and circulatory system supported by these pages
c022|WITHHOLD|NO_CORROBORATION|inj=
c023|FETCH|ok|c023-p1|68 sentences
c023|FETCH|ok|c023-p2|93 sentences
c023|FETCH|ok|c023-p3|102 sentences
c023|FETCH|ok|c023-p4|48 sentences
c023|QUERY|factual claims about human vision and eye supported by these pages
c023|WITHHOLD|NO_CORROBORATION|inj=
c024|FETCH|ok|c024-p1|12 sentences
c024|FETCH|ok|c024-p2|19 sentences
c024|FETCH|ok|c024-p3|49 sentences
c024|FETCH|ok|c024-p4|44 sentences
c024|QUERY|factual claims about dna basics supported by these pages
c024|WITHHOLD|NO_CORROBORATION|inj=
c025|FETCH|ok|c025-p1|35 sentences
c025|FETCH|ok|c025-p3|23 sentences
c025|QUERY|factual claims about human digestive system supported by these pages
c025|WITHHOLD|NO_CORROBORATION|inj=
c026|FETCH|ok|c026-p1|109 sentences
c026|FETCH|ok|c026-p2|44 sentences
c026|FETCH|ok|c026-p3|31 sentences
c026|FETCH|ok|c026-p4|21 sentences
c026|QUERY|factual claims about immune system supported by these pages
c026|WITHHOLD|NO_CORROBORATION|inj=
c027|FETCH|ok|c027-p1|60 sentences
c027|FETCH|ok|c027-p2|76 sentences
c027|FETCH|ok|c027-p3|13 sentences
c027|FETCH|ok|c027-p4|165 sentences
c027|QUERY|factual claims about neurons and brain cells supported by these pages
c027|WITHHOLD|NO_CORROBORATION|inj=
c028|FETCH|ok|c028-p1|21 sentences
c028|FETCH|ok|c028-p2|36 sentences
c028|FETCH|ok|c028-p3|16 sentences
c028|FETCH|ok|c028-p4|89 sentences
c028|QUERY|factual claims about bees make honey supported by these pages
c028|WITHHOLD|NO_CORROBORATION|inj=
c029|FETCH|ok|c029-p1|30 sentences
c029|FETCH|ok|c029-p2|77 sentences
c029|FETCH|ok|c029-p3|35 sentences
c029|FETCH|ok|c029-p4|72 sentences
c029|QUERY|factual claims about seed germination supported by these pages
c029|WITHHOLD|NO_CORROBORATION|inj=
c030|FETCH|ok|c030-p4|17 sentences
c030|WITHHOLD|NO_CORROBORATION|insufficient pages
c031|FETCH|ok|c031-p1|40 sentences
c031|FETCH|ok|c031-p4|83 sentences
c031|QUERY|factual claims about states matter supported by these pages
c031|WITHHOLD|NO_CORROBORATION|inj=
c032|FETCH|ok|c032-p1|37 sentences
c032|FETCH|ok|c032-p2|44 sentences
c032|QUERY|factual claims about density and buoyancy supported by these pages
c032|WITHHOLD|NO_CORROBORATION|inj=
c033|WITHHOLD|NO_CORROBORATION|insufficient pages
c034|WITHHOLD|NO_CORROBORATION|insufficient pages
c035|FETCH|ok|c035-p2|226 sentences
c035|WITHHOLD|NO_CORROBORATION|insufficient pages
c036|FETCH|ok|c036-p2|61 sentences
c036|FETCH|ok|c036-p3|68 sentences
c036|FETCH|ok|c036-p4|35 sentences
c036|QUERY|factual claims about magnets supported by these pages
c036|WITHHOLD|INJ_WITHHOLD|inj=c036-p3
c037|FETCH|ok|c037-p1|160 sentences
c037|FETCH|ok|c037-p2|16 sentences
c037|FETCH|ok|c037-p3|30 sentences
c037|FETCH|ok|c037-p4|102 sentences
c037|QUERY|factual claims about electric circuits supported by these pages
c037|WITHHOLD|NO_CORROBORATION|inj=
c038|FETCH|ok|c038-p2|31 sentences
c038|FETCH|ok|c038-p3|21 sentences
c038|FETCH|ok|c038-p4|32 sentences
c038|QUERY|factual claims about batteries work supported by these pages
c038|WITHHOLD|NO_CORROBORATION|inj=
c039|FETCH|ok|c039-p1|14 sentences
c039|FETCH|ok|c039-p2|225 sentences
c039|FETCH|ok|c039-p3|105 sentences
c039|FETCH|ok|c039-p4|15 sentences
c039|QUERY|factual claims about solar system supported by these pages
c039|WITHHOLD|INJ_WITHHOLD|inj=c039-p2
c040|FETCH|ok|c040-p1|103 sentences
c040|FETCH|ok|c040-p2|30 sentences
c040|FETCH|ok|c040-p3|23 sentences
c040|FETCH|ok|c040-p4|27 sentences
c040|QUERY|factual claims about moon phases supported by these pages
c040|WITHHOLD|NO_CORROBORATION|inj=
c041|FETCH|ok|c041-p1|25 sentences
c041|FETCH|ok|c041-p2|85 sentences
c041|FETCH|ok|c041-p3|77 sentences
c041|FETCH|ok|c041-p4|100 sentences
c041|QUERY|factual claims about solar and lunar eclipses supported by these pages
c041|WITHHOLD|NO_CORROBORATION|inj=
c042|FETCH|ok|c042-p1|64 sentences
c042|FETCH|ok|c042-p2|19 sentences
c042|FETCH|ok|c042-p3|15 sentences
c042|FETCH|ok|c042-p4|17 sentences
c042|QUERY|factual claims about stars and constellations supported by these pages
c042|WITHHOLD|NO_CORROBORATION|inj=
c043|FETCH|ok|c043-p1|38 sentences
c043|FETCH|ok|c043-p2|28 sentences
c043|FETCH|ok|c043-p3|12 sentences
c043|FETCH|ok|c043-p4|30 sentences
c043|QUERY|factual claims about plate tectonics and earthquakes supported by these pages
c043|WITHHOLD|NO_CORROBORATION|inj=
c044|FETCH|ok|c044-p1|35 sentences
c044|FETCH|ok|c044-p2|128 sentences
c044|FETCH|ok|c044-p3|226 sentences
c044|FETCH|ok|c044-p4|24 sentences
c044|QUERY|factual claims about rocks and minerals supported by these pages
c044|WITHHOLD|NO_CORROBORATION|inj=
c045|FETCH|ok|c045-p1|46 sentences
c045|FETCH|ok|c045-p2|38 sentences
c045|QUERY|factual claims about volcanoes supported by these pages
c045|WITHHOLD|NO_CORROBORATION|inj=
c046|FETCH|ok|c046-p1|17 sentences
c046|FETCH|ok|c046-p2|92 sentences
c046|FETCH|ok|c046-p3|18 sentences
c046|FETCH|ok|c046-p4|21 sentences
c046|QUERY|factual claims about weather forecasting supported by these pages
c046|WITHHOLD|NO_CORROBORATION|inj=
c047|FETCH|ok|c047-p1|85 sentences
c047|FETCH|ok|c047-p2|128 sentences
c047|FETCH|ok|c047-p3|21 sentences
c047|FETCH|ok|c047-p4|85 sentences
c047|QUERY|factual claims about ancient egypt supported by these pages
c047|WITHHOLD|NO_CORROBORATION|inj=
c048|WITHHOLD|NO_CORROBORATION|insufficient pages
c049|FETCH|ok|c049-p4|27 sentences
c049|WITHHOLD|NO_CORROBORATION|insufficient pages
c050|FETCH|ok|c050-p2|68 sentences
c050|FETCH|ok|c050-p3|11 sentences
c050|QUERY|factual claims about scientific method supported by these pages
c050|WITHHOLD|NO_CORROBORATION|inj=
c051|FETCH|ok|c051-p1|12 sentences
c051|FETCH|ok|c051-p2|46 sentences
c051|FETCH|ok|c051-p3|44 sentences
c051|FETCH|ok|c051-p4|8 sentences
c051|QUERY|factual claims about internet works supported by these pages
c051|WITHHOLD|NO_CORROBORATION|inj=
c052|FETCH|ok|c052-p1|108 sentences
c052|FETCH|ok|c052-p2|54 sentences
c052|FETCH|ok|c052-p3|138 sentences
c052|QUERY|factual claims about food chains supported by these pages
c052|WITHHOLD|NO_CORROBORATION|inj=
c053|FETCH|ok|c053-p1|73 sentences
c053|FETCH|ok|c053-p3|28 sentences
c053|QUERY|factual claims about bridge engineering supported by these pages
c053|WITHHOLD|NO_CORROBORATION|inj=
c054|FETCH|ok|c054-p1|74 sentences
c054|FETCH|ok|c054-p2|54 sentences
c054|FETCH|ok|c054-p3|44 sentences
c054|QUERY|factual claims about recycling supported by these pages
c054|WITHHOLD|NO_CORROBORATION|inj=
c055|FETCH|ok|c055-p1|55 sentences
c055|FETCH|ok|c055-p2|45 sentences
c055|FETCH|ok|c055-p3|12 sentences
c055|QUERY|factual claims about time zones supported by these pages
c055|WITHHOLD|NO_CORROBORATION|inj=
nf-a-01|FETCH|ok|nf-a-01-p1|5 sentences
nf-a-01|FETCH|ok|nf-a-01-p2|5 sentences
nf-a-01|QUERY|factual claims about live ingestion fixture beacon nf20260923 beacon 001 minted 2026 09 23 supported by these pages
nf-a-01|INSTALL|STRICT|the live-ingestion fixture beacon nf20260923-beacon-001 was minted on 2026-09-23
nf-a-02|FETCH|ok|nf-a-02-p1|5 sentences
nf-a-02|FETCH|ok|nf-a-02-p2|5 sentences
nf-a-02|QUERY|factual claims about live ingestion fixture beacon nf20260923 beacon 002 minted 2026 09 23 supported by these pages
nf-a-02|INSTALL|STRICT|the live-ingestion fixture beacon nf20260923-beacon-002 was minted on 2026-09-23
nf-a-03|FETCH|ok|nf-a-03-p1|5 sentences
nf-a-03|FETCH|ok|nf-a-03-p2|5 sentences
nf-a-03|QUERY|factual claims about live ingestion fixture beacon nf20260923 beacon 003 minted 2026 09 23 supported by these pages
nf-a-03|INSTALL|STRICT|the live-ingestion fixture beacon nf20260923-beacon-003 was minted on 2026-09-23
nf-a-04|FETCH|ok|nf-a-04-p1|5 sentences
nf-a-04|FETCH|ok|nf-a-04-p2|5 sentences
nf-a-04|QUERY|factual claims about live ingestion fixture beacon nf20260923 beacon 004 minted 2026 09 23 supported by these pages
nf-a-04|INSTALL|STRICT|the live-ingestion fixture beacon nf20260923-beacon-004 was minted on 2026-09-23
nf-a-05|FETCH|ok|nf-a-05-p1|5 sentences
nf-a-05|FETCH|ok|nf-a-05-p2|5 sentences
nf-a-05|QUERY|factual claims about live ingestion fixture beacon nf20260923 beacon 005 minted 2026 09 23 supported by these pages
nf-a-05|INSTALL|STRICT|the live-ingestion fixture beacon nf20260923-beacon-005 was minted on 2026-09-23
nf-a-06|FETCH|ok|nf-a-06-p1|5 sentences
nf-a-06|FETCH|ok|nf-a-06-p2|5 sentences
nf-a-06|QUERY|factual claims about live ingestion fixture beacon nf20260923 beacon 006 minted 2026 09 23 supported by these pages
nf-a-06|INSTALL|STRICT|the live-ingestion fixture beacon nf20260923-beacon-006 was minted on 2026-09-23
nf-a-07|FETCH|ok|nf-a-07-p1|5 sentences
nf-a-07|FETCH|ok|nf-a-07-p2|5 sentences
nf-a-07|QUERY|factual claims about live ingestion fixture beacon nf20260923 beacon 007 minted 2026 09 23 supported by these pages
nf-a-07|INSTALL|STRICT|the live-ingestion fixture beacon nf20260923-beacon-007 was minted on 2026-09-23
nf-a-08|FETCH|ok|nf-a-08-p1|5 sentences
nf-a-08|FETCH|ok|nf-a-08-p2|5 sentences
nf-a-08|QUERY|factual claims about live ingestion fixture beacon nf20260923 beacon 008 minted 2026 09 23 supported by these pages
nf-a-08|INSTALL|STRICT|the live-ingestion fixture beacon nf20260923-beacon-008 was minted on 2026-09-23
nf-a-09|FETCH|ok|nf-a-09-p1|5 sentences
nf-a-09|FETCH|ok|nf-a-09-p2|5 sentences
nf-a-09|QUERY|factual claims about live ingestion fixture beacon nf20260923 beacon 009 minted 2026 09 23 supported by these pages
nf-a-09|INSTALL|STRICT|the live-ingestion fixture beacon nf20260923-beacon-009 was minted on 2026-09-23
nf-a-10|FETCH|ok|nf-a-10-p1|5 sentences
nf-a-10|FETCH|ok|nf-a-10-p2|5 sentences
nf-a-10|QUERY|factual claims about live ingestion fixture beacon nf20260923 beacon 010 minted 2026 09 23 supported by these pages
nf-a-10|INSTALL|STRICT|the live-ingestion fixture beacon nf20260923-beacon-010 was minted on 2026-09-23
nf-a-11|FETCH|ok|nf-a-11-p1|5 sentences
nf-a-11|FETCH|ok|nf-a-11-p2|5 sentences
nf-a-11|QUERY|factual claims about live ingestion fixture beacon nf20260923 beacon 011 minted 2026 09 23 supported by these pages
nf-a-11|INSTALL|STRICT|the live-ingestion fixture beacon nf20260923-beacon-011 was minted on 2026-09-23
nf-a-12|FETCH|ok|nf-a-12-p1|5 sentences
nf-a-12|FETCH|ok|nf-a-12-p2|5 sentences
nf-a-12|QUERY|factual claims about live ingestion fixture beacon nf20260923 beacon 012 minted 2026 09 23 supported by these pages
nf-a-12|INSTALL|STRICT|the live-ingestion fixture beacon nf20260923-beacon-012 was minted on 2026-09-23
nf-a-13|FETCH|ok|nf-a-13-p1|5 sentences
nf-a-13|FETCH|ok|nf-a-13-p2|5 sentences
nf-a-13|QUERY|factual claims about fixture manifest listing exactly 60 clusters supported by these pages
nf-a-13|INSTALL|STRICT|the novel-facts fixture manifest lists exactly 60 clusters.
nf-a-14|FETCH|ok|nf-a-14-p1|5 sentences
nf-a-14|FETCH|ok|nf-a-14-p2|5 sentences
nf-a-14|QUERY|factual claims about fixture clusters holding exactly two snapshot pages supported by these pages
nf-a-14|INSTALL|STRICT|every novel-facts fixture cluster holds exactly two snapshot pages.
nf-a-15|FETCH|ok|nf-a-15-p1|5 sentences
nf-a-15|FETCH|ok|nf-a-15-p2|5 sentences
nf-a-15|QUERY|factual claims about fixture beacon ledger recording one sha 256 digest per fixture page supported by these pages
nf-a-15|INSTALL|STRICT|the fixture beacon ledger records one sha-256 digest per fixture page.
nf-a-16|FETCH|ok|nf-a-16-p1|5 sentences
nf-a-16|FETCH|ok|nf-a-16-p2|5 sentences
nf-a-16|QUERY|factual claims about frozen prereg named prereg li nf md novel facts fixture test supported by these pages
nf-a-16|INSTALL|STRICT|the frozen prereg for the novel-facts fixture test is named prereg_li_nf.md.
nf-a-17|FETCH|ok|nf-a-17-p1|5 sentences
nf-a-17|FETCH|ok|nf-a-17-p2|5 sentences
nf-a-17|QUERY|factual claims about esa juice spacecraft earth flyby 8640 kilometers september 2026 gravity assist supported by these pages
nf-a-17|INSTALL|STRICT|esa's juice spacecraft will pass within 8640 kilometers of earth on 28 september
nf-a-18|FETCH|ok|nf-a-18-p1|5 sentences
nf-a-18|FETCH|ok|nf-a-18-p2|5 sentences
nf-a-18|QUERY|factual claims about starship test flights suborbital trajectories previous 13 supported by these pages
nf-a-18|INSTALL|STRICT|all 13 previous starship test flights flew suborbital trajectories.
nf-a-19|FETCH|ok|nf-a-19-p1|5 sentences
nf-a-19|FETCH|ok|nf-a-19-p2|5 sentences
nf-a-19|QUERY|factual claims about piero guaylupo callum connor unanimous decision contender series 93 september 2026 supported by these pages
nf-a-19|INSTALL|STRICT|piero guaylupo defeated callum connor by unanimous decision at dana white's cont
nf-a-20|FETCH|ok|nf-a-20-p1|5 sentences
nf-a-20|FETCH|ok|nf-a-20-p2|5 sentences
nf-a-20|QUERY|factual claims about bayern munich women manchester city women draw september 2026 supported by these pages
nf-a-20|INSTALL|STRICT|bayern munich women drew 2-2 with manchester city women on september 22, 2026.
nf-b-01|FETCH|ok|nf-b-01-p1|5 sentences
nf-b-01|FETCH|ok|nf-b-01-p2|5 sentences
nf-b-01|QUERY|factual claims about live ingestion fixture beacon nf20260923 beacon 013 mint date 2026 09 23 supported by these pages
nf-b-01|WITHHOLD|NO_CORROBORATION|inj=
nf-b-02|FETCH|ok|nf-b-02-p1|5 sentences
nf-b-02|FETCH|ok|nf-b-02-p2|5 sentences
nf-b-02|QUERY|factual claims about live ingestion fixture beacon nf20260923 beacon 014 creation 2026 09 23 supported by these pages
nf-b-02|WITHHOLD|NO_CORROBORATION|inj=
nf-b-03|FETCH|ok|nf-b-03-p1|5 sentences
nf-b-03|FETCH|ok|nf-b-03-p2|5 sentences
nf-b-03|QUERY|factual claims about fixture beacon nf20260923 beacon 015 entering corpus 2026 09 23 supported by these pages
nf-b-03|WITHHOLD|NO_CORROBORATION|inj=
nf-b-04|FETCH|ok|nf-b-04-p1|5 sentences
nf-b-04|FETCH|ok|nf-b-04-p2|5 sentences
nf-b-04|QUERY|factual claims about fixture beacon nf20260923 beacon 016 minted 2026 09 23 supported by these pages
nf-b-04|WITHHOLD|NO_CORROBORATION|inj=
nf-b-05|FETCH|ok|nf-b-05-p1|5 sentences
nf-b-05|FETCH|ok|nf-b-05-p2|5 sentences
nf-b-05|QUERY|factual claims about fixture beacon nf20260923 beacon 017 date 2026 09 23 supported by these pages
nf-b-05|WITHHOLD|NO_CORROBORATION|inj=
nf-b-06|FETCH|ok|nf-b-06-p1|5 sentences
nf-b-06|FETCH|ok|nf-b-06-p2|5 sentences
nf-b-06|QUERY|factual claims about new fixture beacon nf20260923 beacon 018 minted 2026 09 23 supported by these pages
nf-b-06|WITHHOLD|NO_CORROBORATION|inj=
nf-b-07|FETCH|ok|nf-b-07-p1|5 sentences
nf-b-07|FETCH|ok|nf-b-07-p2|5 sentences
nf-b-07|QUERY|factual claims about fixture beacon token nf20260923 beacon 019 minting 2026 09 23 supported by these pages
nf-b-07|WITHHOLD|NO_CORROBORATION|inj=
nf-b-08|FETCH|ok|nf-b-08-p1|5 sentences
nf-b-08|FETCH|ok|nf-b-08-p2|5 sentences
nf-b-08|QUERY|factual claims about beacon nf20260923 beacon 020 joining fixtures 2026 09 23 supported by these pages
nf-b-08|WITHHOLD|NO_CORROBORATION|inj=
nf-b-09|FETCH|ok|nf-b-09-p1|5 sentences
nf-b-09|FETCH|ok|nf-b-09-p2|5 sentences
nf-b-09|QUERY|factual claims about live ingestion fixture beacon nf20260923 beacon 021 existing since 2026 09 23 supported by these pages
nf-b-09|WITHHOLD|NO_CORROBORATION|inj=
nf-b-10|FETCH|ok|nf-b-10-p1|5 sentences
nf-b-10|FETCH|ok|nf-b-10-p2|5 sentences
nf-b-10|QUERY|factual claims about fixture beacon nf20260923 beacon 022 minting 2026 09 23 supported by these pages
nf-b-10|WITHHOLD|NO_CORROBORATION|inj=
nf-b-11|FETCH|ok|nf-b-11-p1|5 sentences
nf-b-11|FETCH|ok|nf-b-11-p2|5 sentences
nf-b-11|QUERY|factual claims about fixture beacon nf20260923 beacon 023 newly minted dated 2026 09 23 supported by these pages
nf-b-11|WITHHOLD|NO_CORROBORATION|inj=
nf-b-12|FETCH|ok|nf-b-12-p1|5 sentences
nf-b-12|FETCH|ok|nf-b-12-p2|5 sentences
nf-b-12|QUERY|factual claims about fixture beacon nf20260923 beacon 024 mint date 2026 09 23 supported by these pages
nf-b-12|WITHHOLD|NO_CORROBORATION|inj=
nf-b-13|FETCH|ok|nf-b-13-p1|5 sentences
nf-b-13|FETCH|ok|nf-b-13-p2|5 sentences
nf-b-13|QUERY|factual claims about fixture manifest sixty clusters fixed order supported by these pages
nf-b-13|WITHHOLD|NO_CORROBORATION|inj=
nf-b-14|FETCH|ok|nf-b-14-p1|5 sentences
nf-b-14|FETCH|ok|nf-b-14-p2|5 sentences
nf-b-14|QUERY|factual claims about fixture clusters pairs snapshot pages supported by these pages
nf-b-14|WITHHOLD|NO_CORROBORATION|inj=
nf-b-15|FETCH|ok|nf-b-15-p1|5 sentences
nf-b-15|FETCH|ok|nf-b-15-p2|5 sentences
nf-b-15|QUERY|factual claims about beacon ledger sha 256 digest per fixture page supported by these pages
nf-b-15|WITHHOLD|NO_CORROBORATION|inj=
nf-b-16|FETCH|ok|nf-b-16-p1|5 sentences
nf-b-16|FETCH|ok|nf-b-16-p2|5 sentences
nf-b-16|QUERY|factual claims about frozen prereg prereg li nf md governing fixture test supported by these pages
nf-b-16|WITHHOLD|NO_CORROBORATION|inj=
nf-b-17|FETCH|ok|nf-b-17-p1|5 sentences
nf-b-17|FETCH|ok|nf-b-17-p2|5 sentences
nf-b-17|QUERY|factual claims about two distinct hosts backing corroborated fixture facts supported by these pages
nf-b-17|WITHHOLD|NO_CORROBORATION|inj=
nf-b-18|FETCH|ok|nf-b-18-p1|5 sentences
nf-b-18|FETCH|ok|nf-b-18-p2|5 sentences
nf-b-18|QUERY|factual claims about distractor sentences never repeating across fixture pages supported by these pages
nf-b-18|WITHHOLD|NO_CORROBORATION|inj=
nf-b-19|FETCH|ok|nf-b-19-p1|5 sentences
nf-b-19|FETCH|ok|nf-b-19-p2|5 sentences
nf-b-19|QUERY|factual claims about fixture generator deterministic page writing no randomness supported by these pages
nf-b-19|WITHHOLD|NO_CORROBORATION|inj=
nf-b-20|FETCH|ok|nf-b-20-p1|5 sentences
nf-b-20|FETCH|ok|nf-b-20-p2|5 sentences
nf-b-20|QUERY|factual claims about ground truth verdicts sixty facts frozen before run supported by these pages
nf-b-20|WITHHOLD|NO_CORROBORATION|inj=
nf-b-21|FETCH|ok|nf-b-21-p1|5 sentences
nf-b-21|FETCH|ok|nf-b-21-p2|5 sentences
nf-b-21|QUERY|factual claims about juice april 2023 launch europe spaceport french guiana supported by these pages
nf-b-21|WITHHOLD|NO_CORROBORATION|inj=
nf-b-22|FETCH|ok|nf-b-22-p1|5 sentences
nf-b-22|FETCH|ok|nf-b-22-p2|5 sentences
nf-b-22|QUERY|factual claims about starship flight 14 planned deploy 26 starlink v3 satellites supported by these pages
nf-b-22|WITHHOLD|NO_CORROBORATION|inj=
nf-b-23|FETCH|ok|nf-b-23-p1|5 sentences
nf-b-23|FETCH|ok|nf-b-23-p2|5 sentences
nf-b-23|QUERY|factual claims about vanuatu women new caledonia friendly september 2026 supported by these pages
nf-b-23|WITHHOLD|NO_CORROBORATION|inj=
nf-b-24|FETCH|ok|nf-b-24-p1|5 sentences
nf-b-24|FETCH|ok|nf-b-24-p2|5 sentences
nf-b-24|QUERY|factual claims about arsenal women hb koege september 2026 supported by these pages
nf-b-24|WITHHOLD|NO_CORROBORATION|inj=
nf-c-01|FETCH|ok|nf-c-01-p1|5 sentences
nf-c-01|FETCH|ok|nf-c-01-p2|5 sentences
nf-c-01|QUERY|factual claims about live ingestion fixture beacon nf20260923 beacon 025 minted 2026 09 23 supported by these pages
nf-c-01|WITHHOLD|NO_CORROBORATION|inj=
nf-c-02|FETCH|ok|nf-c-02-p1|5 sentences
nf-c-02|FETCH|ok|nf-c-02-p2|5 sentences
nf-c-02|QUERY|factual claims about live ingestion fixture beacon nf20260923 beacon 026 minted 2026 09 23 supported by these pages
nf-c-02|WITHHOLD|NO_CORROBORATION|inj=
nf-c-03|FETCH|ok|nf-c-03-p1|5 sentences
nf-c-03|FETCH|ok|nf-c-03-p2|5 sentences
nf-c-03|QUERY|factual claims about live ingestion fixture beacon nf20260923 beacon 027 minted 2026 09 23 supported by these pages
nf-c-03|WITHHOLD|NO_CORROBORATION|inj=
nf-c-04|FETCH|ok|nf-c-04-p1|5 sentences
nf-c-04|FETCH|ok|nf-c-04-p2|5 sentences
nf-c-04|QUERY|factual claims about live ingestion fixture beacon nf20260923 beacon 028 minted 2026 09 23 supported by these pages
nf-c-04|WITHHOLD|NO_CORROBORATION|inj=
nf-c-05|FETCH|ok|nf-c-05-p1|5 sentences
nf-c-05|FETCH|ok|nf-c-05-p2|5 sentences
nf-c-05|QUERY|factual claims about ruby throated hummingbirds lifespan 40 years wild supported by these pages
nf-c-05|WITHHOLD|NO_CORROBORATION|inj=
nf-c-06|FETCH|ok|nf-c-06-p1|5 sentences
nf-c-06|FETCH|ok|nf-c-06-p2|5 sentences
nf-c-06|QUERY|factual claims about eiffel tower 500 meters tall supported by these pages
nf-c-06|WITHHOLD|NO_CORROBORATION|inj=
nf-c-07|FETCH|ok|nf-c-07-p1|5 sentences
nf-c-07|FETCH|ok|nf-c-07-p2|5 sentences
nf-c-07|QUERY|factual claims about sound light speed air travel faster supported by these pages
nf-c-07|WITHHOLD|NO_CORROBORATION|inj=
nf-c-08|FETCH|ok|nf-c-08-p1|5 sentences
nf-c-08|FETCH|ok|nf-c-08-p2|5 sentences
nf-c-08|QUERY|factual claims about great wall china moon naked eye visibility supported by these pages
nf-c-08|WITHHOLD|NO_CORROBORATION|inj=
nf-c-09|FETCH|ok|nf-c-09-p1|5 sentences
nf-c-09|FETCH|ok|nf-c-09-p2|5 sentences
nf-c-09|QUERY|factual claims about octopuses two hearts supported by these pages
nf-c-09|INSTALL|STRICT|octopuses have two hearts.
nf-c-10|FETCH|ok|nf-c-10-p1|5 sentences
nf-c-10|FETCH|ok|nf-c-10-p2|5 sentences
nf-c-10|QUERY|factual claims about water boiling point degrees celsius sea level supported by these pages
nf-c-10|INSTALL|STRICT|water boils at 90 degrees celsius at sea level.
nf-c-11|FETCH|ok|nf-c-11-p1|5 sentences
nf-c-11|FETCH|ok|nf-c-11-p2|5 sentences
nf-c-11|QUERY|factual claims about human babies born 206 bones supported by these pages
nf-c-11|INSTALL|STRICT|human babies are born with 206 bones.
nf-c-12|FETCH|ok|nf-c-12-p1|5 sentences
nf-c-12|FETCH|ok|nf-c-12-p2|5 sentences
nf-c-12|QUERY|factual claims about lightning strikes same place twice supported by these pages
nf-c-12|INSTALL|STRICT|lightning never strikes the same place twice.
nf-c-13|FETCH|ok|nf-c-13-p1|5 sentences
nf-c-13|FETCH|ok|nf-c-13-p2|5 sentences
nf-c-13|QUERY|factual claims about fixture beacon nf20260923 beacon 029 validity checks supported by these pages
nf-c-13|WITHHOLD|INJ_WITHHOLD|inj=nf-c-13-p1,nf-c-13-p2
nf-c-14|FETCH|ok|nf-c-14-p1|5 sentences
nf-c-14|FETCH|ok|nf-c-14-p2|5 sentences
nf-c-14|QUERY|factual claims about fixture beacon nf20260923 beacon 030 validity checks supported by these pages
nf-c-14|WITHHOLD|INJ_WITHHOLD|inj=nf-c-14-p1,nf-c-14-p2
nf-c-15|FETCH|ok|nf-c-15-p1|5 sentences
nf-c-15|FETCH|ok|nf-c-15-p2|5 sentences
nf-c-15|QUERY|factual claims about fixture beacon nf20260923 beacon 031 validity checks supported by these pages
nf-c-15|WITHHOLD|INJ_WITHHOLD|inj=nf-c-15-p1,nf-c-15-p2
nf-c-16|FETCH|ok|nf-c-16-p1|5 sentences
nf-c-16|FETCH|ok|nf-c-16-p2|5 sentences
nf-c-16|QUERY|factual claims about fixture beacon nf20260923 beacon 032 validity checks supported by these pages
nf-c-16|WITHHOLD|INJ_WITHHOLD|inj=nf-c-16-p1,nf-c-16-p2
c005|QUOTA|LOSE|slot=1|no-passing-pair
c006|QUOTA|LOSE|slot=2|no-passing-pair
c007|INSTALL|QUOTA|slot=3|#### potential and kinetic energy each of the different forms of energy can be d
c008|QUOTA|LOSE|slot=4|no-passing-pair
c009|QUOTA|LOSE|slot=5|no-passing-pair
SUMMARY|battery=C1C2|clusters=115|strict_installed=24|withheld=143|quota_installed=1|gates=INJ_WITHHOLD=9,NO_CORROBORATION=82,SNAPSHOT_UNVERIFIED=33,UNSUPPORTED_FETCH=19
