CMP|bh-01
ANSWER|UNCHECKABLE
UNCHECKED|bh-01-p1
CMP|bh-02
ANSWER|UNCHECKABLE
UNCHECKED|bh-02-p1
CMP|bh-03
ANSWER|UNCHECKABLE
UNCHECKED|bh-03-p1
CMP|bh-04
ANSWER|UNCHECKABLE
UNCHECKED|bh-04-p1
CMP|bh-05
ANSWER|UNCHECKABLE
UNCHECKED|bh-05-p1
CMP|bh-06
ANSWER|UNCHECKABLE
UNCHECKED|bh-06-p1
CMP|bs-01
ANSWER|UNCHECKABLE
UNCHECKED|bs-01-p1
CMP|bs-02
ANSWER|UNCHECKABLE
UNCHECKED|bs-02-p1
CMP|bs-03
ANSWER|UNCHECKABLE
UNCHECKED|bs-03-p1
CMP|bs-04
ANSWER|UNCHECKABLE
UNCHECKED|bs-04-p1
CMP|bs-05
ANSWER|UNCHECKABLE
UNCHECKED|bs-05-p1
CMP|bs-06
ANSWER|UNCHECKABLE
UNCHECKED|bs-06-p1
