Research/R33_NATIVE_N12_NUMERIC_VIEWS/ADMISSION.json: OK
Research/R33_NATIVE_N12_NUMERIC_VIEWS/AUTHORING_BUILD_01/R33_NATIVE_IO_V1.zag: OK
Research/R33_NATIVE_N12_NUMERIC_VIEWS/AUTHORING_BUILD_01/R33_NATIVE_PROCESS_V3.zag: OK
Research/R33_NATIVE_N12_NUMERIC_VIEWS/AUTHORING_BUILD_01/R33_NATIVE_SHA256_V2.zag: OK
Research/R33_NATIVE_N12_NUMERIC_VIEWS/AUTHORING_BUILD_01/binding.zag: OK
Research/R33_NATIVE_N12_NUMERIC_VIEWS/AUTHORING_BUILD_01/compile.stderr: OK
Research/R33_NATIVE_N12_NUMERIC_VIEWS/AUTHORING_BUILD_01/compile.stdout: OK
Research/R33_NATIVE_N12_NUMERIC_VIEWS/AUTHORING_BUILD_01/driver.zag: OK
Research/R33_NATIVE_N12_NUMERIC_VIEWS/AUTHORING_BUILD_01/inert.zag: OK
Research/R33_NATIVE_N12_NUMERIC_VIEWS/AUTHORING_BUILD_01/mapio.zag: OK
Research/R33_NATIVE_N12_NUMERIC_VIEWS/AUTHORING_BUILD_01/views.zag: OK
Research/R33_NATIVE_N12_NUMERIC_VIEWS/AUTHORING_BUILD_02/R33_NATIVE_IO_V1.zag: OK
Research/R33_NATIVE_N12_NUMERIC_VIEWS/AUTHORING_BUILD_02/R33_NATIVE_PROCESS_V3.zag: OK
Research/R33_NATIVE_N12_NUMERIC_VIEWS/AUTHORING_BUILD_02/R33_NATIVE_SHA256_V2.zag: OK
Research/R33_NATIVE_N12_NUMERIC_VIEWS/AUTHORING_BUILD_02/binding.zag: OK
Research/R33_NATIVE_N12_NUMERIC_VIEWS/AUTHORING_BUILD_02/compile.stderr: OK
Research/R33_NATIVE_N12_NUMERIC_VIEWS/AUTHORING_BUILD_02/compile.stdout: OK
Research/R33_NATIVE_N12_NUMERIC_VIEWS/AUTHORING_BUILD_02/driver.zag: OK
Research/R33_NATIVE_N12_NUMERIC_VIEWS/AUTHORING_BUILD_02/inert.zag: OK
Research/R33_NATIVE_N12_NUMERIC_VIEWS/AUTHORING_BUILD_02/mapio.zag: OK
Research/R33_NATIVE_N12_NUMERIC_VIEWS/AUTHORING_BUILD_02/n12: OK
Research/R33_NATIVE_N12_NUMERIC_VIEWS/AUTHORING_BUILD_02/views.zag: OK
Research/R33_NATIVE_N12_NUMERIC_VIEWS/AUTHORING_INITIAL_V1/views.zag: OK
Research/R33_NATIVE_N12_NUMERIC_VIEWS/BUILD_01/R33_NATIVE_IO_V1.zag: OK
Research/R33_NATIVE_N12_NUMERIC_VIEWS/BUILD_01/R33_NATIVE_PROCESS_V3.zag: OK
Research/R33_NATIVE_N12_NUMERIC_VIEWS/BUILD_01/R33_NATIVE_SHA256_V2.zag: OK
Research/R33_NATIVE_N12_NUMERIC_VIEWS/BUILD_01/binding.zag: OK
Research/R33_NATIVE_N12_NUMERIC_VIEWS/BUILD_01/compile.stderr: OK
Research/R33_NATIVE_N12_NUMERIC_VIEWS/BUILD_01/compile.stdout: OK
Research/R33_NATIVE_N12_NUMERIC_VIEWS/BUILD_01/driver.zag: OK
Research/R33_NATIVE_N12_NUMERIC_VIEWS/BUILD_01/inert.zag: OK
Research/R33_NATIVE_N12_NUMERIC_VIEWS/BUILD_01/mapio.zag: OK
Research/R33_NATIVE_N12_NUMERIC_VIEWS/BUILD_01/n12: OK
Research/R33_NATIVE_N12_NUMERIC_VIEWS/BUILD_01/views.zag: OK
Research/R33_NATIVE_N12_NUMERIC_VIEWS/BUILD_02/R33_NATIVE_IO_V1.zag: OK
Research/R33_NATIVE_N12_NUMERIC_VIEWS/BUILD_02/R33_NATIVE_PROCESS_V3.zag: OK
Research/R33_NATIVE_N12_NUMERIC_VIEWS/BUILD_02/R33_NATIVE_SHA256_V2.zag: OK
Research/R33_NATIVE_N12_NUMERIC_VIEWS/BUILD_02/binding.zag: OK
Research/R33_NATIVE_N12_NUMERIC_VIEWS/BUILD_02/compile.stderr: OK
Research/R33_NATIVE_N12_NUMERIC_VIEWS/BUILD_02/compile.stdout: OK
Research/R33_NATIVE_N12_NUMERIC_VIEWS/BUILD_02/driver.zag: OK
Research/R33_NATIVE_N12_NUMERIC_VIEWS/BUILD_02/inert.zag: OK
Research/R33_NATIVE_N12_NUMERIC_VIEWS/BUILD_02/mapio.zag: OK
Research/R33_NATIVE_N12_NUMERIC_VIEWS/BUILD_02/n12: OK
Research/R33_NATIVE_N12_NUMERIC_VIEWS/BUILD_02/views.zag: OK
Research/R33_NATIVE_N12_NUMERIC_VIEWS/BUILD_03/R33_NATIVE_IO_V1.zag: OK
Research/R33_NATIVE_N12_NUMERIC_VIEWS/BUILD_03/R33_NATIVE_PROCESS_V3.zag: OK
Research/R33_NATIVE_N12_NUMERIC_VIEWS/BUILD_03/R33_NATIVE_SHA256_V2.zag: OK
Research/R33_NATIVE_N12_NUMERIC_VIEWS/BUILD_03/binding.zag: OK
Research/R33_NATIVE_N12_NUMERIC_VIEWS/BUILD_03/compile.stderr: OK
Research/R33_NATIVE_N12_NUMERIC_VIEWS/BUILD_03/compile.stdout: OK
Research/R33_NATIVE_N12_NUMERIC_VIEWS/BUILD_03/driver.zag: OK
Research/R33_NATIVE_N12_NUMERIC_VIEWS/BUILD_03/inert.zag: OK
Research/R33_NATIVE_N12_NUMERIC_VIEWS/BUILD_03/mapio.zag: OK
Research/R33_NATIVE_N12_NUMERIC_VIEWS/BUILD_03/n12: OK
Research/R33_NATIVE_N12_NUMERIC_VIEWS/BUILD_03/views.zag: OK
Research/R33_NATIVE_N12_NUMERIC_VIEWS/BUILD_04/R33_NATIVE_IO_V1.zag: OK
Research/R33_NATIVE_N12_NUMERIC_VIEWS/BUILD_04/R33_NATIVE_PROCESS_V3.zag: OK
Research/R33_NATIVE_N12_NUMERIC_VIEWS/BUILD_04/R33_NATIVE_SHA256_V2.zag: OK
Research/R33_NATIVE_N12_NUMERIC_VIEWS/BUILD_04/binding.zag: OK
Research/R33_NATIVE_N12_NUMERIC_VIEWS/BUILD_04/compile.stderr: OK
Research/R33_NATIVE_N12_NUMERIC_VIEWS/BUILD_04/compile.stdout: OK
Research/R33_NATIVE_N12_NUMERIC_VIEWS/BUILD_04/driver.zag: OK
Research/R33_NATIVE_N12_NUMERIC_VIEWS/BUILD_04/inert.zag: OK
Research/R33_NATIVE_N12_NUMERIC_VIEWS/BUILD_04/mapio.zag: OK
Research/R33_NATIVE_N12_NUMERIC_VIEWS/BUILD_04/n12: OK
Research/R33_NATIVE_N12_NUMERIC_VIEWS/BUILD_04/views.zag: OK
Research/R33_NATIVE_N12_NUMERIC_VIEWS/BUILD_AND_REVIEW_HISTORY.md: OK
Research/R33_NATIVE_N12_NUMERIC_VIEWS/CONFIG.json: OK
Research/R33_NATIVE_N12_NUMERIC_VIEWS/DESIGN.md: OK
Research/R33_NATIVE_N12_NUMERIC_VIEWS/FREEZE.json: OK
Research/R33_NATIVE_N12_NUMERIC_VIEWS/INDEPENDENT_FINAL_REVIEW.md: OK
Research/R33_NATIVE_N12_NUMERIC_VIEWS/INDEPENDENT_FINAL_REVIEW_V2.md: OK
Research/R33_NATIVE_N12_NUMERIC_VIEWS/INDEPENDENT_REVIEW_DRAFT.md: OK
Research/R33_NATIVE_N12_NUMERIC_VIEWS/POSTRUN_INDEPENDENT_REVIEW.md: OK
Research/R33_NATIVE_N12_NUMERIC_VIEWS/PREPARATION_V1/n10-integrity.txt: OK
Research/R33_NATIVE_N12_NUMERIC_VIEWS/PREPARATION_V1/n11-integrity.txt: OK
Research/R33_NATIVE_N12_NUMERIC_VIEWS/PREPARATION_V1/n11-pins.txt: OK
Research/R33_NATIVE_N12_NUMERIC_VIEWS/PREPARATION_V2/n10-integrity.txt: OK
Research/R33_NATIVE_N12_NUMERIC_VIEWS/PREPARATION_V2/n11-integrity.txt: OK
Research/R33_NATIVE_N12_NUMERIC_VIEWS/PREPARATION_V2/n11-pins.txt: OK
Research/R33_NATIVE_N12_NUMERIC_VIEWS/PREREGISTRATION.md: OK
Research/R33_NATIVE_N12_NUMERIC_VIEWS/PREREVIEW_V1/CONFIG.json: OK
Research/R33_NATIVE_N12_NUMERIC_VIEWS/PREREVIEW_V1/DESIGN.md: OK
Research/R33_NATIVE_N12_NUMERIC_VIEWS/PREREVIEW_V1/INDEPENDENT_FINAL_REVIEW.md: OK
Research/R33_NATIVE_N12_NUMERIC_VIEWS/PREREVIEW_V1/driver.zag: OK
Research/R33_NATIVE_N12_NUMERIC_VIEWS/PREREVIEW_V1/views.zag: OK
Research/R33_NATIVE_N12_NUMERIC_VIEWS/REFERENCES/numpy_v2_3_5_descriptor.c.txt: OK
Research/R33_NATIVE_N12_NUMERIC_VIEWS/REFERENCES/numpy_v2_3_5_numeric.py.txt: OK
Research/R33_NATIVE_N12_NUMERIC_VIEWS/RESERVATION.json: OK
Research/R33_NATIVE_N12_NUMERIC_VIEWS/driver.zag: OK
Research/R33_NATIVE_N12_NUMERIC_VIEWS/views.zag: OK
Research/R33_NATIVE_N12_RUN_PRIMARY_V1/NATIVE_RESULT.json: OK
Research/R33_NATIVE_N12_RUN_PRIMARY_V1/invalid.stderr: OK
Research/R33_NATIVE_N12_RUN_PRIMARY_V1/invalid.stdout: OK
Research/R33_NATIVE_N12_RUN_PRIMARY_V1/inventory-replay.stderr: OK
Research/R33_NATIVE_N12_RUN_PRIMARY_V1/inventory-replay.stdout: OK
Research/R33_NATIVE_N12_RUN_PRIMARY_V1/inventory-write.stderr: OK
Research/R33_NATIVE_N12_RUN_PRIMARY_V1/inventory-write.stdout: OK
Research/R33_NATIVE_N12_RUN_PRIMARY_V1/matrix.stderr: OK
Research/R33_NATIVE_N12_RUN_PRIMARY_V1/matrix.stdout: OK
Research/R33_NATIVE_N12_RUN_PRIMARY_V1/numeric-manifest.bin: OK
Research/R33_NATIVE_N12_RUN_PRIMARY_V1/numeric-page-1.bin: OK
Research/R33_NATIVE_N12_RUN_PRIMARY_V1/numeric-page-10.bin: OK
Research/R33_NATIVE_N12_RUN_PRIMARY_V1/numeric-page-11.bin: OK
Research/R33_NATIVE_N12_RUN_PRIMARY_V1/numeric-page-12.bin: OK
Research/R33_NATIVE_N12_RUN_PRIMARY_V1/numeric-page-13.bin: OK
Research/R33_NATIVE_N12_RUN_PRIMARY_V1/numeric-page-14.bin: OK
Research/R33_NATIVE_N12_RUN_PRIMARY_V1/numeric-page-15.bin: OK
Research/R33_NATIVE_N12_RUN_PRIMARY_V1/numeric-page-16.bin: OK
Research/R33_NATIVE_N12_RUN_PRIMARY_V1/numeric-page-17.bin: OK
Research/R33_NATIVE_N12_RUN_PRIMARY_V1/numeric-page-18.bin: OK
Research/R33_NATIVE_N12_RUN_PRIMARY_V1/numeric-page-2.bin: OK
Research/R33_NATIVE_N12_RUN_PRIMARY_V1/numeric-page-3.bin: OK
Research/R33_NATIVE_N12_RUN_PRIMARY_V1/numeric-page-4.bin: OK
Research/R33_NATIVE_N12_RUN_PRIMARY_V1/numeric-page-5.bin: OK
Research/R33_NATIVE_N12_RUN_PRIMARY_V1/numeric-page-6.bin: OK
Research/R33_NATIVE_N12_RUN_PRIMARY_V1/numeric-page-7.bin: OK
Research/R33_NATIVE_N12_RUN_PRIMARY_V1/numeric-page-8.bin: OK
Research/R33_NATIVE_N12_RUN_PRIMARY_V1/numeric-page-9.bin: OK
Research/R33_NATIVE_N12_RUN_PRIMARY_V1/refusals.stderr: OK
Research/R33_NATIVE_N12_RUN_PRIMARY_V1/refusals.stdout: OK
Research/R33_NATIVE_N12_RESULT.md: OK
Research/R33_NATIVE_N12_LAUNCH.stdout: OK
Research/R33_NATIVE_N12_LAUNCH.host.stderr: OK
Research/R33_NATIVE_N12_LAUNCH_RESULT.json: OK
Research/R33_NATIVE_N12_PINS.sha256: OK
Research/R33_NATIVE_N12_PREFLIGHT_PINS.txt: OK
Research/R33_NATIVE_N12_DISPATCH_PINS.txt: OK
Research/R33_NATIVE_N12_ADMISSION_PINS.sha256: OK
Research/R33_NATIVE_N12_POSTRUN_PINS.txt: OK
Research/R33_NATIVE_N12_POSTRUN_ADMISSION_PINS.txt: OK
Research/R33_NATIVE_N12_POSTRUN_N10.txt: OK
Research/R33_NATIVE_N12_POSTRUN_N11.txt: OK
Research/R33_PARENT_SOURCE_RECOVERY_N12_LEADS.md: OK
Research/R33_PARENT_SOURCE_RELEASE_LEADS.json: OK
Research/R33_PARENT_SOURCE_ARCHIVE_CANDIDATES_20260906.txt: OK
Research/R33_PARENT_SOURCE_ARCHIVE_CANDIDATE_HASHES_20260906.sha256: OK
