ST_CELL,T,N0,2,2,S1,500
ST_TARGET,2,2
ST_QUORUM,0,0,0,0
ST_QUORUM,50,0,0,0
ST_QUORUM,100,0,0,0
ST_QUORUM,150,0,0,0
ST_QUORUM,200,0,0,0
ST_QUORUM,250,0,0,0
ST_QUORUM,300,0,0,0
ST_QUORUM,350,0,0,0
ST_QUORUM,400,0,0,0
ST_QUORUM,450,0,0,0
ST_QUORUM,499,0,0,0
ST_CHECK,refusals,0
ST_CHECK,replay,0
ST_CHECK,provenance,0
ST_SRR,2,0,0
ST_SRR,8,0,0
ST_FCR,0,0
ST_TAXONOMY,2,GENUINE_REVISED
ST_TAXONOMY,8,BLIND
ST_TTD_COLLUSION,-1
ST_FREEZE,2,0,0
ST_RECOVERY,-1
ST_REV_LATENCY,3
ST_DENIAL,0
ST_GENUINE_FLAGGED,1
ST_A6_MAXSTR,-1
ST_GATE_REFUSED,10
ST_B_SUSPECT,0
ST_STR_REFUSED,0
ST_FP,0,43618e213889d6d46ea895e96b36a598408cc559a7dadd70564419e337d16e1f,5502721
ST_DONE
