R0_PROBE,site=INIT,fails=0
R0_PROBE,site=LEDGER,fails=0
R0_PROBE,site=PROPOSE,fails=0
R0_PROBE,site=PROMOTE,fails=0
R0_PROBE,site=SPLIT,fails=0
R0_PROBE,site=MERGE,fails=0
R0_PROBE,site=RECRUIT,fails=0
R0_PROBE,site=PAIR,fails=0
R0_PROBE,site=SMOKE_LABSET,fails=0
R0_PROBE,total_fails=0
SG_BATTERY,leg=0
SG_ROW,0,1,0,-1,1,1
SG_ROW,0,1,1,-1,1,1
SG_ROW,0,1,2,-1,1,1
SG_ROW,0,1,3,-1,1,1
SG_ROW,0,1,4,-1,1,1
SG_ROW,0,1,5,-1,1,1
SG_ROW,0,1,6,-1,1,1
SG_ROW,0,1,7,-1,1,1
SG_ROW,0,2,0,-1,1,1
SG_ROW,0,2,1,-1,1,1
SG_ROW,0,2,2,-1,1,1
SG_ROW,0,2,3,-1,1,1
SG_ROW,0,2,4,-1,1,1
SG_ROW,0,2,5,-1,1,1
SG_ROW,0,2,6,-1,1,1
SG_ROW,0,2,7,-1,1,1
SG_ROW,0,3,0,2,0,1
SG_ROW,0,3,1,2,0,1
SG_ROW,0,3,2,2,0,1
SG_ROW,0,3,3,2,0,1
SG_ROW,0,3,4,2,0,1
SG_ROW,0,3,5,2,0,1
SG_ROW,0,3,6,2,0,1
SG_ROW,0,3,7,2,0,1
SG_ROW,0,4,0,2,0,1
SG_ROW,0,4,1,2,0,1
SG_ROW,0,4,2,2,0,1
SG_ROW,0,4,3,2,0,1
SG_ROW,0,4,4,2,0,1
SG_ROW,0,4,5,2,0,1
SG_ROW,0,4,6,2,0,1
SG_ROW,0,4,7,2,0,1
SG_ROW,0,5,0,2,0,1
SG_ROW,0,5,1,2,0,1
SG_ROW,0,5,2,2,0,1
SG_ROW,0,5,3,2,0,1
SG_ROW,0,5,4,2,0,1
SG_ROW,0,5,5,2,0,1
SG_ROW,0,5,6,2,0,1
SG_ROW,0,5,7,2,0,1
SG_ROW,0,6,0,2,0,1
SG_ROW,0,6,1,2,0,1
SG_ROW,0,6,2,2,0,1
SG_ROW,0,6,3,2,0,1
SG_ROW,0,6,4,2,0,1
SG_ROW,0,6,5,2,0,1
SG_ROW,0,6,6,2,0,1
SG_ROW,0,6,7,2,0,1
SG_ROW,0,7,0,2,0,1
SG_ROW,0,7,1,2,0,1
SG_ROW,0,7,2,2,0,1
SG_ROW,0,7,3,2,0,1
SG_ROW,0,7,4,2,0,1
SG_ROW,0,7,5,2,0,1
SG_ROW,0,7,6,2,0,1
SG_ROW,0,7,7,2,0,1
SG_ROW,0,8,0,2,0,1
SG_ROW,0,8,1,2,0,1
SG_ROW,0,8,2,2,0,1
SG_ROW,0,8,3,2,0,1
SG_ROW,0,8,4,2,0,1
SG_ROW,0,8,5,2,0,1
SG_ROW,0,8,6,2,0,1
SG_ROW,0,8,7,2,0,1
SG_ROW,0,9,0,2,0,1
SG_ROW,0,9,1,2,0,1
SG_ROW,0,9,2,2,0,1
SG_ROW,0,9,3,2,0,1
SG_ROW,0,9,4,2,0,1
SG_ROW,0,9,5,2,0,1
SG_ROW,0,9,6,2,0,1
SG_ROW,0,9,7,2,0,1
SG_ROW,0,10,0,2,0,1
SG_ROW,0,10,1,2,0,1
SG_ROW,0,10,2,2,0,1
SG_ROW,0,10,3,2,0,1
SG_ROW,0,10,4,2,0,1
SG_ROW,0,10,5,2,0,1
SG_ROW,0,10,6,2,0,1
SG_ROW,0,10,7,2,0,1
SG_ROW,0,11,0,2,0,1
SG_ROW,0,11,1,2,0,1
SG_ROW,0,11,2,2,0,1
SG_ROW,0,11,3,2,0,1
SG_ROW,0,11,4,2,0,1
SG_ROW,0,11,5,2,0,1
SG_ROW,0,11,6,2,0,1
SG_ROW,0,11,7,2,0,1
SG_ROW,0,12,0,2,0,1
SG_ROW,0,12,1,2,0,1
SG_ROW,0,12,2,2,0,1
SG_ROW,0,12,3,2,0,1
SG_ROW,0,12,4,2,0,1
SG_ROW,0,12,5,2,0,1
SG_ROW,0,12,6,2,0,1
SG_ROW,0,12,7,2,0,1
SG_ROW,0,13,0,2,0,1
SG_ROW,0,13,1,2,0,1
SG_ROW,0,13,2,2,0,1
SG_ROW,0,13,3,2,0,1
SG_ROW,0,13,4,2,0,1
SG_ROW,0,13,5,2,0,1
SG_ROW,0,13,6,2,0,1
SG_ROW,0,13,7,2,0,1
SG_ROW,0,14,0,2,0,1
SG_ROW,0,14,1,2,0,1
SG_ROW,0,14,2,2,0,1
SG_ROW,0,14,3,2,0,1
SG_ROW,0,14,4,2,0,1
SG_ROW,0,14,5,2,0,1
SG_ROW,0,14,6,2,0,1
SG_ROW,0,14,7,2,0,1
SG_ROW,0,15,0,2,0,1
SG_ROW,0,15,1,2,0,1
SG_ROW,0,15,2,2,0,1
SG_ROW,0,15,3,2,0,1
SG_ROW,0,15,4,2,0,1
SG_ROW,0,15,5,2,0,1
SG_ROW,0,15,6,2,0,1
SG_ROW,0,15,7,2,0,1
SG_ROW,0,16,0,2,0,1
SG_ROW,0,16,1,2,0,1
SG_ROW,0,16,2,2,0,1
SG_ROW,0,16,3,2,0,1
SG_ROW,0,16,4,2,0,1
SG_ROW,0,16,5,2,0,1
SG_ROW,0,16,6,2,0,1
SG_ROW,0,16,7,2,0,1
SG_CT,0,1,0,-1,1,1
SG_CT,0,1,1,-1,1,1
SG_CT,0,1,2,-1,1,1
SG_CT,0,1,3,-1,1,1
SG_CT,0,2,0,-1,1,1
SG_CT,0,2,1,-1,1,1
SG_CT,0,2,2,-1,1,1
SG_CT,0,2,3,-1,1,1
SG_CT,0,3,0,-1,2,1
SG_CT,0,3,1,-1,2,1
SG_CT,0,3,2,-1,2,1
SG_CT,0,3,3,-1,2,1
SG_CT,0,4,0,-1,2,1
SG_CT,0,4,1,-1,2,1
SG_CT,0,4,2,-1,2,1
SG_CT,0,4,3,-1,2,1
SG_CT,0,5,0,-1,2,1
SG_CT,0,5,1,-1,2,1
SG_CT,0,5,2,-1,2,1
SG_CT,0,5,3,-1,2,1
SG_CT,0,6,0,-1,2,1
SG_CT,0,6,1,-1,2,1
SG_CT,0,6,2,-1,2,1
SG_CT,0,6,3,-1,2,1
SG_CT,0,7,0,-1,2,1
SG_CT,0,7,1,-1,2,1
SG_CT,0,7,2,-1,2,1
SG_CT,0,7,3,-1,2,1
SG_CT,0,8,0,-1,2,1
SG_CT,0,8,1,-1,2,1
SG_CT,0,8,2,-1,2,1
SG_CT,0,8,3,-1,2,1
SG_CT,0,9,0,-1,2,1
SG_CT,0,9,1,-1,2,1
SG_CT,0,9,2,-1,2,1
SG_CT,0,9,3,-1,2,1
SG_CT,0,10,0,-1,2,1
SG_CT,0,10,1,-1,2,1
SG_CT,0,10,2,-1,2,1
SG_CT,0,10,3,-1,2,1
SG_CT,0,11,0,-1,2,1
SG_CT,0,11,1,-1,2,1
SG_CT,0,11,2,-1,2,1
SG_CT,0,11,3,-1,2,1
SG_CT,0,12,0,-1,2,1
SG_CT,0,12,1,-1,2,1
SG_CT,0,12,2,-1,2,1
SG_CT,0,12,3,-1,2,1
SG_CT,0,13,0,-1,2,1
SG_CT,0,13,1,-1,2,1
SG_CT,0,13,2,-1,2,1
SG_CT,0,13,3,-1,2,1
SG_CT,0,14,0,-1,2,1
SG_CT,0,14,1,-1,2,1
SG_CT,0,14,2,-1,2,1
SG_CT,0,14,3,-1,2,1
SG_CT,0,15,0,-1,2,1
SG_CT,0,15,1,-1,2,1
SG_CT,0,15,2,-1,2,1
SG_CT,0,15,3,-1,2,1
SG_CT,0,16,0,-1,2,1
SG_CT,0,16,1,-1,2,1
SG_CT,0,16,2,-1,2,1
SG_CT,0,16,3,-1,2,1
SG_C1_COVERED_RID,-1
SG_C1_COVERED_D2,4
SG_C2_PROMOTED,1
SG_C2_TARGET,2
SG_C2_ARCHIVED_RID,-1
SG_C2_ARCHIVED_D2,5
SG_CANON_RID,2
M8_STORE_IMAGE,d3af411124d268cad6fdc5c682d96771c04f3a122fdb5b2d4514e621b2b4525a
M8_LEDGER,563518471
M8_ALLOC_TRACE,e3b0c44298fc1c149afbf4c8996fb92427ae41e4649b934ca495991b7852b855
M8_PERTURB,0
SG_FAILS_TOTAL,0
SG_DONE
