znc: warning: zagd unavailable; foreground compilation continues without background planning
warning[E0102]: multiplying by 0 is always 0
  --> build/unit_1_5.zag:282
   = note: in function `s_build`: this product computes a constant 0
   = hint: replace the expression with `0`
warning[E0102]: multiplying by 0 is always 0
  --> build/unit_1_5.zag:282
   = note: in function `s_build`: this product computes a constant 0
   = hint: replace the expression with `0`
warning[E0101]: multiplying by 1 has no effect
  --> build/unit_1_5.zag:282
   = note: in function `s_build`: this product always returns the other operand unchanged
   = hint: remove the `* 1`
warning[E0101]: multiplying by 1 has no effect
  --> build/unit_1_5.zag:282
   = note: in function `s_build`: this product always returns the other operand unchanged
   = hint: remove the `* 1`
warning[A0102]: ignored return value of `l_log_touch` — result is discarded
  --> build/unit_1_5.zag:982
   = note: in function `l_do_test`: this function returns a non-void value that is discarded
   = hint: bind the result to a `let` and use it, or add `// znc:allow A0102` to suppress
warning[A0102]: ignored return value of `l_do_test` — result is discarded
  --> build/unit_1_5.zag:995
   = note: in function `l_probe_phase`: this function returns a non-void value that is discarded
   = hint: bind the result to a `let` and use it, or add `// znc:allow A0102` to suppress
warning[A0102]: ignored return value of `l_do_test` — result is discarded
  --> build/unit_1_5.zag:995
   = note: in function `l_probe_phase`: this function returns a non-void value that is discarded
   = hint: bind the result to a `let` and use it, or add `// znc:allow A0102` to suppress
warning[A0102]: ignored return value of `l_tr` — result is discarded
  --> build/unit_1_5.zag:1312
   = note: in function `l_simplify`: this function returns a non-void value that is discarded
   = hint: bind the result to a `let` and use it, or add `// znc:allow A0102` to suppress
warning[A0102]: ignored return value of `l_probe_phase` — result is discarded
  --> build/unit_1_5.zag:1347
   = note: in function `l_escalate`: this function returns a non-void value that is discarded
   = hint: bind the result to a `let` and use it, or add `// znc:allow A0102` to suppress
warning[A0102]: ignored return value of `l_tr` — result is discarded
  --> build/unit_1_5.zag:1347
   = note: in function `l_escalate`: this function returns a non-void value that is discarded
   = hint: bind the result to a `let` and use it, or add `// znc:allow A0102` to suppress
warning[A0102]: ignored return value of `l_tr` — result is discarded
  --> build/unit_1_5.zag:1347
   = note: in function `l_escalate`: this function returns a non-void value that is discarded
   = hint: bind the result to a `let` and use it, or add `// znc:allow A0102` to suppress
warning[A0102]: ignored return value of `l_tr` — result is discarded
  --> build/unit_1_5.zag:1347
   = note: in function `l_escalate`: this function returns a non-void value that is discarded
   = hint: bind the result to a `let` and use it, or add `// znc:allow A0102` to suppress
warning[A0102]: ignored return value of `l_tr` — result is discarded
  --> build/unit_1_5.zag:1347
   = note: in function `l_escalate`: this function returns a non-void value that is discarded
   = hint: bind the result to a `let` and use it, or add `// znc:allow A0102` to suppress
warning[A0102]: ignored return value of `l_tr` — result is discarded
  --> build/unit_1_5.zag:1347
   = note: in function `l_escalate`: this function returns a non-void value that is discarded
   = hint: bind the result to a `let` and use it, or add `// znc:allow A0102` to suppress
warning[A0102]: ignored return value of `l_tr` — result is discarded
  --> build/unit_1_5.zag:1347
   = note: in function `l_escalate`: this function returns a non-void value that is discarded
   = hint: bind the result to a `let` and use it, or add `// znc:allow A0102` to suppress
warning[A0102]: ignored return value of `l_tr` — result is discarded
  --> build/unit_1_5.zag:1347
   = note: in function `l_escalate`: this function returns a non-void value that is discarded
   = hint: bind the result to a `let` and use it, or add `// znc:allow A0102` to suppress
warning[A0102]: ignored return value of `l_tr` — result is discarded
  --> build/unit_1_5.zag:1347
   = note: in function `l_escalate`: this function returns a non-void value that is discarded
   = hint: bind the result to a `let` and use it, or add `// znc:allow A0102` to suppress
warning[A0102]: ignored return value of `l_tr` — result is discarded
  --> build/unit_1_5.zag:1437
   = note: in function `l_commit`: this function returns a non-void value that is discarded
   = hint: bind the result to a `let` and use it, or add `// znc:allow A0102` to suppress
warning[A0102]: ignored return value of `l_tr` — result is discarded
  --> build/unit_1_5.zag:1451
   = note: in function `l_try_improve`: this function returns a non-void value that is discarded
   = hint: bind the result to a `let` and use it, or add `// znc:allow A0102` to suppress
warning[A0102]: ignored return value of `l_tr` — result is discarded
  --> build/unit_1_5.zag:1451
   = note: in function `l_try_improve`: this function returns a non-void value that is discarded
   = hint: bind the result to a `let` and use it, or add `// znc:allow A0102` to suppress
warning[A0102]: ignored return value of `l_tr` — result is discarded
  --> build/unit_1_5.zag:1451
   = note: in function `l_try_improve`: this function returns a non-void value that is discarded
   = hint: bind the result to a `let` and use it, or add `// znc:allow A0102` to suppress
warning[A0102]: ignored return value of `l_tr` — result is discarded
  --> build/unit_1_5.zag:1471
   = note: in function `l_defer`: this function returns a non-void value that is discarded
   = hint: bind the result to a `let` and use it, or add `// znc:allow A0102` to suppress
warning[A0102]: ignored return value of `l_log_touch` — result is discarded
  --> build/unit_1_5.zag:1500
   = note: in function `l_arm_setup`: this function returns a non-void value that is discarded
   = hint: bind the result to a `let` and use it, or add `// znc:allow A0102` to suppress
warning[A0102]: ignored return value of `l_tr` — result is discarded
  --> build/unit_1_5.zag:1500
   = note: in function `l_arm_setup`: this function returns a non-void value that is discarded
   = hint: bind the result to a `let` and use it, or add `// znc:allow A0102` to suppress
warning[A0102]: ignored return value of `l_probe_phase` — result is discarded
  --> build/unit_1_5.zag:1500
   = note: in function `l_arm_setup`: this function returns a non-void value that is discarded
   = hint: bind the result to a `let` and use it, or add `// znc:allow A0102` to suppress
warning[A0102]: ignored return value of `l_try_improve` — result is discarded
  --> build/unit_1_5.zag:1500
   = note: in function `l_arm_setup`: this function returns a non-void value that is discarded
   = hint: bind the result to a `let` and use it, or add `// znc:allow A0102` to suppress
warning[A0102]: ignored return value of `l_tr` — result is discarded
  --> build/unit_1_5.zag:1608
   = note: in function `c0_run`: this function returns a non-void value that is discarded
   = hint: bind the result to a `let` and use it, or add `// znc:allow A0102` to suppress
warning[A0102]: ignored return value of `l_tr` — result is discarded
  --> build/unit_1_5.zag:1608
   = note: in function `c0_run`: this function returns a non-void value that is discarded
   = hint: bind the result to a `let` and use it, or add `// znc:allow A0102` to suppress
warning[A0102]: ignored return value of `l_log_touch` — result is discarded
  --> build/unit_1_5.zag:1680
   = note: in function `c3_run`: this function returns a non-void value that is discarded
   = hint: bind the result to a `let` and use it, or add `// znc:allow A0102` to suppress
warning[A0102]: ignored return value of `l_tr` — result is discarded
  --> build/unit_1_5.zag:1680
   = note: in function `c3_run`: this function returns a non-void value that is discarded
   = hint: bind the result to a `let` and use it, or add `// znc:allow A0102` to suppress
warning[A0102]: ignored return value of `l_log_touch` — result is discarded
  --> build/unit_1_5.zag:1731
   = note: in function `h_stakes`: this function returns a non-void value that is discarded
   = hint: bind the result to a `let` and use it, or add `// znc:allow A0102` to suppress
warning[A0102]: ignored return value of `l_log_touch` — result is discarded
  --> build/unit_1_5.zag:1731
   = note: in function `h_stakes`: this function returns a non-void value that is discarded
   = hint: bind the result to a `let` and use it, or add `// znc:allow A0102` to suppress
warning[A0102]: ignored return value of `l_tr` — result is discarded
  --> build/unit_1_5.zag:1836
   = note: in function `h_c1_arm`: this function returns a non-void value that is discarded
   = hint: bind the result to a `let` and use it, or add `// znc:allow A0102` to suppress
warning[A0102]: ignored return value of `l_tr` — result is discarded
  --> build/unit_1_5.zag:1836
   = note: in function `h_c1_arm`: this function returns a non-void value that is discarded
   = hint: bind the result to a `let` and use it, or add `// znc:allow A0102` to suppress
znc: analyzer found 34 issue(s) (warnings above; use --analyze-strict to fail the build, --no-analyze to silence)
