EP 0 x0=2 x1=3 pred=0 true=10 err=10
EP 1 x0=4 x1=2 pred=0 true=12 err=12
TRIGGER 1 winfail=2 win=2 buf=2
CONSTRUCT 1 0 NODE id=0 op=ADD p1=0 p2=8 p3=8 err_before=22 err_after=10
CONSTRUCT 1 1 NODE id=1 op=ADD p1=0 p2=0 p3=8 err_before=10 err_after=4
CONSTRUCT 1 2 NODE id=2 op=ADD p1=0 p2=0 p3=9 err_before=4 err_after=3
STALL 1 nodes=4 buf_err=3
EP 2 x0=3 x1=1 pred=10 true=8 err=2
EP 3 x0=4 x1=1 pred=13 true=10 err=3
TRIGGER 3 winfail=2 win=2 buf=4
STALL 3 nodes=4 buf_err=8
EP 4 x0=0 x1=4 pred=4 true=8 err=4
EP 5 x0=0 x1=4 pred=4 true=8 err=4
TRIGGER 5 winfail=2 win=2 buf=6
CONSTRUCT 5 0 NODE id=3 op=ADD p1=0 p2=0 p3=9 err_before=16 err_after=13
STALL 5 nodes=5 buf_err=13
EP 6 x0=2 x1=1 pred=8 true=6 err=2
EP 7 x0=3 x1=2 pred=13 true=10 err=3
TRIGGER 7 winfail=2 win=2 buf=8
STALL 7 nodes=5 buf_err=18
EP 8 x0=4 x1=1 pred=14 true=10 err=4
EP 9 x0=3 x1=2 pred=13 true=10 err=3
TRIGGER 9 winfail=2 win=2 buf=8
STALL 9 nodes=5 buf_err=19
EP 10 x0=1 x1=0 pred=3 true=2 err=1
EP 11 x0=1 x1=3 pred=9 true=8 err=1
TRIGGER 11 winfail=2 win=2 buf=8
STALL 11 nodes=5 buf_err=14
EP 12 x0=3 x1=1 pred=11 true=8 err=3
EP 13 x0=2 x1=3 pred=12 true=10 err=2
TRIGGER 13 winfail=2 win=2 buf=8
STALL 13 nodes=5 buf_err=19
EP 14 x0=2 x1=3 pred=12 true=10 err=2
EP 15 x0=1 x1=4 pred=11 true=10 err=1
TRIGGER 15 winfail=2 win=2 buf=8
STALL 15 nodes=5 buf_err=17
EP 16 x0=1 x1=0 pred=3 true=2 err=1
EP 17 x0=0 x1=4 pred=8 true=8 err=0
EP 18 x0=4 x1=2 pred=16 true=12 err=4
TRIGGER 18 winfail=2 win=3 buf=8
STALL 18 nodes=5 buf_err=14
EP 19 x0=4 x1=2 pred=16 true=12 err=4
EP 20 x0=3 x1=1 pred=11 true=8 err=3
TRIGGER 20 winfail=2 win=2 buf=8
STALL 20 nodes=5 buf_err=17
EP 21 x0=1 x1=2 pred=7 true=6 err=1
EP 22 x0=0 x1=4 pred=8 true=8 err=0
EP 23 x0=3 x1=3 pred=15 true=12 err=3
TRIGGER 23 winfail=2 win=3 buf=8
STALL 23 nodes=5 buf_err=16
EXEC main 24
SUMMARY episodes=24 constructs=4 supersedes=0 stalls=11 main_nodes=5
