N19_REAP,waited_pid,46895,second_wait,-10
N19_QUAL_RUN,after_open,started,1,exit,80,signal,0,cpu_us,2061,peak_rss,1490944,file_bytes,0
N19_TELEMETRY,recover_file,status,-1906,0,-1,-1,0,0,0,-1,-1,poisoned,-1,-1
N19_REAP,waited_pid,46896,second_wait,-10
N19_QUAL_RUN,after_open_recover,started,1,exit,1,signal,0,cpu_us,1769,peak_rss,1540096,file_bytes,0
N19_REAP,waited_pid,46897,second_wait,-10
N19_QUAL_RUN,after_half_write,started,1,exit,81,signal,0,cpu_us,1797,peak_rss,1490944,file_bytes,16
N19_TELEMETRY,recover_file,status,-1906,0,-1,-1,0,0,0,-1,-1,poisoned,-1,-1
N19_REAP,waited_pid,46898,second_wait,-10
N19_QUAL_RUN,after_half_write_recover,started,1,exit,1,signal,0,cpu_us,1585,peak_rss,1540096,file_bytes,16
N19_REAP,waited_pid,46899,second_wait,-10
N19_QUAL_RUN,after_full_write,started,1,exit,82,signal,0,cpu_us,1441,peak_rss,1490944,file_bytes,32
N19_TELEMETRY,recover_file,status,0,0,-1,-1,1,1,1,-1,-1,recovered,-1,-1
N19_REAP,waited_pid,46900,second_wait,-10
N19_QUAL_RUN,after_full_write_recover,started,1,exit,0,signal,0,cpu_us,1618,peak_rss,1540096,file_bytes,32
N19_REAP,waited_pid,46901,second_wait,-10
N19_QUAL_RUN,after_file_sync,started,1,exit,83,signal,0,cpu_us,1597,peak_rss,1490944,file_bytes,32
N19_TELEMETRY,recover_file,status,0,0,-1,-1,1,1,1,-1,-1,recovered,-1,-1
N19_REAP,waited_pid,46902,second_wait,-10
N19_QUAL_RUN,after_file_sync_recover,started,1,exit,0,signal,0,cpu_us,1577,peak_rss,1540096,file_bytes,32
N19_REAP,waited_pid,46903,second_wait,-10
N19_QUAL_RUN,after_root_sync,started,1,exit,84,signal,0,cpu_us,1440,peak_rss,1490944,file_bytes,32
N19_TELEMETRY,recover_file,status,0,0,-1,-1,1,1,1,-1,-1,recovered,-1,-1
N19_REAP,waited_pid,46904,second_wait,-10
N19_QUAL_RUN,after_root_sync_recover,started,1,exit,0,signal,0,cpu_us,1602,peak_rss,1540096,file_bytes,32
N19_CRASH_MATRIX,failures,0
LANE_C_ALL_CHILDREN,wait_any,-10
