WORLD B-contextual-delay nvars=3 nctrl=2 ctxvar=2
CANDIDATES
  X: 0 []
  Y: 2 [X->Y d2; X->Y d2 ctx K=0]
  K: 0 []
NHYP 2 ne=1
K-AS1 PASS nhyp>=2
SEARCH round=1 world_calls=0
SELECT [SX,SK,W,W,OY]
  hyp0 predicts [1]
  hyp1 predicts [0]
EXEC actual [0]
KILLED [0] nalive=1
SURVIVORS [1] exhausted=0
K-AS3a PASS zero world calls in search
K-AS4 true_h=1 alive=1 nalive=1 exhausted=0
K-AS4 PASS
PLAN [SX,CK,W,W]
PLAN_AGREEMENT 1
GOAL_REAL 1
RANDOM_BASELINE 1/20
OBS_USED 4
K-AS6 PASS budget
MASK 55
AUTOSCI_B PROGRAM_FAIL mask=55
