CHECK,custody_input_open,1,1
CHECK,custody_input_exact_length,128,128
CHECK,custody_identity_exact,0,0
CHECK,confined_full_parent_map_load,0,0
CHECK,confined_original_identity,0,0
CHECK,all_original_bytes_available,15871908,15871908
CHECK,native_descriptor_count,375763,375763
CHECK,native_relation_count,244250,244250
CHECK,confined_original_bytes_hashed,0,0
CHECK,confined_original_hash_exact,1,1
N11_WORKER_PARENT_SHA256,31e670fcd2a2fefc02a1d032b8016bd93c28844df8ea40889593d030a2096e5a
CHECK,custody_never_grants_training,-8904,-8904
CHECK,delivery_write_denied,1,1
CHECK,parent_map_write_open_denied,1,1
CHECK,original_parent_outside_worker_scope,1,1
CHECK,actual_control_read_denied,1,1
CHECK,actual_control_write_denied,1,1
CHECK,socket_creation_denied,1,1
CHECK,fork_denied,1,1
CHECK,no_inherited_nonstdio_descriptor,0,0
N11_WORKER_COUNTS,19,0
N11_WORKER_PASS
