.scratch/e51ah/.zag-cache/zagd/semantic.record
.scratch/e51ah/.zagd.semantic-ready
.scratch/e51ah/AUTHORITY_SHA256SUMS.txt
.scratch/e51ah/BINARY_SHA256SUMS.txt
.scratch/e51ah/BYTE_IDENTICAL.txt
.scratch/e51ah/COMPILER_SHA256SUMS.txt
.scratch/e51ah/E51AH_FRAGMENT.zag
.scratch/e51ah/EVIDENCE_CHECK.json
.scratch/e51ah/EXIT_CODE.txt
.scratch/e51ah/NATIVE_BUILD_1
.scratch/e51ah/NATIVE_BUILD_1_COMPILE.log
.scratch/e51ah/NATIVE_BUILD_2
.scratch/e51ah/NATIVE_BUILD_2_COMPILE.log
.scratch/e51ah/RAW.log
.scratch/e51ah/RUNTIME_ENVIRONMENT.txt
.scratch/e51ah/RUNTIME_SECONDS.txt
.scratch/e51ah/SOURCE_COMMIT.txt
.scratch/e51ah/SOURCE_PIN_GATE.txt
.scratch/e51ah/SOURCE_SHA256SUMS.txt
.scratch/e51ah/SUMMARY.log
.scratch/e51ah/TRANSITIVE_SOURCE_MANIFEST.json
.scratch/e51ah/WORKFLOW_RUN_ID.txt
.scratch/e51ah/preflight/.zag-cache/zagd/semantic.record
.scratch/e51ah/preflight/.zagd.semantic-ready
.scratch/e51ah/preflight/COMPILE.log
.scratch/e51ah/preflight/NATIVE_SELFTEST
.scratch/e51ah/preflight/NATIVE_SELFTEST.zag
.scratch/e51ah/preflight/tnn_r32_e45_investigation_core.zag
.scratch/e51ah/preflight/RESULT.log
.scratch/e51ah/tnn_r32_e45_investigation_core.zag
.scratch/e51ah/tnn_r32_e51ah_grounded_preservation_replay.zag
.scratch/e51ah/transitive_source/.github/scripts/e51ad_assemble.py
.scratch/e51ah/transitive_source/.github/scripts/e51x_assemble.py
.scratch/e51ah/transitive_source/.github/scripts/e51y_assemble.py
.scratch/e51ah/transitive_source/Research/R32_E51AB_NATIVE/01_direct_candidate_actions.zagfrag
.scratch/e51ah/transitive_source/Research/R32_E51AC_NATIVE/01_hybrid_direct_candidate.zagfrag
.scratch/e51ah/transitive_source/Research/R32_E51AD_NATIVE/01a_contract_support.zagfrag
.scratch/e51ah/transitive_source/Research/R32_E51AD_NATIVE/01b_critical_fit.zagfrag
.scratch/e51ah/transitive_source/Research/R32_E51AD_NATIVE/01c_policy_eval.zagfrag
.scratch/e51ah/transitive_source/Research/R32_E51AD_NATIVE/02a_direct_reconstruction.zagfrag
.scratch/e51ah/transitive_source/Research/R32_E51AD_NATIVE/02b_router_training.zagfrag
.scratch/e51ah/transitive_source/Research/R32_E51AD_NATIVE/02c_validation_outcome.zagfrag
.scratch/e51ah/transitive_source/Research/R32_E51AD_NATIVE/03_main_injection.zagfrag
.scratch/e51ah/transitive_source/Research/R32_E51AE_NATIVE/01a_contract_selection.zagfrag
.scratch/e51ah/transitive_source/Research/R32_E51AE_NATIVE/01b_objective_fit.zagfrag
.scratch/e51ah/transitive_source/Research/R32_E51AE_NATIVE/02a_run_direct.zagfrag
.scratch/e51ah/transitive_source/Research/R32_E51B_NATIVE/01_core_and_seed.zagfrag
.scratch/e51ah/transitive_source/Research/R32_E51B_NATIVE/02_targets_and_metrics.zagfrag
.scratch/e51ah/transitive_source/Research/R32_E51B_NATIVE/03_validation_and_fit_setup.zagfrag
.scratch/e51ah/transitive_source/Research/R32_E51B_NATIVE/04_fit_validation_gates.zagfrag
.scratch/e51ah/transitive_source/Research/R32_E51E_NATIVE/00_compat.zagfrag
.scratch/e51ah/transitive_source/Research/R32_E51E_NATIVE/01_joint_action_value.zagfrag
.scratch/e51ah/transitive_source/Research/R32_E51E_NATIVE/02_validation.zagfrag
.scratch/e51ah/transitive_source/Research/R32_E51E_NATIVE/03_run_and_gates.zagfrag
.scratch/e51ah/transitive_source/Research/R32_E51M_NATIVE/01_calibration_curve.zagfrag
.scratch/e51ah/transitive_source/Research/R32_E51N_NATIVE/01_domain_rng.zagfrag
.scratch/e51ah/transitive_source/Research/R32_E51N_NATIVE/02_truth_fix.zagfrag
.scratch/e51ah/transitive_source/Research/R32_E51O_NATIVE/01_local_memory.zagfrag
.scratch/e51ah/transitive_source/Research/R32_E51P_NATIVE/01_local_experts.zagfrag
.scratch/e51ah/transitive_source/Research/R32_E51S_NATIVE/01_extended_optimization.zagfrag
.scratch/e51ah/transitive_source/Research/R32_E51V_NATIVE/01_trajectory_objective.zagfrag
.scratch/e51ah/transitive_source/Research/R32_E51V_NATIVE/02_run.zagfrag
.scratch/e51ah/transitive_source/Research/R32_E51W_NATIVE/01_trajectory_dose.zagfrag
.scratch/e51ah/transitive_source/Research/R32_E51W_NATIVE/02_run.zagfrag
.scratch/e51ah/transitive_source/Research/R32_E51W_NATIVE/03_main_injection.zagfrag
.scratch/e51ah/transitive_source/Research/R32_E51Y_NATIVE/01_sequential_helpers.zagfrag
.scratch/e51ah/transitive_source/Research/R32_E51Y_NATIVE/02_run_and_gates.zagfrag
.scratch/e51ah/transitive_source/Research/R32_E51Y_NATIVE/03_main_injection.zagfrag
.scratch/e51ah/transitive_source/Research/tnn_r32_e45_investigation_core.zag
.scratch/e51ah/transitive_source/Research/tnn_r32_e50_provenance_temporal_contention_discriminator.zag
Research/R32_E51AH_GROUNDED_PRESERVATION_REPLAY_PREREG.md
Research/R32_E51AH_IMPLEMENTATION_CONTRACT.md
Research/R32_E51AH_HARDCODING_LEDGER.json
Research/R32_E51AH_NATIVE/01d_preservation_replay.zagfrag
Research/R32_E51AH_NATIVE/02b_run_preservation_replay.zagfrag
Research/R32_E51AH_NATIVE/03_main_injection.zagfrag
Research/R32_E51AG_RESULT.md
Research/R32_E51_PROGRAM_CHARTER.md
Research/R32_E51_EXECUTION_JOURNAL.md
Research/R32_NATIVE_AUTHORITY_CURRENT.json
Research/R32_NATIVE_AUTHORITY_DETAIL.json
Research/R32_E51_BASELINE_V1.json
Research/R32_E51_MASTER_LEDGER.json
Research/R32_E51_CAUSAL_MAP.md
Research/R32_E51_MASTER_PLAN_PROVENANCE.json
Research/R32_E51_GENERALITY_SCORECARD.md
Research/toolchain/R32_ZNC_PROVENANCE_2026-08-23.json
.github/scripts/e51x_assemble.py
.github/scripts/e51y_assemble.py
.github/scripts/e51ad_assemble.py
.github/scripts/e51ah_assemble.py
.github/scripts/e51ah_verify.py
.github/scripts/e51ah_preflight.py
.github/scripts/e51ah_verify_test.py
.github/workflows/r32-e51ah-native.yml
