{
  "overall": {
    "n": 5880,
    "positive_rate": 0.07244897959183673,
    "expected_advantage": {
      "mse": 0.09110911765730356,
      "mae": 0.18675623022052604,
      "roc_auc": 0.6770372264143472,
      "average_precision": 0.2683135703125307,
      "true_positive_cross_zero": 0.41784037558685444,
      "false_positive_cross_zero": 0.18921892189218922,
      "predicted_inspect_rate": 0.20578231292517007,
      "selected_actual_advantage": 0.0700038829827508,
      "mean_pred_actual_positive": -0.04562086377597089,
      "mean_pred_actual_nonpositive": -0.2681062666860677
    }
  },
  "delta_vs_global_v40": {
    "roc_auc": -0.016611402924330054,
    "tp_cross": -0.01877934272300469,
    "fp_cross": 0.10927759442610928,
    "selected_actual_advantage": -0.08214251221456632
  }
}
