ep	step	tier
NOV-S01	0	4
NOV-S01	1	4
NOV-S01	2	4
NOV-S01	3	4
NOV-S01	4	4
NOV-S01	5	4
NOV-S01	6	4
NOV-S01	7	4
NOV-S01	8	4
NOV-S01	9	4
NOV-S01	10	4
NOV-S01	11	4
NOV-S01	12	4
NOV-S01	13	4
NOV-S01	14	4
NOV-S01	15	4
NOV-S01	16	4
NOV-S01	17	4
NOV-S01	18	4
NOV-S01	19	4
NOV-S01	20	4
NOV-S01	21	4
NOV-S01	22	4
NOV-S01	23	4
NOV-S01	24	4
NOV-S01	25	4
NOV-S01	26	4
NOV-S01	27	4
NOV-S01	28	4
NOV-S01	29	4
NOV-S01	30	4
NOV-S01	31	1
NOV-S01	32	1
NOV-S01	33	1
NOV-S01	34	1
NOV-S01	35	1
NOV-S01	36	1
NOV-S01	37	1
NOV-S01	38	1
NOV-S01	39	1
NOV-S01	40	1
NOV-S01	41	1
NOV-S01	42	1
NOV-S01	43	1
NOV-S01	44	1
NOV-S01	45	1
NOV-S01	46	1
NOV-S01	47	1
NOV-S01	48	1
NOV-S01	49	1
NOV-S01	50	1
NOV-S01	51	1
NOV-S01	52	1
NOV-S01	53	1
NOV-S01	54	1
NOV-S01	55	1
NOV-S01	56	1
NOV-S01	57	1
NOV-S01	58	1
NOV-S01	59	1
NOV-S01	60	1
NOV-S01	61	1
NOV-S01	62	1
NOV-S01	63	1
NOV-S01	64	1
NOV-S01	65	1
NOV-S01	66	1
NOV-S01	67	1
NOV-S01	68	1
NOV-S01	69	1
NOV-S01	70	1
NOV-S01	71	1
NOV-S01	72	1
NOV-S01	73	1
NOV-S01	74	1
NOV-S01	75	1
NOV-S01	76	1
NOV-S01	77	1
NOV-S01	78	1
NOV-S01	79	1
NOV-S01	80	1
NOV-S01	81	1
NOV-S01	82	1
NOV-S01	83	1
NOV-S01	84	1
NOV-S01	85	1
NOV-S01	86	1
NOV-S01	87	1
NOV-S01	88	1
NOV-S02	0	4
NOV-S02	1	4
NOV-S02	2	4
NOV-S02	3	4
NOV-S02	4	4
NOV-S02	5	4
NOV-S02	6	4
NOV-S02	7	4
NOV-S02	8	4
NOV-S02	9	4
NOV-S02	10	4
NOV-S02	11	4
NOV-S02	12	4
NOV-S02	13	4
NOV-S02	14	4
NOV-S02	15	4
NOV-S02	16	4
NOV-S02	17	4
NOV-S02	18	4
NOV-S02	19	4
NOV-S02	20	4
NOV-S02	21	4
NOV-S02	22	4
NOV-S02	23	4
NOV-S02	24	4
NOV-S02	25	4
NOV-S02	26	4
NOV-S02	27	4
NOV-S02	28	4
NOV-S02	29	4
NOV-S02	30	4
NOV-S02	31	1
NOV-S02	32	1
NOV-S02	33	1
NOV-S02	34	1
NOV-S02	35	1
NOV-S02	36	1
NOV-S02	37	1
NOV-S02	38	1
NOV-S02	39	1
NOV-S02	40	1
NOV-S02	41	1
NOV-S02	42	1
NOV-S02	43	1
NOV-S02	44	1
NOV-S02	45	1
NOV-S02	46	1
NOV-S02	47	1
NOV-S02	48	1
NOV-S02	49	1
NOV-S02	50	1
NOV-S02	51	1
NOV-S02	52	1
NOV-S02	53	1
NOV-S02	54	1
NOV-S02	55	1
NOV-S02	56	1
NOV-S02	57	1
NOV-S02	58	1
NOV-S02	59	1
NOV-S02	60	1
NOV-S02	61	1
NOV-S02	62	1
NOV-S02	63	1
NOV-S02	64	1
NOV-S02	65	1
NOV-S02	66	1
NOV-S02	67	1
NOV-S02	68	1
NOV-S02	69	1
NOV-S02	70	1
NOV-S02	71	1
NOV-S02	72	1
NOV-S02	73	1
NOV-S02	74	1
NOV-S02	75	1
NOV-S02	76	1
NOV-S02	77	1
NOV-S02	78	1
NOV-S02	79	1
NOV-S02	80	1
NOV-S02	81	1
NOV-S02	82	1
NOV-S02	83	1
NOV-S02	84	1
NOV-S02	85	1
NOV-S02	86	1
NOV-S02	87	1
NOV-S02	88	1
NOV-S03	0	4
NOV-S03	1	4
NOV-S03	2	4
NOV-S03	3	4
NOV-S03	4	4
NOV-S03	5	4
NOV-S03	6	4
NOV-S03	7	4
NOV-S03	8	4
NOV-S03	9	4
NOV-S03	10	4
NOV-S03	11	4
NOV-S03	12	4
NOV-S03	13	4
NOV-S03	14	4
NOV-S03	15	4
NOV-S03	16	4
NOV-S03	17	4
NOV-S03	18	4
NOV-S03	19	4
NOV-S03	20	4
NOV-S03	21	4
NOV-S03	22	4
NOV-S03	23	4
NOV-S03	24	4
NOV-S03	25	4
NOV-S03	26	4
NOV-S03	27	4
NOV-S03	28	4
NOV-S03	29	4
NOV-S03	30	4
NOV-S03	31	1
NOV-S03	32	1
NOV-S03	33	1
NOV-S03	34	1
NOV-S03	35	1
NOV-S03	36	1
NOV-S03	37	1
NOV-S03	38	1
NOV-S03	39	1
NOV-S03	40	1
NOV-S03	41	1
NOV-S03	42	1
NOV-S03	43	1
NOV-S03	44	1
NOV-S03	45	1
NOV-S03	46	1
NOV-S03	47	1
NOV-S03	48	1
NOV-S03	49	1
NOV-S03	50	1
NOV-S03	51	1
NOV-S03	52	1
NOV-S03	53	1
NOV-S03	54	1
NOV-S03	55	1
NOV-S03	56	1
NOV-S03	57	1
NOV-S03	58	1
NOV-S03	59	1
NOV-S03	60	1
NOV-S03	61	1
NOV-S03	62	1
NOV-S03	63	1
NOV-S03	64	1
NOV-S03	65	1
NOV-S03	66	1
NOV-S03	67	1
NOV-S03	68	1
NOV-S03	69	1
NOV-S03	70	1
NOV-S03	71	1
NOV-S03	72	1
NOV-S03	73	1
NOV-S03	74	1
NOV-S03	75	1
NOV-S03	76	1
NOV-S03	77	1
NOV-S03	78	1
NOV-S03	79	1
NOV-S03	80	1
NOV-S03	81	1
NOV-S03	82	1
NOV-S03	83	1
NOV-S03	84	1
NOV-S03	85	1
NOV-S03	86	1
NOV-S03	87	1
NOV-S03	88	1
NOV-S04	0	4
NOV-S04	1	4
NOV-S04	2	4
NOV-S04	3	4
NOV-S04	4	4
NOV-S04	5	4
NOV-S04	6	4
NOV-S04	7	4
NOV-S04	8	4
NOV-S04	9	4
NOV-S04	10	4
NOV-S04	11	4
NOV-S04	12	4
NOV-S04	13	4
NOV-S04	14	4
NOV-S04	15	4
NOV-S04	16	4
NOV-S04	17	4
NOV-S04	18	4
NOV-S04	19	4
NOV-S04	20	4
NOV-S04	21	4
NOV-S04	22	4
NOV-S04	23	4
NOV-S04	24	4
NOV-S04	25	4
NOV-S04	26	4
NOV-S04	27	4
NOV-S04	28	4
NOV-S04	29	4
NOV-S04	30	4
NOV-S04	31	1
NOV-S04	32	1
NOV-S04	33	1
NOV-S04	34	1
NOV-S04	35	1
NOV-S04	36	1
NOV-S04	37	1
NOV-S04	38	1
NOV-S04	39	1
NOV-S04	40	1
NOV-S04	41	1
NOV-S04	42	1
NOV-S04	43	1
NOV-S04	44	1
NOV-S04	45	1
NOV-S04	46	1
NOV-S04	47	1
NOV-S04	48	1
NOV-S04	49	1
NOV-S04	50	1
NOV-S04	51	1
NOV-S04	52	1
NOV-S04	53	1
NOV-S04	54	1
NOV-S04	55	1
NOV-S04	56	1
NOV-S04	57	1
NOV-S04	58	1
NOV-S04	59	1
NOV-S04	60	1
NOV-S04	61	1
NOV-S04	62	1
NOV-S04	63	1
NOV-S04	64	1
NOV-S04	65	1
NOV-S04	66	1
NOV-S04	67	1
NOV-S04	68	1
NOV-S04	69	1
NOV-S04	70	1
NOV-S04	71	1
NOV-S04	72	1
NOV-S04	73	1
NOV-S04	74	1
NOV-S04	75	1
NOV-S04	76	1
NOV-S04	77	1
NOV-S04	78	1
NOV-S04	79	1
NOV-S04	80	1
NOV-S04	81	1
NOV-S04	82	1
NOV-S04	83	1
NOV-S04	84	1
NOV-S04	85	1
NOV-S04	86	1
NOV-S04	87	1
NOV-S04	88	1
NOV-S05	0	4
NOV-S05	1	4
NOV-S05	2	4
NOV-S05	3	4
NOV-S05	4	4
NOV-S05	5	4
NOV-S05	6	4
NOV-S05	7	4
NOV-S05	8	4
NOV-S05	9	4
NOV-S05	10	4
NOV-S05	11	4
NOV-S05	12	4
NOV-S05	13	4
NOV-S05	14	4
NOV-S05	15	4
NOV-S05	16	4
NOV-S05	17	4
NOV-S05	18	4
NOV-S05	19	4
NOV-S05	20	4
NOV-S05	21	4
NOV-S05	22	4
NOV-S05	23	4
NOV-S05	24	4
NOV-S05	25	4
NOV-S05	26	4
NOV-S05	27	4
NOV-S05	28	4
NOV-S05	29	4
NOV-S05	30	4
NOV-S05	31	1
NOV-S05	32	1
NOV-S05	33	1
NOV-S05	34	1
NOV-S05	35	1
NOV-S05	36	1
NOV-S05	37	1
NOV-S05	38	1
NOV-S05	39	1
NOV-S05	40	1
NOV-S05	41	1
NOV-S05	42	1
NOV-S05	43	1
NOV-S05	44	1
NOV-S05	45	1
NOV-S05	46	1
NOV-S05	47	1
NOV-S05	48	1
NOV-S05	49	1
NOV-S05	50	1
NOV-S05	51	1
NOV-S05	52	1
NOV-S05	53	1
NOV-S05	54	1
NOV-S05	55	1
NOV-S05	56	1
NOV-S05	57	1
NOV-S05	58	1
NOV-S05	59	1
NOV-S05	60	1
NOV-S05	61	1
NOV-S05	62	1
NOV-S05	63	1
NOV-S05	64	1
NOV-S05	65	1
NOV-S05	66	1
NOV-S05	67	1
NOV-S05	68	1
NOV-S05	69	1
NOV-S05	70	1
NOV-S05	71	1
NOV-S05	72	1
NOV-S05	73	1
NOV-S05	74	1
NOV-S05	75	1
NOV-S05	76	1
NOV-S05	77	1
NOV-S05	78	1
NOV-S05	79	1
NOV-S05	80	1
NOV-S05	81	1
NOV-S05	82	1
NOV-S05	83	1
NOV-S05	84	1
NOV-S05	85	1
NOV-S05	86	1
NOV-S05	87	1
NOV-S05	88	1
NOV-S06	0	4
NOV-S06	1	4
NOV-S06	2	4
NOV-S06	3	4
NOV-S06	4	4
NOV-S06	5	4
NOV-S06	6	4
NOV-S06	7	4
NOV-S06	8	4
NOV-S06	9	4
NOV-S06	10	4
NOV-S06	11	4
NOV-S06	12	4
NOV-S06	13	4
NOV-S06	14	4
NOV-S06	15	4
NOV-S06	16	4
NOV-S06	17	4
NOV-S06	18	4
NOV-S06	19	4
NOV-S06	20	4
NOV-S06	21	4
NOV-S06	22	4
NOV-S06	23	4
NOV-S06	24	4
NOV-S06	25	4
NOV-S06	26	4
NOV-S06	27	4
NOV-S06	28	4
NOV-S06	29	4
NOV-S06	30	4
NOV-S06	31	1
NOV-S06	32	1
NOV-S06	33	1
NOV-S06	34	1
NOV-S06	35	1
NOV-S06	36	1
NOV-S06	37	1
NOV-S06	38	1
NOV-S06	39	1
NOV-S06	40	1
NOV-S06	41	1
NOV-S06	42	1
NOV-S06	43	1
NOV-S06	44	1
NOV-S06	45	1
NOV-S06	46	1
NOV-S06	47	1
NOV-S06	48	1
NOV-S06	49	1
NOV-S06	50	1
NOV-S06	51	1
NOV-S06	52	1
NOV-S06	53	1
NOV-S06	54	1
NOV-S06	55	1
NOV-S06	56	1
NOV-S06	57	1
NOV-S06	58	1
NOV-S06	59	1
NOV-S06	60	1
NOV-S06	61	1
NOV-S06	62	1
NOV-S06	63	1
NOV-S06	64	1
NOV-S06	65	1
NOV-S06	66	1
NOV-S06	67	1
NOV-S06	68	1
NOV-S06	69	1
NOV-S06	70	1
NOV-S06	71	1
NOV-S06	72	1
NOV-S06	73	1
NOV-S06	74	1
NOV-S06	75	1
NOV-S06	76	1
NOV-S06	77	1
NOV-S06	78	1
NOV-S06	79	1
NOV-S06	80	1
NOV-S06	81	1
NOV-S06	82	1
NOV-S06	83	1
NOV-S06	84	1
NOV-S06	85	1
NOV-S06	86	1
NOV-S06	87	1
NOV-S06	88	1
NOV-S07	0	4
NOV-S07	1	4
NOV-S07	2	4
NOV-S07	3	4
NOV-S07	4	4
NOV-S07	5	4
NOV-S07	6	4
NOV-S07	7	4
NOV-S07	8	4
NOV-S07	9	4
NOV-S07	10	4
NOV-S07	11	4
NOV-S07	12	4
NOV-S07	13	4
NOV-S07	14	4
NOV-S07	15	4
NOV-S07	16	4
NOV-S07	17	4
NOV-S07	18	4
NOV-S07	19	4
NOV-S07	20	4
NOV-S07	21	4
NOV-S07	22	4
NOV-S07	23	4
NOV-S07	24	4
NOV-S07	25	4
NOV-S07	26	4
NOV-S07	27	4
NOV-S07	28	4
NOV-S07	29	4
NOV-S07	30	4
NOV-S07	31	1
NOV-S07	32	1
NOV-S07	33	1
NOV-S07	34	1
NOV-S07	35	1
NOV-S07	36	1
NOV-S07	37	1
NOV-S07	38	1
NOV-S07	39	1
NOV-S07	40	1
NOV-S07	41	1
NOV-S07	42	1
NOV-S07	43	1
NOV-S07	44	1
NOV-S07	45	1
NOV-S07	46	1
NOV-S07	47	1
NOV-S07	48	1
NOV-S07	49	1
NOV-S07	50	1
NOV-S07	51	1
NOV-S07	52	1
NOV-S07	53	1
NOV-S07	54	1
NOV-S07	55	1
NOV-S07	56	1
NOV-S07	57	1
NOV-S07	58	1
NOV-S07	59	1
NOV-S07	60	1
NOV-S07	61	1
NOV-S07	62	1
NOV-S07	63	1
NOV-S07	64	1
NOV-S07	65	1
NOV-S07	66	1
NOV-S07	67	1
NOV-S07	68	1
NOV-S07	69	1
NOV-S07	70	1
NOV-S07	71	1
NOV-S07	72	1
NOV-S07	73	1
NOV-S07	74	1
NOV-S07	75	1
NOV-S07	76	1
NOV-S07	77	1
NOV-S07	78	1
NOV-S07	79	1
NOV-S07	80	1
NOV-S07	81	1
NOV-S07	82	1
NOV-S07	83	1
NOV-S07	84	1
NOV-S07	85	1
NOV-S07	86	1
NOV-S07	87	1
NOV-S07	88	1
NOV-S08	0	4
NOV-S08	1	4
NOV-S08	2	4
NOV-S08	3	4
NOV-S08	4	4
NOV-S08	5	4
NOV-S08	6	4
NOV-S08	7	4
NOV-S08	8	4
NOV-S08	9	4
NOV-S08	10	4
NOV-S08	11	4
NOV-S08	12	4
NOV-S08	13	4
NOV-S08	14	4
NOV-S08	15	4
NOV-S08	16	4
NOV-S08	17	4
NOV-S08	18	4
NOV-S08	19	4
NOV-S08	20	4
NOV-S08	21	4
NOV-S08	22	4
NOV-S08	23	4
NOV-S08	24	4
NOV-S08	25	4
NOV-S08	26	4
NOV-S08	27	4
NOV-S08	28	4
NOV-S08	29	4
NOV-S08	30	4
NOV-S08	31	1
NOV-S08	32	1
NOV-S08	33	1
NOV-S08	34	1
NOV-S08	35	1
NOV-S08	36	1
NOV-S08	37	1
NOV-S08	38	1
NOV-S08	39	1
NOV-S08	40	1
NOV-S08	41	1
NOV-S08	42	1
NOV-S08	43	1
NOV-S08	44	1
NOV-S08	45	1
NOV-S08	46	1
NOV-S08	47	1
NOV-S08	48	1
NOV-S08	49	1
NOV-S08	50	1
NOV-S08	51	1
NOV-S08	52	1
NOV-S08	53	1
NOV-S08	54	1
NOV-S08	55	1
NOV-S08	56	1
NOV-S08	57	1
NOV-S08	58	1
NOV-S08	59	1
NOV-S08	60	1
NOV-S08	61	1
NOV-S08	62	1
NOV-S08	63	1
NOV-S08	64	1
NOV-S08	65	1
NOV-S08	66	1
NOV-S08	67	1
NOV-S08	68	1
NOV-S08	69	1
NOV-S08	70	1
NOV-S08	71	1
NOV-S08	72	1
NOV-S08	73	1
NOV-S08	74	1
NOV-S08	75	1
NOV-S08	76	1
NOV-S08	77	1
NOV-S08	78	1
NOV-S08	79	1
NOV-S08	80	1
NOV-S08	81	1
NOV-S08	82	1
NOV-S08	83	1
NOV-S08	84	1
NOV-S08	85	1
NOV-S08	86	1
NOV-S08	87	1
NOV-S08	88	1
NOV-S09	0	4
NOV-S09	1	4
NOV-S09	2	4
NOV-S09	3	4
NOV-S09	4	4
NOV-S09	5	4
NOV-S09	6	4
NOV-S09	7	4
NOV-S09	8	4
NOV-S09	9	4
NOV-S09	10	4
NOV-S09	11	4
NOV-S09	12	4
NOV-S09	13	4
NOV-S09	14	4
NOV-S09	15	4
NOV-S09	16	4
NOV-S09	17	4
NOV-S09	18	4
NOV-S09	19	4
NOV-S09	20	4
NOV-S09	21	4
NOV-S09	22	4
NOV-S09	23	4
NOV-S09	24	4
NOV-S09	25	4
NOV-S09	26	4
NOV-S09	27	4
NOV-S09	28	4
NOV-S09	29	4
NOV-S09	30	4
NOV-S09	31	1
NOV-S09	32	1
NOV-S09	33	1
NOV-S09	34	1
NOV-S09	35	1
NOV-S09	36	1
NOV-S09	37	1
NOV-S09	38	1
NOV-S09	39	1
NOV-S09	40	1
NOV-S09	41	1
NOV-S09	42	1
NOV-S09	43	1
NOV-S09	44	1
NOV-S09	45	1
NOV-S09	46	1
NOV-S09	47	1
NOV-S09	48	1
NOV-S09	49	1
NOV-S09	50	1
NOV-S09	51	1
NOV-S09	52	1
NOV-S09	53	1
NOV-S09	54	1
NOV-S09	55	1
NOV-S09	56	1
NOV-S09	57	1
NOV-S09	58	1
NOV-S09	59	1
NOV-S09	60	1
NOV-S09	61	1
NOV-S09	62	1
NOV-S09	63	1
NOV-S09	64	1
NOV-S09	65	1
NOV-S09	66	1
NOV-S09	67	1
NOV-S09	68	1
NOV-S09	69	1
NOV-S09	70	1
NOV-S09	71	1
NOV-S09	72	1
NOV-S09	73	1
NOV-S09	74	1
NOV-S09	75	1
NOV-S09	76	1
NOV-S09	77	1
NOV-S09	78	1
NOV-S09	79	1
NOV-S09	80	1
NOV-S09	81	1
NOV-S09	82	1
NOV-S09	83	1
NOV-S09	84	1
NOV-S09	85	1
NOV-S09	86	1
NOV-S09	87	1
NOV-S09	88	1
NOV-S10	0	4
NOV-S10	1	4
NOV-S10	2	4
NOV-S10	3	4
NOV-S10	4	4
NOV-S10	5	4
NOV-S10	6	4
NOV-S10	7	4
NOV-S10	8	4
NOV-S10	9	4
NOV-S10	10	4
NOV-S10	11	4
NOV-S10	12	4
NOV-S10	13	4
NOV-S10	14	4
NOV-S10	15	4
NOV-S10	16	4
NOV-S10	17	4
NOV-S10	18	4
NOV-S10	19	4
NOV-S10	20	4
NOV-S10	21	4
NOV-S10	22	4
NOV-S10	23	4
NOV-S10	24	4
NOV-S10	25	4
NOV-S10	26	4
NOV-S10	27	4
NOV-S10	28	4
NOV-S10	29	4
NOV-S10	30	4
NOV-S10	31	1
NOV-S10	32	1
NOV-S10	33	1
NOV-S10	34	1
NOV-S10	35	1
NOV-S10	36	1
NOV-S10	37	1
NOV-S10	38	1
NOV-S10	39	1
NOV-S10	40	1
NOV-S10	41	1
NOV-S10	42	1
NOV-S10	43	1
NOV-S10	44	1
NOV-S10	45	1
NOV-S10	46	1
NOV-S10	47	1
NOV-S10	48	1
NOV-S10	49	1
NOV-S10	50	1
NOV-S10	51	1
NOV-S10	52	1
NOV-S10	53	1
NOV-S10	54	1
NOV-S10	55	1
NOV-S10	56	1
NOV-S10	57	1
NOV-S10	58	1
NOV-S10	59	1
NOV-S10	60	1
NOV-S10	61	1
NOV-S10	62	1
NOV-S10	63	1
NOV-S10	64	1
NOV-S10	65	1
NOV-S10	66	1
NOV-S10	67	1
NOV-S10	68	1
NOV-S10	69	1
NOV-S10	70	1
NOV-S10	71	1
NOV-S10	72	1
NOV-S10	73	1
NOV-S10	74	1
NOV-S10	75	1
NOV-S10	76	1
NOV-S10	77	1
NOV-S10	78	1
NOV-S10	79	1
NOV-S10	80	1
NOV-S10	81	1
NOV-S10	82	1
NOV-S10	83	1
NOV-S10	84	1
NOV-S10	85	1
NOV-S10	86	1
NOV-S10	87	1
NOV-S10	88	1
NOV-S11	0	4
NOV-S11	1	4
NOV-S11	2	4
NOV-S11	3	4
NOV-S11	4	4
NOV-S11	5	4
NOV-S11	6	4
NOV-S11	7	4
NOV-S11	8	4
NOV-S11	9	4
NOV-S11	10	4
NOV-S11	11	4
NOV-S11	12	4
NOV-S11	13	4
NOV-S11	14	4
NOV-S11	15	4
NOV-S11	16	4
NOV-S11	17	4
NOV-S11	18	4
NOV-S11	19	4
NOV-S11	20	4
NOV-S11	21	4
NOV-S11	22	4
NOV-S11	23	4
NOV-S11	24	4
NOV-S11	25	4
NOV-S11	26	4
NOV-S11	27	4
NOV-S11	28	4
NOV-S11	29	4
NOV-S11	30	4
NOV-S11	31	1
NOV-S11	32	1
NOV-S11	33	1
NOV-S11	34	1
NOV-S11	35	1
NOV-S11	36	1
NOV-S11	37	1
NOV-S11	38	1
NOV-S11	39	1
NOV-S11	40	1
NOV-S11	41	1
NOV-S11	42	1
NOV-S11	43	1
NOV-S11	44	1
NOV-S11	45	1
NOV-S11	46	1
NOV-S11	47	1
NOV-S11	48	1
NOV-S11	49	1
NOV-S11	50	1
NOV-S11	51	1
NOV-S11	52	1
NOV-S11	53	1
NOV-S11	54	1
NOV-S11	55	1
NOV-S11	56	1
NOV-S11	57	1
NOV-S11	58	1
NOV-S11	59	1
NOV-S11	60	1
NOV-S11	61	1
NOV-S11	62	1
NOV-S11	63	1
NOV-S11	64	1
NOV-S11	65	1
NOV-S11	66	1
NOV-S11	67	1
NOV-S11	68	1
NOV-S11	69	1
NOV-S11	70	1
NOV-S11	71	1
NOV-S11	72	1
NOV-S11	73	1
NOV-S11	74	1
NOV-S11	75	1
NOV-S11	76	1
NOV-S11	77	1
NOV-S11	78	1
NOV-S11	79	1
NOV-S11	80	1
NOV-S11	81	1
NOV-S11	82	1
NOV-S11	83	1
NOV-S11	84	1
NOV-S11	85	1
NOV-S11	86	1
NOV-S11	87	1
NOV-S11	88	1
NOV-S12	0	4
NOV-S12	1	4
NOV-S12	2	4
NOV-S12	3	4
NOV-S12	4	4
NOV-S12	5	4
NOV-S12	6	4
NOV-S12	7	4
NOV-S12	8	4
NOV-S12	9	4
NOV-S12	10	4
NOV-S12	11	4
NOV-S12	12	4
NOV-S12	13	4
NOV-S12	14	4
NOV-S12	15	4
NOV-S12	16	4
NOV-S12	17	4
NOV-S12	18	4
NOV-S12	19	4
NOV-S12	20	4
NOV-S12	21	4
NOV-S12	22	4
NOV-S12	23	4
NOV-S12	24	4
NOV-S12	25	4
NOV-S12	26	4
NOV-S12	27	4
NOV-S12	28	4
NOV-S12	29	4
NOV-S12	30	4
NOV-S12	31	1
NOV-S12	32	1
NOV-S12	33	1
NOV-S12	34	1
NOV-S12	35	1
NOV-S12	36	1
NOV-S12	37	1
NOV-S12	38	1
NOV-S12	39	1
NOV-S12	40	1
NOV-S12	41	1
NOV-S12	42	1
NOV-S12	43	1
NOV-S12	44	1
NOV-S12	45	1
NOV-S12	46	1
NOV-S12	47	1
NOV-S12	48	1
NOV-S12	49	1
NOV-S12	50	1
NOV-S12	51	1
NOV-S12	52	1
NOV-S12	53	1
NOV-S12	54	1
NOV-S12	55	1
NOV-S12	56	1
NOV-S12	57	1
NOV-S12	58	1
NOV-S12	59	1
NOV-S12	60	1
NOV-S12	61	1
NOV-S12	62	1
NOV-S12	63	1
NOV-S12	64	1
NOV-S12	65	1
NOV-S12	66	1
NOV-S12	67	1
NOV-S12	68	1
NOV-S12	69	1
NOV-S12	70	1
NOV-S12	71	1
NOV-S12	72	1
NOV-S12	73	1
NOV-S12	74	1
NOV-S12	75	1
NOV-S12	76	1
NOV-S12	77	1
NOV-S12	78	1
NOV-S12	79	1
NOV-S12	80	1
NOV-S12	81	1
NOV-S12	82	1
NOV-S12	83	1
NOV-S12	84	1
NOV-S12	85	1
NOV-S12	86	1
NOV-S12	87	1
NOV-S12	88	1
NOV-S13	0	4
NOV-S13	1	4
NOV-S13	2	4
NOV-S13	3	4
NOV-S13	4	4
NOV-S13	5	4
NOV-S13	6	4
NOV-S13	7	4
NOV-S13	8	4
NOV-S13	9	4
NOV-S13	10	4
NOV-S13	11	4
NOV-S13	12	4
NOV-S13	13	4
NOV-S13	14	4
NOV-S13	15	4
NOV-S13	16	4
NOV-S13	17	4
NOV-S13	18	4
NOV-S13	19	4
NOV-S13	20	4
NOV-S13	21	4
NOV-S13	22	4
NOV-S13	23	4
NOV-S13	24	4
NOV-S13	25	4
NOV-S13	26	4
NOV-S13	27	4
NOV-S13	28	4
NOV-S13	29	4
NOV-S13	30	4
NOV-S13	31	1
NOV-S13	32	1
NOV-S13	33	1
NOV-S13	34	1
NOV-S13	35	1
NOV-S13	36	1
NOV-S13	37	1
NOV-S13	38	1
NOV-S13	39	1
NOV-S13	40	1
NOV-S13	41	1
NOV-S13	42	1
NOV-S13	43	1
NOV-S13	44	1
NOV-S13	45	1
NOV-S13	46	1
NOV-S13	47	1
NOV-S13	48	1
NOV-S13	49	1
NOV-S13	50	1
NOV-S13	51	1
NOV-S13	52	1
NOV-S13	53	1
NOV-S13	54	1
NOV-S13	55	1
NOV-S13	56	1
NOV-S13	57	1
NOV-S13	58	1
NOV-S13	59	1
NOV-S13	60	1
NOV-S13	61	1
NOV-S13	62	1
NOV-S13	63	1
NOV-S13	64	1
NOV-S13	65	1
NOV-S13	66	1
NOV-S13	67	1
NOV-S13	68	1
NOV-S13	69	1
NOV-S13	70	1
NOV-S13	71	1
NOV-S13	72	1
NOV-S13	73	1
NOV-S13	74	1
NOV-S13	75	1
NOV-S13	76	1
NOV-S13	77	1
NOV-S13	78	1
NOV-S13	79	1
NOV-S13	80	1
NOV-S13	81	1
NOV-S13	82	1
NOV-S13	83	1
NOV-S13	84	1
NOV-S13	85	1
NOV-S13	86	1
NOV-S13	87	1
NOV-S13	88	1
NOV-S14	0	4
NOV-S14	1	4
NOV-S14	2	4
NOV-S14	3	4
NOV-S14	4	4
NOV-S14	5	4
NOV-S14	6	4
NOV-S14	7	4
NOV-S14	8	4
NOV-S14	9	4
NOV-S14	10	4
NOV-S14	11	4
NOV-S14	12	4
NOV-S14	13	4
NOV-S14	14	4
NOV-S14	15	4
NOV-S14	16	4
NOV-S14	17	4
NOV-S14	18	4
NOV-S14	19	4
NOV-S14	20	4
NOV-S14	21	4
NOV-S14	22	4
NOV-S14	23	4
NOV-S14	24	4
NOV-S14	25	4
NOV-S14	26	4
NOV-S14	27	4
NOV-S14	28	4
NOV-S14	29	4
NOV-S14	30	4
NOV-S14	31	1
NOV-S14	32	1
NOV-S14	33	1
NOV-S14	34	1
NOV-S14	35	1
NOV-S14	36	1
NOV-S14	37	1
NOV-S14	38	1
NOV-S14	39	1
NOV-S14	40	1
NOV-S14	41	1
NOV-S14	42	1
NOV-S14	43	1
NOV-S14	44	1
NOV-S14	45	1
NOV-S14	46	1
NOV-S14	47	1
NOV-S14	48	1
NOV-S14	49	1
NOV-S14	50	1
NOV-S14	51	1
NOV-S14	52	1
NOV-S14	53	1
NOV-S14	54	1
NOV-S14	55	1
NOV-S14	56	1
NOV-S14	57	1
NOV-S14	58	1
NOV-S14	59	1
NOV-S14	60	1
NOV-S14	61	1
NOV-S14	62	1
NOV-S14	63	1
NOV-S14	64	1
NOV-S14	65	1
NOV-S14	66	1
NOV-S14	67	1
NOV-S14	68	1
NOV-S14	69	1
NOV-S14	70	1
NOV-S14	71	1
NOV-S14	72	1
NOV-S14	73	1
NOV-S14	74	1
NOV-S14	75	1
NOV-S14	76	1
NOV-S14	77	1
NOV-S14	78	1
NOV-S14	79	1
NOV-S14	80	1
NOV-S14	81	1
NOV-S14	82	1
NOV-S14	83	1
NOV-S14	84	1
NOV-S14	85	1
NOV-S14	86	1
NOV-S14	87	1
NOV-S14	88	1
NOV-S15	0	4
NOV-S15	1	4
NOV-S15	2	4
NOV-S15	3	4
NOV-S15	4	4
NOV-S15	5	4
NOV-S15	6	4
NOV-S15	7	4
NOV-S15	8	4
NOV-S15	9	4
NOV-S15	10	4
NOV-S15	11	4
NOV-S15	12	4
NOV-S15	13	4
NOV-S15	14	4
NOV-S15	15	4
NOV-S15	16	4
NOV-S15	17	4
NOV-S15	18	4
NOV-S15	19	4
NOV-S15	20	4
NOV-S15	21	4
NOV-S15	22	4
NOV-S15	23	4
NOV-S15	24	4
NOV-S15	25	4
NOV-S15	26	4
NOV-S15	27	4
NOV-S15	28	4
NOV-S15	29	4
NOV-S15	30	4
NOV-S15	31	1
NOV-S15	32	1
NOV-S15	33	1
NOV-S15	34	1
NOV-S15	35	1
NOV-S15	36	1
NOV-S15	37	1
NOV-S15	38	1
NOV-S15	39	1
NOV-S15	40	1
NOV-S15	41	1
NOV-S15	42	1
NOV-S15	43	1
NOV-S15	44	1
NOV-S15	45	1
NOV-S15	46	1
NOV-S15	47	1
NOV-S15	48	1
NOV-S15	49	1
NOV-S15	50	1
NOV-S15	51	1
NOV-S15	52	1
NOV-S15	53	1
NOV-S15	54	1
NOV-S15	55	1
NOV-S15	56	1
NOV-S15	57	1
NOV-S15	58	1
NOV-S15	59	1
NOV-S15	60	1
NOV-S15	61	1
NOV-S15	62	1
NOV-S15	63	1
NOV-S15	64	1
NOV-S15	65	1
NOV-S15	66	1
NOV-S15	67	1
NOV-S15	68	1
NOV-S15	69	1
NOV-S15	70	1
NOV-S15	71	1
NOV-S15	72	1
NOV-S15	73	1
NOV-S15	74	1
NOV-S15	75	1
NOV-S15	76	1
NOV-S15	77	1
NOV-S15	78	1
NOV-S15	79	1
NOV-S15	80	1
NOV-S15	81	1
NOV-S15	82	1
NOV-S15	83	1
NOV-S15	84	1
NOV-S15	85	1
NOV-S15	86	1
NOV-S15	87	1
NOV-S15	88	1
NOV-S16	0	4
NOV-S16	1	4
NOV-S16	2	4
NOV-S16	3	4
NOV-S16	4	4
NOV-S16	5	4
NOV-S16	6	4
NOV-S16	7	4
NOV-S16	8	4
NOV-S16	9	4
NOV-S16	10	4
NOV-S16	11	4
NOV-S16	12	4
NOV-S16	13	4
NOV-S16	14	4
NOV-S16	15	4
NOV-S16	16	4
NOV-S16	17	4
NOV-S16	18	4
NOV-S16	19	4
NOV-S16	20	4
NOV-S16	21	4
NOV-S16	22	4
NOV-S16	23	4
NOV-S16	24	4
NOV-S16	25	4
NOV-S16	26	4
NOV-S16	27	4
NOV-S16	28	4
NOV-S16	29	4
NOV-S16	30	4
NOV-S16	31	1
NOV-S16	32	1
NOV-S16	33	1
NOV-S16	34	1
NOV-S16	35	1
NOV-S16	36	1
NOV-S16	37	1
NOV-S16	38	1
NOV-S16	39	1
NOV-S16	40	1
NOV-S16	41	1
NOV-S16	42	1
NOV-S16	43	1
NOV-S16	44	1
NOV-S16	45	1
NOV-S16	46	1
NOV-S16	47	1
NOV-S16	48	1
NOV-S16	49	1
NOV-S16	50	1
NOV-S16	51	1
NOV-S16	52	1
NOV-S16	53	1
NOV-S16	54	1
NOV-S16	55	1
NOV-S16	56	1
NOV-S16	57	1
NOV-S16	58	1
NOV-S16	59	1
NOV-S16	60	1
NOV-S16	61	1
NOV-S16	62	1
NOV-S16	63	1
NOV-S16	64	1
NOV-S16	65	1
NOV-S16	66	1
NOV-S16	67	1
NOV-S16	68	1
NOV-S16	69	1
NOV-S16	70	1
NOV-S16	71	1
NOV-S16	72	1
NOV-S16	73	1
NOV-S16	74	1
NOV-S16	75	1
NOV-S16	76	1
NOV-S16	77	1
NOV-S16	78	1
NOV-S16	79	1
NOV-S16	80	1
NOV-S16	81	1
NOV-S16	82	1
NOV-S16	83	1
NOV-S16	84	1
NOV-S16	85	1
NOV-S16	86	1
NOV-S16	87	1
NOV-S16	88	1
NOV-S17	0	4
NOV-S17	1	4
NOV-S17	2	4
NOV-S17	3	4
NOV-S17	4	4
NOV-S17	5	4
NOV-S17	6	4
NOV-S17	7	4
NOV-S17	8	4
NOV-S17	9	4
NOV-S17	10	4
NOV-S17	11	4
NOV-S17	12	4
NOV-S17	13	4
NOV-S17	14	4
NOV-S17	15	4
NOV-S17	16	4
NOV-S17	17	4
NOV-S17	18	4
NOV-S17	19	4
NOV-S17	20	4
NOV-S17	21	4
NOV-S17	22	4
NOV-S17	23	4
NOV-S17	24	4
NOV-S17	25	4
NOV-S17	26	4
NOV-S17	27	4
NOV-S17	28	4
NOV-S17	29	4
NOV-S17	30	4
NOV-S17	31	1
NOV-S17	32	1
NOV-S17	33	1
NOV-S17	34	1
NOV-S17	35	1
NOV-S17	36	1
NOV-S17	37	1
NOV-S17	38	1
NOV-S17	39	1
NOV-S17	40	1
NOV-S17	41	1
NOV-S17	42	1
NOV-S17	43	1
NOV-S17	44	1
NOV-S17	45	1
NOV-S17	46	1
NOV-S17	47	1
NOV-S17	48	1
NOV-S17	49	1
NOV-S17	50	1
NOV-S17	51	1
NOV-S17	52	1
NOV-S17	53	1
NOV-S17	54	1
NOV-S17	55	1
NOV-S17	56	1
NOV-S17	57	1
NOV-S17	58	1
NOV-S17	59	1
NOV-S17	60	1
NOV-S17	61	1
NOV-S17	62	1
NOV-S17	63	1
NOV-S17	64	1
NOV-S17	65	1
NOV-S17	66	1
NOV-S17	67	1
NOV-S17	68	1
NOV-S17	69	1
NOV-S17	70	1
NOV-S17	71	1
NOV-S17	72	1
NOV-S17	73	1
NOV-S17	74	1
NOV-S17	75	1
NOV-S17	76	1
NOV-S17	77	1
NOV-S17	78	1
NOV-S17	79	1
NOV-S17	80	1
NOV-S17	81	1
NOV-S17	82	1
NOV-S17	83	1
NOV-S17	84	1
NOV-S17	85	1
NOV-S17	86	1
NOV-S17	87	1
NOV-S17	88	1
NOV-S18	0	4
NOV-S18	1	4
NOV-S18	2	4
NOV-S18	3	4
NOV-S18	4	4
NOV-S18	5	4
NOV-S18	6	4
NOV-S18	7	4
NOV-S18	8	4
NOV-S18	9	4
NOV-S18	10	4
NOV-S18	11	4
NOV-S18	12	4
NOV-S18	13	4
NOV-S18	14	4
NOV-S18	15	4
NOV-S18	16	4
NOV-S18	17	4
NOV-S18	18	4
NOV-S18	19	4
NOV-S18	20	4
NOV-S18	21	4
NOV-S18	22	4
NOV-S18	23	4
NOV-S18	24	4
NOV-S18	25	4
NOV-S18	26	4
NOV-S18	27	4
NOV-S18	28	4
NOV-S18	29	4
NOV-S18	30	4
NOV-S18	31	1
NOV-S18	32	1
NOV-S18	33	1
NOV-S18	34	1
NOV-S18	35	1
NOV-S18	36	1
NOV-S18	37	1
NOV-S18	38	1
NOV-S18	39	1
NOV-S18	40	1
NOV-S18	41	1
NOV-S18	42	1
NOV-S18	43	1
NOV-S18	44	1
NOV-S18	45	1
NOV-S18	46	1
NOV-S18	47	1
NOV-S18	48	1
NOV-S18	49	1
NOV-S18	50	1
NOV-S18	51	1
NOV-S18	52	1
NOV-S18	53	1
NOV-S18	54	1
NOV-S18	55	1
NOV-S18	56	1
NOV-S18	57	1
NOV-S18	58	1
NOV-S18	59	1
NOV-S18	60	1
NOV-S18	61	1
NOV-S18	62	1
NOV-S18	63	1
NOV-S18	64	1
NOV-S18	65	1
NOV-S18	66	1
NOV-S18	67	1
NOV-S18	68	1
NOV-S18	69	1
NOV-S18	70	1
NOV-S18	71	1
NOV-S18	72	1
NOV-S18	73	1
NOV-S18	74	1
NOV-S18	75	1
NOV-S18	76	1
NOV-S18	77	1
NOV-S18	78	1
NOV-S18	79	1
NOV-S18	80	1
NOV-S18	81	1
NOV-S18	82	1
NOV-S18	83	1
NOV-S18	84	1
NOV-S18	85	1
NOV-S18	86	1
NOV-S18	87	1
NOV-S18	88	1
NOV-S19	0	4
NOV-S19	1	4
NOV-S19	2	4
NOV-S19	3	4
NOV-S19	4	4
NOV-S19	5	4
NOV-S19	6	4
NOV-S19	7	4
NOV-S19	8	4
NOV-S19	9	4
NOV-S19	10	4
NOV-S19	11	4
NOV-S19	12	4
NOV-S19	13	4
NOV-S19	14	4
NOV-S19	15	4
NOV-S19	16	4
NOV-S19	17	4
NOV-S19	18	4
NOV-S19	19	4
NOV-S19	20	4
NOV-S19	21	4
NOV-S19	22	4
NOV-S19	23	4
NOV-S19	24	4
NOV-S19	25	4
NOV-S19	26	4
NOV-S19	27	4
NOV-S19	28	4
NOV-S19	29	4
NOV-S19	30	4
NOV-S19	31	1
NOV-S19	32	1
NOV-S19	33	1
NOV-S19	34	1
NOV-S19	35	1
NOV-S19	36	1
NOV-S19	37	1
NOV-S19	38	1
NOV-S19	39	1
NOV-S19	40	1
NOV-S19	41	1
NOV-S19	42	1
NOV-S19	43	1
NOV-S19	44	1
NOV-S19	45	1
NOV-S19	46	1
NOV-S19	47	1
NOV-S19	48	1
NOV-S19	49	1
NOV-S19	50	1
NOV-S19	51	1
NOV-S19	52	1
NOV-S19	53	1
NOV-S19	54	1
NOV-S19	55	1
NOV-S19	56	1
NOV-S19	57	1
NOV-S19	58	1
NOV-S19	59	1
NOV-S19	60	1
NOV-S19	61	1
NOV-S19	62	1
NOV-S19	63	1
NOV-S19	64	1
NOV-S19	65	1
NOV-S19	66	1
NOV-S19	67	1
NOV-S19	68	1
NOV-S19	69	1
NOV-S19	70	1
NOV-S19	71	1
NOV-S19	72	1
NOV-S19	73	1
NOV-S19	74	1
NOV-S19	75	1
NOV-S19	76	1
NOV-S19	77	1
NOV-S19	78	1
NOV-S19	79	1
NOV-S19	80	1
NOV-S19	81	1
NOV-S19	82	1
NOV-S19	83	1
NOV-S19	84	1
NOV-S19	85	1
NOV-S19	86	1
NOV-S19	87	1
NOV-S19	88	1
NOV-S20	0	4
NOV-S20	1	4
NOV-S20	2	4
NOV-S20	3	4
NOV-S20	4	4
NOV-S20	5	4
NOV-S20	6	4
NOV-S20	7	4
NOV-S20	8	4
NOV-S20	9	4
NOV-S20	10	4
NOV-S20	11	4
NOV-S20	12	4
NOV-S20	13	4
NOV-S20	14	4
NOV-S20	15	4
NOV-S20	16	4
NOV-S20	17	4
NOV-S20	18	4
NOV-S20	19	4
NOV-S20	20	4
NOV-S20	21	4
NOV-S20	22	4
NOV-S20	23	4
NOV-S20	24	4
NOV-S20	25	4
NOV-S20	26	4
NOV-S20	27	4
NOV-S20	28	4
NOV-S20	29	4
NOV-S20	30	4
NOV-S20	31	1
NOV-S20	32	1
NOV-S20	33	1
NOV-S20	34	1
NOV-S20	35	1
NOV-S20	36	1
NOV-S20	37	1
NOV-S20	38	1
NOV-S20	39	1
NOV-S20	40	1
NOV-S20	41	1
NOV-S20	42	1
NOV-S20	43	1
NOV-S20	44	1
NOV-S20	45	1
NOV-S20	46	1
NOV-S20	47	1
NOV-S20	48	1
NOV-S20	49	1
NOV-S20	50	1
NOV-S20	51	1
NOV-S20	52	1
NOV-S20	53	1
NOV-S20	54	1
NOV-S20	55	1
NOV-S20	56	1
NOV-S20	57	1
NOV-S20	58	1
NOV-S20	59	1
NOV-S20	60	1
NOV-S20	61	1
NOV-S20	62	1
NOV-S20	63	1
NOV-S20	64	1
NOV-S20	65	1
NOV-S20	66	1
NOV-S20	67	1
NOV-S20	68	1
NOV-S20	69	1
NOV-S20	70	1
NOV-S20	71	1
NOV-S20	72	1
NOV-S20	73	1
NOV-S20	74	1
NOV-S20	75	1
NOV-S20	76	1
NOV-S20	77	1
NOV-S20	78	1
NOV-S20	79	1
NOV-S20	80	1
NOV-S20	81	1
NOV-S20	82	1
NOV-S20	83	1
NOV-S20	84	1
NOV-S20	85	1
NOV-S20	86	1
NOV-S20	87	1
NOV-S20	88	1
NOV-S21	0	4
NOV-S21	1	4
NOV-S21	2	4
NOV-S21	3	4
NOV-S21	4	4
NOV-S21	5	4
NOV-S21	6	4
NOV-S21	7	4
NOV-S21	8	4
NOV-S21	9	4
NOV-S21	10	4
NOV-S21	11	4
NOV-S21	12	4
NOV-S21	13	4
NOV-S21	14	4
NOV-S21	15	4
NOV-S21	16	4
NOV-S21	17	4
NOV-S21	18	4
NOV-S21	19	4
NOV-S21	20	4
NOV-S21	21	4
NOV-S21	22	4
NOV-S21	23	4
NOV-S21	24	4
NOV-S21	25	4
NOV-S21	26	4
NOV-S21	27	4
NOV-S21	28	4
NOV-S21	29	4
NOV-S21	30	4
NOV-S21	31	1
NOV-S21	32	1
NOV-S21	33	1
NOV-S21	34	1
NOV-S21	35	1
NOV-S21	36	1
NOV-S21	37	1
NOV-S21	38	1
NOV-S21	39	1
NOV-S21	40	1
NOV-S21	41	1
NOV-S21	42	1
NOV-S21	43	1
NOV-S21	44	1
NOV-S21	45	1
NOV-S21	46	1
NOV-S21	47	1
NOV-S21	48	1
NOV-S21	49	1
NOV-S21	50	1
NOV-S21	51	1
NOV-S21	52	1
NOV-S21	53	1
NOV-S21	54	1
NOV-S21	55	1
NOV-S21	56	1
NOV-S21	57	1
NOV-S21	58	1
NOV-S21	59	1
NOV-S21	60	1
NOV-S21	61	1
NOV-S21	62	1
NOV-S21	63	1
NOV-S21	64	1
NOV-S21	65	1
NOV-S21	66	1
NOV-S21	67	1
NOV-S21	68	1
NOV-S21	69	1
NOV-S21	70	1
NOV-S21	71	1
NOV-S21	72	1
NOV-S21	73	1
NOV-S21	74	1
NOV-S21	75	1
NOV-S21	76	1
NOV-S21	77	1
NOV-S21	78	1
NOV-S21	79	1
NOV-S21	80	1
NOV-S21	81	1
NOV-S21	82	1
NOV-S21	83	1
NOV-S21	84	1
NOV-S21	85	1
NOV-S21	86	1
NOV-S21	87	1
NOV-S21	88	1
NOV-S22	0	4
NOV-S22	1	4
NOV-S22	2	4
NOV-S22	3	4
NOV-S22	4	4
NOV-S22	5	4
NOV-S22	6	4
NOV-S22	7	4
NOV-S22	8	4
NOV-S22	9	4
NOV-S22	10	4
NOV-S22	11	4
NOV-S22	12	4
NOV-S22	13	4
NOV-S22	14	4
NOV-S22	15	4
NOV-S22	16	4
NOV-S22	17	4
NOV-S22	18	4
NOV-S22	19	4
NOV-S22	20	4
NOV-S22	21	4
NOV-S22	22	4
NOV-S22	23	4
NOV-S22	24	4
NOV-S22	25	4
NOV-S22	26	4
NOV-S22	27	4
NOV-S22	28	4
NOV-S22	29	4
NOV-S22	30	4
NOV-S22	31	1
NOV-S22	32	1
NOV-S22	33	1
NOV-S22	34	1
NOV-S22	35	1
NOV-S22	36	1
NOV-S22	37	1
NOV-S22	38	1
NOV-S22	39	1
NOV-S22	40	1
NOV-S22	41	1
NOV-S22	42	1
NOV-S22	43	1
NOV-S22	44	1
NOV-S22	45	1
NOV-S22	46	1
NOV-S22	47	1
NOV-S22	48	1
NOV-S22	49	1
NOV-S22	50	1
NOV-S22	51	1
NOV-S22	52	1
NOV-S22	53	1
NOV-S22	54	1
NOV-S22	55	1
NOV-S22	56	1
NOV-S22	57	1
NOV-S22	58	1
NOV-S22	59	1
NOV-S22	60	1
NOV-S22	61	1
NOV-S22	62	1
NOV-S22	63	1
NOV-S22	64	1
NOV-S22	65	1
NOV-S22	66	1
NOV-S22	67	1
NOV-S22	68	1
NOV-S22	69	1
NOV-S22	70	1
NOV-S22	71	1
NOV-S22	72	1
NOV-S22	73	1
NOV-S22	74	1
NOV-S22	75	1
NOV-S22	76	1
NOV-S22	77	1
NOV-S22	78	1
NOV-S22	79	1
NOV-S22	80	1
NOV-S22	81	1
NOV-S22	82	1
NOV-S22	83	1
NOV-S22	84	1
NOV-S22	85	1
NOV-S22	86	1
NOV-S22	87	1
NOV-S22	88	1
NOV-S23	0	4
NOV-S23	1	4
NOV-S23	2	4
NOV-S23	3	4
NOV-S23	4	4
NOV-S23	5	4
NOV-S23	6	4
NOV-S23	7	4
NOV-S23	8	4
NOV-S23	9	4
NOV-S23	10	4
NOV-S23	11	4
NOV-S23	12	4
NOV-S23	13	4
NOV-S23	14	4
NOV-S23	15	4
NOV-S23	16	4
NOV-S23	17	4
NOV-S23	18	4
NOV-S23	19	4
NOV-S23	20	4
NOV-S23	21	4
NOV-S23	22	4
NOV-S23	23	4
NOV-S23	24	4
NOV-S23	25	4
NOV-S23	26	4
NOV-S23	27	4
NOV-S23	28	4
NOV-S23	29	4
NOV-S23	30	4
NOV-S23	31	1
NOV-S23	32	1
NOV-S23	33	1
NOV-S23	34	1
NOV-S23	35	1
NOV-S23	36	1
NOV-S23	37	1
NOV-S23	38	1
NOV-S23	39	1
NOV-S23	40	1
NOV-S23	41	1
NOV-S23	42	1
NOV-S23	43	1
NOV-S23	44	1
NOV-S23	45	1
NOV-S23	46	1
NOV-S23	47	1
NOV-S23	48	1
NOV-S23	49	1
NOV-S23	50	1
NOV-S23	51	1
NOV-S23	52	1
NOV-S23	53	1
NOV-S23	54	1
NOV-S23	55	1
NOV-S23	56	1
NOV-S23	57	1
NOV-S23	58	1
NOV-S23	59	1
NOV-S23	60	1
NOV-S23	61	1
NOV-S23	62	1
NOV-S23	63	1
NOV-S23	64	1
NOV-S23	65	1
NOV-S23	66	1
NOV-S23	67	1
NOV-S23	68	1
NOV-S23	69	1
NOV-S23	70	1
NOV-S23	71	1
NOV-S23	72	1
NOV-S23	73	1
NOV-S23	74	1
NOV-S23	75	1
NOV-S23	76	1
NOV-S23	77	1
NOV-S23	78	1
NOV-S23	79	1
NOV-S23	80	1
NOV-S23	81	1
NOV-S23	82	1
NOV-S23	83	1
NOV-S23	84	1
NOV-S23	85	1
NOV-S23	86	1
NOV-S23	87	1
NOV-S23	88	1
NOV-S24	0	4
NOV-S24	1	4
NOV-S24	2	4
NOV-S24	3	4
NOV-S24	4	4
NOV-S24	5	4
NOV-S24	6	4
NOV-S24	7	4
NOV-S24	8	4
NOV-S24	9	4
NOV-S24	10	4
NOV-S24	11	4
NOV-S24	12	4
NOV-S24	13	4
NOV-S24	14	4
NOV-S24	15	4
NOV-S24	16	4
NOV-S24	17	4
NOV-S24	18	4
NOV-S24	19	4
NOV-S24	20	4
NOV-S24	21	4
NOV-S24	22	4
NOV-S24	23	4
NOV-S24	24	4
NOV-S24	25	4
NOV-S24	26	4
NOV-S24	27	4
NOV-S24	28	4
NOV-S24	29	4
NOV-S24	30	4
NOV-S24	31	1
NOV-S24	32	1
NOV-S24	33	1
NOV-S24	34	1
NOV-S24	35	1
NOV-S24	36	1
NOV-S24	37	1
NOV-S24	38	1
NOV-S24	39	1
NOV-S24	40	1
NOV-S24	41	1
NOV-S24	42	1
NOV-S24	43	1
NOV-S24	44	1
NOV-S24	45	1
NOV-S24	46	1
NOV-S24	47	1
NOV-S24	48	1
NOV-S24	49	1
NOV-S24	50	1
NOV-S24	51	1
NOV-S24	52	1
NOV-S24	53	1
NOV-S24	54	1
NOV-S24	55	1
NOV-S24	56	1
NOV-S24	57	1
NOV-S24	58	1
NOV-S24	59	1
NOV-S24	60	1
NOV-S24	61	1
NOV-S24	62	1
NOV-S24	63	1
NOV-S24	64	1
NOV-S24	65	1
NOV-S24	66	1
NOV-S24	67	1
NOV-S24	68	1
NOV-S24	69	1
NOV-S24	70	1
NOV-S24	71	1
NOV-S24	72	1
NOV-S24	73	1
NOV-S24	74	1
NOV-S24	75	1
NOV-S24	76	1
NOV-S24	77	1
NOV-S24	78	1
NOV-S24	79	1
NOV-S24	80	1
NOV-S24	81	1
NOV-S24	82	1
NOV-S24	83	1
NOV-S24	84	1
NOV-S24	85	1
NOV-S24	86	1
NOV-S24	87	1
NOV-S24	88	1
NOV-S25	0	4
NOV-S25	1	4
NOV-S25	2	4
NOV-S25	3	4
NOV-S25	4	4
NOV-S25	5	4
NOV-S25	6	4
NOV-S25	7	4
NOV-S25	8	4
NOV-S25	9	4
NOV-S25	10	4
NOV-S25	11	4
NOV-S25	12	4
NOV-S25	13	4
NOV-S25	14	4
NOV-S25	15	4
NOV-S25	16	4
NOV-S25	17	4
NOV-S25	18	4
NOV-S25	19	4
NOV-S25	20	4
NOV-S25	21	4
NOV-S25	22	4
NOV-S25	23	4
NOV-S25	24	4
NOV-S25	25	4
NOV-S25	26	4
NOV-S25	27	4
NOV-S25	28	4
NOV-S25	29	4
NOV-S25	30	4
NOV-S25	31	1
NOV-S25	32	1
NOV-S25	33	1
NOV-S25	34	1
NOV-S25	35	1
NOV-S25	36	1
NOV-S25	37	1
NOV-S25	38	1
NOV-S25	39	1
NOV-S25	40	1
NOV-S25	41	1
NOV-S25	42	1
NOV-S25	43	1
NOV-S25	44	1
NOV-S25	45	1
NOV-S25	46	1
NOV-S25	47	1
NOV-S25	48	1
NOV-S25	49	1
NOV-S25	50	1
NOV-S25	51	1
NOV-S25	52	1
NOV-S25	53	1
NOV-S25	54	1
NOV-S25	55	1
NOV-S25	56	1
NOV-S25	57	1
NOV-S25	58	1
NOV-S25	59	1
NOV-S25	60	1
NOV-S25	61	1
NOV-S25	62	1
NOV-S25	63	1
NOV-S25	64	1
NOV-S25	65	1
NOV-S25	66	1
NOV-S25	67	1
NOV-S25	68	1
NOV-S25	69	1
NOV-S25	70	1
NOV-S25	71	1
NOV-S25	72	1
NOV-S25	73	1
NOV-S25	74	1
NOV-S25	75	1
NOV-S25	76	1
NOV-S25	77	1
NOV-S25	78	1
NOV-S25	79	1
NOV-S25	80	1
NOV-S25	81	1
NOV-S25	82	1
NOV-S25	83	1
NOV-S25	84	1
NOV-S25	85	1
NOV-S25	86	1
NOV-S25	87	1
NOV-S25	88	1
NOV-S26	0	4
NOV-S26	1	4
NOV-S26	2	4
NOV-S26	3	4
NOV-S26	4	4
NOV-S26	5	4
NOV-S26	6	4
NOV-S26	7	4
NOV-S26	8	4
NOV-S26	9	4
NOV-S26	10	4
NOV-S26	11	4
NOV-S26	12	4
NOV-S26	13	4
NOV-S26	14	4
NOV-S26	15	4
NOV-S26	16	4
NOV-S26	17	4
NOV-S26	18	4
NOV-S26	19	4
NOV-S26	20	4
NOV-S26	21	4
NOV-S26	22	4
NOV-S26	23	4
NOV-S26	24	4
NOV-S26	25	4
NOV-S26	26	4
NOV-S26	27	4
NOV-S26	28	4
NOV-S26	29	4
NOV-S26	30	4
NOV-S26	31	1
NOV-S26	32	1
NOV-S26	33	1
NOV-S26	34	1
NOV-S26	35	1
NOV-S26	36	1
NOV-S26	37	1
NOV-S26	38	1
NOV-S26	39	1
NOV-S26	40	1
NOV-S26	41	1
NOV-S26	42	1
NOV-S26	43	1
NOV-S26	44	1
NOV-S26	45	1
NOV-S26	46	1
NOV-S26	47	1
NOV-S26	48	1
NOV-S26	49	1
NOV-S26	50	1
NOV-S26	51	1
NOV-S26	52	1
NOV-S26	53	1
NOV-S26	54	1
NOV-S26	55	1
NOV-S26	56	1
NOV-S26	57	1
NOV-S26	58	1
NOV-S26	59	1
NOV-S26	60	1
NOV-S26	61	1
NOV-S26	62	1
NOV-S26	63	1
NOV-S26	64	1
NOV-S26	65	1
NOV-S26	66	1
NOV-S26	67	1
NOV-S26	68	1
NOV-S26	69	1
NOV-S26	70	1
NOV-S26	71	1
NOV-S26	72	1
NOV-S26	73	1
NOV-S26	74	1
NOV-S26	75	1
NOV-S26	76	1
NOV-S26	77	1
NOV-S26	78	1
NOV-S26	79	1
NOV-S26	80	1
NOV-S26	81	1
NOV-S26	82	1
NOV-S26	83	1
NOV-S26	84	1
NOV-S26	85	1
NOV-S26	86	1
NOV-S26	87	1
NOV-S26	88	1
NOV-S27	0	4
NOV-S27	1	4
NOV-S27	2	4
NOV-S27	3	4
NOV-S27	4	4
NOV-S27	5	4
NOV-S27	6	4
NOV-S27	7	4
NOV-S27	8	4
NOV-S27	9	4
NOV-S27	10	4
NOV-S27	11	4
NOV-S27	12	4
NOV-S27	13	4
NOV-S27	14	4
NOV-S27	15	4
NOV-S27	16	4
NOV-S27	17	4
NOV-S27	18	4
NOV-S27	19	4
NOV-S27	20	4
NOV-S27	21	4
NOV-S27	22	4
NOV-S27	23	4
NOV-S27	24	4
NOV-S27	25	4
NOV-S27	26	4
NOV-S27	27	4
NOV-S27	28	4
NOV-S27	29	4
NOV-S27	30	4
NOV-S27	31	1
NOV-S27	32	1
NOV-S27	33	1
NOV-S27	34	1
NOV-S27	35	1
NOV-S27	36	1
NOV-S27	37	1
NOV-S27	38	1
NOV-S27	39	1
NOV-S27	40	1
NOV-S27	41	1
NOV-S27	42	1
NOV-S27	43	1
NOV-S27	44	1
NOV-S27	45	1
NOV-S27	46	1
NOV-S27	47	1
NOV-S27	48	1
NOV-S27	49	1
NOV-S27	50	1
NOV-S27	51	1
NOV-S27	52	1
NOV-S27	53	1
NOV-S27	54	1
NOV-S27	55	1
NOV-S27	56	1
NOV-S27	57	1
NOV-S27	58	1
NOV-S27	59	1
NOV-S27	60	1
NOV-S27	61	1
NOV-S27	62	1
NOV-S27	63	1
NOV-S27	64	1
NOV-S27	65	1
NOV-S27	66	1
NOV-S27	67	1
NOV-S27	68	1
NOV-S27	69	1
NOV-S27	70	1
NOV-S27	71	1
NOV-S27	72	1
NOV-S27	73	1
NOV-S27	74	1
NOV-S27	75	1
NOV-S27	76	1
NOV-S27	77	1
NOV-S27	78	1
NOV-S27	79	1
NOV-S27	80	1
NOV-S27	81	1
NOV-S27	82	1
NOV-S27	83	1
NOV-S27	84	1
NOV-S27	85	1
NOV-S27	86	1
NOV-S27	87	1
NOV-S27	88	1
NOV-S28	0	4
NOV-S28	1	4
NOV-S28	2	4
NOV-S28	3	4
NOV-S28	4	4
NOV-S28	5	4
NOV-S28	6	4
NOV-S28	7	4
NOV-S28	8	4
NOV-S28	9	4
NOV-S28	10	4
NOV-S28	11	4
NOV-S28	12	4
NOV-S28	13	4
NOV-S28	14	4
NOV-S28	15	4
NOV-S28	16	4
NOV-S28	17	4
NOV-S28	18	4
NOV-S28	19	4
NOV-S28	20	4
NOV-S28	21	4
NOV-S28	22	4
NOV-S28	23	4
NOV-S28	24	4
NOV-S28	25	4
NOV-S28	26	4
NOV-S28	27	4
NOV-S28	28	4
NOV-S28	29	4
NOV-S28	30	4
NOV-S28	31	1
NOV-S28	32	1
NOV-S28	33	1
NOV-S28	34	1
NOV-S28	35	1
NOV-S28	36	1
NOV-S28	37	1
NOV-S28	38	1
NOV-S28	39	1
NOV-S28	40	1
NOV-S28	41	1
NOV-S28	42	1
NOV-S28	43	1
NOV-S28	44	1
NOV-S28	45	1
NOV-S28	46	1
NOV-S28	47	1
NOV-S28	48	1
NOV-S28	49	1
NOV-S28	50	1
NOV-S28	51	1
NOV-S28	52	1
NOV-S28	53	1
NOV-S28	54	1
NOV-S28	55	1
NOV-S28	56	1
NOV-S28	57	1
NOV-S28	58	1
NOV-S28	59	1
NOV-S28	60	1
NOV-S28	61	1
NOV-S28	62	1
NOV-S28	63	1
NOV-S28	64	1
NOV-S28	65	1
NOV-S28	66	1
NOV-S28	67	1
NOV-S28	68	1
NOV-S28	69	1
NOV-S28	70	1
NOV-S28	71	1
NOV-S28	72	1
NOV-S28	73	1
NOV-S28	74	1
NOV-S28	75	1
NOV-S28	76	1
NOV-S28	77	1
NOV-S28	78	1
NOV-S28	79	1
NOV-S28	80	1
NOV-S28	81	1
NOV-S28	82	1
NOV-S28	83	1
NOV-S28	84	1
NOV-S28	85	1
NOV-S28	86	1
NOV-S28	87	1
NOV-S28	88	1
NOV-S29	0	4
NOV-S29	1	4
NOV-S29	2	4
NOV-S29	3	4
NOV-S29	4	4
NOV-S29	5	4
NOV-S29	6	4
NOV-S29	7	4
NOV-S29	8	4
NOV-S29	9	4
NOV-S29	10	4
NOV-S29	11	4
NOV-S29	12	4
NOV-S29	13	4
NOV-S29	14	4
NOV-S29	15	4
NOV-S29	16	4
NOV-S29	17	4
NOV-S29	18	4
NOV-S29	19	4
NOV-S29	20	4
NOV-S29	21	4
NOV-S29	22	4
NOV-S29	23	4
NOV-S29	24	4
NOV-S29	25	4
NOV-S29	26	4
NOV-S29	27	4
NOV-S29	28	4
NOV-S29	29	4
NOV-S29	30	4
NOV-S29	31	1
NOV-S29	32	1
NOV-S29	33	1
NOV-S29	34	1
NOV-S29	35	1
NOV-S29	36	1
NOV-S29	37	1
NOV-S29	38	1
NOV-S29	39	1
NOV-S29	40	1
NOV-S29	41	1
NOV-S29	42	1
NOV-S29	43	1
NOV-S29	44	1
NOV-S29	45	1
NOV-S29	46	1
NOV-S29	47	1
NOV-S29	48	1
NOV-S29	49	1
NOV-S29	50	1
NOV-S29	51	1
NOV-S29	52	1
NOV-S29	53	1
NOV-S29	54	1
NOV-S29	55	1
NOV-S29	56	1
NOV-S29	57	1
NOV-S29	58	1
NOV-S29	59	1
NOV-S29	60	1
NOV-S29	61	1
NOV-S29	62	1
NOV-S29	63	1
NOV-S29	64	1
NOV-S29	65	1
NOV-S29	66	1
NOV-S29	67	1
NOV-S29	68	1
NOV-S29	69	1
NOV-S29	70	1
NOV-S29	71	1
NOV-S29	72	1
NOV-S29	73	1
NOV-S29	74	1
NOV-S29	75	1
NOV-S29	76	1
NOV-S29	77	1
NOV-S29	78	1
NOV-S29	79	1
NOV-S29	80	1
NOV-S29	81	1
NOV-S29	82	1
NOV-S29	83	1
NOV-S29	84	1
NOV-S29	85	1
NOV-S29	86	1
NOV-S29	87	1
NOV-S29	88	1
NOV-S30	0	4
NOV-S30	1	4
NOV-S30	2	4
NOV-S30	3	4
NOV-S30	4	4
NOV-S30	5	4
NOV-S30	6	4
NOV-S30	7	4
NOV-S30	8	4
NOV-S30	9	4
NOV-S30	10	4
NOV-S30	11	4
NOV-S30	12	4
NOV-S30	13	4
NOV-S30	14	4
NOV-S30	15	4
NOV-S30	16	4
NOV-S30	17	4
NOV-S30	18	4
NOV-S30	19	4
NOV-S30	20	4
NOV-S30	21	4
NOV-S30	22	4
NOV-S30	23	4
NOV-S30	24	4
NOV-S30	25	4
NOV-S30	26	4
NOV-S30	27	4
NOV-S30	28	4
NOV-S30	29	4
NOV-S30	30	4
NOV-S30	31	1
NOV-S30	32	1
NOV-S30	33	1
NOV-S30	34	1
NOV-S30	35	1
NOV-S30	36	1
NOV-S30	37	1
NOV-S30	38	1
NOV-S30	39	1
NOV-S30	40	1
NOV-S30	41	1
NOV-S30	42	1
NOV-S30	43	1
NOV-S30	44	1
NOV-S30	45	1
NOV-S30	46	1
NOV-S30	47	1
NOV-S30	48	1
NOV-S30	49	1
NOV-S30	50	1
NOV-S30	51	1
NOV-S30	52	1
NOV-S30	53	1
NOV-S30	54	1
NOV-S30	55	1
NOV-S30	56	1
NOV-S30	57	1
NOV-S30	58	1
NOV-S30	59	1
NOV-S30	60	1
NOV-S30	61	1
NOV-S30	62	1
NOV-S30	63	1
NOV-S30	64	1
NOV-S30	65	1
NOV-S30	66	1
NOV-S30	67	1
NOV-S30	68	1
NOV-S30	69	1
NOV-S30	70	1
NOV-S30	71	1
NOV-S30	72	1
NOV-S30	73	1
NOV-S30	74	1
NOV-S30	75	1
NOV-S30	76	1
NOV-S30	77	1
NOV-S30	78	1
NOV-S30	79	1
NOV-S30	80	1
NOV-S30	81	1
NOV-S30	82	1
NOV-S30	83	1
NOV-S30	84	1
NOV-S30	85	1
NOV-S30	86	1
NOV-S30	87	1
NOV-S30	88	1
NOV-O01	0	4
NOV-O01	1	4
NOV-O01	2	4
NOV-O01	3	4
NOV-O01	4	4
NOV-O01	5	4
NOV-O01	6	4
NOV-O01	7	4
NOV-O01	8	4
NOV-O01	9	4
NOV-O01	10	4
NOV-O01	11	4
NOV-O01	12	4
NOV-O01	13	4
NOV-O01	14	4
NOV-O01	15	4
NOV-O01	16	4
NOV-O01	17	4
NOV-O01	18	4
NOV-O01	19	4
NOV-O01	20	4
NOV-O01	21	4
NOV-O01	22	4
NOV-O01	23	4
NOV-O01	24	4
NOV-O01	25	4
NOV-O01	26	4
NOV-O01	27	4
NOV-O01	28	4
NOV-O01	29	4
NOV-O01	30	4
NOV-O01	31	1
NOV-O01	32	1
NOV-O01	33	1
NOV-O01	34	1
NOV-O01	35	1
NOV-O01	36	1
NOV-O01	37	1
NOV-O01	38	1
NOV-O01	39	1
NOV-O01	40	1
NOV-O01	41	1
NOV-O01	42	1
NOV-O01	43	1
NOV-O01	44	1
NOV-O01	45	1
NOV-O01	46	1
NOV-O01	47	1
NOV-O01	48	1
NOV-O01	49	1
NOV-O01	50	1
NOV-O01	51	1
NOV-O01	52	1
NOV-O01	53	1
NOV-O01	54	1
NOV-O01	55	1
NOV-O01	56	1
NOV-O01	57	1
NOV-O01	58	1
NOV-O01	59	1
NOV-O01	60	1
NOV-O01	61	1
NOV-O01	62	1
NOV-O01	63	1
NOV-O01	64	1
NOV-O01	65	1
NOV-O01	66	1
NOV-O01	67	1
NOV-O01	68	1
NOV-O01	69	1
NOV-O01	70	1
NOV-O01	71	1
NOV-O01	72	1
NOV-O01	73	1
NOV-O01	74	1
NOV-O01	75	1
NOV-O01	76	1
NOV-O01	77	1
NOV-O01	78	1
NOV-O01	79	1
NOV-O01	80	1
NOV-O01	81	1
NOV-O01	82	1
NOV-O01	83	1
NOV-O01	84	1
NOV-O01	85	1
NOV-O01	86	1
NOV-O01	87	1
NOV-O01	88	1
NOV-O02	0	4
NOV-O02	1	4
NOV-O02	2	4
NOV-O02	3	4
NOV-O02	4	4
NOV-O02	5	4
NOV-O02	6	4
NOV-O02	7	4
NOV-O02	8	4
NOV-O02	9	4
NOV-O02	10	4
NOV-O02	11	4
NOV-O02	12	4
NOV-O02	13	4
NOV-O02	14	4
NOV-O02	15	4
NOV-O02	16	4
NOV-O02	17	4
NOV-O02	18	4
NOV-O02	19	4
NOV-O02	20	4
NOV-O02	21	4
NOV-O02	22	4
NOV-O02	23	4
NOV-O02	24	4
NOV-O02	25	4
NOV-O02	26	4
NOV-O02	27	4
NOV-O02	28	4
NOV-O02	29	4
NOV-O02	30	4
NOV-O02	31	1
NOV-O02	32	1
NOV-O02	33	1
NOV-O02	34	1
NOV-O02	35	1
NOV-O02	36	1
NOV-O02	37	1
NOV-O02	38	1
NOV-O02	39	1
NOV-O02	40	1
NOV-O02	41	1
NOV-O02	42	1
NOV-O02	43	1
NOV-O02	44	1
NOV-O02	45	1
NOV-O02	46	1
NOV-O02	47	1
NOV-O02	48	1
NOV-O02	49	1
NOV-O02	50	1
NOV-O02	51	1
NOV-O02	52	1
NOV-O02	53	1
NOV-O02	54	1
NOV-O02	55	1
NOV-O02	56	1
NOV-O02	57	1
NOV-O02	58	1
NOV-O02	59	1
NOV-O02	60	1
NOV-O02	61	1
NOV-O02	62	1
NOV-O02	63	1
NOV-O02	64	1
NOV-O02	65	1
NOV-O02	66	1
NOV-O02	67	1
NOV-O02	68	1
NOV-O02	69	1
NOV-O02	70	1
NOV-O02	71	1
NOV-O02	72	1
NOV-O02	73	1
NOV-O02	74	1
NOV-O02	75	1
NOV-O02	76	1
NOV-O02	77	1
NOV-O02	78	1
NOV-O02	79	1
NOV-O02	80	1
NOV-O02	81	1
NOV-O02	82	1
NOV-O02	83	1
NOV-O02	84	1
NOV-O02	85	1
NOV-O02	86	1
NOV-O02	87	1
NOV-O02	88	1
NOV-O03	0	4
NOV-O03	1	4
NOV-O03	2	4
NOV-O03	3	4
NOV-O03	4	4
NOV-O03	5	4
NOV-O03	6	4
NOV-O03	7	4
NOV-O03	8	4
NOV-O03	9	4
NOV-O03	10	4
NOV-O03	11	4
NOV-O03	12	4
NOV-O03	13	4
NOV-O03	14	4
NOV-O03	15	4
NOV-O03	16	4
NOV-O03	17	4
NOV-O03	18	4
NOV-O03	19	4
NOV-O03	20	4
NOV-O03	21	4
NOV-O03	22	4
NOV-O03	23	4
NOV-O03	24	4
NOV-O03	25	4
NOV-O03	26	4
NOV-O03	27	4
NOV-O03	28	4
NOV-O03	29	4
NOV-O03	30	4
NOV-O03	31	1
NOV-O03	32	1
NOV-O03	33	1
NOV-O03	34	1
NOV-O03	35	1
NOV-O03	36	1
NOV-O03	37	1
NOV-O03	38	1
NOV-O03	39	1
NOV-O03	40	1
NOV-O03	41	1
NOV-O03	42	1
NOV-O03	43	1
NOV-O03	44	1
NOV-O03	45	1
NOV-O03	46	1
NOV-O03	47	1
NOV-O03	48	1
NOV-O03	49	1
NOV-O03	50	1
NOV-O03	51	1
NOV-O03	52	1
NOV-O03	53	1
NOV-O03	54	1
NOV-O03	55	1
NOV-O03	56	1
NOV-O03	57	1
NOV-O03	58	1
NOV-O03	59	1
NOV-O03	60	1
NOV-O03	61	1
NOV-O03	62	1
NOV-O03	63	1
NOV-O03	64	1
NOV-O03	65	1
NOV-O03	66	1
NOV-O03	67	1
NOV-O03	68	1
NOV-O03	69	1
NOV-O03	70	1
NOV-O03	71	1
NOV-O03	72	1
NOV-O03	73	1
NOV-O03	74	1
NOV-O03	75	1
NOV-O03	76	1
NOV-O03	77	1
NOV-O03	78	1
NOV-O03	79	1
NOV-O03	80	1
NOV-O03	81	1
NOV-O03	82	1
NOV-O03	83	1
NOV-O03	84	1
NOV-O03	85	1
NOV-O03	86	1
NOV-O03	87	1
NOV-O03	88	1
NOV-O04	0	4
NOV-O04	1	4
NOV-O04	2	4
NOV-O04	3	4
NOV-O04	4	4
NOV-O04	5	4
NOV-O04	6	4
NOV-O04	7	4
NOV-O04	8	4
NOV-O04	9	4
NOV-O04	10	4
NOV-O04	11	4
NOV-O04	12	4
NOV-O04	13	4
NOV-O04	14	4
NOV-O04	15	4
NOV-O04	16	4
NOV-O04	17	4
NOV-O04	18	4
NOV-O04	19	4
NOV-O04	20	4
NOV-O04	21	4
NOV-O04	22	4
NOV-O04	23	4
NOV-O04	24	4
NOV-O04	25	4
NOV-O04	26	4
NOV-O04	27	4
NOV-O04	28	4
NOV-O04	29	4
NOV-O04	30	4
NOV-O04	31	1
NOV-O04	32	1
NOV-O04	33	1
NOV-O04	34	1
NOV-O04	35	1
NOV-O04	36	1
NOV-O04	37	1
NOV-O04	38	1
NOV-O04	39	1
NOV-O04	40	1
NOV-O04	41	1
NOV-O04	42	1
NOV-O04	43	1
NOV-O04	44	1
NOV-O04	45	1
NOV-O04	46	1
NOV-O04	47	1
NOV-O04	48	1
NOV-O04	49	1
NOV-O04	50	1
NOV-O04	51	1
NOV-O04	52	1
NOV-O04	53	1
NOV-O04	54	1
NOV-O04	55	1
NOV-O04	56	1
NOV-O04	57	1
NOV-O04	58	1
NOV-O04	59	1
NOV-O04	60	1
NOV-O04	61	1
NOV-O04	62	1
NOV-O04	63	1
NOV-O04	64	1
NOV-O04	65	1
NOV-O04	66	1
NOV-O04	67	1
NOV-O04	68	1
NOV-O04	69	1
NOV-O04	70	1
NOV-O04	71	1
NOV-O04	72	1
NOV-O04	73	1
NOV-O04	74	1
NOV-O04	75	1
NOV-O04	76	1
NOV-O04	77	1
NOV-O04	78	1
NOV-O04	79	1
NOV-O04	80	1
NOV-O04	81	1
NOV-O04	82	1
NOV-O04	83	1
NOV-O04	84	1
NOV-O04	85	1
NOV-O04	86	1
NOV-O04	87	1
NOV-O04	88	1
NOV-O05	0	4
NOV-O05	1	4
NOV-O05	2	4
NOV-O05	3	4
NOV-O05	4	4
NOV-O05	5	4
NOV-O05	6	4
NOV-O05	7	4
NOV-O05	8	4
NOV-O05	9	4
NOV-O05	10	4
NOV-O05	11	4
NOV-O05	12	4
NOV-O05	13	4
NOV-O05	14	4
NOV-O05	15	4
NOV-O05	16	4
NOV-O05	17	4
NOV-O05	18	4
NOV-O05	19	4
NOV-O05	20	4
NOV-O05	21	4
NOV-O05	22	4
NOV-O05	23	4
NOV-O05	24	4
NOV-O05	25	4
NOV-O05	26	4
NOV-O05	27	4
NOV-O05	28	4
NOV-O05	29	4
NOV-O05	30	4
NOV-O05	31	1
NOV-O05	32	1
NOV-O05	33	1
NOV-O05	34	1
NOV-O05	35	1
NOV-O05	36	1
NOV-O05	37	1
NOV-O05	38	1
NOV-O05	39	1
NOV-O05	40	1
NOV-O05	41	1
NOV-O05	42	1
NOV-O05	43	1
NOV-O05	44	1
NOV-O05	45	1
NOV-O05	46	1
NOV-O05	47	1
NOV-O05	48	1
NOV-O05	49	1
NOV-O05	50	1
NOV-O05	51	1
NOV-O05	52	1
NOV-O05	53	1
NOV-O05	54	1
NOV-O05	55	1
NOV-O05	56	1
NOV-O05	57	1
NOV-O05	58	1
NOV-O05	59	1
NOV-O05	60	1
NOV-O05	61	1
NOV-O05	62	1
NOV-O05	63	1
NOV-O05	64	1
NOV-O05	65	1
NOV-O05	66	1
NOV-O05	67	1
NOV-O05	68	1
NOV-O05	69	1
NOV-O05	70	1
NOV-O05	71	1
NOV-O05	72	1
NOV-O05	73	1
NOV-O05	74	1
NOV-O05	75	1
NOV-O05	76	1
NOV-O05	77	1
NOV-O05	78	1
NOV-O05	79	1
NOV-O05	80	1
NOV-O05	81	1
NOV-O05	82	1
NOV-O05	83	1
NOV-O05	84	1
NOV-O05	85	1
NOV-O05	86	1
NOV-O05	87	1
NOV-O05	88	1
NOV-O06	0	4
NOV-O06	1	4
NOV-O06	2	4
NOV-O06	3	4
NOV-O06	4	4
NOV-O06	5	4
NOV-O06	6	4
NOV-O06	7	4
NOV-O06	8	4
NOV-O06	9	4
NOV-O06	10	4
NOV-O06	11	4
NOV-O06	12	4
NOV-O06	13	4
NOV-O06	14	4
NOV-O06	15	4
NOV-O06	16	4
NOV-O06	17	4
NOV-O06	18	4
NOV-O06	19	4
NOV-O06	20	4
NOV-O06	21	4
NOV-O06	22	4
NOV-O06	23	4
NOV-O06	24	4
NOV-O06	25	4
NOV-O06	26	4
NOV-O06	27	4
NOV-O06	28	4
NOV-O06	29	4
NOV-O06	30	4
NOV-O06	31	1
NOV-O06	32	1
NOV-O06	33	1
NOV-O06	34	1
NOV-O06	35	1
NOV-O06	36	1
NOV-O06	37	1
NOV-O06	38	1
NOV-O06	39	1
NOV-O06	40	1
NOV-O06	41	1
NOV-O06	42	1
NOV-O06	43	1
NOV-O06	44	1
NOV-O06	45	1
NOV-O06	46	1
NOV-O06	47	1
NOV-O06	48	1
NOV-O06	49	1
NOV-O06	50	1
NOV-O06	51	1
NOV-O06	52	1
NOV-O06	53	1
NOV-O06	54	1
NOV-O06	55	1
NOV-O06	56	1
NOV-O06	57	1
NOV-O06	58	1
NOV-O06	59	1
NOV-O06	60	1
NOV-O06	61	1
NOV-O06	62	1
NOV-O06	63	1
NOV-O06	64	1
NOV-O06	65	1
NOV-O06	66	1
NOV-O06	67	1
NOV-O06	68	1
NOV-O06	69	1
NOV-O06	70	1
NOV-O06	71	1
NOV-O06	72	1
NOV-O06	73	1
NOV-O06	74	1
NOV-O06	75	1
NOV-O06	76	1
NOV-O06	77	1
NOV-O06	78	1
NOV-O06	79	1
NOV-O06	80	1
NOV-O06	81	1
NOV-O06	82	1
NOV-O06	83	1
NOV-O06	84	1
NOV-O06	85	1
NOV-O06	86	1
NOV-O06	87	1
NOV-O06	88	1
NOV-O07	0	4
NOV-O07	1	4
NOV-O07	2	4
NOV-O07	3	4
NOV-O07	4	4
NOV-O07	5	4
NOV-O07	6	4
NOV-O07	7	4
NOV-O07	8	4
NOV-O07	9	4
NOV-O07	10	4
NOV-O07	11	4
NOV-O07	12	4
NOV-O07	13	4
NOV-O07	14	4
NOV-O07	15	4
NOV-O07	16	4
NOV-O07	17	4
NOV-O07	18	4
NOV-O07	19	4
NOV-O07	20	4
NOV-O07	21	4
NOV-O07	22	4
NOV-O07	23	4
NOV-O07	24	4
NOV-O07	25	4
NOV-O07	26	4
NOV-O07	27	4
NOV-O07	28	4
NOV-O07	29	4
NOV-O07	30	4
NOV-O07	31	1
NOV-O07	32	1
NOV-O07	33	1
NOV-O07	34	1
NOV-O07	35	1
NOV-O07	36	1
NOV-O07	37	1
NOV-O07	38	1
NOV-O07	39	1
NOV-O07	40	1
NOV-O07	41	1
NOV-O07	42	1
NOV-O07	43	1
NOV-O07	44	1
NOV-O07	45	1
NOV-O07	46	1
NOV-O07	47	1
NOV-O07	48	1
NOV-O07	49	1
NOV-O07	50	1
NOV-O07	51	1
NOV-O07	52	1
NOV-O07	53	1
NOV-O07	54	1
NOV-O07	55	1
NOV-O07	56	1
NOV-O07	57	1
NOV-O07	58	1
NOV-O07	59	1
NOV-O07	60	1
NOV-O07	61	1
NOV-O07	62	1
NOV-O07	63	1
NOV-O07	64	1
NOV-O07	65	1
NOV-O07	66	1
NOV-O07	67	1
NOV-O07	68	1
NOV-O07	69	1
NOV-O07	70	1
NOV-O07	71	1
NOV-O07	72	1
NOV-O07	73	1
NOV-O07	74	1
NOV-O07	75	1
NOV-O07	76	1
NOV-O07	77	1
NOV-O07	78	1
NOV-O07	79	1
NOV-O07	80	1
NOV-O07	81	1
NOV-O07	82	1
NOV-O07	83	1
NOV-O07	84	1
NOV-O07	85	1
NOV-O07	86	1
NOV-O07	87	1
NOV-O07	88	1
NOV-O08	0	4
NOV-O08	1	4
NOV-O08	2	4
NOV-O08	3	4
NOV-O08	4	4
NOV-O08	5	4
NOV-O08	6	4
NOV-O08	7	4
NOV-O08	8	4
NOV-O08	9	4
NOV-O08	10	4
NOV-O08	11	4
NOV-O08	12	4
NOV-O08	13	4
NOV-O08	14	4
NOV-O08	15	4
NOV-O08	16	4
NOV-O08	17	4
NOV-O08	18	4
NOV-O08	19	4
NOV-O08	20	4
NOV-O08	21	4
NOV-O08	22	4
NOV-O08	23	4
NOV-O08	24	4
NOV-O08	25	4
NOV-O08	26	4
NOV-O08	27	4
NOV-O08	28	4
NOV-O08	29	4
NOV-O08	30	4
NOV-O08	31	1
NOV-O08	32	1
NOV-O08	33	1
NOV-O08	34	1
NOV-O08	35	1
NOV-O08	36	1
NOV-O08	37	1
NOV-O08	38	1
NOV-O08	39	1
NOV-O08	40	1
NOV-O08	41	1
NOV-O08	42	1
NOV-O08	43	1
NOV-O08	44	1
NOV-O08	45	1
NOV-O08	46	1
NOV-O08	47	1
NOV-O08	48	1
NOV-O08	49	1
NOV-O08	50	1
NOV-O08	51	1
NOV-O08	52	1
NOV-O08	53	1
NOV-O08	54	1
NOV-O08	55	1
NOV-O08	56	1
NOV-O08	57	1
NOV-O08	58	1
NOV-O08	59	1
NOV-O08	60	1
NOV-O08	61	1
NOV-O08	62	1
NOV-O08	63	1
NOV-O08	64	1
NOV-O08	65	1
NOV-O08	66	1
NOV-O08	67	1
NOV-O08	68	1
NOV-O08	69	1
NOV-O08	70	1
NOV-O08	71	1
NOV-O08	72	1
NOV-O08	73	1
NOV-O08	74	1
NOV-O08	75	1
NOV-O08	76	1
NOV-O08	77	1
NOV-O08	78	1
NOV-O08	79	1
NOV-O08	80	1
NOV-O08	81	1
NOV-O08	82	1
NOV-O08	83	1
NOV-O08	84	1
NOV-O08	85	1
NOV-O08	86	1
NOV-O08	87	1
NOV-O08	88	1
NOV-O09	0	4
NOV-O09	1	4
NOV-O09	2	4
NOV-O09	3	4
NOV-O09	4	4
NOV-O09	5	4
NOV-O09	6	4
NOV-O09	7	4
NOV-O09	8	4
NOV-O09	9	4
NOV-O09	10	4
NOV-O09	11	4
NOV-O09	12	4
NOV-O09	13	4
NOV-O09	14	4
NOV-O09	15	4
NOV-O09	16	4
NOV-O09	17	4
NOV-O09	18	4
NOV-O09	19	4
NOV-O09	20	4
NOV-O09	21	4
NOV-O09	22	4
NOV-O09	23	4
NOV-O09	24	4
NOV-O09	25	4
NOV-O09	26	4
NOV-O09	27	4
NOV-O09	28	4
NOV-O09	29	4
NOV-O09	30	4
NOV-O09	31	1
NOV-O09	32	1
NOV-O09	33	1
NOV-O09	34	1
NOV-O09	35	1
NOV-O09	36	1
NOV-O09	37	1
NOV-O09	38	1
NOV-O09	39	1
NOV-O09	40	1
NOV-O09	41	1
NOV-O09	42	1
NOV-O09	43	1
NOV-O09	44	1
NOV-O09	45	1
NOV-O09	46	1
NOV-O09	47	1
NOV-O09	48	1
NOV-O09	49	1
NOV-O09	50	1
NOV-O09	51	1
NOV-O09	52	1
NOV-O09	53	1
NOV-O09	54	1
NOV-O09	55	1
NOV-O09	56	1
NOV-O09	57	1
NOV-O09	58	1
NOV-O09	59	1
NOV-O09	60	1
NOV-O09	61	1
NOV-O09	62	1
NOV-O09	63	1
NOV-O09	64	1
NOV-O09	65	1
NOV-O09	66	1
NOV-O09	67	1
NOV-O09	68	1
NOV-O09	69	1
NOV-O09	70	1
NOV-O09	71	1
NOV-O09	72	1
NOV-O09	73	1
NOV-O09	74	1
NOV-O09	75	1
NOV-O09	76	1
NOV-O09	77	1
NOV-O09	78	1
NOV-O09	79	1
NOV-O09	80	1
NOV-O09	81	1
NOV-O09	82	1
NOV-O09	83	1
NOV-O09	84	1
NOV-O09	85	1
NOV-O09	86	1
NOV-O09	87	1
NOV-O09	88	1
NOV-O10	0	4
NOV-O10	1	4
NOV-O10	2	4
NOV-O10	3	4
NOV-O10	4	4
NOV-O10	5	4
NOV-O10	6	4
NOV-O10	7	4
NOV-O10	8	4
NOV-O10	9	4
NOV-O10	10	4
NOV-O10	11	4
NOV-O10	12	4
NOV-O10	13	4
NOV-O10	14	4
NOV-O10	15	4
NOV-O10	16	4
NOV-O10	17	4
NOV-O10	18	4
NOV-O10	19	4
NOV-O10	20	4
NOV-O10	21	4
NOV-O10	22	4
NOV-O10	23	4
NOV-O10	24	4
NOV-O10	25	4
NOV-O10	26	4
NOV-O10	27	4
NOV-O10	28	4
NOV-O10	29	4
NOV-O10	30	4
NOV-O10	31	1
NOV-O10	32	1
NOV-O10	33	1
NOV-O10	34	1
NOV-O10	35	1
NOV-O10	36	1
NOV-O10	37	1
NOV-O10	38	1
NOV-O10	39	1
NOV-O10	40	1
NOV-O10	41	1
NOV-O10	42	1
NOV-O10	43	1
NOV-O10	44	1
NOV-O10	45	1
NOV-O10	46	1
NOV-O10	47	1
NOV-O10	48	1
NOV-O10	49	1
NOV-O10	50	1
NOV-O10	51	1
NOV-O10	52	1
NOV-O10	53	1
NOV-O10	54	1
NOV-O10	55	1
NOV-O10	56	1
NOV-O10	57	1
NOV-O10	58	1
NOV-O10	59	1
NOV-O10	60	1
NOV-O10	61	1
NOV-O10	62	1
NOV-O10	63	1
NOV-O10	64	1
NOV-O10	65	1
NOV-O10	66	1
NOV-O10	67	1
NOV-O10	68	1
NOV-O10	69	1
NOV-O10	70	1
NOV-O10	71	1
NOV-O10	72	1
NOV-O10	73	1
NOV-O10	74	1
NOV-O10	75	1
NOV-O10	76	1
NOV-O10	77	1
NOV-O10	78	1
NOV-O10	79	1
NOV-O10	80	1
NOV-O10	81	1
NOV-O10	82	1
NOV-O10	83	1
NOV-O10	84	1
NOV-O10	85	1
NOV-O10	86	1
NOV-O10	87	1
NOV-O10	88	1
NOV-O11	0	4
NOV-O11	1	4
NOV-O11	2	4
NOV-O11	3	4
NOV-O11	4	4
NOV-O11	5	4
NOV-O11	6	4
NOV-O11	7	4
NOV-O11	8	4
NOV-O11	9	4
NOV-O11	10	4
NOV-O11	11	4
NOV-O11	12	4
NOV-O11	13	4
NOV-O11	14	4
NOV-O11	15	4
NOV-O11	16	4
NOV-O11	17	4
NOV-O11	18	4
NOV-O11	19	4
NOV-O11	20	4
NOV-O11	21	4
NOV-O11	22	4
NOV-O11	23	4
NOV-O11	24	4
NOV-O11	25	4
NOV-O11	26	4
NOV-O11	27	4
NOV-O11	28	4
NOV-O11	29	4
NOV-O11	30	4
NOV-O11	31	1
NOV-O11	32	1
NOV-O11	33	1
NOV-O11	34	1
NOV-O11	35	1
NOV-O11	36	1
NOV-O11	37	1
NOV-O11	38	1
NOV-O11	39	1
NOV-O11	40	1
NOV-O11	41	1
NOV-O11	42	1
NOV-O11	43	1
NOV-O11	44	1
NOV-O11	45	1
NOV-O11	46	1
NOV-O11	47	1
NOV-O11	48	1
NOV-O11	49	1
NOV-O11	50	1
NOV-O11	51	1
NOV-O11	52	1
NOV-O11	53	1
NOV-O11	54	1
NOV-O11	55	1
NOV-O11	56	1
NOV-O11	57	1
NOV-O11	58	1
NOV-O11	59	1
NOV-O11	60	1
NOV-O11	61	1
NOV-O11	62	1
NOV-O11	63	1
NOV-O11	64	1
NOV-O11	65	1
NOV-O11	66	1
NOV-O11	67	1
NOV-O11	68	1
NOV-O11	69	1
NOV-O11	70	1
NOV-O11	71	1
NOV-O11	72	1
NOV-O11	73	1
NOV-O11	74	1
NOV-O11	75	1
NOV-O11	76	1
NOV-O11	77	1
NOV-O11	78	1
NOV-O11	79	1
NOV-O11	80	1
NOV-O11	81	1
NOV-O11	82	1
NOV-O11	83	1
NOV-O11	84	1
NOV-O11	85	1
NOV-O11	86	1
NOV-O11	87	1
NOV-O11	88	1
NOV-O12	0	4
NOV-O12	1	4
NOV-O12	2	4
NOV-O12	3	4
NOV-O12	4	4
NOV-O12	5	4
NOV-O12	6	4
NOV-O12	7	4
NOV-O12	8	4
NOV-O12	9	4
NOV-O12	10	4
NOV-O12	11	4
NOV-O12	12	4
NOV-O12	13	4
NOV-O12	14	4
NOV-O12	15	4
NOV-O12	16	4
NOV-O12	17	4
NOV-O12	18	4
NOV-O12	19	4
NOV-O12	20	4
NOV-O12	21	4
NOV-O12	22	4
NOV-O12	23	4
NOV-O12	24	4
NOV-O12	25	4
NOV-O12	26	4
NOV-O12	27	4
NOV-O12	28	4
NOV-O12	29	4
NOV-O12	30	4
NOV-O12	31	1
NOV-O12	32	1
NOV-O12	33	1
NOV-O12	34	1
NOV-O12	35	1
NOV-O12	36	1
NOV-O12	37	1
NOV-O12	38	1
NOV-O12	39	1
NOV-O12	40	1
NOV-O12	41	1
NOV-O12	42	1
NOV-O12	43	1
NOV-O12	44	1
NOV-O12	45	1
NOV-O12	46	1
NOV-O12	47	1
NOV-O12	48	1
NOV-O12	49	1
NOV-O12	50	1
NOV-O12	51	1
NOV-O12	52	1
NOV-O12	53	1
NOV-O12	54	1
NOV-O12	55	1
NOV-O12	56	1
NOV-O12	57	1
NOV-O12	58	1
NOV-O12	59	1
NOV-O12	60	1
NOV-O12	61	1
NOV-O12	62	1
NOV-O12	63	1
NOV-O12	64	1
NOV-O12	65	1
NOV-O12	66	1
NOV-O12	67	1
NOV-O12	68	1
NOV-O12	69	1
NOV-O12	70	1
NOV-O12	71	1
NOV-O12	72	1
NOV-O12	73	1
NOV-O12	74	1
NOV-O12	75	1
NOV-O12	76	1
NOV-O12	77	1
NOV-O12	78	1
NOV-O12	79	1
NOV-O12	80	1
NOV-O12	81	1
NOV-O12	82	1
NOV-O12	83	1
NOV-O12	84	1
NOV-O12	85	1
NOV-O12	86	1
NOV-O12	87	1
NOV-O12	88	1
NOV-O13	0	4
NOV-O13	1	4
NOV-O13	2	4
NOV-O13	3	4
NOV-O13	4	4
NOV-O13	5	4
NOV-O13	6	4
NOV-O13	7	4
NOV-O13	8	4
NOV-O13	9	4
NOV-O13	10	4
NOV-O13	11	4
NOV-O13	12	4
NOV-O13	13	4
NOV-O13	14	4
NOV-O13	15	4
NOV-O13	16	4
NOV-O13	17	4
NOV-O13	18	4
NOV-O13	19	4
NOV-O13	20	4
NOV-O13	21	4
NOV-O13	22	4
NOV-O13	23	4
NOV-O13	24	4
NOV-O13	25	4
NOV-O13	26	4
NOV-O13	27	4
NOV-O13	28	4
NOV-O13	29	4
NOV-O13	30	4
NOV-O13	31	1
NOV-O13	32	1
NOV-O13	33	1
NOV-O13	34	1
NOV-O13	35	1
NOV-O13	36	1
NOV-O13	37	1
NOV-O13	38	1
NOV-O13	39	1
NOV-O13	40	1
NOV-O13	41	1
NOV-O13	42	1
NOV-O13	43	1
NOV-O13	44	1
NOV-O13	45	1
NOV-O13	46	1
NOV-O13	47	1
NOV-O13	48	1
NOV-O13	49	1
NOV-O13	50	1
NOV-O13	51	1
NOV-O13	52	1
NOV-O13	53	1
NOV-O13	54	1
NOV-O13	55	1
NOV-O13	56	1
NOV-O13	57	1
NOV-O13	58	1
NOV-O13	59	1
NOV-O13	60	1
NOV-O13	61	1
NOV-O13	62	1
NOV-O13	63	1
NOV-O13	64	1
NOV-O13	65	1
NOV-O13	66	1
NOV-O13	67	1
NOV-O13	68	1
NOV-O13	69	1
NOV-O13	70	1
NOV-O13	71	1
NOV-O13	72	1
NOV-O13	73	1
NOV-O13	74	1
NOV-O13	75	1
NOV-O13	76	1
NOV-O13	77	1
NOV-O13	78	1
NOV-O13	79	1
NOV-O13	80	1
NOV-O13	81	1
NOV-O13	82	1
NOV-O13	83	1
NOV-O13	84	1
NOV-O13	85	1
NOV-O13	86	1
NOV-O13	87	1
NOV-O13	88	1
NOV-O14	0	4
NOV-O14	1	4
NOV-O14	2	4
NOV-O14	3	4
NOV-O14	4	4
NOV-O14	5	4
NOV-O14	6	4
NOV-O14	7	4
NOV-O14	8	4
NOV-O14	9	4
NOV-O14	10	4
NOV-O14	11	4
NOV-O14	12	4
NOV-O14	13	4
NOV-O14	14	4
NOV-O14	15	4
NOV-O14	16	4
NOV-O14	17	4
NOV-O14	18	4
NOV-O14	19	4
NOV-O14	20	4
NOV-O14	21	4
NOV-O14	22	4
NOV-O14	23	4
NOV-O14	24	4
NOV-O14	25	4
NOV-O14	26	4
NOV-O14	27	4
NOV-O14	28	4
NOV-O14	29	4
NOV-O14	30	4
NOV-O14	31	1
NOV-O14	32	1
NOV-O14	33	1
NOV-O14	34	1
NOV-O14	35	1
NOV-O14	36	1
NOV-O14	37	1
NOV-O14	38	1
NOV-O14	39	1
NOV-O14	40	1
NOV-O14	41	1
NOV-O14	42	1
NOV-O14	43	1
NOV-O14	44	1
NOV-O14	45	1
NOV-O14	46	1
NOV-O14	47	1
NOV-O14	48	1
NOV-O14	49	1
NOV-O14	50	1
NOV-O14	51	1
NOV-O14	52	1
NOV-O14	53	1
NOV-O14	54	1
NOV-O14	55	1
NOV-O14	56	1
NOV-O14	57	1
NOV-O14	58	1
NOV-O14	59	1
NOV-O14	60	1
NOV-O14	61	1
NOV-O14	62	1
NOV-O14	63	1
NOV-O14	64	1
NOV-O14	65	1
NOV-O14	66	1
NOV-O14	67	1
NOV-O14	68	1
NOV-O14	69	1
NOV-O14	70	1
NOV-O14	71	1
NOV-O14	72	1
NOV-O14	73	1
NOV-O14	74	1
NOV-O14	75	1
NOV-O14	76	1
NOV-O14	77	1
NOV-O14	78	1
NOV-O14	79	1
NOV-O14	80	1
NOV-O14	81	1
NOV-O14	82	1
NOV-O14	83	1
NOV-O14	84	1
NOV-O14	85	1
NOV-O14	86	1
NOV-O14	87	1
NOV-O14	88	1
NOV-O15	0	4
NOV-O15	1	4
NOV-O15	2	4
NOV-O15	3	4
NOV-O15	4	4
NOV-O15	5	4
NOV-O15	6	4
NOV-O15	7	4
NOV-O15	8	4
NOV-O15	9	4
NOV-O15	10	4
NOV-O15	11	4
NOV-O15	12	4
NOV-O15	13	4
NOV-O15	14	4
NOV-O15	15	4
NOV-O15	16	4
NOV-O15	17	4
NOV-O15	18	4
NOV-O15	19	4
NOV-O15	20	4
NOV-O15	21	4
NOV-O15	22	4
NOV-O15	23	4
NOV-O15	24	4
NOV-O15	25	4
NOV-O15	26	4
NOV-O15	27	4
NOV-O15	28	4
NOV-O15	29	4
NOV-O15	30	4
NOV-O15	31	1
NOV-O15	32	1
NOV-O15	33	1
NOV-O15	34	1
NOV-O15	35	1
NOV-O15	36	1
NOV-O15	37	1
NOV-O15	38	1
NOV-O15	39	1
NOV-O15	40	1
NOV-O15	41	1
NOV-O15	42	1
NOV-O15	43	1
NOV-O15	44	1
NOV-O15	45	1
NOV-O15	46	1
NOV-O15	47	1
NOV-O15	48	1
NOV-O15	49	1
NOV-O15	50	1
NOV-O15	51	1
NOV-O15	52	1
NOV-O15	53	1
NOV-O15	54	1
NOV-O15	55	1
NOV-O15	56	1
NOV-O15	57	1
NOV-O15	58	1
NOV-O15	59	1
NOV-O15	60	1
NOV-O15	61	1
NOV-O15	62	1
NOV-O15	63	1
NOV-O15	64	1
NOV-O15	65	1
NOV-O15	66	1
NOV-O15	67	1
NOV-O15	68	1
NOV-O15	69	1
NOV-O15	70	1
NOV-O15	71	1
NOV-O15	72	1
NOV-O15	73	1
NOV-O15	74	1
NOV-O15	75	1
NOV-O15	76	1
NOV-O15	77	1
NOV-O15	78	1
NOV-O15	79	1
NOV-O15	80	1
NOV-O15	81	1
NOV-O15	82	1
NOV-O15	83	1
NOV-O15	84	1
NOV-O15	85	1
NOV-O15	86	1
NOV-O15	87	1
NOV-O15	88	1
NOV-O16	0	4
NOV-O16	1	4
NOV-O16	2	4
NOV-O16	3	4
NOV-O16	4	4
NOV-O16	5	4
NOV-O16	6	4
NOV-O16	7	4
NOV-O16	8	4
NOV-O16	9	4
NOV-O16	10	4
NOV-O16	11	4
NOV-O16	12	4
NOV-O16	13	4
NOV-O16	14	4
NOV-O16	15	4
NOV-O16	16	4
NOV-O16	17	4
NOV-O16	18	4
NOV-O16	19	4
NOV-O16	20	4
NOV-O16	21	4
NOV-O16	22	4
NOV-O16	23	4
NOV-O16	24	4
NOV-O16	25	4
NOV-O16	26	4
NOV-O16	27	4
NOV-O16	28	4
NOV-O16	29	4
NOV-O16	30	4
NOV-O16	31	1
NOV-O16	32	1
NOV-O16	33	1
NOV-O16	34	1
NOV-O16	35	1
NOV-O16	36	1
NOV-O16	37	1
NOV-O16	38	1
NOV-O16	39	1
NOV-O16	40	1
NOV-O16	41	1
NOV-O16	42	1
NOV-O16	43	1
NOV-O16	44	1
NOV-O16	45	1
NOV-O16	46	1
NOV-O16	47	1
NOV-O16	48	1
NOV-O16	49	1
NOV-O16	50	1
NOV-O16	51	1
NOV-O16	52	1
NOV-O16	53	1
NOV-O16	54	1
NOV-O16	55	1
NOV-O16	56	1
NOV-O16	57	1
NOV-O16	58	1
NOV-O16	59	1
NOV-O16	60	1
NOV-O16	61	1
NOV-O16	62	1
NOV-O16	63	1
NOV-O16	64	1
NOV-O16	65	1
NOV-O16	66	1
NOV-O16	67	1
NOV-O16	68	1
NOV-O16	69	1
NOV-O16	70	1
NOV-O16	71	1
NOV-O16	72	1
NOV-O16	73	1
NOV-O16	74	1
NOV-O16	75	1
NOV-O16	76	1
NOV-O16	77	1
NOV-O16	78	1
NOV-O16	79	1
NOV-O16	80	1
NOV-O16	81	1
NOV-O16	82	1
NOV-O16	83	1
NOV-O16	84	1
NOV-O16	85	1
NOV-O16	86	1
NOV-O16	87	1
NOV-O16	88	1
NOV-O17	0	4
NOV-O17	1	4
NOV-O17	2	4
NOV-O17	3	4
NOV-O17	4	4
NOV-O17	5	4
NOV-O17	6	4
NOV-O17	7	4
NOV-O17	8	4
NOV-O17	9	4
NOV-O17	10	4
NOV-O17	11	4
NOV-O17	12	4
NOV-O17	13	4
NOV-O17	14	4
NOV-O17	15	4
NOV-O17	16	4
NOV-O17	17	4
NOV-O17	18	4
NOV-O17	19	4
NOV-O17	20	4
NOV-O17	21	4
NOV-O17	22	4
NOV-O17	23	4
NOV-O17	24	4
NOV-O17	25	4
NOV-O17	26	4
NOV-O17	27	4
NOV-O17	28	4
NOV-O17	29	4
NOV-O17	30	4
NOV-O17	31	1
NOV-O17	32	1
NOV-O17	33	1
NOV-O17	34	1
NOV-O17	35	1
NOV-O17	36	1
NOV-O17	37	1
NOV-O17	38	1
NOV-O17	39	1
NOV-O17	40	1
NOV-O17	41	1
NOV-O17	42	1
NOV-O17	43	1
NOV-O17	44	1
NOV-O17	45	1
NOV-O17	46	1
NOV-O17	47	1
NOV-O17	48	1
NOV-O17	49	1
NOV-O17	50	1
NOV-O17	51	1
NOV-O17	52	1
NOV-O17	53	1
NOV-O17	54	1
NOV-O17	55	1
NOV-O17	56	1
NOV-O17	57	1
NOV-O17	58	1
NOV-O17	59	1
NOV-O17	60	1
NOV-O17	61	1
NOV-O17	62	1
NOV-O17	63	1
NOV-O17	64	1
NOV-O17	65	1
NOV-O17	66	1
NOV-O17	67	1
NOV-O17	68	1
NOV-O17	69	1
NOV-O17	70	1
NOV-O17	71	1
NOV-O17	72	1
NOV-O17	73	1
NOV-O17	74	1
NOV-O17	75	1
NOV-O17	76	1
NOV-O17	77	1
NOV-O17	78	1
NOV-O17	79	1
NOV-O17	80	1
NOV-O17	81	1
NOV-O17	82	1
NOV-O17	83	1
NOV-O17	84	1
NOV-O17	85	1
NOV-O17	86	1
NOV-O17	87	1
NOV-O17	88	1
NOV-O18	0	4
NOV-O18	1	4
NOV-O18	2	4
NOV-O18	3	4
NOV-O18	4	4
NOV-O18	5	4
NOV-O18	6	4
NOV-O18	7	4
NOV-O18	8	4
NOV-O18	9	4
NOV-O18	10	4
NOV-O18	11	4
NOV-O18	12	4
NOV-O18	13	4
NOV-O18	14	4
NOV-O18	15	4
NOV-O18	16	4
NOV-O18	17	4
NOV-O18	18	4
NOV-O18	19	4
NOV-O18	20	4
NOV-O18	21	4
NOV-O18	22	4
NOV-O18	23	4
NOV-O18	24	4
NOV-O18	25	4
NOV-O18	26	4
NOV-O18	27	4
NOV-O18	28	4
NOV-O18	29	4
NOV-O18	30	4
NOV-O18	31	1
NOV-O18	32	1
NOV-O18	33	1
NOV-O18	34	1
NOV-O18	35	1
NOV-O18	36	1
NOV-O18	37	1
NOV-O18	38	1
NOV-O18	39	1
NOV-O18	40	1
NOV-O18	41	1
NOV-O18	42	1
NOV-O18	43	1
NOV-O18	44	1
NOV-O18	45	1
NOV-O18	46	1
NOV-O18	47	1
NOV-O18	48	1
NOV-O18	49	1
NOV-O18	50	1
NOV-O18	51	1
NOV-O18	52	1
NOV-O18	53	1
NOV-O18	54	1
NOV-O18	55	1
NOV-O18	56	1
NOV-O18	57	1
NOV-O18	58	1
NOV-O18	59	1
NOV-O18	60	1
NOV-O18	61	1
NOV-O18	62	1
NOV-O18	63	1
NOV-O18	64	1
NOV-O18	65	1
NOV-O18	66	1
NOV-O18	67	1
NOV-O18	68	1
NOV-O18	69	1
NOV-O18	70	1
NOV-O18	71	1
NOV-O18	72	1
NOV-O18	73	1
NOV-O18	74	1
NOV-O18	75	1
NOV-O18	76	1
NOV-O18	77	1
NOV-O18	78	1
NOV-O18	79	1
NOV-O18	80	1
NOV-O18	81	1
NOV-O18	82	1
NOV-O18	83	1
NOV-O18	84	1
NOV-O18	85	1
NOV-O18	86	1
NOV-O18	87	1
NOV-O18	88	1
NOV-O19	0	4
NOV-O19	1	4
NOV-O19	2	4
NOV-O19	3	4
NOV-O19	4	4
NOV-O19	5	4
NOV-O19	6	4
NOV-O19	7	4
NOV-O19	8	4
NOV-O19	9	4
NOV-O19	10	4
NOV-O19	11	4
NOV-O19	12	4
NOV-O19	13	4
NOV-O19	14	4
NOV-O19	15	4
NOV-O19	16	4
NOV-O19	17	4
NOV-O19	18	4
NOV-O19	19	4
NOV-O19	20	4
NOV-O19	21	4
NOV-O19	22	4
NOV-O19	23	4
NOV-O19	24	4
NOV-O19	25	4
NOV-O19	26	4
NOV-O19	27	4
NOV-O19	28	4
NOV-O19	29	4
NOV-O19	30	4
NOV-O19	31	1
NOV-O19	32	1
NOV-O19	33	1
NOV-O19	34	1
NOV-O19	35	1
NOV-O19	36	1
NOV-O19	37	1
NOV-O19	38	1
NOV-O19	39	1
NOV-O19	40	1
NOV-O19	41	1
NOV-O19	42	1
NOV-O19	43	1
NOV-O19	44	1
NOV-O19	45	1
NOV-O19	46	1
NOV-O19	47	1
NOV-O19	48	1
NOV-O19	49	1
NOV-O19	50	1
NOV-O19	51	1
NOV-O19	52	1
NOV-O19	53	1
NOV-O19	54	1
NOV-O19	55	1
NOV-O19	56	1
NOV-O19	57	1
NOV-O19	58	1
NOV-O19	59	1
NOV-O19	60	1
NOV-O19	61	1
NOV-O19	62	1
NOV-O19	63	1
NOV-O19	64	1
NOV-O19	65	1
NOV-O19	66	1
NOV-O19	67	1
NOV-O19	68	1
NOV-O19	69	1
NOV-O19	70	1
NOV-O19	71	1
NOV-O19	72	1
NOV-O19	73	1
NOV-O19	74	1
NOV-O19	75	1
NOV-O19	76	1
NOV-O19	77	1
NOV-O19	78	1
NOV-O19	79	1
NOV-O19	80	1
NOV-O19	81	1
NOV-O19	82	1
NOV-O19	83	1
NOV-O19	84	1
NOV-O19	85	1
NOV-O19	86	1
NOV-O19	87	1
NOV-O19	88	1
NOV-O20	0	4
NOV-O20	1	4
NOV-O20	2	4
NOV-O20	3	4
NOV-O20	4	4
NOV-O20	5	4
NOV-O20	6	4
NOV-O20	7	4
NOV-O20	8	4
NOV-O20	9	4
NOV-O20	10	4
NOV-O20	11	4
NOV-O20	12	4
NOV-O20	13	4
NOV-O20	14	4
NOV-O20	15	4
NOV-O20	16	4
NOV-O20	17	4
NOV-O20	18	4
NOV-O20	19	4
NOV-O20	20	4
NOV-O20	21	4
NOV-O20	22	4
NOV-O20	23	4
NOV-O20	24	4
NOV-O20	25	4
NOV-O20	26	4
NOV-O20	27	4
NOV-O20	28	4
NOV-O20	29	4
NOV-O20	30	4
NOV-O20	31	1
NOV-O20	32	1
NOV-O20	33	1
NOV-O20	34	1
NOV-O20	35	1
NOV-O20	36	1
NOV-O20	37	1
NOV-O20	38	1
NOV-O20	39	1
NOV-O20	40	1
NOV-O20	41	1
NOV-O20	42	1
NOV-O20	43	1
NOV-O20	44	1
NOV-O20	45	1
NOV-O20	46	1
NOV-O20	47	1
NOV-O20	48	1
NOV-O20	49	1
NOV-O20	50	1
NOV-O20	51	1
NOV-O20	52	1
NOV-O20	53	1
NOV-O20	54	1
NOV-O20	55	1
NOV-O20	56	1
NOV-O20	57	1
NOV-O20	58	1
NOV-O20	59	1
NOV-O20	60	1
NOV-O20	61	1
NOV-O20	62	1
NOV-O20	63	1
NOV-O20	64	1
NOV-O20	65	1
NOV-O20	66	1
NOV-O20	67	1
NOV-O20	68	1
NOV-O20	69	1
NOV-O20	70	1
NOV-O20	71	1
NOV-O20	72	1
NOV-O20	73	1
NOV-O20	74	1
NOV-O20	75	1
NOV-O20	76	1
NOV-O20	77	1
NOV-O20	78	1
NOV-O20	79	1
NOV-O20	80	1
NOV-O20	81	1
NOV-O20	82	1
NOV-O20	83	1
NOV-O20	84	1
NOV-O20	85	1
NOV-O20	86	1
NOV-O20	87	1
NOV-O20	88	1
NOV-O21	0	4
NOV-O21	1	4
NOV-O21	2	4
NOV-O21	3	4
NOV-O21	4	4
NOV-O21	5	4
NOV-O21	6	4
NOV-O21	7	4
NOV-O21	8	4
NOV-O21	9	4
NOV-O21	10	4
NOV-O21	11	4
NOV-O21	12	4
NOV-O21	13	4
NOV-O21	14	4
NOV-O21	15	4
NOV-O21	16	4
NOV-O21	17	4
NOV-O21	18	4
NOV-O21	19	4
NOV-O21	20	4
NOV-O21	21	4
NOV-O21	22	4
NOV-O21	23	4
NOV-O21	24	4
NOV-O21	25	4
NOV-O21	26	4
NOV-O21	27	4
NOV-O21	28	4
NOV-O21	29	4
NOV-O21	30	4
NOV-O21	31	1
NOV-O21	32	1
NOV-O21	33	1
NOV-O21	34	1
NOV-O21	35	1
NOV-O21	36	1
NOV-O21	37	1
NOV-O21	38	1
NOV-O21	39	1
NOV-O21	40	1
NOV-O21	41	1
NOV-O21	42	1
NOV-O21	43	1
NOV-O21	44	1
NOV-O21	45	1
NOV-O21	46	1
NOV-O21	47	1
NOV-O21	48	1
NOV-O21	49	1
NOV-O21	50	1
NOV-O21	51	1
NOV-O21	52	1
NOV-O21	53	1
NOV-O21	54	1
NOV-O21	55	1
NOV-O21	56	1
NOV-O21	57	1
NOV-O21	58	1
NOV-O21	59	1
NOV-O21	60	1
NOV-O21	61	1
NOV-O21	62	1
NOV-O21	63	1
NOV-O21	64	1
NOV-O21	65	1
NOV-O21	66	1
NOV-O21	67	1
NOV-O21	68	1
NOV-O21	69	1
NOV-O21	70	1
NOV-O21	71	1
NOV-O21	72	1
NOV-O21	73	1
NOV-O21	74	1
NOV-O21	75	1
NOV-O21	76	1
NOV-O21	77	1
NOV-O21	78	1
NOV-O21	79	1
NOV-O21	80	1
NOV-O21	81	1
NOV-O21	82	1
NOV-O21	83	1
NOV-O21	84	1
NOV-O21	85	1
NOV-O21	86	1
NOV-O21	87	1
NOV-O21	88	1
NOV-O22	0	4
NOV-O22	1	4
NOV-O22	2	4
NOV-O22	3	4
NOV-O22	4	4
NOV-O22	5	4
NOV-O22	6	4
NOV-O22	7	4
NOV-O22	8	4
NOV-O22	9	4
NOV-O22	10	4
NOV-O22	11	4
NOV-O22	12	4
NOV-O22	13	4
NOV-O22	14	4
NOV-O22	15	4
NOV-O22	16	4
NOV-O22	17	4
NOV-O22	18	4
NOV-O22	19	4
NOV-O22	20	4
NOV-O22	21	4
NOV-O22	22	4
NOV-O22	23	4
NOV-O22	24	4
NOV-O22	25	4
NOV-O22	26	4
NOV-O22	27	4
NOV-O22	28	4
NOV-O22	29	4
NOV-O22	30	4
NOV-O22	31	1
NOV-O22	32	1
NOV-O22	33	1
NOV-O22	34	1
NOV-O22	35	1
NOV-O22	36	1
NOV-O22	37	1
NOV-O22	38	1
NOV-O22	39	1
NOV-O22	40	1
NOV-O22	41	1
NOV-O22	42	1
NOV-O22	43	1
NOV-O22	44	1
NOV-O22	45	1
NOV-O22	46	1
NOV-O22	47	1
NOV-O22	48	1
NOV-O22	49	1
NOV-O22	50	1
NOV-O22	51	1
NOV-O22	52	1
NOV-O22	53	1
NOV-O22	54	1
NOV-O22	55	1
NOV-O22	56	1
NOV-O22	57	1
NOV-O22	58	1
NOV-O22	59	1
NOV-O22	60	1
NOV-O22	61	1
NOV-O22	62	1
NOV-O22	63	1
NOV-O22	64	1
NOV-O22	65	1
NOV-O22	66	1
NOV-O22	67	1
NOV-O22	68	1
NOV-O22	69	1
NOV-O22	70	1
NOV-O22	71	1
NOV-O22	72	1
NOV-O22	73	1
NOV-O22	74	1
NOV-O22	75	1
NOV-O22	76	1
NOV-O22	77	1
NOV-O22	78	1
NOV-O22	79	1
NOV-O22	80	1
NOV-O22	81	1
NOV-O22	82	1
NOV-O22	83	1
NOV-O22	84	1
NOV-O22	85	1
NOV-O22	86	1
NOV-O22	87	1
NOV-O22	88	1
NOV-O23	0	4
NOV-O23	1	4
NOV-O23	2	4
NOV-O23	3	4
NOV-O23	4	4
NOV-O23	5	4
NOV-O23	6	4
NOV-O23	7	4
NOV-O23	8	4
NOV-O23	9	4
NOV-O23	10	4
NOV-O23	11	4
NOV-O23	12	4
NOV-O23	13	4
NOV-O23	14	4
NOV-O23	15	4
NOV-O23	16	4
NOV-O23	17	4
NOV-O23	18	4
NOV-O23	19	4
NOV-O23	20	4
NOV-O23	21	4
NOV-O23	22	4
NOV-O23	23	4
NOV-O23	24	4
NOV-O23	25	4
NOV-O23	26	4
NOV-O23	27	4
NOV-O23	28	4
NOV-O23	29	4
NOV-O23	30	4
NOV-O23	31	1
NOV-O23	32	1
NOV-O23	33	1
NOV-O23	34	1
NOV-O23	35	1
NOV-O23	36	1
NOV-O23	37	1
NOV-O23	38	1
NOV-O23	39	1
NOV-O23	40	1
NOV-O23	41	1
NOV-O23	42	1
NOV-O23	43	1
NOV-O23	44	1
NOV-O23	45	1
NOV-O23	46	1
NOV-O23	47	1
NOV-O23	48	1
NOV-O23	49	1
NOV-O23	50	1
NOV-O23	51	1
NOV-O23	52	1
NOV-O23	53	1
NOV-O23	54	1
NOV-O23	55	1
NOV-O23	56	1
NOV-O23	57	1
NOV-O23	58	1
NOV-O23	59	1
NOV-O23	60	1
NOV-O23	61	1
NOV-O23	62	1
NOV-O23	63	1
NOV-O23	64	1
NOV-O23	65	1
NOV-O23	66	1
NOV-O23	67	1
NOV-O23	68	1
NOV-O23	69	1
NOV-O23	70	1
NOV-O23	71	1
NOV-O23	72	1
NOV-O23	73	1
NOV-O23	74	1
NOV-O23	75	1
NOV-O23	76	1
NOV-O23	77	1
NOV-O23	78	1
NOV-O23	79	1
NOV-O23	80	1
NOV-O23	81	1
NOV-O23	82	1
NOV-O23	83	1
NOV-O23	84	1
NOV-O23	85	1
NOV-O23	86	1
NOV-O23	87	1
NOV-O23	88	1
NOV-O24	0	4
NOV-O24	1	4
NOV-O24	2	4
NOV-O24	3	4
NOV-O24	4	4
NOV-O24	5	4
NOV-O24	6	4
NOV-O24	7	4
NOV-O24	8	4
NOV-O24	9	4
NOV-O24	10	4
NOV-O24	11	4
NOV-O24	12	4
NOV-O24	13	4
NOV-O24	14	4
NOV-O24	15	4
NOV-O24	16	4
NOV-O24	17	4
NOV-O24	18	4
NOV-O24	19	4
NOV-O24	20	4
NOV-O24	21	4
NOV-O24	22	4
NOV-O24	23	4
NOV-O24	24	4
NOV-O24	25	4
NOV-O24	26	4
NOV-O24	27	4
NOV-O24	28	4
NOV-O24	29	4
NOV-O24	30	4
NOV-O24	31	1
NOV-O24	32	1
NOV-O24	33	1
NOV-O24	34	1
NOV-O24	35	1
NOV-O24	36	1
NOV-O24	37	1
NOV-O24	38	1
NOV-O24	39	1
NOV-O24	40	1
NOV-O24	41	1
NOV-O24	42	1
NOV-O24	43	1
NOV-O24	44	1
NOV-O24	45	1
NOV-O24	46	1
NOV-O24	47	1
NOV-O24	48	1
NOV-O24	49	1
NOV-O24	50	1
NOV-O24	51	1
NOV-O24	52	1
NOV-O24	53	1
NOV-O24	54	1
NOV-O24	55	1
NOV-O24	56	1
NOV-O24	57	1
NOV-O24	58	1
NOV-O24	59	1
NOV-O24	60	1
NOV-O24	61	1
NOV-O24	62	1
NOV-O24	63	1
NOV-O24	64	1
NOV-O24	65	1
NOV-O24	66	1
NOV-O24	67	1
NOV-O24	68	1
NOV-O24	69	1
NOV-O24	70	1
NOV-O24	71	1
NOV-O24	72	1
NOV-O24	73	1
NOV-O24	74	1
NOV-O24	75	1
NOV-O24	76	1
NOV-O24	77	1
NOV-O24	78	1
NOV-O24	79	1
NOV-O24	80	1
NOV-O24	81	1
NOV-O24	82	1
NOV-O24	83	1
NOV-O24	84	1
NOV-O24	85	1
NOV-O24	86	1
NOV-O24	87	1
NOV-O24	88	1
NOV-O25	0	4
NOV-O25	1	4
NOV-O25	2	4
NOV-O25	3	4
NOV-O25	4	4
NOV-O25	5	4
NOV-O25	6	4
NOV-O25	7	4
NOV-O25	8	4
NOV-O25	9	4
NOV-O25	10	4
NOV-O25	11	4
NOV-O25	12	4
NOV-O25	13	4
NOV-O25	14	4
NOV-O25	15	4
NOV-O25	16	4
NOV-O25	17	4
NOV-O25	18	4
NOV-O25	19	4
NOV-O25	20	4
NOV-O25	21	4
NOV-O25	22	4
NOV-O25	23	4
NOV-O25	24	4
NOV-O25	25	4
NOV-O25	26	4
NOV-O25	27	4
NOV-O25	28	4
NOV-O25	29	4
NOV-O25	30	4
NOV-O25	31	1
NOV-O25	32	1
NOV-O25	33	1
NOV-O25	34	1
NOV-O25	35	1
NOV-O25	36	1
NOV-O25	37	1
NOV-O25	38	1
NOV-O25	39	1
NOV-O25	40	1
NOV-O25	41	1
NOV-O25	42	1
NOV-O25	43	1
NOV-O25	44	1
NOV-O25	45	1
NOV-O25	46	1
NOV-O25	47	1
NOV-O25	48	1
NOV-O25	49	1
NOV-O25	50	1
NOV-O25	51	1
NOV-O25	52	1
NOV-O25	53	1
NOV-O25	54	1
NOV-O25	55	1
NOV-O25	56	1
NOV-O25	57	1
NOV-O25	58	1
NOV-O25	59	1
NOV-O25	60	1
NOV-O25	61	1
NOV-O25	62	1
NOV-O25	63	1
NOV-O25	64	1
NOV-O25	65	1
NOV-O25	66	1
NOV-O25	67	1
NOV-O25	68	1
NOV-O25	69	1
NOV-O25	70	1
NOV-O25	71	1
NOV-O25	72	1
NOV-O25	73	1
NOV-O25	74	1
NOV-O25	75	1
NOV-O25	76	1
NOV-O25	77	1
NOV-O25	78	1
NOV-O25	79	1
NOV-O25	80	1
NOV-O25	81	1
NOV-O25	82	1
NOV-O25	83	1
NOV-O25	84	1
NOV-O25	85	1
NOV-O25	86	1
NOV-O25	87	1
NOV-O25	88	1
NOV-O26	0	4
NOV-O26	1	4
NOV-O26	2	4
NOV-O26	3	4
NOV-O26	4	4
NOV-O26	5	4
NOV-O26	6	4
NOV-O26	7	4
NOV-O26	8	4
NOV-O26	9	4
NOV-O26	10	4
NOV-O26	11	4
NOV-O26	12	4
NOV-O26	13	4
NOV-O26	14	4
NOV-O26	15	4
NOV-O26	16	4
NOV-O26	17	4
NOV-O26	18	4
NOV-O26	19	4
NOV-O26	20	4
NOV-O26	21	4
NOV-O26	22	4
NOV-O26	23	4
NOV-O26	24	4
NOV-O26	25	4
NOV-O26	26	4
NOV-O26	27	4
NOV-O26	28	4
NOV-O26	29	4
NOV-O26	30	4
NOV-O26	31	1
NOV-O26	32	1
NOV-O26	33	1
NOV-O26	34	1
NOV-O26	35	1
NOV-O26	36	1
NOV-O26	37	1
NOV-O26	38	1
NOV-O26	39	1
NOV-O26	40	1
NOV-O26	41	1
NOV-O26	42	1
NOV-O26	43	1
NOV-O26	44	1
NOV-O26	45	1
NOV-O26	46	1
NOV-O26	47	1
NOV-O26	48	1
NOV-O26	49	1
NOV-O26	50	1
NOV-O26	51	1
NOV-O26	52	1
NOV-O26	53	1
NOV-O26	54	1
NOV-O26	55	1
NOV-O26	56	1
NOV-O26	57	1
NOV-O26	58	1
NOV-O26	59	1
NOV-O26	60	1
NOV-O26	61	1
NOV-O26	62	1
NOV-O26	63	1
NOV-O26	64	1
NOV-O26	65	1
NOV-O26	66	1
NOV-O26	67	1
NOV-O26	68	1
NOV-O26	69	1
NOV-O26	70	1
NOV-O26	71	1
NOV-O26	72	1
NOV-O26	73	1
NOV-O26	74	1
NOV-O26	75	1
NOV-O26	76	1
NOV-O26	77	1
NOV-O26	78	1
NOV-O26	79	1
NOV-O26	80	1
NOV-O26	81	1
NOV-O26	82	1
NOV-O26	83	1
NOV-O26	84	1
NOV-O26	85	1
NOV-O26	86	1
NOV-O26	87	1
NOV-O26	88	1
NOV-O27	0	4
NOV-O27	1	4
NOV-O27	2	4
NOV-O27	3	4
NOV-O27	4	4
NOV-O27	5	4
NOV-O27	6	4
NOV-O27	7	4
NOV-O27	8	4
NOV-O27	9	4
NOV-O27	10	4
NOV-O27	11	4
NOV-O27	12	4
NOV-O27	13	4
NOV-O27	14	4
NOV-O27	15	4
NOV-O27	16	4
NOV-O27	17	4
NOV-O27	18	4
NOV-O27	19	4
NOV-O27	20	4
NOV-O27	21	4
NOV-O27	22	4
NOV-O27	23	4
NOV-O27	24	4
NOV-O27	25	4
NOV-O27	26	4
NOV-O27	27	4
NOV-O27	28	4
NOV-O27	29	4
NOV-O27	30	4
NOV-O27	31	1
NOV-O27	32	1
NOV-O27	33	1
NOV-O27	34	1
NOV-O27	35	1
NOV-O27	36	1
NOV-O27	37	1
NOV-O27	38	1
NOV-O27	39	1
NOV-O27	40	1
NOV-O27	41	1
NOV-O27	42	1
NOV-O27	43	1
NOV-O27	44	1
NOV-O27	45	1
NOV-O27	46	1
NOV-O27	47	1
NOV-O27	48	1
NOV-O27	49	1
NOV-O27	50	1
NOV-O27	51	1
NOV-O27	52	1
NOV-O27	53	1
NOV-O27	54	1
NOV-O27	55	1
NOV-O27	56	1
NOV-O27	57	1
NOV-O27	58	1
NOV-O27	59	1
NOV-O27	60	1
NOV-O27	61	1
NOV-O27	62	1
NOV-O27	63	1
NOV-O27	64	1
NOV-O27	65	1
NOV-O27	66	1
NOV-O27	67	1
NOV-O27	68	1
NOV-O27	69	1
NOV-O27	70	1
NOV-O27	71	1
NOV-O27	72	1
NOV-O27	73	1
NOV-O27	74	1
NOV-O27	75	1
NOV-O27	76	1
NOV-O27	77	1
NOV-O27	78	1
NOV-O27	79	1
NOV-O27	80	1
NOV-O27	81	1
NOV-O27	82	1
NOV-O27	83	1
NOV-O27	84	1
NOV-O27	85	1
NOV-O27	86	1
NOV-O27	87	1
NOV-O27	88	1
NOV-O28	0	4
NOV-O28	1	4
NOV-O28	2	4
NOV-O28	3	4
NOV-O28	4	4
NOV-O28	5	4
NOV-O28	6	4
NOV-O28	7	4
NOV-O28	8	4
NOV-O28	9	4
NOV-O28	10	4
NOV-O28	11	4
NOV-O28	12	4
NOV-O28	13	4
NOV-O28	14	4
NOV-O28	15	4
NOV-O28	16	4
NOV-O28	17	4
NOV-O28	18	4
NOV-O28	19	4
NOV-O28	20	4
NOV-O28	21	4
NOV-O28	22	4
NOV-O28	23	4
NOV-O28	24	4
NOV-O28	25	4
NOV-O28	26	4
NOV-O28	27	4
NOV-O28	28	4
NOV-O28	29	4
NOV-O28	30	4
NOV-O28	31	1
NOV-O28	32	1
NOV-O28	33	1
NOV-O28	34	1
NOV-O28	35	1
NOV-O28	36	1
NOV-O28	37	1
NOV-O28	38	1
NOV-O28	39	1
NOV-O28	40	1
NOV-O28	41	1
NOV-O28	42	1
NOV-O28	43	1
NOV-O28	44	1
NOV-O28	45	1
NOV-O28	46	1
NOV-O28	47	1
NOV-O28	48	1
NOV-O28	49	1
NOV-O28	50	1
NOV-O28	51	1
NOV-O28	52	1
NOV-O28	53	1
NOV-O28	54	1
NOV-O28	55	1
NOV-O28	56	1
NOV-O28	57	1
NOV-O28	58	1
NOV-O28	59	1
NOV-O28	60	1
NOV-O28	61	1
NOV-O28	62	1
NOV-O28	63	1
NOV-O28	64	1
NOV-O28	65	1
NOV-O28	66	1
NOV-O28	67	1
NOV-O28	68	1
NOV-O28	69	1
NOV-O28	70	1
NOV-O28	71	1
NOV-O28	72	1
NOV-O28	73	1
NOV-O28	74	1
NOV-O28	75	1
NOV-O28	76	1
NOV-O28	77	1
NOV-O28	78	1
NOV-O28	79	1
NOV-O28	80	1
NOV-O28	81	1
NOV-O28	82	1
NOV-O28	83	1
NOV-O28	84	1
NOV-O28	85	1
NOV-O28	86	1
NOV-O28	87	1
NOV-O28	88	1
NOV-O29	0	4
NOV-O29	1	4
NOV-O29	2	4
NOV-O29	3	4
NOV-O29	4	4
NOV-O29	5	4
NOV-O29	6	4
NOV-O29	7	4
NOV-O29	8	4
NOV-O29	9	4
NOV-O29	10	4
NOV-O29	11	4
NOV-O29	12	4
NOV-O29	13	4
NOV-O29	14	4
NOV-O29	15	4
NOV-O29	16	4
NOV-O29	17	4
NOV-O29	18	4
NOV-O29	19	4
NOV-O29	20	4
NOV-O29	21	4
NOV-O29	22	4
NOV-O29	23	4
NOV-O29	24	4
NOV-O29	25	4
NOV-O29	26	4
NOV-O29	27	4
NOV-O29	28	4
NOV-O29	29	4
NOV-O29	30	4
NOV-O29	31	1
NOV-O29	32	1
NOV-O29	33	1
NOV-O29	34	1
NOV-O29	35	1
NOV-O29	36	1
NOV-O29	37	1
NOV-O29	38	1
NOV-O29	39	1
NOV-O29	40	1
NOV-O29	41	1
NOV-O29	42	1
NOV-O29	43	1
NOV-O29	44	1
NOV-O29	45	1
NOV-O29	46	1
NOV-O29	47	1
NOV-O29	48	1
NOV-O29	49	1
NOV-O29	50	1
NOV-O29	51	1
NOV-O29	52	1
NOV-O29	53	1
NOV-O29	54	1
NOV-O29	55	1
NOV-O29	56	1
NOV-O29	57	1
NOV-O29	58	1
NOV-O29	59	1
NOV-O29	60	1
NOV-O29	61	1
NOV-O29	62	1
NOV-O29	63	1
NOV-O29	64	1
NOV-O29	65	1
NOV-O29	66	1
NOV-O29	67	1
NOV-O29	68	1
NOV-O29	69	1
NOV-O29	70	1
NOV-O29	71	1
NOV-O29	72	1
NOV-O29	73	1
NOV-O29	74	1
NOV-O29	75	1
NOV-O29	76	1
NOV-O29	77	1
NOV-O29	78	1
NOV-O29	79	1
NOV-O29	80	1
NOV-O29	81	1
NOV-O29	82	1
NOV-O29	83	1
NOV-O29	84	1
NOV-O29	85	1
NOV-O29	86	1
NOV-O29	87	1
NOV-O29	88	1
NOV-O30	0	4
NOV-O30	1	4
NOV-O30	2	4
NOV-O30	3	4
NOV-O30	4	4
NOV-O30	5	4
NOV-O30	6	4
NOV-O30	7	4
NOV-O30	8	4
NOV-O30	9	4
NOV-O30	10	4
NOV-O30	11	4
NOV-O30	12	4
NOV-O30	13	4
NOV-O30	14	4
NOV-O30	15	4
NOV-O30	16	4
NOV-O30	17	4
NOV-O30	18	4
NOV-O30	19	4
NOV-O30	20	4
NOV-O30	21	4
NOV-O30	22	4
NOV-O30	23	4
NOV-O30	24	4
NOV-O30	25	4
NOV-O30	26	4
NOV-O30	27	4
NOV-O30	28	4
NOV-O30	29	4
NOV-O30	30	4
NOV-O30	31	1
NOV-O30	32	1
NOV-O30	33	1
NOV-O30	34	1
NOV-O30	35	1
NOV-O30	36	1
NOV-O30	37	1
NOV-O30	38	1
NOV-O30	39	1
NOV-O30	40	1
NOV-O30	41	1
NOV-O30	42	1
NOV-O30	43	1
NOV-O30	44	1
NOV-O30	45	1
NOV-O30	46	1
NOV-O30	47	1
NOV-O30	48	1
NOV-O30	49	1
NOV-O30	50	1
NOV-O30	51	1
NOV-O30	52	1
NOV-O30	53	1
NOV-O30	54	1
NOV-O30	55	1
NOV-O30	56	1
NOV-O30	57	1
NOV-O30	58	1
NOV-O30	59	1
NOV-O30	60	1
NOV-O30	61	1
NOV-O30	62	1
NOV-O30	63	1
NOV-O30	64	1
NOV-O30	65	1
NOV-O30	66	1
NOV-O30	67	1
NOV-O30	68	1
NOV-O30	69	1
NOV-O30	70	1
NOV-O30	71	1
NOV-O30	72	1
NOV-O30	73	1
NOV-O30	74	1
NOV-O30	75	1
NOV-O30	76	1
NOV-O30	77	1
NOV-O30	78	1
NOV-O30	79	1
NOV-O30	80	1
NOV-O30	81	1
NOV-O30	82	1
NOV-O30	83	1
NOV-O30	84	1
NOV-O30	85	1
NOV-O30	86	1
NOV-O30	87	1
NOV-O30	88	1
