CLAIM id=T0330 idx=329
READ hid=0 rd=R_ASSERT ev=1
READ hid=1 rd=R_EVAL ev=0
READ hid=2 rd=R_DEON ev=0
READ hid=3 rd=R_1PEXP ev=0
READ hid=4 rd=R_NEG ev=0
READ hid=5 rd=R_CLAIMNUM ev=1
READ hid=6 rd=R_OEVAL ev=0
READ hid=7 rd=R_ODEON ev=0
READ hid=8 rd=R_O1PEXP ev=0
READ hid=90 rd=R_COV_0 ev=0
READ hid=91 rd=R_COV_1 ev=0
READ hid=92 rd=R_COV_2 ev=0
READ hid=93 rd=R_COV_3 ev=0
READ hid=94 rd=R_COV_4 ev=0
CAND hid=200 bid=FACT fire=0 base=211 bonus=0 score=211
CAND hid=201 bid=LIE fire=0 base=211 bonus=0 score=211
CAND hid=202 bid=OPINION fire=0 base=208 bonus=0 score=208
CAND hid=203 bid=UNDET fire=1 base=203 bonus=0 score=203
ELIM hid=200 bid=FACT reason=PRE_FAIL by=-1 score=211
ELIM hid=201 bid=LIE reason=PRE_FAIL by=-1 score=211
ELIM hid=202 bid=OPINION reason=PRE_FAIL by=-1 score=208
ARGMAX hid=203 verdict=UNDETERMINED score=203 margin=0
NEED: covid|19|viru
VERDICT id=T0330 verdict=UNDETERMINED
