H2R-EVAL wave-20261001-2321pdt (PREREG_H2R frozen)
V1-PASS construction reachable and content-neutral
H2R-B1 dv_v1=1
Q w=0 q=0 correct=1 TRIAL_ENTERED=2 ticket=24 ablated_ok=1 masked=1 baseline=0
Q w=0 q=1 correct=1 TRIAL_ENTERED=2 ticket=24 ablated_ok=1 masked=1 baseline=0
Q w=0 q=2 correct=1 TRIAL_ENTERED=2 ticket=24 ablated_ok=1 masked=1 baseline=0
Q w=0 q=3 correct=1 TRIAL_ENTERED=2 ticket=24 ablated_ok=1 masked=1 baseline=0
Q w=1 q=0 correct=1 TRIAL_ENTERED=2 ticket=24 ablated_ok=1 masked=1 baseline=0
Q w=1 q=1 correct=1 TRIAL_ENTERED=2 ticket=24 ablated_ok=1 masked=1 baseline=0
Q w=1 q=2 correct=1 TRIAL_ENTERED=2 ticket=24 ablated_ok=1 masked=1 baseline=0
Q w=1 q=3 correct=1 TRIAL_ENTERED=2 ticket=24 ablated_ok=1 masked=1 baseline=0
Q w=2 q=0 correct=1 TRIAL_ENTERED=2 ticket=24 ablated_ok=1 masked=1 baseline=0
Q w=2 q=1 correct=1 TRIAL_ENTERED=2 ticket=24 ablated_ok=1 masked=1 baseline=0
Q w=2 q=2 correct=1 TRIAL_ENTERED=2 ticket=24 ablated_ok=1 masked=1 baseline=0
Q w=2 q=3 correct=1 TRIAL_ENTERED=2 ticket=24 ablated_ok=1 masked=1 baseline=0
Q w=3 q=0 correct=1 TRIAL_ENTERED=2 ticket=32 ablated_ok=1 masked=1 baseline=0
Q w=3 q=1 correct=1 TRIAL_ENTERED=2 ticket=32 ablated_ok=1 masked=1 baseline=0
Q w=3 q=2 correct=1 TRIAL_ENTERED=2 ticket=32 ablated_ok=1 masked=1 baseline=0
Q w=3 q=3 correct=1 TRIAL_ENTERED=2 ticket=32 ablated_ok=1 masked=1 baseline=0
Q w=4 q=0 correct=1 TRIAL_ENTERED=2 ticket=32 ablated_ok=1 masked=1 baseline=0
Q w=4 q=1 correct=1 TRIAL_ENTERED=2 ticket=32 ablated_ok=1 masked=1 baseline=0
Q w=4 q=2 correct=1 TRIAL_ENTERED=2 ticket=32 ablated_ok=1 masked=1 baseline=0
Q w=4 q=3 correct=1 TRIAL_ENTERED=2 ticket=32 ablated_ok=1 masked=1 baseline=0
Q w=5 q=0 correct=1 TRIAL_ENTERED=2 ticket=32 ablated_ok=1 masked=1 baseline=0
Q w=5 q=1 correct=1 TRIAL_ENTERED=2 ticket=32 ablated_ok=1 masked=1 baseline=0
Q w=5 q=2 correct=1 TRIAL_ENTERED=2 ticket=32 ablated_ok=1 masked=1 baseline=0
Q w=5 q=3 correct=1 TRIAL_ENTERED=2 ticket=32 ablated_ok=1 masked=1 baseline=0
Q w=6 q=0 correct=1 TRIAL_ENTERED=2 ticket=32 ablated_ok=1 masked=1 baseline=0
Q w=6 q=1 correct=1 TRIAL_ENTERED=2 ticket=32 ablated_ok=1 masked=1 baseline=0
Q w=6 q=2 correct=1 TRIAL_ENTERED=2 ticket=32 ablated_ok=1 masked=1 baseline=0
Q w=6 q=3 correct=1 TRIAL_ENTERED=2 ticket=32 ablated_ok=1 masked=1 baseline=0
Q w=7 q=0 correct=1 TRIAL_ENTERED=2 ticket=32 ablated_ok=1 masked=1 baseline=0
Q w=7 q=1 correct=1 TRIAL_ENTERED=2 ticket=32 ablated_ok=1 masked=1 baseline=0
Q w=7 q=2 correct=1 TRIAL_ENTERED=2 ticket=32 ablated_ok=1 masked=1 baseline=0
Q w=7 q=3 correct=1 TRIAL_ENTERED=2 ticket=32 ablated_ok=1 masked=1 baseline=0
Q w=8 q=0 correct=1 TRIAL_ENTERED=2 ticket=32 ablated_ok=1 masked=1 baseline=0
Q w=8 q=1 correct=1 TRIAL_ENTERED=2 ticket=32 ablated_ok=1 masked=1 baseline=0
Q w=8 q=2 correct=1 TRIAL_ENTERED=2 ticket=32 ablated_ok=1 masked=1 baseline=0
Q w=8 q=3 correct=1 TRIAL_ENTERED=2 ticket=32 ablated_ok=1 masked=1 baseline=0
H2R-SUMMARY n=36 correct=36 TRIAL_ENTERED_MIN=2 ablated_ok=36 baseline=0 masked=36
H2R-B3-WHITEBOX
TICKET id=24 status=1 root=28
  cell id=28 tag=102 f4=1001 f8=31 f12=29 f16=0
  cell id=29 tag=101 f4=1000 f8=32 f12=33 f16=0
  cell id=30 tag=101 f4=1000 f8=34 f12=35 f16=0
H2R-EVAL-COMPLETE
