PASS b_delib
PASS b_price
PASS b_cite1
PASS b_justify
PASS b_kill1
PASS b_rb1
PASS b_rb1_record
PASS b_kill2_same
PASS b_citelock
PASS b_rb_after_refusal
PASS b_cite2
PASS b_kill3_fresh
PASS b_no_double_spend
INFO b-honest done
PASS atkA80
PASS atkA80
PASS atkA80
PASS atkA80
PASS atkA80
PASS atkA80
PASS atkA80
PASS atkA85
PASS atkA85
PASS atkA85
PASS atkA85
PASS atkA85
PASS atkA85
PASS atkA85
PASS atkA90
PASS atkA90
PASS atkA90
PASS atkA90
PASS atkA90
PASS atkA90
PASS atkA90
PASS atkA100
PASS atkA100
PASS atkA100
PASS atkA100
PASS atkA100
PASS atkA100
PASS atkA100
PASS atkB80
PASS atkB80
PASS atkB80
PASS atkB80
PASS atkB80
PASS atkB80
PASS atkB80
PASS atkB80
PASS atkB80
PASS atkB85
PASS atkB85
PASS atkB85
PASS atkB85
PASS atkB85
PASS atkB85
PASS atkB85
PASS atkB85
PASS atkB85
PASS atkB90
PASS atkB90
PASS atkB90
PASS atkB90
PASS atkB90
PASS atkB90
PASS atkB90
PASS atkB90
PASS atkB90
PASS atkB100
PASS atkB100
PASS atkB100
PASS atkB100
PASS atkB100
PASS atkB100
PASS atkB100
PASS atkB100
PASS atkB100
PASS atkC80
PASS atkC80
PASS atkC80
PASS atkC80
PASS atkC80
PASS atkC80
FAIL atkC80 got=121 want=0
PASS atkC80
FAIL atkC80 got=109 want=121
PASS atkC80
PASS atkC85
PASS atkC85
PASS atkC85
PASS atkC85
PASS atkC85
PASS atkC85
FAIL atkC85 got=121 want=0
PASS atkC85
FAIL atkC85 got=109 want=121
PASS atkC85
PASS atkC90
PASS atkC90
PASS atkC90
PASS atkC90
PASS atkC90
PASS atkC90
FAIL atkC90 got=121 want=0
PASS atkC90
FAIL atkC90 got=109 want=121
PASS atkC90
PASS atkC100
PASS atkC100
PASS atkC100
PASS atkC100
PASS atkC100
PASS atkC100
FAIL atkC100 got=121 want=0
PASS atkC100
FAIL atkC100 got=109 want=121
PASS atkC100
PASS atkD80
PASS atkD80
PASS atkD80
PASS atkD80
PASS atkD80
PASS atkD80
PASS atkD80
PASS atkD85
PASS atkD85
PASS atkD85
PASS atkD85
PASS atkD85
PASS atkD85
PASS atkD85
PASS atkD90
PASS atkD90
PASS atkD90
PASS atkD90
PASS atkD90
PASS atkD90
PASS atkD90
PASS atkD100
PASS atkD100
PASS atkD100
PASS atkD100
PASS atkD100
PASS atkD100
PASS atkD100
PASS atkE80
PASS atkE80
PASS atkE80
PASS atkE80
PASS atkE80
FAIL atkE80 got=121 want=111
PASS atkE80
PASS atkE80
PASS atkE85
PASS atkE85
PASS atkE85
PASS atkE85
PASS atkE85
FAIL atkE85 got=121 want=111
PASS atkE85
PASS atkE85
PASS atkE90
PASS atkE90
PASS atkE90
PASS atkE90
PASS atkE90
FAIL atkE90 got=121 want=111
PASS atkE90
PASS atkE90
PASS atkE100
PASS atkE100
PASS atkE100
PASS atkE100
PASS atkE100
FAIL atkE100 got=121 want=111
PASS atkE100
PASS atkE100
PASS atkF80
PASS atkF80
PASS atkF80
PASS atkF80
FAIL atkF80 got=121 want=0
PASS atkF80
PASS atkF80
FAIL atkF80 got=109 want=121
PASS atkF80
PASS atkF85
PASS atkF85
PASS atkF85
PASS atkF85
FAIL atkF85 got=121 want=0
PASS atkF85
PASS atkF85
FAIL atkF85 got=109 want=121
PASS atkF85
PASS atkF90
PASS atkF90
PASS atkF90
PASS atkF90
FAIL atkF90 got=121 want=0
PASS atkF90
PASS atkF90
FAIL atkF90 got=109 want=121
PASS atkF90
PASS atkF100
PASS atkF100
PASS atkF100
PASS atkF100
FAIL atkF100 got=121 want=0
PASS atkF100
PASS atkF100
FAIL atkF100 got=109 want=121
PASS atkF100
PASS atkG80
PASS atkG80
PASS atkG80
PASS atkG80
PASS atkG80
PASS atkG80
PASS atkG80
FAIL atkG80 got=121 want=0
PASS atkG80
FAIL atkG80 got=109 want=121
PASS atkG80
PASS atkG90
PASS atkG90
PASS atkG90
PASS atkG90
PASS atkG90
PASS atkG90
PASS atkG90
FAIL atkG90 got=121 want=0
PASS atkG90
FAIL atkG90 got=109 want=121
PASS atkG90
PASS atkI80
PASS atkI80
PASS atkI80
PASS atkI80
PASS atkI80
PASS atkI80
PASS atkI80
PASS atkI85
PASS atkI85
PASS atkI85
PASS atkI85
PASS atkI85
PASS atkI85
PASS atkI85
PASS atkI90
PASS atkI90
PASS atkI90
PASS atkI90
PASS atkI90
PASS atkI90
PASS atkI90
PASS atkI100
PASS atkI100
PASS atkI100
PASS atkI100
PASS atkI100
PASS atkI100
PASS atkI100
PASS rt_attacks_30
INFO redteam done attacks=30
GOVQB_DONE fails=24
