ST_TS 0 2 3 0 0 0 0 0 0 0 0 0 0 0 0 0 0
ST_TS 25 27 31 0 0 0 0 0 0 7 0 0 0 6 0 0 0
ST_DELIB 30 4 1 2 3 10 1 0 0
ST_DELIB 31 7 1 2 3 10 1 0 0
ST_DELIB 32 3 1 2 3 10 1 0 0
ST_DELIB 33 6 1 2 3 10 1 0 0
ST_DELIB 34 2 1 2 3 10 1 0 0
ST_DELIB 35 12 1 2 3 10 1 0 0
ST_DELIB 36 13 1 2 3 10 1 0 0
ST_DELIB 37 14 1 2 3 10 1 0 0
ST_DELIB 38 3 1 2 3 10 1 0 0
ST_DELIB 39 16 1 2 3 10 1 0 0
ST_DELIB 40 17 1 2 3 10 1 0 0
ST_DELIB 41 12 1 2 3 10 1 0 0
ST_DELIB 42 12 1 2 3 10 1 0 0
ST_DELIB 43 22 1 2 3 10 1 0 0
ST_DELIB 44 2 1 2 3 10 1 0 0
ST_DELIB 45 2 1 2 3 10 1 0 0
ST_DELIB 46 23 1 2 3 10 1 0 0
ST_DELIB 47 24 1 2 3 10 1 0 0
ST_DELIB 48 7 1 2 3 10 1 0 0
ST_DELIB 49 26 1 2 3 10 1 0 0
ST_TS 50 32 73 0 20 0 20 0 11 15 0 0 0 15 0 0 0
ST_DELIB 50 27 1 2 3 10 1 0 0
ST_DELIB 51 27 1 2 3 10 1 0 0
ST_DELIB 52 17 1 2 3 10 1 0 0
ST_DELIB 53 17 1 2 3 10 1 0 0
ST_DELIB 54 2 1 2 3 10 1 0 0
ST_DELIB 55 4 1 2 3 10 1 0 0
ST_DELIB 56 4 1 2 3 10 1 0 0
ST_DELIB 57 9 3 2 9 80 4 2 1
ST_DELIB 57 9 1 2 3 1 4 0 0
ST_DELIB 58 10 3 2 9 80 4 2 1
ST_DELIB 58 10 1 2 3 1 4 0 0
ST_DELIB 59 11 3 2 9 80 4 2 1
ST_DELIB 59 11 1 2 3 1 4 0 0
ST_DELIB 60 2 1 2 3 10 1 0 0
ST_DELIB 61 2 1 2 3 10 1 0 0
ST_DELIB 62 2 1 2 3 10 1 0 0
ST_DELIB 63 2 1 2 3 10 1 0 0
ST_DELIB 64 12 1 2 3 10 1 0 0
ST_DELIB 65 12 1 2 3 10 1 0 0
ST_DELIB 66 12 1 2 3 10 1 0 0
ST_DELIB 67 19 3 2 9 80 4 2 1
ST_DELIB 67 19 1 2 3 1 4 0 0
ST_DELIB 68 20 3 2 9 80 4 2 1
ST_DELIB 68 20 1 2 3 1 4 0 0
ST_DELIB 69 21 3 2 9 80 4 2 1
ST_DELIB 69 21 1 2 3 1 4 0 0
ST_DELIB 70 27 1 2 3 10 1 0 0
ST_DELIB 71 27 1 2 3 10 1 0 0
ST_DELIB 72 27 1 2 3 10 1 0 0
ST_DELIB 73 27 1 2 3 10 1 0 0
ST_DELIB 74 4 1 2 3 75 3 0 0
ST_TS 75 32 141 0 89 0 51 6 19 22 0 0 0 21 0 0 0
ST_DELIB 75 4 1 2 3 10 3 0 0
ST_DELIB 76 4 1 2 3 10 3 0 0
ST_DELIB 77 29 3 2 9 80 4 2 1
ST_DELIB 77 29 1 2 3 1 4 0 0
ST_DELIB 78 30 3 2 9 80 4 2 1
ST_DELIB 78 30 1 2 3 1 4 0 0
ST_DELIB 79 31 3 2 9 80 4 2 1
ST_DELIB 79 31 1 2 3 1 4 0 0
ST_DELIB 80 20 1 2 3 75 4 0 0
ST_DELIB 81 20 1 2 3 10 4 0 0
ST_DELIB 82 20 1 2 3 10 4 0 0
ST_DELIB 83 20 1 2 3 10 4 0 0
ST_DELIB 84 20 1 2 3 75 4 0 0
ST_DELIB 85 20 1 2 3 10 4 0 0
ST_DELIB 86 20 1 2 3 10 4 0 0
ST_DELIB 87 14 3 2 9 80 4 2 1
ST_DELIB 87 14 1 2 3 1 4 0 0
ST_DELIB 88 3 3 2 9 80 4 2 1
ST_DELIB 88 3 1 2 3 1 4 0 0
ST_DELIB 89 16 3 2 9 80 4 2 1
ST_DELIB 89 16 1 2 3 1 4 0 0
ST_DELIB 90 16 1 2 3 75 4 0 0
ST_DELIB 91 16 1 2 3 10 4 0 0
ST_DELIB 92 16 1 2 3 10 4 0 0
ST_DELIB 93 16 1 2 3 10 4 0 0
ST_DELIB 94 20 1 2 3 75 4 0 0
ST_DELIB 95 20 1 2 3 10 4 0 0
ST_DELIB 96 20 1 2 3 10 4 0 0
ST_DELIB 97 24 3 2 9 80 4 2 1
ST_DELIB 97 24 1 2 3 1 4 0 0
ST_DELIB 98 7 3 2 9 80 4 2 1
ST_DELIB 98 7 1 2 3 1 4 0 0
ST_DELIB 99 26 3 2 9 80 4 2 1
ST_DELIB 99 26 1 2 3 1 4 0 0
ST_TS 100 32 203 0 223 0 85 15 19 30 0 0 0 30 0 0 0
ST_DELIB 100 7 1 2 3 75 4 0 0
ST_DELIB 101 7 1 2 3 10 4 0 0
ST_DELIB 102 7 1 2 3 10 4 0 0
ST_DELIB 103 7 1 2 3 10 4 0 0
ST_DELIB 104 3 1 2 3 75 4 0 0
ST_DELIB 105 3 1 2 3 10 4 0 0
ST_DELIB 106 3 1 2 3 10 4 0 0
ST_DELIB 107 9 3 2 9 80 4 2 1
ST_DELIB 107 9 1 2 3 1 4 0 0
ST_DELIB 108 10 3 2 9 80 4 2 1
ST_DELIB 108 10 1 2 3 1 4 0 0
ST_DELIB 109 11 3 2 9 80 4 2 1
ST_DELIB 109 11 1 2 3 1 4 0 0
ST_DELIB 110 3 1 2 3 75 4 0 0
ST_DELIB 111 3 1 2 3 10 4 0 0
ST_DELIB 112 3 1 2 3 10 4 0 0
ST_DELIB 113 3 1 2 3 10 4 0 0
ST_DELIB 114 3 1 2 3 75 4 0 0
ST_DELIB 115 3 1 2 3 10 4 0 0
ST_DELIB 116 3 1 2 3 10 4 0 0
ST_DELIB 117 19 3 2 9 80 4 2 1
ST_DELIB 117 19 1 2 3 1 4 0 0
ST_DELIB 118 3 1 2 3 75 4 0 0
ST_DELIB 119 21 3 2 9 80 4 2 1
ST_DELIB 119 21 1 2 3 1 4 0 0
ST_DELIB 120 21 1 2 3 75 4 0 0
ST_DELIB 121 21 1 2 3 10 4 0 0
ST_DELIB 122 21 1 2 3 10 4 0 0
ST_DELIB 123 21 1 2 3 10 4 0 0
ST_DELIB 124 3 1 2 3 75 4 0 0
ST_TS 125 32 260 0 343 0 115 20 23 37 0 0 0 36 0 0 0
ST_DELIB 125 3 1 2 3 10 4 0 0
ST_DELIB 126 3 1 2 3 10 4 0 0
ST_DELIB 127 29 3 2 9 80 4 2 1
ST_DELIB 127 29 1 2 3 1 4 0 0
ST_DELIB 128 30 3 2 9 80 4 2 1
ST_DELIB 128 30 1 2 3 1 4 0 0
ST_DELIB 129 31 3 2 9 80 4 2 1
ST_DELIB 129 31 1 2 3 1 4 0 0
ST_DELIB 130 30 1 2 3 75 4 0 0
ST_DELIB 131 30 1 2 3 10 4 0 0
ST_DELIB 132 30 1 2 3 10 4 0 0
ST_DELIB 133 30 1 2 3 10 4 0 0
ST_DELIB 134 29 1 2 3 75 4 0 0
ST_DELIB 135 29 1 2 3 10 4 0 0
ST_DELIB 136 29 1 2 3 10 4 0 0
ST_DELIB 137 14 3 2 9 80 4 2 1
ST_DELIB 137 14 1 2 3 1 4 0 0
ST_DELIB 138 14 1 2 3 75 4 0 0
ST_DELIB 139 29 1 2 3 75 4 0 0
ST_DELIB 140 29 1 2 3 75 4 0 0
ST_DELIB 141 29 1 2 3 10 4 0 0
ST_DELIB 142 29 1 2 3 10 4 0 0
ST_DELIB 143 29 1 2 3 10 4 0 0
ST_DELIB 144 29 1 2 3 75 4 0 0
ST_DELIB 145 29 1 2 3 10 4 0 0
ST_DELIB 146 29 1 2 3 10 4 0 0
ST_DELIB 147 24 3 2 9 80 4 2 1
ST_DELIB 147 24 1 2 3 1 4 0 0
ST_DELIB 148 29 1 2 3 75 4 0 0
ST_DELIB 149 26 3 2 9 80 4 2 1
ST_DELIB 149 26 1 2 3 1 4 0 0
ST_TS 150 32 310 0 467 0 146 26 23 45 0 0 0 45 0 0 0
ST_DELIB 150 26 1 2 3 75 4 0 0
ST_DELIB 151 26 1 2 3 10 4 0 0
ST_DELIB 152 26 1 2 3 10 4 0 0
ST_DELIB 153 26 1 2 3 10 4 0 0
ST_DELIB 154 29 1 2 3 75 4 0 0
ST_DELIB 155 29 1 2 3 10 4 0 0
ST_DELIB 156 29 1 2 3 10 4 0 0
ST_DELIB 157 9 3 2 9 80 4 2 1
ST_DELIB 157 9 1 2 3 1 4 0 0
ST_DELIB 158 10 3 2 9 80 4 2 1
ST_DELIB 158 10 1 2 3 1 4 0 0
ST_DELIB 159 11 3 2 9 80 4 2 1
ST_DELIB 159 11 1 2 3 1 4 0 0
ST_DELIB 160 14 1 2 3 75 4 0 0
ST_DELIB 161 14 1 2 3 10 4 0 0
ST_DELIB 162 14 1 2 3 10 4 0 0
ST_DELIB 163 14 1 2 3 10 4 0 0
ST_DELIB 164 14 1 2 3 75 4 0 0
ST_DELIB 165 14 1 2 3 10 4 0 0
ST_DELIB 166 14 1 2 3 10 4 0 0
ST_DELIB 167 19 3 2 9 80 4 2 1
ST_DELIB 167 19 1 2 3 1 4 0 0
ST_DELIB 168 19 1 2 3 75 4 0 0
ST_DELIB 169 14 1 2 3 75 4 0 0
ST_DELIB 170 14 1 2 3 75 4 0 0
ST_DELIB 171 14 1 2 3 10 4 0 0
ST_DELIB 172 14 1 2 3 10 4 0 0
ST_DELIB 173 14 1 2 3 10 4 0 0
ST_DELIB 174 14 1 2 3 75 4 0 0
ST_TS 175 32 354 0 583 0 175 30 23 52 0 0 0 51 0 0 0
ST_DELIB 175 14 1 2 3 10 4 0 0
ST_DELIB 176 14 1 2 3 10 4 0 0
ST_DELIB 177 14 1 2 3 75 4 0 0
ST_DELIB 178 14 1 2 3 75 4 0 0
ST_DELIB 179 31 3 2 9 80 4 2 1
ST_DELIB 179 31 1 2 3 1 4 0 0
ST_DELIB 180 31 1 2 3 75 4 0 0
ST_DELIB 181 31 1 2 3 10 4 0 0
ST_DELIB 182 31 1 2 3 10 4 0 0
ST_DELIB 183 31 1 2 3 10 4 0 0
ST_DELIB 184 14 1 2 3 75 4 0 0
ST_DELIB 185 14 1 2 3 10 4 0 0
ST_DELIB 186 14 1 2 3 10 4 0 0
ST_DELIB 187 14 1 2 3 75 4 0 0
ST_DELIB 188 14 1 2 3 75 4 0 0
ST_DELIB 189 14 1 2 3 75 4 0 0
ST_DELIB 190 14 1 2 3 75 4 0 0
ST_DELIB 191 14 1 2 3 10 4 0 0
ST_DELIB 192 14 1 2 3 10 4 0 0
ST_DELIB 193 14 1 2 3 10 4 0 0
ST_DELIB 194 14 1 2 3 75 4 0 0
ST_DELIB 195 14 1 2 3 10 4 0 0
ST_DELIB 196 14 1 2 3 10 4 0 0
ST_DELIB 197 24 3 2 9 80 4 2 1
ST_DELIB 197 24 1 2 3 1 4 0 0
ST_DELIB 198 24 1 2 3 75 4 0 0
ST_DELIB 199 14 1 2 3 75 4 0 0
ST_TS 200 32 395 0 691 0 202 32 27 60 0 0 0 60 0 0 0
ST_DELIB 200 14 1 2 3 75 4 0 0
ST_DELIB 201 14 1 2 3 10 4 0 0
ST_DELIB 202 14 1 2 3 10 4 0 0
ST_DELIB 203 14 1 2 3 10 4 0 0
ST_DELIB 204 14 1 2 3 75 4 0 0
ST_DELIB 205 14 1 2 3 10 4 0 0
ST_DELIB 206 14 1 2 3 10 4 0 0
ST_DELIB 207 9 3 2 9 80 4 2 1
ST_DELIB 207 9 1 2 3 1 4 0 0
ST_DELIB 208 10 3 2 9 80 4 2 1
ST_DELIB 208 10 1 2 3 1 4 0 0
ST_DELIB 209 11 3 2 9 80 4 2 1
ST_DELIB 209 11 1 2 3 1 4 0 0
ST_DELIB 210 14 1 2 3 75 4 0 0
ST_DELIB 211 14 1 2 3 10 4 0 0
ST_DELIB 212 14 1 2 3 10 4 0 0
ST_DELIB 213 14 1 2 3 10 4 0 0
ST_DELIB 214 14 1 2 3 75 4 0 0
ST_DELIB 215 14 1 2 3 10 4 0 0
ST_DELIB 216 14 1 2 3 10 4 0 0
ST_DELIB 217 14 1 2 3 75 4 0 0
ST_DELIB 218 19 3 2 9 80 4 2 1
ST_DELIB 218 19 1 2 3 1 4 0 0
ST_DELIB 219 19 1 2 3 75 4 0 0
ST_DELIB 220 14 1 2 3 75 4 0 0
ST_DELIB 221 14 1 2 3 10 4 0 0
ST_DELIB 222 14 1 2 3 10 4 0 0
ST_DELIB 223 14 1 2 3 10 4 0 0
ST_DELIB 224 14 1 2 3 75 4 0 0
ST_TS 225 32 436 0 807 0 231 36 25 67 0 0 0 66 0 0 0
ST_DELIB 225 14 1 2 3 10 4 0 0
ST_DELIB 226 14 1 2 3 10 4 0 0
ST_DELIB 227 14 1 2 3 75 4 0 0
ST_DELIB 228 14 1 2 3 75 4 0 0
ST_DELIB 229 14 1 2 3 75 4 0 0
ST_DELIB 230 14 1 2 3 75 4 0 0
ST_DELIB 231 14 1 2 3 10 4 0 0
ST_DELIB 232 14 1 2 3 10 4 0 0
ST_DELIB 233 14 1 2 3 10 4 0 0
ST_DELIB 234 14 1 2 3 75 4 0 0
ST_DELIB 235 14 1 2 3 10 4 0 0
ST_DELIB 236 14 1 2 3 10 4 0 0
ST_DELIB 237 14 1 2 3 75 4 0 0
ST_DELIB 238 14 1 2 3 75 4 0 0
ST_DELIB 239 14 1 2 3 75 4 0 0
ST_DELIB 240 14 1 2 3 75 4 0 0
ST_DELIB 241 14 1 2 3 10 4 0 0
ST_DELIB 242 14 1 2 3 10 4 0 0
ST_DELIB 243 14 1 2 3 10 4 0 0
ST_DELIB 244 14 1 2 3 75 4 0 0
ST_DELIB 245 14 1 2 3 10 4 0 0
ST_DELIB 246 14 1 2 3 10 4 0 0
ST_DELIB 247 14 1 2 3 75 4 0 0
ST_DELIB 248 24 3 2 9 80 4 2 1
ST_DELIB 248 24 1 2 3 1 4 0 0
ST_DELIB 249 24 1 2 3 75 4 0 0
ST_TS 250 32 472 0 911 0 257 37 28 75 0 0 0 75 0 0 0
ST_DELIB 250 14 1 2 3 75 4 0 0
ST_DELIB 251 14 1 2 3 10 4 0 0
ST_DELIB 252 14 1 2 3 10 4 0 0
ST_DELIB 253 14 1 2 3 10 4 0 0
ST_DELIB 254 14 1 2 3 75 4 0 0
ST_DELIB 255 14 1 2 3 10 4 0 0
ST_DELIB 256 14 1 2 3 10 4 0 0
ST_DELIB 257 9 3 2 9 80 4 2 1
ST_DELIB 257 9 1 2 3 1 4 0 0
ST_DELIB 258 10 3 2 9 80 4 2 1
ST_DELIB 258 10 1 2 3 1 4 0 0
ST_DELIB 259 11 3 2 9 80 4 2 1
ST_DELIB 259 11 1 2 3 1 4 0 0
ST_DELIB 260 14 1 2 3 75 4 0 0
ST_DELIB 261 14 1 2 3 10 4 0 0
ST_DELIB 262 14 1 2 3 10 4 0 0
ST_DELIB 263 14 1 2 3 10 4 0 0
ST_DELIB 264 14 1 2 3 75 4 0 0
ST_DELIB 265 14 1 2 3 10 4 0 0
ST_DELIB 266 14 1 2 3 10 4 0 0
ST_DELIB 267 14 1 2 3 75 4 0 0
ST_DELIB 268 14 1 2 3 75 4 0 0
ST_DELIB 269 19 3 2 9 80 4 2 1
ST_DELIB 269 19 1 2 3 1 4 0 0
ST_DELIB 270 19 1 2 3 75 4 0 0
ST_DELIB 271 19 1 2 3 10 4 0 0
ST_DELIB 272 19 1 2 3 10 4 0 0
ST_DELIB 273 19 1 2 3 10 4 0 0
ST_DELIB 274 14 1 2 3 75 4 0 0
ST_TS 275 32 510 0 1027 0 286 41 25 82 0 0 0 81 0 0 0
ST_DELIB 275 14 1 2 3 10 4 0 0
ST_DELIB 276 14 1 2 3 10 4 0 0
ST_DELIB 277 14 1 2 3 75 4 0 0
ST_DELIB 278 14 1 2 3 75 4 0 0
ST_DELIB 279 14 1 2 3 75 4 0 0
ST_DELIB 280 14 1 2 3 75 4 0 0
ST_DELIB 281 14 1 2 3 10 4 0 0
ST_DELIB 282 14 1 2 3 10 4 0 0
ST_DELIB 283 14 1 2 3 10 4 0 0
ST_DELIB 284 14 1 2 3 75 4 0 0
ST_DELIB 285 14 1 2 3 10 4 0 0
ST_DELIB 286 14 1 2 3 10 4 0 0
ST_DELIB 287 14 1 2 3 75 4 0 0
ST_DELIB 288 14 1 2 3 75 4 0 0
ST_DELIB 289 14 1 2 3 75 4 0 0
ST_DELIB 290 14 1 2 3 75 4 0 0
ST_DELIB 291 14 1 2 3 10 4 0 0
ST_DELIB 292 14 1 2 3 10 4 0 0
ST_DELIB 293 14 1 2 3 10 4 0 0
ST_DELIB 294 14 1 2 3 75 4 0 0
ST_DELIB 295 14 1 2 3 10 4 0 0
ST_DELIB 296 14 1 2 3 10 4 0 0
ST_DELIB 297 14 1 2 3 75 4 0 0
ST_DELIB 298 14 1 2 3 75 4 0 0
ST_DELIB 299 24 3 2 9 80 4 2 1
ST_DELIB 299 24 1 2 3 1 4 0 0
ST_TS 300 32 544 0 1131 0 312 42 28 90 0 0 0 90 0 0 0
ST_DELIB 300 24 1 2 3 75 4 0 0
ST_DELIB 301 24 1 2 3 10 4 0 0
ST_DELIB 302 24 1 2 3 10 4 0 0
ST_DELIB 303 24 1 2 3 10 4 0 0
ST_DELIB 304 14 1 2 3 75 4 0 0
ST_DELIB 305 14 1 2 3 10 4 0 0
ST_DELIB 306 14 1 2 3 10 4 0 0
ST_DELIB 307 9 3 2 9 80 4 2 1
ST_DELIB 307 9 1 2 3 1 4 0 0
ST_DELIB 308 10 3 2 9 80 4 2 1
ST_DELIB 308 10 1 2 3 1 4 0 0
ST_DELIB 309 11 3 2 9 80 4 2 1
ST_DELIB 309 11 1 2 3 1 4 0 0
ST_DELIB 310 14 1 2 3 75 4 0 0
ST_DELIB 311 14 1 2 3 10 4 0 0
ST_DELIB 312 14 1 2 3 10 4 0 0
ST_DELIB 313 14 1 2 3 10 4 0 0
ST_DELIB 314 14 1 2 3 75 4 0 0
ST_DELIB 315 14 1 2 3 10 4 0 0
ST_DELIB 316 14 1 2 3 10 4 0 0
ST_DELIB 317 14 1 2 3 75 4 0 0
ST_DELIB 318 14 1 2 3 75 4 0 0
ST_DELIB 319 14 1 2 3 75 4 0 0
ST_DELIB 320 14 1 2 3 75 4 0 0
ST_DELIB 321 14 1 2 3 10 4 0 0
ST_DELIB 322 14 1 2 3 10 4 0 0
ST_DELIB 323 14 1 2 3 10 4 0 0
ST_DELIB 324 14 1 2 3 75 4 0 0
ST_TS 325 32 579 0 1243 0 340 45 25 97 0 0 0 96 0 0 0
ST_DELIB 325 14 1 2 3 10 4 0 0
ST_DELIB 326 14 1 2 3 10 4 0 0
ST_DELIB 327 14 1 2 3 75 4 0 0
ST_DELIB 328 14 1 2 3 75 4 0 0
ST_DELIB 329 14 1 2 3 75 4 0 0
ST_DELIB 330 14 1 2 3 75 4 0 0
ST_DELIB 331 14 1 2 3 10 4 0 0
ST_DELIB 332 14 1 2 3 10 4 0 0
ST_DELIB 333 14 1 2 3 10 4 0 0
ST_DELIB 334 14 1 2 3 75 4 0 0
ST_DELIB 335 14 1 2 3 10 4 0 0
ST_DELIB 336 14 1 2 3 10 4 0 0
ST_DELIB 337 14 1 2 3 75 4 0 0
ST_DELIB 338 14 1 2 3 75 4 0 0
ST_DELIB 339 14 1 2 3 75 4 0 0
ST_DELIB 340 14 1 2 3 75 4 0 0
ST_DELIB 341 14 1 2 3 10 4 0 0
ST_DELIB 342 14 1 2 3 10 4 0 0
ST_DELIB 343 14 1 2 3 10 4 0 0
ST_DELIB 344 14 1 2 3 75 4 0 0
ST_DELIB 345 14 1 2 3 10 4 0 0
ST_DELIB 346 14 1 2 3 10 4 0 0
ST_DELIB 347 14 1 2 3 75 4 0 0
ST_DELIB 348 14 1 2 3 75 4 0 0
ST_DELIB 349 14 1 2 3 75 4 0 0
ST_TS 350 32 611 0 1343 0 365 45 29 105 0 0 0 105 0 0 0
ST_DELIB 350 14 1 2 3 75 4 0 0
ST_DELIB 351 14 1 2 3 10 4 0 0
ST_DELIB 352 14 1 2 3 10 4 0 0
ST_DELIB 353 14 1 2 3 10 4 0 0
ST_DELIB 354 14 1 2 3 75 4 0 0
ST_DELIB 355 14 1 2 3 10 4 0 0
ST_DELIB 356 14 1 2 3 10 4 0 0
ST_DELIB 357 9 3 2 9 80 4 2 1
ST_DELIB 357 9 1 2 3 1 4 0 0
ST_DELIB 358 10 3 2 9 80 4 2 1
ST_DELIB 358 10 1 2 3 1 4 0 0
ST_DELIB 359 11 3 2 9 80 4 2 1
ST_DELIB 359 11 1 2 3 1 4 0 0
ST_DELIB 360 14 1 2 3 75 4 0 0
ST_DELIB 361 14 1 2 3 10 4 0 0
ST_DELIB 362 14 1 2 3 10 4 0 0
ST_DELIB 363 14 1 2 3 10 4 0 0
ST_DELIB 364 14 1 2 3 75 4 0 0
ST_DELIB 365 14 1 2 3 10 4 0 0
ST_DELIB 366 14 1 2 3 10 4 0 0
ST_DELIB 367 14 1 2 3 75 4 0 0
ST_DELIB 368 14 1 2 3 75 4 0 0
ST_DELIB 369 14 1 2 3 75 4 0 0
ST_DELIB 370 14 1 2 3 75 4 0 0
ST_DELIB 371 14 1 2 3 10 4 0 0
ST_DELIB 372 14 1 2 3 10 4 0 0
ST_DELIB 373 14 1 2 3 10 4 0 0
ST_DELIB 374 14 1 2 3 75 4 0 0
ST_TS 375 32 646 0 1455 0 393 48 26 112 0 0 0 111 0 0 0
ST_DELIB 375 14 1 2 3 10 4 0 0
ST_DELIB 376 14 1 2 3 10 4 0 0
ST_DELIB 377 14 1 2 3 75 4 0 0
ST_DELIB 378 14 1 2 3 75 4 0 0
ST_DELIB 379 14 1 2 3 75 4 0 0
ST_DELIB 380 14 1 2 3 75 4 0 0
ST_DELIB 381 14 1 2 3 10 4 0 0
ST_DELIB 382 14 1 2 3 10 4 0 0
ST_DELIB 383 14 1 2 3 10 4 0 0
ST_DELIB 384 14 1 2 3 75 4 0 0
ST_DELIB 385 14 1 2 3 10 4 0 0
ST_DELIB 386 14 1 2 3 10 4 0 0
ST_DELIB 387 14 1 2 3 75 4 0 0
ST_DELIB 388 14 1 2 3 75 4 0 0
ST_DELIB 389 14 1 2 3 75 4 0 0
ST_DELIB 390 14 1 2 3 75 4 0 0
ST_DELIB 391 14 1 2 3 10 4 0 0
ST_DELIB 392 14 1 2 3 10 4 0 0
ST_DELIB 393 14 1 2 3 10 4 0 0
ST_DELIB 394 14 1 2 3 75 4 0 0
ST_DELIB 395 14 1 2 3 10 4 0 0
ST_DELIB 396 14 1 2 3 10 4 0 0
ST_DELIB 397 14 1 2 3 75 4 0 0
ST_DELIB 398 14 1 2 3 75 4 0 0
ST_DELIB 399 14 1 2 3 75 4 0 0
ST_TS 400 32 677 0 1555 0 418 48 29 120 0 0 0 120 0 0 0
ST_DELIB 400 14 1 2 3 75 4 0 0
ST_DELIB 401 14 1 2 3 10 4 0 0
ST_DELIB 402 14 1 2 3 10 4 0 0
ST_DELIB 403 14 1 2 3 10 4 0 0
ST_DELIB 404 14 1 2 3 75 4 0 0
ST_DELIB 405 14 1 2 3 10 4 0 0
ST_DELIB 406 14 1 2 3 10 4 0 0
ST_DELIB 407 9 3 2 9 80 4 2 1
ST_DELIB 407 9 1 2 3 1 4 0 0
ST_DELIB 408 10 3 2 9 80 4 2 1
ST_DELIB 408 10 1 2 3 1 4 0 0
ST_DELIB 409 11 3 2 9 80 4 2 1
ST_DELIB 409 11 1 2 3 1 4 0 0
ST_DELIB 410 14 1 2 3 75 4 0 0
ST_DELIB 411 14 1 2 3 10 4 0 0
ST_DELIB 412 14 1 2 3 10 4 0 0
ST_DELIB 413 14 1 2 3 10 4 0 0
ST_DELIB 414 14 1 2 3 75 4 0 0
ST_DELIB 415 14 1 2 3 10 4 0 0
ST_DELIB 416 14 1 2 3 10 4 0 0
ST_DELIB 417 14 1 2 3 75 4 0 0
ST_DELIB 418 14 1 2 3 75 4 0 0
ST_DELIB 419 14 1 2 3 75 4 0 0
ST_DELIB 420 14 1 2 3 75 4 0 0
ST_DELIB 421 14 1 2 3 10 4 0 0
ST_DELIB 422 14 1 2 3 10 4 0 0
ST_DELIB 423 14 1 2 3 10 4 0 0
ST_DELIB 424 14 1 2 3 75 4 0 0
ST_TS 425 32 711 0 1667 0 446 51 26 127 0 0 0 126 0 0 0
ST_DELIB 425 14 1 2 3 10 4 0 0
ST_DELIB 426 14 1 2 3 10 4 0 0
ST_DELIB 427 14 1 2 3 75 4 0 0
ST_DELIB 428 14 1 2 3 75 4 0 0
ST_DELIB 429 14 1 2 3 75 4 0 0
ST_DELIB 430 14 1 2 3 75 4 0 0
ST_DELIB 431 14 1 2 3 10 4 0 0
ST_DELIB 432 14 1 2 3 10 4 0 0
ST_DELIB 433 14 1 2 3 10 4 0 0
ST_DELIB 434 14 1 2 3 75 4 0 0
ST_DELIB 435 14 1 2 3 10 4 0 0
ST_DELIB 436 14 1 2 3 10 4 0 0
ST_DELIB 437 14 1 2 3 75 4 0 0
ST_DELIB 438 14 1 2 3 75 4 0 0
ST_DELIB 439 14 1 2 3 75 4 0 0
ST_DELIB 440 14 1 2 3 75 4 0 0
ST_DELIB 441 14 1 2 3 10 4 0 0
ST_DELIB 442 14 1 2 3 10 4 0 0
ST_DELIB 443 14 1 2 3 10 4 0 0
ST_DELIB 444 14 1 2 3 75 4 0 0
ST_DELIB 445 14 1 2 3 10 4 0 0
ST_DELIB 446 14 1 2 3 10 4 0 0
ST_DELIB 447 14 1 2 3 75 4 0 0
ST_DELIB 448 14 1 2 3 75 4 0 0
ST_DELIB 449 14 1 2 3 75 4 0 0
ST_TS 450 32 742 0 1767 0 471 51 29 135 0 0 0 135 0 0 0
ST_DELIB 450 14 1 2 3 75 4 0 0
ST_DELIB 451 14 1 2 3 10 4 0 0
ST_DELIB 452 14 1 2 3 10 4 0 0
ST_DELIB 453 14 1 2 3 10 4 0 0
ST_DELIB 454 14 1 2 3 75 4 0 0
ST_DELIB 455 14 1 2 3 10 4 0 0
ST_DELIB 456 14 1 2 3 10 4 0 0
ST_DELIB 457 9 3 2 9 80 4 2 1
ST_DELIB 457 9 1 2 3 1 4 0 0
ST_DELIB 458 10 3 2 9 80 4 2 1
ST_DELIB 458 10 1 2 3 1 4 0 0
ST_DELIB 459 11 3 2 9 80 4 2 1
ST_DELIB 459 11 1 2 3 1 4 0 0
ST_DELIB 460 14 1 2 3 75 4 0 0
ST_DELIB 461 14 1 2 3 10 4 0 0
ST_DELIB 462 14 1 2 3 10 4 0 0
ST_DELIB 463 14 1 2 3 10 4 0 0
ST_DELIB 464 14 1 2 3 75 4 0 0
ST_DELIB 465 14 1 2 3 10 4 0 0
ST_DELIB 466 14 1 2 3 10 4 0 0
ST_DELIB 467 14 1 2 3 75 4 0 0
ST_DELIB 468 14 1 2 3 75 4 0 0
ST_DELIB 469 14 1 2 3 75 4 0 0
ST_DELIB 470 14 1 2 3 75 4 0 0
ST_DELIB 471 14 1 2 3 10 4 0 0
ST_DELIB 472 14 1 2 3 10 4 0 0
ST_DELIB 473 14 1 2 3 10 4 0 0
ST_DELIB 474 14 1 2 3 75 4 0 0
ST_TS 475 32 776 0 1879 0 499 54 26 142 0 0 0 141 0 0 0
ST_DELIB 475 14 1 2 3 10 4 0 0
ST_DELIB 476 14 1 2 3 10 4 0 0
ST_DELIB 477 14 1 2 3 75 4 0 0
ST_DELIB 478 14 1 2 3 75 4 0 0
ST_DELIB 479 14 1 2 3 75 4 0 0
ST_DELIB 480 14 1 2 3 75 4 0 0
ST_DELIB 481 14 1 2 3 10 4 0 0
ST_DELIB 482 14 1 2 3 10 4 0 0
ST_DELIB 483 14 1 2 3 10 4 0 0
ST_DELIB 484 14 1 2 3 75 4 0 0
ST_DELIB 485 14 1 2 3 10 4 0 0
ST_DELIB 486 14 1 2 3 10 4 0 0
ST_DELIB 487 14 1 2 3 75 4 0 0
ST_DELIB 488 14 1 2 3 75 4 0 0
ST_DELIB 489 14 1 2 3 75 4 0 0
ST_DELIB 490 14 1 2 3 75 4 0 0
ST_DELIB 491 14 1 2 3 10 4 0 0
ST_DELIB 492 14 1 2 3 10 4 0 0
ST_DELIB 493 14 1 2 3 10 4 0 0
ST_DELIB 494 14 1 2 3 75 4 0 0
ST_DELIB 495 14 1 2 3 10 4 0 0
ST_DELIB 496 14 1 2 3 10 4 0 0
ST_DELIB 497 14 1 2 3 75 4 0 0
ST_DELIB 498 14 1 2 3 75 4 0 0
ST_DELIB 499 14 1 2 3 75 4 0 0
ST_TS 500 32 807 0 1979 0 524 54 29 150 0 0 0 150 0 0 0
ST_CELL 12 1 2 0
ST_AUDIT_N 807
ST_DROPS 0
ST_ABANDONS 0
ST_ABANDON_Q 0 0 0 0
ST_METRIC 2 0 51
ST_METRIC 7 0 1
ST_METRIC 6 0 26
ST_A_SUMMARY 0 524 54 0 1979
ST_LEDGER 807 67788
CL_CHECK,ck_replay,0,0
CL_CHECK,ck_refusals_clean,0,0
CL_CHECK,ck_core_live,1,1
CL_CHECK,ck_strength_lineage,1,1
CL_CHECK,ck_strength_lineage,1,1
CL_CHECK,ck_strength_lineage,1,1
CL_CHECK,ck_strength_lineage,1,1
CL_CHECK,ck_strength_lineage,1,1
CL_CHECK,ck_strength_lineage,1,1
CL_CHECK,ck_strength_lineage,1,1
CL_CHECK,ck_strength_lineage,1,1
CL_CHECK,ck_strength_lineage,1,1
CL_CHECK,ck_strength_lineage,1,1
CL_CHECK,ck_strength_lineage,1,1
CL_CHECK,ck_strength_lineage,1,1
CL_CHECK,ck_strength_lineage,1,1
CL_CHECK,ck_strength_lineage,1,1
CL_CHECK,ck_strength_lineage,1,1
CL_CHECK,ck_strength_lineage,1,1
CL_CHECK,ck_strength_lineage,1,1
CL_CHECK,ck_strength_lineage,1,1
CL_CHECK,ck_strength_lineage,1,1
CL_CHECK,ck_strength_lineage,1,1
CL_CHECK,ck_strength_lineage,1,1
CL_CHECK,ck_strength_lineage,1,1
CL_CHECK,ck_strength_lineage,1,1
CL_CHECK,ck_strength_lineage,1,1
CL_CHECK,ck_strength_lineage,1,1
CL_CHECK,ck_strength_lineage,1,1
CL_CHECK,ck_strength_lineage,1,1
CL_CHECK,ck_strength_lineage,1,1
CL_CHECK,ck_strength_lineage,1,1
CL_CHECK,ck_strength_lineage,1,1
CL_CHECK,ck_strength_lineage,1,1
CL_CHECK,ck_strength_lineage,1,1
CL_CHECK,ck_strength_lineage,1,1
CL_CHECK,ck_strength_lineage,1,1
CL_CHECK,ck_strength_lineage,1,1
CL_CHECK,ck_strength_lineage,1,1
CL_CHECK,ck_strength_lineage,1,1
CL_CHECK,ck_strength_lineage,1,1
CL_CHECK,ck_strength_lineage,1,1
CL_CHECK,ck_strength_lineage,1,1
CL_CHECK,ck_strength_lineage,1,1
CL_CHECK,ck_strength_lineage,1,1
CL_CHECK,ck_strength_lineage,1,1
CL_CHECK,ck_strength_lineage,1,1
CL_CHECK,ck_strength_lineage,1,1
CL_CHECK,ck_strength_lineage,1,1
CL_CHECK,ck_strength_lineage,1,1
CL_CHECK,ck_strength_lineage,1,1
CL_CHECK,ck_strength_lineage,1,1
CL_CHECK,ck_strength_lineage,1,1
CL_CHECK,ck_strength_lineage,1,1
CL_CHECK,ck_strength_lineage,1,1
CL_CHECK,ck_strength_lineage,1,1
CL_CHECK,ck_strength_lineage,1,1
CL_CHECK,ck_strength_lineage,1,1
CL_CHECK,ck_strength_lineage,1,1
CL_CHECK,ck_strength_lineage,1,1
CL_CHECK,ck_strength_lineage,1,1
CL_CHECK,ck_strength_lineage,1,1
CL_CHECK,ck_strength_lineage,1,1
CL_CHECK,ck_strength_lineage,1,1
CL_CHECK,ck_strength_lineage,1,1
CL_CHECK,ck_strength_lineage,1,1
CL_CHECK,ck_strength_lineage,1,1
CL_CHECK,ck_strength_lineage,1,1
CL_CHECK,ck_strength_lineage,1,1
CL_CHECK,ck_strength_lineage,1,1
CL_CHECK,ck_strength_lineage,1,1
CL_CHECK,ck_strength_lineage,1,1
CL_CHECK,ck_strength_lineage,1,1
CL_CHECK,ck_strength_lineage,1,1
CL_CHECK,ck_strength_lineage,1,1
CL_CHECK,ck_strength_lineage,1,1
CL_CHECK,ck_strength_lineage,1,1
CL_CHECK,ck_strength_lineage,1,1
CL_CHECK,ck_strength_lineage,1,1
CL_CHECK,ck_strength_lineage,1,1
CL_CHECK,ck_strength_lineage,1,1
CL_CHECK,ck_strength_lineage,1,1
CL_CHECK,ck_strength_lineage,1,1
CL_CHECK,ck_strength_lineage,1,1
CL_CHECK,ck_strength_lineage,1,1
CL_CHECK,ck_strength_lineage,1,1
CL_CHECK,ck_strength_lineage,1,1
CL_CHECK,ck_strength_lineage,1,1
CL_CHECK,ck_strength_lineage,1,1
CL_CHECK,ck_strength_lineage,1,1
CL_CHECK,ck_strength_lineage,1,1
CL_CHECK,ck_strength_lineage,1,1
CL_CHECK,ck_strength_lineage,1,1
CL_CHECK,ck_strength_lineage,1,1
CL_CHECK,ck_strength_lineage,1,1
CL_CHECK,ck_strength_lineage,1,1
CL_CHECK,ck_strength_lineage,1,1
CL_CHECK,ck_strength_lineage,1,1
CL_CHECK,ck_strength_lineage,1,1
CL_CHECK,ck_strength_lineage,1,1
CL_CHECK,ck_strength_lineage,1,1
CL_CHECK,ck_strength_lineage,1,1
CL_CHECK,ck_strength_lineage,1,1
CL_CHECK,ck_strength_lineage,1,1
CL_CHECK,ck_strength_lineage,1,1
CL_CHECK,ck_strength_lineage,1,1
CL_CHECK,ck_strength_lineage,1,1
CL_CHECK,ck_strength_lineage,1,1
CL_CHECK,ck_strength_lineage,1,1
CL_CHECK,ck_strength_lineage,1,1
CL_CHECK,ck_strength_lineage,1,1
CL_CHECK,ck_strength_lineage,1,1
CL_CHECK,ck_strength_lineage,1,1
CL_CHECK,ck_strength_lineage,1,1
CL_CHECK,ck_strength_lineage,1,1
CL_CHECK,ck_strength_lineage,1,1
CL_CHECK,ck_strength_lineage,1,1
CL_CHECK,ck_strength_lineage,1,1
CL_CHECK,ck_strength_lineage,1,1
CL_CHECK,ck_strength_lineage,1,1
CL_CHECK,ck_strength_lineage,1,1
CL_CHECK,ck_strength_lineage,1,1
CL_CHECK,ck_strength_lineage,1,1
CL_CHECK,ck_strength_lineage,1,1
CL_CHECK,ck_strength_lineage,1,1
CL_CHECK,ck_strength_lineage,1,1
CL_CHECK,ck_strength_lineage,1,1
CL_CHECK,ck_strength_lineage,1,1
CL_CHECK,ck_strength_lineage,1,1
CL_CHECK,ck_strength_lineage,1,1
CL_CHECK,ck_strength_lineage,1,1
CL_CHECK,ck_strength_lineage,1,1
CL_CHECK,ck_strength_lineage,1,1
CL_CHECK,ck_strength_lineage,1,1
CL_CHECK,ck_strength_lineage,1,1
CL_CHECK,ck_strength_lineage,1,1
CL_CHECK,ck_strength_lineage,1,1
CL_CHECK,ck_strength_lineage,1,1
CL_CHECK,ck_strength_lineage,1,1
CL_CHECK,ck_strength_lineage,1,1
CL_CHECK,ck_strength_lineage,1,1
CL_CHECK,ck_strength_lineage,1,1
CL_CHECK,ck_strength_lineage,1,1
CL_CHECK,ck_strength_lineage,1,1
CL_CHECK,ck_strength_lineage,1,1
CL_CHECK,ck_strength_lineage,1,1
CL_CHECK,ck_strength_lineage,1,1
CL_CHECK,ck_strength_lineage,1,1
CL_CHECK,ck_strength_lineage,1,1
CL_CHECK,ck_strength_lineage,1,1
CL_CHECK,ck_strength_lineage,1,1
CL_CHECK,ck_strength_lineage,1,1
CL_CHECK,ck_strength_lineage,1,1
CL_CHECK,ck_strength_lineage,1,1
CL_CHECK,ck_strength_lineage,1,1
CL_CHECK,ck_strength_lineage,1,1
CL_CHECK,ck_strength_lineage,1,1
CL_CHECK,ck_strength_lineage,1,1
CL_CHECK,ck_strength_lineage,1,1
CL_CHECK,ck_strength_lineage,1,1
CL_CHECK,ck_strength_lineage,1,1
CL_CHECK,ck_strength_lineage,1,1
CL_CHECK,ck_strength_lineage,1,1
CL_CHECK,ck_strength_lineage,1,1
CL_CHECK,ck_strength_lineage,1,1
CL_CHECK,ck_strength_lineage,1,1
CL_CHECK,ck_strength_lineage,1,1
CL_CHECK,ck_strength_lineage,1,1
CL_CHECK,ck_strength_lineage,1,1
CL_CHECK,ck_strength_lineage,1,1
CL_CHECK,ck_strength_lineage,1,1
CL_CHECK,ck_strength_lineage,1,1
CL_CHECK,ck_strength_lineage,1,1
CL_CHECK,ck_strength_lineage,1,1
CL_CHECK,ck_strength_lineage,1,1
CL_CHECK,ck_strength_lineage,1,1
CL_CHECK,ck_strength_lineage,1,1
CL_CHECK,ck_strength_lineage,1,1
CL_CHECK,ck_strength_lineage,1,1
CL_CHECK,ck_strength_lineage,1,1
CL_CHECK,ck_strength_lineage,1,1
CL_CHECK,ck_strength_lineage,1,1
CL_CHECK,ck_strength_lineage,1,1
CL_CHECK,ck_strength_lineage,1,1
CL_CHECK,ck_strength_lineage,1,1
CL_CHECK,ck_strength_lineage,1,1
CL_CHECK,ck_strength_lineage,1,1
CL_CHECK,ck_strength_lineage,1,1
CL_CHECK,ck_strength_lineage,1,1
CL_CHECK,ck_strength_lineage,1,1
CL_CHECK,ck_strength_lineage,1,1
CL_CHECK,ck_strength_lineage,1,1
CL_CHECK,ck_strength_lineage,1,1
CL_CHECK,ck_strength_lineage,1,1
CL_CHECK,ck_strength_lineage,1,1
CL_CHECK,ck_strength_lineage,1,1
CL_CHECK,ck_strength_lineage,1,1
CL_CHECK,ck_strength_lineage,1,1
CL_CHECK,ck_strength_lineage,1,1
CL_CHECK,ck_strength_lineage,1,1
CL_CHECK,ck_strength_lineage,1,1
CL_CHECK,ck_strength_lineage,1,1
CL_CHECK,ck_strength_lineage,1,1
CL_CHECK,ck_strength_lineage,1,1
CL_CHECK,ck_strength_lineage,1,1
CL_CHECK,ck_strength_lineage,1,1
CL_CHECK,ck_strength_lineage,1,1
CL_CHECK,ck_strength_lineage,1,1
CL_CHECK,ck_strength_lineage,1,1
CL_CHECK,ck_strength_lineage,1,1
CL_CHECK,ck_strength_lineage,1,1
CL_CHECK,ck_strength_lineage,1,1
CL_CHECK,ck_strength_lineage,1,1
CL_CHECK,ck_strength_lineage,1,1
CL_CHECK,ck_strength_lineage,1,1
CL_CHECK,ck_strength_lineage,1,1
CL_CHECK,ck_strength_lineage,1,1
CL_CHECK,ck_strength_lineage,1,1
CL_CHECK,ck_strength_lineage,1,1
CL_CHECK,ck_strength_lineage,1,1
CL_CHECK,ck_strength_lineage,1,1
CL_CHECK,ck_strength_lineage,1,1
CL_CHECK,ck_strength_lineage,1,1
CL_CHECK,ck_strength_lineage,1,1
CL_CHECK,ck_strength_lineage,1,1
CL_CHECK,ck_strength_lineage,1,1
CL_CHECK,ck_strength_lineage,1,1
CL_CHECK,ck_strength_lineage,1,1
CL_CHECK,ck_strength_lineage,1,1
CL_CHECK,ck_strength_lineage,1,1
CL_CHECK,ck_strength_lineage,1,1
CL_CHECK,ck_strength_lineage,1,1
CL_CHECK,ck_strength_lineage,1,1
CL_CHECK,ck_strength_lineage,1,1
CL_CHECK,ck_strength_lineage,1,1
CL_CHECK,ck_strength_lineage,1,1
CL_CHECK,ck_strength_lineage,1,1
CL_CHECK,ck_strength_lineage,1,1
CL_CHECK,ck_strength_lineage,1,1
CL_CHECK,ck_strength_lineage,1,1
CL_CHECK,ck_strength_lineage,1,1
CL_CHECK,ck_strength_lineage,1,1
CL_CHECK,ck_strength_lineage,1,1
CL_CHECK,ck_strength_lineage,1,1
CL_CHECK,ck_strength_lineage,1,1
CL_CHECK,ck_strength_lineage,1,1
CL_CHECK,ck_strength_lineage,1,1
CL_CHECK,ck_strength_lineage,1,1
CL_CHECK,ck_strength_lineage,1,1
CL_CHECK,ck_strength_lineage,1,1
CL_CHECK,ck_strength_lineage,1,1
CL_CHECK,ck_strength_lineage,1,1
CL_CHECK,ck_strength_lineage,1,1
CL_CHECK,ck_strength_lineage,1,1
CL_CHECK,ck_strength_lineage,1,1
CL_CHECK,ck_strength_lineage,1,1
CL_CHECK,ck_strength_lineage,1,1
CL_CHECK,ck_strength_lineage,1,1
CL_CHECK,ck_strength_lineage,1,1
CL_CHECK,ck_strength_lineage,1,1
CL_CHECK,ck_strength_lineage,1,1
CL_CHECK,ck_strength_lineage,1,1
CL_CHECK,ck_strength_lineage,1,1
CL_CHECK,ck_strength_lineage,1,1
CL_CHECK,ck_strength_lineage,1,1
CL_CHECK,ck_strength_lineage,1,1
CL_CHECK,ck_strength_lineage,1,1
CL_CHECK,ck_strength_lineage,1,1
CL_CHECK,ck_strength_lineage,1,1
CL_CHECK,ck_strength_lineage,1,1
CL_CHECK,ck_strength_lineage,1,1
CL_CHECK,ck_strength_lineage,1,1
CL_CHECK,ck_strength_lineage,1,1
CL_CHECK,ck_strength_lineage,1,1
CL_CHECK,ck_strength_lineage,1,1
CL_CHECK,ck_strength_lineage,1,1
CL_CHECK,ck_strength_lineage,1,1
CL_CHECK,ck_strength_lineage,1,1
CL_CHECK,ck_strength_lineage,1,1
CL_CHECK,ck_strength_lineage,1,1
CL_CHECK,ck_strength_lineage,1,1
CL_CHECK,ck_strength_lineage,1,1
CL_CHECK,ck_strength_lineage,1,1
CL_CHECK,ck_strength_lineage,1,1
CL_CHECK,ck_strength_lineage,1,1
CL_CHECK,ck_strength_lineage,1,1
CL_CHECK,ck_strength_lineage,1,1
CL_CHECK,ck_strength_lineage,1,1
CL_CHECK,ck_strength_lineage,1,1
CL_CHECK,ck_strength_lineage,1,1
CL_CHECK,ck_strength_lineage,1,1
CL_CHECK,ck_strength_lineage,1,1
CL_CHECK,ck_strength_lineage,1,1
CL_CHECK,ck_strength_lineage,1,1
CL_CHECK,ck_strength_lineage,1,1
CL_CHECK,ck_strength_lineage,1,1
CL_CHECK,ck_strength_lineage,1,1
CL_CHECK,ck_strength_lineage,1,1
CL_CHECK,ck_strength_lineage,1,1
CL_CHECK,ck_strength_lineage,1,1
CL_CHECK,ck_strength_lineage,1,1
CL_CHECK,ck_strength_lineage,1,1
CL_CHECK,ck_strength_lineage,1,1
CL_CHECK,ck_strength_lineage,1,1
CL_CHECK,ck_strength_lineage,1,1
CL_CHECK,ck_strength_lineage,1,1
CL_CHECK,ck_strength_lineage,1,1
CL_CHECK,ck_strength_lineage,1,1
CL_CHECK,ck_strength_lineage,1,1
CL_CHECK,ck_strength_lineage,1,1
CL_CHECK,ck_strength_lineage,1,1
CL_CHECK,ck_strength_lineage,1,1
CL_CHECK,ck_strength_lineage,1,1
CL_CHECK,ck_strength_lineage,1,1
CL_CHECK,ck_strength_lineage,1,1
CL_CHECK,ck_strength_lineage,1,1
CL_CHECK,ck_strength_lineage,1,1
CL_CHECK,ck_strength_lineage,1,1
CL_CHECK,ck_strength_lineage,1,1
CL_CHECK,ck_strength_lineage,1,1
CL_CHECK,ck_strength_lineage,1,1
CL_CHECK,ck_strength_lineage,1,1
CL_CHECK,ck_strength_lineage,1,1
CL_CHECK,ck_strength_lineage,1,1
CL_CHECK,ck_strength_lineage,1,1
CL_CHECK,ck_strength_lineage,1,1
CL_CHECK,ck_strength_lineage,1,1
CL_CHECK,ck_strength_lineage,1,1
CL_CHECK,ck_strength_lineage,1,1
CL_CHECK,ck_strength_lineage,1,1
CL_CHECK,ck_strength_lineage,1,1
CL_CHECK,ck_strength_lineage,1,1
CL_CHECK,ck_strength_lineage,1,1
CL_CHECK,ck_strength_lineage,1,1
CL_CHECK,ck_strength_lineage,1,1
CL_CHECK,ck_strength_lineage,1,1
CL_CHECK,ck_strength_lineage,1,1
CL_CHECK,ck_strength_lineage,1,1
CL_CHECK,ck_strength_lineage,1,1
CL_CHECK,ck_strength_lineage,1,1
CL_CHECK,ck_strength_lineage,1,1
CL_CHECK,ck_strength_lineage,1,1
CL_CHECK,ck_strength_lineage,1,1
CL_CHECK,ck_strength_lineage,1,1
CL_CHECK,ck_strength_lineage,1,1
CL_CHECK,ck_strength_lineage,1,1
CL_CHECK,ck_strength_lineage,1,1
CL_CHECK,ck_strength_lineage,1,1
CL_CHECK,ck_strength_lineage,1,1
CL_CHECK,ck_strength_lineage,1,1
CL_CHECK,ck_strength_lineage,1,1
CL_CHECK,ck_strength_lineage,1,1
CL_CHECK,ck_strength_lineage,1,1
CL_CHECK,ck_strength_lineage,1,1
CL_CHECK,ck_strength_lineage,1,1
CL_CHECK,ck_strength_lineage,1,1
CL_CHECK,ck_strength_lineage,1,1
CL_CHECK,ck_strength_lineage,1,1
CL_CHECK,ck_strength_lineage,1,1
CL_CHECK,ck_strength_lineage,1,1
CL_CHECK,ck_strength_lineage,1,1
CL_CHECK,ck_strength_lineage,1,1
CL_CHECK,ck_strength_lineage,1,1
CL_CHECK,ck_strength_lineage,1,1
CL_CHECK,ck_strength_lineage,1,1
CL_CHECK,ck_strength_lineage,1,1
CL_CHECK,ck_strength_lineage,1,1
CL_CHECK,ck_strength_lineage,1,1
CL_CHECK,ck_strength_lineage,1,1
CL_CHECK,ck_strength_lineage,1,1
CL_CHECK,ck_strength_lineage,1,1
CL_CHECK,ck_strength_lineage,1,1
CL_CHECK,ck_strength_lineage,1,1
CL_CHECK,ck_strength_lineage,1,1
CL_CHECK,ck_strength_lineage,1,1
CL_CHECK,ck_strength_lineage,1,1
CL_CHECK,ck_strength_lineage,1,1
CL_CHECK,ck_strength_lineage,1,1
CL_CHECK,ck_strength_lineage,1,1
CL_CHECK,ck_strength_lineage,1,1
CL_CHECK,ck_strength_lineage,1,1
CL_CHECK,ck_strength_lineage,1,1
CL_CHECK,ck_strength_lineage,1,1
CL_CHECK,ck_strength_lineage,1,1
CL_CHECK,ck_strength_lineage,1,1
CL_CHECK,ck_strength_lineage,1,1
CL_CHECK,ck_strength_lineage,1,1
CL_CHECK,ck_strength_lineage,1,1
CL_CHECK,ck_strength_lineage,1,1
CL_CHECK,ck_strength_lineage,1,1
CL_CHECK,ck_strength_lineage,1,1
CL_CHECK,ck_strength_lineage,1,1
CL_CHECK,ck_strength_lineage,1,1
CL_CHECK,ck_strength_lineage,1,1
CL_CHECK,ck_strength_lineage,1,1
CL_CHECK,ck_strength_lineage,1,1
CL_CHECK,ck_strength_lineage,1,1
CL_CHECK,ck_strength_lineage,1,1
CL_CHECK,ck_strength_lineage,1,1
CL_CHECK,ck_strength_lineage,1,1
CL_CHECK,ck_strength_lineage,1,1
CL_CHECK,ck_strength_lineage,1,1
CL_CHECK,ck_strength_lineage,1,1
CL_CHECK,ck_strength_lineage,1,1
CL_CHECK,ck_strength_lineage,1,1
CL_CHECK,ck_strength_lineage,1,1
CL_CHECK,ck_strength_lineage,1,1
CL_CHECK,ck_strength_lineage,1,1
CL_CHECK,ck_strength_lineage,1,1
CL_CHECK,ck_strength_lineage,1,1
CL_CHECK,ck_strength_lineage,1,1
CL_CHECK,ck_strength_lineage,1,1
CL_CHECK,ck_strength_lineage,1,1
CL_CHECK,ck_strength_lineage,1,1
CL_CHECK,ck_strength_lineage,1,1
CL_CHECK,ck_strength_lineage,1,1
CL_CHECK,ck_strength_lineage,1,1
CL_CHECK,ck_strength_lineage,1,1
CL_CHECK,ck_strength_lineage,1,1
CL_CHECK,ck_strength_lineage,1,1
CL_CHECK,ck_strength_lineage,1,1
CL_CHECK,ck_strength_lineage,1,1
CL_CHECK,ck_strength_lineage,1,1
CL_CHECK,ck_strength_lineage,1,1
CL_CHECK,ck_strength_lineage,1,1
CL_CHECK,ck_strength_lineage,1,1
CL_CHECK,ck_strength_lineage,1,1
CL_CHECK,ck_strength_lineage,1,1
CL_CHECK,ck_strength_lineage,1,1
CL_CHECK,ck_strength_lineage,1,1
CL_CHECK,ck_strength_lineage,1,1
CL_CHECK,ck_strength_lineage,1,1
CL_CHECK,ck_strength_lineage,1,1
CL_CHECK,ck_strength_lineage,1,1
CL_CHECK,ck_strength_lineage,1,1
CL_CHECK,ck_no_bad_kill,0,0
CL_CHECK,ck_no_bad_forcepin,0,0
CL_CHECK,ck_no_bad_code,0,0
CL_CHECK,ck_no_bad_role,0,0
CL_CHECK,ck_no_bad_pexp,0,0
CL_CHECK,ck_no_bad_recycle,0,0
ST_FINGERPRINT -1659140443
ST_INVALID 0
ST_DONE
