ST_TS 0 2 3 0 0 0 0 0 0 0 0 0 0 0 0 0 0
ST_TS 25 27 28 0 0 0 0 0 0 8 0 0 0 1 0 0 0
ST_DELIB 30 5 1 2 3 10 1 0 0
ST_DELIB 31 8 1 2 3 10 1 0 0
ST_DELIB 32 4 1 2 3 10 1 0 0
ST_DELIB 33 7 1 2 3 10 1 0 0
ST_DELIB 34 11 1 2 3 10 1 0 0
ST_DELIB 35 12 1 2 3 10 1 0 0
ST_DELIB 36 10 1 2 3 10 1 0 0
ST_DELIB 37 14 1 2 3 10 1 0 0
ST_DELIB 38 15 1 2 3 10 1 0 0
ST_DELIB 39 2 1 2 3 75 3 1 0
ST_DELIB 40 17 1 2 3 10 1 0 0
ST_DELIB 41 18 1 2 3 10 1 0 0
ST_DELIB 42 17 1 2 3 10 1 0 0
ST_DELIB 43 20 1 2 3 10 1 0 0
ST_DELIB 44 21 1 2 3 10 1 0 0
ST_DELIB 45 22 1 2 3 10 1 0 0
ST_DELIB 46 20 1 2 3 10 1 0 0
ST_DELIB 47 24 1 2 3 10 1 0 0
ST_DELIB 48 25 1 2 3 10 1 0 0
ST_DELIB 49 20 1 2 3 10 1 0 0
ST_TS 50 32 62 0 22 0 20 0 8 15 0 0 0 1 0 0 0
ST_DELIB 50 27 1 2 3 10 1 0 0
ST_DELIB 51 28 1 2 3 10 1 0 0
ST_DELIB 52 20 1 2 3 10 1 0 0
ST_DELIB 53 30 1 2 3 10 1 0 0
ST_DELIB 54 31 1 2 3 10 1 0 0
ST_DELIB 55 5 1 2 3 10 1 0 0
ST_DELIB 56 5 1 2 3 10 1 0 0
ST_DELIB 57 4 1 2 3 10 1 0 0
ST_DELIB 58 7 1 2 3 10 1 0 0
ST_DELIB 59 7 1 2 3 10 1 0 0
ST_DELIB 60 12 1 2 3 10 1 0 0
ST_DELIB 61 10 1 2 3 10 1 0 0
ST_DELIB 62 20 1 2 3 10 1 0 0
ST_DELIB 63 15 1 2 3 10 1 0 0
ST_DELIB 64 2 1 2 3 10 3 0 0
ST_DELIB 65 12 1 2 3 10 1 0 0
ST_DELIB 66 15 1 2 3 10 1 0 0
ST_DELIB 67 17 1 2 3 10 1 0 0
ST_DELIB 68 15 1 2 3 10 1 0 0
ST_DELIB 69 22 1 2 3 10 1 0 0
ST_DELIB 70 22 1 2 3 10 1 0 0
ST_DELIB 71 22 1 2 3 10 1 0 0
ST_DELIB 72 25 1 2 3 10 1 0 0
ST_DELIB 73 25 1 2 3 10 1 0 0
ST_DELIB 74 25 1 2 3 10 1 0 0
ST_TS 75 32 102 0 49 0 45 0 15 23 0 0 0 1 0 0 0
ST_DELIB 75 27 1 2 3 10 1 0 0
ST_DELIB 76 27 1 2 3 10 1 0 0
ST_DELIB 77 27 1 2 3 10 1 0 0
ST_DELIB 78 30 1 2 3 10 1 0 0
ST_DELIB 79 30 1 2 3 10 1 0 0
ST_DELIB 80 30 1 2 3 10 1 0 0
ST_DELIB 81 5 1 2 3 10 1 0 0
ST_DELIB 82 7 1 2 3 10 1 0 0
ST_DELIB 83 7 1 2 3 10 1 0 0
ST_DELIB 84 12 1 2 3 10 1 0 0
ST_DELIB 85 15 1 2 3 10 1 0 0
ST_DELIB 86 15 1 2 3 10 1 0 0
ST_DELIB 87 20 1 2 3 10 1 0 0
ST_DELIB 88 15 1 2 3 10 1 0 0
ST_DELIB 89 15 1 2 3 10 1 0 0
ST_DELIB 90 15 1 2 3 10 1 0 0
ST_DELIB 91 15 1 2 3 10 1 0 0
ST_DELIB 92 30 1 2 3 10 1 0 0
ST_DELIB 93 30 1 2 3 10 1 0 0
ST_DELIB 94 30 1 2 3 10 1 0 0
ST_DELIB 95 15 1 2 3 75 3 0 0
ST_DELIB 96 15 1 2 3 10 3 0 0
ST_DELIB 97 15 1 2 3 10 3 0 0
ST_DELIB 98 15 1 2 3 75 3 0 0
ST_DELIB 99 15 1 2 3 10 3 0 0
ST_TS 100 32 142 0 84 0 70 0 23 30 0 0 0 2 0 0 0
ST_DELIB 100 15 1 2 3 10 3 0 0
ST_DELIB 101 15 1 2 3 10 3 0 0
ST_DELIB 102 30 1 2 3 75 3 0 0
ST_DELIB 103 30 1 2 3 10 3 0 0
ST_DELIB 104 30 1 2 3 10 3 0 0
ST_DELIB 105 5 1 2 3 75 3 0 0
ST_DELIB 106 5 1 2 3 10 3 0 0
ST_DELIB 107 5 1 2 3 10 3 0 0
ST_DELIB 108 7 1 2 3 75 3 1 0
ST_DELIB 109 7 1 2 3 10 3 0 0
ST_DELIB 110 7 1 2 3 10 3 0 0
ST_DELIB 111 7 1 2 3 10 3 0 0
ST_DELIB 112 7 1 2 3 75 3 0 0
ST_DELIB 113 7 1 2 3 10 3 0 0
ST_DELIB 114 7 1 2 3 10 3 0 0
ST_DELIB 115 7 1 2 3 75 3 0 0
ST_DELIB 116 7 1 2 3 10 3 0 0
ST_DELIB 117 7 1 2 3 10 3 0 0
ST_DELIB 118 7 1 2 3 75 3 0 0
ST_DELIB 119 7 1 2 3 10 3 0 0
ST_DELIB 120 7 1 2 3 10 3 0 0
ST_DELIB 121 7 1 2 3 10 3 0 0
ST_DELIB 122 7 1 2 3 75 3 0 0
ST_DELIB 123 7 1 2 3 10 3 0 0
ST_DELIB 124 7 1 2 3 10 3 0 0
ST_TS 125 32 179 0 159 0 95 0 26 38 0 0 0 2 0 0 0
ST_DELIB 125 7 1 2 3 75 3 0 0
ST_DELIB 126 7 1 2 3 10 3 0 0
ST_DELIB 127 7 1 2 3 10 3 0 0
ST_DELIB 128 7 1 2 3 75 3 0 0
ST_DELIB 129 7 1 2 3 10 3 0 0
ST_DELIB 130 7 1 2 3 10 3 0 0
ST_DELIB 131 7 1 2 3 10 3 0 0
ST_DELIB 132 7 1 2 3 75 3 0 0
ST_DELIB 133 7 1 2 3 10 3 0 0
ST_DELIB 134 7 1 2 3 10 3 0 0
ST_DELIB 135 7 1 2 3 75 3 0 0
ST_DELIB 136 7 1 2 3 10 3 0 0
ST_DELIB 137 7 1 2 3 10 3 0 0
ST_DELIB 138 7 1 2 3 75 3 0 0
ST_DELIB 139 7 1 2 3 10 3 0 0
ST_DELIB 140 7 1 2 3 10 3 0 0
ST_DELIB 141 7 1 2 3 10 3 0 0
ST_DELIB 142 7 1 2 3 75 3 0 0
ST_DELIB 143 7 1 2 3 10 3 0 0
ST_DELIB 144 7 1 2 3 10 3 0 0
ST_DELIB 145 7 1 2 3 75 3 0 0
ST_DELIB 146 7 1 2 3 10 3 0 0
ST_DELIB 147 7 1 2 3 10 3 0 0
ST_DELIB 148 7 1 2 3 75 3 0 0
ST_DELIB 149 7 1 2 3 10 3 0 0
ST_TS 150 32 210 0 234 0 120 0 29 45 0 0 0 2 0 0 0
ST_DELIB 150 7 1 2 3 10 3 0 0
ST_DELIB 151 7 1 2 3 10 3 0 0
ST_DELIB 152 7 1 2 3 75 3 0 0
ST_DELIB 153 7 1 2 3 10 3 0 0
ST_DELIB 154 7 1 2 3 10 3 0 0
ST_DELIB 155 7 1 2 3 75 3 0 0
ST_DELIB 156 7 1 2 3 10 3 0 0
ST_DELIB 157 7 1 2 3 10 3 0 0
ST_DELIB 158 7 1 2 3 75 3 0 0
ST_DELIB 159 7 1 2 3 10 3 0 0
ST_DELIB 160 7 1 2 3 10 3 0 0
ST_DELIB 161 7 1 2 3 10 3 0 0
ST_DELIB 162 7 1 2 3 75 3 0 0
ST_DELIB 163 7 1 2 3 10 3 0 0
ST_DELIB 164 7 1 2 3 10 3 0 0
ST_DELIB 165 7 1 2 3 75 3 0 0
ST_DELIB 166 7 1 2 3 10 3 0 0
ST_DELIB 167 7 1 2 3 75 3 0 0
ST_DELIB 168 7 1 2 3 75 3 0 0
ST_DELIB 169 7 1 2 3 10 3 0 0
ST_DELIB 170 7 1 2 3 10 3 0 0
ST_DELIB 171 7 1 2 3 10 3 0 0
ST_DELIB 172 7 1 2 3 75 3 0 0
ST_DELIB 173 7 1 2 3 10 3 0 0
ST_DELIB 174 7 1 2 3 10 3 0 0
ST_TS 175 32 238 0 309 0 145 0 29 53 0 0 0 3 0 0 0
ST_DELIB 175 7 1 2 3 75 3 0 0
ST_DELIB 176 7 1 2 3 10 3 0 0
ST_DELIB 177 7 1 2 3 10 3 0 0
ST_DELIB 178 7 1 2 3 75 3 0 0
ST_DELIB 179 7 1 2 3 10 3 0 0
ST_DELIB 180 7 1 2 3 10 3 0 0
ST_DELIB 181 7 1 2 3 10 3 0 0
ST_DELIB 182 7 1 2 3 75 3 0 0
ST_DELIB 183 7 1 2 3 10 3 0 0
ST_DELIB 184 7 1 2 3 10 3 0 0
ST_DELIB 185 7 1 2 3 75 3 0 0
ST_DELIB 186 7 1 2 3 10 3 0 0
ST_DELIB 187 7 1 2 3 10 3 0 0
ST_DELIB 188 7 1 2 3 75 3 0 0
ST_DELIB 189 7 1 2 3 10 3 0 0
ST_DELIB 190 7 1 2 3 10 3 0 0
ST_DELIB 191 7 1 2 3 10 3 0 0
ST_DELIB 192 7 1 2 3 75 3 0 0
ST_DELIB 193 7 1 2 3 10 3 0 0
ST_DELIB 194 7 1 2 3 10 3 0 0
ST_DELIB 195 7 1 2 3 75 3 0 0
ST_DELIB 196 7 1 2 3 10 3 0 0
ST_DELIB 197 7 1 2 3 10 3 0 0
ST_DELIB 198 7 1 2 3 75 3 0 0
ST_DELIB 199 7 1 2 3 10 3 0 0
ST_TS 200 32 263 0 384 0 170 0 29 60 0 0 0 3 0 0 0
ST_DELIB 200 7 1 2 3 10 3 0 0
ST_DELIB 201 7 1 2 3 10 3 0 0
ST_DELIB 202 7 1 2 3 75 3 0 0
ST_DELIB 203 7 1 2 3 10 3 0 0
ST_DELIB 204 7 1 2 3 10 3 0 0
ST_DELIB 205 7 1 2 3 75 3 0 0
ST_DELIB 206 7 1 2 3 10 3 0 0
ST_DELIB 207 7 1 2 3 10 3 0 0
ST_DELIB 208 7 1 2 3 75 3 0 0
ST_DELIB 209 7 1 2 3 10 3 0 0
ST_DELIB 210 7 1 2 3 10 3 0 0
ST_DELIB 211 7 1 2 3 10 3 0 0
ST_DELIB 212 7 1 2 3 75 3 0 0
ST_DELIB 213 7 1 2 3 10 3 0 0
ST_DELIB 214 7 1 2 3 10 3 0 0
ST_DELIB 215 7 1 2 3 75 3 0 0
ST_DELIB 216 7 1 2 3 10 3 0 0
ST_DELIB 217 7 1 2 3 10 3 0 0
ST_DELIB 218 7 1 2 3 75 3 0 0
ST_DELIB 219 7 1 2 3 10 3 0 0
ST_DELIB 220 7 1 2 3 10 3 0 0
ST_DELIB 221 7 1 2 3 10 3 0 0
ST_DELIB 222 7 1 2 3 75 3 0 0
ST_DELIB 223 7 1 2 3 10 3 0 0
ST_DELIB 224 7 1 2 3 10 3 0 0
ST_TS 225 32 288 0 459 0 195 0 29 68 0 0 0 3 0 0 0
ST_DELIB 225 7 1 2 3 75 3 0 0
ST_DELIB 226 7 1 2 3 10 3 0 0
ST_DELIB 227 7 1 2 3 10 3 0 0
ST_DELIB 228 7 1 2 3 75 3 0 0
ST_DELIB 229 7 1 2 3 10 3 0 0
ST_DELIB 230 7 1 2 3 10 3 0 0
ST_DELIB 231 7 1 2 3 10 3 0 0
ST_DELIB 232 7 1 2 3 75 3 0 0
ST_DELIB 233 7 1 2 3 10 3 0 0
ST_DELIB 234 7 1 2 3 10 3 0 0
ST_DELIB 235 7 1 2 3 75 3 0 0
ST_DELIB 236 7 1 2 3 10 3 0 0
ST_DELIB 237 7 1 2 3 10 3 0 0
ST_DELIB 238 7 1 2 3 75 3 0 0
ST_DELIB 239 7 1 2 3 10 3 0 0
ST_DELIB 240 7 1 2 3 10 3 0 0
ST_DELIB 241 7 1 2 3 10 3 0 0
ST_DELIB 242 7 1 2 3 75 3 0 0
ST_DELIB 243 7 1 2 3 10 3 0 0
ST_DELIB 244 7 1 2 3 10 3 0 0
ST_DELIB 245 7 1 2 3 75 3 0 0
ST_DELIB 246 7 1 2 3 10 3 0 0
ST_DELIB 247 7 1 2 3 10 3 0 0
ST_DELIB 248 7 1 2 3 75 3 0 0
ST_DELIB 249 7 1 2 3 10 3 0 0
ST_TS 250 32 313 0 534 0 220 0 29 75 0 0 0 3 0 0 0
ST_DELIB 250 7 1 2 3 10 3 0 0
ST_DELIB 251 7 1 2 3 75 3 0 0
ST_DELIB 252 7 1 2 3 75 3 0 0
ST_DELIB 253 7 1 2 3 10 3 0 0
ST_DELIB 254 7 1 2 3 10 3 0 0
ST_DELIB 255 7 1 2 3 75 3 0 0
ST_DELIB 256 7 1 2 3 10 3 0 0
ST_DELIB 257 7 1 2 3 10 3 0 0
ST_DELIB 258 7 1 2 3 75 3 0 0
ST_DELIB 259 7 1 2 3 10 3 0 0
ST_DELIB 260 7 1 2 3 10 3 0 0
ST_DELIB 261 7 1 2 3 10 3 0 0
ST_DELIB 262 7 1 2 3 75 3 0 0
ST_DELIB 263 7 1 2 3 10 3 0 0
ST_DELIB 264 7 1 2 3 10 3 0 0
ST_DELIB 265 7 1 2 3 75 3 0 0
ST_DELIB 266 7 1 2 3 10 3 0 0
ST_DELIB 267 7 1 2 3 10 3 0 0
ST_DELIB 268 7 1 2 3 75 3 0 0
ST_DELIB 269 7 1 2 3 10 3 0 0
ST_DELIB 270 7 1 2 3 10 3 0 0
ST_DELIB 271 7 1 2 3 10 3 0 0
ST_DELIB 272 7 1 2 3 75 3 0 0
ST_DELIB 273 7 1 2 3 10 3 0 0
ST_DELIB 274 7 1 2 3 10 3 0 0
ST_TS 275 32 338 0 609 0 245 0 29 83 0 0 0 4 0 0 0
ST_DELIB 275 7 1 2 3 75 3 0 0
ST_DELIB 276 7 1 2 3 10 3 0 0
ST_DELIB 277 7 1 2 3 10 3 0 0
ST_DELIB 278 7 1 2 3 75 3 0 0
ST_DELIB 279 7 1 2 3 10 3 0 0
ST_DELIB 280 7 1 2 3 10 3 0 0
ST_DELIB 281 7 1 2 3 10 3 0 0
ST_DELIB 282 7 1 2 3 75 3 0 0
ST_DELIB 283 7 1 2 3 10 3 0 0
ST_DELIB 284 7 1 2 3 10 3 0 0
ST_DELIB 285 7 1 2 3 75 3 0 0
ST_DELIB 286 7 1 2 3 10 3 0 0
ST_DELIB 287 7 1 2 3 10 3 0 0
ST_DELIB 288 7 1 2 3 75 3 0 0
ST_DELIB 289 7 1 2 3 10 3 0 0
ST_DELIB 290 7 1 2 3 10 3 0 0
ST_DELIB 291 7 1 2 3 10 3 0 0
ST_DELIB 292 7 1 2 3 75 3 0 0
ST_DELIB 293 7 1 2 3 10 3 0 0
ST_DELIB 294 7 1 2 3 10 3 0 0
ST_DELIB 295 7 1 2 3 75 3 0 0
ST_DELIB 296 7 1 2 3 10 3 0 0
ST_DELIB 297 7 1 2 3 10 3 0 0
ST_DELIB 298 7 1 2 3 75 3 0 0
ST_DELIB 299 7 1 2 3 10 3 0 0
ST_TS 300 32 363 0 684 0 270 0 29 90 0 0 0 4 0 0 0
ST_DELIB 300 7 1 2 3 10 3 0 0
ST_DELIB 301 7 1 2 3 10 3 0 0
ST_DELIB 302 7 1 2 3 75 3 0 0
ST_DELIB 303 7 1 2 3 10 3 0 0
ST_DELIB 304 7 1 2 3 10 3 0 0
ST_DELIB 305 7 1 2 3 75 3 0 0
ST_DELIB 306 7 1 2 3 10 3 0 0
ST_DELIB 307 7 1 2 3 10 3 0 0
ST_DELIB 308 7 1 2 3 75 3 0 0
ST_DELIB 309 7 1 2 3 10 3 0 0
ST_DELIB 310 7 1 2 3 10 3 0 0
ST_DELIB 311 7 1 2 3 10 3 0 0
ST_DELIB 312 7 1 2 3 75 3 0 0
ST_DELIB 313 7 1 2 3 10 3 0 0
ST_DELIB 314 7 1 2 3 10 3 0 0
ST_DELIB 315 7 1 2 3 75 3 0 0
ST_DELIB 316 7 1 2 3 10 3 0 0
ST_DELIB 317 7 1 2 3 10 3 0 0
ST_DELIB 318 7 1 2 3 75 3 0 0
ST_DELIB 319 7 1 2 3 10 3 0 0
ST_DELIB 320 7 1 2 3 10 3 0 0
ST_DELIB 321 7 1 2 3 10 3 0 0
ST_DELIB 322 7 1 2 3 75 3 0 0
ST_DELIB 323 7 1 2 3 10 3 0 0
ST_DELIB 324 7 1 2 3 10 3 0 0
ST_TS 325 32 388 0 759 0 295 0 29 98 0 0 0 4 0 0 0
ST_DELIB 325 7 1 2 3 75 3 0 0
ST_DELIB 326 7 1 2 3 10 3 0 0
ST_DELIB 327 7 1 2 3 10 3 0 0
ST_DELIB 328 7 1 2 3 75 3 0 0
ST_DELIB 329 7 1 2 3 10 3 0 0
ST_DELIB 330 7 1 2 3 10 3 0 0
ST_DELIB 331 7 1 2 3 10 3 0 0
ST_DELIB 332 7 1 2 3 75 3 0 0
ST_DELIB 333 7 1 2 3 10 3 0 0
ST_DELIB 334 7 1 2 3 75 3 0 0
ST_DELIB 335 7 1 2 3 75 3 0 0
ST_DELIB 336 7 1 2 3 10 3 0 0
ST_DELIB 337 7 1 2 3 10 3 0 0
ST_DELIB 338 7 1 2 3 75 3 0 0
ST_DELIB 339 7 1 2 3 10 3 0 0
ST_DELIB 340 7 1 2 3 10 3 0 0
ST_DELIB 341 7 1 2 3 10 3 0 0
ST_DELIB 342 7 1 2 3 75 3 0 0
ST_DELIB 343 7 1 2 3 10 3 0 0
ST_DELIB 344 7 1 2 3 10 3 0 0
ST_DELIB 345 7 1 2 3 75 3 0 0
ST_DELIB 346 7 1 2 3 10 3 0 0
ST_DELIB 347 7 1 2 3 10 3 0 0
ST_DELIB 348 7 1 2 3 75 3 0 0
ST_DELIB 349 7 1 2 3 10 3 0 0
ST_TS 350 32 413 0 834 0 320 0 29 105 0 0 0 5 0 0 0
ST_DELIB 350 7 1 2 3 10 3 0 0
ST_DELIB 351 7 1 2 3 10 3 0 0
ST_DELIB 352 7 1 2 3 75 3 0 0
ST_DELIB 353 7 1 2 3 10 3 0 0
ST_DELIB 354 7 1 2 3 10 3 0 0
ST_DELIB 355 7 1 2 3 75 3 0 0
ST_DELIB 356 7 1 2 3 10 3 0 0
ST_DELIB 357 7 1 2 3 10 3 0 0
ST_DELIB 358 7 1 2 3 75 3 0 0
ST_DELIB 359 7 1 2 3 10 3 0 0
ST_DELIB 360 7 1 2 3 10 3 0 0
ST_DELIB 361 7 1 2 3 10 3 0 0
ST_DELIB 362 7 1 2 3 75 3 0 0
ST_DELIB 363 7 1 2 3 10 3 0 0
ST_DELIB 364 7 1 2 3 10 3 0 0
ST_DELIB 365 7 1 2 3 75 3 0 0
ST_DELIB 366 7 1 2 3 10 3 0 0
ST_DELIB 367 7 1 2 3 10 3 0 0
ST_DELIB 368 7 1 2 3 75 3 0 0
ST_DELIB 369 7 1 2 3 10 3 0 0
ST_DELIB 370 7 1 2 3 10 3 0 0
ST_DELIB 371 7 1 2 3 10 3 0 0
ST_DELIB 372 7 1 2 3 75 3 0 0
ST_DELIB 373 7 1 2 3 10 3 0 0
ST_DELIB 374 7 1 2 3 10 3 0 0
ST_TS 375 32 438 0 909 0 345 0 29 113 0 0 0 5 0 0 0
ST_DELIB 375 7 1 2 3 75 3 0 0
ST_DELIB 376 7 1 2 3 10 3 0 0
ST_DELIB 377 7 1 2 3 10 3 0 0
ST_DELIB 378 7 1 2 3 75 3 0 0
ST_DELIB 379 7 1 2 3 10 3 0 0
ST_DELIB 380 7 1 2 3 10 3 0 0
ST_DELIB 381 7 1 2 3 10 3 0 0
ST_DELIB 382 7 1 2 3 75 3 0 0
ST_DELIB 383 7 1 2 3 10 3 0 0
ST_DELIB 384 7 1 2 3 10 3 0 0
ST_DELIB 385 7 1 2 3 75 3 0 0
ST_DELIB 386 7 1 2 3 10 3 0 0
ST_DELIB 387 7 1 2 3 10 3 0 0
ST_DELIB 388 7 1 2 3 75 3 0 0
ST_DELIB 389 7 1 2 3 10 3 0 0
ST_DELIB 390 7 1 2 3 10 3 0 0
ST_DELIB 391 7 1 2 3 10 3 0 0
ST_DELIB 392 7 1 2 3 75 3 0 0
ST_DELIB 393 7 1 2 3 10 3 0 0
ST_DELIB 394 7 1 2 3 10 3 0 0
ST_DELIB 395 7 1 2 3 75 3 0 0
ST_DELIB 396 7 1 2 3 10 3 0 0
ST_DELIB 397 7 1 2 3 10 3 0 0
ST_DELIB 398 7 1 2 3 75 3 0 0
ST_DELIB 399 7 1 2 3 10 3 0 0
ST_TS 400 32 463 0 984 0 370 0 29 120 0 0 0 5 0 0 0
ST_DELIB 400 7 1 2 3 10 3 0 0
ST_DELIB 401 7 1 2 3 10 3 0 0
ST_DELIB 402 7 1 2 3 75 3 0 0
ST_DELIB 403 7 1 2 3 10 3 0 0
ST_DELIB 404 7 1 2 3 10 3 0 0
ST_DELIB 405 7 1 2 3 75 3 0 0
ST_DELIB 406 7 1 2 3 10 3 0 0
ST_DELIB 407 7 1 2 3 10 3 0 0
ST_DELIB 408 7 1 2 3 75 3 0 0
ST_DELIB 409 7 1 2 3 10 3 0 0
ST_DELIB 410 7 1 2 3 10 3 0 0
ST_DELIB 411 7 1 2 3 10 3 0 0
ST_DELIB 412 7 1 2 3 75 3 0 0
ST_DELIB 413 7 1 2 3 10 3 0 0
ST_DELIB 414 7 1 2 3 10 3 0 0
ST_DELIB 415 7 1 2 3 75 3 0 0
ST_DELIB 416 7 1 2 3 10 3 0 0
ST_DELIB 417 7 1 2 3 75 3 0 0
ST_DELIB 418 7 1 2 3 75 3 0 0
ST_DELIB 419 7 1 2 3 10 3 0 0
ST_DELIB 420 7 1 2 3 10 3 0 0
ST_DELIB 421 7 1 2 3 10 3 0 0
ST_DELIB 422 7 1 2 3 75 3 0 0
ST_DELIB 423 7 1 2 3 10 3 0 0
ST_DELIB 424 7 1 2 3 10 3 0 0
ST_TS 425 32 488 0 1059 0 395 0 29 128 0 0 0 6 0 0 0
ST_DELIB 425 7 1 2 3 75 3 0 0
ST_DELIB 426 7 1 2 3 10 3 0 0
ST_DELIB 427 7 1 2 3 10 3 0 0
ST_DELIB 428 7 1 2 3 75 3 0 0
ST_DELIB 429 7 1 2 3 10 3 0 0
ST_DELIB 430 7 1 2 3 10 3 0 0
ST_DELIB 431 7 1 2 3 10 3 0 0
ST_DELIB 432 7 1 2 3 75 3 0 0
ST_DELIB 433 7 1 2 3 10 3 0 0
ST_DELIB 434 7 1 2 3 10 3 0 0
ST_DELIB 435 7 1 2 3 75 3 0 0
ST_DELIB 436 7 1 2 3 10 3 0 0
ST_DELIB 437 7 1 2 3 10 3 0 0
ST_DELIB 438 7 1 2 3 75 3 0 0
ST_DELIB 439 7 1 2 3 10 3 0 0
ST_DELIB 440 7 1 2 3 10 3 0 0
ST_DELIB 441 7 1 2 3 10 3 0 0
ST_DELIB 442 7 1 2 3 75 3 0 0
ST_DELIB 443 7 1 2 3 10 3 0 0
ST_DELIB 444 7 1 2 3 10 3 0 0
ST_DELIB 445 7 1 2 3 75 3 0 0
ST_DELIB 446 7 1 2 3 10 3 0 0
ST_DELIB 447 7 1 2 3 10 3 0 0
ST_DELIB 448 7 1 2 3 75 3 0 0
ST_DELIB 449 7 1 2 3 10 3 0 0
ST_TS 450 32 513 0 1134 0 420 0 29 135 0 0 0 6 0 0 0
ST_DELIB 450 7 1 2 3 10 3 0 0
ST_DELIB 451 7 1 2 3 10 3 0 0
ST_DELIB 452 7 1 2 3 75 3 0 0
ST_DELIB 453 7 1 2 3 10 3 0 0
ST_DELIB 454 7 1 2 3 10 3 0 0
ST_DELIB 455 7 1 2 3 75 3 0 0
ST_DELIB 456 7 1 2 3 10 3 0 0
ST_DELIB 457 7 1 2 3 10 3 0 0
ST_DELIB 458 7 1 2 3 75 3 0 0
ST_DELIB 459 7 1 2 3 10 3 0 0
ST_DELIB 460 7 1 2 3 10 3 0 0
ST_DELIB 461 7 1 2 3 10 3 0 0
ST_DELIB 462 7 1 2 3 75 3 0 0
ST_DELIB 463 7 1 2 3 10 3 0 0
ST_DELIB 464 7 1 2 3 10 3 0 0
ST_DELIB 465 7 1 2 3 75 3 0 0
ST_DELIB 466 7 1 2 3 10 3 0 0
ST_DELIB 467 7 1 2 3 10 3 0 0
ST_DELIB 468 7 1 2 3 75 3 0 0
ST_DELIB 469 7 1 2 3 10 3 0 0
ST_DELIB 470 7 1 2 3 10 3 0 0
ST_DELIB 471 7 1 2 3 10 3 0 0
ST_DELIB 472 7 1 2 3 75 3 0 0
ST_DELIB 473 7 1 2 3 10 3 0 0
ST_DELIB 474 7 1 2 3 10 3 0 0
ST_TS 475 32 538 0 1209 0 445 0 29 143 0 0 0 6 0 0 0
ST_DELIB 475 7 1 2 3 75 3 0 0
ST_DELIB 476 7 1 2 3 10 3 0 0
ST_DELIB 477 7 1 2 3 10 3 0 0
ST_DELIB 478 7 1 2 3 75 3 0 0
ST_DELIB 479 7 1 2 3 10 3 0 0
ST_DELIB 480 7 1 2 3 10 3 0 0
ST_DELIB 481 7 1 2 3 10 3 0 0
ST_DELIB 482 7 1 2 3 75 3 0 0
ST_DELIB 483 7 1 2 3 10 3 0 0
ST_DELIB 484 7 1 2 3 10 3 0 0
ST_DELIB 485 7 1 2 3 75 3 0 0
ST_DELIB 486 7 1 2 3 10 3 0 0
ST_DELIB 487 7 1 2 3 10 3 0 0
ST_DELIB 488 7 1 2 3 75 3 0 0
ST_DELIB 489 7 1 2 3 10 3 0 0
ST_DELIB 490 7 1 2 3 10 3 0 0
ST_DELIB 491 7 1 2 3 10 3 0 0
ST_DELIB 492 7 1 2 3 75 3 0 0
ST_DELIB 493 7 1 2 3 10 3 0 0
ST_DELIB 494 7 1 2 3 10 3 0 0
ST_DELIB 495 7 1 2 3 75 3 0 0
ST_DELIB 496 7 1 2 3 10 3 0 0
ST_DELIB 497 7 1 2 3 10 3 0 0
ST_DELIB 498 7 1 2 3 75 3 0 0
ST_DELIB 499 7 1 2 3 10 3 0 0
ST_TS 500 32 563 0 1284 0 470 0 29 150 0 0 0 6 0 0 0
ST_CELL 10 2 0 0
ST_AUDIT_N 563
ST_DROPS 0
ST_ABANDONS 0
ST_ABANDON_Q 0 0 0 0
ST_METRIC 3 6 6
ST_METRIC 4 1 344
ST_METRIC 5 0 6
ST_A_SUMMARY 0 470 0 0 1284
ST_LEDGER 563 47292
CL_CHECK,ck_replay,0,0
CL_CHECK,ck_refusals_clean,0,0
CL_CHECK,ck_core_live,1,1
CL_CHECK,ck_strength_lineage,1,1
CL_CHECK,ck_strength_lineage,1,1
CL_CHECK,ck_strength_lineage,1,1
CL_CHECK,ck_strength_lineage,1,1
CL_CHECK,ck_strength_lineage,1,1
CL_CHECK,ck_strength_lineage,1,1
CL_CHECK,ck_strength_lineage,1,1
CL_CHECK,ck_strength_lineage,1,1
CL_CHECK,ck_strength_lineage,1,1
CL_CHECK,ck_strength_lineage,1,1
CL_CHECK,ck_strength_lineage,1,1
CL_CHECK,ck_strength_lineage,1,1
CL_CHECK,ck_strength_lineage,1,1
CL_CHECK,ck_strength_lineage,1,1
CL_CHECK,ck_strength_lineage,1,1
CL_CHECK,ck_strength_lineage,1,1
CL_CHECK,ck_strength_lineage,1,1
CL_CHECK,ck_strength_lineage,1,1
CL_CHECK,ck_strength_lineage,1,1
CL_CHECK,ck_strength_lineage,1,1
CL_CHECK,ck_strength_lineage,1,1
CL_CHECK,ck_strength_lineage,1,1
CL_CHECK,ck_strength_lineage,1,1
CL_CHECK,ck_strength_lineage,1,1
CL_CHECK,ck_strength_lineage,1,1
CL_CHECK,ck_strength_lineage,1,1
CL_CHECK,ck_strength_lineage,1,1
CL_CHECK,ck_strength_lineage,1,1
CL_CHECK,ck_strength_lineage,1,1
CL_CHECK,ck_strength_lineage,1,1
CL_CHECK,ck_strength_lineage,1,1
CL_CHECK,ck_strength_lineage,1,1
CL_CHECK,ck_strength_lineage,1,1
CL_CHECK,ck_strength_lineage,1,1
CL_CHECK,ck_strength_lineage,1,1
CL_CHECK,ck_strength_lineage,1,1
CL_CHECK,ck_strength_lineage,1,1
CL_CHECK,ck_strength_lineage,1,1
CL_CHECK,ck_strength_lineage,1,1
CL_CHECK,ck_strength_lineage,1,1
CL_CHECK,ck_strength_lineage,1,1
CL_CHECK,ck_strength_lineage,1,1
CL_CHECK,ck_strength_lineage,1,1
CL_CHECK,ck_strength_lineage,1,1
CL_CHECK,ck_strength_lineage,1,1
CL_CHECK,ck_strength_lineage,1,1
CL_CHECK,ck_strength_lineage,1,1
CL_CHECK,ck_strength_lineage,1,1
CL_CHECK,ck_strength_lineage,1,1
CL_CHECK,ck_strength_lineage,1,1
CL_CHECK,ck_strength_lineage,1,1
CL_CHECK,ck_strength_lineage,1,1
CL_CHECK,ck_strength_lineage,1,1
CL_CHECK,ck_strength_lineage,1,1
CL_CHECK,ck_strength_lineage,1,1
CL_CHECK,ck_strength_lineage,1,1
CL_CHECK,ck_strength_lineage,1,1
CL_CHECK,ck_strength_lineage,1,1
CL_CHECK,ck_strength_lineage,1,1
CL_CHECK,ck_strength_lineage,1,1
CL_CHECK,ck_strength_lineage,1,1
CL_CHECK,ck_strength_lineage,1,1
CL_CHECK,ck_strength_lineage,1,1
CL_CHECK,ck_strength_lineage,1,1
CL_CHECK,ck_strength_lineage,1,1
CL_CHECK,ck_strength_lineage,1,1
CL_CHECK,ck_strength_lineage,1,1
CL_CHECK,ck_strength_lineage,1,1
CL_CHECK,ck_strength_lineage,1,1
CL_CHECK,ck_strength_lineage,1,1
CL_CHECK,ck_strength_lineage,1,1
CL_CHECK,ck_strength_lineage,1,1
CL_CHECK,ck_strength_lineage,1,1
CL_CHECK,ck_strength_lineage,1,1
CL_CHECK,ck_strength_lineage,1,1
CL_CHECK,ck_strength_lineage,1,1
CL_CHECK,ck_strength_lineage,1,1
CL_CHECK,ck_strength_lineage,1,1
CL_CHECK,ck_strength_lineage,1,1
CL_CHECK,ck_strength_lineage,1,1
CL_CHECK,ck_strength_lineage,1,1
CL_CHECK,ck_strength_lineage,1,1
CL_CHECK,ck_strength_lineage,1,1
CL_CHECK,ck_strength_lineage,1,1
CL_CHECK,ck_strength_lineage,1,1
CL_CHECK,ck_strength_lineage,1,1
CL_CHECK,ck_strength_lineage,1,1
CL_CHECK,ck_strength_lineage,1,1
CL_CHECK,ck_strength_lineage,1,1
CL_CHECK,ck_strength_lineage,1,1
CL_CHECK,ck_strength_lineage,1,1
CL_CHECK,ck_strength_lineage,1,1
CL_CHECK,ck_strength_lineage,1,1
CL_CHECK,ck_strength_lineage,1,1
CL_CHECK,ck_strength_lineage,1,1
CL_CHECK,ck_strength_lineage,1,1
CL_CHECK,ck_strength_lineage,1,1
CL_CHECK,ck_strength_lineage,1,1
CL_CHECK,ck_strength_lineage,1,1
CL_CHECK,ck_strength_lineage,1,1
CL_CHECK,ck_strength_lineage,1,1
CL_CHECK,ck_strength_lineage,1,1
CL_CHECK,ck_strength_lineage,1,1
CL_CHECK,ck_strength_lineage,1,1
CL_CHECK,ck_strength_lineage,1,1
CL_CHECK,ck_strength_lineage,1,1
CL_CHECK,ck_strength_lineage,1,1
CL_CHECK,ck_strength_lineage,1,1
CL_CHECK,ck_strength_lineage,1,1
CL_CHECK,ck_strength_lineage,1,1
CL_CHECK,ck_strength_lineage,1,1
CL_CHECK,ck_strength_lineage,1,1
CL_CHECK,ck_strength_lineage,1,1
CL_CHECK,ck_strength_lineage,1,1
CL_CHECK,ck_strength_lineage,1,1
CL_CHECK,ck_strength_lineage,1,1
CL_CHECK,ck_strength_lineage,1,1
CL_CHECK,ck_strength_lineage,1,1
CL_CHECK,ck_strength_lineage,1,1
CL_CHECK,ck_strength_lineage,1,1
CL_CHECK,ck_strength_lineage,1,1
CL_CHECK,ck_strength_lineage,1,1
CL_CHECK,ck_strength_lineage,1,1
CL_CHECK,ck_strength_lineage,1,1
CL_CHECK,ck_strength_lineage,1,1
CL_CHECK,ck_strength_lineage,1,1
CL_CHECK,ck_strength_lineage,1,1
CL_CHECK,ck_strength_lineage,1,1
CL_CHECK,ck_strength_lineage,1,1
CL_CHECK,ck_strength_lineage,1,1
CL_CHECK,ck_strength_lineage,1,1
CL_CHECK,ck_strength_lineage,1,1
CL_CHECK,ck_strength_lineage,1,1
CL_CHECK,ck_strength_lineage,1,1
CL_CHECK,ck_strength_lineage,1,1
CL_CHECK,ck_strength_lineage,1,1
CL_CHECK,ck_strength_lineage,1,1
CL_CHECK,ck_strength_lineage,1,1
CL_CHECK,ck_strength_lineage,1,1
CL_CHECK,ck_strength_lineage,1,1
CL_CHECK,ck_strength_lineage,1,1
CL_CHECK,ck_strength_lineage,1,1
CL_CHECK,ck_strength_lineage,1,1
CL_CHECK,ck_strength_lineage,1,1
CL_CHECK,ck_strength_lineage,1,1
CL_CHECK,ck_strength_lineage,1,1
CL_CHECK,ck_strength_lineage,1,1
CL_CHECK,ck_strength_lineage,1,1
CL_CHECK,ck_strength_lineage,1,1
CL_CHECK,ck_strength_lineage,1,1
CL_CHECK,ck_strength_lineage,1,1
CL_CHECK,ck_strength_lineage,1,1
CL_CHECK,ck_strength_lineage,1,1
CL_CHECK,ck_strength_lineage,1,1
CL_CHECK,ck_strength_lineage,1,1
CL_CHECK,ck_strength_lineage,1,1
CL_CHECK,ck_strength_lineage,1,1
CL_CHECK,ck_strength_lineage,1,1
CL_CHECK,ck_strength_lineage,1,1
CL_CHECK,ck_strength_lineage,1,1
CL_CHECK,ck_strength_lineage,1,1
CL_CHECK,ck_strength_lineage,1,1
CL_CHECK,ck_strength_lineage,1,1
CL_CHECK,ck_strength_lineage,1,1
CL_CHECK,ck_strength_lineage,1,1
CL_CHECK,ck_strength_lineage,1,1
CL_CHECK,ck_strength_lineage,1,1
CL_CHECK,ck_strength_lineage,1,1
CL_CHECK,ck_strength_lineage,1,1
CL_CHECK,ck_strength_lineage,1,1
CL_CHECK,ck_strength_lineage,1,1
CL_CHECK,ck_strength_lineage,1,1
CL_CHECK,ck_strength_lineage,1,1
CL_CHECK,ck_strength_lineage,1,1
CL_CHECK,ck_strength_lineage,1,1
CL_CHECK,ck_strength_lineage,1,1
CL_CHECK,ck_strength_lineage,1,1
CL_CHECK,ck_strength_lineage,1,1
CL_CHECK,ck_strength_lineage,1,1
CL_CHECK,ck_strength_lineage,1,1
CL_CHECK,ck_strength_lineage,1,1
CL_CHECK,ck_strength_lineage,1,1
CL_CHECK,ck_strength_lineage,1,1
CL_CHECK,ck_strength_lineage,1,1
CL_CHECK,ck_strength_lineage,1,1
CL_CHECK,ck_strength_lineage,1,1
CL_CHECK,ck_strength_lineage,1,1
CL_CHECK,ck_strength_lineage,1,1
CL_CHECK,ck_strength_lineage,1,1
CL_CHECK,ck_strength_lineage,1,1
CL_CHECK,ck_strength_lineage,1,1
CL_CHECK,ck_strength_lineage,1,1
CL_CHECK,ck_strength_lineage,1,1
CL_CHECK,ck_strength_lineage,1,1
CL_CHECK,ck_strength_lineage,1,1
CL_CHECK,ck_strength_lineage,1,1
CL_CHECK,ck_strength_lineage,1,1
CL_CHECK,ck_strength_lineage,1,1
CL_CHECK,ck_strength_lineage,1,1
CL_CHECK,ck_strength_lineage,1,1
CL_CHECK,ck_strength_lineage,1,1
CL_CHECK,ck_strength_lineage,1,1
CL_CHECK,ck_strength_lineage,1,1
CL_CHECK,ck_strength_lineage,1,1
CL_CHECK,ck_strength_lineage,1,1
CL_CHECK,ck_strength_lineage,1,1
CL_CHECK,ck_strength_lineage,1,1
CL_CHECK,ck_strength_lineage,1,1
CL_CHECK,ck_strength_lineage,1,1
CL_CHECK,ck_strength_lineage,1,1
CL_CHECK,ck_strength_lineage,1,1
CL_CHECK,ck_strength_lineage,1,1
CL_CHECK,ck_strength_lineage,1,1
CL_CHECK,ck_strength_lineage,1,1
CL_CHECK,ck_strength_lineage,1,1
CL_CHECK,ck_strength_lineage,1,1
CL_CHECK,ck_strength_lineage,1,1
CL_CHECK,ck_strength_lineage,1,1
CL_CHECK,ck_strength_lineage,1,1
CL_CHECK,ck_strength_lineage,1,1
CL_CHECK,ck_strength_lineage,1,1
CL_CHECK,ck_strength_lineage,1,1
CL_CHECK,ck_strength_lineage,1,1
CL_CHECK,ck_strength_lineage,1,1
CL_CHECK,ck_strength_lineage,1,1
CL_CHECK,ck_strength_lineage,1,1
CL_CHECK,ck_strength_lineage,1,1
CL_CHECK,ck_strength_lineage,1,1
CL_CHECK,ck_strength_lineage,1,1
CL_CHECK,ck_strength_lineage,1,1
CL_CHECK,ck_strength_lineage,1,1
CL_CHECK,ck_strength_lineage,1,1
CL_CHECK,ck_strength_lineage,1,1
CL_CHECK,ck_strength_lineage,1,1
CL_CHECK,ck_strength_lineage,1,1
CL_CHECK,ck_strength_lineage,1,1
CL_CHECK,ck_strength_lineage,1,1
CL_CHECK,ck_strength_lineage,1,1
CL_CHECK,ck_strength_lineage,1,1
CL_CHECK,ck_strength_lineage,1,1
CL_CHECK,ck_strength_lineage,1,1
CL_CHECK,ck_strength_lineage,1,1
CL_CHECK,ck_strength_lineage,1,1
CL_CHECK,ck_strength_lineage,1,1
CL_CHECK,ck_strength_lineage,1,1
CL_CHECK,ck_strength_lineage,1,1
CL_CHECK,ck_strength_lineage,1,1
CL_CHECK,ck_strength_lineage,1,1
CL_CHECK,ck_strength_lineage,1,1
CL_CHECK,ck_strength_lineage,1,1
CL_CHECK,ck_strength_lineage,1,1
CL_CHECK,ck_strength_lineage,1,1
CL_CHECK,ck_strength_lineage,1,1
CL_CHECK,ck_strength_lineage,1,1
CL_CHECK,ck_strength_lineage,1,1
CL_CHECK,ck_strength_lineage,1,1
CL_CHECK,ck_strength_lineage,1,1
CL_CHECK,ck_strength_lineage,1,1
CL_CHECK,ck_strength_lineage,1,1
CL_CHECK,ck_strength_lineage,1,1
CL_CHECK,ck_strength_lineage,1,1
CL_CHECK,ck_strength_lineage,1,1
CL_CHECK,ck_strength_lineage,1,1
CL_CHECK,ck_strength_lineage,1,1
CL_CHECK,ck_strength_lineage,1,1
CL_CHECK,ck_strength_lineage,1,1
CL_CHECK,ck_strength_lineage,1,1
CL_CHECK,ck_strength_lineage,1,1
CL_CHECK,ck_strength_lineage,1,1
CL_CHECK,ck_strength_lineage,1,1
CL_CHECK,ck_strength_lineage,1,1
CL_CHECK,ck_strength_lineage,1,1
CL_CHECK,ck_strength_lineage,1,1
CL_CHECK,ck_strength_lineage,1,1
CL_CHECK,ck_strength_lineage,1,1
CL_CHECK,ck_strength_lineage,1,1
CL_CHECK,ck_strength_lineage,1,1
CL_CHECK,ck_strength_lineage,1,1
CL_CHECK,ck_strength_lineage,1,1
CL_CHECK,ck_strength_lineage,1,1
CL_CHECK,ck_strength_lineage,1,1
CL_CHECK,ck_strength_lineage,1,1
CL_CHECK,ck_strength_lineage,1,1
CL_CHECK,ck_strength_lineage,1,1
CL_CHECK,ck_strength_lineage,1,1
CL_CHECK,ck_strength_lineage,1,1
CL_CHECK,ck_strength_lineage,1,1
CL_CHECK,ck_strength_lineage,1,1
CL_CHECK,ck_strength_lineage,1,1
CL_CHECK,ck_strength_lineage,1,1
CL_CHECK,ck_strength_lineage,1,1
CL_CHECK,ck_strength_lineage,1,1
CL_CHECK,ck_strength_lineage,1,1
CL_CHECK,ck_strength_lineage,1,1
CL_CHECK,ck_strength_lineage,1,1
CL_CHECK,ck_strength_lineage,1,1
CL_CHECK,ck_strength_lineage,1,1
CL_CHECK,ck_strength_lineage,1,1
CL_CHECK,ck_strength_lineage,1,1
CL_CHECK,ck_strength_lineage,1,1
CL_CHECK,ck_strength_lineage,1,1
CL_CHECK,ck_strength_lineage,1,1
CL_CHECK,ck_strength_lineage,1,1
CL_CHECK,ck_strength_lineage,1,1
CL_CHECK,ck_strength_lineage,1,1
CL_CHECK,ck_strength_lineage,1,1
CL_CHECK,ck_strength_lineage,1,1
CL_CHECK,ck_strength_lineage,1,1
CL_CHECK,ck_strength_lineage,1,1
CL_CHECK,ck_strength_lineage,1,1
CL_CHECK,ck_strength_lineage,1,1
CL_CHECK,ck_strength_lineage,1,1
CL_CHECK,ck_strength_lineage,1,1
CL_CHECK,ck_strength_lineage,1,1
CL_CHECK,ck_strength_lineage,1,1
CL_CHECK,ck_strength_lineage,1,1
CL_CHECK,ck_strength_lineage,1,1
CL_CHECK,ck_strength_lineage,1,1
CL_CHECK,ck_strength_lineage,1,1
CL_CHECK,ck_strength_lineage,1,1
CL_CHECK,ck_strength_lineage,1,1
CL_CHECK,ck_strength_lineage,1,1
CL_CHECK,ck_strength_lineage,1,1
CL_CHECK,ck_strength_lineage,1,1
CL_CHECK,ck_strength_lineage,1,1
CL_CHECK,ck_strength_lineage,1,1
CL_CHECK,ck_strength_lineage,1,1
CL_CHECK,ck_strength_lineage,1,1
CL_CHECK,ck_strength_lineage,1,1
CL_CHECK,ck_strength_lineage,1,1
CL_CHECK,ck_strength_lineage,1,1
CL_CHECK,ck_strength_lineage,1,1
CL_CHECK,ck_strength_lineage,1,1
CL_CHECK,ck_strength_lineage,1,1
CL_CHECK,ck_strength_lineage,1,1
CL_CHECK,ck_strength_lineage,1,1
CL_CHECK,ck_strength_lineage,1,1
CL_CHECK,ck_strength_lineage,1,1
CL_CHECK,ck_strength_lineage,1,1
CL_CHECK,ck_strength_lineage,1,1
CL_CHECK,ck_strength_lineage,1,1
CL_CHECK,ck_strength_lineage,1,1
CL_CHECK,ck_strength_lineage,1,1
CL_CHECK,ck_strength_lineage,1,1
CL_CHECK,ck_strength_lineage,1,1
CL_CHECK,ck_strength_lineage,1,1
CL_CHECK,ck_strength_lineage,1,1
CL_CHECK,ck_strength_lineage,1,1
CL_CHECK,ck_strength_lineage,1,1
CL_CHECK,ck_strength_lineage,1,1
CL_CHECK,ck_strength_lineage,1,1
CL_CHECK,ck_strength_lineage,1,1
CL_CHECK,ck_strength_lineage,1,1
CL_CHECK,ck_no_bad_kill,0,0
CL_CHECK,ck_no_bad_forcepin,0,0
CL_CHECK,ck_no_bad_code,0,0
CL_CHECK,ck_no_bad_role,0,0
CL_CHECK,ck_no_bad_pexp,0,0
CL_CHECK,ck_no_bad_recycle,0,0
ST_FINGERPRINT -788713701
ST_INVALID 0
ST_DONE
