ST_TS 0 2 3 0 0 0 0 0 0 0 0 0 0 0 0 0 0
ST_TS 25 27 28 0 0 0 0 0 0 8 0 0 0 1 0 0 0
ST_DELIB 30 3 1 2 3 10 1 0 0
ST_DELIB 31 5 1 2 3 10 1 0 0
ST_DELIB 32 8 1 2 3 10 1 0 0
ST_DELIB 33 4 1 2 3 10 1 0 0
ST_DELIB 34 11 1 2 3 10 1 0 0
ST_DELIB 35 7 1 2 3 10 1 0 0
ST_DELIB 36 10 1 2 3 10 1 0 0
ST_DELIB 37 14 1 2 3 10 1 0 0
ST_DELIB 38 15 1 2 3 10 1 0 0
ST_DELIB 39 13 1 2 3 10 1 0 0
ST_DELIB 40 17 1 2 3 10 1 0 0
ST_DELIB 41 18 1 2 3 10 1 0 0
ST_DELIB 42 2 1 2 3 75 3 1 0
ST_DELIB 43 20 1 2 3 10 1 0 0
ST_DELIB 44 21 1 2 3 10 1 0 0
ST_DELIB 45 5 1 2 3 10 1 0 0
ST_DELIB 46 23 1 2 3 10 1 0 0
ST_DELIB 47 24 1 2 3 10 1 0 0
ST_DELIB 48 25 1 2 3 10 1 0 0
ST_DELIB 49 20 1 2 3 10 1 0 0
ST_TS 50 32 61 0 22 0 20 0 7 15 0 0 0 1 0 0 0
ST_DELIB 50 27 1 2 3 10 1 0 0
ST_DELIB 51 28 1 2 3 10 1 0 0
ST_DELIB 52 20 1 2 3 10 1 0 0
ST_DELIB 53 30 1 2 3 10 1 0 0
ST_DELIB 54 31 1 2 3 10 1 0 0
ST_DELIB 55 20 1 2 3 10 1 0 0
ST_DELIB 56 20 1 2 3 10 1 0 0
ST_DELIB 57 8 1 2 3 10 1 0 0
ST_DELIB 58 4 1 2 3 10 1 0 0
ST_DELIB 59 4 1 2 3 10 1 0 0
ST_DELIB 60 7 1 2 3 10 1 0 0
ST_DELIB 61 10 1 2 3 10 1 0 0
ST_DELIB 62 10 1 2 3 10 1 0 0
ST_DELIB 63 15 1 2 3 10 1 0 0
ST_DELIB 64 13 1 2 3 10 1 0 0
ST_DELIB 65 23 1 2 3 10 1 0 0
ST_DELIB 66 18 1 2 3 10 1 0 0
ST_DELIB 67 2 1 2 3 10 3 0 0
ST_DELIB 68 5 1 2 3 10 1 0 0
ST_DELIB 69 15 1 2 3 10 1 0 0
ST_DELIB 70 15 1 2 3 10 1 0 0
ST_DELIB 71 18 1 2 3 10 1 0 0
ST_DELIB 72 25 1 2 3 10 1 0 0
ST_DELIB 73 25 1 2 3 10 1 0 0
ST_DELIB 74 25 1 2 3 10 1 0 0
ST_TS 75 32 100 0 49 0 45 0 14 23 0 0 0 1 0 0 0
ST_DELIB 75 28 1 2 3 10 1 0 0
ST_DELIB 76 28 1 2 3 10 1 0 0
ST_DELIB 77 28 1 2 3 10 1 0 0
ST_DELIB 78 30 1 2 3 10 1 0 0
ST_DELIB 79 30 1 2 3 10 1 0 0
ST_DELIB 80 30 1 2 3 10 1 0 0
ST_DELIB 81 20 1 2 3 10 1 0 0
ST_DELIB 82 20 1 2 3 10 1 0 0
ST_DELIB 83 20 1 2 3 10 1 0 0
ST_DELIB 84 4 1 2 3 10 1 0 0
ST_DELIB 85 5 1 2 3 10 1 0 0
ST_DELIB 86 5 1 2 3 10 1 0 0
ST_DELIB 87 10 1 2 3 10 1 0 0
ST_DELIB 88 5 1 2 3 10 1 0 0
ST_DELIB 89 5 1 2 3 10 1 0 0
ST_DELIB 90 23 1 2 3 10 1 0 0
ST_DELIB 91 5 1 2 3 10 1 0 0
ST_DELIB 92 5 1 2 3 10 1 0 0
ST_DELIB 93 5 1 2 3 10 1 0 0
ST_DELIB 94 5 1 2 3 10 1 0 0
ST_DELIB 95 18 1 2 3 10 1 0 0
ST_DELIB 96 18 1 2 3 10 1 0 0
ST_DELIB 97 18 1 2 3 10 1 0 0
ST_DELIB 98 5 1 2 3 75 3 0 0
ST_DELIB 99 5 1 2 3 10 3 0 0
ST_TS 100 32 140 0 78 0 70 0 22 30 0 0 0 2 0 0 0
ST_DELIB 100 5 1 2 3 10 3 0 0
ST_DELIB 101 5 1 2 3 75 3 0 0
ST_DELIB 102 5 1 2 3 10 3 0 0
ST_DELIB 103 5 1 2 3 10 3 0 0
ST_DELIB 104 5 1 2 3 10 3 0 0
ST_DELIB 105 18 1 2 3 75 3 0 0
ST_DELIB 106 18 1 2 3 10 3 0 0
ST_DELIB 107 18 1 2 3 10 3 0 0
ST_DELIB 108 20 1 2 3 75 3 1 0
ST_DELIB 109 20 1 2 3 10 3 0 0
ST_DELIB 110 20 1 2 3 10 3 0 0
ST_DELIB 111 10 1 2 3 75 3 0 0
ST_DELIB 112 10 1 2 3 10 3 0 0
ST_DELIB 113 10 1 2 3 10 3 0 0
ST_DELIB 114 10 1 2 3 10 3 0 0
ST_DELIB 115 10 1 2 3 75 3 0 0
ST_DELIB 116 10 1 2 3 10 3 0 0
ST_DELIB 117 10 1 2 3 10 3 0 0
ST_DELIB 118 10 1 2 3 75 3 0 0
ST_DELIB 119 10 1 2 3 10 3 0 0
ST_DELIB 120 10 1 2 3 10 3 0 0
ST_DELIB 121 10 1 2 3 75 3 0 0
ST_DELIB 122 10 1 2 3 10 3 0 0
ST_DELIB 123 10 1 2 3 10 3 0 0
ST_DELIB 124 10 1 2 3 10 3 0 0
ST_TS 125 32 178 0 153 0 95 0 26 38 0 0 0 2 0 0 0
ST_DELIB 125 10 1 2 3 75 3 0 0
ST_DELIB 126 10 1 2 3 10 3 0 0
ST_DELIB 127 10 1 2 3 10 3 0 0
ST_DELIB 128 10 1 2 3 75 3 0 0
ST_DELIB 129 10 1 2 3 10 3 0 0
ST_DELIB 130 10 1 2 3 10 3 0 0
ST_DELIB 131 10 1 2 3 75 3 0 0
ST_DELIB 132 10 1 2 3 10 3 0 0
ST_DELIB 133 10 1 2 3 10 3 0 0
ST_DELIB 134 10 1 2 3 10 3 0 0
ST_DELIB 135 10 1 2 3 75 3 0 0
ST_DELIB 136 10 1 2 3 10 3 0 0
ST_DELIB 137 10 1 2 3 10 3 0 0
ST_DELIB 138 10 1 2 3 75 3 0 0
ST_DELIB 139 10 1 2 3 10 3 0 0
ST_DELIB 140 10 1 2 3 10 3 0 0
ST_DELIB 141 10 1 2 3 75 3 0 0
ST_DELIB 142 10 1 2 3 10 3 0 0
ST_DELIB 143 10 1 2 3 10 3 0 0
ST_DELIB 144 10 1 2 3 10 3 0 0
ST_DELIB 145 10 1 2 3 75 3 0 0
ST_DELIB 146 10 1 2 3 10 3 0 0
ST_DELIB 147 10 1 2 3 10 3 0 0
ST_DELIB 148 10 1 2 3 75 3 0 0
ST_DELIB 149 10 1 2 3 10 3 0 0
ST_TS 150 32 210 0 228 0 120 0 29 45 0 0 0 2 0 0 0
ST_DELIB 150 10 1 2 3 10 3 0 0
ST_DELIB 151 10 1 2 3 75 3 0 0
ST_DELIB 152 10 1 2 3 10 3 0 0
ST_DELIB 153 10 1 2 3 10 3 0 0
ST_DELIB 154 10 1 2 3 10 3 0 0
ST_DELIB 155 10 1 2 3 75 3 0 0
ST_DELIB 156 10 1 2 3 10 3 0 0
ST_DELIB 157 10 1 2 3 10 3 0 0
ST_DELIB 158 10 1 2 3 75 3 0 0
ST_DELIB 159 10 1 2 3 10 3 0 0
ST_DELIB 160 10 1 2 3 10 3 0 0
ST_DELIB 161 10 1 2 3 75 3 0 0
ST_DELIB 162 10 1 2 3 10 3 0 0
ST_DELIB 163 10 1 2 3 10 3 0 0
ST_DELIB 164 10 1 2 3 10 3 0 0
ST_DELIB 165 10 1 2 3 75 3 0 0
ST_DELIB 166 10 1 2 3 10 3 0 0
ST_DELIB 167 10 1 2 3 75 3 0 0
ST_DELIB 168 10 1 2 3 75 3 0 0
ST_DELIB 169 10 1 2 3 10 3 0 0
ST_DELIB 170 10 1 2 3 10 3 0 0
ST_DELIB 171 10 1 2 3 75 3 0 0
ST_DELIB 172 10 1 2 3 10 3 0 0
ST_DELIB 173 10 1 2 3 10 3 0 0
ST_DELIB 174 10 1 2 3 10 3 0 0
ST_TS 175 32 238 0 303 0 145 0 29 53 0 0 0 3 0 0 0
ST_DELIB 175 10 1 2 3 75 3 0 0
ST_DELIB 176 10 1 2 3 10 3 0 0
ST_DELIB 177 10 1 2 3 10 3 0 0
ST_DELIB 178 10 1 2 3 75 3 0 0
ST_DELIB 179 10 1 2 3 10 3 0 0
ST_DELIB 180 10 1 2 3 10 3 0 0
ST_DELIB 181 10 1 2 3 75 3 0 0
ST_DELIB 182 10 1 2 3 10 3 0 0
ST_DELIB 183 10 1 2 3 10 3 0 0
ST_DELIB 184 10 1 2 3 10 3 0 0
ST_DELIB 185 10 1 2 3 75 3 0 0
ST_DELIB 186 10 1 2 3 10 3 0 0
ST_DELIB 187 10 1 2 3 10 3 0 0
ST_DELIB 188 10 1 2 3 75 3 0 0
ST_DELIB 189 10 1 2 3 10 3 0 0
ST_DELIB 190 10 1 2 3 10 3 0 0
ST_DELIB 191 10 1 2 3 75 3 0 0
ST_DELIB 192 10 1 2 3 10 3 0 0
ST_DELIB 193 10 1 2 3 10 3 0 0
ST_DELIB 194 10 1 2 3 10 3 0 0
ST_DELIB 195 10 1 2 3 75 3 0 0
ST_DELIB 196 10 1 2 3 10 3 0 0
ST_DELIB 197 10 1 2 3 10 3 0 0
ST_DELIB 198 10 1 2 3 75 3 0 0
ST_DELIB 199 10 1 2 3 10 3 0 0
ST_TS 200 32 263 0 378 0 170 0 29 60 0 0 0 3 0 0 0
ST_DELIB 200 10 1 2 3 10 3 0 0
ST_DELIB 201 10 1 2 3 75 3 0 0
ST_DELIB 202 10 1 2 3 10 3 0 0
ST_DELIB 203 10 1 2 3 10 3 0 0
ST_DELIB 204 10 1 2 3 10 3 0 0
ST_DELIB 205 10 1 2 3 75 3 0 0
ST_DELIB 206 10 1 2 3 10 3 0 0
ST_DELIB 207 10 1 2 3 10 3 0 0
ST_DELIB 208 10 1 2 3 75 3 0 0
ST_DELIB 209 10 1 2 3 10 3 0 0
ST_DELIB 210 10 1 2 3 10 3 0 0
ST_DELIB 211 10 1 2 3 75 3 0 0
ST_DELIB 212 10 1 2 3 10 3 0 0
ST_DELIB 213 10 1 2 3 10 3 0 0
ST_DELIB 214 10 1 2 3 10 3 0 0
ST_DELIB 215 10 1 2 3 75 3 0 0
ST_DELIB 216 10 1 2 3 10 3 0 0
ST_DELIB 217 10 1 2 3 10 3 0 0
ST_DELIB 218 10 1 2 3 75 3 0 0
ST_DELIB 219 10 1 2 3 10 3 0 0
ST_DELIB 220 10 1 2 3 10 3 0 0
ST_DELIB 221 10 1 2 3 75 3 0 0
ST_DELIB 222 10 1 2 3 10 3 0 0
ST_DELIB 223 10 1 2 3 10 3 0 0
ST_DELIB 224 10 1 2 3 10 3 0 0
ST_TS 225 32 288 0 453 0 195 0 29 68 0 0 0 3 0 0 0
ST_DELIB 225 10 1 2 3 75 3 0 0
ST_DELIB 226 10 1 2 3 10 3 0 0
ST_DELIB 227 10 1 2 3 10 3 0 0
ST_DELIB 228 10 1 2 3 75 3 0 0
ST_DELIB 229 10 1 2 3 10 3 0 0
ST_DELIB 230 10 1 2 3 10 3 0 0
ST_DELIB 231 10 1 2 3 75 3 0 0
ST_DELIB 232 10 1 2 3 10 3 0 0
ST_DELIB 233 10 1 2 3 10 3 0 0
ST_DELIB 234 10 1 2 3 10 3 0 0
ST_DELIB 235 10 1 2 3 75 3 0 0
ST_DELIB 236 10 1 2 3 10 3 0 0
ST_DELIB 237 10 1 2 3 10 3 0 0
ST_DELIB 238 10 1 2 3 75 3 0 0
ST_DELIB 239 10 1 2 3 10 3 0 0
ST_DELIB 240 10 1 2 3 10 3 0 0
ST_DELIB 241 10 1 2 3 75 3 0 0
ST_DELIB 242 10 1 2 3 10 3 0 0
ST_DELIB 243 10 1 2 3 10 3 0 0
ST_DELIB 244 10 1 2 3 10 3 0 0
ST_DELIB 245 10 1 2 3 75 3 0 0
ST_DELIB 246 10 1 2 3 10 3 0 0
ST_DELIB 247 10 1 2 3 10 3 0 0
ST_DELIB 248 10 1 2 3 75 3 0 0
ST_DELIB 249 10 1 2 3 10 3 0 0
ST_TS 250 32 313 0 528 0 220 0 29 75 0 0 0 3 0 0 0
ST_DELIB 250 10 1 2 3 10 3 0 0
ST_DELIB 251 10 1 2 3 75 3 0 0
ST_DELIB 252 10 1 2 3 10 3 0 0
ST_DELIB 253 10 1 2 3 10 3 0 0
ST_DELIB 254 10 1 2 3 10 3 0 0
ST_DELIB 255 10 1 2 3 75 3 0 0
ST_DELIB 256 10 1 2 3 10 3 0 0
ST_DELIB 257 10 1 2 3 10 3 0 0
ST_DELIB 258 10 1 2 3 75 3 0 0
ST_DELIB 259 10 1 2 3 10 3 0 0
ST_DELIB 260 10 1 2 3 10 3 0 0
ST_DELIB 261 10 1 2 3 75 3 0 0
ST_DELIB 262 10 1 2 3 10 3 0 0
ST_DELIB 263 10 1 2 3 10 3 0 0
ST_DELIB 264 10 1 2 3 10 3 0 0
ST_DELIB 265 10 1 2 3 75 3 0 0
ST_DELIB 266 10 1 2 3 10 3 0 0
ST_DELIB 267 10 1 2 3 10 3 0 0
ST_DELIB 268 10 1 2 3 75 3 0 0
ST_DELIB 269 10 1 2 3 10 3 0 0
ST_DELIB 270 10 1 2 3 10 3 0 0
ST_DELIB 271 10 1 2 3 75 3 0 0
ST_DELIB 272 10 1 2 3 10 3 0 0
ST_DELIB 273 10 1 2 3 10 3 0 0
ST_DELIB 274 10 1 2 3 10 3 0 0
ST_TS 275 32 338 0 603 0 245 0 29 83 0 0 0 4 0 0 0
ST_DELIB 275 10 1 2 3 75 3 0 0
ST_DELIB 276 10 1 2 3 10 3 0 0
ST_DELIB 277 10 1 2 3 10 3 0 0
ST_DELIB 278 10 1 2 3 75 3 0 0
ST_DELIB 279 10 1 2 3 10 3 0 0
ST_DELIB 280 10 1 2 3 10 3 0 0
ST_DELIB 281 10 1 2 3 75 3 0 0
ST_DELIB 282 10 1 2 3 10 3 0 0
ST_DELIB 283 10 1 2 3 10 3 0 0
ST_DELIB 284 10 1 2 3 10 3 0 0
ST_DELIB 285 10 1 2 3 75 3 0 0
ST_DELIB 286 10 1 2 3 10 3 0 0
ST_DELIB 287 10 1 2 3 10 3 0 0
ST_DELIB 288 10 1 2 3 75 3 0 0
ST_DELIB 289 10 1 2 3 10 3 0 0
ST_DELIB 290 10 1 2 3 10 3 0 0
ST_DELIB 291 10 1 2 3 75 3 0 0
ST_DELIB 292 10 1 2 3 10 3 0 0
ST_DELIB 293 10 1 2 3 10 3 0 0
ST_DELIB 294 10 1 2 3 10 3 0 0
ST_DELIB 295 10 1 2 3 75 3 0 0
ST_DELIB 296 10 1 2 3 10 3 0 0
ST_DELIB 297 10 1 2 3 10 3 0 0
ST_DELIB 298 10 1 2 3 75 3 0 0
ST_DELIB 299 10 1 2 3 10 3 0 0
ST_TS 300 32 363 0 678 0 270 0 29 90 0 0 0 4 0 0 0
ST_DELIB 300 10 1 2 3 10 3 0 0
ST_DELIB 301 10 1 2 3 75 3 0 0
ST_DELIB 302 10 1 2 3 10 3 0 0
ST_DELIB 303 10 1 2 3 10 3 0 0
ST_DELIB 304 10 1 2 3 10 3 0 0
ST_DELIB 305 10 1 2 3 75 3 0 0
ST_DELIB 306 10 1 2 3 10 3 0 0
ST_DELIB 307 10 1 2 3 10 3 0 0
ST_DELIB 308 10 1 2 3 75 3 0 0
ST_DELIB 309 10 1 2 3 10 3 0 0
ST_DELIB 310 10 1 2 3 10 3 0 0
ST_DELIB 311 10 1 2 3 75 3 0 0
ST_DELIB 312 10 1 2 3 10 3 0 0
ST_DELIB 313 10 1 2 3 10 3 0 0
ST_DELIB 314 10 1 2 3 10 3 0 0
ST_DELIB 315 10 1 2 3 75 3 0 0
ST_DELIB 316 10 1 2 3 10 3 0 0
ST_DELIB 317 10 1 2 3 10 3 0 0
ST_DELIB 318 10 1 2 3 75 3 0 0
ST_DELIB 319 10 1 2 3 10 3 0 0
ST_DELIB 320 10 1 2 3 10 3 0 0
ST_DELIB 321 10 1 2 3 75 3 0 0
ST_DELIB 322 10 1 2 3 10 3 0 0
ST_DELIB 323 10 1 2 3 10 3 0 0
ST_DELIB 324 10 1 2 3 10 3 0 0
ST_TS 325 32 388 0 753 0 295 0 29 98 0 0 0 4 0 0 0
ST_DELIB 325 10 1 2 3 75 3 0 0
ST_DELIB 326 10 1 2 3 10 3 0 0
ST_DELIB 327 10 1 2 3 10 3 0 0
ST_DELIB 328 10 1 2 3 75 3 0 0
ST_DELIB 329 10 1 2 3 10 3 0 0
ST_DELIB 330 10 1 2 3 10 3 0 0
ST_DELIB 331 10 1 2 3 75 3 0 0
ST_DELIB 332 10 1 2 3 10 3 0 0
ST_DELIB 333 10 1 2 3 10 3 0 0
ST_DELIB 334 10 1 2 3 75 3 0 0
ST_DELIB 335 10 1 2 3 75 3 0 0
ST_DELIB 336 10 1 2 3 10 3 0 0
ST_DELIB 337 10 1 2 3 10 3 0 0
ST_DELIB 338 10 1 2 3 75 3 0 0
ST_DELIB 339 10 1 2 3 10 3 0 0
ST_DELIB 340 10 1 2 3 10 3 0 0
ST_DELIB 341 10 1 2 3 75 3 0 0
ST_DELIB 342 10 1 2 3 10 3 0 0
ST_DELIB 343 10 1 2 3 10 3 0 0
ST_DELIB 344 10 1 2 3 10 3 0 0
ST_DELIB 345 10 1 2 3 75 3 0 0
ST_DELIB 346 10 1 2 3 10 3 0 0
ST_DELIB 347 10 1 2 3 10 3 0 0
ST_DELIB 348 10 1 2 3 75 3 0 0
ST_DELIB 349 10 1 2 3 10 3 0 0
ST_TS 350 32 413 0 828 0 320 0 29 105 0 0 0 5 0 0 0
ST_DELIB 350 10 1 2 3 10 3 0 0
ST_DELIB 351 10 1 2 3 75 3 0 0
ST_DELIB 352 10 1 2 3 10 3 0 0
ST_DELIB 353 10 1 2 3 10 3 0 0
ST_DELIB 354 10 1 2 3 10 3 0 0
ST_DELIB 355 10 1 2 3 75 3 0 0
ST_DELIB 356 10 1 2 3 10 3 0 0
ST_DELIB 357 10 1 2 3 10 3 0 0
ST_DELIB 358 10 1 2 3 75 3 0 0
ST_DELIB 359 10 1 2 3 10 3 0 0
ST_DELIB 360 10 1 2 3 10 3 0 0
ST_DELIB 361 10 1 2 3 75 3 0 0
ST_DELIB 362 10 1 2 3 10 3 0 0
ST_DELIB 363 10 1 2 3 10 3 0 0
ST_DELIB 364 10 1 2 3 10 3 0 0
ST_DELIB 365 10 1 2 3 75 3 0 0
ST_DELIB 366 10 1 2 3 10 3 0 0
ST_DELIB 367 10 1 2 3 10 3 0 0
ST_DELIB 368 10 1 2 3 75 3 0 0
ST_DELIB 369 10 1 2 3 10 3 0 0
ST_DELIB 370 10 1 2 3 10 3 0 0
ST_DELIB 371 10 1 2 3 75 3 0 0
ST_DELIB 372 10 1 2 3 10 3 0 0
ST_DELIB 373 10 1 2 3 10 3 0 0
ST_DELIB 374 10 1 2 3 10 3 0 0
ST_TS 375 32 438 0 903 0 345 0 29 113 0 0 0 5 0 0 0
ST_DELIB 375 10 1 2 3 75 3 0 0
ST_DELIB 376 10 1 2 3 10 3 0 0
ST_DELIB 377 10 1 2 3 10 3 0 0
ST_DELIB 378 10 1 2 3 75 3 0 0
ST_DELIB 379 10 1 2 3 10 3 0 0
ST_DELIB 380 10 1 2 3 10 3 0 0
ST_DELIB 381 10 1 2 3 75 3 0 0
ST_DELIB 382 10 1 2 3 10 3 0 0
ST_DELIB 383 10 1 2 3 10 3 0 0
ST_DELIB 384 10 1 2 3 10 3 0 0
ST_DELIB 385 10 1 2 3 75 3 0 0
ST_DELIB 386 10 1 2 3 10 3 0 0
ST_DELIB 387 10 1 2 3 10 3 0 0
ST_DELIB 388 10 1 2 3 75 3 0 0
ST_DELIB 389 10 1 2 3 10 3 0 0
ST_DELIB 390 10 1 2 3 10 3 0 0
ST_DELIB 391 10 1 2 3 75 3 0 0
ST_DELIB 392 10 1 2 3 10 3 0 0
ST_DELIB 393 10 1 2 3 10 3 0 0
ST_DELIB 394 10 1 2 3 10 3 0 0
ST_DELIB 395 10 1 2 3 75 3 0 0
ST_DELIB 396 10 1 2 3 10 3 0 0
ST_DELIB 397 10 1 2 3 10 3 0 0
ST_DELIB 398 10 1 2 3 75 3 0 0
ST_DELIB 399 10 1 2 3 10 3 0 0
ST_TS 400 32 463 0 978 0 370 0 29 120 0 0 0 5 0 0 0
ST_DELIB 400 10 1 2 3 10 3 0 0
ST_DELIB 401 10 1 2 3 75 3 0 0
ST_DELIB 402 10 1 2 3 10 3 0 0
ST_DELIB 403 10 1 2 3 10 3 0 0
ST_DELIB 404 10 1 2 3 10 3 0 0
ST_DELIB 405 10 1 2 3 75 3 0 0
ST_DELIB 406 10 1 2 3 10 3 0 0
ST_DELIB 407 10 1 2 3 10 3 0 0
ST_DELIB 408 10 1 2 3 75 3 0 0
ST_DELIB 409 10 1 2 3 10 3 0 0
ST_DELIB 410 10 1 2 3 10 3 0 0
ST_DELIB 411 10 1 2 3 75 3 0 0
ST_DELIB 412 10 1 2 3 10 3 0 0
ST_DELIB 413 10 1 2 3 10 3 0 0
ST_DELIB 414 10 1 2 3 10 3 0 0
ST_DELIB 415 10 1 2 3 75 3 0 0
ST_DELIB 416 10 1 2 3 10 3 0 0
ST_DELIB 417 10 1 2 3 75 3 0 0
ST_DELIB 418 10 1 2 3 75 3 0 0
ST_DELIB 419 10 1 2 3 10 3 0 0
ST_DELIB 420 10 1 2 3 10 3 0 0
ST_DELIB 421 10 1 2 3 75 3 0 0
ST_DELIB 422 10 1 2 3 10 3 0 0
ST_DELIB 423 10 1 2 3 10 3 0 0
ST_DELIB 424 10 1 2 3 10 3 0 0
ST_TS 425 32 488 0 1053 0 395 0 29 128 0 0 0 6 0 0 0
ST_DELIB 425 10 1 2 3 75 3 0 0
ST_DELIB 426 10 1 2 3 10 3 0 0
ST_DELIB 427 10 1 2 3 10 3 0 0
ST_DELIB 428 10 1 2 3 75 3 0 0
ST_DELIB 429 10 1 2 3 10 3 0 0
ST_DELIB 430 10 1 2 3 10 3 0 0
ST_DELIB 431 10 1 2 3 75 3 0 0
ST_DELIB 432 10 1 2 3 10 3 0 0
ST_DELIB 433 10 1 2 3 10 3 0 0
ST_DELIB 434 10 1 2 3 10 3 0 0
ST_DELIB 435 10 1 2 3 75 3 0 0
ST_DELIB 436 10 1 2 3 10 3 0 0
ST_DELIB 437 10 1 2 3 10 3 0 0
ST_DELIB 438 10 1 2 3 75 3 0 0
ST_DELIB 439 10 1 2 3 10 3 0 0
ST_DELIB 440 10 1 2 3 10 3 0 0
ST_DELIB 441 10 1 2 3 75 3 0 0
ST_DELIB 442 10 1 2 3 10 3 0 0
ST_DELIB 443 10 1 2 3 10 3 0 0
ST_DELIB 444 10 1 2 3 10 3 0 0
ST_DELIB 445 10 1 2 3 75 3 0 0
ST_DELIB 446 10 1 2 3 10 3 0 0
ST_DELIB 447 10 1 2 3 10 3 0 0
ST_DELIB 448 10 1 2 3 75 3 0 0
ST_DELIB 449 10 1 2 3 10 3 0 0
ST_TS 450 32 513 0 1128 0 420 0 29 135 0 0 0 6 0 0 0
ST_DELIB 450 10 1 2 3 10 3 0 0
ST_DELIB 451 10 1 2 3 75 3 0 0
ST_DELIB 452 10 1 2 3 10 3 0 0
ST_DELIB 453 10 1 2 3 10 3 0 0
ST_DELIB 454 10 1 2 3 10 3 0 0
ST_DELIB 455 10 1 2 3 75 3 0 0
ST_DELIB 456 10 1 2 3 10 3 0 0
ST_DELIB 457 10 1 2 3 10 3 0 0
ST_DELIB 458 10 1 2 3 75 3 0 0
ST_DELIB 459 10 1 2 3 10 3 0 0
ST_DELIB 460 10 1 2 3 10 3 0 0
ST_DELIB 461 10 1 2 3 75 3 0 0
ST_DELIB 462 10 1 2 3 10 3 0 0
ST_DELIB 463 10 1 2 3 10 3 0 0
ST_DELIB 464 10 1 2 3 10 3 0 0
ST_DELIB 465 10 1 2 3 75 3 0 0
ST_DELIB 466 10 1 2 3 10 3 0 0
ST_DELIB 467 10 1 2 3 10 3 0 0
ST_DELIB 468 10 1 2 3 75 3 0 0
ST_DELIB 469 10 1 2 3 10 3 0 0
ST_DELIB 470 10 1 2 3 10 3 0 0
ST_DELIB 471 10 1 2 3 75 3 0 0
ST_DELIB 472 10 1 2 3 10 3 0 0
ST_DELIB 473 10 1 2 3 10 3 0 0
ST_DELIB 474 10 1 2 3 10 3 0 0
ST_TS 475 32 538 0 1203 0 445 0 29 143 0 0 0 6 0 0 0
ST_DELIB 475 10 1 2 3 75 3 0 0
ST_DELIB 476 10 1 2 3 10 3 0 0
ST_DELIB 477 10 1 2 3 10 3 0 0
ST_DELIB 478 10 1 2 3 75 3 0 0
ST_DELIB 479 10 1 2 3 10 3 0 0
ST_DELIB 480 10 1 2 3 10 3 0 0
ST_DELIB 481 10 1 2 3 75 3 0 0
ST_DELIB 482 10 1 2 3 10 3 0 0
ST_DELIB 483 10 1 2 3 10 3 0 0
ST_DELIB 484 10 1 2 3 10 3 0 0
ST_DELIB 485 10 1 2 3 75 3 0 0
ST_DELIB 486 10 1 2 3 10 3 0 0
ST_DELIB 487 10 1 2 3 10 3 0 0
ST_DELIB 488 10 1 2 3 75 3 0 0
ST_DELIB 489 10 1 2 3 10 3 0 0
ST_DELIB 490 10 1 2 3 10 3 0 0
ST_DELIB 491 10 1 2 3 75 3 0 0
ST_DELIB 492 10 1 2 3 10 3 0 0
ST_DELIB 493 10 1 2 3 10 3 0 0
ST_DELIB 494 10 1 2 3 10 3 0 0
ST_DELIB 495 10 1 2 3 75 3 0 0
ST_DELIB 496 10 1 2 3 10 3 0 0
ST_DELIB 497 10 1 2 3 10 3 0 0
ST_DELIB 498 10 1 2 3 75 3 0 0
ST_DELIB 499 10 1 2 3 10 3 0 0
ST_TS 500 32 563 0 1278 0 470 0 29 150 0 0 0 6 0 0 0
ST_CELL 12 2 3 0
ST_AUDIT_N 563
ST_DROPS 0
ST_ABANDONS 0
ST_ABANDON_Q 0 0 0 0
ST_METRIC 3 6 6
ST_METRIC 4 1 346
ST_METRIC 5 0 6
ST_A_SUMMARY 0 470 0 0 1278
ST_LEDGER 563 47292
CL_CHECK,ck_replay,0,0
CL_CHECK,ck_refusals_clean,0,0
CL_CHECK,ck_core_live,1,1
CL_CHECK,ck_strength_lineage,1,1
CL_CHECK,ck_strength_lineage,1,1
CL_CHECK,ck_strength_lineage,1,1
CL_CHECK,ck_strength_lineage,1,1
CL_CHECK,ck_strength_lineage,1,1
CL_CHECK,ck_strength_lineage,1,1
CL_CHECK,ck_strength_lineage,1,1
CL_CHECK,ck_strength_lineage,1,1
CL_CHECK,ck_strength_lineage,1,1
CL_CHECK,ck_strength_lineage,1,1
CL_CHECK,ck_strength_lineage,1,1
CL_CHECK,ck_strength_lineage,1,1
CL_CHECK,ck_strength_lineage,1,1
CL_CHECK,ck_strength_lineage,1,1
CL_CHECK,ck_strength_lineage,1,1
CL_CHECK,ck_strength_lineage,1,1
CL_CHECK,ck_strength_lineage,1,1
CL_CHECK,ck_strength_lineage,1,1
CL_CHECK,ck_strength_lineage,1,1
CL_CHECK,ck_strength_lineage,1,1
CL_CHECK,ck_strength_lineage,1,1
CL_CHECK,ck_strength_lineage,1,1
CL_CHECK,ck_strength_lineage,1,1
CL_CHECK,ck_strength_lineage,1,1
CL_CHECK,ck_strength_lineage,1,1
CL_CHECK,ck_strength_lineage,1,1
CL_CHECK,ck_strength_lineage,1,1
CL_CHECK,ck_strength_lineage,1,1
CL_CHECK,ck_strength_lineage,1,1
CL_CHECK,ck_strength_lineage,1,1
CL_CHECK,ck_strength_lineage,1,1
CL_CHECK,ck_strength_lineage,1,1
CL_CHECK,ck_strength_lineage,1,1
CL_CHECK,ck_strength_lineage,1,1
CL_CHECK,ck_strength_lineage,1,1
CL_CHECK,ck_strength_lineage,1,1
CL_CHECK,ck_strength_lineage,1,1
CL_CHECK,ck_strength_lineage,1,1
CL_CHECK,ck_strength_lineage,1,1
CL_CHECK,ck_strength_lineage,1,1
CL_CHECK,ck_strength_lineage,1,1
CL_CHECK,ck_strength_lineage,1,1
CL_CHECK,ck_strength_lineage,1,1
CL_CHECK,ck_strength_lineage,1,1
CL_CHECK,ck_strength_lineage,1,1
CL_CHECK,ck_strength_lineage,1,1
CL_CHECK,ck_strength_lineage,1,1
CL_CHECK,ck_strength_lineage,1,1
CL_CHECK,ck_strength_lineage,1,1
CL_CHECK,ck_strength_lineage,1,1
CL_CHECK,ck_strength_lineage,1,1
CL_CHECK,ck_strength_lineage,1,1
CL_CHECK,ck_strength_lineage,1,1
CL_CHECK,ck_strength_lineage,1,1
CL_CHECK,ck_strength_lineage,1,1
CL_CHECK,ck_strength_lineage,1,1
CL_CHECK,ck_strength_lineage,1,1
CL_CHECK,ck_strength_lineage,1,1
CL_CHECK,ck_strength_lineage,1,1
CL_CHECK,ck_strength_lineage,1,1
CL_CHECK,ck_strength_lineage,1,1
CL_CHECK,ck_strength_lineage,1,1
CL_CHECK,ck_strength_lineage,1,1
CL_CHECK,ck_strength_lineage,1,1
CL_CHECK,ck_strength_lineage,1,1
CL_CHECK,ck_strength_lineage,1,1
CL_CHECK,ck_strength_lineage,1,1
CL_CHECK,ck_strength_lineage,1,1
CL_CHECK,ck_strength_lineage,1,1
CL_CHECK,ck_strength_lineage,1,1
CL_CHECK,ck_strength_lineage,1,1
CL_CHECK,ck_strength_lineage,1,1
CL_CHECK,ck_strength_lineage,1,1
CL_CHECK,ck_strength_lineage,1,1
CL_CHECK,ck_strength_lineage,1,1
CL_CHECK,ck_strength_lineage,1,1
CL_CHECK,ck_strength_lineage,1,1
CL_CHECK,ck_strength_lineage,1,1
CL_CHECK,ck_strength_lineage,1,1
CL_CHECK,ck_strength_lineage,1,1
CL_CHECK,ck_strength_lineage,1,1
CL_CHECK,ck_strength_lineage,1,1
CL_CHECK,ck_strength_lineage,1,1
CL_CHECK,ck_strength_lineage,1,1
CL_CHECK,ck_strength_lineage,1,1
CL_CHECK,ck_strength_lineage,1,1
CL_CHECK,ck_strength_lineage,1,1
CL_CHECK,ck_strength_lineage,1,1
CL_CHECK,ck_strength_lineage,1,1
CL_CHECK,ck_strength_lineage,1,1
CL_CHECK,ck_strength_lineage,1,1
CL_CHECK,ck_strength_lineage,1,1
CL_CHECK,ck_strength_lineage,1,1
CL_CHECK,ck_strength_lineage,1,1
CL_CHECK,ck_strength_lineage,1,1
CL_CHECK,ck_strength_lineage,1,1
CL_CHECK,ck_strength_lineage,1,1
CL_CHECK,ck_strength_lineage,1,1
CL_CHECK,ck_strength_lineage,1,1
CL_CHECK,ck_strength_lineage,1,1
CL_CHECK,ck_strength_lineage,1,1
CL_CHECK,ck_strength_lineage,1,1
CL_CHECK,ck_strength_lineage,1,1
CL_CHECK,ck_strength_lineage,1,1
CL_CHECK,ck_strength_lineage,1,1
CL_CHECK,ck_strength_lineage,1,1
CL_CHECK,ck_strength_lineage,1,1
CL_CHECK,ck_strength_lineage,1,1
CL_CHECK,ck_strength_lineage,1,1
CL_CHECK,ck_strength_lineage,1,1
CL_CHECK,ck_strength_lineage,1,1
CL_CHECK,ck_strength_lineage,1,1
CL_CHECK,ck_strength_lineage,1,1
CL_CHECK,ck_strength_lineage,1,1
CL_CHECK,ck_strength_lineage,1,1
CL_CHECK,ck_strength_lineage,1,1
CL_CHECK,ck_strength_lineage,1,1
CL_CHECK,ck_strength_lineage,1,1
CL_CHECK,ck_strength_lineage,1,1
CL_CHECK,ck_strength_lineage,1,1
CL_CHECK,ck_strength_lineage,1,1
CL_CHECK,ck_strength_lineage,1,1
CL_CHECK,ck_strength_lineage,1,1
CL_CHECK,ck_strength_lineage,1,1
CL_CHECK,ck_strength_lineage,1,1
CL_CHECK,ck_strength_lineage,1,1
CL_CHECK,ck_strength_lineage,1,1
CL_CHECK,ck_strength_lineage,1,1
CL_CHECK,ck_strength_lineage,1,1
CL_CHECK,ck_strength_lineage,1,1
CL_CHECK,ck_strength_lineage,1,1
CL_CHECK,ck_strength_lineage,1,1
CL_CHECK,ck_strength_lineage,1,1
CL_CHECK,ck_strength_lineage,1,1
CL_CHECK,ck_strength_lineage,1,1
CL_CHECK,ck_strength_lineage,1,1
CL_CHECK,ck_strength_lineage,1,1
CL_CHECK,ck_strength_lineage,1,1
CL_CHECK,ck_strength_lineage,1,1
CL_CHECK,ck_strength_lineage,1,1
CL_CHECK,ck_strength_lineage,1,1
CL_CHECK,ck_strength_lineage,1,1
CL_CHECK,ck_strength_lineage,1,1
CL_CHECK,ck_strength_lineage,1,1
CL_CHECK,ck_strength_lineage,1,1
CL_CHECK,ck_strength_lineage,1,1
CL_CHECK,ck_strength_lineage,1,1
CL_CHECK,ck_strength_lineage,1,1
CL_CHECK,ck_strength_lineage,1,1
CL_CHECK,ck_strength_lineage,1,1
CL_CHECK,ck_strength_lineage,1,1
CL_CHECK,ck_strength_lineage,1,1
CL_CHECK,ck_strength_lineage,1,1
CL_CHECK,ck_strength_lineage,1,1
CL_CHECK,ck_strength_lineage,1,1
CL_CHECK,ck_strength_lineage,1,1
CL_CHECK,ck_strength_lineage,1,1
CL_CHECK,ck_strength_lineage,1,1
CL_CHECK,ck_strength_lineage,1,1
CL_CHECK,ck_strength_lineage,1,1
CL_CHECK,ck_strength_lineage,1,1
CL_CHECK,ck_strength_lineage,1,1
CL_CHECK,ck_strength_lineage,1,1
CL_CHECK,ck_strength_lineage,1,1
CL_CHECK,ck_strength_lineage,1,1
CL_CHECK,ck_strength_lineage,1,1
CL_CHECK,ck_strength_lineage,1,1
CL_CHECK,ck_strength_lineage,1,1
CL_CHECK,ck_strength_lineage,1,1
CL_CHECK,ck_strength_lineage,1,1
CL_CHECK,ck_strength_lineage,1,1
CL_CHECK,ck_strength_lineage,1,1
CL_CHECK,ck_strength_lineage,1,1
CL_CHECK,ck_strength_lineage,1,1
CL_CHECK,ck_strength_lineage,1,1
CL_CHECK,ck_strength_lineage,1,1
CL_CHECK,ck_strength_lineage,1,1
CL_CHECK,ck_strength_lineage,1,1
CL_CHECK,ck_strength_lineage,1,1
CL_CHECK,ck_strength_lineage,1,1
CL_CHECK,ck_strength_lineage,1,1
CL_CHECK,ck_strength_lineage,1,1
CL_CHECK,ck_strength_lineage,1,1
CL_CHECK,ck_strength_lineage,1,1
CL_CHECK,ck_strength_lineage,1,1
CL_CHECK,ck_strength_lineage,1,1
CL_CHECK,ck_strength_lineage,1,1
CL_CHECK,ck_strength_lineage,1,1
CL_CHECK,ck_strength_lineage,1,1
CL_CHECK,ck_strength_lineage,1,1
CL_CHECK,ck_strength_lineage,1,1
CL_CHECK,ck_strength_lineage,1,1
CL_CHECK,ck_strength_lineage,1,1
CL_CHECK,ck_strength_lineage,1,1
CL_CHECK,ck_strength_lineage,1,1
CL_CHECK,ck_strength_lineage,1,1
CL_CHECK,ck_strength_lineage,1,1
CL_CHECK,ck_strength_lineage,1,1
CL_CHECK,ck_strength_lineage,1,1
CL_CHECK,ck_strength_lineage,1,1
CL_CHECK,ck_strength_lineage,1,1
CL_CHECK,ck_strength_lineage,1,1
CL_CHECK,ck_strength_lineage,1,1
CL_CHECK,ck_strength_lineage,1,1
CL_CHECK,ck_strength_lineage,1,1
CL_CHECK,ck_strength_lineage,1,1
CL_CHECK,ck_strength_lineage,1,1
CL_CHECK,ck_strength_lineage,1,1
CL_CHECK,ck_strength_lineage,1,1
CL_CHECK,ck_strength_lineage,1,1
CL_CHECK,ck_strength_lineage,1,1
CL_CHECK,ck_strength_lineage,1,1
CL_CHECK,ck_strength_lineage,1,1
CL_CHECK,ck_strength_lineage,1,1
CL_CHECK,ck_strength_lineage,1,1
CL_CHECK,ck_strength_lineage,1,1
CL_CHECK,ck_strength_lineage,1,1
CL_CHECK,ck_strength_lineage,1,1
CL_CHECK,ck_strength_lineage,1,1
CL_CHECK,ck_strength_lineage,1,1
CL_CHECK,ck_strength_lineage,1,1
CL_CHECK,ck_strength_lineage,1,1
CL_CHECK,ck_strength_lineage,1,1
CL_CHECK,ck_strength_lineage,1,1
CL_CHECK,ck_strength_lineage,1,1
CL_CHECK,ck_strength_lineage,1,1
CL_CHECK,ck_strength_lineage,1,1
CL_CHECK,ck_strength_lineage,1,1
CL_CHECK,ck_strength_lineage,1,1
CL_CHECK,ck_strength_lineage,1,1
CL_CHECK,ck_strength_lineage,1,1
CL_CHECK,ck_strength_lineage,1,1
CL_CHECK,ck_strength_lineage,1,1
CL_CHECK,ck_strength_lineage,1,1
CL_CHECK,ck_strength_lineage,1,1
CL_CHECK,ck_strength_lineage,1,1
CL_CHECK,ck_strength_lineage,1,1
CL_CHECK,ck_strength_lineage,1,1
CL_CHECK,ck_strength_lineage,1,1
CL_CHECK,ck_strength_lineage,1,1
CL_CHECK,ck_strength_lineage,1,1
CL_CHECK,ck_strength_lineage,1,1
CL_CHECK,ck_strength_lineage,1,1
CL_CHECK,ck_strength_lineage,1,1
CL_CHECK,ck_strength_lineage,1,1
CL_CHECK,ck_strength_lineage,1,1
CL_CHECK,ck_strength_lineage,1,1
CL_CHECK,ck_strength_lineage,1,1
CL_CHECK,ck_strength_lineage,1,1
CL_CHECK,ck_strength_lineage,1,1
CL_CHECK,ck_strength_lineage,1,1
CL_CHECK,ck_strength_lineage,1,1
CL_CHECK,ck_strength_lineage,1,1
CL_CHECK,ck_strength_lineage,1,1
CL_CHECK,ck_strength_lineage,1,1
CL_CHECK,ck_strength_lineage,1,1
CL_CHECK,ck_strength_lineage,1,1
CL_CHECK,ck_strength_lineage,1,1
CL_CHECK,ck_strength_lineage,1,1
CL_CHECK,ck_strength_lineage,1,1
CL_CHECK,ck_strength_lineage,1,1
CL_CHECK,ck_strength_lineage,1,1
CL_CHECK,ck_strength_lineage,1,1
CL_CHECK,ck_strength_lineage,1,1
CL_CHECK,ck_strength_lineage,1,1
CL_CHECK,ck_strength_lineage,1,1
CL_CHECK,ck_strength_lineage,1,1
CL_CHECK,ck_strength_lineage,1,1
CL_CHECK,ck_strength_lineage,1,1
CL_CHECK,ck_strength_lineage,1,1
CL_CHECK,ck_strength_lineage,1,1
CL_CHECK,ck_strength_lineage,1,1
CL_CHECK,ck_strength_lineage,1,1
CL_CHECK,ck_strength_lineage,1,1
CL_CHECK,ck_strength_lineage,1,1
CL_CHECK,ck_strength_lineage,1,1
CL_CHECK,ck_strength_lineage,1,1
CL_CHECK,ck_strength_lineage,1,1
CL_CHECK,ck_strength_lineage,1,1
CL_CHECK,ck_strength_lineage,1,1
CL_CHECK,ck_strength_lineage,1,1
CL_CHECK,ck_strength_lineage,1,1
CL_CHECK,ck_strength_lineage,1,1
CL_CHECK,ck_strength_lineage,1,1
CL_CHECK,ck_strength_lineage,1,1
CL_CHECK,ck_strength_lineage,1,1
CL_CHECK,ck_strength_lineage,1,1
CL_CHECK,ck_strength_lineage,1,1
CL_CHECK,ck_strength_lineage,1,1
CL_CHECK,ck_strength_lineage,1,1
CL_CHECK,ck_strength_lineage,1,1
CL_CHECK,ck_strength_lineage,1,1
CL_CHECK,ck_strength_lineage,1,1
CL_CHECK,ck_strength_lineage,1,1
CL_CHECK,ck_strength_lineage,1,1
CL_CHECK,ck_strength_lineage,1,1
CL_CHECK,ck_strength_lineage,1,1
CL_CHECK,ck_strength_lineage,1,1
CL_CHECK,ck_strength_lineage,1,1
CL_CHECK,ck_strength_lineage,1,1
CL_CHECK,ck_strength_lineage,1,1
CL_CHECK,ck_strength_lineage,1,1
CL_CHECK,ck_strength_lineage,1,1
CL_CHECK,ck_strength_lineage,1,1
CL_CHECK,ck_strength_lineage,1,1
CL_CHECK,ck_strength_lineage,1,1
CL_CHECK,ck_strength_lineage,1,1
CL_CHECK,ck_strength_lineage,1,1
CL_CHECK,ck_strength_lineage,1,1
CL_CHECK,ck_strength_lineage,1,1
CL_CHECK,ck_strength_lineage,1,1
CL_CHECK,ck_strength_lineage,1,1
CL_CHECK,ck_strength_lineage,1,1
CL_CHECK,ck_strength_lineage,1,1
CL_CHECK,ck_strength_lineage,1,1
CL_CHECK,ck_strength_lineage,1,1
CL_CHECK,ck_strength_lineage,1,1
CL_CHECK,ck_strength_lineage,1,1
CL_CHECK,ck_strength_lineage,1,1
CL_CHECK,ck_strength_lineage,1,1
CL_CHECK,ck_strength_lineage,1,1
CL_CHECK,ck_strength_lineage,1,1
CL_CHECK,ck_strength_lineage,1,1
CL_CHECK,ck_strength_lineage,1,1
CL_CHECK,ck_strength_lineage,1,1
CL_CHECK,ck_strength_lineage,1,1
CL_CHECK,ck_strength_lineage,1,1
CL_CHECK,ck_strength_lineage,1,1
CL_CHECK,ck_strength_lineage,1,1
CL_CHECK,ck_strength_lineage,1,1
CL_CHECK,ck_strength_lineage,1,1
CL_CHECK,ck_strength_lineage,1,1
CL_CHECK,ck_strength_lineage,1,1
CL_CHECK,ck_strength_lineage,1,1
CL_CHECK,ck_strength_lineage,1,1
CL_CHECK,ck_strength_lineage,1,1
CL_CHECK,ck_strength_lineage,1,1
CL_CHECK,ck_strength_lineage,1,1
CL_CHECK,ck_strength_lineage,1,1
CL_CHECK,ck_strength_lineage,1,1
CL_CHECK,ck_strength_lineage,1,1
CL_CHECK,ck_strength_lineage,1,1
CL_CHECK,ck_strength_lineage,1,1
CL_CHECK,ck_strength_lineage,1,1
CL_CHECK,ck_strength_lineage,1,1
CL_CHECK,ck_strength_lineage,1,1
CL_CHECK,ck_strength_lineage,1,1
CL_CHECK,ck_strength_lineage,1,1
CL_CHECK,ck_strength_lineage,1,1
CL_CHECK,ck_strength_lineage,1,1
CL_CHECK,ck_strength_lineage,1,1
CL_CHECK,ck_strength_lineage,1,1
CL_CHECK,ck_no_bad_kill,0,0
CL_CHECK,ck_no_bad_forcepin,0,0
CL_CHECK,ck_no_bad_code,0,0
CL_CHECK,ck_no_bad_role,0,0
CL_CHECK,ck_no_bad_pexp,0,0
CL_CHECK,ck_no_bad_recycle,0,0
ST_FINGERPRINT -788675765
ST_INVALID 0
ST_DONE
