ST_TS 0 2 3 0 0 0 0 0 0 0 0 0 0 0 0 0 0
ST_TS 25 27 31 0 0 0 0 0 0 7 0 0 0 6 0 0 0
ST_DELIB 30 7 1 2 3 10 1 0 0
ST_DELIB 31 3 1 2 3 10 1 0 0
ST_DELIB 32 6 1 2 3 10 1 0 0
ST_DELIB 33 2 1 2 3 10 1 0 0
ST_DELIB 34 5 1 2 3 10 1 0 0
ST_DELIB 35 12 1 2 3 10 1 0 0
ST_DELIB 36 13 1 2 3 10 1 0 0
ST_DELIB 37 12 1 2 3 10 1 0 0
ST_DELIB 38 15 1 2 3 10 1 0 0
ST_DELIB 39 16 1 2 3 10 1 0 0
ST_DELIB 40 17 1 2 3 10 1 0 0
ST_DELIB 41 22 1 2 3 10 1 0 0
ST_DELIB 42 22 1 2 3 10 1 0 0
ST_DELIB 43 25 1 2 3 10 1 0 0
ST_DELIB 44 3 1 2 3 10 1 0 0
ST_DELIB 45 3 1 2 3 10 1 0 0
ST_DELIB 46 23 1 2 3 10 1 0 0
ST_DELIB 47 5 1 2 3 10 1 0 0
ST_DELIB 48 17 1 2 3 10 1 0 0
ST_DELIB 49 26 1 2 3 10 1 0 0
ST_TS 50 32 73 0 20 0 20 0 11 15 0 0 0 15 0 0 0
ST_DELIB 50 27 1 2 3 10 1 0 0
ST_DELIB 51 27 1 2 3 10 1 0 0
ST_DELIB 52 25 1 2 3 10 1 0 0
ST_DELIB 53 2 1 2 3 10 1 0 0
ST_DELIB 54 2 1 2 3 10 1 0 0
ST_DELIB 55 7 1 2 3 10 1 0 0
ST_DELIB 56 7 1 2 3 10 1 0 0
ST_DELIB 57 9 3 1 1 80 4 2 1
ST_DELIB 57 2 1 2 3 10 1 0 0
ST_DELIB 58 10 3 1 1 80 4 2 1
ST_DELIB 58 3 1 2 3 10 1 0 0
ST_DELIB 59 11 3 1 1 80 4 2 1
ST_DELIB 59 27 1 2 3 10 1 0 0
ST_DELIB 60 5 1 2 3 75 3 0 0
ST_DELIB 61 5 1 2 3 10 3 0 0
ST_DELIB 62 5 1 2 3 10 3 0 0
ST_DELIB 63 5 1 2 3 75 3 0 0
ST_DELIB 64 5 1 2 3 10 3 0 0
ST_DELIB 65 5 1 2 3 10 3 0 0
ST_DELIB 66 5 1 2 3 10 3 0 0
ST_DELIB 67 19 3 1 1 80 4 2 1
ST_DELIB 67 7 1 2 3 75 3 0 0
ST_DELIB 68 20 3 1 1 80 4 2 1
ST_DELIB 68 7 1 2 3 75 3 0 0
ST_DELIB 69 21 3 1 1 80 4 2 1
ST_DELIB 69 7 1 2 3 75 3 0 0
ST_DELIB 70 23 1 2 3 75 3 0 0
ST_DELIB 71 23 1 2 3 10 3 0 0
ST_DELIB 72 23 1 2 3 10 3 0 0
ST_DELIB 73 25 1 2 3 75 3 0 0
ST_DELIB 74 25 1 2 3 10 3 0 0
ST_TS 75 32 132 0 75 0 45 0 23 22 0 0 0 21 0 0 0
ST_DELIB 75 25 1 2 3 10 3 0 0
ST_DELIB 76 25 1 2 3 10 3 0 0
ST_DELIB 77 29 3 1 1 80 4 2 1
ST_DELIB 77 25 1 2 3 75 3 0 0
ST_DELIB 78 30 3 1 1 80 4 2 1
ST_DELIB 78 25 1 2 3 75 3 0 0
ST_DELIB 79 31 3 1 1 80 4 2 1
ST_DELIB 79 5 1 2 3 75 3 0 0
ST_DELIB 80 5 1 2 3 75 3 0 0
ST_DELIB 81 5 1 2 3 10 3 0 0
ST_DELIB 82 9 3 1 1 80 4 3 1
ST_DELIB 82 5 1 2 3 10 3 0 0
ST_DELIB 83 10 3 1 1 80 4 3 1
ST_DELIB 83 5 1 2 3 75 3 0 0
ST_DELIB 84 11 3 1 1 80 4 3 1
ST_DELIB 84 5 1 2 3 10 3 0 0
ST_DELIB 85 5 1 2 3 10 3 0 0
ST_DELIB 86 5 1 2 3 10 3 0 0
ST_DELIB 87 12 3 1 1 80 4 2 1
ST_DELIB 87 5 1 2 3 75 3 0 0
ST_DELIB 88 15 3 1 1 80 4 2 1
ST_DELIB 88 5 1 2 3 75 3 0 0
ST_DELIB 89 16 3 1 1 80 4 2 1
ST_DELIB 89 5 1 2 3 75 3 0 0
ST_DELIB 90 5 1 2 3 75 3 0 0
ST_DELIB 91 5 1 2 3 10 3 0 0
ST_DELIB 92 19 3 1 1 80 4 3 1
ST_DELIB 92 5 1 2 3 10 3 0 0
ST_DELIB 93 20 3 1 1 80 4 3 1
ST_DELIB 93 5 1 2 3 75 3 0 0
ST_DELIB 94 21 3 1 1 80 4 3 1
ST_DELIB 94 5 1 2 3 10 3 0 0
ST_DELIB 95 5 1 2 3 10 3 0 0
ST_DELIB 96 5 1 2 3 10 3 0 0
ST_DELIB 97 5 1 2 3 75 3 0 0
ST_DELIB 98 17 3 1 1 80 4 2 1
ST_DELIB 98 5 1 2 3 75 3 0 0
ST_DELIB 99 26 3 1 1 80 4 2 1
ST_DELIB 99 5 1 2 3 75 3 0 0
ST_TS 100 32 184 0 150 0 70 0 28 30 0 0 0 30 0 0 0
ST_DELIB 100 5 1 2 3 75 3 0 0
ST_DELIB 101 5 1 2 3 10 3 0 0
ST_DELIB 102 29 3 1 1 80 4 3 1
ST_DELIB 102 5 1 2 3 10 3 0 0
ST_DELIB 103 30 3 1 1 80 4 3 1
ST_DELIB 103 5 1 2 3 75 3 0 0
ST_DELIB 104 31 3 1 1 80 4 3 1
ST_DELIB 104 5 1 2 3 10 3 0 0
ST_DELIB 105 5 1 2 3 10 3 0 0
ST_DELIB 106 5 1 2 3 10 3 0 0
ST_DELIB 107 2 3 1 1 80 4 2 1
ST_DELIB 107 9 3 1 1 80 4 4 1
ST_DELIB 108 3 3 1 1 80 4 2 1
ST_DELIB 108 10 3 1 1 80 4 4 1
ST_DELIB 109 27 3 1 1 80 4 2 1
ST_DELIB 109 11 3 1 1 80 4 4 1
ST_DELIB 110 5 1 2 3 75 3 0 0
ST_DELIB 111 5 1 2 3 10 3 0 0
ST_DELIB 112 12 3 1 1 80 4 3 1
ST_DELIB 112 5 1 2 3 10 3 0 0
ST_DELIB 113 15 3 1 1 80 4 3 1
ST_DELIB 113 5 1 2 3 75 3 0 0
ST_DELIB 114 16 3 1 1 80 4 3 1
ST_DELIB 114 5 1 2 3 10 3 0 0
ST_DELIB 115 5 1 2 3 10 3 0 0
ST_DELIB 116 5 1 2 3 10 3 0 0
ST_DELIB 117 19 3 1 1 80 4 4 1
ST_DELIB 118 20 3 1 1 80 4 4 1
ST_DELIB 119 7 3 1 1 80 4 2 1
ST_DELIB 119 21 3 1 1 80 4 4 1
ST_DELIB 120 5 1 2 3 75 3 0 0
ST_DELIB 121 5 1 2 3 10 3 0 0
ST_DELIB 122 5 1 2 3 10 3 0 0
ST_DELIB 123 17 3 1 1 80 4 3 1
ST_DELIB 123 5 1 2 3 75 3 0 0
ST_DELIB 124 26 3 1 1 80 4 3 1
ST_DELIB 124 5 1 2 3 10 3 0 0
ST_TS 125 32 245 24 207 6 89 0 23 37 0 0 0 36 6 300 6
ST_DELIB 125 5 1 2 3 10 3 0 0
ST_DELIB 126 5 1 2 3 10 3 0 0
ST_DELIB 127 29 3 1 1 80 4 4 1
ST_DELIB 128 25 3 1 1 80 4 2 1
ST_DELIB 128 30 3 1 1 80 4 4 1
ST_DELIB 129 31 3 1 1 80 4 4 1
ST_DELIB 130 21 1 2 3 75 3 0 0
ST_DELIB 131 21 1 2 3 10 3 0 0
ST_DELIB 132 2 3 1 1 80 4 3 1
ST_DELIB 132 21 1 2 3 10 3 0 0
ST_DELIB 133 3 3 1 1 80 4 3 1
ST_DELIB 133 30 1 2 3 75 3 0 0
ST_DELIB 134 27 3 1 1 80 4 3 1
ST_DELIB 134 30 1 2 3 10 3 0 0
ST_DELIB 135 30 1 2 3 10 3 0 0
ST_DELIB 136 30 1 2 3 10 3 0 0
ST_DELIB 137 12 3 1 1 80 4 4 1
ST_DELIB 138 15 3 1 1 80 4 4 1
ST_DELIB 139 16 3 1 1 80 4 4 1
ST_DELIB 140 12 1 2 3 75 3 0 0
ST_DELIB 141 12 1 2 3 10 3 0 0
ST_DELIB 142 12 1 2 3 10 3 0 0
ST_DELIB 143 12 1 2 3 75 3 0 0
ST_DELIB 144 7 3 1 1 80 4 3 1
ST_DELIB 144 12 1 2 3 10 3 0 0
ST_DELIB 145 12 1 2 3 10 3 0 0
ST_DELIB 146 12 1 2 3 10 3 0 0
ST_DELIB 147 12 1 2 3 75 3 0 0
ST_DELIB 148 17 3 1 1 80 4 4 1
ST_DELIB 149 26 3 1 1 80 4 4 1
ST_TS 150 32 309 56 258 14 106 0 20 45 0 0 0 45 14 700 14
ST_DELIB 150 26 1 2 3 75 3 0 0
ST_DELIB 151 26 1 2 3 10 3 0 0
ST_DELIB 152 26 1 2 3 10 3 0 0
ST_DELIB 153 25 3 1 1 80 4 3 1
ST_DELIB 153 26 1 2 3 75 3 0 0
ST_DELIB 154 26 1 2 3 10 3 0 0
ST_DELIB 155 26 1 2 3 10 3 0 0
ST_DELIB 156 26 1 2 3 10 3 0 0
ST_DELIB 157 9 3 1 1 80 4 2 1
ST_DELIB 157 2 3 1 1 80 4 4 1
ST_DELIB 158 10 3 1 1 80 4 2 1
ST_DELIB 158 3 3 1 1 80 4 4 1
ST_DELIB 159 11 3 1 1 80 4 2 1
ST_DELIB 159 27 3 1 1 80 4 4 1
ST_DELIB 160 16 1 2 3 75 3 0 0
ST_DELIB 161 16 1 2 3 10 3 0 0
ST_DELIB 162 16 1 2 3 10 3 0 0
ST_DELIB 163 17 1 2 3 75 3 0 0
ST_DELIB 164 17 1 2 3 10 3 0 0
ST_DELIB 165 17 1 2 3 10 3 0 0
ST_DELIB 166 17 1 2 3 10 3 0 0
ST_DELIB 167 19 3 1 1 80 4 2 1
ST_DELIB 167 17 1 2 3 75 3 0 0
ST_DELIB 168 20 3 1 1 80 4 2 1
ST_DELIB 168 17 1 2 3 75 3 0 0
ST_DELIB 169 7 3 1 1 80 4 4 1
ST_DELIB 170 7 1 2 3 75 3 0 0
ST_DELIB 171 7 1 2 3 10 3 0 0
ST_DELIB 172 7 1 2 3 10 3 0 0
ST_DELIB 173 7 1 2 3 75 3 0 0
ST_DELIB 174 7 1 2 3 10 3 0 0
ST_TS 175 32 366 72 321 18 127 0 23 52 0 0 0 51 18 900 18
ST_DELIB 175 7 1 2 3 10 3 0 0
ST_DELIB 176 7 1 2 3 10 3 0 0
ST_DELIB 177 29 3 1 1 80 4 2 1
ST_DELIB 177 7 1 2 3 75 3 0 0
ST_DELIB 178 25 3 1 1 80 4 4 1
ST_DELIB 179 31 3 1 1 80 4 2 1
ST_DELIB 179 25 1 2 3 75 3 0 0
ST_DELIB 180 25 1 2 3 75 3 0 0
ST_DELIB 181 25 1 2 3 10 3 0 0
ST_DELIB 182 9 3 1 1 80 4 3 1
ST_DELIB 182 25 1 2 3 10 3 0 0
ST_DELIB 183 10 3 1 1 80 4 3 1
ST_DELIB 183 25 1 2 3 75 3 0 0
ST_DELIB 184 11 3 1 1 80 4 3 1
ST_DELIB 184 25 1 2 3 10 3 0 0
ST_DELIB 185 25 1 2 3 10 3 0 0
ST_DELIB 186 25 1 2 3 10 3 0 0
ST_DELIB 187 7 1 2 3 75 3 0 0
ST_DELIB 188 15 3 1 1 80 4 2 1
ST_DELIB 188 7 1 2 3 75 3 0 0
ST_DELIB 189 7 1 2 3 75 3 0 0
ST_DELIB 190 7 1 2 3 75 3 0 0
ST_DELIB 191 7 1 2 3 10 3 0 0
ST_DELIB 192 19 3 1 1 80 4 3 1
ST_DELIB 192 7 1 2 3 10 3 0 0
ST_DELIB 193 20 3 1 1 80 4 3 1
ST_DELIB 193 7 1 2 3 75 3 0 0
ST_DELIB 194 7 1 2 3 10 3 0 0
ST_DELIB 195 7 1 2 3 10 3 0 0
ST_DELIB 196 7 1 2 3 10 3 0 0
ST_DELIB 197 12 3 1 1 80 4 2 1
ST_DELIB 197 7 1 2 3 75 3 0 0
ST_DELIB 198 7 1 2 3 75 3 0 0
ST_DELIB 199 7 1 2 3 75 3 0 0
ST_TS 200 32 416 76 393 19 151 0 28 60 0 0 0 60 19 950 19
ST_DELIB 200 7 1 2 3 75 3 0 0
ST_DELIB 201 7 1 2 3 10 3 0 0
ST_DELIB 202 29 3 1 1 80 4 3 1
ST_DELIB 202 7 1 2 3 10 3 0 0
ST_DELIB 203 7 1 2 3 75 3 0 0
ST_DELIB 204 31 3 1 1 80 4 3 1
ST_DELIB 204 7 1 2 3 10 3 0 0
ST_DELIB 205 7 1 2 3 10 3 0 0
ST_DELIB 206 7 1 2 3 10 3 0 0
ST_DELIB 207 2 3 1 1 80 4 2 1
ST_DELIB 207 9 3 1 1 80 4 4 1
ST_DELIB 208 3 3 1 1 80 4 2 1
ST_DELIB 208 10 3 1 1 80 4 4 1
ST_DELIB 209 27 3 1 1 80 4 2 1
ST_DELIB 209 11 3 1 1 80 4 4 1
ST_DELIB 210 7 1 2 3 75 3 0 0
ST_DELIB 211 7 1 2 3 10 3 0 0
ST_DELIB 212 7 1 2 3 10 3 0 0
ST_DELIB 213 15 3 1 1 80 4 3 1
ST_DELIB 213 7 1 2 3 75 3 0 0
ST_DELIB 214 7 1 2 3 10 3 0 0
ST_DELIB 215 7 1 2 3 10 3 0 0
ST_DELIB 216 7 1 2 3 10 3 0 0
ST_DELIB 217 19 3 1 1 80 4 4 1
ST_DELIB 218 17 3 1 1 80 4 2 1
ST_DELIB 218 20 3 1 1 80 4 4 1
ST_DELIB 219 20 1 2 3 75 3 0 0
ST_DELIB 220 19 1 2 3 75 3 0 0
ST_DELIB 221 19 1 2 3 10 3 0 0
ST_DELIB 222 12 3 1 1 80 4 3 1
ST_DELIB 222 19 1 2 3 10 3 0 0
ST_DELIB 223 7 1 2 3 75 3 0 0
ST_DELIB 224 7 1 2 3 10 3 0 0
ST_TS 225 32 470 96 453 24 171 0 24 67 0 0 0 66 24 1200 24
ST_DELIB 225 7 1 2 3 10 3 0 0
ST_DELIB 226 7 1 2 3 10 3 0 0
ST_DELIB 227 29 3 1 1 80 4 4 1
ST_DELIB 228 29 1 2 3 75 3 0 0
ST_DELIB 229 31 3 1 1 80 4 4 1
ST_DELIB 230 7 1 2 3 75 3 0 0
ST_DELIB 231 7 1 2 3 10 3 0 0
ST_DELIB 232 2 3 1 1 80 4 3 1
ST_DELIB 232 7 1 2 3 10 3 0 0
ST_DELIB 233 3 3 1 1 80 4 3 1
ST_DELIB 233 7 1 2 3 75 3 0 0
ST_DELIB 234 27 3 1 1 80 4 3 1
ST_DELIB 234 7 1 2 3 10 3 0 0
ST_DELIB 235 7 1 2 3 10 3 0 0
ST_DELIB 236 7 1 2 3 10 3 0 0
ST_DELIB 237 7 1 2 3 75 3 0 0
ST_DELIB 238 15 3 1 1 80 4 4 1
ST_DELIB 239 15 1 2 3 75 3 0 0
ST_DELIB 240 15 1 2 3 75 3 0 0
ST_DELIB 241 15 1 2 3 10 3 0 0
ST_DELIB 242 15 1 2 3 10 3 0 0
ST_DELIB 243 17 3 1 1 80 4 3 1
ST_DELIB 243 15 1 2 3 75 3 0 0
ST_DELIB 244 15 1 2 3 10 3 0 0
ST_DELIB 245 15 1 2 3 10 3 0 0
ST_DELIB 246 15 1 2 3 10 3 0 0
ST_DELIB 247 12 3 1 1 80 4 4 1
ST_DELIB 248 12 1 2 3 75 3 0 0
ST_DELIB 249 12 1 2 3 75 3 0 0
ST_TS 250 32 521 112 516 28 192 0 25 75 0 0 0 75 28 1400 28
ST_DELIB 250 31 1 2 3 75 3 0 0
ST_DELIB 251 31 1 2 3 10 3 0 0
ST_DELIB 252 31 1 2 3 10 3 0 0
ST_DELIB 253 7 1 2 3 75 3 0 0
ST_DELIB 254 7 1 2 3 10 3 0 0
ST_DELIB 255 7 1 2 3 10 3 0 0
ST_DELIB 256 7 1 2 3 10 3 0 0
ST_DELIB 257 9 3 1 1 80 4 2 1
ST_DELIB 257 2 3 1 1 80 4 4 1
ST_DELIB 258 10 3 1 1 80 4 2 1
ST_DELIB 258 3 3 1 1 80 4 4 1
ST_DELIB 259 11 3 1 1 80 4 2 1
ST_DELIB 259 27 3 1 1 80 4 4 1
ST_DELIB 260 7 1 2 3 75 3 0 0
ST_DELIB 261 7 1 2 3 10 3 0 0
ST_DELIB 262 7 1 2 3 10 3 0 0
ST_DELIB 263 7 1 2 3 75 3 0 0
ST_DELIB 264 7 1 2 3 10 3 0 0
ST_DELIB 265 7 1 2 3 10 3 0 0
ST_DELIB 266 7 1 2 3 10 3 0 0
ST_DELIB 267 7 1 2 3 75 3 0 0
ST_DELIB 268 17 3 1 1 80 4 4 1
ST_DELIB 269 20 3 1 1 80 4 2 1
ST_DELIB 269 17 1 2 3 75 3 0 0
ST_DELIB 270 17 1 2 3 75 3 0 0
ST_DELIB 271 17 1 2 3 10 3 0 0
ST_DELIB 272 17 1 2 3 10 3 0 0
ST_DELIB 273 17 1 2 3 75 3 0 0
ST_DELIB 274 17 1 2 3 10 3 0 0
ST_TS 275 32 571 128 579 32 213 0 24 82 0 0 0 81 32 1600 32
ST_DELIB 275 17 1 2 3 10 3 0 0
ST_DELIB 276 17 1 2 3 10 3 0 0
ST_DELIB 277 7 1 2 3 75 3 0 0
ST_DELIB 278 29 3 1 1 80 4 2 1
ST_DELIB 278 7 1 2 3 75 3 0 0
ST_DELIB 279 7 1 2 3 75 3 0 0
ST_DELIB 280 7 1 2 3 75 3 0 0
ST_DELIB 281 7 1 2 3 10 3 0 0
ST_DELIB 282 9 3 1 1 80 4 3 1
ST_DELIB 282 7 1 2 3 10 3 0 0
ST_DELIB 283 10 3 1 1 80 4 3 1
ST_DELIB 283 7 1 2 3 75 3 0 0
ST_DELIB 284 11 3 1 1 80 4 3 1
ST_DELIB 284 7 1 2 3 10 3 0 0
ST_DELIB 285 7 1 2 3 10 3 0 0
ST_DELIB 286 7 1 2 3 10 3 0 0
ST_DELIB 287 7 1 2 3 75 3 0 0
ST_DELIB 288 7 1 2 3 75 3 0 0
ST_DELIB 289 7 1 2 3 75 3 0 0
ST_DELIB 290 7 1 2 3 75 3 0 0
ST_DELIB 291 7 1 2 3 10 3 0 0
ST_DELIB 292 7 1 2 3 10 3 0 0
ST_DELIB 293 7 1 2 3 75 3 0 0
ST_DELIB 294 20 3 1 1 80 4 3 1
ST_DELIB 294 7 1 2 3 10 3 0 0
ST_DELIB 295 7 1 2 3 10 3 0 0
ST_DELIB 296 7 1 2 3 10 3 0 0
ST_DELIB 297 7 1 2 3 75 3 0 0
ST_DELIB 298 7 1 2 3 75 3 0 0
ST_DELIB 299 12 3 1 1 80 4 2 1
ST_DELIB 299 7 1 2 3 75 3 0 0
ST_TS 300 32 610 128 654 32 238 0 28 90 0 0 0 90 32 1600 32
ST_DELIB 300 7 1 2 3 75 3 0 0
ST_DELIB 301 7 1 2 3 10 3 0 0
ST_DELIB 302 7 1 2 3 10 3 0 0
ST_DELIB 303 29 3 1 1 80 4 3 1
ST_DELIB 303 7 1 2 3 75 3 0 0
ST_DELIB 304 7 1 2 3 10 3 0 0
ST_DELIB 305 7 1 2 3 10 3 0 0
ST_DELIB 306 7 1 2 3 10 3 0 0
ST_DELIB 307 2 3 1 1 80 4 2 1
ST_DELIB 307 9 3 1 1 80 4 4 1
ST_DELIB 308 3 3 1 1 80 4 2 1
ST_DELIB 308 10 3 1 1 80 4 4 1
ST_DELIB 309 27 3 1 1 80 4 2 1
ST_DELIB 309 11 3 1 1 80 4 4 1
ST_DELIB 310 7 1 2 3 75 3 0 0
ST_DELIB 311 7 1 2 3 10 3 0 0
ST_DELIB 312 7 1 2 3 10 3 0 0
ST_DELIB 313 7 1 2 3 75 3 0 0
ST_DELIB 314 7 1 2 3 10 3 0 0
ST_DELIB 315 7 1 2 3 10 3 0 0
ST_DELIB 316 7 1 2 3 10 3 0 0
ST_DELIB 317 7 1 2 3 75 3 0 0
ST_DELIB 318 7 1 2 3 75 3 0 0
ST_DELIB 319 20 3 1 1 80 4 4 1
ST_DELIB 320 20 1 2 3 75 3 0 0
ST_DELIB 321 20 1 2 3 10 3 0 0
ST_DELIB 322 20 1 2 3 10 3 0 0
ST_DELIB 323 20 1 2 3 75 3 0 0
ST_DELIB 324 12 3 1 1 80 4 3 1
ST_DELIB 324 20 1 2 3 10 3 0 0
ST_TS 325 32 657 144 717 36 259 0 25 97 0 0 0 96 36 1800 36
ST_DELIB 325 20 1 2 3 10 3 0 0
ST_DELIB 326 20 1 2 3 10 3 0 0
ST_DELIB 327 20 1 2 3 75 3 0 0
ST_DELIB 328 29 3 1 1 80 4 4 1
ST_DELIB 329 29 1 2 3 75 3 0 0
ST_DELIB 330 29 1 2 3 75 3 0 0
ST_DELIB 331 29 1 2 3 10 3 0 0
ST_DELIB 332 2 3 1 1 80 4 3 1
ST_DELIB 332 29 1 2 3 10 3 0 0
ST_DELIB 333 3 3 1 1 80 4 3 1
ST_DELIB 333 29 1 2 3 75 3 0 0
ST_DELIB 334 27 3 1 1 80 4 3 1
ST_DELIB 334 29 1 2 3 10 3 0 0
ST_DELIB 335 29 1 2 3 10 3 0 0
ST_DELIB 336 29 1 2 3 10 3 0 0
ST_DELIB 337 7 1 2 3 75 3 0 0
ST_DELIB 338 7 1 2 3 75 3 0 0
ST_DELIB 339 7 1 2 3 75 3 0 0
ST_DELIB 340 7 1 2 3 75 3 0 0
ST_DELIB 341 7 1 2 3 10 3 0 0
ST_DELIB 342 7 1 2 3 10 3 0 0
ST_DELIB 343 7 1 2 3 75 3 0 0
ST_DELIB 344 7 1 2 3 10 3 0 0
ST_DELIB 345 7 1 2 3 10 3 0 0
ST_DELIB 346 7 1 2 3 10 3 0 0
ST_DELIB 347 7 1 2 3 75 3 0 0
ST_DELIB 348 7 1 2 3 75 3 0 0
ST_DELIB 349 12 3 1 1 80 4 4 1
ST_TS 350 32 698 152 786 38 282 0 26 105 0 0 0 105 38 1900 38
ST_DELIB 350 12 1 2 3 75 3 0 0
ST_DELIB 351 12 1 2 3 10 3 0 0
ST_DELIB 352 12 1 2 3 10 3 0 0
ST_DELIB 353 12 1 2 3 75 3 0 0
ST_DELIB 354 12 1 2 3 10 3 0 0
ST_DELIB 355 12 1 2 3 10 3 0 0
ST_DELIB 356 12 1 2 3 10 3 0 0
ST_DELIB 357 9 3 1 1 80 4 2 1
ST_DELIB 357 2 3 1 1 80 4 4 1
ST_DELIB 358 10 3 1 1 80 4 2 1
ST_DELIB 358 3 3 1 1 80 4 4 1
ST_DELIB 359 11 3 1 1 80 4 2 1
ST_DELIB 359 27 3 1 1 80 4 4 1
ST_DELIB 360 12 1 2 3 75 3 0 0
ST_DELIB 361 12 1 2 3 10 3 0 0
ST_DELIB 362 12 1 2 3 10 3 0 0
ST_DELIB 363 12 1 2 3 75 3 0 0
ST_DELIB 364 12 1 2 3 10 3 0 0
ST_DELIB 365 12 1 2 3 10 3 0 0
ST_DELIB 366 12 1 2 3 10 3 0 0
ST_DELIB 367 7 1 2 3 75 3 0 0
ST_DELIB 368 7 1 2 3 75 3 0 0
ST_DELIB 369 7 1 2 3 75 3 0 0
ST_DELIB 370 7 1 2 3 75 3 0 0
ST_DELIB 371 7 1 2 3 10 3 0 0
ST_DELIB 372 7 1 2 3 10 3 0 0
ST_DELIB 373 7 1 2 3 75 3 0 0
ST_DELIB 374 7 1 2 3 10 3 0 0
ST_TS 375 32 741 164 852 41 304 0 25 112 0 0 0 111 41 2050 41
ST_DELIB 375 7 1 2 3 10 3 0 0
ST_DELIB 376 7 1 2 3 10 3 0 0
ST_DELIB 377 20 3 1 1 80 4 2 1
ST_DELIB 377 7 1 2 3 75 3 0 0
ST_DELIB 378 7 1 2 3 75 3 0 0
ST_DELIB 379 7 1 2 3 75 3 0 0
ST_DELIB 380 7 1 2 3 75 3 0 0
ST_DELIB 381 7 1 2 3 10 3 0 0
ST_DELIB 382 9 3 1 1 80 4 3 1
ST_DELIB 382 7 1 2 3 10 3 0 0
ST_DELIB 383 10 3 1 1 80 4 3 1
ST_DELIB 383 7 1 2 3 75 3 0 0
ST_DELIB 384 11 3 1 1 80 4 3 1
ST_DELIB 384 7 1 2 3 10 3 0 0
ST_DELIB 385 7 1 2 3 10 3 0 0
ST_DELIB 386 7 1 2 3 10 3 0 0
ST_DELIB 387 7 1 2 3 75 3 0 0
ST_DELIB 388 7 1 2 3 75 3 0 0
ST_DELIB 389 7 1 2 3 75 3 0 0
ST_DELIB 390 7 1 2 3 75 3 0 0
ST_DELIB 391 7 1 2 3 10 3 0 0
ST_DELIB 392 7 1 2 3 10 3 0 0
ST_DELIB 393 7 1 2 3 75 3 0 0
ST_DELIB 394 7 1 2 3 10 3 0 0
ST_DELIB 395 7 1 2 3 10 3 0 0
ST_DELIB 396 7 1 2 3 10 3 0 0
ST_DELIB 397 7 1 2 3 75 3 0 0
ST_DELIB 398 7 1 2 3 75 3 0 0
ST_DELIB 399 7 1 2 3 75 3 0 0
ST_TS 400 32 778 164 927 41 329 0 29 120 0 0 0 120 41 2050 41
ST_DELIB 400 7 1 2 3 75 3 0 0
ST_DELIB 401 7 1 2 3 10 3 0 0
ST_DELIB 402 20 3 1 1 80 4 3 1
ST_DELIB 402 7 1 2 3 10 3 0 0
ST_DELIB 403 7 1 2 3 75 3 0 0
ST_DELIB 404 7 1 2 3 10 3 0 0
ST_DELIB 405 7 1 2 3 10 3 0 0
ST_DELIB 406 7 1 2 3 10 3 0 0
ST_DELIB 407 2 3 1 1 80 4 2 1
ST_DELIB 407 9 3 1 1 80 4 4 1
ST_DELIB 408 3 3 1 1 80 4 2 1
ST_DELIB 408 10 3 1 1 80 4 4 1
ST_DELIB 409 27 3 1 1 80 4 2 1
ST_DELIB 409 11 3 1 1 80 4 4 1
ST_DELIB 410 7 1 2 3 75 3 0 0
ST_DELIB 411 7 1 2 3 10 3 0 0
ST_DELIB 412 7 1 2 3 10 3 0 0
ST_DELIB 413 7 1 2 3 75 3 0 0
ST_DELIB 414 7 1 2 3 10 3 0 0
ST_DELIB 415 7 1 2 3 10 3 0 0
ST_DELIB 416 7 1 2 3 10 3 0 0
ST_DELIB 417 7 1 2 3 75 3 0 0
ST_DELIB 418 7 1 2 3 75 3 0 0
ST_DELIB 419 7 1 2 3 75 3 0 0
ST_DELIB 420 7 1 2 3 75 3 0 0
ST_DELIB 421 7 1 2 3 10 3 0 0
ST_DELIB 422 7 1 2 3 10 3 0 0
ST_DELIB 423 7 1 2 3 75 3 0 0
ST_DELIB 424 7 1 2 3 10 3 0 0
ST_TS 425 32 820 176 993 44 351 0 26 127 0 0 0 126 44 2200 44
ST_DELIB 425 7 1 2 3 10 3 0 0
ST_DELIB 426 7 1 2 3 10 3 0 0
ST_DELIB 427 20 3 1 1 80 4 4 1
ST_DELIB 428 20 1 2 3 75 3 0 0
ST_DELIB 429 20 1 2 3 75 3 0 0
ST_DELIB 430 7 1 2 3 75 3 0 0
ST_DELIB 431 7 1 2 3 10 3 0 0
ST_DELIB 432 2 3 1 1 80 4 3 1
ST_DELIB 432 7 1 2 3 10 3 0 0
ST_DELIB 433 3 3 1 1 80 4 3 1
ST_DELIB 433 7 1 2 3 75 3 0 0
ST_DELIB 434 27 3 1 1 80 4 3 1
ST_DELIB 434 7 1 2 3 10 3 0 0
ST_DELIB 435 7 1 2 3 10 3 0 0
ST_DELIB 436 7 1 2 3 10 3 0 0
ST_DELIB 437 7 1 2 3 75 3 0 0
ST_DELIB 438 7 1 2 3 75 3 0 0
ST_DELIB 439 7 1 2 3 75 3 0 0
ST_DELIB 440 7 1 2 3 75 3 0 0
ST_DELIB 441 7 1 2 3 10 3 0 0
ST_DELIB 442 7 1 2 3 10 3 0 0
ST_DELIB 443 7 1 2 3 75 3 0 0
ST_DELIB 444 7 1 2 3 10 3 0 0
ST_DELIB 445 7 1 2 3 10 3 0 0
ST_DELIB 446 7 1 2 3 10 3 0 0
ST_DELIB 447 7 1 2 3 75 3 0 0
ST_DELIB 448 7 1 2 3 75 3 0 0
ST_DELIB 449 7 1 2 3 75 3 0 0
ST_TS 450 32 857 180 1065 45 375 0 28 135 0 0 0 135 45 2250 45
ST_DELIB 450 7 1 2 3 75 3 0 0
ST_DELIB 451 7 1 2 3 10 3 0 0
ST_DELIB 452 7 1 2 3 10 3 0 0
ST_DELIB 453 7 1 2 3 75 3 0 0
ST_DELIB 454 7 1 2 3 10 3 0 0
ST_DELIB 455 7 1 2 3 10 3 0 0
ST_DELIB 456 7 1 2 3 10 3 0 0
ST_DELIB 457 9 3 1 1 80 4 2 1
ST_DELIB 457 2 3 1 1 80 4 4 1
ST_DELIB 458 10 3 1 1 80 4 2 1
ST_DELIB 458 3 3 1 1 80 4 4 1
ST_DELIB 459 11 3 1 1 80 4 2 1
ST_DELIB 459 27 3 1 1 80 4 4 1
ST_DELIB 460 7 1 2 3 75 3 0 0
ST_DELIB 461 7 1 2 3 10 3 0 0
ST_DELIB 462 7 1 2 3 10 3 0 0
ST_DELIB 463 7 1 2 3 75 3 0 0
ST_DELIB 464 7 1 2 3 10 3 0 0
ST_DELIB 465 7 1 2 3 10 3 0 0
ST_DELIB 466 7 1 2 3 10 3 0 0
ST_DELIB 467 7 1 2 3 75 3 0 0
ST_DELIB 468 7 1 2 3 75 3 0 0
ST_DELIB 469 7 1 2 3 75 3 0 0
ST_DELIB 470 7 1 2 3 75 3 0 0
ST_DELIB 471 7 1 2 3 10 3 0 0
ST_DELIB 472 7 1 2 3 10 3 0 0
ST_DELIB 473 7 1 2 3 75 3 0 0
ST_DELIB 474 7 1 2 3 10 3 0 0
ST_TS 475 32 899 192 1131 48 397 0 26 142 0 0 0 141 48 2400 48
ST_DELIB 475 7 1 2 3 10 3 0 0
ST_DELIB 476 7 1 2 3 10 3 0 0
ST_DELIB 477 7 1 2 3 75 3 0 0
ST_DELIB 478 7 1 2 3 75 3 0 0
ST_DELIB 479 20 3 1 1 80 4 2 1
ST_DELIB 479 7 1 2 3 75 3 0 0
ST_DELIB 480 7 1 2 3 75 3 0 0
ST_DELIB 481 7 1 2 3 10 3 0 0
ST_DELIB 482 9 3 1 1 80 4 3 1
ST_DELIB 482 7 1 2 3 10 3 0 0
ST_DELIB 483 10 3 1 1 80 4 3 1
ST_DELIB 483 7 1 2 3 75 3 0 0
ST_DELIB 484 11 3 1 1 80 4 3 1
ST_DELIB 484 7 1 2 3 10 3 0 0
ST_DELIB 485 7 1 2 3 10 3 0 0
ST_DELIB 486 7 1 2 3 10 3 0 0
ST_DELIB 487 7 1 2 3 75 3 0 0
ST_DELIB 488 7 1 2 3 75 3 0 0
ST_DELIB 489 7 1 2 3 75 3 0 0
ST_DELIB 490 7 1 2 3 75 3 0 0
ST_DELIB 491 7 1 2 3 10 3 0 0
ST_DELIB 492 7 1 2 3 10 3 0 0
ST_DELIB 493 7 1 2 3 75 3 0 0
ST_DELIB 494 7 1 2 3 10 3 0 0
ST_DELIB 495 7 1 2 3 10 3 0 0
ST_DELIB 496 7 1 2 3 10 3 0 0
ST_DELIB 497 7 1 2 3 75 3 0 0
ST_DELIB 498 7 1 2 3 75 3 0 0
ST_DELIB 499 7 1 2 3 75 3 0 0
ST_TS 500 32 934 192 1206 48 422 0 29 150 0 0 0 150 48 2400 48
ST_CELL 10 1 5 0
ST_AUDIT_N 934
ST_DROPS 0
ST_ABANDONS 0
ST_ABANDON_Q 0 0 0 0
ST_METRIC 2 48 48
ST_METRIC 7 75 1
ST_METRIC 6 0 22
ST_A_SUMMARY 48 422 0 192 1206
ST_LEDGER 934 78456
CL_CHECK,ck_replay,0,0
CL_CHECK,ck_refusals_clean,0,0
CL_CHECK,ck_core_live,1,1
CL_CHECK,ck_strength_lineage,1,1
CL_CHECK,ck_strength_lineage,1,1
CL_CHECK,ck_strength_lineage,1,1
CL_CHECK,ck_strength_lineage,1,1
CL_CHECK,ck_strength_lineage,1,1
CL_CHECK,ck_strength_lineage,1,1
CL_CHECK,ck_strength_lineage,1,1
CL_CHECK,ck_strength_lineage,1,1
CL_CHECK,ck_strength_lineage,1,1
CL_CHECK,ck_strength_lineage,1,1
CL_CHECK,ck_strength_lineage,1,1
CL_CHECK,ck_strength_lineage,1,1
CL_CHECK,ck_strength_lineage,1,1
CL_CHECK,ck_strength_lineage,1,1
CL_CHECK,ck_strength_lineage,1,1
CL_CHECK,ck_strength_lineage,1,1
CL_CHECK,ck_strength_lineage,1,1
CL_CHECK,ck_strength_lineage,1,1
CL_CHECK,ck_strength_lineage,1,1
CL_CHECK,ck_strength_lineage,1,1
CL_CHECK,ck_strength_lineage,1,1
CL_CHECK,ck_strength_lineage,1,1
CL_CHECK,ck_strength_lineage,1,1
CL_CHECK,ck_strength_lineage,1,1
CL_CHECK,ck_strength_lineage,1,1
CL_CHECK,ck_strength_lineage,1,1
CL_CHECK,ck_strength_lineage,1,1
CL_CHECK,ck_strength_lineage,1,1
CL_CHECK,ck_strength_lineage,1,1
CL_CHECK,ck_strength_lineage,1,1
CL_CHECK,ck_strength_lineage,1,1
CL_CHECK,ck_strength_lineage,1,1
CL_CHECK,ck_strength_lineage,1,1
CL_CHECK,ck_strength_lineage,1,1
CL_CHECK,ck_strength_lineage,1,1
CL_CHECK,ck_strength_lineage,1,1
CL_CHECK,ck_strength_lineage,1,1
CL_CHECK,ck_strength_lineage,1,1
CL_CHECK,ck_strength_lineage,1,1
CL_CHECK,ck_strength_lineage,1,1
CL_CHECK,ck_strength_lineage,1,1
CL_CHECK,ck_strength_lineage,1,1
CL_CHECK,ck_strength_lineage,1,1
CL_CHECK,ck_strength_lineage,1,1
CL_CHECK,ck_strength_lineage,1,1
CL_CHECK,ck_strength_lineage,1,1
CL_CHECK,ck_strength_lineage,1,1
CL_CHECK,ck_strength_lineage,1,1
CL_CHECK,ck_strength_lineage,1,1
CL_CHECK,ck_strength_lineage,1,1
CL_CHECK,ck_strength_lineage,1,1
CL_CHECK,ck_strength_lineage,1,1
CL_CHECK,ck_strength_lineage,1,1
CL_CHECK,ck_strength_lineage,1,1
CL_CHECK,ck_strength_lineage,1,1
CL_CHECK,ck_strength_lineage,1,1
CL_CHECK,ck_strength_lineage,1,1
CL_CHECK,ck_strength_lineage,1,1
CL_CHECK,ck_strength_lineage,1,1
CL_CHECK,ck_strength_lineage,1,1
CL_CHECK,ck_strength_lineage,1,1
CL_CHECK,ck_strength_lineage,1,1
CL_CHECK,ck_strength_lineage,1,1
CL_CHECK,ck_strength_lineage,1,1
CL_CHECK,ck_strength_lineage,1,1
CL_CHECK,ck_strength_lineage,1,1
CL_CHECK,ck_strength_lineage,1,1
CL_CHECK,ck_strength_lineage,1,1
CL_CHECK,ck_strength_lineage,1,1
CL_CHECK,ck_strength_lineage,1,1
CL_CHECK,ck_strength_lineage,1,1
CL_CHECK,ck_strength_lineage,1,1
CL_CHECK,ck_strength_lineage,1,1
CL_CHECK,ck_strength_lineage,1,1
CL_CHECK,ck_strength_lineage,1,1
CL_CHECK,ck_strength_lineage,1,1
CL_CHECK,ck_strength_lineage,1,1
CL_CHECK,ck_strength_lineage,1,1
CL_CHECK,ck_strength_lineage,1,1
CL_CHECK,ck_strength_lineage,1,1
CL_CHECK,ck_strength_lineage,1,1
CL_CHECK,ck_strength_lineage,1,1
CL_CHECK,ck_strength_lineage,1,1
CL_CHECK,ck_strength_lineage,1,1
CL_CHECK,ck_strength_lineage,1,1
CL_CHECK,ck_strength_lineage,1,1
CL_CHECK,ck_strength_lineage,1,1
CL_CHECK,ck_strength_lineage,1,1
CL_CHECK,ck_strength_lineage,1,1
CL_CHECK,ck_strength_lineage,1,1
CL_CHECK,ck_strength_lineage,1,1
CL_CHECK,ck_strength_lineage,1,1
CL_CHECK,ck_strength_lineage,1,1
CL_CHECK,ck_strength_lineage,1,1
CL_CHECK,ck_strength_lineage,1,1
CL_CHECK,ck_strength_lineage,1,1
CL_CHECK,ck_strength_lineage,1,1
CL_CHECK,ck_strength_lineage,1,1
CL_CHECK,ck_strength_lineage,1,1
CL_CHECK,ck_strength_lineage,1,1
CL_CHECK,ck_strength_lineage,1,1
CL_CHECK,ck_strength_lineage,1,1
CL_CHECK,ck_strength_lineage,1,1
CL_CHECK,ck_strength_lineage,1,1
CL_CHECK,ck_strength_lineage,1,1
CL_CHECK,ck_strength_lineage,1,1
CL_CHECK,ck_strength_lineage,1,1
CL_CHECK,ck_strength_lineage,1,1
CL_CHECK,ck_strength_lineage,1,1
CL_CHECK,ck_strength_lineage,1,1
CL_CHECK,ck_strength_lineage,1,1
CL_CHECK,ck_strength_lineage,1,1
CL_CHECK,ck_strength_lineage,1,1
CL_CHECK,ck_strength_lineage,1,1
CL_CHECK,ck_strength_lineage,1,1
CL_CHECK,ck_strength_lineage,1,1
CL_CHECK,ck_strength_lineage,1,1
CL_CHECK,ck_strength_lineage,1,1
CL_CHECK,ck_strength_lineage,1,1
CL_CHECK,ck_strength_lineage,1,1
CL_CHECK,ck_strength_lineage,1,1
CL_CHECK,ck_strength_lineage,1,1
CL_CHECK,ck_strength_lineage,1,1
CL_CHECK,ck_strength_lineage,1,1
CL_CHECK,ck_strength_lineage,1,1
CL_CHECK,ck_strength_lineage,1,1
CL_CHECK,ck_strength_lineage,1,1
CL_CHECK,ck_strength_lineage,1,1
CL_CHECK,ck_strength_lineage,1,1
CL_CHECK,ck_strength_lineage,1,1
CL_CHECK,ck_strength_lineage,1,1
CL_CHECK,ck_strength_lineage,1,1
CL_CHECK,ck_strength_lineage,1,1
CL_CHECK,ck_strength_lineage,1,1
CL_CHECK,ck_strength_lineage,1,1
CL_CHECK,ck_strength_lineage,1,1
CL_CHECK,ck_strength_lineage,1,1
CL_CHECK,ck_strength_lineage,1,1
CL_CHECK,ck_strength_lineage,1,1
CL_CHECK,ck_strength_lineage,1,1
CL_CHECK,ck_strength_lineage,1,1
CL_CHECK,ck_strength_lineage,1,1
CL_CHECK,ck_strength_lineage,1,1
CL_CHECK,ck_strength_lineage,1,1
CL_CHECK,ck_strength_lineage,1,1
CL_CHECK,ck_strength_lineage,1,1
CL_CHECK,ck_strength_lineage,1,1
CL_CHECK,ck_strength_lineage,1,1
CL_CHECK,ck_strength_lineage,1,1
CL_CHECK,ck_strength_lineage,1,1
CL_CHECK,ck_strength_lineage,1,1
CL_CHECK,ck_strength_lineage,1,1
CL_CHECK,ck_strength_lineage,1,1
CL_CHECK,ck_strength_lineage,1,1
CL_CHECK,ck_strength_lineage,1,1
CL_CHECK,ck_strength_lineage,1,1
CL_CHECK,ck_strength_lineage,1,1
CL_CHECK,ck_strength_lineage,1,1
CL_CHECK,ck_strength_lineage,1,1
CL_CHECK,ck_strength_lineage,1,1
CL_CHECK,ck_strength_lineage,1,1
CL_CHECK,ck_strength_lineage,1,1
CL_CHECK,ck_strength_lineage,1,1
CL_CHECK,ck_strength_lineage,1,1
CL_CHECK,ck_strength_lineage,1,1
CL_CHECK,ck_strength_lineage,1,1
CL_CHECK,ck_strength_lineage,1,1
CL_CHECK,ck_strength_lineage,1,1
CL_CHECK,ck_strength_lineage,1,1
CL_CHECK,ck_strength_lineage,1,1
CL_CHECK,ck_strength_lineage,1,1
CL_CHECK,ck_strength_lineage,1,1
CL_CHECK,ck_strength_lineage,1,1
CL_CHECK,ck_strength_lineage,1,1
CL_CHECK,ck_strength_lineage,1,1
CL_CHECK,ck_strength_lineage,1,1
CL_CHECK,ck_strength_lineage,1,1
CL_CHECK,ck_strength_lineage,1,1
CL_CHECK,ck_strength_lineage,1,1
CL_CHECK,ck_strength_lineage,1,1
CL_CHECK,ck_strength_lineage,1,1
CL_CHECK,ck_strength_lineage,1,1
CL_CHECK,ck_strength_lineage,1,1
CL_CHECK,ck_strength_lineage,1,1
CL_CHECK,ck_strength_lineage,1,1
CL_CHECK,ck_strength_lineage,1,1
CL_CHECK,ck_strength_lineage,1,1
CL_CHECK,ck_strength_lineage,1,1
CL_CHECK,ck_strength_lineage,1,1
CL_CHECK,ck_strength_lineage,1,1
CL_CHECK,ck_strength_lineage,1,1
CL_CHECK,ck_strength_lineage,1,1
CL_CHECK,ck_strength_lineage,1,1
CL_CHECK,ck_strength_lineage,1,1
CL_CHECK,ck_strength_lineage,1,1
CL_CHECK,ck_strength_lineage,1,1
CL_CHECK,ck_strength_lineage,1,1
CL_CHECK,ck_strength_lineage,1,1
CL_CHECK,ck_strength_lineage,1,1
CL_CHECK,ck_strength_lineage,1,1
CL_CHECK,ck_strength_lineage,1,1
CL_CHECK,ck_strength_lineage,1,1
CL_CHECK,ck_strength_lineage,1,1
CL_CHECK,ck_strength_lineage,1,1
CL_CHECK,ck_strength_lineage,1,1
CL_CHECK,ck_strength_lineage,1,1
CL_CHECK,ck_strength_lineage,1,1
CL_CHECK,ck_strength_lineage,1,1
CL_CHECK,ck_strength_lineage,1,1
CL_CHECK,ck_strength_lineage,1,1
CL_CHECK,ck_strength_lineage,1,1
CL_CHECK,ck_strength_lineage,1,1
CL_CHECK,ck_strength_lineage,1,1
CL_CHECK,ck_strength_lineage,1,1
CL_CHECK,ck_strength_lineage,1,1
CL_CHECK,ck_strength_lineage,1,1
CL_CHECK,ck_strength_lineage,1,1
CL_CHECK,ck_strength_lineage,1,1
CL_CHECK,ck_strength_lineage,1,1
CL_CHECK,ck_strength_lineage,1,1
CL_CHECK,ck_strength_lineage,1,1
CL_CHECK,ck_strength_lineage,1,1
CL_CHECK,ck_strength_lineage,1,1
CL_CHECK,ck_strength_lineage,1,1
CL_CHECK,ck_strength_lineage,1,1
CL_CHECK,ck_strength_lineage,1,1
CL_CHECK,ck_strength_lineage,1,1
CL_CHECK,ck_strength_lineage,1,1
CL_CHECK,ck_strength_lineage,1,1
CL_CHECK,ck_strength_lineage,1,1
CL_CHECK,ck_strength_lineage,1,1
CL_CHECK,ck_strength_lineage,1,1
CL_CHECK,ck_strength_lineage,1,1
CL_CHECK,ck_strength_lineage,1,1
CL_CHECK,ck_strength_lineage,1,1
CL_CHECK,ck_strength_lineage,1,1
CL_CHECK,ck_strength_lineage,1,1
CL_CHECK,ck_strength_lineage,1,1
CL_CHECK,ck_strength_lineage,1,1
CL_CHECK,ck_strength_lineage,1,1
CL_CHECK,ck_strength_lineage,1,1
CL_CHECK,ck_strength_lineage,1,1
CL_CHECK,ck_strength_lineage,1,1
CL_CHECK,ck_strength_lineage,1,1
CL_CHECK,ck_strength_lineage,1,1
CL_CHECK,ck_strength_lineage,1,1
CL_CHECK,ck_strength_lineage,1,1
CL_CHECK,ck_strength_lineage,1,1
CL_CHECK,ck_strength_lineage,1,1
CL_CHECK,ck_strength_lineage,1,1
CL_CHECK,ck_strength_lineage,1,1
CL_CHECK,ck_strength_lineage,1,1
CL_CHECK,ck_strength_lineage,1,1
CL_CHECK,ck_strength_lineage,1,1
CL_CHECK,ck_strength_lineage,1,1
CL_CHECK,ck_strength_lineage,1,1
CL_CHECK,ck_strength_lineage,1,1
CL_CHECK,ck_strength_lineage,1,1
CL_CHECK,ck_strength_lineage,1,1
CL_CHECK,ck_strength_lineage,1,1
CL_CHECK,ck_strength_lineage,1,1
CL_CHECK,ck_strength_lineage,1,1
CL_CHECK,ck_strength_lineage,1,1
CL_CHECK,ck_strength_lineage,1,1
CL_CHECK,ck_strength_lineage,1,1
CL_CHECK,ck_strength_lineage,1,1
CL_CHECK,ck_strength_lineage,1,1
CL_CHECK,ck_strength_lineage,1,1
CL_CHECK,ck_strength_lineage,1,1
CL_CHECK,ck_strength_lineage,1,1
CL_CHECK,ck_strength_lineage,1,1
CL_CHECK,ck_strength_lineage,1,1
CL_CHECK,ck_strength_lineage,1,1
CL_CHECK,ck_strength_lineage,1,1
CL_CHECK,ck_strength_lineage,1,1
CL_CHECK,ck_strength_lineage,1,1
CL_CHECK,ck_strength_lineage,1,1
CL_CHECK,ck_strength_lineage,1,1
CL_CHECK,ck_strength_lineage,1,1
CL_CHECK,ck_strength_lineage,1,1
CL_CHECK,ck_strength_lineage,1,1
CL_CHECK,ck_strength_lineage,1,1
CL_CHECK,ck_strength_lineage,1,1
CL_CHECK,ck_strength_lineage,1,1
CL_CHECK,ck_strength_lineage,1,1
CL_CHECK,ck_strength_lineage,1,1
CL_CHECK,ck_strength_lineage,1,1
CL_CHECK,ck_strength_lineage,1,1
CL_CHECK,ck_strength_lineage,1,1
CL_CHECK,ck_strength_lineage,1,1
CL_CHECK,ck_strength_lineage,1,1
CL_CHECK,ck_strength_lineage,1,1
CL_CHECK,ck_strength_lineage,1,1
CL_CHECK,ck_strength_lineage,1,1
CL_CHECK,ck_strength_lineage,1,1
CL_CHECK,ck_strength_lineage,1,1
CL_CHECK,ck_strength_lineage,1,1
CL_CHECK,ck_strength_lineage,1,1
CL_CHECK,ck_strength_lineage,1,1
CL_CHECK,ck_strength_lineage,1,1
CL_CHECK,ck_strength_lineage,1,1
CL_CHECK,ck_strength_lineage,1,1
CL_CHECK,ck_strength_lineage,1,1
CL_CHECK,ck_strength_lineage,1,1
CL_CHECK,ck_strength_lineage,1,1
CL_CHECK,ck_strength_lineage,1,1
CL_CHECK,ck_strength_lineage,1,1
CL_CHECK,ck_strength_lineage,1,1
CL_CHECK,ck_strength_lineage,1,1
CL_CHECK,ck_strength_lineage,1,1
CL_CHECK,ck_strength_lineage,1,1
CL_CHECK,ck_strength_lineage,1,1
CL_CHECK,ck_strength_lineage,1,1
CL_CHECK,ck_strength_lineage,1,1
CL_CHECK,ck_strength_lineage,1,1
CL_CHECK,ck_strength_lineage,1,1
CL_CHECK,ck_strength_lineage,1,1
CL_CHECK,ck_strength_lineage,1,1
CL_CHECK,ck_strength_lineage,1,1
CL_CHECK,ck_strength_lineage,1,1
CL_CHECK,ck_strength_lineage,1,1
CL_CHECK,ck_strength_lineage,1,1
CL_CHECK,ck_strength_lineage,1,1
CL_CHECK,ck_strength_lineage,1,1
CL_CHECK,ck_strength_lineage,1,1
CL_CHECK,ck_strength_lineage,1,1
CL_CHECK,ck_strength_lineage,1,1
CL_CHECK,ck_strength_lineage,1,1
CL_CHECK,ck_strength_lineage,1,1
CL_CHECK,ck_strength_lineage,1,1
CL_CHECK,ck_strength_lineage,1,1
CL_CHECK,ck_strength_lineage,1,1
CL_CHECK,ck_strength_lineage,1,1
CL_CHECK,ck_strength_lineage,1,1
CL_CHECK,ck_strength_lineage,1,1
CL_CHECK,ck_strength_lineage,1,1
CL_CHECK,ck_strength_lineage,1,1
CL_CHECK,ck_strength_lineage,1,1
CL_CHECK,ck_strength_lineage,1,1
CL_CHECK,ck_strength_lineage,1,1
CL_CHECK,ck_strength_lineage,1,1
CL_CHECK,ck_strength_lineage,1,1
CL_CHECK,ck_strength_lineage,1,1
CL_CHECK,ck_strength_lineage,1,1
CL_CHECK,ck_strength_lineage,1,1
CL_CHECK,ck_strength_lineage,1,1
CL_CHECK,ck_strength_lineage,1,1
CL_CHECK,ck_strength_lineage,1,1
CL_CHECK,ck_strength_lineage,1,1
CL_CHECK,ck_strength_lineage,1,1
CL_CHECK,ck_strength_lineage,1,1
CL_CHECK,ck_strength_lineage,1,1
CL_CHECK,ck_strength_lineage,1,1
CL_CHECK,ck_strength_lineage,1,1
CL_CHECK,ck_strength_lineage,1,1
CL_CHECK,ck_strength_lineage,1,1
CL_CHECK,ck_strength_lineage,1,1
CL_CHECK,ck_strength_lineage,1,1
CL_CHECK,ck_strength_lineage,1,1
CL_CHECK,ck_strength_lineage,1,1
CL_CHECK,ck_strength_lineage,1,1
CL_CHECK,ck_strength_lineage,1,1
CL_CHECK,ck_strength_lineage,1,1
CL_CHECK,ck_strength_lineage,1,1
CL_CHECK,ck_strength_lineage,1,1
CL_CHECK,ck_strength_lineage,1,1
CL_CHECK,ck_strength_lineage,1,1
CL_CHECK,ck_strength_lineage,1,1
CL_CHECK,ck_strength_lineage,1,1
CL_CHECK,ck_strength_lineage,1,1
CL_CHECK,ck_strength_lineage,1,1
CL_CHECK,ck_strength_lineage,1,1
CL_CHECK,ck_strength_lineage,1,1
CL_CHECK,ck_strength_lineage,1,1
CL_CHECK,ck_strength_lineage,1,1
CL_CHECK,ck_strength_lineage,1,1
CL_CHECK,ck_strength_lineage,1,1
CL_CHECK,ck_strength_lineage,1,1
CL_CHECK,ck_strength_lineage,1,1
CL_CHECK,ck_strength_lineage,1,1
CL_CHECK,ck_strength_lineage,1,1
CL_CHECK,ck_strength_lineage,1,1
CL_CHECK,ck_strength_lineage,1,1
CL_CHECK,ck_strength_lineage,1,1
CL_CHECK,ck_strength_lineage,1,1
CL_CHECK,ck_strength_lineage,1,1
CL_CHECK,ck_strength_lineage,1,1
CL_CHECK,ck_strength_lineage,1,1
CL_CHECK,ck_strength_lineage,1,1
CL_CHECK,ck_strength_lineage,1,1
CL_CHECK,ck_strength_lineage,1,1
CL_CHECK,ck_strength_lineage,1,1
CL_CHECK,ck_strength_lineage,1,1
CL_CHECK,ck_strength_lineage,1,1
CL_CHECK,ck_strength_lineage,1,1
CL_CHECK,ck_strength_lineage,1,1
CL_CHECK,ck_strength_lineage,1,1
CL_CHECK,ck_strength_lineage,1,1
CL_CHECK,ck_strength_lineage,1,1
CL_CHECK,ck_strength_lineage,1,1
CL_CHECK,ck_strength_lineage,1,1
CL_CHECK,ck_strength_lineage,1,1
CL_CHECK,ck_strength_lineage,1,1
CL_CHECK,ck_strength_lineage,1,1
CL_CHECK,ck_strength_lineage,1,1
CL_CHECK,ck_strength_lineage,1,1
CL_CHECK,ck_strength_lineage,1,1
CL_CHECK,ck_strength_lineage,1,1
CL_CHECK,ck_strength_lineage,1,1
CL_CHECK,ck_strength_lineage,1,1
CL_CHECK,ck_strength_lineage,1,1
CL_CHECK,ck_strength_lineage,1,1
CL_CHECK,ck_strength_lineage,1,1
CL_CHECK,ck_strength_lineage,1,1
CL_CHECK,ck_strength_lineage,1,1
CL_CHECK,ck_strength_lineage,1,1
CL_CHECK,ck_del_cite_count,4,4
CL_CHECK,ck_del_cite_genuine,1,1
CL_CHECK,ck_del_cite_genuine,1,1
CL_CHECK,ck_del_cite_genuine,1,1
CL_CHECK,ck_del_cite_genuine,1,1
CL_CHECK,ck_del_cite_distinct,4,4
CL_CHECK,ck_del_justify,1,1
CL_CHECK,ck_del_cite_count,4,4
CL_CHECK,ck_del_cite_genuine,1,1
CL_CHECK,ck_del_cite_genuine,1,1
CL_CHECK,ck_del_cite_genuine,1,1
CL_CHECK,ck_del_cite_genuine,1,1
CL_CHECK,ck_del_cite_distinct,4,4
CL_CHECK,ck_del_justify,1,1
CL_CHECK,ck_del_cite_count,4,4
CL_CHECK,ck_del_cite_genuine,1,1
CL_CHECK,ck_del_cite_genuine,1,1
CL_CHECK,ck_del_cite_genuine,1,1
CL_CHECK,ck_del_cite_genuine,1,1
CL_CHECK,ck_del_cite_distinct,4,4
CL_CHECK,ck_del_justify,1,1
CL_CHECK,ck_del_cite_count,4,4
CL_CHECK,ck_del_cite_genuine,1,1
CL_CHECK,ck_del_cite_genuine,1,1
CL_CHECK,ck_del_cite_genuine,1,1
CL_CHECK,ck_del_cite_genuine,1,1
CL_CHECK,ck_del_cite_distinct,4,4
CL_CHECK,ck_del_justify,1,1
CL_CHECK,ck_del_cite_count,4,4
CL_CHECK,ck_del_cite_genuine,1,1
CL_CHECK,ck_del_cite_genuine,1,1
CL_CHECK,ck_del_cite_genuine,1,1
CL_CHECK,ck_del_cite_genuine,1,1
CL_CHECK,ck_del_cite_distinct,4,4
CL_CHECK,ck_del_justify,1,1
CL_CHECK,ck_del_cite_count,4,4
CL_CHECK,ck_del_cite_genuine,1,1
CL_CHECK,ck_del_cite_genuine,1,1
CL_CHECK,ck_del_cite_genuine,1,1
CL_CHECK,ck_del_cite_genuine,1,1
CL_CHECK,ck_del_cite_distinct,4,4
CL_CHECK,ck_del_justify,1,1
CL_CHECK,ck_del_cite_count,4,4
CL_CHECK,ck_del_cite_genuine,1,1
CL_CHECK,ck_del_cite_genuine,1,1
CL_CHECK,ck_del_cite_genuine,1,1
CL_CHECK,ck_del_cite_genuine,1,1
CL_CHECK,ck_del_cite_distinct,4,4
CL_CHECK,ck_del_justify,1,1
CL_CHECK,ck_del_cite_count,4,4
CL_CHECK,ck_del_cite_genuine,1,1
CL_CHECK,ck_del_cite_genuine,1,1
CL_CHECK,ck_del_cite_genuine,1,1
CL_CHECK,ck_del_cite_genuine,1,1
CL_CHECK,ck_del_cite_distinct,4,4
CL_CHECK,ck_del_justify,1,1
CL_CHECK,ck_del_cite_count,4,4
CL_CHECK,ck_del_cite_genuine,1,1
CL_CHECK,ck_del_cite_genuine,1,1
CL_CHECK,ck_del_cite_genuine,1,1
CL_CHECK,ck_del_cite_genuine,1,1
CL_CHECK,ck_del_cite_distinct,4,4
CL_CHECK,ck_del_justify,1,1
CL_CHECK,ck_del_cite_count,4,4
CL_CHECK,ck_del_cite_genuine,1,1
CL_CHECK,ck_del_cite_genuine,1,1
CL_CHECK,ck_del_cite_genuine,1,1
CL_CHECK,ck_del_cite_genuine,1,1
CL_CHECK,ck_del_cite_distinct,4,4
CL_CHECK,ck_del_justify,1,1
CL_CHECK,ck_del_cite_count,4,4
CL_CHECK,ck_del_cite_genuine,1,1
CL_CHECK,ck_del_cite_genuine,1,1
CL_CHECK,ck_del_cite_genuine,1,1
CL_CHECK,ck_del_cite_genuine,1,1
CL_CHECK,ck_del_cite_distinct,4,4
CL_CHECK,ck_del_justify,1,1
CL_CHECK,ck_del_cite_count,4,4
CL_CHECK,ck_del_cite_genuine,1,1
CL_CHECK,ck_del_cite_genuine,1,1
CL_CHECK,ck_del_cite_genuine,1,1
CL_CHECK,ck_del_cite_genuine,1,1
CL_CHECK,ck_del_cite_distinct,4,4
CL_CHECK,ck_del_justify,1,1
CL_CHECK,ck_del_cite_count,4,4
CL_CHECK,ck_del_cite_genuine,1,1
CL_CHECK,ck_del_cite_genuine,1,1
CL_CHECK,ck_del_cite_genuine,1,1
CL_CHECK,ck_del_cite_genuine,1,1
CL_CHECK,ck_del_cite_distinct,4,4
CL_CHECK,ck_del_justify,1,1
CL_CHECK,ck_del_cite_count,4,4
CL_CHECK,ck_del_cite_genuine,1,1
CL_CHECK,ck_del_cite_genuine,1,1
CL_CHECK,ck_del_cite_genuine,1,1
CL_CHECK,ck_del_cite_genuine,1,1
CL_CHECK,ck_del_cite_distinct,4,4
CL_CHECK,ck_del_justify,1,1
CL_CHECK,ck_del_cite_count,4,4
CL_CHECK,ck_del_cite_genuine,1,1
CL_CHECK,ck_del_cite_genuine,1,1
CL_CHECK,ck_del_cite_genuine,1,1
CL_CHECK,ck_del_cite_genuine,1,1
CL_CHECK,ck_del_cite_distinct,4,4
CL_CHECK,ck_del_justify,1,1
CL_CHECK,ck_del_cite_count,4,4
CL_CHECK,ck_del_cite_genuine,1,1
CL_CHECK,ck_del_cite_genuine,1,1
CL_CHECK,ck_del_cite_genuine,1,1
CL_CHECK,ck_del_cite_genuine,1,1
CL_CHECK,ck_del_cite_distinct,4,4
CL_CHECK,ck_del_justify,1,1
CL_CHECK,ck_del_cite_count,4,4
CL_CHECK,ck_del_cite_genuine,1,1
CL_CHECK,ck_del_cite_genuine,1,1
CL_CHECK,ck_del_cite_genuine,1,1
CL_CHECK,ck_del_cite_genuine,1,1
CL_CHECK,ck_del_cite_distinct,4,4
CL_CHECK,ck_del_justify,1,1
CL_CHECK,ck_del_cite_count,4,4
CL_CHECK,ck_del_cite_genuine,1,1
CL_CHECK,ck_del_cite_genuine,1,1
CL_CHECK,ck_del_cite_genuine,1,1
CL_CHECK,ck_del_cite_genuine,1,1
CL_CHECK,ck_del_cite_distinct,4,4
CL_CHECK,ck_del_justify,1,1
CL_CHECK,ck_del_cite_count,4,4
CL_CHECK,ck_del_cite_genuine,1,1
CL_CHECK,ck_del_cite_genuine,1,1
CL_CHECK,ck_del_cite_genuine,1,1
CL_CHECK,ck_del_cite_genuine,1,1
CL_CHECK,ck_del_cite_distinct,4,4
CL_CHECK,ck_del_justify,1,1
CL_CHECK,ck_del_cite_count,4,4
CL_CHECK,ck_del_cite_genuine,1,1
CL_CHECK,ck_del_cite_genuine,1,1
CL_CHECK,ck_del_cite_genuine,1,1
CL_CHECK,ck_del_cite_genuine,1,1
CL_CHECK,ck_del_cite_distinct,4,4
CL_CHECK,ck_del_justify,1,1
CL_CHECK,ck_del_cite_count,4,4
CL_CHECK,ck_del_cite_genuine,1,1
CL_CHECK,ck_del_cite_genuine,1,1
CL_CHECK,ck_del_cite_genuine,1,1
CL_CHECK,ck_del_cite_genuine,1,1
CL_CHECK,ck_del_cite_distinct,4,4
CL_CHECK,ck_del_justify,1,1
CL_CHECK,ck_del_cite_count,4,4
CL_CHECK,ck_del_cite_genuine,1,1
CL_CHECK,ck_del_cite_genuine,1,1
CL_CHECK,ck_del_cite_genuine,1,1
CL_CHECK,ck_del_cite_genuine,1,1
CL_CHECK,ck_del_cite_distinct,4,4
CL_CHECK,ck_del_justify,1,1
CL_CHECK,ck_del_cite_count,4,4
CL_CHECK,ck_del_cite_genuine,1,1
CL_CHECK,ck_del_cite_genuine,1,1
CL_CHECK,ck_del_cite_genuine,1,1
CL_CHECK,ck_del_cite_genuine,1,1
CL_CHECK,ck_del_cite_distinct,4,4
CL_CHECK,ck_del_justify,1,1
CL_CHECK,ck_del_cite_count,4,4
CL_CHECK,ck_del_cite_genuine,1,1
CL_CHECK,ck_del_cite_genuine,1,1
CL_CHECK,ck_del_cite_genuine,1,1
CL_CHECK,ck_del_cite_genuine,1,1
CL_CHECK,ck_del_cite_distinct,4,4
CL_CHECK,ck_del_justify,1,1
CL_CHECK,ck_del_cite_count,4,4
CL_CHECK,ck_del_cite_genuine,1,1
CL_CHECK,ck_del_cite_genuine,1,1
CL_CHECK,ck_del_cite_genuine,1,1
CL_CHECK,ck_del_cite_genuine,1,1
CL_CHECK,ck_del_cite_distinct,4,4
CL_CHECK,ck_del_justify,1,1
CL_CHECK,ck_del_cite_count,4,4
CL_CHECK,ck_del_cite_genuine,1,1
CL_CHECK,ck_del_cite_genuine,1,1
CL_CHECK,ck_del_cite_genuine,1,1
CL_CHECK,ck_del_cite_genuine,1,1
CL_CHECK,ck_del_cite_distinct,4,4
CL_CHECK,ck_del_justify,1,1
CL_CHECK,ck_del_cite_count,4,4
CL_CHECK,ck_del_cite_genuine,1,1
CL_CHECK,ck_del_cite_genuine,1,1
CL_CHECK,ck_del_cite_genuine,1,1
CL_CHECK,ck_del_cite_genuine,1,1
CL_CHECK,ck_del_cite_distinct,4,4
CL_CHECK,ck_del_justify,1,1
CL_CHECK,ck_del_cite_count,4,4
CL_CHECK,ck_del_cite_genuine,1,1
CL_CHECK,ck_del_cite_genuine,1,1
CL_CHECK,ck_del_cite_genuine,1,1
CL_CHECK,ck_del_cite_genuine,1,1
CL_CHECK,ck_del_cite_distinct,4,4
CL_CHECK,ck_del_justify,1,1
CL_CHECK,ck_del_cite_count,4,4
CL_CHECK,ck_del_cite_genuine,1,1
CL_CHECK,ck_del_cite_genuine,1,1
CL_CHECK,ck_del_cite_genuine,1,1
CL_CHECK,ck_del_cite_genuine,1,1
CL_CHECK,ck_del_cite_distinct,4,4
CL_CHECK,ck_del_justify,1,1
CL_CHECK,ck_del_cite_count,4,4
CL_CHECK,ck_del_cite_genuine,1,1
CL_CHECK,ck_del_cite_genuine,1,1
CL_CHECK,ck_del_cite_genuine,1,1
CL_CHECK,ck_del_cite_genuine,1,1
CL_CHECK,ck_del_cite_distinct,4,4
CL_CHECK,ck_del_justify,1,1
CL_CHECK,ck_del_cite_count,4,4
CL_CHECK,ck_del_cite_genuine,1,1
CL_CHECK,ck_del_cite_genuine,1,1
CL_CHECK,ck_del_cite_genuine,1,1
CL_CHECK,ck_del_cite_genuine,1,1
CL_CHECK,ck_del_cite_distinct,4,4
CL_CHECK,ck_del_justify,1,1
CL_CHECK,ck_del_cite_count,4,4
CL_CHECK,ck_del_cite_genuine,1,1
CL_CHECK,ck_del_cite_genuine,1,1
CL_CHECK,ck_del_cite_genuine,1,1
CL_CHECK,ck_del_cite_genuine,1,1
CL_CHECK,ck_del_cite_distinct,4,4
CL_CHECK,ck_del_justify,1,1
CL_CHECK,ck_del_cite_count,4,4
CL_CHECK,ck_del_cite_genuine,1,1
CL_CHECK,ck_del_cite_genuine,1,1
CL_CHECK,ck_del_cite_genuine,1,1
CL_CHECK,ck_del_cite_genuine,1,1
CL_CHECK,ck_del_cite_distinct,4,4
CL_CHECK,ck_del_justify,1,1
CL_CHECK,ck_del_cite_count,4,4
CL_CHECK,ck_del_cite_genuine,1,1
CL_CHECK,ck_del_cite_genuine,1,1
CL_CHECK,ck_del_cite_genuine,1,1
CL_CHECK,ck_del_cite_genuine,1,1
CL_CHECK,ck_del_cite_distinct,4,4
CL_CHECK,ck_del_justify,1,1
CL_CHECK,ck_del_cite_count,4,4
CL_CHECK,ck_del_cite_genuine,1,1
CL_CHECK,ck_del_cite_genuine,1,1
CL_CHECK,ck_del_cite_genuine,1,1
CL_CHECK,ck_del_cite_genuine,1,1
CL_CHECK,ck_del_cite_distinct,4,4
CL_CHECK,ck_del_justify,1,1
CL_CHECK,ck_del_cite_count,4,4
CL_CHECK,ck_del_cite_genuine,1,1
CL_CHECK,ck_del_cite_genuine,1,1
CL_CHECK,ck_del_cite_genuine,1,1
CL_CHECK,ck_del_cite_genuine,1,1
CL_CHECK,ck_del_cite_distinct,4,4
CL_CHECK,ck_del_justify,1,1
CL_CHECK,ck_del_cite_count,4,4
CL_CHECK,ck_del_cite_genuine,1,1
CL_CHECK,ck_del_cite_genuine,1,1
CL_CHECK,ck_del_cite_genuine,1,1
CL_CHECK,ck_del_cite_genuine,1,1
CL_CHECK,ck_del_cite_distinct,4,4
CL_CHECK,ck_del_justify,1,1
CL_CHECK,ck_del_cite_count,4,4
CL_CHECK,ck_del_cite_genuine,1,1
CL_CHECK,ck_del_cite_genuine,1,1
CL_CHECK,ck_del_cite_genuine,1,1
CL_CHECK,ck_del_cite_genuine,1,1
CL_CHECK,ck_del_cite_distinct,4,4
CL_CHECK,ck_del_justify,1,1
CL_CHECK,ck_del_cite_count,4,4
CL_CHECK,ck_del_cite_genuine,1,1
CL_CHECK,ck_del_cite_genuine,1,1
CL_CHECK,ck_del_cite_genuine,1,1
CL_CHECK,ck_del_cite_genuine,1,1
CL_CHECK,ck_del_cite_distinct,4,4
CL_CHECK,ck_del_justify,1,1
CL_CHECK,ck_del_cite_count,4,4
CL_CHECK,ck_del_cite_genuine,1,1
CL_CHECK,ck_del_cite_genuine,1,1
CL_CHECK,ck_del_cite_genuine,1,1
CL_CHECK,ck_del_cite_genuine,1,1
CL_CHECK,ck_del_cite_distinct,4,4
CL_CHECK,ck_del_justify,1,1
CL_CHECK,ck_del_cite_count,4,4
CL_CHECK,ck_del_cite_genuine,1,1
CL_CHECK,ck_del_cite_genuine,1,1
CL_CHECK,ck_del_cite_genuine,1,1
CL_CHECK,ck_del_cite_genuine,1,1
CL_CHECK,ck_del_cite_distinct,4,4
CL_CHECK,ck_del_justify,1,1
CL_CHECK,ck_del_cite_count,4,4
CL_CHECK,ck_del_cite_genuine,1,1
CL_CHECK,ck_del_cite_genuine,1,1
CL_CHECK,ck_del_cite_genuine,1,1
CL_CHECK,ck_del_cite_genuine,1,1
CL_CHECK,ck_del_cite_distinct,4,4
CL_CHECK,ck_del_justify,1,1
CL_CHECK,ck_del_cite_count,4,4
CL_CHECK,ck_del_cite_genuine,1,1
CL_CHECK,ck_del_cite_genuine,1,1
CL_CHECK,ck_del_cite_genuine,1,1
CL_CHECK,ck_del_cite_genuine,1,1
CL_CHECK,ck_del_cite_distinct,4,4
CL_CHECK,ck_del_justify,1,1
CL_CHECK,ck_del_cite_count,4,4
CL_CHECK,ck_del_cite_genuine,1,1
CL_CHECK,ck_del_cite_genuine,1,1
CL_CHECK,ck_del_cite_genuine,1,1
CL_CHECK,ck_del_cite_genuine,1,1
CL_CHECK,ck_del_cite_distinct,4,4
CL_CHECK,ck_del_justify,1,1
CL_CHECK,ck_del_cite_count,4,4
CL_CHECK,ck_del_cite_genuine,1,1
CL_CHECK,ck_del_cite_genuine,1,1
CL_CHECK,ck_del_cite_genuine,1,1
CL_CHECK,ck_del_cite_genuine,1,1
CL_CHECK,ck_del_cite_distinct,4,4
CL_CHECK,ck_del_justify,1,1
CL_CHECK,ck_del_cite_count,4,4
CL_CHECK,ck_del_cite_genuine,1,1
CL_CHECK,ck_del_cite_genuine,1,1
CL_CHECK,ck_del_cite_genuine,1,1
CL_CHECK,ck_del_cite_genuine,1,1
CL_CHECK,ck_del_cite_distinct,4,4
CL_CHECK,ck_del_justify,1,1
CL_CHECK,ck_del_cite_count,4,4
CL_CHECK,ck_del_cite_genuine,1,1
CL_CHECK,ck_del_cite_genuine,1,1
CL_CHECK,ck_del_cite_genuine,1,1
CL_CHECK,ck_del_cite_genuine,1,1
CL_CHECK,ck_del_cite_distinct,4,4
CL_CHECK,ck_del_justify,1,1
CL_CHECK,ck_del_cite_count,4,4
CL_CHECK,ck_del_cite_genuine,1,1
CL_CHECK,ck_del_cite_genuine,1,1
CL_CHECK,ck_del_cite_genuine,1,1
CL_CHECK,ck_del_cite_genuine,1,1
CL_CHECK,ck_del_cite_distinct,4,4
CL_CHECK,ck_del_justify,1,1
CL_CHECK,ck_no_bad_kill,0,0
CL_CHECK,ck_no_bad_forcepin,0,0
CL_CHECK,ck_no_bad_code,0,0
CL_CHECK,ck_no_bad_role,0,0
CL_CHECK,ck_no_bad_pexp,0,0
CL_CHECK,ck_no_bad_recycle,0,0
ST_FINGERPRINT -299588133
ST_INVALID 0
ST_DONE
