ST_TS 0 2 3 0 0 0 0 0 0 0 0 0 0 0 0 0 0
ST_TS 25 27 29 0 0 0 0 0 0 7 0 0 0 0 0 0 0
ST_DELIB 30 7 1 2 3 10 1 0 0
ST_DELIB 31 3 1 2 3 10 1 0 0
ST_DELIB 32 6 1 2 3 10 1 0 0
ST_DELIB 33 10 1 2 3 10 1 0 0
ST_DELIB 34 9 1 2 3 10 1 0 0
ST_DELIB 35 12 1 2 3 10 1 0 0
ST_DELIB 36 13 1 2 3 10 1 0 0
ST_DELIB 37 2 1 2 3 10 1 0 0
ST_DELIB 38 15 1 2 3 10 1 0 0
ST_DELIB 39 16 1 2 3 10 1 0 0
ST_DELIB 40 5 1 2 3 10 1 0 0
ST_DELIB 41 17 1 2 3 10 1 0 0
ST_DELIB 42 19 1 2 3 10 1 0 0
ST_DELIB 43 20 1 2 3 10 1 0 0
ST_DELIB 44 12 1 2 3 10 1 0 0
ST_DELIB 45 22 1 2 3 10 1 0 0
ST_DELIB 46 23 1 2 3 10 1 0 0
ST_DELIB 47 12 1 2 3 10 1 0 0
ST_DELIB 48 25 1 2 3 10 1 0 0
ST_DELIB 49 26 1 2 3 10 1 0 0
ST_TS 50 32 61 0 20 0 20 0 7 15 0 0 0 0 0 0 0
ST_DELIB 50 27 1 2 3 10 1 0 0
ST_DELIB 51 12 1 2 3 10 1 0 0
ST_DELIB 52 29 1 2 3 10 1 0 0
ST_DELIB 53 30 1 2 3 10 1 0 0
ST_DELIB 54 15 1 2 3 10 1 0 0
ST_DELIB 55 7 1 2 3 10 1 0 0
ST_DELIB 56 3 1 2 3 10 1 0 0
ST_DELIB 57 17 1 2 3 10 1 0 0
ST_DELIB 58 10 1 2 3 10 1 0 0
ST_DELIB 59 9 1 2 3 10 1 0 0
ST_DELIB 60 27 1 2 3 10 1 0 0
ST_DELIB 61 30 1 2 3 10 1 0 0
ST_DELIB 62 2 1 2 3 10 1 0 0
ST_DELIB 63 5 1 2 3 10 1 0 0
ST_DELIB 64 7 1 2 3 10 1 0 0
ST_DELIB 65 7 1 2 3 10 1 0 0
ST_DELIB 66 7 1 2 3 10 1 0 0
ST_DELIB 67 10 1 2 3 10 1 0 0
ST_DELIB 68 20 1 2 3 10 1 0 0
ST_DELIB 69 20 1 2 3 10 1 0 0
ST_DELIB 70 22 1 2 3 10 1 0 0
ST_DELIB 71 10 1 2 3 10 1 0 0
ST_DELIB 72 10 1 2 3 10 1 0 0
ST_DELIB 73 25 1 2 3 10 1 0 0
ST_DELIB 74 22 1 2 3 10 1 0 0
ST_TS 75 32 102 0 45 0 45 0 15 22 0 0 0 0 0 0 0
ST_DELIB 75 22 1 2 3 10 1 0 0
ST_DELIB 76 12 1 2 3 10 1 0 0
ST_DELIB 77 25 1 2 3 10 1 0 0
ST_DELIB 78 25 1 2 3 10 1 0 0
ST_DELIB 79 15 1 2 3 10 1 0 0
ST_DELIB 80 30 1 2 3 10 1 0 0
ST_DELIB 81 30 1 2 3 10 1 0 0
ST_DELIB 82 17 1 2 3 10 1 0 0
ST_DELIB 83 5 1 2 3 10 1 0 0
ST_DELIB 84 5 1 2 3 10 1 0 0
ST_DELIB 85 27 1 2 3 10 1 0 0
ST_DELIB 86 27 1 2 3 10 1 0 0
ST_DELIB 87 5 1 2 3 10 1 0 0
ST_DELIB 88 5 1 2 3 10 1 0 0
ST_DELIB 89 5 1 2 3 10 1 0 0
ST_DELIB 90 22 1 2 3 10 1 0 0
ST_DELIB 91 22 1 2 3 10 1 0 0
ST_DELIB 92 22 1 2 3 10 1 0 0
ST_DELIB 93 25 1 2 3 10 1 0 0
ST_DELIB 94 25 1 2 3 10 1 0 0
ST_DELIB 95 25 1 2 3 10 1 0 0
ST_DELIB 96 25 1 2 3 10 1 0 0
ST_DELIB 97 30 1 2 3 10 1 0 0
ST_DELIB 98 30 1 2 3 10 1 0 0
ST_DELIB 99 30 1 2 3 10 1 0 0
ST_TS 100 32 142 0 70 0 70 0 22 30 0 0 0 0 0 0 0
ST_DELIB 100 5 1 2 3 75 3 0 0
ST_DELIB 100 5 2 2 4 10 3 0 0
ST_DELIB 100 22 2 2 4 75 3 0 0
ST_DELIB 101 5 1 2 3 1 3 0 0
ST_DELIB 102 22 1 2 3 1 3 0 0
ST_DELIB 103 5 1 2 3 10 3 0 0
ST_DELIB 104 5 1 2 3 10 3 0 0
ST_DELIB 105 5 1 2 3 10 3 0 0
ST_DELIB 106 5 1 2 3 10 3 0 0
ST_DELIB 107 27 1 2 3 75 3 0 0
ST_DELIB 108 27 1 2 3 10 3 0 0
ST_DELIB 109 27 1 2 3 10 3 0 0
ST_DELIB 110 5 1 2 3 75 3 0 0
ST_DELIB 111 5 1 2 3 10 3 0 0
ST_DELIB 112 5 1 2 3 10 3 0 0
ST_DELIB 113 5 1 2 3 75 3 0 0
ST_DELIB 114 5 1 2 3 10 3 0 0
ST_DELIB 115 5 1 2 3 10 3 0 0
ST_DELIB 116 5 1 2 3 10 3 0 0
ST_DELIB 117 5 1 2 3 75 3 0 0
ST_DELIB 118 5 1 2 3 10 3 0 0
ST_DELIB 119 5 1 2 3 10 3 0 0
ST_DELIB 120 5 1 2 3 75 3 0 0
ST_DELIB 121 5 1 2 3 10 3 0 0
ST_DELIB 122 5 1 2 3 10 3 0 0
ST_DELIB 123 5 1 2 3 75 3 0 0
ST_DELIB 124 5 1 2 3 10 3 0 0
ST_TS 125 32 182 0 151 0 97 0 27 37 0 0 0 0 0 0 0
ST_DELIB 125 5 1 2 3 10 3 0 0
ST_DELIB 126 5 1 2 3 10 3 0 0
ST_DELIB 127 5 1 2 3 75 3 0 0
ST_DELIB 128 5 1 2 3 10 3 0 0
ST_DELIB 129 5 1 2 3 10 3 0 0
ST_DELIB 130 5 1 2 3 75 3 0 0
ST_DELIB 131 5 1 2 3 10 3 0 0
ST_DELIB 132 5 1 2 3 10 3 0 0
ST_DELIB 133 5 1 2 3 75 3 0 0
ST_DELIB 134 5 1 2 3 10 3 0 0
ST_DELIB 135 5 1 2 3 10 3 0 0
ST_DELIB 136 5 1 2 3 10 3 0 0
ST_DELIB 137 5 1 2 3 75 3 0 0
ST_DELIB 138 5 1 2 3 10 3 0 0
ST_DELIB 139 5 1 2 3 10 3 0 0
ST_DELIB 140 5 1 2 3 75 3 0 0
ST_DELIB 141 5 1 2 3 10 3 0 0
ST_DELIB 142 5 1 2 3 10 3 0 0
ST_DELIB 143 5 1 2 3 75 3 0 0
ST_DELIB 144 5 1 2 3 10 3 0 0
ST_DELIB 145 5 1 2 3 10 3 0 0
ST_DELIB 146 5 1 2 3 10 3 0 0
ST_DELIB 147 5 1 2 3 75 3 0 0
ST_DELIB 148 5 1 2 3 10 3 0 0
ST_DELIB 149 5 1 2 3 10 3 0 0
ST_TS 150 32 214 0 226 0 122 0 29 45 0 0 0 0 0 0 0
ST_DELIB 150 5 1 2 3 75 3 0 0
ST_DELIB 151 5 1 2 3 10 3 0 0
ST_DELIB 152 5 1 2 3 10 3 0 0
ST_DELIB 153 5 1 2 3 75 3 0 0
ST_DELIB 154 5 1 2 3 10 3 0 0
ST_DELIB 155 5 1 2 3 10 3 0 0
ST_DELIB 156 5 1 2 3 10 3 0 0
ST_DELIB 157 5 1 2 3 75 3 0 0
ST_DELIB 158 5 1 2 3 10 3 0 0
ST_DELIB 159 5 1 2 3 10 3 0 0
ST_DELIB 160 2 1 2 2 90 4 0 1
ST_DELIB 161 2 1 2 3 10 4 0 0
ST_DELIB 162 2 1 2 3 10 4 0 0
ST_DELIB 163 2 1 2 3 75 4 0 0
ST_DELIB 164 2 1 2 3 10 4 0 0
ST_DELIB 165 2 1 2 3 10 4 0 0
ST_DELIB 166 2 1 2 3 10 4 0 0
ST_DELIB 167 2 1 2 3 75 4 0 0
ST_DELIB 168 2 1 2 3 10 4 0 0
ST_DELIB 169 2 1 2 3 10 4 0 0
ST_DELIB 170 2 1 2 3 75 4 0 0
ST_DELIB 171 2 1 2 3 10 4 0 0
ST_DELIB 172 2 1 2 3 10 4 0 0
ST_DELIB 173 2 1 2 3 75 4 0 0
ST_DELIB 174 2 1 2 3 10 4 0 0
ST_TS 175 32 242 0 316 0 147 0 28 52 0 0 0 0 0 0 0
ST_DELIB 175 2 1 2 3 10 4 0 0
ST_DELIB 176 2 1 2 3 10 4 0 0
ST_DELIB 177 2 1 2 3 75 4 0 0
ST_DELIB 178 2 1 2 3 10 4 0 0
ST_DELIB 179 2 1 2 3 10 4 0 0
ST_DELIB 180 2 1 2 3 75 4 0 0
ST_DELIB 181 2 1 2 3 10 4 0 0
ST_DELIB 182 2 1 2 3 10 4 0 0
ST_DELIB 183 2 1 2 3 75 4 0 0
ST_DELIB 184 2 1 2 3 10 4 0 0
ST_DELIB 185 2 1 2 3 10 4 0 0
ST_DELIB 186 2 1 2 3 10 4 0 0
ST_DELIB 187 2 1 2 3 75 4 0 0
ST_DELIB 188 2 1 2 3 10 4 0 0
ST_DELIB 189 2 1 2 3 10 4 0 0
ST_DELIB 190 2 1 2 3 75 4 0 0
ST_DELIB 191 2 1 2 3 10 4 0 0
ST_DELIB 192 2 1 2 3 10 4 0 0
ST_DELIB 193 2 1 2 3 75 4 0 0
ST_DELIB 194 2 1 2 3 10 4 0 0
ST_DELIB 195 2 1 2 3 10 4 0 0
ST_DELIB 196 2 1 2 3 10 4 0 0
ST_DELIB 197 2 1 2 3 75 4 0 0
ST_DELIB 198 2 1 2 3 10 4 0 0
ST_DELIB 199 2 1 2 3 10 4 0 0
ST_TS 200 32 268 0 416 0 172 0 29 60 0 0 0 0 0 0 0
ST_DELIB 200 2 1 2 3 75 4 0 0
ST_DELIB 200 2 2 2 4 10 4 0 0
ST_DELIB 200 3 2 3 5 90 4 0 1
ST_DELIB 200 4 2 3 5 90 4 0 1
ST_DELIB 200 6 2 3 5 90 4 0 1
ST_DELIB 200 28 2 3 5 90 4 0 1
ST_DELIB 200 31 2 3 5 90 4 0 1
ST_DELIB 200 12 2 3 5 90 4 0 1
ST_DELIB 200 15 2 3 5 90 4 0 1
ST_DELIB 201 2 1 2 3 1 4 0 0
ST_DELIB 202 2 1 2 3 10 4 0 0
ST_DELIB 203 2 1 2 3 75 4 0 0
ST_DELIB 204 2 1 2 3 10 4 0 0
ST_DELIB 205 2 1 2 3 10 4 0 0
ST_DELIB 206 2 1 2 3 10 4 0 0
ST_DELIB 207 2 1 2 3 75 4 0 0
ST_DELIB 208 2 1 2 3 10 4 0 0
ST_DELIB 209 2 1 2 3 10 4 0 0
ST_DELIB 210 3 1 2 2 90 4 0 1
ST_DELIB 211 3 1 2 3 10 4 0 0
ST_DELIB 212 3 1 2 3 10 4 0 0
ST_DELIB 213 3 1 2 3 75 4 0 0
ST_DELIB 214 3 1 2 3 10 4 0 0
ST_DELIB 215 3 1 2 3 10 4 0 0
ST_DELIB 216 3 1 2 3 10 4 0 0
ST_DELIB 217 3 1 2 3 75 4 0 0
ST_DELIB 218 3 1 2 3 10 4 0 0
ST_DELIB 219 3 1 2 3 10 4 0 0
ST_DELIB 220 3 1 2 3 75 4 0 0
ST_DELIB 221 3 1 2 3 10 4 0 0
ST_DELIB 222 3 1 2 3 10 4 0 0
ST_DELIB 223 3 1 2 3 75 4 0 0
ST_DELIB 224 3 1 2 3 10 4 0 0
ST_TS 225 32 296 0 520 0 198 0 28 67 0 0 0 0 0 0 0
ST_DELIB 225 3 1 2 3 10 4 0 0
ST_DELIB 226 3 1 2 3 10 4 0 0
ST_DELIB 227 3 1 2 3 75 4 0 0
ST_DELIB 228 3 1 2 3 10 4 0 0
ST_DELIB 229 3 1 2 3 10 4 0 0
ST_DELIB 230 3 1 2 3 75 4 0 0
ST_DELIB 231 3 1 2 3 10 4 0 0
ST_DELIB 232 3 1 2 3 10 4 0 0
ST_DELIB 233 3 1 2 3 75 4 0 0
ST_DELIB 234 3 1 2 3 10 4 0 0
ST_DELIB 235 3 1 2 3 10 4 0 0
ST_DELIB 236 3 1 2 3 10 4 0 0
ST_DELIB 237 3 1 2 3 75 4 0 0
ST_DELIB 238 3 1 2 3 10 4 0 0
ST_DELIB 239 3 1 2 3 10 4 0 0
ST_DELIB 240 3 1 2 3 75 4 0 0
ST_DELIB 241 3 1 2 3 10 4 0 0
ST_DELIB 242 3 1 2 3 10 4 0 0
ST_DELIB 243 3 1 2 3 75 4 0 0
ST_DELIB 244 3 1 2 3 10 4 0 0
ST_DELIB 245 3 1 2 3 10 4 0 0
ST_DELIB 246 3 1 2 3 10 4 0 0
ST_DELIB 247 3 1 2 3 75 4 0 0
ST_DELIB 248 3 1 2 3 10 4 0 0
ST_DELIB 249 3 1 2 3 10 4 0 0
ST_TS 250 32 322 0 620 0 223 0 29 75 0 0 0 0 0 0 0
ST_DELIB 250 3 1 2 3 75 4 0 0
ST_DELIB 251 3 1 2 3 10 4 0 0
ST_DELIB 252 3 1 2 3 10 4 0 0
ST_DELIB 253 3 1 2 3 75 4 0 0
ST_DELIB 254 3 1 2 3 10 4 0 0
ST_DELIB 255 3 1 2 3 10 4 0 0
ST_DELIB 256 3 1 2 3 10 4 0 0
ST_DELIB 257 3 1 2 3 75 4 0 0
ST_DELIB 258 3 1 2 3 10 4 0 0
ST_DELIB 259 3 1 2 3 10 4 0 0
ST_DELIB 260 4 1 2 2 90 4 0 1
ST_DELIB 261 4 1 2 3 10 4 0 0
ST_DELIB 262 4 1 2 3 10 4 0 0
ST_DELIB 263 4 1 2 3 75 4 0 0
ST_DELIB 264 4 1 2 3 10 4 0 0
ST_DELIB 265 4 1 2 3 10 4 0 0
ST_DELIB 266 4 1 2 3 10 4 0 0
ST_DELIB 267 4 1 2 3 75 4 0 0
ST_DELIB 268 4 1 2 3 10 4 0 0
ST_DELIB 269 4 1 2 3 10 4 0 0
ST_DELIB 270 4 1 2 3 75 4 0 0
ST_DELIB 271 4 1 2 3 10 4 0 0
ST_DELIB 272 4 1 2 3 10 4 0 0
ST_DELIB 273 4 1 2 3 75 4 0 0
ST_DELIB 274 4 1 2 3 10 4 0 0
ST_TS 275 32 349 0 720 0 248 0 28 82 0 0 0 0 0 0 0
ST_DELIB 275 4 1 2 3 10 4 0 0
ST_DELIB 276 4 1 2 3 10 4 0 0
ST_DELIB 277 4 1 2 3 75 4 0 0
ST_DELIB 278 4 1 2 3 10 4 0 0
ST_DELIB 279 4 1 2 3 10 4 0 0
ST_DELIB 280 4 1 2 3 75 4 0 0
ST_DELIB 281 4 1 2 3 10 4 0 0
ST_DELIB 282 4 1 2 3 10 4 0 0
ST_DELIB 283 4 1 2 3 75 4 0 0
ST_DELIB 284 4 1 2 3 10 4 0 0
ST_DELIB 285 4 1 2 3 10 4 0 0
ST_DELIB 286 4 1 2 3 10 4 0 0
ST_DELIB 287 4 1 2 3 75 4 0 0
ST_DELIB 288 4 1 2 3 10 4 0 0
ST_DELIB 289 4 1 2 3 10 4 0 0
ST_DELIB 290 4 1 2 3 75 4 0 0
ST_DELIB 291 4 1 2 3 10 4 0 0
ST_DELIB 292 4 1 2 3 10 4 0 0
ST_DELIB 293 4 1 2 3 75 4 0 0
ST_DELIB 294 4 1 2 3 10 4 0 0
ST_DELIB 295 4 1 2 3 10 4 0 0
ST_DELIB 296 4 1 2 3 10 4 0 0
ST_DELIB 297 4 1 2 3 75 4 0 0
ST_DELIB 298 4 1 2 3 10 4 0 0
ST_DELIB 299 4 1 2 3 10 4 0 0
ST_TS 300 32 375 0 820 0 273 0 29 90 0 0 0 0 0 0 0
ST_DELIB 300 4 1 2 3 75 4 0 0
ST_DELIB 300 4 2 2 4 10 4 0 0
ST_DELIB 300 6 2 3 5 90 4 0 1
ST_DELIB 300 28 2 3 5 90 4 0 1
ST_DELIB 300 31 2 3 5 90 4 0 1
ST_DELIB 300 12 2 3 5 90 4 0 1
ST_DELIB 300 15 2 3 5 90 4 0 1
ST_DELIB 300 17 2 3 5 90 4 0 1
ST_DELIB 300 18 2 3 5 90 4 0 1
ST_DELIB 301 4 1 2 3 1 4 0 0
ST_DELIB 302 4 1 2 3 10 4 0 0
ST_DELIB 303 4 1 2 3 75 4 0 0
ST_DELIB 304 4 1 2 3 10 4 0 0
ST_DELIB 305 4 1 2 3 10 4 0 0
ST_DELIB 306 4 1 2 3 10 4 0 0
ST_DELIB 307 4 1 2 3 75 4 0 0
ST_DELIB 308 4 1 2 3 10 4 0 0
ST_DELIB 309 4 1 2 3 10 4 0 0
ST_DELIB 310 6 1 2 2 90 4 0 1
ST_DELIB 311 6 1 2 3 10 4 0 0
ST_DELIB 312 6 1 2 3 10 4 0 0
ST_DELIB 313 6 1 2 3 75 4 0 0
ST_DELIB 314 6 1 2 3 10 4 0 0
ST_DELIB 315 6 1 2 3 10 4 0 0
ST_DELIB 316 6 1 2 3 10 4 0 0
ST_DELIB 317 6 1 2 3 75 4 0 0
ST_DELIB 318 6 1 2 3 10 4 0 0
ST_DELIB 319 6 1 2 3 10 4 0 0
ST_DELIB 320 6 1 2 3 75 4 0 0
ST_DELIB 321 6 1 2 3 10 4 0 0
ST_DELIB 322 6 1 2 3 10 4 0 0
ST_DELIB 323 6 1 2 3 75 4 0 0
ST_DELIB 324 6 1 2 3 10 4 0 0
ST_TS 325 32 403 0 924 0 299 0 28 97 0 0 0 0 0 0 0
ST_DELIB 325 6 1 2 3 10 4 0 0
ST_DELIB 326 6 1 2 3 10 4 0 0
ST_DELIB 327 6 1 2 3 75 4 0 0
ST_DELIB 328 6 1 2 3 10 4 0 0
ST_DELIB 329 6 1 2 3 10 4 0 0
ST_DELIB 330 6 1 2 3 75 4 0 0
ST_DELIB 331 6 1 2 3 10 4 0 0
ST_DELIB 332 6 1 2 3 10 4 0 0
ST_DELIB 333 6 1 2 3 75 4 0 0
ST_DELIB 334 6 1 2 3 10 4 0 0
ST_DELIB 335 6 1 2 3 10 4 0 0
ST_DELIB 336 6 1 2 3 10 4 0 0
ST_DELIB 337 6 1 2 3 75 4 0 0
ST_DELIB 338 6 1 2 3 10 4 0 0
ST_DELIB 339 6 1 2 3 10 4 0 0
ST_DELIB 340 6 1 2 3 75 4 0 0
ST_DELIB 341 6 1 2 3 10 4 0 0
ST_DELIB 342 6 1 2 3 10 4 0 0
ST_DELIB 343 6 1 2 3 75 4 0 0
ST_DELIB 344 6 1 2 3 10 4 0 0
ST_DELIB 345 6 1 2 3 10 4 0 0
ST_DELIB 346 6 1 2 3 10 4 0 0
ST_DELIB 347 6 1 2 3 75 4 0 0
ST_DELIB 348 6 1 2 3 10 4 0 0
ST_DELIB 349 6 1 2 3 10 4 0 0
ST_TS 350 32 429 0 1024 0 324 0 29 105 0 0 0 0 0 0 0
ST_DELIB 350 6 1 2 3 75 4 0 0
ST_DELIB 351 6 1 2 3 10 4 0 0
ST_DELIB 352 6 1 2 3 10 4 0 0
ST_DELIB 353 6 1 2 3 75 4 0 0
ST_DELIB 354 6 1 2 3 10 4 0 0
ST_DELIB 355 6 1 2 3 10 4 0 0
ST_DELIB 356 6 1 2 3 10 4 0 0
ST_DELIB 357 6 1 2 3 75 4 0 0
ST_DELIB 358 6 1 2 3 10 4 0 0
ST_DELIB 359 6 1 2 3 10 4 0 0
ST_DELIB 360 28 1 2 2 90 4 0 1
ST_DELIB 361 28 1 2 3 10 4 0 0
ST_DELIB 362 28 1 2 3 10 4 0 0
ST_DELIB 363 28 1 2 3 75 4 0 0
ST_DELIB 364 28 1 2 3 10 4 0 0
ST_DELIB 365 28 1 2 3 10 4 0 0
ST_DELIB 366 28 1 2 3 10 4 0 0
ST_DELIB 367 28 1 2 3 75 4 0 0
ST_DELIB 368 28 1 2 3 10 4 0 0
ST_DELIB 369 28 1 2 3 10 4 0 0
ST_DELIB 370 28 1 2 3 75 4 0 0
ST_DELIB 371 28 1 2 3 10 4 0 0
ST_DELIB 372 28 1 2 3 10 4 0 0
ST_DELIB 373 28 1 2 3 75 4 0 0
ST_DELIB 374 28 1 2 3 10 4 0 0
ST_TS 375 32 456 0 1124 0 349 0 28 112 0 0 0 0 0 0 0
ST_DELIB 375 28 1 2 3 10 4 0 0
ST_DELIB 376 28 1 2 3 10 4 0 0
ST_DELIB 377 28 1 2 3 75 4 0 0
ST_DELIB 378 28 1 2 3 10 4 0 0
ST_DELIB 379 28 1 2 3 10 4 0 0
ST_DELIB 380 28 1 2 3 75 4 0 0
ST_DELIB 381 28 1 2 3 10 4 0 0
ST_DELIB 382 28 1 2 3 10 4 0 0
ST_DELIB 383 28 1 2 3 75 4 0 0
ST_DELIB 384 28 1 2 3 10 4 0 0
ST_DELIB 385 28 1 2 3 10 4 0 0
ST_DELIB 386 28 1 2 3 10 4 0 0
ST_DELIB 387 28 1 2 3 75 4 0 0
ST_DELIB 388 28 1 2 3 10 4 0 0
ST_DELIB 389 28 1 2 3 10 4 0 0
ST_DELIB 390 28 1 2 3 75 4 0 0
ST_DELIB 391 28 1 2 3 10 4 0 0
ST_DELIB 392 28 1 2 3 10 4 0 0
ST_DELIB 393 28 1 2 3 75 4 0 0
ST_DELIB 394 28 1 2 3 10 4 0 0
ST_DELIB 395 28 1 2 3 10 4 0 0
ST_DELIB 396 28 1 2 3 10 4 0 0
ST_DELIB 397 28 1 2 3 75 4 0 0
ST_DELIB 398 28 1 2 3 10 4 0 0
ST_DELIB 399 28 1 2 3 10 4 0 0
ST_TS 400 32 482 0 1224 0 374 0 29 120 0 0 0 0 0 0 0
ST_DELIB 400 28 1 2 3 75 4 0 0
ST_DELIB 400 28 2 2 4 10 4 0 0
ST_DELIB 400 31 2 3 5 90 4 0 1
ST_DELIB 400 12 2 3 5 90 4 0 1
ST_DELIB 400 15 2 3 5 90 4 0 1
ST_DELIB 400 17 2 3 5 90 4 0 1
ST_DELIB 400 18 2 3 5 90 4 0 1
ST_DELIB 400 21 2 3 5 90 4 0 1
ST_DELIB 400 23 2 3 5 90 4 0 1
ST_DELIB 401 28 1 2 3 1 4 0 0
ST_DELIB 402 28 1 2 3 10 4 0 0
ST_DELIB 403 28 1 2 3 75 4 0 0
ST_DELIB 404 28 1 2 3 10 4 0 0
ST_DELIB 405 28 1 2 3 10 4 0 0
ST_DELIB 406 28 1 2 3 10 4 0 0
ST_DELIB 407 28 1 2 3 75 4 0 0
ST_DELIB 408 28 1 2 3 10 4 0 0
ST_DELIB 409 28 1 2 3 10 4 0 0
ST_DELIB 410 31 1 2 2 90 4 0 1
ST_DELIB 411 31 1 2 3 10 4 0 0
ST_DELIB 412 31 1 2 3 10 4 0 0
ST_DELIB 413 31 1 2 3 75 4 0 0
ST_DELIB 414 31 1 2 3 10 4 0 0
ST_DELIB 415 31 1 2 3 10 4 0 0
ST_DELIB 416 31 1 2 3 10 4 0 0
ST_DELIB 417 31 1 2 3 75 4 0 0
ST_DELIB 418 31 1 2 3 10 4 0 0
ST_DELIB 419 31 1 2 3 10 4 0 0
ST_DELIB 420 31 1 2 3 75 4 0 0
ST_DELIB 421 31 1 2 3 10 4 0 0
ST_DELIB 422 31 1 2 3 10 4 0 0
ST_DELIB 423 31 1 2 3 75 4 0 0
ST_DELIB 424 31 1 2 3 10 4 0 0
ST_TS 425 32 510 0 1328 0 400 0 28 127 0 0 0 0 0 0 0
ST_DELIB 425 31 1 2 3 10 4 0 0
ST_DELIB 426 31 1 2 3 10 4 0 0
ST_DELIB 427 31 1 2 3 75 4 0 0
ST_DELIB 428 31 1 2 3 10 4 0 0
ST_DELIB 429 31 1 2 3 10 4 0 0
ST_DELIB 430 31 1 2 3 75 4 0 0
ST_DELIB 431 31 1 2 3 10 4 0 0
ST_DELIB 432 31 1 2 3 10 4 0 0
ST_DELIB 433 31 1 2 3 75 4 0 0
ST_DELIB 434 31 1 2 3 10 4 0 0
ST_DELIB 435 31 1 2 3 10 4 0 0
ST_DELIB 436 31 1 2 3 10 4 0 0
ST_DELIB 437 31 1 2 3 75 4 0 0
ST_DELIB 438 31 1 2 3 10 4 0 0
ST_DELIB 439 31 1 2 3 10 4 0 0
ST_DELIB 440 31 1 2 3 75 4 0 0
ST_DELIB 441 31 1 2 3 10 4 0 0
ST_DELIB 442 31 1 2 3 10 4 0 0
ST_DELIB 443 31 1 2 3 75 4 0 0
ST_DELIB 444 31 1 2 3 10 4 0 0
ST_DELIB 445 31 1 2 3 10 4 0 0
ST_DELIB 446 31 1 2 3 10 4 0 0
ST_DELIB 447 31 1 2 3 75 4 0 0
ST_DELIB 448 31 1 2 3 10 4 0 0
ST_DELIB 449 31 1 2 3 10 4 0 0
ST_TS 450 32 536 0 1428 0 425 0 29 135 0 0 0 0 0 0 0
ST_DELIB 450 31 1 2 3 75 4 0 0
ST_DELIB 451 31 1 2 3 10 4 0 0
ST_DELIB 452 31 1 2 3 10 4 0 0
ST_DELIB 453 31 1 2 3 75 4 0 0
ST_DELIB 454 31 1 2 3 10 4 0 0
ST_DELIB 455 31 1 2 3 10 4 0 0
ST_DELIB 456 31 1 2 3 10 4 0 0
ST_DELIB 457 31 1 2 3 75 4 0 0
ST_DELIB 458 31 1 2 3 10 4 0 0
ST_DELIB 459 31 1 2 3 10 4 0 0
ST_DELIB 460 12 1 2 2 90 4 0 1
ST_DELIB 461 12 1 2 3 10 4 0 0
ST_DELIB 462 12 1 2 3 10 4 0 0
ST_DELIB 463 12 1 2 3 75 4 0 0
ST_DELIB 464 12 1 2 3 10 4 0 0
ST_DELIB 465 12 1 2 3 10 4 0 0
ST_DELIB 466 12 1 2 3 10 4 0 0
ST_DELIB 467 12 1 2 3 75 4 0 0
ST_DELIB 468 12 1 2 3 10 4 0 0
ST_DELIB 469 12 1 2 3 10 4 0 0
ST_DELIB 470 12 1 2 3 75 4 0 0
ST_DELIB 471 12 1 2 3 10 4 0 0
ST_DELIB 472 12 1 2 3 10 4 0 0
ST_DELIB 473 12 1 2 3 75 4 0 0
ST_DELIB 474 12 1 2 3 10 4 0 0
ST_TS 475 32 563 0 1528 0 450 0 28 142 0 0 0 0 0 0 0
ST_DELIB 475 12 1 2 3 10 4 0 0
ST_DELIB 476 12 1 2 3 10 4 0 0
ST_DELIB 477 12 1 2 3 75 4 0 0
ST_DELIB 478 12 1 2 3 10 4 0 0
ST_DELIB 479 12 1 2 3 10 4 0 0
ST_DELIB 480 12 1 2 3 75 4 0 0
ST_DELIB 481 12 1 2 3 10 4 0 0
ST_DELIB 482 12 1 2 3 10 4 0 0
ST_DELIB 483 12 1 2 3 75 4 0 0
ST_DELIB 484 12 1 2 3 10 4 0 0
ST_DELIB 485 12 1 2 3 10 4 0 0
ST_DELIB 486 12 1 2 3 10 4 0 0
ST_DELIB 487 12 1 2 3 75 4 0 0
ST_DELIB 488 12 1 2 3 10 4 0 0
ST_DELIB 489 12 1 2 3 10 4 0 0
ST_DELIB 490 12 1 2 3 75 4 0 0
ST_DELIB 491 12 1 2 3 10 4 0 0
ST_DELIB 492 12 1 2 3 10 4 0 0
ST_DELIB 493 12 1 2 3 75 4 0 0
ST_DELIB 494 12 1 2 3 10 4 0 0
ST_DELIB 495 12 1 2 3 10 4 0 0
ST_DELIB 496 12 1 2 3 10 4 0 0
ST_DELIB 497 12 1 2 3 75 4 0 0
ST_DELIB 498 12 1 2 3 10 4 0 0
ST_DELIB 499 12 1 2 3 10 4 0 0
ST_TS 500 32 589 0 1628 0 475 0 29 150 0 0 0 0 0 0 0
ST_CELL 10 0 5 0
ST_AUDIT_N 589
ST_DROPS 0
ST_ABANDONS 0
ST_ABANDON_Q 0 0 0 0
ST_METRIC 1 30 150
ST_METRIC 8 8 8
ST_METRIC 9 8 10
ST_METRIC 10 500 500
ST_METRIC 11 30 150
ST_A_SUMMARY 0 475 0 0 1628
ST_LEDGER 589 49476
CL_CHECK,ck_replay,0,0
CL_CHECK,ck_refusals_clean,0,0
CL_CHECK,ck_core_live,1,1
CL_CHECK,ck_strength_lineage,1,1
CL_CHECK,ck_strength_lineage,1,1
CL_CHECK,ck_strength_lineage,1,1
CL_CHECK,ck_strength_lineage,1,1
CL_CHECK,ck_strength_lineage,1,1
CL_CHECK,ck_strength_lineage,1,1
CL_CHECK,ck_strength_lineage,1,1
CL_CHECK,ck_strength_lineage,1,1
CL_CHECK,ck_strength_lineage,1,1
CL_CHECK,ck_strength_lineage,1,1
CL_CHECK,ck_strength_lineage,1,1
CL_CHECK,ck_strength_lineage,1,1
CL_CHECK,ck_strength_lineage,1,1
CL_CHECK,ck_strength_lineage,1,1
CL_CHECK,ck_strength_lineage,1,1
CL_CHECK,ck_strength_lineage,1,1
CL_CHECK,ck_strength_lineage,1,1
CL_CHECK,ck_strength_lineage,1,1
CL_CHECK,ck_strength_lineage,1,1
CL_CHECK,ck_strength_lineage,1,1
CL_CHECK,ck_strength_lineage,1,1
CL_CHECK,ck_strength_lineage,1,1
CL_CHECK,ck_strength_lineage,1,1
CL_CHECK,ck_strength_lineage,1,1
CL_CHECK,ck_strength_lineage,1,1
CL_CHECK,ck_strength_lineage,1,1
CL_CHECK,ck_strength_lineage,1,1
CL_CHECK,ck_strength_lineage,1,1
CL_CHECK,ck_strength_lineage,1,1
CL_CHECK,ck_strength_lineage,1,1
CL_CHECK,ck_strength_lineage,1,1
CL_CHECK,ck_strength_lineage,1,1
CL_CHECK,ck_strength_lineage,1,1
CL_CHECK,ck_strength_lineage,1,1
CL_CHECK,ck_strength_lineage,1,1
CL_CHECK,ck_strength_lineage,1,1
CL_CHECK,ck_strength_lineage,1,1
CL_CHECK,ck_strength_lineage,1,1
CL_CHECK,ck_strength_lineage,1,1
CL_CHECK,ck_strength_lineage,1,1
CL_CHECK,ck_strength_lineage,1,1
CL_CHECK,ck_strength_lineage,1,1
CL_CHECK,ck_strength_lineage,1,1
CL_CHECK,ck_strength_lineage,1,1
CL_CHECK,ck_strength_lineage,1,1
CL_CHECK,ck_strength_lineage,1,1
CL_CHECK,ck_strength_lineage,1,1
CL_CHECK,ck_strength_lineage,1,1
CL_CHECK,ck_strength_lineage,1,1
CL_CHECK,ck_strength_lineage,1,1
CL_CHECK,ck_strength_lineage,1,1
CL_CHECK,ck_strength_lineage,1,1
CL_CHECK,ck_strength_lineage,1,1
CL_CHECK,ck_strength_lineage,1,1
CL_CHECK,ck_strength_lineage,1,1
CL_CHECK,ck_strength_lineage,1,1
CL_CHECK,ck_strength_lineage,1,1
CL_CHECK,ck_strength_lineage,1,1
CL_CHECK,ck_strength_lineage,1,1
CL_CHECK,ck_strength_lineage,1,1
CL_CHECK,ck_strength_lineage,1,1
CL_CHECK,ck_strength_lineage,1,1
CL_CHECK,ck_strength_lineage,1,1
CL_CHECK,ck_strength_lineage,1,1
CL_CHECK,ck_strength_lineage,1,1
CL_CHECK,ck_strength_lineage,1,1
CL_CHECK,ck_strength_lineage,1,1
CL_CHECK,ck_strength_lineage,1,1
CL_CHECK,ck_strength_lineage,1,1
CL_CHECK,ck_strength_lineage,1,1
CL_CHECK,ck_strength_lineage,1,1
CL_CHECK,ck_strength_lineage,1,1
CL_CHECK,ck_strength_lineage,1,1
CL_CHECK,ck_strength_lineage,1,1
CL_CHECK,ck_strength_lineage,1,1
CL_CHECK,ck_strength_lineage,1,1
CL_CHECK,ck_strength_lineage,1,1
CL_CHECK,ck_strength_lineage,1,1
CL_CHECK,ck_strength_lineage,1,1
CL_CHECK,ck_strength_lineage,1,1
CL_CHECK,ck_strength_lineage,1,1
CL_CHECK,ck_strength_lineage,1,1
CL_CHECK,ck_strength_lineage,1,1
CL_CHECK,ck_strength_lineage,1,1
CL_CHECK,ck_strength_lineage,1,1
CL_CHECK,ck_strength_lineage,1,1
CL_CHECK,ck_strength_lineage,1,1
CL_CHECK,ck_strength_lineage,1,1
CL_CHECK,ck_strength_lineage,1,1
CL_CHECK,ck_strength_lineage,1,1
CL_CHECK,ck_strength_lineage,1,1
CL_CHECK,ck_strength_lineage,1,1
CL_CHECK,ck_strength_lineage,1,1
CL_CHECK,ck_strength_lineage,1,1
CL_CHECK,ck_strength_lineage,1,1
CL_CHECK,ck_strength_lineage,1,1
CL_CHECK,ck_strength_lineage,1,1
CL_CHECK,ck_strength_lineage,1,1
CL_CHECK,ck_strength_lineage,1,1
CL_CHECK,ck_strength_lineage,1,1
CL_CHECK,ck_strength_lineage,1,1
CL_CHECK,ck_strength_lineage,1,1
CL_CHECK,ck_strength_lineage,1,1
CL_CHECK,ck_strength_lineage,1,1
CL_CHECK,ck_strength_lineage,1,1
CL_CHECK,ck_strength_lineage,1,1
CL_CHECK,ck_strength_lineage,1,1
CL_CHECK,ck_strength_lineage,1,1
CL_CHECK,ck_strength_lineage,1,1
CL_CHECK,ck_strength_lineage,1,1
CL_CHECK,ck_strength_lineage,1,1
CL_CHECK,ck_strength_lineage,1,1
CL_CHECK,ck_strength_lineage,1,1
CL_CHECK,ck_strength_lineage,1,1
CL_CHECK,ck_strength_lineage,1,1
CL_CHECK,ck_strength_lineage,1,1
CL_CHECK,ck_strength_lineage,1,1
CL_CHECK,ck_strength_lineage,1,1
CL_CHECK,ck_strength_lineage,1,1
CL_CHECK,ck_strength_lineage,1,1
CL_CHECK,ck_strength_lineage,1,1
CL_CHECK,ck_strength_lineage,1,1
CL_CHECK,ck_strength_lineage,1,1
CL_CHECK,ck_strength_lineage,1,1
CL_CHECK,ck_strength_lineage,1,1
CL_CHECK,ck_strength_lineage,1,1
CL_CHECK,ck_strength_lineage,1,1
CL_CHECK,ck_strength_lineage,1,1
CL_CHECK,ck_strength_lineage,1,1
CL_CHECK,ck_strength_lineage,1,1
CL_CHECK,ck_strength_lineage,1,1
CL_CHECK,ck_strength_lineage,1,1
CL_CHECK,ck_strength_lineage,1,1
CL_CHECK,ck_strength_lineage,1,1
CL_CHECK,ck_strength_lineage,1,1
CL_CHECK,ck_strength_lineage,1,1
CL_CHECK,ck_strength_lineage,1,1
CL_CHECK,ck_strength_lineage,1,1
CL_CHECK,ck_strength_lineage,1,1
CL_CHECK,ck_strength_lineage,1,1
CL_CHECK,ck_strength_lineage,1,1
CL_CHECK,ck_strength_lineage,1,1
CL_CHECK,ck_strength_lineage,1,1
CL_CHECK,ck_strength_lineage,1,1
CL_CHECK,ck_strength_lineage,1,1
CL_CHECK,ck_strength_lineage,1,1
CL_CHECK,ck_strength_lineage,1,1
CL_CHECK,ck_strength_lineage,1,1
CL_CHECK,ck_strength_lineage,1,1
CL_CHECK,ck_strength_lineage,1,1
CL_CHECK,ck_strength_lineage,1,1
CL_CHECK,ck_strength_lineage,1,1
CL_CHECK,ck_strength_lineage,1,1
CL_CHECK,ck_strength_lineage,1,1
CL_CHECK,ck_strength_lineage,1,1
CL_CHECK,ck_strength_lineage,1,1
CL_CHECK,ck_strength_lineage,1,1
CL_CHECK,ck_strength_lineage,1,1
CL_CHECK,ck_strength_lineage,1,1
CL_CHECK,ck_strength_lineage,1,1
CL_CHECK,ck_strength_lineage,1,1
CL_CHECK,ck_strength_lineage,1,1
CL_CHECK,ck_strength_lineage,1,1
CL_CHECK,ck_strength_lineage,1,1
CL_CHECK,ck_strength_lineage,1,1
CL_CHECK,ck_strength_lineage,1,1
CL_CHECK,ck_strength_lineage,1,1
CL_CHECK,ck_strength_lineage,1,1
CL_CHECK,ck_strength_lineage,1,1
CL_CHECK,ck_strength_lineage,1,1
CL_CHECK,ck_strength_lineage,1,1
CL_CHECK,ck_strength_lineage,1,1
CL_CHECK,ck_strength_lineage,1,1
CL_CHECK,ck_strength_lineage,1,1
CL_CHECK,ck_strength_lineage,1,1
CL_CHECK,ck_strength_lineage,1,1
CL_CHECK,ck_strength_lineage,1,1
CL_CHECK,ck_strength_lineage,1,1
CL_CHECK,ck_strength_lineage,1,1
CL_CHECK,ck_strength_lineage,1,1
CL_CHECK,ck_strength_lineage,1,1
CL_CHECK,ck_strength_lineage,1,1
CL_CHECK,ck_strength_lineage,1,1
CL_CHECK,ck_strength_lineage,1,1
CL_CHECK,ck_strength_lineage,1,1
CL_CHECK,ck_strength_lineage,1,1
CL_CHECK,ck_strength_lineage,1,1
CL_CHECK,ck_strength_lineage,1,1
CL_CHECK,ck_strength_lineage,1,1
CL_CHECK,ck_strength_lineage,1,1
CL_CHECK,ck_strength_lineage,1,1
CL_CHECK,ck_strength_lineage,1,1
CL_CHECK,ck_strength_lineage,1,1
CL_CHECK,ck_strength_lineage,1,1
CL_CHECK,ck_strength_lineage,1,1
CL_CHECK,ck_strength_lineage,1,1
CL_CHECK,ck_strength_lineage,1,1
CL_CHECK,ck_strength_lineage,1,1
CL_CHECK,ck_strength_lineage,1,1
CL_CHECK,ck_strength_lineage,1,1
CL_CHECK,ck_strength_lineage,1,1
CL_CHECK,ck_strength_lineage,1,1
CL_CHECK,ck_strength_lineage,1,1
CL_CHECK,ck_strength_lineage,1,1
CL_CHECK,ck_strength_lineage,1,1
CL_CHECK,ck_strength_lineage,1,1
CL_CHECK,ck_strength_lineage,1,1
CL_CHECK,ck_strength_lineage,1,1
CL_CHECK,ck_strength_lineage,1,1
CL_CHECK,ck_strength_lineage,1,1
CL_CHECK,ck_strength_lineage,1,1
CL_CHECK,ck_strength_lineage,1,1
CL_CHECK,ck_strength_lineage,1,1
CL_CHECK,ck_strength_lineage,1,1
CL_CHECK,ck_strength_lineage,1,1
CL_CHECK,ck_strength_lineage,1,1
CL_CHECK,ck_strength_lineage,1,1
CL_CHECK,ck_strength_lineage,1,1
CL_CHECK,ck_strength_lineage,1,1
CL_CHECK,ck_strength_lineage,1,1
CL_CHECK,ck_strength_lineage,1,1
CL_CHECK,ck_strength_lineage,1,1
CL_CHECK,ck_strength_lineage,1,1
CL_CHECK,ck_strength_lineage,1,1
CL_CHECK,ck_strength_lineage,1,1
CL_CHECK,ck_strength_lineage,1,1
CL_CHECK,ck_strength_lineage,1,1
CL_CHECK,ck_strength_lineage,1,1
CL_CHECK,ck_strength_lineage,1,1
CL_CHECK,ck_strength_lineage,1,1
CL_CHECK,ck_strength_lineage,1,1
CL_CHECK,ck_strength_lineage,1,1
CL_CHECK,ck_strength_lineage,1,1
CL_CHECK,ck_strength_lineage,1,1
CL_CHECK,ck_strength_lineage,1,1
CL_CHECK,ck_strength_lineage,1,1
CL_CHECK,ck_strength_lineage,1,1
CL_CHECK,ck_strength_lineage,1,1
CL_CHECK,ck_strength_lineage,1,1
CL_CHECK,ck_strength_lineage,1,1
CL_CHECK,ck_strength_lineage,1,1
CL_CHECK,ck_strength_lineage,1,1
CL_CHECK,ck_strength_lineage,1,1
CL_CHECK,ck_strength_lineage,1,1
CL_CHECK,ck_strength_lineage,1,1
CL_CHECK,ck_strength_lineage,1,1
CL_CHECK,ck_strength_lineage,1,1
CL_CHECK,ck_strength_lineage,1,1
CL_CHECK,ck_strength_lineage,1,1
CL_CHECK,ck_strength_lineage,1,1
CL_CHECK,ck_strength_lineage,1,1
CL_CHECK,ck_strength_lineage,1,1
CL_CHECK,ck_strength_lineage,1,1
CL_CHECK,ck_strength_lineage,1,1
CL_CHECK,ck_strength_lineage,1,1
CL_CHECK,ck_strength_lineage,1,1
CL_CHECK,ck_strength_lineage,1,1
CL_CHECK,ck_strength_lineage,1,1
CL_CHECK,ck_strength_lineage,1,1
CL_CHECK,ck_strength_lineage,1,1
CL_CHECK,ck_strength_lineage,1,1
CL_CHECK,ck_strength_lineage,1,1
CL_CHECK,ck_strength_lineage,1,1
CL_CHECK,ck_strength_lineage,1,1
CL_CHECK,ck_strength_lineage,1,1
CL_CHECK,ck_strength_lineage,1,1
CL_CHECK,ck_strength_lineage,1,1
CL_CHECK,ck_strength_lineage,1,1
CL_CHECK,ck_strength_lineage,1,1
CL_CHECK,ck_strength_lineage,1,1
CL_CHECK,ck_strength_lineage,1,1
CL_CHECK,ck_strength_lineage,1,1
CL_CHECK,ck_strength_lineage,1,1
CL_CHECK,ck_strength_lineage,1,1
CL_CHECK,ck_strength_lineage,1,1
CL_CHECK,ck_strength_lineage,1,1
CL_CHECK,ck_strength_lineage,1,1
CL_CHECK,ck_strength_lineage,1,1
CL_CHECK,ck_strength_lineage,1,1
CL_CHECK,ck_strength_lineage,1,1
CL_CHECK,ck_strength_lineage,1,1
CL_CHECK,ck_strength_lineage,1,1
CL_CHECK,ck_strength_lineage,1,1
CL_CHECK,ck_strength_lineage,1,1
CL_CHECK,ck_strength_lineage,1,1
CL_CHECK,ck_strength_lineage,1,1
CL_CHECK,ck_strength_lineage,1,1
CL_CHECK,ck_strength_lineage,1,1
CL_CHECK,ck_strength_lineage,1,1
CL_CHECK,ck_strength_lineage,1,1
CL_CHECK,ck_strength_lineage,1,1
CL_CHECK,ck_strength_lineage,1,1
CL_CHECK,ck_strength_lineage,1,1
CL_CHECK,ck_strength_lineage,1,1
CL_CHECK,ck_strength_lineage,1,1
CL_CHECK,ck_strength_lineage,1,1
CL_CHECK,ck_strength_lineage,1,1
CL_CHECK,ck_strength_lineage,1,1
CL_CHECK,ck_strength_lineage,1,1
CL_CHECK,ck_strength_lineage,1,1
CL_CHECK,ck_strength_lineage,1,1
CL_CHECK,ck_strength_lineage,1,1
CL_CHECK,ck_strength_lineage,1,1
CL_CHECK,ck_strength_lineage,1,1
CL_CHECK,ck_strength_lineage,1,1
CL_CHECK,ck_strength_lineage,1,1
CL_CHECK,ck_strength_lineage,1,1
CL_CHECK,ck_strength_lineage,1,1
CL_CHECK,ck_strength_lineage,1,1
CL_CHECK,ck_strength_lineage,1,1
CL_CHECK,ck_strength_lineage,1,1
CL_CHECK,ck_strength_lineage,1,1
CL_CHECK,ck_strength_lineage,1,1
CL_CHECK,ck_strength_lineage,1,1
CL_CHECK,ck_strength_lineage,1,1
CL_CHECK,ck_strength_lineage,1,1
CL_CHECK,ck_strength_lineage,1,1
CL_CHECK,ck_strength_lineage,1,1
CL_CHECK,ck_strength_lineage,1,1
CL_CHECK,ck_strength_lineage,1,1
CL_CHECK,ck_strength_lineage,1,1
CL_CHECK,ck_strength_lineage,1,1
CL_CHECK,ck_strength_lineage,1,1
CL_CHECK,ck_strength_lineage,1,1
CL_CHECK,ck_strength_lineage,1,1
CL_CHECK,ck_strength_lineage,1,1
CL_CHECK,ck_strength_lineage,1,1
CL_CHECK,ck_strength_lineage,1,1
CL_CHECK,ck_strength_lineage,1,1
CL_CHECK,ck_strength_lineage,1,1
CL_CHECK,ck_strength_lineage,1,1
CL_CHECK,ck_strength_lineage,1,1
CL_CHECK,ck_strength_lineage,1,1
CL_CHECK,ck_strength_lineage,1,1
CL_CHECK,ck_strength_lineage,1,1
CL_CHECK,ck_strength_lineage,1,1
CL_CHECK,ck_strength_lineage,1,1
CL_CHECK,ck_strength_lineage,1,1
CL_CHECK,ck_strength_lineage,1,1
CL_CHECK,ck_strength_lineage,1,1
CL_CHECK,ck_strength_lineage,1,1
CL_CHECK,ck_strength_lineage,1,1
CL_CHECK,ck_strength_lineage,1,1
CL_CHECK,ck_strength_lineage,1,1
CL_CHECK,ck_strength_lineage,1,1
CL_CHECK,ck_strength_lineage,1,1
CL_CHECK,ck_strength_lineage,1,1
CL_CHECK,ck_strength_lineage,1,1
CL_CHECK,ck_strength_lineage,1,1
CL_CHECK,ck_strength_lineage,1,1
CL_CHECK,ck_strength_lineage,1,1
CL_CHECK,ck_strength_lineage,1,1
CL_CHECK,ck_strength_lineage,1,1
CL_CHECK,ck_strength_lineage,1,1
CL_CHECK,ck_strength_lineage,1,1
CL_CHECK,ck_strength_lineage,1,1
CL_CHECK,ck_strength_lineage,1,1
CL_CHECK,ck_strength_lineage,1,1
CL_CHECK,ck_strength_lineage,1,1
CL_CHECK,ck_strength_lineage,1,1
CL_CHECK,ck_strength_lineage,1,1
CL_CHECK,ck_strength_lineage,1,1
CL_CHECK,ck_strength_lineage,1,1
CL_CHECK,ck_strength_lineage,1,1
CL_CHECK,ck_strength_lineage,1,1
CL_CHECK,ck_strength_lineage,1,1
CL_CHECK,ck_strength_lineage,1,1
CL_CHECK,ck_strength_lineage,1,1
CL_CHECK,ck_strength_lineage,1,1
CL_CHECK,ck_strength_lineage,1,1
CL_CHECK,ck_no_bad_kill,0,0
CL_CHECK,ck_no_bad_forcepin,0,0
CL_CHECK,ck_no_bad_code,0,0
CL_CHECK,ck_no_bad_role,0,0
CL_CHECK,ck_no_bad_pexp,0,0
CL_CHECK,ck_no_bad_recycle,0,0
ST_FINGERPRINT -1761557634
ST_INVALID 0
ST_DONE
