ST_TS 0 2 3 0 0 0 0 0 0 0 0 0 0 0 0 0 0
ST_TS 25 27 29 0 0 0 0 0 0 7 0 0 0 0 0 0 0
ST_DELIB 30 2 1 2 3 10 1 0 0
ST_DELIB 31 5 1 2 3 10 1 0 0
ST_DELIB 32 8 1 2 3 10 1 0 0
ST_DELIB 33 3 1 2 3 10 1 0 0
ST_DELIB 34 11 1 2 3 10 1 0 0
ST_DELIB 35 6 1 2 3 10 1 0 0
ST_DELIB 36 13 1 2 3 10 1 0 0
ST_DELIB 37 9 1 2 3 10 1 0 0
ST_DELIB 38 12 1 2 3 10 1 0 0
ST_DELIB 39 16 1 2 3 10 1 0 0
ST_DELIB 40 15 1 2 3 10 1 0 0
ST_DELIB 41 18 1 2 3 10 1 0 0
ST_DELIB 42 19 1 2 3 10 1 0 0
ST_DELIB 43 2 1 2 3 10 1 0 0
ST_DELIB 44 21 1 2 3 10 1 0 0
ST_DELIB 45 22 1 2 3 10 1 0 0
ST_DELIB 46 23 1 2 3 10 1 0 0
ST_DELIB 47 3 1 2 3 10 1 0 0
ST_DELIB 48 25 1 2 3 10 1 0 0
ST_DELIB 49 26 1 2 3 10 1 0 0
ST_TS 50 32 61 0 20 0 20 0 7 15 0 0 0 0 0 0 0
ST_DELIB 50 13 1 2 3 10 1 0 0
ST_DELIB 51 28 1 2 3 10 1 0 0
ST_DELIB 52 29 1 2 3 10 1 0 0
ST_DELIB 53 16 1 2 3 10 1 0 0
ST_DELIB 54 31 1 2 3 10 1 0 0
ST_DELIB 55 28 1 2 3 10 1 0 0
ST_DELIB 56 5 1 2 3 10 1 0 0
ST_DELIB 57 31 1 2 3 10 1 0 0
ST_DELIB 58 31 1 2 3 10 1 0 0
ST_DELIB 59 11 1 2 3 10 1 0 0
ST_DELIB 60 3 1 2 3 10 1 0 0
ST_DELIB 61 3 1 2 3 10 1 0 0
ST_DELIB 62 9 1 2 3 10 1 0 0
ST_DELIB 63 5 1 2 3 10 1 0 0
ST_DELIB 64 5 1 2 3 10 1 0 0
ST_DELIB 65 15 1 2 3 10 1 0 0
ST_DELIB 66 18 1 2 3 10 1 0 0
ST_DELIB 67 18 1 2 3 10 1 0 0
ST_DELIB 68 2 1 2 3 10 1 0 0
ST_DELIB 69 21 1 2 3 10 1 0 0
ST_DELIB 70 21 1 2 3 10 1 0 0
ST_DELIB 71 23 1 2 3 10 1 0 0
ST_DELIB 72 11 1 2 3 10 1 0 0
ST_DELIB 73 13 1 2 3 10 1 0 0
ST_DELIB 74 26 1 2 3 10 1 0 0
ST_TS 75 32 102 0 45 0 45 0 15 22 0 0 0 0 0 0 0
ST_DELIB 75 16 1 2 3 10 1 0 0
ST_DELIB 76 23 1 2 3 10 1 0 0
ST_DELIB 77 26 1 2 3 10 1 0 0
ST_DELIB 78 26 1 2 3 10 1 0 0
ST_DELIB 79 3 1 2 3 10 1 0 0
ST_DELIB 80 3 1 2 3 10 1 0 0
ST_DELIB 81 3 1 2 3 10 1 0 0
ST_DELIB 82 3 1 2 3 10 1 0 0
ST_DELIB 83 5 1 2 3 10 1 0 0
ST_DELIB 84 5 1 2 3 10 1 0 0
ST_DELIB 85 5 1 2 3 10 1 0 0
ST_DELIB 86 13 1 2 3 10 1 0 0
ST_DELIB 87 13 1 2 3 10 1 0 0
ST_DELIB 88 13 1 2 3 10 1 0 0
ST_DELIB 89 18 1 2 3 10 1 0 0
ST_DELIB 90 18 1 2 3 10 1 0 0
ST_DELIB 91 18 1 2 3 10 1 0 0
ST_DELIB 92 18 1 2 3 10 1 0 0
ST_DELIB 93 21 1 2 3 10 1 0 0
ST_DELIB 94 21 1 2 3 10 1 0 0
ST_DELIB 95 21 1 2 3 10 1 0 0
ST_DELIB 96 23 1 2 3 10 1 0 0
ST_DELIB 97 23 1 2 3 10 1 0 0
ST_DELIB 98 23 1 2 3 10 1 0 0
ST_DELIB 99 16 1 2 3 75 3 0 0
ST_TS 100 32 142 0 72 0 70 0 22 30 0 0 0 0 0 0 0
ST_DELIB 100 16 1 2 3 10 3 0 0
ST_DELIB 100 16 2 2 4 10 3 0 0
ST_DELIB 100 26 2 2 4 75 3 0 0
ST_DELIB 101 16 1 2 3 1 3 0 0
ST_DELIB 102 26 1 2 3 1 3 0 0
ST_DELIB 103 16 1 2 3 10 3 0 0
ST_DELIB 104 16 1 2 3 10 3 0 0
ST_DELIB 105 16 1 2 3 10 3 0 0
ST_DELIB 106 16 1 2 3 75 3 0 0
ST_DELIB 107 16 1 2 3 10 3 0 0
ST_DELIB 108 16 1 2 3 10 3 0 0
ST_DELIB 109 26 1 2 3 75 3 0 0
ST_DELIB 110 26 1 2 3 10 3 0 0
ST_DELIB 111 26 1 2 3 10 3 0 0
ST_DELIB 112 26 1 2 3 10 3 0 0
ST_DELIB 113 18 1 2 3 75 3 0 0
ST_DELIB 114 18 1 2 3 10 3 0 0
ST_DELIB 115 18 1 2 3 10 3 0 0
ST_DELIB 116 21 1 2 3 75 3 0 0
ST_DELIB 117 21 1 2 3 10 3 0 0
ST_DELIB 118 21 1 2 3 10 3 0 0
ST_DELIB 119 23 1 2 3 75 3 0 0
ST_DELIB 120 23 1 2 3 10 3 0 0
ST_DELIB 121 23 1 2 3 10 3 0 0
ST_DELIB 122 23 1 2 3 10 3 0 0
ST_DELIB 123 23 1 2 3 75 3 0 0
ST_DELIB 124 23 1 2 3 10 3 0 0
ST_TS 125 32 180 0 153 0 97 0 25 37 0 0 0 0 0 0 0
ST_DELIB 125 23 1 2 3 10 3 0 0
ST_DELIB 126 23 1 2 3 75 3 0 0
ST_DELIB 127 23 1 2 3 10 3 0 0
ST_DELIB 128 23 1 2 3 10 3 0 0
ST_DELIB 129 23 1 2 3 75 3 0 0
ST_DELIB 130 23 1 2 3 10 3 0 0
ST_DELIB 131 23 1 2 3 10 3 0 0
ST_DELIB 132 23 1 2 3 10 3 0 0
ST_DELIB 133 23 1 2 3 75 3 0 0
ST_DELIB 134 23 1 2 3 10 3 0 0
ST_DELIB 135 23 1 2 3 10 3 0 0
ST_DELIB 136 23 1 2 3 75 3 0 0
ST_DELIB 137 23 1 2 3 10 3 0 0
ST_DELIB 138 23 1 2 3 10 3 0 0
ST_DELIB 139 23 1 2 3 75 3 0 0
ST_DELIB 140 23 1 2 3 10 3 0 0
ST_DELIB 141 23 1 2 3 10 3 0 0
ST_DELIB 142 23 1 2 3 10 3 0 0
ST_DELIB 143 23 1 2 3 75 3 0 0
ST_DELIB 144 23 1 2 3 10 3 0 0
ST_DELIB 145 23 1 2 3 10 3 0 0
ST_DELIB 146 23 1 2 3 75 3 0 0
ST_DELIB 147 23 1 2 3 10 3 0 0
ST_DELIB 148 23 1 2 3 10 3 0 0
ST_DELIB 149 23 1 2 3 75 3 0 0
ST_TS 150 32 212 0 228 0 122 0 29 45 0 0 0 0 0 0 0
ST_DELIB 150 23 1 2 3 10 3 0 0
ST_DELIB 151 23 1 2 3 10 3 0 0
ST_DELIB 152 23 1 2 3 10 3 0 0
ST_DELIB 153 23 1 2 3 75 3 0 0
ST_DELIB 154 23 1 2 3 10 3 0 0
ST_DELIB 155 23 1 2 3 10 3 0 0
ST_DELIB 156 23 1 2 3 75 3 0 0
ST_DELIB 157 23 1 2 3 10 3 0 0
ST_DELIB 158 23 1 2 3 10 3 0 0
ST_DELIB 159 11 1 2 2 90 4 0 1
ST_DELIB 160 11 1 2 3 10 4 0 0
ST_DELIB 161 11 1 2 3 10 4 0 0
ST_DELIB 162 11 1 2 3 10 4 0 0
ST_DELIB 163 11 1 2 3 75 4 0 0
ST_DELIB 164 11 1 2 3 10 4 0 0
ST_DELIB 165 11 1 2 3 10 4 0 0
ST_DELIB 166 11 1 2 3 75 4 0 0
ST_DELIB 167 11 1 2 3 10 4 0 0
ST_DELIB 168 11 1 2 3 10 4 0 0
ST_DELIB 169 11 1 2 3 75 4 0 0
ST_DELIB 170 11 1 2 3 10 4 0 0
ST_DELIB 171 11 1 2 3 10 4 0 0
ST_DELIB 172 11 1 2 3 10 4 0 0
ST_DELIB 173 11 1 2 3 75 4 0 0
ST_DELIB 174 11 1 2 3 10 4 0 0
ST_TS 175 32 242 0 319 0 147 0 28 52 0 0 0 0 0 0 0
ST_DELIB 175 11 1 2 3 10 4 0 0
ST_DELIB 176 11 1 2 3 75 4 0 0
ST_DELIB 177 11 1 2 3 10 4 0 0
ST_DELIB 178 11 1 2 3 10 4 0 0
ST_DELIB 179 11 1 2 3 75 4 0 0
ST_DELIB 180 11 1 2 3 10 4 0 0
ST_DELIB 181 11 1 2 3 10 4 0 0
ST_DELIB 182 11 1 2 3 10 4 0 0
ST_DELIB 183 11 1 2 3 75 4 0 0
ST_DELIB 184 11 1 2 3 10 4 0 0
ST_DELIB 185 11 1 2 3 10 4 0 0
ST_DELIB 186 11 1 2 3 75 4 0 0
ST_DELIB 187 11 1 2 3 10 4 0 0
ST_DELIB 188 11 1 2 3 10 4 0 0
ST_DELIB 189 11 1 2 3 75 4 0 0
ST_DELIB 190 11 1 2 3 10 4 0 0
ST_DELIB 191 11 1 2 3 10 4 0 0
ST_DELIB 192 11 1 2 3 10 4 0 0
ST_DELIB 193 11 1 2 3 75 4 0 0
ST_DELIB 194 11 1 2 3 10 4 0 0
ST_DELIB 195 11 1 2 3 10 4 0 0
ST_DELIB 196 11 1 2 3 75 4 0 0
ST_DELIB 197 11 1 2 3 10 4 0 0
ST_DELIB 198 11 1 2 3 10 4 0 0
ST_DELIB 199 11 1 2 3 75 4 0 0
ST_TS 200 32 268 0 419 0 172 0 29 60 0 0 0 0 0 0 0
ST_DELIB 200 11 1 2 3 10 4 0 0
ST_DELIB 200 11 2 2 4 10 4 0 0
ST_DELIB 200 14 2 3 5 90 4 0 1
ST_DELIB 200 17 2 3 5 90 4 0 1
ST_DELIB 200 19 2 3 5 90 4 0 1
ST_DELIB 200 20 2 3 5 90 4 0 1
ST_DELIB 200 22 2 3 5 90 4 0 1
ST_DELIB 200 25 2 3 5 90 4 0 1
ST_DELIB 200 2 2 3 5 90 4 0 1
ST_DELIB 201 11 1 2 3 1 4 0 0
ST_DELIB 202 11 1 2 3 10 4 0 0
ST_DELIB 203 11 1 2 3 75 4 0 0
ST_DELIB 204 11 1 2 3 10 4 0 0
ST_DELIB 205 11 1 2 3 10 4 0 0
ST_DELIB 206 11 1 2 3 75 4 0 0
ST_DELIB 207 11 1 2 3 10 4 0 0
ST_DELIB 208 11 1 2 3 10 4 0 0
ST_DELIB 209 14 1 2 2 90 4 0 1
ST_DELIB 210 14 1 2 3 10 4 0 0
ST_DELIB 211 14 1 2 3 10 4 0 0
ST_DELIB 212 14 1 2 3 10 4 0 0
ST_DELIB 213 14 1 2 3 75 4 0 0
ST_DELIB 214 14 1 2 3 10 4 0 0
ST_DELIB 215 14 1 2 3 10 4 0 0
ST_DELIB 216 14 1 2 3 75 4 0 0
ST_DELIB 217 14 1 2 3 10 4 0 0
ST_DELIB 218 14 1 2 3 10 4 0 0
ST_DELIB 219 14 1 2 3 75 4 0 0
ST_DELIB 220 14 1 2 3 10 4 0 0
ST_DELIB 221 14 1 2 3 10 4 0 0
ST_DELIB 222 14 1 2 3 10 4 0 0
ST_DELIB 223 14 1 2 3 75 4 0 0
ST_DELIB 224 14 1 2 3 10 4 0 0
ST_TS 225 32 296 0 523 0 198 0 28 67 0 0 0 0 0 0 0
ST_DELIB 225 14 1 2 3 10 4 0 0
ST_DELIB 226 14 1 2 3 75 4 0 0
ST_DELIB 227 14 1 2 3 10 4 0 0
ST_DELIB 228 14 1 2 3 10 4 0 0
ST_DELIB 229 14 1 2 3 75 4 0 0
ST_DELIB 230 14 1 2 3 10 4 0 0
ST_DELIB 231 14 1 2 3 10 4 0 0
ST_DELIB 232 14 1 2 3 10 4 0 0
ST_DELIB 233 14 1 2 3 75 4 0 0
ST_DELIB 234 14 1 2 3 10 4 0 0
ST_DELIB 235 14 1 2 3 10 4 0 0
ST_DELIB 236 14 1 2 3 75 4 0 0
ST_DELIB 237 14 1 2 3 10 4 0 0
ST_DELIB 238 14 1 2 3 10 4 0 0
ST_DELIB 239 14 1 2 3 75 4 0 0
ST_DELIB 240 14 1 2 3 10 4 0 0
ST_DELIB 241 14 1 2 3 10 4 0 0
ST_DELIB 242 14 1 2 3 10 4 0 0
ST_DELIB 243 14 1 2 3 75 4 0 0
ST_DELIB 244 14 1 2 3 10 4 0 0
ST_DELIB 245 14 1 2 3 10 4 0 0
ST_DELIB 246 14 1 2 3 75 4 0 0
ST_DELIB 247 14 1 2 3 10 4 0 0
ST_DELIB 248 14 1 2 3 10 4 0 0
ST_DELIB 249 14 1 2 3 75 4 0 0
ST_TS 250 32 322 0 623 0 223 0 29 75 0 0 0 0 0 0 0
ST_DELIB 250 14 1 2 3 10 4 0 0
ST_DELIB 251 14 1 2 3 10 4 0 0
ST_DELIB 252 14 1 2 3 10 4 0 0
ST_DELIB 253 14 1 2 3 75 4 0 0
ST_DELIB 254 14 1 2 3 10 4 0 0
ST_DELIB 255 14 1 2 3 10 4 0 0
ST_DELIB 256 14 1 2 3 75 4 0 0
ST_DELIB 257 14 1 2 3 10 4 0 0
ST_DELIB 258 14 1 2 3 10 4 0 0
ST_DELIB 259 17 1 2 2 90 4 0 1
ST_DELIB 260 17 1 2 3 10 4 0 0
ST_DELIB 261 17 1 2 3 10 4 0 0
ST_DELIB 262 17 1 2 3 10 4 0 0
ST_DELIB 263 17 1 2 3 75 4 0 0
ST_DELIB 264 17 1 2 3 10 4 0 0
ST_DELIB 265 17 1 2 3 10 4 0 0
ST_DELIB 266 17 1 2 3 75 4 0 0
ST_DELIB 267 17 1 2 3 10 4 0 0
ST_DELIB 268 17 1 2 3 10 4 0 0
ST_DELIB 269 17 1 2 3 75 4 0 0
ST_DELIB 270 17 1 2 3 10 4 0 0
ST_DELIB 271 17 1 2 3 10 4 0 0
ST_DELIB 272 17 1 2 3 10 4 0 0
ST_DELIB 273 17 1 2 3 75 4 0 0
ST_DELIB 274 17 1 2 3 10 4 0 0
ST_TS 275 32 349 0 723 0 248 0 28 82 0 0 0 0 0 0 0
ST_DELIB 275 17 1 2 3 10 4 0 0
ST_DELIB 276 17 1 2 3 75 4 0 0
ST_DELIB 277 17 1 2 3 10 4 0 0
ST_DELIB 278 17 1 2 3 10 4 0 0
ST_DELIB 279 17 1 2 3 75 4 0 0
ST_DELIB 280 17 1 2 3 10 4 0 0
ST_DELIB 281 17 1 2 3 10 4 0 0
ST_DELIB 282 17 1 2 3 10 4 0 0
ST_DELIB 283 17 1 2 3 75 4 0 0
ST_DELIB 284 17 1 2 3 10 4 0 0
ST_DELIB 285 17 1 2 3 10 4 0 0
ST_DELIB 286 17 1 2 3 75 4 0 0
ST_DELIB 287 17 1 2 3 10 4 0 0
ST_DELIB 288 17 1 2 3 10 4 0 0
ST_DELIB 289 17 1 2 3 75 4 0 0
ST_DELIB 290 17 1 2 3 10 4 0 0
ST_DELIB 291 17 1 2 3 10 4 0 0
ST_DELIB 292 17 1 2 3 10 4 0 0
ST_DELIB 293 17 1 2 3 75 4 0 0
ST_DELIB 294 17 1 2 3 10 4 0 0
ST_DELIB 295 17 1 2 3 10 4 0 0
ST_DELIB 296 17 1 2 3 75 4 0 0
ST_DELIB 297 17 1 2 3 10 4 0 0
ST_DELIB 298 17 1 2 3 10 4 0 0
ST_DELIB 299 17 1 2 3 75 4 0 0
ST_TS 300 32 375 0 823 0 273 0 29 90 0 0 0 0 0 0 0
ST_DELIB 300 17 1 2 3 10 4 0 0
ST_DELIB 300 17 2 2 4 10 4 0 0
ST_DELIB 300 19 2 3 5 90 4 0 1
ST_DELIB 300 20 2 3 5 90 4 0 1
ST_DELIB 300 22 2 3 5 90 4 0 1
ST_DELIB 300 25 2 3 5 90 4 0 1
ST_DELIB 300 2 2 3 5 90 4 0 1
ST_DELIB 300 4 2 3 5 90 4 0 1
ST_DELIB 300 6 2 3 5 90 4 0 1
ST_DELIB 301 17 1 2 3 1 4 0 0
ST_DELIB 302 17 1 2 3 10 4 0 0
ST_DELIB 303 17 1 2 3 75 4 0 0
ST_DELIB 304 17 1 2 3 10 4 0 0
ST_DELIB 305 17 1 2 3 10 4 0 0
ST_DELIB 306 17 1 2 3 75 4 0 0
ST_DELIB 307 17 1 2 3 10 4 0 0
ST_DELIB 308 17 1 2 3 10 4 0 0
ST_DELIB 309 19 1 2 2 90 4 0 1
ST_DELIB 310 19 1 2 3 10 4 0 0
ST_DELIB 311 19 1 2 3 10 4 0 0
ST_DELIB 312 19 1 2 3 10 4 0 0
ST_DELIB 313 19 1 2 3 75 4 0 0
ST_DELIB 314 19 1 2 3 10 4 0 0
ST_DELIB 315 19 1 2 3 10 4 0 0
ST_DELIB 316 19 1 2 3 75 4 0 0
ST_DELIB 317 19 1 2 3 10 4 0 0
ST_DELIB 318 19 1 2 3 10 4 0 0
ST_DELIB 319 19 1 2 3 75 4 0 0
ST_DELIB 320 19 1 2 3 10 4 0 0
ST_DELIB 321 19 1 2 3 10 4 0 0
ST_DELIB 322 19 1 2 3 10 4 0 0
ST_DELIB 323 19 1 2 3 75 4 0 0
ST_DELIB 324 19 1 2 3 10 4 0 0
ST_TS 325 32 403 0 927 0 299 0 28 97 0 0 0 0 0 0 0
ST_DELIB 325 19 1 2 3 10 4 0 0
ST_DELIB 326 19 1 2 3 75 4 0 0
ST_DELIB 327 19 1 2 3 10 4 0 0
ST_DELIB 328 19 1 2 3 10 4 0 0
ST_DELIB 329 19 1 2 3 75 4 0 0
ST_DELIB 330 19 1 2 3 10 4 0 0
ST_DELIB 331 19 1 2 3 10 4 0 0
ST_DELIB 332 19 1 2 3 10 4 0 0
ST_DELIB 333 19 1 2 3 75 4 0 0
ST_DELIB 334 19 1 2 3 10 4 0 0
ST_DELIB 335 19 1 2 3 10 4 0 0
ST_DELIB 336 19 1 2 3 75 4 0 0
ST_DELIB 337 19 1 2 3 10 4 0 0
ST_DELIB 338 19 1 2 3 10 4 0 0
ST_DELIB 339 19 1 2 3 75 4 0 0
ST_DELIB 340 19 1 2 3 10 4 0 0
ST_DELIB 341 19 1 2 3 10 4 0 0
ST_DELIB 342 19 1 2 3 10 4 0 0
ST_DELIB 343 19 1 2 3 75 4 0 0
ST_DELIB 344 19 1 2 3 10 4 0 0
ST_DELIB 345 19 1 2 3 10 4 0 0
ST_DELIB 346 19 1 2 3 75 4 0 0
ST_DELIB 347 19 1 2 3 10 4 0 0
ST_DELIB 348 19 1 2 3 10 4 0 0
ST_DELIB 349 19 1 2 3 75 4 0 0
ST_TS 350 32 429 0 1027 0 324 0 29 105 0 0 0 0 0 0 0
ST_DELIB 350 19 1 2 3 10 4 0 0
ST_DELIB 351 19 1 2 3 10 4 0 0
ST_DELIB 352 19 1 2 3 10 4 0 0
ST_DELIB 353 19 1 2 3 75 4 0 0
ST_DELIB 354 19 1 2 3 10 4 0 0
ST_DELIB 355 19 1 2 3 10 4 0 0
ST_DELIB 356 19 1 2 3 75 4 0 0
ST_DELIB 357 19 1 2 3 10 4 0 0
ST_DELIB 358 19 1 2 3 10 4 0 0
ST_DELIB 359 20 1 2 2 90 4 0 1
ST_DELIB 360 20 1 2 3 10 4 0 0
ST_DELIB 361 20 1 2 3 10 4 0 0
ST_DELIB 362 20 1 2 3 10 4 0 0
ST_DELIB 363 20 1 2 3 75 4 0 0
ST_DELIB 364 20 1 2 3 10 4 0 0
ST_DELIB 365 20 1 2 3 10 4 0 0
ST_DELIB 366 20 1 2 3 75 4 0 0
ST_DELIB 367 20 1 2 3 10 4 0 0
ST_DELIB 368 20 1 2 3 10 4 0 0
ST_DELIB 369 20 1 2 3 75 4 0 0
ST_DELIB 370 20 1 2 3 10 4 0 0
ST_DELIB 371 20 1 2 3 10 4 0 0
ST_DELIB 372 20 1 2 3 10 4 0 0
ST_DELIB 373 20 1 2 3 75 4 0 0
ST_DELIB 374 20 1 2 3 10 4 0 0
ST_TS 375 32 456 0 1127 0 349 0 28 112 0 0 0 0 0 0 0
ST_DELIB 375 20 1 2 3 10 4 0 0
ST_DELIB 376 20 1 2 3 75 4 0 0
ST_DELIB 377 20 1 2 3 10 4 0 0
ST_DELIB 378 20 1 2 3 10 4 0 0
ST_DELIB 379 20 1 2 3 75 4 0 0
ST_DELIB 380 20 1 2 3 10 4 0 0
ST_DELIB 381 20 1 2 3 10 4 0 0
ST_DELIB 382 20 1 2 3 10 4 0 0
ST_DELIB 383 20 1 2 3 75 4 0 0
ST_DELIB 384 20 1 2 3 10 4 0 0
ST_DELIB 385 20 1 2 3 10 4 0 0
ST_DELIB 386 20 1 2 3 75 4 0 0
ST_DELIB 387 20 1 2 3 10 4 0 0
ST_DELIB 388 20 1 2 3 10 4 0 0
ST_DELIB 389 20 1 2 3 75 4 0 0
ST_DELIB 390 20 1 2 3 10 4 0 0
ST_DELIB 391 20 1 2 3 10 4 0 0
ST_DELIB 392 20 1 2 3 10 4 0 0
ST_DELIB 393 20 1 2 3 75 4 0 0
ST_DELIB 394 20 1 2 3 10 4 0 0
ST_DELIB 395 20 1 2 3 10 4 0 0
ST_DELIB 396 20 1 2 3 75 4 0 0
ST_DELIB 397 20 1 2 3 10 4 0 0
ST_DELIB 398 20 1 2 3 10 4 0 0
ST_DELIB 399 20 1 2 3 75 4 0 0
ST_TS 400 32 482 0 1227 0 374 0 29 120 0 0 0 0 0 0 0
ST_DELIB 400 20 1 2 3 10 4 0 0
ST_DELIB 400 20 2 2 4 10 4 0 0
ST_DELIB 400 22 2 3 5 90 4 0 1
ST_DELIB 400 25 2 3 5 90 4 0 1
ST_DELIB 400 2 2 3 5 90 4 0 1
ST_DELIB 400 4 2 3 5 90 4 0 1
ST_DELIB 400 6 2 3 5 90 4 0 1
ST_DELIB 400 7 2 3 5 90 4 0 1
ST_DELIB 400 8 2 3 5 90 4 0 1
ST_DELIB 401 20 1 2 3 1 4 0 0
ST_DELIB 402 20 1 2 3 10 4 0 0
ST_DELIB 403 20 1 2 3 75 4 0 0
ST_DELIB 404 20 1 2 3 10 4 0 0
ST_DELIB 405 20 1 2 3 10 4 0 0
ST_DELIB 406 20 1 2 3 75 4 0 0
ST_DELIB 407 20 1 2 3 10 4 0 0
ST_DELIB 408 20 1 2 3 10 4 0 0
ST_DELIB 409 22 1 2 2 90 4 0 1
ST_DELIB 410 22 1 2 3 10 4 0 0
ST_DELIB 411 22 1 2 3 10 4 0 0
ST_DELIB 412 22 1 2 3 10 4 0 0
ST_DELIB 413 22 1 2 3 75 4 0 0
ST_DELIB 414 22 1 2 3 10 4 0 0
ST_DELIB 415 22 1 2 3 10 4 0 0
ST_DELIB 416 22 1 2 3 75 4 0 0
ST_DELIB 417 22 1 2 3 10 4 0 0
ST_DELIB 418 22 1 2 3 10 4 0 0
ST_DELIB 419 22 1 2 3 75 4 0 0
ST_DELIB 420 22 1 2 3 10 4 0 0
ST_DELIB 421 22 1 2 3 10 4 0 0
ST_DELIB 422 22 1 2 3 10 4 0 0
ST_DELIB 423 22 1 2 3 75 4 0 0
ST_DELIB 424 22 1 2 3 10 4 0 0
ST_TS 425 32 510 0 1331 0 400 0 28 127 0 0 0 0 0 0 0
ST_DELIB 425 22 1 2 3 10 4 0 0
ST_DELIB 426 22 1 2 3 75 4 0 0
ST_DELIB 427 22 1 2 3 10 4 0 0
ST_DELIB 428 22 1 2 3 10 4 0 0
ST_DELIB 429 22 1 2 3 75 4 0 0
ST_DELIB 430 22 1 2 3 10 4 0 0
ST_DELIB 431 22 1 2 3 10 4 0 0
ST_DELIB 432 22 1 2 3 10 4 0 0
ST_DELIB 433 22 1 2 3 75 4 0 0
ST_DELIB 434 22 1 2 3 10 4 0 0
ST_DELIB 435 22 1 2 3 10 4 0 0
ST_DELIB 436 22 1 2 3 75 4 0 0
ST_DELIB 437 22 1 2 3 10 4 0 0
ST_DELIB 438 22 1 2 3 10 4 0 0
ST_DELIB 439 22 1 2 3 75 4 0 0
ST_DELIB 440 22 1 2 3 10 4 0 0
ST_DELIB 441 22 1 2 3 10 4 0 0
ST_DELIB 442 22 1 2 3 10 4 0 0
ST_DELIB 443 22 1 2 3 75 4 0 0
ST_DELIB 444 22 1 2 3 10 4 0 0
ST_DELIB 445 22 1 2 3 10 4 0 0
ST_DELIB 446 22 1 2 3 75 4 0 0
ST_DELIB 447 22 1 2 3 10 4 0 0
ST_DELIB 448 22 1 2 3 10 4 0 0
ST_DELIB 449 22 1 2 3 75 4 0 0
ST_TS 450 32 536 0 1431 0 425 0 29 135 0 0 0 0 0 0 0
ST_DELIB 450 22 1 2 3 10 4 0 0
ST_DELIB 451 22 1 2 3 10 4 0 0
ST_DELIB 452 22 1 2 3 10 4 0 0
ST_DELIB 453 22 1 2 3 75 4 0 0
ST_DELIB 454 22 1 2 3 10 4 0 0
ST_DELIB 455 22 1 2 3 10 4 0 0
ST_DELIB 456 22 1 2 3 75 4 0 0
ST_DELIB 457 22 1 2 3 10 4 0 0
ST_DELIB 458 22 1 2 3 10 4 0 0
ST_DELIB 459 25 1 2 2 90 4 0 1
ST_DELIB 460 25 1 2 3 10 4 0 0
ST_DELIB 461 25 1 2 3 10 4 0 0
ST_DELIB 462 25 1 2 3 10 4 0 0
ST_DELIB 463 25 1 2 3 75 4 0 0
ST_DELIB 464 25 1 2 3 10 4 0 0
ST_DELIB 465 25 1 2 3 10 4 0 0
ST_DELIB 466 25 1 2 3 75 4 0 0
ST_DELIB 467 25 1 2 3 10 4 0 0
ST_DELIB 468 25 1 2 3 10 4 0 0
ST_DELIB 469 25 1 2 3 75 4 0 0
ST_DELIB 470 25 1 2 3 10 4 0 0
ST_DELIB 471 25 1 2 3 10 4 0 0
ST_DELIB 472 25 1 2 3 10 4 0 0
ST_DELIB 473 25 1 2 3 75 4 0 0
ST_DELIB 474 25 1 2 3 10 4 0 0
ST_TS 475 32 563 0 1531 0 450 0 28 142 0 0 0 0 0 0 0
ST_DELIB 475 25 1 2 3 10 4 0 0
ST_DELIB 476 25 1 2 3 75 4 0 0
ST_DELIB 477 25 1 2 3 10 4 0 0
ST_DELIB 478 25 1 2 3 10 4 0 0
ST_DELIB 479 25 1 2 3 75 4 0 0
ST_DELIB 480 25 1 2 3 10 4 0 0
ST_DELIB 481 25 1 2 3 10 4 0 0
ST_DELIB 482 25 1 2 3 10 4 0 0
ST_DELIB 483 25 1 2 3 75 4 0 0
ST_DELIB 484 25 1 2 3 10 4 0 0
ST_DELIB 485 25 1 2 3 10 4 0 0
ST_DELIB 486 25 1 2 3 75 4 0 0
ST_DELIB 487 25 1 2 3 10 4 0 0
ST_DELIB 488 25 1 2 3 10 4 0 0
ST_DELIB 489 25 1 2 3 75 4 0 0
ST_DELIB 490 25 1 2 3 10 4 0 0
ST_DELIB 491 25 1 2 3 10 4 0 0
ST_DELIB 492 25 1 2 3 10 4 0 0
ST_DELIB 493 25 1 2 3 75 4 0 0
ST_DELIB 494 25 1 2 3 10 4 0 0
ST_DELIB 495 25 1 2 3 10 4 0 0
ST_DELIB 496 25 1 2 3 75 4 0 0
ST_DELIB 497 25 1 2 3 10 4 0 0
ST_DELIB 498 25 1 2 3 10 4 0 0
ST_DELIB 499 25 1 2 3 75 4 0 0
ST_TS 500 32 589 0 1631 0 475 0 29 150 0 0 0 0 0 0 0
ST_CELL 10 0 1 0
ST_AUDIT_N 589
ST_DROPS 0
ST_ABANDONS 0
ST_ABANDON_Q 0 0 0 0
ST_METRIC 1 29 150
ST_METRIC 8 8 8
ST_METRIC 9 8 10
ST_METRIC 10 500 500
ST_METRIC 11 29 150
ST_A_SUMMARY 0 475 0 0 1631
ST_LEDGER 589 49476
CL_CHECK,ck_replay,0,0
CL_CHECK,ck_refusals_clean,0,0
CL_CHECK,ck_core_live,1,1
CL_CHECK,ck_strength_lineage,1,1
CL_CHECK,ck_strength_lineage,1,1
CL_CHECK,ck_strength_lineage,1,1
CL_CHECK,ck_strength_lineage,1,1
CL_CHECK,ck_strength_lineage,1,1
CL_CHECK,ck_strength_lineage,1,1
CL_CHECK,ck_strength_lineage,1,1
CL_CHECK,ck_strength_lineage,1,1
CL_CHECK,ck_strength_lineage,1,1
CL_CHECK,ck_strength_lineage,1,1
CL_CHECK,ck_strength_lineage,1,1
CL_CHECK,ck_strength_lineage,1,1
CL_CHECK,ck_strength_lineage,1,1
CL_CHECK,ck_strength_lineage,1,1
CL_CHECK,ck_strength_lineage,1,1
CL_CHECK,ck_strength_lineage,1,1
CL_CHECK,ck_strength_lineage,1,1
CL_CHECK,ck_strength_lineage,1,1
CL_CHECK,ck_strength_lineage,1,1
CL_CHECK,ck_strength_lineage,1,1
CL_CHECK,ck_strength_lineage,1,1
CL_CHECK,ck_strength_lineage,1,1
CL_CHECK,ck_strength_lineage,1,1
CL_CHECK,ck_strength_lineage,1,1
CL_CHECK,ck_strength_lineage,1,1
CL_CHECK,ck_strength_lineage,1,1
CL_CHECK,ck_strength_lineage,1,1
CL_CHECK,ck_strength_lineage,1,1
CL_CHECK,ck_strength_lineage,1,1
CL_CHECK,ck_strength_lineage,1,1
CL_CHECK,ck_strength_lineage,1,1
CL_CHECK,ck_strength_lineage,1,1
CL_CHECK,ck_strength_lineage,1,1
CL_CHECK,ck_strength_lineage,1,1
CL_CHECK,ck_strength_lineage,1,1
CL_CHECK,ck_strength_lineage,1,1
CL_CHECK,ck_strength_lineage,1,1
CL_CHECK,ck_strength_lineage,1,1
CL_CHECK,ck_strength_lineage,1,1
CL_CHECK,ck_strength_lineage,1,1
CL_CHECK,ck_strength_lineage,1,1
CL_CHECK,ck_strength_lineage,1,1
CL_CHECK,ck_strength_lineage,1,1
CL_CHECK,ck_strength_lineage,1,1
CL_CHECK,ck_strength_lineage,1,1
CL_CHECK,ck_strength_lineage,1,1
CL_CHECK,ck_strength_lineage,1,1
CL_CHECK,ck_strength_lineage,1,1
CL_CHECK,ck_strength_lineage,1,1
CL_CHECK,ck_strength_lineage,1,1
CL_CHECK,ck_strength_lineage,1,1
CL_CHECK,ck_strength_lineage,1,1
CL_CHECK,ck_strength_lineage,1,1
CL_CHECK,ck_strength_lineage,1,1
CL_CHECK,ck_strength_lineage,1,1
CL_CHECK,ck_strength_lineage,1,1
CL_CHECK,ck_strength_lineage,1,1
CL_CHECK,ck_strength_lineage,1,1
CL_CHECK,ck_strength_lineage,1,1
CL_CHECK,ck_strength_lineage,1,1
CL_CHECK,ck_strength_lineage,1,1
CL_CHECK,ck_strength_lineage,1,1
CL_CHECK,ck_strength_lineage,1,1
CL_CHECK,ck_strength_lineage,1,1
CL_CHECK,ck_strength_lineage,1,1
CL_CHECK,ck_strength_lineage,1,1
CL_CHECK,ck_strength_lineage,1,1
CL_CHECK,ck_strength_lineage,1,1
CL_CHECK,ck_strength_lineage,1,1
CL_CHECK,ck_strength_lineage,1,1
CL_CHECK,ck_strength_lineage,1,1
CL_CHECK,ck_strength_lineage,1,1
CL_CHECK,ck_strength_lineage,1,1
CL_CHECK,ck_strength_lineage,1,1
CL_CHECK,ck_strength_lineage,1,1
CL_CHECK,ck_strength_lineage,1,1
CL_CHECK,ck_strength_lineage,1,1
CL_CHECK,ck_strength_lineage,1,1
CL_CHECK,ck_strength_lineage,1,1
CL_CHECK,ck_strength_lineage,1,1
CL_CHECK,ck_strength_lineage,1,1
CL_CHECK,ck_strength_lineage,1,1
CL_CHECK,ck_strength_lineage,1,1
CL_CHECK,ck_strength_lineage,1,1
CL_CHECK,ck_strength_lineage,1,1
CL_CHECK,ck_strength_lineage,1,1
CL_CHECK,ck_strength_lineage,1,1
CL_CHECK,ck_strength_lineage,1,1
CL_CHECK,ck_strength_lineage,1,1
CL_CHECK,ck_strength_lineage,1,1
CL_CHECK,ck_strength_lineage,1,1
CL_CHECK,ck_strength_lineage,1,1
CL_CHECK,ck_strength_lineage,1,1
CL_CHECK,ck_strength_lineage,1,1
CL_CHECK,ck_strength_lineage,1,1
CL_CHECK,ck_strength_lineage,1,1
CL_CHECK,ck_strength_lineage,1,1
CL_CHECK,ck_strength_lineage,1,1
CL_CHECK,ck_strength_lineage,1,1
CL_CHECK,ck_strength_lineage,1,1
CL_CHECK,ck_strength_lineage,1,1
CL_CHECK,ck_strength_lineage,1,1
CL_CHECK,ck_strength_lineage,1,1
CL_CHECK,ck_strength_lineage,1,1
CL_CHECK,ck_strength_lineage,1,1
CL_CHECK,ck_strength_lineage,1,1
CL_CHECK,ck_strength_lineage,1,1
CL_CHECK,ck_strength_lineage,1,1
CL_CHECK,ck_strength_lineage,1,1
CL_CHECK,ck_strength_lineage,1,1
CL_CHECK,ck_strength_lineage,1,1
CL_CHECK,ck_strength_lineage,1,1
CL_CHECK,ck_strength_lineage,1,1
CL_CHECK,ck_strength_lineage,1,1
CL_CHECK,ck_strength_lineage,1,1
CL_CHECK,ck_strength_lineage,1,1
CL_CHECK,ck_strength_lineage,1,1
CL_CHECK,ck_strength_lineage,1,1
CL_CHECK,ck_strength_lineage,1,1
CL_CHECK,ck_strength_lineage,1,1
CL_CHECK,ck_strength_lineage,1,1
CL_CHECK,ck_strength_lineage,1,1
CL_CHECK,ck_strength_lineage,1,1
CL_CHECK,ck_strength_lineage,1,1
CL_CHECK,ck_strength_lineage,1,1
CL_CHECK,ck_strength_lineage,1,1
CL_CHECK,ck_strength_lineage,1,1
CL_CHECK,ck_strength_lineage,1,1
CL_CHECK,ck_strength_lineage,1,1
CL_CHECK,ck_strength_lineage,1,1
CL_CHECK,ck_strength_lineage,1,1
CL_CHECK,ck_strength_lineage,1,1
CL_CHECK,ck_strength_lineage,1,1
CL_CHECK,ck_strength_lineage,1,1
CL_CHECK,ck_strength_lineage,1,1
CL_CHECK,ck_strength_lineage,1,1
CL_CHECK,ck_strength_lineage,1,1
CL_CHECK,ck_strength_lineage,1,1
CL_CHECK,ck_strength_lineage,1,1
CL_CHECK,ck_strength_lineage,1,1
CL_CHECK,ck_strength_lineage,1,1
CL_CHECK,ck_strength_lineage,1,1
CL_CHECK,ck_strength_lineage,1,1
CL_CHECK,ck_strength_lineage,1,1
CL_CHECK,ck_strength_lineage,1,1
CL_CHECK,ck_strength_lineage,1,1
CL_CHECK,ck_strength_lineage,1,1
CL_CHECK,ck_strength_lineage,1,1
CL_CHECK,ck_strength_lineage,1,1
CL_CHECK,ck_strength_lineage,1,1
CL_CHECK,ck_strength_lineage,1,1
CL_CHECK,ck_strength_lineage,1,1
CL_CHECK,ck_strength_lineage,1,1
CL_CHECK,ck_strength_lineage,1,1
CL_CHECK,ck_strength_lineage,1,1
CL_CHECK,ck_strength_lineage,1,1
CL_CHECK,ck_strength_lineage,1,1
CL_CHECK,ck_strength_lineage,1,1
CL_CHECK,ck_strength_lineage,1,1
CL_CHECK,ck_strength_lineage,1,1
CL_CHECK,ck_strength_lineage,1,1
CL_CHECK,ck_strength_lineage,1,1
CL_CHECK,ck_strength_lineage,1,1
CL_CHECK,ck_strength_lineage,1,1
CL_CHECK,ck_strength_lineage,1,1
CL_CHECK,ck_strength_lineage,1,1
CL_CHECK,ck_strength_lineage,1,1
CL_CHECK,ck_strength_lineage,1,1
CL_CHECK,ck_strength_lineage,1,1
CL_CHECK,ck_strength_lineage,1,1
CL_CHECK,ck_strength_lineage,1,1
CL_CHECK,ck_strength_lineage,1,1
CL_CHECK,ck_strength_lineage,1,1
CL_CHECK,ck_strength_lineage,1,1
CL_CHECK,ck_strength_lineage,1,1
CL_CHECK,ck_strength_lineage,1,1
CL_CHECK,ck_strength_lineage,1,1
CL_CHECK,ck_strength_lineage,1,1
CL_CHECK,ck_strength_lineage,1,1
CL_CHECK,ck_strength_lineage,1,1
CL_CHECK,ck_strength_lineage,1,1
CL_CHECK,ck_strength_lineage,1,1
CL_CHECK,ck_strength_lineage,1,1
CL_CHECK,ck_strength_lineage,1,1
CL_CHECK,ck_strength_lineage,1,1
CL_CHECK,ck_strength_lineage,1,1
CL_CHECK,ck_strength_lineage,1,1
CL_CHECK,ck_strength_lineage,1,1
CL_CHECK,ck_strength_lineage,1,1
CL_CHECK,ck_strength_lineage,1,1
CL_CHECK,ck_strength_lineage,1,1
CL_CHECK,ck_strength_lineage,1,1
CL_CHECK,ck_strength_lineage,1,1
CL_CHECK,ck_strength_lineage,1,1
CL_CHECK,ck_strength_lineage,1,1
CL_CHECK,ck_strength_lineage,1,1
CL_CHECK,ck_strength_lineage,1,1
CL_CHECK,ck_strength_lineage,1,1
CL_CHECK,ck_strength_lineage,1,1
CL_CHECK,ck_strength_lineage,1,1
CL_CHECK,ck_strength_lineage,1,1
CL_CHECK,ck_strength_lineage,1,1
CL_CHECK,ck_strength_lineage,1,1
CL_CHECK,ck_strength_lineage,1,1
CL_CHECK,ck_strength_lineage,1,1
CL_CHECK,ck_strength_lineage,1,1
CL_CHECK,ck_strength_lineage,1,1
CL_CHECK,ck_strength_lineage,1,1
CL_CHECK,ck_strength_lineage,1,1
CL_CHECK,ck_strength_lineage,1,1
CL_CHECK,ck_strength_lineage,1,1
CL_CHECK,ck_strength_lineage,1,1
CL_CHECK,ck_strength_lineage,1,1
CL_CHECK,ck_strength_lineage,1,1
CL_CHECK,ck_strength_lineage,1,1
CL_CHECK,ck_strength_lineage,1,1
CL_CHECK,ck_strength_lineage,1,1
CL_CHECK,ck_strength_lineage,1,1
CL_CHECK,ck_strength_lineage,1,1
CL_CHECK,ck_strength_lineage,1,1
CL_CHECK,ck_strength_lineage,1,1
CL_CHECK,ck_strength_lineage,1,1
CL_CHECK,ck_strength_lineage,1,1
CL_CHECK,ck_strength_lineage,1,1
CL_CHECK,ck_strength_lineage,1,1
CL_CHECK,ck_strength_lineage,1,1
CL_CHECK,ck_strength_lineage,1,1
CL_CHECK,ck_strength_lineage,1,1
CL_CHECK,ck_strength_lineage,1,1
CL_CHECK,ck_strength_lineage,1,1
CL_CHECK,ck_strength_lineage,1,1
CL_CHECK,ck_strength_lineage,1,1
CL_CHECK,ck_strength_lineage,1,1
CL_CHECK,ck_strength_lineage,1,1
CL_CHECK,ck_strength_lineage,1,1
CL_CHECK,ck_strength_lineage,1,1
CL_CHECK,ck_strength_lineage,1,1
CL_CHECK,ck_strength_lineage,1,1
CL_CHECK,ck_strength_lineage,1,1
CL_CHECK,ck_strength_lineage,1,1
CL_CHECK,ck_strength_lineage,1,1
CL_CHECK,ck_strength_lineage,1,1
CL_CHECK,ck_strength_lineage,1,1
CL_CHECK,ck_strength_lineage,1,1
CL_CHECK,ck_strength_lineage,1,1
CL_CHECK,ck_strength_lineage,1,1
CL_CHECK,ck_strength_lineage,1,1
CL_CHECK,ck_strength_lineage,1,1
CL_CHECK,ck_strength_lineage,1,1
CL_CHECK,ck_strength_lineage,1,1
CL_CHECK,ck_strength_lineage,1,1
CL_CHECK,ck_strength_lineage,1,1
CL_CHECK,ck_strength_lineage,1,1
CL_CHECK,ck_strength_lineage,1,1
CL_CHECK,ck_strength_lineage,1,1
CL_CHECK,ck_strength_lineage,1,1
CL_CHECK,ck_strength_lineage,1,1
CL_CHECK,ck_strength_lineage,1,1
CL_CHECK,ck_strength_lineage,1,1
CL_CHECK,ck_strength_lineage,1,1
CL_CHECK,ck_strength_lineage,1,1
CL_CHECK,ck_strength_lineage,1,1
CL_CHECK,ck_strength_lineage,1,1
CL_CHECK,ck_strength_lineage,1,1
CL_CHECK,ck_strength_lineage,1,1
CL_CHECK,ck_strength_lineage,1,1
CL_CHECK,ck_strength_lineage,1,1
CL_CHECK,ck_strength_lineage,1,1
CL_CHECK,ck_strength_lineage,1,1
CL_CHECK,ck_strength_lineage,1,1
CL_CHECK,ck_strength_lineage,1,1
CL_CHECK,ck_strength_lineage,1,1
CL_CHECK,ck_strength_lineage,1,1
CL_CHECK,ck_strength_lineage,1,1
CL_CHECK,ck_strength_lineage,1,1
CL_CHECK,ck_strength_lineage,1,1
CL_CHECK,ck_strength_lineage,1,1
CL_CHECK,ck_strength_lineage,1,1
CL_CHECK,ck_strength_lineage,1,1
CL_CHECK,ck_strength_lineage,1,1
CL_CHECK,ck_strength_lineage,1,1
CL_CHECK,ck_strength_lineage,1,1
CL_CHECK,ck_strength_lineage,1,1
CL_CHECK,ck_strength_lineage,1,1
CL_CHECK,ck_strength_lineage,1,1
CL_CHECK,ck_strength_lineage,1,1
CL_CHECK,ck_strength_lineage,1,1
CL_CHECK,ck_strength_lineage,1,1
CL_CHECK,ck_strength_lineage,1,1
CL_CHECK,ck_strength_lineage,1,1
CL_CHECK,ck_strength_lineage,1,1
CL_CHECK,ck_strength_lineage,1,1
CL_CHECK,ck_strength_lineage,1,1
CL_CHECK,ck_strength_lineage,1,1
CL_CHECK,ck_strength_lineage,1,1
CL_CHECK,ck_strength_lineage,1,1
CL_CHECK,ck_strength_lineage,1,1
CL_CHECK,ck_strength_lineage,1,1
CL_CHECK,ck_strength_lineage,1,1
CL_CHECK,ck_strength_lineage,1,1
CL_CHECK,ck_strength_lineage,1,1
CL_CHECK,ck_strength_lineage,1,1
CL_CHECK,ck_strength_lineage,1,1
CL_CHECK,ck_strength_lineage,1,1
CL_CHECK,ck_strength_lineage,1,1
CL_CHECK,ck_strength_lineage,1,1
CL_CHECK,ck_strength_lineage,1,1
CL_CHECK,ck_strength_lineage,1,1
CL_CHECK,ck_strength_lineage,1,1
CL_CHECK,ck_strength_lineage,1,1
CL_CHECK,ck_strength_lineage,1,1
CL_CHECK,ck_strength_lineage,1,1
CL_CHECK,ck_strength_lineage,1,1
CL_CHECK,ck_strength_lineage,1,1
CL_CHECK,ck_strength_lineage,1,1
CL_CHECK,ck_strength_lineage,1,1
CL_CHECK,ck_strength_lineage,1,1
CL_CHECK,ck_strength_lineage,1,1
CL_CHECK,ck_strength_lineage,1,1
CL_CHECK,ck_strength_lineage,1,1
CL_CHECK,ck_strength_lineage,1,1
CL_CHECK,ck_strength_lineage,1,1
CL_CHECK,ck_strength_lineage,1,1
CL_CHECK,ck_strength_lineage,1,1
CL_CHECK,ck_strength_lineage,1,1
CL_CHECK,ck_strength_lineage,1,1
CL_CHECK,ck_strength_lineage,1,1
CL_CHECK,ck_strength_lineage,1,1
CL_CHECK,ck_strength_lineage,1,1
CL_CHECK,ck_strength_lineage,1,1
CL_CHECK,ck_strength_lineage,1,1
CL_CHECK,ck_strength_lineage,1,1
CL_CHECK,ck_strength_lineage,1,1
CL_CHECK,ck_strength_lineage,1,1
CL_CHECK,ck_strength_lineage,1,1
CL_CHECK,ck_strength_lineage,1,1
CL_CHECK,ck_strength_lineage,1,1
CL_CHECK,ck_strength_lineage,1,1
CL_CHECK,ck_strength_lineage,1,1
CL_CHECK,ck_strength_lineage,1,1
CL_CHECK,ck_strength_lineage,1,1
CL_CHECK,ck_strength_lineage,1,1
CL_CHECK,ck_strength_lineage,1,1
CL_CHECK,ck_strength_lineage,1,1
CL_CHECK,ck_strength_lineage,1,1
CL_CHECK,ck_strength_lineage,1,1
CL_CHECK,ck_strength_lineage,1,1
CL_CHECK,ck_strength_lineage,1,1
CL_CHECK,ck_strength_lineage,1,1
CL_CHECK,ck_strength_lineage,1,1
CL_CHECK,ck_strength_lineage,1,1
CL_CHECK,ck_strength_lineage,1,1
CL_CHECK,ck_strength_lineage,1,1
CL_CHECK,ck_strength_lineage,1,1
CL_CHECK,ck_strength_lineage,1,1
CL_CHECK,ck_strength_lineage,1,1
CL_CHECK,ck_strength_lineage,1,1
CL_CHECK,ck_strength_lineage,1,1
CL_CHECK,ck_strength_lineage,1,1
CL_CHECK,ck_strength_lineage,1,1
CL_CHECK,ck_strength_lineage,1,1
CL_CHECK,ck_strength_lineage,1,1
CL_CHECK,ck_strength_lineage,1,1
CL_CHECK,ck_strength_lineage,1,1
CL_CHECK,ck_strength_lineage,1,1
CL_CHECK,ck_strength_lineage,1,1
CL_CHECK,ck_strength_lineage,1,1
CL_CHECK,ck_strength_lineage,1,1
CL_CHECK,ck_strength_lineage,1,1
CL_CHECK,ck_strength_lineage,1,1
CL_CHECK,ck_strength_lineage,1,1
CL_CHECK,ck_no_bad_kill,0,0
CL_CHECK,ck_no_bad_forcepin,0,0
CL_CHECK,ck_no_bad_code,0,0
CL_CHECK,ck_no_bad_role,0,0
CL_CHECK,ck_no_bad_pexp,0,0
CL_CHECK,ck_no_bad_recycle,0,0
ST_FINGERPRINT -1761457574
ST_INVALID 0
ST_DONE
