ST_TS 0 2 3 0 0 0 0 0 0 0 0 0 0 0 0 0 0
ST_TS 25 27 29 0 0 0 0 0 0 8 0 0 0 0 0 0 0
ST_DELIB 30 3 1 2 3 10 1 0 0
ST_DELIB 31 5 1 2 3 10 1 0 0
ST_DELIB 32 8 1 2 3 10 1 0 0
ST_DELIB 33 4 1 2 3 10 1 0 0
ST_DELIB 34 11 1 2 3 10 1 0 0
ST_DELIB 35 7 1 2 3 10 1 0 0
ST_DELIB 36 10 1 2 3 10 1 0 0
ST_DELIB 37 14 1 2 3 10 1 0 0
ST_DELIB 38 15 1 2 3 10 1 0 0
ST_DELIB 39 13 1 2 3 10 1 0 0
ST_DELIB 40 17 1 2 3 10 1 0 0
ST_DELIB 41 18 1 2 3 10 1 0 0
ST_DELIB 42 5 1 2 3 10 1 0 0
ST_DELIB 43 20 1 2 3 10 1 0 0
ST_DELIB 44 21 1 2 3 10 1 0 0
ST_DELIB 45 20 1 2 3 10 1 0 0
ST_DELIB 46 23 1 2 3 10 1 0 0
ST_DELIB 47 24 1 2 3 10 1 0 0
ST_DELIB 48 25 1 2 3 10 1 0 0
ST_DELIB 49 23 1 2 3 10 1 0 0
ST_TS 50 32 62 0 20 0 20 0 8 15 0 0 0 0 0 0 0
ST_DELIB 50 27 1 2 3 10 1 0 0
ST_DELIB 51 28 1 2 3 10 1 0 0
ST_DELIB 52 23 1 2 3 10 1 0 0
ST_DELIB 53 30 1 2 3 10 1 0 0
ST_DELIB 54 31 1 2 3 10 1 0 0
ST_DELIB 55 23 1 2 3 10 1 0 0
ST_DELIB 56 23 1 2 3 10 1 0 0
ST_DELIB 57 8 1 2 3 10 1 0 0
ST_DELIB 58 4 1 2 3 10 1 0 0
ST_DELIB 59 4 1 2 3 10 1 0 0
ST_DELIB 60 7 1 2 3 10 1 0 0
ST_DELIB 61 10 1 2 3 10 1 0 0
ST_DELIB 62 10 1 2 3 10 1 0 0
ST_DELIB 63 15 1 2 3 10 1 0 0
ST_DELIB 64 13 1 2 3 10 1 0 0
ST_DELIB 65 5 1 2 3 10 1 0 0
ST_DELIB 66 18 1 2 3 10 1 0 0
ST_DELIB 67 15 1 2 3 10 1 0 0
ST_DELIB 68 18 1 2 3 10 1 0 0
ST_DELIB 69 20 1 2 3 10 1 0 0
ST_DELIB 70 20 1 2 3 10 1 0 0
ST_DELIB 71 25 1 2 3 10 1 0 0
ST_DELIB 72 28 1 2 3 10 1 0 0
ST_DELIB 73 28 1 2 3 10 1 0 0
ST_DELIB 74 28 1 2 3 10 1 0 0
ST_TS 75 32 103 0 45 0 45 0 15 23 0 0 0 0 0 0 0
ST_DELIB 75 4 1 2 3 10 1 0 0
ST_DELIB 76 4 1 2 3 10 1 0 0
ST_DELIB 77 4 1 2 3 10 1 0 0
ST_DELIB 78 30 1 2 3 10 1 0 0
ST_DELIB 79 30 1 2 3 10 1 0 0
ST_DELIB 80 30 1 2 3 10 1 0 0
ST_DELIB 81 23 1 2 3 10 1 0 0
ST_DELIB 82 23 1 2 3 10 1 0 0
ST_DELIB 83 23 1 2 3 10 1 0 0
ST_DELIB 84 5 1 2 3 10 1 0 0
ST_DELIB 85 10 1 2 3 10 1 0 0
ST_DELIB 86 10 1 2 3 10 1 0 0
ST_DELIB 87 10 1 2 3 10 1 0 0
ST_DELIB 88 18 1 2 3 10 1 0 0
ST_DELIB 89 18 1 2 3 10 1 0 0
ST_DELIB 90 18 1 2 3 10 1 0 0
ST_DELIB 91 23 1 2 3 10 1 0 0
ST_DELIB 92 23 1 2 3 10 1 0 0
ST_DELIB 93 23 1 2 3 10 1 0 0
ST_DELIB 94 23 1 2 3 10 1 0 0
ST_DELIB 95 25 1 2 3 10 1 0 0
ST_DELIB 96 25 1 2 3 10 1 0 0
ST_DELIB 97 25 1 2 3 10 1 0 0
ST_DELIB 98 23 1 2 3 75 3 0 0
ST_DELIB 99 23 1 2 3 10 3 0 0
ST_TS 100 32 143 0 74 0 70 0 23 30 0 0 0 0 0 0 0
ST_DELIB 100 23 1 2 3 10 3 0 0
ST_DELIB 100 23 2 2 4 75 3 0 0
ST_DELIB 100 25 2 2 4 75 3 0 0
ST_DELIB 101 23 1 2 3 1 3 0 0
ST_DELIB 102 25 1 2 3 1 3 0 0
ST_DELIB 103 25 1 2 3 10 3 0 0
ST_DELIB 104 25 1 2 3 10 3 0 0
ST_DELIB 105 23 1 2 3 10 3 0 0
ST_DELIB 106 23 1 2 3 10 3 0 0
ST_DELIB 107 23 1 2 3 10 3 0 0
ST_DELIB 108 5 1 2 3 75 3 0 0
ST_DELIB 109 5 1 2 3 10 3 0 0
ST_DELIB 110 5 1 2 3 10 3 0 0
ST_DELIB 111 10 1 2 3 75 3 0 0
ST_DELIB 112 10 1 2 3 10 3 0 0
ST_DELIB 113 10 1 2 3 10 3 0 0
ST_DELIB 114 10 1 2 3 10 3 0 0
ST_DELIB 115 10 1 2 3 75 3 0 0
ST_DELIB 116 10 1 2 3 10 3 0 0
ST_DELIB 117 10 1 2 3 10 3 0 0
ST_DELIB 118 10 1 2 3 75 3 0 0
ST_DELIB 119 10 1 2 3 10 3 0 0
ST_DELIB 120 10 1 2 3 10 3 0 0
ST_DELIB 121 10 1 2 3 75 3 0 0
ST_DELIB 122 10 1 2 3 10 3 0 0
ST_DELIB 123 10 1 2 3 10 3 0 0
ST_DELIB 124 10 1 2 3 10 3 0 0
ST_TS 125 32 182 0 155 0 97 0 26 38 0 0 0 0 0 0 0
ST_DELIB 125 10 1 2 3 75 3 0 0
ST_DELIB 126 10 1 2 3 10 3 0 0
ST_DELIB 127 10 1 2 3 10 3 0 0
ST_DELIB 128 10 1 2 3 75 3 0 0
ST_DELIB 129 10 1 2 3 10 3 0 0
ST_DELIB 130 10 1 2 3 10 3 0 0
ST_DELIB 131 10 1 2 3 75 3 0 0
ST_DELIB 132 10 1 2 3 10 3 0 0
ST_DELIB 133 10 1 2 3 10 3 0 0
ST_DELIB 134 10 1 2 3 10 3 0 0
ST_DELIB 135 10 1 2 3 75 3 0 0
ST_DELIB 136 10 1 2 3 10 3 0 0
ST_DELIB 137 10 1 2 3 10 3 0 0
ST_DELIB 138 10 1 2 3 75 3 0 0
ST_DELIB 139 10 1 2 3 10 3 0 0
ST_DELIB 140 10 1 2 3 10 3 0 0
ST_DELIB 141 10 1 2 3 75 3 0 0
ST_DELIB 142 10 1 2 3 10 3 0 0
ST_DELIB 143 10 1 2 3 10 3 0 0
ST_DELIB 144 10 1 2 3 10 3 0 0
ST_DELIB 145 10 1 2 3 75 3 0 0
ST_DELIB 146 10 1 2 3 10 3 0 0
ST_DELIB 147 10 1 2 3 10 3 0 0
ST_DELIB 148 10 1 2 3 75 3 0 0
ST_DELIB 149 10 1 2 3 10 3 0 0
ST_TS 150 32 213 0 230 0 122 0 29 45 0 0 0 0 0 0 0
ST_DELIB 150 10 1 2 3 10 3 0 0
ST_DELIB 151 10 1 2 3 75 3 0 0
ST_DELIB 152 10 1 2 3 10 3 0 0
ST_DELIB 153 10 1 2 3 10 3 0 0
ST_DELIB 154 10 1 2 3 10 3 0 0
ST_DELIB 155 10 1 2 3 75 3 0 0
ST_DELIB 156 10 1 2 3 10 3 0 0
ST_DELIB 157 10 1 2 3 10 3 0 0
ST_DELIB 158 6 1 2 2 90 4 0 1
ST_DELIB 159 6 1 2 3 10 4 0 0
ST_DELIB 160 6 1 2 3 10 4 0 0
ST_DELIB 161 6 1 2 3 75 4 0 0
ST_DELIB 162 6 1 2 3 10 4 0 0
ST_DELIB 163 6 1 2 3 10 4 0 0
ST_DELIB 164 6 1 2 3 10 4 0 0
ST_DELIB 165 6 1 2 3 75 4 0 0
ST_DELIB 166 6 1 2 3 10 4 0 0
ST_DELIB 167 6 1 2 3 10 4 0 0
ST_DELIB 168 6 1 2 3 75 4 0 0
ST_DELIB 169 6 1 2 3 10 4 0 0
ST_DELIB 170 6 1 2 3 10 4 0 0
ST_DELIB 171 6 1 2 3 75 4 0 0
ST_DELIB 172 6 1 2 3 10 4 0 0
ST_DELIB 173 6 1 2 3 10 4 0 0
ST_DELIB 174 6 1 2 3 10 4 0 0
ST_TS 175 32 242 0 322 0 147 0 28 53 0 0 0 0 0 0 0
ST_DELIB 175 6 1 2 3 75 4 0 0
ST_DELIB 176 6 1 2 3 10 4 0 0
ST_DELIB 177 6 1 2 3 10 4 0 0
ST_DELIB 178 6 1 2 3 75 4 0 0
ST_DELIB 179 6 1 2 3 10 4 0 0
ST_DELIB 180 6 1 2 3 10 4 0 0
ST_DELIB 181 6 1 2 3 75 4 0 0
ST_DELIB 182 6 1 2 3 10 4 0 0
ST_DELIB 183 6 1 2 3 10 4 0 0
ST_DELIB 184 6 1 2 3 10 4 0 0
ST_DELIB 185 6 1 2 3 75 4 0 0
ST_DELIB 186 6 1 2 3 10 4 0 0
ST_DELIB 187 6 1 2 3 10 4 0 0
ST_DELIB 188 6 1 2 3 75 4 0 0
ST_DELIB 189 6 1 2 3 10 4 0 0
ST_DELIB 190 6 1 2 3 10 4 0 0
ST_DELIB 191 6 1 2 3 75 4 0 0
ST_DELIB 192 6 1 2 3 10 4 0 0
ST_DELIB 193 6 1 2 3 10 4 0 0
ST_DELIB 194 6 1 2 3 10 4 0 0
ST_DELIB 195 6 1 2 3 75 4 0 0
ST_DELIB 196 6 1 2 3 10 4 0 0
ST_DELIB 197 6 1 2 3 10 4 0 0
ST_DELIB 198 6 1 2 3 75 4 0 0
ST_DELIB 199 6 1 2 3 10 4 0 0
ST_TS 200 32 268 0 422 0 172 0 29 60 0 0 0 0 0 0 0
ST_DELIB 200 6 1 2 3 10 4 0 0
ST_DELIB 200 6 2 2 4 75 4 0 0
ST_DELIB 200 11 2 3 5 90 4 0 1
ST_DELIB 200 12 2 3 5 90 4 0 1
ST_DELIB 200 13 2 3 5 90 4 0 1
ST_DELIB 200 14 2 3 5 90 4 0 1
ST_DELIB 200 15 2 3 5 90 4 0 1
ST_DELIB 200 17 2 3 5 90 4 0 1
ST_DELIB 200 20 2 3 5 90 4 0 1
ST_DELIB 201 6 1 2 3 1 4 0 0
ST_DELIB 202 6 1 2 3 10 4 0 0
ST_DELIB 203 6 1 2 3 10 4 0 0
ST_DELIB 204 6 1 2 3 10 4 0 0
ST_DELIB 205 6 1 2 3 75 4 0 0
ST_DELIB 206 6 1 2 3 10 4 0 0
ST_DELIB 207 6 1 2 3 10 4 0 0
ST_DELIB 208 11 1 2 2 90 4 0 1
ST_DELIB 209 11 1 2 3 10 4 0 0
ST_DELIB 210 11 1 2 3 10 4 0 0
ST_DELIB 211 11 1 2 3 75 4 0 0
ST_DELIB 212 11 1 2 3 10 4 0 0
ST_DELIB 213 11 1 2 3 10 4 0 0
ST_DELIB 214 11 1 2 3 10 4 0 0
ST_DELIB 215 11 1 2 3 75 4 0 0
ST_DELIB 216 11 1 2 3 10 4 0 0
ST_DELIB 217 11 1 2 3 10 4 0 0
ST_DELIB 218 11 1 2 3 75 4 0 0
ST_DELIB 219 11 1 2 3 10 4 0 0
ST_DELIB 220 11 1 2 3 10 4 0 0
ST_DELIB 221 11 1 2 3 75 4 0 0
ST_DELIB 222 11 1 2 3 10 4 0 0
ST_DELIB 223 11 1 2 3 10 4 0 0
ST_DELIB 224 11 1 2 3 10 4 0 0
ST_TS 225 32 296 0 526 0 198 0 28 68 0 0 0 0 0 0 0
ST_DELIB 225 11 1 2 3 75 4 0 0
ST_DELIB 226 11 1 2 3 10 4 0 0
ST_DELIB 227 11 1 2 3 10 4 0 0
ST_DELIB 228 11 1 2 3 75 4 0 0
ST_DELIB 229 11 1 2 3 10 4 0 0
ST_DELIB 230 11 1 2 3 10 4 0 0
ST_DELIB 231 11 1 2 3 75 4 0 0
ST_DELIB 232 11 1 2 3 10 4 0 0
ST_DELIB 233 11 1 2 3 10 4 0 0
ST_DELIB 234 11 1 2 3 10 4 0 0
ST_DELIB 235 11 1 2 3 75 4 0 0
ST_DELIB 236 11 1 2 3 10 4 0 0
ST_DELIB 237 11 1 2 3 10 4 0 0
ST_DELIB 238 11 1 2 3 75 4 0 0
ST_DELIB 239 11 1 2 3 10 4 0 0
ST_DELIB 240 11 1 2 3 10 4 0 0
ST_DELIB 241 11 1 2 3 75 4 0 0
ST_DELIB 242 11 1 2 3 10 4 0 0
ST_DELIB 243 11 1 2 3 10 4 0 0
ST_DELIB 244 11 1 2 3 10 4 0 0
ST_DELIB 245 11 1 2 3 75 4 0 0
ST_DELIB 246 11 1 2 3 10 4 0 0
ST_DELIB 247 11 1 2 3 10 4 0 0
ST_DELIB 248 11 1 2 3 75 4 0 0
ST_DELIB 249 11 1 2 3 10 4 0 0
ST_TS 250 32 322 0 626 0 223 0 29 75 0 0 0 0 0 0 0
ST_DELIB 250 11 1 2 3 10 4 0 0
ST_DELIB 251 11 1 2 3 75 4 0 0
ST_DELIB 252 11 1 2 3 10 4 0 0
ST_DELIB 253 11 1 2 3 10 4 0 0
ST_DELIB 254 11 1 2 3 10 4 0 0
ST_DELIB 255 11 1 2 3 75 4 0 0
ST_DELIB 256 11 1 2 3 10 4 0 0
ST_DELIB 257 11 1 2 3 10 4 0 0
ST_DELIB 258 12 1 2 2 90 4 0 1
ST_DELIB 259 12 1 2 3 10 4 0 0
ST_DELIB 260 12 1 2 3 10 4 0 0
ST_DELIB 261 12 1 2 3 75 4 0 0
ST_DELIB 262 12 1 2 3 10 4 0 0
ST_DELIB 263 12 1 2 3 10 4 0 0
ST_DELIB 264 12 1 2 3 10 4 0 0
ST_DELIB 265 12 1 2 3 75 4 0 0
ST_DELIB 266 12 1 2 3 10 4 0 0
ST_DELIB 267 12 1 2 3 10 4 0 0
ST_DELIB 268 12 1 2 3 75 4 0 0
ST_DELIB 269 12 1 2 3 10 4 0 0
ST_DELIB 270 12 1 2 3 10 4 0 0
ST_DELIB 271 12 1 2 3 75 4 0 0
ST_DELIB 272 12 1 2 3 10 4 0 0
ST_DELIB 273 12 1 2 3 10 4 0 0
ST_DELIB 274 12 1 2 3 10 4 0 0
ST_TS 275 32 349 0 726 0 248 0 28 83 0 0 0 0 0 0 0
ST_DELIB 275 12 1 2 3 75 4 0 0
ST_DELIB 276 12 1 2 3 10 4 0 0
ST_DELIB 277 12 1 2 3 10 4 0 0
ST_DELIB 278 12 1 2 3 75 4 0 0
ST_DELIB 279 12 1 2 3 10 4 0 0
ST_DELIB 280 12 1 2 3 10 4 0 0
ST_DELIB 281 12 1 2 3 75 4 0 0
ST_DELIB 282 12 1 2 3 10 4 0 0
ST_DELIB 283 12 1 2 3 10 4 0 0
ST_DELIB 284 12 1 2 3 10 4 0 0
ST_DELIB 285 12 1 2 3 75 4 0 0
ST_DELIB 286 12 1 2 3 10 4 0 0
ST_DELIB 287 12 1 2 3 10 4 0 0
ST_DELIB 288 12 1 2 3 75 4 0 0
ST_DELIB 289 12 1 2 3 10 4 0 0
ST_DELIB 290 12 1 2 3 10 4 0 0
ST_DELIB 291 12 1 2 3 75 4 0 0
ST_DELIB 292 12 1 2 3 10 4 0 0
ST_DELIB 293 12 1 2 3 10 4 0 0
ST_DELIB 294 12 1 2 3 10 4 0 0
ST_DELIB 295 12 1 2 3 75 4 0 0
ST_DELIB 296 12 1 2 3 10 4 0 0
ST_DELIB 297 12 1 2 3 10 4 0 0
ST_DELIB 298 12 1 2 3 75 4 0 0
ST_DELIB 299 12 1 2 3 10 4 0 0
ST_TS 300 32 375 0 826 0 273 0 29 90 0 0 0 0 0 0 0
ST_DELIB 300 12 1 2 3 10 4 0 0
ST_DELIB 300 12 2 2 4 75 4 0 0
ST_DELIB 300 13 2 3 5 90 4 0 1
ST_DELIB 300 14 2 3 5 90 4 0 1
ST_DELIB 300 15 2 3 5 90 4 0 1
ST_DELIB 300 17 2 3 5 90 4 0 1
ST_DELIB 300 20 2 3 5 90 4 0 1
ST_DELIB 300 2 2 3 5 90 4 0 1
ST_DELIB 300 3 2 3 5 90 4 0 1
ST_DELIB 301 12 1 2 3 1 4 0 0
ST_DELIB 302 12 1 2 3 10 4 0 0
ST_DELIB 303 12 1 2 3 10 4 0 0
ST_DELIB 304 12 1 2 3 10 4 0 0
ST_DELIB 305 12 1 2 3 75 4 0 0
ST_DELIB 306 12 1 2 3 10 4 0 0
ST_DELIB 307 12 1 2 3 10 4 0 0
ST_DELIB 308 13 1 2 2 90 4 0 1
ST_DELIB 309 13 1 2 3 10 4 0 0
ST_DELIB 310 13 1 2 3 10 4 0 0
ST_DELIB 311 13 1 2 3 75 4 0 0
ST_DELIB 312 13 1 2 3 10 4 0 0
ST_DELIB 313 13 1 2 3 10 4 0 0
ST_DELIB 314 13 1 2 3 10 4 0 0
ST_DELIB 315 13 1 2 3 75 4 0 0
ST_DELIB 316 13 1 2 3 10 4 0 0
ST_DELIB 317 13 1 2 3 10 4 0 0
ST_DELIB 318 13 1 2 3 75 4 0 0
ST_DELIB 319 13 1 2 3 10 4 0 0
ST_DELIB 320 13 1 2 3 10 4 0 0
ST_DELIB 321 13 1 2 3 75 4 0 0
ST_DELIB 322 13 1 2 3 10 4 0 0
ST_DELIB 323 13 1 2 3 10 4 0 0
ST_DELIB 324 13 1 2 3 10 4 0 0
ST_TS 325 32 403 0 930 0 299 0 28 98 0 0 0 0 0 0 0
ST_DELIB 325 13 1 2 3 75 4 0 0
ST_DELIB 326 13 1 2 3 10 4 0 0
ST_DELIB 327 13 1 2 3 10 4 0 0
ST_DELIB 328 13 1 2 3 75 4 0 0
ST_DELIB 329 13 1 2 3 10 4 0 0
ST_DELIB 330 13 1 2 3 10 4 0 0
ST_DELIB 331 13 1 2 3 75 4 0 0
ST_DELIB 332 13 1 2 3 10 4 0 0
ST_DELIB 333 13 1 2 3 10 4 0 0
ST_DELIB 334 13 1 2 3 10 4 0 0
ST_DELIB 335 13 1 2 3 75 4 0 0
ST_DELIB 336 13 1 2 3 10 4 0 0
ST_DELIB 337 13 1 2 3 10 4 0 0
ST_DELIB 338 13 1 2 3 75 4 0 0
ST_DELIB 339 13 1 2 3 10 4 0 0
ST_DELIB 340 13 1 2 3 10 4 0 0
ST_DELIB 341 13 1 2 3 75 4 0 0
ST_DELIB 342 13 1 2 3 10 4 0 0
ST_DELIB 343 13 1 2 3 10 4 0 0
ST_DELIB 344 13 1 2 3 10 4 0 0
ST_DELIB 345 13 1 2 3 75 4 0 0
ST_DELIB 346 13 1 2 3 10 4 0 0
ST_DELIB 347 13 1 2 3 10 4 0 0
ST_DELIB 348 13 1 2 3 75 4 0 0
ST_DELIB 349 13 1 2 3 10 4 0 0
ST_TS 350 32 429 0 1030 0 324 0 29 105 0 0 0 0 0 0 0
ST_DELIB 350 13 1 2 3 10 4 0 0
ST_DELIB 351 13 1 2 3 75 4 0 0
ST_DELIB 352 13 1 2 3 10 4 0 0
ST_DELIB 353 13 1 2 3 10 4 0 0
ST_DELIB 354 13 1 2 3 10 4 0 0
ST_DELIB 355 13 1 2 3 75 4 0 0
ST_DELIB 356 13 1 2 3 10 4 0 0
ST_DELIB 357 13 1 2 3 10 4 0 0
ST_DELIB 358 14 1 2 2 90 4 0 1
ST_DELIB 359 14 1 2 3 10 4 0 0
ST_DELIB 360 14 1 2 3 10 4 0 0
ST_DELIB 361 14 1 2 3 75 4 0 0
ST_DELIB 362 14 1 2 3 10 4 0 0
ST_DELIB 363 14 1 2 3 10 4 0 0
ST_DELIB 364 14 1 2 3 10 4 0 0
ST_DELIB 365 14 1 2 3 75 4 0 0
ST_DELIB 366 14 1 2 3 10 4 0 0
ST_DELIB 367 14 1 2 3 10 4 0 0
ST_DELIB 368 14 1 2 3 75 4 0 0
ST_DELIB 369 14 1 2 3 10 4 0 0
ST_DELIB 370 14 1 2 3 10 4 0 0
ST_DELIB 371 14 1 2 3 75 4 0 0
ST_DELIB 372 14 1 2 3 10 4 0 0
ST_DELIB 373 14 1 2 3 10 4 0 0
ST_DELIB 374 14 1 2 3 10 4 0 0
ST_TS 375 32 456 0 1130 0 349 0 28 113 0 0 0 0 0 0 0
ST_DELIB 375 14 1 2 3 75 4 0 0
ST_DELIB 376 14 1 2 3 10 4 0 0
ST_DELIB 377 14 1 2 3 10 4 0 0
ST_DELIB 378 14 1 2 3 75 4 0 0
ST_DELIB 379 14 1 2 3 10 4 0 0
ST_DELIB 380 14 1 2 3 10 4 0 0
ST_DELIB 381 14 1 2 3 75 4 0 0
ST_DELIB 382 14 1 2 3 10 4 0 0
ST_DELIB 383 14 1 2 3 10 4 0 0
ST_DELIB 384 14 1 2 3 10 4 0 0
ST_DELIB 385 14 1 2 3 75 4 0 0
ST_DELIB 386 14 1 2 3 10 4 0 0
ST_DELIB 387 14 1 2 3 10 4 0 0
ST_DELIB 388 14 1 2 3 75 4 0 0
ST_DELIB 389 14 1 2 3 10 4 0 0
ST_DELIB 390 14 1 2 3 10 4 0 0
ST_DELIB 391 14 1 2 3 75 4 0 0
ST_DELIB 392 14 1 2 3 10 4 0 0
ST_DELIB 393 14 1 2 3 10 4 0 0
ST_DELIB 394 14 1 2 3 10 4 0 0
ST_DELIB 395 14 1 2 3 75 4 0 0
ST_DELIB 396 14 1 2 3 10 4 0 0
ST_DELIB 397 14 1 2 3 10 4 0 0
ST_DELIB 398 14 1 2 3 75 4 0 0
ST_DELIB 399 14 1 2 3 10 4 0 0
ST_TS 400 32 482 0 1230 0 374 0 29 120 0 0 0 0 0 0 0
ST_DELIB 400 14 1 2 3 10 4 0 0
ST_DELIB 400 14 2 2 4 75 4 0 0
ST_DELIB 400 15 2 3 5 90 4 0 1
ST_DELIB 400 17 2 3 5 90 4 0 1
ST_DELIB 400 20 2 3 5 90 4 0 1
ST_DELIB 400 2 2 3 5 90 4 0 1
ST_DELIB 400 3 2 3 5 90 4 0 1
ST_DELIB 400 7 2 3 5 90 4 0 1
ST_DELIB 400 18 2 3 5 90 4 0 1
ST_DELIB 401 14 1 2 3 1 4 0 0
ST_DELIB 402 14 1 2 3 10 4 0 0
ST_DELIB 403 14 1 2 3 10 4 0 0
ST_DELIB 404 14 1 2 3 10 4 0 0
ST_DELIB 405 14 1 2 3 75 4 0 0
ST_DELIB 406 14 1 2 3 10 4 0 0
ST_DELIB 407 14 1 2 3 10 4 0 0
ST_DELIB 408 15 1 2 2 90 4 0 1
ST_DELIB 409 15 1 2 3 10 4 0 0
ST_DELIB 410 15 1 2 3 10 4 0 0
ST_DELIB 411 15 1 2 3 75 4 0 0
ST_DELIB 412 15 1 2 3 10 4 0 0
ST_DELIB 413 15 1 2 3 10 4 0 0
ST_DELIB 414 15 1 2 3 10 4 0 0
ST_DELIB 415 15 1 2 3 75 4 0 0
ST_DELIB 416 15 1 2 3 10 4 0 0
ST_DELIB 417 15 1 2 3 10 4 0 0
ST_DELIB 418 15 1 2 3 75 4 0 0
ST_DELIB 419 15 1 2 3 10 4 0 0
ST_DELIB 420 15 1 2 3 10 4 0 0
ST_DELIB 421 15 1 2 3 75 4 0 0
ST_DELIB 422 15 1 2 3 10 4 0 0
ST_DELIB 423 15 1 2 3 10 4 0 0
ST_DELIB 424 15 1 2 3 10 4 0 0
ST_TS 425 32 510 0 1334 0 400 0 28 128 0 0 0 0 0 0 0
ST_DELIB 425 15 1 2 3 75 4 0 0
ST_DELIB 426 15 1 2 3 10 4 0 0
ST_DELIB 427 15 1 2 3 10 4 0 0
ST_DELIB 428 15 1 2 3 75 4 0 0
ST_DELIB 429 15 1 2 3 10 4 0 0
ST_DELIB 430 15 1 2 3 10 4 0 0
ST_DELIB 431 15 1 2 3 75 4 0 0
ST_DELIB 432 15 1 2 3 10 4 0 0
ST_DELIB 433 15 1 2 3 10 4 0 0
ST_DELIB 434 15 1 2 3 10 4 0 0
ST_DELIB 435 15 1 2 3 75 4 0 0
ST_DELIB 436 15 1 2 3 10 4 0 0
ST_DELIB 437 15 1 2 3 10 4 0 0
ST_DELIB 438 15 1 2 3 75 4 0 0
ST_DELIB 439 15 1 2 3 10 4 0 0
ST_DELIB 440 15 1 2 3 10 4 0 0
ST_DELIB 441 15 1 2 3 75 4 0 0
ST_DELIB 442 15 1 2 3 10 4 0 0
ST_DELIB 443 15 1 2 3 10 4 0 0
ST_DELIB 444 15 1 2 3 10 4 0 0
ST_DELIB 445 15 1 2 3 75 4 0 0
ST_DELIB 446 15 1 2 3 10 4 0 0
ST_DELIB 447 15 1 2 3 10 4 0 0
ST_DELIB 448 15 1 2 3 75 4 0 0
ST_DELIB 449 15 1 2 3 10 4 0 0
ST_TS 450 32 536 0 1434 0 425 0 29 135 0 0 0 0 0 0 0
ST_DELIB 450 15 1 2 3 10 4 0 0
ST_DELIB 451 15 1 2 3 75 4 0 0
ST_DELIB 452 15 1 2 3 10 4 0 0
ST_DELIB 453 15 1 2 3 10 4 0 0
ST_DELIB 454 15 1 2 3 10 4 0 0
ST_DELIB 455 15 1 2 3 75 4 0 0
ST_DELIB 456 15 1 2 3 10 4 0 0
ST_DELIB 457 15 1 2 3 10 4 0 0
ST_DELIB 458 17 1 2 2 90 4 0 1
ST_DELIB 459 17 1 2 3 10 4 0 0
ST_DELIB 460 17 1 2 3 10 4 0 0
ST_DELIB 461 17 1 2 3 75 4 0 0
ST_DELIB 462 17 1 2 3 10 4 0 0
ST_DELIB 463 17 1 2 3 10 4 0 0
ST_DELIB 464 17 1 2 3 10 4 0 0
ST_DELIB 465 17 1 2 3 75 4 0 0
ST_DELIB 466 17 1 2 3 10 4 0 0
ST_DELIB 467 17 1 2 3 10 4 0 0
ST_DELIB 468 17 1 2 3 75 4 0 0
ST_DELIB 469 17 1 2 3 10 4 0 0
ST_DELIB 470 17 1 2 3 10 4 0 0
ST_DELIB 471 17 1 2 3 75 4 0 0
ST_DELIB 472 17 1 2 3 10 4 0 0
ST_DELIB 473 17 1 2 3 10 4 0 0
ST_DELIB 474 17 1 2 3 10 4 0 0
ST_TS 475 32 563 0 1534 0 450 0 28 143 0 0 0 0 0 0 0
ST_DELIB 475 17 1 2 3 75 4 0 0
ST_DELIB 476 17 1 2 3 10 4 0 0
ST_DELIB 477 17 1 2 3 10 4 0 0
ST_DELIB 478 17 1 2 3 75 4 0 0
ST_DELIB 479 17 1 2 3 10 4 0 0
ST_DELIB 480 17 1 2 3 10 4 0 0
ST_DELIB 481 17 1 2 3 75 4 0 0
ST_DELIB 482 17 1 2 3 10 4 0 0
ST_DELIB 483 17 1 2 3 10 4 0 0
ST_DELIB 484 17 1 2 3 10 4 0 0
ST_DELIB 485 17 1 2 3 75 4 0 0
ST_DELIB 486 17 1 2 3 10 4 0 0
ST_DELIB 487 17 1 2 3 10 4 0 0
ST_DELIB 488 17 1 2 3 75 4 0 0
ST_DELIB 489 17 1 2 3 10 4 0 0
ST_DELIB 490 17 1 2 3 10 4 0 0
ST_DELIB 491 17 1 2 3 75 4 0 0
ST_DELIB 492 17 1 2 3 10 4 0 0
ST_DELIB 493 17 1 2 3 10 4 0 0
ST_DELIB 494 17 1 2 3 10 4 0 0
ST_DELIB 495 17 1 2 3 75 4 0 0
ST_DELIB 496 17 1 2 3 10 4 0 0
ST_DELIB 497 17 1 2 3 10 4 0 0
ST_DELIB 498 17 1 2 3 75 4 0 0
ST_DELIB 499 17 1 2 3 10 4 0 0
ST_TS 500 32 589 0 1634 0 475 0 29 150 0 0 0 0 0 0 0
ST_CELL 10 0 3 0
ST_AUDIT_N 589
ST_DROPS 0
ST_ABANDONS 0
ST_ABANDON_Q 0 0 0 0
ST_METRIC 1 29 150
ST_METRIC 8 8 8
ST_METRIC 9 8 10
ST_METRIC 10 500 500
ST_METRIC 11 29 150
ST_A_SUMMARY 0 475 0 0 1634
ST_LEDGER 589 49476
CL_CHECK,ck_replay,0,0
CL_CHECK,ck_refusals_clean,0,0
CL_CHECK,ck_core_live,1,1
CL_CHECK,ck_strength_lineage,1,1
CL_CHECK,ck_strength_lineage,1,1
CL_CHECK,ck_strength_lineage,1,1
CL_CHECK,ck_strength_lineage,1,1
CL_CHECK,ck_strength_lineage,1,1
CL_CHECK,ck_strength_lineage,1,1
CL_CHECK,ck_strength_lineage,1,1
CL_CHECK,ck_strength_lineage,1,1
CL_CHECK,ck_strength_lineage,1,1
CL_CHECK,ck_strength_lineage,1,1
CL_CHECK,ck_strength_lineage,1,1
CL_CHECK,ck_strength_lineage,1,1
CL_CHECK,ck_strength_lineage,1,1
CL_CHECK,ck_strength_lineage,1,1
CL_CHECK,ck_strength_lineage,1,1
CL_CHECK,ck_strength_lineage,1,1
CL_CHECK,ck_strength_lineage,1,1
CL_CHECK,ck_strength_lineage,1,1
CL_CHECK,ck_strength_lineage,1,1
CL_CHECK,ck_strength_lineage,1,1
CL_CHECK,ck_strength_lineage,1,1
CL_CHECK,ck_strength_lineage,1,1
CL_CHECK,ck_strength_lineage,1,1
CL_CHECK,ck_strength_lineage,1,1
CL_CHECK,ck_strength_lineage,1,1
CL_CHECK,ck_strength_lineage,1,1
CL_CHECK,ck_strength_lineage,1,1
CL_CHECK,ck_strength_lineage,1,1
CL_CHECK,ck_strength_lineage,1,1
CL_CHECK,ck_strength_lineage,1,1
CL_CHECK,ck_strength_lineage,1,1
CL_CHECK,ck_strength_lineage,1,1
CL_CHECK,ck_strength_lineage,1,1
CL_CHECK,ck_strength_lineage,1,1
CL_CHECK,ck_strength_lineage,1,1
CL_CHECK,ck_strength_lineage,1,1
CL_CHECK,ck_strength_lineage,1,1
CL_CHECK,ck_strength_lineage,1,1
CL_CHECK,ck_strength_lineage,1,1
CL_CHECK,ck_strength_lineage,1,1
CL_CHECK,ck_strength_lineage,1,1
CL_CHECK,ck_strength_lineage,1,1
CL_CHECK,ck_strength_lineage,1,1
CL_CHECK,ck_strength_lineage,1,1
CL_CHECK,ck_strength_lineage,1,1
CL_CHECK,ck_strength_lineage,1,1
CL_CHECK,ck_strength_lineage,1,1
CL_CHECK,ck_strength_lineage,1,1
CL_CHECK,ck_strength_lineage,1,1
CL_CHECK,ck_strength_lineage,1,1
CL_CHECK,ck_strength_lineage,1,1
CL_CHECK,ck_strength_lineage,1,1
CL_CHECK,ck_strength_lineage,1,1
CL_CHECK,ck_strength_lineage,1,1
CL_CHECK,ck_strength_lineage,1,1
CL_CHECK,ck_strength_lineage,1,1
CL_CHECK,ck_strength_lineage,1,1
CL_CHECK,ck_strength_lineage,1,1
CL_CHECK,ck_strength_lineage,1,1
CL_CHECK,ck_strength_lineage,1,1
CL_CHECK,ck_strength_lineage,1,1
CL_CHECK,ck_strength_lineage,1,1
CL_CHECK,ck_strength_lineage,1,1
CL_CHECK,ck_strength_lineage,1,1
CL_CHECK,ck_strength_lineage,1,1
CL_CHECK,ck_strength_lineage,1,1
CL_CHECK,ck_strength_lineage,1,1
CL_CHECK,ck_strength_lineage,1,1
CL_CHECK,ck_strength_lineage,1,1
CL_CHECK,ck_strength_lineage,1,1
CL_CHECK,ck_strength_lineage,1,1
CL_CHECK,ck_strength_lineage,1,1
CL_CHECK,ck_strength_lineage,1,1
CL_CHECK,ck_strength_lineage,1,1
CL_CHECK,ck_strength_lineage,1,1
CL_CHECK,ck_strength_lineage,1,1
CL_CHECK,ck_strength_lineage,1,1
CL_CHECK,ck_strength_lineage,1,1
CL_CHECK,ck_strength_lineage,1,1
CL_CHECK,ck_strength_lineage,1,1
CL_CHECK,ck_strength_lineage,1,1
CL_CHECK,ck_strength_lineage,1,1
CL_CHECK,ck_strength_lineage,1,1
CL_CHECK,ck_strength_lineage,1,1
CL_CHECK,ck_strength_lineage,1,1
CL_CHECK,ck_strength_lineage,1,1
CL_CHECK,ck_strength_lineage,1,1
CL_CHECK,ck_strength_lineage,1,1
CL_CHECK,ck_strength_lineage,1,1
CL_CHECK,ck_strength_lineage,1,1
CL_CHECK,ck_strength_lineage,1,1
CL_CHECK,ck_strength_lineage,1,1
CL_CHECK,ck_strength_lineage,1,1
CL_CHECK,ck_strength_lineage,1,1
CL_CHECK,ck_strength_lineage,1,1
CL_CHECK,ck_strength_lineage,1,1
CL_CHECK,ck_strength_lineage,1,1
CL_CHECK,ck_strength_lineage,1,1
CL_CHECK,ck_strength_lineage,1,1
CL_CHECK,ck_strength_lineage,1,1
CL_CHECK,ck_strength_lineage,1,1
CL_CHECK,ck_strength_lineage,1,1
CL_CHECK,ck_strength_lineage,1,1
CL_CHECK,ck_strength_lineage,1,1
CL_CHECK,ck_strength_lineage,1,1
CL_CHECK,ck_strength_lineage,1,1
CL_CHECK,ck_strength_lineage,1,1
CL_CHECK,ck_strength_lineage,1,1
CL_CHECK,ck_strength_lineage,1,1
CL_CHECK,ck_strength_lineage,1,1
CL_CHECK,ck_strength_lineage,1,1
CL_CHECK,ck_strength_lineage,1,1
CL_CHECK,ck_strength_lineage,1,1
CL_CHECK,ck_strength_lineage,1,1
CL_CHECK,ck_strength_lineage,1,1
CL_CHECK,ck_strength_lineage,1,1
CL_CHECK,ck_strength_lineage,1,1
CL_CHECK,ck_strength_lineage,1,1
CL_CHECK,ck_strength_lineage,1,1
CL_CHECK,ck_strength_lineage,1,1
CL_CHECK,ck_strength_lineage,1,1
CL_CHECK,ck_strength_lineage,1,1
CL_CHECK,ck_strength_lineage,1,1
CL_CHECK,ck_strength_lineage,1,1
CL_CHECK,ck_strength_lineage,1,1
CL_CHECK,ck_strength_lineage,1,1
CL_CHECK,ck_strength_lineage,1,1
CL_CHECK,ck_strength_lineage,1,1
CL_CHECK,ck_strength_lineage,1,1
CL_CHECK,ck_strength_lineage,1,1
CL_CHECK,ck_strength_lineage,1,1
CL_CHECK,ck_strength_lineage,1,1
CL_CHECK,ck_strength_lineage,1,1
CL_CHECK,ck_strength_lineage,1,1
CL_CHECK,ck_strength_lineage,1,1
CL_CHECK,ck_strength_lineage,1,1
CL_CHECK,ck_strength_lineage,1,1
CL_CHECK,ck_strength_lineage,1,1
CL_CHECK,ck_strength_lineage,1,1
CL_CHECK,ck_strength_lineage,1,1
CL_CHECK,ck_strength_lineage,1,1
CL_CHECK,ck_strength_lineage,1,1
CL_CHECK,ck_strength_lineage,1,1
CL_CHECK,ck_strength_lineage,1,1
CL_CHECK,ck_strength_lineage,1,1
CL_CHECK,ck_strength_lineage,1,1
CL_CHECK,ck_strength_lineage,1,1
CL_CHECK,ck_strength_lineage,1,1
CL_CHECK,ck_strength_lineage,1,1
CL_CHECK,ck_strength_lineage,1,1
CL_CHECK,ck_strength_lineage,1,1
CL_CHECK,ck_strength_lineage,1,1
CL_CHECK,ck_strength_lineage,1,1
CL_CHECK,ck_strength_lineage,1,1
CL_CHECK,ck_strength_lineage,1,1
CL_CHECK,ck_strength_lineage,1,1
CL_CHECK,ck_strength_lineage,1,1
CL_CHECK,ck_strength_lineage,1,1
CL_CHECK,ck_strength_lineage,1,1
CL_CHECK,ck_strength_lineage,1,1
CL_CHECK,ck_strength_lineage,1,1
CL_CHECK,ck_strength_lineage,1,1
CL_CHECK,ck_strength_lineage,1,1
CL_CHECK,ck_strength_lineage,1,1
CL_CHECK,ck_strength_lineage,1,1
CL_CHECK,ck_strength_lineage,1,1
CL_CHECK,ck_strength_lineage,1,1
CL_CHECK,ck_strength_lineage,1,1
CL_CHECK,ck_strength_lineage,1,1
CL_CHECK,ck_strength_lineage,1,1
CL_CHECK,ck_strength_lineage,1,1
CL_CHECK,ck_strength_lineage,1,1
CL_CHECK,ck_strength_lineage,1,1
CL_CHECK,ck_strength_lineage,1,1
CL_CHECK,ck_strength_lineage,1,1
CL_CHECK,ck_strength_lineage,1,1
CL_CHECK,ck_strength_lineage,1,1
CL_CHECK,ck_strength_lineage,1,1
CL_CHECK,ck_strength_lineage,1,1
CL_CHECK,ck_strength_lineage,1,1
CL_CHECK,ck_strength_lineage,1,1
CL_CHECK,ck_strength_lineage,1,1
CL_CHECK,ck_strength_lineage,1,1
CL_CHECK,ck_strength_lineage,1,1
CL_CHECK,ck_strength_lineage,1,1
CL_CHECK,ck_strength_lineage,1,1
CL_CHECK,ck_strength_lineage,1,1
CL_CHECK,ck_strength_lineage,1,1
CL_CHECK,ck_strength_lineage,1,1
CL_CHECK,ck_strength_lineage,1,1
CL_CHECK,ck_strength_lineage,1,1
CL_CHECK,ck_strength_lineage,1,1
CL_CHECK,ck_strength_lineage,1,1
CL_CHECK,ck_strength_lineage,1,1
CL_CHECK,ck_strength_lineage,1,1
CL_CHECK,ck_strength_lineage,1,1
CL_CHECK,ck_strength_lineage,1,1
CL_CHECK,ck_strength_lineage,1,1
CL_CHECK,ck_strength_lineage,1,1
CL_CHECK,ck_strength_lineage,1,1
CL_CHECK,ck_strength_lineage,1,1
CL_CHECK,ck_strength_lineage,1,1
CL_CHECK,ck_strength_lineage,1,1
CL_CHECK,ck_strength_lineage,1,1
CL_CHECK,ck_strength_lineage,1,1
CL_CHECK,ck_strength_lineage,1,1
CL_CHECK,ck_strength_lineage,1,1
CL_CHECK,ck_strength_lineage,1,1
CL_CHECK,ck_strength_lineage,1,1
CL_CHECK,ck_strength_lineage,1,1
CL_CHECK,ck_strength_lineage,1,1
CL_CHECK,ck_strength_lineage,1,1
CL_CHECK,ck_strength_lineage,1,1
CL_CHECK,ck_strength_lineage,1,1
CL_CHECK,ck_strength_lineage,1,1
CL_CHECK,ck_strength_lineage,1,1
CL_CHECK,ck_strength_lineage,1,1
CL_CHECK,ck_strength_lineage,1,1
CL_CHECK,ck_strength_lineage,1,1
CL_CHECK,ck_strength_lineage,1,1
CL_CHECK,ck_strength_lineage,1,1
CL_CHECK,ck_strength_lineage,1,1
CL_CHECK,ck_strength_lineage,1,1
CL_CHECK,ck_strength_lineage,1,1
CL_CHECK,ck_strength_lineage,1,1
CL_CHECK,ck_strength_lineage,1,1
CL_CHECK,ck_strength_lineage,1,1
CL_CHECK,ck_strength_lineage,1,1
CL_CHECK,ck_strength_lineage,1,1
CL_CHECK,ck_strength_lineage,1,1
CL_CHECK,ck_strength_lineage,1,1
CL_CHECK,ck_strength_lineage,1,1
CL_CHECK,ck_strength_lineage,1,1
CL_CHECK,ck_strength_lineage,1,1
CL_CHECK,ck_strength_lineage,1,1
CL_CHECK,ck_strength_lineage,1,1
CL_CHECK,ck_strength_lineage,1,1
CL_CHECK,ck_strength_lineage,1,1
CL_CHECK,ck_strength_lineage,1,1
CL_CHECK,ck_strength_lineage,1,1
CL_CHECK,ck_strength_lineage,1,1
CL_CHECK,ck_strength_lineage,1,1
CL_CHECK,ck_strength_lineage,1,1
CL_CHECK,ck_strength_lineage,1,1
CL_CHECK,ck_strength_lineage,1,1
CL_CHECK,ck_strength_lineage,1,1
CL_CHECK,ck_strength_lineage,1,1
CL_CHECK,ck_strength_lineage,1,1
CL_CHECK,ck_strength_lineage,1,1
CL_CHECK,ck_strength_lineage,1,1
CL_CHECK,ck_strength_lineage,1,1
CL_CHECK,ck_strength_lineage,1,1
CL_CHECK,ck_strength_lineage,1,1
CL_CHECK,ck_strength_lineage,1,1
CL_CHECK,ck_strength_lineage,1,1
CL_CHECK,ck_strength_lineage,1,1
CL_CHECK,ck_strength_lineage,1,1
CL_CHECK,ck_strength_lineage,1,1
CL_CHECK,ck_strength_lineage,1,1
CL_CHECK,ck_strength_lineage,1,1
CL_CHECK,ck_strength_lineage,1,1
CL_CHECK,ck_strength_lineage,1,1
CL_CHECK,ck_strength_lineage,1,1
CL_CHECK,ck_strength_lineage,1,1
CL_CHECK,ck_strength_lineage,1,1
CL_CHECK,ck_strength_lineage,1,1
CL_CHECK,ck_strength_lineage,1,1
CL_CHECK,ck_strength_lineage,1,1
CL_CHECK,ck_strength_lineage,1,1
CL_CHECK,ck_strength_lineage,1,1
CL_CHECK,ck_strength_lineage,1,1
CL_CHECK,ck_strength_lineage,1,1
CL_CHECK,ck_strength_lineage,1,1
CL_CHECK,ck_strength_lineage,1,1
CL_CHECK,ck_strength_lineage,1,1
CL_CHECK,ck_strength_lineage,1,1
CL_CHECK,ck_strength_lineage,1,1
CL_CHECK,ck_strength_lineage,1,1
CL_CHECK,ck_strength_lineage,1,1
CL_CHECK,ck_strength_lineage,1,1
CL_CHECK,ck_strength_lineage,1,1
CL_CHECK,ck_strength_lineage,1,1
CL_CHECK,ck_strength_lineage,1,1
CL_CHECK,ck_strength_lineage,1,1
CL_CHECK,ck_strength_lineage,1,1
CL_CHECK,ck_strength_lineage,1,1
CL_CHECK,ck_strength_lineage,1,1
CL_CHECK,ck_strength_lineage,1,1
CL_CHECK,ck_strength_lineage,1,1
CL_CHECK,ck_strength_lineage,1,1
CL_CHECK,ck_strength_lineage,1,1
CL_CHECK,ck_strength_lineage,1,1
CL_CHECK,ck_strength_lineage,1,1
CL_CHECK,ck_strength_lineage,1,1
CL_CHECK,ck_strength_lineage,1,1
CL_CHECK,ck_strength_lineage,1,1
CL_CHECK,ck_strength_lineage,1,1
CL_CHECK,ck_strength_lineage,1,1
CL_CHECK,ck_strength_lineage,1,1
CL_CHECK,ck_strength_lineage,1,1
CL_CHECK,ck_strength_lineage,1,1
CL_CHECK,ck_strength_lineage,1,1
CL_CHECK,ck_strength_lineage,1,1
CL_CHECK,ck_strength_lineage,1,1
CL_CHECK,ck_strength_lineage,1,1
CL_CHECK,ck_strength_lineage,1,1
CL_CHECK,ck_strength_lineage,1,1
CL_CHECK,ck_strength_lineage,1,1
CL_CHECK,ck_strength_lineage,1,1
CL_CHECK,ck_strength_lineage,1,1
CL_CHECK,ck_strength_lineage,1,1
CL_CHECK,ck_strength_lineage,1,1
CL_CHECK,ck_strength_lineage,1,1
CL_CHECK,ck_strength_lineage,1,1
CL_CHECK,ck_strength_lineage,1,1
CL_CHECK,ck_strength_lineage,1,1
CL_CHECK,ck_strength_lineage,1,1
CL_CHECK,ck_strength_lineage,1,1
CL_CHECK,ck_strength_lineage,1,1
CL_CHECK,ck_strength_lineage,1,1
CL_CHECK,ck_strength_lineage,1,1
CL_CHECK,ck_strength_lineage,1,1
CL_CHECK,ck_strength_lineage,1,1
CL_CHECK,ck_strength_lineage,1,1
CL_CHECK,ck_strength_lineage,1,1
CL_CHECK,ck_strength_lineage,1,1
CL_CHECK,ck_strength_lineage,1,1
CL_CHECK,ck_strength_lineage,1,1
CL_CHECK,ck_strength_lineage,1,1
CL_CHECK,ck_strength_lineage,1,1
CL_CHECK,ck_strength_lineage,1,1
CL_CHECK,ck_strength_lineage,1,1
CL_CHECK,ck_strength_lineage,1,1
CL_CHECK,ck_strength_lineage,1,1
CL_CHECK,ck_strength_lineage,1,1
CL_CHECK,ck_strength_lineage,1,1
CL_CHECK,ck_strength_lineage,1,1
CL_CHECK,ck_strength_lineage,1,1
CL_CHECK,ck_strength_lineage,1,1
CL_CHECK,ck_strength_lineage,1,1
CL_CHECK,ck_strength_lineage,1,1
CL_CHECK,ck_strength_lineage,1,1
CL_CHECK,ck_strength_lineage,1,1
CL_CHECK,ck_strength_lineage,1,1
CL_CHECK,ck_strength_lineage,1,1
CL_CHECK,ck_strength_lineage,1,1
CL_CHECK,ck_strength_lineage,1,1
CL_CHECK,ck_strength_lineage,1,1
CL_CHECK,ck_strength_lineage,1,1
CL_CHECK,ck_strength_lineage,1,1
CL_CHECK,ck_strength_lineage,1,1
CL_CHECK,ck_strength_lineage,1,1
CL_CHECK,ck_strength_lineage,1,1
CL_CHECK,ck_strength_lineage,1,1
CL_CHECK,ck_strength_lineage,1,1
CL_CHECK,ck_strength_lineage,1,1
CL_CHECK,ck_strength_lineage,1,1
CL_CHECK,ck_strength_lineage,1,1
CL_CHECK,ck_strength_lineage,1,1
CL_CHECK,ck_strength_lineage,1,1
CL_CHECK,ck_strength_lineage,1,1
CL_CHECK,ck_strength_lineage,1,1
CL_CHECK,ck_strength_lineage,1,1
CL_CHECK,ck_strength_lineage,1,1
CL_CHECK,ck_strength_lineage,1,1
CL_CHECK,ck_strength_lineage,1,1
CL_CHECK,ck_strength_lineage,1,1
CL_CHECK,ck_strength_lineage,1,1
CL_CHECK,ck_no_bad_kill,0,0
CL_CHECK,ck_no_bad_forcepin,0,0
CL_CHECK,ck_no_bad_code,0,0
CL_CHECK,ck_no_bad_role,0,0
CL_CHECK,ck_no_bad_pexp,0,0
CL_CHECK,ck_no_bad_recycle,0,0
ST_FINGERPRINT -1761550340
ST_INVALID 0
ST_DONE
