ST_TS 0 2 3 0 0 0 0 0 0 0 0 0 0 0 0 0 0
ST_TS 25 27 31 0 0 0 0 0 0 8 0 0 0 6 0 0 0
ST_DELIB 30 2 1 2 3 10 1 0 0
ST_DELIB 31 5 1 2 3 10 1 0 0
ST_DELIB 32 8 1 2 3 10 1 0 0
ST_DELIB 33 4 1 2 3 10 1 0 0
ST_DELIB 34 7 1 2 3 10 1 0 0
ST_DELIB 35 12 1 2 3 10 1 0 0
ST_DELIB 36 15 1 2 3 10 1 0 0
ST_DELIB 37 14 1 2 3 10 1 0 0
ST_DELIB 38 18 1 2 3 10 1 0 0
ST_DELIB 39 24 1 2 3 10 1 0 0
ST_DELIB 40 17 1 2 3 10 1 0 0
ST_DELIB 41 17 1 2 3 10 1 0 0
ST_DELIB 42 27 1 2 3 10 1 0 0
ST_DELIB 43 2 1 2 3 10 1 0 0
ST_DELIB 44 2 1 2 3 10 1 0 0
ST_DELIB 45 22 1 2 3 10 1 0 0
ST_DELIB 46 4 1 2 3 10 1 0 0
ST_DELIB 47 4 1 2 3 10 1 0 0
ST_DELIB 48 25 1 2 3 10 1 0 0
ST_DELIB 49 15 1 2 3 10 1 0 0
ST_TS 50 32 74 0 20 0 20 0 12 15 0 0 0 15 0 0 0
ST_DELIB 50 22 1 2 3 10 1 0 0
ST_DELIB 51 28 1 2 3 10 1 0 0
ST_DELIB 52 27 1 2 3 10 1 0 0
ST_DELIB 53 27 1 2 3 10 1 0 0
ST_DELIB 54 8 1 2 3 10 1 0 0
ST_DELIB 55 12 1 2 3 10 1 0 0
ST_DELIB 56 12 1 2 3 10 1 0 0
ST_DELIB 57 9 3 1 1 80 4 2 1
ST_DELIB 57 12 1 2 3 10 1 0 0
ST_DELIB 58 10 3 1 1 80 4 2 1
ST_DELIB 58 22 1 2 3 10 1 0 0
ST_DELIB 59 11 3 1 1 80 4 2 1
ST_DELIB 59 27 1 2 3 10 1 0 0
ST_DELIB 60 14 1 2 3 75 3 0 0
ST_DELIB 61 14 1 2 3 10 3 0 0
ST_DELIB 62 14 1 2 3 75 3 0 0
ST_DELIB 63 14 1 2 3 10 3 0 0
ST_DELIB 64 14 1 2 3 10 3 0 0
ST_DELIB 65 14 1 2 3 75 3 0 0
ST_DELIB 66 14 1 2 3 10 3 0 0
ST_DELIB 67 19 3 1 1 80 4 2 1
ST_DELIB 67 14 1 2 3 10 3 0 0
ST_DELIB 68 20 3 1 1 80 4 2 1
ST_DELIB 68 14 1 2 3 75 3 0 0
ST_DELIB 69 21 3 1 1 80 4 2 1
ST_DELIB 69 15 1 2 3 75 3 0 0
ST_DELIB 70 8 1 2 3 75 3 0 0
ST_DELIB 71 8 1 2 3 10 3 0 0
ST_DELIB 72 15 1 2 3 75 3 0 0
ST_DELIB 73 15 1 2 3 10 3 0 0
ST_DELIB 74 15 1 2 3 10 3 0 0
ST_TS 75 32 132 0 75 0 45 0 23 23 0 0 0 21 0 0 0
ST_DELIB 75 28 1 2 3 75 3 0 0
ST_DELIB 76 28 1 2 3 10 3 0 0
ST_DELIB 77 29 3 1 1 80 4 2 1
ST_DELIB 77 28 1 2 3 10 3 0 0
ST_DELIB 78 30 3 1 1 80 4 2 1
ST_DELIB 78 8 1 2 3 75 3 0 0
ST_DELIB 79 31 3 1 1 80 4 2 1
ST_DELIB 79 8 1 2 3 75 3 0 0
ST_DELIB 80 8 1 2 3 75 3 0 0
ST_DELIB 81 8 1 2 3 10 3 0 0
ST_DELIB 82 9 3 1 1 80 4 3 1
ST_DELIB 82 8 1 2 3 75 3 0 0
ST_DELIB 83 10 3 1 1 80 4 3 1
ST_DELIB 83 8 1 2 3 10 3 0 0
ST_DELIB 84 11 3 1 1 80 4 3 1
ST_DELIB 84 8 1 2 3 10 3 0 0
ST_DELIB 85 8 1 2 3 75 3 0 0
ST_DELIB 86 8 1 2 3 10 3 0 0
ST_DELIB 87 8 1 2 3 10 3 0 0
ST_DELIB 88 18 3 1 1 80 4 2 1
ST_DELIB 88 8 1 2 3 75 3 0 0
ST_DELIB 89 24 3 1 1 80 4 2 1
ST_DELIB 89 8 1 2 3 75 3 0 0
ST_DELIB 90 8 1 2 3 75 3 0 0
ST_DELIB 91 8 1 2 3 10 3 0 0
ST_DELIB 92 19 3 1 1 80 4 3 1
ST_DELIB 92 8 1 2 3 75 3 0 0
ST_DELIB 93 20 3 1 1 80 4 3 1
ST_DELIB 93 8 1 2 3 10 3 0 0
ST_DELIB 94 21 3 1 1 80 4 3 1
ST_DELIB 94 8 1 2 3 10 3 0 0
ST_DELIB 95 8 1 2 3 75 3 0 0
ST_DELIB 96 8 1 2 3 10 3 0 0
ST_DELIB 97 4 3 1 1 80 4 2 1
ST_DELIB 97 8 1 2 3 10 3 0 0
ST_DELIB 98 25 3 1 1 80 4 2 1
ST_DELIB 98 8 1 2 3 75 3 0 0
ST_DELIB 99 8 1 2 3 75 3 0 0
ST_TS 100 32 183 0 150 0 70 0 28 30 0 0 0 30 0 0 0
ST_DELIB 100 8 1 2 3 75 3 0 0
ST_DELIB 101 8 1 2 3 10 3 0 0
ST_DELIB 102 29 3 1 1 80 4 3 1
ST_DELIB 102 8 1 2 3 75 3 0 0
ST_DELIB 103 30 3 1 1 80 4 3 1
ST_DELIB 103 8 1 2 3 10 3 0 0
ST_DELIB 104 31 3 1 1 80 4 3 1
ST_DELIB 104 8 1 2 3 10 3 0 0
ST_DELIB 105 8 1 2 3 75 3 0 0
ST_DELIB 106 8 1 2 3 10 3 0 0
ST_DELIB 107 12 3 1 1 80 4 2 1
ST_DELIB 107 9 3 1 1 80 4 4 1
ST_DELIB 108 22 3 1 1 80 4 2 1
ST_DELIB 108 10 3 1 1 80 4 4 1
ST_DELIB 109 27 3 1 1 80 4 2 1
ST_DELIB 109 11 3 1 1 80 4 4 1
ST_DELIB 110 8 1 2 3 10 3 0 0
ST_DELIB 111 8 1 2 3 10 3 0 0
ST_DELIB 112 8 1 2 3 75 3 0 0
ST_DELIB 113 18 3 1 1 80 4 3 1
ST_DELIB 113 8 1 2 3 10 3 0 0
ST_DELIB 114 24 3 1 1 80 4 3 1
ST_DELIB 114 8 1 2 3 10 3 0 0
ST_DELIB 115 8 1 2 3 75 3 0 0
ST_DELIB 116 8 1 2 3 10 3 0 0
ST_DELIB 117 19 3 1 1 80 4 4 1
ST_DELIB 118 14 3 1 1 80 4 2 1
ST_DELIB 118 20 3 1 1 80 4 4 1
ST_DELIB 119 21 3 1 1 80 4 4 1
ST_DELIB 120 8 1 2 3 10 3 0 0
ST_DELIB 121 8 1 2 3 10 3 0 0
ST_DELIB 122 4 3 1 1 80 4 3 1
ST_DELIB 122 8 1 2 3 75 3 0 0
ST_DELIB 123 25 3 1 1 80 4 3 1
ST_DELIB 123 8 1 2 3 10 3 0 0
ST_DELIB 124 8 1 2 3 10 3 0 0
ST_TS 125 32 243 24 207 6 89 0 23 38 0 0 0 36 6 300 6
ST_DELIB 125 8 1 2 3 75 3 0 0
ST_DELIB 126 8 1 2 3 10 3 0 0
ST_DELIB 127 28 3 1 1 80 4 2 1
ST_DELIB 127 29 3 1 1 80 4 4 1
ST_DELIB 128 30 3 1 1 80 4 4 1
ST_DELIB 129 31 3 1 1 80 4 4 1
ST_DELIB 130 8 1 2 3 10 3 0 0
ST_DELIB 131 8 1 2 3 10 3 0 0
ST_DELIB 132 12 3 1 1 80 4 3 1
ST_DELIB 132 20 1 2 3 75 3 0 0
ST_DELIB 133 22 3 1 1 80 4 3 1
ST_DELIB 133 20 1 2 3 10 3 0 0
ST_DELIB 134 27 3 1 1 80 4 3 1
ST_DELIB 134 20 1 2 3 10 3 0 0
ST_DELIB 135 29 1 2 3 75 3 0 0
ST_DELIB 136 29 1 2 3 10 3 0 0
ST_DELIB 137 29 1 2 3 10 3 0 0
ST_DELIB 138 18 3 1 1 80 4 4 1
ST_DELIB 139 24 3 1 1 80 4 4 1
ST_DELIB 140 24 1 2 3 75 3 0 0
ST_DELIB 141 24 1 2 3 10 3 0 0
ST_DELIB 142 18 1 2 3 75 3 0 0
ST_DELIB 143 14 3 1 1 80 4 3 1
ST_DELIB 143 18 1 2 3 10 3 0 0
ST_DELIB 144 18 1 2 3 10 3 0 0
ST_DELIB 145 18 1 2 3 75 3 0 0
ST_DELIB 146 18 1 2 3 10 3 0 0
ST_DELIB 147 4 3 1 1 80 4 4 1
ST_DELIB 148 25 3 1 1 80 4 4 1
ST_DELIB 149 18 1 2 3 10 3 0 0
ST_TS 150 32 304 52 261 13 107 0 21 45 0 0 0 45 13 650 13
ST_DELIB 150 25 1 2 3 75 3 0 0
ST_DELIB 151 25 1 2 3 10 3 0 0
ST_DELIB 152 28 3 1 1 80 4 3 1
ST_DELIB 152 25 1 2 3 75 3 0 0
ST_DELIB 153 25 1 2 3 10 3 0 0
ST_DELIB 154 25 1 2 3 10 3 0 0
ST_DELIB 155 25 1 2 3 75 3 0 0
ST_DELIB 156 25 1 2 3 10 3 0 0
ST_DELIB 157 9 3 1 1 80 4 2 1
ST_DELIB 157 12 3 1 1 80 4 4 1
ST_DELIB 158 10 3 1 1 80 4 2 1
ST_DELIB 158 22 3 1 1 80 4 4 1
ST_DELIB 159 11 3 1 1 80 4 2 1
ST_DELIB 159 27 3 1 1 80 4 4 1
ST_DELIB 160 25 1 2 3 10 3 0 0
ST_DELIB 161 25 1 2 3 10 3 0 0
ST_DELIB 162 4 1 2 3 75 3 0 0
ST_DELIB 163 4 1 2 3 10 3 0 0
ST_DELIB 164 4 1 2 3 10 3 0 0
ST_DELIB 165 24 1 2 3 75 3 0 0
ST_DELIB 166 24 1 2 3 10 3 0 0
ST_DELIB 167 19 3 1 1 80 4 2 1
ST_DELIB 167 24 1 2 3 10 3 0 0
ST_DELIB 168 14 3 1 1 80 4 4 1
ST_DELIB 169 21 3 1 1 80 4 2 1
ST_DELIB 169 14 1 2 3 75 3 0 0
ST_DELIB 170 14 1 2 3 75 3 0 0
ST_DELIB 171 14 1 2 3 10 3 0 0
ST_DELIB 172 14 1 2 3 75 3 0 0
ST_DELIB 173 14 1 2 3 10 3 0 0
ST_DELIB 174 14 1 2 3 10 3 0 0
ST_TS 175 32 360 68 324 17 128 0 23 53 0 0 0 51 17 850 17
ST_DELIB 175 14 1 2 3 75 3 0 0
ST_DELIB 176 14 1 2 3 10 3 0 0
ST_DELIB 177 28 3 1 1 80 4 4 1
ST_DELIB 178 30 3 1 1 80 4 2 1
ST_DELIB 178 14 1 2 3 10 3 0 0
ST_DELIB 179 31 3 1 1 80 4 2 1
ST_DELIB 179 14 1 2 3 75 3 0 0
ST_DELIB 180 28 1 2 3 75 3 0 0
ST_DELIB 181 28 1 2 3 10 3 0 0
ST_DELIB 182 9 3 1 1 80 4 3 1
ST_DELIB 182 28 1 2 3 75 3 0 0
ST_DELIB 183 10 3 1 1 80 4 3 1
ST_DELIB 183 28 1 2 3 10 3 0 0
ST_DELIB 184 11 3 1 1 80 4 3 1
ST_DELIB 184 28 1 2 3 10 3 0 0
ST_DELIB 185 28 1 2 3 75 3 0 0
ST_DELIB 186 28 1 2 3 10 3 0 0
ST_DELIB 187 29 3 1 1 80 4 2 1
ST_DELIB 187 28 1 2 3 10 3 0 0
ST_DELIB 188 28 1 2 3 75 3 0 0
ST_DELIB 189 14 1 2 3 75 3 0 0
ST_DELIB 190 14 1 2 3 75 3 0 0
ST_DELIB 191 14 1 2 3 10 3 0 0
ST_DELIB 192 19 3 1 1 80 4 3 1
ST_DELIB 192 14 1 2 3 75 3 0 0
ST_DELIB 193 14 1 2 3 10 3 0 0
ST_DELIB 194 21 3 1 1 80 4 3 1
ST_DELIB 194 14 1 2 3 10 3 0 0
ST_DELIB 195 14 1 2 3 75 3 0 0
ST_DELIB 196 14 1 2 3 10 3 0 0
ST_DELIB 197 14 1 2 3 10 3 0 0
ST_DELIB 198 14 1 2 3 75 3 0 0
ST_DELIB 199 18 3 1 1 80 4 2 1
ST_DELIB 199 14 1 2 3 75 3 0 0
ST_TS 200 32 409 72 396 18 152 0 28 60 0 0 0 60 18 900 18
ST_DELIB 200 14 1 2 3 75 3 0 0
ST_DELIB 201 14 1 2 3 10 3 0 0
ST_DELIB 202 14 1 2 3 75 3 0 0
ST_DELIB 203 30 3 1 1 80 4 3 1
ST_DELIB 203 14 1 2 3 10 3 0 0
ST_DELIB 204 31 3 1 1 80 4 3 1
ST_DELIB 204 14 1 2 3 10 3 0 0
ST_DELIB 205 14 1 2 3 75 3 0 0
ST_DELIB 206 14 1 2 3 10 3 0 0
ST_DELIB 207 12 3 1 1 80 4 2 1
ST_DELIB 207 9 3 1 1 80 4 4 1
ST_DELIB 208 22 3 1 1 80 4 2 1
ST_DELIB 208 10 3 1 1 80 4 4 1
ST_DELIB 209 27 3 1 1 80 4 2 1
ST_DELIB 209 11 3 1 1 80 4 4 1
ST_DELIB 210 14 1 2 3 10 3 0 0
ST_DELIB 211 14 1 2 3 10 3 0 0
ST_DELIB 212 29 3 1 1 80 4 3 1
ST_DELIB 212 14 1 2 3 75 3 0 0
ST_DELIB 213 14 1 2 3 10 3 0 0
ST_DELIB 214 14 1 2 3 10 3 0 0
ST_DELIB 215 14 1 2 3 75 3 0 0
ST_DELIB 216 14 1 2 3 10 3 0 0
ST_DELIB 217 24 3 1 1 80 4 2 1
ST_DELIB 217 19 3 1 1 80 4 4 1
ST_DELIB 218 14 1 2 3 10 3 0 0
ST_DELIB 219 21 3 1 1 80 4 4 1
ST_DELIB 220 19 1 2 3 75 3 0 0
ST_DELIB 221 19 1 2 3 10 3 0 0
ST_DELIB 222 21 1 2 3 75 3 0 0
ST_DELIB 223 21 1 2 3 10 3 0 0
ST_DELIB 224 18 3 1 1 80 4 3 1
ST_DELIB 224 21 1 2 3 10 3 0 0
ST_TS 225 32 464 92 456 23 172 0 24 68 0 0 0 66 23 1150 23
ST_DELIB 225 14 1 2 3 75 3 0 0
ST_DELIB 226 14 1 2 3 10 3 0 0
ST_DELIB 227 14 1 2 3 10 3 0 0
ST_DELIB 228 30 3 1 1 80 4 4 1
ST_DELIB 229 31 3 1 1 80 4 4 1
ST_DELIB 230 31 1 2 3 75 3 0 0
ST_DELIB 231 31 1 2 3 10 3 0 0
ST_DELIB 232 12 3 1 1 80 4 3 1
ST_DELIB 232 30 1 2 3 75 3 0 0
ST_DELIB 233 22 3 1 1 80 4 3 1
ST_DELIB 233 30 1 2 3 10 3 0 0
ST_DELIB 234 27 3 1 1 80 4 3 1
ST_DELIB 234 30 1 2 3 10 3 0 0
ST_DELIB 235 30 1 2 3 75 3 0 0
ST_DELIB 236 30 1 2 3 10 3 0 0
ST_DELIB 237 29 3 1 1 80 4 4 1
ST_DELIB 238 28 3 1 1 80 4 2 1
ST_DELIB 238 30 1 2 3 10 3 0 0
ST_DELIB 239 30 1 2 3 75 3 0 0
ST_DELIB 240 29 1 2 3 75 3 0 0
ST_DELIB 241 29 1 2 3 10 3 0 0
ST_DELIB 242 24 3 1 1 80 4 3 1
ST_DELIB 242 29 1 2 3 75 3 0 0
ST_DELIB 243 29 1 2 3 10 3 0 0
ST_DELIB 244 29 1 2 3 10 3 0 0
ST_DELIB 245 29 1 2 3 75 3 0 0
ST_DELIB 246 29 1 2 3 10 3 0 0
ST_DELIB 247 29 1 2 3 10 3 0 0
ST_DELIB 248 29 1 2 3 75 3 0 0
ST_DELIB 249 18 3 1 1 80 4 4 1
ST_TS 250 32 514 108 519 27 193 0 25 75 0 0 0 75 27 1350 27
ST_DELIB 250 18 1 2 3 75 3 0 0
ST_DELIB 251 18 1 2 3 10 3 0 0
ST_DELIB 252 31 1 2 3 75 3 0 0
ST_DELIB 253 31 1 2 3 10 3 0 0
ST_DELIB 254 31 1 2 3 10 3 0 0
ST_DELIB 255 18 1 2 3 75 3 0 0
ST_DELIB 256 18 1 2 3 10 3 0 0
ST_DELIB 257 9 3 1 1 80 4 2 1
ST_DELIB 257 12 3 1 1 80 4 4 1
ST_DELIB 258 10 3 1 1 80 4 2 1
ST_DELIB 258 22 3 1 1 80 4 4 1
ST_DELIB 259 11 3 1 1 80 4 2 1
ST_DELIB 259 27 3 1 1 80 4 4 1
ST_DELIB 260 18 1 2 3 10 3 0 0
ST_DELIB 261 18 1 2 3 10 3 0 0
ST_DELIB 262 18 1 2 3 75 3 0 0
ST_DELIB 263 28 3 1 1 80 4 3 1
ST_DELIB 263 18 1 2 3 10 3 0 0
ST_DELIB 264 18 1 2 3 10 3 0 0
ST_DELIB 265 18 1 2 3 75 3 0 0
ST_DELIB 266 18 1 2 3 10 3 0 0
ST_DELIB 267 24 3 1 1 80 4 4 1
ST_DELIB 268 18 1 2 3 10 3 0 0
ST_DELIB 269 18 1 2 3 75 3 0 0
ST_DELIB 270 24 1 2 3 75 3 0 0
ST_DELIB 271 24 1 2 3 10 3 0 0
ST_DELIB 272 24 1 2 3 75 3 0 0
ST_DELIB 273 24 1 2 3 10 3 0 0
ST_DELIB 274 24 1 2 3 10 3 0 0
ST_TS 275 32 566 124 582 31 214 0 24 83 0 0 0 81 31 1550 31
ST_DELIB 275 24 1 2 3 75 3 0 0
ST_DELIB 276 24 1 2 3 10 3 0 0
ST_DELIB 277 14 3 1 1 80 4 2 1
ST_DELIB 277 24 1 2 3 10 3 0 0
ST_DELIB 278 24 1 2 3 75 3 0 0
ST_DELIB 279 18 1 2 3 75 3 0 0
ST_DELIB 280 18 1 2 3 75 3 0 0
ST_DELIB 281 18 1 2 3 10 3 0 0
ST_DELIB 282 9 3 1 1 80 4 3 1
ST_DELIB 282 18 1 2 3 75 3 0 0
ST_DELIB 283 10 3 1 1 80 4 3 1
ST_DELIB 283 18 1 2 3 10 3 0 0
ST_DELIB 284 11 3 1 1 80 4 3 1
ST_DELIB 284 18 1 2 3 10 3 0 0
ST_DELIB 285 18 1 2 3 75 3 0 0
ST_DELIB 286 18 1 2 3 10 3 0 0
ST_DELIB 287 18 1 2 3 10 3 0 0
ST_DELIB 288 28 3 1 1 80 4 4 1
ST_DELIB 289 30 3 1 1 80 4 2 1
ST_DELIB 289 28 1 2 3 75 3 0 0
ST_DELIB 290 28 1 2 3 75 3 0 0
ST_DELIB 291 28 1 2 3 10 3 0 0
ST_DELIB 292 28 1 2 3 75 3 0 0
ST_DELIB 293 28 1 2 3 10 3 0 0
ST_DELIB 294 28 1 2 3 10 3 0 0
ST_DELIB 295 28 1 2 3 75 3 0 0
ST_DELIB 296 28 1 2 3 10 3 0 0
ST_DELIB 297 28 1 2 3 10 3 0 0
ST_DELIB 298 29 3 1 1 80 4 2 1
ST_DELIB 298 28 1 2 3 75 3 0 0
ST_DELIB 299 28 1 2 3 75 3 0 0
ST_TS 300 32 607 128 654 32 238 0 27 90 0 0 0 90 32 1600 32
ST_DELIB 300 18 1 2 3 75 3 0 0
ST_DELIB 301 18 1 2 3 10 3 0 0
ST_DELIB 302 14 3 1 1 80 4 3 1
ST_DELIB 302 18 1 2 3 75 3 0 0
ST_DELIB 303 18 1 2 3 10 3 0 0
ST_DELIB 304 18 1 2 3 10 3 0 0
ST_DELIB 305 18 1 2 3 75 3 0 0
ST_DELIB 306 18 1 2 3 10 3 0 0
ST_DELIB 307 12 3 1 1 80 4 2 1
ST_DELIB 307 9 3 1 1 80 4 4 1
ST_DELIB 308 22 3 1 1 80 4 2 1
ST_DELIB 308 10 3 1 1 80 4 4 1
ST_DELIB 309 27 3 1 1 80 4 2 1
ST_DELIB 309 11 3 1 1 80 4 4 1
ST_DELIB 310 18 1 2 3 10 3 0 0
ST_DELIB 311 18 1 2 3 10 3 0 0
ST_DELIB 312 18 1 2 3 75 3 0 0
ST_DELIB 313 18 1 2 3 10 3 0 0
ST_DELIB 314 30 3 1 1 80 4 3 1
ST_DELIB 314 18 1 2 3 10 3 0 0
ST_DELIB 315 18 1 2 3 75 3 0 0
ST_DELIB 316 18 1 2 3 10 3 0 0
ST_DELIB 317 18 1 2 3 10 3 0 0
ST_DELIB 318 18 1 2 3 75 3 0 0
ST_DELIB 319 18 1 2 3 75 3 0 0
ST_DELIB 320 18 1 2 3 75 3 0 0
ST_DELIB 321 18 1 2 3 10 3 0 0
ST_DELIB 322 18 1 2 3 75 3 0 0
ST_DELIB 323 29 3 1 1 80 4 3 1
ST_DELIB 323 18 1 2 3 10 3 0 0
ST_DELIB 324 18 1 2 3 10 3 0 0
ST_TS 325 32 655 140 720 35 260 0 26 98 0 0 0 96 35 1750 35
ST_DELIB 325 18 1 2 3 75 3 0 0
ST_DELIB 326 18 1 2 3 10 3 0 0
ST_DELIB 327 14 3 1 1 80 4 4 1
ST_DELIB 328 24 3 1 1 80 4 2 1
ST_DELIB 328 18 1 2 3 10 3 0 0
ST_DELIB 329 18 1 2 3 75 3 0 0
ST_DELIB 330 14 1 2 3 75 3 0 0
ST_DELIB 331 14 1 2 3 10 3 0 0
ST_DELIB 332 12 3 1 1 80 4 3 1
ST_DELIB 332 14 1 2 3 75 3 0 0
ST_DELIB 333 22 3 1 1 80 4 3 1
ST_DELIB 333 14 1 2 3 10 3 0 0
ST_DELIB 334 27 3 1 1 80 4 3 1
ST_DELIB 334 14 1 2 3 10 3 0 0
ST_DELIB 335 14 1 2 3 75 3 0 0
ST_DELIB 336 14 1 2 3 10 3 0 0
ST_DELIB 337 14 1 2 3 10 3 0 0
ST_DELIB 338 14 1 2 3 75 3 0 0
ST_DELIB 339 30 3 1 1 80 4 4 1
ST_DELIB 340 30 1 2 3 75 3 0 0
ST_DELIB 341 30 1 2 3 10 3 0 0
ST_DELIB 342 14 1 2 3 75 3 0 0
ST_DELIB 343 14 1 2 3 10 3 0 0
ST_DELIB 344 14 1 2 3 10 3 0 0
ST_DELIB 345 14 1 2 3 75 3 0 0
ST_DELIB 346 14 1 2 3 10 3 0 0
ST_DELIB 347 14 1 2 3 10 3 0 0
ST_DELIB 348 29 3 1 1 80 4 4 1
ST_DELIB 349 28 3 1 1 80 4 2 1
ST_DELIB 349 29 1 2 3 75 3 0 0
ST_TS 350 32 700 152 786 38 282 0 26 105 0 0 0 105 38 1900 38
ST_DELIB 350 29 1 2 3 75 3 0 0
ST_DELIB 351 29 1 2 3 10 3 0 0
ST_DELIB 352 29 1 2 3 75 3 0 0
ST_DELIB 353 24 3 1 1 80 4 3 1
ST_DELIB 353 29 1 2 3 10 3 0 0
ST_DELIB 354 29 1 2 3 10 3 0 0
ST_DELIB 355 29 1 2 3 75 3 0 0
ST_DELIB 356 29 1 2 3 10 3 0 0
ST_DELIB 357 9 3 1 1 80 4 2 1
ST_DELIB 357 12 3 1 1 80 4 4 1
ST_DELIB 358 10 3 1 1 80 4 2 1
ST_DELIB 358 22 3 1 1 80 4 4 1
ST_DELIB 359 11 3 1 1 80 4 2 1
ST_DELIB 359 27 3 1 1 80 4 4 1
ST_DELIB 360 29 1 2 3 10 3 0 0
ST_DELIB 361 29 1 2 3 10 3 0 0
ST_DELIB 362 29 1 2 3 75 3 0 0
ST_DELIB 363 29 1 2 3 10 3 0 0
ST_DELIB 364 29 1 2 3 10 3 0 0
ST_DELIB 365 29 1 2 3 75 3 0 0
ST_DELIB 366 29 1 2 3 10 3 0 0
ST_DELIB 367 29 1 2 3 10 3 0 0
ST_DELIB 368 29 1 2 3 75 3 0 0
ST_DELIB 369 14 1 2 3 75 3 0 0
ST_DELIB 370 14 1 2 3 75 3 0 0
ST_DELIB 371 14 1 2 3 10 3 0 0
ST_DELIB 372 14 1 2 3 75 3 0 0
ST_DELIB 373 14 1 2 3 10 3 0 0
ST_DELIB 374 28 3 1 1 80 4 3 1
ST_DELIB 374 14 1 2 3 10 3 0 0
ST_TS 375 32 745 164 852 41 304 0 25 113 0 0 0 111 41 2050 41
ST_DELIB 375 14 1 2 3 75 3 0 0
ST_DELIB 376 14 1 2 3 10 3 0 0
ST_DELIB 377 14 1 2 3 10 3 0 0
ST_DELIB 378 24 3 1 1 80 4 4 1
ST_DELIB 379 18 3 1 1 80 4 2 1
ST_DELIB 379 24 1 2 3 75 3 0 0
ST_DELIB 380 24 1 2 3 75 3 0 0
ST_DELIB 381 24 1 2 3 10 3 0 0
ST_DELIB 382 9 3 1 1 80 4 3 1
ST_DELIB 382 24 1 2 3 75 3 0 0
ST_DELIB 383 10 3 1 1 80 4 3 1
ST_DELIB 383 24 1 2 3 10 3 0 0
ST_DELIB 384 11 3 1 1 80 4 3 1
ST_DELIB 384 24 1 2 3 10 3 0 0
ST_DELIB 385 24 1 2 3 75 3 0 0
ST_DELIB 386 24 1 2 3 10 3 0 0
ST_DELIB 387 24 1 2 3 10 3 0 0
ST_DELIB 388 24 1 2 3 75 3 0 0
ST_DELIB 389 24 1 2 3 75 3 0 0
ST_DELIB 390 14 1 2 3 75 3 0 0
ST_DELIB 391 14 1 2 3 10 3 0 0
ST_DELIB 392 14 1 2 3 75 3 0 0
ST_DELIB 393 14 1 2 3 10 3 0 0
ST_DELIB 394 14 1 2 3 10 3 0 0
ST_DELIB 395 14 1 2 3 75 3 0 0
ST_DELIB 396 14 1 2 3 10 3 0 0
ST_DELIB 397 14 1 2 3 10 3 0 0
ST_DELIB 398 14 1 2 3 75 3 0 0
ST_DELIB 399 28 3 1 1 80 4 4 1
ST_TS 400 32 789 172 921 43 327 0 27 120 0 0 0 120 43 2150 43
ST_DELIB 400 28 1 2 3 75 3 0 0
ST_DELIB 401 28 1 2 3 10 3 0 0
ST_DELIB 402 14 1 2 3 75 3 0 0
ST_DELIB 403 14 1 2 3 10 3 0 0
ST_DELIB 404 18 3 1 1 80 4 3 1
ST_DELIB 404 14 1 2 3 10 3 0 0
ST_DELIB 405 14 1 2 3 75 3 0 0
ST_DELIB 406 14 1 2 3 10 3 0 0
ST_DELIB 407 12 3 1 1 80 4 2 1
ST_DELIB 407 9 3 1 1 80 4 4 1
ST_DELIB 408 22 3 1 1 80 4 2 1
ST_DELIB 408 10 3 1 1 80 4 4 1
ST_DELIB 409 27 3 1 1 80 4 2 1
ST_DELIB 409 11 3 1 1 80 4 4 1
ST_DELIB 410 14 1 2 3 10 3 0 0
ST_DELIB 411 14 1 2 3 10 3 0 0
ST_DELIB 412 14 1 2 3 75 3 0 0
ST_DELIB 413 14 1 2 3 10 3 0 0
ST_DELIB 414 14 1 2 3 10 3 0 0
ST_DELIB 415 14 1 2 3 75 3 0 0
ST_DELIB 416 14 1 2 3 10 3 0 0
ST_DELIB 417 14 1 2 3 10 3 0 0
ST_DELIB 418 29 3 1 1 80 4 2 1
ST_DELIB 418 14 1 2 3 75 3 0 0
ST_DELIB 419 14 1 2 3 75 3 0 0
ST_DELIB 420 14 1 2 3 75 3 0 0
ST_DELIB 421 14 1 2 3 10 3 0 0
ST_DELIB 422 14 1 2 3 75 3 0 0
ST_DELIB 423 14 1 2 3 10 3 0 0
ST_DELIB 424 14 1 2 3 10 3 0 0
ST_TS 425 32 833 184 987 46 349 0 25 128 0 0 0 126 46 2300 46
ST_DELIB 425 14 1 2 3 75 3 0 0
ST_DELIB 426 14 1 2 3 10 3 0 0
ST_DELIB 427 14 1 2 3 10 3 0 0
ST_DELIB 428 14 1 2 3 75 3 0 0
ST_DELIB 429 18 3 1 1 80 4 4 1
ST_DELIB 430 18 1 2 3 75 3 0 0
ST_DELIB 431 18 1 2 3 10 3 0 0
ST_DELIB 432 12 3 1 1 80 4 3 1
ST_DELIB 432 14 1 2 3 75 3 0 0
ST_DELIB 433 22 3 1 1 80 4 3 1
ST_DELIB 433 14 1 2 3 10 3 0 0
ST_DELIB 434 27 3 1 1 80 4 3 1
ST_DELIB 434 14 1 2 3 10 3 0 0
ST_DELIB 435 14 1 2 3 75 3 0 0
ST_DELIB 436 14 1 2 3 10 3 0 0
ST_DELIB 437 14 1 2 3 10 3 0 0
ST_DELIB 438 14 1 2 3 75 3 0 0
ST_DELIB 439 24 3 1 1 80 4 2 1
ST_DELIB 439 14 1 2 3 75 3 0 0
ST_DELIB 440 14 1 2 3 75 3 0 0
ST_DELIB 441 14 1 2 3 10 3 0 0
ST_DELIB 442 14 1 2 3 75 3 0 0
ST_DELIB 443 29 3 1 1 80 4 3 1
ST_DELIB 443 14 1 2 3 10 3 0 0
ST_DELIB 444 14 1 2 3 10 3 0 0
ST_DELIB 445 14 1 2 3 75 3 0 0
ST_DELIB 446 14 1 2 3 10 3 0 0
ST_DELIB 447 14 1 2 3 10 3 0 0
ST_DELIB 448 14 1 2 3 75 3 0 0
ST_DELIB 449 14 1 2 3 75 3 0 0
ST_TS 450 32 873 188 1059 47 373 0 28 135 0 0 0 135 47 2350 47
ST_DELIB 450 14 1 2 3 75 3 0 0
ST_DELIB 451 14 1 2 3 10 3 0 0
ST_DELIB 452 14 1 2 3 75 3 0 0
ST_DELIB 453 14 1 2 3 10 3 0 0
ST_DELIB 454 14 1 2 3 10 3 0 0
ST_DELIB 455 14 1 2 3 75 3 0 0
ST_DELIB 456 14 1 2 3 10 3 0 0
ST_DELIB 457 9 3 1 1 80 4 2 1
ST_DELIB 457 12 3 1 1 80 4 4 1
ST_DELIB 458 10 3 1 1 80 4 2 1
ST_DELIB 458 22 3 1 1 80 4 4 1
ST_DELIB 459 11 3 1 1 80 4 2 1
ST_DELIB 459 27 3 1 1 80 4 4 1
ST_DELIB 460 14 1 2 3 10 3 0 0
ST_DELIB 461 14 1 2 3 10 3 0 0
ST_DELIB 462 14 1 2 3 75 3 0 0
ST_DELIB 463 14 1 2 3 10 3 0 0
ST_DELIB 464 24 3 1 1 80 4 3 1
ST_DELIB 464 14 1 2 3 10 3 0 0
ST_DELIB 465 14 1 2 3 75 3 0 0
ST_DELIB 466 14 1 2 3 10 3 0 0
ST_DELIB 467 14 1 2 3 10 3 0 0
ST_DELIB 468 29 3 1 1 80 4 4 1
ST_DELIB 469 29 1 2 3 75 3 0 0
ST_DELIB 470 29 1 2 3 75 3 0 0
ST_DELIB 471 29 1 2 3 10 3 0 0
ST_DELIB 472 29 1 2 3 75 3 0 0
ST_DELIB 473 29 1 2 3 10 3 0 0
ST_DELIB 474 29 1 2 3 10 3 0 0
ST_TS 475 32 919 204 1122 51 394 0 25 143 0 0 0 141 51 2550 51
ST_DELIB 475 29 1 2 3 75 3 0 0
ST_DELIB 476 29 1 2 3 10 3 0 0
ST_DELIB 477 29 1 2 3 10 3 0 0
ST_DELIB 478 29 1 2 3 75 3 0 0
ST_DELIB 479 29 1 2 3 75 3 0 0
ST_DELIB 480 14 1 2 3 75 3 0 0
ST_DELIB 481 14 1 2 3 10 3 0 0
ST_DELIB 482 9 3 1 1 80 4 3 1
ST_DELIB 482 14 1 2 3 75 3 0 0
ST_DELIB 483 10 3 1 1 80 4 3 1
ST_DELIB 483 14 1 2 3 10 3 0 0
ST_DELIB 484 11 3 1 1 80 4 3 1
ST_DELIB 484 14 1 2 3 10 3 0 0
ST_DELIB 485 14 1 2 3 75 3 0 0
ST_DELIB 486 14 1 2 3 10 3 0 0
ST_DELIB 487 14 1 2 3 10 3 0 0
ST_DELIB 488 14 1 2 3 75 3 0 0
ST_DELIB 489 24 3 1 1 80 4 4 1
ST_DELIB 490 24 1 2 3 75 3 0 0
ST_DELIB 491 24 1 2 3 10 3 0 0
ST_DELIB 492 14 1 2 3 75 3 0 0
ST_DELIB 493 14 1 2 3 10 3 0 0
ST_DELIB 494 14 1 2 3 10 3 0 0
ST_DELIB 495 14 1 2 3 75 3 0 0
ST_DELIB 496 14 1 2 3 10 3 0 0
ST_DELIB 497 14 1 2 3 10 3 0 0
ST_DELIB 498 14 1 2 3 75 3 0 0
ST_DELIB 499 14 1 2 3 75 3 0 0
ST_TS 500 32 957 208 1194 52 418 0 27 150 0 0 0 150 52 2600 52
ST_CELL 10 1 0 0
ST_AUDIT_N 957
ST_DROPS 0
ST_ABANDONS 0
ST_ABANDON_Q 0 0 0 0
ST_METRIC 2 52 52
ST_METRIC 7 75 1
ST_METRIC 6 0 21
ST_A_SUMMARY 52 418 0 208 1194
ST_LEDGER 957 80388
CL_CHECK,ck_replay,0,0
CL_CHECK,ck_refusals_clean,0,0
CL_CHECK,ck_core_live,1,1
CL_CHECK,ck_strength_lineage,1,1
CL_CHECK,ck_strength_lineage,1,1
CL_CHECK,ck_strength_lineage,1,1
CL_CHECK,ck_strength_lineage,1,1
CL_CHECK,ck_strength_lineage,1,1
CL_CHECK,ck_strength_lineage,1,1
CL_CHECK,ck_strength_lineage,1,1
CL_CHECK,ck_strength_lineage,1,1
CL_CHECK,ck_strength_lineage,1,1
CL_CHECK,ck_strength_lineage,1,1
CL_CHECK,ck_strength_lineage,1,1
CL_CHECK,ck_strength_lineage,1,1
CL_CHECK,ck_strength_lineage,1,1
CL_CHECK,ck_strength_lineage,1,1
CL_CHECK,ck_strength_lineage,1,1
CL_CHECK,ck_strength_lineage,1,1
CL_CHECK,ck_strength_lineage,1,1
CL_CHECK,ck_strength_lineage,1,1
CL_CHECK,ck_strength_lineage,1,1
CL_CHECK,ck_strength_lineage,1,1
CL_CHECK,ck_strength_lineage,1,1
CL_CHECK,ck_strength_lineage,1,1
CL_CHECK,ck_strength_lineage,1,1
CL_CHECK,ck_strength_lineage,1,1
CL_CHECK,ck_strength_lineage,1,1
CL_CHECK,ck_strength_lineage,1,1
CL_CHECK,ck_strength_lineage,1,1
CL_CHECK,ck_strength_lineage,1,1
CL_CHECK,ck_strength_lineage,1,1
CL_CHECK,ck_strength_lineage,1,1
CL_CHECK,ck_strength_lineage,1,1
CL_CHECK,ck_strength_lineage,1,1
CL_CHECK,ck_strength_lineage,1,1
CL_CHECK,ck_strength_lineage,1,1
CL_CHECK,ck_strength_lineage,1,1
CL_CHECK,ck_strength_lineage,1,1
CL_CHECK,ck_strength_lineage,1,1
CL_CHECK,ck_strength_lineage,1,1
CL_CHECK,ck_strength_lineage,1,1
CL_CHECK,ck_strength_lineage,1,1
CL_CHECK,ck_strength_lineage,1,1
CL_CHECK,ck_strength_lineage,1,1
CL_CHECK,ck_strength_lineage,1,1
CL_CHECK,ck_strength_lineage,1,1
CL_CHECK,ck_strength_lineage,1,1
CL_CHECK,ck_strength_lineage,1,1
CL_CHECK,ck_strength_lineage,1,1
CL_CHECK,ck_strength_lineage,1,1
CL_CHECK,ck_strength_lineage,1,1
CL_CHECK,ck_strength_lineage,1,1
CL_CHECK,ck_strength_lineage,1,1
CL_CHECK,ck_strength_lineage,1,1
CL_CHECK,ck_strength_lineage,1,1
CL_CHECK,ck_strength_lineage,1,1
CL_CHECK,ck_strength_lineage,1,1
CL_CHECK,ck_strength_lineage,1,1
CL_CHECK,ck_strength_lineage,1,1
CL_CHECK,ck_strength_lineage,1,1
CL_CHECK,ck_strength_lineage,1,1
CL_CHECK,ck_strength_lineage,1,1
CL_CHECK,ck_strength_lineage,1,1
CL_CHECK,ck_strength_lineage,1,1
CL_CHECK,ck_strength_lineage,1,1
CL_CHECK,ck_strength_lineage,1,1
CL_CHECK,ck_strength_lineage,1,1
CL_CHECK,ck_strength_lineage,1,1
CL_CHECK,ck_strength_lineage,1,1
CL_CHECK,ck_strength_lineage,1,1
CL_CHECK,ck_strength_lineage,1,1
CL_CHECK,ck_strength_lineage,1,1
CL_CHECK,ck_strength_lineage,1,1
CL_CHECK,ck_strength_lineage,1,1
CL_CHECK,ck_strength_lineage,1,1
CL_CHECK,ck_strength_lineage,1,1
CL_CHECK,ck_strength_lineage,1,1
CL_CHECK,ck_strength_lineage,1,1
CL_CHECK,ck_strength_lineage,1,1
CL_CHECK,ck_strength_lineage,1,1
CL_CHECK,ck_strength_lineage,1,1
CL_CHECK,ck_strength_lineage,1,1
CL_CHECK,ck_strength_lineage,1,1
CL_CHECK,ck_strength_lineage,1,1
CL_CHECK,ck_strength_lineage,1,1
CL_CHECK,ck_strength_lineage,1,1
CL_CHECK,ck_strength_lineage,1,1
CL_CHECK,ck_strength_lineage,1,1
CL_CHECK,ck_strength_lineage,1,1
CL_CHECK,ck_strength_lineage,1,1
CL_CHECK,ck_strength_lineage,1,1
CL_CHECK,ck_strength_lineage,1,1
CL_CHECK,ck_strength_lineage,1,1
CL_CHECK,ck_strength_lineage,1,1
CL_CHECK,ck_strength_lineage,1,1
CL_CHECK,ck_strength_lineage,1,1
CL_CHECK,ck_strength_lineage,1,1
CL_CHECK,ck_strength_lineage,1,1
CL_CHECK,ck_strength_lineage,1,1
CL_CHECK,ck_strength_lineage,1,1
CL_CHECK,ck_strength_lineage,1,1
CL_CHECK,ck_strength_lineage,1,1
CL_CHECK,ck_strength_lineage,1,1
CL_CHECK,ck_strength_lineage,1,1
CL_CHECK,ck_strength_lineage,1,1
CL_CHECK,ck_strength_lineage,1,1
CL_CHECK,ck_strength_lineage,1,1
CL_CHECK,ck_strength_lineage,1,1
CL_CHECK,ck_strength_lineage,1,1
CL_CHECK,ck_strength_lineage,1,1
CL_CHECK,ck_strength_lineage,1,1
CL_CHECK,ck_strength_lineage,1,1
CL_CHECK,ck_strength_lineage,1,1
CL_CHECK,ck_strength_lineage,1,1
CL_CHECK,ck_strength_lineage,1,1
CL_CHECK,ck_strength_lineage,1,1
CL_CHECK,ck_strength_lineage,1,1
CL_CHECK,ck_strength_lineage,1,1
CL_CHECK,ck_strength_lineage,1,1
CL_CHECK,ck_strength_lineage,1,1
CL_CHECK,ck_strength_lineage,1,1
CL_CHECK,ck_strength_lineage,1,1
CL_CHECK,ck_strength_lineage,1,1
CL_CHECK,ck_strength_lineage,1,1
CL_CHECK,ck_strength_lineage,1,1
CL_CHECK,ck_strength_lineage,1,1
CL_CHECK,ck_strength_lineage,1,1
CL_CHECK,ck_strength_lineage,1,1
CL_CHECK,ck_strength_lineage,1,1
CL_CHECK,ck_strength_lineage,1,1
CL_CHECK,ck_strength_lineage,1,1
CL_CHECK,ck_strength_lineage,1,1
CL_CHECK,ck_strength_lineage,1,1
CL_CHECK,ck_strength_lineage,1,1
CL_CHECK,ck_strength_lineage,1,1
CL_CHECK,ck_strength_lineage,1,1
CL_CHECK,ck_strength_lineage,1,1
CL_CHECK,ck_strength_lineage,1,1
CL_CHECK,ck_strength_lineage,1,1
CL_CHECK,ck_strength_lineage,1,1
CL_CHECK,ck_strength_lineage,1,1
CL_CHECK,ck_strength_lineage,1,1
CL_CHECK,ck_strength_lineage,1,1
CL_CHECK,ck_strength_lineage,1,1
CL_CHECK,ck_strength_lineage,1,1
CL_CHECK,ck_strength_lineage,1,1
CL_CHECK,ck_strength_lineage,1,1
CL_CHECK,ck_strength_lineage,1,1
CL_CHECK,ck_strength_lineage,1,1
CL_CHECK,ck_strength_lineage,1,1
CL_CHECK,ck_strength_lineage,1,1
CL_CHECK,ck_strength_lineage,1,1
CL_CHECK,ck_strength_lineage,1,1
CL_CHECK,ck_strength_lineage,1,1
CL_CHECK,ck_strength_lineage,1,1
CL_CHECK,ck_strength_lineage,1,1
CL_CHECK,ck_strength_lineage,1,1
CL_CHECK,ck_strength_lineage,1,1
CL_CHECK,ck_strength_lineage,1,1
CL_CHECK,ck_strength_lineage,1,1
CL_CHECK,ck_strength_lineage,1,1
CL_CHECK,ck_strength_lineage,1,1
CL_CHECK,ck_strength_lineage,1,1
CL_CHECK,ck_strength_lineage,1,1
CL_CHECK,ck_strength_lineage,1,1
CL_CHECK,ck_strength_lineage,1,1
CL_CHECK,ck_strength_lineage,1,1
CL_CHECK,ck_strength_lineage,1,1
CL_CHECK,ck_strength_lineage,1,1
CL_CHECK,ck_strength_lineage,1,1
CL_CHECK,ck_strength_lineage,1,1
CL_CHECK,ck_strength_lineage,1,1
CL_CHECK,ck_strength_lineage,1,1
CL_CHECK,ck_strength_lineage,1,1
CL_CHECK,ck_strength_lineage,1,1
CL_CHECK,ck_strength_lineage,1,1
CL_CHECK,ck_strength_lineage,1,1
CL_CHECK,ck_strength_lineage,1,1
CL_CHECK,ck_strength_lineage,1,1
CL_CHECK,ck_strength_lineage,1,1
CL_CHECK,ck_strength_lineage,1,1
CL_CHECK,ck_strength_lineage,1,1
CL_CHECK,ck_strength_lineage,1,1
CL_CHECK,ck_strength_lineage,1,1
CL_CHECK,ck_strength_lineage,1,1
CL_CHECK,ck_strength_lineage,1,1
CL_CHECK,ck_strength_lineage,1,1
CL_CHECK,ck_strength_lineage,1,1
CL_CHECK,ck_strength_lineage,1,1
CL_CHECK,ck_strength_lineage,1,1
CL_CHECK,ck_strength_lineage,1,1
CL_CHECK,ck_strength_lineage,1,1
CL_CHECK,ck_strength_lineage,1,1
CL_CHECK,ck_strength_lineage,1,1
CL_CHECK,ck_strength_lineage,1,1
CL_CHECK,ck_strength_lineage,1,1
CL_CHECK,ck_strength_lineage,1,1
CL_CHECK,ck_strength_lineage,1,1
CL_CHECK,ck_strength_lineage,1,1
CL_CHECK,ck_strength_lineage,1,1
CL_CHECK,ck_strength_lineage,1,1
CL_CHECK,ck_strength_lineage,1,1
CL_CHECK,ck_strength_lineage,1,1
CL_CHECK,ck_strength_lineage,1,1
CL_CHECK,ck_strength_lineage,1,1
CL_CHECK,ck_strength_lineage,1,1
CL_CHECK,ck_strength_lineage,1,1
CL_CHECK,ck_strength_lineage,1,1
CL_CHECK,ck_strength_lineage,1,1
CL_CHECK,ck_strength_lineage,1,1
CL_CHECK,ck_strength_lineage,1,1
CL_CHECK,ck_strength_lineage,1,1
CL_CHECK,ck_strength_lineage,1,1
CL_CHECK,ck_strength_lineage,1,1
CL_CHECK,ck_strength_lineage,1,1
CL_CHECK,ck_strength_lineage,1,1
CL_CHECK,ck_strength_lineage,1,1
CL_CHECK,ck_strength_lineage,1,1
CL_CHECK,ck_strength_lineage,1,1
CL_CHECK,ck_strength_lineage,1,1
CL_CHECK,ck_strength_lineage,1,1
CL_CHECK,ck_strength_lineage,1,1
CL_CHECK,ck_strength_lineage,1,1
CL_CHECK,ck_strength_lineage,1,1
CL_CHECK,ck_strength_lineage,1,1
CL_CHECK,ck_strength_lineage,1,1
CL_CHECK,ck_strength_lineage,1,1
CL_CHECK,ck_strength_lineage,1,1
CL_CHECK,ck_strength_lineage,1,1
CL_CHECK,ck_strength_lineage,1,1
CL_CHECK,ck_strength_lineage,1,1
CL_CHECK,ck_strength_lineage,1,1
CL_CHECK,ck_strength_lineage,1,1
CL_CHECK,ck_strength_lineage,1,1
CL_CHECK,ck_strength_lineage,1,1
CL_CHECK,ck_strength_lineage,1,1
CL_CHECK,ck_strength_lineage,1,1
CL_CHECK,ck_strength_lineage,1,1
CL_CHECK,ck_strength_lineage,1,1
CL_CHECK,ck_strength_lineage,1,1
CL_CHECK,ck_strength_lineage,1,1
CL_CHECK,ck_strength_lineage,1,1
CL_CHECK,ck_strength_lineage,1,1
CL_CHECK,ck_strength_lineage,1,1
CL_CHECK,ck_strength_lineage,1,1
CL_CHECK,ck_strength_lineage,1,1
CL_CHECK,ck_strength_lineage,1,1
CL_CHECK,ck_strength_lineage,1,1
CL_CHECK,ck_strength_lineage,1,1
CL_CHECK,ck_strength_lineage,1,1
CL_CHECK,ck_strength_lineage,1,1
CL_CHECK,ck_strength_lineage,1,1
CL_CHECK,ck_strength_lineage,1,1
CL_CHECK,ck_strength_lineage,1,1
CL_CHECK,ck_strength_lineage,1,1
CL_CHECK,ck_strength_lineage,1,1
CL_CHECK,ck_strength_lineage,1,1
CL_CHECK,ck_strength_lineage,1,1
CL_CHECK,ck_strength_lineage,1,1
CL_CHECK,ck_strength_lineage,1,1
CL_CHECK,ck_strength_lineage,1,1
CL_CHECK,ck_strength_lineage,1,1
CL_CHECK,ck_strength_lineage,1,1
CL_CHECK,ck_strength_lineage,1,1
CL_CHECK,ck_strength_lineage,1,1
CL_CHECK,ck_strength_lineage,1,1
CL_CHECK,ck_strength_lineage,1,1
CL_CHECK,ck_strength_lineage,1,1
CL_CHECK,ck_strength_lineage,1,1
CL_CHECK,ck_strength_lineage,1,1
CL_CHECK,ck_strength_lineage,1,1
CL_CHECK,ck_strength_lineage,1,1
CL_CHECK,ck_strength_lineage,1,1
CL_CHECK,ck_strength_lineage,1,1
CL_CHECK,ck_strength_lineage,1,1
CL_CHECK,ck_strength_lineage,1,1
CL_CHECK,ck_strength_lineage,1,1
CL_CHECK,ck_strength_lineage,1,1
CL_CHECK,ck_strength_lineage,1,1
CL_CHECK,ck_strength_lineage,1,1
CL_CHECK,ck_strength_lineage,1,1
CL_CHECK,ck_strength_lineage,1,1
CL_CHECK,ck_strength_lineage,1,1
CL_CHECK,ck_strength_lineage,1,1
CL_CHECK,ck_strength_lineage,1,1
CL_CHECK,ck_strength_lineage,1,1
CL_CHECK,ck_strength_lineage,1,1
CL_CHECK,ck_strength_lineage,1,1
CL_CHECK,ck_strength_lineage,1,1
CL_CHECK,ck_strength_lineage,1,1
CL_CHECK,ck_strength_lineage,1,1
CL_CHECK,ck_strength_lineage,1,1
CL_CHECK,ck_strength_lineage,1,1
CL_CHECK,ck_strength_lineage,1,1
CL_CHECK,ck_strength_lineage,1,1
CL_CHECK,ck_strength_lineage,1,1
CL_CHECK,ck_strength_lineage,1,1
CL_CHECK,ck_strength_lineage,1,1
CL_CHECK,ck_strength_lineage,1,1
CL_CHECK,ck_strength_lineage,1,1
CL_CHECK,ck_strength_lineage,1,1
CL_CHECK,ck_strength_lineage,1,1
CL_CHECK,ck_strength_lineage,1,1
CL_CHECK,ck_strength_lineage,1,1
CL_CHECK,ck_strength_lineage,1,1
CL_CHECK,ck_strength_lineage,1,1
CL_CHECK,ck_strength_lineage,1,1
CL_CHECK,ck_strength_lineage,1,1
CL_CHECK,ck_strength_lineage,1,1
CL_CHECK,ck_strength_lineage,1,1
CL_CHECK,ck_strength_lineage,1,1
CL_CHECK,ck_strength_lineage,1,1
CL_CHECK,ck_strength_lineage,1,1
CL_CHECK,ck_strength_lineage,1,1
CL_CHECK,ck_strength_lineage,1,1
CL_CHECK,ck_strength_lineage,1,1
CL_CHECK,ck_strength_lineage,1,1
CL_CHECK,ck_strength_lineage,1,1
CL_CHECK,ck_strength_lineage,1,1
CL_CHECK,ck_strength_lineage,1,1
CL_CHECK,ck_strength_lineage,1,1
CL_CHECK,ck_strength_lineage,1,1
CL_CHECK,ck_strength_lineage,1,1
CL_CHECK,ck_strength_lineage,1,1
CL_CHECK,ck_strength_lineage,1,1
CL_CHECK,ck_strength_lineage,1,1
CL_CHECK,ck_strength_lineage,1,1
CL_CHECK,ck_strength_lineage,1,1
CL_CHECK,ck_strength_lineage,1,1
CL_CHECK,ck_strength_lineage,1,1
CL_CHECK,ck_strength_lineage,1,1
CL_CHECK,ck_strength_lineage,1,1
CL_CHECK,ck_strength_lineage,1,1
CL_CHECK,ck_strength_lineage,1,1
CL_CHECK,ck_strength_lineage,1,1
CL_CHECK,ck_strength_lineage,1,1
CL_CHECK,ck_strength_lineage,1,1
CL_CHECK,ck_strength_lineage,1,1
CL_CHECK,ck_strength_lineage,1,1
CL_CHECK,ck_strength_lineage,1,1
CL_CHECK,ck_strength_lineage,1,1
CL_CHECK,ck_strength_lineage,1,1
CL_CHECK,ck_strength_lineage,1,1
CL_CHECK,ck_strength_lineage,1,1
CL_CHECK,ck_strength_lineage,1,1
CL_CHECK,ck_strength_lineage,1,1
CL_CHECK,ck_strength_lineage,1,1
CL_CHECK,ck_strength_lineage,1,1
CL_CHECK,ck_strength_lineage,1,1
CL_CHECK,ck_strength_lineage,1,1
CL_CHECK,ck_strength_lineage,1,1
CL_CHECK,ck_strength_lineage,1,1
CL_CHECK,ck_strength_lineage,1,1
CL_CHECK,ck_strength_lineage,1,1
CL_CHECK,ck_strength_lineage,1,1
CL_CHECK,ck_strength_lineage,1,1
CL_CHECK,ck_strength_lineage,1,1
CL_CHECK,ck_strength_lineage,1,1
CL_CHECK,ck_strength_lineage,1,1
CL_CHECK,ck_strength_lineage,1,1
CL_CHECK,ck_strength_lineage,1,1
CL_CHECK,ck_strength_lineage,1,1
CL_CHECK,ck_strength_lineage,1,1
CL_CHECK,ck_strength_lineage,1,1
CL_CHECK,ck_strength_lineage,1,1
CL_CHECK,ck_strength_lineage,1,1
CL_CHECK,ck_strength_lineage,1,1
CL_CHECK,ck_strength_lineage,1,1
CL_CHECK,ck_strength_lineage,1,1
CL_CHECK,ck_strength_lineage,1,1
CL_CHECK,ck_strength_lineage,1,1
CL_CHECK,ck_strength_lineage,1,1
CL_CHECK,ck_strength_lineage,1,1
CL_CHECK,ck_strength_lineage,1,1
CL_CHECK,ck_strength_lineage,1,1
CL_CHECK,ck_strength_lineage,1,1
CL_CHECK,ck_strength_lineage,1,1
CL_CHECK,ck_strength_lineage,1,1
CL_CHECK,ck_strength_lineage,1,1
CL_CHECK,ck_strength_lineage,1,1
CL_CHECK,ck_strength_lineage,1,1
CL_CHECK,ck_strength_lineage,1,1
CL_CHECK,ck_strength_lineage,1,1
CL_CHECK,ck_strength_lineage,1,1
CL_CHECK,ck_strength_lineage,1,1
CL_CHECK,ck_strength_lineage,1,1
CL_CHECK,ck_strength_lineage,1,1
CL_CHECK,ck_strength_lineage,1,1
CL_CHECK,ck_strength_lineage,1,1
CL_CHECK,ck_strength_lineage,1,1
CL_CHECK,ck_strength_lineage,1,1
CL_CHECK,ck_strength_lineage,1,1
CL_CHECK,ck_strength_lineage,1,1
CL_CHECK,ck_strength_lineage,1,1
CL_CHECK,ck_strength_lineage,1,1
CL_CHECK,ck_strength_lineage,1,1
CL_CHECK,ck_strength_lineage,1,1
CL_CHECK,ck_strength_lineage,1,1
CL_CHECK,ck_strength_lineage,1,1
CL_CHECK,ck_strength_lineage,1,1
CL_CHECK,ck_strength_lineage,1,1
CL_CHECK,ck_strength_lineage,1,1
CL_CHECK,ck_strength_lineage,1,1
CL_CHECK,ck_strength_lineage,1,1
CL_CHECK,ck_strength_lineage,1,1
CL_CHECK,ck_strength_lineage,1,1
CL_CHECK,ck_strength_lineage,1,1
CL_CHECK,ck_strength_lineage,1,1
CL_CHECK,ck_strength_lineage,1,1
CL_CHECK,ck_strength_lineage,1,1
CL_CHECK,ck_strength_lineage,1,1
CL_CHECK,ck_strength_lineage,1,1
CL_CHECK,ck_strength_lineage,1,1
CL_CHECK,ck_strength_lineage,1,1
CL_CHECK,ck_strength_lineage,1,1
CL_CHECK,ck_strength_lineage,1,1
CL_CHECK,ck_strength_lineage,1,1
CL_CHECK,ck_strength_lineage,1,1
CL_CHECK,ck_strength_lineage,1,1
CL_CHECK,ck_strength_lineage,1,1
CL_CHECK,ck_strength_lineage,1,1
CL_CHECK,ck_strength_lineage,1,1
CL_CHECK,ck_strength_lineage,1,1
CL_CHECK,ck_strength_lineage,1,1
CL_CHECK,ck_strength_lineage,1,1
CL_CHECK,ck_strength_lineage,1,1
CL_CHECK,ck_strength_lineage,1,1
CL_CHECK,ck_strength_lineage,1,1
CL_CHECK,ck_strength_lineage,1,1
CL_CHECK,ck_strength_lineage,1,1
CL_CHECK,ck_strength_lineage,1,1
CL_CHECK,ck_strength_lineage,1,1
CL_CHECK,ck_strength_lineage,1,1
CL_CHECK,ck_strength_lineage,1,1
CL_CHECK,ck_strength_lineage,1,1
CL_CHECK,ck_strength_lineage,1,1
CL_CHECK,ck_strength_lineage,1,1
CL_CHECK,ck_strength_lineage,1,1
CL_CHECK,ck_strength_lineage,1,1
CL_CHECK,ck_strength_lineage,1,1
CL_CHECK,ck_strength_lineage,1,1
CL_CHECK,ck_strength_lineage,1,1
CL_CHECK,ck_strength_lineage,1,1
CL_CHECK,ck_strength_lineage,1,1
CL_CHECK,ck_strength_lineage,1,1
CL_CHECK,ck_strength_lineage,1,1
CL_CHECK,ck_strength_lineage,1,1
CL_CHECK,ck_strength_lineage,1,1
CL_CHECK,ck_strength_lineage,1,1
CL_CHECK,ck_strength_lineage,1,1
CL_CHECK,ck_strength_lineage,1,1
CL_CHECK,ck_strength_lineage,1,1
CL_CHECK,ck_strength_lineage,1,1
CL_CHECK,ck_strength_lineage,1,1
CL_CHECK,ck_strength_lineage,1,1
CL_CHECK,ck_strength_lineage,1,1
CL_CHECK,ck_strength_lineage,1,1
CL_CHECK,ck_strength_lineage,1,1
CL_CHECK,ck_strength_lineage,1,1
CL_CHECK,ck_strength_lineage,1,1
CL_CHECK,ck_strength_lineage,1,1
CL_CHECK,ck_strength_lineage,1,1
CL_CHECK,ck_strength_lineage,1,1
CL_CHECK,ck_strength_lineage,1,1
CL_CHECK,ck_strength_lineage,1,1
CL_CHECK,ck_strength_lineage,1,1
CL_CHECK,ck_strength_lineage,1,1
CL_CHECK,ck_strength_lineage,1,1
CL_CHECK,ck_strength_lineage,1,1
CL_CHECK,ck_strength_lineage,1,1
CL_CHECK,ck_strength_lineage,1,1
CL_CHECK,ck_strength_lineage,1,1
CL_CHECK,ck_strength_lineage,1,1
CL_CHECK,ck_strength_lineage,1,1
CL_CHECK,ck_strength_lineage,1,1
CL_CHECK,ck_strength_lineage,1,1
CL_CHECK,ck_strength_lineage,1,1
CL_CHECK,ck_strength_lineage,1,1
CL_CHECK,ck_strength_lineage,1,1
CL_CHECK,ck_strength_lineage,1,1
CL_CHECK,ck_strength_lineage,1,1
CL_CHECK,ck_strength_lineage,1,1
CL_CHECK,ck_strength_lineage,1,1
CL_CHECK,ck_strength_lineage,1,1
CL_CHECK,ck_strength_lineage,1,1
CL_CHECK,ck_strength_lineage,1,1
CL_CHECK,ck_strength_lineage,1,1
CL_CHECK,ck_strength_lineage,1,1
CL_CHECK,ck_strength_lineage,1,1
CL_CHECK,ck_strength_lineage,1,1
CL_CHECK,ck_strength_lineage,1,1
CL_CHECK,ck_strength_lineage,1,1
CL_CHECK,ck_strength_lineage,1,1
CL_CHECK,ck_strength_lineage,1,1
CL_CHECK,ck_strength_lineage,1,1
CL_CHECK,ck_del_cite_count,4,4
CL_CHECK,ck_del_cite_genuine,1,1
CL_CHECK,ck_del_cite_genuine,1,1
CL_CHECK,ck_del_cite_genuine,1,1
CL_CHECK,ck_del_cite_genuine,1,1
CL_CHECK,ck_del_cite_distinct,4,4
CL_CHECK,ck_del_justify,1,1
CL_CHECK,ck_del_cite_count,4,4
CL_CHECK,ck_del_cite_genuine,1,1
CL_CHECK,ck_del_cite_genuine,1,1
CL_CHECK,ck_del_cite_genuine,1,1
CL_CHECK,ck_del_cite_genuine,1,1
CL_CHECK,ck_del_cite_distinct,4,4
CL_CHECK,ck_del_justify,1,1
CL_CHECK,ck_del_cite_count,4,4
CL_CHECK,ck_del_cite_genuine,1,1
CL_CHECK,ck_del_cite_genuine,1,1
CL_CHECK,ck_del_cite_genuine,1,1
CL_CHECK,ck_del_cite_genuine,1,1
CL_CHECK,ck_del_cite_distinct,4,4
CL_CHECK,ck_del_justify,1,1
CL_CHECK,ck_del_cite_count,4,4
CL_CHECK,ck_del_cite_genuine,1,1
CL_CHECK,ck_del_cite_genuine,1,1
CL_CHECK,ck_del_cite_genuine,1,1
CL_CHECK,ck_del_cite_genuine,1,1
CL_CHECK,ck_del_cite_distinct,4,4
CL_CHECK,ck_del_justify,1,1
CL_CHECK,ck_del_cite_count,4,4
CL_CHECK,ck_del_cite_genuine,1,1
CL_CHECK,ck_del_cite_genuine,1,1
CL_CHECK,ck_del_cite_genuine,1,1
CL_CHECK,ck_del_cite_genuine,1,1
CL_CHECK,ck_del_cite_distinct,4,4
CL_CHECK,ck_del_justify,1,1
CL_CHECK,ck_del_cite_count,4,4
CL_CHECK,ck_del_cite_genuine,1,1
CL_CHECK,ck_del_cite_genuine,1,1
CL_CHECK,ck_del_cite_genuine,1,1
CL_CHECK,ck_del_cite_genuine,1,1
CL_CHECK,ck_del_cite_distinct,4,4
CL_CHECK,ck_del_justify,1,1
CL_CHECK,ck_del_cite_count,4,4
CL_CHECK,ck_del_cite_genuine,1,1
CL_CHECK,ck_del_cite_genuine,1,1
CL_CHECK,ck_del_cite_genuine,1,1
CL_CHECK,ck_del_cite_genuine,1,1
CL_CHECK,ck_del_cite_distinct,4,4
CL_CHECK,ck_del_justify,1,1
CL_CHECK,ck_del_cite_count,4,4
CL_CHECK,ck_del_cite_genuine,1,1
CL_CHECK,ck_del_cite_genuine,1,1
CL_CHECK,ck_del_cite_genuine,1,1
CL_CHECK,ck_del_cite_genuine,1,1
CL_CHECK,ck_del_cite_distinct,4,4
CL_CHECK,ck_del_justify,1,1
CL_CHECK,ck_del_cite_count,4,4
CL_CHECK,ck_del_cite_genuine,1,1
CL_CHECK,ck_del_cite_genuine,1,1
CL_CHECK,ck_del_cite_genuine,1,1
CL_CHECK,ck_del_cite_genuine,1,1
CL_CHECK,ck_del_cite_distinct,4,4
CL_CHECK,ck_del_justify,1,1
CL_CHECK,ck_del_cite_count,4,4
CL_CHECK,ck_del_cite_genuine,1,1
CL_CHECK,ck_del_cite_genuine,1,1
CL_CHECK,ck_del_cite_genuine,1,1
CL_CHECK,ck_del_cite_genuine,1,1
CL_CHECK,ck_del_cite_distinct,4,4
CL_CHECK,ck_del_justify,1,1
CL_CHECK,ck_del_cite_count,4,4
CL_CHECK,ck_del_cite_genuine,1,1
CL_CHECK,ck_del_cite_genuine,1,1
CL_CHECK,ck_del_cite_genuine,1,1
CL_CHECK,ck_del_cite_genuine,1,1
CL_CHECK,ck_del_cite_distinct,4,4
CL_CHECK,ck_del_justify,1,1
CL_CHECK,ck_del_cite_count,4,4
CL_CHECK,ck_del_cite_genuine,1,1
CL_CHECK,ck_del_cite_genuine,1,1
CL_CHECK,ck_del_cite_genuine,1,1
CL_CHECK,ck_del_cite_genuine,1,1
CL_CHECK,ck_del_cite_distinct,4,4
CL_CHECK,ck_del_justify,1,1
CL_CHECK,ck_del_cite_count,4,4
CL_CHECK,ck_del_cite_genuine,1,1
CL_CHECK,ck_del_cite_genuine,1,1
CL_CHECK,ck_del_cite_genuine,1,1
CL_CHECK,ck_del_cite_genuine,1,1
CL_CHECK,ck_del_cite_distinct,4,4
CL_CHECK,ck_del_justify,1,1
CL_CHECK,ck_del_cite_count,4,4
CL_CHECK,ck_del_cite_genuine,1,1
CL_CHECK,ck_del_cite_genuine,1,1
CL_CHECK,ck_del_cite_genuine,1,1
CL_CHECK,ck_del_cite_genuine,1,1
CL_CHECK,ck_del_cite_distinct,4,4
CL_CHECK,ck_del_justify,1,1
CL_CHECK,ck_del_cite_count,4,4
CL_CHECK,ck_del_cite_genuine,1,1
CL_CHECK,ck_del_cite_genuine,1,1
CL_CHECK,ck_del_cite_genuine,1,1
CL_CHECK,ck_del_cite_genuine,1,1
CL_CHECK,ck_del_cite_distinct,4,4
CL_CHECK,ck_del_justify,1,1
CL_CHECK,ck_del_cite_count,4,4
CL_CHECK,ck_del_cite_genuine,1,1
CL_CHECK,ck_del_cite_genuine,1,1
CL_CHECK,ck_del_cite_genuine,1,1
CL_CHECK,ck_del_cite_genuine,1,1
CL_CHECK,ck_del_cite_distinct,4,4
CL_CHECK,ck_del_justify,1,1
CL_CHECK,ck_del_cite_count,4,4
CL_CHECK,ck_del_cite_genuine,1,1
CL_CHECK,ck_del_cite_genuine,1,1
CL_CHECK,ck_del_cite_genuine,1,1
CL_CHECK,ck_del_cite_genuine,1,1
CL_CHECK,ck_del_cite_distinct,4,4
CL_CHECK,ck_del_justify,1,1
CL_CHECK,ck_del_cite_count,4,4
CL_CHECK,ck_del_cite_genuine,1,1
CL_CHECK,ck_del_cite_genuine,1,1
CL_CHECK,ck_del_cite_genuine,1,1
CL_CHECK,ck_del_cite_genuine,1,1
CL_CHECK,ck_del_cite_distinct,4,4
CL_CHECK,ck_del_justify,1,1
CL_CHECK,ck_del_cite_count,4,4
CL_CHECK,ck_del_cite_genuine,1,1
CL_CHECK,ck_del_cite_genuine,1,1
CL_CHECK,ck_del_cite_genuine,1,1
CL_CHECK,ck_del_cite_genuine,1,1
CL_CHECK,ck_del_cite_distinct,4,4
CL_CHECK,ck_del_justify,1,1
CL_CHECK,ck_del_cite_count,4,4
CL_CHECK,ck_del_cite_genuine,1,1
CL_CHECK,ck_del_cite_genuine,1,1
CL_CHECK,ck_del_cite_genuine,1,1
CL_CHECK,ck_del_cite_genuine,1,1
CL_CHECK,ck_del_cite_distinct,4,4
CL_CHECK,ck_del_justify,1,1
CL_CHECK,ck_del_cite_count,4,4
CL_CHECK,ck_del_cite_genuine,1,1
CL_CHECK,ck_del_cite_genuine,1,1
CL_CHECK,ck_del_cite_genuine,1,1
CL_CHECK,ck_del_cite_genuine,1,1
CL_CHECK,ck_del_cite_distinct,4,4
CL_CHECK,ck_del_justify,1,1
CL_CHECK,ck_del_cite_count,4,4
CL_CHECK,ck_del_cite_genuine,1,1
CL_CHECK,ck_del_cite_genuine,1,1
CL_CHECK,ck_del_cite_genuine,1,1
CL_CHECK,ck_del_cite_genuine,1,1
CL_CHECK,ck_del_cite_distinct,4,4
CL_CHECK,ck_del_justify,1,1
CL_CHECK,ck_del_cite_count,4,4
CL_CHECK,ck_del_cite_genuine,1,1
CL_CHECK,ck_del_cite_genuine,1,1
CL_CHECK,ck_del_cite_genuine,1,1
CL_CHECK,ck_del_cite_genuine,1,1
CL_CHECK,ck_del_cite_distinct,4,4
CL_CHECK,ck_del_justify,1,1
CL_CHECK,ck_del_cite_count,4,4
CL_CHECK,ck_del_cite_genuine,1,1
CL_CHECK,ck_del_cite_genuine,1,1
CL_CHECK,ck_del_cite_genuine,1,1
CL_CHECK,ck_del_cite_genuine,1,1
CL_CHECK,ck_del_cite_distinct,4,4
CL_CHECK,ck_del_justify,1,1
CL_CHECK,ck_del_cite_count,4,4
CL_CHECK,ck_del_cite_genuine,1,1
CL_CHECK,ck_del_cite_genuine,1,1
CL_CHECK,ck_del_cite_genuine,1,1
CL_CHECK,ck_del_cite_genuine,1,1
CL_CHECK,ck_del_cite_distinct,4,4
CL_CHECK,ck_del_justify,1,1
CL_CHECK,ck_del_cite_count,4,4
CL_CHECK,ck_del_cite_genuine,1,1
CL_CHECK,ck_del_cite_genuine,1,1
CL_CHECK,ck_del_cite_genuine,1,1
CL_CHECK,ck_del_cite_genuine,1,1
CL_CHECK,ck_del_cite_distinct,4,4
CL_CHECK,ck_del_justify,1,1
CL_CHECK,ck_del_cite_count,4,4
CL_CHECK,ck_del_cite_genuine,1,1
CL_CHECK,ck_del_cite_genuine,1,1
CL_CHECK,ck_del_cite_genuine,1,1
CL_CHECK,ck_del_cite_genuine,1,1
CL_CHECK,ck_del_cite_distinct,4,4
CL_CHECK,ck_del_justify,1,1
CL_CHECK,ck_del_cite_count,4,4
CL_CHECK,ck_del_cite_genuine,1,1
CL_CHECK,ck_del_cite_genuine,1,1
CL_CHECK,ck_del_cite_genuine,1,1
CL_CHECK,ck_del_cite_genuine,1,1
CL_CHECK,ck_del_cite_distinct,4,4
CL_CHECK,ck_del_justify,1,1
CL_CHECK,ck_del_cite_count,4,4
CL_CHECK,ck_del_cite_genuine,1,1
CL_CHECK,ck_del_cite_genuine,1,1
CL_CHECK,ck_del_cite_genuine,1,1
CL_CHECK,ck_del_cite_genuine,1,1
CL_CHECK,ck_del_cite_distinct,4,4
CL_CHECK,ck_del_justify,1,1
CL_CHECK,ck_del_cite_count,4,4
CL_CHECK,ck_del_cite_genuine,1,1
CL_CHECK,ck_del_cite_genuine,1,1
CL_CHECK,ck_del_cite_genuine,1,1
CL_CHECK,ck_del_cite_genuine,1,1
CL_CHECK,ck_del_cite_distinct,4,4
CL_CHECK,ck_del_justify,1,1
CL_CHECK,ck_del_cite_count,4,4
CL_CHECK,ck_del_cite_genuine,1,1
CL_CHECK,ck_del_cite_genuine,1,1
CL_CHECK,ck_del_cite_genuine,1,1
CL_CHECK,ck_del_cite_genuine,1,1
CL_CHECK,ck_del_cite_distinct,4,4
CL_CHECK,ck_del_justify,1,1
CL_CHECK,ck_del_cite_count,4,4
CL_CHECK,ck_del_cite_genuine,1,1
CL_CHECK,ck_del_cite_genuine,1,1
CL_CHECK,ck_del_cite_genuine,1,1
CL_CHECK,ck_del_cite_genuine,1,1
CL_CHECK,ck_del_cite_distinct,4,4
CL_CHECK,ck_del_justify,1,1
CL_CHECK,ck_del_cite_count,4,4
CL_CHECK,ck_del_cite_genuine,1,1
CL_CHECK,ck_del_cite_genuine,1,1
CL_CHECK,ck_del_cite_genuine,1,1
CL_CHECK,ck_del_cite_genuine,1,1
CL_CHECK,ck_del_cite_distinct,4,4
CL_CHECK,ck_del_justify,1,1
CL_CHECK,ck_del_cite_count,4,4
CL_CHECK,ck_del_cite_genuine,1,1
CL_CHECK,ck_del_cite_genuine,1,1
CL_CHECK,ck_del_cite_genuine,1,1
CL_CHECK,ck_del_cite_genuine,1,1
CL_CHECK,ck_del_cite_distinct,4,4
CL_CHECK,ck_del_justify,1,1
CL_CHECK,ck_del_cite_count,4,4
CL_CHECK,ck_del_cite_genuine,1,1
CL_CHECK,ck_del_cite_genuine,1,1
CL_CHECK,ck_del_cite_genuine,1,1
CL_CHECK,ck_del_cite_genuine,1,1
CL_CHECK,ck_del_cite_distinct,4,4
CL_CHECK,ck_del_justify,1,1
CL_CHECK,ck_del_cite_count,4,4
CL_CHECK,ck_del_cite_genuine,1,1
CL_CHECK,ck_del_cite_genuine,1,1
CL_CHECK,ck_del_cite_genuine,1,1
CL_CHECK,ck_del_cite_genuine,1,1
CL_CHECK,ck_del_cite_distinct,4,4
CL_CHECK,ck_del_justify,1,1
CL_CHECK,ck_del_cite_count,4,4
CL_CHECK,ck_del_cite_genuine,1,1
CL_CHECK,ck_del_cite_genuine,1,1
CL_CHECK,ck_del_cite_genuine,1,1
CL_CHECK,ck_del_cite_genuine,1,1
CL_CHECK,ck_del_cite_distinct,4,4
CL_CHECK,ck_del_justify,1,1
CL_CHECK,ck_del_cite_count,4,4
CL_CHECK,ck_del_cite_genuine,1,1
CL_CHECK,ck_del_cite_genuine,1,1
CL_CHECK,ck_del_cite_genuine,1,1
CL_CHECK,ck_del_cite_genuine,1,1
CL_CHECK,ck_del_cite_distinct,4,4
CL_CHECK,ck_del_justify,1,1
CL_CHECK,ck_del_cite_count,4,4
CL_CHECK,ck_del_cite_genuine,1,1
CL_CHECK,ck_del_cite_genuine,1,1
CL_CHECK,ck_del_cite_genuine,1,1
CL_CHECK,ck_del_cite_genuine,1,1
CL_CHECK,ck_del_cite_distinct,4,4
CL_CHECK,ck_del_justify,1,1
CL_CHECK,ck_del_cite_count,4,4
CL_CHECK,ck_del_cite_genuine,1,1
CL_CHECK,ck_del_cite_genuine,1,1
CL_CHECK,ck_del_cite_genuine,1,1
CL_CHECK,ck_del_cite_genuine,1,1
CL_CHECK,ck_del_cite_distinct,4,4
CL_CHECK,ck_del_justify,1,1
CL_CHECK,ck_del_cite_count,4,4
CL_CHECK,ck_del_cite_genuine,1,1
CL_CHECK,ck_del_cite_genuine,1,1
CL_CHECK,ck_del_cite_genuine,1,1
CL_CHECK,ck_del_cite_genuine,1,1
CL_CHECK,ck_del_cite_distinct,4,4
CL_CHECK,ck_del_justify,1,1
CL_CHECK,ck_del_cite_count,4,4
CL_CHECK,ck_del_cite_genuine,1,1
CL_CHECK,ck_del_cite_genuine,1,1
CL_CHECK,ck_del_cite_genuine,1,1
CL_CHECK,ck_del_cite_genuine,1,1
CL_CHECK,ck_del_cite_distinct,4,4
CL_CHECK,ck_del_justify,1,1
CL_CHECK,ck_del_cite_count,4,4
CL_CHECK,ck_del_cite_genuine,1,1
CL_CHECK,ck_del_cite_genuine,1,1
CL_CHECK,ck_del_cite_genuine,1,1
CL_CHECK,ck_del_cite_genuine,1,1
CL_CHECK,ck_del_cite_distinct,4,4
CL_CHECK,ck_del_justify,1,1
CL_CHECK,ck_del_cite_count,4,4
CL_CHECK,ck_del_cite_genuine,1,1
CL_CHECK,ck_del_cite_genuine,1,1
CL_CHECK,ck_del_cite_genuine,1,1
CL_CHECK,ck_del_cite_genuine,1,1
CL_CHECK,ck_del_cite_distinct,4,4
CL_CHECK,ck_del_justify,1,1
CL_CHECK,ck_del_cite_count,4,4
CL_CHECK,ck_del_cite_genuine,1,1
CL_CHECK,ck_del_cite_genuine,1,1
CL_CHECK,ck_del_cite_genuine,1,1
CL_CHECK,ck_del_cite_genuine,1,1
CL_CHECK,ck_del_cite_distinct,4,4
CL_CHECK,ck_del_justify,1,1
CL_CHECK,ck_del_cite_count,4,4
CL_CHECK,ck_del_cite_genuine,1,1
CL_CHECK,ck_del_cite_genuine,1,1
CL_CHECK,ck_del_cite_genuine,1,1
CL_CHECK,ck_del_cite_genuine,1,1
CL_CHECK,ck_del_cite_distinct,4,4
CL_CHECK,ck_del_justify,1,1
CL_CHECK,ck_del_cite_count,4,4
CL_CHECK,ck_del_cite_genuine,1,1
CL_CHECK,ck_del_cite_genuine,1,1
CL_CHECK,ck_del_cite_genuine,1,1
CL_CHECK,ck_del_cite_genuine,1,1
CL_CHECK,ck_del_cite_distinct,4,4
CL_CHECK,ck_del_justify,1,1
CL_CHECK,ck_del_cite_count,4,4
CL_CHECK,ck_del_cite_genuine,1,1
CL_CHECK,ck_del_cite_genuine,1,1
CL_CHECK,ck_del_cite_genuine,1,1
CL_CHECK,ck_del_cite_genuine,1,1
CL_CHECK,ck_del_cite_distinct,4,4
CL_CHECK,ck_del_justify,1,1
CL_CHECK,ck_del_cite_count,4,4
CL_CHECK,ck_del_cite_genuine,1,1
CL_CHECK,ck_del_cite_genuine,1,1
CL_CHECK,ck_del_cite_genuine,1,1
CL_CHECK,ck_del_cite_genuine,1,1
CL_CHECK,ck_del_cite_distinct,4,4
CL_CHECK,ck_del_justify,1,1
CL_CHECK,ck_del_cite_count,4,4
CL_CHECK,ck_del_cite_genuine,1,1
CL_CHECK,ck_del_cite_genuine,1,1
CL_CHECK,ck_del_cite_genuine,1,1
CL_CHECK,ck_del_cite_genuine,1,1
CL_CHECK,ck_del_cite_distinct,4,4
CL_CHECK,ck_del_justify,1,1
CL_CHECK,ck_del_cite_count,4,4
CL_CHECK,ck_del_cite_genuine,1,1
CL_CHECK,ck_del_cite_genuine,1,1
CL_CHECK,ck_del_cite_genuine,1,1
CL_CHECK,ck_del_cite_genuine,1,1
CL_CHECK,ck_del_cite_distinct,4,4
CL_CHECK,ck_del_justify,1,1
CL_CHECK,ck_del_cite_count,4,4
CL_CHECK,ck_del_cite_genuine,1,1
CL_CHECK,ck_del_cite_genuine,1,1
CL_CHECK,ck_del_cite_genuine,1,1
CL_CHECK,ck_del_cite_genuine,1,1
CL_CHECK,ck_del_cite_distinct,4,4
CL_CHECK,ck_del_justify,1,1
CL_CHECK,ck_no_bad_kill,0,0
CL_CHECK,ck_no_bad_forcepin,0,0
CL_CHECK,ck_no_bad_code,0,0
CL_CHECK,ck_no_bad_role,0,0
CL_CHECK,ck_no_bad_pexp,0,0
CL_CHECK,ck_no_bad_recycle,0,0
ST_FINGERPRINT 657164830
ST_INVALID 0
ST_DONE
