real 0.29
user 0.27
sys 0.00
            12238848  maximum resident set size
                   0  average shared memory size
                   0  average unshared data size
                   0  average unshared stack size
                 766  page reclaims
                 148  page faults
                   0  swaps
                   0  block input operations
                   0  block output operations
                   0  messages sent
                   0  messages received
                   0  signals received
                   3  voluntary context switches
                 922  involuntary context switches
          3605800628  instructions retired
          1111408640  cycles elapsed
             9486672  peak memory footprint
