== W7 flaw probe run: 2026-09-21T10:25:09Z ==
--- slice S0 ---
DET S0: byte-identical x5 (36adbe88b037224aa68466aa771ff0878965e70cb0df6e368b5dab33666ff330)
W7_STAT,slice=0,n_flaws=12,hits=0,nears=6,misses=6,score_x10=30,pass=0,fps=0,leak=0,bracket_low_x10=30,bracket_high_x10=30
--- slice S1 ---
DET S1: byte-identical x5 (2565eb62512dedf6484ba44b4f9980053c51d7e14ae98c3a14f9960fb92182c5)
W7_STAT,slice=1,n_flaws=12,hits=0,nears=6,misses=6,score_x10=30,pass=0,fps=0,leak=0,bracket_low_x10=30,bracket_high_x10=30
--- slice S2 ---
DET S2: byte-identical x5 (31413ebb37b8b5297fd2a95b6badd741a1eded9aa1728c51916dc9ff59aa1a09)
W7_STAT,slice=2,n_flaws=12,hits=0,nears=6,misses=6,score_x10=30,pass=0,fps=0,leak=0,bracket_low_x10=30,bracket_high_x10=30
--- slice S3 ---
DET S3: byte-identical x5 (fc3b11a3f61c5abbeb544c8d0992b70ac3fb4da3ec5cef7866736205cbacdf34)
W7_STAT,slice=3,n_flaws=12,hits=0,nears=6,misses=6,score_x10=30,pass=0,fps=0,leak=0,bracket_low_x10=30,bracket_high_x10=30
--- slice S4 ---
DET S4: byte-identical x5 (b5a3a00964715b540c4bd91f4aa5e023bb3c2cd4b0a828eb2d4ff8fd9e7556d1)
W7_STAT,slice=4,n_flaws=12,hits=0,nears=6,misses=6,score_x10=20,pass=0,fps=1,leak=0,bracket_low_x10=25,bracket_high_x10=10
--- slice S5 ---
DET S5: byte-identical x5 (0cc6434a554d25aaf6df25de3c4c64f09c8e52e845d5dd91a11a71b39a2f7d0a)
W7_STAT,slice=5,n_flaws=12,hits=1,nears=6,misses=5,score_x10=40,pass=0,fps=0,leak=0,bracket_low_x10=40,bracket_high_x10=40
--- slice S6 ---
DET S6: byte-identical x5 (908fd3238013bea59577ee2c4e914e99f5c599ef57afbfcf0a2bb718ad858895)
W7_STAT,slice=6,n_flaws=12,hits=0,nears=7,misses=5,score_x10=35,pass=0,fps=0,leak=0,bracket_low_x10=35,bracket_high_x10=35
--- slice S7 ---
DET S7: byte-identical x5 (0475ffb55dbcb1c3b4b84e611dfdafd0343b5ac6ce3d6adc19ea08b5b1a40680)
W7_STAT,slice=7,n_flaws=12,hits=0,nears=6,misses=6,score_x10=30,pass=0,fps=0,leak=0,bracket_low_x10=30,bracket_high_x10=30
== done ==
