=== ARM T5b SEED 7 ===
> OBSERVE
< INSTANCES 18
< PAIR s0 s1 1
< PAIR s1 s2 1
< PAIR s2 s3 1
< PAIR s3 s4 1
< PAIR s3 s5 1
< PAIR s4 s6 1
< PAIR s5 s6 1
< PAIR s6 s7 1
< PAIR s7 s8 1
< PAIR s8 s9 1
< PAIR s0 s3 1
< PAIR s1 s5 1
< PAIR s4 s7 1
< PAIR s2 s6 1
< PAIR s0 s9 1
< PAIR s4 s3 0
< PAIR s9 s0 0
< PAIR s6 s5 0
< NATTRS 10
< ATTR s0 6 8 1
< ATTR s1 2 3 6
< ATTR s2 9 1 9
< ATTR s3 4 6 4
< ATTR s4 1 0 7
< ATTR s5 0 4 2
< ATTR s6 3 9 0
< ATTR s7 7 2 5
< ATTR s8 5 5 8
< ATTR s9 8 7 3
< PROBE_EXCEPT 2
< XPAIR s4 s5
< XPAIR s5 s4
< END_OBSERVE
> TEST_PAIR s0 s1 1
> TEST_PAIR s1 s2 1
> TEST_PAIR s2 s3 1
> TEST_PAIR s3 s4 1
> TEST_PAIR s3 s5 1
> TEST_PAIR s4 s6 1
> TEST_PAIR s5 s6 1
> TEST_PAIR s6 s7 1
> TEST_PAIR s7 s8 1
> TEST_PAIR s8 s9 1
> TEST_PAIR s0 s3 1
> TEST_PAIR s1 s5 1
> TEST_PAIR s4 s7 1
> TEST_PAIR s2 s6 1
> TEST_PAIR s0 s9 1
> TEST_PAIR s4 s3 0
> TEST_PAIR s9 s0 0
> TEST_PAIR s6 s5 0
< ACCEPT
< ACCEPT
< ACCEPT
< ACCEPT
< ACCEPT
< ACCEPT
< ACCEPT
< ACCEPT
< ACCEPT
< ACCEPT
< ACCEPT
< ACCEPT
< ACCEPT
< ACCEPT
< ACCEPT
< ACCEPT
< ACCEPT
< ACCEPT
> TEST_PAIR s0 s1 0
> TEST_PAIR s1 s2 1
> TEST_PAIR s2 s3 1
> TEST_PAIR s3 s4 1
> TEST_PAIR s3 s5 1
> TEST_PAIR s4 s6 1
> TEST_PAIR s5 s6 1
> TEST_PAIR s6 s7 1
> TEST_PAIR s7 s8 1
> TEST_PAIR s8 s9 1
> TEST_PAIR s0 s3 1
> TEST_PAIR s1 s5 1
> TEST_PAIR s4 s7 1
> TEST_PAIR s2 s6 1
> TEST_PAIR s0 s9 1
> TEST_PAIR s4 s3 0
> TEST_PAIR s9 s0 0
> TEST_PAIR s6 s5 0
< REJECT
< ACCEPT
< ACCEPT
< ACCEPT
< ACCEPT
< ACCEPT
< ACCEPT
< ACCEPT
< ACCEPT
< ACCEPT
< ACCEPT
< ACCEPT
< ACCEPT
< ACCEPT
< ACCEPT
< ACCEPT
< ACCEPT
< ACCEPT
> TEST_PAIR s0 s1 1
> TEST_PAIR s1 s2 0
> TEST_PAIR s2 s3 1
> TEST_PAIR s3 s4 1
> TEST_PAIR s3 s5 1
> TEST_PAIR s4 s6 1
> TEST_PAIR s5 s6 1
> TEST_PAIR s6 s7 1
> TEST_PAIR s7 s8 1
> TEST_PAIR s8 s9 1
> TEST_PAIR s0 s3 1
> TEST_PAIR s1 s5 1
> TEST_PAIR s4 s7 1
> TEST_PAIR s2 s6 1
> TEST_PAIR s0 s9 1
> TEST_PAIR s4 s3 0
> TEST_PAIR s9 s0 0
> TEST_PAIR s6 s5 0
< ACCEPT
< REJECT
< ACCEPT
< ACCEPT
< ACCEPT
< ACCEPT
< ACCEPT
< ACCEPT
< ACCEPT
< ACCEPT
< ACCEPT
< ACCEPT
< ACCEPT
< ACCEPT
< ACCEPT
< ACCEPT
< ACCEPT
< ACCEPT
> TEST_PAIR s0 s1 1
> TEST_PAIR s1 s2 1
> TEST_PAIR s2 s3 0
> TEST_PAIR s3 s4 1
> TEST_PAIR s3 s5 1
> TEST_PAIR s4 s6 1
> TEST_PAIR s5 s6 1
> TEST_PAIR s6 s7 1
> TEST_PAIR s7 s8 1
> TEST_PAIR s8 s9 1
> TEST_PAIR s0 s3 1
> TEST_PAIR s1 s5 1
> TEST_PAIR s4 s7 1
> TEST_PAIR s2 s6 1
> TEST_PAIR s0 s9 1
> TEST_PAIR s4 s3 0
> TEST_PAIR s9 s0 0
> TEST_PAIR s6 s5 0
< ACCEPT
< ACCEPT
< REJECT
< ACCEPT
< ACCEPT
< ACCEPT
< ACCEPT
< ACCEPT
< ACCEPT
< ACCEPT
< ACCEPT
< ACCEPT
< ACCEPT
< ACCEPT
< ACCEPT
< ACCEPT
< ACCEPT
< ACCEPT
> TEST_PAIR s0 s1 1
> TEST_PAIR s1 s2 1
> TEST_PAIR s2 s3 1
> TEST_PAIR s3 s4 0
> TEST_PAIR s3 s5 1
> TEST_PAIR s4 s6 1
> TEST_PAIR s5 s6 1
> TEST_PAIR s6 s7 1
> TEST_PAIR s7 s8 1
> TEST_PAIR s8 s9 1
> TEST_PAIR s0 s3 1
> TEST_PAIR s1 s5 1
> TEST_PAIR s4 s7 1
> TEST_PAIR s2 s6 1
> TEST_PAIR s0 s9 1
> TEST_PAIR s4 s3 0
> TEST_PAIR s9 s0 0
> TEST_PAIR s6 s5 0
< ACCEPT
< ACCEPT
< ACCEPT
< REJECT
< ACCEPT
< ACCEPT
< ACCEPT
< ACCEPT
< ACCEPT
< ACCEPT
< ACCEPT
< ACCEPT
< ACCEPT
< ACCEPT
< ACCEPT
< ACCEPT
< ACCEPT
< ACCEPT
> TEST_PAIR s0 s1 1
> TEST_PAIR s1 s2 1
> TEST_PAIR s2 s3 1
> TEST_PAIR s3 s4 1
> TEST_PAIR s3 s5 0
> TEST_PAIR s4 s6 1
> TEST_PAIR s5 s6 1
> TEST_PAIR s6 s7 1
> TEST_PAIR s7 s8 1
> TEST_PAIR s8 s9 1
> TEST_PAIR s0 s3 1
> TEST_PAIR s1 s5 1
> TEST_PAIR s4 s7 1
> TEST_PAIR s2 s6 1
> TEST_PAIR s0 s9 1
> TEST_PAIR s4 s3 0
> TEST_PAIR s9 s0 0
> TEST_PAIR s6 s5 0
< ACCEPT
< ACCEPT
< ACCEPT
< ACCEPT
< REJECT
< ACCEPT
< ACCEPT
< ACCEPT
< ACCEPT
< ACCEPT
< ACCEPT
< ACCEPT
< ACCEPT
< ACCEPT
< ACCEPT
< ACCEPT
< ACCEPT
< ACCEPT
> TEST_PAIR s0 s1 1
> TEST_PAIR s1 s2 1
> TEST_PAIR s2 s3 1
> TEST_PAIR s3 s4 1
> TEST_PAIR s3 s5 1
> TEST_PAIR s4 s6 0
> TEST_PAIR s5 s6 1
> TEST_PAIR s6 s7 1
> TEST_PAIR s7 s8 1
> TEST_PAIR s8 s9 1
> TEST_PAIR s0 s3 1
> TEST_PAIR s1 s5 1
> TEST_PAIR s4 s7 1
> TEST_PAIR s2 s6 1
> TEST_PAIR s0 s9 1
> TEST_PAIR s4 s3 0
> TEST_PAIR s9 s0 0
> TEST_PAIR s6 s5 0
< ACCEPT
< ACCEPT
< ACCEPT
< ACCEPT
< ACCEPT
< REJECT
< ACCEPT
< ACCEPT
< ACCEPT
< ACCEPT
< ACCEPT
< ACCEPT
< ACCEPT
< ACCEPT
< ACCEPT
< ACCEPT
< ACCEPT
< ACCEPT
> TEST_PAIR s0 s1 1
> TEST_PAIR s1 s2 1
> TEST_PAIR s2 s3 1
> TEST_PAIR s3 s4 1
> TEST_PAIR s3 s5 1
> TEST_PAIR s4 s6 1
> TEST_PAIR s5 s6 0
> TEST_PAIR s6 s7 1
> TEST_PAIR s7 s8 1
> TEST_PAIR s8 s9 1
> TEST_PAIR s0 s3 1
> TEST_PAIR s1 s5 1
> TEST_PAIR s4 s7 1
> TEST_PAIR s2 s6 1
> TEST_PAIR s0 s9 1
> TEST_PAIR s4 s3 0
> TEST_PAIR s9 s0 0
> TEST_PAIR s6 s5 0
< ACCEPT
< ACCEPT
< ACCEPT
< ACCEPT
< ACCEPT
< ACCEPT
< REJECT
< ACCEPT
< ACCEPT
< ACCEPT
< ACCEPT
< ACCEPT
< ACCEPT
< ACCEPT
< ACCEPT
< ACCEPT
< ACCEPT
< ACCEPT
> TEST_PAIR s0 s1 1
> TEST_PAIR s1 s2 1
> TEST_PAIR s2 s3 1
> TEST_PAIR s3 s4 1
> TEST_PAIR s3 s5 1
> TEST_PAIR s4 s6 1
> TEST_PAIR s5 s6 1
> TEST_PAIR s6 s7 0
> TEST_PAIR s7 s8 1
> TEST_PAIR s8 s9 1
> TEST_PAIR s0 s3 1
> TEST_PAIR s1 s5 1
> TEST_PAIR s4 s7 1
> TEST_PAIR s2 s6 1
> TEST_PAIR s0 s9 1
> TEST_PAIR s4 s3 0
> TEST_PAIR s9 s0 0
> TEST_PAIR s6 s5 0
< ACCEPT
< ACCEPT
< ACCEPT
< ACCEPT
< ACCEPT
< ACCEPT
< ACCEPT
< REJECT
< ACCEPT
< ACCEPT
< ACCEPT
< ACCEPT
< ACCEPT
< ACCEPT
< ACCEPT
< ACCEPT
< ACCEPT
< ACCEPT
> TEST_PAIR s0 s1 1
> TEST_PAIR s1 s2 1
> TEST_PAIR s2 s3 1
> TEST_PAIR s3 s4 1
> TEST_PAIR s3 s5 1
> TEST_PAIR s4 s6 1
> TEST_PAIR s5 s6 1
> TEST_PAIR s6 s7 1
> TEST_PAIR s7 s8 0
> TEST_PAIR s8 s9 1
> TEST_PAIR s0 s3 1
> TEST_PAIR s1 s5 1
> TEST_PAIR s4 s7 1
> TEST_PAIR s2 s6 1
> TEST_PAIR s0 s9 1
> TEST_PAIR s4 s3 0
> TEST_PAIR s9 s0 0
> TEST_PAIR s6 s5 0
< ACCEPT
< ACCEPT
< ACCEPT
< ACCEPT
< ACCEPT
< ACCEPT
< ACCEPT
< ACCEPT
< REJECT
< ACCEPT
< ACCEPT
< ACCEPT
< ACCEPT
< ACCEPT
< ACCEPT
< ACCEPT
< ACCEPT
< ACCEPT
> TEST_PAIR s0 s1 1
> TEST_PAIR s1 s2 1
> TEST_PAIR s2 s3 1
> TEST_PAIR s3 s4 1
> TEST_PAIR s3 s5 1
> TEST_PAIR s4 s6 1
> TEST_PAIR s5 s6 1
> TEST_PAIR s6 s7 1
> TEST_PAIR s7 s8 1
> TEST_PAIR s8 s9 0
> TEST_PAIR s0 s3 1
> TEST_PAIR s1 s5 1
> TEST_PAIR s4 s7 1
> TEST_PAIR s2 s6 1
> TEST_PAIR s0 s9 1
> TEST_PAIR s4 s3 0
> TEST_PAIR s9 s0 0
> TEST_PAIR s6 s5 0
< ACCEPT
< ACCEPT
< ACCEPT
< ACCEPT
< ACCEPT
< ACCEPT
< ACCEPT
< ACCEPT
< ACCEPT
< REJECT
< ACCEPT
< ACCEPT
< ACCEPT
< ACCEPT
< ACCEPT
< ACCEPT
< ACCEPT
< ACCEPT
> TEST_PAIR s0 s1 1
> TEST_PAIR s1 s2 1
> TEST_PAIR s2 s3 1
> TEST_PAIR s3 s4 1
> TEST_PAIR s3 s5 1
> TEST_PAIR s4 s6 1
> TEST_PAIR s5 s6 1
> TEST_PAIR s6 s7 1
> TEST_PAIR s7 s8 1
> TEST_PAIR s8 s9 1
> TEST_PAIR s0 s3 1
> TEST_PAIR s1 s5 1
> TEST_PAIR s4 s7 1
> TEST_PAIR s2 s6 1
> TEST_PAIR s0 s9 1
> TEST_PAIR s4 s3 0
> TEST_PAIR s9 s0 0
> TEST_PAIR s6 s5 0
< ACCEPT
< ACCEPT
< ACCEPT
< ACCEPT
< ACCEPT
< ACCEPT
< ACCEPT
< ACCEPT
< ACCEPT
< ACCEPT
< ACCEPT
< ACCEPT
< ACCEPT
< ACCEPT
< ACCEPT
< ACCEPT
< ACCEPT
< ACCEPT
> TEST_PAIR s0 s1 1
> TEST_PAIR s1 s2 1
> TEST_PAIR s2 s3 1
> TEST_PAIR s3 s4 1
> TEST_PAIR s3 s5 1
> TEST_PAIR s4 s6 1
> TEST_PAIR s5 s6 1
> TEST_PAIR s6 s7 1
> TEST_PAIR s7 s8 1
> TEST_PAIR s8 s9 1
> TEST_PAIR s0 s3 1
> TEST_PAIR s1 s5 1
> TEST_PAIR s4 s7 1
> TEST_PAIR s2 s6 1
> TEST_PAIR s0 s9 1
> TEST_PAIR s4 s3 0
> TEST_PAIR s9 s0 0
> TEST_PAIR s6 s5 0
< ACCEPT
< ACCEPT
< ACCEPT
< ACCEPT
< ACCEPT
< ACCEPT
< ACCEPT
< ACCEPT
< ACCEPT
< ACCEPT
< ACCEPT
< ACCEPT
< ACCEPT
< ACCEPT
< ACCEPT
< ACCEPT
< ACCEPT
< ACCEPT
> TEST_PAIR s0 s1 1
> TEST_PAIR s1 s2 1
> TEST_PAIR s2 s3 1
> TEST_PAIR s3 s4 1
> TEST_PAIR s3 s5 1
> TEST_PAIR s4 s6 1
> TEST_PAIR s5 s6 1
> TEST_PAIR s6 s7 1
> TEST_PAIR s7 s8 1
> TEST_PAIR s8 s9 1
> TEST_PAIR s0 s3 1
> TEST_PAIR s1 s5 1
> TEST_PAIR s4 s7 1
> TEST_PAIR s2 s6 1
> TEST_PAIR s0 s9 1
> TEST_PAIR s4 s3 0
> TEST_PAIR s9 s0 0
> TEST_PAIR s6 s5 0
< ACCEPT
< ACCEPT
< ACCEPT
< ACCEPT
< ACCEPT
< ACCEPT
< ACCEPT
< ACCEPT
< ACCEPT
< ACCEPT
< ACCEPT
< ACCEPT
< ACCEPT
< ACCEPT
< ACCEPT
< ACCEPT
< ACCEPT
< ACCEPT
> TEST_PAIR s0 s1 1
> TEST_PAIR s1 s2 1
> TEST_PAIR s2 s3 1
> TEST_PAIR s3 s4 1
> TEST_PAIR s3 s5 1
> TEST_PAIR s4 s6 1
> TEST_PAIR s5 s6 1
> TEST_PAIR s6 s7 1
> TEST_PAIR s7 s8 1
> TEST_PAIR s8 s9 1
> TEST_PAIR s0 s3 1
> TEST_PAIR s1 s5 1
> TEST_PAIR s4 s7 1
> TEST_PAIR s2 s6 1
> TEST_PAIR s0 s9 1
> TEST_PAIR s4 s3 0
> TEST_PAIR s9 s0 0
> TEST_PAIR s6 s5 0
< ACCEPT
< ACCEPT
< ACCEPT
< ACCEPT
< ACCEPT
< ACCEPT
< ACCEPT
< ACCEPT
< ACCEPT
< ACCEPT
< ACCEPT
< ACCEPT
< ACCEPT
< ACCEPT
< ACCEPT
< ACCEPT
< ACCEPT
< ACCEPT
> TEST_PAIR s0 s1 1
> TEST_PAIR s1 s2 1
> TEST_PAIR s2 s3 1
> TEST_PAIR s3 s4 1
> TEST_PAIR s3 s5 1
> TEST_PAIR s4 s6 1
> TEST_PAIR s5 s6 1
> TEST_PAIR s6 s7 1
> TEST_PAIR s7 s8 1
> TEST_PAIR s8 s9 1
> TEST_PAIR s0 s3 1
> TEST_PAIR s1 s5 1
> TEST_PAIR s4 s7 1
> TEST_PAIR s2 s6 1
> TEST_PAIR s0 s9 1
> TEST_PAIR s4 s3 0
> TEST_PAIR s9 s0 0
> TEST_PAIR s6 s5 0
< ACCEPT
< ACCEPT
< ACCEPT
< ACCEPT
< ACCEPT
< ACCEPT
< ACCEPT
< ACCEPT
< ACCEPT
< ACCEPT
< ACCEPT
< ACCEPT
< ACCEPT
< ACCEPT
< ACCEPT
< ACCEPT
< ACCEPT
< ACCEPT
> TEST_PAIR s0 s1 1
> TEST_PAIR s1 s2 1
> TEST_PAIR s2 s3 1
> TEST_PAIR s3 s4 1
> TEST_PAIR s3 s5 1
> TEST_PAIR s4 s6 1
> TEST_PAIR s5 s6 1
> TEST_PAIR s6 s7 1
> TEST_PAIR s7 s8 1
> TEST_PAIR s8 s9 1
> TEST_PAIR s0 s3 1
> TEST_PAIR s1 s5 1
> TEST_PAIR s4 s7 1
> TEST_PAIR s2 s6 1
> TEST_PAIR s0 s9 1
> TEST_PAIR s4 s3 0
> TEST_PAIR s9 s0 0
> TEST_PAIR s6 s5 0
> TEST_PAIR s0 s1 1
> TEST_PAIR s1 s2 1
> TEST_PAIR s2 s3 1
> TEST_PAIR s3 s4 1
> TEST_PAIR s3 s5 1
> TEST_PAIR s4 s6 1
> TEST_PAIR s5 s6 1
> TEST_PAIR s6 s7 1
> TEST_PAIR s7 s8 1
> TEST_PAIR s8 s9 1
> TEST_PAIR s0 s3 1
> TEST_PAIR s1 s5 1
> TEST_PAIR s4 s7 1
> TEST_PAIR s2 s6 1
> TEST_PAIR s0 s9 1
> TEST_PAIR s4 s3 0
> TEST_PAIR s9 s0 0
> TEST_PAIR s6 s5 0
< ACCEPT
< ACCEPT
< ACCEPT
< ACCEPT
< ACCEPT
< ACCEPT
< ACCEPT
< ACCEPT
< ACCEPT
< ACCEPT
< ACCEPT
< ACCEPT
< ACCEPT
< ACCEPT
< ACCEPT
< ACCEPT
< ACCEPT
< ACCEPT
< ACCEPT
< ACCEPT
< ACCEPT
< ACCEPT
< ACCEPT
< ACCEPT
< ACCEPT
< ACCEPT
< ACCEPT
< ACCEPT
< ACCEPT
< ACCEPT
< ACCEPT
< ACCEPT
< ACCEPT
< ACCEPT
< ACCEPT
< ACCEPT
> TEST_PAIR s4 s5 0
> TEST_PAIR s4 s5 1
< FORBIDDEN
< FORBIDDEN
> TEST_PAIR s5 s4 0
> TEST_PAIR s5 s4 1
< FORBIDDEN
< FORBIDDEN
> DEFER
< DEFER_OK
ARM T5b complete after 47 iterations
