MODE memB
GATE G1 0
GATE G2p 0
GATE G3 1
P0 0 100 0 xy qf
P0 0 101 0 fef ?
P0 0 102 0 hmlm ?
P0 0 103 0 votst ?
P0 0 105 0 hgh ?
P0 0 106 0 jono ?
P0 0 107 0 xqvuv ?
P0 0 109 0 jij ?
P0 1 110 0 qqpql ?
P0 1 111 0 xxwxsz ?
P0 1 113 0 llkl ?
P0 1 114 0 ssrsn ?
P0 1 115 0 zzyzub ?
P0 1 117 0 nnmn ?
P0 1 118 0 uutup ?
P0 1 119 0 bbabwd ?
P0 2 120 0 hi ap
P0 2 121 0 opp ?
P0 2 122 0 vwrw ?
P0 2 123 0 cdyfd ?
P0 2 124 0 jk cr
P0 2 125 0 qrr ?
P0 2 126 0 xyty ?
P0 2 127 0 efahf ?
P0 3 128 1 m m
P0 3 129 0 ts ?
P0 3 130 0 aza ?
P0 3 131 0 hghc ?
P0 3 132 1 o o
P0 3 133 0 vu ?
P0 3 134 0 cbc ?
P0 3 135 0 jije ?
P0 4 136 1 Qp Qp
P0 4 137 0 Xwx ?
P0 4 138 0 Edez ?
P0 4 139 0 Lklgn ?
P0 4 140 1 Sr Sr
P0 4 141 0 Zyz ?
P0 4 142 0 Gfgb ?
P0 4 143 0 Nmnip ?
P0 5 144 0 tu ut
P0 5 145 0 abb ?
P0 5 146 0 dhii ?
P0 5 147 0 koppr ?
P0 5 148 0 vw wv
P0 5 149 0 cdd ?
P0 5 150 0 fjkk ?
P0 5 151 0 mqrrt ?
SUM P0 4/48
P2 0 1 200 0 ccw oso
P2 0 1 201 0 nnjd ?
P2 0 1 202 0 gguqk ?
P2 0 1 203 0 rrnbxr ?
P2 0 2 204 0 ye iu
P2 0 2 205 0 lfp ?
P2 0 2 206 0 wsmi ?
P2 0 2 207 0 pdztt ?
P2 0 3 208 0 g s
P2 0 3 209 0 rn ?
P2 0 3 210 0 kyu ?
P2 0 3 211 0 vrfb ?
P2 0 4 212 0 Ic Uq
P2 0 4 213 0 Tpj ?
P2 0 4 214 0 Mawq ?
P2 0 4 215 0 Xthdx ?
P2 0 5 216 0 ek ws
P2 0 5 217 0 lrv ?
P2 0 5 218 0 cosy ?
P2 0 5 219 0 fjvzz ?
P2 1 0 220 0 mgg iuy
P2 1 0 221 0 xtnn ?
P2 1 0 222 0 qeauu ?
P2 1 0 223 0 bxlhbb ?
P2 1 2 224 0 ioi aga
P2 1 2 225 0 pvzp ?
P2 1 2 226 0 wcgsw ?
P2 1 2 227 0 djnzdd ?
P2 1 3 228 0 kk ky
P2 1 3 229 0 rrx ?
P2 1 3 230 0 yyei ?
P2 1 3 231 0 fflpb ?
P2 1 4 232 0 Mms Mag
P2 1 4 233 0 Ttzd ?
P2 1 4 234 0 Aagkw ?
P2 1 4 235 0 Hhnrdh ?
P2 1 5 236 0 oou omy
P2 1 5 237 0 bfvv ?
P2 1 5 238 0 ccimy ?
P2 1 5 239 0 fjjjpt ?
P2 2 0 240 0 qw am
P2 2 0 241 0 xhd ?
P2 2 0 242 0 eaok ?
P2 2 0 243 0 llhvr ?
P2 2 1 244 0 yys kok
P2 2 1 245 0 ffjz ?
P2 2 1 246 0 mmqcg ?
P2 2 1 247 0 ttxjnn ?
P2 2 3 248 0 a m
P2 2 3 249 0 hl ?
P2 2 3 250 0 ose ?
P2 2 3 251 0 vzlp ?
P2 2 4 252 0 Cw Ok
P2 2 4 253 0 Jnd ?
P2 2 4 254 0 Qugk ?
P2 2 4 255 0 Xbnrr ?
P2 2 5 256 0 ey qm
P2 2 5 257 0 flp ?
P2 2 5 258 0 imsw ?
P2 2 5 259 0 dpttz ?
P2 3 0 260 0 a ?
P2 3 0 261 0 nh ?
P2 3 0 262 0 yuo ?
P2 3 0 263 0 rfbv ?
P2 3 1 264 0 cc ?
P2 3 1 265 0 jjp ?
P2 3 1 266 0 qqwa ?
P2 3 1 267 0 xxdht ?
P2 3 2 268 0 e ?
P2 3 2 269 0 rl ?
P2 3 2 270 0 ycs ?
P2 3 2 271 0 fjvz ?
P2 3 4 272 0 G ?
P2 3 4 273 0 Nt ?
P2 3 4 274 0 Uae ?
P2 3 4 275 0 Bhlx ?
P2 3 5 276 0 i ?
P2 3 5 277 0 pv ?
P2 3 5 278 0 cgw ?
P2 3 5 279 0 djnz ?
P2 4 0 280 0 qK wy
P2 4 0 281 0 bxR ?
P2 4 0 282 0 uieY ?
P2 4 0 283 0 fbplF ?
P2 4 1 284 0 MMs gam
P2 4 1 285 0 TTzd ?
P2 4 1 286 0 AAgkw ?
P2 4 1 287 0 HHnrdh ?
P2 4 2 288 0 uO ac
P2 4 2 289 0 bfV ?
P2 4 2 290 0 imyC ?
P2 4 2 291 0 ptfjJ ?
P2 4 3 292 0 Q k
P2 4 3 293 0 Xd ?
P2 4 3 294 0 Eko ?
P2 4 3 295 0 Lrvh ?
P2 4 5 296 0 Sy my
P2 4 5 297 0 Zfj ?
P2 4 5 298 0 Gcmq ?
P2 4 5 299 0 Njntx ?
P2 5 0 300 0 ua mi
P2 5 0 301 0 lhb ?
P2 5 0 302 0 soie ?
P2 5 0 303 0 zvppl ?
P2 5 1 304 0 ccw wkq
P2 5 1 305 0 ddjn ?
P2 5 1 306 0 ggkqu ?
P2 5 1 307 0 bbnrrx ?
P2 5 2 308 0 ye qm
P2 5 2 309 0 lpf ?
P2 5 2 310 0 mswi ?
P2 5 2 311 0 pttzd ?
P2 5 3 312 1 a a
P2 5 3 313 0 hn ?
P2 5 3 314 0 kou ?
P2 5 3 315 0 bfrv ?
P2 5 4 316 1 Ci Ci
P2 5 4 317 0 Jpt ?
P2 5 4 318 0 Amqw ?
P2 5 4 319 0 Dhtxx ?
SUM P2 2/120
P3 400 0 sh kp
P3 401 1 zop ?
P3 402 1 gvwz gvwz
P3 403 1 ncdgb ?
P3 404 0 uj mr
P3 405 1 bqr bqr
P3 406 1 ixyb ?
P3 407 1 pefid ?
SUM P3 6/8
