EP 0 x0=4 x1=4 pred=0 true=16 err=16
EP 1 x0=2 x1=3 pred=0 true=10 err=10
TRIGGER 1 winfail=2 win=2 buf=2
CONSTRUCT 1 0 NODE id=0 op=ADD p1=0 p2=9 p3=9 err_before=26 err_after=12
CONSTRUCT 1 1 NODE id=1 op=ADD p1=0 p2=0 p3=0 err_before=12 err_after=2
STALL 1 nodes=3 buf_err=2
EP 2 x0=3 x1=4 pred=16 true=14 err=2
EP 3 x0=2 x1=2 pred=8 true=8 err=0
EP 4 x0=4 x1=4 pred=16 true=16 err=0
EP 5 x0=3 x1=2 pred=8 true=10 err=2
TRIGGER 5 winfail=2 win=4 buf=6
STALL 5 nodes=3 buf_err=6
EP 6 x0=0 x1=3 pred=12 true=6 err=6
EP 7 x0=0 x1=0 pred=0 true=0 err=0
EP 8 x0=0 x1=3 pred=12 true=6 err=6
TRIGGER 8 winfail=2 win=3 buf=8
STALL 8 nodes=3 buf_err=18
EP 9 x0=4 x1=3 pred=12 true=14 err=2
EP 10 x0=1 x1=0 pred=0 true=2 err=2
TRIGGER 10 winfail=2 win=2 buf=8
STALL 10 nodes=3 buf_err=18
EP 11 x0=3 x1=3 pred=12 true=12 err=0
EP 12 x0=2 x1=3 pred=12 true=10 err=2
EP 13 x0=2 x1=2 pred=8 true=8 err=0
EP 14 x0=3 x1=3 pred=12 true=12 err=0
EP 15 x0=3 x1=3 pred=12 true=12 err=0
EP 16 x0=3 x1=3 pred=12 true=12 err=0
EP 17 x0=3 x1=0 pred=0 true=6 err=6
TRIGGER 17 winfail=2 win=7 buf=8
STALL 17 nodes=3 buf_err=10
EP 18 x0=2 x1=0 pred=0 true=4 err=4
EP 19 x0=2 x1=2 pred=8 true=8 err=0
EP 20 x0=1 x1=4 pred=16 true=10 err=6
TRIGGER 20 winfail=2 win=3 buf=8
STALL 20 nodes=3 buf_err=16
EP 21 x0=4 x1=1 pred=4 true=10 err=6
EP 22 x0=2 x1=0 pred=0 true=4 err=4
TRIGGER 22 winfail=2 win=2 buf=8
CONSTRUCT 22 0 NODE id=2 op=ADD p1=0 p2=0 p3=8 err_before=26 err_after=24
STALL 22 nodes=4 buf_err=24
EP 23 x0=4 x1=0 pred=4 true=8 err=4
EXEC main 24
SUMMARY episodes=24 constructs=3 supersedes=0 stalls=7 main_nodes=4
