leg1|0|0|1|0|gate-first-prov
leg1|1|12|1|0|gate-reanchor
leg1|2|13|4|0|gate-chal
leg1|3|20|1|0|gate-reanchor
leg1|4|25|1|0|guard-veto:temporal
leg1|5|26|4|0|gate-chal
leg1|6|29|4|0|gate-chal
leg1|7|30|1|0|gate-reanchor
leg1|8|33|1|0|gate-reanchor
leg1|9|35|1|0|gate-reanchor
leg1|10|36|4|0|gate-chal
leg1|11|37|1|0|gate-reanchor
leg1|12|38|1|0|gate-reanchor
leg1|13|41|4|0|gate-chal
leg1|14|45|1|0|gate-reanchor
leg1|15|47|4|0|gate-chal
leg1|16|72|1|0|gate-first-prov
leg1|17|76|4|0|gate-chal
leg1|18|77|4|0|guard-veto:temporal
leg1|19|78|1|0|guard-veto:temporal
leg1|20|79|4|0|gate-chal
leg1|21|80|1|0|gate-reanchor
leg1|22|83|1|0|guard-veto:temporal
leg1|23|84|4|0|gate-chal
leg1|24|85|1|0|gate-reanchor
leg1|25|86|1|0|guard-veto:temporal
leg1|26|87|4|0|guard-veto:temporal
leg1|27|88|1|0|gate-reanchor
leg1|28|89|4|0|gate-chal
leg1|29|93|1|0|gate-reanchor
leg1|30|96|1|0|gate-first-prov
leg1|31|97|1|0|gate-reanchor
leg1|32|98|1|0|gate-reanchor
leg1|33|100|1|0|gate-reanchor
leg1|34|103|1|0|gate-reanchor
leg1|35|105|1|0|gate-reanchor
leg1|36|108|1|0|gate-reanchor
leg1|37|110|1|0|guard-veto:margin+temporal
leg1|38|111|1|0|gate-reanchor
leg1|39|113|1|0|gate-reanchor
leg1|40|115|1|0|gate-reanchor
leg1|41|116|1|0|gate-reanchor
leg1|42|118|1|0|gate-reanchor
