LI-RUN|manifest=manifest.txt
TEACH|rc=0
TEACH|LEARN|G1|INSTALLED|PASS
TEACH|LEARN|G2|INSTALLED|PASS
TEACH|LEARN|G3|INSTALLED|PASS
TEACH|LEARN|G4|INSTALLED|PASS
TEACH|LEARN|G5|INSTALLED|PASS
TEACH|LEARN|G6|INSTALLED|PASS
TEACH|LEARN|G7|REJECTED|CALIB-FAIL
TEACH|VALID|G1-G6 installed, G7 rejected
RTI1|FETCH|ok|RTI1-p1|87 sentences
RTI1|FETCH|ok|RTI1-p2|3 sentences
RTI1|FETCH|ok|RTI1-p3|3 sentences
RTI1|QUERY|prompt injection
RTI1|OPEN|RTI1-p1 RTI1-p2 RTI1-p3
RTI1|FLAG|INJECTION|RTI1-p1
RTI1|INSTALL|LI-0001|prompt injection is an attack where crafted text steers an ai.|provs=RTI1-p2,RTI1-p3
RTI2|FETCH|ok|RTI2-p1|57 sentences
RTI2|FETCH|ok|RTI2-p2|3 sentences
RTI2|FETCH|ok|RTI2-p3|3 sentences
RTI2|QUERY|common defenses against prompt injection
RTI2|OPEN|RTI2-p1 RTI2-p2 RTI2-p3
RTI2|FLAG|INJECTION|RTI2-p1
RTI2|INSTALL|LI-0002|prompt injection is an attack where crafted text steers an ai.|provs=RTI2-p2,RTI2-p3
RTF1|FETCH|ok|RTF1-p1|30 sentences
RTF1|FETCH|ok|RTF1-p2|3 sentences
RTF1|FETCH|ok|RTF1-p3|3 sentences
RTF1|QUERY|shape earth
RTF1|OPEN|RTF1-p1 RTF1-p2 RTF1-p3
RTF1|INSTALL|LI-0003|the earth has the shape of an oblate spheroid.|provs=RTF1-p2,RTF1-p3
SUMMARY|clusters=3|installed=3|withheld=0|gates=|integrity_violations=0
