real 1.04
user 0.73
sys 0.01
             1835008  maximum resident set size
                   0  average shared memory size
                   0  average unshared data size
                   0  average unshared stack size
                 277  page reclaims
                   0  page faults
                   0  swaps
                   0  block input operations
                   0  block output operations
                   0  messages sent
                   0  messages received
                   0  signals received
                   0  voluntary context switches
                2847  involuntary context switches
          6656876170  instructions retired
          2620877737  cycles elapsed
             1425720  peak memory footprint
