3d0ddf12fb370468cccbd1cb12451ac935a9df917c6b84336d8997e68508439a  CURRENT_STATUS.md
820eaa7f64d94dc92f6c836726e65091cdea5df60a8857dc8944d0a801f7a48f  README.md
2201de2cb271317456fa55b310afd56227a7fc13a5857768082e61795e1d03d8  datasets/legacy_claim_corrections.json
82f815836db620d5dd1da3be639a75d99443f84c56dcf53076345e0e9ca3ef2f  datasets/legacy_real_web_claims.json
8dc63554b1c0c013843cd81717e5be17008aec18768c8ba37c130aeb695fc32b  datasets/official_web_evidence.json
f06282a6434a0af248e8ccf959c589e606dbfc278f2670e6bcfdf249ab470bed  docs/BETA_GATE_IMPACT.md
95155cee144a787e53bac07d2c2b3e517c40d2b63f72ade535e91eb25a247115  docs/FAILURE_ATLAS.md
8b8d9090981112a4ff2a1b0888539650f66d4c41c883d7b5e32168a735de2d0b  docs/FIBER_RESOURCE_AND_MEMORY.md
57bb2dc2f8e6b8e64919d321a2e4aacc3ffbc0bd293ffc55b42372e371479d2d  docs/NATIVE_STATUS.md
34838a26509c579be6c11348066a67eafd3039930fd408772b7a25aaeac3e53b  docs/PERIPHERAL_ADAPTIVE_MICROCIRCUITS.md
df9bed57c1ba17960b3b5410bfc38074485f065fe639e036461065b17dfc7e62  docs/RESEARCH_REPORT.md
0ecf6da7307f495793e1db3e00d548da702cafd6feeddc4f68f876e7d3f74897  docs/STATE_CONTINUOUS_DEVELOPMENT.md
c9ce2807433d1b7f57f05f84031802aa7741cd3171776dd7b1fb152c7036d0aa  docs/TEACHER_AND_SEARCH_EPISTEMICS.md
dddfb7dab6d98e171dce828cf522d0604d077fbd1aae9b414f08dd206d116d8b  docs/TECHNIQUE_GLOSSARY.md
00125c02da31734110cbdc7797adff032e2b463b6f373d7e81e61d63209b23ec  docs/TRAINING_DATA_VARIATIONS.md
1f505b3dd04748fadb28bc6c001df59ac5f2aa82e521eedb321010b0eab60de3  evaluators/run_extended_research.py
a670d81497577e7c556fdd716c50ba996edb0f390a874fe1d6c9784fe222c0c6  evaluators/run_research.py
d2a175f4dee205a3bcdd3adca36712af0dcd7c7ef86718885c32516fc752d5f5  registries/experiment_registry.csv
351da8ef3815fe7325953baf3342cee448656a9f6709bd5075228fa12ee250db  registries/stage_gates.csv
5ddd9a17cdee8f789d95efbc4f1d6c31687acc0f0d58f4650dcee601096f5040  registries/technique_glossary.csv
e70a20d40b8886d4f5793eb62db44f433d10475548c1aacd3fa51a261176fe21  results/evaluator/baseline-data_variations.csv
5de8e00015e641fdef7b8086965b822de9550fcc3017570db109980160af3ce7  results/evaluator/baseline-fiber_resources.csv
60b2dcb5ea966f06c2b3ff3b317d5275eb0a1f57587ffe80040d12ef589e657e  results/evaluator/baseline-peripheral_senses.csv
b7660f003f0c847d210e4205fd4af02df26601adb4ddbc7ced9940524623004b  results/evaluator/baseline-promotion_checks.json
26dd8de36e84fd4e366a9151934bf08956a3f554db72f185f33ebd2a2176fb63  results/evaluator/baseline-run-1.log
e3b0c44298fc1c149afbf4c8996fb92427ae41e4649b934ca495991b7852b855  results/evaluator/baseline-run-2.log
ef7d830ddadd95dbae80c74e7fd2916291139d95d5b90b66650b0dc7e28a2c21  results/evaluator/baseline-shared_tool_state.csv
536f7f159711298ebb0064fdb94279f298aff24e6a7a2082a913fbc0d75cfddf  results/evaluator/baseline-summary.json
3f310db692974e2529223d715b25f5be2a9684070643ea695a7d0969a7699a40  results/evaluator/baseline-web_teacher_search.csv
e70a20d40b8886d4f5793eb62db44f433d10475548c1aacd3fa51a261176fe21  results/evaluator/data_variations.csv
27346dbea18993cc285ea5b53ba091d29f25cbd298cceda73ac8f3f2bf38121b  results/evaluator/deterministic_fingerprint.txt
f7a78d2131fe27447029bcf4e2ba88c9eb7e1c413921df40a5963182cee53495  results/evaluator/extended_checks.json
9f4e6b7686b75b086c658417b8305e419a11bb9f51eabd1333a3a553eca73dea  results/evaluator/extended_summary.json
5de8e00015e641fdef7b8086965b822de9550fcc3017570db109980160af3ce7  results/evaluator/fiber_resources.csv
60b2dcb5ea966f06c2b3ff3b317d5275eb0a1f57587ffe80040d12ef589e657e  results/evaluator/peripheral_senses.csv
5268083999cdbab12c5553dcb86c5311ed1a8f9bb6d1222329dac41ca3e9ab47  results/evaluator/query_search_v2.csv
6bfe5cb0d1c26f7c13ba331385186e585802c22ff0c5020f8f5c1ac60ea9c04a  results/evaluator/resource_explanations.csv
00b46d9b641d9bde935e309e50a342e93752d45e6c6d6a475c83c5cd561f87c1  results/evaluator/run-fixed-2.log
30a3a3419369f62063622651af3ca37ef62a8ddb01eba979925f2603f63c57bc  results/evaluator/run-fixed.log
ef7d830ddadd95dbae80c74e7fd2916291139d95d5b90b66650b0dc7e28a2c21  results/evaluator/shared_tool_state.csv
0c568b45880e029a63aee917b1fb5d1898622609b287dcb5f3caf60fbe265deb  results/evaluator/state_continuity.csv
3f310db692974e2529223d715b25f5be2a9684070643ea695a7d0969a7699a40  results/evaluator/web_teacher_search_v1.csv
6ad9a4d52723faac815ec61d3e50a3a7bd8819aedb4dc420bc77b772c86ed776  results/native/build-record.json
c2800f20a2ecdea37b73b0944c57e6b852e69f1417f83887fc9d89a3e3525da6  results/native/compiler-sha256.txt
303becdd89dda0c490373ab065b097dffb1b6354b31f2a518b73a3a3284bee27  results/native/metrics.csv
46b4220d77bdb3b97915d922006b7d3fe99e76b89d84aaaa6b9309138a61561c  results/native/native-build-summary.txt
bdfb08984b6b8ab571c617c6ed22517b66503e57499c728b63d76e562ba5c8f8  results/native/source-sha256.txt
27b3cc30fba05038e497c8a8a7c2496227fef30edc7a53a078cfcdb181a7ef3f  results/source-audit.json
482b2d96a5f41c5db4dbbca18f12f2b8186e6331d0fd04cef38a01d40f0f10d7  scripts/build_native.sh
420d92489da4430ae67769db609f2883a7bdafed1eeca5cead36304bac42fa8d  scripts/verify_evaluator.sh
33ec7e4db30cca48e860f92c76b899ba8308908de4cf9915c4befe48541da394  scripts/verify_package.py
a85c0cbb6d39ec9798990e003c452419fd1f0623e5fd2ad6049626506f30f830  src/data_epistemics.zag
45eb18e89228ce5cf5d232b66dc9a90be81d99595d47565fe723afe339051069  src/evidence_logic_web.zag
377c2608d9bda568a738fff529d1d86bfa4efbc4c604bf8e94072c6cd7441244  src/fiber_resources.zag
b8f2c1ba535d10aca0d28fe8d32a28f2c36bf6652b31211e0969221a00ccd56a  src/peripheral_senses.zag
addd6e95445dfc502cef679b1c0bcc385897b7ce8c0776409af3541d7fe32dba  src/tnn_next_stage.zag
46b6bc3f3d2ead9441e559f628ae376c0f8adf8e1ec1b950999fafb90278bef6  src/web_teacher_epistemics.zag
