== static: no RNG anywhere in driver/counter ==
PASS: no-rng
== static: vendored substrate byte-identical to wave10/debate-norecord ==
PASS: st-core-identical
PASS: cl-identical
PASS: bare-imports
== compile ==
znc: wrote native binary harness_bin (164966 bytes main, 0 external tools)
PASS: compile
== harness code: 200 dry-run episodes x2 (byte-identical reruns) ==
PASS: code-deterministic
== harness english: 200 dry-run episodes x2 (byte-identical reruns) ==
PASS: english-deterministic
== harness messy: 200 dry-run episodes x2 (byte-identical reruns) ==
PASS: messy-deterministic
== prereg bars from transcript (independent of in-Zag checks) ==
PASS: code-200eps
PASS: code-ep-lines
PASS: code-k1-zag
PASS: code-no-other
PASS: code-verify-ok
PASS: code-kill-ok
PASS: code-k1-indep-max-768-le-4096
PASS: code-bytes-eq-entries-x64
PASS: code-class-sum-eq-entries
PASS: english-200eps
PASS: english-ep-lines
PASS: english-k1-zag
PASS: english-no-other
PASS: english-verify-ok
PASS: english-kill-ok
PASS: english-k1-indep-max-640-le-4096
PASS: english-bytes-eq-entries-x64
PASS: english-class-sum-eq-entries
PASS: messy-200eps
PASS: messy-ep-lines
PASS: messy-k1-zag
PASS: messy-no-other
PASS: messy-verify-ok
PASS: messy-kill-ok
PASS: messy-k1-indep-max-768-le-4096
PASS: messy-bytes-eq-entries-x64
PASS: messy-class-sum-eq-entries
== RESULT: pass=35 fail=0 ==
