znc: warning: zagd unavailable; foreground compilation continues without background planning
warning[A0102]: ignored return value of `link_edge` — result is discarded
  --> ph_ctl_full.zag:297
   = note: in function `ev_teach`: this function returns a non-void value that is discarded
   = hint: bind the result to a `let` and use it, or add `// znc:allow A0102` to suppress
warning[A0102]: ignored return value of `link_edge` — result is discarded
  --> ph_ctl_full.zag:297
   = note: in function `ev_teach`: this function returns a non-void value that is discarded
   = hint: bind the result to a `let` and use it, or add `// znc:allow A0102` to suppress
warning[A0102]: ignored return value of `link_edge` — result is discarded
  --> ph_ctl_full.zag:310
   = note: in function `ev_teach_in`: this function returns a non-void value that is discarded
   = hint: bind the result to a `let` and use it, or add `// znc:allow A0102` to suppress
warning[A0102]: ignored return value of `link_edge` — result is discarded
  --> ph_ctl_full.zag:318
   = note: in function `seq_link`: this function returns a non-void value that is discarded
   = hint: bind the result to a `let` and use it, or add `// znc:allow A0102` to suppress
warning[A0102]: ignored return value of `link_edge` — result is discarded
  --> ph_ctl_full.zag:363
   = note: in function `t2_asm_chain`: this function returns a non-void value that is discarded
   = hint: bind the result to a `let` and use it, or add `// znc:allow A0102` to suppress
warning[A0102]: ignored return value of `link_edge` — result is discarded
  --> ph_ctl_full.zag:379
   = note: in function `t2_asm_count`: this function returns a non-void value that is discarded
   = hint: bind the result to a `let` and use it, or add `// znc:allow A0102` to suppress
warning[A0102]: ignored return value of `link_edge` — result is discarded
  --> ph_ctl_full.zag:533
   = note: in function `promote_graph`: this function returns a non-void value that is discarded
   = hint: bind the result to a `let` and use it, or add `// znc:allow A0102` to suppress
warning[A0102]: ignored return value of `link_edge` — result is discarded
  --> ph_ctl_full.zag:533
   = note: in function `promote_graph`: this function returns a non-void value that is discarded
   = hint: bind the result to a `let` and use it, or add `// znc:allow A0102` to suppress
warning[A0102]: ignored return value of `link_edge` — result is discarded
  --> ph_ctl_full.zag:533
   = note: in function `promote_graph`: this function returns a non-void value that is discarded
   = hint: bind the result to a `let` and use it, or add `// znc:allow A0102` to suppress
warning[A0102]: ignored return value of `link_edge` — result is discarded
  --> ph_ctl_full.zag:533
   = note: in function `promote_graph`: this function returns a non-void value that is discarded
   = hint: bind the result to a `let` and use it, or add `// znc:allow A0102` to suppress
warning[A0102]: ignored return value of `ev_teach_in` — result is discarded
  --> ph_ctl_full.zag:533
   = note: in function `promote_graph`: this function returns a non-void value that is discarded
   = hint: bind the result to a `let` and use it, or add `// znc:allow A0102` to suppress
warning[A0102]: ignored return value of `link_edge` — result is discarded
  --> ph_ctl_full.zag:578
   = note: in function `contradict_map`: this function returns a non-void value that is discarded
   = hint: bind the result to a `let` and use it, or add `// znc:allow A0102` to suppress
warning[A0102]: ignored return value of `promote_graph` — result is discarded
  --> ph_ctl_full.zag:586
   = note: in function `t2_trial`: this function returns a non-void value that is discarded
   = hint: bind the result to a `let` and use it, or add `// znc:allow A0102` to suppress
warning[A0102]: ignored return value of `promote_graph` — result is discarded
  --> ph_ctl_full.zag:586
   = note: in function `t2_trial`: this function returns a non-void value that is discarded
   = hint: bind the result to a `let` and use it, or add `// znc:allow A0102` to suppress
warning[A0102]: ignored return value of `promote_graph` — result is discarded
  --> ph_ctl_full.zag:586
   = note: in function `t2_trial`: this function returns a non-void value that is discarded
   = hint: bind the result to a `let` and use it, or add `// znc:allow A0102` to suppress
warning[A0102]: ignored return value of `promote_graph` — result is discarded
  --> ph_ctl_full.zag:586
   = note: in function `t2_trial`: this function returns a non-void value that is discarded
   = hint: bind the result to a `let` and use it, or add `// znc:allow A0102` to suppress
warning[A0102]: ignored return value of `t2_revise_graph` — result is discarded
  --> ph_ctl_full.zag:685
   = note: in function `revise_on_contradict`: this function returns a non-void value that is discarded
   = hint: bind the result to a `let` and use it, or add `// znc:allow A0102` to suppress
warning[A0102]: ignored return value of `link_edge` — result is discarded
  --> ph_ctl_full.zag:706
   = note: in function `t2_revise_graph`: this function returns a non-void value that is discarded
   = hint: bind the result to a `let` and use it, or add `// znc:allow A0102` to suppress
warning[A0102]: ignored return value of `link_edge` — result is discarded
  --> ph_ctl_full.zag:706
   = note: in function `t2_revise_graph`: this function returns a non-void value that is discarded
   = hint: bind the result to a `let` and use it, or add `// znc:allow A0102` to suppress
warning[A0102]: ignored return value of `ev_teach_in` — result is discarded
  --> ph_ctl_full.zag:706
   = note: in function `t2_revise_graph`: this function returns a non-void value that is discarded
   = hint: bind the result to a `let` and use it, or add `// znc:allow A0102` to suppress
warning[A0102]: ignored return value of `link_edge` — result is discarded
  --> ph_ctl_full.zag:753
   = note: in function `k_get`: this function returns a non-void value that is discarded
   = hint: bind the result to a `let` and use it, or add `// znc:allow A0102` to suppress
warning[A0102]: ignored return value of `link_edge` — result is discarded
  --> ph_ctl_full.zag:763
   = note: in function `bootstrap_miss`: this function returns a non-void value that is discarded
   = hint: bind the result to a `let` and use it, or add `// znc:allow A0102` to suppress
warning[A0102]: ignored return value of `link_edge` — result is discarded
  --> ph_ctl_full.zag:763
   = note: in function `bootstrap_miss`: this function returns a non-void value that is discarded
   = hint: bind the result to a `let` and use it, or add `// znc:allow A0102` to suppress
warning[A0102]: ignored return value of `link_edge` — result is discarded
  --> ph_ctl_full.zag:763
   = note: in function `bootstrap_miss`: this function returns a non-void value that is discarded
   = hint: bind the result to a `let` and use it, or add `// znc:allow A0102` to suppress
warning[A0102]: ignored return value of `ev_teach_in` — result is discarded
  --> ph_ctl_full.zag:763
   = note: in function `bootstrap_miss`: this function returns a non-void value that is discarded
   = hint: bind the result to a `let` and use it, or add `// znc:allow A0102` to suppress
warning[A0102]: ignored return value of `link_edge` — result is discarded
  --> ph_ctl_full.zag:795
   = note: in function `miss_inquire`: this function returns a non-void value that is discarded
   = hint: bind the result to a `let` and use it, or add `// znc:allow A0102` to suppress
warning[A0102]: ignored return value of `link_edge` — result is discarded
  --> ph_ctl_full.zag:795
   = note: in function `miss_inquire`: this function returns a non-void value that is discarded
   = hint: bind the result to a `let` and use it, or add `// znc:allow A0102` to suppress
warning[A0102]: ignored return value of `link_edge` — result is discarded
  --> ph_ctl_full.zag:813
   = note: in function `ev_query`: this function returns a non-void value that is discarded
   = hint: bind the result to a `let` and use it, or add `// znc:allow A0102` to suppress
warning[A0102]: ignored return value of `link_edge` — result is discarded
  --> ph_ctl_full.zag:813
   = note: in function `ev_query`: this function returns a non-void value that is discarded
   = hint: bind the result to a `let` and use it, or add `// znc:allow A0102` to suppress
warning[A0102]: ignored return value of `link_edge` — result is discarded
  --> ph_ctl_full.zag:836
   = note: in function `ev_observe`: this function returns a non-void value that is discarded
   = hint: bind the result to a `let` and use it, or add `// znc:allow A0102` to suppress
warning[A0102]: ignored return value of `link_edge` — result is discarded
  --> ph_ctl_full.zag:836
   = note: in function `ev_observe`: this function returns a non-void value that is discarded
   = hint: bind the result to a `let` and use it, or add `// znc:allow A0102` to suppress
warning[A0102]: ignored return value of `link_edge` — result is discarded
  --> ph_ctl_full.zag:836
   = note: in function `ev_observe`: this function returns a non-void value that is discarded
   = hint: bind the result to a `let` and use it, or add `// znc:allow A0102` to suppress
warning[A0102]: ignored return value of `link_edge` — result is discarded
  --> ph_ctl_full.zag:836
   = note: in function `ev_observe`: this function returns a non-void value that is discarded
   = hint: bind the result to a `let` and use it, or add `// znc:allow A0102` to suppress
warning[A0102]: ignored return value of `ev_teach_in` — result is discarded
  --> ph_ctl_full.zag:836
   = note: in function `ev_observe`: this function returns a non-void value that is discarded
   = hint: bind the result to a `let` and use it, or add `// znc:allow A0102` to suppress
warning[A0102]: ignored return value of `link_edge` — result is discarded
  --> ph_ctl_full.zag:859
   = note: in function `ev_act`: this function returns a non-void value that is discarded
   = hint: bind the result to a `let` and use it, or add `// znc:allow A0102` to suppress
warning[A0102]: ignored return value of `ev_teach` — result is discarded
  --> ph_ctl_full.zag:1024
   = note: in function `ph_run`: this function returns a non-void value that is discarded
   = hint: bind the result to a `let` and use it, or add `// znc:allow A0102` to suppress
warning[A0102]: ignored return value of `ev_teach` — result is discarded
  --> ph_ctl_full.zag:1024
   = note: in function `ph_run`: this function returns a non-void value that is discarded
   = hint: bind the result to a `let` and use it, or add `// znc:allow A0102` to suppress
warning[A0102]: ignored return value of `ev_teach` — result is discarded
  --> ph_ctl_full.zag:1024
   = note: in function `ph_run`: this function returns a non-void value that is discarded
   = hint: bind the result to a `let` and use it, or add `// znc:allow A0102` to suppress
warning[A0102]: ignored return value of `ev_teach` — result is discarded
  --> ph_ctl_full.zag:1024
   = note: in function `ph_run`: this function returns a non-void value that is discarded
   = hint: bind the result to a `let` and use it, or add `// znc:allow A0102` to suppress
warning[A0102]: ignored return value of `ev_teach` — result is discarded
  --> ph_ctl_full.zag:1024
   = note: in function `ph_run`: this function returns a non-void value that is discarded
   = hint: bind the result to a `let` and use it, or add `// znc:allow A0102` to suppress
warning[A0102]: ignored return value of `ev_teach` — result is discarded
  --> ph_ctl_full.zag:1024
   = note: in function `ph_run`: this function returns a non-void value that is discarded
   = hint: bind the result to a `let` and use it, or add `// znc:allow A0102` to suppress
warning[A0102]: ignored return value of `ev_teach` — result is discarded
  --> ph_ctl_full.zag:1024
   = note: in function `ph_run`: this function returns a non-void value that is discarded
   = hint: bind the result to a `let` and use it, or add `// znc:allow A0102` to suppress
warning[A0102]: ignored return value of `ev_teach` — result is discarded
  --> ph_ctl_full.zag:1024
   = note: in function `ph_run`: this function returns a non-void value that is discarded
   = hint: bind the result to a `let` and use it, or add `// znc:allow A0102` to suppress
warning[A0102]: ignored return value of `ev_teach` — result is discarded
  --> ph_ctl_full.zag:1024
   = note: in function `ph_run`: this function returns a non-void value that is discarded
   = hint: bind the result to a `let` and use it, or add `// znc:allow A0102` to suppress
warning[A0102]: ignored return value of `ev_teach` — result is discarded
  --> ph_ctl_full.zag:1024
   = note: in function `ph_run`: this function returns a non-void value that is discarded
   = hint: bind the result to a `let` and use it, or add `// znc:allow A0102` to suppress
warning[A0102]: ignored return value of `ev_teach` — result is discarded
  --> ph_ctl_full.zag:1024
   = note: in function `ph_run`: this function returns a non-void value that is discarded
   = hint: bind the result to a `let` and use it, or add `// znc:allow A0102` to suppress
warning[A0102]: ignored return value of `ev_teach` — result is discarded
  --> ph_ctl_full.zag:1024
   = note: in function `ph_run`: this function returns a non-void value that is discarded
   = hint: bind the result to a `let` and use it, or add `// znc:allow A0102` to suppress
warning[A0102]: ignored return value of `ev_teach` — result is discarded
  --> ph_ctl_full.zag:1024
   = note: in function `ph_run`: this function returns a non-void value that is discarded
   = hint: bind the result to a `let` and use it, or add `// znc:allow A0102` to suppress
znc: analyzer found 48 issue(s) (warnings above; use --analyze-strict to fail the build, --no-analyze to silence)
