PROCESSV3,unit,0,1,0,1,0,1,0,0,2967,0,22005,1,15763,1802240
CL_CHECK,unit,0,0
CL_CHECK,supervisor_status,0,0
CL_CHECK,reaped,1,1
CL_CHECK,signal,0,0
CL_CHECK,rss_under_64MiB,1,1
CL_RESOURCE,unit,15763,1802240,2967,0
PROCESSV3,write,0,1,0,1,0,1,0,0,89,0,11448,1,5487,1671168
CL_CHECK,write,0,0
CL_CHECK,supervisor_status,0,0
CL_CHECK,reaped,1,1
CL_CHECK,signal,0,0
CL_CHECK,rss_under_64MiB,1,1
CL_RESOURCE,write,5487,1671168,89,0
PROCESSV3,reload,0,1,0,1,0,1,0,0,446,0,11548,1,5500,1703936
CL_CHECK,reload,0,0
CL_CHECK,supervisor_status,0,0
CL_CHECK,reaped,1,1
CL_CHECK,signal,0,0
CL_CHECK,rss_under_64MiB,1,1
CL_RESOURCE,reload,5500,1703936,446,0
PROCESSV3,torn,0,1,0,1,0,1,73,0,53,0,11546,1,5351,1687552
CL_CHECK,torn,73,73
CL_CHECK,supervisor_status,0,0
CL_CHECK,reaped,1,1
CL_CHECK,signal,0,0
CL_CHECK,rss_under_64MiB,1,1
CL_RESOURCE,torn,5351,1687552,53,0
PROCESSV3,torn-refusal,0,1,0,1,0,1,0,0,116,0,5933,1,4501,1540096
CL_CHECK,torn-refusal,0,0
CL_CHECK,supervisor_status,0,0
CL_CHECK,reaped,1,1
CL_CHECK,signal,0,0
CL_CHECK,rss_under_64MiB,1,1
CL_RESOURCE,torn-refusal,4501,1540096,116,0
CL_ENGINEERING_FAILURES,0
