RSI2_CFG,mode=diagnose
RSI2_BATT,id=D1,metric=4000
RSI2_BATT,id=RECALL,metric=10000
RSI2_BATT,id=COST,metric=100
RSI2_WEAKNESS,name=QUANT-TAG-BLIND,gap=6000
RSI2_CAND,op=1,sig=1,pres=1,cost=1,score=3
RSI2_CAND,op=2,sig=1,pres=1,cost=2,score=2
RSI2_CAND,op=3,sig=0,pres=1,cost=2,score=-99
RSI2_CAND,op=4,sig=0,pres=1,cost=2,score=-99
RSI2_CAND,op=5,sig=1,pres=1,cost=3,score=1
RSI2_CAND,op=6,sig=1,pres=0,cost=1,score=0
RSI2_CAND,op=7,sig=0,pres=1,cost=1,score=-99
RSI2_CAND,op=8,sig=0,pres=1,cost=3,score=-99
RSI2_FIX,ops=1+2,targets=KEY+PROBESEM,analogy=A2,discount=70,gap=6000,lo=2300,hi=6100
RSI2_FIXTEXT,OP1 CARRY-TAG quantifier M-TEACH->M-KEY plus OP2 ADD-CHECK quantifier-compatibility at M-PROBE-SEM
RSI2_WRONGFIX,op=6
RSI2_WRONGREASON,OP6 NORMALIZE-AWAY quantifier->SOME at M-TEACH: uniform keys but destroys ALL-NONE distinctions the probes require
RSI2_PRED,id=P1,target=D2,lo=2300,hi=6100
RSI2_PRED,id=P2,target=D2,lo=-2500,hi=0
RSI2_PRED,id=P3,target=RECALL,lo=-750,hi=750
RSI2_PRED,id=P4,target=COST,lo=-750,hi=750
RSI2_PRED,id=P5,target=RECALL-WRONG,lo=-750,hi=750
RSI2_LEDGER_CHECK,const_ok=1
RSI2_DIGEST,fnv1a=42524c5255e675bf
RSI2_DONE
