SCALE_CFG,mode=train,N=24000,C=24,M=1000,P=1,off=0
SCALE_TRUTH,texts=10,words_total=1332368
THRU_INSTALL,pass=1,facts=24000,ns_teach_total=1405169692,ns_truth_total=1031212212
SCALE_PASS,pass=1,taught=24000,withheld=0,clean_mastery_num=22841,clean_mastery_den=22841
THRU_EVALSWEEP,probes=24000,ns_total=182943620
SCALE_MASTERY,clean_num=22841,clean_den=22841
SCALE_MASTERY_ALL,num=22841,den=24000
SCALE_DECILE,d=0,num=2286,den=2286
SCALE_DECILE,d=1,num=2283,den=2283
SCALE_DECILE,d=2,num=2285,den=2285
SCALE_DECILE,d=3,num=2294,den=2294
SCALE_DECILE,d=4,num=2266,den=2266
SCALE_DECILE,d=5,num=2279,den=2279
SCALE_DECILE,d=6,num=2293,den=2293
SCALE_DECILE,d=7,num=2287,den=2287
SCALE_DECILE,d=8,num=2278,den=2278
SCALE_DECILE,d=9,num=2290,den=2290
SCALE_ABSORPTION,absorbed=1159,den=1159
SCALE_FLAW,famA=24,famB=24
SCALE_FLAW,famC=24,famD=24
SCALE_FLAW_TOTAL,pass=96,total=96
SCALE_OPS,add=24000,verify=24000,audit=24001,find=24000,total=96001,ops_per_fact_x1000=4000
SCALE_MEM,slot_bpf=24,index_bpf=4,audit_bpf=64,total_bpf=92,slot_chunks=6,idx_chunks=6,audit_chunks=4
SCALE_DIGEST,fnv1a=8e6238911bb7cef0
THRU_RECALL,recalls=1992000,ns_total=1416025755,sweeps=83,ns_per_recall_x1000=710856
SCALE_DONE
