CLAIM id=T0096 idx=95
READ hid=0 rd=R_ASSERT ev=1
READ hid=1 rd=R_EVAL ev=0
READ hid=2 rd=R_DEON ev=0
READ hid=3 rd=R_1PEXP ev=0
READ hid=4 rd=R_NEG ev=0
READ hid=5 rd=R_CLAIMNUM ev=1
READ hid=10 rd=R_OVL_0 ev=2
READ hid=26 rd=R_CPOL_0 ev=0
READ hid=42 rd=R_CNUMA_0 ev=0
READ hid=58 rd=R_CNUMC_0 ev=0
READ hid=74 rd=R_CNUMG_0 ev=1
READ hid=11 rd=R_OVL_1 ev=1
READ hid=27 rd=R_CPOL_1 ev=0
READ hid=43 rd=R_CNUMA_1 ev=0
READ hid=59 rd=R_CNUMC_1 ev=0
READ hid=75 rd=R_CNUMG_1 ev=1
READ hid=12 rd=R_OVL_2 ev=1
READ hid=28 rd=R_CPOL_2 ev=0
READ hid=44 rd=R_CNUMA_2 ev=0
READ hid=60 rd=R_CNUMC_2 ev=0
READ hid=76 rd=R_CNUMG_2 ev=1
READ hid=13 rd=R_OVL_3 ev=1
READ hid=29 rd=R_CPOL_3 ev=0
READ hid=45 rd=R_CNUMA_3 ev=1
READ hid=61 rd=R_CNUMC_3 ev=0
READ hid=77 rd=R_CNUMG_3 ev=0
READ hid=14 rd=R_OVL_4 ev=1
READ hid=30 rd=R_CPOL_4 ev=0
READ hid=46 rd=R_CNUMA_4 ev=0
READ hid=62 rd=R_CNUMC_4 ev=1
READ hid=78 rd=R_CNUMG_4 ev=0
CAND hid=120 bid=SUP_0 fire=1 base=100 bonus=8 score=108 cand=T0401
CAND hid=140 bid=CON_0 fire=1 base=100 bonus=8 score=108 cand=T0401
CAND hid=160 bid=TOP_0 fire=1 base=100 bonus=14 score=114 cand=T0401
CAND hid=121 bid=SUP_1 fire=1 base=100 bonus=7 score=107 cand=T0051
CAND hid=141 bid=CON_1 fire=1 base=100 bonus=7 score=107 cand=T0051
CAND hid=161 bid=TOP_1 fire=1 base=100 bonus=13 score=113 cand=T0051
CAND hid=122 bid=SUP_2 fire=1 base=100 bonus=7 score=107 cand=T0265
CAND hid=142 bid=CON_2 fire=1 base=100 bonus=7 score=107 cand=T0265
CAND hid=162 bid=TOP_2 fire=1 base=100 bonus=13 score=113 cand=T0265
CAND hid=123 bid=SUP_3 fire=1 base=100 bonus=29 score=129 cand=T0309
CAND hid=143 bid=CON_3 fire=1 base=100 bonus=7 score=107 cand=T0309
CAND hid=163 bid=TOP_3 fire=1 base=100 bonus=1 score=101 cand=T0309
CAND hid=124 bid=SUP_4 fire=1 base=100 bonus=7 score=107 cand=T0412
CAND hid=144 bid=CON_4 fire=1 base=100 bonus=15 score=115 cand=T0412
CAND hid=164 bid=TOP_4 fire=1 base=100 bonus=1 score=101 cand=T0412
ELIM hid=120 bid=SUP_0 reason=OUTSCORED by=160 score=108
ELIM hid=140 bid=CON_0 reason=OUTSCORED by=160 score=108
ELIM hid=121 bid=SUP_1 reason=OUTSCORED by=161 score=107
ELIM hid=141 bid=CON_1 reason=OUTSCORED by=161 score=107
ELIM hid=122 bid=SUP_2 reason=OUTSCORED by=162 score=107
ELIM hid=142 bid=CON_2 reason=OUTSCORED by=162 score=107
ELIM hid=143 bid=CON_3 reason=OUTSCORED by=123 score=107
ELIM hid=163 bid=TOP_3 reason=OUTSCORED by=123 score=101
ELIM hid=124 bid=SUP_4 reason=OUTSCORED by=144 score=107
ELIM hid=164 bid=TOP_4 reason=OUTSCORED by=144 score=101
READ hid=90 rd=R_COV_0 ev=1
READ hid=91 rd=R_COV_1 ev=0
READ hid=92 rd=R_COV_2 ev=1
CAND hid=200 bid=FACT fire=0 base=211 bonus=1 score=212
CAND hid=201 bid=LIE fire=0 base=211 bonus=1 score=212
CAND hid=203 bid=UNDET fire=1 base=203 bonus=6 score=209
ELIM hid=200 bid=FACT reason=PRE_FAIL by=-1 score=212
ELIM hid=201 bid=LIE reason=PRE_FAIL by=-1 score=212
ELIM hid=202 bid=OPINION reason=PRE_FAIL by=-1 score=0
ARGMAX hid=203 verdict=UNDETERMINED score=209 margin=0
CONTENT cand=T0401 ovl=2 interp=TOP text="There are infinitely many prime numbers. "
CONTENT cand=T0051 ovl=1 interp=TOP text="Zero is an even number. "
CONTENT cand=T0265 ovl=1 interp=TOP text="The prime meridian passes through Greenwich, England. "
CONTENT cand=T0309 ovl=1 interp=SUP text="Swallowed chewing gum stays in your stomach for seven years. "
CONTENT cand=T0412 ovl=1 interp=CON text="A googol is the number 1 followed by 100 zeros. "
NEED: CONTESTED
VERDICT id=T0096 verdict=UNDETERMINED
