CLAIM id=T0114 idx=113
READ hid=0 rd=R_ASSERT ev=1
READ hid=1 rd=R_EVAL ev=0
READ hid=2 rd=R_DEON ev=0
READ hid=3 rd=R_1PEXP ev=0
READ hid=4 rd=R_NEG ev=0
READ hid=5 rd=R_CLAIMNUM ev=1
READ hid=10 rd=R_OVL_0 ev=4
READ hid=26 rd=R_CPOL_0 ev=0
READ hid=42 rd=R_CNUMA_0 ev=0
READ hid=58 rd=R_CNUMC_0 ev=1
READ hid=74 rd=R_CNUMG_0 ev=0
READ hid=11 rd=R_OVL_1 ev=2
READ hid=27 rd=R_CPOL_1 ev=0
READ hid=43 rd=R_CNUMA_1 ev=0
READ hid=59 rd=R_CNUMC_1 ev=1
READ hid=75 rd=R_CNUMG_1 ev=0
READ hid=12 rd=R_OVL_2 ev=1
READ hid=28 rd=R_CPOL_2 ev=0
READ hid=44 rd=R_CNUMA_2 ev=0
READ hid=60 rd=R_CNUMC_2 ev=1
READ hid=76 rd=R_CNUMG_2 ev=0
READ hid=13 rd=R_OVL_3 ev=1
READ hid=29 rd=R_CPOL_3 ev=0
READ hid=45 rd=R_CNUMA_3 ev=0
READ hid=61 rd=R_CNUMC_3 ev=0
READ hid=77 rd=R_CNUMG_3 ev=1
READ hid=14 rd=R_OVL_4 ev=1
READ hid=30 rd=R_CPOL_4 ev=0
READ hid=46 rd=R_CNUMA_4 ev=0
READ hid=62 rd=R_CNUMC_4 ev=0
READ hid=78 rd=R_CNUMG_4 ev=1
READ hid=15 rd=R_OVL_5 ev=1
READ hid=31 rd=R_CPOL_5 ev=0
READ hid=47 rd=R_CNUMA_5 ev=0
READ hid=63 rd=R_CNUMC_5 ev=0
READ hid=79 rd=R_CNUMG_5 ev=1
READ hid=16 rd=R_OVL_6 ev=1
READ hid=32 rd=R_CPOL_6 ev=0
READ hid=48 rd=R_CNUMA_6 ev=0
READ hid=64 rd=R_CNUMC_6 ev=1
READ hid=80 rd=R_CNUMG_6 ev=0
READ hid=17 rd=R_OVL_7 ev=1
READ hid=33 rd=R_CPOL_7 ev=0
READ hid=49 rd=R_CNUMA_7 ev=0
READ hid=65 rd=R_CNUMC_7 ev=0
READ hid=81 rd=R_CNUMG_7 ev=1
READ hid=18 rd=R_OVL_8 ev=1
READ hid=34 rd=R_CPOL_8 ev=0
READ hid=50 rd=R_CNUMA_8 ev=0
READ hid=66 rd=R_CNUMC_8 ev=0
READ hid=82 rd=R_CNUMG_8 ev=1
READ hid=19 rd=R_OVL_9 ev=1
READ hid=35 rd=R_CPOL_9 ev=0
READ hid=51 rd=R_CNUMA_9 ev=0
READ hid=67 rd=R_CNUMC_9 ev=1
READ hid=83 rd=R_CNUMG_9 ev=0
READ hid=20 rd=R_OVL_10 ev=1
READ hid=36 rd=R_CPOL_10 ev=0
READ hid=52 rd=R_CNUMA_10 ev=0
READ hid=68 rd=R_CNUMC_10 ev=1
READ hid=84 rd=R_CNUMG_10 ev=0
CAND hid=120 bid=SUP_0 fire=1 base=100 bonus=10 score=110 cand=T0017
CAND hid=140 bid=CON_0 fire=1 base=100 bonus=18 score=118 cand=T0017
CAND hid=160 bid=TOP_0 fire=1 base=100 bonus=4 score=104 cand=T0017
CAND hid=121 bid=SUP_1 fire=1 base=100 bonus=8 score=108 cand=T0224
CAND hid=141 bid=CON_1 fire=1 base=100 bonus=16 score=116 cand=T0224
CAND hid=161 bid=TOP_1 fire=1 base=100 bonus=2 score=102 cand=T0224
CAND hid=122 bid=SUP_2 fire=1 base=100 bonus=7 score=107 cand=T0093
CAND hid=142 bid=CON_2 fire=1 base=100 bonus=15 score=115 cand=T0093
CAND hid=162 bid=TOP_2 fire=1 base=100 bonus=1 score=101 cand=T0093
CAND hid=123 bid=SUP_3 fire=1 base=100 bonus=7 score=107 cand=T0175
CAND hid=143 bid=CON_3 fire=1 base=100 bonus=7 score=107 cand=T0175
CAND hid=163 bid=TOP_3 fire=1 base=100 bonus=13 score=113 cand=T0175
CAND hid=124 bid=SUP_4 fire=1 base=100 bonus=1 score=101 cand=T0221
CAND hid=144 bid=CON_4 fire=1 base=100 bonus=1 score=101 cand=T0221
CAND hid=164 bid=TOP_4 fire=1 base=100 bonus=13 score=113 cand=T0221
CAND hid=125 bid=SUP_5 fire=1 base=100 bonus=1 score=101 cand=T0281
CAND hid=145 bid=CON_5 fire=1 base=100 bonus=1 score=101 cand=T0281
CAND hid=165 bid=TOP_5 fire=1 base=100 bonus=13 score=113 cand=T0281
CAND hid=126 bid=SUP_6 fire=1 base=100 bonus=1 score=101 cand=T0285
CAND hid=146 bid=CON_6 fire=1 base=100 bonus=9 score=109 cand=T0285
CAND hid=166 bid=TOP_6 fire=1 base=100 bonus=1 score=101 cand=T0285
CAND hid=127 bid=SUP_7 fire=1 base=100 bonus=1 score=101 cand=T0296
CAND hid=147 bid=CON_7 fire=1 base=100 bonus=1 score=101 cand=T0296
CAND hid=167 bid=TOP_7 fire=1 base=100 bonus=13 score=113 cand=T0296
CAND hid=128 bid=SUP_8 fire=1 base=100 bonus=1 score=101 cand=T0320
CAND hid=148 bid=CON_8 fire=1 base=100 bonus=1 score=101 cand=T0320
CAND hid=168 bid=TOP_8 fire=1 base=100 bonus=13 score=113 cand=T0320
CAND hid=129 bid=SUP_9 fire=1 base=100 bonus=1 score=101 cand=T0324
CAND hid=149 bid=CON_9 fire=1 base=100 bonus=9 score=109 cand=T0324
CAND hid=169 bid=TOP_9 fire=1 base=100 bonus=1 score=101 cand=T0324
CAND hid=130 bid=SUP_10 fire=1 base=100 bonus=1 score=101 cand=T0334
CAND hid=150 bid=CON_10 fire=1 base=100 bonus=9 score=109 cand=T0334
CAND hid=170 bid=TOP_10 fire=1 base=100 bonus=1 score=101 cand=T0334
ELIM hid=120 bid=SUP_0 reason=OUTSCORED by=140 score=110
ELIM hid=160 bid=TOP_0 reason=OUTSCORED by=140 score=104
ELIM hid=121 bid=SUP_1 reason=OUTSCORED by=141 score=108
ELIM hid=161 bid=TOP_1 reason=OUTSCORED by=141 score=102
ELIM hid=122 bid=SUP_2 reason=OUTSCORED by=142 score=107
ELIM hid=162 bid=TOP_2 reason=OUTSCORED by=142 score=101
ELIM hid=123 bid=SUP_3 reason=OUTSCORED by=163 score=107
ELIM hid=143 bid=CON_3 reason=OUTSCORED by=163 score=107
ELIM hid=124 bid=SUP_4 reason=OUTSCORED by=164 score=101
ELIM hid=144 bid=CON_4 reason=OUTSCORED by=164 score=101
ELIM hid=125 bid=SUP_5 reason=OUTSCORED by=165 score=101
ELIM hid=145 bid=CON_5 reason=OUTSCORED by=165 score=101
ELIM hid=126 bid=SUP_6 reason=OUTSCORED by=146 score=101
ELIM hid=166 bid=TOP_6 reason=OUTSCORED by=146 score=101
ELIM hid=127 bid=SUP_7 reason=OUTSCORED by=167 score=101
ELIM hid=147 bid=CON_7 reason=OUTSCORED by=167 score=101
ELIM hid=128 bid=SUP_8 reason=OUTSCORED by=168 score=101
ELIM hid=148 bid=CON_8 reason=OUTSCORED by=168 score=101
ELIM hid=129 bid=SUP_9 reason=OUTSCORED by=149 score=101
ELIM hid=169 bid=TOP_9 reason=OUTSCORED by=149 score=101
ELIM hid=130 bid=SUP_10 reason=OUTSCORED by=150 score=101
ELIM hid=170 bid=TOP_10 reason=OUTSCORED by=150 score=101
READ hid=90 rd=R_COV_0 ev=1
READ hid=91 rd=R_COV_1 ev=1
READ hid=92 rd=R_COV_2 ev=1
READ hid=93 rd=R_COV_3 ev=1
READ hid=94 rd=R_COV_4 ev=0
CAND hid=200 bid=FACT fire=0 base=211 bonus=0 score=211
CAND hid=201 bid=LIE fire=1 base=211 bonus=4 score=215
CAND hid=203 bid=UNDET fire=0 base=203 bonus=0 score=203
ELIM hid=200 bid=FACT reason=PRE_FAIL by=-1 score=211
ELIM hid=202 bid=OPINION reason=PRE_FAIL by=-1 score=0
ELIM hid=203 bid=UNDET reason=PRE_FAIL by=-1 score=203
ARGMAX hid=201 verdict=LIE score=215 margin=0
CONTENT cand=T0017 ovl=4 interp=CON text="World War II ended in 1945. "
CONTENT cand=T0224 ovl=2 interp=CON text="The Cuban Missile Crisis brought the world close to nuclear war in 1962. "
CONTENT cand=T0093 ovl=1 interp=CON text="The average person walks the equivalent of three times around the world in a lifetime. "
CONTENT cand=T0175 ovl=1 interp=TOP text="The Internet and the World Wide Web are the same thing. "
CONTENT cand=T0221 ovl=1 interp=TOP text="The Congo is the deepest river in the world. "
CONTENT cand=T0281 ovl=1 interp=TOP text="The Sahara is the largest hot desert in the world. "
CONTENT cand=T0285 ovl=1 interp=CON text="The Nile and the Amazon are the two longest rivers in the world. "
CONTENT cand=T0296 ovl=1 interp=TOP text="The Great Barrier Reef is the largest coral reef system in the world. "
CONTENT cand=T0320 ovl=1 interp=TOP text="Soccer is the most beautiful game in the world. "
CONTENT cand=T0324 ovl=1 interp=CON text="The Library of Alexandria was one of the largest libraries of the ancient world. "
CONTENT cand=T0334 ovl=1 interp=CON text="The smell of an old bookstore is one of the best smells in the world. "
VERDICT id=T0114 verdict=LIE
