CLAIM id=T0165 idx=164
READ hid=0 rd=R_ASSERT ev=0
READ hid=1 rd=R_EVAL ev=1
READ hid=2 rd=R_DEON ev=0
READ hid=3 rd=R_1PEXP ev=0
READ hid=4 rd=R_NEG ev=0
READ hid=5 rd=R_CLAIMNUM ev=0
READ hid=10 rd=R_OVL_0 ev=3
READ hid=26 rd=R_CPOL_0 ev=0
READ hid=42 rd=R_CNUMA_0 ev=1
READ hid=58 rd=R_CNUMC_0 ev=0
READ hid=74 rd=R_CNUMG_0 ev=0
READ hid=11 rd=R_OVL_1 ev=2
READ hid=27 rd=R_CPOL_1 ev=0
READ hid=43 rd=R_CNUMA_1 ev=1
READ hid=59 rd=R_CNUMC_1 ev=0
READ hid=75 rd=R_CNUMG_1 ev=0
READ hid=12 rd=R_OVL_2 ev=2
READ hid=28 rd=R_CPOL_2 ev=0
READ hid=44 rd=R_CNUMA_2 ev=1
READ hid=60 rd=R_CNUMC_2 ev=0
READ hid=76 rd=R_CNUMG_2 ev=0
READ hid=13 rd=R_OVL_3 ev=2
READ hid=29 rd=R_CPOL_3 ev=0
READ hid=45 rd=R_CNUMA_3 ev=1
READ hid=61 rd=R_CNUMC_3 ev=0
READ hid=77 rd=R_CNUMG_3 ev=0
CAND hid=120 bid=SUP_0 fire=1 base=100 bonus=13 score=113 cand=T0007
CAND hid=140 bid=CON_0 fire=1 base=100 bonus=3 score=103 cand=T0007
CAND hid=160 bid=TOP_0 fire=1 base=100 bonus=3 score=103 cand=T0007
CAND hid=121 bid=SUP_1 fire=1 base=100 bonus=12 score=112 cand=T0086
CAND hid=141 bid=CON_1 fire=1 base=100 bonus=2 score=102 cand=T0086
CAND hid=161 bid=TOP_1 fire=1 base=100 bonus=2 score=102 cand=T0086
CAND hid=122 bid=SUP_2 fire=1 base=100 bonus=12 score=112 cand=T0233
CAND hid=142 bid=CON_2 fire=1 base=100 bonus=2 score=102 cand=T0233
CAND hid=162 bid=TOP_2 fire=1 base=100 bonus=2 score=102 cand=T0233
CAND hid=123 bid=SUP_3 fire=1 base=100 bonus=18 score=118 cand=T0377
CAND hid=143 bid=CON_3 fire=1 base=100 bonus=8 score=108 cand=T0377
CAND hid=163 bid=TOP_3 fire=1 base=100 bonus=2 score=102 cand=T0377
ELIM hid=140 bid=CON_0 reason=OUTSCORED by=120 score=103
ELIM hid=160 bid=TOP_0 reason=OUTSCORED by=120 score=103
ELIM hid=141 bid=CON_1 reason=OUTSCORED by=121 score=102
ELIM hid=161 bid=TOP_1 reason=OUTSCORED by=121 score=102
ELIM hid=142 bid=CON_2 reason=OUTSCORED by=122 score=102
ELIM hid=162 bid=TOP_2 reason=OUTSCORED by=122 score=102
ELIM hid=143 bid=CON_3 reason=OUTSCORED by=123 score=108
ELIM hid=163 bid=TOP_3 reason=OUTSCORED by=123 score=102
READ hid=90 rd=R_COV_0 ev=1
READ hid=91 rd=R_COV_1 ev=1
READ hid=92 rd=R_COV_2 ev=0
READ hid=93 rd=R_COV_3 ev=0
READ hid=94 rd=R_COV_4 ev=1
CAND hid=200 bid=FACT fire=1 base=211 bonus=3 score=214
CAND hid=201 bid=LIE fire=0 base=211 bonus=0 score=211
CAND hid=203 bid=UNDET fire=0 base=203 bonus=0 score=203
ELIM hid=201 bid=LIE reason=PRE_FAIL by=-1 score=211
ELIM hid=202 bid=OPINION reason=PRE_FAIL by=-1 score=0
ELIM hid=203 bid=UNDET reason=PRE_FAIL by=-1 score=203
ARGMAX hid=200 verdict=FACT score=214 margin=0
CONTENT cand=T0007 ovl=3 interp=SUP text="The Panama Canal connects the Atlantic and Pacific Oceans. "
CONTENT cand=T0086 ovl=2 interp=SUP text="I think mountains are more impressive than oceans. "
CONTENT cand=T0233 ovl=2 interp=SUP text="The ocean heals things nothing else can. "
CONTENT cand=T0377 ovl=2 interp=SUP text="The Mariana Trench is the deepest known point in the ocean. "
VERDICT id=T0165 verdict=FACT
