6420e64c2eeff36602a617bf31fc01aed050200ceec9c6f4ee1107269c5e8c8b  context/TNN_NEXT_RUN_ARCHITECTURE_PLAN.md
d41267d4b284ffc9ba1987d74c6f83cca180f1388402229e9ba9a50ca63a8eb7  context/TNN_USER_RESEARCH_PREFERENCES.md
3eb3bfefba86c0b1ee773468f43112c7a1eaa7055a5e57cf1f921d977db661c1  context/TNN_USER_RESPONSE_LOG.md
0402be31ec2832c97b4900a140a705e2e51cc1f63d9fc3455513e7638179a4d8  docs/ARTIFACT_INDEX.json
72d6dae21ee3c41cf2980aff652946da70772975832c751e93bafecd08601e82  docs/FAILURES_AND_BOUNDARIES.md
6877c4272a91de6ae9628dc24989934c4b427fbcd62d764c7fd562705622d2d5  docs/FINAL_REPORT.md
9467c3318d8f481c9b54a9be43665ac41c7f1edd0ee856db399cabc18648ab67  docs/FINAL_STATUS.json
99fede2fca3e0bc59d385e3ce4bd6940a3e93806d7609006b11213c0f6b16b3e  docs/HARDCODING_LEDGER.md
0528bf9675b6f299d6cbaf1eb6fcd442d4170ca642805738df87ac58129a6ea1  docs/R32_HANDOFF.md
ce102fc97f9120bc827ce39e5eebcaa19dd4998fc41dc1be5f5a9c804fa9f41d  evidence/R31_ACOUSTIC_METACOG_POST100.json
35811a25de648a6ed38062547f54436b68e025eab247670ec1a51ec8a94d2e7f  evidence/R31_ACTIVE_CONSEQUENCE_PROBE_REFERENCE_ONLY.json
1ad6eeb3142883666952faf8f4ab73c08b676684db655fee90a36b5335b90d05  evidence/R31_ADAPTIVE_MICROSTATES.json
80b30e8bfc5bd1bab63ce753ef6c9d7f80662f9f9d6f7b958a16effa4867563d  evidence/R31_CHUNK_CAUSAL_ABLATION_REFERENCE_ONLY.json
450ac952f969a32f8b48e54e1995914bb7181164b429b56325988986a5d2d6e1  evidence/R31_CHUNK_DYNAMICS.json
d97e545eaa7b6a5a01df156bf942c798baac99a3cbf2aa5ccbbb0f57fb8a5557  evidence/R31_CONTRASTIVE_CHUNK_FAMILIES.json
e77596d1db7549af3022f35d263ba1aeb247753a51c660c5bd4962ef8e8abbd3  evidence/R31_DUAL_ROUTE_CHUNKS.json
05de2152af9bf6b497877b4a0bb85363d998af28803f2cfa3ee042d5b7a8d2e6  evidence/R31_INTEGRATED_LIFE_FINAL.json
a06e512eaa31ac32880fe509ae3869d71fd53e009f0c1cc4cb0d3848d8310e33  evidence/R31_INTEGRATED_V2_PART1.json
b42fe0b18e5dc2649ec2011f068f281a9a72fce9b02aef728aab1897ce49b497  evidence/R31_INTEGRATED_V2_PART2B_REFERENCE_ONLY.json
e7a015165cc1ce1ed14175771f5e3802a5891d97f59525709583ecbcd58115b4  evidence/R31_INTEGRATED_V2_PART2_REFERENCE_ONLY.json
2cdc69ef12862afc47627b65f2d4571fcbac9374bc87a92ff81588011996c80f  evidence/R31_LEARNED_PROBE_BUDGET_REFERENCE_ONLY.json
c24cd581b14a107d25092a7954226e23e93382f7d84b01d715b89b8b4ba8579d  evidence/R31_REPAIRS_NONPRIVILEGED.json
a0de70270edb1441f2507566b9cde694a0c7f8b6c3ba33c77210e72560d3d396  evidence/R31_RICH_CHUNK_REPRESENTATION.json
ed801b5da25b5c048c4766afd3d27608292ff415fa48075096881cd82f4d9126  evidence/R31_SEQUENTIAL_EVIDENCE_ABSTENTION_REFERENCE_ONLY.json
e8d85fb62144a8b88aa1c447c88f49a4cc08d7f9aeb84339609bfe845ac19ed8  evidence/R31_SOURCE_CONTRACT_V6.json
3f9f708ddc2782288aaa9d4769d5c56eb605232446a83dcaa80b23e4b5837695  evidence/R31_STATE_DEPENDENT_PROBE_POLICY_REFERENCE_ONLY.json
dcafb9ba98e108c0baf90d9efde1cfa9ea7f6180cbbf8202f29afe528ae149e6  evidence/R31_SUPPORT_GAP_ACOUSTIC_REFERENCE_ONLY.json
b93b3f29fb628cf3281651ac8e26c5380efaf4e9fa979f6d2c8fdb59631e4ae7  scripts/r31_chunk_causal_ablation.py
e94a4c02bf28626b582c1ff34f2cf22ec4dc9bc9033598cdcd54e9e5c4cc26d4  scripts/r31_conditional_probe_policy.py
02186deb48509f62b67eb8bca6ecd5a2a16af177a99f4e83e327cdddc3267714  scripts/r31_learn_probe_budget.py
d63703dbec2a65ab1888df5ccb38382bb7afe237865ce271c217104482185199  scripts/r31_postrepair_part2.py
ed270a5d02db6e7288dde6334a91b23c015b6005b7f90753f95e5787d9bcbf77  scripts/r31_postrepair_part2b.py
157a01904f930203f9c93dc9323821103bd1b6f9e5476adbe051b601e3863fb0  scripts/r31_postrepair_part2c.py
a78355a4e65c970f74172e257e5736ca05b4990d32704303e2b282aa8ff8fed1  scripts/r31_postrepair_part2d.py
603424bc01ccb37ffff1ded971333b05c7dc75778da3a4bbd0a00cd156604aa7  source/tnn_r31_endogenous_chunking.zag
