tnn-pre-v1-r4-final/
tnn-pre-v1-r4-final/src/
tnn-pre-v1-r4-final/src/cmi.h
tnn-pre-v1-r4-final/src/common.h
tnn-pre-v1-r4-final/src/cmi.c
tnn-pre-v1-r4-final/training/
tnn-pre-v1-r4-final/training/zag_query_suite.txt
tnn-pre-v1-r4-final/training/english_zag_seed.txt
tnn-pre-v1-r4-final/training/zag_v1_curriculum.txt
tnn-pre-v1-r4-final/training/zag_supported_curriculum.txt
tnn-pre-v1-r4-final/training/r3_regression_train.txt
tnn-pre-v1-r4-final/training/r3_combined_curriculum.txt
tnn-pre-v1-r4-final/training/r3_regression_query.txt
tnn-pre-v1-r4-final/apps/
tnn-pre-v1-r4-final/apps/tnn_r3_lab.c
tnn-pre-v1-r4-final/results/
tnn-pre-v1-r4-final/results/gcc/
tnn-pre-v1-r4-final/results/gcc/r276_stall_modulated_exploration.csv
tnn-pre-v1-r4-final/results/gcc/r325.csv
tnn-pre-v1-r4-final/results/gcc/r377.csv
tnn-pre-v1-r4-final/results/gcc/r350.csv
tnn-pre-v1-r4-final/results/gcc/r292.csv
tnn-pre-v1-r4-final/results/gcc/r230_factor_drift.csv
tnn-pre-v1-r4-final/results/gcc/r312_integrated_development.csv
tnn-pre-v1-r4-final/results/gcc/r312.csv
tnn-pre-v1-r4-final/results/gcc/r245_balanced_probe_selection.csv
tnn-pre-v1-r4-final/results/gcc/r360.csv
tnn-pre-v1-r4-final/results/gcc/r284_factor_scaling.csv
tnn-pre-v1-r4-final/results/gcc/r370.csv
tnn-pre-v1-r4-final/results/gcc/r301.csv
tnn-pre-v1-r4-final/results/gcc/r394.csv
tnn-pre-v1-r4-final/results/gcc/r400.csv
tnn-pre-v1-r4-final/results/gcc/r340.csv
tnn-pre-v1-r4-final/results/gcc/r390.csv
tnn-pre-v1-r4-final/results/gcc/r285.csv
tnn-pre-v1-r4-final/results/gcc/r306.csv
tnn-pre-v1-r4-final/results/gcc/r273.csv
tnn-pre-v1-r4-final/results/gcc/r279.csv
tnn-pre-v1-r4-final/results/gcc/r319.csv
tnn-pre-v1-r4-final/results/gcc/r213_active_factor_growth.csv
tnn-pre-v1-r4-final/results/gcc/r328.csv
tnn-pre-v1-r4-final/results/gcc/r251.csv
tnn-pre-v1-r4-final/results/gcc/r289.csv
tnn-pre-v1-r4-final/results/gcc/r440_grounded_dialogue_reasoning.csv
tnn-pre-v1-r4-final/results/gcc/r260_persistent_domains.csv
tnn-pre-v1-r4-final/results/gcc/r240_unreliable_probes.csv
tnn-pre-v1-r4-final/results/gcc/r380.csv
tnn-pre-v1-r4-final/results/gcc/r253.csv
tnn-pre-v1-r4-final/results/gcc/r460_contrastive_motif_induction.csv
tnn-pre-v1-r4-final/results/gcc/r272.csv
tnn-pre-v1-r4-final/results/gcc/r267.csv
tnn-pre-v1-r4-final/results/gcc/r218_nonlinear_sensorimotor.csv
tnn-pre-v1-r4-final/results/gcc/r270.csv
tnn-pre-v1-r4-final/results/gcc/r245_functional_basis.csv
tnn-pre-v1-r4-final/results/gcc/r410.csv
tnn-pre-v1-r4-final/results/gcc/r300.csv
tnn-pre-v1-r4-final/results/gcc/r290.csv
tnn-pre-v1-r4-final/results/gcc/r299.csv
tnn-pre-v1-r4-final/results/gcc/r264.csv
tnn-pre-v1-r4-final/results/gcc/r201_transition_unbinding.csv
tnn-pre-v1-r4-final/results/gcc/r258.csv
tnn-pre-v1-r4-final/results/gcc/r266.csv
tnn-pre-v1-r4-final/results/gcc/r330.csv
tnn-pre-v1-r4-final/results/gcc/r450_active_clarification.csv
tnn-pre-v1-r4-final/results/gcc/r280.csv
tnn-pre-v1-r4-final/results/gcc/r420.csv
tnn-pre-v1-r4-final/results/gcc/r430_parallel_hypotheses.csv
tnn-pre-v1-r4-final/results/gcc/r339.csv
tnn-pre-v1-r4-final/results/r3/
tnn-pre-v1-r4-final/results/r3/evidence-validation.txt
tnn-pre-v1-r4-final/results/r3/r450_active_clarification_gcc.csv
tnn-pre-v1-r4-final/results/r3/full-verify-console.txt
tnn-pre-v1-r4-final/results/r3/zag_query_clang.txt
tnn-pre-v1-r4-final/results/r3/zag_query_gcc.txt
tnn-pre-v1-r4-final/results/r3/evidence-validation-final.txt
tnn-pre-v1-r4-final/results/r3/r430_parallel_hypotheses_gcc.csv
tnn-pre-v1-r4-final/results/r3/lab_query_clang.txt
tnn-pre-v1-r4-final/results/r3/verification-summary-final.txt
tnn-pre-v1-r4-final/results/r3/final-r3-verification.txt
tnn-pre-v1-r4-final/results/r3/r440_grounded_dialogue_reasoning_clang.csv
tnn-pre-v1-r4-final/results/r3/final-evidence-validation.txt
tnn-pre-v1-r4-final/results/r3/full-sanitizer-console.txt
tnn-pre-v1-r4-final/results/r3/sanitizer-summary-final.txt
tnn-pre-v1-r4-final/results/r3/lab_train_gcc.txt
tnn-pre-v1-r4-final/results/r3/registry-build-output.json
tnn-pre-v1-r4-final/results/r3/fresh-rerun/
tnn-pre-v1-r4-final/results/r3/fresh-rerun/r450_active_clarification_gcc.csv
tnn-pre-v1-r4-final/results/r3/fresh-rerun/lab_gcc.bin
tnn-pre-v1-r4-final/results/r3/fresh-rerun/r430_parallel_hypotheses_gcc.csv
tnn-pre-v1-r4-final/results/r3/fresh-rerun/regression_gcc.bin
tnn-pre-v1-r4-final/results/r3/fresh-rerun/r440_grounded_dialogue_reasoning_clang.csv
tnn-pre-v1-r4-final/results/r3/fresh-rerun/lab_clang.txt
tnn-pre-v1-r4-final/results/r3/fresh-rerun/regression_clang.txt
tnn-pre-v1-r4-final/results/r3/fresh-rerun/regression_clang.bin
tnn-pre-v1-r4-final/results/r3/fresh-rerun/r430_parallel_hypotheses_clang.csv
tnn-pre-v1-r4-final/results/r3/fresh-rerun/regression_gcc.txt
tnn-pre-v1-r4-final/results/r3/fresh-rerun/r440_grounded_dialogue_reasoning_gcc.csv
tnn-pre-v1-r4-final/results/r3/fresh-rerun/r450_active_clarification_clang.csv
tnn-pre-v1-r4-final/results/r3/fresh-rerun/lab_clang.bin
tnn-pre-v1-r4-final/results/r3/fresh-rerun/lab_gcc.txt
tnn-pre-v1-r4-final/results/r3/sanitizer/
tnn-pre-v1-r4-final/results/r3/final-core-sha256.txt
tnn-pre-v1-r4-final/results/r3/fresh-audit.json
tnn-pre-v1-r4-final/results/r3/zag-contract-final.txt
tnn-pre-v1-r4-final/results/r3/r430_parallel_hypotheses_clang.csv
tnn-pre-v1-r4-final/results/r3/final-zag-contract.txt
tnn-pre-v1-r4-final/results/r3/r440_grounded_dialogue_reasoning_gcc.csv
tnn-pre-v1-r4-final/results/r3/zag-source-contract.txt
tnn-pre-v1-r4-final/results/r3/zag_train_gcc.txt
tnn-pre-v1-r4-final/results/r3/sanitizer-rerun/
tnn-pre-v1-r4-final/results/r3/sanitizer-rerun/lab_train.txt
tnn-pre-v1-r4-final/results/r3/sanitizer-rerun/lab_train.log
tnn-pre-v1-r4-final/results/r3/sanitizer-rerun/r440_grounded_dialogue_reasoning.csv
tnn-pre-v1-r4-final/results/r3/sanitizer-rerun/r440_grounded_dialogue_reasoning.log
tnn-pre-v1-r4-final/results/r3/sanitizer-rerun/lab_query.log
tnn-pre-v1-r4-final/results/r3/sanitizer-rerun/r430_parallel_hypotheses.log
tnn-pre-v1-r4-final/results/r3/sanitizer-rerun/lab.bin
tnn-pre-v1-r4-final/results/r3/sanitizer-rerun/lab_query.txt
tnn-pre-v1-r4-final/results/r3/sanitizer-rerun/r450_active_clarification.csv
tnn-pre-v1-r4-final/results/r3/sanitizer-rerun/r430_parallel_hypotheses.csv
tnn-pre-v1-r4-final/results/r3/sanitizer-rerun/r450_active_clarification.log
tnn-pre-v1-r4-final/results/r3/lab_query_gcc.txt
tnn-pre-v1-r4-final/results/r3/r450_active_clarification_clang.csv
tnn-pre-v1-r4-final/results/r3/zag-contract.txt
tnn-pre-v1-r4-final/results/r3/state-regenerate/
tnn-pre-v1-r4-final/results/r3/state-regenerate/regression_train_clang.txt
tnn-pre-v1-r4-final/results/r3/state-regenerate/regression_query_gcc.txt
tnn-pre-v1-r4-final/results/r3/state-regenerate/regression_train_gcc.txt
tnn-pre-v1-r4-final/results/r3/state-regenerate/regression_query_clang.txt
tnn-pre-v1-r4-final/results/r3/release-gate-console.txt
tnn-pre-v1-r4-final/results/r3/zag_train_clang.txt
tnn-pre-v1-r4-final/results/r3/sanitizer-summary.txt
tnn-pre-v1-r4-final/results/r3/summary.json
tnn-pre-v1-r4-final/results/r3/lab_train_clang.txt
tnn-pre-v1-r4-final/results/r3/final-verify-console.txt
tnn-pre-v1-r4-final/results/r3/verification-summary.txt
tnn-pre-v1-r4-final/results/r3/registry-build-output-final.json
tnn-pre-v1-r4-final/results/r4/
tnn-pre-v1-r4-final/results/r4/r460-clang.csv
tnn-pre-v1-r4-final/results/r4/registry-build.json
tnn-pre-v1-r4-final/results/r4/r3-sanitizer-standalone.log
tnn-pre-v1-r4-final/results/r4/fresh-rerun/
tnn-pre-v1-r4-final/results/r4/fresh-rerun/verification.json
tnn-pre-v1-r4-final/results/r4/fresh-rerun/r460_clang.csv
tnn-pre-v1-r4-final/results/r4/fresh-rerun/r460_gcc.csv
tnn-pre-v1-r4-final/results/r4/r460-gcc-sanitized.csv
tnn-pre-v1-r4-final/results/r4/r460-gcc.csv
tnn-pre-v1-r4-final/results/r4/r4-sanitizer-standalone.log
tnn-pre-v1-r4-final/results/r4/sanitizer-rerun/
tnn-pre-v1-r4-final/results/r4/sanitizer-rerun/r460-clang.csv
tnn-pre-v1-r4-final/results/r4/sanitizer-rerun/r460-clang.log
tnn-pre-v1-r4-final/results/r4/sanitizer-rerun/r460-gcc.csv
tnn-pre-v1-r4-final/results/r4/sanitizer-rerun/r460-gcc.log
tnn-pre-v1-r4-final/results/r4/r460-clang-sanitized.csv
tnn-pre-v1-r4-final/results/r4/sanitizer-summary.txt
tnn-pre-v1-r4-final/results/audit/
tnn-pre-v1-r4-final/results/audit/fresh-quick.tsv
tnn-pre-v1-r4-final/results/audit/differential.tsv
tnn-pre-v1-r4-final/results/audit/sanitizer.tsv
tnn-pre-v1-r4-final/results/audit/zag-contract-output.txt
tnn-pre-v1-r4-final/results/audit/fresh-quick-output-final.txt
tnn-pre-v1-r4-final/results/audit/fresh-selected.tsv
tnn-pre-v1-r4-final/results/audit/validate-output.txt
tnn-pre-v1-r4-final/results/audit/sanitizer-output.txt
tnn-pre-v1-r4-final/results/audit/fresh-quick-output.txt
tnn-pre-v1-r4-final/results/audit/verify-quick-console.txt
tnn-pre-v1-r4-final/results/audit/sanitizer-output-final.txt
tnn-pre-v1-r4-final/results/sanitizer/
tnn-pre-v1-r4-final/results/sanitizer/r213_active_factor_growth.sha256
tnn-pre-v1-r4-final/results/sanitizer/r420_real_byte_state.log
tnn-pre-v1-r4-final/results/sanitizer/r319_grounded_relations.log
tnn-pre-v1-r4-final/results/sanitizer/r410_visual_persistence.csv
tnn-pre-v1-r4-final/results/sanitizer/r201_transition_unbinding.log
tnn-pre-v1-r4-final/results/sanitizer/r380_memory_scale.sha256
tnn-pre-v1-r4-final/results/sanitizer/r420_real_byte_state.sha256
tnn-pre-v1-r4-final/results/sanitizer/r340_validated_self_mutation.sha256
tnn-pre-v1-r4-final/results/sanitizer/r420_real_byte_state.csv
tnn-pre-v1-r4-final/results/sanitizer/r340_validated_self_mutation.csv
tnn-pre-v1-r4-final/results/sanitizer/r213_active_factor_growth.csv
tnn-pre-v1-r4-final/results/sanitizer/r350_active_scientific_discovery.log
tnn-pre-v1-r4-final/results/sanitizer/r201_transition_unbinding.sha256
tnn-pre-v1-r4-final/results/sanitizer/r380_memory_scale.log
tnn-pre-v1-r4-final/results/sanitizer/r410_visual_persistence.sha256
tnn-pre-v1-r4-final/results/sanitizer/r410_visual_persistence.log
tnn-pre-v1-r4-final/results/sanitizer/r350_active_scientific_discovery.csv
tnn-pre-v1-r4-final/results/sanitizer/r339_integrated_specificity.sha256
tnn-pre-v1-r4-final/results/sanitizer/r201_transition_unbinding.csv
tnn-pre-v1-r4-final/results/sanitizer/r213_active_factor_growth.log
tnn-pre-v1-r4-final/results/sanitizer/r339_integrated_specificity.log
tnn-pre-v1-r4-final/results/sanitizer/r339_integrated_specificity.csv
tnn-pre-v1-r4-final/results/sanitizer/r319_grounded_relations.sha256
tnn-pre-v1-r4-final/results/sanitizer/r319_grounded_relations.csv
tnn-pre-v1-r4-final/results/sanitizer/r350_active_scientific_discovery.sha256
tnn-pre-v1-r4-final/results/sanitizer/r340_validated_self_mutation.log
tnn-pre-v1-r4-final/results/sanitizer/r380_memory_scale.csv
tnn-pre-v1-r4-final/results/sanitize/
tnn-pre-v1-r4-final/results/sanitize/r201_transition_unbinding.log
tnn-pre-v1-r4-final/results/sanitize/r390.csv
tnn-pre-v1-r4-final/results/sanitize/r319.log
tnn-pre-v1-r4-final/results/sanitize/r319.csv
tnn-pre-v1-r4-final/results/sanitize/r213_active_factor_growth.csv
tnn-pre-v1-r4-final/results/sanitize/r410.log
tnn-pre-v1-r4-final/results/sanitize/r380.csv
tnn-pre-v1-r4-final/results/sanitize/r390.log
tnn-pre-v1-r4-final/results/sanitize/r380.log
tnn-pre-v1-r4-final/results/sanitize/r410.csv
tnn-pre-v1-r4-final/results/sanitize/r201_transition_unbinding.csv
tnn-pre-v1-r4-final/results/sanitize/r213_active_factor_growth.log
tnn-pre-v1-r4-final/results/sanitize/r330.csv
tnn-pre-v1-r4-final/results/sanitize/r330.log
tnn-pre-v1-r4-final/results/sanitize/r420.csv
tnn-pre-v1-r4-final/results/sanitize/r420.log
tnn-pre-v1-r4-final/results/attempt-inventory.csv
tnn-pre-v1-r4-final/results/summary.json
tnn-pre-v1-r4-final/results/clang/
tnn-pre-v1-r4-final/results/clang/r276_stall_modulated_exploration.csv
tnn-pre-v1-r4-final/results/clang/r325.csv
tnn-pre-v1-r4-final/results/clang/r377.csv
tnn-pre-v1-r4-final/results/clang/r350.csv
tnn-pre-v1-r4-final/results/clang/r292.csv
tnn-pre-v1-r4-final/results/clang/r230_factor_drift.csv
tnn-pre-v1-r4-final/results/clang/r312_integrated_development.csv
tnn-pre-v1-r4-final/results/clang/r312.csv
tnn-pre-v1-r4-final/results/clang/r245_balanced_probe_selection.csv
tnn-pre-v1-r4-final/results/clang/r360.csv
tnn-pre-v1-r4-final/results/clang/r284_factor_scaling.csv
tnn-pre-v1-r4-final/results/clang/r370.csv
tnn-pre-v1-r4-final/results/clang/r301.csv
tnn-pre-v1-r4-final/results/clang/r394.csv
tnn-pre-v1-r4-final/results/clang/r400.csv
tnn-pre-v1-r4-final/results/clang/r340.csv
tnn-pre-v1-r4-final/results/clang/r390.csv
tnn-pre-v1-r4-final/results/clang/r285.csv
tnn-pre-v1-r4-final/results/clang/r306.csv
tnn-pre-v1-r4-final/results/clang/r273.csv
tnn-pre-v1-r4-final/results/clang/r279.csv
tnn-pre-v1-r4-final/results/clang/r319.csv
tnn-pre-v1-r4-final/results/clang/r213_active_factor_growth.csv
tnn-pre-v1-r4-final/results/clang/r328.csv
tnn-pre-v1-r4-final/results/clang/r251.csv
tnn-pre-v1-r4-final/results/clang/r289.csv
tnn-pre-v1-r4-final/results/clang/r440_grounded_dialogue_reasoning.csv
tnn-pre-v1-r4-final/results/clang/r260_persistent_domains.csv
tnn-pre-v1-r4-final/results/clang/r240_unreliable_probes.csv
tnn-pre-v1-r4-final/results/clang/r380.csv
tnn-pre-v1-r4-final/results/clang/r253.csv
tnn-pre-v1-r4-final/results/clang/r460_contrastive_motif_induction.csv
tnn-pre-v1-r4-final/results/clang/r272.csv
tnn-pre-v1-r4-final/results/clang/r267.csv
tnn-pre-v1-r4-final/results/clang/r218_nonlinear_sensorimotor.csv
tnn-pre-v1-r4-final/results/clang/r270.csv
tnn-pre-v1-r4-final/results/clang/r245_functional_basis.csv
tnn-pre-v1-r4-final/results/clang/r410.csv
tnn-pre-v1-r4-final/results/clang/r300.csv
tnn-pre-v1-r4-final/results/clang/r290.csv
tnn-pre-v1-r4-final/results/clang/r299.csv
tnn-pre-v1-r4-final/results/clang/r264.csv
tnn-pre-v1-r4-final/results/clang/r201_transition_unbinding.csv
tnn-pre-v1-r4-final/results/clang/r258.csv
tnn-pre-v1-r4-final/results/clang/r266.csv
tnn-pre-v1-r4-final/results/clang/r330.csv
tnn-pre-v1-r4-final/results/clang/r450_active_clarification.csv
tnn-pre-v1-r4-final/results/clang/r280.csv
tnn-pre-v1-r4-final/results/clang/r420.csv
tnn-pre-v1-r4-final/results/clang/r430_parallel_hypotheses.csv
tnn-pre-v1-r4-final/results/clang/r339.csv
tnn-pre-v1-r4-final/results/promoted-evidence.csv
tnn-pre-v1-r4-final/results/fresh-selected/
tnn-pre-v1-r4-final/results/fresh-selected/r350_active_scientific_discovery.clang.csv
tnn-pre-v1-r4-final/results/fresh-selected/r213_active_factor_growth.clang.csv
tnn-pre-v1-r4-final/results/fresh-selected/r340_validated_self_mutation.clang.compile.log
tnn-pre-v1-r4-final/results/fresh-selected/r380_memory_scale.clang.compile.log
tnn-pre-v1-r4-final/results/fresh-selected/r253_persistent_kernel.clang.run.log
tnn-pre-v1-r4-final/results/fresh-selected/r201_transition_unbinding.gcc.compile.log
tnn-pre-v1-r4-final/results/fresh-selected/r230_factor_drift.gcc.compile.log
tnn-pre-v1-r4-final/results/fresh-selected/r410_visual_persistence.gcc.csv
tnn-pre-v1-r4-final/results/fresh-selected/r390_meta_plasticity.gcc.run.log
tnn-pre-v1-r4-final/results/fresh-selected/r410_visual_persistence.gcc.compile.log
tnn-pre-v1-r4-final/results/fresh-selected/r253_persistent_kernel.clang.csv
tnn-pre-v1-r4-final/results/fresh-selected/r380_memory_scale.clang.run.log
tnn-pre-v1-r4-final/results/fresh-selected/r420_real_byte_state.clang.csv
tnn-pre-v1-r4-final/results/fresh-selected/r340_validated_self_mutation.clang.run.log
tnn-pre-v1-r4-final/results/fresh-selected/r390_meta_plasticity.clang.run.log
tnn-pre-v1-r4-final/results/fresh-selected/r340_validated_self_mutation.gcc.run.log
tnn-pre-v1-r4-final/results/fresh-selected/r240_unreliable_probes.clang.run.log
tnn-pre-v1-r4-final/results/fresh-selected/r253_persistent_kernel.gcc.csv
tnn-pre-v1-r4-final/results/fresh-selected/r410_visual_persistence.gcc.run.log
tnn-pre-v1-r4-final/results/fresh-selected/r339_integrated_specificity.clang.compile.log
tnn-pre-v1-r4-final/results/fresh-selected/r319_grounded_relations.gcc.compile.log
tnn-pre-v1-r4-final/results/fresh-selected/r380_memory_scale.gcc.csv
tnn-pre-v1-r4-final/results/fresh-selected/r420_real_byte_state.clang.run.log
tnn-pre-v1-r4-final/results/fresh-selected/r240_unreliable_probes.gcc.run.log
tnn-pre-v1-r4-final/results/fresh-selected/r319_grounded_relations.clang.run.log
tnn-pre-v1-r4-final/results/fresh-selected/r230_factor_drift.gcc.csv
tnn-pre-v1-r4-final/results/fresh-selected/r201_transition_unbinding.gcc.run.log
tnn-pre-v1-r4-final/results/fresh-selected/r339_integrated_specificity.gcc.run.log
tnn-pre-v1-r4-final/results/fresh-selected/r380_memory_scale.gcc.compile.log
tnn-pre-v1-r4-final/results/fresh-selected/r240_unreliable_probes.gcc.csv
tnn-pre-v1-r4-final/results/fresh-selected/r350_active_scientific_discovery.gcc.csv
tnn-pre-v1-r4-final/results/fresh-selected/r253_persistent_kernel.gcc.run.log
tnn-pre-v1-r4-final/results/fresh-selected/r201_transition_unbinding.gcc.csv
tnn-pre-v1-r4-final/results/fresh-selected/r230_factor_drift.clang.run.log
tnn-pre-v1-r4-final/results/fresh-selected/r380_memory_scale.clang.csv
tnn-pre-v1-r4-final/results/fresh-selected/r390_meta_plasticity.gcc.csv
tnn-pre-v1-r4-final/results/fresh-selected/r420_real_byte_state.clang.compile.log
tnn-pre-v1-r4-final/results/fresh-selected/r390_meta_plasticity.clang.csv
tnn-pre-v1-r4-final/results/fresh-selected/r201_transition_unbinding.clang.run.log
tnn-pre-v1-r4-final/results/fresh-selected/r218_nonlinear_sensorimotor.gcc.csv
tnn-pre-v1-r4-final/results/fresh-selected/r420_real_byte_state.gcc.run.log
tnn-pre-v1-r4-final/results/fresh-selected/r230_factor_drift.clang.csv
tnn-pre-v1-r4-final/results/fresh-selected/r240_unreliable_probes.clang.csv
tnn-pre-v1-r4-final/results/fresh-selected/r213_active_factor_growth.gcc.run.log
tnn-pre-v1-r4-final/results/fresh-selected/r230_factor_drift.clang.compile.log
tnn-pre-v1-r4-final/results/fresh-selected/r420_real_byte_state.gcc.compile.log
tnn-pre-v1-r4-final/results/fresh-selected/r253_persistent_kernel.gcc.compile.log
tnn-pre-v1-r4-final/results/fresh-selected/r339_integrated_specificity.clang.csv
tnn-pre-v1-r4-final/results/fresh-selected/r201_transition_unbinding.clang.compile.log
tnn-pre-v1-r4-final/results/fresh-selected/r339_integrated_specificity.gcc.csv
tnn-pre-v1-r4-final/results/fresh-selected/r340_validated_self_mutation.gcc.csv
tnn-pre-v1-r4-final/results/fresh-selected/r230_factor_drift.gcc.run.log
tnn-pre-v1-r4-final/results/fresh-selected/r319_grounded_relations.clang.compile.log
tnn-pre-v1-r4-final/results/fresh-selected/r218_nonlinear_sensorimotor.gcc.compile.log
tnn-pre-v1-r4-final/results/fresh-selected/r339_integrated_specificity.gcc.compile.log
tnn-pre-v1-r4-final/results/fresh-selected/r319_grounded_relations.gcc.csv
tnn-pre-v1-r4-final/results/fresh-selected/r213_active_factor_growth.gcc.compile.log
tnn-pre-v1-r4-final/results/fresh-selected/r340_validated_self_mutation.clang.csv
tnn-pre-v1-r4-final/results/fresh-selected/r390_meta_plasticity.gcc.compile.log
tnn-pre-v1-r4-final/results/fresh-selected/r218_nonlinear_sensorimotor.gcc.run.log
tnn-pre-v1-r4-final/results/fresh-selected/r420_real_byte_state.gcc.csv
tnn-pre-v1-r4-final/results/fresh-selected/r218_nonlinear_sensorimotor.clang.compile.log
tnn-pre-v1-r4-final/results/fresh-selected/r410_visual_persistence.clang.compile.log
tnn-pre-v1-r4-final/results/fresh-selected/r218_nonlinear_sensorimotor.clang.run.log
tnn-pre-v1-r4-final/results/fresh-selected/r350_active_scientific_discovery.clang.run.log
tnn-pre-v1-r4-final/results/fresh-selected/r340_validated_self_mutation.gcc.compile.log
tnn-pre-v1-r4-final/results/fresh-selected/r339_integrated_specificity.clang.run.log
tnn-pre-v1-r4-final/results/fresh-selected/r350_active_scientific_discovery.clang.compile.log
tnn-pre-v1-r4-final/results/fresh-selected/r213_active_factor_growth.clang.compile.log
tnn-pre-v1-r4-final/results/fresh-selected/r350_active_scientific_discovery.gcc.run.log
tnn-pre-v1-r4-final/results/fresh-selected/r350_active_scientific_discovery.gcc.compile.log
tnn-pre-v1-r4-final/results/fresh-selected/r253_persistent_kernel.clang.compile.log
tnn-pre-v1-r4-final/results/fresh-selected/r410_visual_persistence.clang.run.log
tnn-pre-v1-r4-final/results/fresh-selected/r240_unreliable_probes.gcc.compile.log
tnn-pre-v1-r4-final/results/fresh-selected/r410_visual_persistence.clang.csv
tnn-pre-v1-r4-final/results/fresh-selected/r380_memory_scale.gcc.run.log
tnn-pre-v1-r4-final/results/fresh-selected/r213_active_factor_growth.gcc.csv
tnn-pre-v1-r4-final/results/fresh-selected/r319_grounded_relations.clang.csv
tnn-pre-v1-r4-final/results/fresh-selected/r240_unreliable_probes.clang.compile.log
tnn-pre-v1-r4-final/results/fresh-selected/r390_meta_plasticity.clang.compile.log
tnn-pre-v1-r4-final/results/fresh-selected/r218_nonlinear_sensorimotor.clang.csv
tnn-pre-v1-r4-final/results/fresh-selected/r213_active_factor_growth.clang.run.log
tnn-pre-v1-r4-final/results/fresh-selected/r201_transition_unbinding.clang.csv
tnn-pre-v1-r4-final/results/fresh-selected/r319_grounded_relations.gcc.run.log
tnn-pre-v1-r4-final/zag/
tnn-pre-v1-r4-final/zag/tnn_pre_v1_r4.zag
tnn-pre-v1-r4-final/zag/tnn_pre_v1_r3.zag
tnn-pre-v1-r4-final/FINAL_STATUS.md
tnn-pre-v1-r4-final/experiments/
tnn-pre-v1-r4-final/experiments/r330_native_speech.c
tnn-pre-v1-r4-final/experiments/r292_competitive_chunks.c
tnn-pre-v1-r4-final/experiments/r290_learned_memory_policy.c
tnn-pre-v1-r4-final/experiments/r340_validated_self_mutation.c
tnn-pre-v1-r4-final/experiments/r280_hidden_context_specialists.c
tnn-pre-v1-r4-final/experiments/r279_hysteretic_context.c
tnn-pre-v1-r4-final/experiments/r350_active_scientific_discovery.c
tnn-pre-v1-r4-final/experiments/r450_active_clarification.c
tnn-pre-v1-r4-final/experiments/r377_local_bayesian_language.c
tnn-pre-v1-r4-final/experiments/r285_exact_chunk_evidence.c
tnn-pre-v1-r4-final/experiments/r267_context_merge.c
tnn-pre-v1-r4-final/experiments/r289_hypothesis_adversarial.c
tnn-pre-v1-r4-final/experiments/r400_factor_phase_sweep.c
tnn-pre-v1-r4-final/experiments/r245_balanced_probe_selection.c
tnn-pre-v1-r4-final/experiments/r260_persistent_domains.c
tnn-pre-v1-r4-final/experiments/r390_meta_plasticity.c
tnn-pre-v1-r4-final/experiments/r258_confidence_probe_policy.c
tnn-pre-v1-r4-final/experiments/r301_precision_memory.c
tnn-pre-v1-r4-final/experiments/r370_local_evidence_language.c
tnn-pre-v1-r4-final/experiments/r312_recurrent_bytes.c
tnn-pre-v1-r4-final/experiments/r253_persistent_kernel.c
tnn-pre-v1-r4-final/experiments/r300_integrated_development.c
tnn-pre-v1-r4-final/experiments/r328_integrated_development.c
tnn-pre-v1-r4-final/experiments/r325_multiscale_chunk_cells.c
tnn-pre-v1-r4-final/experiments/r284_factor_scaling.c
tnn-pre-v1-r4-final/experiments/r430_parallel_hypotheses.c
tnn-pre-v1-r4-final/experiments/r394_general_meta.c
tnn-pre-v1-r4-final/experiments/r218_nonlinear_sensorimotor.c
tnn-pre-v1-r4-final/experiments/r272_dual_timescale_language.c
tnn-pre-v1-r4-final/experiments/r312_integrated_development.c
tnn-pre-v1-r4-final/experiments/r339_integrated_specificity.c
tnn-pre-v1-r4-final/experiments/r410_visual_persistence.c
tnn-pre-v1-r4-final/experiments/r360_lifetime_memory.c
tnn-pre-v1-r4-final/experiments/r240_unreliable_probes.c
tnn-pre-v1-r4-final/experiments/r264_balanced_basis.c
tnn-pre-v1-r4-final/experiments/r319_grounded_relations.c
tnn-pre-v1-r4-final/experiments/r251_rank_aware_exploration.c
tnn-pre-v1-r4-final/experiments/r273_recurrent_context_specialists.c
tnn-pre-v1-r4-final/experiments/PROMOTED_MAP.tsv
tnn-pre-v1-r4-final/experiments/r213_active_factor_growth.c
tnn-pre-v1-r4-final/experiments/r460_contrastive_motif_induction.c
tnn-pre-v1-r4-final/experiments/r380_memory_scale.c
tnn-pre-v1-r4-final/experiments/r306_recurrent_context_growth.c
tnn-pre-v1-r4-final/experiments/r266_discovered_grounded_language.c
tnn-pre-v1-r4-final/experiments/r276_stall_modulated_exploration.c
tnn-pre-v1-r4-final/experiments/r440_grounded_dialogue_reasoning.c
tnn-pre-v1-r4-final/experiments/r245_functional_basis.c
tnn-pre-v1-r4-final/experiments/r270_probe_homeostasis.c
tnn-pre-v1-r4-final/experiments/r230_factor_drift.c
tnn-pre-v1-r4-final/experiments/r299_context_specialization.c
tnn-pre-v1-r4-final/experiments/r201_transition_unbinding.c
tnn-pre-v1-r4-final/experiments/r420_real_byte_state.c
tnn-pre-v1-r4-final/CHANGELOG.md
tnn-pre-v1-r4-final/demo/
tnn-pre-v1-r4-final/demo/query_script.txt
tnn-pre-v1-r4-final/demo/query_output.txt
tnn-pre-v1-r4-final/README.md
tnn-pre-v1-r4-final/Makefile
tnn-pre-v1-r4-final/history/
tnn-pre-v1-r4-final/history/tnn_pre_v1_r2.zag
tnn-pre-v1-r4-final/MANIFEST.sha256
tnn-pre-v1-r4-final/state/
tnn-pre-v1-r4-final/state/r3_regression_trained.bin
tnn-pre-v1-r4-final/state/r3_english_zag_seed.bin
tnn-pre-v1-r4-final/corpus/
tnn-pre-v1-r4-final/corpus/tnn_v1.zag
tnn-pre-v1-r4-final/corpus/english_manual.txt
tnn-pre-v1-r4-final/attempts/
tnn-pre-v1-r4-final/attempts/r330_native_speech.c
tnn-pre-v1-r4-final/attempts/r360_byte_associative_repair.c
tnn-pre-v1-r4-final/attempts/r251_adaptive_probe_schedule.c
tnn-pre-v1-r4-final/attempts/r340_integrated_basis_brain.c
tnn-pre-v1-r4-final/attempts/r292_competitive_chunks.c
tnn-pre-v1-r4-final/attempts/r390_meta_plasticity_v1.c
tnn-pre-v1-r4-final/attempts/r320_corrected_grammar.c
tnn-pre-v1-r4-final/attempts/r290_learned_memory_policy.c
tnn-pre-v1-r4-final/attempts/r270_adaptive_probe_curriculum.c
tnn-pre-v1-r4-final/attempts/r340_validated_self_mutation.c
tnn-pre-v1-r4-final/attempts/r280_hidden_context_specialists.c
tnn-pre-v1-r4-final/attempts/r279_hysteretic_context.c
tnn-pre-v1-r4-final/attempts/r350_active_scientific_discovery.c
tnn-pre-v1-r4-final/attempts/r450_active_clarification.c
tnn-pre-v1-r4-final/attempts/r377_local_bayesian_language.c
tnn-pre-v1-r4-final/attempts/r285_exact_chunk_evidence.c
tnn-pre-v1-r4-final/attempts/r251_balanced_probe_curriculum.c
tnn-pre-v1-r4-final/attempts/r370_contextual_lexicon_repair.c
tnn-pre-v1-r4-final/attempts/r267_context_merge.c
tnn-pre-v1-r4-final/attempts/r350_curriculum_affect_v1.c
tnn-pre-v1-r4-final/attempts/r289_hypothesis_adversarial.c
tnn-pre-v1-r4-final/attempts/r400_recursive_knowledge.c
tnn-pre-v1-r4-final/attempts/r400_factor_phase_sweep.c
tnn-pre-v1-r4-final/attempts/r270_definition_learning.c
tnn-pre-v1-r4-final/attempts/r245_balanced_probe_selection.c
tnn-pre-v1-r4-final/attempts/r280_hypothesis_growth.c
tnn-pre-v1-r4-final/attempts/r260_persistent_domains.c
tnn-pre-v1-r4-final/attempts/r390_meta_plasticity.c
tnn-pre-v1-r4-final/attempts/r258_confidence_probe_policy.c
tnn-pre-v1-r4-final/attempts/r267_balanced_probe_basis.c
tnn-pre-v1-r4-final/attempts/r313_raw_byte_grammar.c
tnn-pre-v1-r4-final/attempts/r301_precision_memory.c
tnn-pre-v1-r4-final/attempts/r370_local_evidence_language.c
tnn-pre-v1-r4-final/attempts/r312_recurrent_bytes.c
tnn-pre-v1-r4-final/attempts/r278_evidence_language_memory.c
tnn-pre-v1-r4-final/attempts/r360_grounded_grammar.c
tnn-pre-v1-r4-final/attempts/r300_integrated_brain.c
tnn-pre-v1-r4-final/attempts/r253_persistent_kernel.c
tnn-pre-v1-r4-final/attempts/r300_integrated_development.c
tnn-pre-v1-r4-final/attempts/r328_integrated_development.c
tnn-pre-v1-r4-final/attempts/r325_multiscale_chunk_cells.c
tnn-pre-v1-r4-final/attempts/r284_factor_scaling.c
tnn-pre-v1-r4-final/attempts/r320_real_recurrent_bytes.c
tnn-pre-v1-r4-final/attempts/r430_parallel_hypotheses.c
tnn-pre-v1-r4-final/attempts/r394_general_meta.c
tnn-pre-v1-r4-final/attempts/r218_nonlinear_sensorimotor.c
tnn-pre-v1-r4-final/attempts/r272_dual_timescale_language.c
tnn-pre-v1-r4-final/attempts/r264_hidden_context.c
tnn-pre-v1-r4-final/attempts/r320_grounded_dialogue.c
tnn-pre-v1-r4-final/attempts/r312_integrated_development.c
tnn-pre-v1-r4-final/attempts/r339_integrated_specificity.c
tnn-pre-v1-r4-final/attempts/r410_visual_persistence.c
tnn-pre-v1-r4-final/attempts/r360_lifetime_memory.c
tnn-pre-v1-r4-final/attempts/r240_unreliable_probes.c
tnn-pre-v1-r4-final/attempts/r264_balanced_basis.c
tnn-pre-v1-r4-final/attempts/r319_grounded_relations.c
tnn-pre-v1-r4-final/attempts/r251_rank_aware_exploration.c
tnn-pre-v1-r4-final/attempts/r273_recurrent_context_specialists.c
tnn-pre-v1-r4-final/attempts/r300_developmental_lifecycle.c
tnn-pre-v1-r4-final/attempts/r213_active_factor_growth.c
tnn-pre-v1-r4-final/attempts/r327_balanced_probes.c
tnn-pre-v1-r4-final/attempts/r380_memory_scale.c
tnn-pre-v1-r4-final/attempts/r430_hypothesis_validation.c
tnn-pre-v1-r4-final/attempts/r360_integrated_basis_brain.c
tnn-pre-v1-r4-final/attempts/r306_recurrent_context_growth.c
tnn-pre-v1-r4-final/attempts/r266_discovered_grounded_language.c
tnn-pre-v1-r4-final/attempts/r276_stall_modulated_exploration.c
tnn-pre-v1-r4-final/attempts/r440_grounded_dialogue_reasoning.c
tnn-pre-v1-r4-final/attempts/r245_functional_basis.c
tnn-pre-v1-r4-final/attempts/r270_probe_homeostasis.c
tnn-pre-v1-r4-final/attempts/r285_two_context_limit.c
tnn-pre-v1-r4-final/attempts/r230_factor_drift.c
tnn-pre-v1-r4-final/attempts/r350_curriculum_affect.c
tnn-pre-v1-r4-final/attempts/r299_context_specialization.c
tnn-pre-v1-r4-final/attempts/r201_transition_unbinding.c
tnn-pre-v1-r4-final/attempts/r420_real_byte_state.c
tnn-pre-v1-r4-final/STATUS.md
tnn-pre-v1-r4-final/docs/
tnn-pre-v1-r4-final/docs/R2_CLAIM_MATRIX.md
tnn-pre-v1-r4-final/docs/R4_RESULTS.md
tnn-pre-v1-r4-final/docs/ARCHITECTURE.md
tnn-pre-v1-r4-final/docs/R2_FAILURES.md
tnn-pre-v1-r4-final/docs/R3_RESULTS.md
tnn-pre-v1-r4-final/docs/FAILURES.md
tnn-pre-v1-r4-final/docs/ZAG_STATUS.md
tnn-pre-v1-r4-final/docs/R2_ZAG_STATUS.md
tnn-pre-v1-r4-final/docs/R2_RESULTS.md
tnn-pre-v1-r4-final/docs/R3_ZAG_STATUS.md
tnn-pre-v1-r4-final/docs/CLAIM_MATRIX.md
tnn-pre-v1-r4-final/docs/R4_NEXT_STAGE_HANDOFF.md
tnn-pre-v1-r4-final/docs/R4_CLAIM_MATRIX.md
tnn-pre-v1-r4-final/docs/R4_ARCHITECTURE.md
tnn-pre-v1-r4-final/docs/R4_FAILURES.md
tnn-pre-v1-r4-final/docs/ROADMAP_TO_V1.md
tnn-pre-v1-r4-final/docs/REPRODUCIBILITY.md
tnn-pre-v1-r4-final/docs/EVIDENCE_POLICY.md
tnn-pre-v1-r4-final/docs/RELEASE_RECONCILIATION.md
tnn-pre-v1-r4-final/docs/RESULTS.md
tnn-pre-v1-r4-final/docs/R3_FAILURES.md
tnn-pre-v1-r4-final/docs/R3_CLAIM_MATRIX.md
tnn-pre-v1-r4-final/scripts/
tnn-pre-v1-r4-final/scripts/sanitize_r3.sh
tnn-pre-v1-r4-final/scripts/verify_r3.py
tnn-pre-v1-r4-final/scripts/build_registry.py
tnn-pre-v1-r4-final/scripts/verify_release.sh
tnn-pre-v1-r4-final/scripts/verify_quick.py
tnn-pre-v1-r4-final/scripts/verify_sanitizers.sh
tnn-pre-v1-r4-final/scripts/verify_r4.py
tnn-pre-v1-r4-final/scripts/sanitize_one.sh
tnn-pre-v1-r4-final/scripts/run_lab.sh
tnn-pre-v1-r4-final/scripts/verify_compile_all.sh
tnn-pre-v1-r4-final/scripts/verify_selected.py
tnn-pre-v1-r4-final/scripts/validate_evidence.py
tnn-pre-v1-r4-final/scripts/audit_r4_language_core.py
tnn-pre-v1-r4-final/scripts/verify_manifest.sh
tnn-pre-v1-r4-final/scripts/sanitize_r4.sh
tnn-pre-v1-r4-final/scripts/check_zag_contract.sh
tnn-pre-v1-r4-final/VERSION
tnn-pre-v1-r4-final/RELEASE_NOTES_R4.md
