{
  "architecture_ranking": [
    {
      "action_component": 0.8652777777777777,
      "architecture": "recurrent_pam",
      "audio_component": 0.9715277777777778,
      "crossmodal_consistency": 0.6437499999999999,
      "fragmentation_rate": 0.0,
      "fused_component": 1.0,
      "fused_exact": 1.0,
      "goldilocks_score": 0.9552916666666667,
      "heldout_text_component": 1.0,
      "memory_bytes": 688315.3333333334,
      "one_shot_after": 0.8333333333333334,
      "one_shot_delayed": 0.8333333333333334,
      "operations": 176131176.0,
      "runs": 3,
      "seeds": 3,
      "stress_component": 1.0,
      "stress_exact": 1.0,
      "text_component": 1.0,
      "video_component": 0.6694444444444444
    },
    {
      "action_component": 0.8555555555555555,
      "architecture": "crossmodal_pam",
      "audio_component": 0.9854166666666666,
      "crossmodal_consistency": 0.6930555555555555,
      "fragmentation_rate": 0.0,
      "fused_component": 0.9895833333333334,
      "fused_exact": 0.9583333333333334,
      "goldilocks_score": 0.9544166666666668,
      "heldout_text_component": 0.99375,
      "memory_bytes": 688786.3333333334,
      "one_shot_after": 0.9166666666666666,
      "one_shot_delayed": 0.9166666666666666,
      "operations": 176269804.0,
      "runs": 3,
      "seeds": 3,
      "stress_component": 0.9895833333333334,
      "stress_exact": 0.9583333333333334,
      "text_component": 0.9895833333333334,
      "video_component": 0.6979166666666666
    },
    {
      "action_component": 0.8562500000000001,
      "architecture": "shallow_pam",
      "audio_component": 0.9840277777777778,
      "crossmodal_consistency": 0.5013888888888889,
      "fragmentation_rate": 0.0,
      "fused_component": 0.9951388888888889,
      "fused_exact": 0.9805555555555555,
      "goldilocks_score": 0.9513611111111112,
      "heldout_text_component": 0.9993055555555556,
      "memory_bytes": 614795.3333333334,
      "one_shot_after": 0.9166666666666666,
      "one_shot_delayed": 0.9166666666666666,
      "operations": 165835432.0,
      "runs": 3,
      "seeds": 3,
      "stress_component": 0.9951388888888889,
      "stress_exact": 0.9805555555555555,
      "text_component": 0.9951388888888889,
      "video_component": 0.5090277777777777
    },
    {
      "action_component": 0.8562500000000001,
      "architecture": "central_raw",
      "audio_component": 0.9784722222222223,
      "crossmodal_consistency": 0.5965277777777778,
      "fragmentation_rate": 0.0,
      "fused_component": 0.9881944444444445,
      "fused_exact": 0.9527777777777778,
      "goldilocks_score": 0.9411805555555556,
      "heldout_text_component": 0.9881944444444445,
      "memory_bytes": 640069.0,
      "one_shot_after": 0.9166666666666666,
      "one_shot_delayed": 0.8333333333333334,
      "operations": 169522148.0,
      "runs": 3,
      "seeds": 3,
      "stress_component": 0.9881944444444445,
      "stress_exact": 0.9527777777777778,
      "text_component": 0.9881944444444445,
      "video_component": 0.6090277777777778
    }
  ],
  "best_condition": {
    "action_component_max": 0.8770833333333333,
    "action_component_mean": 0.8652777777777777,
    "action_component_min": 0.8541666666666666,
    "action_component_stdev": 0.009368567752244483,
    "action_exact_max": 0.5916666666666667,
    "action_exact_mean": 0.5611111111111111,
    "action_exact_min": 0.5166666666666667,
    "action_exact_stdev": 0.032155102507750596,
    "architecture": "recurrent_pam",
    "audio_component_max": 0.9833333333333333,
    "audio_component_mean": 0.9715277777777778,
    "audio_component_min": 0.95,
    "audio_component_stdev": 0.01524617944451399,
    "audio_exact_max": 0.9333333333333333,
    "audio_exact_mean": 0.8861111111111111,
    "audio_exact_min": 0.8,
    "audio_exact_stdev": 0.06098471777805596,
    "crossmodal_consistency_max": 0.66875,
    "crossmodal_consistency_mean": 0.6437499999999999,
    "crossmodal_consistency_min": 0.6229166666666667,
    "crossmodal_consistency_stdev": 0.01894191902359145,
    "fragmentation_rate_max": 0.0,
    "fragmentation_rate_mean": 0.0,
    "fragmentation_rate_min": 0.0,
    "fragmentation_rate_stdev": 0.0,
    "fused_component_max": 1.0,
    "fused_component_mean": 1.0,
    "fused_component_min": 1.0,
    "fused_component_stdev": 0.0,
    "fused_exact_max": 1.0,
    "fused_exact_mean": 1.0,
    "fused_exact_min": 1.0,
    "fused_exact_stdev": 0.0,
    "fused_margin_max": 21.2437402566274,
    "fused_margin_mean": 19.777118163638644,
    "fused_margin_min": 18.469050073623656,
    "fused_margin_stdev": 1.138297246419286,
    "goldilocks_score_max": 0.9801249999999999,
    "goldilocks_score_mean": 0.9552916666666667,
    "goldilocks_score_min": 0.9423750000000002,
    "goldilocks_score_stdev": 0.017564563441454652,
    "heldout_text_component_max": 1.0,
    "heldout_text_component_mean": 1.0,
    "heldout_text_component_min": 1.0,
    "heldout_text_component_stdev": 0.0,
    "heldout_text_exact_max": 1.0,
    "heldout_text_exact_mean": 1.0,
    "heldout_text_exact_min": 1.0,
    "heldout_text_exact_stdev": 0.0,
    "history": "noisy_then_clean",
    "memory_bytes_max": 688837.0,
    "memory_bytes_mean": 688315.3333333334,
    "memory_bytes_min": 687858.0,
    "memory_bytes_stdev": 402.25558486558714,
    "motif_count_max": 192.0,
    "motif_count_mean": 192.0,
    "motif_count_min": 192.0,
    "motif_count_stdev": 0.0,
    "motif_exact_roundtrip_max": 1.0,
    "motif_exact_roundtrip_mean": 1.0,
    "motif_exact_roundtrip_min": 1.0,
    "motif_exact_roundtrip_stdev": 0.0,
    "one_shot_after_max": 1.0,
    "one_shot_after_mean": 0.8333333333333334,
    "one_shot_after_min": 0.75,
    "one_shot_after_stdev": 0.11785113019775792,
    "one_shot_before_max": 1.0,
    "one_shot_before_mean": 0.8333333333333334,
    "one_shot_before_min": 0.75,
    "one_shot_before_stdev": 0.11785113019775792,
    "one_shot_delayed_max": 1.0,
    "one_shot_delayed_mean": 0.8333333333333334,
    "one_shot_delayed_min": 0.75,
    "one_shot_delayed_stdev": 0.11785113019775792,
    "operations_max": 176190782.0,
    "operations_mean": 176131176.0,
    "operations_min": 176097641.0,
    "operations_stdev": 42257.81388098537,
    "runtime_seconds_max": 5.2180379589999575,
    "runtime_seconds_mean": 5.15754217866682,
    "runtime_seconds_min": 5.051101202000609,
    "runtime_seconds_stdev": 0.07549918767301822,
    "seeds": 3,
    "stress_component_max": 1.0,
    "stress_component_mean": 1.0,
    "stress_component_min": 1.0,
    "stress_component_stdev": 0.0,
    "stress_exact_max": 1.0,
    "stress_exact_mean": 1.0,
    "stress_exact_min": 1.0,
    "stress_exact_stdev": 0.0,
    "text_component_max": 1.0,
    "text_component_mean": 1.0,
    "text_component_min": 1.0,
    "text_component_stdev": 0.0,
    "text_exact_max": 1.0,
    "text_exact_mean": 1.0,
    "text_exact_min": 1.0,
    "text_exact_stdev": 0.0,
    "video_component_max": 0.6875,
    "video_component_mean": 0.6694444444444444,
    "video_component_min": 0.6395833333333333,
    "video_component_stdev": 0.02126860115432441,
    "video_exact_max": 0.175,
    "video_exact_mean": 0.15555555555555556,
    "video_exact_min": 0.13333333333333333,
    "video_exact_stdev": 0.017123372230469374
  },
  "complete": true,
  "conditions": 4,
  "expected_conditions": 4,
  "history_ranking": [
    {
      "action_component": 0.8583333333333334,
      "audio_component": 0.9798611111111111,
      "crossmodal_consistency": 0.6086805555555556,
      "fragmentation_rate": 0.0,
      "fused_component": 0.9932291666666666,
      "fused_exact": 0.9729166666666668,
      "goldilocks_score": 0.9505625000000001,
      "heldout_text_component": 0.9953124999999999,
      "history": "noisy_then_clean",
      "memory_bytes": 657991.5,
      "one_shot_after": 0.8958333333333334,
      "one_shot_delayed": 0.875,
      "operations": 171939640.0,
      "runs": 12,
      "seeds": 3,
      "stress_component": 0.9932291666666666,
      "stress_exact": 0.9729166666666668,
      "text_component": 0.9932291666666666,
      "video_component": 0.6213541666666667
    }
  ],
  "runs": 12,
  "seeds": [
    111,
    112,
    113
  ]
}