=== leg m1-1x-prose ===
mode=m1-1x-prose rc1=0 rc2=0 rss1_kb=14384 rss2_kb=14384 stdout=IDENTICAL fatal=0
=== leg m1-1x-code ===
mode=m1-1x-code rc1=0 rc2=0 rss1_kb=24816 rss2_kb=24816 stdout=IDENTICAL fatal=0
=== leg m2-t1-prose ===
mode=m2-t1-prose rc1=0 rc2=0 rss1_kb=1296 rss2_kb=1296 stdout=IDENTICAL fatal=0
=== leg m2-t1-code ===
mode=m2-t1-code rc1=0 rc2=0 rss1_kb=2092 rss2_kb=2088 stdout=IDENTICAL fatal=0
=== leg m2-t2-prose ===
mode=m2-t2-prose rc1=0 rc2=0 rss1_kb=8900 rss2_kb=8900 stdout=IDENTICAL fatal=0
=== leg m2-t2-code ===
mode=m2-t2-code rc1=0 rc2=0 rss1_kb=1016 rss2_kb=1016 stdout=IDENTICAL fatal=0
=== leg m2-t3-1x ===
mode=m2-t3-1x rc1=0 rc2=0 rss1_kb=2180 rss2_kb=2284 stdout=IDENTICAL fatal=0
=== leg m3-1x ===
mode=m3-1x rc1=0 rc2=0 rss1_kb=32520 rss2_kb=32520 stdout=IDENTICAL fatal=0
=== leg m4-1x-prose ===
mode=m4-1x-prose rc1=0 rc2=0 rss1_kb=14768 rss2_kb=14768 stdout=IDENTICAL fatal=0
=== leg m4-1x-code ===
mode=m4-1x-code rc1=0 rc2=0 rss1_kb=25200 rss2_kb=25200 stdout=IDENTICAL fatal=0
=== leg m5-baseline ===
mode=m5-baseline rc1=0 rc2=0 rss1_kb=9268 rss2_kb=9272 stdout=IDENTICAL fatal=0
=== leg m5-1x ===
mode=m5-1x rc1=0 rc2=0 rss1_kb=15084 rss2_kb=15088 stdout=IDENTICAL fatal=0
=== leg m6-p2c-1x ===
mode=m6-p2c-1x rc1=0 rc2=0 rss1_kb=26808 rss2_kb=26808 stdout=IDENTICAL fatal=0
=== leg m6-c2p-1x ===
mode=m6-c2p-1x rc1=0 rc2=0 rss1_kb=17428 rss2_kb=17428 stdout=IDENTICAL fatal=0
=== leg memctrl-p2c-1x ===
mode=memctrl-p2c-1x rc1=0 rc2=0 rss1_kb=24080 rss2_kb=24080 stdout=IDENTICAL fatal=0
=== leg memctrl-c2p-1x ===
mode=memctrl-c2p-1x rc1=0 rc2=0 rss1_kb=20080 rss2_kb=20080 stdout=IDENTICAL fatal=0
=== leg m7-1x ===
mode=m7-1x rc1=0 rc2=0 rss1_kb=14448 rss2_kb=14448 stdout=IDENTICAL fatal=0
=== M8 gate ===
M8GATE PASS
=== assembling scorecard ===
wrote /home/hatch/workspace/tnn-lab/units/arms/I2/work/battery_r1_1x/scorecard_r1_1x.json
legs passed=18 failed=0
BATTERY_EXIT:0
