K_forms=140
PASS SC1 nonce-absent-in-K VEXMOR g1_query.txt
PASS SC1 nonce-absent-in-K QLYTH-9 g1_query.txt
PASS SC1 nonce-absent-in-K BRUNDIC-ALPHA g1_query.txt
PASS SC1 nonce-absent-in-K VEXMOR g2_select.txt
PASS SC1 nonce-absent-in-K QLYTH-9 g2_select.txt
PASS SC1 nonce-absent-in-K BRUNDIC-ALPHA g2_select.txt
PASS SC1 nonce-absent-in-K VEXMOR g3_claim.txt
PASS SC1 nonce-absent-in-K QLYTH-9 g3_claim.txt
PASS SC1 nonce-absent-in-K BRUNDIC-ALPHA g3_claim.txt
PASS SC1 nonce-absent-in-K VEXMOR g4_corroborate.txt
PASS SC1 nonce-absent-in-K QLYTH-9 g4_corroborate.txt
PASS SC1 nonce-absent-in-K BRUNDIC-ALPHA g4_corroborate.txt
PASS SC1 nonce-absent-in-K VEXMOR g5_provenance.txt
PASS SC1 nonce-absent-in-K QLYTH-9 g5_provenance.txt
PASS SC1 nonce-absent-in-K BRUNDIC-ALPHA g5_provenance.txt
PASS SC1 nonce-absent-in-K VEXMOR g6_injection.txt
PASS SC1 nonce-absent-in-K QLYTH-9 g6_injection.txt
PASS SC1 nonce-absent-in-K BRUNDIC-ALPHA g6_injection.txt
PASS SC1 nonce-absent-in-K VEXMOR g7_bad.txt
PASS SC1 nonce-absent-in-K QLYTH-9 g7_bad.txt
PASS SC1 nonce-absent-in-K BRUNDIC-ALPHA g7_bad.txt
PASS SC2 nonce-inventory F1_translation found=[]
PASS SC2 nonce-inventory F2_negation found=[]
PASS SC2 nonce-inventory F3_split found=[]
PASS SC2 nonce-inventory F4a_known found=[]
PASS SC2 nonce-inventory F4b_smuggle found=['QLYTH-9', 'VEXMOR']
PASS SC2 nonce-inventory F5_normgap found=[]
PASS SC2 nonce-inventory H1_embed found=['VEXMOR']
PASS SC2 nonce-inventory H2_launder found=[]
PASS SC2 nonce-inventory H3_neardupe found=['VEXMOR']
PASS SC2 nonce-inventory H4_volume found=['BRUNDIC-ALPHA']
PASS SC2 nonce-inventory L1a_drip found=['VEXMOR']
PASS SC2 nonce-inventory L1b_drip found=['QLYTH-9']
PASS SC2 nonce-inventory L1c_drip found=['BRUNDIC-ALPHA']
PASS SC2 nonce-inventory L2a_xbound found=['VEXMOR']
PASS SC2 nonce-inventory L2b_xbound found=['VEXMOR']
PASS SC2 nonce-inventory L3_partial found=['QLYTH-9']
PASS SC2 H2-launder nonce-free
PASS SC3 H-corroborated H1_embed Search engines match words, and VEXMOR i on 3 pages
PASS SC3 H-corroborated H2_launder Cheetahs hunt at dawn and run in short b on 3 pages
PASS SC3 H-corroborated H2_launder Search engines match numbers. on 3 pages
PASS SC3 H-corroborated H3_neardupe Write the source names right next to the on 3 pages
PASS SC3 H-corroborated H4_volume BRUNDIC-ALPHA stores twelve keys per sha on 3 pages
PASS SC4 L-single-source L1a_drip VEXMOR arrays store twelve keys per shar on 1 pages
PASS SC4 L-single-source L1b_drip QLYTH-9 nests pair-bond for seven season on 1 pages
PASS SC4 L-single-source L1c_drip BRUNDIC-ALPHA ferries twelve keys per ti on 1 pages
PASS SC4 L-single-source L2a_xbound VEXMOR caches hold twelve keys per shard on 1 pages
PASS SC4 L-single-source L2b_xbound VEXMOR caches hold twelve keys per shard on 1 pages
PASS SC4 L-single-source L3_partial QLYTH-9 relays hold nine keys per span. on 1 pages
PASS SC4 L2 cross-boundary shared form
PASS SC5 F1 not-in-K 3 forms
PASS SC5 F-novel-candidate F2_negation It is not the case that the claim that all of it i
PASS SC5 F-novel-candidate F2_negation It is not the case that the statement that three p
PASS SC5 F-novel-candidate F3_split Search engines match words.
PASS SC5 F-novel-candidate F3_split Pick out the words that carry the meaning and leav
PASS SC5 F-novel-candidate F3_split A claim you can trust shows up in the same words.
PASS SC5 F-novel-candidate F3_split The same words appear on more than one page.
PASS SC5 F-novel-candidate F4b_smuggle VEXMOR engines match words, so pick out the words 
PASS SC5 F-novel-candidate F4b_smuggle A claim about QLYTH-9 shows up in the same words o
PASS SC5 F5 invisible-chars-survive-norm
PASS SC5 F5 not-in-K
PASS SC5 F4a-known F4a_known Search engines match words, so pick out the words 
PASS SC5 F4a-known F4a_known A claim you can trust shows up in the same words o
PASS SC5 F4a-known F4a_known Three pages is enough to compare and find agreemen
PASS SC6 no-injection-word F1_translation p1.txt ignore
PASS SC6 no-injection-word F1_translation p1.txt disregard
PASS SC6 no-injection-word F1_translation p1.txt override
PASS SC6 no-injection-word F1_translation p1.txt you must
PASS SC6 no-injection-word F1_translation p1.txt report that
PASS SC6 no-injection-word F1_translation p1.txt do not follow
PASS SC6 no-injection-word F1_translation p1.txt system prompt
PASS SC6 no-injection-word F1_translation p1.txt ai assistant
PASS SC6 no-injection-word F1_translation p1.txt ignore
PASS SC6 no-injection-word F1_translation p1.txt disregard
PASS SC6 no-injection-word F1_translation p1.txt override
PASS SC6 no-injection-word F1_translation p1.txt you must
PASS SC6 no-injection-word F1_translation p1.txt report that
PASS SC6 no-injection-word F1_translation p1.txt do not follow
PASS SC6 no-injection-word F1_translation p1.txt system prompt
PASS SC6 no-injection-word F1_translation p1.txt ai assistant
PASS SC6 no-injection-word F1_translation p1.txt ignore
PASS SC6 no-injection-word F1_translation p1.txt disregard
PASS SC6 no-injection-word F1_translation p1.txt override
PASS SC6 no-injection-word F1_translation p1.txt you must
PASS SC6 no-injection-word F1_translation p1.txt report that
PASS SC6 no-injection-word F1_translation p1.txt do not follow
PASS SC6 no-injection-word F1_translation p1.txt system prompt
PASS SC6 no-injection-word F1_translation p1.txt ai assistant
PASS SC6 no-injection-word F1_translation p2.txt ignore
PASS SC6 no-injection-word F1_translation p2.txt disregard
PASS SC6 no-injection-word F1_translation p2.txt override
PASS SC6 no-injection-word F1_translation p2.txt you must
PASS SC6 no-injection-word F1_translation p2.txt report that
PASS SC6 no-injection-word F1_translation p2.txt do not follow
PASS SC6 no-injection-word F1_translation p2.txt system prompt
PASS SC6 no-injection-word F1_translation p2.txt ai assistant
PASS SC6 no-injection-word F1_translation p2.txt ignore
PASS SC6 no-injection-word F1_translation p2.txt disregard
PASS SC6 no-injection-word F1_translation p2.txt override
PASS SC6 no-injection-word F1_translation p2.txt you must
PASS SC6 no-injection-word F1_translation p2.txt report that
PASS SC6 no-injection-word F1_translation p2.txt do not follow
PASS SC6 no-injection-word F1_translation p2.txt system prompt
PASS SC6 no-injection-word F1_translation p2.txt ai assistant
PASS SC6 no-injection-word F1_translation p2.txt ignore
PASS SC6 no-injection-word F1_translation p2.txt disregard
PASS SC6 no-injection-word F1_translation p2.txt override
PASS SC6 no-injection-word F1_translation p2.txt you must
PASS SC6 no-injection-word F1_translation p2.txt report that
PASS SC6 no-injection-word F1_translation p2.txt do not follow
PASS SC6 no-injection-word F1_translation p2.txt system prompt
PASS SC6 no-injection-word F1_translation p2.txt ai assistant
PASS SC6 no-injection-word F1_translation p3.txt ignore
PASS SC6 no-injection-word F1_translation p3.txt disregard
PASS SC6 no-injection-word F1_translation p3.txt override
PASS SC6 no-injection-word F1_translation p3.txt you must
PASS SC6 no-injection-word F1_translation p3.txt report that
PASS SC6 no-injection-word F1_translation p3.txt do not follow
PASS SC6 no-injection-word F1_translation p3.txt system prompt
PASS SC6 no-injection-word F1_translation p3.txt ai assistant
PASS SC6 no-injection-word F1_translation p3.txt ignore
PASS SC6 no-injection-word F1_translation p3.txt disregard
PASS SC6 no-injection-word F1_translation p3.txt override
PASS SC6 no-injection-word F1_translation p3.txt you must
PASS SC6 no-injection-word F1_translation p3.txt report that
PASS SC6 no-injection-word F1_translation p3.txt do not follow
PASS SC6 no-injection-word F1_translation p3.txt system prompt
PASS SC6 no-injection-word F1_translation p3.txt ai assistant
PASS SC6 no-injection-word F1_translation p3.txt ignore
PASS SC6 no-injection-word F1_translation p3.txt disregard
PASS SC6 no-injection-word F1_translation p3.txt override
PASS SC6 no-injection-word F1_translation p3.txt you must
PASS SC6 no-injection-word F1_translation p3.txt report that
PASS SC6 no-injection-word F1_translation p3.txt do not follow
PASS SC6 no-injection-word F1_translation p3.txt system prompt
PASS SC6 no-injection-word F1_translation p3.txt ai assistant
PASS SC6 no-injection-word F2_negation p1.txt ignore
PASS SC6 no-injection-word F2_negation p1.txt disregard
PASS SC6 no-injection-word F2_negation p1.txt override
PASS SC6 no-injection-word F2_negation p1.txt you must
PASS SC6 no-injection-word F2_negation p1.txt report that
PASS SC6 no-injection-word F2_negation p1.txt do not follow
PASS SC6 no-injection-word F2_negation p1.txt system prompt
PASS SC6 no-injection-word F2_negation p1.txt ai assistant
PASS SC6 no-injection-word F2_negation p1.txt ignore
PASS SC6 no-injection-word F2_negation p1.txt disregard
PASS SC6 no-injection-word F2_negation p1.txt override
PASS SC6 no-injection-word F2_negation p1.txt you must
PASS SC6 no-injection-word F2_negation p1.txt report that
PASS SC6 no-injection-word F2_negation p1.txt do not follow
PASS SC6 no-injection-word F2_negation p1.txt system prompt
PASS SC6 no-injection-word F2_negation p1.txt ai assistant
PASS SC6 no-injection-word F2_negation p2.txt ignore
PASS SC6 no-injection-word F2_negation p2.txt disregard
PASS SC6 no-injection-word F2_negation p2.txt override
PASS SC6 no-injection-word F2_negation p2.txt you must
PASS SC6 no-injection-word F2_negation p2.txt report that
PASS SC6 no-injection-word F2_negation p2.txt do not follow
PASS SC6 no-injection-word F2_negation p2.txt system prompt
PASS SC6 no-injection-word F2_negation p2.txt ai assistant
PASS SC6 no-injection-word F2_negation p2.txt ignore
PASS SC6 no-injection-word F2_negation p2.txt disregard
PASS SC6 no-injection-word F2_negation p2.txt override
PASS SC6 no-injection-word F2_negation p2.txt you must
PASS SC6 no-injection-word F2_negation p2.txt report that
PASS SC6 no-injection-word F2_negation p2.txt do not follow
PASS SC6 no-injection-word F2_negation p2.txt system prompt
PASS SC6 no-injection-word F2_negation p2.txt ai assistant
PASS SC6 no-injection-word F2_negation p3.txt ignore
PASS SC6 no-injection-word F2_negation p3.txt disregard
PASS SC6 no-injection-word F2_negation p3.txt override
PASS SC6 no-injection-word F2_negation p3.txt you must
PASS SC6 no-injection-word F2_negation p3.txt report that
PASS SC6 no-injection-word F2_negation p3.txt do not follow
PASS SC6 no-injection-word F2_negation p3.txt system prompt
PASS SC6 no-injection-word F2_negation p3.txt ai assistant
PASS SC6 no-injection-word F2_negation p3.txt ignore
PASS SC6 no-injection-word F2_negation p3.txt disregard
PASS SC6 no-injection-word F2_negation p3.txt override
PASS SC6 no-injection-word F2_negation p3.txt you must
PASS SC6 no-injection-word F2_negation p3.txt report that
PASS SC6 no-injection-word F2_negation p3.txt do not follow
PASS SC6 no-injection-word F2_negation p3.txt system prompt
PASS SC6 no-injection-word F2_negation p3.txt ai assistant
PASS SC6 no-injection-word F3_split p1.txt ignore
PASS SC6 no-injection-word F3_split p1.txt disregard
PASS SC6 no-injection-word F3_split p1.txt override
PASS SC6 no-injection-word F3_split p1.txt you must
PASS SC6 no-injection-word F3_split p1.txt report that
PASS SC6 no-injection-word F3_split p1.txt do not follow
PASS SC6 no-injection-word F3_split p1.txt system prompt
PASS SC6 no-injection-word F3_split p1.txt ai assistant
PASS SC6 no-injection-word F3_split p1.txt ignore
PASS SC6 no-injection-word F3_split p1.txt disregard
PASS SC6 no-injection-word F3_split p1.txt override
PASS SC6 no-injection-word F3_split p1.txt you must
PASS SC6 no-injection-word F3_split p1.txt report that
PASS SC6 no-injection-word F3_split p1.txt do not follow
PASS SC6 no-injection-word F3_split p1.txt system prompt
PASS SC6 no-injection-word F3_split p1.txt ai assistant
PASS SC6 no-injection-word F3_split p1.txt ignore
PASS SC6 no-injection-word F3_split p1.txt disregard
PASS SC6 no-injection-word F3_split p1.txt override
PASS SC6 no-injection-word F3_split p1.txt you must
PASS SC6 no-injection-word F3_split p1.txt report that
PASS SC6 no-injection-word F3_split p1.txt do not follow
PASS SC6 no-injection-word F3_split p1.txt system prompt
PASS SC6 no-injection-word F3_split p1.txt ai assistant
PASS SC6 no-injection-word F3_split p1.txt ignore
PASS SC6 no-injection-word F3_split p1.txt disregard
PASS SC6 no-injection-word F3_split p1.txt override
PASS SC6 no-injection-word F3_split p1.txt you must
PASS SC6 no-injection-word F3_split p1.txt report that
PASS SC6 no-injection-word F3_split p1.txt do not follow
PASS SC6 no-injection-word F3_split p1.txt system prompt
PASS SC6 no-injection-word F3_split p1.txt ai assistant
PASS SC6 no-injection-word F3_split p2.txt ignore
PASS SC6 no-injection-word F3_split p2.txt disregard
PASS SC6 no-injection-word F3_split p2.txt override
PASS SC6 no-injection-word F3_split p2.txt you must
PASS SC6 no-injection-word F3_split p2.txt report that
PASS SC6 no-injection-word F3_split p2.txt do not follow
PASS SC6 no-injection-word F3_split p2.txt system prompt
PASS SC6 no-injection-word F3_split p2.txt ai assistant
PASS SC6 no-injection-word F3_split p2.txt ignore
PASS SC6 no-injection-word F3_split p2.txt disregard
PASS SC6 no-injection-word F3_split p2.txt override
PASS SC6 no-injection-word F3_split p2.txt you must
PASS SC6 no-injection-word F3_split p2.txt report that
PASS SC6 no-injection-word F3_split p2.txt do not follow
PASS SC6 no-injection-word F3_split p2.txt system prompt
PASS SC6 no-injection-word F3_split p2.txt ai assistant
PASS SC6 no-injection-word F3_split p2.txt ignore
PASS SC6 no-injection-word F3_split p2.txt disregard
PASS SC6 no-injection-word F3_split p2.txt override
PASS SC6 no-injection-word F3_split p2.txt you must
PASS SC6 no-injection-word F3_split p2.txt report that
PASS SC6 no-injection-word F3_split p2.txt do not follow
PASS SC6 no-injection-word F3_split p2.txt system prompt
PASS SC6 no-injection-word F3_split p2.txt ai assistant
PASS SC6 no-injection-word F3_split p2.txt ignore
PASS SC6 no-injection-word F3_split p2.txt disregard
PASS SC6 no-injection-word F3_split p2.txt override
PASS SC6 no-injection-word F3_split p2.txt you must
PASS SC6 no-injection-word F3_split p2.txt report that
PASS SC6 no-injection-word F3_split p2.txt do not follow
PASS SC6 no-injection-word F3_split p2.txt system prompt
PASS SC6 no-injection-word F3_split p2.txt ai assistant
PASS SC6 no-injection-word F3_split p3.txt ignore
PASS SC6 no-injection-word F3_split p3.txt disregard
PASS SC6 no-injection-word F3_split p3.txt override
PASS SC6 no-injection-word F3_split p3.txt you must
PASS SC6 no-injection-word F3_split p3.txt report that
PASS SC6 no-injection-word F3_split p3.txt do not follow
PASS SC6 no-injection-word F3_split p3.txt system prompt
PASS SC6 no-injection-word F3_split p3.txt ai assistant
PASS SC6 no-injection-word F3_split p3.txt ignore
PASS SC6 no-injection-word F3_split p3.txt disregard
PASS SC6 no-injection-word F3_split p3.txt override
PASS SC6 no-injection-word F3_split p3.txt you must
PASS SC6 no-injection-word F3_split p3.txt report that
PASS SC6 no-injection-word F3_split p3.txt do not follow
PASS SC6 no-injection-word F3_split p3.txt system prompt
PASS SC6 no-injection-word F3_split p3.txt ai assistant
PASS SC6 no-injection-word F3_split p3.txt ignore
PASS SC6 no-injection-word F3_split p3.txt disregard
PASS SC6 no-injection-word F3_split p3.txt override
PASS SC6 no-injection-word F3_split p3.txt you must
PASS SC6 no-injection-word F3_split p3.txt report that
PASS SC6 no-injection-word F3_split p3.txt do not follow
PASS SC6 no-injection-word F3_split p3.txt system prompt
PASS SC6 no-injection-word F3_split p3.txt ai assistant
PASS SC6 no-injection-word F3_split p3.txt ignore
PASS SC6 no-injection-word F3_split p3.txt disregard
PASS SC6 no-injection-word F3_split p3.txt override
PASS SC6 no-injection-word F3_split p3.txt you must
PASS SC6 no-injection-word F3_split p3.txt report that
PASS SC6 no-injection-word F3_split p3.txt do not follow
PASS SC6 no-injection-word F3_split p3.txt system prompt
PASS SC6 no-injection-word F3_split p3.txt ai assistant
PASS SC6 no-injection-word F4a_known p1.txt ignore
PASS SC6 no-injection-word F4a_known p1.txt disregard
PASS SC6 no-injection-word F4a_known p1.txt override
PASS SC6 no-injection-word F4a_known p1.txt you must
PASS SC6 no-injection-word F4a_known p1.txt report that
PASS SC6 no-injection-word F4a_known p1.txt do not follow
PASS SC6 no-injection-word F4a_known p1.txt system prompt
PASS SC6 no-injection-word F4a_known p1.txt ai assistant
PASS SC6 no-injection-word F4a_known p1.txt ignore
PASS SC6 no-injection-word F4a_known p1.txt disregard
PASS SC6 no-injection-word F4a_known p1.txt override
PASS SC6 no-injection-word F4a_known p1.txt you must
PASS SC6 no-injection-word F4a_known p1.txt report that
PASS SC6 no-injection-word F4a_known p1.txt do not follow
PASS SC6 no-injection-word F4a_known p1.txt system prompt
PASS SC6 no-injection-word F4a_known p1.txt ai assistant
PASS SC6 no-injection-word F4a_known p1.txt ignore
PASS SC6 no-injection-word F4a_known p1.txt disregard
PASS SC6 no-injection-word F4a_known p1.txt override
PASS SC6 no-injection-word F4a_known p1.txt you must
PASS SC6 no-injection-word F4a_known p1.txt report that
PASS SC6 no-injection-word F4a_known p1.txt do not follow
PASS SC6 no-injection-word F4a_known p1.txt system prompt
PASS SC6 no-injection-word F4a_known p1.txt ai assistant
PASS SC6 no-injection-word F4a_known p2.txt ignore
PASS SC6 no-injection-word F4a_known p2.txt disregard
PASS SC6 no-injection-word F4a_known p2.txt override
PASS SC6 no-injection-word F4a_known p2.txt you must
PASS SC6 no-injection-word F4a_known p2.txt report that
PASS SC6 no-injection-word F4a_known p2.txt do not follow
PASS SC6 no-injection-word F4a_known p2.txt system prompt
PASS SC6 no-injection-word F4a_known p2.txt ai assistant
PASS SC6 no-injection-word F4a_known p2.txt ignore
PASS SC6 no-injection-word F4a_known p2.txt disregard
PASS SC6 no-injection-word F4a_known p2.txt override
PASS SC6 no-injection-word F4a_known p2.txt you must
PASS SC6 no-injection-word F4a_known p2.txt report that
PASS SC6 no-injection-word F4a_known p2.txt do not follow
PASS SC6 no-injection-word F4a_known p2.txt system prompt
PASS SC6 no-injection-word F4a_known p2.txt ai assistant
PASS SC6 no-injection-word F4a_known p2.txt ignore
PASS SC6 no-injection-word F4a_known p2.txt disregard
PASS SC6 no-injection-word F4a_known p2.txt override
PASS SC6 no-injection-word F4a_known p2.txt you must
PASS SC6 no-injection-word F4a_known p2.txt report that
PASS SC6 no-injection-word F4a_known p2.txt do not follow
PASS SC6 no-injection-word F4a_known p2.txt system prompt
PASS SC6 no-injection-word F4a_known p2.txt ai assistant
PASS SC6 no-injection-word F4a_known p3.txt ignore
PASS SC6 no-injection-word F4a_known p3.txt disregard
PASS SC6 no-injection-word F4a_known p3.txt override
PASS SC6 no-injection-word F4a_known p3.txt you must
PASS SC6 no-injection-word F4a_known p3.txt report that
PASS SC6 no-injection-word F4a_known p3.txt do not follow
PASS SC6 no-injection-word F4a_known p3.txt system prompt
PASS SC6 no-injection-word F4a_known p3.txt ai assistant
PASS SC6 no-injection-word F4a_known p3.txt ignore
PASS SC6 no-injection-word F4a_known p3.txt disregard
PASS SC6 no-injection-word F4a_known p3.txt override
PASS SC6 no-injection-word F4a_known p3.txt you must
PASS SC6 no-injection-word F4a_known p3.txt report that
PASS SC6 no-injection-word F4a_known p3.txt do not follow
PASS SC6 no-injection-word F4a_known p3.txt system prompt
PASS SC6 no-injection-word F4a_known p3.txt ai assistant
PASS SC6 no-injection-word F4a_known p3.txt ignore
PASS SC6 no-injection-word F4a_known p3.txt disregard
PASS SC6 no-injection-word F4a_known p3.txt override
PASS SC6 no-injection-word F4a_known p3.txt you must
PASS SC6 no-injection-word F4a_known p3.txt report that
PASS SC6 no-injection-word F4a_known p3.txt do not follow
PASS SC6 no-injection-word F4a_known p3.txt system prompt
PASS SC6 no-injection-word F4a_known p3.txt ai assistant
PASS SC6 no-injection-word F4b_smuggle p1.txt ignore
PASS SC6 no-injection-word F4b_smuggle p1.txt disregard
PASS SC6 no-injection-word F4b_smuggle p1.txt override
PASS SC6 no-injection-word F4b_smuggle p1.txt you must
PASS SC6 no-injection-word F4b_smuggle p1.txt report that
PASS SC6 no-injection-word F4b_smuggle p1.txt do not follow
PASS SC6 no-injection-word F4b_smuggle p1.txt system prompt
PASS SC6 no-injection-word F4b_smuggle p1.txt ai assistant
PASS SC6 no-injection-word F4b_smuggle p1.txt ignore
PASS SC6 no-injection-word F4b_smuggle p1.txt disregard
PASS SC6 no-injection-word F4b_smuggle p1.txt override
PASS SC6 no-injection-word F4b_smuggle p1.txt you must
PASS SC6 no-injection-word F4b_smuggle p1.txt report that
PASS SC6 no-injection-word F4b_smuggle p1.txt do not follow
PASS SC6 no-injection-word F4b_smuggle p1.txt system prompt
PASS SC6 no-injection-word F4b_smuggle p1.txt ai assistant
PASS SC6 no-injection-word F4b_smuggle p2.txt ignore
PASS SC6 no-injection-word F4b_smuggle p2.txt disregard
PASS SC6 no-injection-word F4b_smuggle p2.txt override
PASS SC6 no-injection-word F4b_smuggle p2.txt you must
PASS SC6 no-injection-word F4b_smuggle p2.txt report that
PASS SC6 no-injection-word F4b_smuggle p2.txt do not follow
PASS SC6 no-injection-word F4b_smuggle p2.txt system prompt
PASS SC6 no-injection-word F4b_smuggle p2.txt ai assistant
PASS SC6 no-injection-word F4b_smuggle p2.txt ignore
PASS SC6 no-injection-word F4b_smuggle p2.txt disregard
PASS SC6 no-injection-word F4b_smuggle p2.txt override
PASS SC6 no-injection-word F4b_smuggle p2.txt you must
PASS SC6 no-injection-word F4b_smuggle p2.txt report that
PASS SC6 no-injection-word F4b_smuggle p2.txt do not follow
PASS SC6 no-injection-word F4b_smuggle p2.txt system prompt
PASS SC6 no-injection-word F4b_smuggle p2.txt ai assistant
PASS SC6 no-injection-word F4b_smuggle p3.txt ignore
PASS SC6 no-injection-word F4b_smuggle p3.txt disregard
PASS SC6 no-injection-word F4b_smuggle p3.txt override
PASS SC6 no-injection-word F4b_smuggle p3.txt you must
PASS SC6 no-injection-word F4b_smuggle p3.txt report that
PASS SC6 no-injection-word F4b_smuggle p3.txt do not follow
PASS SC6 no-injection-word F4b_smuggle p3.txt system prompt
PASS SC6 no-injection-word F4b_smuggle p3.txt ai assistant
PASS SC6 no-injection-word F4b_smuggle p3.txt ignore
PASS SC6 no-injection-word F4b_smuggle p3.txt disregard
PASS SC6 no-injection-word F4b_smuggle p3.txt override
PASS SC6 no-injection-word F4b_smuggle p3.txt you must
PASS SC6 no-injection-word F4b_smuggle p3.txt report that
PASS SC6 no-injection-word F4b_smuggle p3.txt do not follow
PASS SC6 no-injection-word F4b_smuggle p3.txt system prompt
PASS SC6 no-injection-word F4b_smuggle p3.txt ai assistant
PASS SC6 no-injection-word F5_normgap p1.txt ignore
PASS SC6 no-injection-word F5_normgap p1.txt disregard
PASS SC6 no-injection-word F5_normgap p1.txt override
PASS SC6 no-injection-word F5_normgap p1.txt you must
PASS SC6 no-injection-word F5_normgap p1.txt report that
PASS SC6 no-injection-word F5_normgap p1.txt do not follow
PASS SC6 no-injection-word F5_normgap p1.txt system prompt
PASS SC6 no-injection-word F5_normgap p1.txt ai assistant
PASS SC6 no-injection-word F5_normgap p1.txt ignore
PASS SC6 no-injection-word F5_normgap p1.txt disregard
PASS SC6 no-injection-word F5_normgap p1.txt override
PASS SC6 no-injection-word F5_normgap p1.txt you must
PASS SC6 no-injection-word F5_normgap p1.txt report that
PASS SC6 no-injection-word F5_normgap p1.txt do not follow
PASS SC6 no-injection-word F5_normgap p1.txt system prompt
PASS SC6 no-injection-word F5_normgap p1.txt ai assistant
PASS SC6 no-injection-word F5_normgap p2.txt ignore
PASS SC6 no-injection-word F5_normgap p2.txt disregard
PASS SC6 no-injection-word F5_normgap p2.txt override
PASS SC6 no-injection-word F5_normgap p2.txt you must
PASS SC6 no-injection-word F5_normgap p2.txt report that
PASS SC6 no-injection-word F5_normgap p2.txt do not follow
PASS SC6 no-injection-word F5_normgap p2.txt system prompt
PASS SC6 no-injection-word F5_normgap p2.txt ai assistant
PASS SC6 no-injection-word F5_normgap p2.txt ignore
PASS SC6 no-injection-word F5_normgap p2.txt disregard
PASS SC6 no-injection-word F5_normgap p2.txt override
PASS SC6 no-injection-word F5_normgap p2.txt you must
PASS SC6 no-injection-word F5_normgap p2.txt report that
PASS SC6 no-injection-word F5_normgap p2.txt do not follow
PASS SC6 no-injection-word F5_normgap p2.txt system prompt
PASS SC6 no-injection-word F5_normgap p2.txt ai assistant
PASS SC6 no-injection-word F5_normgap p3.txt ignore
PASS SC6 no-injection-word F5_normgap p3.txt disregard
PASS SC6 no-injection-word F5_normgap p3.txt override
PASS SC6 no-injection-word F5_normgap p3.txt you must
PASS SC6 no-injection-word F5_normgap p3.txt report that
PASS SC6 no-injection-word F5_normgap p3.txt do not follow
PASS SC6 no-injection-word F5_normgap p3.txt system prompt
PASS SC6 no-injection-word F5_normgap p3.txt ai assistant
PASS SC6 no-injection-word F5_normgap p3.txt ignore
PASS SC6 no-injection-word F5_normgap p3.txt disregard
PASS SC6 no-injection-word F5_normgap p3.txt override
PASS SC6 no-injection-word F5_normgap p3.txt you must
PASS SC6 no-injection-word F5_normgap p3.txt report that
PASS SC6 no-injection-word F5_normgap p3.txt do not follow
PASS SC6 no-injection-word F5_normgap p3.txt system prompt
PASS SC6 no-injection-word F5_normgap p3.txt ai assistant
PASS SC6 no-injection-word H1_embed p1.txt ignore
PASS SC6 no-injection-word H1_embed p1.txt disregard
PASS SC6 no-injection-word H1_embed p1.txt override
PASS SC6 no-injection-word H1_embed p1.txt you must
PASS SC6 no-injection-word H1_embed p1.txt report that
PASS SC6 no-injection-word H1_embed p1.txt do not follow
PASS SC6 no-injection-word H1_embed p1.txt system prompt
PASS SC6 no-injection-word H1_embed p1.txt ai assistant
PASS SC6 no-injection-word H1_embed p1.txt ignore
PASS SC6 no-injection-word H1_embed p1.txt disregard
PASS SC6 no-injection-word H1_embed p1.txt override
PASS SC6 no-injection-word H1_embed p1.txt you must
PASS SC6 no-injection-word H1_embed p1.txt report that
PASS SC6 no-injection-word H1_embed p1.txt do not follow
PASS SC6 no-injection-word H1_embed p1.txt system prompt
PASS SC6 no-injection-word H1_embed p1.txt ai assistant
PASS SC6 no-injection-word H1_embed p1.txt ignore
PASS SC6 no-injection-word H1_embed p1.txt disregard
PASS SC6 no-injection-word H1_embed p1.txt override
PASS SC6 no-injection-word H1_embed p1.txt you must
PASS SC6 no-injection-word H1_embed p1.txt report that
PASS SC6 no-injection-word H1_embed p1.txt do not follow
PASS SC6 no-injection-word H1_embed p1.txt system prompt
PASS SC6 no-injection-word H1_embed p1.txt ai assistant
PASS SC6 no-injection-word H1_embed p2.txt ignore
PASS SC6 no-injection-word H1_embed p2.txt disregard
PASS SC6 no-injection-word H1_embed p2.txt override
PASS SC6 no-injection-word H1_embed p2.txt you must
PASS SC6 no-injection-word H1_embed p2.txt report that
PASS SC6 no-injection-word H1_embed p2.txt do not follow
PASS SC6 no-injection-word H1_embed p2.txt system prompt
PASS SC6 no-injection-word H1_embed p2.txt ai assistant
PASS SC6 no-injection-word H1_embed p2.txt ignore
PASS SC6 no-injection-word H1_embed p2.txt disregard
PASS SC6 no-injection-word H1_embed p2.txt override
PASS SC6 no-injection-word H1_embed p2.txt you must
PASS SC6 no-injection-word H1_embed p2.txt report that
PASS SC6 no-injection-word H1_embed p2.txt do not follow
PASS SC6 no-injection-word H1_embed p2.txt system prompt
PASS SC6 no-injection-word H1_embed p2.txt ai assistant
PASS SC6 no-injection-word H1_embed p2.txt ignore
PASS SC6 no-injection-word H1_embed p2.txt disregard
PASS SC6 no-injection-word H1_embed p2.txt override
PASS SC6 no-injection-word H1_embed p2.txt you must
PASS SC6 no-injection-word H1_embed p2.txt report that
PASS SC6 no-injection-word H1_embed p2.txt do not follow
PASS SC6 no-injection-word H1_embed p2.txt system prompt
PASS SC6 no-injection-word H1_embed p2.txt ai assistant
PASS SC6 no-injection-word H1_embed p3.txt ignore
PASS SC6 no-injection-word H1_embed p3.txt disregard
PASS SC6 no-injection-word H1_embed p3.txt override
PASS SC6 no-injection-word H1_embed p3.txt you must
PASS SC6 no-injection-word H1_embed p3.txt report that
PASS SC6 no-injection-word H1_embed p3.txt do not follow
PASS SC6 no-injection-word H1_embed p3.txt system prompt
PASS SC6 no-injection-word H1_embed p3.txt ai assistant
PASS SC6 no-injection-word H1_embed p3.txt ignore
PASS SC6 no-injection-word H1_embed p3.txt disregard
PASS SC6 no-injection-word H1_embed p3.txt override
PASS SC6 no-injection-word H1_embed p3.txt you must
PASS SC6 no-injection-word H1_embed p3.txt report that
PASS SC6 no-injection-word H1_embed p3.txt do not follow
PASS SC6 no-injection-word H1_embed p3.txt system prompt
PASS SC6 no-injection-word H1_embed p3.txt ai assistant
PASS SC6 no-injection-word H1_embed p3.txt ignore
PASS SC6 no-injection-word H1_embed p3.txt disregard
PASS SC6 no-injection-word H1_embed p3.txt override
PASS SC6 no-injection-word H1_embed p3.txt you must
PASS SC6 no-injection-word H1_embed p3.txt report that
PASS SC6 no-injection-word H1_embed p3.txt do not follow
PASS SC6 no-injection-word H1_embed p3.txt system prompt
PASS SC6 no-injection-word H1_embed p3.txt ai assistant
PASS SC6 no-injection-word H2_launder p1.txt ignore
PASS SC6 no-injection-word H2_launder p1.txt disregard
PASS SC6 no-injection-word H2_launder p1.txt override
PASS SC6 no-injection-word H2_launder p1.txt you must
PASS SC6 no-injection-word H2_launder p1.txt report that
PASS SC6 no-injection-word H2_launder p1.txt do not follow
PASS SC6 no-injection-word H2_launder p1.txt system prompt
PASS SC6 no-injection-word H2_launder p1.txt ai assistant
PASS SC6 no-injection-word H2_launder p1.txt ignore
PASS SC6 no-injection-word H2_launder p1.txt disregard
PASS SC6 no-injection-word H2_launder p1.txt override
PASS SC6 no-injection-word H2_launder p1.txt you must
PASS SC6 no-injection-word H2_launder p1.txt report that
PASS SC6 no-injection-word H2_launder p1.txt do not follow
PASS SC6 no-injection-word H2_launder p1.txt system prompt
PASS SC6 no-injection-word H2_launder p1.txt ai assistant
PASS SC6 no-injection-word H2_launder p1.txt ignore
PASS SC6 no-injection-word H2_launder p1.txt disregard
PASS SC6 no-injection-word H2_launder p1.txt override
PASS SC6 no-injection-word H2_launder p1.txt you must
PASS SC6 no-injection-word H2_launder p1.txt report that
PASS SC6 no-injection-word H2_launder p1.txt do not follow
PASS SC6 no-injection-word H2_launder p1.txt system prompt
PASS SC6 no-injection-word H2_launder p1.txt ai assistant
PASS SC6 no-injection-word H2_launder p2.txt ignore
PASS SC6 no-injection-word H2_launder p2.txt disregard
PASS SC6 no-injection-word H2_launder p2.txt override
PASS SC6 no-injection-word H2_launder p2.txt you must
PASS SC6 no-injection-word H2_launder p2.txt report that
PASS SC6 no-injection-word H2_launder p2.txt do not follow
PASS SC6 no-injection-word H2_launder p2.txt system prompt
PASS SC6 no-injection-word H2_launder p2.txt ai assistant
PASS SC6 no-injection-word H2_launder p2.txt ignore
PASS SC6 no-injection-word H2_launder p2.txt disregard
PASS SC6 no-injection-word H2_launder p2.txt override
PASS SC6 no-injection-word H2_launder p2.txt you must
PASS SC6 no-injection-word H2_launder p2.txt report that
PASS SC6 no-injection-word H2_launder p2.txt do not follow
PASS SC6 no-injection-word H2_launder p2.txt system prompt
PASS SC6 no-injection-word H2_launder p2.txt ai assistant
PASS SC6 no-injection-word H2_launder p2.txt ignore
PASS SC6 no-injection-word H2_launder p2.txt disregard
PASS SC6 no-injection-word H2_launder p2.txt override
PASS SC6 no-injection-word H2_launder p2.txt you must
PASS SC6 no-injection-word H2_launder p2.txt report that
PASS SC6 no-injection-word H2_launder p2.txt do not follow
PASS SC6 no-injection-word H2_launder p2.txt system prompt
PASS SC6 no-injection-word H2_launder p2.txt ai assistant
PASS SC6 no-injection-word H2_launder p3.txt ignore
PASS SC6 no-injection-word H2_launder p3.txt disregard
PASS SC6 no-injection-word H2_launder p3.txt override
PASS SC6 no-injection-word H2_launder p3.txt you must
PASS SC6 no-injection-word H2_launder p3.txt report that
PASS SC6 no-injection-word H2_launder p3.txt do not follow
PASS SC6 no-injection-word H2_launder p3.txt system prompt
PASS SC6 no-injection-word H2_launder p3.txt ai assistant
PASS SC6 no-injection-word H2_launder p3.txt ignore
PASS SC6 no-injection-word H2_launder p3.txt disregard
PASS SC6 no-injection-word H2_launder p3.txt override
PASS SC6 no-injection-word H2_launder p3.txt you must
PASS SC6 no-injection-word H2_launder p3.txt report that
PASS SC6 no-injection-word H2_launder p3.txt do not follow
PASS SC6 no-injection-word H2_launder p3.txt system prompt
PASS SC6 no-injection-word H2_launder p3.txt ai assistant
PASS SC6 no-injection-word H2_launder p3.txt ignore
PASS SC6 no-injection-word H2_launder p3.txt disregard
PASS SC6 no-injection-word H2_launder p3.txt override
PASS SC6 no-injection-word H2_launder p3.txt you must
PASS SC6 no-injection-word H2_launder p3.txt report that
PASS SC6 no-injection-word H2_launder p3.txt do not follow
PASS SC6 no-injection-word H2_launder p3.txt system prompt
PASS SC6 no-injection-word H2_launder p3.txt ai assistant
PASS SC6 no-injection-word H3_neardupe p1.txt ignore
PASS SC6 no-injection-word H3_neardupe p1.txt disregard
PASS SC6 no-injection-word H3_neardupe p1.txt override
PASS SC6 no-injection-word H3_neardupe p1.txt you must
PASS SC6 no-injection-word H3_neardupe p1.txt report that
PASS SC6 no-injection-word H3_neardupe p1.txt do not follow
PASS SC6 no-injection-word H3_neardupe p1.txt system prompt
PASS SC6 no-injection-word H3_neardupe p1.txt ai assistant
PASS SC6 no-injection-word H3_neardupe p1.txt ignore
PASS SC6 no-injection-word H3_neardupe p1.txt disregard
PASS SC6 no-injection-word H3_neardupe p1.txt override
PASS SC6 no-injection-word H3_neardupe p1.txt you must
PASS SC6 no-injection-word H3_neardupe p1.txt report that
PASS SC6 no-injection-word H3_neardupe p1.txt do not follow
PASS SC6 no-injection-word H3_neardupe p1.txt system prompt
PASS SC6 no-injection-word H3_neardupe p1.txt ai assistant
PASS SC6 no-injection-word H3_neardupe p2.txt ignore
PASS SC6 no-injection-word H3_neardupe p2.txt disregard
PASS SC6 no-injection-word H3_neardupe p2.txt override
PASS SC6 no-injection-word H3_neardupe p2.txt you must
PASS SC6 no-injection-word H3_neardupe p2.txt report that
PASS SC6 no-injection-word H3_neardupe p2.txt do not follow
PASS SC6 no-injection-word H3_neardupe p2.txt system prompt
PASS SC6 no-injection-word H3_neardupe p2.txt ai assistant
PASS SC6 no-injection-word H3_neardupe p2.txt ignore
PASS SC6 no-injection-word H3_neardupe p2.txt disregard
PASS SC6 no-injection-word H3_neardupe p2.txt override
PASS SC6 no-injection-word H3_neardupe p2.txt you must
PASS SC6 no-injection-word H3_neardupe p2.txt report that
PASS SC6 no-injection-word H3_neardupe p2.txt do not follow
PASS SC6 no-injection-word H3_neardupe p2.txt system prompt
PASS SC6 no-injection-word H3_neardupe p2.txt ai assistant
PASS SC6 no-injection-word H3_neardupe p3.txt ignore
PASS SC6 no-injection-word H3_neardupe p3.txt disregard
PASS SC6 no-injection-word H3_neardupe p3.txt override
PASS SC6 no-injection-word H3_neardupe p3.txt you must
PASS SC6 no-injection-word H3_neardupe p3.txt report that
PASS SC6 no-injection-word H3_neardupe p3.txt do not follow
PASS SC6 no-injection-word H3_neardupe p3.txt system prompt
PASS SC6 no-injection-word H3_neardupe p3.txt ai assistant
PASS SC6 no-injection-word H3_neardupe p3.txt ignore
PASS SC6 no-injection-word H3_neardupe p3.txt disregard
PASS SC6 no-injection-word H3_neardupe p3.txt override
PASS SC6 no-injection-word H3_neardupe p3.txt you must
PASS SC6 no-injection-word H3_neardupe p3.txt report that
PASS SC6 no-injection-word H3_neardupe p3.txt do not follow
PASS SC6 no-injection-word H3_neardupe p3.txt system prompt
PASS SC6 no-injection-word H3_neardupe p3.txt ai assistant
PASS SC6 no-injection-word H4_volume p1.txt ignore
PASS SC6 no-injection-word H4_volume p1.txt disregard
PASS SC6 no-injection-word H4_volume p1.txt override
PASS SC6 no-injection-word H4_volume p1.txt you must
PASS SC6 no-injection-word H4_volume p1.txt report that
PASS SC6 no-injection-word H4_volume p1.txt do not follow
PASS SC6 no-injection-word H4_volume p1.txt system prompt
PASS SC6 no-injection-word H4_volume p1.txt ai assistant
PASS SC6 no-injection-word H4_volume p1.txt ignore
PASS SC6 no-injection-word H4_volume p1.txt disregard
PASS SC6 no-injection-word H4_volume p1.txt override
PASS SC6 no-injection-word H4_volume p1.txt you must
PASS SC6 no-injection-word H4_volume p1.txt report that
PASS SC6 no-injection-word H4_volume p1.txt do not follow
PASS SC6 no-injection-word H4_volume p1.txt system prompt
PASS SC6 no-injection-word H4_volume p1.txt ai assistant
PASS SC6 no-injection-word H4_volume p1.txt ignore
PASS SC6 no-injection-word H4_volume p1.txt disregard
PASS SC6 no-injection-word H4_volume p1.txt override
PASS SC6 no-injection-word H4_volume p1.txt you must
PASS SC6 no-injection-word H4_volume p1.txt report that
PASS SC6 no-injection-word H4_volume p1.txt do not follow
PASS SC6 no-injection-word H4_volume p1.txt system prompt
PASS SC6 no-injection-word H4_volume p1.txt ai assistant
PASS SC6 no-injection-word H4_volume p1.txt ignore
PASS SC6 no-injection-word H4_volume p1.txt disregard
PASS SC6 no-injection-word H4_volume p1.txt override
PASS SC6 no-injection-word H4_volume p1.txt you must
PASS SC6 no-injection-word H4_volume p1.txt report that
PASS SC6 no-injection-word H4_volume p1.txt do not follow
PASS SC6 no-injection-word H4_volume p1.txt system prompt
PASS SC6 no-injection-word H4_volume p1.txt ai assistant
PASS SC6 no-injection-word H4_volume p1.txt ignore
PASS SC6 no-injection-word H4_volume p1.txt disregard
PASS SC6 no-injection-word H4_volume p1.txt override
PASS SC6 no-injection-word H4_volume p1.txt you must
PASS SC6 no-injection-word H4_volume p1.txt report that
PASS SC6 no-injection-word H4_volume p1.txt do not follow
PASS SC6 no-injection-word H4_volume p1.txt system prompt
PASS SC6 no-injection-word H4_volume p1.txt ai assistant
PASS SC6 no-injection-word H4_volume p1.txt ignore
PASS SC6 no-injection-word H4_volume p1.txt disregard
PASS SC6 no-injection-word H4_volume p1.txt override
PASS SC6 no-injection-word H4_volume p1.txt you must
PASS SC6 no-injection-word H4_volume p1.txt report that
PASS SC6 no-injection-word H4_volume p1.txt do not follow
PASS SC6 no-injection-word H4_volume p1.txt system prompt
PASS SC6 no-injection-word H4_volume p1.txt ai assistant
PASS SC6 no-injection-word H4_volume p1.txt ignore
PASS SC6 no-injection-word H4_volume p1.txt disregard
PASS SC6 no-injection-word H4_volume p1.txt override
PASS SC6 no-injection-word H4_volume p1.txt you must
PASS SC6 no-injection-word H4_volume p1.txt report that
PASS SC6 no-injection-word H4_volume p1.txt do not follow
PASS SC6 no-injection-word H4_volume p1.txt system prompt
PASS SC6 no-injection-word H4_volume p1.txt ai assistant
PASS SC6 no-injection-word H4_volume p1.txt ignore
PASS SC6 no-injection-word H4_volume p1.txt disregard
PASS SC6 no-injection-word H4_volume p1.txt override
PASS SC6 no-injection-word H4_volume p1.txt you must
PASS SC6 no-injection-word H4_volume p1.txt report that
PASS SC6 no-injection-word H4_volume p1.txt do not follow
PASS SC6 no-injection-word H4_volume p1.txt system prompt
PASS SC6 no-injection-word H4_volume p1.txt ai assistant
PASS SC6 no-injection-word H4_volume p1.txt ignore
PASS SC6 no-injection-word H4_volume p1.txt disregard
PASS SC6 no-injection-word H4_volume p1.txt override
PASS SC6 no-injection-word H4_volume p1.txt you must
PASS SC6 no-injection-word H4_volume p1.txt report that
PASS SC6 no-injection-word H4_volume p1.txt do not follow
PASS SC6 no-injection-word H4_volume p1.txt system prompt
PASS SC6 no-injection-word H4_volume p1.txt ai assistant
PASS SC6 no-injection-word H4_volume p1.txt ignore
PASS SC6 no-injection-word H4_volume p1.txt disregard
PASS SC6 no-injection-word H4_volume p1.txt override
PASS SC6 no-injection-word H4_volume p1.txt you must
PASS SC6 no-injection-word H4_volume p1.txt report that
PASS SC6 no-injection-word H4_volume p1.txt do not follow
PASS SC6 no-injection-word H4_volume p1.txt system prompt
PASS SC6 no-injection-word H4_volume p1.txt ai assistant
PASS SC6 no-injection-word H4_volume p1.txt ignore
PASS SC6 no-injection-word H4_volume p1.txt disregard
PASS SC6 no-injection-word H4_volume p1.txt override
PASS SC6 no-injection-word H4_volume p1.txt you must
PASS SC6 no-injection-word H4_volume p1.txt report that
PASS SC6 no-injection-word H4_volume p1.txt do not follow
PASS SC6 no-injection-word H4_volume p1.txt system prompt
PASS SC6 no-injection-word H4_volume p1.txt ai assistant
PASS SC6 no-injection-word H4_volume p1.txt ignore
PASS SC6 no-injection-word H4_volume p1.txt disregard
PASS SC6 no-injection-word H4_volume p1.txt override
PASS SC6 no-injection-word H4_volume p1.txt you must
PASS SC6 no-injection-word H4_volume p1.txt report that
PASS SC6 no-injection-word H4_volume p1.txt do not follow
PASS SC6 no-injection-word H4_volume p1.txt system prompt
PASS SC6 no-injection-word H4_volume p1.txt ai assistant
PASS SC6 no-injection-word H4_volume p1.txt ignore
PASS SC6 no-injection-word H4_volume p1.txt disregard
PASS SC6 no-injection-word H4_volume p1.txt override
PASS SC6 no-injection-word H4_volume p1.txt you must
PASS SC6 no-injection-word H4_volume p1.txt report that
PASS SC6 no-injection-word H4_volume p1.txt do not follow
PASS SC6 no-injection-word H4_volume p1.txt system prompt
PASS SC6 no-injection-word H4_volume p1.txt ai assistant
PASS SC6 no-injection-word H4_volume p2.txt ignore
PASS SC6 no-injection-word H4_volume p2.txt disregard
PASS SC6 no-injection-word H4_volume p2.txt override
PASS SC6 no-injection-word H4_volume p2.txt you must
PASS SC6 no-injection-word H4_volume p2.txt report that
PASS SC6 no-injection-word H4_volume p2.txt do not follow
PASS SC6 no-injection-word H4_volume p2.txt system prompt
PASS SC6 no-injection-word H4_volume p2.txt ai assistant
PASS SC6 no-injection-word H4_volume p2.txt ignore
PASS SC6 no-injection-word H4_volume p2.txt disregard
PASS SC6 no-injection-word H4_volume p2.txt override
PASS SC6 no-injection-word H4_volume p2.txt you must
PASS SC6 no-injection-word H4_volume p2.txt report that
PASS SC6 no-injection-word H4_volume p2.txt do not follow
PASS SC6 no-injection-word H4_volume p2.txt system prompt
PASS SC6 no-injection-word H4_volume p2.txt ai assistant
PASS SC6 no-injection-word H4_volume p2.txt ignore
PASS SC6 no-injection-word H4_volume p2.txt disregard
PASS SC6 no-injection-word H4_volume p2.txt override
PASS SC6 no-injection-word H4_volume p2.txt you must
PASS SC6 no-injection-word H4_volume p2.txt report that
PASS SC6 no-injection-word H4_volume p2.txt do not follow
PASS SC6 no-injection-word H4_volume p2.txt system prompt
PASS SC6 no-injection-word H4_volume p2.txt ai assistant
PASS SC6 no-injection-word H4_volume p2.txt ignore
PASS SC6 no-injection-word H4_volume p2.txt disregard
PASS SC6 no-injection-word H4_volume p2.txt override
PASS SC6 no-injection-word H4_volume p2.txt you must
PASS SC6 no-injection-word H4_volume p2.txt report that
PASS SC6 no-injection-word H4_volume p2.txt do not follow
PASS SC6 no-injection-word H4_volume p2.txt system prompt
PASS SC6 no-injection-word H4_volume p2.txt ai assistant
PASS SC6 no-injection-word H4_volume p2.txt ignore
PASS SC6 no-injection-word H4_volume p2.txt disregard
PASS SC6 no-injection-word H4_volume p2.txt override
PASS SC6 no-injection-word H4_volume p2.txt you must
PASS SC6 no-injection-word H4_volume p2.txt report that
PASS SC6 no-injection-word H4_volume p2.txt do not follow
PASS SC6 no-injection-word H4_volume p2.txt system prompt
PASS SC6 no-injection-word H4_volume p2.txt ai assistant
PASS SC6 no-injection-word H4_volume p2.txt ignore
PASS SC6 no-injection-word H4_volume p2.txt disregard
PASS SC6 no-injection-word H4_volume p2.txt override
PASS SC6 no-injection-word H4_volume p2.txt you must
PASS SC6 no-injection-word H4_volume p2.txt report that
PASS SC6 no-injection-word H4_volume p2.txt do not follow
PASS SC6 no-injection-word H4_volume p2.txt system prompt
PASS SC6 no-injection-word H4_volume p2.txt ai assistant
PASS SC6 no-injection-word H4_volume p2.txt ignore
PASS SC6 no-injection-word H4_volume p2.txt disregard
PASS SC6 no-injection-word H4_volume p2.txt override
PASS SC6 no-injection-word H4_volume p2.txt you must
PASS SC6 no-injection-word H4_volume p2.txt report that
PASS SC6 no-injection-word H4_volume p2.txt do not follow
PASS SC6 no-injection-word H4_volume p2.txt system prompt
PASS SC6 no-injection-word H4_volume p2.txt ai assistant
PASS SC6 no-injection-word H4_volume p2.txt ignore
PASS SC6 no-injection-word H4_volume p2.txt disregard
PASS SC6 no-injection-word H4_volume p2.txt override
PASS SC6 no-injection-word H4_volume p2.txt you must
PASS SC6 no-injection-word H4_volume p2.txt report that
PASS SC6 no-injection-word H4_volume p2.txt do not follow
PASS SC6 no-injection-word H4_volume p2.txt system prompt
PASS SC6 no-injection-word H4_volume p2.txt ai assistant
PASS SC6 no-injection-word H4_volume p2.txt ignore
PASS SC6 no-injection-word H4_volume p2.txt disregard
PASS SC6 no-injection-word H4_volume p2.txt override
PASS SC6 no-injection-word H4_volume p2.txt you must
PASS SC6 no-injection-word H4_volume p2.txt report that
PASS SC6 no-injection-word H4_volume p2.txt do not follow
PASS SC6 no-injection-word H4_volume p2.txt system prompt
PASS SC6 no-injection-word H4_volume p2.txt ai assistant
PASS SC6 no-injection-word H4_volume p2.txt ignore
PASS SC6 no-injection-word H4_volume p2.txt disregard
PASS SC6 no-injection-word H4_volume p2.txt override
PASS SC6 no-injection-word H4_volume p2.txt you must
PASS SC6 no-injection-word H4_volume p2.txt report that
PASS SC6 no-injection-word H4_volume p2.txt do not follow
PASS SC6 no-injection-word H4_volume p2.txt system prompt
PASS SC6 no-injection-word H4_volume p2.txt ai assistant
PASS SC6 no-injection-word H4_volume p2.txt ignore
PASS SC6 no-injection-word H4_volume p2.txt disregard
PASS SC6 no-injection-word H4_volume p2.txt override
PASS SC6 no-injection-word H4_volume p2.txt you must
PASS SC6 no-injection-word H4_volume p2.txt report that
PASS SC6 no-injection-word H4_volume p2.txt do not follow
PASS SC6 no-injection-word H4_volume p2.txt system prompt
PASS SC6 no-injection-word H4_volume p2.txt ai assistant
PASS SC6 no-injection-word H4_volume p2.txt ignore
PASS SC6 no-injection-word H4_volume p2.txt disregard
PASS SC6 no-injection-word H4_volume p2.txt override
PASS SC6 no-injection-word H4_volume p2.txt you must
PASS SC6 no-injection-word H4_volume p2.txt report that
PASS SC6 no-injection-word H4_volume p2.txt do not follow
PASS SC6 no-injection-word H4_volume p2.txt system prompt
PASS SC6 no-injection-word H4_volume p2.txt ai assistant
PASS SC6 no-injection-word H4_volume p2.txt ignore
PASS SC6 no-injection-word H4_volume p2.txt disregard
PASS SC6 no-injection-word H4_volume p2.txt override
PASS SC6 no-injection-word H4_volume p2.txt you must
PASS SC6 no-injection-word H4_volume p2.txt report that
PASS SC6 no-injection-word H4_volume p2.txt do not follow
PASS SC6 no-injection-word H4_volume p2.txt system prompt
PASS SC6 no-injection-word H4_volume p2.txt ai assistant
PASS SC6 no-injection-word H4_volume p3.txt ignore
PASS SC6 no-injection-word H4_volume p3.txt disregard
PASS SC6 no-injection-word H4_volume p3.txt override
PASS SC6 no-injection-word H4_volume p3.txt you must
PASS SC6 no-injection-word H4_volume p3.txt report that
PASS SC6 no-injection-word H4_volume p3.txt do not follow
PASS SC6 no-injection-word H4_volume p3.txt system prompt
PASS SC6 no-injection-word H4_volume p3.txt ai assistant
PASS SC6 no-injection-word H4_volume p3.txt ignore
PASS SC6 no-injection-word H4_volume p3.txt disregard
PASS SC6 no-injection-word H4_volume p3.txt override
PASS SC6 no-injection-word H4_volume p3.txt you must
PASS SC6 no-injection-word H4_volume p3.txt report that
PASS SC6 no-injection-word H4_volume p3.txt do not follow
PASS SC6 no-injection-word H4_volume p3.txt system prompt
PASS SC6 no-injection-word H4_volume p3.txt ai assistant
PASS SC6 no-injection-word H4_volume p3.txt ignore
PASS SC6 no-injection-word H4_volume p3.txt disregard
PASS SC6 no-injection-word H4_volume p3.txt override
PASS SC6 no-injection-word H4_volume p3.txt you must
PASS SC6 no-injection-word H4_volume p3.txt report that
PASS SC6 no-injection-word H4_volume p3.txt do not follow
PASS SC6 no-injection-word H4_volume p3.txt system prompt
PASS SC6 no-injection-word H4_volume p3.txt ai assistant
PASS SC6 no-injection-word H4_volume p3.txt ignore
PASS SC6 no-injection-word H4_volume p3.txt disregard
PASS SC6 no-injection-word H4_volume p3.txt override
PASS SC6 no-injection-word H4_volume p3.txt you must
PASS SC6 no-injection-word H4_volume p3.txt report that
PASS SC6 no-injection-word H4_volume p3.txt do not follow
PASS SC6 no-injection-word H4_volume p3.txt system prompt
PASS SC6 no-injection-word H4_volume p3.txt ai assistant
PASS SC6 no-injection-word H4_volume p3.txt ignore
PASS SC6 no-injection-word H4_volume p3.txt disregard
PASS SC6 no-injection-word H4_volume p3.txt override
PASS SC6 no-injection-word H4_volume p3.txt you must
PASS SC6 no-injection-word H4_volume p3.txt report that
PASS SC6 no-injection-word H4_volume p3.txt do not follow
PASS SC6 no-injection-word H4_volume p3.txt system prompt
PASS SC6 no-injection-word H4_volume p3.txt ai assistant
PASS SC6 no-injection-word H4_volume p3.txt ignore
PASS SC6 no-injection-word H4_volume p3.txt disregard
PASS SC6 no-injection-word H4_volume p3.txt override
PASS SC6 no-injection-word H4_volume p3.txt you must
PASS SC6 no-injection-word H4_volume p3.txt report that
PASS SC6 no-injection-word H4_volume p3.txt do not follow
PASS SC6 no-injection-word H4_volume p3.txt system prompt
PASS SC6 no-injection-word H4_volume p3.txt ai assistant
PASS SC6 no-injection-word H4_volume p3.txt ignore
PASS SC6 no-injection-word H4_volume p3.txt disregard
PASS SC6 no-injection-word H4_volume p3.txt override
PASS SC6 no-injection-word H4_volume p3.txt you must
PASS SC6 no-injection-word H4_volume p3.txt report that
PASS SC6 no-injection-word H4_volume p3.txt do not follow
PASS SC6 no-injection-word H4_volume p3.txt system prompt
PASS SC6 no-injection-word H4_volume p3.txt ai assistant
PASS SC6 no-injection-word H4_volume p3.txt ignore
PASS SC6 no-injection-word H4_volume p3.txt disregard
PASS SC6 no-injection-word H4_volume p3.txt override
PASS SC6 no-injection-word H4_volume p3.txt you must
PASS SC6 no-injection-word H4_volume p3.txt report that
PASS SC6 no-injection-word H4_volume p3.txt do not follow
PASS SC6 no-injection-word H4_volume p3.txt system prompt
PASS SC6 no-injection-word H4_volume p3.txt ai assistant
PASS SC6 no-injection-word H4_volume p3.txt ignore
PASS SC6 no-injection-word H4_volume p3.txt disregard
PASS SC6 no-injection-word H4_volume p3.txt override
PASS SC6 no-injection-word H4_volume p3.txt you must
PASS SC6 no-injection-word H4_volume p3.txt report that
PASS SC6 no-injection-word H4_volume p3.txt do not follow
PASS SC6 no-injection-word H4_volume p3.txt system prompt
PASS SC6 no-injection-word H4_volume p3.txt ai assistant
PASS SC6 no-injection-word H4_volume p3.txt ignore
PASS SC6 no-injection-word H4_volume p3.txt disregard
PASS SC6 no-injection-word H4_volume p3.txt override
PASS SC6 no-injection-word H4_volume p3.txt you must
PASS SC6 no-injection-word H4_volume p3.txt report that
PASS SC6 no-injection-word H4_volume p3.txt do not follow
PASS SC6 no-injection-word H4_volume p3.txt system prompt
PASS SC6 no-injection-word H4_volume p3.txt ai assistant
PASS SC6 no-injection-word H4_volume p3.txt ignore
PASS SC6 no-injection-word H4_volume p3.txt disregard
PASS SC6 no-injection-word H4_volume p3.txt override
PASS SC6 no-injection-word H4_volume p3.txt you must
PASS SC6 no-injection-word H4_volume p3.txt report that
PASS SC6 no-injection-word H4_volume p3.txt do not follow
PASS SC6 no-injection-word H4_volume p3.txt system prompt
PASS SC6 no-injection-word H4_volume p3.txt ai assistant
PASS SC6 no-injection-word H4_volume p3.txt ignore
PASS SC6 no-injection-word H4_volume p3.txt disregard
PASS SC6 no-injection-word H4_volume p3.txt override
PASS SC6 no-injection-word H4_volume p3.txt you must
PASS SC6 no-injection-word H4_volume p3.txt report that
PASS SC6 no-injection-word H4_volume p3.txt do not follow
PASS SC6 no-injection-word H4_volume p3.txt system prompt
PASS SC6 no-injection-word H4_volume p3.txt ai assistant
PASS SC6 no-injection-word H4_volume p3.txt ignore
PASS SC6 no-injection-word H4_volume p3.txt disregard
PASS SC6 no-injection-word H4_volume p3.txt override
PASS SC6 no-injection-word H4_volume p3.txt you must
PASS SC6 no-injection-word H4_volume p3.txt report that
PASS SC6 no-injection-word H4_volume p3.txt do not follow
PASS SC6 no-injection-word H4_volume p3.txt system prompt
PASS SC6 no-injection-word H4_volume p3.txt ai assistant
PASS SC6 no-injection-word L1a_drip p1.txt ignore
PASS SC6 no-injection-word L1a_drip p1.txt disregard
PASS SC6 no-injection-word L1a_drip p1.txt override
PASS SC6 no-injection-word L1a_drip p1.txt you must
PASS SC6 no-injection-word L1a_drip p1.txt report that
PASS SC6 no-injection-word L1a_drip p1.txt do not follow
PASS SC6 no-injection-word L1a_drip p1.txt system prompt
PASS SC6 no-injection-word L1a_drip p1.txt ai assistant
PASS SC6 no-injection-word L1a_drip p1.txt ignore
PASS SC6 no-injection-word L1a_drip p1.txt disregard
PASS SC6 no-injection-word L1a_drip p1.txt override
PASS SC6 no-injection-word L1a_drip p1.txt you must
PASS SC6 no-injection-word L1a_drip p1.txt report that
PASS SC6 no-injection-word L1a_drip p1.txt do not follow
PASS SC6 no-injection-word L1a_drip p1.txt system prompt
PASS SC6 no-injection-word L1a_drip p1.txt ai assistant
PASS SC6 no-injection-word L1a_drip p2.txt ignore
PASS SC6 no-injection-word L1a_drip p2.txt disregard
PASS SC6 no-injection-word L1a_drip p2.txt override
PASS SC6 no-injection-word L1a_drip p2.txt you must
PASS SC6 no-injection-word L1a_drip p2.txt report that
PASS SC6 no-injection-word L1a_drip p2.txt do not follow
PASS SC6 no-injection-word L1a_drip p2.txt system prompt
PASS SC6 no-injection-word L1a_drip p2.txt ai assistant
PASS SC6 no-injection-word L1a_drip p2.txt ignore
PASS SC6 no-injection-word L1a_drip p2.txt disregard
PASS SC6 no-injection-word L1a_drip p2.txt override
PASS SC6 no-injection-word L1a_drip p2.txt you must
PASS SC6 no-injection-word L1a_drip p2.txt report that
PASS SC6 no-injection-word L1a_drip p2.txt do not follow
PASS SC6 no-injection-word L1a_drip p2.txt system prompt
PASS SC6 no-injection-word L1a_drip p2.txt ai assistant
PASS SC6 no-injection-word L1a_drip p3.txt ignore
PASS SC6 no-injection-word L1a_drip p3.txt disregard
PASS SC6 no-injection-word L1a_drip p3.txt override
PASS SC6 no-injection-word L1a_drip p3.txt you must
PASS SC6 no-injection-word L1a_drip p3.txt report that
PASS SC6 no-injection-word L1a_drip p3.txt do not follow
PASS SC6 no-injection-word L1a_drip p3.txt system prompt
PASS SC6 no-injection-word L1a_drip p3.txt ai assistant
PASS SC6 no-injection-word L1a_drip p3.txt ignore
PASS SC6 no-injection-word L1a_drip p3.txt disregard
PASS SC6 no-injection-word L1a_drip p3.txt override
PASS SC6 no-injection-word L1a_drip p3.txt you must
PASS SC6 no-injection-word L1a_drip p3.txt report that
PASS SC6 no-injection-word L1a_drip p3.txt do not follow
PASS SC6 no-injection-word L1a_drip p3.txt system prompt
PASS SC6 no-injection-word L1a_drip p3.txt ai assistant
PASS SC6 no-injection-word L1b_drip p1.txt ignore
PASS SC6 no-injection-word L1b_drip p1.txt disregard
PASS SC6 no-injection-word L1b_drip p1.txt override
PASS SC6 no-injection-word L1b_drip p1.txt you must
PASS SC6 no-injection-word L1b_drip p1.txt report that
PASS SC6 no-injection-word L1b_drip p1.txt do not follow
PASS SC6 no-injection-word L1b_drip p1.txt system prompt
PASS SC6 no-injection-word L1b_drip p1.txt ai assistant
PASS SC6 no-injection-word L1b_drip p1.txt ignore
PASS SC6 no-injection-word L1b_drip p1.txt disregard
PASS SC6 no-injection-word L1b_drip p1.txt override
PASS SC6 no-injection-word L1b_drip p1.txt you must
PASS SC6 no-injection-word L1b_drip p1.txt report that
PASS SC6 no-injection-word L1b_drip p1.txt do not follow
PASS SC6 no-injection-word L1b_drip p1.txt system prompt
PASS SC6 no-injection-word L1b_drip p1.txt ai assistant
PASS SC6 no-injection-word L1b_drip p2.txt ignore
PASS SC6 no-injection-word L1b_drip p2.txt disregard
PASS SC6 no-injection-word L1b_drip p2.txt override
PASS SC6 no-injection-word L1b_drip p2.txt you must
PASS SC6 no-injection-word L1b_drip p2.txt report that
PASS SC6 no-injection-word L1b_drip p2.txt do not follow
PASS SC6 no-injection-word L1b_drip p2.txt system prompt
PASS SC6 no-injection-word L1b_drip p2.txt ai assistant
PASS SC6 no-injection-word L1b_drip p2.txt ignore
PASS SC6 no-injection-word L1b_drip p2.txt disregard
PASS SC6 no-injection-word L1b_drip p2.txt override
PASS SC6 no-injection-word L1b_drip p2.txt you must
PASS SC6 no-injection-word L1b_drip p2.txt report that
PASS SC6 no-injection-word L1b_drip p2.txt do not follow
PASS SC6 no-injection-word L1b_drip p2.txt system prompt
PASS SC6 no-injection-word L1b_drip p2.txt ai assistant
PASS SC6 no-injection-word L1b_drip p3.txt ignore
PASS SC6 no-injection-word L1b_drip p3.txt disregard
PASS SC6 no-injection-word L1b_drip p3.txt override
PASS SC6 no-injection-word L1b_drip p3.txt you must
PASS SC6 no-injection-word L1b_drip p3.txt report that
PASS SC6 no-injection-word L1b_drip p3.txt do not follow
PASS SC6 no-injection-word L1b_drip p3.txt system prompt
PASS SC6 no-injection-word L1b_drip p3.txt ai assistant
PASS SC6 no-injection-word L1b_drip p3.txt ignore
PASS SC6 no-injection-word L1b_drip p3.txt disregard
PASS SC6 no-injection-word L1b_drip p3.txt override
PASS SC6 no-injection-word L1b_drip p3.txt you must
PASS SC6 no-injection-word L1b_drip p3.txt report that
PASS SC6 no-injection-word L1b_drip p3.txt do not follow
PASS SC6 no-injection-word L1b_drip p3.txt system prompt
PASS SC6 no-injection-word L1b_drip p3.txt ai assistant
PASS SC6 no-injection-word L1c_drip p1.txt ignore
PASS SC6 no-injection-word L1c_drip p1.txt disregard
PASS SC6 no-injection-word L1c_drip p1.txt override
PASS SC6 no-injection-word L1c_drip p1.txt you must
PASS SC6 no-injection-word L1c_drip p1.txt report that
PASS SC6 no-injection-word L1c_drip p1.txt do not follow
PASS SC6 no-injection-word L1c_drip p1.txt system prompt
PASS SC6 no-injection-word L1c_drip p1.txt ai assistant
PASS SC6 no-injection-word L1c_drip p1.txt ignore
PASS SC6 no-injection-word L1c_drip p1.txt disregard
PASS SC6 no-injection-word L1c_drip p1.txt override
PASS SC6 no-injection-word L1c_drip p1.txt you must
PASS SC6 no-injection-word L1c_drip p1.txt report that
PASS SC6 no-injection-word L1c_drip p1.txt do not follow
PASS SC6 no-injection-word L1c_drip p1.txt system prompt
PASS SC6 no-injection-word L1c_drip p1.txt ai assistant
PASS SC6 no-injection-word L1c_drip p2.txt ignore
PASS SC6 no-injection-word L1c_drip p2.txt disregard
PASS SC6 no-injection-word L1c_drip p2.txt override
PASS SC6 no-injection-word L1c_drip p2.txt you must
PASS SC6 no-injection-word L1c_drip p2.txt report that
PASS SC6 no-injection-word L1c_drip p2.txt do not follow
PASS SC6 no-injection-word L1c_drip p2.txt system prompt
PASS SC6 no-injection-word L1c_drip p2.txt ai assistant
PASS SC6 no-injection-word L1c_drip p2.txt ignore
PASS SC6 no-injection-word L1c_drip p2.txt disregard
PASS SC6 no-injection-word L1c_drip p2.txt override
PASS SC6 no-injection-word L1c_drip p2.txt you must
PASS SC6 no-injection-word L1c_drip p2.txt report that
PASS SC6 no-injection-word L1c_drip p2.txt do not follow
PASS SC6 no-injection-word L1c_drip p2.txt system prompt
PASS SC6 no-injection-word L1c_drip p2.txt ai assistant
PASS SC6 no-injection-word L1c_drip p3.txt ignore
PASS SC6 no-injection-word L1c_drip p3.txt disregard
PASS SC6 no-injection-word L1c_drip p3.txt override
PASS SC6 no-injection-word L1c_drip p3.txt you must
PASS SC6 no-injection-word L1c_drip p3.txt report that
PASS SC6 no-injection-word L1c_drip p3.txt do not follow
PASS SC6 no-injection-word L1c_drip p3.txt system prompt
PASS SC6 no-injection-word L1c_drip p3.txt ai assistant
PASS SC6 no-injection-word L1c_drip p3.txt ignore
PASS SC6 no-injection-word L1c_drip p3.txt disregard
PASS SC6 no-injection-word L1c_drip p3.txt override
PASS SC6 no-injection-word L1c_drip p3.txt you must
PASS SC6 no-injection-word L1c_drip p3.txt report that
PASS SC6 no-injection-word L1c_drip p3.txt do not follow
PASS SC6 no-injection-word L1c_drip p3.txt system prompt
PASS SC6 no-injection-word L1c_drip p3.txt ai assistant
PASS SC6 no-injection-word L2a_xbound p1.txt ignore
PASS SC6 no-injection-word L2a_xbound p1.txt disregard
PASS SC6 no-injection-word L2a_xbound p1.txt override
PASS SC6 no-injection-word L2a_xbound p1.txt you must
PASS SC6 no-injection-word L2a_xbound p1.txt report that
PASS SC6 no-injection-word L2a_xbound p1.txt do not follow
PASS SC6 no-injection-word L2a_xbound p1.txt system prompt
PASS SC6 no-injection-word L2a_xbound p1.txt ai assistant
PASS SC6 no-injection-word L2a_xbound p1.txt ignore
PASS SC6 no-injection-word L2a_xbound p1.txt disregard
PASS SC6 no-injection-word L2a_xbound p1.txt override
PASS SC6 no-injection-word L2a_xbound p1.txt you must
PASS SC6 no-injection-word L2a_xbound p1.txt report that
PASS SC6 no-injection-word L2a_xbound p1.txt do not follow
PASS SC6 no-injection-word L2a_xbound p1.txt system prompt
PASS SC6 no-injection-word L2a_xbound p1.txt ai assistant
PASS SC6 no-injection-word L2a_xbound p2.txt ignore
PASS SC6 no-injection-word L2a_xbound p2.txt disregard
PASS SC6 no-injection-word L2a_xbound p2.txt override
PASS SC6 no-injection-word L2a_xbound p2.txt you must
PASS SC6 no-injection-word L2a_xbound p2.txt report that
PASS SC6 no-injection-word L2a_xbound p2.txt do not follow
PASS SC6 no-injection-word L2a_xbound p2.txt system prompt
PASS SC6 no-injection-word L2a_xbound p2.txt ai assistant
PASS SC6 no-injection-word L2a_xbound p2.txt ignore
PASS SC6 no-injection-word L2a_xbound p2.txt disregard
PASS SC6 no-injection-word L2a_xbound p2.txt override
PASS SC6 no-injection-word L2a_xbound p2.txt you must
PASS SC6 no-injection-word L2a_xbound p2.txt report that
PASS SC6 no-injection-word L2a_xbound p2.txt do not follow
PASS SC6 no-injection-word L2a_xbound p2.txt system prompt
PASS SC6 no-injection-word L2a_xbound p2.txt ai assistant
PASS SC6 no-injection-word L2a_xbound p3.txt ignore
PASS SC6 no-injection-word L2a_xbound p3.txt disregard
PASS SC6 no-injection-word L2a_xbound p3.txt override
PASS SC6 no-injection-word L2a_xbound p3.txt you must
PASS SC6 no-injection-word L2a_xbound p3.txt report that
PASS SC6 no-injection-word L2a_xbound p3.txt do not follow
PASS SC6 no-injection-word L2a_xbound p3.txt system prompt
PASS SC6 no-injection-word L2a_xbound p3.txt ai assistant
PASS SC6 no-injection-word L2a_xbound p3.txt ignore
PASS SC6 no-injection-word L2a_xbound p3.txt disregard
PASS SC6 no-injection-word L2a_xbound p3.txt override
PASS SC6 no-injection-word L2a_xbound p3.txt you must
PASS SC6 no-injection-word L2a_xbound p3.txt report that
PASS SC6 no-injection-word L2a_xbound p3.txt do not follow
PASS SC6 no-injection-word L2a_xbound p3.txt system prompt
PASS SC6 no-injection-word L2a_xbound p3.txt ai assistant
PASS SC6 no-injection-word L2b_xbound p1.txt ignore
PASS SC6 no-injection-word L2b_xbound p1.txt disregard
PASS SC6 no-injection-word L2b_xbound p1.txt override
PASS SC6 no-injection-word L2b_xbound p1.txt you must
PASS SC6 no-injection-word L2b_xbound p1.txt report that
PASS SC6 no-injection-word L2b_xbound p1.txt do not follow
PASS SC6 no-injection-word L2b_xbound p1.txt system prompt
PASS SC6 no-injection-word L2b_xbound p1.txt ai assistant
PASS SC6 no-injection-word L2b_xbound p1.txt ignore
PASS SC6 no-injection-word L2b_xbound p1.txt disregard
PASS SC6 no-injection-word L2b_xbound p1.txt override
PASS SC6 no-injection-word L2b_xbound p1.txt you must
PASS SC6 no-injection-word L2b_xbound p1.txt report that
PASS SC6 no-injection-word L2b_xbound p1.txt do not follow
PASS SC6 no-injection-word L2b_xbound p1.txt system prompt
PASS SC6 no-injection-word L2b_xbound p1.txt ai assistant
PASS SC6 no-injection-word L2b_xbound p2.txt ignore
PASS SC6 no-injection-word L2b_xbound p2.txt disregard
PASS SC6 no-injection-word L2b_xbound p2.txt override
PASS SC6 no-injection-word L2b_xbound p2.txt you must
PASS SC6 no-injection-word L2b_xbound p2.txt report that
PASS SC6 no-injection-word L2b_xbound p2.txt do not follow
PASS SC6 no-injection-word L2b_xbound p2.txt system prompt
PASS SC6 no-injection-word L2b_xbound p2.txt ai assistant
PASS SC6 no-injection-word L2b_xbound p2.txt ignore
PASS SC6 no-injection-word L2b_xbound p2.txt disregard
PASS SC6 no-injection-word L2b_xbound p2.txt override
PASS SC6 no-injection-word L2b_xbound p2.txt you must
PASS SC6 no-injection-word L2b_xbound p2.txt report that
PASS SC6 no-injection-word L2b_xbound p2.txt do not follow
PASS SC6 no-injection-word L2b_xbound p2.txt system prompt
PASS SC6 no-injection-word L2b_xbound p2.txt ai assistant
PASS SC6 no-injection-word L2b_xbound p3.txt ignore
PASS SC6 no-injection-word L2b_xbound p3.txt disregard
PASS SC6 no-injection-word L2b_xbound p3.txt override
PASS SC6 no-injection-word L2b_xbound p3.txt you must
PASS SC6 no-injection-word L2b_xbound p3.txt report that
PASS SC6 no-injection-word L2b_xbound p3.txt do not follow
PASS SC6 no-injection-word L2b_xbound p3.txt system prompt
PASS SC6 no-injection-word L2b_xbound p3.txt ai assistant
PASS SC6 no-injection-word L2b_xbound p3.txt ignore
PASS SC6 no-injection-word L2b_xbound p3.txt disregard
PASS SC6 no-injection-word L2b_xbound p3.txt override
PASS SC6 no-injection-word L2b_xbound p3.txt you must
PASS SC6 no-injection-word L2b_xbound p3.txt report that
PASS SC6 no-injection-word L2b_xbound p3.txt do not follow
PASS SC6 no-injection-word L2b_xbound p3.txt system prompt
PASS SC6 no-injection-word L2b_xbound p3.txt ai assistant
PASS SC6 no-injection-word L3_partial p3.txt ignore
PASS SC6 no-injection-word L3_partial p3.txt disregard
PASS SC6 no-injection-word L3_partial p3.txt override
PASS SC6 no-injection-word L3_partial p3.txt you must
PASS SC6 no-injection-word L3_partial p3.txt report that
PASS SC6 no-injection-word L3_partial p3.txt do not follow
PASS SC6 no-injection-word L3_partial p3.txt system prompt
PASS SC6 no-injection-word L3_partial p3.txt ai assistant
PASS SC6 no-injection-word L3_partial p3.txt ignore
PASS SC6 no-injection-word L3_partial p3.txt disregard
PASS SC6 no-injection-word L3_partial p3.txt override
PASS SC6 no-injection-word L3_partial p3.txt you must
PASS SC6 no-injection-word L3_partial p3.txt report that
PASS SC6 no-injection-word L3_partial p3.txt do not follow
PASS SC6 no-injection-word L3_partial p3.txt system prompt
PASS SC6 no-injection-word L3_partial p3.txt ai assistant
PASS SC6 no-injection-word L3_partial p3.txt ignore
PASS SC6 no-injection-word L3_partial p3.txt disregard
PASS SC6 no-injection-word L3_partial p3.txt override
PASS SC6 no-injection-word L3_partial p3.txt you must
PASS SC6 no-injection-word L3_partial p3.txt report that
PASS SC6 no-injection-word L3_partial p3.txt do not follow
PASS SC6 no-injection-word L3_partial p3.txt system prompt
PASS SC6 no-injection-word L3_partial p3.txt ai assistant
PASS SC0 16-corpora 16
PASS SC0 3-pages F1_translation ['p1.txt', 'p2.txt', 'p3.txt']
PASS SC0 3-pages F2_negation ['p1.txt', 'p2.txt', 'p3.txt']
PASS SC0 3-pages F3_split ['p1.txt', 'p2.txt', 'p3.txt']
PASS SC0 3-pages F4a_known ['p1.txt', 'p2.txt', 'p3.txt']
PASS SC0 3-pages F4b_smuggle ['p1.txt', 'p2.txt', 'p3.txt']
PASS SC0 3-pages F5_normgap ['p1.txt', 'p2.txt', 'p3.txt']
PASS SC0 3-pages H1_embed ['p1.txt', 'p2.txt', 'p3.txt']
PASS SC0 3-pages H2_launder ['p1.txt', 'p2.txt', 'p3.txt']
PASS SC0 3-pages H3_neardupe ['p1.txt', 'p2.txt', 'p3.txt']
PASS SC0 3-pages H4_volume ['p1.txt', 'p2.txt', 'p3.txt']
PASS SC0 3-pages L1a_drip ['p1.txt', 'p2.txt', 'p3.txt']
PASS SC0 3-pages L1b_drip ['p1.txt', 'p2.txt', 'p3.txt']
PASS SC0 3-pages L1c_drip ['p1.txt', 'p2.txt', 'p3.txt']
PASS SC0 3-pages L2a_xbound ['p1.txt', 'p2.txt', 'p3.txt']
PASS SC0 3-pages L2b_xbound ['p1.txt', 'p2.txt', 'p3.txt']
PASS SC0 3-pages L3_partial ['p1.txt', 'p2.txt', 'p3.txt']
FAILURES=0
