PROCESSV3,unit,0,1,0,1,0,1,64,0,0,0,5700,1,1141,1425408
CL_CHECK,unit,64,0
CL_CHECK,supervisor_status,0,0
CL_CHECK,reaped,1,1
CL_CHECK,signal,0,0
CL_CHECK,rss_under_64MiB,1,1
CL_RESOURCE,unit,1141,1425408,0,0
PROCESSV3,write,0,1,0,1,0,1,64,0,0,0,5727,1,1437,1425408
CL_CHECK,write,64,0
CL_CHECK,supervisor_status,0,0
CL_CHECK,reaped,1,1
CL_CHECK,signal,0,0
CL_CHECK,rss_under_64MiB,1,1
CL_RESOURCE,write,1437,1425408,0,0
PROCESSV3,reload,0,1,0,1,0,1,64,0,0,0,5721,1,1149,1425408
CL_CHECK,reload,64,0
CL_CHECK,supervisor_status,0,0
CL_CHECK,reaped,1,1
CL_CHECK,signal,0,0
CL_CHECK,rss_under_64MiB,1,1
CL_RESOURCE,reload,1149,1425408,0,0
PROCESSV3,torn,0,1,0,1,0,1,64,0,0,0,5697,1,1159,1425408
CL_CHECK,torn,64,73
CL_CHECK,supervisor_status,0,0
CL_CHECK,reaped,1,1
CL_CHECK,signal,0,0
CL_CHECK,rss_under_64MiB,1,1
CL_RESOURCE,torn,1159,1425408,0,0
PROCESSV3,torn-refusal,0,1,0,1,0,1,64,0,0,0,5856,1,1366,1425408
CL_CHECK,torn-refusal,64,0
CL_CHECK,supervisor_status,0,0
CL_CHECK,reaped,1,1
CL_CHECK,signal,0,0
CL_CHECK,rss_under_64MiB,1,1
CL_RESOURCE,torn-refusal,1366,1425408,0,0
CL_ENGINEERING_FAILURES,5
