CHECK,read_prior_map_manifest_pin,32,32
CHECK,fresh_native_bundle_load,0,0
CHECK,accepted_protocol5,5,5
CHECK,accepted_parent_bytes,15871908,15871908
CHECK,inherited_memo_inventory_reproduced,175954,175954
CHECK,inherited_newobj_inventory_reproduced,585,585
CHECK,inherited_global_inventory_reproduced,64,64
CHECK,root_newobj_descriptor,15,15
CHECK,root_class_symbol,14,14
CHECK,root_module_exact,1,1
CHECK,root_class_exact,1,1
CHECK,stored_root_build_dictionary,11,11
CHECK,inherited_root_field_entries,14,14
CHECK,step_field_is_encoded_integer,0,0
CHECK,canonical_step_preserved,60423,60423
CHECK,restarts_field_is_encoded_integer,0,0
CHECK,zero_newborn_restarts,0,0
CHECK,root_format_exact,1,1
CHECK,null_affordance_not_initialized,1,1
CHECK,null_decoder_not_initialized,1,1
CHECK,fresh_reparse_of_reconstructed_exact_bytes,0,0
CHECK,fresh_reparse_invariants,0,0
CHECK,same_node_count,375763,375763
CHECK,same_edge_count,244250,244250
CHECK,same_memo_count,175954,175954
CHECK,same_memo_extent,175954,175954
CHECK,same_globals,64,64
CHECK,same_root,5,5
CHECK,all_node_words_exact,1,1
CHECK,all_relation_words_exact,1,1
CHECK,all_memo_words_exact,1,1
CHECK,all_global_words_exact,1,1
CHECK,all_opcode_counts_exact,1,1
CHECK,every_original_byte_exact,1,1
N10_TABLE_WORDS_COMPARED,4910904
N10_CHILD_COUNTS,34,0
N10_CHILD_PASS
