CHECK,native_inert_parse,0,0
CHECK,descriptor_invariants,0,0
CHECK,self_reference_list,9,9
CHECK,self_reference_aliases,1,1
CHECK,self_reference_memo_count,1,1
CHECK,self_reference_target_identity,1,1
CHECK,self_reference_not_recursively_expanded,1,1
CHECK,native_inert_parse,0,0
CHECK,descriptor_invariants,0,0
CHECK,shared_tuple_reference_a,1,1
CHECK,shared_tuple_reference_b,1,1
CHECK,native_inert_parse,0,0
CHECK,descriptor_invariants,0,0
CHECK,sparse_memo_extent,2,2
CHECK,sparse_memo_hole,0,0
CHECK,native_inert_parse,0,0
CHECK,descriptor_invariants,0,0
CHECK,dictionary_lookup,0,0
CHECK,dictionary_value,1,1
CHECK,explicit_null_preserved,1,1
CHECK,native_inert_parse,0,0
CHECK,descriptor_invariants,0,0
CHECK,missing_class_never_imported,15,15
CHECK,newobj_descriptor,1,1
CHECK,build_descriptor,1,1
CHECK,stored_build_argument_lookup,0,0
CHECK,stored_step_exact,7,7
CHECK,null_not_default_initialized,1,1
CHECK,native_inert_parse,0,0
CHECK,descriptor_invariants,0,0
CHECK,unknown_reducer_is_descriptor,16,16
CHECK,reducer_not_called,1,1
CHECK,unresolved_reducer_build_recorded,1,1
CHECK,native_inert_parse,0,0
CHECK,descriptor_invariants,0,0
CHECK,list_append_sequence_recorded,2,2
CHECK,native_inert_parse,0,0
CHECK,descriptor_invariants,0,0
CHECK,set_kind,12,12
CHECK,set_updates_recorded,2,2
CHECK,native_inert_parse,0,0
CHECK,descriptor_invariants,0,0
CHECK,frozenset_kind,13,13
CHECK,native_inert_parse,0,0
CHECK,descriptor_invariants,0,0
CHECK,out_of_band_buffer_reference_recorded,1,1
CHECK,readonly_wrapper_preserved,20,20
CHECK,native_inert_parse,0,0
CHECK,descriptor_invariants,0,0
CHECK,persistent_reference_not_resolved,1,1
CHECK,persistent_descriptor,17,17
CHECK,native_inert_parse,0,0
CHECK,descriptor_invariants,0,0
CHECK,extension_registry_not_accessed,1,1
CHECK,extension_descriptor,18,18
N10_TABLE_WORDS_COMPARED,0
N10_CHILD_COUNTS,55,0
N10_CHILD_PASS
