0 3 87500 89278 8 2500 0
1479 1 46000 48072 8 2500 0
3252 3 15500 17263 8 2500 0
4716 3 71000 72818 8 2500 0
6235 3 87500 89278 8 2500 0
7714 3 87000 91000 8 2500 0
11414 3 87500 89278 8 2500 0
12893 3 71000 72818 8 2500 0
14412 3 89500 91837 8 2500 0
16450 1 46000 48072 8 2500 0
18223 1 10000 11551 8 2500 0
19475 3 71000 72818 8 2500 0
20994 3 85000 87310 8 2500 0
23004 3 86000 90000 8 2500 0
26704 1 10000 11551 8 2500 0
27956 3 89500 91837 8 2500 0
400 2 1485 1940 0 16000 0
2304 1 8285 8493 3 16000 0
3462 0 9689 9882 1 16000 0
1800 3 56810 57056 5 5000 0
3900 3 66731 66969 5 4500 0
5000 5 9069 9269 9 8000 0
5260 5 5941 6141 9 8000 0
5592 4 0 574 9 8000 0
5960 5 2190 2390 9 8000 0
6292 5 3206 3406 9 8000 0
6696 5 5941 6141 9 8000 0
7148 1 15720 16158 3 17000 0
7028 4 0 574 9 8000 0
7408 1 26293 26578 3 17000 0
7288 5 3206 3406 9 8000 0
7620 5 520 720 9 8000 0
8174 0 5345 5673 1 15000 0
8024 5 5941 6141 9 8000 0
8506 0 18628 18861 1 15000 0
8356 5 7944 8144 9 8000 0
8688 5 520 720 9 8000 0
9020 5 7944 8144 9 8000 0
9352 5 5941 6141 9 8000 0
9732 2 9252 9785 0 17000 0
9612 5 9069 9269 9 8000 0
9908 5 5941 6141 9 8000 0
10204 4 0 574 9 8000 0
10536 5 9069 9269 9 8000 0
10940 5 5941 6141 9 8000 0
11494 2 1485 1940 0 15000 0
11344 4 0 574 9 8000 0
11712 5 520 720 9 8000 0
12080 4 0 574 9 8000 0
12448 5 3206 3406 9 8000 0
12708 5 2190 2390 9 8000 0
12968 5 9069 9269 9 8000 0
13100 0 9689 9882 1 19000 0
13192 2 5479 5824 0 13000 1
13000 2 10466 11152 0 4000 1
13300 4 0 574 9 7000 0
13680 5 520 720 9 7000 0
14120 4 0 574 9 7000 0
14500 5 9069 9269 9 7000 0
14940 4 0 574 9 7000 0
15000 2 1485 1940 0 14000 0
15422 1 1291 2033 3 14000 1
16115 0 9204 9430 1 14000 0
16286 2 5479 5824 0 14000 0
16577 1 18363 20378 3 14000 0
18497 0 9204 9430 1 14000 0
18632 2 3166 4023 0 14000 0
19368 1 8285 8493 3 14000 0
19483 0 18628 18861 1 14000 0
19610 2 10466 11152 0 14000 0
20197 1 17789 18318 3 14000 0
20621 0 21378 23537 1 14000 0
22665 2 4895 5418 0 14000 1
23099 1 31152 31779 3 14000 0
23626 0 9204 9430 1 14000 1
23749 2 2442 2668 0 14000 0
23887 1 12387 12628 3 14000 0
24031 0 15149 15504 1 14000 0
24278 2 5934 6509 0 14000 0
24761 1 17427 17776 3 14000 0
25009 0 10292 11231 1 14000 0
17500 3 56810 57056 5 4500 0
22300 3 56810 57056 5 4000 0
25847 0 9204 9430 1 12000 0
25973 1 29693 29977 3 10500 0
26157 2 1485 1940 0 9000 0
26361 5 520 720 9 6500 0
26481 5 3206 3406 9 6500 0
27231 5 520 720 9 6500 0
28100 3 56810 57056 5 4000 0
