Research/R33_NATIVE_N13A_LAUNCH_PRIMARY_V1/end-utc.txt: OK
Research/R33_NATIVE_N13A_LAUNCH_PRIMARY_V1/exit-code.txt: OK
Research/R33_NATIVE_N13A_LAUNCH_PRIMARY_V1/host.stderr: OK
Research/R33_NATIVE_N13A_LAUNCH_PRIMARY_V1/native.stdout: OK
Research/R33_NATIVE_N13A_LAUNCH_PRIMARY_V1/start-utc.txt: OK
Research/R33_NATIVE_N13A_RUN_PRIMARY_V1/NATIVE_RESULT.json: OK
Research/R33_NATIVE_N13A_RUN_PRIMARY_V1/hash-controls.stderr: OK
Research/R33_NATIVE_N13A_RUN_PRIMARY_V1/hash-controls.stdout: OK
Research/R33_NATIVE_N13A_RUN_PRIMARY_V1/invalid.stderr: OK
Research/R33_NATIVE_N13A_RUN_PRIMARY_V1/invalid.stdout: OK
Research/R33_NATIVE_N13A_RUN_PRIMARY_V1/inventory-replay.stderr: OK
Research/R33_NATIVE_N13A_RUN_PRIMARY_V1/inventory-replay.stdout: OK
Research/R33_NATIVE_N13A_RUN_PRIMARY_V1/inventory-write.stderr: OK
Research/R33_NATIVE_N13A_RUN_PRIMARY_V1/inventory-write.stdout: OK
Research/R33_NATIVE_N13A_RUN_PRIMARY_V1/matrix.stderr: OK
Research/R33_NATIVE_N13A_RUN_PRIMARY_V1/matrix.stdout: OK
Research/R33_NATIVE_N13A_RUN_PRIMARY_V1/refusals.stderr: OK
Research/R33_NATIVE_N13A_RUN_PRIMARY_V1/refusals.stdout: OK
Research/R33_NATIVE_N13A_RUN_PRIMARY_V1/torch-manifest.bin: OK
Research/R33_NATIVE_N13A_RUN_PRIMARY_V1/torch-page-1.bin: OK
Research/R33_NATIVE_N13A_RUN_PRIMARY_V1/torch-page-10.bin: OK
Research/R33_NATIVE_N13A_RUN_PRIMARY_V1/torch-page-11.bin: OK
Research/R33_NATIVE_N13A_RUN_PRIMARY_V1/torch-page-12.bin: OK
Research/R33_NATIVE_N13A_RUN_PRIMARY_V1/torch-page-13.bin: OK
Research/R33_NATIVE_N13A_RUN_PRIMARY_V1/torch-page-14.bin: OK
Research/R33_NATIVE_N13A_RUN_PRIMARY_V1/torch-page-15.bin: OK
Research/R33_NATIVE_N13A_RUN_PRIMARY_V1/torch-page-16.bin: OK
Research/R33_NATIVE_N13A_RUN_PRIMARY_V1/torch-page-17.bin: OK
Research/R33_NATIVE_N13A_RUN_PRIMARY_V1/torch-page-18.bin: OK
Research/R33_NATIVE_N13A_RUN_PRIMARY_V1/torch-page-19.bin: OK
Research/R33_NATIVE_N13A_RUN_PRIMARY_V1/torch-page-2.bin: OK
Research/R33_NATIVE_N13A_RUN_PRIMARY_V1/torch-page-20.bin: OK
Research/R33_NATIVE_N13A_RUN_PRIMARY_V1/torch-page-21.bin: OK
Research/R33_NATIVE_N13A_RUN_PRIMARY_V1/torch-page-22.bin: OK
Research/R33_NATIVE_N13A_RUN_PRIMARY_V1/torch-page-23.bin: OK
Research/R33_NATIVE_N13A_RUN_PRIMARY_V1/torch-page-24.bin: OK
Research/R33_NATIVE_N13A_RUN_PRIMARY_V1/torch-page-25.bin: OK
Research/R33_NATIVE_N13A_RUN_PRIMARY_V1/torch-page-26.bin: OK
Research/R33_NATIVE_N13A_RUN_PRIMARY_V1/torch-page-27.bin: OK
Research/R33_NATIVE_N13A_RUN_PRIMARY_V1/torch-page-28.bin: OK
Research/R33_NATIVE_N13A_RUN_PRIMARY_V1/torch-page-3.bin: OK
Research/R33_NATIVE_N13A_RUN_PRIMARY_V1/torch-page-4.bin: OK
Research/R33_NATIVE_N13A_RUN_PRIMARY_V1/torch-page-5.bin: OK
Research/R33_NATIVE_N13A_RUN_PRIMARY_V1/torch-page-6.bin: OK
Research/R33_NATIVE_N13A_RUN_PRIMARY_V1/torch-page-7.bin: OK
Research/R33_NATIVE_N13A_RUN_PRIMARY_V1/torch-page-8.bin: OK
Research/R33_NATIVE_N13A_RUN_PRIMARY_V1/torch-page-9.bin: OK
