MUSE_CORPUS,41aa8f5be15f778034cfce63250233468d364f52b318a02f63a87ac7459015d7
CL_CHECK,mc_teacher_teach_eps,240,240
CL_CHECK,mc_teacher_disconnects,4,4
CL_CHECK,mc_teacher_learn_gate,0,0
MUSEC_TEACH,240,0,12,240
MUSEC_TEACH_DIGEST,be5dba8498fffd515f6b9a3b16068300a1d58b00d963338e2b9a0dfad7e9e05d
CL_CHECK,mc_teacher_holds_curriculum,0,0
CL_CHECK,mc_learner_t0_empty_n,0,0
CL_CHECK,mc_learner_t0_audit_empty,1,1
CL_CHECK,mc_scaffold_placed,24,24
CL_CHECK,mc_scaffold_added,8,8
CL_CHECK,mc_disconnect_audited,1,1
CL_CHECK,mc_slice_stim_placed,72,72
CL_CHECK,mc_slice_emit_ok,0,0
CL_CHECK,mc_slice_teacher_blocked,0,0
CL_CHECK,mc_slice_withheld_skipped,0,0
CL_CHECK,mc_slice_manifest_n,12,12
CL_CHECK,mc_slice_tripwire_fired,0,0
CL_CHECK,mc_slice_manifest_init,0,0
CL_CHECK,mc_slice_leak,0,0
CL_CHECK,mc_slice_hnm12,12,12
MUSEC_SLICE,0,12,0,0,120,1,20,24,0
CL_CHECK,mc_slice_stim_placed,72,72
CL_CHECK,mc_slice_emit_ok,0,0
CL_CHECK,mc_slice_teacher_blocked,0,0
CL_CHECK,mc_slice_withheld_skipped,0,0
CL_CHECK,mc_slice_manifest_n,12,12
CL_CHECK,mc_slice_tripwire_fired,0,0
CL_CHECK,mc_slice_manifest_init,0,0
CL_CHECK,mc_slice_leak,0,0
CL_CHECK,mc_slice_hnm12,12,12
MUSEC_SLICE,1,12,0,0,120,1,20,24,0
CL_CHECK,mc_slice_stim_placed,72,72
CL_CHECK,mc_slice_emit_ok,0,0
CL_CHECK,mc_slice_teacher_blocked,0,0
CL_CHECK,mc_slice_withheld_skipped,0,0
CL_CHECK,mc_slice_manifest_n,12,12
CL_CHECK,mc_slice_tripwire_fired,0,0
CL_CHECK,mc_slice_manifest_init,0,0
CL_CHECK,mc_slice_leak,0,0
CL_CHECK,mc_slice_hnm12,12,12
MUSEC_SLICE,2,12,0,0,120,1,20,24,0
CL_CHECK,mc_slice_stim_placed,72,72
CL_CHECK,mc_slice_emit_ok,0,0
CL_CHECK,mc_slice_teacher_blocked,0,0
CL_CHECK,mc_slice_withheld_skipped,0,0
CL_CHECK,mc_slice_manifest_n,12,12
CL_CHECK,mc_slice_tripwire_fired,0,0
CL_CHECK,mc_slice_manifest_init,0,0
CL_CHECK,mc_slice_leak,0,0
CL_CHECK,mc_slice_hnm12,12,12
MUSEC_SLICE,3,12,0,0,120,1,20,24,0
CL_CHECK,mc_slice_stim_placed,72,72
CL_CHECK,mc_slice_emit_ok,0,0
CL_CHECK,mc_slice_teacher_blocked,0,0
CL_CHECK,mc_slice_withheld_skipped,0,0
CL_CHECK,mc_slice_manifest_n,12,12
CL_CHECK,mc_slice_tripwire_fired,0,0
CL_CHECK,mc_slice_manifest_init,0,0
CL_CHECK,mc_slice_leak,0,0
CL_CHECK,mc_slice_hnm12,12,12
MUSEC_SLICE,4,12,0,0,120,1,20,24,0
CL_CHECK,mc_slice_stim_placed,72,72
CL_CHECK,mc_slice_emit_ok,0,0
CL_CHECK,mc_slice_teacher_blocked,0,0
CL_CHECK,mc_slice_withheld_skipped,0,0
CL_CHECK,mc_slice_manifest_n,12,12
CL_CHECK,mc_slice_tripwire_fired,0,0
CL_CHECK,mc_slice_manifest_init,0,0
CL_CHECK,mc_slice_leak,0,0
CL_CHECK,mc_slice_hnm12,12,12
MUSEC_SLICE,5,12,0,0,120,1,20,24,0
CL_CHECK,mc_slice_stim_placed,72,72
CL_CHECK,mc_slice_emit_ok,0,0
CL_CHECK,mc_slice_teacher_blocked,0,0
CL_CHECK,mc_slice_withheld_skipped,0,0
CL_CHECK,mc_slice_manifest_n,12,12
CL_CHECK,mc_slice_tripwire_fired,0,0
CL_CHECK,mc_slice_manifest_init,0,0
CL_CHECK,mc_slice_leak,0,0
CL_CHECK,mc_slice_hnm12,12,12
MUSEC_SLICE,6,12,0,0,120,1,20,24,0
CL_CHECK,mc_slice_stim_placed,72,72
CL_CHECK,mc_slice_emit_ok,0,0
CL_CHECK,mc_slice_teacher_blocked,0,0
CL_CHECK,mc_slice_withheld_skipped,0,0
CL_CHECK,mc_slice_manifest_n,12,12
CL_CHECK,mc_slice_tripwire_fired,0,0
CL_CHECK,mc_slice_manifest_init,0,0
CL_CHECK,mc_slice_leak,0,0
CL_CHECK,mc_slice_hnm12,12,12
MUSEC_SLICE,7,12,0,0,120,1,20,24,0
CL_CHECK,mc_final_mastery_192,192,192
CL_CHECK,mc_teacher_blocked_total,0,0
MUSEC_RUN,96,8,160,192,0
MUSEC_DIGEST,learner,0789efa609ab722d4a54f58fd8337d2b435462e0c694d9b4b9b1cb030889a212
MUSEC_DIGEST,teacher,be5dba8498fffd515f6b9a3b16068300a1d58b00d963338e2b9a0dfad7e9e05d
MUSEC_COMPLETE
