KB 38 ENT 27
D R-001
T R-001 1 FAIL
A The Louvre opened as a museum in 1793.
X <sentinel-no-match-r-001>
D R-002
T R-002 1 FAIL
A The Louvre opened as a museum in 1793.
X <sentinel-no-match-r-002>
D R-003
T R-003 1 FAIL
A Herman Melville wrote the novel Moby Dick.
X <sentinel-no-match-r-003>
D R-004
T R-004 1 FAIL
A The Louvre opened as a museum in 1793.
X <sentinel-no-match-r-004>
D R-005
T R-005 1 FAIL
A Herman Melville wrote the novel Moby Dick.
X <sentinel-no-match-r-005>
D R-006
T R-006 1 FAIL
A The Louvre opened as a museum in 1793.
X <sentinel-no-match-r-006>
D R-007
T R-007 1 FAIL
A Herman Melville wrote the novel Moby Dick.
X <sentinel-no-match-r-007>
D R-008
T R-008 1 FAIL
A The Louvre opened as a museum in 1793.
X <sentinel-no-match-r-008>
D R-009
T R-009 1 FAIL
A Herman Melville wrote the novel Moby Dick.
X <sentinel-no-match-r-009>
D R-010
T R-010 1 FAIL
A The Louvre opened as a museum in 1793.
X <sentinel-no-match-r-010>
D R-011
T R-011 1 FAIL
A The Louvre opened as a museum in 1793.
X <sentinel-no-match-r-011>
D R-012
T R-012 1 FAIL
A The Louvre opened as a museum in 1793.
X <sentinel-no-match-r-012>
D R-013
T R-013 1 FAIL
A The Louvre opened as a museum in 1793.
X <sentinel-no-match-r-013>
D R-014
T R-014 1 FAIL
A The Eiffel Tower is 330 meters tall.
X <sentinel-no-match-r-014>
D R-015
T R-015 1 FAIL
A Herman Melville wrote the novel Moby Dick.
X <sentinel-no-match-r-015>
D R-016
T R-016 1 FAIL
A The Louvre opened as a museum in 1793.
X <sentinel-no-match-r-016>
D R-017
T R-017 1 FAIL
A The Louvre opened as a museum in 1793.
X <sentinel-no-match-r-017>
D R-018
T R-018 1 FAIL
A The Louvre opened as a museum in 1793.
X <sentinel-no-match-r-018>
D R-019
T R-019 1 FAIL
A Herman Melville wrote the novel Moby Dick.
X <sentinel-no-match-r-019>
D R-020
T R-020 1 FAIL
A The Eiffel Tower is 330 meters tall.
X <sentinel-no-match-r-020>
D R-021
T R-021 1 FAIL
A Herman Melville wrote the novel Moby Dick.
X <sentinel-no-match-r-021>
D R-022
T R-022 1 FAIL
A Herman Melville wrote the novel Moby Dick.
X <sentinel-no-match-r-022>
D R-023
T R-023 1 FAIL
A The Louvre opened as a museum in 1793.
X <sentinel-no-match-r-023>
D R-024
T R-024 1 FAIL
A The Louvre opened as a museum in 1793.
X <sentinel-no-match-r-024>
D R-025
T R-025 1 FAIL
A The Louvre opened as a museum in 1793.
X <sentinel-no-match-r-025>
D R-026
T R-026 1 FAIL
A Herman Melville wrote the novel Moby Dick.
X <sentinel-no-match-r-026>
D R-027
T R-027 1 FAIL
A The Louvre opened as a museum in 1793.
X <sentinel-no-match-r-027>
D R-028
T R-028 1 FAIL
A Herman Melville wrote the novel Moby Dick.
X <sentinel-no-match-r-028>
D R-029
T R-029 1 FAIL
A Water boils at 100 degrees Celsius at sea level.
X <sentinel-no-match-r-029>
D R-030
T R-030 1 FAIL
A Herman Melville wrote the novel Moby Dick.
X <sentinel-no-match-r-030>
D R-031
T R-031 1 FAIL
A Herman Melville wrote the novel Moby Dick.
X <sentinel-no-match-r-031>
D R-032
T R-032 1 FAIL
A The Louvre opened as a museum in 1793.
X <sentinel-no-match-r-032>
D R-033
T R-033 1 FAIL
A The Louvre opened as a museum in 1793.
X <sentinel-no-match-r-033>
D R-034
T R-034 1 FAIL
A Herman Melville wrote the novel Moby Dick.
X <sentinel-no-match-r-034>
D R-035
T R-035 1 FAIL
A The Louvre opened as a museum in 1793.
X <sentinel-no-match-r-035>
D R-036
NOVEL=1 T R-036 1 FAIL
A yes.
X <sentinel-no-match-r-036>
D R-037
NOVEL=1 T R-037 1 FAIL
A no.
X <sentinel-no-match-r-037>
D R-038
NOVEL=1 T R-038 1 FAIL
A the eiffel tower is taller.
X <sentinel-no-match-r-038>
D R-039
T R-039 1 FAIL
A Jane Austen was born in 1775.
X <sentinel-no-match-r-039>
D R-040
T R-040 1 FAIL
A Moby Dick was published in 1851.
X <sentinel-no-match-r-040>
D R-041
NOVEL=1 T R-041 1 FAIL
A big ben is taller.
X <sentinel-no-match-r-041>
D R-042
T R-042 1 FAIL
A Marie Curie was born in 1867.
X <sentinel-no-match-r-042>
D R-043
NOVEL=1 T R-043 1 FAIL
A no.
X <sentinel-no-match-r-043>
D R-044
T R-044 1 FAIL
A Moby Dick was published in 1851.
X <sentinel-no-match-r-044>
D R-045
T R-045 1 FAIL
A The Eiffel Tower was built in 1889.
X <sentinel-no-match-r-045>
D R-046
T R-046 1 FAIL
A The Eiffel Tower was built in 1889.
X <sentinel-no-match-r-046>
D R-047
T R-047 1 FAIL
A Moby Dick was published in 1851.
X <sentinel-no-match-r-047>
D R-048
T R-048 1 FAIL
A The Louvre opened as a museum in 1793.
X <sentinel-no-match-r-048>
D R-049
T R-049 1 FAIL
A The Montparnasse Tower was built in 1973.
X <sentinel-no-match-r-049>
D R-050
T R-050 1 FAIL
A The Eiffel Tower is 330 meters tall.
X <sentinel-no-match-r-050>
SECTION FOLLOWUP 0/0
SECTION CORRECTION 0/0
SECTION REFERENT 0/0
SECTION WEIRD 0/0
SECTION WEIRD_CLEAN 0/0
SECTION TOPIC 0/50
SECTION CONTRADICT 0/0
SECTION COMPOSE 0/0
DIGEST bf28cb5ff9e543d9d94e17c00a9016f08fbeeb2e37e055fa18bd4f5737045b3a
