CONSULT unit=U1-types bytes=1351 fnv=a226fa91f5a850e3
INSTALL card=U1-types.card
PRACTICE task=p1.task
CONSULT unit=U2-functions bytes=1486 fnv=d735d8dbc5271db8
INSTALL card=U2-functions.card
PRACTICE task=p2.task
CONSULT unit=U3-interfaces bytes=1522 fnv=9cf8eafa536c4ee5
INSTALL card=U3-interfaces.card
PRACTICE task=p3.task
CONSULT unit=U4-classes bytes=2020 fnv=a9de9e75800b7c94
INSTALL card=U4-classes.card
PRACTICE task=p4.task
CONSULT unit=U5-generics bytes=1910 fnv=93da99bed526788c
INSTALL card=U5-generics.card
PRACTICE task=p5.task
CONSULT unit=U6-dom bytes=1892 fnv=81c8b22e90fdd510
INSTALL card=U6-dom.card
PRACTICE task=p6.task
CONSULT unit=U7-async bytes=1677 fnv=2cd72d482dca610e
INSTALL card=U7-async.card
PRACTICE task=p7.task
CONSULT unit=U8-modules bytes=1640 fnv=2c009dc3442281ea
INSTALL card=U8-modules.card
PRACTICE task=p8.task
