znc: warning: zagd unavailable; foreground compilation continues without background planning
warning[A0102]: ignored return value of `tb_put32` — result is discarded
  --> grok_teacher_leg.zag:70
   = note: in function `mc_state_digest`: this function returns a non-void value that is discarded
   = hint: bind the result to a `let` and use it, or add `// znc:allow A0102` to suppress
warning[A0102]: ignored return value of `tb_put32` — result is discarded
  --> grok_teacher_leg.zag:70
   = note: in function `mc_state_digest`: this function returns a non-void value that is discarded
   = hint: bind the result to a `let` and use it, or add `// znc:allow A0102` to suppress
warning[A0102]: ignored return value of `ns_sha256` — result is discarded
  --> grok_teacher_leg.zag:70
   = note: in function `mc_state_digest`: this function returns a non-void value that is discarded
   = hint: bind the result to a `let` and use it, or add `// znc:allow A0102` to suppress
warning[E0101]: adding 0 has no effect
  --> grok_teacher_leg.zag:104
   = note: in function `main`: this addition always returns the other operand unchanged
   = hint: remove the `+ 0`
warning[A0102]: ignored return value of `tb_tape_init` — result is discarded
  --> grok_teacher_leg.zag:104
   = note: in function `main`: this function returns a non-void value that is discarded
   = hint: bind the result to a `let` and use it, or add `// znc:allow A0102` to suppress
warning[A0102]: ignored return value of `tb_tape_init` — result is discarded
  --> grok_teacher_leg.zag:104
   = note: in function `main`: this function returns a non-void value that is discarded
   = hint: bind the result to a `let` and use it, or add `// znc:allow A0102` to suppress
warning[A0102]: ignored return value of `q1_learn_one` — result is discarded
  --> grok_teacher_leg.zag:104
   = note: in function `main`: this function returns a non-void value that is discarded
   = hint: bind the result to a `let` and use it, or add `// znc:allow A0102` to suppress
warning[A0102]: ignored return value of `tb_tripwire` — result is discarded
  --> grok_teacher_leg.zag:104
   = note: in function `main`: this function returns a non-void value that is discarded
   = hint: bind the result to a `let` and use it, or add `// znc:allow A0102` to suppress
warning[A0102]: ignored return value of `tb_flaw_score` — result is discarded
  --> grok_teacher_leg.zag:104
   = note: in function `main`: this function returns a non-void value that is discarded
   = hint: bind the result to a `let` and use it, or add `// znc:allow A0102` to suppress
znc: analyzer found 9 issue(s) (warnings above; use --analyze-strict to fail the build, --no-analyze to silence)
znc: wrote native binary /home/hatch/workspace/tnn-lab/wave12/championship-english/grok/legs/legC/build/grokt44 (315477 bytes main, 0 external tools)
built /home/hatch/workspace/tnn-lab/wave12/championship-english/grok/legs/legC/build/grokt44
ok: teacher_leg (exit 0, 5x byte-identical)
ALL LEG-C RUNS OK
