CELL,arm,class,stage,rev_d,rev_c,hold_d,hold_c,verdict
CELL,0,0,0,0,0,0,0,GO
CELL,0,0,1,0,0,0,0,GO
CELL,0,0,2,0,0,0,0,GO
CELL,0,1,0,0,0,0,0,GO
CELL,0,1,1,0,0,0,0,GO
CELL,0,1,2,0,0,0,0,GO
CELL,0,2,0,0,0,0,0,GO
CELL,0,2,1,0,0,0,0,GO
CELL,0,2,2,0,0,0,0,GO
CELL,0,3,0,0,0,0,0,GO
CELL,0,3,1,0,0,0,0,GO
CELL,0,3,2,0,0,0,0,GO
CELL,0,4,0,0,0,0,0,GO
CELL,0,4,1,0,0,0,0,GO
CELL,0,4,2,0,0,0,0,GO
CELL,1,0,0,137,46,270,0,GO
CELL,1,0,1,137,46,270,0,GO
CELL,1,0,2,137,46,270,0,GO
CELL,1,1,0,0,0,202,0,GO
CELL,1,1,1,0,0,202,0,GO
CELL,1,1,2,0,0,202,0,GO
CELL,1,2,0,0,0,180,0,GO
CELL,1,2,1,0,0,203,0,GO
CELL,1,2,2,0,0,270,0,GO
CELL,1,3,0,68,0,68,0,GO
CELL,1,3,1,68,0,68,0,GO
CELL,1,3,2,0,0,68,0,GO
CELL,1,4,0,203,0,270,203,GO
CELL,1,4,1,203,0,270,203,GO
CELL,1,4,2,203,0,270,203,GO
CELL,2,0,0,0,0,0,0,GO
CELL,2,0,1,0,0,0,0,GO
CELL,2,0,2,0,0,0,0,GO
CELL,2,1,0,0,0,0,0,GO
CELL,2,1,1,0,0,0,0,GO
CELL,2,1,2,0,0,0,0,GO
CELL,2,2,0,0,0,0,0,GO
CELL,2,2,1,0,0,0,0,GO
CELL,2,2,2,0,0,0,0,GO
CELL,2,3,0,0,0,0,0,GO
CELL,2,3,1,0,0,0,0,GO
CELL,2,3,2,0,0,0,0,GO
CELL,2,4,0,0,0,0,0,GO
CELL,2,4,1,0,0,0,0,GO
CELL,2,4,2,0,0,0,0,GO
OVERALL,arm,rev_d,rev_c,rev_rate,hold_d,hold_c,hold_rate
OVERALL,0,0,0,-1.0000,0,0,-1.0000
OVERALL,1,1156,138,0.1194,3083,609,0.1975
OVERALL,2,0,0,-1.0000,0,0,-1.0000
B1a_mastery,PASS,CUR_REV=-nan,CUR_HOLD=-nan
B1b_gap,DIE,gap_rev=-nan,gap_hold=-nan
B3_clean,arm=0,corrupt=0,of=0,FAIL
B3_clean,arm=1,corrupt=0,of=450,PASS
B3_clean,arm=2,corrupt=0,of=0,FAIL
NEGCTL,arm=0,resisted=0,of=0,rate=-1.0000
NEGCTL,arm=1,resisted=0,of=60,rate=0.0000
NEGCTL,arm=2,resisted=0,of=0,rate=-1.0000
CHECK_OK
