BIND,M2,rep,1,scale,1,start
DOMAIN_HASH,M2,7cd0baf80a62acc338e1c9bdec5b33c0e3427af18d78b98b7cbda153a3f92ee8
CORPUS_SHA256,M2,e0b3286c200acf3252af8b01bd6011099d3e7748bb58fd7de575f0142af3ca3c
CL_CHECK,overflow,0,0
CL_CHECK,e90_reached,1,1
RESULT,M2,1,1,d1,40,40
RESULT,M2,1,1,d2,40,40
RESULT,M2,1,1,d3,120,120
RESULT,M2,1,1,rev_false,12,12
RESULT,M2,1,1,rev_genuine,20,20
RESULT,M2,1,1,r2,40,40
RESULT,M2,1,1,r3,40,40
RESULT,M2,1,1,e90,210,1
RESULT,M2,1,1,withheld,0,1
RESULT,M2,1,1,hallu,0,20
RESULT,M2,1,1,k1,1,1
RESULT,M2,1,1,k2,1,1
RESULT,M2,1,1,k3,1,1
RESULT,M2,1,1,refusal,1,1
RESULT,M2,1,1,esc,0,1
RESULT,M2,1,1,disconn,6,1
RESULT,M2,1,1,ops,289,1
RESULT,M2,1,1,eps,295,1
DIGEST,M2,1,1,a3a4a957f1553613efeb814a38d4f1a978217599eb64bf071f3101ed62917194
BIND,M2,done
