DONE 0
DONE 1
DONE 2
DONE 3
DONE 4
{
  "audio_False": {
    "accuracy": 0.8885714285714286,
    "compression": 0.4212344191816896
  },
  "audio_True": {
    "accuracy": 0.8848571428571429,
    "compression": 0.4210938930219291
  },
  "visual_False": {
    "accuracy": 0.9268571428571428,
    "compression": 0.4653313360486265
  },
  "visual_True": {
    "accuracy": 0.9311428571428572,
    "compression": 0.4653313360486265
  },
  "action_False": {
    "accuracy": 0.8254285714285714,
    "compression": 0.6738035827941559
  },
  "action_True": {
    "accuracy": 0.8231428571428572,
    "compression": 0.6646085665353874
  }
}
