znc: warning: zagd unavailable; foreground compilation continues without background planning
warning[A0107]: dead loop — condition uses `<`/`<=` but body decrements
  --> ../build/build_learner.zag:101
   = note: in function `write_file`: the loop variable decreases but the condition requires it to be lesser
   = hint: fix the condition to `>`/`>=`, or fix the decrement to an increment
warning[A0107]: dead loop — condition uses `<`/`<=` but body decrements
  --> ../build/build_learner.zag:113
   = note: in function `append_file`: the loop variable decreases but the condition requires it to be lesser
   = hint: fix the condition to `>`/`>=`, or fix the decrement to an increment
warning[A0102]: ignored return value of `write_file` — result is discarded
  --> ../build/build_learner.zag:374
   = note: in function `st_save`: this function returns a non-void value that is discarded
   = hint: bind the result to a `let` and use it, or add `// znc:allow A0102` to suppress
warning[A0102]: ignored return value of `append_file` — result is discarded
  --> ../build/build_learner.zag:400
   = note: in function `trace_add`: this function returns a non-void value that is discarded
   = hint: bind the result to a `let` and use it, or add `// znc:allow A0102` to suppress
warning[A0102]: ignored return value of `append_file` — result is discarded
  --> ../build/build_learner.zag:416
   = note: in function `ob_add`: this function returns a non-void value that is discarded
   = hint: bind the result to a `let` and use it, or add `// znc:allow A0102` to suppress
warning[A0102]: ignored return value of `write_file` — result is discarded
  --> ../build/build_learner.zag:427
   = note: in function `kb_save`: this function returns a non-void value that is discarded
   = hint: bind the result to a `let` and use it, or add `// znc:allow A0102` to suppress
warning[A0102]: ignored return value of `write_file` — result is discarded
  --> ../build/build_learner.zag:479
   = note: in function `ed_save`: this function returns a non-void value that is discarded
   = hint: bind the result to a `let` and use it, or add `// znc:allow A0102` to suppress
warning[A0102]: ignored return value of `write_file` — result is discarded
  --> ../build/build_learner.zag:529
   = note: in function `slot_save`: this function returns a non-void value that is discarded
   = hint: bind the result to a `let` and use it, or add `// znc:allow A0102` to suppress
warning[A0102]: ignored return value of `write_file` — result is discarded
  --> ../build/build_learner.zag:559
   = note: in function `hyps_save`: this function returns a non-void value that is discarded
   = hint: bind the result to a `let` and use it, or add `// znc:allow A0102` to suppress
warning[A0102]: ignored return value of `write_file` — result is discarded
  --> ../build/build_learner.zag:809
   = note: in function `hyps_filter`: this function returns a non-void value that is discarded
   = hint: bind the result to a `let` and use it, or add `// znc:allow A0102` to suppress
warning[A0102]: ignored return value of `p_int` — result is discarded
  --> ../build/build_learner.zag:831
   = note: in function `ph_parse_observe`: this function returns a non-void value that is discarded
   = hint: bind the result to a `let` and use it, or add `// znc:allow A0102` to suppress
warning[A0102]: ignored return value of `p_int` — result is discarded
  --> ../build/build_learner.zag:831
   = note: in function `ph_parse_observe`: this function returns a non-void value that is discarded
   = hint: bind the result to a `let` and use it, or add `// znc:allow A0102` to suppress
warning[A0102]: ignored return value of `p_int` — result is discarded
  --> ../build/build_learner.zag:831
   = note: in function `ph_parse_observe`: this function returns a non-void value that is discarded
   = hint: bind the result to a `let` and use it, or add `// znc:allow A0102` to suppress
warning[A0102]: ignored return value of `p_int` — result is discarded
  --> ../build/build_learner.zag:831
   = note: in function `ph_parse_observe`: this function returns a non-void value that is discarded
   = hint: bind the result to a `let` and use it, or add `// znc:allow A0102` to suppress
warning[A0102]: ignored return value of `p_int` — result is discarded
  --> ../build/build_learner.zag:831
   = note: in function `ph_parse_observe`: this function returns a non-void value that is discarded
   = hint: bind the result to a `let` and use it, or add `// znc:allow A0102` to suppress
warning[A0102]: ignored return value of `p_int` — result is discarded
  --> ../build/build_learner.zag:831
   = note: in function `ph_parse_observe`: this function returns a non-void value that is discarded
   = hint: bind the result to a `let` and use it, or add `// znc:allow A0102` to suppress
warning[A0102]: ignored return value of `p_int` — result is discarded
  --> ../build/build_learner.zag:831
   = note: in function `ph_parse_observe`: this function returns a non-void value that is discarded
   = hint: bind the result to a `let` and use it, or add `// znc:allow A0102` to suppress
warning[A0102]: ignored return value of `write_file` — result is discarded
  --> ../build/build_learner.zag:950
   = note: in function `write_summary`: this function returns a non-void value that is discarded
   = hint: bind the result to a `let` and use it, or add `// znc:allow A0102` to suppress
warning[A0102]: ignored return value of `load_slot_into_working` — result is discarded
  --> ../build/build_learner.zag:1230
   = note: in function `ph_wait_observe`: this function returns a non-void value that is discarded
   = hint: bind the result to a `let` and use it, or add `// znc:allow A0102` to suppress
warning[A0102]: ignored return value of `write_file` — result is discarded
  --> ../build/build_learner.zag:1347
   = note: in function `ph_add_wait`: this function returns a non-void value that is discarded
   = hint: bind the result to a `let` and use it, or add `// znc:allow A0102` to suppress
warning[A0102]: ignored return value of `hyps_add` — result is discarded
  --> ../build/build_learner.zag:1462
   = note: in function `ph_hyp_build`: this function returns a non-void value that is discarded
   = hint: bind the result to a `let` and use it, or add `// znc:allow A0102` to suppress
warning[A0102]: ignored return value of `write_file` — result is discarded
  --> ../build/build_learner.zag:1462
   = note: in function `ph_hyp_build`: this function returns a non-void value that is discarded
   = hint: bind the result to a `let` and use it, or add `// znc:allow A0102` to suppress
warning[A0102]: ignored return value of `hyps_add` — result is discarded
  --> ../build/build_learner.zag:1552
   = note: in function `ph_hyp_wait`: this function returns a non-void value that is discarded
   = hint: bind the result to a `let` and use it, or add `// znc:allow A0102` to suppress
warning[A0102]: ignored return value of `hyps_add` — result is discarded
  --> ../build/build_learner.zag:1552
   = note: in function `ph_hyp_wait`: this function returns a non-void value that is discarded
   = hint: bind the result to a `let` and use it, or add `// znc:allow A0102` to suppress
warning[A0102]: ignored return value of `p_int` — result is discarded
  --> ../build/build_learner.zag:1792
   = note: in function `ph_heldout_wait`: this function returns a non-void value that is discarded
   = hint: bind the result to a `let` and use it, or add `// znc:allow A0102` to suppress
warning[A0102]: ignored return value of `write_file` — result is discarded
  --> ../build/build_learner.zag:1992
   = note: in function `ph_monitor_wait`: this function returns a non-void value that is discarded
   = hint: bind the result to a `let` and use it, or add `// znc:allow A0102` to suppress
warning[A0102]: ignored return value of `p_int` — result is discarded
  --> ../build/build_learner.zag:2198
   = note: in function `main`: this function returns a non-void value that is discarded
   = hint: bind the result to a `let` and use it, or add `// znc:allow A0102` to suppress
warning[A0102]: ignored return value of `p_int` — result is discarded
  --> ../build/build_learner.zag:2198
   = note: in function `main`: this function returns a non-void value that is discarded
   = hint: bind the result to a `let` and use it, or add `// znc:allow A0102` to suppress
znc: analyzer found 28 issue(s) (warnings above; use --analyze-strict to fail the build, --no-analyze to silence)
