znc: warning: zagd unavailable; foreground compilation continues without background planning
warning[A0107]: dead loop — condition uses `<`/`<=` but body decrements
  --> ../build/build_world.zag:101
   = note: in function `write_file`: the loop variable decreases but the condition requires it to be lesser
   = hint: fix the condition to `>`/`>=`, or fix the decrement to an increment
warning[A0107]: dead loop — condition uses `<`/`<=` but body decrements
  --> ../build/build_world.zag:113
   = note: in function `append_file`: the loop variable decreases but the condition requires it to be lesser
   = hint: fix the condition to `>`/`>=`, or fix the decrement to an increment
warning[A0102]: ignored return value of `p_int` — result is discarded
  --> ../build/build_world.zag:233
   = note: in function `main`: this function returns a non-void value that is discarded
   = hint: bind the result to a `let` and use it, or add `// znc:allow A0102` to suppress
warning[A0102]: ignored return value of `p_int` — result is discarded
  --> ../build/build_world.zag:233
   = note: in function `main`: this function returns a non-void value that is discarded
   = hint: bind the result to a `let` and use it, or add `// znc:allow A0102` to suppress
warning[A0102]: ignored return value of `p_int` — result is discarded
  --> ../build/build_world.zag:233
   = note: in function `main`: this function returns a non-void value that is discarded
   = hint: bind the result to a `let` and use it, or add `// znc:allow A0102` to suppress
warning[A0102]: ignored return value of `p_int` — result is discarded
  --> ../build/build_world.zag:233
   = note: in function `main`: this function returns a non-void value that is discarded
   = hint: bind the result to a `let` and use it, or add `// znc:allow A0102` to suppress
warning[A0102]: ignored return value of `p_int` — result is discarded
  --> ../build/build_world.zag:233
   = note: in function `main`: this function returns a non-void value that is discarded
   = hint: bind the result to a `let` and use it, or add `// znc:allow A0102` to suppress
warning[A0102]: ignored return value of `p_int` — result is discarded
  --> ../build/build_world.zag:233
   = note: in function `main`: this function returns a non-void value that is discarded
   = hint: bind the result to a `let` and use it, or add `// znc:allow A0102` to suppress
warning[A0102]: ignored return value of `p_int` — result is discarded
  --> ../build/build_world.zag:233
   = note: in function `main`: this function returns a non-void value that is discarded
   = hint: bind the result to a `let` and use it, or add `// znc:allow A0102` to suppress
warning[A0102]: ignored return value of `p_int` — result is discarded
  --> ../build/build_world.zag:233
   = note: in function `main`: this function returns a non-void value that is discarded
   = hint: bind the result to a `let` and use it, or add `// znc:allow A0102` to suppress
warning[A0102]: ignored return value of `p_int` — result is discarded
  --> ../build/build_world.zag:233
   = note: in function `main`: this function returns a non-void value that is discarded
   = hint: bind the result to a `let` and use it, or add `// znc:allow A0102` to suppress
warning[A0102]: ignored return value of `p_int` — result is discarded
  --> ../build/build_world.zag:233
   = note: in function `main`: this function returns a non-void value that is discarded
   = hint: bind the result to a `let` and use it, or add `// znc:allow A0102` to suppress
warning[A0102]: ignored return value of `p_int` — result is discarded
  --> ../build/build_world.zag:233
   = note: in function `main`: this function returns a non-void value that is discarded
   = hint: bind the result to a `let` and use it, or add `// znc:allow A0102` to suppress
warning[A0102]: ignored return value of `p_int` — result is discarded
  --> ../build/build_world.zag:233
   = note: in function `main`: this function returns a non-void value that is discarded
   = hint: bind the result to a `let` and use it, or add `// znc:allow A0102` to suppress
warning[A0102]: ignored return value of `p_int` — result is discarded
  --> ../build/build_world.zag:233
   = note: in function `main`: this function returns a non-void value that is discarded
   = hint: bind the result to a `let` and use it, or add `// znc:allow A0102` to suppress
znc: analyzer found 15 issue(s) (warnings above; use --analyze-strict to fail the build, --no-analyze to silence)
