[2026-09-22T03:13:06Z] PIPELINE START
TRAIN_T3 t1_colordisc: 0/3000 missing
TRAIN_T3 t1_colordisc: complete in 0.0s
TRAIN_T3 t2_colorconst: 0/2000 missing
TRAIN_T3 t2_colorconst: complete in 0.0s
TRAIN_T3 t3_shapetrans: 1201/4500 missing
  t3_shapetrans: 500/1201 (136s)
  t3_shapetrans: 1000/1201 (234s)
TRAIN_T3 t3_shapetrans: complete in 284.6s
TRAIN_T3 t4_pitchdisc: 3000/3000 missing
  t4_pitchdisc: 500/3000 (21s)
  t4_pitchdisc: 1000/3000 (36s)
  t4_pitchdisc: 1500/3000 (58s)
  t4_pitchdisc: 2000/3000 (87s)
  t4_pitchdisc: 2500/3000 (105s)
  t4_pitchdisc: 3000/3000 (134s)
TRAIN_T3 t4_pitchdisc: complete in 133.8s
TRAIN_T3 t5_timbredisc: 3000/3000 missing
  t5_timbredisc: 500/3000 (25s)
  t5_timbredisc: 1000/3000 (46s)
  t5_timbredisc: 1500/3000 (68s)
  t5_timbredisc: 2000/3000 (87s)
  t5_timbredisc: 2500/3000 (107s)
  t5_timbredisc: 3000/3000 (128s)
TRAIN_T3 t5_timbredisc: complete in 127.7s
TRAIN_T3 t6_motiondir: 3000/3000 missing
  t6_motiondir: 500/3000 (122s)
  t6_motiondir: 1000/3000 (232s)
  t6_motiondir: 1500/3000 (306s)
  t6_motiondir: 2000/3000 (414s)
  t6_motiondir: 2500/3000 (494s)
  t6_motiondir: 3000/3000 (570s)
TRAIN_T3 t6_motiondir: complete in 570.4s
TRAIN_T3: MANIFEST written (18500 fixtures)
[2026-09-22T03:32:11Z] T3 gen done rc=0
jobs: 37000 (skipped 0)
wrote 37000 records, errors 0 -> runs_TRAIN_T3.jsonl
[2026-09-22T04:37:52Z] T3 runs done rc=0
TRAIN_T4 t1_colordisc: 6000/6000 missing
  t1_colordisc: 500/6000 (6s)
  t1_colordisc: 1000/6000 (12s)
  t1_colordisc: 1500/6000 (18s)
  t1_colordisc: 2000/6000 (23s)
  t1_colordisc: 2500/6000 (29s)
  t1_colordisc: 3000/6000 (35s)
  t1_colordisc: 3500/6000 (41s)
  t1_colordisc: 4000/6000 (47s)
  t1_colordisc: 4500/6000 (53s)
  t1_colordisc: 5000/6000 (59s)
  t1_colordisc: 5500/6000 (66s)
  t1_colordisc: 6000/6000 (71s)
TRAIN_T4 t1_colordisc: complete in 71.4s
TRAIN_T4 t2_colorconst: 4000/4000 missing
  t2_colorconst: 500/4000 (85s)
  t2_colorconst: 1000/4000 (172s)
  t2_colorconst: 1500/4000 (254s)
  t2_colorconst: 2000/4000 (338s)
  t2_colorconst: 2500/4000 (420s)
  t2_colorconst: 3000/4000 (484s)
  t2_colorconst: 3500/4000 (547s)
  t2_colorconst: 4000/4000 (607s)
TRAIN_T4 t2_colorconst: complete in 606.7s
TRAIN_T4 t3_shapetrans: 9000/9000 missing
  t3_shapetrans: 500/9000 (56s)
  t3_shapetrans: 1000/9000 (112s)
  t3_shapetrans: 1500/9000 (175s)
  t3_shapetrans: 2000/9000 (231s)
  t3_shapetrans: 2500/9000 (288s)
  t3_shapetrans: 3000/9000 (344s)
  t3_shapetrans: 3500/9000 (400s)
  t3_shapetrans: 4000/9000 (456s)
  t3_shapetrans: 4500/9000 (513s)
  t3_shapetrans: 5000/9000 (574s)
  t3_shapetrans: 5500/9000 (635s)
  t3_shapetrans: 6000/9000 (691s)
  t3_shapetrans: 6500/9000 (748s)
  t3_shapetrans: 7000/9000 (806s)
  t3_shapetrans: 7500/9000 (865s)
  t3_shapetrans: 8000/9000 (925s)
  t3_shapetrans: 8500/9000 (983s)
  t3_shapetrans: 9000/9000 (1041s)
TRAIN_T4 t3_shapetrans: complete in 1041.1s
TRAIN_T4 t4_pitchdisc: 6000/6000 missing
  t4_pitchdisc: 500/6000 (7s)
  t4_pitchdisc: 1000/6000 (13s)
  t4_pitchdisc: 1500/6000 (20s)
  t4_pitchdisc: 2000/6000 (27s)
  t4_pitchdisc: 2500/6000 (33s)
  t4_pitchdisc: 3000/6000 (40s)
  t4_pitchdisc: 3500/6000 (47s)
  t4_pitchdisc: 4000/6000 (54s)
  t4_pitchdisc: 4500/6000 (60s)
  t4_pitchdisc: 5000/6000 (67s)
  t4_pitchdisc: 5500/6000 (74s)
  t4_pitchdisc: 6000/6000 (80s)
TRAIN_T4 t4_pitchdisc: complete in 80.5s
TRAIN_T4 t5_timbredisc: 6000/6000 missing
  t5_timbredisc: 500/6000 (8s)
  t5_timbredisc: 1000/6000 (16s)
  t5_timbredisc: 1500/6000 (24s)
  t5_timbredisc: 2000/6000 (31s)
  t5_timbredisc: 2500/6000 (39s)
  t5_timbredisc: 3000/6000 (47s)
  t5_timbredisc: 3500/6000 (55s)
  t5_timbredisc: 4000/6000 (63s)
  t5_timbredisc: 4500/6000 (71s)
  t5_timbredisc: 5000/6000 (79s)
  t5_timbredisc: 5500/6000 (87s)
  t5_timbredisc: 6000/6000 (95s)
TRAIN_T4 t5_timbredisc: complete in 94.6s
TRAIN_T4 t6_motiondir: 6000/6000 missing
  t6_motiondir: 500/6000 (43s)
  t6_motiondir: 1000/6000 (86s)
  t6_motiondir: 1500/6000 (129s)
  t6_motiondir: 2000/6000 (171s)
  t6_motiondir: 2500/6000 (214s)
  t6_motiondir: 3000/6000 (257s)
  t6_motiondir: 3500/6000 (300s)
  t6_motiondir: 4000/6000 (343s)
  t6_motiondir: 4500/6000 (386s)
  t6_motiondir: 5000/6000 (430s)
  t6_motiondir: 5500/6000 (473s)
  t6_motiondir: 6000/6000 (516s)
TRAIN_T4 t6_motiondir: complete in 515.7s
TRAIN_T4: MANIFEST written (37000 fixtures)
[2026-09-22T05:18:49Z] T4 gen done rc=0
jobs: 74000 (skipped 0)
[2026-09-22T05:22:07Z] PIPELINE START
TRAIN_T3 t1_colordisc: 0/3000 missing
TRAIN_T3 t1_colordisc: complete in 0.0s
TRAIN_T3 t2_colorconst: 0/2000 missing
TRAIN_T3 t2_colorconst: complete in 0.0s
TRAIN_T3 t3_shapetrans: 0/4500 missing
TRAIN_T3 t3_shapetrans: complete in 0.0s
TRAIN_T3 t4_pitchdisc: 0/3000 missing
TRAIN_T3 t4_pitchdisc: complete in 0.0s
TRAIN_T3 t5_timbredisc: 0/3000 missing
TRAIN_T3 t5_timbredisc: complete in 0.0s
TRAIN_T3 t6_motiondir: 0/3000 missing
TRAIN_T3 t6_motiondir: complete in 0.0s
[2026-09-22T05:22:26Z] PIPELINE START
TRAIN_T3 t1_colordisc: 0/3000 missing
TRAIN_T3 t1_colordisc: complete in 0.0s
TRAIN_T3 t2_colorconst: 0/2000 missing
TRAIN_T3 t2_colorconst: complete in 0.0s
TRAIN_T3 t3_shapetrans: 0/4500 missing
TRAIN_T3 t3_shapetrans: complete in 0.0s
TRAIN_T3 t4_pitchdisc: 0/3000 missing
TRAIN_T3 t4_pitchdisc: complete in 0.0s
TRAIN_T3 t5_timbredisc: 0/3000 missing
TRAIN_T3 t5_timbredisc: complete in 0.0s
TRAIN_T3 t6_motiondir: 0/3000 missing
TRAIN_T3 t6_motiondir: complete in 0.0s
TRAIN_T3: MANIFEST written (18500 fixtures)
TRAIN_T3: MANIFEST written (18500 fixtures)
[2026-09-22T05:22:40Z] T3 gen done rc=0
resume: 37000 records already cached
jobs: 0 (skipped 37000)
wrote 37000 records, errors 0 -> runs_TRAIN_T3.jsonl
[2026-09-22T05:22:41Z] T3 runs done rc=0
TRAIN_T4 t1_colordisc: 0/6000 missing
TRAIN_T4 t1_colordisc: complete in 0.0s
TRAIN_T4 t2_colorconst: 0/4000 missing
TRAIN_T4 t2_colorconst: complete in 0.0s
TRAIN_T4 t3_shapetrans: 0/9000 missing
TRAIN_T4 t3_shapetrans: complete in 0.0s
TRAIN_T4 t4_pitchdisc: 0/6000 missing
TRAIN_T4 t4_pitchdisc: complete in 0.0s
TRAIN_T4 t5_timbredisc: 0/6000 missing
TRAIN_T4 t5_timbredisc: complete in 0.0s
TRAIN_T4 t6_motiondir: 0/6000 missing
TRAIN_T4 t6_motiondir: complete in 0.0s
TRAIN_T4: MANIFEST written (37000 fixtures)
[2026-09-22T05:23:42Z] T4 gen done rc=0
jobs: 74000 (skipped 0)
  chunk 1/37: 2000 records, 0 errors
  chunk 2/37: 2000 records, 0 errors
  chunk 3/37: 2000 records, 0 errors
  chunk 4/37: 2000 records, 0 errors
  chunk 5/37: 2000 records, 0 errors
  chunk 6/37: 2000 records, 0 errors
  chunk 7/37: 2000 records, 0 errors
  chunk 8/37: 2000 records, 0 errors
  chunk 9/37: 2000 records, 0 errors
  chunk 10/37: 2000 records, 0 errors
  chunk 11/37: 2000 records, 0 errors
  chunk 12/37: 2000 records, 0 errors
  chunk 13/37: 2000 records, 0 errors
  chunk 14/37: 2000 records, 0 errors
  chunk 15/37: 2000 records, 0 errors
  chunk 16/37: 2000 records, 0 errors
  chunk 17/37: 2000 records, 0 errors
  chunk 18/37: 2000 records, 0 errors
  chunk 19/37: 2000 records, 0 errors
  chunk 20/37: 2000 records, 0 errors
  chunk 21/37: 2000 records, 0 errors
  chunk 22/37: 2000 records, 0 errors
  chunk 23/37: 2000 records, 0 errors
  chunk 24/37: 2000 records, 0 errors
  chunk 25/37: 2000 records, 0 errors
  chunk 26/37: 2000 records, 0 errors
  chunk 27/37: 2000 records, 0 errors
  chunk 28/37: 2000 records, 0 errors
  chunk 29/37: 2000 records, 0 errors
  chunk 30/37: 2000 records, 0 errors
[2026-09-22T06:52:20Z] PIPELINE START
TRAIN_T3 t1_colordisc: 0/3000 missing
TRAIN_T3 t1_colordisc: complete in 0.0s
TRAIN_T3 t2_colorconst: 0/2000 missing
TRAIN_T3 t2_colorconst: complete in 0.0s
TRAIN_T3 t3_shapetrans: 0/4500 missing
TRAIN_T3 t3_shapetrans: complete in 0.0s
TRAIN_T3 t4_pitchdisc: 0/3000 missing
TRAIN_T3 t4_pitchdisc: complete in 0.0s
TRAIN_T3 t5_timbredisc: 0/3000 missing
TRAIN_T3 t5_timbredisc: complete in 0.0s
TRAIN_T3 t6_motiondir: 0/3000 missing
TRAIN_T3 t6_motiondir: complete in 0.0s
TRAIN_T3: MANIFEST written (18500 fixtures)
[2026-09-22T06:52:50Z] T3 gen done rc=0
resume: 37000 records already cached
jobs: 0 (skipped 37000)
wrote 37000 records, errors 0 -> runs_TRAIN_T3.jsonl
[2026-09-22T06:52:51Z] T3 runs done rc=0
TRAIN_T4 t1_colordisc: 0/6000 missing
TRAIN_T4 t1_colordisc: complete in 0.0s
TRAIN_T4 t2_colorconst: 0/4000 missing
TRAIN_T4 t2_colorconst: complete in 0.0s
TRAIN_T4 t3_shapetrans: 0/9000 missing
TRAIN_T4 t3_shapetrans: complete in 0.0s
TRAIN_T4 t4_pitchdisc: 0/6000 missing
TRAIN_T4 t4_pitchdisc: complete in 0.0s
TRAIN_T4 t5_timbredisc: 0/6000 missing
TRAIN_T4 t5_timbredisc: complete in 0.0s
TRAIN_T4 t6_motiondir: 0/6000 missing
TRAIN_T4 t6_motiondir: complete in 0.0s
TRAIN_T4: MANIFEST written (37000 fixtures)
[2026-09-22T06:53:50Z] T4 gen done rc=0
resume: 60000 records already cached
jobs: 14000 (skipped 60000)
  chunk 1/7: 2000 records, 0 errors
  chunk 2/7: 2000 records, 0 errors
  chunk 3/7: 2000 records, 0 errors
  chunk 4/7: 2000 records, 0 errors
  chunk 5/7: 2000 records, 0 errors
  chunk 6/7: 2000 records, 0 errors
  chunk 7/7: 2000 records, 0 errors
wrote 74000 records, errors 0 -> runs_TRAIN_T4.jsonl
[2026-09-22T07:02:35Z] T4 runs done rc=0
TEST_FRESH t1_colordisc: 60/60 missing
TEST_FRESH t1_colordisc: complete in 0.5s
TEST_FRESH t2_colorconst: 40/40 missing
TEST_FRESH t2_colorconst: complete in 5.2s
TEST_FRESH t3_shapetrans: 90/90 missing
TEST_FRESH t3_shapetrans: complete in 10.5s
TEST_FRESH t4_pitchdisc: 60/60 missing
TEST_FRESH t4_pitchdisc: complete in 0.7s
TEST_FRESH t5_timbredisc: 60/60 missing
TEST_FRESH t5_timbredisc: complete in 0.9s
TEST_FRESH t6_motiondir: 60/60 missing
TEST_FRESH t6_motiondir: complete in 5.3s
TEST_FRESH: MANIFEST written (370 fixtures)
[2026-09-22T07:02:58Z] TEST_FRESH gen done rc=0
jobs: 740 (skipped 0)
  chunk 1/1: 740 records, 0 errors
wrote 740 records, errors 0 -> runs_TEST_FRESH.jsonl
[2026-09-22T07:03:37Z] TEST_FRESH runs done rc=0
[2026-09-22T07:03:37Z] PIPELINE COMPLETE
