0 6 0 1036 16 1200 0
436 6 8426 10426 16 1200 0
1836 6 12588 14588 16 1200 0
3236 6 0 1036 16 1200 0
3672 6 0 1036 16 1200 0
4108 6 0 1036 16 1200 0
4544 6 0 1036 16 1200 0
4980 6 0 1036 16 1200 0
5416 6 0 1036 16 1200 0
5852 6 12588 14588 16 1200 0
7252 6 8426 10426 16 1200 0
8652 6 19252 20880 16 1200 0
9679 6 0 1036 16 1200 0
10115 6 3270 5270 16 1200 0
11515 6 0 1036 16 1200 0
0 9 9000 12000 13 2200 0
1800 9 13000 16000 13 2200 0
3600 9 1000 4000 13 2200 0
5400 9 9000 12000 13 2200 0
7200 9 13000 16000 13 2200 0
9000 9 5000 8000 13 2200 0
10800 9 9000 12000 13 2200 0
12600 9 1000 4000 13 2200 0
14400 9 5000 8000 13 2200 0
16200 9 9000 12000 13 2200 0
18000 9 13000 16000 13 2200 0
1000 6 122234 138234 14 4500 0
10000 6 89408 105408 14 4500 0
0 6 122234 138234 14 3500 0
2500 10 44226 45735 12 7000 0
9567 10 45979 46918 12 7000 0
17417 10 12708 15017 12 7000 0
6000 9 13000 16000 13 5000 0
12500 9 1000 4000 13 5000 0
19000 9 5000 8000 13 5000 0
3576 7 15829 18592 15 8000 0
7852 6 0 3500 15 8000 0
12145 6 75402 79402 15 8000 0
15519 6 82603 86603 15 8000 0
3500 8 982 2651 11 1500 0
10500 8 4380 4990 11 1500 0
17500 8 11843 12419 11 1500 0
2000 8 10501 11105 11 9000 0
2744 8 9307 9907 11 9000 0
3868 8 8053 8619 11 9000 0
5650 8 11843 12419 11 9000 0
6951 8 7383 7953 11 9000 0
8662 8 8053 8619 11 9000 0
11044 8 4380 4990 11 9000 0
13478 8 7383 7953 11 9000 0
15847 8 982 2651 11 9000 0
