PROCESSV3,unit,0,1,0,1,0,1,0,0,2967,0,5746,1,4941,1703936
CL_CHECK,unit,0,0
CL_CHECK,supervisor_status,0,0
CL_CHECK,reaped,1,1
CL_CHECK,signal,0,0
CL_CHECK,rss_under_64MiB,1,1
CL_RESOURCE,unit,4941,1703936,2967,0
PROCESSV3,write,0,1,0,1,0,1,0,0,89,0,5336,1,1659,1589248
CL_CHECK,write,0,0
CL_CHECK,supervisor_status,0,0
CL_CHECK,reaped,1,1
CL_CHECK,signal,0,0
CL_CHECK,rss_under_64MiB,1,1
CL_RESOURCE,write,1659,1589248,89,0
PROCESSV3,reload,0,1,0,1,0,1,0,0,446,0,5391,1,1804,1589248
CL_CHECK,reload,0,0
CL_CHECK,supervisor_status,0,0
CL_CHECK,reaped,1,1
CL_CHECK,signal,0,0
CL_CHECK,rss_under_64MiB,1,1
CL_RESOURCE,reload,1804,1589248,446,0
PROCESSV3,torn,0,1,0,1,0,1,73,0,53,0,5307,1,1841,1589248
CL_CHECK,torn,73,73
CL_CHECK,supervisor_status,0,0
CL_CHECK,reaped,1,1
CL_CHECK,signal,0,0
CL_CHECK,rss_under_64MiB,1,1
CL_RESOURCE,torn,1841,1589248,53,0
PROCESSV3,torn-refusal,0,1,0,1,0,1,0,0,116,0,5693,1,1357,1556480
CL_CHECK,torn-refusal,0,0
CL_CHECK,supervisor_status,0,0
CL_CHECK,reaped,1,1
CL_CHECK,signal,0,0
CL_CHECK,rss_under_64MiB,1,1
CL_RESOURCE,torn-refusal,1357,1556480,116,0
CL_ENGINEERING_FAILURES,0
