real 0.36
user 0.33
sys 0.00
            15302656  maximum resident set size
                   0  average shared memory size
                   0  average unshared data size
                   0  average unshared stack size
                 954  page reclaims
                 147  page faults
                   0  swaps
                   0  block input operations
                   0  block output operations
                   0  messages sent
                   0  messages received
                   0  signals received
                   5  voluntary context switches
                1236  involuntary context switches
          4542429036  instructions retired
          1381794033  cycles elapsed
            12583272  peak memory footprint
