znc: warning: zagd unavailable; foreground compilation continues without background planning
warning[A0102]: ignored return value of `link_edge` — result is discarded
  --> wh_full_m1.zag:275
   = note: in function `ev_teach`: this function returns a non-void value that is discarded
   = hint: bind the result to a `let` and use it, or add `// znc:allow A0102` to suppress
warning[A0102]: ignored return value of `link_edge` — result is discarded
  --> wh_full_m1.zag:275
   = note: in function `ev_teach`: this function returns a non-void value that is discarded
   = hint: bind the result to a `let` and use it, or add `// znc:allow A0102` to suppress
warning[A0102]: ignored return value of `link_edge` — result is discarded
  --> wh_full_m1.zag:288
   = note: in function `ev_teach_in`: this function returns a non-void value that is discarded
   = hint: bind the result to a `let` and use it, or add `// znc:allow A0102` to suppress
warning[A0102]: ignored return value of `link_edge` — result is discarded
  --> wh_full_m1.zag:296
   = note: in function `seq_link`: this function returns a non-void value that is discarded
   = hint: bind the result to a `let` and use it, or add `// znc:allow A0102` to suppress
warning[A0102]: ignored return value of `link_edge` — result is discarded
  --> wh_full_m1.zag:341
   = note: in function `t2_asm_chain`: this function returns a non-void value that is discarded
   = hint: bind the result to a `let` and use it, or add `// znc:allow A0102` to suppress
warning[A0102]: ignored return value of `link_edge` — result is discarded
  --> wh_full_m1.zag:357
   = note: in function `t2_asm_count`: this function returns a non-void value that is discarded
   = hint: bind the result to a `let` and use it, or add `// znc:allow A0102` to suppress
warning[A0102]: ignored return value of `link_edge` — result is discarded
  --> wh_full_m1.zag:511
   = note: in function `promote_graph`: this function returns a non-void value that is discarded
   = hint: bind the result to a `let` and use it, or add `// znc:allow A0102` to suppress
warning[A0102]: ignored return value of `link_edge` — result is discarded
  --> wh_full_m1.zag:511
   = note: in function `promote_graph`: this function returns a non-void value that is discarded
   = hint: bind the result to a `let` and use it, or add `// znc:allow A0102` to suppress
warning[A0102]: ignored return value of `link_edge` — result is discarded
  --> wh_full_m1.zag:511
   = note: in function `promote_graph`: this function returns a non-void value that is discarded
   = hint: bind the result to a `let` and use it, or add `// znc:allow A0102` to suppress
warning[A0102]: ignored return value of `link_edge` — result is discarded
  --> wh_full_m1.zag:511
   = note: in function `promote_graph`: this function returns a non-void value that is discarded
   = hint: bind the result to a `let` and use it, or add `// znc:allow A0102` to suppress
warning[A0102]: ignored return value of `ev_teach_in` — result is discarded
  --> wh_full_m1.zag:511
   = note: in function `promote_graph`: this function returns a non-void value that is discarded
   = hint: bind the result to a `let` and use it, or add `// znc:allow A0102` to suppress
warning[A0102]: ignored return value of `link_edge` — result is discarded
  --> wh_full_m1.zag:556
   = note: in function `contradict_map`: this function returns a non-void value that is discarded
   = hint: bind the result to a `let` and use it, or add `// znc:allow A0102` to suppress
warning[A0102]: ignored return value of `promote_graph` — result is discarded
  --> wh_full_m1.zag:564
   = note: in function `t2_trial`: this function returns a non-void value that is discarded
   = hint: bind the result to a `let` and use it, or add `// znc:allow A0102` to suppress
warning[A0102]: ignored return value of `promote_graph` — result is discarded
  --> wh_full_m1.zag:564
   = note: in function `t2_trial`: this function returns a non-void value that is discarded
   = hint: bind the result to a `let` and use it, or add `// znc:allow A0102` to suppress
warning[A0102]: ignored return value of `promote_graph` — result is discarded
  --> wh_full_m1.zag:564
   = note: in function `t2_trial`: this function returns a non-void value that is discarded
   = hint: bind the result to a `let` and use it, or add `// znc:allow A0102` to suppress
warning[A0102]: ignored return value of `promote_graph` — result is discarded
  --> wh_full_m1.zag:564
   = note: in function `t2_trial`: this function returns a non-void value that is discarded
   = hint: bind the result to a `let` and use it, or add `// znc:allow A0102` to suppress
warning[A0102]: ignored return value of `t2_revise_graph` — result is discarded
  --> wh_full_m1.zag:663
   = note: in function `revise_on_contradict`: this function returns a non-void value that is discarded
   = hint: bind the result to a `let` and use it, or add `// znc:allow A0102` to suppress
warning[A0102]: ignored return value of `link_edge` — result is discarded
  --> wh_full_m1.zag:684
   = note: in function `t2_revise_graph`: this function returns a non-void value that is discarded
   = hint: bind the result to a `let` and use it, or add `// znc:allow A0102` to suppress
warning[A0102]: ignored return value of `link_edge` — result is discarded
  --> wh_full_m1.zag:684
   = note: in function `t2_revise_graph`: this function returns a non-void value that is discarded
   = hint: bind the result to a `let` and use it, or add `// znc:allow A0102` to suppress
warning[A0102]: ignored return value of `ev_teach_in` — result is discarded
  --> wh_full_m1.zag:684
   = note: in function `t2_revise_graph`: this function returns a non-void value that is discarded
   = hint: bind the result to a `let` and use it, or add `// znc:allow A0102` to suppress
warning[A0102]: ignored return value of `link_edge` — result is discarded
  --> wh_full_m1.zag:731
   = note: in function `k_get`: this function returns a non-void value that is discarded
   = hint: bind the result to a `let` and use it, or add `// znc:allow A0102` to suppress
warning[A0102]: ignored return value of `link_edge` — result is discarded
  --> wh_full_m1.zag:741
   = note: in function `bootstrap_miss`: this function returns a non-void value that is discarded
   = hint: bind the result to a `let` and use it, or add `// znc:allow A0102` to suppress
warning[A0102]: ignored return value of `link_edge` — result is discarded
  --> wh_full_m1.zag:741
   = note: in function `bootstrap_miss`: this function returns a non-void value that is discarded
   = hint: bind the result to a `let` and use it, or add `// znc:allow A0102` to suppress
warning[A0102]: ignored return value of `link_edge` — result is discarded
  --> wh_full_m1.zag:741
   = note: in function `bootstrap_miss`: this function returns a non-void value that is discarded
   = hint: bind the result to a `let` and use it, or add `// znc:allow A0102` to suppress
warning[A0102]: ignored return value of `ev_teach_in` — result is discarded
  --> wh_full_m1.zag:741
   = note: in function `bootstrap_miss`: this function returns a non-void value that is discarded
   = hint: bind the result to a `let` and use it, or add `// znc:allow A0102` to suppress
warning[A0102]: ignored return value of `link_edge` — result is discarded
  --> wh_full_m1.zag:773
   = note: in function `miss_inquire`: this function returns a non-void value that is discarded
   = hint: bind the result to a `let` and use it, or add `// znc:allow A0102` to suppress
warning[A0102]: ignored return value of `link_edge` — result is discarded
  --> wh_full_m1.zag:773
   = note: in function `miss_inquire`: this function returns a non-void value that is discarded
   = hint: bind the result to a `let` and use it, or add `// znc:allow A0102` to suppress
warning[A0102]: ignored return value of `link_edge` — result is discarded
  --> wh_full_m1.zag:791
   = note: in function `ev_query`: this function returns a non-void value that is discarded
   = hint: bind the result to a `let` and use it, or add `// znc:allow A0102` to suppress
warning[A0102]: ignored return value of `link_edge` — result is discarded
  --> wh_full_m1.zag:791
   = note: in function `ev_query`: this function returns a non-void value that is discarded
   = hint: bind the result to a `let` and use it, or add `// znc:allow A0102` to suppress
warning[A0102]: ignored return value of `link_edge` — result is discarded
  --> wh_full_m1.zag:814
   = note: in function `ev_act`: this function returns a non-void value that is discarded
   = hint: bind the result to a `let` and use it, or add `// znc:allow A0102` to suppress
warning[A0102]: ignored return value of `pred_record` — result is discarded
  --> wh_full_m1.zag:905
   = note: in function `ev_predict`: this function returns a non-void value that is discarded
   = hint: bind the result to a `let` and use it, or add `// znc:allow A0102` to suppress
warning[A0102]: ignored return value of `pred_record` — result is discarded
  --> wh_full_m1.zag:905
   = note: in function `ev_predict`: this function returns a non-void value that is discarded
   = hint: bind the result to a `let` and use it, or add `// znc:allow A0102` to suppress
warning[A0102]: ignored return value of `link_edge` — result is discarded
  --> wh_full_m1.zag:968
   = note: in function `ev_observe`: this function returns a non-void value that is discarded
   = hint: bind the result to a `let` and use it, or add `// znc:allow A0102` to suppress
warning[A0102]: ignored return value of `link_edge` — result is discarded
  --> wh_full_m1.zag:968
   = note: in function `ev_observe`: this function returns a non-void value that is discarded
   = hint: bind the result to a `let` and use it, or add `// znc:allow A0102` to suppress
warning[A0102]: ignored return value of `link_edge` — result is discarded
  --> wh_full_m1.zag:968
   = note: in function `ev_observe`: this function returns a non-void value that is discarded
   = hint: bind the result to a `let` and use it, or add `// znc:allow A0102` to suppress
warning[A0102]: ignored return value of `link_edge` — result is discarded
  --> wh_full_m1.zag:968
   = note: in function `ev_observe`: this function returns a non-void value that is discarded
   = hint: bind the result to a `let` and use it, or add `// znc:allow A0102` to suppress
warning[A0102]: ignored return value of `ev_teach_in` — result is discarded
  --> wh_full_m1.zag:968
   = note: in function `ev_observe`: this function returns a non-void value that is discarded
   = hint: bind the result to a `let` and use it, or add `// znc:allow A0102` to suppress
warning[A0102]: ignored return value of `ev_teach` — result is discarded
  --> wh_full_m1.zag:1232
   = note: in function `battery`: this function returns a non-void value that is discarded
   = hint: bind the result to a `let` and use it, or add `// znc:allow A0102` to suppress
warning[A0102]: ignored return value of `ev_teach` — result is discarded
  --> wh_full_m1.zag:1232
   = note: in function `battery`: this function returns a non-void value that is discarded
   = hint: bind the result to a `let` and use it, or add `// znc:allow A0102` to suppress
warning[A0102]: ignored return value of `ev_teach` — result is discarded
  --> wh_full_m1.zag:1232
   = note: in function `battery`: this function returns a non-void value that is discarded
   = hint: bind the result to a `let` and use it, or add `// znc:allow A0102` to suppress
warning[A0102]: ignored return value of `battery` — result is discarded
  --> wh_full_m1.zag:1316
   = note: in function `main`: this function returns a non-void value that is discarded
   = hint: bind the result to a `let` and use it, or add `// znc:allow A0102` to suppress
warning[A0102]: ignored return value of `battery` — result is discarded
  --> wh_full_m1.zag:1316
   = note: in function `main`: this function returns a non-void value that is discarded
   = hint: bind the result to a `let` and use it, or add `// znc:allow A0102` to suppress
warning[A0102]: ignored return value of `battery` — result is discarded
  --> wh_full_m1.zag:1316
   = note: in function `main`: this function returns a non-void value that is discarded
   = hint: bind the result to a `let` and use it, or add `// znc:allow A0102` to suppress
znc: analyzer found 43 issue(s) (warnings above; use --analyze-strict to fail the build, --no-analyze to silence)
