EP 0 x0=3 x1=1 pred=0 true=8 err=8
EP 1 x0=4 x1=2 pred=0 true=12 err=12
TRIGGER 1 winfail=2 win=2 buf=2
CONSTRUCT 1 0 NODE id=0 op=ADD p1=0 p2=8 p3=8 err_before=20 err_after=6
CONSTRUCT 1 1 NODE id=1 op=ADD p1=0 p2=0 p3=8 err_before=6 err_after=1
STALL 1 nodes=3 buf_err=1
EP 2 x0=1 x1=4 pred=3 true=10 err=7
EP 3 x0=4 x1=0 pred=12 true=8 err=4
TRIGGER 3 winfail=2 win=2 buf=4
CONSTRUCT 3 0 NODE id=2 op=ADD p1=0 p2=0 p3=9 err_before=12 err_after=11
STALL 3 nodes=4 buf_err=11
EP 4 x0=0 x1=3 pred=3 true=6 err=3
EP 5 x0=2 x1=3 pred=9 true=10 err=1
TRIGGER 5 winfail=2 win=2 buf=6
CONSTRUCT 5 0 NODE id=3 op=ADD p1=0 p2=0 p3=9 err_before=15 err_after=14
STALL 5 nodes=5 buf_err=14
EP 6 x0=3 x1=1 pred=11 true=8 err=3
EP 7 x0=4 x1=0 pred=12 true=8 err=4
TRIGGER 7 winfail=2 win=2 buf=8
STALL 7 nodes=5 buf_err=21
EP 8 x0=4 x1=0 pred=12 true=8 err=4
EP 9 x0=1 x1=3 pred=9 true=8 err=1
TRIGGER 9 winfail=2 win=2 buf=8
STALL 9 nodes=5 buf_err=19
EP 10 x0=3 x1=1 pred=11 true=8 err=3
EP 11 x0=1 x1=4 pred=11 true=10 err=1
TRIGGER 11 winfail=2 win=2 buf=8
STALL 11 nodes=5 buf_err=18
EP 12 x0=0 x1=3 pred=6 true=6 err=0
EP 13 x0=4 x1=0 pred=12 true=8 err=4
EP 14 x0=1 x1=1 pred=5 true=4 err=1
TRIGGER 14 winfail=2 win=3 buf=8
STALL 14 nodes=5 buf_err=18
EP 15 x0=1 x1=0 pred=3 true=2 err=1
EP 16 x0=2 x1=4 pred=14 true=12 err=2
TRIGGER 16 winfail=2 win=2 buf=8
STALL 16 nodes=5 buf_err=13
EP 17 x0=0 x1=0 pred=0 true=0 err=0
EP 18 x0=0 x1=0 pred=0 true=0 err=0
EP 19 x0=2 x1=4 pred=14 true=12 err=2
EP 20 x0=1 x1=4 pred=11 true=10 err=1
TRIGGER 20 winfail=2 win=4 buf=8
STALL 20 nodes=5 buf_err=11
EP 21 x0=2 x1=1 pred=8 true=6 err=2
EP 22 x0=4 x1=3 pred=18 true=14 err=4
TRIGGER 22 winfail=2 win=2 buf=8
STALL 22 nodes=5 buf_err=12
EP 23 x0=1 x1=0 pred=3 true=2 err=1
EXEC main 24
SUMMARY episodes=24 constructs=4 supersedes=0 stalls=10 main_nodes=5
