znc: warning: zagd unavailable; foreground compilation continues without background planning
warning[E0101]: adding 0 has no effect
  --> belief.zag:105
   = note: in function `src_rel`: this addition always returns the other operand unchanged
   = hint: remove the `+ 0`
warning[E0101]: adding 0 has no effect
  --> belief.zag:114
   = note: in function `disc_for`: this addition always returns the other operand unchanged
   = hint: remove the `+ 0`
warning[E0101]: adding 0 has no effect
  --> belief.zag:114
   = note: in function `disc_for`: this addition always returns the other operand unchanged
   = hint: remove the `+ 0`
warning[E0101]: adding 0 has no effect
  --> belief.zag:114
   = note: in function `disc_for`: this addition always returns the other operand unchanged
   = hint: remove the `+ 0`
warning[E0101]: adding 0 has no effect
  --> belief.zag:143
   = note: in function `ev_record`: this addition always returns the other operand unchanged
   = hint: remove the `+ 0`
warning[E0101]: adding 0 has no effect
  --> belief.zag:159
   = note: in function `ev_calibrate`: this addition always returns the other operand unchanged
   = hint: remove the `+ 0`
warning[E0101]: adding 0 has no effect
  --> belief.zag:159
   = note: in function `ev_calibrate`: this addition always returns the other operand unchanged
   = hint: remove the `+ 0`
warning[A0102]: ignored return value of `ev_record` — result is discarded
  --> belief.zag:159
   = note: in function `ev_calibrate`: this function returns a non-void value that is discarded
   = hint: bind the result to a `let` and use it, or add `// znc:allow A0102` to suppress
warning[E0101]: adding 0 has no effect
  --> belief.zag:211
   = note: in function `ev_verify`: this addition always returns the other operand unchanged
   = hint: remove the `+ 0`
warning[E0101]: adding 0 has no effect
  --> belief.zag:211
   = note: in function `ev_verify`: this addition always returns the other operand unchanged
   = hint: remove the `+ 0`
warning[E0101]: adding 0 has no effect
  --> belief.zag:211
   = note: in function `ev_verify`: this addition always returns the other operand unchanged
   = hint: remove the `+ 0`
warning[E0101]: adding 0 has no effect
  --> belief.zag:227
   = note: in function `belief_why`: this addition always returns the other operand unchanged
   = hint: remove the `+ 0`
warning[E0101]: adding 0 has no effect
  --> belief.zag:245
   = note: in function `print_reliabilities`: this addition always returns the other operand unchanged
   = hint: remove the `+ 0`
warning[E0101]: adding 0 has no effect
  --> belief.zag:273
   = note: in function `contrary_count`: this addition always returns the other operand unchanged
   = hint: remove the `+ 0`
warning[A0102]: ignored return value of `ev_observe` — result is discarded
  --> belief.zag:295
   = note: in function `run_main_world`: this function returns a non-void value that is discarded
   = hint: bind the result to a `let` and use it, or add `// znc:allow A0102` to suppress
warning[A0102]: ignored return value of `ev_observe` — result is discarded
  --> belief.zag:295
   = note: in function `run_main_world`: this function returns a non-void value that is discarded
   = hint: bind the result to a `let` and use it, or add `// znc:allow A0102` to suppress
warning[A0102]: ignored return value of `ev_observe` — result is discarded
  --> belief.zag:295
   = note: in function `run_main_world`: this function returns a non-void value that is discarded
   = hint: bind the result to a `let` and use it, or add `// znc:allow A0102` to suppress
warning[A0102]: ignored return value of `ev_observe` — result is discarded
  --> belief.zag:295
   = note: in function `run_main_world`: this function returns a non-void value that is discarded
   = hint: bind the result to a `let` and use it, or add `// znc:allow A0102` to suppress
warning[A0102]: ignored return value of `ev_observe` — result is discarded
  --> belief.zag:295
   = note: in function `run_main_world`: this function returns a non-void value that is discarded
   = hint: bind the result to a `let` and use it, or add `// znc:allow A0102` to suppress
warning[A0102]: ignored return value of `ev_observe` — result is discarded
  --> belief.zag:295
   = note: in function `run_main_world`: this function returns a non-void value that is discarded
   = hint: bind the result to a `let` and use it, or add `// znc:allow A0102` to suppress
warning[A0102]: ignored return value of `ev_observe` — result is discarded
  --> belief.zag:295
   = note: in function `run_main_world`: this function returns a non-void value that is discarded
   = hint: bind the result to a `let` and use it, or add `// znc:allow A0102` to suppress
warning[A0102]: ignored return value of `ev_observe` — result is discarded
  --> belief.zag:295
   = note: in function `run_main_world`: this function returns a non-void value that is discarded
   = hint: bind the result to a `let` and use it, or add `// znc:allow A0102` to suppress
warning[A0102]: ignored return value of `ev_observe` — result is discarded
  --> belief.zag:295
   = note: in function `run_main_world`: this function returns a non-void value that is discarded
   = hint: bind the result to a `let` and use it, or add `// znc:allow A0102` to suppress
warning[A0102]: ignored return value of `ev_observe` — result is discarded
  --> belief.zag:311
   = note: in function `run_probeR`: this function returns a non-void value that is discarded
   = hint: bind the result to a `let` and use it, or add `// znc:allow A0102` to suppress
warning[E0101]: multiplying by 1 has no effect
  --> belief.zag:318
   = note: in function `main`: this product always returns the other operand unchanged
   = hint: remove the `* 1`
warning[B0108]: negated comparison `!(==)` — use `!=` instead
  --> belief.zag:318
   = note: in function `main`: the negated form is clearer and avoids a precedence trap
   = hint: replace with `!=`
warning[B0108]: negated comparison `!(==)` — use `!=` instead
  --> belief.zag:318
   = note: in function `main`: the negated form is clearer and avoids a precedence trap
   = hint: replace with `!=`
warning[B0108]: negated comparison `!(==)` — use `!=` instead
  --> belief.zag:318
   = note: in function `main`: the negated form is clearer and avoids a precedence trap
   = hint: replace with `!=`
warning[B0108]: negated comparison `!(==)` — use `!=` instead
  --> belief.zag:318
   = note: in function `main`: the negated form is clearer and avoids a precedence trap
   = hint: replace with `!=`
warning[B0108]: negated comparison `!(==)` — use `!=` instead
  --> belief.zag:318
   = note: in function `main`: the negated form is clearer and avoids a precedence trap
   = hint: replace with `!=`
warning[B0108]: negated comparison `!(==)` — use `!=` instead
  --> belief.zag:318
   = note: in function `main`: the negated form is clearer and avoids a precedence trap
   = hint: replace with `!=`
warning[B0108]: negated comparison `!(==)` — use `!=` instead
  --> belief.zag:318
   = note: in function `main`: the negated form is clearer and avoids a precedence trap
   = hint: replace with `!=`
warning[B0108]: negated comparison `!(==)` — use `!=` instead
  --> belief.zag:318
   = note: in function `main`: the negated form is clearer and avoids a precedence trap
   = hint: replace with `!=`
warning[B0108]: negated comparison `!(==)` — use `!=` instead
  --> belief.zag:318
   = note: in function `main`: the negated form is clearer and avoids a precedence trap
   = hint: replace with `!=`
warning[B0108]: negated comparison `!(==)` — use `!=` instead
  --> belief.zag:318
   = note: in function `main`: the negated form is clearer and avoids a precedence trap
   = hint: replace with `!=`
warning[B0108]: negated comparison `!(==)` — use `!=` instead
  --> belief.zag:318
   = note: in function `main`: the negated form is clearer and avoids a precedence trap
   = hint: replace with `!=`
warning[B0108]: negated comparison `!(==)` — use `!=` instead
  --> belief.zag:318
   = note: in function `main`: the negated form is clearer and avoids a precedence trap
   = hint: replace with `!=`
warning[B0108]: negated comparison `!(==)` — use `!=` instead
  --> belief.zag:318
   = note: in function `main`: the negated form is clearer and avoids a precedence trap
   = hint: replace with `!=`
warning[B0108]: negated comparison `!(==)` — use `!=` instead
  --> belief.zag:318
   = note: in function `main`: the negated form is clearer and avoids a precedence trap
   = hint: replace with `!=`
warning[B0108]: negated comparison `!(==)` — use `!=` instead
  --> belief.zag:318
   = note: in function `main`: the negated form is clearer and avoids a precedence trap
   = hint: replace with `!=`
warning[B0108]: negated comparison `!(==)` — use `!=` instead
  --> belief.zag:318
   = note: in function `main`: the negated form is clearer and avoids a precedence trap
   = hint: replace with `!=`
warning[B0108]: negated comparison `!(==)` — use `!=` instead
  --> belief.zag:318
   = note: in function `main`: the negated form is clearer and avoids a precedence trap
   = hint: replace with `!=`
warning[B0108]: negated comparison `!(==)` — use `!=` instead
  --> belief.zag:318
   = note: in function `main`: the negated form is clearer and avoids a precedence trap
   = hint: replace with `!=`
warning[A0102]: ignored return value of `ev_observe` — result is discarded
  --> belief.zag:318
   = note: in function `main`: this function returns a non-void value that is discarded
   = hint: bind the result to a `let` and use it, or add `// znc:allow A0102` to suppress
warning[A0102]: ignored return value of `ev_observe` — result is discarded
  --> belief.zag:318
   = note: in function `main`: this function returns a non-void value that is discarded
   = hint: bind the result to a `let` and use it, or add `// znc:allow A0102` to suppress
warning[A0102]: ignored return value of `ev_observe` — result is discarded
  --> belief.zag:318
   = note: in function `main`: this function returns a non-void value that is discarded
   = hint: bind the result to a `let` and use it, or add `// znc:allow A0102` to suppress
warning[A0102]: ignored return value of `ev_observe` — result is discarded
  --> belief.zag:318
   = note: in function `main`: this function returns a non-void value that is discarded
   = hint: bind the result to a `let` and use it, or add `// znc:allow A0102` to suppress
warning[A0102]: ignored return value of `ev_observe` — result is discarded
  --> belief.zag:318
   = note: in function `main`: this function returns a non-void value that is discarded
   = hint: bind the result to a `let` and use it, or add `// znc:allow A0102` to suppress
warning[A0102]: ignored return value of `ev_observe` — result is discarded
  --> belief.zag:318
   = note: in function `main`: this function returns a non-void value that is discarded
   = hint: bind the result to a `let` and use it, or add `// znc:allow A0102` to suppress
warning[A0102]: ignored return value of `ev_observe` — result is discarded
  --> belief.zag:318
   = note: in function `main`: this function returns a non-void value that is discarded
   = hint: bind the result to a `let` and use it, or add `// znc:allow A0102` to suppress
warning[A0102]: ignored return value of `ev_observe` — result is discarded
  --> belief.zag:318
   = note: in function `main`: this function returns a non-void value that is discarded
   = hint: bind the result to a `let` and use it, or add `// znc:allow A0102` to suppress
warning[A0102]: ignored return value of `ev_observe` — result is discarded
  --> belief.zag:318
   = note: in function `main`: this function returns a non-void value that is discarded
   = hint: bind the result to a `let` and use it, or add `// znc:allow A0102` to suppress
warning[A0102]: ignored return value of `ev_observe` — result is discarded
  --> belief.zag:318
   = note: in function `main`: this function returns a non-void value that is discarded
   = hint: bind the result to a `let` and use it, or add `// znc:allow A0102` to suppress
warning[A0102]: ignored return value of `ev_observe` — result is discarded
  --> belief.zag:318
   = note: in function `main`: this function returns a non-void value that is discarded
   = hint: bind the result to a `let` and use it, or add `// znc:allow A0102` to suppress
warning[A0102]: ignored return value of `ev_observe` — result is discarded
  --> belief.zag:318
   = note: in function `main`: this function returns a non-void value that is discarded
   = hint: bind the result to a `let` and use it, or add `// znc:allow A0102` to suppress
warning[A0102]: ignored return value of `ev_observe` — result is discarded
  --> belief.zag:318
   = note: in function `main`: this function returns a non-void value that is discarded
   = hint: bind the result to a `let` and use it, or add `// znc:allow A0102` to suppress
warning[A0102]: ignored return value of `ev_observe` — result is discarded
  --> belief.zag:318
   = note: in function `main`: this function returns a non-void value that is discarded
   = hint: bind the result to a `let` and use it, or add `// znc:allow A0102` to suppress
warning[A0102]: ignored return value of `ev_observe` — result is discarded
  --> belief.zag:318
   = note: in function `main`: this function returns a non-void value that is discarded
   = hint: bind the result to a `let` and use it, or add `// znc:allow A0102` to suppress
znc: analyzer found 58 issue(s) (warnings above; use --analyze-strict to fail the build, --no-analyze to silence)
znc: wrote native binary belief_bin (43799 bytes main, 0 external tools)
