CLAIM id=T0148 idx=147
READ hid=0 rd=R_ASSERT ev=1
READ hid=1 rd=R_EVAL ev=0
READ hid=2 rd=R_DEON ev=0
READ hid=3 rd=R_1PEXP ev=0
READ hid=4 rd=R_NEG ev=0
READ hid=5 rd=R_CLAIMNUM ev=1
READ hid=10 rd=R_OVL_0 ev=1
READ hid=26 rd=R_CPOL_0 ev=1
READ hid=42 rd=R_CNUMA_0 ev=0
READ hid=58 rd=R_CNUMC_0 ev=0
READ hid=74 rd=R_CNUMG_0 ev=1
READ hid=11 rd=R_OVL_1 ev=1
READ hid=27 rd=R_CPOL_1 ev=0
READ hid=43 rd=R_CNUMA_1 ev=0
READ hid=59 rd=R_CNUMC_1 ev=0
READ hid=75 rd=R_CNUMG_1 ev=1
READ hid=12 rd=R_OVL_2 ev=1
READ hid=28 rd=R_CPOL_2 ev=1
READ hid=44 rd=R_CNUMA_2 ev=0
READ hid=60 rd=R_CNUMC_2 ev=0
READ hid=76 rd=R_CNUMG_2 ev=1
READ hid=13 rd=R_OVL_3 ev=1
READ hid=29 rd=R_CPOL_3 ev=0
READ hid=45 rd=R_CNUMA_3 ev=0
READ hid=61 rd=R_CNUMC_3 ev=0
READ hid=77 rd=R_CNUMG_3 ev=1
READ hid=14 rd=R_OVL_4 ev=1
READ hid=30 rd=R_CPOL_4 ev=0
READ hid=46 rd=R_CNUMA_4 ev=0
READ hid=62 rd=R_CNUMC_4 ev=0
READ hid=78 rd=R_CNUMG_4 ev=1
READ hid=15 rd=R_OVL_5 ev=1
READ hid=31 rd=R_CPOL_5 ev=0
READ hid=47 rd=R_CNUMA_5 ev=0
READ hid=63 rd=R_CNUMC_5 ev=0
READ hid=79 rd=R_CNUMG_5 ev=1
CAND hid=120 bid=SUP_0 fire=1 base=100 bonus=7 score=107 cand=T0054
CAND hid=140 bid=CON_0 fire=1 base=100 bonus=7 score=107 cand=T0054
CAND hid=160 bid=TOP_0 fire=1 base=100 bonus=13 score=113 cand=T0054
CAND hid=121 bid=SUP_1 fire=1 base=100 bonus=7 score=107 cand=T0116
CAND hid=141 bid=CON_1 fire=1 base=100 bonus=7 score=107 cand=T0116
CAND hid=161 bid=TOP_1 fire=1 base=100 bonus=13 score=113 cand=T0116
CAND hid=122 bid=SUP_2 fire=1 base=100 bonus=7 score=107 cand=T0181
CAND hid=142 bid=CON_2 fire=1 base=100 bonus=7 score=107 cand=T0181
CAND hid=162 bid=TOP_2 fire=1 base=100 bonus=13 score=113 cand=T0181
CAND hid=123 bid=SUP_3 fire=1 base=100 bonus=1 score=101 cand=T0254
CAND hid=143 bid=CON_3 fire=1 base=100 bonus=1 score=101 cand=T0254
CAND hid=163 bid=TOP_3 fire=1 base=100 bonus=13 score=113 cand=T0254
CAND hid=124 bid=SUP_4 fire=1 base=100 bonus=7 score=107 cand=T0263
CAND hid=144 bid=CON_4 fire=1 base=100 bonus=7 score=107 cand=T0263
CAND hid=164 bid=TOP_4 fire=1 base=100 bonus=13 score=113 cand=T0263
CAND hid=125 bid=SUP_5 fire=1 base=100 bonus=7 score=107 cand=T0295
CAND hid=145 bid=CON_5 fire=1 base=100 bonus=7 score=107 cand=T0295
CAND hid=165 bid=TOP_5 fire=1 base=100 bonus=13 score=113 cand=T0295
ELIM hid=120 bid=SUP_0 reason=OUTSCORED by=160 score=107
ELIM hid=140 bid=CON_0 reason=OUTSCORED by=160 score=107
ELIM hid=121 bid=SUP_1 reason=OUTSCORED by=161 score=107
ELIM hid=141 bid=CON_1 reason=OUTSCORED by=161 score=107
ELIM hid=122 bid=SUP_2 reason=OUTSCORED by=162 score=107
ELIM hid=142 bid=CON_2 reason=OUTSCORED by=162 score=107
ELIM hid=123 bid=SUP_3 reason=OUTSCORED by=163 score=101
ELIM hid=143 bid=CON_3 reason=OUTSCORED by=163 score=101
ELIM hid=124 bid=SUP_4 reason=OUTSCORED by=164 score=107
ELIM hid=144 bid=CON_4 reason=OUTSCORED by=164 score=107
ELIM hid=125 bid=SUP_5 reason=OUTSCORED by=165 score=107
ELIM hid=145 bid=CON_5 reason=OUTSCORED by=165 score=107
READ hid=90 rd=R_COV_0 ev=0
READ hid=91 rd=R_COV_1 ev=0
READ hid=92 rd=R_COV_2 ev=0
READ hid=93 rd=R_COV_3 ev=0
CAND hid=200 bid=FACT fire=0 base=211 bonus=0 score=211
CAND hid=201 bid=LIE fire=0 base=211 bonus=0 score=211
CAND hid=203 bid=UNDET fire=1 base=203 bonus=0 score=203
ELIM hid=200 bid=FACT reason=PRE_FAIL by=-1 score=211
ELIM hid=201 bid=LIE reason=PRE_FAIL by=-1 score=211
ELIM hid=202 bid=OPINION reason=PRE_FAIL by=-1 score=0
ARGMAX hid=203 verdict=UNDETERMINED score=203 margin=0
CONTENT cand=T0054 ovl=1 interp=TOP text="Edison invented the light bulb entirely alone, with no predecessors. "
CONTENT cand=T0116 ovl=1 interp=TOP text="French fries were invented in France. "
CONTENT cand=T0181 ovl=1 interp=TOP text="Fortune cookies were invented in the United States, not China. "
CONTENT cand=T0254 ovl=1 interp=TOP text="I believe brunch is the greatest meal ever invented. "
CONTENT cand=T0263 ovl=1 interp=TOP text="Shakespeare invented the word internet. "
CONTENT cand=T0295 ovl=1 interp=TOP text="Email was invented in the 1990s. "
NEED: print|press|invent
VERDICT id=T0148 verdict=UNDETERMINED
