extracted frozen prompts from prereg; sha256=eff5f91f03076ea0be29bd94bc39f941e5dcf9abbeb7b6d13fd55ed8fcca6991
[dump batch 0] PARSE FAIL (attempt 1): bad ID/VALUE: invalid literal for int() with base 10: '0 VALUE: 3 SENTENCE: The province code is 3.' in {'ID': '0 VALUE: 3 SENTENCE: The province code is 3.'}
  transient API error (attempt 1/10): HTTPError: HTTP Error 429: Too Many Requests
  transient API error (attempt 2/10): HTTPError: HTTP Error 429: Too Many Requests
[dump batch 0] PARSE FAIL (attempt 2): bad ID/VALUE: invalid literal for int() with base 10: '0 VALUE: 3 SENTENCE: The province code is 3.' in {'ID': '0 VALUE: 3 SENTENCE: The province code is 3.'}
  transient API error (attempt 1/10): HTTPError: HTTP Error 429: Too Many Requests
  transient API error (attempt 2/10): HTTPError: HTTP Error 429: Too Many Requests
  transient API error (attempt 3/10): HTTPError: HTTP Error 429: Too Many Requests
[dump batch 0] ok sha256=1c325a0cb00c5b5c
  transient API error (attempt 1/10): HTTPError: HTTP Error 429: Too Many Requests
  transient API error (attempt 2/10): HTTPError: HTTP Error 429: Too Many Requests
  transient API error (attempt 3/10): HTTPError: HTTP Error 429: Too Many Requests
[dump batch 1] PARSE FAIL (attempt 1): bad ID/VALUE: invalid literal for int() with base 10: '12 VALUE: 3 SENTENCE: The province code is 3.' in {'ID': '12 VALUE: 3 SENTENCE: The province code is 3.'}
  transient API error (attempt 1/10): HTTPError: HTTP Error 429: Too Many Requests
  transient API error (attempt 2/10): HTTPError: HTTP Error 429: Too Many Requests
  transient API error (attempt 3/10): HTTPError: HTTP Error 429: Too Many Requests
extracted frozen prompts from prereg; sha256=eff5f91f03076ea0be29bd94bc39f941e5dcf9abbeb7b6d13fd55ed8fcca6991
[dump batch 0] resumed from raw (parses)
[dump batch 1] resumed from raw (parses)
[dump batch 2] ok sha256=343c8d0b38d1f8e8
  transient API error (attempt 1/10): HTTPError: HTTP Error 429: Too Many Requests
  transient API error (attempt 2/10): HTTPError: HTTP Error 429: Too Many Requests
[dump batch 3] ok sha256=f57ade876ad16f08
  transient API error (attempt 1/10): HTTPError: HTTP Error 429: Too Many Requests
  transient API error (attempt 2/10): HTTPError: HTTP Error 429: Too Many Requests
  transient API error (attempt 3/10): HTTPError: HTTP Error 429: Too Many Requests
[dump batch 4] ok sha256=e345b25cc0808a0a
  transient API error (attempt 1/10): HTTPError: HTTP Error 429: Too Many Requests
  transient API error (attempt 2/10): HTTPError: HTTP Error 429: Too Many Requests
  transient API error (attempt 3/10): HTTPError: HTTP Error 429: Too Many Requests
[dump batch 5] ok sha256=d4538ea62c16c054
  transient API error (attempt 1/10): HTTPError: HTTP Error 429: Too Many Requests
  transient API error (attempt 2/10): HTTPError: HTTP Error 429: Too Many Requests
  transient API error (attempt 3/10): HTTPError: HTTP Error 429: Too Many Requests
[dump batch 6] ok sha256=d1ab774f6229d63a
[dump batch 7] ok sha256=a08b44760a346b2f
  transient API error (attempt 1/10): HTTPError: HTTP Error 429: Too Many Requests
  transient API error (attempt 2/10): HTTPError: HTTP Error 429: Too Many Requests
  transient API error (attempt 3/10): HTTPError: HTTP Error 429: Too Many Requests
[dump batch 8] ok sha256=165431d7b03fda0b
  transient API error (attempt 1/10): HTTPError: HTTP Error 429: Too Many Requests
  transient API error (attempt 2/10): HTTPError: HTTP Error 429: Too Many Requests
  transient API error (attempt 3/10): HTTPError: HTTP Error 429: Too Many Requests
[dump batch 9] ok sha256=28a794763078eefa
  transient API error (attempt 1/10): HTTPError: HTTP Error 429: Too Many Requests
  transient API error (attempt 2/10): HTTPError: HTTP Error 429: Too Many Requests
  transient API error (attempt 3/10): HTTPError: HTTP Error 429: Too Many Requests
[dump batch 10] ok sha256=f6a5a9716f5d5e7e
  transient API error (attempt 1/10): HTTPError: HTTP Error 429: Too Many Requests
  transient API error (attempt 2/10): HTTPError: HTTP Error 429: Too Many Requests
  transient API error (attempt 3/10): HTTPError: HTTP Error 429: Too Many Requests
[dump batch 11] ok sha256=39e6aac8632f2b8c
[dump batch 12] ok sha256=9c7f24fc4b423b59
  transient API error (attempt 1/10): HTTPError: HTTP Error 429: Too Many Requests
  transient API error (attempt 2/10): HTTPError: HTTP Error 429: Too Many Requests
  transient API error (attempt 3/10): HTTPError: HTTP Error 429: Too Many Requests
[dump batch 13] ok sha256=80fafe99339f814f
  transient API error (attempt 1/10): HTTPError: HTTP Error 429: Too Many Requests
  transient API error (attempt 2/10): HTTPError: HTTP Error 429: Too Many Requests
  transient API error (attempt 3/10): HTTPError: HTTP Error 429: Too Many Requests
[dump batch 14] ok sha256=b5fdfa1ada9c54c0
  transient API error (attempt 1/10): HTTPError: HTTP Error 429: Too Many Requests
  transient API error (attempt 2/10): HTTPError: HTTP Error 429: Too Many Requests
  transient API error (attempt 3/10): HTTPError: HTTP Error 429: Too Many Requests
[dump batch 15] ok sha256=28a07a3b44c613f2
  transient API error (attempt 1/10): HTTPError: HTTP Error 429: Too Many Requests
  transient API error (attempt 2/10): HTTPError: HTTP Error 429: Too Many Requests
  transient API error (attempt 3/10): HTTPError: HTTP Error 429: Too Many Requests
[dump batch 16] ok sha256=fd3a338b5cf40cd6
  transient API error (attempt 1/10): HTTPError: HTTP Error 429: Too Many Requests
[dump batch 17] ok sha256=0d8865f401aa52ec
  transient API error (attempt 1/10): HTTPError: HTTP Error 429: Too Many Requests
  transient API error (attempt 2/10): HTTPError: HTTP Error 429: Too Many Requests
  transient API error (attempt 3/10): HTTPError: HTTP Error 429: Too Many Requests
[dump batch 18] ok sha256=e31c1cd05b28c5ff
  transient API error (attempt 1/10): HTTPError: HTTP Error 429: Too Many Requests
  transient API error (attempt 2/10): HTTPError: HTTP Error 429: Too Many Requests
  transient API error (attempt 3/10): HTTPError: HTTP Error 429: Too Many Requests
[dump batch 19] ok sha256=207bb2ee8cd7cddb
  transient API error (attempt 1/10): HTTPError: HTTP Error 429: Too Many Requests
  transient API error (attempt 2/10): HTTPError: HTTP Error 429: Too Many Requests
  transient API error (attempt 3/10): HTTPError: HTTP Error 429: Too Many Requests
[teach batch 0] ok sha256=4a849ee7be566c0c
  transient API error (attempt 1/10): HTTPError: HTTP Error 429: Too Many Requests
[teach batch 1] ok sha256=526eed2a6e82c624
  transient API error (attempt 1/10): HTTPError: HTTP Error 429: Too Many Requests
[teach batch 2] ok sha256=de3ba1918643ec01
  transient API error (attempt 1/10): HTTPError: HTTP Error 429: Too Many Requests
  transient API error (attempt 2/10): HTTPError: HTTP Error 429: Too Many Requests
[teach batch 3] ok sha256=aec5d508100adf25
  transient API error (attempt 1/10): HTTPError: HTTP Error 429: Too Many Requests
  transient API error (attempt 2/10): HTTPError: HTTP Error 429: Too Many Requests
  transient API error (attempt 3/10): HTTPError: HTTP Error 429: Too Many Requests
[teach batch 4] ok sha256=98fbb9070cefaf87
  transient API error (attempt 1/10): HTTPError: HTTP Error 429: Too Many Requests
  transient API error (attempt 2/10): HTTPError: HTTP Error 429: Too Many Requests
  transient API error (attempt 3/10): HTTPError: HTTP Error 429: Too Many Requests
[teach batch 5] ok sha256=06166b89a31178ca
  transient API error (attempt 1/10): HTTPError: HTTP Error 429: Too Many Requests
  transient API error (attempt 2/10): HTTPError: HTTP Error 429: Too Many Requests
  transient API error (attempt 3/10): HTTPError: HTTP Error 429: Too Many Requests
[teach batch 6] ok sha256=b0e0426d174da8e4
  transient API error (attempt 1/10): HTTPError: HTTP Error 429: Too Many Requests
  transient API error (attempt 2/10): HTTPError: HTTP Error 429: Too Many Requests
  transient API error (attempt 3/10): HTTPError: HTTP Error 429: Too Many Requests
[teach batch 7] ok sha256=1dc565d21f99eb17
  transient API error (attempt 1/10): HTTPError: HTTP Error 429: Too Many Requests
  transient API error (attempt 2/10): HTTPError: HTTP Error 429: Too Many Requests
  transient API error (attempt 3/10): HTTPError: HTTP Error 429: Too Many Requests
[teach batch 8] ok sha256=ae019fe87395123c
  transient API error (attempt 1/10): HTTPError: HTTP Error 429: Too Many Requests
  transient API error (attempt 2/10): HTTPError: HTTP Error 429: Too Many Requests
  transient API error (attempt 3/10): HTTPError: HTTP Error 429: Too Many Requests
[teach batch 9] ok sha256=f386e7f467644c2e
  transient API error (attempt 1/10): HTTPError: HTTP Error 429: Too Many Requests
  transient API error (attempt 2/10): HTTPError: HTTP Error 429: Too Many Requests
  transient API error (attempt 3/10): HTTPError: HTTP Error 429: Too Many Requests
[teach batch 10] ok sha256=74daff91046f38d4
  transient API error (attempt 1/10): HTTPError: HTTP Error 429: Too Many Requests
  transient API error (attempt 2/10): HTTPError: HTTP Error 429: Too Many Requests
  transient API error (attempt 3/10): HTTPError: HTTP Error 429: Too Many Requests
[teach batch 11] ok sha256=979d0389763c337f
[teach batch 12] ok sha256=a047fd07a836f31a
  transient API error (attempt 1/10): HTTPError: HTTP Error 429: Too Many Requests
  transient API error (attempt 2/10): HTTPError: HTTP Error 429: Too Many Requests
[teach batch 13] ok sha256=fe0fb2fc83a431c2
  transient API error (attempt 1/10): HTTPError: HTTP Error 429: Too Many Requests
  transient API error (attempt 2/10): HTTPError: HTTP Error 429: Too Many Requests
[teach batch 14] ok sha256=83dbca3954a96dad
  transient API error (attempt 1/10): HTTPError: HTTP Error 429: Too Many Requests
  transient API error (attempt 2/10): HTTPError: HTTP Error 429: Too Many Requests
  transient API error (attempt 3/10): HTTPError: HTTP Error 429: Too Many Requests
[teach batch 15] ok sha256=5b0b8d73ed019a2c
  transient API error (attempt 1/10): HTTPError: HTTP Error 429: Too Many Requests
  transient API error (attempt 2/10): HTTPError: HTTP Error 429: Too Many Requests
  transient API error (attempt 3/10): HTTPError: HTTP Error 429: Too Many Requests
[teach batch 16] ok sha256=979bff3fd491a283
  transient API error (attempt 1/10): HTTPError: HTTP Error 429: Too Many Requests
  transient API error (attempt 2/10): HTTPError: HTTP Error 429: Too Many Requests
  transient API error (attempt 3/10): HTTPError: HTTP Error 429: Too Many Requests
[teach batch 17] ok sha256=189db614e5c61f32
  transient API error (attempt 1/10): HTTPError: HTTP Error 429: Too Many Requests
[teach batch 18] ok sha256=19adc68632f825a6
  transient API error (attempt 1/10): HTTPError: HTTP Error 429: Too Many Requests
  transient API error (attempt 2/10): HTTPError: HTTP Error 429: Too Many Requests
  transient API error (attempt 3/10): HTTPError: HTTP Error 429: Too Many Requests
[teach batch 19] ok sha256=4600884896b4aea4
corpus.json sha256=bd1cbe59c3e776d1bc6f63c9a83cba408fd6e91684a28029be922311dbd4a02d
error inventory: E_dump=0, E_obs=0, E_prb=0, inconsistent=0, sentence_missing_value=0
done in 2761s
