binary OK: 6f2b155b233a95ad1a8323e8565b9a798dc822db6eff57e065b71b5be8882847
fixtures OK
runs complete; verifying byte-identical across repetitions...
DETERMINISM OK: all 24 seeds x 3 repetitions byte-identical
scoring hidden sets and extracting buffer features...
seed 0: ACC 30 30 100 -> CORRECT
seed 1: ACC 30 30 100 -> CORRECT
seed 2: ACC 30 30 100 -> CORRECT
seed 3: ACC 3 30 10 -> OVERFIT
seed 4: ACC 0 30 0 -> OVERFIT
seed 5: ACC 30 30 100 -> CORRECT
seed 6: ACC 30 30 100 -> CORRECT
seed 7: ACC 30 30 100 -> CORRECT
seed 8: ACC 30 30 100 -> CORRECT
seed 9: ACC 0 30 0 -> OVERFIT
seed 10: ACC 0 30 0 -> OVERFIT
seed 11: ACC 30 30 100 -> CORRECT
seed 12: ACC 0 30 0 -> OVERFIT
seed 13: ACC 30 30 100 -> CORRECT
seed 14: ACC 30 30 100 -> CORRECT
seed 15: ACC 0 30 0 -> OVERFIT
seed 16: ACC 30 30 100 -> CORRECT
seed 17: ACC 0 30 0 -> OVERFIT
seed 18: ACC 30 30 100 -> CORRECT
seed 19: ACC 30 30 100 -> CORRECT
seed 20: ACC 30 30 100 -> CORRECT
seed 21: ACC 30 30 100 -> CORRECT
seed 22: ACC 1 30 3 -> OVERFIT
seed 23: ACC 30 30 100 -> CORRECT
wrote /home/hatch/workspace/tnn-rsi/docs/lab/rsi/runs/wave-20261001-2321pdt/F1-BUFFER/runs3/fresh_table.txt
EXIT=0
