C01 2 numeric-mismatch
C02 2 numeric-mismatch
C03 2 numeric-mismatch
C04 1 endorse
C05 1 endorse
C06 1 endorse
C07 1 endorse
C08 1 endorse
C09 0 neutral
C10 2 numeric-mismatch
C11 2 numeric-mismatch
C12 2 numeric-mismatch
C13 2 numeric-mismatch
C14 2 numeric-mismatch
C15 2 numeric-mismatch
C16 0 gate
C17 0 neutral
C18 0 neutral
C19 1 endorse
C20 1 endorse
C21 1 endorse
C22 0 neutral
C23 1 endorse
C24 2 comparative
C25 2 comparative
C26 2 comparative
C27 0 neutral
C28 0 neutral
C29 1 endorse
C30 0 neutral
C31 1 endorse
C32 1 endorse
C33 1 endorse
C34 0 neutral
C35 0 neutral
C36 1 endorse
C37 2 neg-scope
C38 0 neutral
C39 2 neg-scope
C40 1 endorse
C41 1 endorse
C42 1 endorse
C43 1 endorse
C44 0 neutral
C45 2 numeric-mismatch
C46 0 gate
C47 1 endorse
C48 2 deny-lex
C49 2 neg-scope
C50 2 antonym
