=== intake fidelity measurement log 2026-09-26 ===
--- build ---
znc: wrote native binary intake_probe (99376 bytes main, 0 external tools)
build ok
--- albi run 1 ---
held w=512 h=187 npix=95744 fnv1a=-5213046547628462979
probe ok
--- albi run 2 ---
held w=512 h=187 npix=95744 fnv1a=-5213046547628462979
probe ok
--- albi SHAs ---
4ee3414bddd289ca7c9544a91ec39b8885f8dcde96fa0ffa0d56aebc38da1b00  albi_original.bmp
4ee3414bddd289ca7c9544a91ec39b8885f8dcde96fa0ffa0d56aebc38da1b00  rt1.bmp
4ee3414bddd289ca7c9544a91ec39b8885f8dcde96fa0ffa0d56aebc38da1b00  rt2.bmp
--- circles ---
held w=512 h=187 npix=95744 fnv1a=6282295606255404733
probe ok
--- circles SHAs ---
2da0c6c75632718645d3e17bada22acfedc6ec41d8bcedf559b0fabcf239690e  circles.bmp
2da0c6c75632718645d3e17bada22acfedc6ec41d8bcedf559b0fabcf239690e  circ_rt.bmp
--- odd geometry ---
held w=511 h=199 npix=101689 fnv1a=7689511782711748435
probe ok
--- odd SHAs ---
07a422ce1f8e1d20a5f7252334ebeb2d50eef4b2a9580453bb744d7f54a9c3f7  odd.bmp
07a422ce1f8e1d20a5f7252334ebeb2d50eef4b2a9580453bb744d7f54a9c3f7  odd_rt.bmp
--- pixel-byte diff (circles, via python) ---
circles: differing pixel bytes: 0 / 287232
