admit	/home/hatch/workspace/tnn-lab/deliberation_depth/items_v2/admit.jsonl	1	admit_m34_d1_B.tsv
revoke	/home/hatch/workspace/tnn-lab/deliberation_depth/items_v2/revoke.jsonl	1	revoke_m34_d1_B.tsv
logic	/home/hatch/workspace/tnn-lab/deliberation_depth/items_v2/logic.jsonl	1	logic_m34_d1_B.tsv
trap	/home/hatch/workspace/tnn-lab/deliberation_depth/items_v2/trap.jsonl	1	trap_m34_d1_B.tsv
cost	/home/hatch/workspace/tnn-lab/deliberation_depth/items_v2/cost.jsonl	1	cost_m34_d1_B.tsv
redteam	/home/hatch/workspace/tnn-lab/deliberation_depth/monotonicity/redteam/redteam_battery.jsonl	1	redteam_m34_d1_B.tsv
admit	/home/hatch/workspace/tnn-lab/deliberation_depth/items_v2/admit.jsonl	2	admit_m34_d2_B.tsv
revoke	/home/hatch/workspace/tnn-lab/deliberation_depth/items_v2/revoke.jsonl	2	revoke_m34_d2_B.tsv
logic	/home/hatch/workspace/tnn-lab/deliberation_depth/items_v2/logic.jsonl	2	logic_m34_d2_B.tsv
trap	/home/hatch/workspace/tnn-lab/deliberation_depth/items_v2/trap.jsonl	2	trap_m34_d2_B.tsv
cost	/home/hatch/workspace/tnn-lab/deliberation_depth/items_v2/cost.jsonl	2	cost_m34_d2_B.tsv
redteam	/home/hatch/workspace/tnn-lab/deliberation_depth/monotonicity/redteam/redteam_battery.jsonl	2	redteam_m34_d2_B.tsv
admit	/home/hatch/workspace/tnn-lab/deliberation_depth/items_v2/admit.jsonl	4	admit_m34_d4_B.tsv
revoke	/home/hatch/workspace/tnn-lab/deliberation_depth/items_v2/revoke.jsonl	4	revoke_m34_d4_B.tsv
logic	/home/hatch/workspace/tnn-lab/deliberation_depth/items_v2/logic.jsonl	4	logic_m34_d4_B.tsv
trap	/home/hatch/workspace/tnn-lab/deliberation_depth/items_v2/trap.jsonl	4	trap_m34_d4_B.tsv
cost	/home/hatch/workspace/tnn-lab/deliberation_depth/items_v2/cost.jsonl	4	cost_m34_d4_B.tsv
redteam	/home/hatch/workspace/tnn-lab/deliberation_depth/monotonicity/redteam/redteam_battery.jsonl	4	redteam_m34_d4_B.tsv
admit	/home/hatch/workspace/tnn-lab/deliberation_depth/items_v2/admit.jsonl	8	admit_m34_d8_B.tsv
revoke	/home/hatch/workspace/tnn-lab/deliberation_depth/items_v2/revoke.jsonl	8	revoke_m34_d8_B.tsv
logic	/home/hatch/workspace/tnn-lab/deliberation_depth/items_v2/logic.jsonl	8	logic_m34_d8_B.tsv
trap	/home/hatch/workspace/tnn-lab/deliberation_depth/items_v2/trap.jsonl	8	trap_m34_d8_B.tsv
cost	/home/hatch/workspace/tnn-lab/deliberation_depth/items_v2/cost.jsonl	8	cost_m34_d8_B.tsv
redteam	/home/hatch/workspace/tnn-lab/deliberation_depth/monotonicity/redteam/redteam_battery.jsonl	8	redteam_m34_d8_B.tsv
admit	/home/hatch/workspace/tnn-lab/deliberation_depth/items_v2/admit.jsonl	16	admit_m34_d16_B.tsv
revoke	/home/hatch/workspace/tnn-lab/deliberation_depth/items_v2/revoke.jsonl	16	revoke_m34_d16_B.tsv
logic	/home/hatch/workspace/tnn-lab/deliberation_depth/items_v2/logic.jsonl	16	logic_m34_d16_B.tsv
trap	/home/hatch/workspace/tnn-lab/deliberation_depth/items_v2/trap.jsonl	16	trap_m34_d16_B.tsv
cost	/home/hatch/workspace/tnn-lab/deliberation_depth/items_v2/cost.jsonl	16	cost_m34_d16_B.tsv
redteam	/home/hatch/workspace/tnn-lab/deliberation_depth/monotonicity/redteam/redteam_battery.jsonl	16	redteam_m34_d16_B.tsv
ceiling	/home/hatch/workspace/tnn-lab/deliberation_depth/ceiling/items/ceiling_battery.jsonl	1	ceiling_m34_d1_B.tsv
ceiling	/home/hatch/workspace/tnn-lab/deliberation_depth/ceiling/items/ceiling_battery.jsonl	2	ceiling_m34_d2_B.tsv
ceiling	/home/hatch/workspace/tnn-lab/deliberation_depth/ceiling/items/ceiling_battery.jsonl	4	ceiling_m34_d4_B.tsv
ceiling	/home/hatch/workspace/tnn-lab/deliberation_depth/ceiling/items/ceiling_battery.jsonl	8	ceiling_m34_d8_B.tsv
ceiling	/home/hatch/workspace/tnn-lab/deliberation_depth/ceiling/items/ceiling_battery.jsonl	16	ceiling_m34_d16_B.tsv
ceiling	/home/hatch/workspace/tnn-lab/deliberation_depth/ceiling/items/ceiling_battery.jsonl	32	ceiling_m34_d32_B.tsv
ceiling	/home/hatch/workspace/tnn-lab/deliberation_depth/ceiling/items/ceiling_battery.jsonl	64	ceiling_m34_d64_B.tsv
