# F26 stillborn gate — within-leg std(q), training legs (heldout=0, released cells)
# q = cumE*1000/max(1,E_ref); E_ref = lower-median cumE over released cells at (family,depth); cumE = f5
# gate: std(q)<100 on >50% of training legs -> STILLBORN
# n_training_legs=51
D        d= 1 nrel= 20 medE= 250 std(q)=   544.8 qrange=[500,2000] live
D        d= 2 nrel= 15 medE= 500 std(q)=   623.6 qrange=[500,2000] live
D        d= 4 nrel= 10 medE= 500 std(q)=   500.0 qrange=[1000,2000] live
D        d= 8 nrel=  5 medE=1000 std(q)=     0.0 qrange=[1000,1000] FLAT
D        d=16 nrel=  5 medE=1000 std(q)=     0.0 qrange=[1000,1000] FLAT
D        d=32 nrel=  5 medE=1000 std(q)=     0.0 qrange=[1000,1000] FLAT
D        d=64 nrel=  5 medE=1000 std(q)=     0.0 qrange=[1000,1000] FLAT
O        d= 1 nrel= 20 medE=  47 std(q)=   942.3 qrange=[510,3021] live
O        d= 2 nrel= 20 medE=  95 std(q)=   935.3 qrange=[505,3000] live
O        d= 4 nrel= 20 medE= 190 std(q)=   936.0 qrange=[510,3005] live
O        d= 8 nrel= 15 medE= 380 std(q)=   452.2 qrange=[513,1618] live
O        d=16 nrel= 10 medE= 390 std(q)=   475.5 qrange=[1000,1951] live
O        d=32 nrel=  5 medE= 780 std(q)=     0.0 qrange=[1000,1000] FLAT
O        d=64 nrel=0 (no released cells)
P        d= 1 nrel= 20 medE=  45 std(q)=   845.6 qrange=[511,2777] live
P        d= 2 nrel= 20 medE=  90 std(q)=   842.5 qrange=[522,2777] live
P        d= 4 nrel= 20 medE= 181 std(q)=   836.0 qrange=[524,2762] live
P        d= 8 nrel= 15 medE= 363 std(q)=   429.3 qrange=[523,1573] live
P        d=16 nrel= 10 medE= 380 std(q)=   456.5 qrange=[1000,1913] live
P        d=32 nrel=  5 medE= 761 std(q)=     0.0 qrange=[1000,1000] FLAT
P        d=64 nrel=0 (no released cells)
admit    d= 1 nrel=248 medE= 111 std(q)=  2173.7 qrange=[180,9009] live
admit    d= 2 nrel=248 medE= 222 std(q)=  1344.1 qrange=[184,4504] live
admit    d= 4 nrel=248 medE= 444 std(q)=   714.3 qrange=[186,2252] live
admit    d= 8 nrel=248 medE= 888 std(q)=   290.7 qrange=[186,1126] live
admit    d=16 nrel=248 medE=1000 std(q)=   127.1 qrange=[333,1000] live
cost     d= 1 nrel=125 medE= 200 std(q)=   186.8 qrange=[625,1250] live
cost     d= 2 nrel=125 medE= 400 std(q)=   186.6 qrange=[625,1250] live
cost     d= 4 nrel=125 medE= 800 std(q)=   186.6 qrange=[625,1250] live
cost     d= 8 nrel=125 medE=1000 std(q)=     0.0 qrange=[1000,1000] FLAT
cost     d=16 nrel=125 medE=1000 std(q)=     0.0 qrange=[1000,1000] FLAT
logic    d= 1 nrel=264 medE=1000 std(q)=   211.0 qrange=[111,1000] live
logic    d= 2 nrel=264 medE=1000 std(q)=   103.2 qrange=[222,1000] live
logic    d= 4 nrel=264 medE=1000 std(q)=    58.9 qrange=[444,1000] FLAT
logic    d= 8 nrel=264 medE=1000 std(q)=    11.9 qrange=[888,1000] FLAT
logic    d=16 nrel=264 medE=1000 std(q)=     0.0 qrange=[1000,1000] FLAT
redteam  d= 1 nrel=  3 medE= 200 std(q)=   313.5 qrange=[1000,1665] live
redteam  d= 2 nrel=  3 medE= 400 std(q)=   313.5 qrange=[1000,1665] live
redteam  d= 4 nrel=  2 medE= 800 std(q)=   125.0 qrange=[1000,1250] live
redteam  d= 8 nrel=  1 medE=1000 std(q)=     0.0 qrange=[1000,1000] FLAT
redteam  d=16 nrel=  1 medE=1000 std(q)=     0.0 qrange=[1000,1000] FLAT
revoke   d= 1 nrel=113 medE= 142 std(q)=  2990.3 qrange=[633,7042] live
revoke   d= 2 nrel=113 medE= 285 std(q)=  1284.2 qrange=[635,3508] live
revoke   d= 4 nrel=113 medE= 571 std(q)=   457.7 qrange=[635,1751] live
revoke   d= 8 nrel=113 medE=1000 std(q)=    90.9 qrange=[727,1000] FLAT
revoke   d=16 nrel=113 medE=1000 std(q)=     0.0 qrange=[1000,1000] FLAT
trap     d= 1 nrel=127 medE= 333 std(q)=   308.6 qrange=[426,1501] live
trap     d= 2 nrel= 85 medE= 500 std(q)=   233.2 qrange=[570,1332] live
trap     d= 4 nrel=  5 medE= 571 std(q)=     0.0 qrange=[1000,1000] FLAT
trap     d= 8 nrel=0 (no released cells)
trap     d=16 nrel=0 (no released cells)
# flat=16/51 = 0.3137 -> LIVE
