EP 0 x0=4 x1=0 pred=0 true=8 err=8
EP 1 x0=1 x1=2 pred=0 true=6 err=6
TRIGGER 1 winfail=2 win=2 buf=2
CONSTRUCT 1 0 NODE id=0 op=ADD p1=0 p2=8 p3=8 err_before=14 err_after=4
CONSTRUCT 1 1 NODE id=1 op=ADD p1=0 p2=0 p3=9 err_before=4 err_after=2
CONSTRUCT 1 2 NODE id=2 op=ADD p1=0 p2=0 p3=9 err_before=2 err_after=0
EP 2 x0=1 x1=3 pred=8 true=8 err=0
EP 3 x0=2 x1=1 pred=6 true=6 err=0
EP 4 x0=4 x1=2 pred=12 true=12 err=0
EP 5 x0=0 x1=2 pred=4 true=4 err=0
EP 6 x0=2 x1=4 pred=12 true=12 err=0
EP 7 x0=0 x1=2 pred=4 true=4 err=0
EP 8 x0=3 x1=1 pred=8 true=8 err=0
EP 9 x0=4 x1=1 pred=10 true=10 err=0
EP 10 x0=1 x1=2 pred=6 true=6 err=0
EP 11 x0=2 x1=4 pred=12 true=12 err=0
EP 12 x0=2 x1=0 pred=4 true=4 err=0
EP 13 x0=4 x1=2 pred=12 true=12 err=0
EP 14 x0=2 x1=0 pred=4 true=4 err=0
EP 15 x0=4 x1=2 pred=12 true=12 err=0
EP 16 x0=3 x1=1 pred=8 true=8 err=0
EP 17 x0=1 x1=4 pred=10 true=10 err=0
EP 18 x0=4 x1=2 pred=12 true=12 err=0
EP 19 x0=2 x1=2 pred=8 true=8 err=0
EP 20 x0=4 x1=3 pred=14 true=14 err=0
EP 21 x0=1 x1=1 pred=4 true=4 err=0
EP 22 x0=4 x1=3 pred=14 true=14 err=0
EP 23 x0=2 x1=4 pred=12 true=12 err=0
EXEC main 24
SUMMARY episodes=24 constructs=3 supersedes=0 stalls=0 main_nodes=4
