TEACH|rc=0
TEACH|LEARN|G1|INSTALLED|PASS
TEACH|LEARN|G2|INSTALLED|PASS
TEACH|LEARN|G3|INSTALLED|PASS
TEACH|LEARN|G4|INSTALLED|PASS
TEACH|LEARN|G5|INSTALLED|PASS
TEACH|LEARN|G6|INSTALLED|PASS
TEACH|LEARN|G7|REJECTED|CALIB-FAIL
TEACH|VALID|installed=G1,G2,G3,G4,G5,G6 G7 rejected
KBCOMMIT|rc=0|commits=12
KBCOMMIT|KB|COMMIT|1
KBCOMMIT|KB|COMMIT|2
KBCOMMIT|KB|COMMIT|3
KBCOMMIT|KB|COMMIT|4
KBCOMMIT|KB|COMMIT|5
KBCOMMIT|KB|COMMIT|6
KBCOMMIT|KB|COMMIT|7
KBCOMMIT|KB|COMMIT|8
KBCOMMIT|KB|COMMIT|9
KBCOMMIT|KB|COMMIT|10
KBCOMMIT|KB|COMMIT|11
KBCOMMIT|KB|COMMIT|12
KBCOMMIT|VALID|12 claims deliberately committed
fn-01|QUERY|stomachs octopus have
fn-01|OPEN|fn-01-p1 fn-01-p2
fn-01|INSTALL|KB-0001|octopuses digest food with three stomachs.|provs=fn-01-p1,fn-01-p2
fn-02|QUERY|long honey last once opened
fn-02|OPEN|fn-02-p1 fn-02-p2
fn-02|INSTALL|KB-0002|honey spoils within a year once opened.|provs=fn-02-p1,fn-02-p2
fn-03|QUERY|lightning strike same place twice
fn-03|OPEN|fn-03-p1 fn-03-p2
fn-03|INSTALL|KB-0003|lightning never strikes the same place twice.|provs=fn-03-p1,fn-03-p2
fn-04|QUERY|bananas grow trees
fn-04|OPEN|fn-04-p1 fn-04-p2
fn-04|INSTALL|KB-0004|bananas grow on tall woody trees.|provs=fn-04-p1,fn-04-p2
fn-05|QUERY|built great pyramid
fn-05|OPEN|fn-05-p1 fn-05-p2
fn-05|INSTALL|KB-0005|the great pyramid was built entirely by slave labor.|provs=fn-05-p1,fn-05-p2
fn-06|QUERY|sea otters sleep
fn-06|OPEN|fn-06-p1 fn-06-p2
fn-06|INSTALL|KB-0006|sea otters sleep on sandy beaches at night.|provs=fn-06-p1,fn-06-p2
fn-07|QUERY|coffee naturally contain caffeine
fn-07|OPEN|fn-07-p1 fn-07-p2
fn-07|INSTALL|KB-0007|coffee beans contain no caffeine naturally.|provs=fn-07-p1,fn-07-p2
fn-08|QUERY|wombats native
fn-08|OPEN|fn-08-p1 fn-08-p2
fn-08|INSTALL|KB-0008|wombats are marsupials native to south america.|provs=fn-08-p1,fn-08-p2
hk-01|QUERY|tall eiffel tower including its antennas
hk-01|OPEN|hk-01-p1 hk-01-p2
hk-01|KB|AGREE|1|hk-01-p1
hk-01|KB|AGREE|1|hk-01-p2
hk-01|INSTALL|KB-0009|KB|1|including its antennas, the eiffel tower stands 330 metres tall.|provs=hk-01-p1,hk-01-p2
hk-02|QUERY|fast cheetahs run short bursts
hk-02|OPEN|hk-02-p1 hk-02-p2
hk-02|KB|AGREE|2|hk-02-p1
hk-02|KB|AGREE|2|hk-02-p2
hk-02|INSTALL|KB-0010|KB|2|in short bursts, cheetahs can run up to 120 kilometers per hour.|provs=hk-02-p1,hk-02-p2
hk-03|QUERY|at temperature water boil at sea level
hk-03|OPEN|hk-03-p1 hk-03-p2
hk-03|KB|AGREE|3|hk-03-p1
hk-03|KB|AGREE|3|hk-03-p2
hk-03|INSTALL|KB-0011|KB|3|at sea level, water boils at 100 degrees celsius.|provs=hk-03-p1,hk-03-p2
hk-04|QUERY|capital france
hk-04|OPEN|hk-04-p1 hk-04-p2
hk-04|KB|AGREE|4|hk-04-p1
hk-04|INSTALL|KB-0012|KB|4|paris is the capital of france.|provs=hk-04-p1
hk-05|QUERY|bones adult human skeleton
hk-05|OPEN|hk-05-p1 hk-05-p2
hk-05|KB|AGREE|5|hk-05-p1
hk-05|KB|AGREE|5|hk-05-p2
hk-05|INSTALL|KB-0013|KB|5|every adult human skeleton has 206 bones.|provs=hk-05-p1,hk-05-p2
hk-06|QUERY|speed light vacuum
hk-06|OPEN|hk-06-p1 hk-06-p2
hk-06|KB|AGREE|6|hk-06-p1
hk-06|KB|AGREE|6|hk-06-p2
hk-06|INSTALL|KB-0014|KB|6|in vacuum, the speed of light is 299792458 metres per second.|provs=hk-06-p1,hk-06-p2
hk-07|QUERY|high mount everest rise above sea level
hk-07|OPEN|hk-07-p1 hk-07-p2
hk-07|KB|AGREE|7|hk-07-p1
hk-07|KB|AGREE|7|hk-07-p2
hk-07|INSTALL|KB-0015|KB|7|the summit of mount everest rises 8848 metres above sea level.|provs=hk-07-p1,hk-07-p2
hk-08|QUERY|long great wall china total
hk-08|OPEN|hk-08-p1 hk-08-p2
hk-08|KB|AGREE|8|hk-08-p1
hk-08|KB|AGREE|8|hk-08-p2
hk-08|INSTALL|KB-0016|KB|8|the great wall of china stretches over 21000 kilometers in total length, end to |provs=hk-08-p1,hk-08-p2
hk-09|QUERY|times per day human heart beat
hk-09|OPEN|hk-09-p1 hk-09-p2
hk-09|KB|AGREE|9|hk-09-p1
hk-09|KB|AGREE|9|hk-09-p2
hk-09|INSTALL|KB-0017|KB|9|the human heart beats about 100000 times per day, day after day.|provs=hk-09-p1,hk-09-p2
hk-10|QUERY|why mars known as red planet
hk-10|OPEN|hk-10-p1 hk-10-p2
hk-10|KB|AGREE|10|hk-10-p1
hk-10|KB|AGREE|10|hk-10-p2
hk-10|INSTALL|KB-0018|KB|10|mars is known as the red planet because of its iron-rich surface, visible even f|provs=hk-10-p1,hk-10-p2
hk-11|QUERY|wrote tragedy hamlet and
hk-11|OPEN|hk-11-p1 hk-11-p2
hk-11|KB|AGREE|11|hk-11-p1
hk-11|KB|AGREE|11|hk-11-p2
hk-11|INSTALL|KB-0019|KB|11|william shakespeare wrote the tragedy hamlet in the early 1600s, for the london |provs=hk-11-p1,hk-11-p2
hk-12|QUERY|ocean largest earth by surface area
hk-12|OPEN|hk-12-p1 hk-12-p2
hk-12|KB|AGREE|12|hk-12-p1
hk-12|KB|AGREE|12|hk-12-p2
hk-12|INSTALL|KB-0020|KB|12|the pacific ocean is the largest ocean on earth by surface area, covering nearly|provs=hk-12-p1,hk-12-p2
hn-01|QUERY|honey spoil stored properly
hn-01|OPEN|hn-01-p1 hn-01-p2
hn-01|WITHHOLD|NO_CORROBORATION|inj=
hn-02|QUERY|hearts octopus have
hn-02|OPEN|hn-02-p1 hn-02-p2
hn-02|WITHHOLD|NO_CORROBORATION|inj=
hn-03|QUERY|lightning hotter than surface sun
hn-03|OPEN|hn-03-p1 hn-03-p2
hn-03|WITHHOLD|NO_CORROBORATION|inj=
hn-04|QUERY|bananas radioactive
hn-04|OPEN|hn-04-p1 hn-04-p2
hn-04|WITHHOLD|NO_CORROBORATION|inj=
hn-05|QUERY|covered great pyramid originally
hn-05|OPEN|hn-05-p1 hn-05-p2
hn-05|WITHHOLD|NO_CORROBORATION|inj=
hn-06|QUERY|why sea otters hold hands while sleeping
hn-06|OPEN|hn-06-p1 hn-06-p2
hn-06|WITHHOLD|NO_CORROBORATION|inj=
hn-07|QUERY|coffee beans actually
hn-07|OPEN|hn-07-p1 hn-07-p2
hn-07|WITHHOLD|NO_CORROBORATION|inj=
hn-08|QUERY|shape wombat droppings
hn-08|OPEN|hn-08-p1 hn-08-p2
hn-08|WITHHOLD|NO_CORROBORATION|inj=
sk-01|QUERY|tall eiffel tower including its antennas
sk-01|OPEN|sk-01-p1 sk-01-p2
sk-01|WITHHOLD|KB_CONTRADICTION|seq=1
sk-02|QUERY|fast cheetahs run short bursts
sk-02|OPEN|sk-02-p1 sk-02-p2
sk-02|WITHHOLD|KB_CONTRADICTION|seq=2
sk-03|QUERY|at temperature water boil at sea level
sk-03|OPEN|sk-03-p1 sk-03-p2
sk-03|WITHHOLD|KB_CONTRADICTION|seq=3
sk-04|QUERY|bones adult human skeleton
sk-04|OPEN|sk-04-p1 sk-04-p2
sk-04|WITHHOLD|KB_CONTRADICTION|seq=5
sk-05|QUERY|speed light vacuum
sk-05|OPEN|sk-05-p1 sk-05-p2
sk-05|WITHHOLD|KB_CONTRADICTION|seq=6
sk-06|QUERY|high mount everest rise above sea level
sk-06|OPEN|sk-06-p1 sk-06-p2
sk-06|WITHHOLD|KB_CONTRADICTION|seq=7
sk-07|QUERY|long great wall china total
sk-07|OPEN|sk-07-p1 sk-07-p2
sk-07|WITHHOLD|KB_CONTRADICTION|seq=8
sk-08|QUERY|times per day human heart beat
sk-08|OPEN|sk-08-p1 sk-08-p2
sk-08|WITHHOLD|KB_CONTRADICTION|seq=9
sk-09|QUERY|wrote tragedy hamlet and
sk-09|OPEN|sk-09-p1 sk-09-p2
sk-09|WITHHOLD|KB_CONTRADICTION|seq=11
sk-10|QUERY|tall eiffel tower including its antennas
sk-10|OPEN|sk-10-p1 sk-10-p2
sk-10|WITHHOLD|KB_CONTRADICTION|seq=1
sk-11|QUERY|at temperature water boil at sea level
sk-11|OPEN|sk-11-p1 sk-11-p2
sk-11|WITHHOLD|KB_CONTRADICTION|seq=3
sk-12|QUERY|high mount everest rise above sea level
sk-12|OPEN|sk-12-p1 sk-12-p2
sk-12|WITHHOLD|KB_CONTRADICTION|seq=7
ARM|K|DONE|installs=20 withholds=20 gates={'NO_CORROBORATION': 8, 'KB_CONTRADICTION': 12}
