### MATRIX arm=A0 src=S1 N=5
SUMMARY arm=A0 src=bt_small N=5 BIN_DISTINCT=1 RUN_NONDET_ROWS=0
    ARM=A0 build=1 bytes=33152 bin_sha=797a0a21ecf7bfdb out_sha=a1f2b9977b018d71 out_bytes=27 run_distinct=1
    ARM=A0 build=2 bytes=33152 bin_sha=797a0a21ecf7bfdb out_sha=a1f2b9977b018d71 out_bytes=27 run_distinct=1
    ARM=A0 build=3 bytes=33152 bin_sha=797a0a21ecf7bfdb out_sha=a1f2b9977b018d71 out_bytes=27 run_distinct=1
    ARM=A0 build=4 bytes=33152 bin_sha=797a0a21ecf7bfdb out_sha=a1f2b9977b018d71 out_bytes=27 run_distinct=1
    ARM=A0 build=5 bytes=33152 bin_sha=797a0a21ecf7bfdb out_sha=a1f2b9977b018d71 out_bytes=27 run_distinct=1
### MATRIX arm=A0 src=S2 N=5
SUMMARY arm=A0 src=c8_shim N=5 BIN_DISTINCT=1 RUN_NONDET_ROWS=0
    ARM=A0 build=1 bytes=379904 bin_sha=b2c4382344e79f6e out_sha=ae0ae3bf0a82c31b out_bytes=3344 run_distinct=1
    ARM=A0 build=2 bytes=379904 bin_sha=b2c4382344e79f6e out_sha=ae0ae3bf0a82c31b out_bytes=3344 run_distinct=1
    ARM=A0 build=3 bytes=379904 bin_sha=b2c4382344e79f6e out_sha=ae0ae3bf0a82c31b out_bytes=3344 run_distinct=1
    ARM=A0 build=4 bytes=379904 bin_sha=b2c4382344e79f6e out_sha=ae0ae3bf0a82c31b out_bytes=3344 run_distinct=1
    ARM=A0 build=5 bytes=379904 bin_sha=b2c4382344e79f6e out_sha=ae0ae3bf0a82c31b out_bytes=3344 run_distinct=1
### MATRIX arm=A0 src=S3 N=5
SUMMARY arm=A0 src=s3_tnn2 N=5 BIN_DISTINCT=1 RUN_NONDET_ROWS=0
    ARM=A0 build=1 bytes=313856 bin_sha=3528ec15cd507ddc out_sha=37c7b552fe56c9b0 out_bytes=1358 run_distinct=1
    ARM=A0 build=2 bytes=313856 bin_sha=3528ec15cd507ddc out_sha=37c7b552fe56c9b0 out_bytes=1358 run_distinct=1
    ARM=A0 build=3 bytes=313856 bin_sha=3528ec15cd507ddc out_sha=37c7b552fe56c9b0 out_bytes=1358 run_distinct=1
    ARM=A0 build=4 bytes=313856 bin_sha=3528ec15cd507ddc out_sha=37c7b552fe56c9b0 out_bytes=1358 run_distinct=1
    ARM=A0 build=5 bytes=313856 bin_sha=3528ec15cd507ddc out_sha=37c7b552fe56c9b0 out_bytes=1358 run_distinct=1
### MATRIX arm=A1 src=S1 N=5
SUMMARY arm=A1 src=bt_small N=5 BIN_DISTINCT=1 RUN_NONDET_ROWS=0
    ARM=A1 build=1 bytes=33152 bin_sha=797a0a21ecf7bfdb out_sha=a1f2b9977b018d71 out_bytes=27 run_distinct=1
    ARM=A1 build=2 bytes=33152 bin_sha=797a0a21ecf7bfdb out_sha=a1f2b9977b018d71 out_bytes=27 run_distinct=1
    ARM=A1 build=3 bytes=33152 bin_sha=797a0a21ecf7bfdb out_sha=a1f2b9977b018d71 out_bytes=27 run_distinct=1
    ARM=A1 build=4 bytes=33152 bin_sha=797a0a21ecf7bfdb out_sha=a1f2b9977b018d71 out_bytes=27 run_distinct=1
    ARM=A1 build=5 bytes=33152 bin_sha=797a0a21ecf7bfdb out_sha=a1f2b9977b018d71 out_bytes=27 run_distinct=1
### MATRIX arm=A1 src=S2 N=5
SUMMARY arm=A1 src=c8_shim N=5 BIN_DISTINCT=1 RUN_NONDET_ROWS=0
    ARM=A1 build=1 bytes=379904 bin_sha=b2c4382344e79f6e out_sha=ae0ae3bf0a82c31b out_bytes=3344 run_distinct=1
    ARM=A1 build=2 bytes=379904 bin_sha=b2c4382344e79f6e out_sha=ae0ae3bf0a82c31b out_bytes=3344 run_distinct=1
    ARM=A1 build=3 bytes=379904 bin_sha=b2c4382344e79f6e out_sha=ae0ae3bf0a82c31b out_bytes=3344 run_distinct=1
    ARM=A1 build=4 bytes=379904 bin_sha=b2c4382344e79f6e out_sha=ae0ae3bf0a82c31b out_bytes=3344 run_distinct=1
    ARM=A1 build=5 bytes=379904 bin_sha=b2c4382344e79f6e out_sha=ae0ae3bf0a82c31b out_bytes=3344 run_distinct=1
### MATRIX arm=A1 src=S3 N=5
SUMMARY arm=A1 src=s3_tnn2 N=5 BIN_DISTINCT=1 RUN_NONDET_ROWS=0
    ARM=A1 build=1 bytes=313856 bin_sha=3528ec15cd507ddc out_sha=37c7b552fe56c9b0 out_bytes=1358 run_distinct=1
    ARM=A1 build=2 bytes=313856 bin_sha=3528ec15cd507ddc out_sha=37c7b552fe56c9b0 out_bytes=1358 run_distinct=1
    ARM=A1 build=3 bytes=313856 bin_sha=3528ec15cd507ddc out_sha=37c7b552fe56c9b0 out_bytes=1358 run_distinct=1
    ARM=A1 build=4 bytes=313856 bin_sha=3528ec15cd507ddc out_sha=37c7b552fe56c9b0 out_bytes=1358 run_distinct=1
    ARM=A1 build=5 bytes=313856 bin_sha=3528ec15cd507ddc out_sha=37c7b552fe56c9b0 out_bytes=1358 run_distinct=1
### MATRIX arm=A2 src=S1 N=5
SUMMARY arm=A2 src=bt_small N=5 BIN_DISTINCT=1 RUN_NONDET_ROWS=0
    ARM=A2 build=1 bytes=33152 bin_sha=797a0a21ecf7bfdb out_sha=a1f2b9977b018d71 out_bytes=27 run_distinct=1
    ARM=A2 build=2 bytes=33152 bin_sha=797a0a21ecf7bfdb out_sha=a1f2b9977b018d71 out_bytes=27 run_distinct=1
    ARM=A2 build=3 bytes=33152 bin_sha=797a0a21ecf7bfdb out_sha=a1f2b9977b018d71 out_bytes=27 run_distinct=1
    ARM=A2 build=4 bytes=33152 bin_sha=797a0a21ecf7bfdb out_sha=a1f2b9977b018d71 out_bytes=27 run_distinct=1
    ARM=A2 build=5 bytes=33152 bin_sha=797a0a21ecf7bfdb out_sha=a1f2b9977b018d71 out_bytes=27 run_distinct=1
### MATRIX arm=A2 src=S2 N=5
SUMMARY arm=A2 src=c8_shim N=5 BIN_DISTINCT=1 RUN_NONDET_ROWS=0
    ARM=A2 build=1 bytes=379904 bin_sha=b2c4382344e79f6e out_sha=ae0ae3bf0a82c31b out_bytes=3344 run_distinct=1
    ARM=A2 build=2 bytes=379904 bin_sha=b2c4382344e79f6e out_sha=ae0ae3bf0a82c31b out_bytes=3344 run_distinct=1
    ARM=A2 build=3 bytes=379904 bin_sha=b2c4382344e79f6e out_sha=ae0ae3bf0a82c31b out_bytes=3344 run_distinct=1
    ARM=A2 build=4 bytes=379904 bin_sha=b2c4382344e79f6e out_sha=ae0ae3bf0a82c31b out_bytes=3344 run_distinct=1
    ARM=A2 build=5 bytes=379904 bin_sha=b2c4382344e79f6e out_sha=ae0ae3bf0a82c31b out_bytes=3344 run_distinct=1
### MATRIX arm=A2 src=S3 N=5
SUMMARY arm=A2 src=s3_tnn2 N=5 BIN_DISTINCT=1 RUN_NONDET_ROWS=0
    ARM=A2 build=1 bytes=313856 bin_sha=3528ec15cd507ddc out_sha=37c7b552fe56c9b0 out_bytes=1358 run_distinct=1
    ARM=A2 build=2 bytes=313856 bin_sha=3528ec15cd507ddc out_sha=37c7b552fe56c9b0 out_bytes=1358 run_distinct=1
    ARM=A2 build=3 bytes=313856 bin_sha=3528ec15cd507ddc out_sha=37c7b552fe56c9b0 out_bytes=1358 run_distinct=1
    ARM=A2 build=4 bytes=313856 bin_sha=3528ec15cd507ddc out_sha=37c7b552fe56c9b0 out_bytes=1358 run_distinct=1
    ARM=A2 build=5 bytes=313856 bin_sha=3528ec15cd507ddc out_sha=37c7b552fe56c9b0 out_bytes=1358 run_distinct=1
### MATRIX arm=A3 src=S1 N=5
SUMMARY arm=A3 src=bt_small N=5 BIN_DISTINCT=1 RUN_NONDET_ROWS=0
    ARM=A3 build=1 bytes=33152 bin_sha=797a0a21ecf7bfdb out_sha=a1f2b9977b018d71 out_bytes=27 run_distinct=1
    ARM=A3 build=2 bytes=33152 bin_sha=797a0a21ecf7bfdb out_sha=a1f2b9977b018d71 out_bytes=27 run_distinct=1
    ARM=A3 build=3 bytes=33152 bin_sha=797a0a21ecf7bfdb out_sha=a1f2b9977b018d71 out_bytes=27 run_distinct=1
    ARM=A3 build=4 bytes=33152 bin_sha=797a0a21ecf7bfdb out_sha=a1f2b9977b018d71 out_bytes=27 run_distinct=1
    ARM=A3 build=5 bytes=33152 bin_sha=797a0a21ecf7bfdb out_sha=a1f2b9977b018d71 out_bytes=27 run_distinct=1
### MATRIX arm=A3 src=S2 N=5
SUMMARY arm=A3 src=c8_shim N=5 BIN_DISTINCT=1 RUN_NONDET_ROWS=0
    ARM=A3 build=1 bytes=379904 bin_sha=b2c4382344e79f6e out_sha=ae0ae3bf0a82c31b out_bytes=3344 run_distinct=1
    ARM=A3 build=2 bytes=379904 bin_sha=b2c4382344e79f6e out_sha=ae0ae3bf0a82c31b out_bytes=3344 run_distinct=1
    ARM=A3 build=3 bytes=379904 bin_sha=b2c4382344e79f6e out_sha=ae0ae3bf0a82c31b out_bytes=3344 run_distinct=1
    ARM=A3 build=4 bytes=379904 bin_sha=b2c4382344e79f6e out_sha=ae0ae3bf0a82c31b out_bytes=3344 run_distinct=1
    ARM=A3 build=5 bytes=379904 bin_sha=b2c4382344e79f6e out_sha=ae0ae3bf0a82c31b out_bytes=3344 run_distinct=1
### MATRIX arm=A3 src=S3 N=5
