launched worker 0 (1000 trials)
launched worker 1 (1000 trials)
launched worker 2 (1000 trials)
launched worker 3 (1000 trials)
launched worker 4 (1000 trials)
launched worker 5 (1000 trials)
launched worker 6 (1000 trials)
launched worker 7 (1000 trials)
launched worker 8 (1000 trials)
launched worker 9 (1000 trials)
worker 0 done rc=0: trials=1000 installed=712 digest=92b3d2b82ae8ea56ead48f6cda850b26584fc687066e26348917e82917a9f312
worker 1 done rc=0: trials=1000 installed=594 digest=0b550c9c41be84cce91a9e6a2540be770261b7e65fb8b87bfe94d52ed8106efc
worker 2 done rc=0: trials=1000 installed=304 digest=482055306642cb43ecf7a76d02756ea2e8293b2e98a5c19d0881a452acb75ce0
worker 3 done rc=0: trials=1000 installed=453 digest=cc53e320a3677c681b8c610f3b8bfd971b7a83ba2dfc22231939dd124a890ce4
worker 4 done rc=0: trials=1000 installed=403 digest=28620f7d92697a4c0e28047ec2c8f3072fa6e0c85cb3cce11e09c45653eea6dc
worker 5 done rc=0: trials=1000 installed=738 digest=b314572905f1caa5e7a8386a5b149d543cfc7717226b5b09d8797af65a5fb56e
worker 6 done rc=0: trials=1000 installed=684 digest=83e660711b22e0d4ec32e35d7f549d72dfdd348f8e1f84cd128539166b54af58
worker 7 done rc=0: trials=1000 installed=818 digest=00da6835a9c835685c32c80dc236744193c9aa1545f7ac4f9c3c7394569b7a98
worker 8 done rc=0: trials=1000 installed=659 digest=cf3644608f73b250d64b6aa13b78d730d54a399abc853128b27c92847a7bd4ec
worker 9 done rc=0: trials=1000 installed=858 digest=4baceb5546d230502cc9fc5576147c01a16a88eb8bc1ea7929239eeac89f3690
merged percepts: 10000 rows
merged ledgers
ALL DONE
RUN1 EXIT=0
