======================================================================
TASK colordisc
  r2n: n=1080 both_ok=360 (33.3%) F_fooled=720 (G_ok|fooled=0, G_same_lie|fooled=720)
    fool targets: {0: 720}
  r2a: n=1150 both_ok=350 (30.4%) F_fooled=800 (G_ok|fooled=0, G_same_lie|fooled=800)
    fool targets: {0: 800}
  r2a2: n=1180 both_ok=360 (30.5%) F_fooled=820 (G_ok|fooled=0, G_same_lie|fooled=820)
    fool targets: {0: 820}
======================================================================
TASK shapetrans
  r2n: n=1296 both_ok=499 (38.5%) F_fooled=527 (G_ok|fooled=265, G_same_lie|fooled=106)
    fool targets: {1: 235, 0: 186, 2: 106}
  r2a: n=1150 both_ok=411 (35.7%) F_fooled=574 (G_ok|fooled=280, G_same_lie|fooled=132)
    fool targets: {1: 282, 2: 179, 0: 113}
  r2a2: n=1195 both_ok=397 (33.2%) F_fooled=645 (G_ok|fooled=330, G_same_lie|fooled=138)
    fool targets: {1: 305, 2: 195, 0: 145}
======================================================================
TASK pitchdisc
  r2n: n=720 both_ok=295 (41.0%) F_fooled=350 (G_ok|fooled=92, G_same_lie|fooled=146)
    fool targets: {1: 133, 2: 216, 0: 1}
  r2a: n=1150 both_ok=322 (28.0%) F_fooled=637 (G_ok|fooled=239, G_same_lie|fooled=241)
    fool targets: {1: 327, 2: 249, 0: 61}
  r2a2: n=1180 both_ok=327 (27.7%) F_fooled=647 (G_ok|fooled=248, G_same_lie|fooled=255)
    fool targets: {1: 336, 2: 262, 0: 49}
EXIT:0
