T345_RUN,static.no_rng_wallclock
T345_RUN,static.no_rng_wallclock.ok
T345_RUN,static.arm4_no_proposal_symbols
T345_RUN,static.arm4_no_proposal_symbols.ok
T345_RUN,static.arm5_no_proposal_symbols
T345_RUN,static.arm5_no_proposal_symbols.ok
T345_RUN,static.arm45_import_graph
T345_RUN,static.arm45_import_graph.ok
T345_RUN,build.arm3
T345_RUN,build.arm3.ok
T345_RUN,build.arm4
T345_RUN,build.arm4.ok
T345_RUN,build.arm5
T345_RUN,build.arm5.ok
T345_RUN,selftest.arm3
T345_SELFTEST,arm3,checks=37,bad=0,exit=0
T345_RUN,selftest.arm4
T345_SELFTEST,arm4,checks=6,bad=0,exit=0
T345_RUN,selftest.arm5
T345_SELFTEST,arm5,checks=13,bad=0,exit=0
T345_FUNC,arm3_teach,exit=0,want=0
T345_FUNC,arm3_violation,exit=4,want=4
T345_FUNC,arm3_smuggle,exit=11,want=11
T345_FUNC,arm4_hints,exit=0,want=0
T345_FUNC,arm5_oracle,exit=0,want=0
T345_FUNC,arm5_k16,exit=0,want=0
T345_FUNC,arm5_k64,exit=0,want=0
T345_FUNC,arm5_k16_refused=20,want=20
T345_FUNC,arm5_k64_refused=0,want=0
T345_RERUN,arm3_teach,run=1,hash=d031c91783abd0e7c5c7021389d50200f58b14e2d31d808536d7fac7328a8627
T345_RERUN,arm3_teach,run=2,hash=d031c91783abd0e7c5c7021389d50200f58b14e2d31d808536d7fac7328a8627
T345_RERUN,arm3_teach,run=3,hash=d031c91783abd0e7c5c7021389d50200f58b14e2d31d808536d7fac7328a8627
T345_RERUN,arm3_teach,run=4,hash=d031c91783abd0e7c5c7021389d50200f58b14e2d31d808536d7fac7328a8627
T345_RERUN,arm3_teach,run=5,hash=d031c91783abd0e7c5c7021389d50200f58b14e2d31d808536d7fac7328a8627
T345_RERUN,arm3_teach,identical5=yes
T345_RERUN,arm3_violation,run=1,hash=b0b916f8d238aaad4f805439773d936dc2c601f93cc19f785f6107dd67b6e108
T345_RERUN,arm3_violation,run=2,hash=b0b916f8d238aaad4f805439773d936dc2c601f93cc19f785f6107dd67b6e108
T345_RERUN,arm3_violation,run=3,hash=b0b916f8d238aaad4f805439773d936dc2c601f93cc19f785f6107dd67b6e108
T345_RERUN,arm3_violation,run=4,hash=b0b916f8d238aaad4f805439773d936dc2c601f93cc19f785f6107dd67b6e108
T345_RERUN,arm3_violation,run=5,hash=b0b916f8d238aaad4f805439773d936dc2c601f93cc19f785f6107dd67b6e108
T345_RERUN,arm3_violation,identical5=yes
T345_RERUN,arm3_smuggle,run=1,hash=0eb3c7e48c4dc18ca352eb1fa94671f1958c2fc7f2429992efd4cae541eee4fa
T345_RERUN,arm3_smuggle,run=2,hash=0eb3c7e48c4dc18ca352eb1fa94671f1958c2fc7f2429992efd4cae541eee4fa
T345_RERUN,arm3_smuggle,run=3,hash=0eb3c7e48c4dc18ca352eb1fa94671f1958c2fc7f2429992efd4cae541eee4fa
T345_RERUN,arm3_smuggle,run=4,hash=0eb3c7e48c4dc18ca352eb1fa94671f1958c2fc7f2429992efd4cae541eee4fa
T345_RERUN,arm3_smuggle,run=5,hash=0eb3c7e48c4dc18ca352eb1fa94671f1958c2fc7f2429992efd4cae541eee4fa
T345_RERUN,arm3_smuggle,identical5=yes
T345_RERUN,arm4_hints,run=1,hash=2ece4306433352167f211d38d6c53a3b4b8ecb15da4a856158e180a64874eb57
T345_RERUN,arm4_hints,run=2,hash=2ece4306433352167f211d38d6c53a3b4b8ecb15da4a856158e180a64874eb57
T345_RERUN,arm4_hints,run=3,hash=2ece4306433352167f211d38d6c53a3b4b8ecb15da4a856158e180a64874eb57
T345_RERUN,arm4_hints,run=4,hash=2ece4306433352167f211d38d6c53a3b4b8ecb15da4a856158e180a64874eb57
T345_RERUN,arm4_hints,run=5,hash=2ece4306433352167f211d38d6c53a3b4b8ecb15da4a856158e180a64874eb57
T345_RERUN,arm4_hints,identical5=yes
T345_RERUN,arm5_oracle,run=1,hash=82d5a56f2184b5f662b941cc647d06ef6eb54997a004482d0bf38e0c239ca0b3
T345_RERUN,arm5_oracle,run=2,hash=82d5a56f2184b5f662b941cc647d06ef6eb54997a004482d0bf38e0c239ca0b3
T345_RERUN,arm5_oracle,run=3,hash=82d5a56f2184b5f662b941cc647d06ef6eb54997a004482d0bf38e0c239ca0b3
T345_RERUN,arm5_oracle,run=4,hash=82d5a56f2184b5f662b941cc647d06ef6eb54997a004482d0bf38e0c239ca0b3
T345_RERUN,arm5_oracle,run=5,hash=82d5a56f2184b5f662b941cc647d06ef6eb54997a004482d0bf38e0c239ca0b3
T345_RERUN,arm5_oracle,identical5=yes
T345_RESULT,PASS
