znc: warning: zagd unavailable; foreground compilation continues without background planning
warning[L0010]: possible string buffer leak — `s` from `_zag_i64_to_str` is never released or returned
  --> grok_trial.zag:48
   = note: in function `q2_num`: the string buffer is not released, returned, aliased, or handed off
   = hint: free it with _zag_str_free (or a registered consuming helper), or return it to transfer ownership; bind intermediates to a let and free them — never nest _zag_str_concat inside _zag_str_concat
warning[A0102]: ignored return value of `t5_audit` — result is discarded
  --> grok_trial.zag:61
   = note: in function `q2_audit_empty`: this function returns a non-void value that is discarded
   = hint: bind the result to a `let` and use it, or add `// znc:allow A0102` to suppress
warning[A0102]: ignored return value of `t5_ev_add` — result is discarded
  --> grok_trial.zag:213
   = note: in function `q2_evidence_subset`: this function returns a non-void value that is discarded
   = hint: bind the result to a `let` and use it, or add `// znc:allow A0102` to suppress
warning[A0102]: ignored return value of `t5_ev_add` — result is discarded
  --> grok_trial.zag:233
   = note: in function `q2_teach`: this function returns a non-void value that is discarded
   = hint: bind the result to a `let` and use it, or add `// znc:allow A0102` to suppress
warning[A0102]: ignored return value of `t5_ev_add` — result is discarded
  --> grok_trial.zag:233
   = note: in function `q2_teach`: this function returns a non-void value that is discarded
   = hint: bind the result to a `let` and use it, or add `// znc:allow A0102` to suppress
warning[A0102]: ignored return value of `t5_ev_add` — result is discarded
  --> grok_trial.zag:233
   = note: in function `q2_teach`: this function returns a non-void value that is discarded
   = hint: bind the result to a `let` and use it, or add `// znc:allow A0102` to suppress
warning[A0102]: ignored return value of `t5_audit` — result is discarded
  --> grok_trial.zag:233
   = note: in function `q2_teach`: this function returns a non-void value that is discarded
   = hint: bind the result to a `let` and use it, or add `// znc:allow A0102` to suppress
warning[A0102]: ignored return value of `t5_plant` — result is discarded
  --> grok_trial.zag:258
   = note: in function `q2_phase0`: this function returns a non-void value that is discarded
   = hint: bind the result to a `let` and use it, or add `// znc:allow A0102` to suppress
warning[A0102]: ignored return value of `t5_forcepin` — result is discarded
  --> grok_trial.zag:258
   = note: in function `q2_phase0`: this function returns a non-void value that is discarded
   = hint: bind the result to a `let` and use it, or add `// znc:allow A0102` to suppress
warning[A0102]: ignored return value of `q2_audit_empty` — result is discarded
  --> grok_trial.zag:258
   = note: in function `q2_phase0`: this function returns a non-void value that is discarded
   = hint: bind the result to a `let` and use it, or add `// znc:allow A0102` to suppress
warning[A0102]: ignored return value of `t5_audit` — result is discarded
  --> grok_trial.zag:258
   = note: in function `q2_phase0`: this function returns a non-void value that is discarded
   = hint: bind the result to a `let` and use it, or add `// znc:allow A0102` to suppress
warning[A0102]: ignored return value of `t5_audit` — result is discarded
  --> grok_trial.zag:282
   = note: in function `q2_phase1`: this function returns a non-void value that is discarded
   = hint: bind the result to a `let` and use it, or add `// znc:allow A0102` to suppress
warning[A0102]: ignored return value of `q2_teach` — result is discarded
  --> grok_trial.zag:282
   = note: in function `q2_phase1`: this function returns a non-void value that is discarded
   = hint: bind the result to a `let` and use it, or add `// znc:allow A0102` to suppress
warning[A0102]: ignored return value of `t5_disconnect` — result is discarded
  --> grok_trial.zag:282
   = note: in function `q2_phase1`: this function returns a non-void value that is discarded
   = hint: bind the result to a `let` and use it, or add `// znc:allow A0102` to suppress
warning[A0102]: ignored return value of `t5_ev_add` — result is discarded
  --> grok_trial.zag:323
   = note: in function `q2_phase2`: this function returns a non-void value that is discarded
   = hint: bind the result to a `let` and use it, or add `// znc:allow A0102` to suppress
warning[A0102]: ignored return value of `t5_adjudicate` — result is discarded
  --> grok_trial.zag:323
   = note: in function `q2_phase2`: this function returns a non-void value that is discarded
   = hint: bind the result to a `let` and use it, or add `// znc:allow A0102` to suppress
warning[A0102]: ignored return value of `t5_revise` — result is discarded
  --> grok_trial.zag:323
   = note: in function `q2_phase2`: this function returns a non-void value that is discarded
   = hint: bind the result to a `let` and use it, or add `// znc:allow A0102` to suppress
warning[A0102]: ignored return value of `t5_ev_add` — result is discarded
  --> grok_trial.zag:323
   = note: in function `q2_phase2`: this function returns a non-void value that is discarded
   = hint: bind the result to a `let` and use it, or add `// znc:allow A0102` to suppress
warning[A0102]: ignored return value of `t5_ev_add` — result is discarded
  --> grok_trial.zag:323
   = note: in function `q2_phase2`: this function returns a non-void value that is discarded
   = hint: bind the result to a `let` and use it, or add `// znc:allow A0102` to suppress
warning[A0102]: ignored return value of `t5_audit` — result is discarded
  --> grok_trial.zag:323
   = note: in function `q2_phase2`: this function returns a non-void value that is discarded
   = hint: bind the result to a `let` and use it, or add `// znc:allow A0102` to suppress
warning[B0103]: unused local `arm` is never read
  --> grok_trial.zag:395
   = note: in function `q2_phase3`: the variable is assigned but never used
   = hint: remove the binding, or prefix the name with `_` to indicate intentional discard
warning[A0102]: ignored return value of `t5_ev_add` — result is discarded
  --> grok_trial.zag:395
   = note: in function `q2_phase3`: this function returns a non-void value that is discarded
   = hint: bind the result to a `let` and use it, or add `// znc:allow A0102` to suppress
warning[A0102]: ignored return value of `t5_audit` — result is discarded
  --> grok_trial.zag:395
   = note: in function `q2_phase3`: this function returns a non-void value that is discarded
   = hint: bind the result to a `let` and use it, or add `// znc:allow A0102` to suppress
warning[A0102]: ignored return value of `t5_plant` — result is discarded
  --> grok_trial.zag:543
   = note: in function `q2_k2_d1`: this function returns a non-void value that is discarded
   = hint: bind the result to a `let` and use it, or add `// znc:allow A0102` to suppress
warning[A0102]: ignored return value of `t5_forcepin` — result is discarded
  --> grok_trial.zag:543
   = note: in function `q2_k2_d1`: this function returns a non-void value that is discarded
   = hint: bind the result to a `let` and use it, or add `// znc:allow A0102` to suppress
warning[A0102]: ignored return value of `t5_plant` — result is discarded
  --> grok_trial.zag:543
   = note: in function `q2_k2_d1`: this function returns a non-void value that is discarded
   = hint: bind the result to a `let` and use it, or add `// znc:allow A0102` to suppress
warning[A0102]: ignored return value of `t5_forcepin` — result is discarded
  --> grok_trial.zag:543
   = note: in function `q2_k2_d1`: this function returns a non-void value that is discarded
   = hint: bind the result to a `let` and use it, or add `// znc:allow A0102` to suppress
warning[A0102]: ignored return value of `t5_ev_add` — result is discarded
  --> grok_trial.zag:543
   = note: in function `q2_k2_d1`: this function returns a non-void value that is discarded
   = hint: bind the result to a `let` and use it, or add `// znc:allow A0102` to suppress
warning[A0102]: ignored return value of `t5_ev_add` — result is discarded
  --> grok_trial.zag:543
   = note: in function `q2_k2_d1`: this function returns a non-void value that is discarded
   = hint: bind the result to a `let` and use it, or add `// znc:allow A0102` to suppress
warning[A0102]: ignored return value of `t5_add` — result is discarded
  --> grok_trial.zag:581
   = note: in function `q2_k2_d2`: this function returns a non-void value that is discarded
   = hint: bind the result to a `let` and use it, or add `// znc:allow A0102` to suppress
warning[A0102]: ignored return value of `t5_add` — result is discarded
  --> grok_trial.zag:581
   = note: in function `q2_k2_d2`: this function returns a non-void value that is discarded
   = hint: bind the result to a `let` and use it, or add `// znc:allow A0102` to suppress
warning[A0102]: ignored return value of `t5_ev_add` — result is discarded
  --> grok_trial.zag:581
   = note: in function `q2_k2_d2`: this function returns a non-void value that is discarded
   = hint: bind the result to a `let` and use it, or add `// znc:allow A0102` to suppress
warning[A0102]: ignored return value of `t5_revise` — result is discarded
  --> grok_trial.zag:581
   = note: in function `q2_k2_d2`: this function returns a non-void value that is discarded
   = hint: bind the result to a `let` and use it, or add `// znc:allow A0102` to suppress
warning[A0102]: ignored return value of `t5_ev_add` — result is discarded
  --> grok_trial.zag:581
   = note: in function `q2_k2_d2`: this function returns a non-void value that is discarded
   = hint: bind the result to a `let` and use it, or add `// znc:allow A0102` to suppress
warning[A0102]: ignored return value of `t5_revise` — result is discarded
  --> grok_trial.zag:581
   = note: in function `q2_k2_d2`: this function returns a non-void value that is discarded
   = hint: bind the result to a `let` and use it, or add `// znc:allow A0102` to suppress
znc: analyzer found 35 issue(s) (warnings above; use --analyze-strict to fail the build, --no-analyze to silence)
znc: wrote native binary /home/hatch/workspace/tnn-lab/wave12/championship-english/grok/legs/legA/build/grokt (347932 bytes main, 0 external tools)
built /home/hatch/workspace/tnn-lab/wave12/championship-english/grok/legs/legA/build/grokt
ok: m2_bind_r0 (exit 0, 5x byte-identical)
ok: m2_trap_r0 (exit 0, 5x byte-identical)
ok: m2_bind_r1 (exit 0, 5x byte-identical)
ok: m2_trap_r1 (exit 0, 5x byte-identical)
ok: m2_bind_r2 (exit 0, 5x byte-identical)
ok: m2_trap_r2 (exit 0, 5x byte-identical)
ok: m2_bind_r3 (exit 0, 5x byte-identical)
ok: m2_trap_r3 (exit 0, 5x byte-identical)
ok: m2_bind_r4 (exit 0, 5x byte-identical)
ok: m2_trap_r4 (exit 0, 5x byte-identical)
ok: m2_bind_r5 (exit 0, 5x byte-identical)
ok: m2_trap_r5 (exit 0, 5x byte-identical)
ok: m2_bind_r6 (exit 0, 5x byte-identical)
ok: m2_trap_r6 (exit 0, 5x byte-identical)
ok: m2_bind_r7 (exit 0, 5x byte-identical)
ok: m2_trap_r7 (exit 0, 5x byte-identical)
ok: m2_bind_r8 (exit 0, 5x byte-identical)
ok: m2_trap_r8 (exit 0, 5x byte-identical)
ok: m2_bind_r9 (exit 0, 5x byte-identical)
ok: m2_trap_r9 (exit 0, 5x byte-identical)
ok: m2_bind_r10 (exit 0, 5x byte-identical)
ok: m2_trap_r10 (exit 0, 5x byte-identical)
ok: m2_bind_r11 (exit 0, 5x byte-identical)
ok: m2_trap_r11 (exit 0, 5x byte-identical)
ok: m2_bind_s10 (exit 0, 5x byte-identical)
hashed 51 logs
ALL LEG-A RUNS OK
