BIND,M2,rep,0,scale,10,start
DOMAIN_HASH,M2,13a3f38502984079d20b8723eb36dfd3c2f2bef28711a68c01d5ac9c35de1740
CORPUS_SHA256,M2,7f3a25739981c8276082ceeda7de3628afd88977e7a16bd0a5f220eba2bc2508
CL_CHECK,overflow,0,0
CL_CHECK,e90_reached,1,1
RESULT,M2,0,10,d1,40,40
RESULT,M2,0,10,d2,38,38
RESULT,M2,0,10,d3,120,120
RESULT,M2,0,10,rev_false,12,12
RESULT,M2,0,10,rev_genuine,20,20
RESULT,M2,0,10,r2,40,40
RESULT,M2,0,10,r3,40,40
RESULT,M2,0,10,e90,210,1
RESULT,M2,0,10,withheld,0,1
RESULT,M2,0,10,hallu,0,20
RESULT,M2,0,10,k1,1,1
RESULT,M2,0,10,k2,1,1
RESULT,M2,0,10,k3,1,1
RESULT,M2,0,10,refusal,1,1
RESULT,M2,0,10,esc,0,1
RESULT,M2,0,10,disconn,40,1
RESULT,M2,0,10,ops,593,1
RESULT,M2,0,10,eps,2617,1
DIGEST,M2,0,10,ea17432b08cb2b1bbddcf7a723c352450d91d9e5cd82ef6e1c1112e49b47c9b1
BIND,M2,done
