SCALE_CFG,mode=eval,N=48,C=24,M=2,P=1,off=0
SCALE_TRUTH,texts=10,words_total=1332368
SCALE_PASS,pass=1,taught=48,withheld=0,clean_mastery_num=45,clean_mastery_den=45
SCALE_MASTERY,clean_num=45,clean_den=45
SCALE_MASTERY_ALL,num=45,den=48
SCALE_DECILE,d=0,num=5,den=5
SCALE_DECILE,d=1,num=4,den=4
SCALE_DECILE,d=2,num=5,den=5
SCALE_DECILE,d=3,num=4,den=4
SCALE_DECILE,d=4,num=4,den=4
SCALE_DECILE,d=5,num=4,den=4
SCALE_DECILE,d=6,num=5,den=5
SCALE_DECILE,d=7,num=5,den=5
SCALE_DECILE,d=8,num=5,den=5
SCALE_DECILE,d=9,num=4,den=4
SCALE_ABSORPTION,absorbed=3,den=3
SCALE_FLAW,famA=24,famB=24
SCALE_FLAW,famC=24,famD=24
SCALE_FLAW_TOTAL,pass=96,total=96
SCALE_OPS,add=48,verify=48,audit=49,find=48,total=193,ops_per_fact_x1000=4020
SCALE_MEM,slot_bpf=24,index_bpf=4,audit_bpf=65,total_bpf=93,slot_chunks=1,idx_chunks=1,audit_chunks=1
SCALE_DIGEST,fnv1a=562295fb0d0f97dd
SCALE_RECALL_TIMING,recalls=96000,ns_total=71582814,ns_per_recall_x1000=745654
SCALE_DONE
