MODE memC
GATE G1 0
GATE G2p 0
GATE G3 1
P0 0 100 0 uy oe
P0 0 101 0 hbf ?
P0 0 102 0 eoim ?
P0 0 103 0 llvpt ?
P0 0 105 0 jdh ?
P0 0 106 0 gqko ?
P0 0 107 0 nnxrv ?
P0 0 109 0 lfj ?
P0 1 110 0 qqmsi ?
P0 1 111 0 xxtzpp ?
P0 1 113 0 llhn ?
P0 1 114 0 ssouk ?
P0 1 115 0 zzvbrr ?
P0 1 117 0 nnjp ?
P0 1 118 0 uuqwm ?
P0 1 119 0 bbxdtt ?
P0 2 120 0 ei yo
P0 2 121 0 lrp ?
P0 2 122 0 syow ?
P0 2 123 0 zfvvd ?
P0 2 124 0 gk aq
P0 2 125 0 ntr ?
P0 2 126 0 uaqy ?
P0 2 127 0 bhxxf ?
P0 3 128 1 m m
P0 3 129 0 tp ?
P0 3 130 0 awc ?
P0 3 131 0 hdjz ?
P0 3 132 1 o o
P0 3 133 0 vr ?
P0 3 134 0 cye ?
P0 3 135 0 jflb ?
P0 4 136 1 Qm Qm
P0 4 137 0 Xtz ?
P0 4 138 0 Eagw ?
P0 4 139 0 Lhndd ?
P0 4 140 1 So So
P0 4 141 0 Zvb ?
P0 4 142 0 Gciy ?
P0 4 143 0 Njpff ?
P0 5 144 0 qu uq
P0 5 145 0 bdx ?
P0 5 146 0 aeik ?
P0 5 147 0 hhlpr ?
P0 5 148 0 sw ws
P0 5 149 0 dfz ?
P0 5 150 0 cgkm ?
P0 5 151 0 jjnrt ?
SUM P0 4/48
P2 0 1 200 0 www mqk
P2 0 1 201 0 rrdd ?
P2 0 1 202 0 aaykk ?
P2 0 1 203 0 xxhfrr ?
P2 0 2 204 0 yy es
P2 0 2 205 0 fft ?
P2 0 2 206 0 ammc ?
P2 0 2 207 0 jhttz ?
P2 0 3 208 0 a q
P2 0 3 209 0 vh ?
P2 0 3 210 0 eco ?
P2 0 3 211 0 bljv ?
P2 0 4 212 0 Cc Sm
P2 0 4 213 0 Xjj ?
P2 0 4 214 0 Geqq ?
P2 0 4 215 0 Dnlxx ?
P2 0 5 216 0 ee uo
P2 0 5 217 0 llz ?
P2 0 5 218 0 giss ?
P2 0 5 219 0 fnpzz ?
P2 1 0 220 0 ggg ?
P2 1 0 221 0 bnnn ?
P2 1 0 222 0 kiuuu ?
P2 1 0 223 0 hrpbbb ?
P2 1 2 224 0 iii ?
P2 1 2 225 0 ppdp ?
P2 1 2 226 0 wwkmw ?
P2 1 2 227 0 ddrtjd ?
P2 1 3 228 0 kk ?
P2 1 3 229 0 rrr ?
P2 1 3 230 0 yyym ?
P2 1 3 231 0 ffftv ?
P2 1 4 232 0 Mmm ?
P2 1 4 233 0 Ttth ?
P2 1 4 234 0 Aaaoq ?
P2 1 4 235 0 Hhhvxn ?
P2 1 5 236 0 ooo ?
P2 1 5 237 0 jvvv ?
P2 1 5 238 0 cccqs ?
P2 1 5 239 0 jjjpxz ?
P2 2 0 240 0 qq wk
P2 2 0 241 0 xlx ?
P2 2 0 242 0 euse ?
P2 2 0 243 0 lrbzl ?
P2 2 1 244 0 sss img
P2 2 1 245 0 zznz ?
P2 2 1 246 0 gguwg ?
P2 2 1 247 0 nnbdtn ?
P2 2 3 248 0 u k
P2 2 3 249 0 bp ?
P2 2 3 250 0 iwy ?
P2 2 3 251 0 pdfv ?
P2 2 4 252 0 Ww Mg
P2 2 4 253 0 Drd ?
P2 2 4 254 0 Kyak ?
P2 2 4 255 0 Rfhxr ?
P2 2 5 256 0 yy oi
P2 2 5 257 0 fft ?
P2 2 5 258 0 acmm ?
P2 2 5 259 0 hjttz ?
P2 3 0 260 0 a ?
P2 3 0 261 0 hh ?
P2 3 0 262 0 coo ?
P2 3 0 263 0 ljvv ?
P2 3 1 264 0 cc ?
P2 3 1 265 0 jjj ?
P2 3 1 266 0 qqqe ?
P2 3 1 267 0 xxxln ?
P2 3 2 268 0 e ?
P2 3 2 269 0 ll ?
P2 3 2 270 0 sgs ?
P2 3 2 271 0 znpz ?
P2 3 4 272 0 G ?
P2 3 4 273 0 Nn ?
P2 3 4 274 0 Uui ?
P2 3 4 275 0 Bbpr ?
P2 3 5 276 0 i ?
P2 3 5 277 0 pp ?
P2 3 5 278 0 kww ?
P2 3 5 279 0 ddrt ?
P2 4 0 280 0 kK uu
P2 4 0 281 0 frR ?
P2 4 0 282 0 omyY ?
P2 4 0 283 0 lvtfF ?
P2 4 1 284 0 MMm gwc
P2 4 1 285 0 TTth ?
P2 4 1 286 0 AAaoq ?
P2 4 1 287 0 HHhvxn ?
P2 4 2 288 0 oO yy
P2 4 2 289 0 vjV ?
P2 4 2 290 0 cqsC ?
P2 4 2 291 0 jxzpJ ?
P2 4 3 292 0 Q k
P2 4 3 293 0 Xx ?
P2 4 3 294 0 Ees ?
P2 4 3 295 0 Llzb ?
P2 4 5 296 0 Ss ms
P2 4 5 297 0 Znz ?
P2 4 5 298 0 Gguw ?
P2 4 5 299 0 Nbdnt ?
P2 5 0 300 0 uu ke
P2 5 0 301 0 pbb ?
P2 5 0 302 0 ywii ?
P2 5 0 303 0 vppfd ?
P2 5 1 304 0 www wgg
P2 5 1 305 0 dddr ?
P2 5 1 306 0 aakky ?
P2 5 1 307 0 ffhrrx ?
P2 5 2 308 0 yy oi
P2 5 2 309 0 ftf ?
P2 5 2 310 0 cmma ?
P2 5 2 311 0 jttzh ?
P2 5 3 312 1 a a
P2 5 3 313 0 hh ?
P2 5 3 314 0 ceo ?
P2 5 3 315 0 bjlv ?
P2 5 4 316 1 Cc Cc
P2 5 4 317 0 Jjx ?
P2 5 4 318 0 Egqq ?
P2 5 4 319 0 Dlnxx ?
SUM P2 2/120
P3 400 0 sa ik
P3 401 1 zhl ?
P3 402 1 goss goss
P3 403 1 nvzzv ?
P3 404 0 uc km
P3 405 1 bjn bjn
P3 406 1 iquu iquu
P3 407 1 pxbbx ?
SUM P3 6/8
