N19_REAP,waited_pid,62801,second_wait,-10
N19_QUAL_RUN,after_open,started,1,exit,80,signal,0,cpu_us,1664,peak_rss,1490944,file_bytes,0
N19_TELEMETRY,recover_file,status,-1906,0,-1,-1,0,0,0,-1,-1,poisoned,-1,-1
N19_REAP,waited_pid,62802,second_wait,-10
N19_QUAL_RUN,after_open_recover,started,1,exit,1,signal,0,cpu_us,1162,peak_rss,1523712,file_bytes,0
N19_REAP,waited_pid,62803,second_wait,-10
N19_QUAL_RUN,after_half_write,started,1,exit,81,signal,0,cpu_us,864,peak_rss,1490944,file_bytes,16
N19_TELEMETRY,recover_file,status,-1906,0,-1,-1,0,0,0,-1,-1,poisoned,-1,-1
N19_REAP,waited_pid,62804,second_wait,-10
N19_QUAL_RUN,after_half_write_recover,started,1,exit,1,signal,0,cpu_us,1022,peak_rss,1523712,file_bytes,16
N19_REAP,waited_pid,62805,second_wait,-10
N19_QUAL_RUN,after_full_write,started,1,exit,82,signal,0,cpu_us,1127,peak_rss,1490944,file_bytes,32
N19_TELEMETRY,recover_file,status,0,0,-1,-1,1,1,1,-1,-1,recovered,-1,-1
N19_REAP,waited_pid,62806,second_wait,-10
N19_QUAL_RUN,after_full_write_recover,started,1,exit,0,signal,0,cpu_us,1496,peak_rss,1523712,file_bytes,32
N19_REAP,waited_pid,62807,second_wait,-10
N19_QUAL_RUN,after_file_sync,started,1,exit,83,signal,0,cpu_us,1051,peak_rss,1490944,file_bytes,32
N19_TELEMETRY,recover_file,status,0,0,-1,-1,1,1,1,-1,-1,recovered,-1,-1
N19_REAP,waited_pid,62808,second_wait,-10
N19_QUAL_RUN,after_file_sync_recover,started,1,exit,0,signal,0,cpu_us,946,peak_rss,1523712,file_bytes,32
N19_REAP,waited_pid,62809,second_wait,-10
N19_QUAL_RUN,after_root_sync,started,1,exit,84,signal,0,cpu_us,1027,peak_rss,1490944,file_bytes,32
N19_TELEMETRY,recover_file,status,0,0,-1,-1,1,1,1,-1,-1,recovered,-1,-1
N19_REAP,waited_pid,62810,second_wait,-10
N19_QUAL_RUN,after_root_sync_recover,started,1,exit,0,signal,0,cpu_us,1695,peak_rss,1736704,file_bytes,32
N19_CRASH_MATRIX,failures,0
