wired.baseline.adopt: ok
wired.baseline.hypfound: ok
wired.pin.rc0: ok
wired.pin.audit.trainer: ok
wired.samespan.reject: ok
wired.samespan.r2: ok
wired.overlap.reject: ok
wired.overlap.r2: ok
wired.gate.refusals.audited: ok
wired.retract.refused: ok
wired.retract.r2: ok
wired.unit.still.adopted: ok
wired.forge.unpin.101: ok
wired.forge.pin.persists: ok
wired.retract2.refused: ok
wired.unit.still.adopted2: ok
wired.clear.adopt: ok
fp.chain=7265436668664446004
fp.audit_n=5
dlb.digest=3887512873
WIRED PASS
