N19_REAP,waited_pid,38033,second_wait,-10
N19_QUAL_RUN,after_open,started,1,exit,80,signal,0,cpu_us,2845,peak_rss,1507328,file_bytes,0
N19_TELEMETRY,recover_file,status,-1906,0,-1,-1,0,0,0,-1,-1,poisoned,-1,-1
N19_REAP,waited_pid,38034,second_wait,-10
N19_QUAL_RUN,after_open_recover,started,1,exit,1,signal,0,cpu_us,3133,peak_rss,1556480,file_bytes,0
N19_REAP,waited_pid,38035,second_wait,-10
N19_QUAL_RUN,after_half_write,started,1,exit,81,signal,0,cpu_us,3330,peak_rss,1507328,file_bytes,16
N19_TELEMETRY,recover_file,status,-1906,0,-1,-1,0,0,0,-1,-1,poisoned,-1,-1
N19_REAP,waited_pid,38036,second_wait,-10
N19_QUAL_RUN,after_half_write_recover,started,1,exit,1,signal,0,cpu_us,3453,peak_rss,1556480,file_bytes,16
N19_REAP,waited_pid,38037,second_wait,-10
N19_QUAL_RUN,after_full_write,started,1,exit,82,signal,0,cpu_us,3165,peak_rss,1572864,file_bytes,32
N19_TELEMETRY,recover_file,status,0,0,-1,-1,1,1,1,-1,-1,recovered,-1,-1
N19_REAP,waited_pid,38038,second_wait,-10
N19_QUAL_RUN,after_full_write_recover,started,1,exit,0,signal,0,cpu_us,3034,peak_rss,1556480,file_bytes,32
N19_REAP,waited_pid,38039,second_wait,-10
N19_QUAL_RUN,after_file_sync,started,1,exit,83,signal,0,cpu_us,3202,peak_rss,1507328,file_bytes,32
N19_TELEMETRY,recover_file,status,0,0,-1,-1,1,1,1,-1,-1,recovered,-1,-1
N19_REAP,waited_pid,38040,second_wait,-10
N19_QUAL_RUN,after_file_sync_recover,started,1,exit,0,signal,0,cpu_us,2726,peak_rss,1556480,file_bytes,32
N19_REAP,waited_pid,38041,second_wait,-10
N19_QUAL_RUN,after_root_sync,started,1,exit,84,signal,0,cpu_us,3125,peak_rss,1507328,file_bytes,32
N19_TELEMETRY,recover_file,status,0,0,-1,-1,1,1,1,-1,-1,recovered,-1,-1
N19_REAP,waited_pid,38042,second_wait,-10
N19_QUAL_RUN,after_root_sync_recover,started,1,exit,0,signal,0,cpu_us,2806,peak_rss,1556480,file_bytes,32
N19_CRASH_MATRIX,failures,0
