ok   static.no_rng
ok   static.no_wallclock
ok   static.no_flaw_manifest
ok   static.arm3_only_speaks_for_3
ok   viol_magic.deterministic_x2
ok   viol_magic.exit
ok   viol_magic.integrity_logged
ok   viol_magic.footer_halted
ok   viol_magic.teacher_msgs
ok   viol_magic.halt_terminal
ok   viol_version.deterministic_x2
ok   viol_version.exit
ok   viol_version.integrity_logged
ok   viol_version.footer_halted
ok   viol_version.teacher_msgs
ok   viol_version.halt_terminal
ok   viol_teacher2.deterministic_x2
ok   viol_teacher2.exit
ok   viol_teacher2.integrity_logged
ok   viol_teacher2.footer_halted
ok   viol_teacher2.teacher_msgs
ok   viol_teacher2.halt_terminal
ok   viol_teacher0.deterministic_x2
ok   viol_teacher0.exit
ok   viol_teacher0.integrity_logged
ok   viol_teacher0.footer_halted
ok   viol_teacher0.teacher_msgs
ok   viol_teacher0.halt_terminal
ok   viol_sess_mismatch.deterministic_x2
ok   viol_sess_mismatch.exit
ok   viol_sess_mismatch.integrity_logged
ok   viol_sess_mismatch.footer_halted
ok   viol_sess_mismatch.teacher_msgs
ok   viol_sess_mismatch.halt_terminal
ok   viol_span_invert.deterministic_x2
ok   viol_span_invert.exit
ok   viol_span_invert.integrity_logged
ok   viol_span_invert.footer_halted
ok   viol_span_invert.teacher_msgs
ok   viol_span_invert.halt_terminal
ok   viol_kind0.deterministic_x2
ok   viol_kind0.exit
ok   viol_kind0.integrity_logged
ok   viol_kind0.footer_halted
ok   viol_kind0.teacher_msgs
ok   viol_kind0.halt_terminal
ok   viol_kind6.deterministic_x2
ok   viol_kind6.exit
ok   viol_kind6.integrity_logged
ok   viol_kind6.footer_halted
ok   viol_kind6.teacher_msgs
ok   viol_kind6.halt_terminal
ok   viol_checksum.deterministic_x2
ok   viol_checksum.exit
ok   viol_checksum.integrity_logged
ok   viol_checksum.footer_halted
ok   viol_checksum.teacher_msgs
ok   viol_checksum.halt_terminal
ok   viol_range_span.deterministic_x2
ok   viol_range_span.exit
ok   viol_range_span.integrity_logged
ok   viol_range_span.footer_halted
ok   viol_range_span.teacher_msgs
ok   viol_range_span.halt_terminal
ok   viol_range_aux.deterministic_x2
ok   viol_range_aux.exit
ok   viol_range_aux.integrity_logged
ok   viol_range_aux.footer_halted
ok   viol_range_aux.teacher_msgs
ok   viol_range_aux.halt_terminal
ok   viol_range_ground.deterministic_x2
ok   viol_range_ground.exit
ok   viol_range_ground.integrity_logged
ok   viol_range_ground.footer_halted
ok   viol_range_ground.teacher_msgs
ok   viol_range_ground.halt_terminal
ok   viol_len_trunc.deterministic_x2
ok   viol_len_trunc.exit
ok   viol_len_trunc.integrity_logged
ok   viol_len_trunc.footer_halted
ok   viol_len_trunc.teacher_msgs
ok   viol_len_trunc.halt_terminal
ok   viol_len_extend.deterministic_x2
ok   viol_len_extend.exit
ok   viol_len_extend.integrity_logged
ok   viol_len_extend.footer_halted
ok   viol_len_extend.teacher_msgs
ok   viol_len_extend.halt_terminal
ok   viol_len_tiny.deterministic_x2
ok   viol_len_tiny.exit
ok   viol_len_tiny.integrity_logged
ok   viol_len_tiny.footer_halted
ok   viol_len_tiny.teacher_msgs
ok   viol_len_tiny.halt_terminal
ok   viol_counts_aux.deterministic_x2
ok   viol_counts_aux.exit
ok   viol_counts_aux.integrity_logged
ok   viol_counts_aux.footer_halted
ok   viol_counts_aux.teacher_msgs
ok   viol_counts_aux.halt_terminal
ok   viol_counts_ground.deterministic_x2
ok   viol_counts_ground.exit
ok   viol_counts_ground.integrity_logged
ok   viol_counts_ground.footer_halted
ok   viol_counts_ground.teacher_msgs
ok   viol_counts_ground.halt_terminal
ok   viol_seq_gap.deterministic_x2
ok   viol_seq_gap.exit
ok   viol_seq_gap.integrity_logged
ok   viol_seq_gap.footer_halted
ok   viol_seq_gap.teacher_msgs
ok   viol_seq_gap.halt_terminal
ok   viol_seq_dup.deterministic_x2
ok   viol_seq_dup.exit
ok   viol_seq_dup.integrity_logged
ok   viol_seq_dup.footer_halted
ok   viol_seq_dup.teacher_msgs
ok   viol_seq_dup.halt_terminal
ok   valid_xcheck.deterministic_x2
ok   xcheck.exit
ok   xcheck.n_msgs
ok   xcheck.msg0_verbatim
ok   xcheck.msg0_fields
ok   xcheck.msg1_verbatim
ok   xcheck.msg1_fields
ok   xcheck.msg2_verbatim
ok   xcheck.msg2_fields
ok   xcheck.chain
ok   xcheck.footer_ok
regen dryrun_teach.txt: exit=0
regen dryrun_violation.txt: exit=4
regen dryrun_smuggle.txt: exit=11
ok   c_teach.chain
ok   c_teach.tripwire_agree
ok   c_teach.no_tripwire
info c_teach: cumulative_cov=0.463 strict_windowed_max=0.463 proposals=12 verdict=OK
ok   c_violation.chain
ok   c_violation.tripwire_agree
ok   c_violation.no_tripwire
ok   c_violation.violation_code
info c_violation: cumulative_cov=0.041 strict_windowed_max=0.041 proposals=1 verdict=HALTED:VIOLATION
ok   c_smuggle.chain
ok   c_smuggle.tripwire_agree
ok   c_smuggle.fire_code
ok   c_smuggle.fire_at
info c_smuggle: cumulative_cov=1.000 strict_windowed_max=1.000 proposals=200 verdict=HALTED:TRIPWIRE
ok   perturb_reorder.deterministic_x2
ok   perturb_reorder.exit
ok   perturb_reorder.integrity
ok   perturb_conf1.deterministic_x2
ok   perturb_conf.exit
ok   perturb_conf.n
ok   perturb_conf.applied
ok   perturb_conf.differs_from_baseline
ok   perturb_stim5000.deterministic_x2
ok   perturb_stim.exit
ok   perturb_stim.proposals_identical
ok   ppath_window.deterministic_x2
ok   ppath_window.exit11
ok   ppath_window.code1
ok   ppath_window.n_msgs
ok   ppath_window.halt_terminal
ok   ppath_dump.deterministic_x2
ok   ppath_dump.exit11
ok   ppath_dump.code2
ok   live.exit
ok   dry.exit
ok   live.equiv_dryrun
ok   live.descr
ok   dry.descr
AUDIT_RESULT,checks=167,bad=0
