CHECK,recover,0,0
CHECK,committed_count,8,8
CHECK,observer_complete,0,0
CHECK,all_values_exact,0,0
CHECK,observer_tail_untouched,31337,31337
CHECK,metadata_exact,1,1
CHECK,reconstructed_length_exact,131136,131136
CHECK,reconstructed_packet_exact,1,1
CHECK,loaded_packet_ok,0,0
CHECK,reconstruction_matches_durable_raw,1,1
CHECK,observer_complete,0,0
CHECK,all_values_exact,0,0
CHECK,observer_tail_untouched,31337,31337
CHECK,metadata_exact,1,1
CHECK,reconstructed_length_exact,80,80
CHECK,reconstructed_packet_exact,1,1
CHECK,loaded_packet_ok,0,0
CHECK,reconstruction_matches_durable_raw,1,1
CHECK,observer_complete,0,0
CHECK,all_values_exact,0,0
CHECK,observer_tail_untouched,31337,31337
CHECK,metadata_exact,1,1
CHECK,reconstructed_length_exact,64,64
CHECK,reconstructed_packet_exact,1,1
CHECK,loaded_packet_ok,0,0
CHECK,reconstruction_matches_durable_raw,1,1
CHECK,observer_complete,0,0
CHECK,all_values_exact,0,0
CHECK,observer_tail_untouched,31337,31337
CHECK,metadata_exact,1,1
CHECK,reconstructed_length_exact,112,112
CHECK,reconstructed_packet_exact,1,1
CHECK,loaded_packet_ok,0,0
CHECK,reconstruction_matches_durable_raw,1,1
CHECK,observer_complete,0,0
CHECK,all_values_exact,0,0
CHECK,observer_tail_untouched,31337,31337
CHECK,metadata_exact,1,1
CHECK,reconstructed_length_exact,112,112
CHECK,reconstructed_packet_exact,1,1
CHECK,loaded_packet_ok,0,0
CHECK,reconstruction_matches_durable_raw,1,1
CHECK,observer_complete,0,0
CHECK,all_values_exact,0,0
CHECK,observer_tail_untouched,31337,31337
CHECK,metadata_exact,1,1
CHECK,reconstructed_length_exact,67,67
CHECK,reconstructed_packet_exact,1,1
CHECK,loaded_packet_ok,0,0
CHECK,reconstruction_matches_durable_raw,1,1
CHECK,observer_complete,0,0
CHECK,all_values_exact,0,0
CHECK,observer_tail_untouched,31337,31337
CHECK,metadata_exact,1,1
CHECK,reconstructed_length_exact,12352,12352
CHECK,reconstructed_packet_exact,1,1
CHECK,loaded_packet_ok,0,0
CHECK,reconstruction_matches_durable_raw,1,1
CHECK,observer_complete,0,0
CHECK,all_values_exact,0,0
CHECK,observer_tail_untouched,31337,31337
CHECK,metadata_exact,1,1
CHECK,reconstructed_length_exact,12352,12352
CHECK,reconstructed_packet_exact,1,1
CHECK,loaded_packet_ok,0,0
CHECK,reconstruction_matches_durable_raw,1,1
CHECK,pcm_order_twins_distinct,0,0
CHECK,rgb_order_twins_distinct,0,0
CHECK,pcm_twin_equal_sum,1,1
CHECK,rgb_twin_equal_sum,1566720,1566720
N14_CHILD_COUNTS,70,0
N14_CHILD_PASS
