znc: warning: zagd unavailable; foreground compilation continues without background planning
warning[E0101]: adding 0 has no effect
  --> genseal6.zag:124
   = note: in function `gen_direct`: this addition always returns the other operand unchanged
   = hint: remove the `+ 0`
warning[E0101]: adding 0 has no effect
  --> genseal6.zag:124
   = note: in function `gen_direct`: this addition always returns the other operand unchanged
   = hint: remove the `+ 0`
warning[E0101]: adding 0 has no effect
  --> genseal6.zag:141
   = note: in function `gen_neg`: this addition always returns the other operand unchanged
   = hint: remove the `+ 0`
warning[E0101]: adding 0 has no effect
  --> genseal6.zag:141
   = note: in function `gen_neg`: this addition always returns the other operand unchanged
   = hint: remove the `+ 0`
warning[E0101]: adding 0 has no effect
  --> genseal6.zag:160
   = note: in function `gen_rel`: this addition always returns the other operand unchanged
   = hint: remove the `+ 0`
warning[E0101]: adding 0 has no effect
  --> genseal6.zag:160
   = note: in function `gen_rel`: this addition always returns the other operand unchanged
   = hint: remove the `+ 0`
warning[E0101]: adding 0 has no effect
  --> genseal6.zag:160
   = note: in function `gen_rel`: this addition always returns the other operand unchanged
   = hint: remove the `+ 0`
warning[E0101]: adding 0 has no effect
  --> genseal6.zag:182
   = note: in function `gen_size`: this addition always returns the other operand unchanged
   = hint: remove the `+ 0`
warning[E0101]: adding 0 has no effect
  --> genseal6.zag:182
   = note: in function `gen_size`: this addition always returns the other operand unchanged
   = hint: remove the `+ 0`
znc: analyzer found 9 issue(s) (warnings above; use --analyze-strict to fail the build, --no-analyze to silence)
