CLEAN_SUITE,start
CL_CHECK,g1_budget_zero_no_explore,0,0
CL_CHECK,g1_budget_zero_obj_is_best,0,0
CL_CHECK,g1_budget_zero_stays_zero,0,0
CL_CHECK,g1_budget_zero_explores,0,0
CL_CHECK,g1_uncertain_explore,1,1
CL_CHECK,g1_uncertain_flip,1,1
CL_CHECK,g1_uncertain_spend,4,4
CL_CHECK,g1_uncertain_count,1,1
CL_CHECK,g1_margin_200_explores,1,1
CL_CHECK,g1_margin_300_no_explore,0,0
CL_CHECK,g1_streak3_setup_margin,600,600
CL_CHECK,g1_streak3_predicate,1,1
CL_CHECK,g1_streak3_choose_explore,1,1
CL_CHECK,g1_streak3_choose_obj,1,1
CL_CHECK,g1_streak3_spend,4,4
CL_CHECK,g1_streak2_no_explore,0,0
CL_CHECK,g1_disabled_predicate,0,0
CL_CHECK,g1_disabled_choose,0,0
CL_CHECK,g1_disabled_budget_untouched,5,5
CL_CHECK,g1_tiebreak_even,0,0
CL_CHECK,g1_tiebreak_odd,1,1
CL_CHECK,g1_tiebreak_even2,0,0
CL_CHECK,g2_identical_states_equal,1,1
CL_CHECK,g2_identical_fp,995564,995564
CL_CHECK,g2_updates_counted,50,50
CL_CHECK,g2_resume_encode,0,0
CL_CHECK,g2_resume_decode,0,0
CL_CHECK,g2_resume_equal,1,1
CL_CHECK,g3_update_exact_score,100,100
CL_CHECK,g3_update_exact_count,1,1
CL_CHECK,g3_update_exact_updates,1,1
CL_CHECK,g3_update_streak_reset,0,0
CL_CHECK,g3_negative_score,0,0
CL_CHECK,g3_negative_streak,1,1
CL_CHECK,g3_no_drift_updates,0,0
CL_CHECK,g3_no_drift_score,0,0
CL_CHECK,g3_no_drift_outcomes,2,2
CL_CHECK,g3_update_clamped,30000,30000
CL_CHECK,g3_encode_ok,0,0
CL_CHECK,g3_decode_ok,0,0
CL_CHECK,g3_roundtrip_equal,1,1
CL_CHECK,g3_roundtrip_s01,30000,30000
CL_CHECK,g3_roundtrip_budget,9,9
CL_CHECK,g3_roundtrip_explores,0,0
CL_CHECK,g3_roundtrip_streak,0,0
CL_CHECK,g3_fp_stable,302,302
CL_CHECK,g3_fp_sensitive,1,1
CL_CHECK,g3_set_budget_bad_neg,2001,2001
CL_CHECK,g3_set_budget_bad_big,2001,2001
CL_CHECK,g3_set_budget_ok,0,0
CL_CHECK,g3_set_budget_value,7,7
CL_CHECK,g3_init_clamp_neg,0,0
CL_CHECK,g3_init_clamp_big,1000000,1000000
CL_CHECK,g3_corrupt_refused,2005,2005
CL_CHECK,g4_exactly_budget_explores,4,4
CL_CHECK,g4_budget_zero,0,0
CL_CHECK,g4_explores_count,4,4
CL_CHECK,g4_exhausted_no_explore,0,0
CL_CHECK,g4_exhausted_obj_is_best,0,0
CLEAN_FAILURES,0
