=== ARM T1 SEED 7 ===
> OBSERVE
< INSTANCES 18
< PAIR z4 z6 1
< PAIR z0 z1 1
< PAIR z1 z2 1
< PAIR z2 z3 1
< PAIR z3 z4 1
< PAIR z7 z8 1
< PAIR z8 z9 1
< PAIR z4 z7 1
< PAIR z4 z8 1
< PAIR z5 z7 1
< PAIR z5 z8 1
< PAIR z6 z8 1
< PAIR z3 z5 1
< PAIR z5 z4 0
< PAIR z6 z5 0
< PAIR z7 z6 0
< PAIR z9 z0 0
< PAIR z8 z1 0
< NATTRS 10
< ATTR z0 3 8 1
< ATTR z1 7 2 9
< ATTR z2 1 5 4
< ATTR z3 9 0 7
< ATTR z4 4 6 2
< ATTR z5 0 9 5
< ATTR z6 8 3 0
< ATTR z7 2 7 8
< ATTR z8 5 1 6
< ATTR z9 6 4 3
< PROBE_EXCEPT 0
< END_OBSERVE
> TEST_PAIR z4 z6 1
> TEST_PAIR z0 z1 1
> TEST_PAIR z1 z2 1
> TEST_PAIR z2 z3 1
> TEST_PAIR z3 z4 1
> TEST_PAIR z7 z8 1
> TEST_PAIR z8 z9 1
> TEST_PAIR z4 z7 1
> TEST_PAIR z4 z8 1
> TEST_PAIR z5 z7 1
> TEST_PAIR z5 z8 1
> TEST_PAIR z6 z8 1
> TEST_PAIR z3 z5 1
> TEST_PAIR z5 z4 0
> TEST_PAIR z6 z5 0
> TEST_PAIR z7 z6 0
> TEST_PAIR z9 z0 0
> TEST_PAIR z8 z1 0
< ACCEPT
< ACCEPT
< ACCEPT
< ACCEPT
< ACCEPT
< ACCEPT
< ACCEPT
< ACCEPT
< ACCEPT
< ACCEPT
< ACCEPT
< ACCEPT
< ACCEPT
< ACCEPT
< ACCEPT
< ACCEPT
< ACCEPT
< ACCEPT
> TEST_PAIR z4 z6 0
> TEST_PAIR z0 z1 1
> TEST_PAIR z1 z2 1
> TEST_PAIR z2 z3 1
> TEST_PAIR z3 z4 1
> TEST_PAIR z7 z8 1
> TEST_PAIR z8 z9 1
> TEST_PAIR z4 z7 1
> TEST_PAIR z4 z8 1
> TEST_PAIR z5 z7 1
> TEST_PAIR z5 z8 1
> TEST_PAIR z6 z8 1
> TEST_PAIR z3 z5 1
> TEST_PAIR z5 z4 0
> TEST_PAIR z6 z5 0
> TEST_PAIR z7 z6 0
> TEST_PAIR z9 z0 0
> TEST_PAIR z8 z1 0
< REJECT
< ACCEPT
< ACCEPT
< ACCEPT
< ACCEPT
< ACCEPT
< ACCEPT
< ACCEPT
< ACCEPT
< ACCEPT
< ACCEPT
< ACCEPT
< ACCEPT
< ACCEPT
< ACCEPT
< ACCEPT
< ACCEPT
< ACCEPT
> TEST_PAIR z4 z6 1
> TEST_PAIR z0 z1 0
> TEST_PAIR z1 z2 1
> TEST_PAIR z2 z3 1
> TEST_PAIR z3 z4 1
> TEST_PAIR z7 z8 1
> TEST_PAIR z8 z9 1
> TEST_PAIR z4 z7 1
> TEST_PAIR z4 z8 1
> TEST_PAIR z5 z7 1
> TEST_PAIR z5 z8 1
> TEST_PAIR z6 z8 1
> TEST_PAIR z3 z5 1
> TEST_PAIR z5 z4 0
> TEST_PAIR z6 z5 0
> TEST_PAIR z7 z6 0
> TEST_PAIR z9 z0 0
> TEST_PAIR z8 z1 0
< ACCEPT
< REJECT
< ACCEPT
< ACCEPT
< ACCEPT
< ACCEPT
< ACCEPT
< ACCEPT
< ACCEPT
< ACCEPT
< ACCEPT
< ACCEPT
< ACCEPT
< ACCEPT
< ACCEPT
< ACCEPT
< ACCEPT
< ACCEPT
> TEST_PAIR z4 z6 1
> TEST_PAIR z0 z1 1
> TEST_PAIR z1 z2 0
> TEST_PAIR z2 z3 1
> TEST_PAIR z3 z4 1
> TEST_PAIR z7 z8 1
> TEST_PAIR z8 z9 1
> TEST_PAIR z4 z7 1
> TEST_PAIR z4 z8 1
> TEST_PAIR z5 z7 1
> TEST_PAIR z5 z8 1
> TEST_PAIR z6 z8 1
> TEST_PAIR z3 z5 1
> TEST_PAIR z5 z4 0
> TEST_PAIR z6 z5 0
> TEST_PAIR z7 z6 0
> TEST_PAIR z9 z0 0
> TEST_PAIR z8 z1 0
< ACCEPT
< ACCEPT
< REJECT
< ACCEPT
< ACCEPT
< ACCEPT
< ACCEPT
< ACCEPT
< ACCEPT
< ACCEPT
< ACCEPT
< ACCEPT
< ACCEPT
< ACCEPT
< ACCEPT
< ACCEPT
< ACCEPT
< ACCEPT
> TEST_PAIR z4 z6 1
> TEST_PAIR z0 z1 1
> TEST_PAIR z1 z2 1
> TEST_PAIR z2 z3 0
> TEST_PAIR z3 z4 1
> TEST_PAIR z7 z8 1
> TEST_PAIR z8 z9 1
> TEST_PAIR z4 z7 1
> TEST_PAIR z4 z8 1
> TEST_PAIR z5 z7 1
> TEST_PAIR z5 z8 1
> TEST_PAIR z6 z8 1
> TEST_PAIR z3 z5 1
> TEST_PAIR z5 z4 0
> TEST_PAIR z6 z5 0
> TEST_PAIR z7 z6 0
> TEST_PAIR z9 z0 0
> TEST_PAIR z8 z1 0
< ACCEPT
< ACCEPT
< ACCEPT
< REJECT
< ACCEPT
< ACCEPT
< ACCEPT
< ACCEPT
< ACCEPT
< ACCEPT
< ACCEPT
< ACCEPT
< ACCEPT
< ACCEPT
< ACCEPT
< ACCEPT
< ACCEPT
< ACCEPT
> TEST_PAIR z4 z6 1
> TEST_PAIR z0 z1 1
> TEST_PAIR z1 z2 1
> TEST_PAIR z2 z3 1
> TEST_PAIR z3 z4 0
> TEST_PAIR z7 z8 1
> TEST_PAIR z8 z9 1
> TEST_PAIR z4 z7 1
> TEST_PAIR z4 z8 1
> TEST_PAIR z5 z7 1
> TEST_PAIR z5 z8 1
> TEST_PAIR z6 z8 1
> TEST_PAIR z3 z5 1
> TEST_PAIR z5 z4 0
> TEST_PAIR z6 z5 0
> TEST_PAIR z7 z6 0
> TEST_PAIR z9 z0 0
> TEST_PAIR z8 z1 0
< ACCEPT
< ACCEPT
< ACCEPT
< ACCEPT
< REJECT
< ACCEPT
< ACCEPT
< ACCEPT
< ACCEPT
< ACCEPT
< ACCEPT
< ACCEPT
< ACCEPT
< ACCEPT
< ACCEPT
< ACCEPT
< ACCEPT
< ACCEPT
> TEST_PAIR z4 z6 1
> TEST_PAIR z0 z1 1
> TEST_PAIR z1 z2 1
> TEST_PAIR z2 z3 1
> TEST_PAIR z3 z4 1
> TEST_PAIR z7 z8 0
> TEST_PAIR z8 z9 1
> TEST_PAIR z4 z7 1
> TEST_PAIR z4 z8 1
> TEST_PAIR z5 z7 1
> TEST_PAIR z5 z8 1
> TEST_PAIR z6 z8 1
> TEST_PAIR z3 z5 1
> TEST_PAIR z5 z4 0
> TEST_PAIR z6 z5 0
> TEST_PAIR z7 z6 0
> TEST_PAIR z9 z0 0
> TEST_PAIR z8 z1 0
< ACCEPT
< ACCEPT
< ACCEPT
< ACCEPT
< ACCEPT
< REJECT
< ACCEPT
< ACCEPT
< ACCEPT
< ACCEPT
< ACCEPT
< ACCEPT
< ACCEPT
< ACCEPT
< ACCEPT
< ACCEPT
< ACCEPT
< ACCEPT
> TEST_PAIR z4 z6 1
> TEST_PAIR z0 z1 1
> TEST_PAIR z1 z2 1
> TEST_PAIR z2 z3 1
> TEST_PAIR z3 z4 1
> TEST_PAIR z7 z8 1
> TEST_PAIR z8 z9 0
> TEST_PAIR z4 z7 1
> TEST_PAIR z4 z8 1
> TEST_PAIR z5 z7 1
> TEST_PAIR z5 z8 1
> TEST_PAIR z6 z8 1
> TEST_PAIR z3 z5 1
> TEST_PAIR z5 z4 0
> TEST_PAIR z6 z5 0
> TEST_PAIR z7 z6 0
> TEST_PAIR z9 z0 0
> TEST_PAIR z8 z1 0
< ACCEPT
< ACCEPT
< ACCEPT
< ACCEPT
< ACCEPT
< ACCEPT
< REJECT
< ACCEPT
< ACCEPT
< ACCEPT
< ACCEPT
< ACCEPT
< ACCEPT
< ACCEPT
< ACCEPT
< ACCEPT
< ACCEPT
< ACCEPT
> TEST_PAIR z4 z6 1
> TEST_PAIR z0 z1 1
> TEST_PAIR z1 z2 1
> TEST_PAIR z2 z3 1
> TEST_PAIR z3 z4 1
> TEST_PAIR z7 z8 1
> TEST_PAIR z8 z9 1
> TEST_PAIR z4 z7 0
> TEST_PAIR z4 z8 1
> TEST_PAIR z5 z7 1
> TEST_PAIR z5 z8 1
> TEST_PAIR z6 z8 1
> TEST_PAIR z3 z5 1
> TEST_PAIR z5 z4 0
> TEST_PAIR z6 z5 0
> TEST_PAIR z7 z6 0
> TEST_PAIR z9 z0 0
> TEST_PAIR z8 z1 0
< ACCEPT
< ACCEPT
< ACCEPT
< ACCEPT
< ACCEPT
< ACCEPT
< ACCEPT
< REJECT
< ACCEPT
< ACCEPT
< ACCEPT
< ACCEPT
< ACCEPT
< ACCEPT
< ACCEPT
< ACCEPT
< ACCEPT
< ACCEPT
> TEST_PAIR z4 z6 1
> TEST_PAIR z0 z1 1
> TEST_PAIR z1 z2 1
> TEST_PAIR z2 z3 1
> TEST_PAIR z3 z4 1
> TEST_PAIR z7 z8 1
> TEST_PAIR z8 z9 1
> TEST_PAIR z4 z7 1
> TEST_PAIR z4 z8 1
> TEST_PAIR z5 z7 1
> TEST_PAIR z5 z8 1
> TEST_PAIR z6 z8 1
> TEST_PAIR z3 z5 1
> TEST_PAIR z5 z4 0
> TEST_PAIR z6 z5 0
> TEST_PAIR z7 z6 0
> TEST_PAIR z9 z0 0
> TEST_PAIR z8 z1 0
< ACCEPT
< ACCEPT
< ACCEPT
< ACCEPT
< ACCEPT
< ACCEPT
< ACCEPT
< ACCEPT
< ACCEPT
< ACCEPT
< ACCEPT
< ACCEPT
< ACCEPT
< ACCEPT
< ACCEPT
< ACCEPT
< ACCEPT
< ACCEPT
> TEST_PAIR z4 z6 1
> TEST_PAIR z0 z1 1
> TEST_PAIR z1 z2 1
> TEST_PAIR z2 z3 1
> TEST_PAIR z3 z4 1
> TEST_PAIR z7 z8 1
> TEST_PAIR z8 z9 1
> TEST_PAIR z4 z7 1
> TEST_PAIR z4 z8 1
> TEST_PAIR z5 z7 0
> TEST_PAIR z5 z8 1
> TEST_PAIR z6 z8 1
> TEST_PAIR z3 z5 1
> TEST_PAIR z5 z4 0
> TEST_PAIR z6 z5 0
> TEST_PAIR z7 z6 0
> TEST_PAIR z9 z0 0
> TEST_PAIR z8 z1 0
< ACCEPT
< ACCEPT
< ACCEPT
< ACCEPT
< ACCEPT
< ACCEPT
< ACCEPT
< ACCEPT
< ACCEPT
< REJECT
< ACCEPT
< ACCEPT
< ACCEPT
< ACCEPT
< ACCEPT
< ACCEPT
< ACCEPT
< ACCEPT
> TEST_PAIR z4 z6 1
> TEST_PAIR z0 z1 1
> TEST_PAIR z1 z2 1
> TEST_PAIR z2 z3 1
> TEST_PAIR z3 z4 1
> TEST_PAIR z7 z8 1
> TEST_PAIR z8 z9 1
> TEST_PAIR z4 z7 1
> TEST_PAIR z4 z8 1
> TEST_PAIR z5 z7 1
> TEST_PAIR z5 z8 1
> TEST_PAIR z6 z8 1
> TEST_PAIR z3 z5 1
> TEST_PAIR z5 z4 0
> TEST_PAIR z6 z5 0
> TEST_PAIR z7 z6 0
> TEST_PAIR z9 z0 0
> TEST_PAIR z8 z1 0
< ACCEPT
< ACCEPT
< ACCEPT
< ACCEPT
< ACCEPT
< ACCEPT
< ACCEPT
< ACCEPT
< ACCEPT
< ACCEPT
< ACCEPT
< ACCEPT
< ACCEPT
< ACCEPT
< ACCEPT
< ACCEPT
< ACCEPT
< ACCEPT
> TEST_PAIR z4 z6 1
> TEST_PAIR z0 z1 1
> TEST_PAIR z1 z2 1
> TEST_PAIR z2 z3 1
> TEST_PAIR z3 z4 1
> TEST_PAIR z7 z8 1
> TEST_PAIR z8 z9 1
> TEST_PAIR z4 z7 1
> TEST_PAIR z4 z8 1
> TEST_PAIR z5 z7 1
> TEST_PAIR z5 z8 1
> TEST_PAIR z6 z8 0
> TEST_PAIR z3 z5 1
> TEST_PAIR z5 z4 0
> TEST_PAIR z6 z5 0
> TEST_PAIR z7 z6 0
> TEST_PAIR z9 z0 0
> TEST_PAIR z8 z1 0
< ACCEPT
< ACCEPT
< ACCEPT
< ACCEPT
< ACCEPT
< ACCEPT
< ACCEPT
< ACCEPT
< ACCEPT
< ACCEPT
< ACCEPT
< REJECT
< ACCEPT
< ACCEPT
< ACCEPT
< ACCEPT
< ACCEPT
< ACCEPT
> TEST_PAIR z4 z6 1
> TEST_PAIR z0 z1 1
> TEST_PAIR z1 z2 1
> TEST_PAIR z2 z3 1
> TEST_PAIR z3 z4 1
> TEST_PAIR z7 z8 1
> TEST_PAIR z8 z9 1
> TEST_PAIR z4 z7 1
> TEST_PAIR z4 z8 1
> TEST_PAIR z5 z7 1
> TEST_PAIR z5 z8 1
> TEST_PAIR z6 z8 1
> TEST_PAIR z3 z5 0
> TEST_PAIR z5 z4 0
> TEST_PAIR z6 z5 0
> TEST_PAIR z7 z6 0
> TEST_PAIR z9 z0 0
> TEST_PAIR z8 z1 0
< ACCEPT
< ACCEPT
< ACCEPT
< ACCEPT
< ACCEPT
< ACCEPT
< ACCEPT
< ACCEPT
< ACCEPT
< ACCEPT
< ACCEPT
< ACCEPT
< REJECT
< ACCEPT
< ACCEPT
< ACCEPT
< ACCEPT
< ACCEPT
> TEST_PAIR z4 z6 1
> TEST_PAIR z0 z1 1
> TEST_PAIR z1 z2 1
> TEST_PAIR z2 z3 1
> TEST_PAIR z3 z4 1
> TEST_PAIR z7 z8 1
> TEST_PAIR z8 z9 1
> TEST_PAIR z4 z7 1
> TEST_PAIR z4 z8 1
> TEST_PAIR z5 z7 1
> TEST_PAIR z5 z8 1
> TEST_PAIR z6 z8 1
> TEST_PAIR z3 z5 1
> TEST_PAIR z5 z4 1
> TEST_PAIR z6 z5 0
> TEST_PAIR z7 z6 1
> TEST_PAIR z9 z0 0
> TEST_PAIR z8 z1 0
> TEST_PAIR z4 z6 1
> TEST_PAIR z0 z1 1
> TEST_PAIR z1 z2 1
> TEST_PAIR z2 z3 1
> TEST_PAIR z3 z4 1
> TEST_PAIR z7 z8 1
> TEST_PAIR z8 z9 1
> TEST_PAIR z4 z7 1
> TEST_PAIR z4 z8 1
> TEST_PAIR z5 z7 1
> TEST_PAIR z5 z8 1
> TEST_PAIR z6 z8 1
> TEST_PAIR z3 z5 1
> TEST_PAIR z5 z4 0
> TEST_PAIR z6 z5 0
> TEST_PAIR z7 z6 1
> TEST_PAIR z9 z0 0
> TEST_PAIR z8 z1 0
> TEST_PAIR z4 z6 1
> TEST_PAIR z0 z1 1
> TEST_PAIR z1 z2 1
> TEST_PAIR z2 z3 1
> TEST_PAIR z3 z4 1
> TEST_PAIR z7 z8 1
> TEST_PAIR z8 z9 1
> TEST_PAIR z4 z7 1
> TEST_PAIR z4 z8 1
> TEST_PAIR z5 z7 1
> TEST_PAIR z5 z8 1
> TEST_PAIR z6 z8 1
> TEST_PAIR z3 z5 1
> TEST_PAIR z5 z4 1
> TEST_PAIR z6 z5 0
> TEST_PAIR z7 z6 0
> TEST_PAIR z9 z0 0
> TEST_PAIR z8 z1 0
> TEST_PAIR z4 z6 1
> TEST_PAIR z0 z1 1
> TEST_PAIR z1 z2 1
> TEST_PAIR z2 z3 1
> TEST_PAIR z3 z4 1
> TEST_PAIR z7 z8 1
> TEST_PAIR z8 z9 1
> TEST_PAIR z4 z7 1
> TEST_PAIR z4 z8 1
> TEST_PAIR z5 z7 1
> TEST_PAIR z5 z8 1
> TEST_PAIR z6 z8 1
> TEST_PAIR z3 z5 1
> TEST_PAIR z5 z4 0
> TEST_PAIR z6 z5 0
> TEST_PAIR z7 z6 0
> TEST_PAIR z9 z0 0
> TEST_PAIR z8 z1 0
> TEST_PAIR z4 z6 1
> TEST_PAIR z0 z1 1
> TEST_PAIR z1 z2 1
> TEST_PAIR z2 z3 1
> TEST_PAIR z3 z4 1
> TEST_PAIR z7 z8 1
> TEST_PAIR z8 z9 1
> TEST_PAIR z4 z7 1
> TEST_PAIR z4 z8 1
> TEST_PAIR z5 z7 1
> TEST_PAIR z5 z8 1
> TEST_PAIR z6 z8 1
> TEST_PAIR z3 z5 1
> TEST_PAIR z5 z4 1
> TEST_PAIR z6 z5 1
> TEST_PAIR z7 z6 1
> TEST_PAIR z9 z0 0
> TEST_PAIR z8 z1 0
> TEST_PAIR z4 z6 1
> TEST_PAIR z0 z1 1
> TEST_PAIR z1 z2 1
> TEST_PAIR z2 z3 1
> TEST_PAIR z3 z4 1
> TEST_PAIR z7 z8 1
> TEST_PAIR z8 z9 1
> TEST_PAIR z4 z7 1
> TEST_PAIR z4 z8 1
> TEST_PAIR z5 z7 1
> TEST_PAIR z5 z8 1
> TEST_PAIR z6 z8 1
> TEST_PAIR z3 z5 1
> TEST_PAIR z5 z4 0
> TEST_PAIR z6 z5 1
> TEST_PAIR z7 z6 1
> TEST_PAIR z9 z0 0
> TEST_PAIR z8 z1 0
> TEST_PAIR z4 z6 1
> TEST_PAIR z0 z1 1
> TEST_PAIR z1 z2 1
> TEST_PAIR z2 z3 1
> TEST_PAIR z3 z4 1
> TEST_PAIR z7 z8 1
> TEST_PAIR z8 z9 1
> TEST_PAIR z4 z7 1
> TEST_PAIR z4 z8 1
> TEST_PAIR z5 z7 1
> TEST_PAIR z5 z8 1
> TEST_PAIR z6 z8 1
> TEST_PAIR z3 z5 1
> TEST_PAIR z5 z4 1
> TEST_PAIR z6 z5 1
> TEST_PAIR z7 z6 0
> TEST_PAIR z9 z0 0
> TEST_PAIR z8 z1 0
> TEST_PAIR z4 z6 1
> TEST_PAIR z0 z1 1
> TEST_PAIR z1 z2 1
> TEST_PAIR z2 z3 1
> TEST_PAIR z3 z4 1
> TEST_PAIR z7 z8 1
> TEST_PAIR z8 z9 1
> TEST_PAIR z4 z7 1
> TEST_PAIR z4 z8 1
> TEST_PAIR z5 z7 1
> TEST_PAIR z5 z8 1
> TEST_PAIR z6 z8 1
> TEST_PAIR z3 z5 1
> TEST_PAIR z5 z4 0
> TEST_PAIR z6 z5 1
> TEST_PAIR z7 z6 0
> TEST_PAIR z9 z0 0
> TEST_PAIR z8 z1 0
< ACCEPT
< ACCEPT
< ACCEPT
< ACCEPT
< ACCEPT
< ACCEPT
< ACCEPT
< ACCEPT
< ACCEPT
< ACCEPT
< ACCEPT
< ACCEPT
< ACCEPT
< REJECT
< ACCEPT
< REJECT
< ACCEPT
< ACCEPT
< ACCEPT
< ACCEPT
< ACCEPT
< ACCEPT
< ACCEPT
< ACCEPT
< ACCEPT
< ACCEPT
< ACCEPT
< ACCEPT
< ACCEPT
< ACCEPT
< ACCEPT
< ACCEPT
< ACCEPT
< REJECT
< ACCEPT
< ACCEPT
< ACCEPT
< ACCEPT
< ACCEPT
< ACCEPT
< ACCEPT
< ACCEPT
< ACCEPT
< ACCEPT
< ACCEPT
< ACCEPT
< ACCEPT
< ACCEPT
< ACCEPT
< REJECT
< ACCEPT
< ACCEPT
< ACCEPT
< ACCEPT
< ACCEPT
< ACCEPT
< ACCEPT
< ACCEPT
< ACCEPT
< ACCEPT
< ACCEPT
< ACCEPT
< ACCEPT
< ACCEPT
< ACCEPT
< ACCEPT
< ACCEPT
< ACCEPT
< ACCEPT
< ACCEPT
< ACCEPT
< ACCEPT
< ACCEPT
< ACCEPT
< ACCEPT
< ACCEPT
< ACCEPT
< ACCEPT
< ACCEPT
< ACCEPT
< ACCEPT
< ACCEPT
< ACCEPT
< ACCEPT
< ACCEPT
< REJECT
< REJECT
< REJECT
< ACCEPT
< ACCEPT
< ACCEPT
< ACCEPT
< ACCEPT
< ACCEPT
< ACCEPT
< ACCEPT
< ACCEPT
< ACCEPT
< ACCEPT
< ACCEPT
< ACCEPT
< ACCEPT
< ACCEPT
< ACCEPT
< REJECT
< REJECT
< ACCEPT
< ACCEPT
< ACCEPT
< ACCEPT
< ACCEPT
< ACCEPT
< ACCEPT
< ACCEPT
< ACCEPT
< ACCEPT
< ACCEPT
< ACCEPT
< ACCEPT
< ACCEPT
< ACCEPT
< REJECT
< REJECT
< ACCEPT
< ACCEPT
< ACCEPT
< ACCEPT
< ACCEPT
< ACCEPT
< ACCEPT
< ACCEPT
< ACCEPT
< ACCEPT
< ACCEPT
< ACCEPT
< ACCEPT
< ACCEPT
< ACCEPT
< ACCEPT
< ACCEPT
< REJECT
< ACCEPT
< ACCEPT
< ACCEPT
> TEST_PAIR z4 z5 0
> TEST_PAIR z4 z5 1
< REJECT
< ACCEPT
> COMMIT G 1 0 12
> EDGE z4 z6
> EDGE z0 z1
> EDGE z1 z2
> EDGE z2 z3
> EDGE z3 z4
> EDGE z7 z8
> EDGE z8 z9
> EDGE z4 z7
> EDGE z5 z7
> EDGE z6 z8
> EDGE z3 z5
> EDGE z4 z5
> COMMIT_END
< COMMIT_OK
> HELDOUT_A
< PAIRS 6
< PAIR z4 z5
< PAIR z5 z6
< PAIR z6 z7
< PAIR z3 z6
< PAIR z2 z8
< PAIR z0 z7
> TEST_PAIR z4 z5 1
> TEST_PAIR z5 z6 0
> TEST_PAIR z6 z7 0
> TEST_PAIR z3 z6 1
> TEST_PAIR z2 z8 1
> TEST_PAIR z0 z7 1
< ACCEPT
< REJECT
< REJECT
< ACCEPT
< ACCEPT
< ACCEPT
ARM T1 complete after 44 iterations
=== ARM T2 SEED 7 ===
> HELDOUT_B
< PAIRS 6
< PAIR z4 z5
< PAIR z5 z6
< PAIR z6 z7
< PAIR z3 z7
< PAIR z1 z8
< PAIR z8 z0
> TEST_PAIR z4 z5 1
> TEST_PAIR z5 z6 0
> TEST_PAIR z6 z7 0
> TEST_PAIR z3 z7 1
> TEST_PAIR z1 z8 1
> TEST_PAIR z8 z0 0
< ACCEPT
< REJECT
< REJECT
< ACCEPT
< ACCEPT
< ACCEPT
ARM T2 complete after 5 iterations
=== ARM T3 SEED 7 ===
> TEST_RANK z0 z1 z2 z3 z4 z5 z6 z7 z8 z9
< RANK_ACCEPT
ARM T3 complete after 4 iterations
=== ARM C5 SEED 7 ===
> TEST_RANK z4 z6 z0 z1 z2 z3 z7 z8 z9 z5
< RANK_REJECT
ARM C5 complete after 3 iterations
=== ARM T4 SEED 7 ===
> TEST_PAIR z4 z6 1
> TEST_PAIR z0 z1 1
> TEST_PAIR z1 z2 1
> TEST_PAIR z2 z3 1
> TEST_PAIR z3 z4 1
> TEST_PAIR z7 z8 1
< REJECT
< ACCEPT
< ACCEPT
< ACCEPT
< ACCEPT
< ACCEPT
> OBSERVE
< INSTANCES 18
< PAIR z4 z6 0
< PAIR z0 z1 1
< PAIR z1 z2 1
< PAIR z2 z3 1
< PAIR z3 z6 1
< PAIR z7 z8 1
< PAIR z8 z9 1
< PAIR z6 z5 1
< PAIR z3 z4 1
< PAIR z4 z7 1
< PAIR z0 z9 1
< PAIR z1 z8 1
< PAIR z5 z9 1
< PAIR z2 z8 1
< PAIR z5 z4 0
< PAIR z7 z5 0
< PAIR z9 z0 0
< PAIR z8 z1 0
< NATTRS 10
< ATTR z0 5 1 8
< ATTR z1 2 9 3
< ATTR z2 8 4 0
< ATTR z3 1 6 9
< ATTR z6 0 3 7
< ATTR z4 9 0 4
< ATTR z5 4 7 1
< ATTR z7 7 8 2
< ATTR z8 3 5 6
< ATTR z9 6 2 5
< PROBE_EXCEPT 0
< END_OBSERVE
> TEST_PAIR z4 z6 0
> TEST_PAIR z0 z1 1
> TEST_PAIR z1 z2 1
> TEST_PAIR z2 z3 1
> TEST_PAIR z3 z6 1
> TEST_PAIR z7 z8 1
> TEST_PAIR z8 z9 1
> TEST_PAIR z6 z5 1
> TEST_PAIR z3 z4 1
> TEST_PAIR z4 z7 1
> TEST_PAIR z0 z9 1
> TEST_PAIR z1 z8 1
> TEST_PAIR z5 z9 1
> TEST_PAIR z2 z8 1
> TEST_PAIR z5 z4 0
> TEST_PAIR z7 z5 0
> TEST_PAIR z9 z0 0
> TEST_PAIR z8 z1 0
< ACCEPT
< ACCEPT
< ACCEPT
< ACCEPT
< ACCEPT
< ACCEPT
< ACCEPT
< ACCEPT
< ACCEPT
< ACCEPT
< ACCEPT
< ACCEPT
< ACCEPT
< ACCEPT
< ACCEPT
< ACCEPT
< ACCEPT
< ACCEPT
> TEST_PAIR z4 z6 0
> TEST_PAIR z0 z1 0
> TEST_PAIR z1 z2 1
> TEST_PAIR z2 z3 1
> TEST_PAIR z3 z6 1
> TEST_PAIR z7 z8 1
> TEST_PAIR z8 z9 1
> TEST_PAIR z6 z5 1
> TEST_PAIR z3 z4 1
> TEST_PAIR z4 z7 1
> TEST_PAIR z0 z9 1
> TEST_PAIR z1 z8 1
> TEST_PAIR z5 z9 1
> TEST_PAIR z2 z8 1
> TEST_PAIR z5 z4 0
> TEST_PAIR z7 z5 0
> TEST_PAIR z9 z0 0
> TEST_PAIR z8 z1 0
< ACCEPT
< REJECT
< ACCEPT
< ACCEPT
< ACCEPT
< ACCEPT
< ACCEPT
< ACCEPT
< ACCEPT
< ACCEPT
< ACCEPT
< ACCEPT
< ACCEPT
< ACCEPT
< ACCEPT
< ACCEPT
< ACCEPT
< ACCEPT
> TEST_PAIR z4 z6 0
> TEST_PAIR z0 z1 1
> TEST_PAIR z1 z2 0
> TEST_PAIR z2 z3 1
> TEST_PAIR z3 z6 1
> TEST_PAIR z7 z8 1
> TEST_PAIR z8 z9 1
> TEST_PAIR z6 z5 1
> TEST_PAIR z3 z4 1
> TEST_PAIR z4 z7 1
> TEST_PAIR z0 z9 1
> TEST_PAIR z1 z8 1
> TEST_PAIR z5 z9 1
> TEST_PAIR z2 z8 1
> TEST_PAIR z5 z4 0
> TEST_PAIR z7 z5 0
> TEST_PAIR z9 z0 0
> TEST_PAIR z8 z1 0
< ACCEPT
< ACCEPT
< REJECT
< ACCEPT
< ACCEPT
< ACCEPT
< ACCEPT
< ACCEPT
< ACCEPT
< ACCEPT
< ACCEPT
< ACCEPT
< ACCEPT
< ACCEPT
< ACCEPT
< ACCEPT
< ACCEPT
< ACCEPT
> TEST_PAIR z4 z6 0
> TEST_PAIR z0 z1 1
> TEST_PAIR z1 z2 1
> TEST_PAIR z2 z3 0
> TEST_PAIR z3 z6 1
> TEST_PAIR z7 z8 1
> TEST_PAIR z8 z9 1
> TEST_PAIR z6 z5 1
> TEST_PAIR z3 z4 1
> TEST_PAIR z4 z7 1
> TEST_PAIR z0 z9 1
> TEST_PAIR z1 z8 1
> TEST_PAIR z5 z9 1
> TEST_PAIR z2 z8 1
> TEST_PAIR z5 z4 0
> TEST_PAIR z7 z5 0
> TEST_PAIR z9 z0 0
> TEST_PAIR z8 z1 0
< ACCEPT
< ACCEPT
< ACCEPT
< REJECT
< ACCEPT
< ACCEPT
< ACCEPT
< ACCEPT
< ACCEPT
< ACCEPT
< ACCEPT
< ACCEPT
< ACCEPT
< ACCEPT
< ACCEPT
< ACCEPT
< ACCEPT
< ACCEPT
> TEST_PAIR z4 z6 0
> TEST_PAIR z0 z1 1
> TEST_PAIR z1 z2 1
> TEST_PAIR z2 z3 1
> TEST_PAIR z3 z6 1
> TEST_PAIR z7 z8 1
> TEST_PAIR z8 z9 1
> TEST_PAIR z6 z5 1
> TEST_PAIR z3 z4 0
> TEST_PAIR z4 z7 1
> TEST_PAIR z0 z9 1
> TEST_PAIR z1 z8 1
> TEST_PAIR z5 z9 1
> TEST_PAIR z2 z8 1
> TEST_PAIR z5 z4 0
> TEST_PAIR z7 z5 0
> TEST_PAIR z9 z0 0
> TEST_PAIR z8 z1 0
< ACCEPT
< ACCEPT
< ACCEPT
< ACCEPT
< ACCEPT
< ACCEPT
< ACCEPT
< ACCEPT
< REJECT
< ACCEPT
< ACCEPT
< ACCEPT
< ACCEPT
< ACCEPT
< ACCEPT
< ACCEPT
< ACCEPT
< ACCEPT
> TEST_PAIR z4 z6 0
> TEST_PAIR z0 z1 1
> TEST_PAIR z1 z2 1
> TEST_PAIR z2 z3 1
> TEST_PAIR z3 z6 1
> TEST_PAIR z7 z8 0
> TEST_PAIR z8 z9 1
> TEST_PAIR z6 z5 1
> TEST_PAIR z3 z4 1
> TEST_PAIR z4 z7 1
> TEST_PAIR z0 z9 1
> TEST_PAIR z1 z8 1
> TEST_PAIR z5 z9 1
> TEST_PAIR z2 z8 1
> TEST_PAIR z5 z4 0
> TEST_PAIR z7 z5 0
> TEST_PAIR z9 z0 0
> TEST_PAIR z8 z1 0
< ACCEPT
< ACCEPT
< ACCEPT
< ACCEPT
< ACCEPT
< REJECT
< ACCEPT
< ACCEPT
< ACCEPT
< ACCEPT
< ACCEPT
< ACCEPT
< ACCEPT
< ACCEPT
< ACCEPT
< ACCEPT
< ACCEPT
< ACCEPT
> TEST_PAIR z4 z6 0
> TEST_PAIR z0 z1 1
> TEST_PAIR z1 z2 1
> TEST_PAIR z2 z3 1
> TEST_PAIR z3 z6 1
> TEST_PAIR z7 z8 1
> TEST_PAIR z8 z9 0
> TEST_PAIR z6 z5 1
> TEST_PAIR z3 z4 1
> TEST_PAIR z4 z7 1
> TEST_PAIR z0 z9 1
> TEST_PAIR z1 z8 1
> TEST_PAIR z5 z9 1
> TEST_PAIR z2 z8 1
> TEST_PAIR z5 z4 0
> TEST_PAIR z7 z5 0
> TEST_PAIR z9 z0 0
> TEST_PAIR z8 z1 0
< ACCEPT
< ACCEPT
< ACCEPT
< ACCEPT
< ACCEPT
< ACCEPT
< REJECT
< ACCEPT
< ACCEPT
< ACCEPT
< ACCEPT
< ACCEPT
< ACCEPT
< ACCEPT
< ACCEPT
< ACCEPT
< ACCEPT
< ACCEPT
> TEST_PAIR z4 z6 0
> TEST_PAIR z0 z1 1
> TEST_PAIR z1 z2 1
> TEST_PAIR z2 z3 1
> TEST_PAIR z3 z6 1
> TEST_PAIR z7 z8 1
> TEST_PAIR z8 z9 1
> TEST_PAIR z6 z5 1
> TEST_PAIR z3 z4 1
> TEST_PAIR z4 z7 1
> TEST_PAIR z0 z9 1
> TEST_PAIR z1 z8 1
> TEST_PAIR z5 z9 1
> TEST_PAIR z2 z8 1
> TEST_PAIR z5 z4 0
> TEST_PAIR z7 z5 0
> TEST_PAIR z9 z0 0
> TEST_PAIR z8 z1 0
< ACCEPT
< ACCEPT
< ACCEPT
< ACCEPT
< ACCEPT
< ACCEPT
< ACCEPT
< ACCEPT
< ACCEPT
< ACCEPT
< ACCEPT
< ACCEPT
< ACCEPT
< ACCEPT
< ACCEPT
< ACCEPT
< ACCEPT
< ACCEPT
> TEST_PAIR z4 z6 0
> TEST_PAIR z0 z1 1
> TEST_PAIR z1 z2 1
> TEST_PAIR z2 z3 1
> TEST_PAIR z3 z6 1
> TEST_PAIR z7 z8 1
> TEST_PAIR z8 z9 1
> TEST_PAIR z6 z5 1
> TEST_PAIR z3 z4 1
> TEST_PAIR z4 z7 0
> TEST_PAIR z0 z9 1
> TEST_PAIR z1 z8 1
> TEST_PAIR z5 z9 1
> TEST_PAIR z2 z8 1
> TEST_PAIR z5 z4 0
> TEST_PAIR z7 z5 0
> TEST_PAIR z9 z0 0
> TEST_PAIR z8 z1 0
< ACCEPT
< ACCEPT
< ACCEPT
< ACCEPT
< ACCEPT
< ACCEPT
< ACCEPT
< ACCEPT
< ACCEPT
< REJECT
< ACCEPT
< ACCEPT
< ACCEPT
< ACCEPT
< ACCEPT
< ACCEPT
< ACCEPT
< ACCEPT
> TEST_PAIR z4 z6 0
> TEST_PAIR z0 z1 1
> TEST_PAIR z1 z2 1
> TEST_PAIR z2 z3 1
> TEST_PAIR z3 z6 1
> TEST_PAIR z7 z8 1
> TEST_PAIR z8 z9 1
> TEST_PAIR z6 z5 1
> TEST_PAIR z3 z4 1
> TEST_PAIR z4 z7 1
> TEST_PAIR z0 z9 1
> TEST_PAIR z1 z8 1
> TEST_PAIR z5 z9 1
> TEST_PAIR z2 z8 1
> TEST_PAIR z5 z4 0
> TEST_PAIR z7 z5 0
> TEST_PAIR z9 z0 0
> TEST_PAIR z8 z1 0
< ACCEPT
< ACCEPT
< ACCEPT
< ACCEPT
< ACCEPT
< ACCEPT
< ACCEPT
< ACCEPT
< ACCEPT
< ACCEPT
< ACCEPT
< ACCEPT
< ACCEPT
< ACCEPT
< ACCEPT
< ACCEPT
< ACCEPT
< ACCEPT
> TEST_PAIR z4 z6 0
> TEST_PAIR z0 z1 1
> TEST_PAIR z1 z2 1
> TEST_PAIR z2 z3 1
> TEST_PAIR z3 z6 1
> TEST_PAIR z7 z8 1
> TEST_PAIR z8 z9 1
> TEST_PAIR z6 z5 1
> TEST_PAIR z3 z4 1
> TEST_PAIR z4 z7 1
> TEST_PAIR z0 z9 1
> TEST_PAIR z1 z8 1
> TEST_PAIR z5 z9 1
> TEST_PAIR z2 z8 1
> TEST_PAIR z5 z4 0
> TEST_PAIR z7 z5 0
> TEST_PAIR z9 z0 0
> TEST_PAIR z8 z1 0
< ACCEPT
< ACCEPT
< ACCEPT
< ACCEPT
< ACCEPT
< ACCEPT
< ACCEPT
< ACCEPT
< ACCEPT
< ACCEPT
< ACCEPT
< ACCEPT
< ACCEPT
< ACCEPT
< ACCEPT
< ACCEPT
< ACCEPT
< ACCEPT
> TEST_PAIR z4 z6 0
> TEST_PAIR z0 z1 1
> TEST_PAIR z1 z2 1
> TEST_PAIR z2 z3 1
> TEST_PAIR z3 z6 1
> TEST_PAIR z7 z8 1
> TEST_PAIR z8 z9 1
> TEST_PAIR z6 z5 1
> TEST_PAIR z3 z4 1
> TEST_PAIR z4 z7 0
> TEST_PAIR z0 z9 1
> TEST_PAIR z1 z8 1
> TEST_PAIR z5 z9 1
> TEST_PAIR z2 z8 1
> TEST_PAIR z5 z4 0
> TEST_PAIR z7 z5 0
> TEST_PAIR z9 z0 0
> TEST_PAIR z8 z1 0
< ACCEPT
< ACCEPT
< ACCEPT
< ACCEPT
< ACCEPT
< ACCEPT
< ACCEPT
< ACCEPT
< ACCEPT
< REJECT
< ACCEPT
< ACCEPT
< ACCEPT
< ACCEPT
< ACCEPT
< ACCEPT
< ACCEPT
< ACCEPT
> TEST_PAIR z4 z6 0
> TEST_PAIR z0 z1 1
> TEST_PAIR z1 z2 1
> TEST_PAIR z2 z3 1
> TEST_PAIR z3 z6 0
> TEST_PAIR z7 z8 1
> TEST_PAIR z8 z9 1
> TEST_PAIR z6 z5 1
> TEST_PAIR z3 z4 1
> TEST_PAIR z4 z7 1
> TEST_PAIR z0 z9 1
> TEST_PAIR z1 z8 1
> TEST_PAIR z5 z9 1
> TEST_PAIR z2 z8 1
> TEST_PAIR z5 z4 0
> TEST_PAIR z7 z5 0
> TEST_PAIR z9 z0 0
> TEST_PAIR z8 z1 0
< ACCEPT
< ACCEPT
< ACCEPT
< ACCEPT
< REJECT
< ACCEPT
< ACCEPT
< ACCEPT
< ACCEPT
< ACCEPT
< ACCEPT
< ACCEPT
< ACCEPT
< ACCEPT
< ACCEPT
< ACCEPT
< ACCEPT
< ACCEPT
> TEST_PAIR z4 z6 0
> TEST_PAIR z0 z1 1
> TEST_PAIR z1 z2 1
> TEST_PAIR z2 z3 1
> TEST_PAIR z3 z6 1
> TEST_PAIR z7 z8 1
> TEST_PAIR z8 z9 1
> TEST_PAIR z6 z5 0
> TEST_PAIR z3 z4 1
> TEST_PAIR z4 z7 1
> TEST_PAIR z0 z9 1
> TEST_PAIR z1 z8 1
> TEST_PAIR z5 z9 1
> TEST_PAIR z2 z8 1
> TEST_PAIR z5 z4 0
> TEST_PAIR z7 z5 0
> TEST_PAIR z9 z0 0
> TEST_PAIR z8 z1 0
< ACCEPT
< ACCEPT
< ACCEPT
< ACCEPT
< ACCEPT
< ACCEPT
< ACCEPT
< REJECT
< ACCEPT
< ACCEPT
< ACCEPT
< ACCEPT
< ACCEPT
< ACCEPT
< ACCEPT
< ACCEPT
< ACCEPT
< ACCEPT
> TEST_PAIR z4 z6 0
> TEST_PAIR z0 z1 1
> TEST_PAIR z1 z2 1
> TEST_PAIR z2 z3 1
> TEST_PAIR z3 z6 1
> TEST_PAIR z7 z8 1
> TEST_PAIR z8 z9 1
> TEST_PAIR z6 z5 1
> TEST_PAIR z3 z4 1
> TEST_PAIR z4 z7 1
> TEST_PAIR z0 z9 1
> TEST_PAIR z1 z8 1
> TEST_PAIR z5 z9 1
> TEST_PAIR z2 z8 1
> TEST_PAIR z5 z4 0
> TEST_PAIR z7 z5 0
> TEST_PAIR z9 z0 0
> TEST_PAIR z8 z1 0
< ACCEPT
< ACCEPT
< ACCEPT
< ACCEPT
< ACCEPT
< ACCEPT
< ACCEPT
< ACCEPT
< ACCEPT
< ACCEPT
< ACCEPT
< ACCEPT
< ACCEPT
< ACCEPT
< ACCEPT
< ACCEPT
< ACCEPT
< ACCEPT
> TEST_PAIR z4 z6 0
> TEST_PAIR z0 z1 1
> TEST_PAIR z1 z2 1
> TEST_PAIR z2 z3 1
> TEST_PAIR z3 z6 1
> TEST_PAIR z7 z8 1
> TEST_PAIR z8 z9 1
> TEST_PAIR z6 z5 1
> TEST_PAIR z3 z4 1
> TEST_PAIR z4 z7 1
> TEST_PAIR z0 z9 1
> TEST_PAIR z1 z8 1
> TEST_PAIR z5 z9 1
> TEST_PAIR z2 z8 1
> TEST_PAIR z5 z4 0
> TEST_PAIR z7 z5 0
> TEST_PAIR z9 z0 0
> TEST_PAIR z8 z1 0
< ACCEPT
< ACCEPT
< ACCEPT
< ACCEPT
< ACCEPT
< ACCEPT
< ACCEPT
< ACCEPT
< ACCEPT
< ACCEPT
< ACCEPT
< ACCEPT
< ACCEPT
< ACCEPT
< ACCEPT
< ACCEPT
< ACCEPT
< ACCEPT
> TEST_PAIR z4 z6 0
> TEST_PAIR z0 z1 1
> TEST_PAIR z1 z2 1
> TEST_PAIR z2 z3 1
> TEST_PAIR z3 z6 1
> TEST_PAIR z7 z8 1
> TEST_PAIR z8 z9 1
> TEST_PAIR z6 z5 1
> TEST_PAIR z3 z4 1
> TEST_PAIR z4 z7 1
> TEST_PAIR z0 z9 1
> TEST_PAIR z1 z8 1
> TEST_PAIR z5 z9 1
> TEST_PAIR z2 z8 1
> TEST_PAIR z5 z4 0
> TEST_PAIR z7 z5 0
> TEST_PAIR z9 z0 0
> TEST_PAIR z8 z1 0
< ACCEPT
< ACCEPT
< ACCEPT
< ACCEPT
< ACCEPT
< ACCEPT
< ACCEPT
< ACCEPT
< ACCEPT
< ACCEPT
< ACCEPT
< ACCEPT
< ACCEPT
< ACCEPT
< ACCEPT
< ACCEPT
< ACCEPT
< ACCEPT
> TEST_PAIR z4 z6 0
> TEST_PAIR z0 z1 1
> TEST_PAIR z1 z2 1
> TEST_PAIR z2 z3 1
> TEST_PAIR z3 z6 1
> TEST_PAIR z7 z8 1
> TEST_PAIR z8 z9 1
> TEST_PAIR z6 z5 1
> TEST_PAIR z3 z4 1
> TEST_PAIR z4 z7 1
> TEST_PAIR z0 z9 1
> TEST_PAIR z1 z8 1
> TEST_PAIR z5 z9 1
> TEST_PAIR z2 z8 1
> TEST_PAIR z5 z4 0
> TEST_PAIR z7 z5 0
> TEST_PAIR z9 z0 0
> TEST_PAIR z8 z1 0
< ACCEPT
< ACCEPT
< ACCEPT
< ACCEPT
< ACCEPT
< ACCEPT
< ACCEPT
< ACCEPT
< ACCEPT
< ACCEPT
< ACCEPT
< ACCEPT
< ACCEPT
< ACCEPT
< ACCEPT
< ACCEPT
< ACCEPT
< ACCEPT
> TEST_PAIR z4 z6 0
> TEST_PAIR z0 z1 1
> TEST_PAIR z1 z2 1
> TEST_PAIR z2 z3 1
> TEST_PAIR z3 z6 1
> TEST_PAIR z7 z8 1
> TEST_PAIR z8 z9 1
> TEST_PAIR z6 z5 1
> TEST_PAIR z3 z4 1
> TEST_PAIR z4 z7 1
> TEST_PAIR z0 z9 1
> TEST_PAIR z1 z8 1
> TEST_PAIR z5 z9 1
> TEST_PAIR z2 z8 1
> TEST_PAIR z5 z4 0
> TEST_PAIR z7 z5 0
> TEST_PAIR z9 z0 0
> TEST_PAIR z8 z1 0
> TEST_PAIR z4 z6 1
> TEST_PAIR z0 z1 1
> TEST_PAIR z1 z2 1
> TEST_PAIR z2 z3 1
> TEST_PAIR z3 z6 1
> TEST_PAIR z7 z8 1
> TEST_PAIR z8 z9 1
> TEST_PAIR z6 z5 1
> TEST_PAIR z3 z4 1
> TEST_PAIR z4 z7 1
> TEST_PAIR z0 z9 1
> TEST_PAIR z1 z8 1
> TEST_PAIR z5 z9 1
> TEST_PAIR z2 z8 1
> TEST_PAIR z5 z4 0
> TEST_PAIR z7 z5 0
> TEST_PAIR z9 z0 0
> TEST_PAIR z8 z1 0
< ACCEPT
< ACCEPT
< ACCEPT
< ACCEPT
< ACCEPT
< ACCEPT
< ACCEPT
< ACCEPT
< ACCEPT
< ACCEPT
< ACCEPT
< ACCEPT
< ACCEPT
< ACCEPT
< ACCEPT
< ACCEPT
< ACCEPT
< ACCEPT
< REJECT
< ACCEPT
< ACCEPT
< ACCEPT
< ACCEPT
< ACCEPT
< ACCEPT
< ACCEPT
< ACCEPT
< ACCEPT
< ACCEPT
< ACCEPT
< ACCEPT
< ACCEPT
< ACCEPT
< ACCEPT
< ACCEPT
< ACCEPT
> TEST_PAIR z6 z4 0
> TEST_PAIR z6 z4 1
< REJECT
< ACCEPT
> COMMIT G 2 1 11
> EDGE z0 z1
> EDGE z1 z2
> EDGE z2 z3
> EDGE z3 z4
> EDGE z7 z8
> EDGE z8 z9
> EDGE z5 z7
> EDGE z4 z5
> EDGE z3 z6
> EDGE z6 z5
> EDGE z6 z4
> COMMIT_END
< COMMIT_OK
> HELDOUT_A
< PAIRS 6
< PAIR z6 z4
< PAIR z4 z5
< PAIR z5 z7
< PAIR z3 z6
< PAIR z0 z9
< PAIR z9 z0
> TEST_PAIR z6 z4 1
> TEST_PAIR z4 z5 1
> TEST_PAIR z5 z7 1
> TEST_PAIR z3 z6 1
> TEST_PAIR z0 z9 1
> TEST_PAIR z9 z0 0
< ACCEPT
< ACCEPT
< ACCEPT
< ACCEPT
< ACCEPT
< ACCEPT
ARM T4 complete after 54 iterations
=== ARM T3b SEED 7 ===
> OBSERVE
< INSTANCES 18
< PAIR z4 z6 1
< PAIR z0 z1 1
< PAIR z1 z2 1
< PAIR z2 z3 1
< PAIR z3 z4 1
< PAIR z7 z8 1
< PAIR z8 z9 1
< PAIR z4 z7 1
< PAIR z4 z8 1
< PAIR z5 z7 1
< PAIR z5 z8 1
< PAIR z6 z8 1
< PAIR z3 z5 1
< PAIR z5 z4 0
< PAIR z6 z5 0
< PAIR z7 z6 0
< PAIR z9 z0 0
< PAIR z8 z1 0
< NATTRS 10
< ATTR z0 2 7 4
< ATTR z1 8 1 9
< ATTR z2 4 9 2
< ATTR z3 9 3 0
< ATTR z4 1 8 6
< ATTR z5 6 0 8
< ATTR z6 3 6 1
< ATTR z7 0 2 7
< ATTR z8 7 4 3
< ATTR z9 5 9 5
< PROBE_EXCEPT 0
< END_OBSERVE
> TEST_PAIR z4 z6 1
> TEST_PAIR z0 z1 1
> TEST_PAIR z1 z2 1
> TEST_PAIR z2 z3 1
> TEST_PAIR z3 z4 1
> TEST_PAIR z7 z8 1
< ACCEPT
< ACCEPT
< ACCEPT
< ACCEPT
< ACCEPT
< ACCEPT
> HELDOUT_C
< PAIRS 0
ARM T3b complete after 9 iterations
