real 0.74
user 0.40
sys 0.01
             9142272  maximum resident set size
                   0  average shared memory size
                   0  average unshared data size
                   0  average unshared stack size
                2298  page reclaims
                   0  page faults
                   0  swaps
                   0  block input operations
                   0  block output operations
                   0  messages sent
                   0  messages received
                   0  signals received
                  19  voluntary context switches
                 830  involuntary context switches
           114905516  instructions retired
            43066097  cycles elapsed
             1933624  peak memory footprint
