=== mech 36 ===
  admit/admit: n=248 1->0=0 A->0=0 V1=0 V2=0 Gviol=3
    G: 1:-0.034,2:-0.034,4:-0.009,8:-0.009,16:-0.010
    acc: 1:1.000,2:1.000,4:1.000,8:1.000,16:1.000
    relrate: 1:1.00,2:1.00,4:1.00,8:1.00,16:1.00
    racc(released-only): 1:1.000,2:1.000,4:1.000,8:1.000,16:1.000
  ceiling/D: n=40 1->0=0 A->0=0 V1=0 V2=10 Gviol=2
    G: 1:+0.032,2:+0.005,4:+0.193,8:-0.016,16:-0.007,32:-0.143,64:-0.143
    acc: 1:0.250,2:0.250,4:0.250,8:0.250,16:0.250,32:0.250,64:0.250
    relrate: 1:1.00,2:0.75,4:0.50,8:0.25,16:0.25,32:0.25,64:0.25
    racc(released-only): 1:0.250,2:0.333,4:0.500,8:1.000,16:1.000,32:1.000,64:1.000
  ceiling/O: n=40 1->0=0 A->0=0 V1=0 V2=0 Gviol=2
    G: 1:-0.382,2:-0.356,4:-0.597,8:-0.500,16:-0.500,32:-0.500,64:n/a
    acc: 1:1.000,2:1.000,4:1.000,8:0.750,16:0.500,32:0.250,64:0.000
    relrate: 1:1.00,2:1.00,4:1.00,8:0.75,16:0.50,32:0.25,64:0.00
    racc(released-only): 1:1.000,2:1.000,4:1.000,8:1.000,16:1.000,32:1.000,64:nan
  ceiling/P: n=40 1->0=0 A->0=0 V1=0 V2=54 Gviol=2
    G: 1:+0.618,2:+0.644,4:+0.403,8:+0.500,16:+0.500,32:+0.500,64:n/a
    acc: 1:0.000,2:0.000,4:0.000,8:0.000,16:0.000,32:0.000,64:0.000
    relrate: 1:1.00,2:1.00,4:1.00,8:0.75,16:0.50,32:0.25,64:0.00
    racc(released-only): 1:0.000,2:0.000,4:0.000,8:0.000,16:0.000,32:0.000,64:nan
  cost/cost: n=125 1->0=0 A->0=0 V1=0 V2=0 Gviol=1
    G: 1:-0.039,2:-0.005,4:-0.005,8:-0.005,16:-0.007
    acc: 1:1.000,2:1.000,4:1.000,8:1.000,16:1.000
    relrate: 1:1.00,2:1.00,4:1.00,8:1.00,16:1.00
    racc(released-only): 1:1.000,2:1.000,4:1.000,8:1.000,16:1.000
  logic/logic: n=264 1->0=0 A->0=0 V1=0 V2=0 Gviol=2
    G: 1:-0.008,2:-0.004,4:-0.005,8:-0.006,16:-0.004
    acc: 1:1.000,2:1.000,4:1.000,8:1.000,16:1.000
    relrate: 1:1.00,2:1.00,4:1.00,8:1.00,16:1.00
    racc(released-only): 1:1.000,2:1.000,4:1.000,8:1.000,16:1.000
  redteam/redteam: n=3 1->0=0 A->0=0 V1=0 V2=2 Gviol=4
    G: 1:+0.122,2:+0.211,4:+0.331,8:+0.984,16:+0.993
    acc: 1:0.667,2:0.667,4:0.333,8:0.000,16:0.000
    relrate: 1:1.00,2:1.00,4:0.67,8:0.33,16:0.33
    racc(released-only): 1:0.667,2:0.667,4:0.500,8:0.000,16:0.000
  revoke/revoke: n=113 1->0=0 A->0=0 V1=0 V2=0 Gviol=2
    G: 1:-0.030,2:-0.005,4:-0.005,8:-0.004,16:-0.006
    acc: 1:1.000,2:1.000,4:1.000,8:1.000,16:1.000
    relrate: 1:1.00,2:1.00,4:1.00,8:1.00,16:1.00
    racc(released-only): 1:1.000,2:1.000,4:1.000,8:1.000,16:1.000
  trap/trap: n=127 1->0=0 A->0=0 V1=0 V2=5 Gviol=1
    G: 1:+0.036,2:+0.010,4:+0.403,8:n/a,16:n/a
    acc: 1:0.000,2:0.000,4:0.000,8:0.000,16:0.000
    relrate: 1:1.00,2:0.67,4:0.04,8:0.00,16:0.00
    racc(released-only): 1:0.000,2:0.000,4:0.000,8:nan,16:nan
  TOTAL: 1->0=0 A->0=0 V1=0 V2=71 Gviol=19

