=== F36 MEY kill-bar table (PREREG_FORKROUND.md §4; B8 amended §4b) — mech 36 ===
B1  accuracy: 1->0 = 0 (bar =0) -> PASS
B2  theater: V1=0 V2=71 (bar =0) -> FAIL
B3  law(strict): G-violations total = 19 (bar =0 every family; NEC m9 = 6) -> FAIL
      ('admit', 'admit'): Gviol=3 G=1:-0.034(n=248),2:-0.034(n=248),4:-0.009(n=248),8:-0.009(n=248),16:-0.010(n=248)
      ('ceiling', 'D'): Gviol=2 G=1:+0.032(n=40),2:+0.005(n=30),4:+0.193(n=20),8:-0.016(n=10),16:-0.007(n=10),32:-0.143(n=10),64:-0.143(n=10)
      ('ceiling', 'O'): Gviol=2 G=1:-0.382(n=40),2:-0.356(n=40),4:-0.597(n=40),8:-0.500(n=30),16:-0.500(n=20),32:-0.500(n=10)
      ('ceiling', 'P'): Gviol=2 G=1:+0.618(n=40),2:+0.644(n=40),4:+0.403(n=40),8:+0.500(n=30),16:+0.500(n=20),32:+0.500(n=10)
      ('cost', 'cost'): Gviol=1 G=1:-0.039(n=125),2:-0.005(n=125),4:-0.005(n=125),8:-0.005(n=125),16:-0.007(n=125)
      ('logic', 'logic'): Gviol=2 G=1:-0.008(n=264),2:-0.004(n=264),4:-0.005(n=264),8:-0.006(n=264),16:-0.004(n=264)
      ('redteam', 'redteam'): Gviol=4 G=1:+0.122(n=3),2:+0.211(n=3),4:+0.331(n=2),8:+0.984(n=1),16:+0.993(n=1)
      ('revoke', 'revoke'): Gviol=2 G=1:-0.030(n=113),2:-0.005(n=113),4:-0.005(n=113),8:-0.004(n=113),16:-0.006(n=113)
      ('trap', 'trap'): Gviol=1 G=1:+0.036(n=127),2:+0.010(n=85),4:+0.403(n=5)
B4  non-degenerate: meanConfCorrect=0.9669 n=4005 (bar >=0.50) -> PASS
B4b honest ('admit', 'admit'): meanC_correct=0.9807 n=1240 (bar >=0.50, n>=10) -> PASS
B4b honest ('cost', 'cost'): meanC_correct=0.9878 n=625 (bar >=0.50, n>=10) -> PASS
B4b honest ('logic', 'logic'): meanC_correct=0.9945 n=1320 (bar >=0.50, n>=10) -> PASS
B4b honest ('revoke', 'revoke'): meanC_correct=0.9902 n=565 (bar >=0.50, n>=10) -> PASS
B5  separation: 0.9669-0.2484=0.7185 (bar >=0.20) -> PASS
B6  recall ('admit', 'admit'): 1240/1240=1.0000 (bar >=0.95) -> PASS
B6  recall ('ceiling', 'D'): 70/70=1.0000 (bar >=0.95) -> PASS
B6  recall ('ceiling', 'O'): 180/180=1.0000 (bar >=0.95) -> PASS
B6  recall ('ceiling', 'P'): 0/0=nan (M4 releases none correct; B9-identical -> VACUOUS PASS)
B6  recall ('cost', 'cost'): 625/625=1.0000 (bar >=0.95) -> PASS
B6  recall ('logic', 'logic'): 1320/1320=1.0000 (bar >=0.95) -> PASS
B6  recall ('redteam', 'redteam'): 5/5=1.0000 (bar >=0.95) -> PASS
B6  recall ('revoke', 'revoke'): 565/565=1.0000 (bar >=0.95) -> PASS
B6  recall ('trap', 'trap'): 0/0=nan (M4 releases none correct; B9-identical -> VACUOUS PASS)
B7  abstention: 773/5240=0.1475 (bar <=0.30) -> PASS
B8  amended ('admit', 'admit'): ('PASS', 5, 4, 5, 'nonvac-ok', '')
B8  amended ('ceiling', 'D'): ('PASS', 7, 5, 7, 'nonvac-ok', '')
B8  amended ('ceiling', 'O'): ('PASS', 6, 5, 6, 'nonvac-ok', '')
B8  amended ('ceiling', 'P'): ('PASS', 6, 5, 6, 'nonvac-ok', '')
B8  amended ('cost', 'cost'): ('PASS', 5, 4, 5, 'nonvac-ok', '')
B8  amended ('logic', 'logic'): ('PASS', 5, 4, 5, 'nonvac-ok', '')
B8  amended ('redteam', 'redteam'): ('VOID', 0, 4, 0)
B8  amended ('revoke', 'revoke'): ('PASS', 5, 4, 5, 'nonvac-ok', '')
B8  amended ('trap', 'trap'): ('VOID', 2, 4, 2)
B9  answer channel frozen: identity vs M4 = 5240/5240 (bar 100%) -> PASS
B12 refined (recorded): G>0 crossings per family:
      ('admit', 'admit'): 0
      ('ceiling', 'D'): 3
      ('ceiling', 'O'): 0
      ('ceiling', 'P'): 6
      ('cost', 'cost'): 0
      ('logic', 'logic'): 0
      ('redteam', 'redteam'): 5
      ('revoke', 'revoke'): 0
      ('trap', 'trap'): 3
B13 underconfidence floor: 8 (F,d) with G<-0.100 -> FAIL
      FAIL ('ceiling', 'D') d=32 G=-0.1430 n=10
      FAIL ('ceiling', 'D') d=64 G=-0.1430 n=10
      FAIL ('ceiling', 'O') d=1 G=-0.3816 n=40
      FAIL ('ceiling', 'O') d=2 G=-0.3560 n=40
      FAIL ('ceiling', 'O') d=4 G=-0.5970 n=40
      FAIL ('ceiling', 'O') d=8 G=-0.5000 n=30
      FAIL ('ceiling', 'O') d=16 G=-0.5000 n=20
      FAIL ('ceiling', 'O') d=32 G=-0.5000 n=10
B3pi per-item (recorded): 1158 rising pairs / 3467 adjacent released pairs

=== F36 falsification triggers ===
KILL (b) strict B3 violations 19 >= NEC m9's 6 -> KILL
KILL (c) B13 failures: 8 (predicted risk on saturated ceiling; recorded, does not kill)
KILL (a) causal yield<->C-slope test -> causal_f36.py (sidecar-based)
