CHECK,authority_open,0,0
CHECK,anchored_delivery_length,4096,4096
CHECK,anchored_delivery_exact,1,1
CHECK,delivery_tail_unchanged,211,211
CHECK,checkpoint_refusal,-8604,-8604
CHECK,refusal_output_unchanged,1,1
CHECK,current_authority_version,12,12
CHECK,current_authority_spent,3,3
CHECK,current_authority_nonce,1,1
CHECK,synthetic_authorized_commit,0,0
CHECK,checkpoint_refusal,-8604,-8604
CHECK,refusal_output_unchanged,1,1
CHECK,checkpoint_export_length,256,256
CHECK,checkpoint_export_tail,211,211
CHECK,anchored_delivery_length,32,32
CHECK,anchored_delivery_exact,1,1
CHECK,delivery_tail_unchanged,211,211
CHECK,payload_rollback_does_not_refund,5,5
CHECK,payload_rollback_does_not_rewind_nonce,2,2
CHECK,payload_rollback_version_advances,13,13
N09_NESTED_CHILDREN,0
N09_NESTED_CHECKS,0
N09_CHILD_COUNTS,20,0
N09_CHILD_PASS
