BIND,M2,rep,5,scale,1,start
DOMAIN_HASH,M2,13a3f38502984079d20b8723eb36dfd3c2f2bef28711a68c01d5ac9c35de1740
CORPUS_SHA256,M2,7f3a25739981c8276082ceeda7de3628afd88977e7a16bd0a5f220eba2bc2508
CL_CHECK,overflow,0,0
CL_CHECK,e90_reached,1,1
RESULT,M2,5,1,d1,40,40
RESULT,M2,5,1,d2,39,39
RESULT,M2,5,1,d3,120,120
RESULT,M2,5,1,rev_false,12,12
RESULT,M2,5,1,rev_genuine,20,20
RESULT,M2,5,1,r2,40,40
RESULT,M2,5,1,r3,40,40
RESULT,M2,5,1,e90,200,1
RESULT,M2,5,1,withheld,0,1
RESULT,M2,5,1,hallu,0,20
RESULT,M2,5,1,k1,1,1
RESULT,M2,5,1,k2,1,1
RESULT,M2,5,1,k3,1,1
RESULT,M2,5,1,refusal,1,1
RESULT,M2,5,1,esc,0,1
RESULT,M2,5,1,disconn,4,1
RESULT,M2,5,1,ops,287,1
RESULT,M2,5,1,eps,295,1
DIGEST,M2,5,1,5ad6032127c162a41069d15c5373fd85019cf5cc790a20afde4fa2388b2d46a8
BIND,M2,done
