=== leg m1-1x-prose ===
mode=m1-1x-prose rc1=0 rc2=0 rss1_kb=15628 rss2_kb=15628 stdout=IDENTICAL fatal=0
=== leg m1-1x-code ===
mode=m1-1x-code rc1=0 rc2=0 rss1_kb=26996 rss2_kb=26996 stdout=IDENTICAL fatal=0
=== leg m2-t1-prose ===
mode=m2-t1-prose rc1=0 rc2=0 rss1_kb=1424 rss2_kb=1428 stdout=IDENTICAL fatal=0
=== leg m2-t1-code ===
mode=m2-t1-code rc1=0 rc2=0 rss1_kb=2168 rss2_kb=2168 stdout=IDENTICAL fatal=0
=== leg m2-t2-prose ===
mode=m2-t2-prose rc1=0 rc2=0 rss1_kb=8872 rss2_kb=8868 stdout=IDENTICAL fatal=0
=== leg m2-t2-code ===
mode=m2-t2-code rc1=0 rc2=0 rss1_kb=1068 rss2_kb=1068 stdout=IDENTICAL fatal=0
=== leg m2-t3-1x ===
mode=m2-t3-1x rc1=0 rc2=0 rss1_kb=2352 rss2_kb=2352 stdout=IDENTICAL fatal=0
=== leg m3-1x ===
mode=m3-1x rc1=0 rc2=0 rss1_kb=32940 rss2_kb=32936 stdout=IDENTICAL fatal=0
=== leg m4-1x-prose ===
mode=m4-1x-prose rc1=0 rc2=0 rss1_kb=22228 rss2_kb=22228 stdout=IDENTICAL fatal=0
=== leg m4-1x-code ===
mode=m4-1x-code rc1=0 rc2=0 rss1_kb=39744 rss2_kb=39740 stdout=IDENTICAL fatal=0
=== leg m5-baseline ===
mode=m5-baseline rc1=0 rc2=0 rss1_kb=10540 rss2_kb=10536 stdout=IDENTICAL fatal=0
=== leg m5-1x ===
mode=m5-1x rc1=0 rc2=0 rss1_kb=22508 rss2_kb=22508 stdout=IDENTICAL fatal=0
=== leg m6-p2c-1x ===
mode=m6-p2c-1x rc1=0 rc2=0 rss1_kb=29180 rss2_kb=29184 stdout=IDENTICAL fatal=0
=== leg m6-c2p-1x ===
mode=m6-c2p-1x rc1=0 rc2=0 rss1_kb=18964 rss2_kb=18960 stdout=IDENTICAL fatal=0
=== leg memctrl-p2c-1x ===
mode=memctrl-p2c-1x rc1=0 rc2=0 rss1_kb=24080 rss2_kb=24080 stdout=IDENTICAL fatal=0
=== leg memctrl-c2p-1x ===
mode=memctrl-c2p-1x rc1=0 rc2=0 rss1_kb=20076 rss2_kb=20076 stdout=IDENTICAL fatal=0
=== leg m7-1x ===
mode=m7-1x rc1=0 rc2=0 rss1_kb=15692 rss2_kb=15692 stdout=IDENTICAL fatal=0
=== M8 gate ===
M8GATE PASS
=== assembling scorecard ===
wrote /home/hatch/workspace/y6_battery/r1_1x_v2/scorecard_r1_1x.json
legs passed=18 failed=0
