Research/R33_NATIVE_N14_SENSOR_INFORMATION/DESIGN.md: OK
Research/R33_NATIVE_N14_SENSOR_INFORMATION/CONFIG.json: OK
Research/R33_NATIVE_N14_SENSOR_INFORMATION/AUTHORING_HISTORY.md: OK
Research/R33_NATIVE_N14_SENSOR_INFORMATION/INDEPENDENT_REVIEW_V1.md: OK
Research/R33_NATIVE_N14_SENSOR_INFORMATION/driver.zag: OK
Research/R33_NATIVE_N14_SENSOR_INFORMATION/sensor.zag: OK
Research/R33_NATIVE_N14_SENSOR_INFORMATION/BUILD_05/driver.zag: OK
Research/R33_NATIVE_N14_SENSOR_INFORMATION/BUILD_05/sensor.zag: OK
Research/R33_NATIVE_N14_SENSOR_INFORMATION/BUILD_05/durable.zag: OK
Research/R33_NATIVE_N14_SENSOR_INFORMATION/BUILD_05/R33_B001_RAW_RECORD.zag: OK
Research/R33_NATIVE_N14_SENSOR_INFORMATION/BUILD_05/R33_NATIVE_IO_V1.zag: OK
Research/R33_NATIVE_N14_SENSOR_INFORMATION/BUILD_05/R33_NATIVE_PROCESS_V3.zag: OK
Research/R33_NATIVE_N14_SENSOR_INFORMATION/BUILD_05/R33_NATIVE_SHA256_V2.zag: OK
Research/R33_NATIVE_N14_SENSOR_INFORMATION/BUILD_05/R33_NATIVE_TELEMETRY_V2.zag: OK
Research/R33_NATIVE_N14_SENSOR_INFORMATION/BUILD_05/n14: OK
Research/R33_NATIVE_N14_SENSOR_INFORMATION/BUILD_05/compile.stdout: OK
Research/R33_NATIVE_N14_SENSOR_INFORMATION/BUILD_05/compile.stderr: OK
Research/R33_NATIVE_N14_SENSOR_INFORMATION/BUILD_06/driver.zag: OK
Research/R33_NATIVE_N14_SENSOR_INFORMATION/BUILD_06/sensor.zag: OK
Research/R33_NATIVE_N14_SENSOR_INFORMATION/BUILD_06/durable.zag: OK
Research/R33_NATIVE_N14_SENSOR_INFORMATION/BUILD_06/R33_B001_RAW_RECORD.zag: OK
Research/R33_NATIVE_N14_SENSOR_INFORMATION/BUILD_06/R33_NATIVE_IO_V1.zag: OK
Research/R33_NATIVE_N14_SENSOR_INFORMATION/BUILD_06/R33_NATIVE_PROCESS_V3.zag: OK
Research/R33_NATIVE_N14_SENSOR_INFORMATION/BUILD_06/R33_NATIVE_SHA256_V2.zag: OK
Research/R33_NATIVE_N14_SENSOR_INFORMATION/BUILD_06/R33_NATIVE_TELEMETRY_V2.zag: OK
Research/R33_NATIVE_N14_SENSOR_INFORMATION/BUILD_06/n14: OK
Research/R33_NATIVE_N14_SENSOR_INFORMATION/BUILD_06/compile.stdout: OK
Research/R33_NATIVE_N14_SENSOR_INFORMATION/BUILD_06/compile.stderr: OK
Research/R33_NATIVE_N06_SENSOR_TRACE/sensor.zag: OK
Research/R33_NATIVE_N06_SENSOR_TRACE/PREREGISTRATION.md: OK
Research/R33_NATIVE_N06_SENSOR_TRACE/FREEZE.json: OK
Research/R33_NATIVE_N06_RESULT.md: OK
Research/R33_NATIVE_N05B_DURABLE_TELEMETRY/durable.zag: OK
Research/R33_B001_RAW_RECORD.zag: OK
Research/R33_NATIVE_IO_V1.zag: OK
Research/R33_NATIVE_PROCESS_V3.zag: OK
Research/R33_NATIVE_SHA256_V2.zag: OK
Research/R33_NATIVE_TELEMETRY_V2.zag: OK
Research/R33_SENSOR_QUALIFICATION_PLAN.md: OK
Research/R33_NATIVE_ONLY_EXECUTION_CONTRACT.md: OK
Research/toolchain/znc_macos_arm64_7cacbfc0: OK
