LIFECYCLE|STEP|1|kbtest-true|pn-01..pn-04
LIFECYCLE|KBTEST|step1|pn-01|pseq=25|rc=0
LIFECYCLE|KB|step1|KB|PROMOTED|25|13
LIFECYCLE|KBTEST|step1|pn-02|pseq=26|rc=0
LIFECYCLE|KB|step1|KB|PROMOTED|26|14
LIFECYCLE|KBTEST|step1|pn-03|pseq=27|rc=0
LIFECYCLE|KB|step1|KB|PROMOTED|27|15
LIFECYCLE|KBTEST|step1|pn-04|pseq=28|rc=0
LIFECYCLE|KB|step1|KB|PROMOTED|28|16
LIFECYCLE|STEP|2|verdict|pn-01b..pn-04b
LIFECYCLE|VERDICT|pn-01b|INSTALL|seq=13
LIFECYCLE|VERDICT|pn-02b|INSTALL|seq=14
LIFECYCLE|VERDICT|pn-03b|INSTALL|seq=15
LIFECYCLE|VERDICT|pn-04b|INSTALL|seq=16
LIFECYCLE|STEP|3|kbtest-false|pf-01..pf-08
LIFECYCLE|KBTEST|step3|pf-01|pseq=17|rc=0
LIFECYCLE|KB|step3|KB|RESOLVED_FALSE|17
LIFECYCLE|KBTEST|step3|pf-02|pseq=18|rc=0
LIFECYCLE|KB|step3|KB|RESOLVED_FALSE|18
LIFECYCLE|KBTEST|step3|pf-03|pseq=19|rc=0
LIFECYCLE|KB|step3|KB|RESOLVED_FALSE|19
LIFECYCLE|KBTEST|step3|pf-04|pseq=20|rc=0
LIFECYCLE|KB|step3|KB|RESOLVED_FALSE|20
LIFECYCLE|KBTEST|step3|pf-05|pseq=21|rc=0
LIFECYCLE|KB|step3|KB|RESOLVED_FALSE|21
LIFECYCLE|KBTEST|step3|pf-06|pseq=22|rc=0
LIFECYCLE|KB|step3|KB|RESOLVED_FALSE|22
LIFECYCLE|KBTEST|step3|pf-07|pseq=23|rc=0
LIFECYCLE|KB|step3|KB|RESOLVED_FALSE|23
LIFECYCLE|KBTEST|step3|pf-08|pseq=24|rc=0
LIFECYCLE|KB|step3|KB|RESOLVED_FALSE|24
LIFECYCLE|STEP|4|re-verdict|pf-01..pf-08
LIFECYCLE|VERDICT|pf-01|WITHHOLD|gate=KB_RESOLVED_FALSE
LIFECYCLE|VERDICT|pf-02|WITHHOLD|gate=KB_RESOLVED_FALSE
LIFECYCLE|VERDICT|pf-03|WITHHOLD|gate=KB_RESOLVED_FALSE
LIFECYCLE|VERDICT|pf-04|WITHHOLD|gate=KB_RESOLVED_FALSE
LIFECYCLE|VERDICT|pf-05|WITHHOLD|gate=KB_RESOLVED_FALSE
LIFECYCLE|VERDICT|pf-06|WITHHOLD|gate=KB_RESOLVED_FALSE
LIFECYCLE|VERDICT|pf-07|WITHHOLD|gate=KB_RESOLVED_FALSE
LIFECYCLE|VERDICT|pf-08|WITHHOLD|gate=KB_RESOLVED_FALSE
LIFECYCLE|STEP|5|kbcommit|contra.txt
LIFECYCLE|KBCOMMIT|step5|rc=0
LIFECYCLE|KB|step5|KB|COMMIT|17
LIFECYCLE|KB|step5|KB|COMMIT|18
LIFECYCLE|KB|step5|KB|COMMIT|19
LIFECYCLE|KB|step5|KB|COMMIT|20
LIFECYCLE|KB|step5|KB|AUTO_FALSE|9
LIFECYCLE|KB|step5|KB|AUTO_FALSE|10
LIFECYCLE|KB|step5|KB|AUTO_FALSE|11
LIFECYCLE|KB|step5|KB|AUTO_FALSE|12
LIFECYCLE|STEP|5|auto_false=4|commits=4
LIFECYCLE|STEP|6|kbcommit|agree.txt
LIFECYCLE|KBCOMMIT|step6|rc=0
LIFECYCLE|KB|step6|KB|COMMIT|21
LIFECYCLE|KB|step6|KB|COMMIT|22
LIFECYCLE|KB|step6|KB|COMMIT|23
LIFECYCLE|KB|step6|KB|COMMIT|24
LIFECYCLE|KB|step6|KB|AUTO_PROMOTED|13|25
LIFECYCLE|KB|step6|KB|AUTO_PROMOTED|14|26
LIFECYCLE|KB|step6|KB|AUTO_PROMOTED|15|27
LIFECYCLE|KB|step6|KB|AUTO_PROMOTED|16|28
LIFECYCLE|STEP|6|auto_promoted=4|commits=4
LIFECYCLE|STEP|7|verdict|pc-05b..pc-08b
LIFECYCLE|VERDICT|pc-05b|INSTALL|seq=21
LIFECYCLE|VERDICT|pc-06b|INSTALL|seq=22
LIFECYCLE|VERDICT|pc-07b|INSTALL|seq=23
LIFECYCLE|VERDICT|pc-08b|INSTALL|seq=24
LIFECYCLE|DONE|OK
