real 31.67
user 27.88
sys 0.76
           409862144  maximum resident set size
                   0  average shared memory size
                   0  average unshared data size
                   0  average unshared stack size
               42027  page reclaims
                   0  page faults
                   0  swaps
                   0  block input operations
                   0  block output operations
                   0  messages sent
                   0  messages received
                   0  signals received
                  85  voluntary context switches
              131588  involuntary context switches
           746247204  instructions retired
           319968338  cycles elapsed
             5570872  peak memory footprint
