tnn-v1-evidence-fibers-senses-search/CURRENT_STATUS.md
tnn-v1-evidence-fibers-senses-search/MANIFEST.sha256
tnn-v1-evidence-fibers-senses-search/README.md
tnn-v1-evidence-fibers-senses-search/datasets/legacy_claim_corrections.json
tnn-v1-evidence-fibers-senses-search/datasets/legacy_real_web_claims.json
tnn-v1-evidence-fibers-senses-search/datasets/official_web_evidence.json
tnn-v1-evidence-fibers-senses-search/docs/BETA_GATE_IMPACT.md
tnn-v1-evidence-fibers-senses-search/docs/FAILURE_ATLAS.md
tnn-v1-evidence-fibers-senses-search/docs/FIBER_RESOURCE_AND_MEMORY.md
tnn-v1-evidence-fibers-senses-search/docs/NATIVE_STATUS.md
tnn-v1-evidence-fibers-senses-search/docs/PERIPHERAL_ADAPTIVE_MICROCIRCUITS.md
tnn-v1-evidence-fibers-senses-search/docs/RESEARCH_REPORT.md
tnn-v1-evidence-fibers-senses-search/docs/STATE_CONTINUOUS_DEVELOPMENT.md
tnn-v1-evidence-fibers-senses-search/docs/TEACHER_AND_SEARCH_EPISTEMICS.md
tnn-v1-evidence-fibers-senses-search/docs/TECHNIQUE_GLOSSARY.md
tnn-v1-evidence-fibers-senses-search/docs/TRAINING_DATA_VARIATIONS.md
tnn-v1-evidence-fibers-senses-search/evaluators/run_extended_research.py
tnn-v1-evidence-fibers-senses-search/evaluators/run_research.py
tnn-v1-evidence-fibers-senses-search/registries/experiment_registry.csv
tnn-v1-evidence-fibers-senses-search/registries/stage_gates.csv
tnn-v1-evidence-fibers-senses-search/registries/technique_glossary.csv
tnn-v1-evidence-fibers-senses-search/results/evaluator/baseline-data_variations.csv
tnn-v1-evidence-fibers-senses-search/results/evaluator/baseline-fiber_resources.csv
tnn-v1-evidence-fibers-senses-search/results/evaluator/baseline-peripheral_senses.csv
tnn-v1-evidence-fibers-senses-search/results/evaluator/baseline-promotion_checks.json
tnn-v1-evidence-fibers-senses-search/results/evaluator/baseline-run-1.log
tnn-v1-evidence-fibers-senses-search/results/evaluator/baseline-run-2.log
tnn-v1-evidence-fibers-senses-search/results/evaluator/baseline-shared_tool_state.csv
tnn-v1-evidence-fibers-senses-search/results/evaluator/baseline-summary.json
tnn-v1-evidence-fibers-senses-search/results/evaluator/baseline-web_teacher_search.csv
tnn-v1-evidence-fibers-senses-search/results/evaluator/data_variations.csv
tnn-v1-evidence-fibers-senses-search/results/evaluator/deterministic_fingerprint.txt
tnn-v1-evidence-fibers-senses-search/results/evaluator/extended_checks.json
tnn-v1-evidence-fibers-senses-search/results/evaluator/extended_summary.json
tnn-v1-evidence-fibers-senses-search/results/evaluator/fiber_resources.csv
tnn-v1-evidence-fibers-senses-search/results/evaluator/peripheral_senses.csv
tnn-v1-evidence-fibers-senses-search/results/evaluator/query_search_v2.csv
tnn-v1-evidence-fibers-senses-search/results/evaluator/resource_explanations.csv
tnn-v1-evidence-fibers-senses-search/results/evaluator/run-fixed-2.log
tnn-v1-evidence-fibers-senses-search/results/evaluator/run-fixed.log
tnn-v1-evidence-fibers-senses-search/results/evaluator/shared_tool_state.csv
tnn-v1-evidence-fibers-senses-search/results/evaluator/state_continuity.csv
tnn-v1-evidence-fibers-senses-search/results/evaluator/web_teacher_search_v1.csv
tnn-v1-evidence-fibers-senses-search/results/native/build-record.json
tnn-v1-evidence-fibers-senses-search/results/native/compiler-sha256.txt
tnn-v1-evidence-fibers-senses-search/results/native/metrics.csv
tnn-v1-evidence-fibers-senses-search/results/native/native-build-summary.txt
tnn-v1-evidence-fibers-senses-search/results/native/source-sha256.txt
tnn-v1-evidence-fibers-senses-search/results/source-audit.json
tnn-v1-evidence-fibers-senses-search/scripts/build_native.sh
tnn-v1-evidence-fibers-senses-search/scripts/verify_evaluator.sh
tnn-v1-evidence-fibers-senses-search/scripts/verify_package.py
tnn-v1-evidence-fibers-senses-search/src/data_epistemics.zag
tnn-v1-evidence-fibers-senses-search/src/evidence_logic_web.zag
tnn-v1-evidence-fibers-senses-search/src/fiber_resources.zag
tnn-v1-evidence-fibers-senses-search/src/peripheral_senses.zag
tnn-v1-evidence-fibers-senses-search/src/tnn_next_stage.zag
tnn-v1-evidence-fibers-senses-search/src/web_teacher_epistemics.zag
