tnn-pre-v1-r5-goldilocks/
tnn-pre-v1-r5-goldilocks/attempts/
tnn-pre-v1-r5-goldilocks/attempts/architecture_revision_v2/
tnn-pre-v1-r5-goldilocks/attempts/architecture_revision_v2/remaining.time
tnn-pre-v1-r5-goldilocks/attempts/architecture_revision_v2/run.log
tnn-pre-v1-r5-goldilocks/attempts/architecture_revision_v2/time.log
tnn-pre-v1-r5-goldilocks/attempts/architecture_revision_v2/remaining.log
tnn-pre-v1-r5-goldilocks/attempts/architecture_revision_v2/remaining.csv
tnn-pre-v1-r5-goldilocks/attempts/architecture_revision_v3/
tnn-pre-v1-r5-goldilocks/attempts/architecture_revision_v3/run.log
tnn-pre-v1-r5-goldilocks/attempts/architecture_revision_v3/time.log
tnn-pre-v1-r5-goldilocks/attempts/architecture_revision/
tnn-pre-v1-r5-goldilocks/attempts/architecture_revision/run.log
tnn-pre-v1-r5-goldilocks/attempts/architecture_revision/time.log
tnn-pre-v1-r5-goldilocks/requirements.txt
tnn-pre-v1-r5-goldilocks/VERSION
tnn-pre-v1-r5-goldilocks/STATUS.md
tnn-pre-v1-r5-goldilocks/results/
tnn-pre-v1-r5-goldilocks/results/scaling_aggregate/
tnn-pre-v1-r5-goldilocks/results/scaling_aggregate/scaling_summary.csv
tnn-pre-v1-r5-goldilocks/results/scaling_aggregate/scaling_raw.csv
tnn-pre-v1-r5-goldilocks/results/scaling_aggregate/status.json
tnn-pre-v1-r5-goldilocks/results/core_audit.json
tnn-pre-v1-r5-goldilocks/results/architecture_confirmation_b512_aggregate/
tnn-pre-v1-r5-goldilocks/results/architecture_confirmation_b512_aggregate/architecture_ranking.csv
tnn-pre-v1-r5-goldilocks/results/architecture_confirmation_b512_aggregate/aggregate.log
tnn-pre-v1-r5-goldilocks/results/architecture_confirmation_b512_aggregate/raw_runs.csv
tnn-pre-v1-r5-goldilocks/results/architecture_confirmation_b512_aggregate/history_ranking.csv
tnn-pre-v1-r5-goldilocks/results/architecture_confirmation_b512_aggregate/condition_summary.csv
tnn-pre-v1-r5-goldilocks/results/architecture_confirmation_b512_aggregate/status.json
tnn-pre-v1-r5-goldilocks/results/training_confirmation_b512_aggregate/
tnn-pre-v1-r5-goldilocks/results/training_confirmation_b512_aggregate/architecture_ranking.csv
tnn-pre-v1-r5-goldilocks/results/training_confirmation_b512_aggregate/aggregate.log
tnn-pre-v1-r5-goldilocks/results/training_confirmation_b512_aggregate/raw_runs.csv
tnn-pre-v1-r5-goldilocks/results/training_confirmation_b512_aggregate/history_ranking.csv
tnn-pre-v1-r5-goldilocks/results/training_confirmation_b512_aggregate/condition_summary.csv
tnn-pre-v1-r5-goldilocks/results/training_confirmation_b512_aggregate/status.json
tnn-pre-v1-r5-goldilocks/results/discourse_workspace_confirmation/
tnn-pre-v1-r5-goldilocks/results/discourse_workspace_confirmation/summary.csv
tnn-pre-v1-r5-goldilocks/results/discourse_workspace_confirmation/raw_runs.csv
tnn-pre-v1-r5-goldilocks/results/discourse_workspace_confirmation/status.json
tnn-pre-v1-r5-goldilocks/results/deep_aggregate/
tnn-pre-v1-r5-goldilocks/results/deep_aggregate/architecture_ranking.csv
tnn-pre-v1-r5-goldilocks/results/deep_aggregate/raw_runs.csv
tnn-pre-v1-r5-goldilocks/results/deep_aggregate/history_ranking.csv
tnn-pre-v1-r5-goldilocks/results/deep_aggregate/condition_summary.csv
tnn-pre-v1-r5-goldilocks/results/deep_aggregate/status.json
tnn-pre-v1-r5-goldilocks/results/teenager_boundary_gate/
tnn-pre-v1-r5-goldilocks/results/teenager_boundary_gate/summary.csv
tnn-pre-v1-r5-goldilocks/results/teenager_boundary_gate/run.log
tnn-pre-v1-r5-goldilocks/results/teenager_boundary_gate/time.log
tnn-pre-v1-r5-goldilocks/results/teenager_boundary_gate/per_seed.json
tnn-pre-v1-r5-goldilocks/results/teenager_boundary_gate/status.json
tnn-pre-v1-r5-goldilocks/results/teenager_boundary_gate_v6/
tnn-pre-v1-r5-goldilocks/results/teenager_boundary_gate_v6/summary.csv
tnn-pre-v1-r5-goldilocks/results/teenager_boundary_gate_v6/run.log
tnn-pre-v1-r5-goldilocks/results/teenager_boundary_gate_v6/time.log
tnn-pre-v1-r5-goldilocks/results/teenager_boundary_gate_v6/per_seed.json
tnn-pre-v1-r5-goldilocks/results/teenager_boundary_gate_v6/status.json
tnn-pre-v1-r5-goldilocks/results/v5_arch_aggregate/
tnn-pre-v1-r5-goldilocks/results/v5_arch_aggregate/architecture_ranking.csv
tnn-pre-v1-r5-goldilocks/results/v5_arch_aggregate/raw_runs.csv
tnn-pre-v1-r5-goldilocks/results/v5_arch_aggregate/history_ranking.csv
tnn-pre-v1-r5-goldilocks/results/v5_arch_aggregate/condition_summary.csv
tnn-pre-v1-r5-goldilocks/results/v5_arch_aggregate/status.json
tnn-pre-v1-r5-goldilocks/results/v4_all_aggregate/
tnn-pre-v1-r5-goldilocks/results/v4_all_aggregate/architecture_ranking.csv
tnn-pre-v1-r5-goldilocks/results/v4_all_aggregate/raw_runs.csv
tnn-pre-v1-r5-goldilocks/results/v4_all_aggregate/history_ranking.csv
tnn-pre-v1-r5-goldilocks/results/v4_all_aggregate/condition_summary.csv
tnn-pre-v1-r5-goldilocks/results/v4_all_aggregate/status.json
tnn-pre-v1-r5-goldilocks/results/training_confirmation_b1024_aggregate/
tnn-pre-v1-r5-goldilocks/results/training_confirmation_b1024_aggregate/architecture_ranking.csv
tnn-pre-v1-r5-goldilocks/results/training_confirmation_b1024_aggregate/aggregate.log
tnn-pre-v1-r5-goldilocks/results/training_confirmation_b1024_aggregate/raw_runs.csv
tnn-pre-v1-r5-goldilocks/results/training_confirmation_b1024_aggregate/history_ranking.csv
tnn-pre-v1-r5-goldilocks/results/training_confirmation_b1024_aggregate/condition_summary.csv
tnn-pre-v1-r5-goldilocks/results/training_confirmation_b1024_aggregate/status.json
tnn-pre-v1-r5-goldilocks/results/broad_aggregate/
tnn-pre-v1-r5-goldilocks/results/broad_aggregate/architecture_ranking.csv
tnn-pre-v1-r5-goldilocks/results/broad_aggregate/raw_runs.csv
tnn-pre-v1-r5-goldilocks/results/broad_aggregate/history_ranking.csv
tnn-pre-v1-r5-goldilocks/results/broad_aggregate/condition_summary.csv
tnn-pre-v1-r5-goldilocks/results/broad_aggregate/status.json
tnn-pre-v1-r5-goldilocks/results/v5_recurrent_all_aggregate/
tnn-pre-v1-r5-goldilocks/results/v5_recurrent_all_aggregate/architecture_ranking.csv
tnn-pre-v1-r5-goldilocks/results/v5_recurrent_all_aggregate/raw_runs.csv
tnn-pre-v1-r5-goldilocks/results/v5_recurrent_all_aggregate/history_ranking.csv
tnn-pre-v1-r5-goldilocks/results/v5_recurrent_all_aggregate/condition_summary.csv
tnn-pre-v1-r5-goldilocks/results/v5_recurrent_all_aggregate/status.json
tnn-pre-v1-r5-goldilocks/RELEASE_NOTES.md
tnn-pre-v1-r5-goldilocks/docs/
tnn-pre-v1-r5-goldilocks/docs/CLAIM_MATRIX.md
tnn-pre-v1-r5-goldilocks/docs/RESULTS.md
tnn-pre-v1-r5-goldilocks/docs/TRAINING_DECISION.md
tnn-pre-v1-r5-goldilocks/docs/FAILURES.md
tnn-pre-v1-r5-goldilocks/docs/NEXT_STAGE_HANDOFF.md
tnn-pre-v1-r5-goldilocks/Makefile
tnn-pre-v1-r5-goldilocks/lineage/
tnn-pre-v1-r5-goldilocks/lineage/tnn-pre-v1-r4-FINAL_STATUS.md
tnn-pre-v1-r5-goldilocks/lineage/tnn-pre-v1-r4-final-cleanroom.log
tnn-pre-v1-r5-goldilocks/lineage/R4_ARCHIVE.sha256
tnn-pre-v1-r5-goldilocks/lineage/tnn-pre-v1-r4-RESULTS.md
tnn-pre-v1-r5-goldilocks/lineage/tnn-pre-v1-r4-final.zip
tnn-pre-v1-r5-goldilocks/lineage/tnn-pre-v1-r4-NEXT_STAGE_HANDOFF.md
tnn-pre-v1-r5-goldilocks/media/
tnn-pre-v1-r5-goldilocks/media/sample_development_episode.mp4
tnn-pre-v1-r5-goldilocks/media/sample_development_episode.wav
tnn-pre-v1-r5-goldilocks/media/sample_development_episode.txt
tnn-pre-v1-r5-goldilocks/MANIFEST.sha256
tnn-pre-v1-r5-goldilocks/scripts/
tnn-pre-v1-r5-goldilocks/scripts/verify.sh
tnn-pre-v1-r5-goldilocks/scripts/verify.py
tnn-pre-v1-r5-goldilocks/README.md
tnn-pre-v1-r5-goldilocks/src/
tnn-pre-v1-r5-goldilocks/src/aggregate_scaling.py
tnn-pre-v1-r5-goldilocks/src/diagnose_text_slots.py
tnn-pre-v1-r5-goldilocks/src/run_architecture_revision_v2.py
tnn-pre-v1-r5-goldilocks/src/run_goldilocks_tournament_v1.py
tnn-pre-v1-r5-goldilocks/src/run_goldilocks_tournament_v5.py
tnn-pre-v1-r5-goldilocks/src/run_architecture_revision_tournament.py
tnn-pre-v1-r5-goldilocks/src/run_architecture_revision_v3.py
tnn-pre-v1-r5-goldilocks/src/run_teenager_boundary_gate.py
tnn-pre-v1-r5-goldilocks/src/run_goldilocks_tournament_v4.py
tnn-pre-v1-r5-goldilocks/src/audit_cognitive_core.py
tnn-pre-v1-r5-goldilocks/src/run_goldilocks_tournament.py
tnn-pre-v1-r5-goldilocks/src/run_goldilocks_tournament_v3.py
tnn-pre-v1-r5-goldilocks/src/run_goldilocks_tournament_v2.py
tnn-pre-v1-r5-goldilocks/src/aggregate_tournament.py
