=== F36 causal test: nondecreasing-f5 subset, C-slope vs accuracy-slope ===
('admit', 'admit'): |S|=248 items, 5 qualifying cells (n_rel>=30)
    d_idx=0 d=1: n=248 meanC=0.9658 meanAcc=1.0000
    d_idx=1 d=2: n=248 meanC=0.9662 meanAcc=1.0000
    d_idx=2 d=4: n=248 meanC=0.9907 meanAcc=1.0000
    d_idx=3 d=8: n=248 meanC=0.9908 meanAcc=1.0000
    d_idx=4 d=16: n=248 meanC=0.9900 meanAcc=1.0000
    C-slope=+0.00730/d_idx  acc-slope=+0.00000/d_idx -> KILL (a) FIRES
('ceiling', 'D'): |S|=30 items, 2 qualifying cells (n_rel>=30)
    d_idx=0 d=1: n=30 meanC=0.3733 meanAcc=0.3333
    d_idx=1 d=2: n=30 meanC=0.3383 meanAcc=0.3333
    C-slope=-0.03500/d_idx  acc-slope=+0.00000/d_idx -> clear
('ceiling', 'O'): |S|=40 items, 4 qualifying cells (n_rel>=30)
    d_idx=0 d=1: n=40 meanC=0.6184 meanAcc=1.0000
    d_idx=1 d=2: n=40 meanC=0.6440 meanAcc=1.0000
    d_idx=2 d=4: n=40 meanC=0.4030 meanAcc=1.0000
    d_idx=3 d=8: n=30 meanC=0.5000 meanAcc=1.0000
    C-slope=-0.05962/d_idx  acc-slope=+0.00000/d_idx -> clear
('ceiling', 'P'): |S|=40 items, 4 qualifying cells (n_rel>=30)
    d_idx=0 d=1: n=40 meanC=0.6184 meanAcc=0.0000
    d_idx=1 d=2: n=40 meanC=0.6440 meanAcc=0.0000
    d_idx=2 d=4: n=40 meanC=0.4030 meanAcc=0.0000
    d_idx=3 d=8: n=30 meanC=0.5000 meanAcc=0.0000
    C-slope=-0.05962/d_idx  acc-slope=+0.00000/d_idx -> clear
('cost', 'cost'): |S|=125 items, 5 qualifying cells (n_rel>=30)
    d_idx=0 d=1: n=125 meanC=0.9612 meanAcc=1.0000
    d_idx=1 d=2: n=125 meanC=0.9950 meanAcc=1.0000
    d_idx=2 d=4: n=125 meanC=0.9950 meanAcc=1.0000
    d_idx=3 d=8: n=125 meanC=0.9949 meanAcc=1.0000
    d_idx=4 d=16: n=125 meanC=0.9930 meanAcc=1.0000
    C-slope=+0.00634/d_idx  acc-slope=+0.00000/d_idx -> KILL (a) FIRES
('logic', 'logic'): |S|=264 items, 5 qualifying cells (n_rel>=30)
    d_idx=0 d=1: n=264 meanC=0.9921 meanAcc=1.0000
    d_idx=1 d=2: n=264 meanC=0.9958 meanAcc=1.0000
    d_idx=2 d=4: n=264 meanC=0.9946 meanAcc=1.0000
    d_idx=3 d=8: n=264 meanC=0.9943 meanAcc=1.0000
    d_idx=4 d=16: n=264 meanC=0.9955 meanAcc=1.0000
    C-slope=+0.00054/d_idx  acc-slope=+0.00000/d_idx -> KILL (a) FIRES
('redteam', 'redteam'): |S|=3 nondecreasing-f5 items, qualifying cells=0 (<2 -> VOID)
('revoke', 'revoke'): |S|=113 items, 5 qualifying cells (n_rel>=30)
    d_idx=0 d=1: n=113 meanC=0.9699 meanAcc=1.0000
    d_idx=1 d=2: n=113 meanC=0.9954 meanAcc=1.0000
    d_idx=2 d=4: n=113 meanC=0.9954 meanAcc=1.0000
    d_idx=3 d=8: n=113 meanC=0.9960 meanAcc=1.0000
    d_idx=4 d=16: n=113 meanC=0.9942 meanAcc=1.0000
    C-slope=+0.00492/d_idx  acc-slope=+0.00000/d_idx -> KILL (a) FIRES
('trap', 'trap'): |S|=85 items, 2 qualifying cells (n_rel>=30)
    d_idx=0 d=1: n=85 meanC=0.0416 meanAcc=0.0000
    d_idx=1 d=2: n=85 meanC=0.0100 meanAcc=0.0000
    C-slope=-0.03162/d_idx  acc-slope=+0.00000/d_idx -> clear

OVERALL kill (a): KILL
