ST_CELL,B,A1,1,5,S1,500
ST_TARGET,5,5
ST_QUORUM,0,0,0,0
ST_QUORUM,50,7,3,1
ST_QUORUM,100,5,3,1
ST_QUORUM,150,6,3,1
ST_QUORUM,200,6,3,1
ST_QUORUM,250,6,3,1
ST_QUORUM,300,6,3,1
ST_QUORUM,350,5,3,1
ST_QUORUM,400,5,3,1
ST_QUORUM,450,5,3,1
ST_QUORUM,499,5,3,1
ST_CHECK,refusals,0
ST_CHECK,replay,0
ST_CHECK,provenance,0
ST_SRR,5,0,1
ST_FCR,1875,0
ST_TAXONOMY,5,CORRUPTED
ST_TTD_COLLUSION,-1
ST_FREEZE,5,0,0
ST_RECOVERY,-1
ST_REV_LATENCY,-1
ST_DENIAL,0
ST_GENUINE_FLAGGED,0
ST_A6_MAXSTR,-1
ST_GATE_REFUSED,0
ST_B_SUSPECT,1
ST_STR_REFUSED,0
ST_FP,0,cad873146e49f9c88bbed94b76822134bdb05ef2e4a30455e873291d75eaabf5,5564830
ST_DONE
