ST_CELL,B,A4,1,11,S1,500
ST_TARGET,11,11
ST_QUORUM,0,0,0,0
ST_QUORUM,50,0,0,0
ST_QUORUM,100,0,0,0
ST_QUORUM,150,0,0,0
ST_QUORUM,200,0,0,0
ST_QUORUM,250,0,0,0
ST_QUORUM,300,0,0,0
ST_QUORUM,350,0,0,0
ST_QUORUM,400,0,0,0
ST_QUORUM,450,0,0,0
ST_QUORUM,499,0,0,0
ST_CHECK,refusals,0
ST_CHECK,replay,0
ST_CHECK,provenance,0
ST_SRR,11,0,0
ST_FCR,0,0
ST_TAXONOMY,11,GENUINE_REVISED
ST_TTD_COLLUSION,-1
ST_FREEZE,11,0,0
ST_RECOVERY,-1
ST_REV_LATENCY,2
ST_DENIAL,0
ST_GENUINE_FLAGGED,0
ST_A6_MAXSTR,-1
ST_GATE_REFUSED,0
ST_B_SUSPECT,1
ST_STR_REFUSED,0
ST_FP,0,98efa57cc1c4eb8bbba7a99d8ab0a3d72ef6d5c742ee7c6e22ddf4359cf81cca,5550632
ST_DONE
