ST_CELL,TNC,A1,1,0,S1,500
ST_TARGET,0,0
ST_QUORUM,0,0,0,0
ST_QUORUM,50,5,1,0
ST_QUORUM,100,5,1,0
ST_QUORUM,150,0,0,0
ST_QUORUM,200,0,0,0
ST_QUORUM,250,0,0,0
ST_QUORUM,300,0,0,0
ST_QUORUM,350,0,0,0
ST_QUORUM,400,0,0,0
ST_QUORUM,450,0,0,0
ST_QUORUM,499,0,0,0
ST_CHECK,refusals,0
ST_CHECK,replay,0
ST_CHECK,provenance,0
ST_SRR,0,0,0
ST_FCR,0,0
ST_TAXONOMY,0,CONTAINED
ST_TTD_COLLUSION,-1
ST_FREEZE,0,0,0
ST_RECOVERY,-1
ST_REV_LATENCY,-1
ST_DENIAL,0
ST_GENUINE_FLAGGED,0
ST_A6_MAXSTR,-1
ST_GATE_REFUSED,30
ST_B_SUSPECT,0
ST_STR_REFUSED,0
ST_FP,0,72f3c9471cba24466a535d0d9e9a9c48549bc7d71f02cf717fe1055970bdae46,5572437
ST_DONE
