ST_CELL,TNC,A5,1,0,S1,500
ST_TARGET,0,0
ST_QUORUM,0,0,0,0
ST_QUORUM,50,2,2,1
ST_QUORUM,100,4,2,1
ST_QUORUM,150,0,0,0
ST_QUORUM,200,0,0,0
ST_QUORUM,250,0,0,0
ST_QUORUM,300,0,0,0
ST_QUORUM,350,0,0,0
ST_QUORUM,400,0,0,0
ST_QUORUM,450,0,0,0
ST_QUORUM,499,0,0,0
ST_CHECK,refusals,0
ST_CHECK,replay,0
ST_CHECK,provenance,0
ST_SRR,0,0,1
ST_FCR,235,0
ST_TAXONOMY,0,CORRUPTED
ST_TTD_COLLUSION,-1
ST_FREEZE,0,0,0
ST_RECOVERY,-1
ST_REV_LATENCY,-1
ST_DENIAL,0
ST_GENUINE_FLAGGED,0
ST_A6_MAXSTR,-1
ST_GATE_REFUSED,0
ST_B_SUSPECT,0
ST_STR_REFUSED,0
ST_FP,0,c24ae4a3811ca5b3f94aad7d6a789680043a9db4f0c3e4848602b97dd5a11efa,5597143
ST_DONE
