ST_CELL,TNC,A6,2,1,S1,500
ST_TARGET,1,1
ST_QUORUM,0,0,0,0
ST_QUORUM,50,0,0,0
ST_QUORUM,100,0,0,0
ST_QUORUM,150,0,0,0
ST_QUORUM,200,0,0,0
ST_QUORUM,250,0,0,0
ST_QUORUM,300,0,0,0
ST_QUORUM,350,0,0,0
ST_QUORUM,400,0,0,0
ST_QUORUM,450,0,0,0
ST_QUORUM,499,0,0,0
ST_CHECK,refusals,0
ST_CHECK,replay,0
ST_CHECK,provenance,0
ST_SRR,1,0,0
ST_FCR,0,60
ST_TAXONOMY,1,HOLD
ST_TTD_COLLUSION,-1
ST_FREEZE,1,0,0
ST_RECOVERY,-1
ST_REV_LATENCY,-1
ST_DENIAL,0
ST_GENUINE_FLAGGED,0
ST_A6_MAXSTR,50
ST_GATE_REFUSED,0
ST_B_SUSPECT,0
ST_STR_REFUSED,30
ST_FP,0,75ff9c52ece5d0256926df42e983477f6e6ce0404435d6e8c8651ea8476793f9,5502464
ST_DONE
