ST_CELL,TNC,N0,2,5,S1,500
ST_TARGET,5,5
ST_QUORUM,0,0,0,0
ST_QUORUM,50,0,0,0
ST_QUORUM,100,0,0,0
ST_QUORUM,150,0,0,0
ST_QUORUM,200,0,0,0
ST_QUORUM,250,0,0,0
ST_QUORUM,300,0,0,0
ST_QUORUM,350,0,0,0
ST_QUORUM,400,0,0,0
ST_QUORUM,450,0,0,0
ST_QUORUM,499,0,0,0
ST_CHECK,refusals,0
ST_CHECK,replay,0
ST_CHECK,provenance,0
ST_SRR,5,0,0
ST_SRR,11,0,0
ST_FCR,0,0
ST_TAXONOMY,5,GENUINE_REVISED
ST_TAXONOMY,11,BLIND
ST_TTD_COLLUSION,-1
ST_FREEZE,5,0,0
ST_RECOVERY,-1
ST_REV_LATENCY,3
ST_DENIAL,0
ST_GENUINE_FLAGGED,0
ST_A6_MAXSTR,-1
ST_GATE_REFUSED,10
ST_B_SUSPECT,0
ST_STR_REFUSED,0
ST_FP,0,b1fd8b2868813d7f9f7b00e7186020acb926690f0eb602dfb158b4c7fdde8280,5499719
ST_DONE
