ST_CELL,T,A3,2,0,S1,500
ST_TARGET,0,0
ST_QUORUM,0,0,0,0
ST_QUORUM,50,0,0,0
ST_QUORUM,100,2,2,1
ST_QUORUM,150,0,0,0
ST_QUORUM,200,0,0,0
ST_QUORUM,250,0,0,0
ST_QUORUM,300,0,0,0
ST_QUORUM,350,0,0,0
ST_QUORUM,400,0,0,0
ST_QUORUM,450,0,0,0
ST_QUORUM,499,0,0,0
ST_CHECK,refusals,0
ST_CHECK,replay,0
ST_CHECK,provenance,0
ST_SRR,0,0,0
ST_FCR,0,10
ST_TAXONOMY,0,CONTAINED
ST_TTD_COLLUSION,-1
ST_DISTTRUST,2,4
ST_DISTTRUST,3,4
ST_FREEZE,0,0,0
ST_RECOVERY,9
ST_REV_LATENCY,-1
ST_DENIAL,0
ST_GENUINE_FLAGGED,0
ST_A6_MAXSTR,-1
ST_GATE_REFUSED,30
ST_B_SUSPECT,0
ST_STR_REFUSED,0
ST_FP,0,6e5209496d1eb6efe316ae9ae9f44f8dba72e212a04a2e25837cea7a396b2c70,5564501
ST_DONE
