ST_CELL,T,A5,0,11,S1,500
ST_TARGET,11,11
ST_QUORUM,0,0,0,0
ST_QUORUM,50,3,2,1
ST_QUORUM,100,0,0,0
ST_QUORUM,150,0,0,0
ST_QUORUM,200,0,0,0
ST_QUORUM,250,0,0,0
ST_QUORUM,300,0,0,0
ST_QUORUM,350,0,0,0
ST_QUORUM,400,0,0,0
ST_QUORUM,450,0,0,0
ST_QUORUM,499,0,0,0
ST_CHECK,refusals,0
ST_CHECK,replay,0
ST_CHECK,provenance,0
ST_SRR,11,0,1
ST_FCR,0,0
ST_TAXONOMY,11,CORRUPTED
ST_TTD_COLLUSION,-1
ST_DISTTRUST,1,4
ST_DISTTRUST,2,4
ST_DISTTRUST,3,4
ST_FREEZE,11,0,0
ST_RECOVERY,-1
ST_REV_LATENCY,-1
ST_DENIAL,0
ST_GENUINE_FLAGGED,0
ST_A6_MAXSTR,-1
ST_GATE_REFUSED,2
ST_B_SUSPECT,0
ST_STR_REFUSED,1
ST_FP,0,f07f10c0d83f900ee387463c063d3b81386eee68c83cd058139aa5bcf4ae6841,5573976
ST_DONE
