R27C,which=1,arm=auto,correct=32,wrong=32,abstain=16,spurious_slow=16,consol=32,condemn=0,preempt=0,revive=0,dropped=160,slow_evict=0,hist=32,hist_full=0,digest=89820595
R27C,slow,which=1,arm=auto,id=0,op=2,param=6,conf=175,spurious=1
R27C,slow,which=1,arm=auto,id=1,op=3,param=2,conf=175,spurious=1
R27C,slow,which=1,arm=auto,id=2,op=4,param=0,conf=150,spurious=1
R27C,slow,which=1,arm=auto,id=3,op=5,param=9,conf=150,spurious=1
R27C,slow,which=1,arm=auto,id=4,op=1,param=7,conf=150,spurious=1
R27C,slow,which=1,arm=auto,id=5,op=2,param=3,conf=150,spurious=1
R27C,slow,which=1,arm=auto,id=6,op=3,param=1,conf=150,spurious=1
R27C,slow,which=1,arm=auto,id=7,op=4,param=10,conf=150,spurious=1
R27C,slow,which=1,arm=auto,id=8,op=4,param=4,conf=150,spurious=0
R27C,slow,which=1,arm=auto,id=9,op=5,param=2,conf=150,spurious=0
R27C,slow,which=1,arm=auto,id=10,op=1,param=9,conf=150,spurious=0
R27C,slow,which=1,arm=auto,id=11,op=2,param=7,conf=150,spurious=0
R27C,slow,which=1,arm=auto,id=12,op=3,param=5,conf=150,spurious=0
R27C,slow,which=1,arm=auto,id=13,op=4,param=3,conf=150,spurious=0
R27C,slow,which=1,arm=auto,id=14,op=5,param=10,conf=150,spurious=0
R27C,slow,which=1,arm=auto,id=15,op=1,param=8,conf=150,spurious=0
R27C,slow,which=1,arm=auto,id=100,op=1,param=0,conf=150,spurious=1
R27C,slow,which=1,arm=auto,id=101,op=2,param=1,conf=150,spurious=1
R27C,slow,which=1,arm=auto,id=102,op=3,param=2,conf=150,spurious=1
R27C,slow,which=1,arm=auto,id=103,op=4,param=3,conf=150,spurious=1
R27C,slow,which=1,arm=auto,id=104,op=5,param=4,conf=150,spurious=1
R27C,slow,which=1,arm=auto,id=105,op=1,param=5,conf=150,spurious=1
R27C,slow,which=1,arm=auto,id=106,op=2,param=6,conf=150,spurious=1
R27C,slow,which=1,arm=auto,id=107,op=3,param=7,conf=150,spurious=1
R27C,hist,which=1,arm=auto,op=1,id=0,reason=6,step=90
R27C,hist,which=1,arm=auto,op=1,id=1,reason=6,step=90
R27C,hist,which=1,arm=auto,op=1,id=2,reason=6,step=90
R27C,hist,which=1,arm=auto,op=1,id=3,reason=6,step=90
R27C,hist,which=1,arm=auto,op=1,id=4,reason=6,step=90
R27C,hist,which=1,arm=auto,op=1,id=5,reason=6,step=90
R27C,hist,which=1,arm=auto,op=1,id=6,reason=6,step=90
R27C,hist,which=1,arm=auto,op=1,id=7,reason=6,step=90
R27C,hist,which=1,arm=auto,op=1,id=8,reason=6,step=90
R27C,hist,which=1,arm=auto,op=1,id=9,reason=6,step=90
R27C,hist,which=1,arm=auto,op=1,id=10,reason=6,step=100
R27C,hist,which=1,arm=auto,op=1,id=11,reason=6,step=100
R27C,hist,which=1,arm=auto,op=1,id=12,reason=6,step=100
R27C,hist,which=1,arm=auto,op=1,id=13,reason=6,step=100
R27C,hist,which=1,arm=auto,op=1,id=14,reason=6,step=100
R27C,hist,which=1,arm=auto,op=1,id=15,reason=6,step=100
R27C,hist,which=1,arm=auto,op=1,id=0,reason=8,step=370
R27C,hist,which=1,arm=auto,op=1,id=1,reason=8,step=370
R27C,hist,which=1,arm=auto,op=1,id=2,reason=8,step=370
R27C,hist,which=1,arm=auto,op=1,id=3,reason=8,step=370
R27C,hist,which=1,arm=auto,op=1,id=4,reason=8,step=370
R27C,hist,which=1,arm=auto,op=1,id=5,reason=8,step=370
R27C,hist,which=1,arm=auto,op=1,id=6,reason=8,step=370
R27C,hist,which=1,arm=auto,op=1,id=7,reason=8,step=370
R27C,hist,which=1,arm=auto,op=1,id=100,reason=6,step=560
R27C,hist,which=1,arm=auto,op=1,id=101,reason=6,step=560
R27C,hist,which=1,arm=auto,op=1,id=102,reason=6,step=560
R27C,hist,which=1,arm=auto,op=1,id=103,reason=6,step=560
R27C,hist,which=1,arm=auto,op=1,id=104,reason=6,step=560
R27C,hist,which=1,arm=auto,op=1,id=105,reason=6,step=560
R27C,hist,which=1,arm=auto,op=1,id=106,reason=6,step=560
R27C,hist,which=1,arm=auto,op=1,id=107,reason=6,step=560
R27C,determinism,which=1,arm=auto,match=1
R27C,which=1,arm=delib,correct=80,wrong=0,abstain=0,spurious_slow=0,consol=20,condemn=16,preempt=4,revive=0,dropped=0,slow_evict=0,hist=40,hist_full=0,digest=88826421
R27C,slow,which=1,arm=delib,id=0,op=1,param=2,conf=480,spurious=0
R27C,slow,which=1,arm=delib,id=1,op=2,param=9,conf=480,spurious=0
R27C,slow,which=1,arm=delib,id=2,op=3,param=7,conf=480,spurious=0
R27C,slow,which=1,arm=delib,id=3,op=4,param=5,conf=480,spurious=0
R27C,slow,which=1,arm=delib,id=4,op=5,param=3,conf=480,spurious=0
R27C,slow,which=1,arm=delib,id=5,op=1,param=10,conf=480,spurious=0
R27C,slow,which=1,arm=delib,id=6,op=2,param=8,conf=480,spurious=0
R27C,slow,which=1,arm=delib,id=7,op=3,param=6,conf=480,spurious=0
R27C,slow,which=1,arm=delib,id=8,op=4,param=4,conf=480,spurious=0
R27C,slow,which=1,arm=delib,id=9,op=5,param=2,conf=480,spurious=0
R27C,slow,which=1,arm=delib,id=10,op=1,param=9,conf=480,spurious=0
R27C,slow,which=1,arm=delib,id=11,op=2,param=7,conf=480,spurious=0
R27C,slow,which=1,arm=delib,id=12,op=3,param=5,conf=480,spurious=0
R27C,slow,which=1,arm=delib,id=13,op=4,param=3,conf=480,spurious=0
R27C,slow,which=1,arm=delib,id=14,op=5,param=10,conf=480,spurious=0
R27C,slow,which=1,arm=delib,id=15,op=1,param=8,conf=480,spurious=0
R27C,slow,which=1,arm=delib,id=16,op=2,param=6,conf=1000,spurious=0
R27C,slow,which=1,arm=delib,id=17,op=3,param=4,conf=1000,spurious=0
R27C,slow,which=1,arm=delib,id=18,op=4,param=2,conf=1000,spurious=0
R27C,slow,which=1,arm=delib,id=19,op=5,param=9,conf=1000,spurious=0
R27C,hist,which=1,arm=delib,op=1,id=0,reason=1,step=81
R27C,hist,which=1,arm=delib,op=1,id=1,reason=1,step=82
R27C,hist,which=1,arm=delib,op=1,id=2,reason=1,step=83
R27C,hist,which=1,arm=delib,op=1,id=3,reason=1,step=84
R27C,hist,which=1,arm=delib,op=1,id=4,reason=1,step=85
R27C,hist,which=1,arm=delib,op=1,id=5,reason=1,step=86
R27C,hist,which=1,arm=delib,op=1,id=6,reason=1,step=87
R27C,hist,which=1,arm=delib,op=1,id=7,reason=1,step=88
R27C,hist,which=1,arm=delib,op=1,id=8,reason=1,step=89
R27C,hist,which=1,arm=delib,op=1,id=9,reason=1,step=90
R27C,hist,which=1,arm=delib,op=1,id=10,reason=1,step=91
R27C,hist,which=1,arm=delib,op=1,id=11,reason=1,step=92
R27C,hist,which=1,arm=delib,op=1,id=12,reason=1,step=93
R27C,hist,which=1,arm=delib,op=1,id=13,reason=1,step=94
R27C,hist,which=1,arm=delib,op=1,id=14,reason=1,step=95
R27C,hist,which=1,arm=delib,op=1,id=15,reason=1,step=96
R27C,hist,which=1,arm=delib,op=2,id=0,reason=2,step=377
R27C,hist,which=1,arm=delib,op=2,id=1,reason=2,step=378
R27C,hist,which=1,arm=delib,op=2,id=2,reason=2,step=379
R27C,hist,which=1,arm=delib,op=2,id=3,reason=2,step=380
R27C,hist,which=1,arm=delib,op=2,id=4,reason=2,step=381
R27C,hist,which=1,arm=delib,op=2,id=5,reason=2,step=382
R27C,hist,which=1,arm=delib,op=2,id=6,reason=2,step=383
R27C,hist,which=1,arm=delib,op=2,id=7,reason=2,step=384
R27C,hist,which=1,arm=delib,op=2,id=100,reason=2,step=569
R27C,hist,which=1,arm=delib,op=2,id=101,reason=2,step=570
R27C,hist,which=1,arm=delib,op=2,id=102,reason=2,step=571
R27C,hist,which=1,arm=delib,op=2,id=103,reason=2,step=572
R27C,hist,which=1,arm=delib,op=2,id=104,reason=2,step=573
R27C,hist,which=1,arm=delib,op=2,id=105,reason=2,step=574
R27C,hist,which=1,arm=delib,op=2,id=106,reason=2,step=575
R27C,hist,which=1,arm=delib,op=2,id=107,reason=2,step=576
R27C,hist,which=1,arm=delib,op=2,id=0,reason=3,step=609
R27C,hist,which=1,arm=delib,op=1,id=16,reason=1,step=629
R27C,hist,which=1,arm=delib,op=2,id=1,reason=3,step=649
R27C,hist,which=1,arm=delib,op=1,id=17,reason=1,step=669
R27C,hist,which=1,arm=delib,op=2,id=2,reason=3,step=689
R27C,hist,which=1,arm=delib,op=1,id=18,reason=1,step=709
R27C,hist,which=1,arm=delib,op=2,id=3,reason=3,step=729
R27C,hist,which=1,arm=delib,op=1,id=19,reason=1,step=749
R27C,determinism,which=1,arm=delib,match=1
R27C,which=2,arm=auto,correct=56,wrong=24,abstain=0,spurious_slow=6,consol=28,condemn=0,preempt=0,revive=0,dropped=0,slow_evict=0,hist=28,hist_full=0,digest=962579342
R27C,slow,which=2,arm=auto,id=0,op=2,param=6,conf=150,spurious=1
R27C,slow,which=2,arm=auto,id=1,op=3,param=2,conf=150,spurious=1
R27C,slow,which=2,arm=auto,id=2,op=4,param=0,conf=150,spurious=1
R27C,slow,which=2,arm=auto,id=4,op=1,param=7,conf=150,spurious=1
R27C,slow,which=2,arm=auto,id=5,op=2,param=3,conf=150,spurious=1
R27C,slow,which=2,arm=auto,id=6,op=3,param=1,conf=150,spurious=1
R27C,slow,which=2,arm=auto,id=8,op=4,param=4,conf=150,spurious=0
R27C,slow,which=2,arm=auto,id=9,op=5,param=2,conf=150,spurious=0
R27C,slow,which=2,arm=auto,id=10,op=1,param=9,conf=150,spurious=0
R27C,slow,which=2,arm=auto,id=12,op=3,param=5,conf=150,spurious=0
R27C,slow,which=2,arm=auto,id=13,op=4,param=3,conf=150,spurious=0
R27C,slow,which=2,arm=auto,id=14,op=5,param=10,conf=150,spurious=0
R27C,slow,which=2,arm=auto,id=3,op=4,param=5,conf=150,spurious=0
R27C,slow,which=2,arm=auto,id=7,op=3,param=6,conf=150,spurious=0
R27C,slow,which=2,arm=auto,id=11,op=2,param=7,conf=150,spurious=0
R27C,slow,which=2,arm=auto,id=15,op=1,param=8,conf=150,spurious=0
R27C,slow,which=2,arm=auto,id=16,op=2,param=6,conf=250,spurious=0
R27C,slow,which=2,arm=auto,id=17,op=3,param=4,conf=250,spurious=0
R27C,slow,which=2,arm=auto,id=18,op=4,param=2,conf=250,spurious=0
R27C,slow,which=2,arm=auto,id=19,op=5,param=9,conf=250,spurious=0
R27C,hist,which=2,arm=auto,op=1,id=0,reason=6,step=90
R27C,hist,which=2,arm=auto,op=1,id=1,reason=6,step=90
R27C,hist,which=2,arm=auto,op=1,id=2,reason=6,step=90
R27C,hist,which=2,arm=auto,op=1,id=4,reason=6,step=90
R27C,hist,which=2,arm=auto,op=1,id=5,reason=6,step=90
R27C,hist,which=2,arm=auto,op=1,id=6,reason=6,step=90
R27C,hist,which=2,arm=auto,op=1,id=8,reason=6,step=90
R27C,hist,which=2,arm=auto,op=1,id=9,reason=6,step=90
R27C,hist,which=2,arm=auto,op=1,id=10,reason=6,step=100
R27C,hist,which=2,arm=auto,op=1,id=12,reason=6,step=100
R27C,hist,which=2,arm=auto,op=1,id=13,reason=6,step=100
R27C,hist,which=2,arm=auto,op=1,id=14,reason=6,step=100
R27C,hist,which=2,arm=auto,op=1,id=0,reason=8,step=170
R27C,hist,which=2,arm=auto,op=1,id=1,reason=8,step=170
R27C,hist,which=2,arm=auto,op=1,id=2,reason=8,step=180
R27C,hist,which=2,arm=auto,op=1,id=3,reason=6,step=180
R27C,hist,which=2,arm=auto,op=1,id=4,reason=8,step=180
R27C,hist,which=2,arm=auto,op=1,id=5,reason=8,step=190
R27C,hist,which=2,arm=auto,op=1,id=6,reason=8,step=190
R27C,hist,which=2,arm=auto,op=1,id=7,reason=6,step=200
R27C,hist,which=2,arm=auto,op=1,id=3,reason=8,step=410
R27C,hist,which=2,arm=auto,op=1,id=7,reason=8,step=410
R27C,hist,which=2,arm=auto,op=1,id=11,reason=6,step=420
R27C,hist,which=2,arm=auto,op=1,id=15,reason=6,step=420
R27C,hist,which=2,arm=auto,op=1,id=16,reason=6,step=490
R27C,hist,which=2,arm=auto,op=1,id=17,reason=6,step=510
R27C,hist,which=2,arm=auto,op=1,id=18,reason=6,step=530
R27C,hist,which=2,arm=auto,op=1,id=19,reason=6,step=550
R27C,determinism,which=2,arm=auto,match=1
R27C,which=2,arm=delib,correct=80,wrong=0,abstain=0,spurious_slow=0,consol=20,condemn=8,preempt=0,revive=0,dropped=0,slow_evict=0,hist=28,hist_full=0,digest=492924196
R27C,slow,which=2,arm=delib,id=0,op=1,param=2,conf=480,spurious=0
R27C,slow,which=2,arm=delib,id=1,op=2,param=9,conf=480,spurious=0
R27C,slow,which=2,arm=delib,id=2,op=3,param=7,conf=480,spurious=0
R27C,slow,which=2,arm=delib,id=4,op=5,param=3,conf=480,spurious=0
R27C,slow,which=2,arm=delib,id=5,op=1,param=10,conf=480,spurious=0
R27C,slow,which=2,arm=delib,id=6,op=2,param=8,conf=480,spurious=0
R27C,slow,which=2,arm=delib,id=8,op=4,param=4,conf=480,spurious=0
R27C,slow,which=2,arm=delib,id=9,op=5,param=2,conf=480,spurious=0
R27C,slow,which=2,arm=delib,id=10,op=1,param=9,conf=480,spurious=0
R27C,slow,which=2,arm=delib,id=12,op=3,param=5,conf=480,spurious=0
R27C,slow,which=2,arm=delib,id=13,op=4,param=3,conf=480,spurious=0
R27C,slow,which=2,arm=delib,id=14,op=5,param=10,conf=480,spurious=0
R27C,slow,which=2,arm=delib,id=3,op=4,param=5,conf=480,spurious=0
R27C,slow,which=2,arm=delib,id=7,op=3,param=6,conf=480,spurious=0
R27C,slow,which=2,arm=delib,id=11,op=2,param=7,conf=480,spurious=0
R27C,slow,which=2,arm=delib,id=15,op=1,param=8,conf=480,spurious=0
R27C,slow,which=2,arm=delib,id=16,op=2,param=6,conf=680,spurious=0
R27C,slow,which=2,arm=delib,id=17,op=3,param=4,conf=680,spurious=0
R27C,slow,which=2,arm=delib,id=18,op=4,param=2,conf=680,spurious=0
R27C,slow,which=2,arm=delib,id=19,op=5,param=9,conf=680,spurious=0
R27C,hist,which=2,arm=delib,op=1,id=0,reason=1,step=81
R27C,hist,which=2,arm=delib,op=1,id=1,reason=1,step=82
R27C,hist,which=2,arm=delib,op=1,id=2,reason=1,step=83
R27C,hist,which=2,arm=delib,op=1,id=4,reason=1,step=85
R27C,hist,which=2,arm=delib,op=1,id=5,reason=1,step=86
R27C,hist,which=2,arm=delib,op=1,id=6,reason=1,step=87
R27C,hist,which=2,arm=delib,op=1,id=8,reason=1,step=89
R27C,hist,which=2,arm=delib,op=1,id=9,reason=1,step=90
R27C,hist,which=2,arm=delib,op=1,id=10,reason=1,step=91
R27C,hist,which=2,arm=delib,op=1,id=12,reason=1,step=93
R27C,hist,which=2,arm=delib,op=1,id=13,reason=1,step=94
R27C,hist,which=2,arm=delib,op=1,id=14,reason=1,step=95
R27C,hist,which=2,arm=delib,op=2,id=0,reason=2,step=228
R27C,hist,which=2,arm=delib,op=2,id=1,reason=2,step=232
R27C,hist,which=2,arm=delib,op=2,id=2,reason=2,step=236
R27C,hist,which=2,arm=delib,op=2,id=3,reason=2,step=240
R27C,hist,which=2,arm=delib,op=2,id=4,reason=2,step=244
R27C,hist,which=2,arm=delib,op=2,id=5,reason=2,step=248
R27C,hist,which=2,arm=delib,op=2,id=6,reason=2,step=252
R27C,hist,which=2,arm=delib,op=2,id=7,reason=2,step=256
R27C,hist,which=2,arm=delib,op=1,id=3,reason=1,step=404
R27C,hist,which=2,arm=delib,op=1,id=7,reason=1,step=408
R27C,hist,which=2,arm=delib,op=1,id=11,reason=1,step=412
R27C,hist,which=2,arm=delib,op=1,id=15,reason=1,step=416
R27C,hist,which=2,arm=delib,op=1,id=16,reason=1,step=491
R27C,hist,which=2,arm=delib,op=1,id=17,reason=1,step=511
R27C,hist,which=2,arm=delib,op=1,id=18,reason=1,step=531
R27C,hist,which=2,arm=delib,op=1,id=19,reason=1,step=551
R27C,determinism,which=2,arm=delib,match=1
R27C,which=3,arm=auto,correct=128,wrong=128,abstain=64,spurious_slow=64,consol=128,condemn=0,preempt=0,revive=0,dropped=640,slow_evict=0,hist=128,hist_full=0,digest=670018724
R27C,slow,which=3,arm=auto,id=0,op=2,param=6,conf=150,spurious=1
R27C,slow,which=3,arm=auto,id=1,op=3,param=2,conf=150,spurious=1
R27C,slow,which=3,arm=auto,id=2,op=4,param=0,conf=150,spurious=1
R27C,slow,which=3,arm=auto,id=3,op=5,param=9,conf=150,spurious=1
R27C,slow,which=3,arm=auto,id=4,op=1,param=7,conf=150,spurious=1
R27C,slow,which=3,arm=auto,id=5,op=2,param=3,conf=150,spurious=1
R27C,slow,which=3,arm=auto,id=6,op=3,param=1,conf=150,spurious=1
R27C,slow,which=3,arm=auto,id=7,op=4,param=10,conf=150,spurious=1
R27C,slow,which=3,arm=auto,id=8,op=5,param=8,conf=150,spurious=1
R27C,slow,which=3,arm=auto,id=9,op=1,param=6,conf=150,spurious=1
R27C,slow,which=3,arm=auto,id=10,op=2,param=2,conf=150,spurious=1
R27C,slow,which=3,arm=auto,id=11,op=3,param=0,conf=150,spurious=1
R27C,slow,which=3,arm=auto,id=12,op=4,param=9,conf=150,spurious=1
R27C,slow,which=3,arm=auto,id=13,op=5,param=7,conf=150,spurious=1
R27C,slow,which=3,arm=auto,id=14,op=1,param=3,conf=150,spurious=1
R27C,slow,which=3,arm=auto,id=15,op=2,param=1,conf=150,spurious=1
R27C,slow,which=3,arm=auto,id=16,op=3,param=10,conf=150,spurious=1
R27C,slow,which=3,arm=auto,id=17,op=4,param=8,conf=150,spurious=1
R27C,slow,which=3,arm=auto,id=18,op=5,param=6,conf=150,spurious=1
R27C,slow,which=3,arm=auto,id=19,op=1,param=2,conf=150,spurious=1
R27C,slow,which=3,arm=auto,id=20,op=2,param=0,conf=150,spurious=1
R27C,slow,which=3,arm=auto,id=21,op=3,param=9,conf=150,spurious=1
R27C,slow,which=3,arm=auto,id=22,op=4,param=7,conf=150,spurious=1
R27C,slow,which=3,arm=auto,id=23,op=5,param=3,conf=150,spurious=1
R27C,slow,which=3,arm=auto,id=24,op=1,param=1,conf=150,spurious=1
R27C,slow,which=3,arm=auto,id=25,op=2,param=10,conf=150,spurious=1
R27C,slow,which=3,arm=auto,id=26,op=3,param=8,conf=150,spurious=1
R27C,slow,which=3,arm=auto,id=27,op=4,param=6,conf=150,spurious=1
R27C,slow,which=3,arm=auto,id=28,op=5,param=2,conf=150,spurious=1
R27C,slow,which=3,arm=auto,id=29,op=1,param=0,conf=150,spurious=1
R27C,slow,which=3,arm=auto,id=30,op=2,param=9,conf=150,spurious=1
R27C,slow,which=3,arm=auto,id=31,op=3,param=7,conf=150,spurious=1
R27C,slow,which=3,arm=auto,id=32,op=3,param=10,conf=150,spurious=0
R27C,slow,which=3,arm=auto,id=33,op=4,param=8,conf=150,spurious=0
R27C,slow,which=3,arm=auto,id=34,op=5,param=6,conf=150,spurious=0
R27C,slow,which=3,arm=auto,id=35,op=1,param=4,conf=150,spurious=0
R27C,slow,which=3,arm=auto,id=36,op=2,param=2,conf=150,spurious=0
R27C,slow,which=3,arm=auto,id=37,op=3,param=9,conf=150,spurious=0
R27C,slow,which=3,arm=auto,id=38,op=4,param=7,conf=150,spurious=0
R27C,slow,which=3,arm=auto,id=39,op=5,param=5,conf=150,spurious=0
R27C,slow,which=3,arm=auto,id=40,op=1,param=3,conf=150,spurious=0
R27C,slow,which=3,arm=auto,id=41,op=2,param=10,conf=150,spurious=0
R27C,slow,which=3,arm=auto,id=42,op=3,param=8,conf=150,spurious=0
R27C,slow,which=3,arm=auto,id=43,op=4,param=6,conf=150,spurious=0
R27C,slow,which=3,arm=auto,id=44,op=5,param=4,conf=150,spurious=0
R27C,slow,which=3,arm=auto,id=45,op=1,param=2,conf=150,spurious=0
R27C,slow,which=3,arm=auto,id=46,op=2,param=9,conf=150,spurious=0
R27C,slow,which=3,arm=auto,id=47,op=3,param=7,conf=150,spurious=0
R27C,slow,which=3,arm=auto,id=48,op=4,param=5,conf=150,spurious=0
R27C,slow,which=3,arm=auto,id=49,op=5,param=3,conf=150,spurious=0
R27C,slow,which=3,arm=auto,id=50,op=1,param=10,conf=150,spurious=0
R27C,slow,which=3,arm=auto,id=51,op=2,param=8,conf=150,spurious=0
R27C,slow,which=3,arm=auto,id=52,op=3,param=6,conf=150,spurious=0
R27C,slow,which=3,arm=auto,id=53,op=4,param=4,conf=150,spurious=0
R27C,slow,which=3,arm=auto,id=54,op=5,param=2,conf=150,spurious=0
R27C,slow,which=3,arm=auto,id=55,op=1,param=9,conf=150,spurious=0
R27C,slow,which=3,arm=auto,id=56,op=2,param=7,conf=150,spurious=0
R27C,slow,which=3,arm=auto,id=57,op=3,param=5,conf=150,spurious=0
R27C,slow,which=3,arm=auto,id=58,op=4,param=3,conf=150,spurious=0
R27C,slow,which=3,arm=auto,id=59,op=5,param=10,conf=150,spurious=0
R27C,slow,which=3,arm=auto,id=60,op=1,param=8,conf=150,spurious=0
R27C,slow,which=3,arm=auto,id=61,op=2,param=6,conf=150,spurious=0
R27C,slow,which=3,arm=auto,id=62,op=3,param=4,conf=150,spurious=0
R27C,slow,which=3,arm=auto,id=63,op=4,param=2,conf=150,spurious=0
R27C,slow,which=3,arm=auto,id=1000,op=1,param=0,conf=150,spurious=1
R27C,slow,which=3,arm=auto,id=1001,op=2,param=1,conf=150,spurious=1
R27C,slow,which=3,arm=auto,id=1002,op=3,param=2,conf=150,spurious=1
R27C,slow,which=3,arm=auto,id=1003,op=4,param=3,conf=150,spurious=1
R27C,slow,which=3,arm=auto,id=1004,op=5,param=4,conf=150,spurious=1
R27C,slow,which=3,arm=auto,id=1005,op=1,param=5,conf=150,spurious=1
R27C,slow,which=3,arm=auto,id=1006,op=2,param=6,conf=150,spurious=1
R27C,slow,which=3,arm=auto,id=1007,op=3,param=7,conf=150,spurious=1
R27C,slow,which=3,arm=auto,id=1008,op=4,param=8,conf=150,spurious=1
R27C,slow,which=3,arm=auto,id=1009,op=5,param=9,conf=150,spurious=1
R27C,slow,which=3,arm=auto,id=1010,op=1,param=10,conf=150,spurious=1
R27C,slow,which=3,arm=auto,id=1011,op=2,param=0,conf=150,spurious=1
R27C,slow,which=3,arm=auto,id=1012,op=3,param=1,conf=150,spurious=1
R27C,slow,which=3,arm=auto,id=1013,op=4,param=2,conf=150,spurious=1
R27C,slow,which=3,arm=auto,id=1014,op=5,param=3,conf=150,spurious=1
R27C,slow,which=3,arm=auto,id=1015,op=1,param=4,conf=150,spurious=1
R27C,slow,which=3,arm=auto,id=1016,op=2,param=5,conf=150,spurious=1
R27C,slow,which=3,arm=auto,id=1017,op=3,param=6,conf=150,spurious=1
R27C,slow,which=3,arm=auto,id=1018,op=4,param=7,conf=150,spurious=1
R27C,slow,which=3,arm=auto,id=1019,op=5,param=8,conf=150,spurious=1
R27C,slow,which=3,arm=auto,id=1020,op=1,param=9,conf=150,spurious=1
R27C,slow,which=3,arm=auto,id=1021,op=2,param=10,conf=150,spurious=1
R27C,slow,which=3,arm=auto,id=1022,op=3,param=0,conf=150,spurious=1
R27C,slow,which=3,arm=auto,id=1023,op=4,param=1,conf=150,spurious=1
R27C,slow,which=3,arm=auto,id=1024,op=5,param=2,conf=150,spurious=1
R27C,slow,which=3,arm=auto,id=1025,op=1,param=3,conf=150,spurious=1
R27C,slow,which=3,arm=auto,id=1026,op=2,param=4,conf=150,spurious=1
R27C,slow,which=3,arm=auto,id=1027,op=3,param=5,conf=150,spurious=1
R27C,slow,which=3,arm=auto,id=1028,op=4,param=6,conf=150,spurious=1
R27C,slow,which=3,arm=auto,id=1029,op=5,param=7,conf=150,spurious=1
R27C,slow,which=3,arm=auto,id=1030,op=1,param=8,conf=150,spurious=1
R27C,slow,which=3,arm=auto,id=1031,op=2,param=9,conf=150,spurious=1
R27C,hist,which=3,arm=auto,op=1,id=0,reason=6,step=330
R27C,hist,which=3,arm=auto,op=1,id=1,reason=6,step=330
R27C,hist,which=3,arm=auto,op=1,id=2,reason=6,step=330
R27C,hist,which=3,arm=auto,op=1,id=3,reason=6,step=330
R27C,hist,which=3,arm=auto,op=1,id=4,reason=6,step=330
R27C,hist,which=3,arm=auto,op=1,id=5,reason=6,step=330
R27C,hist,which=3,arm=auto,op=1,id=6,reason=6,step=330
R27C,hist,which=3,arm=auto,op=1,id=7,reason=6,step=330
R27C,hist,which=3,arm=auto,op=1,id=8,reason=6,step=330
R27C,hist,which=3,arm=auto,op=1,id=9,reason=6,step=330
R27C,hist,which=3,arm=auto,op=1,id=10,reason=6,step=340
R27C,hist,which=3,arm=auto,op=1,id=11,reason=6,step=340
R27C,hist,which=3,arm=auto,op=1,id=12,reason=6,step=340
R27C,hist,which=3,arm=auto,op=1,id=13,reason=6,step=340
R27C,hist,which=3,arm=auto,op=1,id=14,reason=6,step=340
R27C,hist,which=3,arm=auto,op=1,id=15,reason=6,step=340
R27C,hist,which=3,arm=auto,op=1,id=16,reason=6,step=340
R27C,hist,which=3,arm=auto,op=1,id=17,reason=6,step=340
R27C,hist,which=3,arm=auto,op=1,id=18,reason=6,step=340
R27C,hist,which=3,arm=auto,op=1,id=19,reason=6,step=340
R27C,hist,which=3,arm=auto,op=1,id=20,reason=6,step=350
R27C,hist,which=3,arm=auto,op=1,id=21,reason=6,step=350
R27C,hist,which=3,arm=auto,op=1,id=22,reason=6,step=350
R27C,hist,which=3,arm=auto,op=1,id=23,reason=6,step=350
R27C,hist,which=3,arm=auto,op=1,id=24,reason=6,step=350
R27C,hist,which=3,arm=auto,op=1,id=25,reason=6,step=350
R27C,hist,which=3,arm=auto,op=1,id=26,reason=6,step=350
R27C,hist,which=3,arm=auto,op=1,id=27,reason=6,step=350
R27C,hist,which=3,arm=auto,op=1,id=28,reason=6,step=350
R27C,hist,which=3,arm=auto,op=1,id=29,reason=6,step=350
R27C,hist,which=3,arm=auto,op=1,id=30,reason=6,step=360
R27C,hist,which=3,arm=auto,op=1,id=31,reason=6,step=360
R27C,hist,which=3,arm=auto,op=1,id=32,reason=6,step=360
R27C,hist,which=3,arm=auto,op=1,id=33,reason=6,step=360
R27C,hist,which=3,arm=auto,op=1,id=34,reason=6,step=360
R27C,hist,which=3,arm=auto,op=1,id=35,reason=6,step=360
R27C,hist,which=3,arm=auto,op=1,id=36,reason=6,step=360
R27C,hist,which=3,arm=auto,op=1,id=37,reason=6,step=360
R27C,hist,which=3,arm=auto,op=1,id=38,reason=6,step=360
R27C,hist,which=3,arm=auto,op=1,id=39,reason=6,step=360
R27C,hist,which=3,arm=auto,op=1,id=40,reason=6,step=370
R27C,hist,which=3,arm=auto,op=1,id=41,reason=6,step=370
R27C,hist,which=3,arm=auto,op=1,id=42,reason=6,step=370
R27C,hist,which=3,arm=auto,op=1,id=43,reason=6,step=370
R27C,hist,which=3,arm=auto,op=1,id=44,reason=6,step=370
R27C,hist,which=3,arm=auto,op=1,id=45,reason=6,step=370
R27C,hist,which=3,arm=auto,op=1,id=46,reason=6,step=370
R27C,hist,which=3,arm=auto,op=1,id=47,reason=6,step=370
R27C,hist,which=3,arm=auto,op=1,id=48,reason=6,step=370
R27C,hist,which=3,arm=auto,op=1,id=49,reason=6,step=370
R27C,hist,which=3,arm=auto,op=1,id=50,reason=6,step=380
R27C,hist,which=3,arm=auto,op=1,id=51,reason=6,step=380
R27C,hist,which=3,arm=auto,op=1,id=52,reason=6,step=380
R27C,hist,which=3,arm=auto,op=1,id=53,reason=6,step=380
R27C,hist,which=3,arm=auto,op=1,id=54,reason=6,step=380
R27C,hist,which=3,arm=auto,op=1,id=55,reason=6,step=380
R27C,hist,which=3,arm=auto,op=1,id=56,reason=6,step=380
R27C,hist,which=3,arm=auto,op=1,id=57,reason=6,step=380
R27C,hist,which=3,arm=auto,op=1,id=58,reason=6,step=380
R27C,hist,which=3,arm=auto,op=1,id=59,reason=6,step=380
R27C,hist,which=3,arm=auto,op=1,id=60,reason=6,step=390
R27C,hist,which=3,arm=auto,op=1,id=61,reason=6,step=390
R27C,hist,which=3,arm=auto,op=1,id=62,reason=6,step=390
R27C,hist,which=3,arm=auto,op=1,id=63,reason=6,step=390
R27C,hist,which=3,arm=auto,op=1,id=0,reason=8,step=1450
R27C,hist,which=3,arm=auto,op=1,id=1,reason=8,step=1450
R27C,hist,which=3,arm=auto,op=1,id=2,reason=8,step=1450
R27C,hist,which=3,arm=auto,op=1,id=3,reason=8,step=1450
R27C,hist,which=3,arm=auto,op=1,id=4,reason=8,step=1450
R27C,hist,which=3,arm=auto,op=1,id=5,reason=8,step=1450
R27C,hist,which=3,arm=auto,op=1,id=6,reason=8,step=1450
R27C,hist,which=3,arm=auto,op=1,id=7,reason=8,step=1450
R27C,hist,which=3,arm=auto,op=1,id=8,reason=8,step=1450
R27C,hist,which=3,arm=auto,op=1,id=9,reason=8,step=1450
R27C,hist,which=3,arm=auto,op=1,id=10,reason=8,step=1460
R27C,hist,which=3,arm=auto,op=1,id=11,reason=8,step=1460
R27C,hist,which=3,arm=auto,op=1,id=12,reason=8,step=1460
R27C,hist,which=3,arm=auto,op=1,id=13,reason=8,step=1460
R27C,hist,which=3,arm=auto,op=1,id=14,reason=8,step=1460
R27C,hist,which=3,arm=auto,op=1,id=15,reason=8,step=1460
R27C,hist,which=3,arm=auto,op=1,id=16,reason=8,step=1460
R27C,hist,which=3,arm=auto,op=1,id=17,reason=8,step=1460
R27C,hist,which=3,arm=auto,op=1,id=18,reason=8,step=1460
R27C,hist,which=3,arm=auto,op=1,id=19,reason=8,step=1460
R27C,hist,which=3,arm=auto,op=1,id=20,reason=8,step=1470
R27C,hist,which=3,arm=auto,op=1,id=21,reason=8,step=1470
R27C,hist,which=3,arm=auto,op=1,id=22,reason=8,step=1470
R27C,hist,which=3,arm=auto,op=1,id=23,reason=8,step=1470
R27C,hist,which=3,arm=auto,op=1,id=24,reason=8,step=1470
R27C,hist,which=3,arm=auto,op=1,id=25,reason=8,step=1470
R27C,hist,which=3,arm=auto,op=1,id=26,reason=8,step=1470
R27C,hist,which=3,arm=auto,op=1,id=27,reason=8,step=1470
R27C,hist,which=3,arm=auto,op=1,id=28,reason=8,step=1470
R27C,hist,which=3,arm=auto,op=1,id=29,reason=8,step=1470
R27C,hist,which=3,arm=auto,op=1,id=30,reason=8,step=1480
R27C,hist,which=3,arm=auto,op=1,id=31,reason=8,step=1480
R27C,hist,which=3,arm=auto,op=1,id=1000,reason=6,step=2210
R27C,hist,which=3,arm=auto,op=1,id=1001,reason=6,step=2210
R27C,hist,which=3,arm=auto,op=1,id=1002,reason=6,step=2220
R27C,hist,which=3,arm=auto,op=1,id=1003,reason=6,step=2220
R27C,hist,which=3,arm=auto,op=1,id=1004,reason=6,step=2220
R27C,hist,which=3,arm=auto,op=1,id=1005,reason=6,step=2220
R27C,hist,which=3,arm=auto,op=1,id=1006,reason=6,step=2220
R27C,hist,which=3,arm=auto,op=1,id=1007,reason=6,step=2220
R27C,hist,which=3,arm=auto,op=1,id=1008,reason=6,step=2220
R27C,hist,which=3,arm=auto,op=1,id=1009,reason=6,step=2220
R27C,hist,which=3,arm=auto,op=1,id=1010,reason=6,step=2220
R27C,hist,which=3,arm=auto,op=1,id=1011,reason=6,step=2220
R27C,hist,which=3,arm=auto,op=1,id=1012,reason=6,step=2230
R27C,hist,which=3,arm=auto,op=1,id=1013,reason=6,step=2230
R27C,hist,which=3,arm=auto,op=1,id=1014,reason=6,step=2230
R27C,hist,which=3,arm=auto,op=1,id=1015,reason=6,step=2230
R27C,hist,which=3,arm=auto,op=1,id=1016,reason=6,step=2230
R27C,hist,which=3,arm=auto,op=1,id=1017,reason=6,step=2230
R27C,hist,which=3,arm=auto,op=1,id=1018,reason=6,step=2230
R27C,hist,which=3,arm=auto,op=1,id=1019,reason=6,step=2230
R27C,hist,which=3,arm=auto,op=1,id=1020,reason=6,step=2230
R27C,hist,which=3,arm=auto,op=1,id=1021,reason=6,step=2230
R27C,hist,which=3,arm=auto,op=1,id=1022,reason=6,step=2240
R27C,hist,which=3,arm=auto,op=1,id=1023,reason=6,step=2240
R27C,hist,which=3,arm=auto,op=1,id=1024,reason=6,step=2240
R27C,hist,which=3,arm=auto,op=1,id=1025,reason=6,step=2240
R27C,hist,which=3,arm=auto,op=1,id=1026,reason=6,step=2240
R27C,hist,which=3,arm=auto,op=1,id=1027,reason=6,step=2240
R27C,hist,which=3,arm=auto,op=1,id=1028,reason=6,step=2240
R27C,hist,which=3,arm=auto,op=1,id=1029,reason=6,step=2240
R27C,hist,which=3,arm=auto,op=1,id=1030,reason=6,step=2240
R27C,hist,which=3,arm=auto,op=1,id=1031,reason=6,step=2240
R27C,determinism,which=3,arm=auto,match=1
R27C,which=3,arm=delib,correct=320,wrong=0,abstain=0,spurious_slow=0,consol=80,condemn=64,preempt=16,revive=0,dropped=0,slow_evict=0,hist=160,hist_full=0,digest=351260781
R27C,slow,which=3,arm=delib,id=0,op=1,param=2,conf=480,spurious=0
R27C,slow,which=3,arm=delib,id=1,op=2,param=9,conf=480,spurious=0
R27C,slow,which=3,arm=delib,id=2,op=3,param=7,conf=480,spurious=0
R27C,slow,which=3,arm=delib,id=3,op=4,param=5,conf=480,spurious=0
R27C,slow,which=3,arm=delib,id=4,op=5,param=3,conf=480,spurious=0
R27C,slow,which=3,arm=delib,id=5,op=1,param=10,conf=480,spurious=0
R27C,slow,which=3,arm=delib,id=6,op=2,param=8,conf=480,spurious=0
R27C,slow,which=3,arm=delib,id=7,op=3,param=6,conf=480,spurious=0
R27C,slow,which=3,arm=delib,id=8,op=4,param=4,conf=480,spurious=0
R27C,slow,which=3,arm=delib,id=9,op=5,param=2,conf=480,spurious=0
R27C,slow,which=3,arm=delib,id=10,op=1,param=9,conf=480,spurious=0
R27C,slow,which=3,arm=delib,id=11,op=2,param=7,conf=480,spurious=0
R27C,slow,which=3,arm=delib,id=12,op=3,param=5,conf=480,spurious=0
R27C,slow,which=3,arm=delib,id=13,op=4,param=3,conf=480,spurious=0
R27C,slow,which=3,arm=delib,id=14,op=5,param=10,conf=480,spurious=0
R27C,slow,which=3,arm=delib,id=15,op=1,param=8,conf=480,spurious=0
R27C,slow,which=3,arm=delib,id=16,op=2,param=6,conf=480,spurious=0
R27C,slow,which=3,arm=delib,id=17,op=3,param=4,conf=480,spurious=0
R27C,slow,which=3,arm=delib,id=18,op=4,param=2,conf=480,spurious=0
R27C,slow,which=3,arm=delib,id=19,op=5,param=9,conf=480,spurious=0
R27C,slow,which=3,arm=delib,id=20,op=1,param=7,conf=480,spurious=0
R27C,slow,which=3,arm=delib,id=21,op=2,param=5,conf=480,spurious=0
R27C,slow,which=3,arm=delib,id=22,op=3,param=3,conf=480,spurious=0
R27C,slow,which=3,arm=delib,id=23,op=4,param=10,conf=480,spurious=0
R27C,slow,which=3,arm=delib,id=24,op=5,param=8,conf=480,spurious=0
R27C,slow,which=3,arm=delib,id=25,op=1,param=6,conf=480,spurious=0
R27C,slow,which=3,arm=delib,id=26,op=2,param=4,conf=480,spurious=0
R27C,slow,which=3,arm=delib,id=27,op=3,param=2,conf=480,spurious=0
R27C,slow,which=3,arm=delib,id=28,op=4,param=9,conf=480,spurious=0
R27C,slow,which=3,arm=delib,id=29,op=5,param=7,conf=480,spurious=0
R27C,slow,which=3,arm=delib,id=30,op=1,param=5,conf=480,spurious=0
R27C,slow,which=3,arm=delib,id=31,op=2,param=3,conf=480,spurious=0
R27C,slow,which=3,arm=delib,id=32,op=3,param=10,conf=480,spurious=0
R27C,slow,which=3,arm=delib,id=33,op=4,param=8,conf=480,spurious=0
R27C,slow,which=3,arm=delib,id=34,op=5,param=6,conf=480,spurious=0
R27C,slow,which=3,arm=delib,id=35,op=1,param=4,conf=480,spurious=0
R27C,slow,which=3,arm=delib,id=36,op=2,param=2,conf=480,spurious=0
R27C,slow,which=3,arm=delib,id=37,op=3,param=9,conf=480,spurious=0
R27C,slow,which=3,arm=delib,id=38,op=4,param=7,conf=480,spurious=0
R27C,slow,which=3,arm=delib,id=39,op=5,param=5,conf=480,spurious=0
R27C,slow,which=3,arm=delib,id=40,op=1,param=3,conf=480,spurious=0
R27C,slow,which=3,arm=delib,id=41,op=2,param=10,conf=480,spurious=0
R27C,slow,which=3,arm=delib,id=42,op=3,param=8,conf=480,spurious=0
R27C,slow,which=3,arm=delib,id=43,op=4,param=6,conf=480,spurious=0
R27C,slow,which=3,arm=delib,id=44,op=5,param=4,conf=480,spurious=0
R27C,slow,which=3,arm=delib,id=45,op=1,param=2,conf=480,spurious=0
R27C,slow,which=3,arm=delib,id=46,op=2,param=9,conf=480,spurious=0
R27C,slow,which=3,arm=delib,id=47,op=3,param=7,conf=480,spurious=0
R27C,slow,which=3,arm=delib,id=48,op=4,param=5,conf=480,spurious=0
R27C,slow,which=3,arm=delib,id=49,op=5,param=3,conf=480,spurious=0
R27C,slow,which=3,arm=delib,id=50,op=1,param=10,conf=480,spurious=0
R27C,slow,which=3,arm=delib,id=51,op=2,param=8,conf=480,spurious=0
R27C,slow,which=3,arm=delib,id=52,op=3,param=6,conf=480,spurious=0
R27C,slow,which=3,arm=delib,id=53,op=4,param=4,conf=480,spurious=0
R27C,slow,which=3,arm=delib,id=54,op=5,param=2,conf=480,spurious=0
R27C,slow,which=3,arm=delib,id=55,op=1,param=9,conf=480,spurious=0
R27C,slow,which=3,arm=delib,id=56,op=2,param=7,conf=480,spurious=0
R27C,slow,which=3,arm=delib,id=57,op=3,param=5,conf=480,spurious=0
R27C,slow,which=3,arm=delib,id=58,op=4,param=3,conf=480,spurious=0
R27C,slow,which=3,arm=delib,id=59,op=5,param=10,conf=480,spurious=0
R27C,slow,which=3,arm=delib,id=60,op=1,param=8,conf=480,spurious=0
R27C,slow,which=3,arm=delib,id=61,op=2,param=6,conf=480,spurious=0
R27C,slow,which=3,arm=delib,id=62,op=3,param=4,conf=480,spurious=0
R27C,slow,which=3,arm=delib,id=63,op=4,param=2,conf=480,spurious=0
R27C,slow,which=3,arm=delib,id=64,op=5,param=9,conf=1000,spurious=0
R27C,slow,which=3,arm=delib,id=65,op=1,param=7,conf=1000,spurious=0
R27C,slow,which=3,arm=delib,id=66,op=2,param=5,conf=1000,spurious=0
R27C,slow,which=3,arm=delib,id=67,op=3,param=3,conf=1000,spurious=0
R27C,slow,which=3,arm=delib,id=68,op=4,param=10,conf=1000,spurious=0
R27C,slow,which=3,arm=delib,id=69,op=5,param=8,conf=1000,spurious=0
R27C,slow,which=3,arm=delib,id=70,op=1,param=6,conf=1000,spurious=0
R27C,slow,which=3,arm=delib,id=71,op=2,param=4,conf=1000,spurious=0
R27C,slow,which=3,arm=delib,id=72,op=3,param=2,conf=1000,spurious=0
R27C,slow,which=3,arm=delib,id=73,op=4,param=9,conf=1000,spurious=0
R27C,slow,which=3,arm=delib,id=74,op=5,param=7,conf=1000,spurious=0
R27C,slow,which=3,arm=delib,id=75,op=1,param=5,conf=1000,spurious=0
R27C,slow,which=3,arm=delib,id=76,op=2,param=3,conf=1000,spurious=0
R27C,slow,which=3,arm=delib,id=77,op=3,param=10,conf=1000,spurious=0
R27C,slow,which=3,arm=delib,id=78,op=4,param=8,conf=1000,spurious=0
R27C,slow,which=3,arm=delib,id=79,op=5,param=6,conf=1000,spurious=0
R27C,hist,which=3,arm=delib,op=1,id=0,reason=1,step=321
R27C,hist,which=3,arm=delib,op=1,id=1,reason=1,step=322
R27C,hist,which=3,arm=delib,op=1,id=2,reason=1,step=323
R27C,hist,which=3,arm=delib,op=1,id=3,reason=1,step=324
R27C,hist,which=3,arm=delib,op=1,id=4,reason=1,step=325
R27C,hist,which=3,arm=delib,op=1,id=5,reason=1,step=326
R27C,hist,which=3,arm=delib,op=1,id=6,reason=1,step=327
R27C,hist,which=3,arm=delib,op=1,id=7,reason=1,step=328
R27C,hist,which=3,arm=delib,op=1,id=8,reason=1,step=329
R27C,hist,which=3,arm=delib,op=1,id=9,reason=1,step=330
R27C,hist,which=3,arm=delib,op=1,id=10,reason=1,step=331
R27C,hist,which=3,arm=delib,op=1,id=11,reason=1,step=332
R27C,hist,which=3,arm=delib,op=1,id=12,reason=1,step=333
R27C,hist,which=3,arm=delib,op=1,id=13,reason=1,step=334
R27C,hist,which=3,arm=delib,op=1,id=14,reason=1,step=335
R27C,hist,which=3,arm=delib,op=1,id=15,reason=1,step=336
R27C,hist,which=3,arm=delib,op=1,id=16,reason=1,step=337
R27C,hist,which=3,arm=delib,op=1,id=17,reason=1,step=338
R27C,hist,which=3,arm=delib,op=1,id=18,reason=1,step=339
R27C,hist,which=3,arm=delib,op=1,id=19,reason=1,step=340
R27C,hist,which=3,arm=delib,op=1,id=20,reason=1,step=341
R27C,hist,which=3,arm=delib,op=1,id=21,reason=1,step=342
R27C,hist,which=3,arm=delib,op=1,id=22,reason=1,step=343
R27C,hist,which=3,arm=delib,op=1,id=23,reason=1,step=344
R27C,hist,which=3,arm=delib,op=1,id=24,reason=1,step=345
R27C,hist,which=3,arm=delib,op=1,id=25,reason=1,step=346
R27C,hist,which=3,arm=delib,op=1,id=26,reason=1,step=347
R27C,hist,which=3,arm=delib,op=1,id=27,reason=1,step=348
R27C,hist,which=3,arm=delib,op=1,id=28,reason=1,step=349
R27C,hist,which=3,arm=delib,op=1,id=29,reason=1,step=350
R27C,hist,which=3,arm=delib,op=1,id=30,reason=1,step=351
R27C,hist,which=3,arm=delib,op=1,id=31,reason=1,step=352
R27C,hist,which=3,arm=delib,op=1,id=32,reason=1,step=353
R27C,hist,which=3,arm=delib,op=1,id=33,reason=1,step=354
R27C,hist,which=3,arm=delib,op=1,id=34,reason=1,step=355
R27C,hist,which=3,arm=delib,op=1,id=35,reason=1,step=356
R27C,hist,which=3,arm=delib,op=1,id=36,reason=1,step=357
R27C,hist,which=3,arm=delib,op=1,id=37,reason=1,step=358
R27C,hist,which=3,arm=delib,op=1,id=38,reason=1,step=359
R27C,hist,which=3,arm=delib,op=1,id=39,reason=1,step=360
R27C,hist,which=3,arm=delib,op=1,id=40,reason=1,step=361
R27C,hist,which=3,arm=delib,op=1,id=41,reason=1,step=362
R27C,hist,which=3,arm=delib,op=1,id=42,reason=1,step=363
R27C,hist,which=3,arm=delib,op=1,id=43,reason=1,step=364
R27C,hist,which=3,arm=delib,op=1,id=44,reason=1,step=365
R27C,hist,which=3,arm=delib,op=1,id=45,reason=1,step=366
R27C,hist,which=3,arm=delib,op=1,id=46,reason=1,step=367
R27C,hist,which=3,arm=delib,op=1,id=47,reason=1,step=368
R27C,hist,which=3,arm=delib,op=1,id=48,reason=1,step=369
R27C,hist,which=3,arm=delib,op=1,id=49,reason=1,step=370
R27C,hist,which=3,arm=delib,op=1,id=50,reason=1,step=371
R27C,hist,which=3,arm=delib,op=1,id=51,reason=1,step=372
R27C,hist,which=3,arm=delib,op=1,id=52,reason=1,step=373
R27C,hist,which=3,arm=delib,op=1,id=53,reason=1,step=374
R27C,hist,which=3,arm=delib,op=1,id=54,reason=1,step=375
R27C,hist,which=3,arm=delib,op=1,id=55,reason=1,step=376
R27C,hist,which=3,arm=delib,op=1,id=56,reason=1,step=377
R27C,hist,which=3,arm=delib,op=1,id=57,reason=1,step=378
R27C,hist,which=3,arm=delib,op=1,id=58,reason=1,step=379
R27C,hist,which=3,arm=delib,op=1,id=59,reason=1,step=380
R27C,hist,which=3,arm=delib,op=1,id=60,reason=1,step=381
R27C,hist,which=3,arm=delib,op=1,id=61,reason=1,step=382
R27C,hist,which=3,arm=delib,op=1,id=62,reason=1,step=383
R27C,hist,which=3,arm=delib,op=1,id=63,reason=1,step=384
R27C,hist,which=3,arm=delib,op=2,id=0,reason=2,step=1505
R27C,hist,which=3,arm=delib,op=2,id=1,reason=2,step=1506
R27C,hist,which=3,arm=delib,op=2,id=2,reason=2,step=1507
R27C,hist,which=3,arm=delib,op=2,id=3,reason=2,step=1508
R27C,hist,which=3,arm=delib,op=2,id=4,reason=2,step=1509
R27C,hist,which=3,arm=delib,op=2,id=5,reason=2,step=1510
R27C,hist,which=3,arm=delib,op=2,id=6,reason=2,step=1511
R27C,hist,which=3,arm=delib,op=2,id=7,reason=2,step=1512
R27C,hist,which=3,arm=delib,op=2,id=8,reason=2,step=1513
R27C,hist,which=3,arm=delib,op=2,id=9,reason=2,step=1514
R27C,hist,which=3,arm=delib,op=2,id=10,reason=2,step=1515
R27C,hist,which=3,arm=delib,op=2,id=11,reason=2,step=1516
R27C,hist,which=3,arm=delib,op=2,id=12,reason=2,step=1517
R27C,hist,which=3,arm=delib,op=2,id=13,reason=2,step=1518
R27C,hist,which=3,arm=delib,op=2,id=14,reason=2,step=1519
R27C,hist,which=3,arm=delib,op=2,id=15,reason=2,step=1520
R27C,hist,which=3,arm=delib,op=2,id=16,reason=2,step=1521
R27C,hist,which=3,arm=delib,op=2,id=17,reason=2,step=1522
R27C,hist,which=3,arm=delib,op=2,id=18,reason=2,step=1523
R27C,hist,which=3,arm=delib,op=2,id=19,reason=2,step=1524
R27C,hist,which=3,arm=delib,op=2,id=20,reason=2,step=1525
R27C,hist,which=3,arm=delib,op=2,id=21,reason=2,step=1526
R27C,hist,which=3,arm=delib,op=2,id=22,reason=2,step=1527
R27C,hist,which=3,arm=delib,op=2,id=23,reason=2,step=1528
R27C,hist,which=3,arm=delib,op=2,id=24,reason=2,step=1529
R27C,hist,which=3,arm=delib,op=2,id=25,reason=2,step=1530
R27C,hist,which=3,arm=delib,op=2,id=26,reason=2,step=1531
R27C,hist,which=3,arm=delib,op=2,id=27,reason=2,step=1532
R27C,hist,which=3,arm=delib,op=2,id=28,reason=2,step=1533
R27C,hist,which=3,arm=delib,op=2,id=29,reason=2,step=1534
R27C,hist,which=3,arm=delib,op=2,id=30,reason=2,step=1535
R27C,hist,which=3,arm=delib,op=2,id=31,reason=2,step=1536
R27C,hist,which=3,arm=delib,op=2,id=1000,reason=2,step=2273
R27C,hist,which=3,arm=delib,op=2,id=1001,reason=2,step=2274
R27C,hist,which=3,arm=delib,op=2,id=1002,reason=2,step=2275
R27C,hist,which=3,arm=delib,op=2,id=1003,reason=2,step=2276
R27C,hist,which=3,arm=delib,op=2,id=1004,reason=2,step=2277
R27C,hist,which=3,arm=delib,op=2,id=1005,reason=2,step=2278
R27C,hist,which=3,arm=delib,op=2,id=1006,reason=2,step=2279
R27C,hist,which=3,arm=delib,op=2,id=1007,reason=2,step=2280
R27C,hist,which=3,arm=delib,op=2,id=1008,reason=2,step=2281
R27C,hist,which=3,arm=delib,op=2,id=1009,reason=2,step=2282
R27C,hist,which=3,arm=delib,op=2,id=1010,reason=2,step=2283
R27C,hist,which=3,arm=delib,op=2,id=1011,reason=2,step=2284
R27C,hist,which=3,arm=delib,op=2,id=1012,reason=2,step=2285
R27C,hist,which=3,arm=delib,op=2,id=1013,reason=2,step=2286
R27C,hist,which=3,arm=delib,op=2,id=1014,reason=2,step=2287
R27C,hist,which=3,arm=delib,op=2,id=1015,reason=2,step=2288
R27C,hist,which=3,arm=delib,op=2,id=1016,reason=2,step=2289
R27C,hist,which=3,arm=delib,op=2,id=1017,reason=2,step=2290
R27C,hist,which=3,arm=delib,op=2,id=1018,reason=2,step=2291
R27C,hist,which=3,arm=delib,op=2,id=1019,reason=2,step=2292
R27C,hist,which=3,arm=delib,op=2,id=1020,reason=2,step=2293
R27C,hist,which=3,arm=delib,op=2,id=1021,reason=2,step=2294
R27C,hist,which=3,arm=delib,op=2,id=1022,reason=2,step=2295
R27C,hist,which=3,arm=delib,op=2,id=1023,reason=2,step=2296
R27C,hist,which=3,arm=delib,op=2,id=1024,reason=2,step=2297
R27C,hist,which=3,arm=delib,op=2,id=1025,reason=2,step=2298
R27C,hist,which=3,arm=delib,op=2,id=1026,reason=2,step=2299
R27C,hist,which=3,arm=delib,op=2,id=1027,reason=2,step=2300
R27C,hist,which=3,arm=delib,op=2,id=1028,reason=2,step=2301
R27C,hist,which=3,arm=delib,op=2,id=1029,reason=2,step=2302
R27C,hist,which=3,arm=delib,op=2,id=1030,reason=2,step=2303
R27C,hist,which=3,arm=delib,op=2,id=1031,reason=2,step=2304
R27C,hist,which=3,arm=delib,op=2,id=0,reason=3,step=2433
R27C,hist,which=3,arm=delib,op=1,id=64,reason=1,step=2453
R27C,hist,which=3,arm=delib,op=2,id=1,reason=3,step=2473
R27C,hist,which=3,arm=delib,op=1,id=65,reason=1,step=2493
R27C,hist,which=3,arm=delib,op=2,id=2,reason=3,step=2513
R27C,hist,which=3,arm=delib,op=1,id=66,reason=1,step=2533
R27C,hist,which=3,arm=delib,op=2,id=3,reason=3,step=2553
R27C,hist,which=3,arm=delib,op=1,id=67,reason=1,step=2573
R27C,hist,which=3,arm=delib,op=2,id=4,reason=3,step=2593
R27C,hist,which=3,arm=delib,op=1,id=68,reason=1,step=2613
R27C,hist,which=3,arm=delib,op=2,id=5,reason=3,step=2633
R27C,hist,which=3,arm=delib,op=1,id=69,reason=1,step=2653
R27C,hist,which=3,arm=delib,op=2,id=6,reason=3,step=2673
R27C,hist,which=3,arm=delib,op=1,id=70,reason=1,step=2693
R27C,hist,which=3,arm=delib,op=2,id=7,reason=3,step=2713
R27C,hist,which=3,arm=delib,op=1,id=71,reason=1,step=2733
R27C,hist,which=3,arm=delib,op=2,id=8,reason=3,step=2753
R27C,hist,which=3,arm=delib,op=1,id=72,reason=1,step=2773
R27C,hist,which=3,arm=delib,op=2,id=9,reason=3,step=2793
R27C,hist,which=3,arm=delib,op=1,id=73,reason=1,step=2813
R27C,hist,which=3,arm=delib,op=2,id=10,reason=3,step=2833
R27C,hist,which=3,arm=delib,op=1,id=74,reason=1,step=2853
R27C,hist,which=3,arm=delib,op=2,id=11,reason=3,step=2873
R27C,hist,which=3,arm=delib,op=1,id=75,reason=1,step=2893
R27C,hist,which=3,arm=delib,op=2,id=12,reason=3,step=2913
R27C,hist,which=3,arm=delib,op=1,id=76,reason=1,step=2933
R27C,hist,which=3,arm=delib,op=2,id=13,reason=3,step=2953
R27C,hist,which=3,arm=delib,op=1,id=77,reason=1,step=2973
R27C,hist,which=3,arm=delib,op=2,id=14,reason=3,step=2993
R27C,hist,which=3,arm=delib,op=1,id=78,reason=1,step=3013
R27C,hist,which=3,arm=delib,op=2,id=15,reason=3,step=3033
R27C,hist,which=3,arm=delib,op=1,id=79,reason=1,step=3053
R27C,determinism,which=3,arm=delib,match=1
R27C,DONE
