EP 0 x0=4 x1=4 pred=0 true=16 err=16
EP 1 x0=1 x1=2 pred=0 true=6 err=6
TRIGGER 1 winfail=2 win=2 buf=2
CONSTRUCT 1 0 NODE id=0 op=ADD p1=0 p2=9 p3=9 err_before=22 err_after=10
CONSTRUCT 1 1 NODE id=1 op=ADD p1=0 p2=0 p3=0 err_before=10 err_after=2
STALL 1 nodes=3 buf_err=2
EP 2 x0=1 x1=1 pred=4 true=4 err=0
EP 3 x0=1 x1=2 pred=8 true=6 err=2
EP 4 x0=3 x1=3 pred=12 true=12 err=0
EP 5 x0=3 x1=2 pred=8 true=10 err=2
TRIGGER 5 winfail=2 win=4 buf=6
STALL 5 nodes=3 buf_err=6
EP 6 x0=1 x1=3 pred=12 true=8 err=4
EP 7 x0=3 x1=2 pred=8 true=10 err=2
TRIGGER 7 winfail=2 win=2 buf=8
STALL 7 nodes=3 buf_err=12
EP 8 x0=1 x1=2 pred=8 true=6 err=2
EP 9 x0=3 x1=4 pred=16 true=14 err=2
TRIGGER 9 winfail=2 win=2 buf=8
STALL 9 nodes=3 buf_err=14
EP 10 x0=1 x1=2 pred=8 true=6 err=2
EP 11 x0=2 x1=3 pred=12 true=10 err=2
TRIGGER 11 winfail=2 win=2 buf=8
STALL 11 nodes=3 buf_err=16
EP 12 x0=4 x1=2 pred=8 true=12 err=4
EP 13 x0=0 x1=2 pred=8 true=4 err=4
TRIGGER 13 winfail=2 win=2 buf=8
STALL 13 nodes=3 buf_err=22
EP 14 x0=1 x1=3 pred=12 true=8 err=4
EP 15 x0=3 x1=4 pred=16 true=14 err=2
TRIGGER 15 winfail=2 win=2 buf=8
STALL 15 nodes=3 buf_err=22
EP 16 x0=4 x1=3 pred=12 true=14 err=2
EP 17 x0=3 x1=4 pred=16 true=14 err=2
TRIGGER 17 winfail=2 win=2 buf=8
STALL 17 nodes=3 buf_err=22
EP 18 x0=0 x1=3 pred=12 true=6 err=6
EP 19 x0=1 x1=1 pred=4 true=4 err=0
EP 20 x0=4 x1=0 pred=0 true=8 err=8
TRIGGER 20 winfail=2 win=3 buf=8
STALL 20 nodes=3 buf_err=28
EP 21 x0=2 x1=2 pred=8 true=8 err=0
EP 22 x0=4 x1=1 pred=4 true=10 err=6
EP 23 x0=0 x1=3 pred=12 true=6 err=6
TRIGGER 23 winfail=2 win=3 buf=8
CONSTRUCT 23 0 NODE id=2 op=ADD p1=0 p2=0 p3=8 err_before=30 err_after=28
STALL 23 nodes=4 buf_err=28
EXEC main 24
SUMMARY episodes=24 constructs=3 supersedes=0 stalls=10 main_nodes=4
