M,status,-3
M,used,80
M,detached,-1
V,cursor,0,7
V,cursor,1,1
V,cursor,2,100
V,cursor,3,1000000
M,changed_destination_bytes,80
V,retained_bytes,0,84
V,retained_bytes,1,78
V,retained_bytes,2,78
V,retained_bytes,3,82
V,retained_bytes,4,65
V,retained_bytes,5,87
V,retained_bytes,6,48
V,retained_bytes,7,49
V,retained_bytes,8,1
V,retained_bytes,9,0
V,retained_bytes,10,0
V,retained_bytes,11,0
V,retained_bytes,12,2
V,retained_bytes,13,0
V,retained_bytes,14,0
V,retained_bytes,15,0
V,retained_bytes,16,128
V,retained_bytes,17,187
V,retained_bytes,18,0
V,retained_bytes,19,0
V,retained_bytes,20,0
V,retained_bytes,21,0
V,retained_bytes,22,0
V,retained_bytes,23,0
V,retained_bytes,24,0
V,retained_bytes,25,0
V,retained_bytes,26,0
V,retained_bytes,27,0
V,retained_bytes,28,4
V,retained_bytes,29,0
V,retained_bytes,30,0
V,retained_bytes,31,0
V,retained_bytes,32,16
V,retained_bytes,33,0
V,retained_bytes,34,0
V,retained_bytes,35,0
V,retained_bytes,36,7
V,retained_bytes,37,0
V,retained_bytes,38,0
V,retained_bytes,39,0
V,retained_bytes,40,0
V,retained_bytes,41,0
V,retained_bytes,42,0
V,retained_bytes,43,0
V,retained_bytes,44,100
V,retained_bytes,45,0
V,retained_bytes,46,0
V,retained_bytes,47,0
V,retained_bytes,48,64
V,retained_bytes,49,66
V,retained_bytes,50,15
V,retained_bytes,51,0
V,retained_bytes,52,11
V,retained_bytes,53,0
V,retained_bytes,54,0
V,retained_bytes,55,0
V,retained_bytes,56,247
V,retained_bytes,57,8
V,retained_bytes,58,0
V,retained_bytes,59,0
V,retained_bytes,60,95
V,retained_bytes,61,26
V,retained_bytes,62,0
V,retained_bytes,63,0
V,retained_bytes,64,0
V,retained_bytes,65,0
V,retained_bytes,66,100
V,retained_bytes,67,0
V,retained_bytes,68,0
V,retained_bytes,69,0
V,retained_bytes,70,0
V,retained_bytes,71,128
V,retained_bytes,72,255
V,retained_bytes,73,255
V,retained_bytes,74,1
V,retained_bytes,75,0
V,retained_bytes,76,255
V,retained_bytes,77,127
V,retained_bytes,78,0
V,retained_bytes,79,1
