ANALOGY_P2,start
CL_CHECK,p2_common_equal,1,1
CL_CHECK,p2_setup_margin,600,600
CL_CHECK,p2_fork_pure,1,1
CL_CHECK,p2_streak_a,0,0
CL_CHECK,p2_streak_b,3,3
P2,0,obja,0,exa,0,preda,0,objb,1,exb,1,predb,1,fpa_pre,2833,fpb_pre,3082,fpa_post,3317,fpb_post,2903
P2,1,obja,0,exa,0,preda,0,objb,1,exb,1,predb,1,fpa_pre,3317,fpb_pre,2903,fpa_post,3801,fpb_post,2724
P2,2,obja,0,exa,0,preda,0,objb,1,exb,1,predb,1,fpa_pre,3801,fpb_pre,2724,fpa_post,4285,fpb_post,2545
P2,3,obja,0,exa,0,preda,0,objb,1,exb,1,predb,1,fpa_pre,4285,fpb_pre,2545,fpa_post,4769,fpb_post,2366
P2,4,obja,0,exa,0,preda,0,objb,1,exb,1,predb,1,fpa_pre,4769,fpb_pre,2366,fpa_post,5253,fpb_post,2187
P2,5,obja,0,exa,0,preda,0,objb,1,exb,1,predb,1,fpa_pre,5253,fpb_pre,2187,fpa_post,5737,fpb_post,2008
P2,6,obja,0,exa,0,preda,0,objb,1,exb,1,predb,1,fpa_pre,5737,fpb_pre,2008,fpa_post,6221,fpb_post,1829
P2,7,obja,0,exa,0,preda,0,objb,1,exb,1,predb,1,fpa_pre,6221,fpb_pre,1829,fpa_post,6705,fpb_post,1650
P2,8,obja,0,exa,0,preda,0,objb,1,exb,1,predb,1,fpa_pre,6705,fpb_pre,1650,fpa_post,7189,fpb_post,1471
P2,9,obja,0,exa,0,preda,0,objb,1,exb,1,predb,1,fpa_pre,7189,fpb_pre,1471,fpa_post,7673,fpb_post,1292
P2,10,obja,0,exa,0,preda,0,objb,0,exb,0,predb,0,fpa_pre,7673,fpb_pre,1292,fpa_post,8157,fpb_post,697
P2,11,obja,0,exa,0,preda,0,objb,0,exb,0,predb,0,fpa_pre,8157,fpb_pre,697,fpa_post,8641,fpb_post,1181
CL_CHECK,p2_pred_everywhere,0,0
CL_CHECK,p2_sum_ex_a,0,0
CL_CHECK,p2_sum_ex_b,10,10
CL_CHECK,p2_div_episodes,10,10
CL_CHECK,p2_a_s00,1800,1800
CL_CHECK,p2_a_n00,18,18
CL_CHECK,p2_a_streak,0,0
CL_CHECK,p2_a_budget,10,10
CL_CHECK,p2_a_explores,0,0
CL_CHECK,p2_b_s00,800,800
CL_CHECK,p2_b_s01,-1000,-1000
CL_CHECK,p2_b_n00,8,8
CL_CHECK,p2_b_n01,10,10
CL_CHECK,p2_b_streak,0,0
CL_CHECK,p2_b_budget,0,0
CL_CHECK,p2_b_explores,10,10
CL_CHECK,p2_eq_s10,0,0
CL_CHECK,p2_eq_s11,0,0
CL_CHECK,p2_eq_n10,0,0
CL_CHECK,p2_eq_n11,0,0
CL_CHECK,p2_eq_updates,18,18
CL_CHECK,p2_eq_active,0,0
CL_CHECK,p2_eq_contexts,1,1
CL_CHECK,p2_eq_pending,0,0
CL_CHECK,p2_eq_pending_action,0,0
CL_CHECK,p2_eq_pending_context,0,0
CL_CHECK,p2_eq_pending_object,0,0
CL_CHECK,p2_eq_pending_explore,0,0
CL_CHECK,p2_eq_decisions,12,12
CL_CHECK,p2_eq_switches,0,0
CL_CHECK,p2_eq_outcomes,18,18
ANALOGY_FAILURES,0
