ST_CELL,T,M2,2,8,S1,500
ST_TARGET,8,8
ST_AUDIT,ORIGIN,0,257,0
ST_QUORUM,0,0,0,0
ST_AUDIT,ORIGIN,1,257,1
ST_AUDIT,ORIGIN,2,257,2
ST_AUDIT,ORIGIN,3,257,3
ST_AUDIT,ORIGIN,4,257,4
ST_AUDIT,ORIGIN,5,257,5
ST_AUDIT,ORIGIN,6,257,6
ST_AUDIT,ORIGIN,7,257,7
ST_AUDIT,ORIGIN,8,257,8
ST_AUDIT,ORIGIN,9,257,9
ST_AUDIT,ORIGIN,10,257,10
ST_AUDIT,ORIGIN,11,257,11
ST_AUDIT,ORIGIN,12,772,12
ST_AUDIT,ORIGIN,13,773,13
ST_AUDIT,ORIGIN,14,774,14
ST_AUDIT,ORIGIN,15,770,15
ST_AUDIT,ORIGIN,16,771,16
ST_AUDIT,ORIGIN,17,772,17
ST_AUDIT,ORIGIN,18,773,18
ST_AUDIT,ORIGIN,19,774,19
ST_AUDIT,ORIGIN,20,770,20
ST_AUDIT,ORIGIN,21,771,21
ST_AUDIT,ORIGIN,22,772,22
ST_AUDIT,ORIGIN,23,773,23
ST_AUDIT,TIER_GRADUATED,0,772,25
ST_AUDIT,TIER_GRADUATED,0,774,25
ST_AUDIT,TIER_GRADUATED,0,771,25
ST_AUDIT,TIER_GRADUATED,1,773,26
ST_AUDIT,TIER_GRADUATED,1,770,26
ST_QUORUM,50,0,0,0
ST_AUDIT,T0_T1_HOLD,8,67585,54
ST_AUDIT,COLLUSION_SUSPECT,8,33554433,54
ST_AUDIT,COLLUSION_SUSPECT,8,33620225,54
ST_AUDIT,GATE_HELD,8,8,55
ST_AUDIT,GATE_HELD,8,8,56
ST_AUDIT,GATE_HELD,8,8,57
ST_AUDIT,GATE_HELD,8,8,58
ST_AUDIT,GATE_HELD,8,8,59
ST_AUDIT,GATE_HELD,8,8,60
ST_AUDIT,GATE_HELD,8,8,61
ST_AUDIT,GATE_HELD,8,8,62
ST_AUDIT,GATE_HELD,8,8,63
ST_AUDIT,GATE_HELD,8,8,64
ST_AUDIT,GATE_HELD,8,8,65
ST_AUDIT,GATE_HELD,8,8,66
ST_AUDIT,GATE_HELD,8,8,67
ST_AUDIT,GATE_HELD,8,8,68
ST_AUDIT,GATE_HELD,8,8,69
ST_AUDIT,GATE_HELD,8,8,70
ST_AUDIT,GATE_HELD,8,8,71
ST_AUDIT,GATE_HELD,8,8,72
ST_AUDIT,GATE_HELD,8,8,73
ST_AUDIT,GATE_HELD,8,8,74
ST_AUDIT,GATE_HELD,8,8,75
ST_AUDIT,GATE_HELD,8,8,76
ST_AUDIT,GATE_HELD,8,8,77
ST_AUDIT,GATE_HELD,8,8,78
ST_AUDIT,HOLD_TIMEOUT_ESCALATE,8,2049,79
ST_AUDIT,TRAINER_ESCALATE,8,1,79
ST_AUDIT,GATE_HELD,8,8,79
ST_AUDIT,GATE_HELD,8,8,80
ST_AUDIT,GATE_HELD,8,8,81
ST_AUDIT,GATE_HELD,8,8,82
ST_AUDIT,GATE_HELD,8,8,83
ST_QUORUM,100,3,2,1
ST_QUORUM,150,0,0,0
ST_QUORUM,200,0,0,0
ST_QUORUM,250,0,0,0
ST_QUORUM,300,0,0,0
ST_QUORUM,350,0,0,0
ST_QUORUM,400,0,0,0
ST_QUORUM,450,0,0,0
ST_QUORUM,499,0,0,0
ST_CHECK,refusals,0
ST_CHECK,replay,0
ST_CHECK,provenance,0
ST_SRR,8,0,0
ST_FCR,0,0
ST_TAXONOMY,8,DEGRADED_GRACEFUL
ST_TTD_COLLUSION,-1
ST_FREEZE,8,0,0
ST_RECOVERY,-1
ST_REV_LATENCY,-1
ST_DENIAL,0
ST_GENUINE_FLAGGED,0
ST_A6_MAXSTR,-1
ST_GATE_REFUSED,0
ST_B_SUSPECT,0
ST_STR_REFUSED,0
ST_HOLD,8,1,54,3,79
ST_T01_WINDOW,8,36
ST_FP,0,0a4dc37ca3efba8376892eb77d033fbfaabc79e9389324a8e1e5f0dd6b9227f4,5535565
ST_DONE
