DONE 6100
DONE 6101
DONE 6102
DONE 6103
DONE 6104
DONE 6105
DONE 6106
DONE 6107
{
  "plain": {
    "1": {
      "old_world_acc": 1.0,
      "shifted_world_acc": 0.48135416666666664,
      "new_span_acc": 0.0,
      "active_spans": 1836.625,
      "stored_spans": 3302.125,
      "common_specializations": 0.0,
      "regret_marks": 0.0
    },
    "2": {
      "old_world_acc": 1.0,
      "shifted_world_acc": 0.4817708333333333,
      "new_span_acc": 0.0,
      "active_spans": 1837.625,
      "stored_spans": 3308.5,
      "common_specializations": 0.0,
      "regret_marks": 0.0
    },
    "4": {
      "old_world_acc": 1.0,
      "shifted_world_acc": 0.49874999999999997,
      "new_span_acc": 0.07197916666666666,
      "active_spans": 1839.5,
      "stored_spans": 3322.5,
      "common_specializations": 0.0,
      "regret_marks": 0.0
    },
    "8": {
      "old_world_acc": 1.0,
      "shifted_world_acc": 0.5173958333333333,
      "new_span_acc": 0.14666666666666667,
      "active_spans": 1843.375,
      "stored_spans": 3356.0,
      "common_specializations": 0.0,
      "regret_marks": 0.0
    },
    "16": {
      "old_world_acc": 1.0,
      "shifted_world_acc": 0.650625,
      "new_span_acc": 0.6820833333333334,
      "active_spans": 1865.375,
      "stored_spans": 3410.625,
      "common_specializations": 0.0,
      "regret_marks": 0.0
    },
    "32": {
      "old_world_acc": 1.0,
      "shifted_world_acc": 0.7081249999999999,
      "new_span_acc": 0.929375,
      "active_spans": 1878.125,
      "stored_spans": 3454.375,
      "common_specializations": 0.0,
      "regret_marks": 0.0
    },
    "64": {
      "old_world_acc": 1.0,
      "shifted_world_acc": 0.7307291666666667,
      "new_span_acc": 0.9963541666666667,
      "active_spans": 1907.75,
      "stored_spans": 3526.625,
      "common_specializations": 0.0,
      "regret_marks": 0.0
    },
    "128": {
      "old_world_acc": 1.0,
      "shifted_world_acc": 0.7389583333333333,
      "new_span_acc": 1.0,
      "active_spans": 1945.875,
      "stored_spans": 3631.0,
      "common_specializations": 0.0,
      "regret_marks": 0.0
    },
    "300": {
      "old_world_acc": 1.0,
      "shifted_world_acc": 0.7280208333333333,
      "new_span_acc": 1.0,
      "active_spans": 2009.25,
      "stored_spans": 3827.125,
      "common_specializations": 0.0,
      "regret_marks": 0.0
    },
    "1000": {
      "old_world_acc": 1.0,
      "shifted_world_acc": 0.7322916666666667,
      "new_span_acc": 1.0,
      "active_spans": 2143.375,
      "stored_spans": 4284.25,
      "common_specializations": 0.0,
      "regret_marks": 0.0
    },
    "3000": {
      "old_world_acc": 1.0,
      "shifted_world_acc": 0.7305208333333333,
      "new_span_acc": 1.0,
      "active_spans": 2516.125,
      "stored_spans": 4918.75,
      "common_specializations": 0.0,
      "regret_marks": 0.0
    },
    "10000": {
      "old_world_acc": 0.6471875,
      "shifted_world_acc": 1.0,
      "new_span_acc": 1.0,
      "active_spans": 3628.5,
      "stored_spans": 5271.5,
      "common_specializations": 0.0,
      "regret_marks": 0.0
    }
  },
  "regret": {
    "1": {
      "old_world_acc": 1.0,
      "shifted_world_acc": 0.48135416666666664,
      "new_span_acc": 0.0,
      "active_spans": 1836.625,
      "stored_spans": 3302.125,
      "common_specializations": 0.0,
      "regret_marks": 19.125
    },
    "2": {
      "old_world_acc": 1.0,
      "shifted_world_acc": 0.4817708333333333,
      "new_span_acc": 0.0,
      "active_spans": 1837.625,
      "stored_spans": 3308.5,
      "common_specializations": 0.0,
      "regret_marks": 32.75
    },
    "4": {
      "old_world_acc": 1.0,
      "shifted_world_acc": 0.49874999999999997,
      "new_span_acc": 0.07197916666666666,
      "active_spans": 1839.5,
      "stored_spans": 3322.5,
      "common_specializations": 0.0,
      "regret_marks": 86.375
    },
    "8": {
      "old_world_acc": 1.0,
      "shifted_world_acc": 0.5173958333333333,
      "new_span_acc": 0.14666666666666667,
      "active_spans": 1843.375,
      "stored_spans": 3356.0,
      "common_specializations": 0.0,
      "regret_marks": 119.125
    },
    "16": {
      "old_world_acc": 1.0,
      "shifted_world_acc": 0.650625,
      "new_span_acc": 0.6820833333333334,
      "active_spans": 1865.375,
      "stored_spans": 3410.625,
      "common_specializations": 0.0,
      "regret_marks": 188.375
    },
    "32": {
      "old_world_acc": 1.0,
      "shifted_world_acc": 0.7081249999999999,
      "new_span_acc": 0.929375,
      "active_spans": 1878.125,
      "stored_spans": 3454.375,
      "common_specializations": 0.0,
      "regret_marks": 368.375
    },
    "64": {
      "old_world_acc": 1.0,
      "shifted_world_acc": 0.7307291666666667,
      "new_span_acc": 0.9963541666666667,
      "active_spans": 1907.75,
      "stored_spans": 3526.625,
      "common_specializations": 0.0,
      "regret_marks": 697.125
    },
    "128": {
      "old_world_acc": 1.0,
      "shifted_world_acc": 0.7389583333333333,
      "new_span_acc": 1.0,
      "active_spans": 1945.875,
      "stored_spans": 3631.0,
      "common_specializations": 0.0,
      "regret_marks": 1311.5
    },
    "300": {
      "old_world_acc": 1.0,
      "shifted_world_acc": 0.7280208333333333,
      "new_span_acc": 1.0,
      "active_spans": 2009.25,
      "stored_spans": 3827.125,
      "common_specializations": 0.0,
      "regret_marks": 2999.625
    },
    "1000": {
      "old_world_acc": 1.0,
      "shifted_world_acc": 0.7322916666666667,
      "new_span_acc": 1.0,
      "active_spans": 2142.875,
      "stored_spans": 4284.25,
      "common_specializations": 0.0,
      "regret_marks": 9686.125
    },
    "3000": {
      "old_world_acc": 1.0,
      "shifted_world_acc": 0.7305208333333333,
      "new_span_acc": 1.0,
      "active_spans": 2506.125,
      "stored_spans": 4918.75,
      "common_specializations": 0.0,
      "regret_marks": 19803.25
    },
    "10000": {
      "old_world_acc": 0.6471875,
      "shifted_world_acc": 1.0,
      "new_span_acc": 1.0,
      "active_spans": 3628.5,
      "stored_spans": 5271.5,
      "common_specializations": 0.0,
      "regret_marks": 26691.25
    }
  },
  "context": {
    "1": {
      "old_world_acc": 1.0,
      "shifted_world_acc": 0.48135416666666664,
      "new_span_acc": 0.0,
      "active_spans": 4093.625,
      "stored_spans": 9509.375,
      "common_specializations": 8.0,
      "regret_marks": 0.0
    },
    "2": {
      "old_world_acc": 1.0,
      "shifted_world_acc": 0.4817708333333333,
      "new_span_acc": 0.0,
      "active_spans": 4096.375,
      "stored_spans": 9517.25,
      "common_specializations": 8.0,
      "regret_marks": 0.0
    },
    "4": {
      "old_world_acc": 1.0,
      "shifted_world_acc": 0.50875,
      "new_span_acc": 0.11447916666666667,
      "active_spans": 4096.75,
      "stored_spans": 9537.5,
      "common_specializations": 8.0,
      "regret_marks": 0.0
    },
    "8": {
      "old_world_acc": 1.0,
      "shifted_world_acc": 0.5389583333333334,
      "new_span_acc": 0.23177083333333331,
      "active_spans": 4102.875,
      "stored_spans": 9584.875,
      "common_specializations": 8.0,
      "regret_marks": 0.0
    },
    "16": {
      "old_world_acc": 1.0,
      "shifted_world_acc": 0.7145833333333333,
      "new_span_acc": 0.9426041666666667,
      "active_spans": 4121.0,
      "stored_spans": 9684.75,
      "common_specializations": 8.0,
      "regret_marks": 0.0
    },
    "32": {
      "old_world_acc": 1.0,
      "shifted_world_acc": 0.7248958333333333,
      "new_span_acc": 0.9879166666666667,
      "active_spans": 4140.75,
      "stored_spans": 9783.0,
      "common_specializations": 8.0,
      "regret_marks": 0.0
    },
    "64": {
      "old_world_acc": 1.0,
      "shifted_world_acc": 0.7315625,
      "new_span_acc": 0.9998958333333333,
      "active_spans": 4193.875,
      "stored_spans": 9977.5,
      "common_specializations": 8.0,
      "regret_marks": 0.0
    },
    "128": {
      "old_world_acc": 1.0,
      "shifted_world_acc": 0.7389583333333333,
      "new_span_acc": 1.0,
      "active_spans": 4293.875,
      "stored_spans": 10303.0,
      "common_specializations": 8.0,
      "regret_marks": 0.0
    },
    "300": {
      "old_world_acc": 1.0,
      "shifted_world_acc": 0.7280208333333333,
      "new_span_acc": 1.0,
      "active_spans": 4523.875,
      "stored_spans": 10974.125,
      "common_specializations": 8.0,
      "regret_marks": 0.0
    },
    "1000": {
      "old_world_acc": 1.0,
      "shifted_world_acc": 0.7322916666666667,
      "new_span_acc": 1.0,
      "active_spans": 5202.125,
      "stored_spans": 12734.75,
      "common_specializations": 8.0,
      "regret_marks": 0.0
    },
    "3000": {
      "old_world_acc": 1.0,
      "shifted_world_acc": 0.7305208333333333,
      "new_span_acc": 1.0,
      "active_spans": 6995.625,
      "stored_spans": 15283.0,
      "common_specializations": 8.0,
      "regret_marks": 0.0
    },
    "10000": {
      "old_world_acc": 0.6471875,
      "shifted_world_acc": 1.0,
      "new_span_acc": 1.0,
      "active_spans": 12257.375,
      "stored_spans": 17357.5,
      "common_specializations": 8.0,
      "regret_marks": 0.0
    }
  },
  "context_regret": {
    "1": {
      "old_world_acc": 1.0,
      "shifted_world_acc": 0.48135416666666664,
      "new_span_acc": 0.0,
      "active_spans": 4093.625,
      "stored_spans": 9509.375,
      "common_specializations": 8.0,
      "regret_marks": 15.25
    },
    "2": {
      "old_world_acc": 1.0,
      "shifted_world_acc": 0.4817708333333333,
      "new_span_acc": 0.0,
      "active_spans": 4096.375,
      "stored_spans": 9517.25,
      "common_specializations": 8.0,
      "regret_marks": 26.375
    },
    "4": {
      "old_world_acc": 1.0,
      "shifted_world_acc": 0.50875,
      "new_span_acc": 0.11447916666666667,
      "active_spans": 4096.75,
      "stored_spans": 9537.5,
      "common_specializations": 8.0,
      "regret_marks": 75.875
    },
    "8": {
      "old_world_acc": 1.0,
      "shifted_world_acc": 0.5389583333333334,
      "new_span_acc": 0.23177083333333331,
      "active_spans": 4102.875,
      "stored_spans": 9584.875,
      "common_specializations": 8.0,
      "regret_marks": 103.5
    },
    "16": {
      "old_world_acc": 1.0,
      "shifted_world_acc": 0.7145833333333333,
      "new_span_acc": 0.9426041666666667,
      "active_spans": 4121.0,
      "stored_spans": 9684.75,
      "common_specializations": 8.0,
      "regret_marks": 155.875
    },
    "32": {
      "old_world_acc": 1.0,
      "shifted_world_acc": 0.7248958333333333,
      "new_span_acc": 0.9879166666666667,
      "active_spans": 4140.75,
      "stored_spans": 9783.0,
      "common_specializations": 8.0,
      "regret_marks": 319.0
    },
    "64": {
      "old_world_acc": 1.0,
      "shifted_world_acc": 0.7315625,
      "new_span_acc": 0.9998958333333333,
      "active_spans": 4193.875,
      "stored_spans": 9977.5,
      "common_specializations": 8.0,
      "regret_marks": 632.25
    },
    "128": {
      "old_world_acc": 1.0,
      "shifted_world_acc": 0.7389583333333333,
      "new_span_acc": 1.0,
      "active_spans": 4293.875,
      "stored_spans": 10303.0,
      "common_specializations": 8.0,
      "regret_marks": 1214.0
    },
    "300": {
      "old_world_acc": 1.0,
      "shifted_world_acc": 0.7280208333333333,
      "new_span_acc": 1.0,
      "active_spans": 4523.875,
      "stored_spans": 10974.125,
      "common_specializations": 8.0,
      "regret_marks": 2869.25
    },
    "1000": {
      "old_world_acc": 1.0,
      "shifted_world_acc": 0.7322916666666667,
      "new_span_acc": 1.0,
      "active_spans": 5201.375,
      "stored_spans": 12734.75,
      "common_specializations": 8.0,
      "regret_marks": 9480.5
    },
    "3000": {
      "old_world_acc": 1.0,
      "shifted_world_acc": 0.7305208333333333,
      "new_span_acc": 1.0,
      "active_spans": 6967.875,
      "stored_spans": 15283.0,
      "common_specializations": 8.0,
      "regret_marks": 18025.5
    },
    "10000": {
      "old_world_acc": 0.6471875,
      "shifted_world_acc": 1.0,
      "new_span_acc": 1.0,
      "active_spans": 12252.125,
      "stored_spans": 17357.5,
      "common_specializations": 8.0,
      "regret_marks": 23825.5
    }
  }
}
