CL_CHECK,h4_suspect,20,20
CL_CHECK,h4_exon,20,20
CL_CHECK,h4_elim0,0,0
CL_CHECK,h4_elim1,1,1
CL_CHECK,h4_wrong,0,0
CL_CHECK,h4_stage,3,3
TT1_STAT,after_H4,stage=3,suspect=20,exon=20,elim=1,wrong=0,elim0=0,elim1=1,trustA=100,trustB=100
CL_CHECK,h5a_elim0,0,0
CL_CHECK,h5a_elim1,1,1
CL_CHECK,h5a_wrong,0,0
CL_CHECK,h5a_trustA,50,50
TT1_STAT,after_H5a,stage=3,suspect=2,exon=0,elim=1,wrong=0,elim0=0,elim1=1,trustA=50,trustB=100
CL_CHECK,h5b_elim0,1,1
CL_CHECK,h5b_wrong,1,1
TT1_STAT,after_H5b,stage=3,suspect=0,exon=0,elim=2,wrong=1,elim0=1,elim1=1,trustA=100,trustB=100
CL_CHECK,h5c_elim1,1,1
CL_CHECK,h5c_elim0,0,0
CL_CHECK,h5c_wrong,0,0
TT1_STAT,after_H5c,stage=3,suspect=0,exon=0,elim=1,wrong=0,elim0=0,elim1=1,trustA=100,trustB=100
TT1_FAILURES,0
TRIAL PASSED
