ID: CHAIN50_NL_03
ENGINE: n5
VERDICT: DERIVED
CLAIM: Document 56 is sealed.
CONFIDENCE: 1
DERIVATIONS: 109
STORE: /home/hatch/workspace/tnn-lab/math_logic/round4/batteries/knowledge/KNOWLEDGE_STORE_NL.md
FLAGS:
THREADS:
T0 CONTRA status=live strikes=1 proposals=1
T1 FORWARD status=live strikes=0 proposals=55
T2 GOAL status=live strikes=0 proposals=54
LEDGER:
S0 src=input lic=-1 p=[-1,-1,-1] depth=0 live t=-1 r=0 taint=0: # CHAIN50_NL_03

Title: The tower of seals

The clerk must seal 56 documents in order, numbered 1 to 56.
Document 1 is sealed at dawn.
Each sealed document authorizes the clerk to seal the next-numbered document.

R1. If document 1 is sealed, then document 2 is sealed.
R2. If document 2 is sealed, then document 3 is sealed.
R3. If document 3 is sealed, then document 4 is sealed.
R4. If document 4 is sealed, then document 5 is sealed.
R5. If document 5 is sealed, then document 6 is sealed.
R6. If document 6 is sealed, then document 7 is sealed.
R7. If document 7 is sealed, then document 8 is sealed.
R8. If document 8 is sealed, then document 9 is sealed.
R9. If document 9 is sealed, then document 10 is sealed.
R10. If document 10 is sealed, then document 11 is sealed.
R11. If document 11 is sealed, then document 12 is sealed.
R12. If document 12 is sealed, then document 13 is sealed.
R13. If document 13 is sealed, then document 14 is sealed.
R14. If document 14 is sealed, then document 15 is sealed.
R15. If document 15 is sealed, then document 16 is sealed.
R16. If document 16 is sealed, then document 17 is sealed.
R17. If document 17 is sealed, then document 18 is sealed.
R18. If document 18 is sealed, then document 19 is sealed.
R19. If document 19 is sealed, then document 20 is sealed.
R20. If document 20 is sealed, then document 21 is sealed.
R21. If document 21 is sealed, then document 22 is sealed.
R22. If document 22 is sealed, then document 23 is sealed.
R23. If document 23 is sealed, then document 24 is sealed.
R24. If document 24 is sealed, then document 25 is sealed.
R25. If document 25 is sealed, then document 26 is sealed.
R26. If document 26 is sealed, then document 27 is sealed.
R27. If document 27 is sealed, then document 28 is sealed.
R28. If document 28 is sealed, then document 29 is sealed.
R29. If document 29 is sealed, then document 30 is sealed.
R30. If document 30 is sealed, then document 31 is sealed.
R31. If document 31 is sealed, then document 32 is sealed.
R32. If document 32 is sealed, then document 33 is sealed.
R33. If document 33 is sealed, then document 34 is sealed.
R34. If document 34 is sealed, then document 35 is sealed.
R35. If document 35 is sealed, then document 36 is sealed.
R36. If document 36 is sealed, then document 37 is sealed.
R37. If document 37 is sealed, then document 38 is sealed.
R38. If document 38 is sealed, then document 39 is sealed.
R39. If document 39 is sealed, then document 40 is sealed.
R40. If document 40 is sealed, then document 41 is sealed.
R41. If document 41 is sealed, then document 42 is sealed.
R42. If document 42 is sealed, then document 43 is sealed.
R43. If document 43 is sealed, then document 44 is sealed.
R44. If document 44 is sealed, then document 45 is sealed.
R45. If document 45 is sealed, then document 46 is sealed.
R46. If document 46 is sealed, then document 47 is sealed.
R47. If document 47 is sealed, then document 48 is sealed.
R48. If document 48 is sealed, then document 49 is sealed.
R49. If document 49 is sealed, then document 50 is sealed.
R50. If document 50 is sealed, then document 51 is sealed.
R51. If document 51 is sealed, then document 52 is sealed.
R52. If document 52 is sealed, then document 53 is sealed.
R53. If document 53 is sealed, then document 54 is sealed.
R54. If document 54 is sealed, then document 55 is sealed.
R55. If document 55 is sealed, then document 56 is sealed.

TARGET: Document 56 is sealed.

S1 src=premise lic=-1 p=[-1,-1,-1] depth=1 live t=-1 r=0 taint=0: The clerk must seal 56 documents in order, numbered 1 to 56.
S2 src=premise lic=-1 p=[-1,-1,-1] depth=1 live t=-1 r=0 taint=0: Document 1 is sealed at dawn.
S3 src=premise lic=-1 p=[-1,-1,-1] depth=1 live t=-1 r=0 taint=0: Each sealed document authorizes the clerk to seal the next-numbered document.
S4 src=premise lic=-1 p=[-1,-1,-1] depth=1 live t=-1 r=0 taint=0: If document 1 is sealed, then document 2 is sealed.
S5 src=premise lic=-1 p=[-1,-1,-1] depth=1 live t=-1 r=0 taint=0: If document 2 is sealed, then document 3 is sealed.
S6 src=premise lic=-1 p=[-1,-1,-1] depth=1 live t=-1 r=0 taint=0: If document 3 is sealed, then document 4 is sealed.
S7 src=premise lic=-1 p=[-1,-1,-1] depth=1 live t=-1 r=0 taint=0: If document 4 is sealed, then document 5 is sealed.
S8 src=premise lic=-1 p=[-1,-1,-1] depth=1 live t=-1 r=0 taint=0: If document 5 is sealed, then document 6 is sealed.
S9 src=premise lic=-1 p=[-1,-1,-1] depth=1 live t=-1 r=0 taint=0: If document 6 is sealed, then document 7 is sealed.
S10 src=premise lic=-1 p=[-1,-1,-1] depth=1 live t=-1 r=0 taint=0: If document 7 is sealed, then document 8 is sealed.
S11 src=premise lic=-1 p=[-1,-1,-1] depth=1 live t=-1 r=0 taint=0: If document 8 is sealed, then document 9 is sealed.
S12 src=premise lic=-1 p=[-1,-1,-1] depth=1 live t=-1 r=0 taint=0: If document 9 is sealed, then document 10 is sealed.
S13 src=premise lic=-1 p=[-1,-1,-1] depth=1 live t=-1 r=0 taint=0: R10.
S14 src=premise lic=-1 p=[-1,-1,-1] depth=1 live t=-1 r=0 taint=0: If document 10 is sealed, then document 11 is sealed.
S15 src=premise lic=-1 p=[-1,-1,-1] depth=1 live t=-1 r=0 taint=0: R11.
S16 src=premise lic=-1 p=[-1,-1,-1] depth=1 live t=-1 r=0 taint=0: If document 11 is sealed, then document 12 is sealed.
S17 src=premise lic=-1 p=[-1,-1,-1] depth=1 live t=-1 r=0 taint=0: R12.
S18 src=premise lic=-1 p=[-1,-1,-1] depth=1 live t=-1 r=0 taint=0: If document 12 is sealed, then document 13 is sealed.
S19 src=premise lic=-1 p=[-1,-1,-1] depth=1 live t=-1 r=0 taint=0: R13.
S20 src=premise lic=-1 p=[-1,-1,-1] depth=1 live t=-1 r=0 taint=0: If document 13 is sealed, then document 14 is sealed.
S21 src=premise lic=-1 p=[-1,-1,-1] depth=1 live t=-1 r=0 taint=0: R14.
S22 src=premise lic=-1 p=[-1,-1,-1] depth=1 live t=-1 r=0 taint=0: If document 14 is sealed, then document 15 is sealed.
S23 src=premise lic=-1 p=[-1,-1,-1] depth=1 live t=-1 r=0 taint=0: R15.
S24 src=premise lic=-1 p=[-1,-1,-1] depth=1 live t=-1 r=0 taint=0: If document 15 is sealed, then document 16 is sealed.
S25 src=premise lic=-1 p=[-1,-1,-1] depth=1 live t=-1 r=0 taint=0: R16.
S26 src=premise lic=-1 p=[-1,-1,-1] depth=1 live t=-1 r=0 taint=0: If document 16 is sealed, then document 17 is sealed.
S27 src=premise lic=-1 p=[-1,-1,-1] depth=1 live t=-1 r=0 taint=0: R17.
S28 src=premise lic=-1 p=[-1,-1,-1] depth=1 live t=-1 r=0 taint=0: If document 17 is sealed, then document 18 is sealed.
S29 src=premise lic=-1 p=[-1,-1,-1] depth=1 live t=-1 r=0 taint=0: R18.
S30 src=premise lic=-1 p=[-1,-1,-1] depth=1 live t=-1 r=0 taint=0: If document 18 is sealed, then document 19 is sealed.
S31 src=premise lic=-1 p=[-1,-1,-1] depth=1 live t=-1 r=0 taint=0: R19.
S32 src=premise lic=-1 p=[-1,-1,-1] depth=1 live t=-1 r=0 taint=0: If document 19 is sealed, then document 20 is sealed.
S33 src=premise lic=-1 p=[-1,-1,-1] depth=1 live t=-1 r=0 taint=0: R20.
S34 src=premise lic=-1 p=[-1,-1,-1] depth=1 live t=-1 r=0 taint=0: If document 20 is sealed, then document 21 is sealed.
S35 src=premise lic=-1 p=[-1,-1,-1] depth=1 live t=-1 r=0 taint=0: R21.
S36 src=premise lic=-1 p=[-1,-1,-1] depth=1 live t=-1 r=0 taint=0: If document 21 is sealed, then document 22 is sealed.
S37 src=premise lic=-1 p=[-1,-1,-1] depth=1 live t=-1 r=0 taint=0: R22.
S38 src=premise lic=-1 p=[-1,-1,-1] depth=1 live t=-1 r=0 taint=0: If document 22 is sealed, then document 23 is sealed.
S39 src=premise lic=-1 p=[-1,-1,-1] depth=1 live t=-1 r=0 taint=0: R23.
S40 src=premise lic=-1 p=[-1,-1,-1] depth=1 live t=-1 r=0 taint=0: If document 23 is sealed, then document 24 is sealed.
S41 src=premise lic=-1 p=[-1,-1,-1] depth=1 live t=-1 r=0 taint=0: R24.
S42 src=premise lic=-1 p=[-1,-1,-1] depth=1 live t=-1 r=0 taint=0: If document 24 is sealed, then document 25 is sealed.
S43 src=premise lic=-1 p=[-1,-1,-1] depth=1 live t=-1 r=0 taint=0: R25.
S44 src=premise lic=-1 p=[-1,-1,-1] depth=1 live t=-1 r=0 taint=0: If document 25 is sealed, then document 26 is sealed.
S45 src=premise lic=-1 p=[-1,-1,-1] depth=1 live t=-1 r=0 taint=0: R26.
S46 src=premise lic=-1 p=[-1,-1,-1] depth=1 live t=-1 r=0 taint=0: If document 26 is sealed, then document 27 is sealed.
S47 src=premise lic=-1 p=[-1,-1,-1] depth=1 live t=-1 r=0 taint=0: R27.
S48 src=premise lic=-1 p=[-1,-1,-1] depth=1 live t=-1 r=0 taint=0: If document 27 is sealed, then document 28 is sealed.
S49 src=premise lic=-1 p=[-1,-1,-1] depth=1 live t=-1 r=0 taint=0: R28.
S50 src=premise lic=-1 p=[-1,-1,-1] depth=1 live t=-1 r=0 taint=0: If document 28 is sealed, then document 29 is sealed.
S51 src=premise lic=-1 p=[-1,-1,-1] depth=1 live t=-1 r=0 taint=0: R29.
S52 src=premise lic=-1 p=[-1,-1,-1] depth=1 live t=-1 r=0 taint=0: If document 29 is sealed, then document 30 is sealed.
S53 src=premise lic=-1 p=[-1,-1,-1] depth=1 live t=-1 r=0 taint=0: R30.
S54 src=premise lic=-1 p=[-1,-1,-1] depth=1 live t=-1 r=0 taint=0: If document 30 is sealed, then document 31 is sealed.
S55 src=premise lic=-1 p=[-1,-1,-1] depth=1 live t=-1 r=0 taint=0: R31.
S56 src=premise lic=-1 p=[-1,-1,-1] depth=1 live t=-1 r=0 taint=0: If document 31 is sealed, then document 32 is sealed.
S57 src=premise lic=-1 p=[-1,-1,-1] depth=1 live t=-1 r=0 taint=0: R32.
S58 src=premise lic=-1 p=[-1,-1,-1] depth=1 live t=-1 r=0 taint=0: If document 32 is sealed, then document 33 is sealed.
S59 src=premise lic=-1 p=[-1,-1,-1] depth=1 live t=-1 r=0 taint=0: R33.
S60 src=premise lic=-1 p=[-1,-1,-1] depth=1 live t=-1 r=0 taint=0: If document 33 is sealed, then document 34 is sealed.
S61 src=premise lic=-1 p=[-1,-1,-1] depth=1 live t=-1 r=0 taint=0: R34.
S62 src=premise lic=-1 p=[-1,-1,-1] depth=1 live t=-1 r=0 taint=0: If document 34 is sealed, then document 35 is sealed.
S63 src=premise lic=-1 p=[-1,-1,-1] depth=1 live t=-1 r=0 taint=0: R35.
S64 src=premise lic=-1 p=[-1,-1,-1] depth=1 live t=-1 r=0 taint=0: If document 35 is sealed, then document 36 is sealed.
S65 src=premise lic=-1 p=[-1,-1,-1] depth=1 live t=-1 r=0 taint=0: R36.
S66 src=premise lic=-1 p=[-1,-1,-1] depth=1 live t=-1 r=0 taint=0: If document 36 is sealed, then document 37 is sealed.
S67 src=premise lic=-1 p=[-1,-1,-1] depth=1 live t=-1 r=0 taint=0: R37.
S68 src=premise lic=-1 p=[-1,-1,-1] depth=1 live t=-1 r=0 taint=0: If document 37 is sealed, then document 38 is sealed.
S69 src=premise lic=-1 p=[-1,-1,-1] depth=1 live t=-1 r=0 taint=0: R38.
S70 src=premise lic=-1 p=[-1,-1,-1] depth=1 live t=-1 r=0 taint=0: If document 38 is sealed, then document 39 is sealed.
S71 src=premise lic=-1 p=[-1,-1,-1] depth=1 live t=-1 r=0 taint=0: R39.
S72 src=premise lic=-1 p=[-1,-1,-1] depth=1 live t=-1 r=0 taint=0: If document 39 is sealed, then document 40 is sealed.
S73 src=premise lic=-1 p=[-1,-1,-1] depth=1 live t=-1 r=0 taint=0: R40.
S74 src=premise lic=-1 p=[-1,-1,-1] depth=1 live t=-1 r=0 taint=0: If document 40 is sealed, then document 41 is sealed.
S75 src=premise lic=-1 p=[-1,-1,-1] depth=1 live t=-1 r=0 taint=0: R41.
S76 src=premise lic=-1 p=[-1,-1,-1] depth=1 live t=-1 r=0 taint=0: If document 41 is sealed, then document 42 is sealed.
S77 src=premise lic=-1 p=[-1,-1,-1] depth=1 live t=-1 r=0 taint=0: R42.
S78 src=premise lic=-1 p=[-1,-1,-1] depth=1 live t=-1 r=0 taint=0: If document 42 is sealed, then document 43 is sealed.
S79 src=premise lic=-1 p=[-1,-1,-1] depth=1 live t=-1 r=0 taint=0: R43.
S80 src=premise lic=-1 p=[-1,-1,-1] depth=1 live t=-1 r=0 taint=0: If document 43 is sealed, then document 44 is sealed.
S81 src=premise lic=-1 p=[-1,-1,-1] depth=1 live t=-1 r=0 taint=0: R44.
S82 src=premise lic=-1 p=[-1,-1,-1] depth=1 live t=-1 r=0 taint=0: If document 44 is sealed, then document 45 is sealed.
S83 src=premise lic=-1 p=[-1,-1,-1] depth=1 live t=-1 r=0 taint=0: R45.
S84 src=premise lic=-1 p=[-1,-1,-1] depth=1 live t=-1 r=0 taint=0: If document 45 is sealed, then document 46 is sealed.
S85 src=premise lic=-1 p=[-1,-1,-1] depth=1 live t=-1 r=0 taint=0: R46.
S86 src=premise lic=-1 p=[-1,-1,-1] depth=1 live t=-1 r=0 taint=0: If document 46 is sealed, then document 47 is sealed.
S87 src=premise lic=-1 p=[-1,-1,-1] depth=1 live t=-1 r=0 taint=0: R47.
S88 src=premise lic=-1 p=[-1,-1,-1] depth=1 live t=-1 r=0 taint=0: If document 47 is sealed, then document 48 is sealed.
S89 src=premise lic=-1 p=[-1,-1,-1] depth=1 live t=-1 r=0 taint=0: R48.
S90 src=premise lic=-1 p=[-1,-1,-1] depth=1 live t=-1 r=0 taint=0: If document 48 is sealed, then document 49 is sealed.
S91 src=premise lic=-1 p=[-1,-1,-1] depth=1 live t=-1 r=0 taint=0: R49.
S92 src=premise lic=-1 p=[-1,-1,-1] depth=1 live t=-1 r=0 taint=0: If document 49 is sealed, then document 50 is sealed.
S93 src=premise lic=-1 p=[-1,-1,-1] depth=1 live t=-1 r=0 taint=0: R50.
S94 src=premise lic=-1 p=[-1,-1,-1] depth=1 live t=-1 r=0 taint=0: If document 50 is sealed, then document 51 is sealed.
S95 src=premise lic=-1 p=[-1,-1,-1] depth=1 live t=-1 r=0 taint=0: R51.
S96 src=premise lic=-1 p=[-1,-1,-1] depth=1 live t=-1 r=0 taint=0: If document 51 is sealed, then document 52 is sealed.
S97 src=premise lic=-1 p=[-1,-1,-1] depth=1 live t=-1 r=0 taint=0: R52.
S98 src=premise lic=-1 p=[-1,-1,-1] depth=1 live t=-1 r=0 taint=0: If document 52 is sealed, then document 53 is sealed.
S99 src=premise lic=-1 p=[-1,-1,-1] depth=1 live t=-1 r=0 taint=0: R53.
S100 src=premise lic=-1 p=[-1,-1,-1] depth=1 live t=-1 r=0 taint=0: If document 53 is sealed, then document 54 is sealed.
S101 src=premise lic=-1 p=[-1,-1,-1] depth=1 live t=-1 r=0 taint=0: R54.
S102 src=premise lic=-1 p=[-1,-1,-1] depth=1 live t=-1 r=0 taint=0: If document 54 is sealed, then document 55 is sealed.
S103 src=premise lic=-1 p=[-1,-1,-1] depth=1 live t=-1 r=0 taint=0: R55.
S104 src=premise lic=-1 p=[-1,-1,-1] depth=1 live t=-1 r=0 taint=0: If document 55 is sealed, then document 56 is sealed.
S105 src=cite kid=K001 lic=-1 p=[-1,-1,-1] depth=1 live t=-1 r=0 taint=0: Mathematical induction: if a property P holds for the number 1, and whenever P holds for a positive integer n it also holds for n + 1, then P holds for every positive integer n.
S106 src=cite kid=K001 lic=-1 p=[-1,-1,-1] depth=1 live t=-1 r=0 taint=0: (Infinite descent may be used as induction combined with contradiction; no separate rule is needed.)
S107 src=cite kid=K002 lic=-1 p=[-1,-1,-1] depth=1 live t=-1 r=0 taint=0: Real-number arithmetic: addition and multiplication are commutative and associative; multiplication distributes over addition; 0 is the additive identity and 1 is the multiplicative identity; every real number x has an additive inverse -x; every nonzero real number x has a multiplicative inverse 1/x.
S108 src=cite kid=K002 lic=-1 p=[-1,-1,-1] depth=1 live t=-1 r=0 taint=0: Division by zero is undefined.
S109 src=cite kid=K003 lic=-1 p=[-1,-1,-1] depth=1 live t=-1 r=0 taint=0: Ordering of real numbers: for every real x, exactly one of x > 0, x = 0, x < 0 is true; sums and products of nonnegative numbers are nonnegative; x squared is >= 0 for every real x.
S110 src=cite kid=K004 lic=-1 p=[-1,-1,-1] depth=1 live t=-1 r=0 taint=0: Euclid's postulates: (1) a straight line segment can be drawn joining any two points; (2) any line segment can be extended indefinitely; (3) a circle can be drawn with any center and any radius; (4) all right angles are congruent; (5) parallel postulate: given a line and a point not on it, exactly one line through the point is parallel to the given line.
S111 src=cite kid=K005 lic=-1 p=[-1,-1,-1] depth=1 live t=-1 r=0 taint=0: Rules of inference: modus ponens (from P and 'if P then Q', i.e.
S112 src=cite kid=K005 lic=-1 p=[-1,-1,-1] depth=1 live t=-1 r=0 taint=0: P=>Q, infer Q); proof by contradiction (if assuming 'not P' leads to a contradiction, infer P).
S113 src=cite kid=K101 lic=-1 p=[-1,-1,-1] depth=1 live t=-1 r=0 taint=0: Divisibility: for integers a and b with a != 0, 'a divides b' (written a|b) holds if and only if (iff) there is an integer c with b = a * c.
S114 src=cite kid=K102 lic=-1 p=[-1,-1,-1] depth=1 live t=-1 r=0 taint=0: Prime number: an integer p > 1 whose only positive divisors are 1 and p.
S115 src=cite kid=K103 lic=-1 p=[-1,-1,-1] depth=1 live t=-1 r=0 taint=0: Composite number: an integer n > 1 that is not prime.
S116 src=cite kid=K104 lic=-1 p=[-1,-1,-1] depth=1 live t=-1 r=0 taint=0: Congruence: for a positive integer n, 'a is congruent to b modulo n' (written a ≡ b (mod n)) holds if and only if (iff) n divides (a - b).
S117 src=cite kid=K105 lic=-1 p=[-1,-1,-1] depth=1 live t=-1 r=0 taint=0: Rational number: a real number that can be written as p/q with integers p and q != 0.
S118 src=cite kid=K105 lic=-1 p=[-1,-1,-1] depth=1 live t=-1 r=0 taint=0: Irrational number: a real number that is not rational.
S119 src=cite kid=K106 lic=-1 p=[-1,-1,-1] depth=1 live t=-1 r=0 taint=0: Factorial: 0! = 1, and n! = n * (n-1)! for n >= 1.
S120 src=cite kid=K106 lic=-1 p=[-1,-1,-1] depth=1 live t=-1 r=0 taint=0: Binomial coefficient: C(n,k) = n!/(k! * (n-k)!) for integers 0 <= k <= n.
S121 src=cite kid=K107 lic=-1 p=[-1,-1,-1] depth=1 live t=-1 r=0 taint=0: Even and odd: an integer n is even if n = 2k for some integer k; n is odd if n = 2k + 1 for some integer k.
S122 src=cite kid=K108 lic=-1 p=[-1,-1,-1] depth=1 live t=-1 r=0 taint=0: Triangle: three non-collinear points together with the segments joining them.
S123 src=cite kid=K108 lic=-1 p=[-1,-1,-1] depth=1 live t=-1 r=0 taint=0: Interior angle: the angle inside the triangle at a vertex.
S124 src=cite kid=K108 lic=-1 p=[-1,-1,-1] depth=1 live t=-1 r=0 taint=0: Median: the segment from a vertex to the midpoint of the opposite side.
S125 src=cite kid=K108 lic=-1 p=[-1,-1,-1] depth=1 live t=-1 r=0 taint=0: Isosceles triangle: a triangle with (at least) two equal sides.
S126 src=cite kid=K108 lic=-1 p=[-1,-1,-1] depth=1 live t=-1 r=0 taint=0: Right triangle: a triangle with one 90-degree angle.
S127 src=cite kid=K108 lic=-1 p=[-1,-1,-1] depth=1 live t=-1 r=0 taint=0: Parallel lines: lines in a plane that never meet.
S128 src=cite kid=K109 lic=-1 p=[-1,-1,-1] depth=1 live t=-1 r=0 taint=0: Perfect square: an integer of the form m^2 for some integer m.
S129 src=cite kid=K110 lic=-1 p=[-1,-1,-1] depth=1 live t=-1 r=0 taint=0: Probability (finite, equally likely outcomes): the probability of an event is the number of favorable outcomes divided by the number of total outcomes.
S130 src=cite kid=K201 lic=-1 p=[-1,-1,-1] depth=1 live t=-1 r=0 taint=0: Fundamental theorem of arithmetic: every integer greater than 1 is a product of prime numbers, uniquely up to order.
S131 src=cite kid=K202 lic=-1 p=[-1,-1,-1] depth=1 live t=-1 r=0 taint=0: Euclid's lemma: if p is a prime number and p divides the product a * b, then p divides a or p divides b.
S132 src=cite kid=K203 lic=-1 p=[-1,-1,-1] depth=1 live t=-1 r=0 taint=0: Bezout's identity: for integers a and b, there are integers x and y with a*x + b*y = gcd(a,b).
S133 src=cite kid=K204 lic=-1 p=[-1,-1,-1] depth=1 live t=-1 r=0 taint=0: Pigeonhole principle: if more than n items are placed into n boxes, some box contains at least 2 items.
S134 src=cite kid=K205 lic=-1 p=[-1,-1,-1] depth=1 live t=-1 r=0 taint=0: Pythagorean theorem: in a right triangle with legs a, b and hypotenuse c, a^2 + b^2 = c^2.
S135 src=cite kid=K206 lic=-1 p=[-1,-1,-1] depth=1 live t=-1 r=0 taint=0: There are infinitely many prime numbers.
S136 src=cite kid=K207 lic=-1 p=[-1,-1,-1] depth=1 live t=-1 r=0 taint=0: Algebraic identities: (a+b)^2 = a^2+2ab+b^2; (a-b)^2 = a^2-2ab+b^2; a^2-b^2 = (a-b)(a+b), for all real numbers a and b.
S137 src=cite kid=K208 lic=-1 p=[-1,-1,-1] depth=1 live t=-1 r=0 taint=0: Vertical angles are equal.
S138 src=cite kid=K208 lic=-1 p=[-1,-1,-1] depth=1 live t=-1 r=0 taint=0: If a transversal cuts two parallel lines, alternate interior angles are equal.
S139 src=cite kid=K209 lic=-1 p=[-1,-1,-1] depth=1 live t=-1 r=0 taint=0: Triangle congruence criteria: SAS, ASA, SSS.
S140 src=cite kid=K209 lic=-1 p=[-1,-1,-1] depth=1 live t=-1 r=0 taint=0: (If two triangles satisfy any one of these criteria, all corresponding sides and angles are equal.)
S141 src=cite kid=K210 lic=-1 p=[-1,-1,-1] depth=1 live t=-1 r=0 taint=0: Midpoint theorem: the segment joining the midpoints of two sides of a triangle is parallel to the third side and half its length.
S142 src=prop lic=5 p=[4,2,-1] depth=2 live t=1 r=1 taint=0: document 2 is sealed.
S143 src=subgoal lic=7 p=[4,-1,-1] depth=2 live t=2 r=1 taint=0: document 1 is sealed
S144 src=prop lic=5 p=[5,142,-1] depth=3 live t=1 r=2 taint=0: document 3 is sealed.
S145 src=subgoal lic=7 p=[5,-1,-1] depth=2 live t=2 r=2 taint=0: document 2 is sealed
S146 src=prop lic=5 p=[6,144,-1] depth=4 live t=1 r=3 taint=0: document 4 is sealed.
S147 src=subgoal lic=7 p=[6,-1,-1] depth=2 live t=2 r=3 taint=0: document 3 is sealed
S148 src=prop lic=5 p=[7,146,-1] depth=5 live t=1 r=4 taint=0: document 5 is sealed.
S149 src=subgoal lic=7 p=[7,-1,-1] depth=2 live t=2 r=4 taint=0: document 4 is sealed
S150 src=prop lic=5 p=[8,148,-1] depth=6 live t=1 r=5 taint=0: document 6 is sealed.
S151 src=subgoal lic=7 p=[8,-1,-1] depth=2 live t=2 r=5 taint=0: document 5 is sealed
S152 src=prop lic=5 p=[9,150,-1] depth=7 live t=1 r=6 taint=0: document 7 is sealed.
S153 src=subgoal lic=7 p=[9,-1,-1] depth=2 live t=2 r=6 taint=0: document 6 is sealed
S154 src=prop lic=5 p=[10,152,-1] depth=8 live t=1 r=7 taint=0: document 8 is sealed.
S155 src=subgoal lic=7 p=[10,-1,-1] depth=2 live t=2 r=7 taint=0: document 7 is sealed
S156 src=prop lic=5 p=[11,154,-1] depth=9 live t=1 r=8 taint=0: document 9 is sealed.
S157 src=subgoal lic=7 p=[11,-1,-1] depth=2 live t=2 r=8 taint=0: document 8 is sealed
S158 src=prop lic=5 p=[12,156,-1] depth=10 live t=1 r=9 taint=0: document 10 is sealed.
S159 src=subgoal lic=7 p=[12,-1,-1] depth=2 live t=2 r=9 taint=0: document 9 is sealed
S160 src=prop lic=5 p=[14,158,-1] depth=11 live t=1 r=10 taint=0: document 11 is sealed.
S161 src=subgoal lic=7 p=[14,-1,-1] depth=2 live t=2 r=10 taint=0: document 10 is sealed
S162 src=prop lic=5 p=[16,160,-1] depth=12 live t=1 r=11 taint=0: document 12 is sealed.
S163 src=subgoal lic=7 p=[16,-1,-1] depth=2 live t=2 r=11 taint=0: document 11 is sealed
S164 src=prop lic=5 p=[18,162,-1] depth=13 live t=1 r=12 taint=0: document 13 is sealed.
S165 src=subgoal lic=7 p=[18,-1,-1] depth=2 live t=2 r=12 taint=0: document 12 is sealed
S166 src=prop lic=5 p=[20,164,-1] depth=14 live t=1 r=13 taint=0: document 14 is sealed.
S167 src=subgoal lic=7 p=[20,-1,-1] depth=2 live t=2 r=13 taint=0: document 13 is sealed
S168 src=prop lic=5 p=[22,166,-1] depth=15 live t=1 r=14 taint=0: document 15 is sealed.
S169 src=subgoal lic=7 p=[22,-1,-1] depth=2 live t=2 r=14 taint=0: document 14 is sealed
S170 src=prop lic=5 p=[24,168,-1] depth=16 live t=1 r=15 taint=0: document 16 is sealed.
S171 src=subgoal lic=7 p=[24,-1,-1] depth=2 live t=2 r=15 taint=0: document 15 is sealed
S172 src=prop lic=5 p=[26,170,-1] depth=17 live t=1 r=16 taint=0: document 17 is sealed.
S173 src=subgoal lic=7 p=[26,-1,-1] depth=2 live t=2 r=16 taint=0: document 16 is sealed
S174 src=prop lic=5 p=[28,172,-1] depth=18 live t=1 r=17 taint=0: document 18 is sealed.
S175 src=subgoal lic=7 p=[28,-1,-1] depth=2 live t=2 r=17 taint=0: document 17 is sealed
S176 src=prop lic=5 p=[30,174,-1] depth=19 live t=1 r=18 taint=0: document 19 is sealed.
S177 src=subgoal lic=7 p=[30,-1,-1] depth=2 live t=2 r=18 taint=0: document 18 is sealed
S178 src=prop lic=5 p=[32,176,-1] depth=20 live t=1 r=19 taint=0: document 20 is sealed.
S179 src=subgoal lic=7 p=[32,-1,-1] depth=2 live t=2 r=19 taint=0: document 19 is sealed
S180 src=prop lic=5 p=[34,178,-1] depth=21 live t=1 r=20 taint=0: document 21 is sealed.
S181 src=subgoal lic=7 p=[34,-1,-1] depth=2 live t=2 r=20 taint=0: document 20 is sealed
S182 src=prop lic=5 p=[36,180,-1] depth=22 live t=1 r=21 taint=0: document 22 is sealed.
S183 src=subgoal lic=7 p=[36,-1,-1] depth=2 live t=2 r=21 taint=0: document 21 is sealed
S184 src=prop lic=5 p=[38,182,-1] depth=23 live t=1 r=22 taint=0: document 23 is sealed.
S185 src=subgoal lic=7 p=[38,-1,-1] depth=2 live t=2 r=22 taint=0: document 22 is sealed
S186 src=prop lic=5 p=[40,184,-1] depth=24 live t=1 r=23 taint=0: document 24 is sealed.
S187 src=subgoal lic=7 p=[40,-1,-1] depth=2 live t=2 r=23 taint=0: document 23 is sealed
S188 src=prop lic=5 p=[42,186,-1] depth=25 live t=1 r=24 taint=0: document 25 is sealed.
S189 src=subgoal lic=7 p=[42,-1,-1] depth=2 live t=2 r=24 taint=0: document 24 is sealed
S190 src=prop lic=5 p=[44,188,-1] depth=26 live t=1 r=25 taint=0: document 26 is sealed.
S191 src=subgoal lic=7 p=[44,-1,-1] depth=2 live t=2 r=25 taint=0: document 25 is sealed
S192 src=prop lic=5 p=[46,190,-1] depth=27 live t=1 r=26 taint=0: document 27 is sealed.
S193 src=subgoal lic=7 p=[46,-1,-1] depth=2 live t=2 r=26 taint=0: document 26 is sealed
S194 src=prop lic=5 p=[48,192,-1] depth=28 live t=1 r=27 taint=0: document 28 is sealed.
S195 src=subgoal lic=7 p=[48,-1,-1] depth=2 live t=2 r=27 taint=0: document 27 is sealed
S196 src=prop lic=5 p=[50,194,-1] depth=29 live t=1 r=28 taint=0: document 29 is sealed.
S197 src=subgoal lic=7 p=[50,-1,-1] depth=2 live t=2 r=28 taint=0: document 28 is sealed
S198 src=prop lic=5 p=[52,196,-1] depth=30 live t=1 r=29 taint=0: document 30 is sealed.
S199 src=subgoal lic=7 p=[52,-1,-1] depth=2 live t=2 r=29 taint=0: document 29 is sealed
S200 src=prop lic=5 p=[54,198,-1] depth=31 live t=1 r=30 taint=0: document 31 is sealed.
S201 src=subgoal lic=7 p=[54,-1,-1] depth=2 live t=2 r=30 taint=0: document 30 is sealed
S202 src=prop lic=5 p=[56,200,-1] depth=32 live t=1 r=31 taint=0: document 32 is sealed.
S203 src=subgoal lic=7 p=[56,-1,-1] depth=2 live t=2 r=31 taint=0: document 31 is sealed
S204 src=prop lic=5 p=[58,202,-1] depth=33 live t=1 r=32 taint=0: document 33 is sealed.
S205 src=subgoal lic=7 p=[58,-1,-1] depth=2 live t=2 r=32 taint=0: document 32 is sealed
S206 src=prop lic=5 p=[60,204,-1] depth=34 live t=1 r=33 taint=0: document 34 is sealed.
S207 src=subgoal lic=7 p=[60,-1,-1] depth=2 live t=2 r=33 taint=0: document 33 is sealed
S208 src=prop lic=5 p=[62,206,-1] depth=35 live t=1 r=34 taint=0: document 35 is sealed.
S209 src=subgoal lic=7 p=[62,-1,-1] depth=2 live t=2 r=34 taint=0: document 34 is sealed
S210 src=prop lic=5 p=[64,208,-1] depth=36 live t=1 r=35 taint=0: document 36 is sealed.
S211 src=subgoal lic=7 p=[64,-1,-1] depth=2 live t=2 r=35 taint=0: document 35 is sealed
S212 src=prop lic=5 p=[66,210,-1] depth=37 live t=1 r=36 taint=0: document 37 is sealed.
S213 src=subgoal lic=7 p=[66,-1,-1] depth=2 live t=2 r=36 taint=0: document 36 is sealed
S214 src=prop lic=5 p=[68,212,-1] depth=38 live t=1 r=37 taint=0: document 38 is sealed.
S215 src=subgoal lic=7 p=[68,-1,-1] depth=2 live t=2 r=37 taint=0: document 37 is sealed
S216 src=prop lic=5 p=[70,214,-1] depth=39 live t=1 r=38 taint=0: document 39 is sealed.
S217 src=subgoal lic=7 p=[70,-1,-1] depth=2 live t=2 r=38 taint=0: document 38 is sealed
S218 src=prop lic=5 p=[72,216,-1] depth=40 live t=1 r=39 taint=0: document 40 is sealed.
S219 src=subgoal lic=7 p=[72,-1,-1] depth=2 live t=2 r=39 taint=0: document 39 is sealed
S220 src=prop lic=5 p=[74,218,-1] depth=41 live t=1 r=40 taint=0: document 41 is sealed.
S221 src=subgoal lic=7 p=[74,-1,-1] depth=2 live t=2 r=40 taint=0: document 40 is sealed
S222 src=prop lic=5 p=[76,220,-1] depth=42 live t=1 r=41 taint=0: document 42 is sealed.
S223 src=subgoal lic=7 p=[76,-1,-1] depth=2 live t=2 r=41 taint=0: document 41 is sealed
S224 src=prop lic=5 p=[78,222,-1] depth=43 live t=1 r=42 taint=0: document 43 is sealed.
S225 src=subgoal lic=7 p=[78,-1,-1] depth=2 live t=2 r=42 taint=0: document 42 is sealed
S226 src=prop lic=5 p=[80,224,-1] depth=44 live t=1 r=43 taint=0: document 44 is sealed.
S227 src=subgoal lic=7 p=[80,-1,-1] depth=2 live t=2 r=43 taint=0: document 43 is sealed
S228 src=prop lic=5 p=[82,226,-1] depth=45 live t=1 r=44 taint=0: document 45 is sealed.
S229 src=subgoal lic=7 p=[82,-1,-1] depth=2 live t=2 r=44 taint=0: document 44 is sealed
S230 src=prop lic=5 p=[84,228,-1] depth=46 live t=1 r=45 taint=0: document 46 is sealed.
S231 src=subgoal lic=7 p=[84,-1,-1] depth=2 live t=2 r=45 taint=0: document 45 is sealed
S232 src=prop lic=5 p=[86,230,-1] depth=47 live t=1 r=46 taint=0: document 47 is sealed.
S233 src=subgoal lic=7 p=[86,-1,-1] depth=2 live t=2 r=46 taint=0: document 46 is sealed
S234 src=prop lic=5 p=[88,232,-1] depth=48 live t=1 r=47 taint=0: document 48 is sealed.
S235 src=subgoal lic=7 p=[88,-1,-1] depth=2 live t=2 r=47 taint=0: document 47 is sealed
S236 src=prop lic=5 p=[90,234,-1] depth=49 live t=1 r=48 taint=0: document 49 is sealed.
S237 src=subgoal lic=7 p=[90,-1,-1] depth=2 live t=2 r=48 taint=0: document 48 is sealed
S238 src=prop lic=5 p=[92,236,-1] depth=50 live t=1 r=49 taint=0: document 50 is sealed.
S239 src=subgoal lic=7 p=[92,-1,-1] depth=2 live t=2 r=49 taint=0: document 49 is sealed
S240 src=prop lic=5 p=[94,238,-1] depth=51 live t=1 r=50 taint=0: document 51 is sealed.
S241 src=subgoal lic=7 p=[94,-1,-1] depth=2 live t=2 r=50 taint=0: document 50 is sealed
S242 src=prop lic=5 p=[96,240,-1] depth=52 live t=1 r=51 taint=0: document 52 is sealed.
S243 src=subgoal lic=7 p=[96,-1,-1] depth=2 live t=2 r=51 taint=0: document 51 is sealed
S244 src=prop lic=5 p=[98,242,-1] depth=53 live t=1 r=52 taint=0: document 53 is sealed.
S245 src=subgoal lic=7 p=[98,-1,-1] depth=2 live t=2 r=52 taint=0: document 52 is sealed
S246 src=prop lic=5 p=[100,244,-1] depth=54 live t=1 r=53 taint=0: document 54 is sealed.
S247 src=subgoal lic=7 p=[100,-1,-1] depth=2 live t=2 r=53 taint=0: document 53 is sealed
S248 src=prop lic=5 p=[102,246,-1] depth=55 live t=1 r=54 taint=0: document 55 is sealed.
S249 src=subgoal lic=7 p=[102,-1,-1] depth=2 live t=2 r=54 taint=0: document 54 is sealed
S250 src=prop lic=5 p=[104,248,-1] depth=56 live t=1 r=55 taint=0: document 56 is sealed.
AUDIT:
R1 T0 CONTRA L0 contra-assume p=[0,-1,-1] REFUSED contra=[S2] strikes=1
R1 T1 FORWARD L5 lemma-apply p=[4,2,-1] -> S142 APPEND
R1 T2 GOAL L7 goal-lemmasub p=[4,-1,-1] -> S143 APPEND
R2 T1 FORWARD L5 lemma-apply p=[5,142,-1] -> S144 APPEND
R2 T2 GOAL L7 goal-lemmasub p=[5,-1,-1] -> S145 APPEND
R3 T1 FORWARD L5 lemma-apply p=[6,144,-1] -> S146 APPEND
R3 T2 GOAL L7 goal-lemmasub p=[6,-1,-1] -> S147 APPEND
R4 T1 FORWARD L5 lemma-apply p=[7,146,-1] -> S148 APPEND
R4 T2 GOAL L7 goal-lemmasub p=[7,-1,-1] -> S149 APPEND
R5 T1 FORWARD L5 lemma-apply p=[8,148,-1] -> S150 APPEND
R5 T2 GOAL L7 goal-lemmasub p=[8,-1,-1] -> S151 APPEND
R6 T1 FORWARD L5 lemma-apply p=[9,150,-1] -> S152 APPEND
R6 T2 GOAL L7 goal-lemmasub p=[9,-1,-1] -> S153 APPEND
R7 T1 FORWARD L5 lemma-apply p=[10,152,-1] -> S154 APPEND
R7 T2 GOAL L7 goal-lemmasub p=[10,-1,-1] -> S155 APPEND
R8 T1 FORWARD L5 lemma-apply p=[11,154,-1] -> S156 APPEND
R8 T2 GOAL L7 goal-lemmasub p=[11,-1,-1] -> S157 APPEND
R9 T1 FORWARD L5 lemma-apply p=[12,156,-1] -> S158 APPEND
R9 T2 GOAL L7 goal-lemmasub p=[12,-1,-1] -> S159 APPEND
R10 T1 FORWARD L5 lemma-apply p=[14,158,-1] -> S160 APPEND
R10 T2 GOAL L7 goal-lemmasub p=[14,-1,-1] -> S161 APPEND
R11 T1 FORWARD L5 lemma-apply p=[16,160,-1] -> S162 APPEND
R11 T2 GOAL L7 goal-lemmasub p=[16,-1,-1] -> S163 APPEND
R12 T1 FORWARD L5 lemma-apply p=[18,162,-1] -> S164 APPEND
R12 T2 GOAL L7 goal-lemmasub p=[18,-1,-1] -> S165 APPEND
R13 T1 FORWARD L5 lemma-apply p=[20,164,-1] -> S166 APPEND
R13 T2 GOAL L7 goal-lemmasub p=[20,-1,-1] -> S167 APPEND
R14 T1 FORWARD L5 lemma-apply p=[22,166,-1] -> S168 APPEND
R14 T2 GOAL L7 goal-lemmasub p=[22,-1,-1] -> S169 APPEND
R15 T1 FORWARD L5 lemma-apply p=[24,168,-1] -> S170 APPEND
R15 T2 GOAL L7 goal-lemmasub p=[24,-1,-1] -> S171 APPEND
R16 T1 FORWARD L5 lemma-apply p=[26,170,-1] -> S172 APPEND
R16 T2 GOAL L7 goal-lemmasub p=[26,-1,-1] -> S173 APPEND
R17 T1 FORWARD L5 lemma-apply p=[28,172,-1] -> S174 APPEND
R17 T2 GOAL L7 goal-lemmasub p=[28,-1,-1] -> S175 APPEND
R18 T1 FORWARD L5 lemma-apply p=[30,174,-1] -> S176 APPEND
R18 T2 GOAL L7 goal-lemmasub p=[30,-1,-1] -> S177 APPEND
R19 T1 FORWARD L5 lemma-apply p=[32,176,-1] -> S178 APPEND
R19 T2 GOAL L7 goal-lemmasub p=[32,-1,-1] -> S179 APPEND
R20 T1 FORWARD L5 lemma-apply p=[34,178,-1] -> S180 APPEND
R20 T2 GOAL L7 goal-lemmasub p=[34,-1,-1] -> S181 APPEND
R21 T1 FORWARD L5 lemma-apply p=[36,180,-1] -> S182 APPEND
R21 T2 GOAL L7 goal-lemmasub p=[36,-1,-1] -> S183 APPEND
R22 T1 FORWARD L5 lemma-apply p=[38,182,-1] -> S184 APPEND
R22 T2 GOAL L7 goal-lemmasub p=[38,-1,-1] -> S185 APPEND
R23 T1 FORWARD L5 lemma-apply p=[40,184,-1] -> S186 APPEND
R23 T2 GOAL L7 goal-lemmasub p=[40,-1,-1] -> S187 APPEND
R24 T1 FORWARD L5 lemma-apply p=[42,186,-1] -> S188 APPEND
R24 T2 GOAL L7 goal-lemmasub p=[42,-1,-1] -> S189 APPEND
R25 T1 FORWARD L5 lemma-apply p=[44,188,-1] -> S190 APPEND
R25 T2 GOAL L7 goal-lemmasub p=[44,-1,-1] -> S191 APPEND
R26 T1 FORWARD L5 lemma-apply p=[46,190,-1] -> S192 APPEND
R26 T2 GOAL L7 goal-lemmasub p=[46,-1,-1] -> S193 APPEND
R27 T1 FORWARD L5 lemma-apply p=[48,192,-1] -> S194 APPEND
R27 T2 GOAL L7 goal-lemmasub p=[48,-1,-1] -> S195 APPEND
R28 T1 FORWARD L5 lemma-apply p=[50,194,-1] -> S196 APPEND
R28 T2 GOAL L7 goal-lemmasub p=[50,-1,-1] -> S197 APPEND
R29 T1 FORWARD L5 lemma-apply p=[52,196,-1] -> S198 APPEND
R29 T2 GOAL L7 goal-lemmasub p=[52,-1,-1] -> S199 APPEND
R30 T1 FORWARD L5 lemma-apply p=[54,198,-1] -> S200 APPEND
R30 T2 GOAL L7 goal-lemmasub p=[54,-1,-1] -> S201 APPEND
R31 T1 FORWARD L5 lemma-apply p=[56,200,-1] -> S202 APPEND
R31 T2 GOAL L7 goal-lemmasub p=[56,-1,-1] -> S203 APPEND
R32 T1 FORWARD L5 lemma-apply p=[58,202,-1] -> S204 APPEND
R32 T2 GOAL L7 goal-lemmasub p=[58,-1,-1] -> S205 APPEND
R33 T1 FORWARD L5 lemma-apply p=[60,204,-1] -> S206 APPEND
R33 T2 GOAL L7 goal-lemmasub p=[60,-1,-1] -> S207 APPEND
R34 T1 FORWARD L5 lemma-apply p=[62,206,-1] -> S208 APPEND
R34 T2 GOAL L7 goal-lemmasub p=[62,-1,-1] -> S209 APPEND
R35 T1 FORWARD L5 lemma-apply p=[64,208,-1] -> S210 APPEND
R35 T2 GOAL L7 goal-lemmasub p=[64,-1,-1] -> S211 APPEND
R36 T1 FORWARD L5 lemma-apply p=[66,210,-1] -> S212 APPEND
R36 T2 GOAL L7 goal-lemmasub p=[66,-1,-1] -> S213 APPEND
R37 T1 FORWARD L5 lemma-apply p=[68,212,-1] -> S214 APPEND
R37 T2 GOAL L7 goal-lemmasub p=[68,-1,-1] -> S215 APPEND
R38 T1 FORWARD L5 lemma-apply p=[70,214,-1] -> S216 APPEND
R38 T2 GOAL L7 goal-lemmasub p=[70,-1,-1] -> S217 APPEND
R39 T1 FORWARD L5 lemma-apply p=[72,216,-1] -> S218 APPEND
R39 T2 GOAL L7 goal-lemmasub p=[72,-1,-1] -> S219 APPEND
R40 T1 FORWARD L5 lemma-apply p=[74,218,-1] -> S220 APPEND
R40 T2 GOAL L7 goal-lemmasub p=[74,-1,-1] -> S221 APPEND
R41 T1 FORWARD L5 lemma-apply p=[76,220,-1] -> S222 APPEND
R41 T2 GOAL L7 goal-lemmasub p=[76,-1,-1] -> S223 APPEND
R42 T1 FORWARD L5 lemma-apply p=[78,222,-1] -> S224 APPEND
R42 T2 GOAL L7 goal-lemmasub p=[78,-1,-1] -> S225 APPEND
R43 T1 FORWARD L5 lemma-apply p=[80,224,-1] -> S226 APPEND
R43 T2 GOAL L7 goal-lemmasub p=[80,-1,-1] -> S227 APPEND
R44 T1 FORWARD L5 lemma-apply p=[82,226,-1] -> S228 APPEND
R44 T2 GOAL L7 goal-lemmasub p=[82,-1,-1] -> S229 APPEND
R45 T1 FORWARD L5 lemma-apply p=[84,228,-1] -> S230 APPEND
R45 T2 GOAL L7 goal-lemmasub p=[84,-1,-1] -> S231 APPEND
R46 T1 FORWARD L5 lemma-apply p=[86,230,-1] -> S232 APPEND
R46 T2 GOAL L7 goal-lemmasub p=[86,-1,-1] -> S233 APPEND
R47 T1 FORWARD L5 lemma-apply p=[88,232,-1] -> S234 APPEND
R47 T2 GOAL L7 goal-lemmasub p=[88,-1,-1] -> S235 APPEND
R48 T1 FORWARD L5 lemma-apply p=[90,234,-1] -> S236 APPEND
R48 T2 GOAL L7 goal-lemmasub p=[90,-1,-1] -> S237 APPEND
R49 T1 FORWARD L5 lemma-apply p=[92,236,-1] -> S238 APPEND
R49 T2 GOAL L7 goal-lemmasub p=[92,-1,-1] -> S239 APPEND
R50 T1 FORWARD L5 lemma-apply p=[94,238,-1] -> S240 APPEND
R50 T2 GOAL L7 goal-lemmasub p=[94,-1,-1] -> S241 APPEND
R51 T1 FORWARD L5 lemma-apply p=[96,240,-1] -> S242 APPEND
R51 T2 GOAL L7 goal-lemmasub p=[96,-1,-1] -> S243 APPEND
R52 T1 FORWARD L5 lemma-apply p=[98,242,-1] -> S244 APPEND
R52 T2 GOAL L7 goal-lemmasub p=[98,-1,-1] -> S245 APPEND
R53 T1 FORWARD L5 lemma-apply p=[100,244,-1] -> S246 APPEND
R53 T2 GOAL L7 goal-lemmasub p=[100,-1,-1] -> S247 APPEND
R54 T1 FORWARD L5 lemma-apply p=[102,246,-1] -> S248 APPEND
R54 T2 GOAL L7 goal-lemmasub p=[102,-1,-1] -> S249 APPEND
R55 T1 FORWARD L5 lemma-apply p=[104,248,-1] -> S250 APPEND
