ID: CHAIN50_NL_02
ENGINE: n5
VERDICT: DERIVED
CLAIM: Runner 64 has the baton.
CONFIDENCE: 1
DERIVATIONS: 125
STORE: /home/hatch/workspace/tnn-lab/math_logic/round4/batteries/knowledge/KNOWLEDGE_STORE_NL.md
FLAGS:
THREADS:
T0 CONTRA status=live strikes=1 proposals=1
T1 FORWARD status=live strikes=0 proposals=63
T2 GOAL status=live strikes=0 proposals=62
LEDGER:
S0 src=input lic=-1 p=[-1,-1,-1] depth=0 live t=-1 r=0 taint=0: # CHAIN50_NL_02

Title: The relay

Sixty-four runners line up for a relay, numbered 1 to 64.
Runner 1 starts with the baton.
Each runner who receives the baton passes it to the next-numbered runner.

R1. If runner 1 has the baton, then runner 2 has the baton.
R2. If runner 2 has the baton, then runner 3 has the baton.
R3. If runner 3 has the baton, then runner 4 has the baton.
R4. If runner 4 has the baton, then runner 5 has the baton.
R5. If runner 5 has the baton, then runner 6 has the baton.
R6. If runner 6 has the baton, then runner 7 has the baton.
R7. If runner 7 has the baton, then runner 8 has the baton.
R8. If runner 8 has the baton, then runner 9 has the baton.
R9. If runner 9 has the baton, then runner 10 has the baton.
R10. If runner 10 has the baton, then runner 11 has the baton.
R11. If runner 11 has the baton, then runner 12 has the baton.
R12. If runner 12 has the baton, then runner 13 has the baton.
R13. If runner 13 has the baton, then runner 14 has the baton.
R14. If runner 14 has the baton, then runner 15 has the baton.
R15. If runner 15 has the baton, then runner 16 has the baton.
R16. If runner 16 has the baton, then runner 17 has the baton.
R17. If runner 17 has the baton, then runner 18 has the baton.
R18. If runner 18 has the baton, then runner 19 has the baton.
R19. If runner 19 has the baton, then runner 20 has the baton.
R20. If runner 20 has the baton, then runner 21 has the baton.
R21. If runner 21 has the baton, then runner 22 has the baton.
R22. If runner 22 has the baton, then runner 23 has the baton.
R23. If runner 23 has the baton, then runner 24 has the baton.
R24. If runner 24 has the baton, then runner 25 has the baton.
R25. If runner 25 has the baton, then runner 26 has the baton.
R26. If runner 26 has the baton, then runner 27 has the baton.
R27. If runner 27 has the baton, then runner 28 has the baton.
R28. If runner 28 has the baton, then runner 29 has the baton.
R29. If runner 29 has the baton, then runner 30 has the baton.
R30. If runner 30 has the baton, then runner 31 has the baton.
R31. If runner 31 has the baton, then runner 32 has the baton.
R32. If runner 32 has the baton, then runner 33 has the baton.
R33. If runner 33 has the baton, then runner 34 has the baton.
R34. If runner 34 has the baton, then runner 35 has the baton.
R35. If runner 35 has the baton, then runner 36 has the baton.
R36. If runner 36 has the baton, then runner 37 has the baton.
R37. If runner 37 has the baton, then runner 38 has the baton.
R38. If runner 38 has the baton, then runner 39 has the baton.
R39. If runner 39 has the baton, then runner 40 has the baton.
R40. If runner 40 has the baton, then runner 41 has the baton.
R41. If runner 41 has the baton, then runner 42 has the baton.
R42. If runner 42 has the baton, then runner 43 has the baton.
R43. If runner 43 has the baton, then runner 44 has the baton.
R44. If runner 44 has the baton, then runner 45 has the baton.
R45. If runner 45 has the baton, then runner 46 has the baton.
R46. If runner 46 has the baton, then runner 47 has the baton.
R47. If runner 47 has the baton, then runner 48 has the baton.
R48. If runner 48 has the baton, then runner 49 has the baton.
R49. If runner 49 has the baton, then runner 50 has the baton.
R50. If runner 50 has the baton, then runner 51 has the baton.
R51. If runner 51 has the baton, then runner 52 has the baton.
R52. If runner 52 has the baton, then runner 53 has the baton.
R53. If runner 53 has the baton, then runner 54 has the baton.
R54. If runner 54 has the baton, then runner 55 has the baton.
R55. If runner 55 has the baton, then runner 56 has the baton.
R56. If runner 56 has the baton, then runner 57 has the baton.
R57. If runner 57 has the baton, then runner 58 has the baton.
R58. If runner 58 has the baton, then runner 59 has the baton.
R59. If runner 59 has the baton, then runner 60 has the baton.
R60. If runner 60 has the baton, then runner 61 has the baton.
R61. If runner 61 has the baton, then runner 62 has the baton.
R62. If runner 62 has the baton, then runner 63 has the baton.
R63. If runner 63 has the baton, then runner 64 has the baton.

TARGET: Runner 64 has the baton.

S1 src=premise lic=-1 p=[-1,-1,-1] depth=1 live t=-1 r=0 taint=0: Sixty-four runners line up for a relay, numbered 1 to 64.
S2 src=premise lic=-1 p=[-1,-1,-1] depth=1 live t=-1 r=0 taint=0: Runner 1 starts with the baton.
S3 src=premise lic=-1 p=[-1,-1,-1] depth=1 live t=-1 r=0 taint=0: Each runner who receives the baton passes it to the next-numbered runner.
S4 src=premise lic=-1 p=[-1,-1,-1] depth=1 live t=-1 r=0 taint=0: If runner 1 has the baton, then runner 2 has the baton.
S5 src=premise lic=-1 p=[-1,-1,-1] depth=1 live t=-1 r=0 taint=0: If runner 2 has the baton, then runner 3 has the baton.
S6 src=premise lic=-1 p=[-1,-1,-1] depth=1 live t=-1 r=0 taint=0: If runner 3 has the baton, then runner 4 has the baton.
S7 src=premise lic=-1 p=[-1,-1,-1] depth=1 live t=-1 r=0 taint=0: If runner 4 has the baton, then runner 5 has the baton.
S8 src=premise lic=-1 p=[-1,-1,-1] depth=1 live t=-1 r=0 taint=0: If runner 5 has the baton, then runner 6 has the baton.
S9 src=premise lic=-1 p=[-1,-1,-1] depth=1 live t=-1 r=0 taint=0: If runner 6 has the baton, then runner 7 has the baton.
S10 src=premise lic=-1 p=[-1,-1,-1] depth=1 live t=-1 r=0 taint=0: If runner 7 has the baton, then runner 8 has the baton.
S11 src=premise lic=-1 p=[-1,-1,-1] depth=1 live t=-1 r=0 taint=0: If runner 8 has the baton, then runner 9 has the baton.
S12 src=premise lic=-1 p=[-1,-1,-1] depth=1 live t=-1 r=0 taint=0: If runner 9 has the baton, then runner 10 has the baton.
S13 src=premise lic=-1 p=[-1,-1,-1] depth=1 live t=-1 r=0 taint=0: R10.
S14 src=premise lic=-1 p=[-1,-1,-1] depth=1 live t=-1 r=0 taint=0: If runner 10 has the baton, then runner 11 has the baton.
S15 src=premise lic=-1 p=[-1,-1,-1] depth=1 live t=-1 r=0 taint=0: R11.
S16 src=premise lic=-1 p=[-1,-1,-1] depth=1 live t=-1 r=0 taint=0: If runner 11 has the baton, then runner 12 has the baton.
S17 src=premise lic=-1 p=[-1,-1,-1] depth=1 live t=-1 r=0 taint=0: R12.
S18 src=premise lic=-1 p=[-1,-1,-1] depth=1 live t=-1 r=0 taint=0: If runner 12 has the baton, then runner 13 has the baton.
S19 src=premise lic=-1 p=[-1,-1,-1] depth=1 live t=-1 r=0 taint=0: R13.
S20 src=premise lic=-1 p=[-1,-1,-1] depth=1 live t=-1 r=0 taint=0: If runner 13 has the baton, then runner 14 has the baton.
S21 src=premise lic=-1 p=[-1,-1,-1] depth=1 live t=-1 r=0 taint=0: R14.
S22 src=premise lic=-1 p=[-1,-1,-1] depth=1 live t=-1 r=0 taint=0: If runner 14 has the baton, then runner 15 has the baton.
S23 src=premise lic=-1 p=[-1,-1,-1] depth=1 live t=-1 r=0 taint=0: R15.
S24 src=premise lic=-1 p=[-1,-1,-1] depth=1 live t=-1 r=0 taint=0: If runner 15 has the baton, then runner 16 has the baton.
S25 src=premise lic=-1 p=[-1,-1,-1] depth=1 live t=-1 r=0 taint=0: R16.
S26 src=premise lic=-1 p=[-1,-1,-1] depth=1 live t=-1 r=0 taint=0: If runner 16 has the baton, then runner 17 has the baton.
S27 src=premise lic=-1 p=[-1,-1,-1] depth=1 live t=-1 r=0 taint=0: R17.
S28 src=premise lic=-1 p=[-1,-1,-1] depth=1 live t=-1 r=0 taint=0: If runner 17 has the baton, then runner 18 has the baton.
S29 src=premise lic=-1 p=[-1,-1,-1] depth=1 live t=-1 r=0 taint=0: R18.
S30 src=premise lic=-1 p=[-1,-1,-1] depth=1 live t=-1 r=0 taint=0: If runner 18 has the baton, then runner 19 has the baton.
S31 src=premise lic=-1 p=[-1,-1,-1] depth=1 live t=-1 r=0 taint=0: R19.
S32 src=premise lic=-1 p=[-1,-1,-1] depth=1 live t=-1 r=0 taint=0: If runner 19 has the baton, then runner 20 has the baton.
S33 src=premise lic=-1 p=[-1,-1,-1] depth=1 live t=-1 r=0 taint=0: R20.
S34 src=premise lic=-1 p=[-1,-1,-1] depth=1 live t=-1 r=0 taint=0: If runner 20 has the baton, then runner 21 has the baton.
S35 src=premise lic=-1 p=[-1,-1,-1] depth=1 live t=-1 r=0 taint=0: R21.
S36 src=premise lic=-1 p=[-1,-1,-1] depth=1 live t=-1 r=0 taint=0: If runner 21 has the baton, then runner 22 has the baton.
S37 src=premise lic=-1 p=[-1,-1,-1] depth=1 live t=-1 r=0 taint=0: R22.
S38 src=premise lic=-1 p=[-1,-1,-1] depth=1 live t=-1 r=0 taint=0: If runner 22 has the baton, then runner 23 has the baton.
S39 src=premise lic=-1 p=[-1,-1,-1] depth=1 live t=-1 r=0 taint=0: R23.
S40 src=premise lic=-1 p=[-1,-1,-1] depth=1 live t=-1 r=0 taint=0: If runner 23 has the baton, then runner 24 has the baton.
S41 src=premise lic=-1 p=[-1,-1,-1] depth=1 live t=-1 r=0 taint=0: R24.
S42 src=premise lic=-1 p=[-1,-1,-1] depth=1 live t=-1 r=0 taint=0: If runner 24 has the baton, then runner 25 has the baton.
S43 src=premise lic=-1 p=[-1,-1,-1] depth=1 live t=-1 r=0 taint=0: R25.
S44 src=premise lic=-1 p=[-1,-1,-1] depth=1 live t=-1 r=0 taint=0: If runner 25 has the baton, then runner 26 has the baton.
S45 src=premise lic=-1 p=[-1,-1,-1] depth=1 live t=-1 r=0 taint=0: R26.
S46 src=premise lic=-1 p=[-1,-1,-1] depth=1 live t=-1 r=0 taint=0: If runner 26 has the baton, then runner 27 has the baton.
S47 src=premise lic=-1 p=[-1,-1,-1] depth=1 live t=-1 r=0 taint=0: R27.
S48 src=premise lic=-1 p=[-1,-1,-1] depth=1 live t=-1 r=0 taint=0: If runner 27 has the baton, then runner 28 has the baton.
S49 src=premise lic=-1 p=[-1,-1,-1] depth=1 live t=-1 r=0 taint=0: R28.
S50 src=premise lic=-1 p=[-1,-1,-1] depth=1 live t=-1 r=0 taint=0: If runner 28 has the baton, then runner 29 has the baton.
S51 src=premise lic=-1 p=[-1,-1,-1] depth=1 live t=-1 r=0 taint=0: R29.
S52 src=premise lic=-1 p=[-1,-1,-1] depth=1 live t=-1 r=0 taint=0: If runner 29 has the baton, then runner 30 has the baton.
S53 src=premise lic=-1 p=[-1,-1,-1] depth=1 live t=-1 r=0 taint=0: R30.
S54 src=premise lic=-1 p=[-1,-1,-1] depth=1 live t=-1 r=0 taint=0: If runner 30 has the baton, then runner 31 has the baton.
S55 src=premise lic=-1 p=[-1,-1,-1] depth=1 live t=-1 r=0 taint=0: R31.
S56 src=premise lic=-1 p=[-1,-1,-1] depth=1 live t=-1 r=0 taint=0: If runner 31 has the baton, then runner 32 has the baton.
S57 src=premise lic=-1 p=[-1,-1,-1] depth=1 live t=-1 r=0 taint=0: R32.
S58 src=premise lic=-1 p=[-1,-1,-1] depth=1 live t=-1 r=0 taint=0: If runner 32 has the baton, then runner 33 has the baton.
S59 src=premise lic=-1 p=[-1,-1,-1] depth=1 live t=-1 r=0 taint=0: R33.
S60 src=premise lic=-1 p=[-1,-1,-1] depth=1 live t=-1 r=0 taint=0: If runner 33 has the baton, then runner 34 has the baton.
S61 src=premise lic=-1 p=[-1,-1,-1] depth=1 live t=-1 r=0 taint=0: R34.
S62 src=premise lic=-1 p=[-1,-1,-1] depth=1 live t=-1 r=0 taint=0: If runner 34 has the baton, then runner 35 has the baton.
S63 src=premise lic=-1 p=[-1,-1,-1] depth=1 live t=-1 r=0 taint=0: R35.
S64 src=premise lic=-1 p=[-1,-1,-1] depth=1 live t=-1 r=0 taint=0: If runner 35 has the baton, then runner 36 has the baton.
S65 src=premise lic=-1 p=[-1,-1,-1] depth=1 live t=-1 r=0 taint=0: R36.
S66 src=premise lic=-1 p=[-1,-1,-1] depth=1 live t=-1 r=0 taint=0: If runner 36 has the baton, then runner 37 has the baton.
S67 src=premise lic=-1 p=[-1,-1,-1] depth=1 live t=-1 r=0 taint=0: R37.
S68 src=premise lic=-1 p=[-1,-1,-1] depth=1 live t=-1 r=0 taint=0: If runner 37 has the baton, then runner 38 has the baton.
S69 src=premise lic=-1 p=[-1,-1,-1] depth=1 live t=-1 r=0 taint=0: R38.
S70 src=premise lic=-1 p=[-1,-1,-1] depth=1 live t=-1 r=0 taint=0: If runner 38 has the baton, then runner 39 has the baton.
S71 src=premise lic=-1 p=[-1,-1,-1] depth=1 live t=-1 r=0 taint=0: R39.
S72 src=premise lic=-1 p=[-1,-1,-1] depth=1 live t=-1 r=0 taint=0: If runner 39 has the baton, then runner 40 has the baton.
S73 src=premise lic=-1 p=[-1,-1,-1] depth=1 live t=-1 r=0 taint=0: R40.
S74 src=premise lic=-1 p=[-1,-1,-1] depth=1 live t=-1 r=0 taint=0: If runner 40 has the baton, then runner 41 has the baton.
S75 src=premise lic=-1 p=[-1,-1,-1] depth=1 live t=-1 r=0 taint=0: R41.
S76 src=premise lic=-1 p=[-1,-1,-1] depth=1 live t=-1 r=0 taint=0: If runner 41 has the baton, then runner 42 has the baton.
S77 src=premise lic=-1 p=[-1,-1,-1] depth=1 live t=-1 r=0 taint=0: R42.
S78 src=premise lic=-1 p=[-1,-1,-1] depth=1 live t=-1 r=0 taint=0: If runner 42 has the baton, then runner 43 has the baton.
S79 src=premise lic=-1 p=[-1,-1,-1] depth=1 live t=-1 r=0 taint=0: R43.
S80 src=premise lic=-1 p=[-1,-1,-1] depth=1 live t=-1 r=0 taint=0: If runner 43 has the baton, then runner 44 has the baton.
S81 src=premise lic=-1 p=[-1,-1,-1] depth=1 live t=-1 r=0 taint=0: R44.
S82 src=premise lic=-1 p=[-1,-1,-1] depth=1 live t=-1 r=0 taint=0: If runner 44 has the baton, then runner 45 has the baton.
S83 src=premise lic=-1 p=[-1,-1,-1] depth=1 live t=-1 r=0 taint=0: R45.
S84 src=premise lic=-1 p=[-1,-1,-1] depth=1 live t=-1 r=0 taint=0: If runner 45 has the baton, then runner 46 has the baton.
S85 src=premise lic=-1 p=[-1,-1,-1] depth=1 live t=-1 r=0 taint=0: R46.
S86 src=premise lic=-1 p=[-1,-1,-1] depth=1 live t=-1 r=0 taint=0: If runner 46 has the baton, then runner 47 has the baton.
S87 src=premise lic=-1 p=[-1,-1,-1] depth=1 live t=-1 r=0 taint=0: R47.
S88 src=premise lic=-1 p=[-1,-1,-1] depth=1 live t=-1 r=0 taint=0: If runner 47 has the baton, then runner 48 has the baton.
S89 src=premise lic=-1 p=[-1,-1,-1] depth=1 live t=-1 r=0 taint=0: R48.
S90 src=premise lic=-1 p=[-1,-1,-1] depth=1 live t=-1 r=0 taint=0: If runner 48 has the baton, then runner 49 has the baton.
S91 src=premise lic=-1 p=[-1,-1,-1] depth=1 live t=-1 r=0 taint=0: R49.
S92 src=premise lic=-1 p=[-1,-1,-1] depth=1 live t=-1 r=0 taint=0: If runner 49 has the baton, then runner 50 has the baton.
S93 src=premise lic=-1 p=[-1,-1,-1] depth=1 live t=-1 r=0 taint=0: R50.
S94 src=premise lic=-1 p=[-1,-1,-1] depth=1 live t=-1 r=0 taint=0: If runner 50 has the baton, then runner 51 has the baton.
S95 src=premise lic=-1 p=[-1,-1,-1] depth=1 live t=-1 r=0 taint=0: R51.
S96 src=premise lic=-1 p=[-1,-1,-1] depth=1 live t=-1 r=0 taint=0: If runner 51 has the baton, then runner 52 has the baton.
S97 src=premise lic=-1 p=[-1,-1,-1] depth=1 live t=-1 r=0 taint=0: R52.
S98 src=premise lic=-1 p=[-1,-1,-1] depth=1 live t=-1 r=0 taint=0: If runner 52 has the baton, then runner 53 has the baton.
S99 src=premise lic=-1 p=[-1,-1,-1] depth=1 live t=-1 r=0 taint=0: R53.
S100 src=premise lic=-1 p=[-1,-1,-1] depth=1 live t=-1 r=0 taint=0: If runner 53 has the baton, then runner 54 has the baton.
S101 src=premise lic=-1 p=[-1,-1,-1] depth=1 live t=-1 r=0 taint=0: R54.
S102 src=premise lic=-1 p=[-1,-1,-1] depth=1 live t=-1 r=0 taint=0: If runner 54 has the baton, then runner 55 has the baton.
S103 src=premise lic=-1 p=[-1,-1,-1] depth=1 live t=-1 r=0 taint=0: R55.
S104 src=premise lic=-1 p=[-1,-1,-1] depth=1 live t=-1 r=0 taint=0: If runner 55 has the baton, then runner 56 has the baton.
S105 src=premise lic=-1 p=[-1,-1,-1] depth=1 live t=-1 r=0 taint=0: R56.
S106 src=premise lic=-1 p=[-1,-1,-1] depth=1 live t=-1 r=0 taint=0: If runner 56 has the baton, then runner 57 has the baton.
S107 src=premise lic=-1 p=[-1,-1,-1] depth=1 live t=-1 r=0 taint=0: R57.
S108 src=premise lic=-1 p=[-1,-1,-1] depth=1 live t=-1 r=0 taint=0: If runner 57 has the baton, then runner 58 has the baton.
S109 src=premise lic=-1 p=[-1,-1,-1] depth=1 live t=-1 r=0 taint=0: R58.
S110 src=premise lic=-1 p=[-1,-1,-1] depth=1 live t=-1 r=0 taint=0: If runner 58 has the baton, then runner 59 has the baton.
S111 src=premise lic=-1 p=[-1,-1,-1] depth=1 live t=-1 r=0 taint=0: R59.
S112 src=premise lic=-1 p=[-1,-1,-1] depth=1 live t=-1 r=0 taint=0: If runner 59 has the baton, then runner 60 has the baton.
S113 src=premise lic=-1 p=[-1,-1,-1] depth=1 live t=-1 r=0 taint=0: R60.
S114 src=premise lic=-1 p=[-1,-1,-1] depth=1 live t=-1 r=0 taint=0: If runner 60 has the baton, then runner 61 has the baton.
S115 src=premise lic=-1 p=[-1,-1,-1] depth=1 live t=-1 r=0 taint=0: R61.
S116 src=premise lic=-1 p=[-1,-1,-1] depth=1 live t=-1 r=0 taint=0: If runner 61 has the baton, then runner 62 has the baton.
S117 src=premise lic=-1 p=[-1,-1,-1] depth=1 live t=-1 r=0 taint=0: R62.
S118 src=premise lic=-1 p=[-1,-1,-1] depth=1 live t=-1 r=0 taint=0: If runner 62 has the baton, then runner 63 has the baton.
S119 src=premise lic=-1 p=[-1,-1,-1] depth=1 live t=-1 r=0 taint=0: R63.
S120 src=premise lic=-1 p=[-1,-1,-1] depth=1 live t=-1 r=0 taint=0: If runner 63 has the baton, then runner 64 has the baton.
S121 src=cite kid=K001 lic=-1 p=[-1,-1,-1] depth=1 live t=-1 r=0 taint=0: Mathematical induction: if a property P holds for the number 1, and whenever P holds for a positive integer n it also holds for n + 1, then P holds for every positive integer n.
S122 src=cite kid=K001 lic=-1 p=[-1,-1,-1] depth=1 live t=-1 r=0 taint=0: (Infinite descent may be used as induction combined with contradiction; no separate rule is needed.)
S123 src=cite kid=K002 lic=-1 p=[-1,-1,-1] depth=1 live t=-1 r=0 taint=0: Real-number arithmetic: addition and multiplication are commutative and associative; multiplication distributes over addition; 0 is the additive identity and 1 is the multiplicative identity; every real number x has an additive inverse -x; every nonzero real number x has a multiplicative inverse 1/x.
S124 src=cite kid=K002 lic=-1 p=[-1,-1,-1] depth=1 live t=-1 r=0 taint=0: Division by zero is undefined.
S125 src=cite kid=K003 lic=-1 p=[-1,-1,-1] depth=1 live t=-1 r=0 taint=0: Ordering of real numbers: for every real x, exactly one of x > 0, x = 0, x < 0 is true; sums and products of nonnegative numbers are nonnegative; x squared is >= 0 for every real x.
S126 src=cite kid=K004 lic=-1 p=[-1,-1,-1] depth=1 live t=-1 r=0 taint=0: Euclid's postulates: (1) a straight line segment can be drawn joining any two points; (2) any line segment can be extended indefinitely; (3) a circle can be drawn with any center and any radius; (4) all right angles are congruent; (5) parallel postulate: given a line and a point not on it, exactly one line through the point is parallel to the given line.
S127 src=cite kid=K005 lic=-1 p=[-1,-1,-1] depth=1 live t=-1 r=0 taint=0: Rules of inference: modus ponens (from P and 'if P then Q', i.e.
S128 src=cite kid=K005 lic=-1 p=[-1,-1,-1] depth=1 live t=-1 r=0 taint=0: P=>Q, infer Q); proof by contradiction (if assuming 'not P' leads to a contradiction, infer P).
S129 src=cite kid=K101 lic=-1 p=[-1,-1,-1] depth=1 live t=-1 r=0 taint=0: Divisibility: for integers a and b with a != 0, 'a divides b' (written a|b) holds if and only if (iff) there is an integer c with b = a * c.
S130 src=cite kid=K102 lic=-1 p=[-1,-1,-1] depth=1 live t=-1 r=0 taint=0: Prime number: an integer p > 1 whose only positive divisors are 1 and p.
S131 src=cite kid=K103 lic=-1 p=[-1,-1,-1] depth=1 live t=-1 r=0 taint=0: Composite number: an integer n > 1 that is not prime.
S132 src=cite kid=K104 lic=-1 p=[-1,-1,-1] depth=1 live t=-1 r=0 taint=0: Congruence: for a positive integer n, 'a is congruent to b modulo n' (written a ≡ b (mod n)) holds if and only if (iff) n divides (a - b).
S133 src=cite kid=K105 lic=-1 p=[-1,-1,-1] depth=1 live t=-1 r=0 taint=0: Rational number: a real number that can be written as p/q with integers p and q != 0.
S134 src=cite kid=K105 lic=-1 p=[-1,-1,-1] depth=1 live t=-1 r=0 taint=0: Irrational number: a real number that is not rational.
S135 src=cite kid=K106 lic=-1 p=[-1,-1,-1] depth=1 live t=-1 r=0 taint=0: Factorial: 0! = 1, and n! = n * (n-1)! for n >= 1.
S136 src=cite kid=K106 lic=-1 p=[-1,-1,-1] depth=1 live t=-1 r=0 taint=0: Binomial coefficient: C(n,k) = n!/(k! * (n-k)!) for integers 0 <= k <= n.
S137 src=cite kid=K107 lic=-1 p=[-1,-1,-1] depth=1 live t=-1 r=0 taint=0: Even and odd: an integer n is even if n = 2k for some integer k; n is odd if n = 2k + 1 for some integer k.
S138 src=cite kid=K108 lic=-1 p=[-1,-1,-1] depth=1 live t=-1 r=0 taint=0: Triangle: three non-collinear points together with the segments joining them.
S139 src=cite kid=K108 lic=-1 p=[-1,-1,-1] depth=1 live t=-1 r=0 taint=0: Interior angle: the angle inside the triangle at a vertex.
S140 src=cite kid=K108 lic=-1 p=[-1,-1,-1] depth=1 live t=-1 r=0 taint=0: Median: the segment from a vertex to the midpoint of the opposite side.
S141 src=cite kid=K108 lic=-1 p=[-1,-1,-1] depth=1 live t=-1 r=0 taint=0: Isosceles triangle: a triangle with (at least) two equal sides.
S142 src=cite kid=K108 lic=-1 p=[-1,-1,-1] depth=1 live t=-1 r=0 taint=0: Right triangle: a triangle with one 90-degree angle.
S143 src=cite kid=K108 lic=-1 p=[-1,-1,-1] depth=1 live t=-1 r=0 taint=0: Parallel lines: lines in a plane that never meet.
S144 src=cite kid=K109 lic=-1 p=[-1,-1,-1] depth=1 live t=-1 r=0 taint=0: Perfect square: an integer of the form m^2 for some integer m.
S145 src=cite kid=K110 lic=-1 p=[-1,-1,-1] depth=1 live t=-1 r=0 taint=0: Probability (finite, equally likely outcomes): the probability of an event is the number of favorable outcomes divided by the number of total outcomes.
S146 src=cite kid=K201 lic=-1 p=[-1,-1,-1] depth=1 live t=-1 r=0 taint=0: Fundamental theorem of arithmetic: every integer greater than 1 is a product of prime numbers, uniquely up to order.
S147 src=cite kid=K202 lic=-1 p=[-1,-1,-1] depth=1 live t=-1 r=0 taint=0: Euclid's lemma: if p is a prime number and p divides the product a * b, then p divides a or p divides b.
S148 src=cite kid=K203 lic=-1 p=[-1,-1,-1] depth=1 live t=-1 r=0 taint=0: Bezout's identity: for integers a and b, there are integers x and y with a*x + b*y = gcd(a,b).
S149 src=cite kid=K204 lic=-1 p=[-1,-1,-1] depth=1 live t=-1 r=0 taint=0: Pigeonhole principle: if more than n items are placed into n boxes, some box contains at least 2 items.
S150 src=cite kid=K205 lic=-1 p=[-1,-1,-1] depth=1 live t=-1 r=0 taint=0: Pythagorean theorem: in a right triangle with legs a, b and hypotenuse c, a^2 + b^2 = c^2.
S151 src=cite kid=K206 lic=-1 p=[-1,-1,-1] depth=1 live t=-1 r=0 taint=0: There are infinitely many prime numbers.
S152 src=cite kid=K207 lic=-1 p=[-1,-1,-1] depth=1 live t=-1 r=0 taint=0: Algebraic identities: (a+b)^2 = a^2+2ab+b^2; (a-b)^2 = a^2-2ab+b^2; a^2-b^2 = (a-b)(a+b), for all real numbers a and b.
S153 src=cite kid=K208 lic=-1 p=[-1,-1,-1] depth=1 live t=-1 r=0 taint=0: Vertical angles are equal.
S154 src=cite kid=K208 lic=-1 p=[-1,-1,-1] depth=1 live t=-1 r=0 taint=0: If a transversal cuts two parallel lines, alternate interior angles are equal.
S155 src=cite kid=K209 lic=-1 p=[-1,-1,-1] depth=1 live t=-1 r=0 taint=0: Triangle congruence criteria: SAS, ASA, SSS.
S156 src=cite kid=K209 lic=-1 p=[-1,-1,-1] depth=1 live t=-1 r=0 taint=0: (If two triangles satisfy any one of these criteria, all corresponding sides and angles are equal.)
S157 src=cite kid=K210 lic=-1 p=[-1,-1,-1] depth=1 live t=-1 r=0 taint=0: Midpoint theorem: the segment joining the midpoints of two sides of a triangle is parallel to the third side and half its length.
S158 src=prop lic=5 p=[4,2,-1] depth=2 live t=1 r=1 taint=0: runner 2 has the baton.
S159 src=subgoal lic=7 p=[4,-1,-1] depth=2 live t=2 r=1 taint=0: runner 1 has the baton
S160 src=prop lic=5 p=[5,158,-1] depth=3 live t=1 r=2 taint=0: runner 3 has the baton.
S161 src=subgoal lic=7 p=[5,-1,-1] depth=2 live t=2 r=2 taint=0: runner 2 has the baton
S162 src=prop lic=5 p=[6,160,-1] depth=4 live t=1 r=3 taint=0: runner 4 has the baton.
S163 src=subgoal lic=7 p=[6,-1,-1] depth=2 live t=2 r=3 taint=0: runner 3 has the baton
S164 src=prop lic=5 p=[7,162,-1] depth=5 live t=1 r=4 taint=0: runner 5 has the baton.
S165 src=subgoal lic=7 p=[7,-1,-1] depth=2 live t=2 r=4 taint=0: runner 4 has the baton
S166 src=prop lic=5 p=[8,164,-1] depth=6 live t=1 r=5 taint=0: runner 6 has the baton.
S167 src=subgoal lic=7 p=[8,-1,-1] depth=2 live t=2 r=5 taint=0: runner 5 has the baton
S168 src=prop lic=5 p=[9,166,-1] depth=7 live t=1 r=6 taint=0: runner 7 has the baton.
S169 src=subgoal lic=7 p=[9,-1,-1] depth=2 live t=2 r=6 taint=0: runner 6 has the baton
S170 src=prop lic=5 p=[10,168,-1] depth=8 live t=1 r=7 taint=0: runner 8 has the baton.
S171 src=subgoal lic=7 p=[10,-1,-1] depth=2 live t=2 r=7 taint=0: runner 7 has the baton
S172 src=prop lic=5 p=[11,170,-1] depth=9 live t=1 r=8 taint=0: runner 9 has the baton.
S173 src=subgoal lic=7 p=[11,-1,-1] depth=2 live t=2 r=8 taint=0: runner 8 has the baton
S174 src=prop lic=5 p=[12,172,-1] depth=10 live t=1 r=9 taint=0: runner 10 has the baton.
S175 src=subgoal lic=7 p=[12,-1,-1] depth=2 live t=2 r=9 taint=0: runner 9 has the baton
S176 src=prop lic=5 p=[14,174,-1] depth=11 live t=1 r=10 taint=0: runner 11 has the baton.
S177 src=subgoal lic=7 p=[14,-1,-1] depth=2 live t=2 r=10 taint=0: runner 10 has the baton
S178 src=prop lic=5 p=[16,176,-1] depth=12 live t=1 r=11 taint=0: runner 12 has the baton.
S179 src=subgoal lic=7 p=[16,-1,-1] depth=2 live t=2 r=11 taint=0: runner 11 has the baton
S180 src=prop lic=5 p=[18,178,-1] depth=13 live t=1 r=12 taint=0: runner 13 has the baton.
S181 src=subgoal lic=7 p=[18,-1,-1] depth=2 live t=2 r=12 taint=0: runner 12 has the baton
S182 src=prop lic=5 p=[20,180,-1] depth=14 live t=1 r=13 taint=0: runner 14 has the baton.
S183 src=subgoal lic=7 p=[20,-1,-1] depth=2 live t=2 r=13 taint=0: runner 13 has the baton
S184 src=prop lic=5 p=[22,182,-1] depth=15 live t=1 r=14 taint=0: runner 15 has the baton.
S185 src=subgoal lic=7 p=[22,-1,-1] depth=2 live t=2 r=14 taint=0: runner 14 has the baton
S186 src=prop lic=5 p=[24,184,-1] depth=16 live t=1 r=15 taint=0: runner 16 has the baton.
S187 src=subgoal lic=7 p=[24,-1,-1] depth=2 live t=2 r=15 taint=0: runner 15 has the baton
S188 src=prop lic=5 p=[26,186,-1] depth=17 live t=1 r=16 taint=0: runner 17 has the baton.
S189 src=subgoal lic=7 p=[26,-1,-1] depth=2 live t=2 r=16 taint=0: runner 16 has the baton
S190 src=prop lic=5 p=[28,188,-1] depth=18 live t=1 r=17 taint=0: runner 18 has the baton.
S191 src=subgoal lic=7 p=[28,-1,-1] depth=2 live t=2 r=17 taint=0: runner 17 has the baton
S192 src=prop lic=5 p=[30,190,-1] depth=19 live t=1 r=18 taint=0: runner 19 has the baton.
S193 src=subgoal lic=7 p=[30,-1,-1] depth=2 live t=2 r=18 taint=0: runner 18 has the baton
S194 src=prop lic=5 p=[32,192,-1] depth=20 live t=1 r=19 taint=0: runner 20 has the baton.
S195 src=subgoal lic=7 p=[32,-1,-1] depth=2 live t=2 r=19 taint=0: runner 19 has the baton
S196 src=prop lic=5 p=[34,194,-1] depth=21 live t=1 r=20 taint=0: runner 21 has the baton.
S197 src=subgoal lic=7 p=[34,-1,-1] depth=2 live t=2 r=20 taint=0: runner 20 has the baton
S198 src=prop lic=5 p=[36,196,-1] depth=22 live t=1 r=21 taint=0: runner 22 has the baton.
S199 src=subgoal lic=7 p=[36,-1,-1] depth=2 live t=2 r=21 taint=0: runner 21 has the baton
S200 src=prop lic=5 p=[38,198,-1] depth=23 live t=1 r=22 taint=0: runner 23 has the baton.
S201 src=subgoal lic=7 p=[38,-1,-1] depth=2 live t=2 r=22 taint=0: runner 22 has the baton
S202 src=prop lic=5 p=[40,200,-1] depth=24 live t=1 r=23 taint=0: runner 24 has the baton.
S203 src=subgoal lic=7 p=[40,-1,-1] depth=2 live t=2 r=23 taint=0: runner 23 has the baton
S204 src=prop lic=5 p=[42,202,-1] depth=25 live t=1 r=24 taint=0: runner 25 has the baton.
S205 src=subgoal lic=7 p=[42,-1,-1] depth=2 live t=2 r=24 taint=0: runner 24 has the baton
S206 src=prop lic=5 p=[44,204,-1] depth=26 live t=1 r=25 taint=0: runner 26 has the baton.
S207 src=subgoal lic=7 p=[44,-1,-1] depth=2 live t=2 r=25 taint=0: runner 25 has the baton
S208 src=prop lic=5 p=[46,206,-1] depth=27 live t=1 r=26 taint=0: runner 27 has the baton.
S209 src=subgoal lic=7 p=[46,-1,-1] depth=2 live t=2 r=26 taint=0: runner 26 has the baton
S210 src=prop lic=5 p=[48,208,-1] depth=28 live t=1 r=27 taint=0: runner 28 has the baton.
S211 src=subgoal lic=7 p=[48,-1,-1] depth=2 live t=2 r=27 taint=0: runner 27 has the baton
S212 src=prop lic=5 p=[50,210,-1] depth=29 live t=1 r=28 taint=0: runner 29 has the baton.
S213 src=subgoal lic=7 p=[50,-1,-1] depth=2 live t=2 r=28 taint=0: runner 28 has the baton
S214 src=prop lic=5 p=[52,212,-1] depth=30 live t=1 r=29 taint=0: runner 30 has the baton.
S215 src=subgoal lic=7 p=[52,-1,-1] depth=2 live t=2 r=29 taint=0: runner 29 has the baton
S216 src=prop lic=5 p=[54,214,-1] depth=31 live t=1 r=30 taint=0: runner 31 has the baton.
S217 src=subgoal lic=7 p=[54,-1,-1] depth=2 live t=2 r=30 taint=0: runner 30 has the baton
S218 src=prop lic=5 p=[56,216,-1] depth=32 live t=1 r=31 taint=0: runner 32 has the baton.
S219 src=subgoal lic=7 p=[56,-1,-1] depth=2 live t=2 r=31 taint=0: runner 31 has the baton
S220 src=prop lic=5 p=[58,218,-1] depth=33 live t=1 r=32 taint=0: runner 33 has the baton.
S221 src=subgoal lic=7 p=[58,-1,-1] depth=2 live t=2 r=32 taint=0: runner 32 has the baton
S222 src=prop lic=5 p=[60,220,-1] depth=34 live t=1 r=33 taint=0: runner 34 has the baton.
S223 src=subgoal lic=7 p=[60,-1,-1] depth=2 live t=2 r=33 taint=0: runner 33 has the baton
S224 src=prop lic=5 p=[62,222,-1] depth=35 live t=1 r=34 taint=0: runner 35 has the baton.
S225 src=subgoal lic=7 p=[62,-1,-1] depth=2 live t=2 r=34 taint=0: runner 34 has the baton
S226 src=prop lic=5 p=[64,224,-1] depth=36 live t=1 r=35 taint=0: runner 36 has the baton.
S227 src=subgoal lic=7 p=[64,-1,-1] depth=2 live t=2 r=35 taint=0: runner 35 has the baton
S228 src=prop lic=5 p=[66,226,-1] depth=37 live t=1 r=36 taint=0: runner 37 has the baton.
S229 src=subgoal lic=7 p=[66,-1,-1] depth=2 live t=2 r=36 taint=0: runner 36 has the baton
S230 src=prop lic=5 p=[68,228,-1] depth=38 live t=1 r=37 taint=0: runner 38 has the baton.
S231 src=subgoal lic=7 p=[68,-1,-1] depth=2 live t=2 r=37 taint=0: runner 37 has the baton
S232 src=prop lic=5 p=[70,230,-1] depth=39 live t=1 r=38 taint=0: runner 39 has the baton.
S233 src=subgoal lic=7 p=[70,-1,-1] depth=2 live t=2 r=38 taint=0: runner 38 has the baton
S234 src=prop lic=5 p=[72,232,-1] depth=40 live t=1 r=39 taint=0: runner 40 has the baton.
S235 src=subgoal lic=7 p=[72,-1,-1] depth=2 live t=2 r=39 taint=0: runner 39 has the baton
S236 src=prop lic=5 p=[74,234,-1] depth=41 live t=1 r=40 taint=0: runner 41 has the baton.
S237 src=subgoal lic=7 p=[74,-1,-1] depth=2 live t=2 r=40 taint=0: runner 40 has the baton
S238 src=prop lic=5 p=[76,236,-1] depth=42 live t=1 r=41 taint=0: runner 42 has the baton.
S239 src=subgoal lic=7 p=[76,-1,-1] depth=2 live t=2 r=41 taint=0: runner 41 has the baton
S240 src=prop lic=5 p=[78,238,-1] depth=43 live t=1 r=42 taint=0: runner 43 has the baton.
S241 src=subgoal lic=7 p=[78,-1,-1] depth=2 live t=2 r=42 taint=0: runner 42 has the baton
S242 src=prop lic=5 p=[80,240,-1] depth=44 live t=1 r=43 taint=0: runner 44 has the baton.
S243 src=subgoal lic=7 p=[80,-1,-1] depth=2 live t=2 r=43 taint=0: runner 43 has the baton
S244 src=prop lic=5 p=[82,242,-1] depth=45 live t=1 r=44 taint=0: runner 45 has the baton.
S245 src=subgoal lic=7 p=[82,-1,-1] depth=2 live t=2 r=44 taint=0: runner 44 has the baton
S246 src=prop lic=5 p=[84,244,-1] depth=46 live t=1 r=45 taint=0: runner 46 has the baton.
S247 src=subgoal lic=7 p=[84,-1,-1] depth=2 live t=2 r=45 taint=0: runner 45 has the baton
S248 src=prop lic=5 p=[86,246,-1] depth=47 live t=1 r=46 taint=0: runner 47 has the baton.
S249 src=subgoal lic=7 p=[86,-1,-1] depth=2 live t=2 r=46 taint=0: runner 46 has the baton
S250 src=prop lic=5 p=[88,248,-1] depth=48 live t=1 r=47 taint=0: runner 48 has the baton.
S251 src=subgoal lic=7 p=[88,-1,-1] depth=2 live t=2 r=47 taint=0: runner 47 has the baton
S252 src=prop lic=5 p=[90,250,-1] depth=49 live t=1 r=48 taint=0: runner 49 has the baton.
S253 src=subgoal lic=7 p=[90,-1,-1] depth=2 live t=2 r=48 taint=0: runner 48 has the baton
S254 src=prop lic=5 p=[92,252,-1] depth=50 live t=1 r=49 taint=0: runner 50 has the baton.
S255 src=subgoal lic=7 p=[92,-1,-1] depth=2 live t=2 r=49 taint=0: runner 49 has the baton
S256 src=prop lic=5 p=[94,254,-1] depth=51 live t=1 r=50 taint=0: runner 51 has the baton.
S257 src=subgoal lic=7 p=[94,-1,-1] depth=2 live t=2 r=50 taint=0: runner 50 has the baton
S258 src=prop lic=5 p=[96,256,-1] depth=52 live t=1 r=51 taint=0: runner 52 has the baton.
S259 src=subgoal lic=7 p=[96,-1,-1] depth=2 live t=2 r=51 taint=0: runner 51 has the baton
S260 src=prop lic=5 p=[98,258,-1] depth=53 live t=1 r=52 taint=0: runner 53 has the baton.
S261 src=subgoal lic=7 p=[98,-1,-1] depth=2 live t=2 r=52 taint=0: runner 52 has the baton
S262 src=prop lic=5 p=[100,260,-1] depth=54 live t=1 r=53 taint=0: runner 54 has the baton.
S263 src=subgoal lic=7 p=[100,-1,-1] depth=2 live t=2 r=53 taint=0: runner 53 has the baton
S264 src=prop lic=5 p=[102,262,-1] depth=55 live t=1 r=54 taint=0: runner 55 has the baton.
S265 src=subgoal lic=7 p=[102,-1,-1] depth=2 live t=2 r=54 taint=0: runner 54 has the baton
S266 src=prop lic=5 p=[104,264,-1] depth=56 live t=1 r=55 taint=0: runner 56 has the baton.
S267 src=subgoal lic=7 p=[104,-1,-1] depth=2 live t=2 r=55 taint=0: runner 55 has the baton
S268 src=prop lic=5 p=[106,266,-1] depth=57 live t=1 r=56 taint=0: runner 57 has the baton.
S269 src=subgoal lic=7 p=[106,-1,-1] depth=2 live t=2 r=56 taint=0: runner 56 has the baton
S270 src=prop lic=5 p=[108,268,-1] depth=58 live t=1 r=57 taint=0: runner 58 has the baton.
S271 src=subgoal lic=7 p=[108,-1,-1] depth=2 live t=2 r=57 taint=0: runner 57 has the baton
S272 src=prop lic=5 p=[110,270,-1] depth=59 live t=1 r=58 taint=0: runner 59 has the baton.
S273 src=subgoal lic=7 p=[110,-1,-1] depth=2 live t=2 r=58 taint=0: runner 58 has the baton
S274 src=prop lic=5 p=[112,272,-1] depth=60 live t=1 r=59 taint=0: runner 60 has the baton.
S275 src=subgoal lic=7 p=[112,-1,-1] depth=2 live t=2 r=59 taint=0: runner 59 has the baton
S276 src=prop lic=5 p=[114,274,-1] depth=61 live t=1 r=60 taint=0: runner 61 has the baton.
S277 src=subgoal lic=7 p=[114,-1,-1] depth=2 live t=2 r=60 taint=0: runner 60 has the baton
S278 src=prop lic=5 p=[116,276,-1] depth=62 live t=1 r=61 taint=0: runner 62 has the baton.
S279 src=subgoal lic=7 p=[116,-1,-1] depth=2 live t=2 r=61 taint=0: runner 61 has the baton
S280 src=prop lic=5 p=[118,278,-1] depth=63 live t=1 r=62 taint=0: runner 63 has the baton.
S281 src=subgoal lic=7 p=[118,-1,-1] depth=2 live t=2 r=62 taint=0: runner 62 has the baton
S282 src=prop lic=5 p=[120,280,-1] depth=64 live t=1 r=63 taint=0: runner 64 has the baton.
AUDIT:
R1 T0 CONTRA L0 contra-assume p=[0,-1,-1] REFUSED contra=[S2,S3] strikes=1
R1 T1 FORWARD L5 lemma-apply p=[4,2,-1] -> S158 APPEND
R1 T2 GOAL L7 goal-lemmasub p=[4,-1,-1] -> S159 APPEND
R2 T1 FORWARD L5 lemma-apply p=[5,158,-1] -> S160 APPEND
R2 T2 GOAL L7 goal-lemmasub p=[5,-1,-1] -> S161 APPEND
R3 T1 FORWARD L5 lemma-apply p=[6,160,-1] -> S162 APPEND
R3 T2 GOAL L7 goal-lemmasub p=[6,-1,-1] -> S163 APPEND
R4 T1 FORWARD L5 lemma-apply p=[7,162,-1] -> S164 APPEND
R4 T2 GOAL L7 goal-lemmasub p=[7,-1,-1] -> S165 APPEND
R5 T1 FORWARD L5 lemma-apply p=[8,164,-1] -> S166 APPEND
R5 T2 GOAL L7 goal-lemmasub p=[8,-1,-1] -> S167 APPEND
R6 T1 FORWARD L5 lemma-apply p=[9,166,-1] -> S168 APPEND
R6 T2 GOAL L7 goal-lemmasub p=[9,-1,-1] -> S169 APPEND
R7 T1 FORWARD L5 lemma-apply p=[10,168,-1] -> S170 APPEND
R7 T2 GOAL L7 goal-lemmasub p=[10,-1,-1] -> S171 APPEND
R8 T1 FORWARD L5 lemma-apply p=[11,170,-1] -> S172 APPEND
R8 T2 GOAL L7 goal-lemmasub p=[11,-1,-1] -> S173 APPEND
R9 T1 FORWARD L5 lemma-apply p=[12,172,-1] -> S174 APPEND
R9 T2 GOAL L7 goal-lemmasub p=[12,-1,-1] -> S175 APPEND
R10 T1 FORWARD L5 lemma-apply p=[14,174,-1] -> S176 APPEND
R10 T2 GOAL L7 goal-lemmasub p=[14,-1,-1] -> S177 APPEND
R11 T1 FORWARD L5 lemma-apply p=[16,176,-1] -> S178 APPEND
R11 T2 GOAL L7 goal-lemmasub p=[16,-1,-1] -> S179 APPEND
R12 T1 FORWARD L5 lemma-apply p=[18,178,-1] -> S180 APPEND
R12 T2 GOAL L7 goal-lemmasub p=[18,-1,-1] -> S181 APPEND
R13 T1 FORWARD L5 lemma-apply p=[20,180,-1] -> S182 APPEND
R13 T2 GOAL L7 goal-lemmasub p=[20,-1,-1] -> S183 APPEND
R14 T1 FORWARD L5 lemma-apply p=[22,182,-1] -> S184 APPEND
R14 T2 GOAL L7 goal-lemmasub p=[22,-1,-1] -> S185 APPEND
R15 T1 FORWARD L5 lemma-apply p=[24,184,-1] -> S186 APPEND
R15 T2 GOAL L7 goal-lemmasub p=[24,-1,-1] -> S187 APPEND
R16 T1 FORWARD L5 lemma-apply p=[26,186,-1] -> S188 APPEND
R16 T2 GOAL L7 goal-lemmasub p=[26,-1,-1] -> S189 APPEND
R17 T1 FORWARD L5 lemma-apply p=[28,188,-1] -> S190 APPEND
R17 T2 GOAL L7 goal-lemmasub p=[28,-1,-1] -> S191 APPEND
R18 T1 FORWARD L5 lemma-apply p=[30,190,-1] -> S192 APPEND
R18 T2 GOAL L7 goal-lemmasub p=[30,-1,-1] -> S193 APPEND
R19 T1 FORWARD L5 lemma-apply p=[32,192,-1] -> S194 APPEND
R19 T2 GOAL L7 goal-lemmasub p=[32,-1,-1] -> S195 APPEND
R20 T1 FORWARD L5 lemma-apply p=[34,194,-1] -> S196 APPEND
R20 T2 GOAL L7 goal-lemmasub p=[34,-1,-1] -> S197 APPEND
R21 T1 FORWARD L5 lemma-apply p=[36,196,-1] -> S198 APPEND
R21 T2 GOAL L7 goal-lemmasub p=[36,-1,-1] -> S199 APPEND
R22 T1 FORWARD L5 lemma-apply p=[38,198,-1] -> S200 APPEND
R22 T2 GOAL L7 goal-lemmasub p=[38,-1,-1] -> S201 APPEND
R23 T1 FORWARD L5 lemma-apply p=[40,200,-1] -> S202 APPEND
R23 T2 GOAL L7 goal-lemmasub p=[40,-1,-1] -> S203 APPEND
R24 T1 FORWARD L5 lemma-apply p=[42,202,-1] -> S204 APPEND
R24 T2 GOAL L7 goal-lemmasub p=[42,-1,-1] -> S205 APPEND
R25 T1 FORWARD L5 lemma-apply p=[44,204,-1] -> S206 APPEND
R25 T2 GOAL L7 goal-lemmasub p=[44,-1,-1] -> S207 APPEND
R26 T1 FORWARD L5 lemma-apply p=[46,206,-1] -> S208 APPEND
R26 T2 GOAL L7 goal-lemmasub p=[46,-1,-1] -> S209 APPEND
R27 T1 FORWARD L5 lemma-apply p=[48,208,-1] -> S210 APPEND
R27 T2 GOAL L7 goal-lemmasub p=[48,-1,-1] -> S211 APPEND
R28 T1 FORWARD L5 lemma-apply p=[50,210,-1] -> S212 APPEND
R28 T2 GOAL L7 goal-lemmasub p=[50,-1,-1] -> S213 APPEND
R29 T1 FORWARD L5 lemma-apply p=[52,212,-1] -> S214 APPEND
R29 T2 GOAL L7 goal-lemmasub p=[52,-1,-1] -> S215 APPEND
R30 T1 FORWARD L5 lemma-apply p=[54,214,-1] -> S216 APPEND
R30 T2 GOAL L7 goal-lemmasub p=[54,-1,-1] -> S217 APPEND
R31 T1 FORWARD L5 lemma-apply p=[56,216,-1] -> S218 APPEND
R31 T2 GOAL L7 goal-lemmasub p=[56,-1,-1] -> S219 APPEND
R32 T1 FORWARD L5 lemma-apply p=[58,218,-1] -> S220 APPEND
R32 T2 GOAL L7 goal-lemmasub p=[58,-1,-1] -> S221 APPEND
R33 T1 FORWARD L5 lemma-apply p=[60,220,-1] -> S222 APPEND
R33 T2 GOAL L7 goal-lemmasub p=[60,-1,-1] -> S223 APPEND
R34 T1 FORWARD L5 lemma-apply p=[62,222,-1] -> S224 APPEND
R34 T2 GOAL L7 goal-lemmasub p=[62,-1,-1] -> S225 APPEND
R35 T1 FORWARD L5 lemma-apply p=[64,224,-1] -> S226 APPEND
R35 T2 GOAL L7 goal-lemmasub p=[64,-1,-1] -> S227 APPEND
R36 T1 FORWARD L5 lemma-apply p=[66,226,-1] -> S228 APPEND
R36 T2 GOAL L7 goal-lemmasub p=[66,-1,-1] -> S229 APPEND
R37 T1 FORWARD L5 lemma-apply p=[68,228,-1] -> S230 APPEND
R37 T2 GOAL L7 goal-lemmasub p=[68,-1,-1] -> S231 APPEND
R38 T1 FORWARD L5 lemma-apply p=[70,230,-1] -> S232 APPEND
R38 T2 GOAL L7 goal-lemmasub p=[70,-1,-1] -> S233 APPEND
R39 T1 FORWARD L5 lemma-apply p=[72,232,-1] -> S234 APPEND
R39 T2 GOAL L7 goal-lemmasub p=[72,-1,-1] -> S235 APPEND
R40 T1 FORWARD L5 lemma-apply p=[74,234,-1] -> S236 APPEND
R40 T2 GOAL L7 goal-lemmasub p=[74,-1,-1] -> S237 APPEND
R41 T1 FORWARD L5 lemma-apply p=[76,236,-1] -> S238 APPEND
R41 T2 GOAL L7 goal-lemmasub p=[76,-1,-1] -> S239 APPEND
R42 T1 FORWARD L5 lemma-apply p=[78,238,-1] -> S240 APPEND
R42 T2 GOAL L7 goal-lemmasub p=[78,-1,-1] -> S241 APPEND
R43 T1 FORWARD L5 lemma-apply p=[80,240,-1] -> S242 APPEND
R43 T2 GOAL L7 goal-lemmasub p=[80,-1,-1] -> S243 APPEND
R44 T1 FORWARD L5 lemma-apply p=[82,242,-1] -> S244 APPEND
R44 T2 GOAL L7 goal-lemmasub p=[82,-1,-1] -> S245 APPEND
R45 T1 FORWARD L5 lemma-apply p=[84,244,-1] -> S246 APPEND
R45 T2 GOAL L7 goal-lemmasub p=[84,-1,-1] -> S247 APPEND
R46 T1 FORWARD L5 lemma-apply p=[86,246,-1] -> S248 APPEND
R46 T2 GOAL L7 goal-lemmasub p=[86,-1,-1] -> S249 APPEND
R47 T1 FORWARD L5 lemma-apply p=[88,248,-1] -> S250 APPEND
R47 T2 GOAL L7 goal-lemmasub p=[88,-1,-1] -> S251 APPEND
R48 T1 FORWARD L5 lemma-apply p=[90,250,-1] -> S252 APPEND
R48 T2 GOAL L7 goal-lemmasub p=[90,-1,-1] -> S253 APPEND
R49 T1 FORWARD L5 lemma-apply p=[92,252,-1] -> S254 APPEND
R49 T2 GOAL L7 goal-lemmasub p=[92,-1,-1] -> S255 APPEND
R50 T1 FORWARD L5 lemma-apply p=[94,254,-1] -> S256 APPEND
R50 T2 GOAL L7 goal-lemmasub p=[94,-1,-1] -> S257 APPEND
R51 T1 FORWARD L5 lemma-apply p=[96,256,-1] -> S258 APPEND
R51 T2 GOAL L7 goal-lemmasub p=[96,-1,-1] -> S259 APPEND
R52 T1 FORWARD L5 lemma-apply p=[98,258,-1] -> S260 APPEND
R52 T2 GOAL L7 goal-lemmasub p=[98,-1,-1] -> S261 APPEND
R53 T1 FORWARD L5 lemma-apply p=[100,260,-1] -> S262 APPEND
R53 T2 GOAL L7 goal-lemmasub p=[100,-1,-1] -> S263 APPEND
R54 T1 FORWARD L5 lemma-apply p=[102,262,-1] -> S264 APPEND
R54 T2 GOAL L7 goal-lemmasub p=[102,-1,-1] -> S265 APPEND
R55 T1 FORWARD L5 lemma-apply p=[104,264,-1] -> S266 APPEND
R55 T2 GOAL L7 goal-lemmasub p=[104,-1,-1] -> S267 APPEND
R56 T1 FORWARD L5 lemma-apply p=[106,266,-1] -> S268 APPEND
R56 T2 GOAL L7 goal-lemmasub p=[106,-1,-1] -> S269 APPEND
R57 T1 FORWARD L5 lemma-apply p=[108,268,-1] -> S270 APPEND
R57 T2 GOAL L7 goal-lemmasub p=[108,-1,-1] -> S271 APPEND
R58 T1 FORWARD L5 lemma-apply p=[110,270,-1] -> S272 APPEND
R58 T2 GOAL L7 goal-lemmasub p=[110,-1,-1] -> S273 APPEND
R59 T1 FORWARD L5 lemma-apply p=[112,272,-1] -> S274 APPEND
R59 T2 GOAL L7 goal-lemmasub p=[112,-1,-1] -> S275 APPEND
R60 T1 FORWARD L5 lemma-apply p=[114,274,-1] -> S276 APPEND
R60 T2 GOAL L7 goal-lemmasub p=[114,-1,-1] -> S277 APPEND
R61 T1 FORWARD L5 lemma-apply p=[116,276,-1] -> S278 APPEND
R61 T2 GOAL L7 goal-lemmasub p=[116,-1,-1] -> S279 APPEND
R62 T1 FORWARD L5 lemma-apply p=[118,278,-1] -> S280 APPEND
R62 T2 GOAL L7 goal-lemmasub p=[118,-1,-1] -> S281 APPEND
R63 T1 FORWARD L5 lemma-apply p=[120,280,-1] -> S282 APPEND
