ID: CHAIN50_NL_01
ENGINE: n5
VERDICT: DERIVED
CLAIM: The tally after night 64 stands at 64.
CONFIDENCE: 1
DERIVATIONS: 125
STORE: /home/hatch/workspace/tnn-lab/math_logic/round4/batteries/knowledge/KNOWLEDGE_STORE_NL.md
FLAGS: DISCHARGE
THREADS:
T0 CONTRA status=live strikes=0 proposals=1
T1 FORWARD status=live strikes=0 proposals=63
T2 GOAL status=live strikes=0 proposals=62
LEDGER:
S0 src=input lic=-1 p=[-1,-1,-1] depth=0 live t=-1 r=0 taint=0: # CHAIN50_NL_01

Title: The lighthouse ledger

The lighthouse keeper logs the ship count every night.
On night 1 the tally stands at 1.
Each night he adds one to the previous night's tally.

R1. If the tally after night 1 stands at 1, then the tally after night 2 stands at 2.
R2. If the tally after night 2 stands at 2, then the tally after night 3 stands at 3.
R3. If the tally after night 3 stands at 3, then the tally after night 4 stands at 4.
R4. If the tally after night 4 stands at 4, then the tally after night 5 stands at 5.
R5. If the tally after night 5 stands at 5, then the tally after night 6 stands at 6.
R6. If the tally after night 6 stands at 6, then the tally after night 7 stands at 7.
R7. If the tally after night 7 stands at 7, then the tally after night 8 stands at 8.
R8. If the tally after night 8 stands at 8, then the tally after night 9 stands at 9.
R9. If the tally after night 9 stands at 9, then the tally after night 10 stands at 10.
R10. If the tally after night 10 stands at 10, then the tally after night 11 stands at 11.
R11. If the tally after night 11 stands at 11, then the tally after night 12 stands at 12.
R12. If the tally after night 12 stands at 12, then the tally after night 13 stands at 13.
R13. If the tally after night 13 stands at 13, then the tally after night 14 stands at 14.
R14. If the tally after night 14 stands at 14, then the tally after night 15 stands at 15.
R15. If the tally after night 15 stands at 15, then the tally after night 16 stands at 16.
R16. If the tally after night 16 stands at 16, then the tally after night 17 stands at 17.
R17. If the tally after night 17 stands at 17, then the tally after night 18 stands at 18.
R18. If the tally after night 18 stands at 18, then the tally after night 19 stands at 19.
R19. If the tally after night 19 stands at 19, then the tally after night 20 stands at 20.
R20. If the tally after night 20 stands at 20, then the tally after night 21 stands at 21.
R21. If the tally after night 21 stands at 21, then the tally after night 22 stands at 22.
R22. If the tally after night 22 stands at 22, then the tally after night 23 stands at 23.
R23. If the tally after night 23 stands at 23, then the tally after night 24 stands at 24.
R24. If the tally after night 24 stands at 24, then the tally after night 25 stands at 25.
R25. If the tally after night 25 stands at 25, then the tally after night 26 stands at 26.
R26. If the tally after night 26 stands at 26, then the tally after night 27 stands at 27.
R27. If the tally after night 27 stands at 27, then the tally after night 28 stands at 28.
R28. If the tally after night 28 stands at 28, then the tally after night 29 stands at 29.
R29. If the tally after night 29 stands at 29, then the tally after night 30 stands at 30.
R30. If the tally after night 30 stands at 30, then the tally after night 31 stands at 31.
R31. If the tally after night 31 stands at 31, then the tally after night 32 stands at 32.
R32. If the tally after night 32 stands at 32, then the tally after night 33 stands at 33.
R33. If the tally after night 33 stands at 33, then the tally after night 34 stands at 34.
R34. If the tally after night 34 stands at 34, then the tally after night 35 stands at 35.
R35. If the tally after night 35 stands at 35, then the tally after night 36 stands at 36.
R36. If the tally after night 36 stands at 36, then the tally after night 37 stands at 37.
R37. If the tally after night 37 stands at 37, then the tally after night 38 stands at 38.
R38. If the tally after night 38 stands at 38, then the tally after night 39 stands at 39.
R39. If the tally after night 39 stands at 39, then the tally after night 40 stands at 40.
R40. If the tally after night 40 stands at 40, then the tally after night 41 stands at 41.
R41. If the tally after night 41 stands at 41, then the tally after night 42 stands at 42.
R42. If the tally after night 42 stands at 42, then the tally after night 43 stands at 43.
R43. If the tally after night 43 stands at 43, then the tally after night 44 stands at 44.
R44. If the tally after night 44 stands at 44, then the tally after night 45 stands at 45.
R45. If the tally after night 45 stands at 45, then the tally after night 46 stands at 46.
R46. If the tally after night 46 stands at 46, then the tally after night 47 stands at 47.
R47. If the tally after night 47 stands at 47, then the tally after night 48 stands at 48.
R48. If the tally after night 48 stands at 48, then the tally after night 49 stands at 49.
R49. If the tally after night 49 stands at 49, then the tally after night 50 stands at 50.
R50. If the tally after night 50 stands at 50, then the tally after night 51 stands at 51.
R51. If the tally after night 51 stands at 51, then the tally after night 52 stands at 52.
R52. If the tally after night 52 stands at 52, then the tally after night 53 stands at 53.
R53. If the tally after night 53 stands at 53, then the tally after night 54 stands at 54.
R54. If the tally after night 54 stands at 54, then the tally after night 55 stands at 55.
R55. If the tally after night 55 stands at 55, then the tally after night 56 stands at 56.
R56. If the tally after night 56 stands at 56, then the tally after night 57 stands at 57.
R57. If the tally after night 57 stands at 57, then the tally after night 58 stands at 58.
R58. If the tally after night 58 stands at 58, then the tally after night 59 stands at 59.
R59. If the tally after night 59 stands at 59, then the tally after night 60 stands at 60.
R60. If the tally after night 60 stands at 60, then the tally after night 61 stands at 61.
R61. If the tally after night 61 stands at 61, then the tally after night 62 stands at 62.
R62. If the tally after night 62 stands at 62, then the tally after night 63 stands at 63.
R63. If the tally after night 63 stands at 63, then the tally after night 64 stands at 64.

TARGET: The tally after night 64 stands at 64.

S1 src=premise lic=-1 p=[-1,-1,-1] depth=1 live t=-1 r=0 taint=0: The lighthouse keeper logs the ship count every night.
S2 src=premise lic=-1 p=[-1,-1,-1] depth=1 live t=-1 r=0 taint=0: On night 1 the tally stands at 1.
S3 src=premise lic=-1 p=[-1,-1,-1] depth=1 live t=-1 r=0 taint=0: Each night he adds one to the previous night's tally.
S4 src=premise lic=-1 p=[-1,-1,-1] depth=1 live t=-1 r=0 taint=0: If the tally after night 1 stands at 1, then the tally after night 2 stands at 2.
S5 src=premise lic=-1 p=[-1,-1,-1] depth=1 live t=-1 r=0 taint=0: If the tally after night 2 stands at 2, then the tally after night 3 stands at 3.
S6 src=premise lic=-1 p=[-1,-1,-1] depth=1 live t=-1 r=0 taint=0: If the tally after night 3 stands at 3, then the tally after night 4 stands at 4.
S7 src=premise lic=-1 p=[-1,-1,-1] depth=1 live t=-1 r=0 taint=0: If the tally after night 4 stands at 4, then the tally after night 5 stands at 5.
S8 src=premise lic=-1 p=[-1,-1,-1] depth=1 live t=-1 r=0 taint=0: If the tally after night 5 stands at 5, then the tally after night 6 stands at 6.
S9 src=premise lic=-1 p=[-1,-1,-1] depth=1 live t=-1 r=0 taint=0: If the tally after night 6 stands at 6, then the tally after night 7 stands at 7.
S10 src=premise lic=-1 p=[-1,-1,-1] depth=1 live t=-1 r=0 taint=0: If the tally after night 7 stands at 7, then the tally after night 8 stands at 8.
S11 src=premise lic=-1 p=[-1,-1,-1] depth=1 live t=-1 r=0 taint=0: If the tally after night 8 stands at 8, then the tally after night 9 stands at 9.
S12 src=premise lic=-1 p=[-1,-1,-1] depth=1 live t=-1 r=0 taint=0: If the tally after night 9 stands at 9, then the tally after night 10 stands at 10.
S13 src=premise lic=-1 p=[-1,-1,-1] depth=1 live t=-1 r=0 taint=0: R10.
S14 src=premise lic=-1 p=[-1,-1,-1] depth=1 live t=-1 r=0 taint=0: If the tally after night 10 stands at 10, then the tally after night 11 stands at 11.
S15 src=premise lic=-1 p=[-1,-1,-1] depth=1 live t=-1 r=0 taint=0: R11.
S16 src=premise lic=-1 p=[-1,-1,-1] depth=1 live t=-1 r=0 taint=0: If the tally after night 11 stands at 11, then the tally after night 12 stands at 12.
S17 src=premise lic=-1 p=[-1,-1,-1] depth=1 live t=-1 r=0 taint=0: R12.
S18 src=premise lic=-1 p=[-1,-1,-1] depth=1 live t=-1 r=0 taint=0: If the tally after night 12 stands at 12, then the tally after night 13 stands at 13.
S19 src=premise lic=-1 p=[-1,-1,-1] depth=1 live t=-1 r=0 taint=0: R13.
S20 src=premise lic=-1 p=[-1,-1,-1] depth=1 live t=-1 r=0 taint=0: If the tally after night 13 stands at 13, then the tally after night 14 stands at 14.
S21 src=premise lic=-1 p=[-1,-1,-1] depth=1 live t=-1 r=0 taint=0: R14.
S22 src=premise lic=-1 p=[-1,-1,-1] depth=1 live t=-1 r=0 taint=0: If the tally after night 14 stands at 14, then the tally after night 15 stands at 15.
S23 src=premise lic=-1 p=[-1,-1,-1] depth=1 live t=-1 r=0 taint=0: R15.
S24 src=premise lic=-1 p=[-1,-1,-1] depth=1 live t=-1 r=0 taint=0: If the tally after night 15 stands at 15, then the tally after night 16 stands at 16.
S25 src=premise lic=-1 p=[-1,-1,-1] depth=1 live t=-1 r=0 taint=0: R16.
S26 src=premise lic=-1 p=[-1,-1,-1] depth=1 live t=-1 r=0 taint=0: If the tally after night 16 stands at 16, then the tally after night 17 stands at 17.
S27 src=premise lic=-1 p=[-1,-1,-1] depth=1 live t=-1 r=0 taint=0: R17.
S28 src=premise lic=-1 p=[-1,-1,-1] depth=1 live t=-1 r=0 taint=0: If the tally after night 17 stands at 17, then the tally after night 18 stands at 18.
S29 src=premise lic=-1 p=[-1,-1,-1] depth=1 live t=-1 r=0 taint=0: R18.
S30 src=premise lic=-1 p=[-1,-1,-1] depth=1 live t=-1 r=0 taint=0: If the tally after night 18 stands at 18, then the tally after night 19 stands at 19.
S31 src=premise lic=-1 p=[-1,-1,-1] depth=1 live t=-1 r=0 taint=0: R19.
S32 src=premise lic=-1 p=[-1,-1,-1] depth=1 live t=-1 r=0 taint=0: If the tally after night 19 stands at 19, then the tally after night 20 stands at 20.
S33 src=premise lic=-1 p=[-1,-1,-1] depth=1 live t=-1 r=0 taint=0: R20.
S34 src=premise lic=-1 p=[-1,-1,-1] depth=1 live t=-1 r=0 taint=0: If the tally after night 20 stands at 20, then the tally after night 21 stands at 21.
S35 src=premise lic=-1 p=[-1,-1,-1] depth=1 live t=-1 r=0 taint=0: R21.
S36 src=premise lic=-1 p=[-1,-1,-1] depth=1 live t=-1 r=0 taint=0: If the tally after night 21 stands at 21, then the tally after night 22 stands at 22.
S37 src=premise lic=-1 p=[-1,-1,-1] depth=1 live t=-1 r=0 taint=0: R22.
S38 src=premise lic=-1 p=[-1,-1,-1] depth=1 live t=-1 r=0 taint=0: If the tally after night 22 stands at 22, then the tally after night 23 stands at 23.
S39 src=premise lic=-1 p=[-1,-1,-1] depth=1 live t=-1 r=0 taint=0: R23.
S40 src=premise lic=-1 p=[-1,-1,-1] depth=1 live t=-1 r=0 taint=0: If the tally after night 23 stands at 23, then the tally after night 24 stands at 24.
S41 src=premise lic=-1 p=[-1,-1,-1] depth=1 live t=-1 r=0 taint=0: R24.
S42 src=premise lic=-1 p=[-1,-1,-1] depth=1 live t=-1 r=0 taint=0: If the tally after night 24 stands at 24, then the tally after night 25 stands at 25.
S43 src=premise lic=-1 p=[-1,-1,-1] depth=1 live t=-1 r=0 taint=0: R25.
S44 src=premise lic=-1 p=[-1,-1,-1] depth=1 live t=-1 r=0 taint=0: If the tally after night 25 stands at 25, then the tally after night 26 stands at 26.
S45 src=premise lic=-1 p=[-1,-1,-1] depth=1 live t=-1 r=0 taint=0: R26.
S46 src=premise lic=-1 p=[-1,-1,-1] depth=1 live t=-1 r=0 taint=0: If the tally after night 26 stands at 26, then the tally after night 27 stands at 27.
S47 src=premise lic=-1 p=[-1,-1,-1] depth=1 live t=-1 r=0 taint=0: R27.
S48 src=premise lic=-1 p=[-1,-1,-1] depth=1 live t=-1 r=0 taint=0: If the tally after night 27 stands at 27, then the tally after night 28 stands at 28.
S49 src=premise lic=-1 p=[-1,-1,-1] depth=1 live t=-1 r=0 taint=0: R28.
S50 src=premise lic=-1 p=[-1,-1,-1] depth=1 live t=-1 r=0 taint=0: If the tally after night 28 stands at 28, then the tally after night 29 stands at 29.
S51 src=premise lic=-1 p=[-1,-1,-1] depth=1 live t=-1 r=0 taint=0: R29.
S52 src=premise lic=-1 p=[-1,-1,-1] depth=1 live t=-1 r=0 taint=0: If the tally after night 29 stands at 29, then the tally after night 30 stands at 30.
S53 src=premise lic=-1 p=[-1,-1,-1] depth=1 live t=-1 r=0 taint=0: R30.
S54 src=premise lic=-1 p=[-1,-1,-1] depth=1 live t=-1 r=0 taint=0: If the tally after night 30 stands at 30, then the tally after night 31 stands at 31.
S55 src=premise lic=-1 p=[-1,-1,-1] depth=1 live t=-1 r=0 taint=0: R31.
S56 src=premise lic=-1 p=[-1,-1,-1] depth=1 live t=-1 r=0 taint=0: If the tally after night 31 stands at 31, then the tally after night 32 stands at 32.
S57 src=premise lic=-1 p=[-1,-1,-1] depth=1 live t=-1 r=0 taint=0: R32.
S58 src=premise lic=-1 p=[-1,-1,-1] depth=1 live t=-1 r=0 taint=0: If the tally after night 32 stands at 32, then the tally after night 33 stands at 33.
S59 src=premise lic=-1 p=[-1,-1,-1] depth=1 live t=-1 r=0 taint=0: R33.
S60 src=premise lic=-1 p=[-1,-1,-1] depth=1 live t=-1 r=0 taint=0: If the tally after night 33 stands at 33, then the tally after night 34 stands at 34.
S61 src=premise lic=-1 p=[-1,-1,-1] depth=1 live t=-1 r=0 taint=0: R34.
S62 src=premise lic=-1 p=[-1,-1,-1] depth=1 live t=-1 r=0 taint=0: If the tally after night 34 stands at 34, then the tally after night 35 stands at 35.
S63 src=premise lic=-1 p=[-1,-1,-1] depth=1 live t=-1 r=0 taint=0: R35.
S64 src=premise lic=-1 p=[-1,-1,-1] depth=1 live t=-1 r=0 taint=0: If the tally after night 35 stands at 35, then the tally after night 36 stands at 36.
S65 src=premise lic=-1 p=[-1,-1,-1] depth=1 live t=-1 r=0 taint=0: R36.
S66 src=premise lic=-1 p=[-1,-1,-1] depth=1 live t=-1 r=0 taint=0: If the tally after night 36 stands at 36, then the tally after night 37 stands at 37.
S67 src=premise lic=-1 p=[-1,-1,-1] depth=1 live t=-1 r=0 taint=0: R37.
S68 src=premise lic=-1 p=[-1,-1,-1] depth=1 live t=-1 r=0 taint=0: If the tally after night 37 stands at 37, then the tally after night 38 stands at 38.
S69 src=premise lic=-1 p=[-1,-1,-1] depth=1 live t=-1 r=0 taint=0: R38.
S70 src=premise lic=-1 p=[-1,-1,-1] depth=1 live t=-1 r=0 taint=0: If the tally after night 38 stands at 38, then the tally after night 39 stands at 39.
S71 src=premise lic=-1 p=[-1,-1,-1] depth=1 live t=-1 r=0 taint=0: R39.
S72 src=premise lic=-1 p=[-1,-1,-1] depth=1 live t=-1 r=0 taint=0: If the tally after night 39 stands at 39, then the tally after night 40 stands at 40.
S73 src=premise lic=-1 p=[-1,-1,-1] depth=1 live t=-1 r=0 taint=0: R40.
S74 src=premise lic=-1 p=[-1,-1,-1] depth=1 live t=-1 r=0 taint=0: If the tally after night 40 stands at 40, then the tally after night 41 stands at 41.
S75 src=premise lic=-1 p=[-1,-1,-1] depth=1 live t=-1 r=0 taint=0: R41.
S76 src=premise lic=-1 p=[-1,-1,-1] depth=1 live t=-1 r=0 taint=0: If the tally after night 41 stands at 41, then the tally after night 42 stands at 42.
S77 src=premise lic=-1 p=[-1,-1,-1] depth=1 live t=-1 r=0 taint=0: R42.
S78 src=premise lic=-1 p=[-1,-1,-1] depth=1 live t=-1 r=0 taint=0: If the tally after night 42 stands at 42, then the tally after night 43 stands at 43.
S79 src=premise lic=-1 p=[-1,-1,-1] depth=1 live t=-1 r=0 taint=0: R43.
S80 src=premise lic=-1 p=[-1,-1,-1] depth=1 live t=-1 r=0 taint=0: If the tally after night 43 stands at 43, then the tally after night 44 stands at 44.
S81 src=premise lic=-1 p=[-1,-1,-1] depth=1 live t=-1 r=0 taint=0: R44.
S82 src=premise lic=-1 p=[-1,-1,-1] depth=1 live t=-1 r=0 taint=0: If the tally after night 44 stands at 44, then the tally after night 45 stands at 45.
S83 src=premise lic=-1 p=[-1,-1,-1] depth=1 live t=-1 r=0 taint=0: R45.
S84 src=premise lic=-1 p=[-1,-1,-1] depth=1 live t=-1 r=0 taint=0: If the tally after night 45 stands at 45, then the tally after night 46 stands at 46.
S85 src=premise lic=-1 p=[-1,-1,-1] depth=1 live t=-1 r=0 taint=0: R46.
S86 src=premise lic=-1 p=[-1,-1,-1] depth=1 live t=-1 r=0 taint=0: If the tally after night 46 stands at 46, then the tally after night 47 stands at 47.
S87 src=premise lic=-1 p=[-1,-1,-1] depth=1 live t=-1 r=0 taint=0: R47.
S88 src=premise lic=-1 p=[-1,-1,-1] depth=1 live t=-1 r=0 taint=0: If the tally after night 47 stands at 47, then the tally after night 48 stands at 48.
S89 src=premise lic=-1 p=[-1,-1,-1] depth=1 live t=-1 r=0 taint=0: R48.
S90 src=premise lic=-1 p=[-1,-1,-1] depth=1 live t=-1 r=0 taint=0: If the tally after night 48 stands at 48, then the tally after night 49 stands at 49.
S91 src=premise lic=-1 p=[-1,-1,-1] depth=1 live t=-1 r=0 taint=0: R49.
S92 src=premise lic=-1 p=[-1,-1,-1] depth=1 live t=-1 r=0 taint=0: If the tally after night 49 stands at 49, then the tally after night 50 stands at 50.
S93 src=premise lic=-1 p=[-1,-1,-1] depth=1 live t=-1 r=0 taint=0: R50.
S94 src=premise lic=-1 p=[-1,-1,-1] depth=1 live t=-1 r=0 taint=0: If the tally after night 50 stands at 50, then the tally after night 51 stands at 51.
S95 src=premise lic=-1 p=[-1,-1,-1] depth=1 live t=-1 r=0 taint=0: R51.
S96 src=premise lic=-1 p=[-1,-1,-1] depth=1 live t=-1 r=0 taint=0: If the tally after night 51 stands at 51, then the tally after night 52 stands at 52.
S97 src=premise lic=-1 p=[-1,-1,-1] depth=1 live t=-1 r=0 taint=0: R52.
S98 src=premise lic=-1 p=[-1,-1,-1] depth=1 live t=-1 r=0 taint=0: If the tally after night 52 stands at 52, then the tally after night 53 stands at 53.
S99 src=premise lic=-1 p=[-1,-1,-1] depth=1 live t=-1 r=0 taint=0: R53.
S100 src=premise lic=-1 p=[-1,-1,-1] depth=1 live t=-1 r=0 taint=0: If the tally after night 53 stands at 53, then the tally after night 54 stands at 54.
S101 src=premise lic=-1 p=[-1,-1,-1] depth=1 live t=-1 r=0 taint=0: R54.
S102 src=premise lic=-1 p=[-1,-1,-1] depth=1 live t=-1 r=0 taint=0: If the tally after night 54 stands at 54, then the tally after night 55 stands at 55.
S103 src=premise lic=-1 p=[-1,-1,-1] depth=1 live t=-1 r=0 taint=0: R55.
S104 src=premise lic=-1 p=[-1,-1,-1] depth=1 live t=-1 r=0 taint=0: If the tally after night 55 stands at 55, then the tally after night 56 stands at 56.
S105 src=premise lic=-1 p=[-1,-1,-1] depth=1 live t=-1 r=0 taint=0: R56.
S106 src=premise lic=-1 p=[-1,-1,-1] depth=1 live t=-1 r=0 taint=0: If the tally after night 56 stands at 56, then the tally after night 57 stands at 57.
S107 src=premise lic=-1 p=[-1,-1,-1] depth=1 live t=-1 r=0 taint=0: R57.
S108 src=premise lic=-1 p=[-1,-1,-1] depth=1 live t=-1 r=0 taint=0: If the tally after night 57 stands at 57, then the tally after night 58 stands at 58.
S109 src=premise lic=-1 p=[-1,-1,-1] depth=1 live t=-1 r=0 taint=0: R58.
S110 src=premise lic=-1 p=[-1,-1,-1] depth=1 live t=-1 r=0 taint=0: If the tally after night 58 stands at 58, then the tally after night 59 stands at 59.
S111 src=premise lic=-1 p=[-1,-1,-1] depth=1 live t=-1 r=0 taint=0: R59.
S112 src=premise lic=-1 p=[-1,-1,-1] depth=1 live t=-1 r=0 taint=0: If the tally after night 59 stands at 59, then the tally after night 60 stands at 60.
S113 src=premise lic=-1 p=[-1,-1,-1] depth=1 live t=-1 r=0 taint=0: R60.
S114 src=premise lic=-1 p=[-1,-1,-1] depth=1 live t=-1 r=0 taint=0: If the tally after night 60 stands at 60, then the tally after night 61 stands at 61.
S115 src=premise lic=-1 p=[-1,-1,-1] depth=1 live t=-1 r=0 taint=0: R61.
S116 src=premise lic=-1 p=[-1,-1,-1] depth=1 live t=-1 r=0 taint=0: If the tally after night 61 stands at 61, then the tally after night 62 stands at 62.
S117 src=premise lic=-1 p=[-1,-1,-1] depth=1 live t=-1 r=0 taint=0: R62.
S118 src=premise lic=-1 p=[-1,-1,-1] depth=1 live t=-1 r=0 taint=0: If the tally after night 62 stands at 62, then the tally after night 63 stands at 63.
S119 src=premise lic=-1 p=[-1,-1,-1] depth=1 live t=-1 r=0 taint=0: R63.
S120 src=premise lic=-1 p=[-1,-1,-1] depth=1 live t=-1 r=0 taint=0: If the tally after night 63 stands at 63, then the tally after night 64 stands at 64.
S121 src=cite kid=K001 lic=-1 p=[-1,-1,-1] depth=1 live t=-1 r=0 taint=0: Mathematical induction: if a property P holds for the number 1, and whenever P holds for a positive integer n it also holds for n + 1, then P holds for every positive integer n.
S122 src=cite kid=K001 lic=-1 p=[-1,-1,-1] depth=1 live t=-1 r=0 taint=0: (Infinite descent may be used as induction combined with contradiction; no separate rule is needed.)
S123 src=cite kid=K002 lic=-1 p=[-1,-1,-1] depth=1 live t=-1 r=0 taint=0: Real-number arithmetic: addition and multiplication are commutative and associative; multiplication distributes over addition; 0 is the additive identity and 1 is the multiplicative identity; every real number x has an additive inverse -x; every nonzero real number x has a multiplicative inverse 1/x.
S124 src=cite kid=K002 lic=-1 p=[-1,-1,-1] depth=1 live t=-1 r=0 taint=0: Division by zero is undefined.
S125 src=cite kid=K003 lic=-1 p=[-1,-1,-1] depth=1 live t=-1 r=0 taint=0: Ordering of real numbers: for every real x, exactly one of x > 0, x = 0, x < 0 is true; sums and products of nonnegative numbers are nonnegative; x squared is >= 0 for every real x.
S126 src=cite kid=K004 lic=-1 p=[-1,-1,-1] depth=1 live t=-1 r=0 taint=0: Euclid's postulates: (1) a straight line segment can be drawn joining any two points; (2) any line segment can be extended indefinitely; (3) a circle can be drawn with any center and any radius; (4) all right angles are congruent; (5) parallel postulate: given a line and a point not on it, exactly one line through the point is parallel to the given line.
S127 src=cite kid=K005 lic=-1 p=[-1,-1,-1] depth=1 live t=-1 r=0 taint=0: Rules of inference: modus ponens (from P and 'if P then Q', i.e.
S128 src=cite kid=K005 lic=-1 p=[-1,-1,-1] depth=1 live t=-1 r=0 taint=0: P=>Q, infer Q); proof by contradiction (if assuming 'not P' leads to a contradiction, infer P).
S129 src=cite kid=K101 lic=-1 p=[-1,-1,-1] depth=1 live t=-1 r=0 taint=0: Divisibility: for integers a and b with a != 0, 'a divides b' (written a|b) holds if and only if (iff) there is an integer c with b = a * c.
S130 src=cite kid=K102 lic=-1 p=[-1,-1,-1] depth=1 live t=-1 r=0 taint=0: Prime number: an integer p > 1 whose only positive divisors are 1 and p.
S131 src=cite kid=K103 lic=-1 p=[-1,-1,-1] depth=1 live t=-1 r=0 taint=0: Composite number: an integer n > 1 that is not prime.
S132 src=cite kid=K104 lic=-1 p=[-1,-1,-1] depth=1 live t=-1 r=0 taint=0: Congruence: for a positive integer n, 'a is congruent to b modulo n' (written a ≡ b (mod n)) holds if and only if (iff) n divides (a - b).
S133 src=cite kid=K105 lic=-1 p=[-1,-1,-1] depth=1 live t=-1 r=0 taint=0: Rational number: a real number that can be written as p/q with integers p and q != 0.
S134 src=cite kid=K105 lic=-1 p=[-1,-1,-1] depth=1 live t=-1 r=0 taint=0: Irrational number: a real number that is not rational.
S135 src=cite kid=K106 lic=-1 p=[-1,-1,-1] depth=1 live t=-1 r=0 taint=0: Factorial: 0! = 1, and n! = n * (n-1)! for n >= 1.
S136 src=cite kid=K106 lic=-1 p=[-1,-1,-1] depth=1 live t=-1 r=0 taint=0: Binomial coefficient: C(n,k) = n!/(k! * (n-k)!) for integers 0 <= k <= n.
S137 src=cite kid=K107 lic=-1 p=[-1,-1,-1] depth=1 live t=-1 r=0 taint=0: Even and odd: an integer n is even if n = 2k for some integer k; n is odd if n = 2k + 1 for some integer k.
S138 src=cite kid=K108 lic=-1 p=[-1,-1,-1] depth=1 live t=-1 r=0 taint=0: Triangle: three non-collinear points together with the segments joining them.
S139 src=cite kid=K108 lic=-1 p=[-1,-1,-1] depth=1 live t=-1 r=0 taint=0: Interior angle: the angle inside the triangle at a vertex.
S140 src=cite kid=K108 lic=-1 p=[-1,-1,-1] depth=1 live t=-1 r=0 taint=0: Median: the segment from a vertex to the midpoint of the opposite side.
S141 src=cite kid=K108 lic=-1 p=[-1,-1,-1] depth=1 live t=-1 r=0 taint=0: Isosceles triangle: a triangle with (at least) two equal sides.
S142 src=cite kid=K108 lic=-1 p=[-1,-1,-1] depth=1 live t=-1 r=0 taint=0: Right triangle: a triangle with one 90-degree angle.
S143 src=cite kid=K108 lic=-1 p=[-1,-1,-1] depth=1 live t=-1 r=0 taint=0: Parallel lines: lines in a plane that never meet.
S144 src=cite kid=K109 lic=-1 p=[-1,-1,-1] depth=1 live t=-1 r=0 taint=0: Perfect square: an integer of the form m^2 for some integer m.
S145 src=cite kid=K110 lic=-1 p=[-1,-1,-1] depth=1 live t=-1 r=0 taint=0: Probability (finite, equally likely outcomes): the probability of an event is the number of favorable outcomes divided by the number of total outcomes.
S146 src=cite kid=K201 lic=-1 p=[-1,-1,-1] depth=1 live t=-1 r=0 taint=0: Fundamental theorem of arithmetic: every integer greater than 1 is a product of prime numbers, uniquely up to order.
S147 src=cite kid=K202 lic=-1 p=[-1,-1,-1] depth=1 live t=-1 r=0 taint=0: Euclid's lemma: if p is a prime number and p divides the product a * b, then p divides a or p divides b.
S148 src=cite kid=K203 lic=-1 p=[-1,-1,-1] depth=1 live t=-1 r=0 taint=0: Bezout's identity: for integers a and b, there are integers x and y with a*x + b*y = gcd(a,b).
S149 src=cite kid=K204 lic=-1 p=[-1,-1,-1] depth=1 live t=-1 r=0 taint=0: Pigeonhole principle: if more than n items are placed into n boxes, some box contains at least 2 items.
S150 src=cite kid=K205 lic=-1 p=[-1,-1,-1] depth=1 live t=-1 r=0 taint=0: Pythagorean theorem: in a right triangle with legs a, b and hypotenuse c, a^2 + b^2 = c^2.
S151 src=cite kid=K206 lic=-1 p=[-1,-1,-1] depth=1 live t=-1 r=0 taint=0: There are infinitely many prime numbers.
S152 src=cite kid=K207 lic=-1 p=[-1,-1,-1] depth=1 live t=-1 r=0 taint=0: Algebraic identities: (a+b)^2 = a^2+2ab+b^2; (a-b)^2 = a^2-2ab+b^2; a^2-b^2 = (a-b)(a+b), for all real numbers a and b.
S153 src=cite kid=K208 lic=-1 p=[-1,-1,-1] depth=1 live t=-1 r=0 taint=0: Vertical angles are equal.
S154 src=cite kid=K208 lic=-1 p=[-1,-1,-1] depth=1 live t=-1 r=0 taint=0: If a transversal cuts two parallel lines, alternate interior angles are equal.
S155 src=cite kid=K209 lic=-1 p=[-1,-1,-1] depth=1 live t=-1 r=0 taint=0: Triangle congruence criteria: SAS, ASA, SSS.
S156 src=cite kid=K209 lic=-1 p=[-1,-1,-1] depth=1 live t=-1 r=0 taint=0: (If two triangles satisfy any one of these criteria, all corresponding sides and angles are equal.)
S157 src=cite kid=K210 lic=-1 p=[-1,-1,-1] depth=1 live t=-1 r=0 taint=0: Midpoint theorem: the segment joining the midpoints of two sides of a triangle is parallel to the third side and half its length.
S158 src=assume lic=0 p=[0,-1,-1] depth=1 defeated t=0 r=1 taint=1: It is not the case that The tally after night 64 stands at 64.
S159 src=prop lic=5 p=[4,2,-1] depth=2 live t=1 r=1 taint=0: the tally after night 2 stands at 2.
S160 src=subgoal lic=7 p=[4,-1,-1] depth=2 live t=2 r=1 taint=0: the tally after night 1 stands at 1
S161 src=prop lic=5 p=[5,159,-1] depth=3 live t=1 r=2 taint=0: the tally after night 3 stands at 3.
S162 src=subgoal lic=7 p=[5,-1,-1] depth=2 live t=2 r=2 taint=0: the tally after night 2 stands at 2
S163 src=prop lic=5 p=[6,161,-1] depth=4 live t=1 r=3 taint=0: the tally after night 4 stands at 4.
S164 src=subgoal lic=7 p=[6,-1,-1] depth=2 live t=2 r=3 taint=0: the tally after night 3 stands at 3
S165 src=prop lic=5 p=[7,163,-1] depth=5 live t=1 r=4 taint=0: the tally after night 5 stands at 5.
S166 src=subgoal lic=7 p=[7,-1,-1] depth=2 live t=2 r=4 taint=0: the tally after night 4 stands at 4
S167 src=prop lic=5 p=[8,165,-1] depth=6 live t=1 r=5 taint=0: the tally after night 6 stands at 6.
S168 src=subgoal lic=7 p=[8,-1,-1] depth=2 live t=2 r=5 taint=0: the tally after night 5 stands at 5
S169 src=prop lic=5 p=[9,167,-1] depth=7 live t=1 r=6 taint=0: the tally after night 7 stands at 7.
S170 src=subgoal lic=7 p=[9,-1,-1] depth=2 live t=2 r=6 taint=0: the tally after night 6 stands at 6
S171 src=prop lic=5 p=[10,169,-1] depth=8 live t=1 r=7 taint=0: the tally after night 8 stands at 8.
S172 src=subgoal lic=7 p=[10,-1,-1] depth=2 live t=2 r=7 taint=0: the tally after night 7 stands at 7
S173 src=prop lic=5 p=[11,171,-1] depth=9 live t=1 r=8 taint=0: the tally after night 9 stands at 9.
S174 src=subgoal lic=7 p=[11,-1,-1] depth=2 live t=2 r=8 taint=0: the tally after night 8 stands at 8
S175 src=prop lic=5 p=[12,173,-1] depth=10 live t=1 r=9 taint=0: the tally after night 10 stands at 10.
S176 src=subgoal lic=7 p=[12,-1,-1] depth=2 live t=2 r=9 taint=0: the tally after night 9 stands at 9
S177 src=prop lic=5 p=[14,175,-1] depth=11 live t=1 r=10 taint=0: the tally after night 11 stands at 11.
S178 src=subgoal lic=7 p=[14,-1,-1] depth=2 live t=2 r=10 taint=0: the tally after night 10 stands at 10
S179 src=prop lic=5 p=[16,177,-1] depth=12 live t=1 r=11 taint=0: the tally after night 12 stands at 12.
S180 src=subgoal lic=7 p=[16,-1,-1] depth=2 live t=2 r=11 taint=0: the tally after night 11 stands at 11
S181 src=prop lic=5 p=[18,179,-1] depth=13 live t=1 r=12 taint=0: the tally after night 13 stands at 13.
S182 src=subgoal lic=7 p=[18,-1,-1] depth=2 live t=2 r=12 taint=0: the tally after night 12 stands at 12
S183 src=prop lic=5 p=[20,181,-1] depth=14 live t=1 r=13 taint=0: the tally after night 14 stands at 14.
S184 src=subgoal lic=7 p=[20,-1,-1] depth=2 live t=2 r=13 taint=0: the tally after night 13 stands at 13
S185 src=prop lic=5 p=[22,183,-1] depth=15 live t=1 r=14 taint=0: the tally after night 15 stands at 15.
S186 src=subgoal lic=7 p=[22,-1,-1] depth=2 live t=2 r=14 taint=0: the tally after night 14 stands at 14
S187 src=prop lic=5 p=[24,185,-1] depth=16 live t=1 r=15 taint=0: the tally after night 16 stands at 16.
S188 src=subgoal lic=7 p=[24,-1,-1] depth=2 live t=2 r=15 taint=0: the tally after night 15 stands at 15
S189 src=prop lic=5 p=[26,187,-1] depth=17 live t=1 r=16 taint=0: the tally after night 17 stands at 17.
S190 src=subgoal lic=7 p=[26,-1,-1] depth=2 live t=2 r=16 taint=0: the tally after night 16 stands at 16
S191 src=prop lic=5 p=[28,189,-1] depth=18 live t=1 r=17 taint=0: the tally after night 18 stands at 18.
S192 src=subgoal lic=7 p=[28,-1,-1] depth=2 live t=2 r=17 taint=0: the tally after night 17 stands at 17
S193 src=prop lic=5 p=[30,191,-1] depth=19 live t=1 r=18 taint=0: the tally after night 19 stands at 19.
S194 src=subgoal lic=7 p=[30,-1,-1] depth=2 live t=2 r=18 taint=0: the tally after night 18 stands at 18
S195 src=prop lic=5 p=[32,193,-1] depth=20 live t=1 r=19 taint=0: the tally after night 20 stands at 20.
S196 src=subgoal lic=7 p=[32,-1,-1] depth=2 live t=2 r=19 taint=0: the tally after night 19 stands at 19
S197 src=prop lic=5 p=[34,195,-1] depth=21 live t=1 r=20 taint=0: the tally after night 21 stands at 21.
S198 src=subgoal lic=7 p=[34,-1,-1] depth=2 live t=2 r=20 taint=0: the tally after night 20 stands at 20
S199 src=prop lic=5 p=[36,197,-1] depth=22 live t=1 r=21 taint=0: the tally after night 22 stands at 22.
S200 src=subgoal lic=7 p=[36,-1,-1] depth=2 live t=2 r=21 taint=0: the tally after night 21 stands at 21
S201 src=prop lic=5 p=[38,199,-1] depth=23 live t=1 r=22 taint=0: the tally after night 23 stands at 23.
S202 src=subgoal lic=7 p=[38,-1,-1] depth=2 live t=2 r=22 taint=0: the tally after night 22 stands at 22
S203 src=prop lic=5 p=[40,201,-1] depth=24 live t=1 r=23 taint=0: the tally after night 24 stands at 24.
S204 src=subgoal lic=7 p=[40,-1,-1] depth=2 live t=2 r=23 taint=0: the tally after night 23 stands at 23
S205 src=prop lic=5 p=[42,203,-1] depth=25 live t=1 r=24 taint=0: the tally after night 25 stands at 25.
S206 src=subgoal lic=7 p=[42,-1,-1] depth=2 live t=2 r=24 taint=0: the tally after night 24 stands at 24
S207 src=prop lic=5 p=[44,205,-1] depth=26 live t=1 r=25 taint=0: the tally after night 26 stands at 26.
S208 src=subgoal lic=7 p=[44,-1,-1] depth=2 live t=2 r=25 taint=0: the tally after night 25 stands at 25
S209 src=prop lic=5 p=[46,207,-1] depth=27 live t=1 r=26 taint=0: the tally after night 27 stands at 27.
S210 src=subgoal lic=7 p=[46,-1,-1] depth=2 live t=2 r=26 taint=0: the tally after night 26 stands at 26
S211 src=prop lic=5 p=[48,209,-1] depth=28 live t=1 r=27 taint=0: the tally after night 28 stands at 28.
S212 src=subgoal lic=7 p=[48,-1,-1] depth=2 live t=2 r=27 taint=0: the tally after night 27 stands at 27
S213 src=prop lic=5 p=[50,211,-1] depth=29 live t=1 r=28 taint=0: the tally after night 29 stands at 29.
S214 src=subgoal lic=7 p=[50,-1,-1] depth=2 live t=2 r=28 taint=0: the tally after night 28 stands at 28
S215 src=prop lic=5 p=[52,213,-1] depth=30 live t=1 r=29 taint=0: the tally after night 30 stands at 30.
S216 src=subgoal lic=7 p=[52,-1,-1] depth=2 live t=2 r=29 taint=0: the tally after night 29 stands at 29
S217 src=prop lic=5 p=[54,215,-1] depth=31 live t=1 r=30 taint=0: the tally after night 31 stands at 31.
S218 src=subgoal lic=7 p=[54,-1,-1] depth=2 live t=2 r=30 taint=0: the tally after night 30 stands at 30
S219 src=prop lic=5 p=[56,217,-1] depth=32 live t=1 r=31 taint=0: the tally after night 32 stands at 32.
S220 src=subgoal lic=7 p=[56,-1,-1] depth=2 live t=2 r=31 taint=0: the tally after night 31 stands at 31
S221 src=prop lic=5 p=[58,219,-1] depth=33 live t=1 r=32 taint=0: the tally after night 33 stands at 33.
S222 src=subgoal lic=7 p=[58,-1,-1] depth=2 live t=2 r=32 taint=0: the tally after night 32 stands at 32
S223 src=prop lic=5 p=[60,221,-1] depth=34 live t=1 r=33 taint=0: the tally after night 34 stands at 34.
S224 src=subgoal lic=7 p=[60,-1,-1] depth=2 live t=2 r=33 taint=0: the tally after night 33 stands at 33
S225 src=prop lic=5 p=[62,223,-1] depth=35 live t=1 r=34 taint=0: the tally after night 35 stands at 35.
S226 src=subgoal lic=7 p=[62,-1,-1] depth=2 live t=2 r=34 taint=0: the tally after night 34 stands at 34
S227 src=prop lic=5 p=[64,225,-1] depth=36 live t=1 r=35 taint=0: the tally after night 36 stands at 36.
S228 src=subgoal lic=7 p=[64,-1,-1] depth=2 live t=2 r=35 taint=0: the tally after night 35 stands at 35
S229 src=prop lic=5 p=[66,227,-1] depth=37 live t=1 r=36 taint=0: the tally after night 37 stands at 37.
S230 src=subgoal lic=7 p=[66,-1,-1] depth=2 live t=2 r=36 taint=0: the tally after night 36 stands at 36
S231 src=prop lic=5 p=[68,229,-1] depth=38 live t=1 r=37 taint=0: the tally after night 38 stands at 38.
S232 src=subgoal lic=7 p=[68,-1,-1] depth=2 live t=2 r=37 taint=0: the tally after night 37 stands at 37
S233 src=prop lic=5 p=[70,231,-1] depth=39 live t=1 r=38 taint=0: the tally after night 39 stands at 39.
S234 src=subgoal lic=7 p=[70,-1,-1] depth=2 live t=2 r=38 taint=0: the tally after night 38 stands at 38
S235 src=prop lic=5 p=[72,233,-1] depth=40 live t=1 r=39 taint=0: the tally after night 40 stands at 40.
S236 src=subgoal lic=7 p=[72,-1,-1] depth=2 live t=2 r=39 taint=0: the tally after night 39 stands at 39
S237 src=prop lic=5 p=[74,235,-1] depth=41 live t=1 r=40 taint=0: the tally after night 41 stands at 41.
S238 src=subgoal lic=7 p=[74,-1,-1] depth=2 live t=2 r=40 taint=0: the tally after night 40 stands at 40
S239 src=prop lic=5 p=[76,237,-1] depth=42 live t=1 r=41 taint=0: the tally after night 42 stands at 42.
S240 src=subgoal lic=7 p=[76,-1,-1] depth=2 live t=2 r=41 taint=0: the tally after night 41 stands at 41
S241 src=prop lic=5 p=[78,239,-1] depth=43 live t=1 r=42 taint=0: the tally after night 43 stands at 43.
S242 src=subgoal lic=7 p=[78,-1,-1] depth=2 live t=2 r=42 taint=0: the tally after night 42 stands at 42
S243 src=prop lic=5 p=[80,241,-1] depth=44 live t=1 r=43 taint=0: the tally after night 44 stands at 44.
S244 src=subgoal lic=7 p=[80,-1,-1] depth=2 live t=2 r=43 taint=0: the tally after night 43 stands at 43
S245 src=prop lic=5 p=[82,243,-1] depth=45 live t=1 r=44 taint=0: the tally after night 45 stands at 45.
S246 src=subgoal lic=7 p=[82,-1,-1] depth=2 live t=2 r=44 taint=0: the tally after night 44 stands at 44
S247 src=prop lic=5 p=[84,245,-1] depth=46 live t=1 r=45 taint=0: the tally after night 46 stands at 46.
S248 src=subgoal lic=7 p=[84,-1,-1] depth=2 live t=2 r=45 taint=0: the tally after night 45 stands at 45
S249 src=prop lic=5 p=[86,247,-1] depth=47 live t=1 r=46 taint=0: the tally after night 47 stands at 47.
S250 src=subgoal lic=7 p=[86,-1,-1] depth=2 live t=2 r=46 taint=0: the tally after night 46 stands at 46
S251 src=prop lic=5 p=[88,249,-1] depth=48 live t=1 r=47 taint=0: the tally after night 48 stands at 48.
S252 src=subgoal lic=7 p=[88,-1,-1] depth=2 live t=2 r=47 taint=0: the tally after night 47 stands at 47
S253 src=prop lic=5 p=[90,251,-1] depth=49 live t=1 r=48 taint=0: the tally after night 49 stands at 49.
S254 src=subgoal lic=7 p=[90,-1,-1] depth=2 live t=2 r=48 taint=0: the tally after night 48 stands at 48
S255 src=prop lic=5 p=[92,253,-1] depth=50 live t=1 r=49 taint=0: the tally after night 50 stands at 50.
S256 src=subgoal lic=7 p=[92,-1,-1] depth=2 live t=2 r=49 taint=0: the tally after night 49 stands at 49
S257 src=prop lic=5 p=[94,255,-1] depth=51 live t=1 r=50 taint=0: the tally after night 51 stands at 51.
S258 src=subgoal lic=7 p=[94,-1,-1] depth=2 live t=2 r=50 taint=0: the tally after night 50 stands at 50
S259 src=prop lic=5 p=[96,257,-1] depth=52 live t=1 r=51 taint=0: the tally after night 52 stands at 52.
S260 src=subgoal lic=7 p=[96,-1,-1] depth=2 live t=2 r=51 taint=0: the tally after night 51 stands at 51
S261 src=prop lic=5 p=[98,259,-1] depth=53 live t=1 r=52 taint=0: the tally after night 53 stands at 53.
S262 src=subgoal lic=7 p=[98,-1,-1] depth=2 live t=2 r=52 taint=0: the tally after night 52 stands at 52
S263 src=prop lic=5 p=[100,261,-1] depth=54 live t=1 r=53 taint=0: the tally after night 54 stands at 54.
S264 src=subgoal lic=7 p=[100,-1,-1] depth=2 live t=2 r=53 taint=0: the tally after night 53 stands at 53
S265 src=prop lic=5 p=[102,263,-1] depth=55 live t=1 r=54 taint=0: the tally after night 55 stands at 55.
S266 src=subgoal lic=7 p=[102,-1,-1] depth=2 live t=2 r=54 taint=0: the tally after night 54 stands at 54
S267 src=prop lic=5 p=[104,265,-1] depth=56 live t=1 r=55 taint=0: the tally after night 56 stands at 56.
S268 src=subgoal lic=7 p=[104,-1,-1] depth=2 live t=2 r=55 taint=0: the tally after night 55 stands at 55
S269 src=prop lic=5 p=[106,267,-1] depth=57 live t=1 r=56 taint=0: the tally after night 57 stands at 57.
S270 src=subgoal lic=7 p=[106,-1,-1] depth=2 live t=2 r=56 taint=0: the tally after night 56 stands at 56
S271 src=prop lic=5 p=[108,269,-1] depth=58 live t=1 r=57 taint=0: the tally after night 58 stands at 58.
S272 src=subgoal lic=7 p=[108,-1,-1] depth=2 live t=2 r=57 taint=0: the tally after night 57 stands at 57
S273 src=prop lic=5 p=[110,271,-1] depth=59 live t=1 r=58 taint=0: the tally after night 59 stands at 59.
S274 src=subgoal lic=7 p=[110,-1,-1] depth=2 live t=2 r=58 taint=0: the tally after night 58 stands at 58
S275 src=prop lic=5 p=[112,273,-1] depth=60 live t=1 r=59 taint=0: the tally after night 60 stands at 60.
S276 src=subgoal lic=7 p=[112,-1,-1] depth=2 live t=2 r=59 taint=0: the tally after night 59 stands at 59
S277 src=prop lic=5 p=[114,275,-1] depth=61 live t=1 r=60 taint=0: the tally after night 61 stands at 61.
S278 src=subgoal lic=7 p=[114,-1,-1] depth=2 live t=2 r=60 taint=0: the tally after night 60 stands at 60
S279 src=prop lic=5 p=[116,277,-1] depth=62 live t=1 r=61 taint=0: the tally after night 62 stands at 62.
S280 src=subgoal lic=7 p=[116,-1,-1] depth=2 live t=2 r=61 taint=0: the tally after night 61 stands at 61
S281 src=prop lic=5 p=[118,279,-1] depth=63 live t=1 r=62 taint=0: the tally after night 63 stands at 63.
S282 src=subgoal lic=7 p=[118,-1,-1] depth=2 live t=2 r=62 taint=0: the tally after night 62 stands at 62
S283 src=prop lic=5 p=[120,281,-1] depth=64 live t=1 r=63 taint=0: the tally after night 64 stands at 64.
AUDIT:
R1 T0 CONTRA L0 contra-assume p=[0,-1,-1] -> S158 APPEND
R1 T1 FORWARD L5 lemma-apply p=[4,2,-1] DISCHARGE assum=[S158] -> S159 APPEND
R1 T2 GOAL L7 goal-lemmasub p=[4,-1,-1] -> S160 APPEND
R2 T1 FORWARD L5 lemma-apply p=[5,159,-1] -> S161 APPEND
R2 T2 GOAL L7 goal-lemmasub p=[5,-1,-1] -> S162 APPEND
R3 T1 FORWARD L5 lemma-apply p=[6,161,-1] -> S163 APPEND
R3 T2 GOAL L7 goal-lemmasub p=[6,-1,-1] -> S164 APPEND
R4 T1 FORWARD L5 lemma-apply p=[7,163,-1] -> S165 APPEND
R4 T2 GOAL L7 goal-lemmasub p=[7,-1,-1] -> S166 APPEND
R5 T1 FORWARD L5 lemma-apply p=[8,165,-1] -> S167 APPEND
R5 T2 GOAL L7 goal-lemmasub p=[8,-1,-1] -> S168 APPEND
R6 T1 FORWARD L5 lemma-apply p=[9,167,-1] -> S169 APPEND
R6 T2 GOAL L7 goal-lemmasub p=[9,-1,-1] -> S170 APPEND
R7 T1 FORWARD L5 lemma-apply p=[10,169,-1] -> S171 APPEND
R7 T2 GOAL L7 goal-lemmasub p=[10,-1,-1] -> S172 APPEND
R8 T1 FORWARD L5 lemma-apply p=[11,171,-1] -> S173 APPEND
R8 T2 GOAL L7 goal-lemmasub p=[11,-1,-1] -> S174 APPEND
R9 T1 FORWARD L5 lemma-apply p=[12,173,-1] -> S175 APPEND
R9 T2 GOAL L7 goal-lemmasub p=[12,-1,-1] -> S176 APPEND
R10 T1 FORWARD L5 lemma-apply p=[14,175,-1] -> S177 APPEND
R10 T2 GOAL L7 goal-lemmasub p=[14,-1,-1] -> S178 APPEND
R11 T1 FORWARD L5 lemma-apply p=[16,177,-1] -> S179 APPEND
R11 T2 GOAL L7 goal-lemmasub p=[16,-1,-1] -> S180 APPEND
R12 T1 FORWARD L5 lemma-apply p=[18,179,-1] -> S181 APPEND
R12 T2 GOAL L7 goal-lemmasub p=[18,-1,-1] -> S182 APPEND
R13 T1 FORWARD L5 lemma-apply p=[20,181,-1] -> S183 APPEND
R13 T2 GOAL L7 goal-lemmasub p=[20,-1,-1] -> S184 APPEND
R14 T1 FORWARD L5 lemma-apply p=[22,183,-1] -> S185 APPEND
R14 T2 GOAL L7 goal-lemmasub p=[22,-1,-1] -> S186 APPEND
R15 T1 FORWARD L5 lemma-apply p=[24,185,-1] -> S187 APPEND
R15 T2 GOAL L7 goal-lemmasub p=[24,-1,-1] -> S188 APPEND
R16 T1 FORWARD L5 lemma-apply p=[26,187,-1] -> S189 APPEND
R16 T2 GOAL L7 goal-lemmasub p=[26,-1,-1] -> S190 APPEND
R17 T1 FORWARD L5 lemma-apply p=[28,189,-1] -> S191 APPEND
R17 T2 GOAL L7 goal-lemmasub p=[28,-1,-1] -> S192 APPEND
R18 T1 FORWARD L5 lemma-apply p=[30,191,-1] -> S193 APPEND
R18 T2 GOAL L7 goal-lemmasub p=[30,-1,-1] -> S194 APPEND
R19 T1 FORWARD L5 lemma-apply p=[32,193,-1] -> S195 APPEND
R19 T2 GOAL L7 goal-lemmasub p=[32,-1,-1] -> S196 APPEND
R20 T1 FORWARD L5 lemma-apply p=[34,195,-1] -> S197 APPEND
R20 T2 GOAL L7 goal-lemmasub p=[34,-1,-1] -> S198 APPEND
R21 T1 FORWARD L5 lemma-apply p=[36,197,-1] -> S199 APPEND
R21 T2 GOAL L7 goal-lemmasub p=[36,-1,-1] -> S200 APPEND
R22 T1 FORWARD L5 lemma-apply p=[38,199,-1] -> S201 APPEND
R22 T2 GOAL L7 goal-lemmasub p=[38,-1,-1] -> S202 APPEND
R23 T1 FORWARD L5 lemma-apply p=[40,201,-1] -> S203 APPEND
R23 T2 GOAL L7 goal-lemmasub p=[40,-1,-1] -> S204 APPEND
R24 T1 FORWARD L5 lemma-apply p=[42,203,-1] -> S205 APPEND
R24 T2 GOAL L7 goal-lemmasub p=[42,-1,-1] -> S206 APPEND
R25 T1 FORWARD L5 lemma-apply p=[44,205,-1] -> S207 APPEND
R25 T2 GOAL L7 goal-lemmasub p=[44,-1,-1] -> S208 APPEND
R26 T1 FORWARD L5 lemma-apply p=[46,207,-1] -> S209 APPEND
R26 T2 GOAL L7 goal-lemmasub p=[46,-1,-1] -> S210 APPEND
R27 T1 FORWARD L5 lemma-apply p=[48,209,-1] -> S211 APPEND
R27 T2 GOAL L7 goal-lemmasub p=[48,-1,-1] -> S212 APPEND
R28 T1 FORWARD L5 lemma-apply p=[50,211,-1] -> S213 APPEND
R28 T2 GOAL L7 goal-lemmasub p=[50,-1,-1] -> S214 APPEND
R29 T1 FORWARD L5 lemma-apply p=[52,213,-1] -> S215 APPEND
R29 T2 GOAL L7 goal-lemmasub p=[52,-1,-1] -> S216 APPEND
R30 T1 FORWARD L5 lemma-apply p=[54,215,-1] -> S217 APPEND
R30 T2 GOAL L7 goal-lemmasub p=[54,-1,-1] -> S218 APPEND
R31 T1 FORWARD L5 lemma-apply p=[56,217,-1] -> S219 APPEND
R31 T2 GOAL L7 goal-lemmasub p=[56,-1,-1] -> S220 APPEND
R32 T1 FORWARD L5 lemma-apply p=[58,219,-1] -> S221 APPEND
R32 T2 GOAL L7 goal-lemmasub p=[58,-1,-1] -> S222 APPEND
R33 T1 FORWARD L5 lemma-apply p=[60,221,-1] -> S223 APPEND
R33 T2 GOAL L7 goal-lemmasub p=[60,-1,-1] -> S224 APPEND
R34 T1 FORWARD L5 lemma-apply p=[62,223,-1] -> S225 APPEND
R34 T2 GOAL L7 goal-lemmasub p=[62,-1,-1] -> S226 APPEND
R35 T1 FORWARD L5 lemma-apply p=[64,225,-1] -> S227 APPEND
R35 T2 GOAL L7 goal-lemmasub p=[64,-1,-1] -> S228 APPEND
R36 T1 FORWARD L5 lemma-apply p=[66,227,-1] -> S229 APPEND
R36 T2 GOAL L7 goal-lemmasub p=[66,-1,-1] -> S230 APPEND
R37 T1 FORWARD L5 lemma-apply p=[68,229,-1] -> S231 APPEND
R37 T2 GOAL L7 goal-lemmasub p=[68,-1,-1] -> S232 APPEND
R38 T1 FORWARD L5 lemma-apply p=[70,231,-1] -> S233 APPEND
R38 T2 GOAL L7 goal-lemmasub p=[70,-1,-1] -> S234 APPEND
R39 T1 FORWARD L5 lemma-apply p=[72,233,-1] -> S235 APPEND
R39 T2 GOAL L7 goal-lemmasub p=[72,-1,-1] -> S236 APPEND
R40 T1 FORWARD L5 lemma-apply p=[74,235,-1] -> S237 APPEND
R40 T2 GOAL L7 goal-lemmasub p=[74,-1,-1] -> S238 APPEND
R41 T1 FORWARD L5 lemma-apply p=[76,237,-1] -> S239 APPEND
R41 T2 GOAL L7 goal-lemmasub p=[76,-1,-1] -> S240 APPEND
R42 T1 FORWARD L5 lemma-apply p=[78,239,-1] -> S241 APPEND
R42 T2 GOAL L7 goal-lemmasub p=[78,-1,-1] -> S242 APPEND
R43 T1 FORWARD L5 lemma-apply p=[80,241,-1] -> S243 APPEND
R43 T2 GOAL L7 goal-lemmasub p=[80,-1,-1] -> S244 APPEND
R44 T1 FORWARD L5 lemma-apply p=[82,243,-1] -> S245 APPEND
R44 T2 GOAL L7 goal-lemmasub p=[82,-1,-1] -> S246 APPEND
R45 T1 FORWARD L5 lemma-apply p=[84,245,-1] -> S247 APPEND
R45 T2 GOAL L7 goal-lemmasub p=[84,-1,-1] -> S248 APPEND
R46 T1 FORWARD L5 lemma-apply p=[86,247,-1] -> S249 APPEND
R46 T2 GOAL L7 goal-lemmasub p=[86,-1,-1] -> S250 APPEND
R47 T1 FORWARD L5 lemma-apply p=[88,249,-1] -> S251 APPEND
R47 T2 GOAL L7 goal-lemmasub p=[88,-1,-1] -> S252 APPEND
R48 T1 FORWARD L5 lemma-apply p=[90,251,-1] -> S253 APPEND
R48 T2 GOAL L7 goal-lemmasub p=[90,-1,-1] -> S254 APPEND
R49 T1 FORWARD L5 lemma-apply p=[92,253,-1] -> S255 APPEND
R49 T2 GOAL L7 goal-lemmasub p=[92,-1,-1] -> S256 APPEND
R50 T1 FORWARD L5 lemma-apply p=[94,255,-1] -> S257 APPEND
R50 T2 GOAL L7 goal-lemmasub p=[94,-1,-1] -> S258 APPEND
R51 T1 FORWARD L5 lemma-apply p=[96,257,-1] -> S259 APPEND
R51 T2 GOAL L7 goal-lemmasub p=[96,-1,-1] -> S260 APPEND
R52 T1 FORWARD L5 lemma-apply p=[98,259,-1] -> S261 APPEND
R52 T2 GOAL L7 goal-lemmasub p=[98,-1,-1] -> S262 APPEND
R53 T1 FORWARD L5 lemma-apply p=[100,261,-1] -> S263 APPEND
R53 T2 GOAL L7 goal-lemmasub p=[100,-1,-1] -> S264 APPEND
R54 T1 FORWARD L5 lemma-apply p=[102,263,-1] -> S265 APPEND
R54 T2 GOAL L7 goal-lemmasub p=[102,-1,-1] -> S266 APPEND
R55 T1 FORWARD L5 lemma-apply p=[104,265,-1] -> S267 APPEND
R55 T2 GOAL L7 goal-lemmasub p=[104,-1,-1] -> S268 APPEND
R56 T1 FORWARD L5 lemma-apply p=[106,267,-1] -> S269 APPEND
R56 T2 GOAL L7 goal-lemmasub p=[106,-1,-1] -> S270 APPEND
R57 T1 FORWARD L5 lemma-apply p=[108,269,-1] -> S271 APPEND
R57 T2 GOAL L7 goal-lemmasub p=[108,-1,-1] -> S272 APPEND
R58 T1 FORWARD L5 lemma-apply p=[110,271,-1] -> S273 APPEND
R58 T2 GOAL L7 goal-lemmasub p=[110,-1,-1] -> S274 APPEND
R59 T1 FORWARD L5 lemma-apply p=[112,273,-1] -> S275 APPEND
R59 T2 GOAL L7 goal-lemmasub p=[112,-1,-1] -> S276 APPEND
R60 T1 FORWARD L5 lemma-apply p=[114,275,-1] -> S277 APPEND
R60 T2 GOAL L7 goal-lemmasub p=[114,-1,-1] -> S278 APPEND
R61 T1 FORWARD L5 lemma-apply p=[116,277,-1] -> S279 APPEND
R61 T2 GOAL L7 goal-lemmasub p=[116,-1,-1] -> S280 APPEND
R62 T1 FORWARD L5 lemma-apply p=[118,279,-1] -> S281 APPEND
R62 T2 GOAL L7 goal-lemmasub p=[118,-1,-1] -> S282 APPEND
R63 T1 FORWARD L5 lemma-apply p=[120,281,-1] -> S283 APPEND
