ST_CELL,B,M2,1,4,S1,500
ST_TARGET,4,4
ST_AUDIT,ORIGIN,0,770,0
ST_QUORUM,0,0,0,0
ST_AUDIT,ORIGIN,1,771,1
ST_AUDIT,ORIGIN,2,772,2
ST_AUDIT,ORIGIN,3,773,3
ST_AUDIT,ORIGIN,4,774,4
ST_AUDIT,ORIGIN,5,770,5
ST_AUDIT,ORIGIN,6,771,6
ST_AUDIT,ORIGIN,7,772,7
ST_AUDIT,ORIGIN,8,773,8
ST_AUDIT,ORIGIN,9,774,9
ST_AUDIT,ORIGIN,10,770,10
ST_AUDIT,ORIGIN,11,771,11
ST_AUDIT,ORIGIN,12,772,12
ST_AUDIT,ORIGIN,13,773,13
ST_AUDIT,ORIGIN,14,774,14
ST_AUDIT,ORIGIN,15,770,15
ST_AUDIT,ORIGIN,16,771,16
ST_AUDIT,ORIGIN,17,772,17
ST_AUDIT,ORIGIN,18,773,18
ST_AUDIT,ORIGIN,19,774,19
ST_AUDIT,ORIGIN,20,770,20
ST_AUDIT,ORIGIN,21,771,21
ST_AUDIT,ORIGIN,22,772,22
ST_AUDIT,ORIGIN,23,773,23
ST_AUDIT,B_SUSPECT,4,0,47
ST_REV,4,49,1781
ST_QUORUM,50,3,2,1
ST_QUORUM,100,5,2,1
ST_QUORUM,150,5,2,1
ST_QUORUM,200,5,2,1
ST_QUORUM,250,4,2,1
ST_QUORUM,300,4,2,1
ST_QUORUM,350,4,2,1
ST_QUORUM,400,5,2,1
ST_QUORUM,450,5,2,1
ST_QUORUM,499,5,2,1
ST_CHECK,refusals,0
ST_CHECK,replay,0
ST_CHECK,provenance,0
ST_SRR,4,0,1
ST_FCR,960,0
ST_TAXONOMY,4,CORRUPTED
ST_TTD_COLLUSION,-1
ST_FREEZE,4,0,0
ST_RECOVERY,-1
ST_REV_LATENCY,-1
ST_DENIAL,0
ST_GENUINE_FLAGGED,0
ST_A6_MAXSTR,-1
ST_GATE_REFUSED,0
ST_B_SUSPECT,1
ST_STR_REFUSED,0
ST_T01_WINDOW,4,36
ST_FP,0,279b1713ecc18d874dc566158fa187dce39f1aca3b717f56ac820981d8bd5b09,5528268
ST_DONE
