ST_CELL,TNC,M2,0,1,S1,500
ST_TARGET,1,1
ST_AUDIT,ORIGIN,0,0,0
ST_QUORUM,0,0,0,0
ST_AUDIT,ORIGIN,1,0,1
ST_AUDIT,ORIGIN,2,0,2
ST_AUDIT,ORIGIN,3,0,3
ST_AUDIT,ORIGIN,4,0,4
ST_AUDIT,ORIGIN,5,0,5
ST_AUDIT,ORIGIN,6,0,6
ST_AUDIT,ORIGIN,7,0,7
ST_AUDIT,ORIGIN,8,0,8
ST_AUDIT,ORIGIN,9,0,9
ST_AUDIT,ORIGIN,10,0,10
ST_AUDIT,ORIGIN,11,0,11
ST_AUDIT,ORIGIN,12,772,12
ST_AUDIT,ORIGIN,13,773,13
ST_AUDIT,ORIGIN,14,774,14
ST_AUDIT,ORIGIN,15,770,15
ST_AUDIT,ORIGIN,16,771,16
ST_AUDIT,ORIGIN,17,772,17
ST_AUDIT,ORIGIN,18,773,18
ST_AUDIT,ORIGIN,19,774,19
ST_AUDIT,ORIGIN,20,770,20
ST_AUDIT,ORIGIN,21,771,21
ST_AUDIT,ORIGIN,22,772,22
ST_AUDIT,ORIGIN,23,773,23
ST_AUDIT,TIER_GRADUATED,0,772,25
ST_AUDIT,TIER_GRADUATED,0,774,25
ST_AUDIT,TIER_GRADUATED,0,771,25
ST_AUDIT,TIER_GRADUATED,1,770,27
ST_AUDIT,TIER_GRADUATED,0,773,28
ST_REV,1,42,1778
ST_REV,1,44,1001
ST_REV,1,45,1778
ST_REV,1,47,1001
ST_REV,1,48,1778
ST_QUORUM,50,2,2,1
ST_REV,1,51,1001
ST_REV,1,52,1778
ST_REV,1,57,1001
ST_REV,1,58,1778
ST_REV,1,62,1001
ST_REV,1,63,1778
ST_REV,1,65,1001
ST_REV,1,66,1778
ST_REV,1,67,1001
ST_REV,1,68,1778
ST_REV,1,72,1001
ST_QUORUM,100,0,0,0
ST_QUORUM,150,0,0,0
ST_QUORUM,200,0,0,0
ST_QUORUM,250,0,0,0
ST_QUORUM,300,0,0,0
ST_QUORUM,350,0,0,0
ST_QUORUM,400,0,0,0
ST_QUORUM,450,0,0,0
ST_QUORUM,499,0,0,0
ST_CHECK,refusals,0
ST_CHECK,replay,0
ST_CHECK,provenance,0
ST_SRR,1,0,1
ST_FCR,380,0
ST_TAXONOMY,1,CORRUPTED
ST_TTD_COLLUSION,-1
ST_FREEZE,1,0,0
ST_RECOVERY,-1
ST_REV_LATENCY,-1
ST_DENIAL,0
ST_GENUINE_FLAGGED,0
ST_A6_MAXSTR,-1
ST_GATE_REFUSED,0
ST_B_SUSPECT,0
ST_STR_REFUSED,0
ST_T01_WINDOW,1,36
ST_FP,0,3fc9e0d86dfb187728bef680084d180e99a5530b2218295ab87f1414b642cc91,5552297
ST_DONE
