ST_CELL,TNC,M2,1,2,S1,500
ST_TARGET,2,2
ST_AUDIT,ORIGIN,0,770,0
ST_QUORUM,0,0,0,0
ST_AUDIT,ORIGIN,1,771,1
ST_AUDIT,ORIGIN,2,772,2
ST_AUDIT,ORIGIN,3,773,3
ST_AUDIT,ORIGIN,4,774,4
ST_AUDIT,ORIGIN,5,770,5
ST_AUDIT,ORIGIN,6,771,6
ST_AUDIT,ORIGIN,7,772,7
ST_AUDIT,ORIGIN,8,773,8
ST_AUDIT,ORIGIN,9,774,9
ST_AUDIT,ORIGIN,10,770,10
ST_AUDIT,ORIGIN,11,771,11
ST_AUDIT,ORIGIN,12,772,12
ST_AUDIT,ORIGIN,13,773,13
ST_AUDIT,ORIGIN,14,774,14
ST_AUDIT,ORIGIN,15,770,15
ST_AUDIT,ORIGIN,16,771,16
ST_AUDIT,ORIGIN,17,772,17
ST_AUDIT,ORIGIN,18,773,18
ST_AUDIT,ORIGIN,19,774,19
ST_AUDIT,ORIGIN,20,770,20
ST_AUDIT,ORIGIN,21,771,21
ST_AUDIT,ORIGIN,22,772,22
ST_AUDIT,ORIGIN,23,773,23
ST_AUDIT,TIER_GRADUATED,0,772,25
ST_AUDIT,TIER_GRADUATED,0,774,25
ST_AUDIT,TIER_GRADUATED,0,771,25
ST_AUDIT,TIER_GRADUATED,1,773,26
ST_AUDIT,TIER_GRADUATED,1,770,26
ST_REV,2,49,1779
ST_QUORUM,50,2,2,1
ST_REV,2,53,1002
ST_REV,2,54,1779
ST_REV,2,59,1002
ST_REV,2,60,1779
ST_REV,2,64,1002
ST_REV,2,65,1779
ST_REV,2,67,1002
ST_REV,2,68,1779
ST_REV,2,69,1002
ST_REV,2,70,1779
ST_REV,2,74,1002
ST_REV,2,75,1779
ST_REV,2,79,1002
ST_AUDIT,STRENGTHEN_REFUSED,2,258,81
ST_QUORUM,100,1,1,1
ST_QUORUM,150,0,0,0
ST_QUORUM,200,0,0,0
ST_QUORUM,250,0,0,0
ST_QUORUM,300,0,0,0
ST_QUORUM,350,0,0,0
ST_QUORUM,400,0,0,0
ST_QUORUM,450,0,0,0
ST_QUORUM,499,0,0,0
ST_CHECK,refusals,0
ST_CHECK,replay,0
ST_CHECK,provenance,0
ST_SRR,2,0,1
ST_FCR,410,0
ST_TAXONOMY,2,CORRUPTED
ST_TTD_COLLUSION,-1
ST_FREEZE,2,0,0
ST_RECOVERY,-1
ST_REV_LATENCY,-1
ST_DENIAL,0
ST_GENUINE_FLAGGED,0
ST_A6_MAXSTR,-1
ST_GATE_REFUSED,0
ST_B_SUSPECT,0
ST_STR_REFUSED,1
ST_T01_WINDOW,2,36
ST_FP,0,355611c002fa1cddf1486ac28264906b21805037a3f4a6ffed2138a3aa5bb006,5549537
ST_DONE
