PROBE=pathological_repetition
stream=ab_period2 len=20000
  unique_spans_2to8,14
  proposal_overflow_events,0
  promoted_seen_ge_5,14
  promoted_seen_ge_100,14
  giant_len_naive_gain_cap_1k,2
  giant_len_naive_gain_cap_100k,7

stream=const_x len=20000
  unique_spans_2to8,7
  proposal_overflow_events,0
  promoted_seen_ge_5,7
  promoted_seen_ge_100,7
  giant_len_naive_gain_cap_1k,2
  giant_len_naive_gain_cap_100k,7

stream=abc_period3_phasejitter len=20000
  unique_spans_2to8,49
  proposal_overflow_events,0
  promoted_seen_ge_5,21
  promoted_seen_ge_100,21
  giant_len_naive_gain_cap_1k,2
  giant_len_naive_gain_cap_100k,7

PROBE_DONE
