RESULT|CONTROL|P1|poison|D1|CXylyl|N0|F50|I8|V0|S
RESULT|CONTROL|P2|poison|D2|C|N0|F0|I8|V0|S
RESULT|CONTROL|P3a|poison|D1|CXylyl|N0|F50|I8|V0|S
RESULT|CONTROL|P3b|poison|D2|C|N0|F0|I8|V0|SQuercus
RESULT|CONTROL|P4|poison|D1|CXylyl|N0|F50|I8|V0|SQuercus
RESULT|CONTROL|P5|poison|D1|CXylyl|N0|F50|I7|V1|SXylyl
RESULT|CONTROL|S1a|sleeper-rev|D1|CZythum|N0|F50|I8|V0|S
RESULT|CONTROL|S1b|sleeper-rev|D2|C|N0|F0|I8|V0|SWattle
RESULT|CONTROL|S2a|sleeper-rev|D2|C|N0|F0|I8|V0|S
RESULT|CONTROL|S2b|sleeper-rev|D2|C|N0|F0|I8|V0|S
RESULT|CONTROL|S3a|sleeper-rev|D2|C|N0|F0|I7|V1|SQuince
RESULT|CONTROL|S3b|sleeper-rev|D2|C|N0|F0|I8|V0|SQuince
RESULT|CONTROL|S4a|sleeper-rev|D2|C|N0|F0|I7|V1|SYarrow
RESULT|CONTROL|S4b|sleeper-rev|D2|C|N0|F0|I8|V0|SYarrow
RESULT|CONTROL|S5a|sleeper-rev|D2|C|N0|F0|I8|V0|S
RESULT|CONTROL|S5b|sleeper-rev|D1|CFig|N0|F50|I8|V0|S
RESULT|CONTROL|L1|ladder|D2|C|N0|F0|I8|V0|S
RESULT|CONTROL|L2|ladder|D2|C|N0|F0|I8|V0|S
RESULT|CONTROL|L3|ladder|D2|C|N0|F0|I8|V0|S
RESULT|CONTROL|L3b|ladder|D2|C|N0|F0|I8|V0|S
RESULT|CONTROL|L4|ladder|D1|CMango|N0|F50|I8|V0|SFig
RESULT|CONTROL|L5|ladder|D2|C|N0|F0|I8|V0|SFig
RESULT|CONTROL|L6|ladder|D2|C|N0|F0|I8|V0|SFig
RESULT|CONTROL|L7|ladder|D1|CMango|N0|F50|I8|V0|S
RESULT|CONTROL|SP1|sockpuppet|D1|CWobble|N0|F50|I8|V0|S
RESULT|CONTROL|SP2|sockpuppet|D2|C|N0|F0|I8|V0|S
RESULT|CONTROL|SP3|sockpuppet|D2|C|N0|F0|I8|V0|SSteady
RESULT|CONTROL|SP4|sockpuppet|D2|C|N0|F0|I8|V0|S
DONE
