LI-QUOTA|battery=H0
TEACH|rc=0
TEACH|VALID|G1-G6 installed exactly once each, G7 rejected
H0-01|FETCH|ok|H0-01-p1|3 sentences
H0-01|FETCH|ok|H0-01-p2|3 sentences
H0-01|QUERY|factual claims about h0 calibration beacon h0 01 supported by these pages
H0-01|WITHHOLD|NO_CORROBORATION|inj=
H0-02|FETCH|ok|H0-02-p1|3 sentences
H0-02|FETCH|ok|H0-02-p2|3 sentences
H0-02|QUERY|factual claims about h0 calibration beacon h0 02 supported by these pages
H0-02|WITHHOLD|NO_CORROBORATION|inj=
H0-03|FETCH|ok|H0-03-p1|3 sentences
H0-03|FETCH|ok|H0-03-p2|3 sentences
H0-03|QUERY|factual claims about h0 calibration beacon h0 03 supported by these pages
H0-03|WITHHOLD|NO_CORROBORATION|inj=
H0-04|FETCH|ok|H0-04-p1|3 sentences
H0-04|FETCH|ok|H0-04-p2|3 sentences
H0-04|QUERY|factual claims about h0 calibration beacon h0 04 supported by these pages
H0-04|WITHHOLD|NO_CORROBORATION|inj=
H0-05|FETCH|ok|H0-05-p1|3 sentences
H0-05|FETCH|ok|H0-05-p2|3 sentences
H0-05|QUERY|factual claims about h0 calibration beacon h0 05 supported by these pages
H0-05|WITHHOLD|NO_CORROBORATION|inj=
H0-06|FETCH|ok|H0-06-p1|3 sentences
H0-06|FETCH|ok|H0-06-p2|3 sentences
H0-06|QUERY|factual claims about h0 calibration beacon h0 06 supported by these pages
H0-06|WITHHOLD|NO_CORROBORATION|inj=
H0-07|FETCH|ok|H0-07-p1|3 sentences
H0-07|FETCH|ok|H0-07-p2|3 sentences
H0-07|QUERY|factual claims about h0 calibration beacon h0 07 supported by these pages
H0-07|WITHHOLD|NO_CORROBORATION|inj=
H0-08|FETCH|ok|H0-08-p1|3 sentences
H0-08|FETCH|ok|H0-08-p2|3 sentences
H0-08|QUERY|factual claims about h0 calibration beacon h0 08 supported by these pages
H0-08|WITHHOLD|NO_CORROBORATION|inj=
H0-09|FETCH|ok|H0-09-p1|3 sentences
H0-09|FETCH|ok|H0-09-p2|3 sentences
H0-09|QUERY|factual claims about h0 calibration beacon h0 09 supported by these pages
H0-09|WITHHOLD|NO_CORROBORATION|inj=
H0-10|FETCH|ok|H0-10-p1|3 sentences
H0-10|FETCH|ok|H0-10-p2|3 sentences
H0-10|QUERY|factual claims about h0 calibration beacon h0 10 supported by these pages
H0-10|WITHHOLD|NO_CORROBORATION|inj=
H0-11|FETCH|ok|H0-11-p1|3 sentences
H0-11|FETCH|ok|H0-11-p2|3 sentences
H0-11|QUERY|factual claims about h0 calibration beacon h0 11 supported by these pages
H0-11|WITHHOLD|NO_CORROBORATION|inj=
H0-12|FETCH|ok|H0-12-p1|3 sentences
H0-12|FETCH|ok|H0-12-p2|3 sentences
H0-12|QUERY|factual claims about h0 calibration beacon h0 12 supported by these pages
H0-12|WITHHOLD|NO_CORROBORATION|inj=
H0-13|FETCH|ok|H0-13-p1|3 sentences
H0-13|FETCH|ok|H0-13-p2|3 sentences
H0-13|QUERY|factual claims about h0 calibration beacon h0 13 supported by these pages
H0-13|WITHHOLD|NO_CORROBORATION|inj=
H0-14|FETCH|ok|H0-14-p1|3 sentences
H0-14|FETCH|ok|H0-14-p2|3 sentences
H0-14|QUERY|factual claims about h0 calibration beacon h0 14 supported by these pages
H0-14|WITHHOLD|NO_CORROBORATION|inj=
H0-15|FETCH|ok|H0-15-p1|3 sentences
H0-15|FETCH|ok|H0-15-p2|3 sentences
H0-15|QUERY|factual claims about h0 calibration beacon h0 15 supported by these pages
H0-15|WITHHOLD|NO_CORROBORATION|inj=
H0-16|FETCH|ok|H0-16-p1|3 sentences
H0-16|FETCH|ok|H0-16-p2|3 sentences
H0-16|QUERY|factual claims about h0 calibration beacon h0 16 supported by these pages
H0-16|WITHHOLD|NO_CORROBORATION|inj=
H0-17|FETCH|ok|H0-17-p1|3 sentences
H0-17|FETCH|ok|H0-17-p2|3 sentences
H0-17|QUERY|factual claims about h0 calibration beacon h0 17 supported by these pages
H0-17|WITHHOLD|NO_CORROBORATION|inj=
H0-18|FETCH|ok|H0-18-p1|3 sentences
H0-18|FETCH|ok|H0-18-p2|3 sentences
H0-18|QUERY|factual claims about h0 calibration beacon h0 18 supported by these pages
H0-18|WITHHOLD|NO_CORROBORATION|inj=
H0-19|FETCH|ok|H0-19-p1|3 sentences
H0-19|FETCH|ok|H0-19-p2|3 sentences
H0-19|QUERY|factual claims about h0 calibration beacon h0 19 supported by these pages
H0-19|WITHHOLD|NO_CORROBORATION|inj=
H0-20|FETCH|ok|H0-20-p1|3 sentences
H0-20|FETCH|ok|H0-20-p2|3 sentences
H0-20|QUERY|factual claims about h0 calibration beacon h0 20 supported by these pages
H0-20|WITHHOLD|NO_CORROBORATION|inj=
H0-01|INSTALL|QUOTA|slot=1|the h0-01 calibration beacon was activated on 2026-09-20.
H0-02|INSTALL|QUOTA|slot=2|the h0-02 reference mass weighs 12 kilograms on the calibration scale.
H0-03|INSTALL|QUOTA|slot=3|the h0-03 sensor array contains 48 active nodes across the test field.
H0-04|INSTALL|QUOTA|slot=4|technicians laid 300 meters of cable for the h0-04 beacon link.
H0-05|INSTALL|QUOTA|slot=5|the h0-05 chamber held a steady temperature of -40 degrees for 6 hours.
SUMMARY|battery=H0|clusters=20|strict_installed=0|withheld=20|quota_installed=5
