SC_RUN slots=14 leg=WEDGE
SC_LEG WEDGE pool=32
CL_CHECK,ck_replay,0,0
CL_CHECK,ck_refusals_clean,0,0
CL_CHECK,ck_core_live,1,1
CL_CHECK,ck_strength_lineage,1,1
CL_CHECK,ck_strength_lineage,1,1
CL_CHECK,ck_strength_lineage,1,1
CL_CHECK,ck_strength_lineage,1,1
CL_CHECK,ck_strength_lineage,1,1
CL_CHECK,ck_strength_lineage,1,1
CL_CHECK,ck_strength_lineage,1,1
CL_CHECK,ck_strength_lineage,1,1
CL_CHECK,ck_strength_lineage,1,1
CL_CHECK,ck_strength_lineage,1,1
CL_CHECK,ck_strength_lineage,1,1
CL_CHECK,ck_strength_lineage,1,1
CL_CHECK,ck_strength_lineage,1,1
CL_CHECK,ck_strength_lineage,1,1
CL_CHECK,ck_strength_lineage,1,1
CL_CHECK,ck_strength_lineage,1,1
CL_CHECK,ck_strength_lineage,1,1
CL_CHECK,ck_strength_lineage,1,1
CL_CHECK,ck_strength_lineage,1,1
CL_CHECK,ck_strength_lineage,1,1
CL_CHECK,ck_strength_lineage,1,1
CL_CHECK,ck_strength_lineage,1,1
CL_CHECK,ck_strength_lineage,1,1
CL_CHECK,ck_strength_lineage,1,1
CL_CHECK,ck_strength_lineage,1,1
CL_CHECK,ck_strength_lineage,1,1
CL_CHECK,ck_strength_lineage,1,1
CL_CHECK,ck_strength_lineage,1,1
CL_CHECK,ck_strength_lineage,1,1
CL_CHECK,ck_strength_lineage,1,1
CL_CHECK,ck_strength_lineage,1,1
CL_CHECK,ck_strength_lineage,1,1
CL_CHECK,ck_strength_lineage,1,1
CL_CHECK,ck_strength_lineage,1,1
CL_CHECK,ck_strength_lineage,1,1
CL_CHECK,ck_strength_lineage,1,1
CL_CHECK,ck_strength_lineage,1,1
CL_CHECK,ck_strength_lineage,1,1
CL_CHECK,ck_strength_lineage,1,1
CL_CHECK,ck_strength_lineage,1,1
CL_CHECK,ck_strength_lineage,1,1
CL_CHECK,ck_strength_lineage,1,1
CL_CHECK,ck_strength_lineage,1,1
CL_CHECK,ck_strength_lineage,1,1
CL_CHECK,ck_strength_lineage,1,1
CL_CHECK,ck_strength_lineage,1,1
CL_CHECK,ck_strength_lineage,1,1
CL_CHECK,ck_strength_lineage,1,1
CL_CHECK,ck_strength_lineage,1,1
CL_CHECK,ck_strength_lineage,1,1
CL_CHECK,ck_strength_lineage,1,1
CL_CHECK,ck_strength_lineage,1,1
CL_CHECK,ck_strength_lineage,1,1
CL_CHECK,ck_strength_lineage,1,1
CL_CHECK,ck_strength_lineage,1,1
CL_CHECK,ck_strength_lineage,1,1
CL_CHECK,ck_strength_lineage,1,1
CL_CHECK,ck_strength_lineage,1,1
CL_CHECK,ck_strength_lineage,1,1
CL_CHECK,ck_strength_lineage,1,1
CL_CHECK,ck_strength_lineage,1,1
CL_CHECK,ck_strength_lineage,1,1
CL_CHECK,ck_strength_lineage,1,1
CL_CHECK,ck_strength_lineage,1,1
CL_CHECK,ck_strength_lineage,1,1
CL_CHECK,ck_strength_lineage,1,1
CL_CHECK,ck_strength_lineage,1,1
CL_CHECK,ck_strength_lineage,1,1
CL_CHECK,ck_strength_lineage,1,1
CL_CHECK,ck_strength_lineage,1,1
CL_CHECK,ck_strength_lineage,1,1
CL_CHECK,ck_strength_lineage,1,1
CL_CHECK,ck_strength_lineage,1,1
CL_CHECK,ck_strength_lineage,1,1
CL_CHECK,ck_strength_lineage,1,1
CL_CHECK,ck_strength_lineage,1,1
CL_CHECK,ck_strength_lineage,1,1
CL_CHECK,ck_strength_lineage,1,1
CL_CHECK,ck_strength_lineage,1,1
CL_CHECK,ck_strength_lineage,1,1
CL_CHECK,ck_strength_lineage,1,1
CL_CHECK,ck_strength_lineage,1,1
CL_CHECK,ck_strength_lineage,1,1
CL_CHECK,ck_strength_lineage,1,1
CL_CHECK,ck_strength_lineage,1,1
CL_CHECK,ck_strength_lineage,1,1
CL_CHECK,ck_strength_lineage,1,1
CL_CHECK,ck_strength_lineage,1,1
CL_CHECK,ck_strength_lineage,1,1
CL_CHECK,ck_strength_lineage,1,1
CL_CHECK,ck_strength_lineage,1,1
CL_CHECK,ck_strength_lineage,1,1
CL_CHECK,ck_strength_lineage,1,1
CL_CHECK,ck_strength_lineage,1,1
CL_CHECK,ck_strength_lineage,1,1
CL_CHECK,ck_strength_lineage,1,1
CL_CHECK,ck_strength_lineage,1,1
CL_CHECK,ck_strength_lineage,1,1
CL_CHECK,ck_strength_lineage,1,1
CL_CHECK,ck_strength_lineage,1,1
CL_CHECK,ck_strength_lineage,1,1
CL_CHECK,ck_strength_lineage,1,1
CL_CHECK,ck_strength_lineage,1,1
CL_CHECK,ck_strength_lineage,1,1
CL_CHECK,ck_strength_lineage,1,1
CL_CHECK,ck_strength_lineage,1,1
CL_CHECK,ck_strength_lineage,1,1
CL_CHECK,ck_strength_lineage,1,1
CL_CHECK,ck_strength_lineage,1,1
CL_CHECK,ck_strength_lineage,1,1
CL_CHECK,ck_strength_lineage,1,1
CL_CHECK,ck_strength_lineage,1,1
CL_CHECK,ck_strength_lineage,1,1
CL_CHECK,ck_strength_lineage,1,1
CL_CHECK,ck_strength_lineage,1,1
CL_CHECK,ck_strength_lineage,1,1
CL_CHECK,ck_strength_lineage,1,1
CL_CHECK,ck_strength_lineage,1,1
CL_CHECK,ck_strength_lineage,1,1
CL_CHECK,ck_strength_lineage,1,1
CL_CHECK,ck_strength_lineage,1,1
CL_CHECK,ck_strength_lineage,1,1
CL_CHECK,ck_strength_lineage,1,1
CL_CHECK,ck_strength_lineage,1,1
CL_CHECK,ck_strength_lineage,1,1
CL_CHECK,ck_strength_lineage,1,1
CL_CHECK,ck_strength_lineage,1,1
CL_CHECK,ck_strength_lineage,1,1
CL_CHECK,ck_strength_lineage,1,1
CL_CHECK,ck_strength_lineage,1,1
CL_CHECK,ck_strength_lineage,1,1
CL_CHECK,ck_strength_lineage,1,1
CL_CHECK,ck_strength_lineage,1,1
CL_CHECK,ck_strength_lineage,1,1
CL_CHECK,ck_strength_lineage,1,1
CL_CHECK,ck_strength_lineage,1,1
CL_CHECK,ck_strength_lineage,1,1
CL_CHECK,ck_strength_lineage,1,1
CL_CHECK,ck_strength_lineage,1,1
CL_CHECK,ck_strength_lineage,1,1
CL_CHECK,ck_strength_lineage,1,1
CL_CHECK,ck_strength_lineage,1,1
CL_CHECK,ck_strength_lineage,1,1
CL_CHECK,ck_strength_lineage,1,1
CL_CHECK,ck_strength_lineage,1,1
CL_CHECK,ck_strength_lineage,1,1
CL_CHECK,ck_strength_lineage,1,1
CL_CHECK,ck_strength_lineage,1,1
CL_CHECK,ck_strength_lineage,1,1
CL_CHECK,ck_strength_lineage,1,1
CL_CHECK,ck_strength_lineage,1,1
CL_CHECK,ck_strength_lineage,1,1
CL_CHECK,ck_strength_lineage,1,1
CL_CHECK,ck_strength_lineage,1,1
CL_CHECK,ck_strength_lineage,1,1
CL_CHECK,ck_strength_lineage,1,1
CL_CHECK,ck_strength_lineage,1,1
CL_CHECK,ck_strength_lineage,1,1
CL_CHECK,ck_strength_lineage,1,1
CL_CHECK,ck_strength_lineage,1,1
CL_CHECK,ck_strength_lineage,1,1
CL_CHECK,ck_strength_lineage,1,1
CL_CHECK,ck_strength_lineage,1,1
CL_CHECK,ck_strength_lineage,1,1
CL_CHECK,ck_strength_lineage,1,1
CL_CHECK,ck_strength_lineage,1,1
CL_CHECK,ck_strength_lineage,1,1
CL_CHECK,ck_strength_lineage,1,1
CL_CHECK,ck_strength_lineage,1,1
CL_CHECK,ck_strength_lineage,1,1
CL_CHECK,ck_strength_lineage,1,1
CL_CHECK,ck_strength_lineage,1,1
CL_CHECK,ck_strength_lineage,1,1
CL_CHECK,ck_strength_lineage,1,1
CL_CHECK,ck_strength_lineage,1,1
CL_CHECK,ck_strength_lineage,1,1
CL_CHECK,ck_strength_lineage,1,1
CL_CHECK,ck_strength_lineage,1,1
CL_CHECK,ck_strength_lineage,1,1
CL_CHECK,ck_strength_lineage,1,1
CL_CHECK,ck_strength_lineage,1,1
CL_CHECK,ck_strength_lineage,1,1
CL_CHECK,ck_strength_lineage,1,1
CL_CHECK,ck_strength_lineage,1,1
CL_CHECK,ck_strength_lineage,1,1
CL_CHECK,ck_strength_lineage,1,1
CL_CHECK,ck_strength_lineage,1,1
CL_CHECK,ck_strength_lineage,1,1
CL_CHECK,ck_strength_lineage,1,1
CL_CHECK,ck_strength_lineage,1,1
CL_CHECK,ck_strength_lineage,1,1
CL_CHECK,ck_strength_lineage,1,1
CL_CHECK,ck_strength_lineage,1,1
CL_CHECK,ck_strength_lineage,1,1
CL_CHECK,ck_strength_lineage,1,1
CL_CHECK,ck_strength_lineage,1,1
CL_CHECK,ck_strength_lineage,1,1
CL_CHECK,ck_strength_lineage,1,1
CL_CHECK,ck_strength_lineage,1,1
CL_CHECK,ck_strength_lineage,1,1
CL_CHECK,ck_strength_lineage,1,1
CL_CHECK,ck_strength_lineage,1,1
CL_CHECK,ck_strength_lineage,1,1
CL_CHECK,ck_strength_lineage,1,1
CL_CHECK,ck_strength_lineage,1,1
CL_CHECK,ck_strength_lineage,1,1
CL_CHECK,ck_strength_lineage,1,1
CL_CHECK,ck_strength_lineage,1,1
CL_CHECK,ck_strength_lineage,1,1
CL_CHECK,ck_strength_lineage,1,1
CL_CHECK,ck_strength_lineage,1,1
CL_CHECK,ck_strength_lineage,1,1
CL_CHECK,ck_strength_lineage,1,1
CL_CHECK,ck_strength_lineage,1,1
CL_CHECK,ck_strength_lineage,1,1
CL_CHECK,ck_strength_lineage,1,1
CL_CHECK,ck_strength_lineage,1,1
CL_CHECK,ck_strength_lineage,1,1
CL_CHECK,ck_strength_lineage,1,1
CL_CHECK,ck_strength_lineage,1,1
CL_CHECK,ck_strength_lineage,1,1
CL_CHECK,ck_strength_lineage,1,1
CL_CHECK,ck_strength_lineage,1,1
CL_CHECK,ck_strength_lineage,1,1
CL_CHECK,ck_strength_lineage,1,1
CL_CHECK,ck_strength_lineage,1,1
CL_CHECK,ck_strength_lineage,1,1
CL_CHECK,ck_strength_lineage,1,1
CL_CHECK,ck_strength_lineage,1,1
CL_CHECK,ck_strength_lineage,1,1
CL_CHECK,ck_strength_lineage,1,1
CL_CHECK,ck_strength_lineage,1,1
CL_CHECK,ck_strength_lineage,1,1
CL_CHECK,ck_strength_lineage,1,1
CL_CHECK,ck_strength_lineage,1,1
CL_CHECK,ck_strength_lineage,1,1
CL_CHECK,ck_strength_lineage,1,1
CL_CHECK,ck_strength_lineage,1,1
CL_CHECK,ck_cite_count,4,4
CL_CHECK,ck_cite_distinct,4,4
CL_CHECK,ck_justify_present,1,1
CL_CHECK,ck_cite_count,4,4
CL_CHECK,ck_cite_distinct,4,4
CL_CHECK,ck_justify_present,1,1
CL_CHECK,ck_cite_count,4,4
CL_CHECK,ck_cite_distinct,4,4
CL_CHECK,ck_justify_present,1,1
CL_CHECK,ck_cite_count,4,4
CL_CHECK,ck_cite_distinct,4,4
CL_CHECK,ck_justify_present,1,1
CL_CHECK,ck_cite_count,4,4
CL_CHECK,ck_cite_distinct,4,4
CL_CHECK,ck_justify_present,1,1
CL_CHECK,ck_cite_count,4,4
CL_CHECK,ck_cite_distinct,4,4
CL_CHECK,ck_justify_present,1,1
CL_CHECK,ck_cite_count,4,4
CL_CHECK,ck_cite_distinct,4,4
CL_CHECK,ck_justify_present,1,1
CL_CHECK,ck_cite_count,4,4
CL_CHECK,ck_cite_distinct,4,4
CL_CHECK,ck_justify_present,1,1
CL_CHECK,ck_cite_count,4,4
CL_CHECK,ck_cite_distinct,4,4
CL_CHECK,ck_justify_present,1,1
CL_CHECK,ck_cite_count,4,4
CL_CHECK,ck_cite_distinct,4,4
CL_CHECK,ck_justify_present,1,1
CL_CHECK,ck_cite_count,4,4
CL_CHECK,ck_cite_distinct,4,4
CL_CHECK,ck_justify_present,1,1
CL_CHECK,ck_cite_count,4,4
CL_CHECK,ck_cite_distinct,4,4
CL_CHECK,ck_justify_present,1,1
CL_CHECK,ck_cite_count,4,4
CL_CHECK,ck_cite_distinct,4,4
CL_CHECK,ck_justify_present,1,1
CL_CHECK,ck_cite_count,4,4
CL_CHECK,ck_cite_distinct,4,4
CL_CHECK,ck_justify_present,1,1
CL_CHECK,ck_cite_count,4,4
CL_CHECK,ck_cite_distinct,4,4
CL_CHECK,ck_justify_present,1,1
CL_CHECK,ck_cite_count,4,4
CL_CHECK,ck_cite_distinct,4,4
CL_CHECK,ck_justify_present,1,1
CL_CHECK,ck_cite_count,4,4
CL_CHECK,ck_cite_distinct,4,4
CL_CHECK,ck_justify_present,1,1
CL_CHECK,ck_cite_count,4,4
CL_CHECK,ck_cite_distinct,4,4
CL_CHECK,ck_justify_present,1,1
CL_CHECK,ck_cite_count,4,4
CL_CHECK,ck_cite_distinct,4,4
CL_CHECK,ck_justify_present,1,1
CL_CHECK,ck_cite_count,4,4
CL_CHECK,ck_cite_distinct,4,4
CL_CHECK,ck_justify_present,1,1
CL_CHECK,ck_cite_count,4,4
CL_CHECK,ck_cite_distinct,4,4
CL_CHECK,ck_justify_present,1,1
CL_CHECK,ck_cite_count,4,4
CL_CHECK,ck_cite_distinct,4,4
CL_CHECK,ck_justify_present,1,1
CL_CHECK,ck_cite_count,4,4
CL_CHECK,ck_cite_distinct,4,4
CL_CHECK,ck_justify_present,1,1
CL_CHECK,ck_cite_count,4,4
CL_CHECK,ck_cite_distinct,4,4
CL_CHECK,ck_justify_present,1,1
CL_CHECK,ck_cite_count,4,4
CL_CHECK,ck_cite_distinct,4,4
CL_CHECK,ck_justify_present,1,1
CL_CHECK,ck_cite_count,4,4
CL_CHECK,ck_cite_distinct,4,4
CL_CHECK,ck_justify_present,1,1
CL_CHECK,ck_cite_count,4,4
CL_CHECK,ck_cite_distinct,4,4
CL_CHECK,ck_justify_present,1,1
CL_CHECK,ck_cite_count,4,4
CL_CHECK,ck_cite_distinct,4,4
CL_CHECK,ck_justify_present,1,1
CL_CHECK,ck_cite_count,4,4
CL_CHECK,ck_cite_distinct,4,4
CL_CHECK,ck_justify_present,1,1
CL_CHECK,ck_cite_count,4,4
CL_CHECK,ck_cite_distinct,4,4
CL_CHECK,ck_justify_present,1,1
CL_CHECK,ck_cite_count,4,4
CL_CHECK,ck_cite_distinct,4,4
CL_CHECK,ck_justify_present,1,1
CL_CHECK,ck_cite_count,4,4
CL_CHECK,ck_cite_distinct,4,4
CL_CHECK,ck_justify_present,1,1
CL_CHECK,ck_cite_count,4,4
CL_CHECK,ck_cite_distinct,4,4
CL_CHECK,ck_justify_present,1,1
CL_CHECK,ck_cite_count,4,4
CL_CHECK,ck_cite_distinct,4,4
CL_CHECK,ck_justify_present,1,1
CL_CHECK,ck_cite_count,4,4
CL_CHECK,ck_cite_distinct,4,4
CL_CHECK,ck_justify_present,1,1
CL_CHECK,ck_cite_count,4,4
CL_CHECK,ck_cite_distinct,4,4
CL_CHECK,ck_justify_present,1,1
CL_CHECK,ck_cite_count,4,4
CL_CHECK,ck_cite_distinct,4,4
CL_CHECK,ck_justify_present,1,1
CL_CHECK,ck_cite_count,4,4
CL_CHECK,ck_cite_distinct,4,4
CL_CHECK,ck_justify_present,1,1
CL_CHECK,ck_cite_count,4,4
CL_CHECK,ck_cite_distinct,4,4
CL_CHECK,ck_justify_present,1,1
CL_CHECK,ck_cite_count,4,4
CL_CHECK,ck_cite_distinct,4,4
CL_CHECK,ck_justify_present,1,1
CL_CHECK,ck_cite_count,4,4
CL_CHECK,ck_cite_distinct,4,4
CL_CHECK,ck_justify_present,1,1
CL_CHECK,ck_cite_count,4,4
CL_CHECK,ck_cite_distinct,4,4
CL_CHECK,ck_justify_present,1,1
CL_CHECK,ck_cite_count,4,4
CL_CHECK,ck_cite_distinct,4,4
CL_CHECK,ck_justify_present,1,1
CL_CHECK,ck_cite_count,4,4
CL_CHECK,ck_cite_distinct,4,4
CL_CHECK,ck_justify_present,1,1
CL_CHECK,ck_cite_count,4,4
CL_CHECK,ck_cite_distinct,4,4
CL_CHECK,ck_justify_present,1,1
CL_CHECK,ck_cite_count,4,4
CL_CHECK,ck_cite_distinct,4,4
CL_CHECK,ck_justify_present,1,1
CL_CHECK,ck_cite_count,4,4
CL_CHECK,ck_cite_distinct,4,4
CL_CHECK,ck_justify_present,1,1
CL_CHECK,ck_cite_count,4,4
CL_CHECK,ck_cite_distinct,4,4
CL_CHECK,ck_justify_present,1,1
CL_CHECK,ck_cite_count,4,4
CL_CHECK,ck_cite_distinct,4,4
CL_CHECK,ck_justify_present,1,1
CL_CHECK,ck_cite_count,4,4
CL_CHECK,ck_cite_distinct,4,4
CL_CHECK,ck_justify_present,1,1
CL_CHECK,ck_cite_count,4,4
CL_CHECK,ck_cite_distinct,4,4
CL_CHECK,ck_justify_present,1,1
CL_CHECK,ck_cite_count,4,4
CL_CHECK,ck_cite_distinct,4,4
CL_CHECK,ck_justify_present,1,1
CL_CHECK,ck_cite_count,4,4
CL_CHECK,ck_cite_distinct,4,4
CL_CHECK,ck_justify_present,1,1
CL_CHECK,ck_cite_count,4,4
CL_CHECK,ck_cite_distinct,4,4
CL_CHECK,ck_justify_present,1,1
CL_CHECK,ck_cite_count,4,4
CL_CHECK,ck_cite_distinct,4,4
CL_CHECK,ck_justify_present,1,1
CL_CHECK,ck_cite_count,4,4
CL_CHECK,ck_cite_distinct,4,4
CL_CHECK,ck_justify_present,1,1
CL_CHECK,ck_cite_count,4,4
CL_CHECK,ck_cite_distinct,4,4
CL_CHECK,ck_justify_present,1,1
CL_CHECK,ck_cite_count,4,4
CL_CHECK,ck_cite_distinct,4,4
CL_CHECK,ck_justify_present,1,1
CL_CHECK,ck_cite_count,4,4
CL_CHECK,ck_cite_distinct,4,4
CL_CHECK,ck_justify_present,1,1
CL_CHECK,ck_cite_count,4,4
CL_CHECK,ck_cite_distinct,4,4
CL_CHECK,ck_justify_present,1,1
CL_CHECK,ck_cite_count,4,4
CL_CHECK,ck_cite_distinct,4,4
CL_CHECK,ck_justify_present,1,1
CL_CHECK,ck_cite_count,4,4
CL_CHECK,ck_cite_distinct,4,4
CL_CHECK,ck_justify_present,1,1
CL_CHECK,ck_cite_count,4,4
CL_CHECK,ck_cite_distinct,4,4
CL_CHECK,ck_justify_present,1,1
CL_CHECK,ck_cite_count,4,4
CL_CHECK,ck_cite_distinct,4,4
CL_CHECK,ck_justify_present,1,1
CL_CHECK,ck_cite_count,4,4
CL_CHECK,ck_cite_distinct,4,4
CL_CHECK,ck_justify_present,1,1
CL_CHECK,ck_cite_count,4,4
CL_CHECK,ck_cite_distinct,4,4
CL_CHECK,ck_justify_present,1,1
CL_CHECK,ck_cite_count,4,4
CL_CHECK,ck_cite_distinct,4,4
CL_CHECK,ck_justify_present,1,1
CL_CHECK,ck_cite_count,4,4
CL_CHECK,ck_cite_distinct,4,4
CL_CHECK,ck_justify_present,1,1
CL_CHECK,ck_cite_count,4,4
CL_CHECK,ck_cite_distinct,4,4
CL_CHECK,ck_justify_present,1,1
CL_CHECK,ck_cite_count,4,4
CL_CHECK,ck_cite_distinct,4,4
CL_CHECK,ck_justify_present,1,1
CL_CHECK,ck_cite_count,4,4
CL_CHECK,ck_cite_distinct,4,4
CL_CHECK,ck_justify_present,1,1
CL_CHECK,ck_cite_count,4,4
CL_CHECK,ck_cite_distinct,4,4
CL_CHECK,ck_justify_present,1,1
CL_CHECK,ck_cite_count,4,4
CL_CHECK,ck_cite_distinct,4,4
CL_CHECK,ck_justify_present,1,1
CL_CHECK,ck_cite_count,4,4
CL_CHECK,ck_cite_distinct,4,4
CL_CHECK,ck_justify_present,1,1
CL_CHECK,ck_cite_count,4,4
CL_CHECK,ck_cite_distinct,4,4
CL_CHECK,ck_justify_present,1,1
CL_CHECK,ck_cite_count,4,4
CL_CHECK,ck_cite_distinct,4,4
CL_CHECK,ck_justify_present,1,1
CL_CHECK,ck_cite_count,4,4
CL_CHECK,ck_cite_distinct,4,4
CL_CHECK,ck_justify_present,1,1
CL_CHECK,ck_cite_count,4,4
CL_CHECK,ck_cite_distinct,4,4
CL_CHECK,ck_justify_present,1,1
CL_CHECK,ck_cite_count,4,4
CL_CHECK,ck_cite_distinct,4,4
CL_CHECK,ck_justify_present,1,1
CL_CHECK,ck_cite_count,4,4
CL_CHECK,ck_cite_distinct,4,4
CL_CHECK,ck_justify_present,1,1
CL_CHECK,ck_cite_count,4,4
CL_CHECK,ck_cite_distinct,4,4
CL_CHECK,ck_justify_present,1,1
CL_CHECK,ck_cite_count,4,4
CL_CHECK,ck_cite_distinct,4,4
CL_CHECK,ck_justify_present,1,1
CL_CHECK,ck_cite_count,4,4
CL_CHECK,ck_cite_distinct,4,4
CL_CHECK,ck_justify_present,1,1
CL_CHECK,ck_cite_count,4,4
CL_CHECK,ck_cite_distinct,4,4
CL_CHECK,ck_justify_present,1,1
CL_CHECK,ck_cite_count,4,4
CL_CHECK,ck_cite_distinct,4,4
CL_CHECK,ck_justify_present,1,1
CL_CHECK,ck_cite_count,4,4
CL_CHECK,ck_cite_distinct,4,4
CL_CHECK,ck_justify_present,1,1
CL_CHECK,ck_cite_count,4,4
CL_CHECK,ck_cite_distinct,4,4
CL_CHECK,ck_justify_present,1,1
CL_CHECK,ck_cite_count,4,4
CL_CHECK,ck_cite_distinct,4,4
CL_CHECK,ck_justify_present,1,1
CL_CHECK,ck_cite_count,4,4
CL_CHECK,ck_cite_distinct,4,4
CL_CHECK,ck_justify_present,1,1
CL_CHECK,ck_cite_count,4,4
CL_CHECK,ck_cite_distinct,4,4
CL_CHECK,ck_justify_present,1,1
CL_CHECK,ck_cite_count,4,4
CL_CHECK,ck_cite_distinct,4,4
CL_CHECK,ck_justify_present,1,1
CL_CHECK,ck_cite_count,4,4
CL_CHECK,ck_cite_distinct,4,4
CL_CHECK,ck_justify_present,1,1
CL_CHECK,ck_cite_count,4,4
CL_CHECK,ck_cite_distinct,4,4
CL_CHECK,ck_justify_present,1,1
CL_CHECK,ck_cite_count,4,4
CL_CHECK,ck_cite_distinct,4,4
CL_CHECK,ck_justify_present,1,1
CL_CHECK,ck_cite_count,4,4
CL_CHECK,ck_cite_distinct,4,4
CL_CHECK,ck_justify_present,1,1
CL_CHECK,ck_cite_count,4,4
CL_CHECK,ck_cite_distinct,4,4
CL_CHECK,ck_justify_present,1,1
CL_CHECK,ck_cite_count,4,4
CL_CHECK,ck_cite_distinct,4,4
CL_CHECK,ck_justify_present,1,1
CL_CHECK,ck_cite_count,4,4
CL_CHECK,ck_cite_distinct,4,4
CL_CHECK,ck_justify_present,1,1
CL_CHECK,ck_cite_count,4,4
CL_CHECK,ck_cite_distinct,4,4
CL_CHECK,ck_justify_present,1,1
CL_CHECK,ck_cite_count,4,4
CL_CHECK,ck_cite_distinct,4,4
CL_CHECK,ck_justify_present,1,1
CL_CHECK,ck_cite_count,4,4
CL_CHECK,ck_cite_distinct,4,4
CL_CHECK,ck_justify_present,1,1
CL_CHECK,ck_cite_count,4,4
CL_CHECK,ck_cite_distinct,4,4
CL_CHECK,ck_justify_present,1,1
CL_CHECK,ck_cite_count,4,4
CL_CHECK,ck_cite_distinct,4,4
CL_CHECK,ck_justify_present,1,1
CL_CHECK,ck_cite_count,4,4
CL_CHECK,ck_cite_distinct,4,4
CL_CHECK,ck_justify_present,1,1
CL_CHECK,ck_cite_count,4,4
CL_CHECK,ck_cite_distinct,4,4
CL_CHECK,ck_justify_present,1,1
CL_CHECK,ck_cite_count,4,4
CL_CHECK,ck_cite_distinct,4,4
CL_CHECK,ck_justify_present,1,1
CL_CHECK,ck_cite_count,4,4
CL_CHECK,ck_cite_distinct,4,4
CL_CHECK,ck_justify_present,1,1
CL_CHECK,ck_cite_count,4,4
CL_CHECK,ck_cite_distinct,4,4
CL_CHECK,ck_justify_present,1,1
CL_CHECK,ck_cite_count,4,4
CL_CHECK,ck_cite_distinct,4,4
CL_CHECK,ck_justify_present,1,1
CL_CHECK,ck_cite_count,4,4
CL_CHECK,ck_cite_distinct,4,4
CL_CHECK,ck_justify_present,1,1
CL_CHECK,ck_cite_count,4,4
CL_CHECK,ck_cite_distinct,4,4
CL_CHECK,ck_justify_present,1,1
CL_CHECK,ck_cite_count,4,4
CL_CHECK,ck_cite_distinct,4,4
CL_CHECK,ck_justify_present,1,1
CL_CHECK,ck_no_bad_kill,0,0
CL_CHECK,ck_no_bad_forcepin,0,0
CL_CHECK,ck_no_bad_code,0,0
CL_CHECK,ck_no_bad_role,0,0
CL_CHECK,ck_no_bad_pexp,0,0
CL_CHECK,ck_no_bad_recycle,0,0
SC_WEDGE slots=14 pool=32 ok=112 c121=14 cother=0 first121=8 wedge_iter=126 audit_n=886 ckfail=0 fp=-290111299
SC_DONE fail=0
