### r1 reverse this string
PLAN family=E-STRREV famscore=2
PLAN support=L-STRING,L-STRCMP,A-TWO-POINTER,I-PRINT-I64
PLAN digest=a92e1031d460dbd9
### r2 invert the order of characters
PLAN family=E-STRREV famscore=2
PLAN support=A-SORT-INSERT,S-ENDIAN,E-STRCOUNT,E-SORT
PLAN digest=a92e1031d460dbd9
### r3 reverse a string
PLAN family=E-STRREV famscore=2
PLAN support=L-STRING,L-STRCMP,A-TWO-POINTER,I-PRINT-I64
PLAN digest=a92e1031d460dbd9
### c1 count occurrences of a byte in a string|byte=97
PLAN family=E-STRCOUNT famscore=3
PLAN support=L-STRING,L-STRCMP,S-ENDIAN,I-S-EQ
PLAN digest=a92e1031d460dbd9
### c2 count how many times a character appears|byte=32
PLAN family=E-STRCOUNT famscore=2
PLAN support=E-FILEREAD
PLAN digest=a92e1031d460dbd9
### c3 frequency of a byte value|byte=122
PLAN family=E-STRCOUNT famscore=2
PLAN support=L-STRUCT,S-ENDIAN,I-S-EQ,I-SPEC-KV
PLAN digest=a92e1031d460dbd9
### s1 sum a list of integers
PLAN family=E-ARRAYSUM famscore=2
PLAN support=L-TYPES
PLAN digest=a92e1031d460dbd9
### s2 add up all the numbers
PLAN family=E-ARRAYSUM famscore=1
PLAN support=L-SYSCALL-NUMS
PLAN digest=a92e1031d460dbd9
### s3 compute the total of integer arguments
PLAN family=E-ARRAYSUM famscore=1
PLAN support=L-TYPES,L-ARGC,L-ZARG-OWN,I-ARGV-LOOP
PLAN digest=a92e1031d460dbd9
### m1 map each element with a linear transform|a=2|b=1
PLAN family=E-ARRAYMAP famscore=3
PLAN support=L-SLICE,A-HASHMAP
PLAN digest=a92e1031d460dbd9
### m2 apply an affine map to every input|a=0|b=7
PLAN family=E-ARRAYMAP famscore=2
PLAN support=A-HASHMAP
PLAN digest=a92e1031d460dbd9
### m3 scale and shift each value|a=-2|b=10
PLAN family=E-ARRAYMAP famscore=1
PLAN support=L-STRUCT,L-SHIFT-EXPR,L-MUL-POW2,I-SPEC-KV
PLAN digest=a92e1031d460dbd9
### o1 sort numbers ascending with insertion sort
PLAN family=E-SORT famscore=3
PLAN support=L-SYSCALL-NUMS,A-SORT-INSERT
PLAN digest=a92e1031d460dbd9
### o2 order integers from smallest to largest
PLAN family=E-STRREV famscore=1
PLAN support=L-TYPES,L-SLICE-LIMIT,L-ARGC,L-ZARG-OWN
PLAN digest=a92e1031d460dbd9
### o3 rank these values in ascending order
PLAN family=E-SORT famscore=3
PLAN support=L-STRUCT,A-SORT-INSERT,S-ENDIAN,I-SPEC-KV
PLAN digest=a92e1031d460dbd9
### h1 compute the fnv hash digest of a string
PLAN family=E-HASH famscore=3
PLAN support=L-STRING,L-STRCMP,L-FN-FORM,A-HASHMAP
PLAN digest=a92e1031d460dbd9
### h2 fowler-noll-vo hash checksum
PLAN family=E-HASH famscore=3
PLAN support=A-HASHMAP,A-FNV,E-ARRAYSUM
PLAN digest=a92e1031d460dbd9
### h3 digest this text with fnv
PLAN family=E-HASH famscore=2
PLAN support=L-FN-FORM,A-FNV,I-EMIT-MAIN
PLAN digest=a92e1031d460dbd9
### w1 write bytes to a file, save content to disk
PLAN family=E-FILEWRITE famscore=3
PLAN support=L-STRUCT-SLICE16,L-SYSCALL-NUMS,S-FD,S-FILE-LIFECYCLE
PLAN digest=a92e1031d460dbd9
### w2 persist a string into a file
PLAN family=E-FILEWRITE famscore=2
PLAN support=L-STRING,L-STRCMP,S-FD,S-FILE-LIFECYCLE
PLAN digest=a92e1031d460dbd9
### w3 store content in a new file
PLAN family=E-FILEWRITE famscore=2
PLAN support=S-FD,S-FILE-LIFECYCLE,E-FILEREAD
PLAN digest=a92e1031d460dbd9
### f1 read a file and count its bytes
PLAN family=E-FILEREAD famscore=4
PLAN support=L-STRUCT-SLICE16,L-SYSCALL-NUMS,S-FD,S-FILE-LIFECYCLE
PLAN digest=a92e1031d460dbd9
### f2 load file contents and report size
PLAN family=E-FILEREAD famscore=2
PLAN support=L-STRUCT-SLICE16,S-FD,S-FILE-LIFECYCLE,E-FILEWRITE
PLAN digest=a92e1031d460dbd9
### f3 count bytes in a file
PLAN family=E-FILEREAD famscore=3
PLAN support=L-STRUCT-SLICE16,S-FD,S-FILE-LIFECYCLE,S-ENDIAN
PLAN digest=a92e1031d460dbd9
