nrel = 4222
key 0 n=0 k=0 cstar=500 delta=[0, 0, 0, 0, 0, 0] nall=[0, 0, 0, 0, 0, 0]
key 1 n=0 k=0 cstar=500 delta=[0, 0, 0, 0, 0, 0] nall=[0, 0, 0, 0, 0, 0]
key 2 n=0 k=0 cstar=500 delta=[0, 0, 0, 0, 0, 0] nall=[0, 0, 0, 0, 0, 0]
key 3 n=150 k=4 cstar=32 delta=[3, 40, 40, -5, -14, 0] nall=[150, 103, 18, 6, 4, 2]
key 4 n=0 k=0 cstar=500 delta=[0, 0, 0, 0, 0, 0] nall=[0, 0, 0, 0, 0, 0]
key 5 n=0 k=0 cstar=500 delta=[0, 0, 0, 0, 0, 0] nall=[0, 0, 0, 0, 0, 0]
key 6 n=0 k=0 cstar=500 delta=[0, 0, 0, 0, 0, 0] nall=[0, 0, 0, 0, 0, 0]
key 7 n=17 k=9 cstar=526 delta=[-3, -23, 9, -10, -18, 0] nall=[17, 17, 16, 12, 8, 4]
key 8 n=0 k=0 cstar=500 delta=[0, 0, 0, 0, 0, 0] nall=[0, 0, 0, 0, 0, 0]
key 9 n=0 k=0 cstar=500 delta=[0, 0, 0, 0, 0, 0] nall=[0, 0, 0, 0, 0, 0]
key 10 n=5 k=5 cstar=857 delta=[-3, -3, -3, -3, -3, -3] nall=[5, 5, 5, 5, 5, 5]
key 11 n=517 k=509 cstar=982 delta=[-3, -3, 1, 1, -2, 0] nall=[517, 517, 517, 512, 8, 4]
key 12 n=0 k=0 cstar=500 delta=[0, 0, 0, 0, 0, 0] nall=[0, 0, 0, 0, 0, 0]
key 13 n=0 k=0 cstar=500 delta=[0, 0, 0, 0, 0, 0] nall=[0, 0, 0, 0, 0, 0]
key 14 n=0 k=0 cstar=500 delta=[0, 0, 0, 0, 0, 0] nall=[0, 0, 0, 0, 0, 0]
key 15 n=180 k=180 cstar=994 delta=[-3, -3, -3, -3, 0, 0] nall=[180, 180, 180, 180, 0, 0]
key 16 n=70 k=70 cstar=986 delta=[-3, -3, -3, -3, 0, 0] nall=[70, 70, 70, 70, 0, 0]
key 17 n=0 k=0 cstar=500 delta=[0, 0, 0, 0, 0, 0] nall=[0, 0, 0, 0, 0, 0]
key 18 n=1 k=0 cstar=333 delta=[-3, -3, -3, -3, 0, 0] nall=[1, 1, 1, 1, 0, 0]
key 19 n=0 k=0 cstar=500 delta=[0, 0, 0, 0, 0, 0] nall=[0, 0, 0, 0, 0, 0]
