MUSE_CORPUS,6fbbfdb6c87d419de69921f9a0f709b908024f9e0bed7c15fc9671517e67ac62
CL_CHECK,mc_teacher_teach_eps,232,232
CL_CHECK,mc_teacher_taught_slots,232,232
CL_CHECK,mc_teacher_disconnects,6,6
CL_CHECK,mc_teacher_learn_gate,0,0
MUSEC_TEACH,232,0,12,232
MUSEC_TEACH_DIGEST,662b684f48732dc11a62b6c88657d982af787af15cc0bb6bea3101d913a49905
CL_CHECK,mc_teacher_holds_curriculum,0,0
CL_CHECK,mc_learner_t0_empty_n,0,0
CL_CHECK,mc_learner_t0_audit_empty,1,1
CL_CHECK,mc_scaffold_placed,24,24
CL_CHECK,mc_scaffold_added,8,8
CL_CHECK,mc_disconnect_audited,1,1
CL_CHECK,mc_slice_stim_placed,72,72
CL_CHECK,mc_slice_emit_ok,0,0
CL_CHECK,mc_slice_teacher_blocked,0,0
CL_CHECK,mc_slice_manifest_n,12,12
CL_CHECK,mc_slice_tripwire_fired,0,0
CL_CHECK,mc_slice_manifest_init,0,0
CL_CHECK,mc_slice_leak,0,0
CL_CHECK,mc_slice_hnm12,12,12
MUSEC_SLICE,0,12,0,0,120,1,20,24,0
CL_CHECK,mc_slice_stim_placed,72,72
CL_CHECK,mc_slice_emit_ok,0,0
CL_CHECK,mc_slice_teacher_blocked,0,0
CL_CHECK,mc_slice_manifest_n,12,12
CL_CHECK,mc_slice_tripwire_fired,0,0
CL_CHECK,mc_slice_manifest_init,0,0
CL_CHECK,mc_slice_leak,0,0
CL_CHECK,mc_slice_hnm12,12,12
MUSEC_SLICE,1,12,0,0,120,1,20,24,0
CL_CHECK,mc_slice_stim_placed,72,72
CL_CHECK,mc_slice_emit_ok,0,0
CL_CHECK,mc_slice_teacher_blocked,0,0
CL_CHECK,mc_slice_manifest_n,12,12
CL_CHECK,mc_slice_tripwire_fired,0,0
CL_CHECK,mc_slice_manifest_init,0,0
CL_CHECK,mc_slice_leak,0,0
CL_CHECK,mc_slice_hnm12,12,12
MUSEC_SLICE,2,12,0,0,120,1,20,24,0
CL_CHECK,mc_slice_stim_placed,72,72
CL_CHECK,mc_slice_emit_ok,0,0
CL_CHECK,mc_slice_teacher_blocked,0,0
CL_CHECK,mc_slice_manifest_n,12,12
CL_CHECK,mc_slice_tripwire_fired,0,0
CL_CHECK,mc_slice_manifest_init,0,0
CL_CHECK,mc_slice_leak,0,0
CL_CHECK,mc_slice_hnm12,12,12
MUSEC_SLICE,3,12,0,0,120,1,20,24,0
CL_CHECK,mc_slice_stim_placed,72,72
CL_CHECK,mc_slice_emit_ok,0,0
CL_CHECK,mc_slice_teacher_blocked,0,0
CL_CHECK,mc_slice_manifest_n,12,12
CL_CHECK,mc_slice_tripwire_fired,0,0
CL_CHECK,mc_slice_manifest_init,0,0
CL_CHECK,mc_slice_leak,0,0
CL_CHECK,mc_slice_hnm12,12,12
MUSEC_SLICE,4,12,0,0,120,1,20,24,0
CL_CHECK,mc_slice_stim_placed,72,72
CL_CHECK,mc_slice_emit_ok,0,0
CL_CHECK,mc_slice_teacher_blocked,0,0
CL_CHECK,mc_slice_manifest_n,12,12
CL_CHECK,mc_slice_tripwire_fired,0,0
CL_CHECK,mc_slice_manifest_init,0,0
CL_CHECK,mc_slice_leak,0,0
CL_CHECK,mc_slice_hnm12,12,12
MUSEC_SLICE,5,12,0,0,120,1,20,24,0
CL_CHECK,mc_slice_stim_placed,72,72
CL_CHECK,mc_slice_emit_ok,0,0
CL_CHECK,mc_slice_teacher_blocked,0,0
CL_CHECK,mc_slice_manifest_n,12,12
CL_CHECK,mc_slice_tripwire_fired,0,0
CL_CHECK,mc_slice_manifest_init,0,0
CL_CHECK,mc_slice_leak,0,0
CL_CHECK,mc_slice_hnm12,12,12
MUSEC_SLICE,6,12,0,0,120,1,20,24,0
CL_CHECK,mc_slice_stim_placed,72,72
CL_CHECK,mc_slice_emit_ok,0,0
CL_CHECK,mc_slice_teacher_blocked,0,0
CL_CHECK,mc_slice_manifest_n,12,12
CL_CHECK,mc_slice_tripwire_fired,0,0
CL_CHECK,mc_slice_manifest_init,0,0
CL_CHECK,mc_slice_leak,0,0
CL_CHECK,mc_slice_hnm12,12,12
MUSEC_SLICE,7,12,0,0,120,1,20,24,0
CL_CHECK,mc_final_mastery_192,192,192
CL_CHECK,mc_teacher_blocked_total,0,0
MUSEC_RUN,96,8,160,192,0
MUSEC_DIGEST,learner,f851a4db18a53e47d2b47cc2d76415508e01dabfd10675da9103aa7226dfbbfe
MUSEC_DIGEST,teacher,662b684f48732dc11a62b6c88657d982af787af15cc0bb6bea3101d913a49905
MUSEC_COMPLETE
