znc: warning: zagd unavailable; foreground compilation continues without background planning
warning[A0102]: ignored return value of `w_act` — result is discarded
  --> docs/lab/research-lead/overnight-20260928/revise_sealed/run_sealed_abl_c.zag:152
   = note: in function `F3_probe`: this function returns a non-void value that is discarded
   = hint: bind the result to a `let` and use it, or add `// znc:allow A0102` to suppress
warning[A0102]: ignored return value of `w_act` — result is discarded
  --> docs/lab/research-lead/overnight-20260928/revise_sealed/run_sealed_abl_c.zag:152
   = note: in function `F3_probe`: this function returns a non-void value that is discarded
   = hint: bind the result to a `let` and use it, or add `// znc:allow A0102` to suppress
warning[A0102]: ignored return value of `w_act` — result is discarded
  --> docs/lab/research-lead/overnight-20260928/revise_sealed/run_sealed_abl_c.zag:152
   = note: in function `F3_probe`: this function returns a non-void value that is discarded
   = hint: bind the result to a `let` and use it, or add `// znc:allow A0102` to suppress
warning[A0102]: ignored return value of `w_act` — result is discarded
  --> docs/lab/research-lead/overnight-20260928/revise_sealed/run_sealed_abl_c.zag:152
   = note: in function `F3_probe`: this function returns a non-void value that is discarded
   = hint: bind the result to a `let` and use it, or add `// znc:allow A0102` to suppress
warning[A0101]: off-by-one: `d <= N` with indexing — accesses one past the end
  --> docs/lab/research-lead/overnight-20260928/revise_sealed/run_sealed_abl_c.zag:224
   = note: in function `F3_prop`: when d == N, the index is out of bounds
   = hint: change `<=` to `<` (or `>=` to `>`), or ensure the array has N+1 elements
warning[A0101]: off-by-one: `t <= N` with indexing — accesses one past the end
  --> docs/lab/research-lead/overnight-20260928/revise_sealed/run_sealed_abl_c.zag:224
   = note: in function `F3_prop`: when t == N, the index is out of bounds
   = hint: change `<=` to `<` (or `>=` to `>`), or ensure the array has N+1 elements
warning[A0101]: off-by-one: `t <= N` with indexing — accesses one past the end
  --> docs/lab/research-lead/overnight-20260928/revise_sealed/run_sealed_abl_c.zag:224
   = note: in function `F3_prop`: when t == N, the index is out of bounds
   = hint: change `<=` to `<` (or `>=` to `>`), or ensure the array has N+1 elements
warning[B0103]: unused local `nlit` is never read
  --> docs/lab/research-lead/overnight-20260928/revise_sealed/run_sealed_abl_c.zag:315
   = note: in function `F3_grow_search`: the variable is assigned but never used
   = hint: remove the binding, or prefix the name with `_` to indicate intentional discard
warning[A0101]: off-by-one: `d <= N` with indexing — accesses one past the end
  --> docs/lab/research-lead/overnight-20260928/revise_sealed/run_sealed_abl_c.zag:629
   = note: in function `L_plan_b2_dnf`: when d == N, the index is out of bounds
   = hint: change `<=` to `<` (or `>=` to `>`), or ensure the array has N+1 elements
warning[A0101]: off-by-one: `d <= N` with indexing — accesses one past the end
  --> docs/lab/research-lead/overnight-20260928/revise_sealed/run_sealed_abl_c.zag:737
   = note: in function `F3_find_trial`: when d == N, the index is out of bounds
   = hint: change `<=` to `<` (or `>=` to `>`), or ensure the array has N+1 elements
warning[B0103]: unused local `obsk_run` is never read
  --> docs/lab/research-lead/overnight-20260928/revise_sealed/run_sealed_abl_c.zag:794
   = note: in function `L_run`: the variable is assigned but never used
   = hint: remove the binding, or prefix the name with `_` to indicate intentional discard
warning[A0102]: ignored return value of `F3_alphabet` — result is discarded
  --> docs/lab/research-lead/overnight-20260928/revise_sealed/run_sealed_abl_c.zag:794
   = note: in function `L_run`: this function returns a non-void value that is discarded
   = hint: bind the result to a `let` and use it, or add `// znc:allow A0102` to suppress
warning[A0102]: ignored return value of `w_act` — result is discarded
  --> docs/lab/research-lead/overnight-20260928/revise_sealed/run_sealed_abl_c.zag:794
   = note: in function `L_run`: this function returns a non-void value that is discarded
   = hint: bind the result to a `let` and use it, or add `// znc:allow A0102` to suppress
warning[A0102]: ignored return value of `w_act` — result is discarded
  --> docs/lab/research-lead/overnight-20260928/revise_sealed/run_sealed_abl_c.zag:794
   = note: in function `L_run`: this function returns a non-void value that is discarded
   = hint: bind the result to a `let` and use it, or add `// znc:allow A0102` to suppress
warning[E0102]: multiplying by 0 is always 0
  --> docs/lab/research-lead/overnight-20260928/revise_sealed/run_sealed_abl_c.zag:1335
   = note: in function `w_act`: this product computes a constant 0
   = hint: replace the expression with `0`
warning[E0101]: multiplying by 1 has no effect
  --> docs/lab/research-lead/overnight-20260928/revise_sealed/run_sealed_abl_c.zag:1335
   = note: in function `w_act`: this product always returns the other operand unchanged
   = hint: remove the `* 1`
warning[E0102]: multiplying by 0 is always 0
  --> docs/lab/research-lead/overnight-20260928/revise_sealed/run_sealed_abl_c.zag:1362
   = note: in function `w_passive`: this product computes a constant 0
   = hint: replace the expression with `0`
warning[E0101]: multiplying by 1 has no effect
  --> docs/lab/research-lead/overnight-20260928/revise_sealed/run_sealed_abl_c.zag:1362
   = note: in function `w_passive`: this product always returns the other operand unchanged
   = hint: remove the `* 1`
znc: analyzer found 18 issue(s) (warnings above; use --analyze-strict to fail the build, --no-analyze to silence)
