BIND,M2,rep,9,scale,1,start
DOMAIN_HASH,M2,13a3f38502984079d20b8723eb36dfd3c2f2bef28711a68c01d5ac9c35de1740
CORPUS_SHA256,M2,41aa8f5be15f778034cfce63250233468d364f52b318a02f63a87ac7459015d7
CL_CHECK,overflow,0,0
CL_CHECK,e90_reached,1,1
RESULT,M2,9,1,d1,40,40
RESULT,M2,9,1,d2,33,33
RESULT,M2,9,1,d3,120,120
RESULT,M2,9,1,rev_false,12,12
RESULT,M2,9,1,rev_genuine,20,20
RESULT,M2,9,1,r2,40,40
RESULT,M2,9,1,r3,40,40
RESULT,M2,9,1,e90,210,1
RESULT,M2,9,1,withheld,0,1
RESULT,M2,9,1,hallu,0,20
RESULT,M2,9,1,k1,1,1
RESULT,M2,9,1,k2,1,1
RESULT,M2,9,1,k3,1,1
RESULT,M2,9,1,refusal,1,1
RESULT,M2,9,1,esc,0,1
RESULT,M2,9,1,disconn,4,1
RESULT,M2,9,1,ops,287,1
RESULT,M2,9,1,eps,295,1
DIGEST,M2,9,1,b8fbbb61978574ca2c76eb3711de08f4f8efbf2d372262d4739e53c32656c0a3
BIND,M2,done
