znc: warning: zagd unavailable; foreground compilation continues without background planning
warning[A0102]: ignored return value of `det_write` — result is discarded
  --> thincert_rb.zag:307
   = note: in function `check_module_tokens`: this function returns a non-void value that is discarded
   = hint: bind the result to a `let` and use it, or add `// znc:allow A0102` to suppress
warning[A0102]: ignored return value of `det_write` — result is discarded
  --> thincert_rb.zag:307
   = note: in function `check_module_tokens`: this function returns a non-void value that is discarded
   = hint: bind the result to a `let` and use it, or add `// znc:allow A0102` to suppress
warning[A0102]: ignored return value of `det_write` — result is discarded
  --> thincert_rb.zag:329
   = note: in function `check_module_strings`: this function returns a non-void value that is discarded
   = hint: bind the result to a `let` and use it, or add `// znc:allow A0102` to suppress
warning[A0102]: ignored return value of `det_write` — result is discarded
  --> thincert_rb.zag:329
   = note: in function `check_module_strings`: this function returns a non-void value that is discarded
   = hint: bind the result to a `let` and use it, or add `// znc:allow A0102` to suppress
warning[A0102]: ignored return value of `det_write` — result is discarded
  --> thincert_rb.zag:329
   = note: in function `check_module_strings`: this function returns a non-void value that is discarded
   = hint: bind the result to a `let` and use it, or add `// znc:allow A0102` to suppress
warning[A0102]: ignored return value of `det_write` — result is discarded
  --> thincert_rb.zag:329
   = note: in function `check_module_strings`: this function returns a non-void value that is discarded
   = hint: bind the result to a `let` and use it, or add `// znc:allow A0102` to suppress
warning[A0102]: ignored return value of `det_write` — result is discarded
  --> thincert_rb.zag:337
   = note: in function `check_module_types`: this function returns a non-void value that is discarded
   = hint: bind the result to a `let` and use it, or add `// znc:allow A0102` to suppress
warning[A0102]: ignored return value of `det_write` — result is discarded
  --> thincert_rb.zag:337
   = note: in function `check_module_types`: this function returns a non-void value that is discarded
   = hint: bind the result to a `let` and use it, or add `// znc:allow A0102` to suppress
warning[A0102]: ignored return value of `det_write` — result is discarded
  --> thincert_rb.zag:337
   = note: in function `check_module_types`: this function returns a non-void value that is discarded
   = hint: bind the result to a `let` and use it, or add `// znc:allow A0102` to suppress
warning[A0102]: ignored return value of `det_write` — result is discarded
  --> thincert_rb.zag:337
   = note: in function `check_module_types`: this function returns a non-void value that is discarded
   = hint: bind the result to a `let` and use it, or add `// znc:allow A0102` to suppress
warning[A0102]: ignored return value of `det_write` — result is discarded
  --> thincert_rb.zag:337
   = note: in function `check_module_types`: this function returns a non-void value that is discarded
   = hint: bind the result to a `let` and use it, or add `// znc:allow A0102` to suppress
warning[A0102]: ignored return value of `det_write` — result is discarded
  --> thincert_rb.zag:392
   = note: in function `check_module_loops`: this function returns a non-void value that is discarded
   = hint: bind the result to a `let` and use it, or add `// znc:allow A0102` to suppress
warning[A0102]: ignored return value of `det_write` — result is discarded
  --> thincert_rb.zag:392
   = note: in function `check_module_loops`: this function returns a non-void value that is discarded
   = hint: bind the result to a `let` and use it, or add `// znc:allow A0102` to suppress
warning[A0102]: ignored return value of `det_write` — result is discarded
  --> thincert_rb.zag:392
   = note: in function `check_module_loops`: this function returns a non-void value that is discarded
   = hint: bind the result to a `let` and use it, or add `// znc:allow A0102` to suppress
warning[A0102]: ignored return value of `det_write` — result is discarded
  --> thincert_rb.zag:418
   = note: in function `check_substrate`: this function returns a non-void value that is discarded
   = hint: bind the result to a `let` and use it, or add `// znc:allow A0102` to suppress
warning[A0102]: ignored return value of `det_write` — result is discarded
  --> thincert_rb.zag:418
   = note: in function `check_substrate`: this function returns a non-void value that is discarded
   = hint: bind the result to a `let` and use it, or add `// znc:allow A0102` to suppress
warning[A0102]: ignored return value of `det_write` — result is discarded
  --> thincert_rb.zag:418
   = note: in function `check_substrate`: this function returns a non-void value that is discarded
   = hint: bind the result to a `let` and use it, or add `// znc:allow A0102` to suppress
warning[A0102]: ignored return value of `det_write` — result is discarded
  --> thincert_rb.zag:418
   = note: in function `check_substrate`: this function returns a non-void value that is discarded
   = hint: bind the result to a `let` and use it, or add `// znc:allow A0102` to suppress
warning[A0102]: ignored return value of `det_write` — result is discarded
  --> thincert_rb.zag:463
   = note: in function `walk_fd`: this function returns a non-void value that is discarded
   = hint: bind the result to a `let` and use it, or add `// znc:allow A0102` to suppress
warning[A0102]: ignored return value of `det_write` — result is discarded
  --> thincert_rb.zag:463
   = note: in function `walk_fd`: this function returns a non-void value that is discarded
   = hint: bind the result to a `let` and use it, or add `// znc:allow A0102` to suppress
warning[A0107]: dead loop — condition uses `<`/`<=` but body decrements
  --> thincert_rb.zag:463
   = note: in function `walk_fd`: the loop variable decreases but the condition requires it to be lesser
   = hint: fix the condition to `>`/`>=`, or fix the decrement to an increment
warning[A0102]: ignored return value of `det_write` — result is discarded
  --> thincert_rb.zag:463
   = note: in function `walk_fd`: this function returns a non-void value that is discarded
   = hint: bind the result to a `let` and use it, or add `// znc:allow A0102` to suppress
warning[A0102]: ignored return value of `det_write` — result is discarded
  --> thincert_rb.zag:463
   = note: in function `walk_fd`: this function returns a non-void value that is discarded
   = hint: bind the result to a `let` and use it, or add `// znc:allow A0102` to suppress
warning[A0102]: ignored return value of `det_write` — result is discarded
  --> thincert_rb.zag:463
   = note: in function `walk_fd`: this function returns a non-void value that is discarded
   = hint: bind the result to a `let` and use it, or add `// znc:allow A0102` to suppress
warning[A0102]: ignored return value of `det_write` — result is discarded
  --> thincert_rb.zag:463
   = note: in function `walk_fd`: this function returns a non-void value that is discarded
   = hint: bind the result to a `let` and use it, or add `// znc:allow A0102` to suppress
warning[A0102]: ignored return value of `det_write` — result is discarded
  --> thincert_rb.zag:463
   = note: in function `walk_fd`: this function returns a non-void value that is discarded
   = hint: bind the result to a `let` and use it, or add `// znc:allow A0102` to suppress
warning[A0102]: ignored return value of `det_write` — result is discarded
  --> thincert_rb.zag:463
   = note: in function `walk_fd`: this function returns a non-void value that is discarded
   = hint: bind the result to a `let` and use it, or add `// znc:allow A0102` to suppress
warning[A0102]: ignored return value of `t_put32` — result is discarded
  --> thincert_rb.zag:463
   = note: in function `walk_fd`: this function returns a non-void value that is discarded
   = hint: bind the result to a `let` and use it, or add `// znc:allow A0102` to suppress
warning[A0102]: ignored return value of `t_put32` — result is discarded
  --> thincert_rb.zag:463
   = note: in function `walk_fd`: this function returns a non-void value that is discarded
   = hint: bind the result to a `let` and use it, or add `// znc:allow A0102` to suppress
warning[A0102]: ignored return value of `det_write` — result is discarded
  --> thincert_rb.zag:524
   = note: in function `parse_manifest`: this function returns a non-void value that is discarded
   = hint: bind the result to a `let` and use it, or add `// znc:allow A0102` to suppress
warning[A0102]: ignored return value of `det_write` — result is discarded
  --> thincert_rb.zag:524
   = note: in function `parse_manifest`: this function returns a non-void value that is discarded
   = hint: bind the result to a `let` and use it, or add `// znc:allow A0102` to suppress
warning[A0102]: ignored return value of `t_put32` — result is discarded
  --> thincert_rb.zag:524
   = note: in function `parse_manifest`: this function returns a non-void value that is discarded
   = hint: bind the result to a `let` and use it, or add `// znc:allow A0102` to suppress
warning[A0102]: ignored return value of `t_put32` — result is discarded
  --> thincert_rb.zag:524
   = note: in function `parse_manifest`: this function returns a non-void value that is discarded
   = hint: bind the result to a `let` and use it, or add `// znc:allow A0102` to suppress
warning[A0102]: ignored return value of `t_put32` — result is discarded
  --> thincert_rb.zag:524
   = note: in function `parse_manifest`: this function returns a non-void value that is discarded
   = hint: bind the result to a `let` and use it, or add `// znc:allow A0102` to suppress
warning[A0102]: ignored return value of `t_put32` — result is discarded
  --> thincert_rb.zag:524
   = note: in function `parse_manifest`: this function returns a non-void value that is discarded
   = hint: bind the result to a `let` and use it, or add `// znc:allow A0102` to suppress
warning[A0102]: ignored return value of `t_put32` — result is discarded
  --> thincert_rb.zag:663
   = note: in function `norm_import`: this function returns a non-void value that is discarded
   = hint: bind the result to a `let` and use it, or add `// znc:allow A0102` to suppress
warning[A0102]: ignored return value of `t_put32` — result is discarded
  --> thincert_rb.zag:663
   = note: in function `norm_import`: this function returns a non-void value that is discarded
   = hint: bind the result to a `let` and use it, or add `// znc:allow A0102` to suppress
warning[A0102]: ignored return value of `t_put32` — result is discarded
  --> thincert_rb.zag:663
   = note: in function `norm_import`: this function returns a non-void value that is discarded
   = hint: bind the result to a `let` and use it, or add `// znc:allow A0102` to suppress
warning[A0102]: ignored return value of `det_write` — result is discarded
  --> thincert_rb.zag:718
   = note: in function `check_imports`: this function returns a non-void value that is discarded
   = hint: bind the result to a `let` and use it, or add `// znc:allow A0102` to suppress
warning[A0102]: ignored return value of `det_write` — result is discarded
  --> thincert_rb.zag:718
   = note: in function `check_imports`: this function returns a non-void value that is discarded
   = hint: bind the result to a `let` and use it, or add `// znc:allow A0102` to suppress
warning[A0102]: ignored return value of `det_write` — result is discarded
  --> thincert_rb.zag:718
   = note: in function `check_imports`: this function returns a non-void value that is discarded
   = hint: bind the result to a `let` and use it, or add `// znc:allow A0102` to suppress
warning[A0102]: ignored return value of `det_write` — result is discarded
  --> thincert_rb.zag:718
   = note: in function `check_imports`: this function returns a non-void value that is discarded
   = hint: bind the result to a `let` and use it, or add `// znc:allow A0102` to suppress
warning[A0102]: ignored return value of `det_write` — result is discarded
  --> thincert_rb.zag:718
   = note: in function `check_imports`: this function returns a non-void value that is discarded
   = hint: bind the result to a `let` and use it, or add `// znc:allow A0102` to suppress
warning[A0102]: ignored return value of `det_write` — result is discarded
  --> thincert_rb.zag:754
   = note: in function `main`: this function returns a non-void value that is discarded
   = hint: bind the result to a `let` and use it, or add `// znc:allow A0102` to suppress
warning[A0102]: ignored return value of `det_write` — result is discarded
  --> thincert_rb.zag:754
   = note: in function `main`: this function returns a non-void value that is discarded
   = hint: bind the result to a `let` and use it, or add `// znc:allow A0102` to suppress
warning[A0102]: ignored return value of `det_write` — result is discarded
  --> thincert_rb.zag:754
   = note: in function `main`: this function returns a non-void value that is discarded
   = hint: bind the result to a `let` and use it, or add `// znc:allow A0102` to suppress
warning[A0102]: ignored return value of `det_write` — result is discarded
  --> thincert_rb.zag:754
   = note: in function `main`: this function returns a non-void value that is discarded
   = hint: bind the result to a `let` and use it, or add `// znc:allow A0102` to suppress
warning[A0102]: ignored return value of `det_write` — result is discarded
  --> thincert_rb.zag:754
   = note: in function `main`: this function returns a non-void value that is discarded
   = hint: bind the result to a `let` and use it, or add `// znc:allow A0102` to suppress
warning[A0102]: ignored return value of `strip_src` — result is discarded
  --> thincert_rb.zag:754
   = note: in function `main`: this function returns a non-void value that is discarded
   = hint: bind the result to a `let` and use it, or add `// znc:allow A0102` to suppress
warning[A0102]: ignored return value of `strip_comments_only` — result is discarded
  --> thincert_rb.zag:754
   = note: in function `main`: this function returns a non-void value that is discarded
   = hint: bind the result to a `let` and use it, or add `// znc:allow A0102` to suppress
warning[A0102]: ignored return value of `det_write` — result is discarded
  --> thincert_rb.zag:754
   = note: in function `main`: this function returns a non-void value that is discarded
   = hint: bind the result to a `let` and use it, or add `// znc:allow A0102` to suppress
warning[A0102]: ignored return value of `det_write` — result is discarded
  --> thincert_rb.zag:754
   = note: in function `main`: this function returns a non-void value that is discarded
   = hint: bind the result to a `let` and use it, or add `// znc:allow A0102` to suppress
warning[A0102]: ignored return value of `det_write` — result is discarded
  --> thincert_rb.zag:754
   = note: in function `main`: this function returns a non-void value that is discarded
   = hint: bind the result to a `let` and use it, or add `// znc:allow A0102` to suppress
warning[A0102]: ignored return value of `det_write` — result is discarded
  --> thincert_rb.zag:754
   = note: in function `main`: this function returns a non-void value that is discarded
   = hint: bind the result to a `let` and use it, or add `// znc:allow A0102` to suppress
warning[A0102]: ignored return value of `det_write` — result is discarded
  --> thincert_rb.zag:754
   = note: in function `main`: this function returns a non-void value that is discarded
   = hint: bind the result to a `let` and use it, or add `// znc:allow A0102` to suppress
warning[A0102]: ignored return value of `det_write` — result is discarded
  --> thincert_rb.zag:754
   = note: in function `main`: this function returns a non-void value that is discarded
   = hint: bind the result to a `let` and use it, or add `// znc:allow A0102` to suppress
warning[A0102]: ignored return value of `det_write` — result is discarded
  --> thincert_rb.zag:754
   = note: in function `main`: this function returns a non-void value that is discarded
   = hint: bind the result to a `let` and use it, or add `// znc:allow A0102` to suppress
warning[A0102]: ignored return value of `det_write` — result is discarded
  --> thincert_rb.zag:754
   = note: in function `main`: this function returns a non-void value that is discarded
   = hint: bind the result to a `let` and use it, or add `// znc:allow A0102` to suppress
warning[A0102]: ignored return value of `det_write` — result is discarded
  --> thincert_rb.zag:754
   = note: in function `main`: this function returns a non-void value that is discarded
   = hint: bind the result to a `let` and use it, or add `// znc:allow A0102` to suppress
warning[A0102]: ignored return value of `det_write` — result is discarded
  --> thincert_rb.zag:754
   = note: in function `main`: this function returns a non-void value that is discarded
   = hint: bind the result to a `let` and use it, or add `// znc:allow A0102` to suppress
warning[A0102]: ignored return value of `det_write` — result is discarded
  --> thincert_rb.zag:754
   = note: in function `main`: this function returns a non-void value that is discarded
   = hint: bind the result to a `let` and use it, or add `// znc:allow A0102` to suppress
znc: analyzer found 61 issue(s) (warnings above; use --analyze-strict to fail the build, --no-analyze to silence)
znc: wrote native binary thincert_arena (158227 bytes main, 0 external tools)
