tnn-pre-v1-r28-aeif-no-graph-shadow/
tnn-pre-v1-r28-aeif-no-graph-shadow/experiments_memory_v5.py
tnn-pre-v1-r28-aeif-no-graph-shadow/docs/
tnn-pre-v1-r28-aeif-no-graph-shadow/docs/RESULTS.md
tnn-pre-v1-r28-aeif-no-graph-shadow/docs/MEMORY_POLICY.md
tnn-pre-v1-r28-aeif-no-graph-shadow/docs/MASTER_PLAN.md
tnn-pre-v1-r28-aeif-no-graph-shadow/docs/FAILURES_AND_BOUNDARIES.md
tnn-pre-v1-r28-aeif-no-graph-shadow/docs/NEXT_STAGE_HANDOFF.md
tnn-pre-v1-r28-aeif-no-graph-shadow/docs/AUTHORSHIP_LEDGER.md
tnn-pre-v1-r28-aeif-no-graph-shadow/docs/HARDCODING_LEDGER.md
tnn-pre-v1-r28-aeif-no-graph-shadow/docs/TRACEABILITY.md
tnn-pre-v1-r28-aeif-no-graph-shadow/experiments_entity_qualification.py
tnn-pre-v1-r28-aeif-no-graph-shadow/results/
tnn-pre-v1-r28-aeif-no-graph-shadow/results/affordance_context/
tnn-pre-v1-r28-aeif-no-graph-shadow/results/affordance_context/summary.json
tnn-pre-v1-r28-aeif-no-graph-shadow/results/affordance_context/s3.json
tnn-pre-v1-r28-aeif-no-graph-shadow/results/affordance_context/s4.json
tnn-pre-v1-r28-aeif-no-graph-shadow/results/affordance_context/training_curve.json
tnn-pre-v1-r28-aeif-no-graph-shadow/results/affordance_context/s2.json
tnn-pre-v1-r28-aeif-no-graph-shadow/results/affordance_context/s0.json
tnn-pre-v1-r28-aeif-no-graph-shadow/results/affordance_context/s1.json
tnn-pre-v1-r28-aeif-no-graph-shadow/results/factorial/
tnn-pre-v1-r28-aeif-no-graph-shadow/results/factorial/aeif_s0_balanced_diverse.json
tnn-pre-v1-r28-aeif-no-graph-shadow/results/factorial/aeif_s2_active_self.json
tnn-pre-v1-r28-aeif-no-graph-shadow/results/factorial/aeif_s2_contrastive.json
tnn-pre-v1-r28-aeif-no-graph-shadow/results/factorial/aeif_s3_balanced_diverse.json
tnn-pre-v1-r28-aeif-no-graph-shadow/results/factorial/aeif_s1_random_passive.json
tnn-pre-v1-r28-aeif-no-graph-shadow/results/factorial/aeif_s2_learned_teacher.json
tnn-pre-v1-r28-aeif-no-graph-shadow/results/factorial/aeif_s2_master_withdrawal.json
tnn-pre-v1-r28-aeif-no-graph-shadow/results/factorial/aeif_s0_learned_teacher.json
tnn-pre-v1-r28-aeif-no-graph-shadow/results/factorial/aeif_s1_contrastive.json
tnn-pre-v1-r28-aeif-no-graph-shadow/results/factorial/aeif_s0_active_self.json
tnn-pre-v1-r28-aeif-no-graph-shadow/results/factorial/aeif_s0_random_passive.json
tnn-pre-v1-r28-aeif-no-graph-shadow/results/factorial/aeif_s3_learned_teacher.json
tnn-pre-v1-r28-aeif-no-graph-shadow/results/factorial/aeif_s3_adaptive_master.json
tnn-pre-v1-r28-aeif-no-graph-shadow/results/factorial/aeif_s3_random_passive.json
tnn-pre-v1-r28-aeif-no-graph-shadow/results/factorial/aeif_s0_contrastive.json
tnn-pre-v1-r28-aeif-no-graph-shadow/results/factorial/aeif_s2_random_passive.json
tnn-pre-v1-r28-aeif-no-graph-shadow/results/factorial/aeif_s2_adaptive_master.json
tnn-pre-v1-r28-aeif-no-graph-shadow/results/factorial/aeif_s1_master_withdrawal.json
tnn-pre-v1-r28-aeif-no-graph-shadow/results/factorial/aeif_s0_adaptive_master.json
tnn-pre-v1-r28-aeif-no-graph-shadow/results/factorial/aeif_s1_balanced_diverse.json
tnn-pre-v1-r28-aeif-no-graph-shadow/results/factorial/aeif_s1_learned_teacher.json
tnn-pre-v1-r28-aeif-no-graph-shadow/results/factorial/aeif_s2_balanced_diverse.json
tnn-pre-v1-r28-aeif-no-graph-shadow/results/factorial/aeif_s3_master_withdrawal.json
tnn-pre-v1-r28-aeif-no-graph-shadow/results/factorial/aeif_balanced_s0.json
tnn-pre-v1-r28-aeif-no-graph-shadow/results/factorial/aeif_s3_active_self.json
tnn-pre-v1-r28-aeif-no-graph-shadow/results/factorial/aeif_s1_active_self.json
tnn-pre-v1-r28-aeif-no-graph-shadow/results/factorial/aeif_s3_contrastive.json
tnn-pre-v1-r28-aeif-no-graph-shadow/results/factorial/aeif_s0_master_withdrawal.json
tnn-pre-v1-r28-aeif-no-graph-shadow/results/factorial/aeif_s1_adaptive_master.json
tnn-pre-v1-r28-aeif-no-graph-shadow/results/memory_v3/
tnn-pre-v1-r28-aeif-no-graph-shadow/results/memory_v3/shards/
tnn-pre-v1-r28-aeif-no-graph-shadow/results/memory_v3/shards/s5.json
tnn-pre-v1-r28-aeif-no-graph-shadow/results/memory_v3/shards/s7.json
tnn-pre-v1-r28-aeif-no-graph-shadow/results/memory_v3/shards/s3.json
tnn-pre-v1-r28-aeif-no-graph-shadow/results/memory_v3/shards/s4.json
tnn-pre-v1-r28-aeif-no-graph-shadow/results/memory_v3/shards/s6.json
tnn-pre-v1-r28-aeif-no-graph-shadow/results/memory_v3/shards/s2.json
tnn-pre-v1-r28-aeif-no-graph-shadow/results/memory_v3/shards/s0.json
tnn-pre-v1-r28-aeif-no-graph-shadow/results/memory_v3/shards/s1.json
tnn-pre-v1-r28-aeif-no-graph-shadow/results/memory_v3/memory_v3.json
tnn-pre-v1-r28-aeif-no-graph-shadow/results/master_diagnostic/
tnn-pre-v1-r28-aeif-no-graph-shadow/results/master_diagnostic/run.log
tnn-pre-v1-r28-aeif-no-graph-shadow/results/memory_v5_seed0.json
tnn-pre-v1-r28-aeif-no-graph-shadow/results/speech_dtw/
tnn-pre-v1-r28-aeif-no-graph-shadow/results/substrate_foundry/
tnn-pre-v1-r28-aeif-no-graph-shadow/results/substrate_foundry/seed4_HYBRID.json
tnn-pre-v1-r28-aeif-no-graph-shadow/results/substrate_foundry/seed0_HYBRID.json
tnn-pre-v1-r28-aeif-no-graph-shadow/results/substrate_foundry/seed5_SURROGATE.json
tnn-pre-v1-r28-aeif-no-graph-shadow/results/substrate_foundry/seed0_EVOLUTION.json
tnn-pre-v1-r28-aeif-no-graph-shadow/results/substrate_foundry/run_remaining.log
tnn-pre-v1-r28-aeif-no-graph-shadow/results/substrate_foundry/seed0_RANDOM.json
tnn-pre-v1-r28-aeif-no-graph-shadow/results/substrate_foundry/seed1_SURROGATE.json
tnn-pre-v1-r28-aeif-no-graph-shadow/results/substrate_foundry/seed4_EVOLUTION.json
tnn-pre-v1-r28-aeif-no-graph-shadow/results/substrate_foundry/seed2_HYBRID.json
tnn-pre-v1-r28-aeif-no-graph-shadow/results/substrate_foundry/shards/
tnn-pre-v1-r28-aeif-no-graph-shadow/results/substrate_foundry/seed3_SURROGATE.json
tnn-pre-v1-r28-aeif-no-graph-shadow/results/substrate_foundry/seed1_LEARNED_MUTATION.json
tnn-pre-v1-r28-aeif-no-graph-shadow/results/substrate_foundry/seed0_LEARNED_MUTATION.json
tnn-pre-v1-r28-aeif-no-graph-shadow/results/substrate_foundry/seed4_RANDOM.json
tnn-pre-v1-r28-aeif-no-graph-shadow/results/substrate_foundry/seed3_RANDOM.json
tnn-pre-v1-r28-aeif-no-graph-shadow/results/substrate_foundry/seed2_EVOLUTION.json
tnn-pre-v1-r28-aeif-no-graph-shadow/results/substrate_foundry/seed4_SURROGATE.json
tnn-pre-v1-r28-aeif-no-graph-shadow/results/substrate_foundry/seed5_HYBRID.json
tnn-pre-v1-r28-aeif-no-graph-shadow/results/substrate_foundry/seed5_EVOLUTION.json
tnn-pre-v1-r28-aeif-no-graph-shadow/results/substrate_foundry/seed3_EVOLUTION.json
tnn-pre-v1-r28-aeif-no-graph-shadow/results/substrate_foundry/seed4_LEARNED_MUTATION.json
tnn-pre-v1-r28-aeif-no-graph-shadow/results/substrate_foundry/seed3_HYBRID.json
tnn-pre-v1-r28-aeif-no-graph-shadow/results/substrate_foundry/seed1_EVOLUTION.json
tnn-pre-v1-r28-aeif-no-graph-shadow/results/substrate_foundry/seed0_SURROGATE.json
tnn-pre-v1-r28-aeif-no-graph-shadow/results/substrate_foundry/seed1_HYBRID.json
tnn-pre-v1-r28-aeif-no-graph-shadow/results/substrate_foundry/seed5_LEARNED_MUTATION.json
tnn-pre-v1-r28-aeif-no-graph-shadow/results/substrate_foundry/seed2_SURROGATE.json
tnn-pre-v1-r28-aeif-no-graph-shadow/results/substrate_foundry/seed3_LEARNED_MUTATION.json
tnn-pre-v1-r28-aeif-no-graph-shadow/results/substrate_foundry/seed1_RANDOM.json
tnn-pre-v1-r28-aeif-no-graph-shadow/results/substrate_foundry/seed5_RANDOM.json
tnn-pre-v1-r28-aeif-no-graph-shadow/results/substrate_foundry/seed2_LEARNED_MUTATION.json
tnn-pre-v1-r28-aeif-no-graph-shadow/results/substrate_foundry/substrate_foundry_combined.json
tnn-pre-v1-r28-aeif-no-graph-shadow/results/substrate_foundry/seed2_RANDOM.json
tnn-pre-v1-r28-aeif-no-graph-shadow/results/system_fluency/
tnn-pre-v1-r28-aeif-no-graph-shadow/results/system_fluency/system_fluency.json
tnn-pre-v1-r28-aeif-no-graph-shadow/results/master_withdrawal/
tnn-pre-v1-r28-aeif-no-graph-shadow/results/master_withdrawal/summary.json
tnn-pre-v1-r28-aeif-no-graph-shadow/results/master_withdrawal/s3.json
tnn-pre-v1-r28-aeif-no-graph-shadow/results/master_withdrawal/s4.json
tnn-pre-v1-r28-aeif-no-graph-shadow/results/master_withdrawal/s2.json
tnn-pre-v1-r28-aeif-no-graph-shadow/results/master_withdrawal/s0.json
tnn-pre-v1-r28-aeif-no-graph-shadow/results/master_withdrawal/s1.json
tnn-pre-v1-r28-aeif-no-graph-shadow/results/training/
tnn-pre-v1-r28-aeif-no-graph-shadow/results/training/289001_adaptive_master.json
tnn-pre-v1-r28-aeif-no-graph-shadow/results/training/289000_max_diversity.json
tnn-pre-v1-r28-aeif-no-graph-shadow/results/training/289000_mixed.json
tnn-pre-v1-r28-aeif-no-graph-shadow/results/training/289000_master_to_diverse.json
tnn-pre-v1-r28-aeif-no-graph-shadow/results/training/289001_master_to_diverse.json
tnn-pre-v1-r28-aeif-no-graph-shadow/results/training/289000_counterexample_heavy.json
tnn-pre-v1-r28-aeif-no-graph-shadow/results/training/289000_contrastive.json
tnn-pre-v1-r28-aeif-no-graph-shadow/results/training/289001_sibling_assisted.json
tnn-pre-v1-r28-aeif-no-graph-shadow/results/training/289001_mixed.json
tnn-pre-v1-r28-aeif-no-graph-shadow/results/training/289001_counterexample_heavy.json
tnn-pre-v1-r28-aeif-no-graph-shadow/results/training/289001_contrastive.json
tnn-pre-v1-r28-aeif-no-graph-shadow/results/training/289000_sibling_assisted.json
tnn-pre-v1-r28-aeif-no-graph-shadow/results/training/289001_tnn_replay.json
tnn-pre-v1-r28-aeif-no-graph-shadow/results/training/289000_random_exposure.json
tnn-pre-v1-r28-aeif-no-graph-shadow/results/training/289001_max_diversity.json
tnn-pre-v1-r28-aeif-no-graph-shadow/results/training/289000_adaptive_master.json
tnn-pre-v1-r28-aeif-no-graph-shadow/results/training/s0_balanced.json
tnn-pre-v1-r28-aeif-no-graph-shadow/results/training/289000_tnn_replay.json
tnn-pre-v1-r28-aeif-no-graph-shadow/results/training/289001_active_self.json
tnn-pre-v1-r28-aeif-no-graph-shadow/results/training/289000_active_self.json
tnn-pre-v1-r28-aeif-no-graph-shadow/results/training/289001_random_exposure.json
tnn-pre-v1-r28-aeif-no-graph-shadow/results/training/289001_balanced_exposure.json
tnn-pre-v1-r28-aeif-no-graph-shadow/results/qualification/
tnn-pre-v1-r28-aeif-no-graph-shadow/results/qualification/entity_q0_1.json
tnn-pre-v1-r28-aeif-no-graph-shadow/results/qualification/entity_q2_3.json
tnn-pre-v1-r28-aeif-no-graph-shadow/results/memory_v3_combined.json
tnn-pre-v1-r28-aeif-no-graph-shadow/results/training_curve2/
tnn-pre-v1-r28-aeif-no-graph-shadow/results/training_curve2/deep_training_curves.json
