[Content_Types].xml
_rels/.rels
xl/_rels/workbook.xml.rels
xl/worksheets/sheet1.xml
xl/worksheets/sheet2.xml
xl/worksheets/sheet3.xml
xl/worksheets/sheet4.xml
xl/worksheets/sheet5.xml
xl/worksheets/sheet6.xml
xl/worksheets/sheet7.xml
xl/worksheets/sheet8.xml
xl/worksheets/sheet9.xml
xl/worksheets/sheet10.xml
xl/worksheets/sheet11.xml
xl/worksheets/sheet12.xml
xl/worksheets/sheet13.xml
xl/worksheets/sheet14.xml
xl/worksheets/sheet15.xml
xl/worksheets/sheet16.xml
xl/workbook.xml
xl/drawings/vmlDrawing1.vml
xl/drawings/vmlDrawing2.vml
xl/comments1.xml
xl/comments2.xml
xl/sharedStrings.xml
xl/styles.xml
xl/theme/theme1.xml
xl/worksheets/_rels/sheet3.xml.rels
xl/worksheets/_rels/sheet4.xml.rels
docProps/core.xml
docProps/app.xml
