source/
source/tnn_r31_endogenous_chunking.zag
evidence/
evidence/R31_CHUNK_CAUSAL_ABLATION_REFERENCE_ONLY.json
evidence/R31_SEQUENTIAL_EVIDENCE_ABSTENTION_REFERENCE_ONLY.json
evidence/R31_SOURCE_CONTRACT_V6.json
evidence/R31_LEARNED_PROBE_BUDGET_REFERENCE_ONLY.json
evidence/R31_DUAL_ROUTE_CHUNKS.json
evidence/R31_INTEGRATED_V2_PART1.json
evidence/R31_ACOUSTIC_METACOG_POST100.json
evidence/R31_RICH_CHUNK_REPRESENTATION.json
evidence/R31_CONTRASTIVE_CHUNK_FAMILIES.json
evidence/R31_CHUNK_DYNAMICS.json
evidence/R31_SUPPORT_GAP_ACOUSTIC_REFERENCE_ONLY.json
evidence/R31_ADAPTIVE_MICROSTATES.json
evidence/R31_INTEGRATED_V2_PART2B_REFERENCE_ONLY.json
evidence/R31_ACTIVE_CONSEQUENCE_PROBE_REFERENCE_ONLY.json
evidence/R31_INTEGRATED_LIFE_FINAL.json
evidence/R31_INTEGRATED_V2_PART2_REFERENCE_ONLY.json
evidence/R31_STATE_DEPENDENT_PROBE_POLICY_REFERENCE_ONLY.json
evidence/R31_REPAIRS_NONPRIVILEGED.json
scripts/
scripts/r31_chunk_causal_ablation.py
scripts/r31_postrepair_part2.py
scripts/r31_postrepair_part2d.py
scripts/r31_conditional_probe_policy.py
scripts/r31_learn_probe_budget.py
scripts/r31_postrepair_part2c.py
scripts/r31_postrepair_part2b.py
docs/
docs/FAILURES_AND_BOUNDARIES.md
docs/ARTIFACT_INDEX.json
docs/FINAL_STATUS.json
docs/HARDCODING_LEDGER.md
docs/FINAL_REPORT.md
docs/R32_HANDOFF.md
context/
context/TNN_NEXT_RUN_ARCHITECTURE_PLAN.md
context/TNN_USER_RESEARCH_PREFERENCES.md
context/TNN_USER_RESPONSE_LOG.md
MANIFEST.sha256
