#!/usr/bin/env python3
from pathlib import Path
import hashlib,json,re
ROOT=Path(__file__).resolve().parents[1];SRC=ROOT/'src/tnn_r28_aeif.zag';s=SRC.read_text()
checks={}
checks['zag_only_cognitive_source']=not any((ROOT/'src').glob('*.py'))
checks['no_graph_identity_authority_marker']='metric("graph_identity_authority",0)' in s
checks['aeif_present']='fn aeif_fresh_entity' in s and 'fn aeif_resolve' in s
checks['associative_episode_authority']='fn aeif_episode_distance' in s
checks['graph_derived_only']='Optional derived relation index' in s
checks['substrate_agnostic_foundry']='fn test_substrate_foundry' in s and 'SUB_ASSOC' in s and 'SUB_FIELD' in s and 'SUB_PROCESS' in s
checks['memory_heuristic_default']='Birth/default policy is the privileged generic heuristic' in s
checks['memory_tnn_override']='mutable TNN evidence may override it' in s
checks['lru_not_authority']='LRU helper is eviction mechanics only' in s and 'metric("lru_representation_authority",0)' in s
checks['innate_system_fluency']='fn innate_system_fluency' in s
checks['trace_parent_links']='t_parent' in s and 'parent_event' in s
checks['reliability_is_learnable']='fn aeif_reliability_learn' in s
checks['no_fixed_entity_switch_700']='reliability>=700' not in s
checks['no_named_object_labels']=not bool(re.search(r'\b(dog|cat|mug|sphere|container|hinge|chair|table)\b',s,re.I))
checks['no_human_category_names']=not bool(re.search(r'\b(category_one|category_two|animal|vehicle|furniture)\b',s,re.I))
checks['no_transformer_runtime']='transformer' not in '\n'.join(x for x in s.lower().splitlines() if not x.strip().startswith('//'))
checks['balanced_braces']=s.count('{')==s.count('}')
checks['balanced_parens']=s.count('(')==s.count(')')
out={'status':'PASS' if all(checks.values()) else 'FAIL','checks_passing':sum(checks.values()),'checks_total':len(checks),'failed':[k for k,v in checks.items() if not v],'checks':checks,'source_sha256':hashlib.sha256(SRC.read_bytes()).hexdigest(),'source_bytes':SRC.stat().st_size}
print(json.dumps(out,indent=2));(ROOT/'verification/final/source_audit.json').write_text(json.dumps(out,indent=2))
