znc: warning: zagd unavailable; foreground compilation continues without background planning
warning[A0102]: ignored return value of `query` — result is discarded
  --> world_learn.zag:859
   = note: in function `earn_guarded`: this function returns a non-void value that is discarded
   = hint: bind the result to a `let` and use it, or add `// znc:allow A0102` to suppress
warning[A0102]: ignored return value of `query` — result is discarded
  --> world_learn.zag:894
   = note: in function `legacy_p1_p11`: this function returns a non-void value that is discarded
   = hint: bind the result to a `let` and use it, or add `// znc:allow A0102` to suppress
warning[A0102]: ignored return value of `query` — result is discarded
  --> world_learn.zag:894
   = note: in function `legacy_p1_p11`: this function returns a non-void value that is discarded
   = hint: bind the result to a `let` and use it, or add `// znc:allow A0102` to suppress
warning[A0102]: ignored return value of `query` — result is discarded
  --> world_learn.zag:894
   = note: in function `legacy_p1_p11`: this function returns a non-void value that is discarded
   = hint: bind the result to a `let` and use it, or add `// znc:allow A0102` to suppress
warning[A0102]: ignored return value of `query` — result is discarded
  --> world_learn.zag:894
   = note: in function `legacy_p1_p11`: this function returns a non-void value that is discarded
   = hint: bind the result to a `let` and use it, or add `// znc:allow A0102` to suppress
warning[A0102]: ignored return value of `query` — result is discarded
  --> world_learn.zag:894
   = note: in function `legacy_p1_p11`: this function returns a non-void value that is discarded
   = hint: bind the result to a `let` and use it, or add `// znc:allow A0102` to suppress
warning[A0102]: ignored return value of `query` — result is discarded
  --> world_learn.zag:894
   = note: in function `legacy_p1_p11`: this function returns a non-void value that is discarded
   = hint: bind the result to a `let` and use it, or add `// znc:allow A0102` to suppress
warning[A0102]: ignored return value of `query` — result is discarded
  --> world_learn.zag:894
   = note: in function `legacy_p1_p11`: this function returns a non-void value that is discarded
   = hint: bind the result to a `let` and use it, or add `// znc:allow A0102` to suppress
warning[A0102]: ignored return value of `query` — result is discarded
  --> world_learn.zag:894
   = note: in function `legacy_p1_p11`: this function returns a non-void value that is discarded
   = hint: bind the result to a `let` and use it, or add `// znc:allow A0102` to suppress
warning[A0102]: ignored return value of `query` — result is discarded
  --> world_learn.zag:894
   = note: in function `legacy_p1_p11`: this function returns a non-void value that is discarded
   = hint: bind the result to a `let` and use it, or add `// znc:allow A0102` to suppress
warning[A0102]: ignored return value of `query` — result is discarded
  --> world_learn.zag:894
   = note: in function `legacy_p1_p11`: this function returns a non-void value that is discarded
   = hint: bind the result to a `let` and use it, or add `// znc:allow A0102` to suppress
warning[A0102]: ignored return value of `query` — result is discarded
  --> world_learn.zag:894
   = note: in function `legacy_p1_p11`: this function returns a non-void value that is discarded
   = hint: bind the result to a `let` and use it, or add `// znc:allow A0102` to suppress
warning[A0102]: ignored return value of `query` — result is discarded
  --> world_learn.zag:894
   = note: in function `legacy_p1_p11`: this function returns a non-void value that is discarded
   = hint: bind the result to a `let` and use it, or add `// znc:allow A0102` to suppress
warning[A0102]: ignored return value of `query` — result is discarded
  --> world_learn.zag:894
   = note: in function `legacy_p1_p11`: this function returns a non-void value that is discarded
   = hint: bind the result to a `let` and use it, or add `// znc:allow A0102` to suppress
warning[A0102]: ignored return value of `query` — result is discarded
  --> world_learn.zag:894
   = note: in function `legacy_p1_p11`: this function returns a non-void value that is discarded
   = hint: bind the result to a `let` and use it, or add `// znc:allow A0102` to suppress
warning[A0102]: ignored return value of `query` — result is discarded
  --> world_learn.zag:894
   = note: in function `legacy_p1_p11`: this function returns a non-void value that is discarded
   = hint: bind the result to a `let` and use it, or add `// znc:allow A0102` to suppress
warning[A0102]: ignored return value of `query` — result is discarded
  --> world_learn.zag:894
   = note: in function `legacy_p1_p11`: this function returns a non-void value that is discarded
   = hint: bind the result to a `let` and use it, or add `// znc:allow A0102` to suppress
warning[A0102]: ignored return value of `query` — result is discarded
  --> world_learn.zag:894
   = note: in function `legacy_p1_p11`: this function returns a non-void value that is discarded
   = hint: bind the result to a `let` and use it, or add `// znc:allow A0102` to suppress
warning[A0102]: ignored return value of `query` — result is discarded
  --> world_learn.zag:894
   = note: in function `legacy_p1_p11`: this function returns a non-void value that is discarded
   = hint: bind the result to a `let` and use it, or add `// znc:allow A0102` to suppress
warning[A0102]: ignored return value of `query` — result is discarded
  --> world_learn.zag:894
   = note: in function `legacy_p1_p11`: this function returns a non-void value that is discarded
   = hint: bind the result to a `let` and use it, or add `// znc:allow A0102` to suppress
warning[A0102]: ignored return value of `query` — result is discarded
  --> world_learn.zag:894
   = note: in function `legacy_p1_p11`: this function returns a non-void value that is discarded
   = hint: bind the result to a `let` and use it, or add `// znc:allow A0102` to suppress
warning[A0102]: ignored return value of `query` — result is discarded
  --> world_learn.zag:894
   = note: in function `legacy_p1_p11`: this function returns a non-void value that is discarded
   = hint: bind the result to a `let` and use it, or add `// znc:allow A0102` to suppress
warning[A0102]: ignored return value of `query` — result is discarded
  --> world_learn.zag:894
   = note: in function `legacy_p1_p11`: this function returns a non-void value that is discarded
   = hint: bind the result to a `let` and use it, or add `// znc:allow A0102` to suppress
warning[A0102]: ignored return value of `query` — result is discarded
  --> world_learn.zag:894
   = note: in function `legacy_p1_p11`: this function returns a non-void value that is discarded
   = hint: bind the result to a `let` and use it, or add `// znc:allow A0102` to suppress
warning[A0102]: ignored return value of `query` — result is discarded
  --> world_learn.zag:894
   = note: in function `legacy_p1_p11`: this function returns a non-void value that is discarded
   = hint: bind the result to a `let` and use it, or add `// znc:allow A0102` to suppress
warning[A0102]: ignored return value of `query` — result is discarded
  --> world_learn.zag:894
   = note: in function `legacy_p1_p11`: this function returns a non-void value that is discarded
   = hint: bind the result to a `let` and use it, or add `// znc:allow A0102` to suppress
warning[A0102]: ignored return value of `query` — result is discarded
  --> world_learn.zag:894
   = note: in function `legacy_p1_p11`: this function returns a non-void value that is discarded
   = hint: bind the result to a `let` and use it, or add `// znc:allow A0102` to suppress
warning[A0102]: ignored return value of `query` — result is discarded
  --> world_learn.zag:894
   = note: in function `legacy_p1_p11`: this function returns a non-void value that is discarded
   = hint: bind the result to a `let` and use it, or add `// znc:allow A0102` to suppress
warning[A0102]: ignored return value of `query` — result is discarded
  --> world_learn.zag:894
   = note: in function `legacy_p1_p11`: this function returns a non-void value that is discarded
   = hint: bind the result to a `let` and use it, or add `// znc:allow A0102` to suppress
warning[A0102]: ignored return value of `query` — result is discarded
  --> world_learn.zag:894
   = note: in function `legacy_p1_p11`: this function returns a non-void value that is discarded
   = hint: bind the result to a `let` and use it, or add `// znc:allow A0102` to suppress
warning[A0102]: ignored return value of `query` — result is discarded
  --> world_learn.zag:894
   = note: in function `legacy_p1_p11`: this function returns a non-void value that is discarded
   = hint: bind the result to a `let` and use it, or add `// znc:allow A0102` to suppress
warning[A0102]: ignored return value of `query` — result is discarded
  --> world_learn.zag:894
   = note: in function `legacy_p1_p11`: this function returns a non-void value that is discarded
   = hint: bind the result to a `let` and use it, or add `// znc:allow A0102` to suppress
warning[A0102]: ignored return value of `query` — result is discarded
  --> world_learn.zag:894
   = note: in function `legacy_p1_p11`: this function returns a non-void value that is discarded
   = hint: bind the result to a `let` and use it, or add `// znc:allow A0102` to suppress
warning[A0102]: ignored return value of `query` — result is discarded
  --> world_learn.zag:894
   = note: in function `legacy_p1_p11`: this function returns a non-void value that is discarded
   = hint: bind the result to a `let` and use it, or add `// znc:allow A0102` to suppress
warning[A0102]: ignored return value of `query` — result is discarded
  --> world_learn.zag:894
   = note: in function `legacy_p1_p11`: this function returns a non-void value that is discarded
   = hint: bind the result to a `let` and use it, or add `// znc:allow A0102` to suppress
warning[A0102]: ignored return value of `query` — result is discarded
  --> world_learn.zag:894
   = note: in function `legacy_p1_p11`: this function returns a non-void value that is discarded
   = hint: bind the result to a `let` and use it, or add `// znc:allow A0102` to suppress
warning[A0102]: ignored return value of `query` — result is discarded
  --> world_learn.zag:894
   = note: in function `legacy_p1_p11`: this function returns a non-void value that is discarded
   = hint: bind the result to a `let` and use it, or add `// znc:allow A0102` to suppress
warning[A0102]: ignored return value of `query` — result is discarded
  --> world_learn.zag:894
   = note: in function `legacy_p1_p11`: this function returns a non-void value that is discarded
   = hint: bind the result to a `let` and use it, or add `// znc:allow A0102` to suppress
warning[A0102]: ignored return value of `query` — result is discarded
  --> world_learn.zag:894
   = note: in function `legacy_p1_p11`: this function returns a non-void value that is discarded
   = hint: bind the result to a `let` and use it, or add `// znc:allow A0102` to suppress
warning[A0102]: ignored return value of `query` — result is discarded
  --> world_learn.zag:894
   = note: in function `legacy_p1_p11`: this function returns a non-void value that is discarded
   = hint: bind the result to a `let` and use it, or add `// znc:allow A0102` to suppress
warning[A0102]: ignored return value of `query` — result is discarded
  --> world_learn.zag:894
   = note: in function `legacy_p1_p11`: this function returns a non-void value that is discarded
   = hint: bind the result to a `let` and use it, or add `// znc:allow A0102` to suppress
warning[A0102]: ignored return value of `query` — result is discarded
  --> world_learn.zag:894
   = note: in function `legacy_p1_p11`: this function returns a non-void value that is discarded
   = hint: bind the result to a `let` and use it, or add `// znc:allow A0102` to suppress
warning[A0102]: ignored return value of `query` — result is discarded
  --> world_learn.zag:894
   = note: in function `legacy_p1_p11`: this function returns a non-void value that is discarded
   = hint: bind the result to a `let` and use it, or add `// znc:allow A0102` to suppress
warning[A0102]: ignored return value of `query` — result is discarded
  --> world_learn.zag:894
   = note: in function `legacy_p1_p11`: this function returns a non-void value that is discarded
   = hint: bind the result to a `let` and use it, or add `// znc:allow A0102` to suppress
znc: analyzer found 44 issue(s) (warnings above; use --analyze-strict to fail the build, --no-analyze to silence)
