S01-syntax-name  budget= 4 iters= 3 outcome=pass               1.4s
S02-arity-type   budget= 4 iters= 3 outcome=pass               0.9s
S03-dupfn-name   budget= 4 iters= 3 outcome=pass               1.6s
S04-syntax-arity budget= 4 iters= 3 outcome=pass               0.9s
S05-name-type    budget= 4 iters= 3 outcome=pass               1.1s
S06-syntax-type-name budget= 4 iters= 4 outcome=pass               0.8s
S07-arity-format budget= 4 iters= 3 outcome=pass               2.6s
S08-name-logic   budget= 4 iters= 3 outcome=pass               1.7s
S09-type-dupfn   budget= 4 iters= 3 outcome=pass               1.1s
S10-syntax-format budget= 4 iters= 3 outcome=pass               2.0s
S11-arity-name   budget= 4 iters= 3 outcome=pass               1.1s
S12-syntax-type-format budget= 4 iters= 4 outcome=pass               2.1s
G05-t4_countocc  budget= 4 iters= 1 outcome=pass               1.0s
G06-t4_sumprimes budget= 4 iters= 1 outcome=pass               0.9s
G07-t4_fibsum    budget= 4 iters= 1 outcome=pass               0.7s
G08-t4_selsort   budget= 4 iters= 1 outcome=pass               0.9s
G09-t4_countocc2 budget= 4 iters= 1 outcome=pass               1.2s
G10-t4_sumprimes2 budget= 4 iters= 1 outcome=pass               1.2s
X3-unprovable    budget= 4 iters= 1 outcome=halt-genfail       0.0s
X4-undefloop     budget= 4 iters= 1 outcome=halt-no-patch      0.7s
wrote runs/qb_d3_r2.json.fp_candidates.jsonl (17 precheck-fail sources)
wrote runs/qb_d3_r2.json digest 658a6f657cc49dd58b1a5767199dc5d90abc1c097d3237c637fc7228771e36cb znc_invocations 28 precheck 17/45
