S01-syntax-name  budget= 4 iters= 3 outcome=pass               1.2s
S02-arity-type   budget= 4 iters= 3 outcome=pass               0.3s
S03-dupfn-name   budget= 4 iters= 3 outcome=pass               0.9s
S04-syntax-arity budget= 4 iters= 3 outcome=pass               0.3s
S05-name-type    budget= 4 iters= 3 outcome=pass               0.7s
S06-syntax-type-name budget= 4 iters= 4 outcome=pass               1.0s
S07-arity-format budget= 4 iters= 3 outcome=pass               2.2s
S08-name-logic   budget= 4 iters= 3 outcome=pass               1.9s
S09-type-dupfn   budget= 4 iters= 3 outcome=pass               0.7s
S10-syntax-format budget= 4 iters= 3 outcome=pass               1.6s
S11-arity-name   budget= 4 iters= 3 outcome=pass               1.0s
S12-syntax-type-format budget= 4 iters= 4 outcome=pass               1.9s
G05-t4_countocc  budget= 4 iters= 1 outcome=pass               1.1s
G06-t4_sumprimes budget= 4 iters= 1 outcome=pass               0.7s
G07-t4_fibsum    budget= 4 iters= 1 outcome=pass               1.0s
G08-t4_selsort   budget= 4 iters= 1 outcome=pass               1.0s
G09-t4_countocc2 budget= 4 iters= 1 outcome=pass               0.5s
G10-t4_sumprimes2 budget= 4 iters= 1 outcome=pass               0.8s
X3-unprovable    budget= 4 iters= 1 outcome=halt-genfail       0.0s
X4-undefloop     budget= 4 iters= 1 outcome=halt-no-patch      1.0s
wrote runs/qb_d0_r2.json.fp_candidates.jsonl (17 precheck-fail sources)
wrote runs/qb_d0_r2.json digest dce739cd95143036d8f162e2bdb40b77c26980f2384df50f48426f80f405c6b9 znc_invocations 28 precheck 17/45
