ST_FINGERPRINT 284374054 ST_INVALID 0 ported B VUP 0 p2
ST_FINGERPRINT 283808843 ST_INVALID 0 ported B VUP 1 p2
ST_FINGERPRINT 283402807 ST_INVALID 0 ported B VUP 2 p2
ST_FINGERPRINT -488296024 ST_INVALID 1 ported B WBS 0 p2
ST_FINGERPRINT -488226022 ST_INVALID 1 ported B WBS 1 p2
ST_FINGERPRINT -488782059 ST_INVALID 1 ported B WBS 2 p2
ST_FINGERPRINT 1357812640 ST_INVALID 1 ported B JI 0 p2
ST_FINGERPRINT 1357448114 ST_INVALID 1 ported B JI 1 p2
ST_FINGERPRINT 1356805349 ST_INVALID 1 ported B JI 2 p2
ST_FINGERPRINT 1845458051 ST_INVALID 0 ported C VUP 0 p2
ST_FINGERPRINT 267832171 ST_INVALID 0 ported C VUP 1 p2
ST_FINGERPRINT 267426135 ST_INVALID 0 ported C VUP 2 p2
ST_FINGERPRINT -686263230 ST_INVALID 0 ported C WBS 0 p2
ST_FINGERPRINT -686198555 ST_INVALID 0 ported C WBS 1 p2
ST_FINGERPRINT -686711967 ST_INVALID 0 ported C WBS 2 p2
ST_FINGERPRINT -1023545034 ST_INVALID 0 ported C JI 0 p2
ST_FINGERPRINT 553208299 ST_INVALID 0 ported C JI 1 p2
ST_FINGERPRINT -1024503116 ST_INVALID 0 ported C JI 2 p2
ST_FINGERPRINT -184347542 ST_INVALID 0 ported C-P3 VUP 0 p2
ST_FINGERPRINT -1761967984 ST_INVALID 0 ported C-P3 VUP 1 p2
ST_FINGERPRINT -1762369914 ST_INVALID 0 ported C-P3 VUP 2 p2
ST_FINGERPRINT -1491377468 ST_INVALID 0 ported C-P3 WBS 0 p2
ST_FINGERPRINT -1491312325 ST_INVALID 0 ported C-P3 WBS 1 p2
ST_FINGERPRINT -1491825269 ST_INVALID 0 ported C-P3 WBS 2 p2
ST_FINGERPRINT 1845649024 ST_INVALID 0 ported C-P3 JI 0 p2
ST_FINGERPRINT -84028312 ST_INVALID 0 ported C-P3 JI 1 p2
ST_FINGERPRINT 1844692345 ST_INVALID 0 ported C-P3 JI 2 p2
ST_FINGERPRINT 284320256 ST_INVALID 0 ported B2 VUP 0 p2
ST_FINGERPRINT 283777171 ST_INVALID 0 ported B2 VUP 1 p2
ST_FINGERPRINT 283386416 ST_INVALID 0 ported B2 VUP 2 p2
ST_FINGERPRINT -488317817 ST_INVALID 1 ported B2 WBS 0 p2
ST_FINGERPRINT -488251885 ST_INVALID 1 ported B2 WBS 1 p2
ST_FINGERPRINT -488791457 ST_INVALID 1 ported B2 WBS 2 p2
ST_FINGERPRINT 1357761691 ST_INVALID 1 ported B2 JI 0 p2
ST_FINGERPRINT 1357411521 ST_INVALID 1 ported B2 JI 1 p2
ST_FINGERPRINT 1356788958 ST_INVALID 1 ported B2 JI 2 p2
