H6R-REGRESSION run_all:
C1 PASS
C2 PASS
C3 PASS
C4 PASS
C5 PASS
C6 PASS
C7 PASS
C8 PASS
C9 PASS
C10 PASS
C11 PASS
C12 PASS
C13 PASS
C14 PASS
C15 PASS
A1 PASS
A2 PASS
A3 PASS
A4 PASS
A5 PASS
A6 PASS
P1 PASS
F2 PASS
P2 PASS
P2b PASS
P3a PASS
P3b PASS
P4 PASS
P5 PASS
ABL-I PASS
ABL-C PASS
P6 PASS
P7 PASS
DV PASS
XCAP PASS
P-ACT3 null-root: got 0 want 0 PASS
R-PACT3 PASS
P-ACT1 s1->10: got 10 want 10 PASS
P-ACT1 s2->11: got 11 want 11 PASS
P-ACT1 s3->10: got 10 want 10 PASS
P-ACT1 3 guides: got 3 want 3 PASS
R-PACT1 PASS
P-ACT2 uncert->20: got 20 want 20 PASS
P-ACT2 decoy->21: got 21 want 21 PASS
P-ACT2 other->0: got 0 want 0 PASS
R-PACT2 PASS
P-ACT4 pre s1->10: got 10 want 10 PASS
P-ACT4 no-guides->0: got 0 want 0 PASS
P-ACT4 no-goal->0: got 0 want 0 PASS
P-ACT4 fact-alive: got 1 want 1 PASS
R-PACT4 PASS
P-ACT1 s1->10: got 10 want 10 PASS
P-ACT1 s2->11: got 11 want 11 PASS
P-ACT1 s3->10: got 10 want 10 PASS
P-ACT1 3 guides: got 3 want 3 PASS
P-ACT2 uncert->20: got 20 want 20 PASS
P-ACT2 decoy->21: got 21 want 21 PASS
P-ACT2 other->0: got 0 want 0 PASS
P-ACT5 one-handler-both-classes: PASS
R-PACT5 PASS
P-ACT6A pre s1->10: got 10 want 10 PASS
P-ACT6A evicted 5 nodes
P-ACT6A post->0: got 0 want 0 PASS
P-ACT6B evicted 5 nodes
P-ACT6B post s1->10: got 10 want 10 PASS
R-PACT6 PASS
T2-CHAIN4 PASS
T2-REJECT PASS
T2-INQUIRE PASS
T2-ACTLIVE PASS
T2-REVISE PASS
TOTAL 46/46
H6R-REGRESSION PASS
B1-PASS singleton dip 4->3 then recovery to 3; systematic 1->0->-1->-1 monotonic decline
B2-PASS lbid live at activate path (standing 1 vs bid 6)
B3-W1 pre-ablation accT=0/20 accC=0/20
B3-W1 post-ablation agreement=20/20
B3-W2 pre-ablation accT=20/20 accC=20/20
B3-W2 post-ablation agreement=20/20
B3-W3 pre-ablation accT=20/20 accC=20/20
B3-W3 post-ablation agreement=20/20
B3-W4 pre-ablation accT=10/20 accC=10/20
B3-W4 post-ablation agreement=20/20
B3-TOTAL accT=50/80 accC=50/80 margin_pts=0
B3 frozen bar: margin >= 15 points
B3-FAIL: margin below 15 points, KILL fires
B4-W1 first real eviction=6 nF=3 nH=2
B4 treatment did not evict high-frequency nF first
H6R-SUMMARY B1=1 B2=1 B3=0 B4=0
H6R-VERDICT: BUILD-FAIL
