== STEP 0 ==
WORLD_BEGIN
OBSERVED 1001 11 3
OBSERVED 1001 12 6
OBSERVED 1001 13 9
OBSERVED 1001 14 12
ANSWER 1001 20 -2
OBSERVED 1001 20 15
WORLD_END events=6 answers=1
STATE_SAVED
STEP_RESULT k=0 ans=-2 target=15 consec=0
== STEP 1 ==
WORLD_BEGIN
OBSERVED 1002 11 14
OBSERVED 1002 12 17
OBSERVED 1002 13 20
OBSERVED 1002 14 23
OBSERVED 1002 15 26
ANSWER 1002 20 -2
OBSERVED 1002 20 29
WORLD_END events=7 answers=1
STATE_SAVED
STEP_RESULT k=1 ans=-2 target=29 consec=0
== STEP 2 ==
WORLD_BEGIN
OBSERVED 1003 11 -5
OBSERVED 1003 12 -2
OBSERVED 1003 13 1
OBSERVED 1003 14 4
OBSERVED 1003 15 7
OBSERVED 1003 16 10
ANSWER 1003 20 -2
OBSERVED 1003 20 13
WORLD_END events=8 answers=1
STATE_SAVED
STEP_RESULT k=2 ans=-2 target=13 consec=0
== STEP 3 ==
WORLD_BEGIN
OBSERVED 1004 11 22
OBSERVED 1004 12 25
OBSERVED 1004 13 28
OBSERVED 1004 14 31
ANSWER 1004 20 -2
OBSERVED 1004 20 34
WORLD_END events=6 answers=1
STATE_SAVED
STEP_RESULT k=3 ans=-2 target=34 consec=0
== STEP 4 ==
WORLD_BEGIN
OBSERVED 1005 11 40
OBSERVED 1005 12 43
OBSERVED 1005 13 46
OBSERVED 1005 14 49
OBSERVED 1005 15 52
ANSWER 1005 20 -2
OBSERVED 1005 20 55
WORLD_END events=7 answers=1
STATE_SAVED
STEP_RESULT k=4 ans=-2 target=55 consec=0
== STEP 5 ==
WORLD_BEGIN
OBSERVED 1006 11 2
OBSERVED 1006 12 9
OBSERVED 1006 13 16
OBSERVED 1006 14 23
ANSWER 1006 20 -2
OBSERVED 1006 20 30
WORLD_END events=6 answers=1
STATE_SAVED
STEP_RESULT k=5 ans=-2 target=30 consec=0
== STEP 6 ==
WORLD_BEGIN
OBSERVED 1007 11 -11
OBSERVED 1007 12 -4
OBSERVED 1007 13 3
OBSERVED 1007 14 10
OBSERVED 1007 15 17
ANSWER 1007 20 -2
OBSERVED 1007 20 24
WORLD_END events=7 answers=1
STATE_SAVED
STEP_RESULT k=6 ans=-2 target=24 consec=0
== STEP 7 ==
WORLD_BEGIN
OBSERVED 1008 11 30
OBSERVED 1008 12 37
OBSERVED 1008 13 44
OBSERVED 1008 14 51
OBSERVED 1008 15 58
OBSERVED 1008 16 65
ANSWER 1008 20 -2
OBSERVED 1008 20 72
WORLD_END events=8 answers=1
STATE_SAVED
STEP_RESULT k=7 ans=-2 target=72 consec=0
== STEP 8 ==
WORLD_BEGIN
OBSERVED 1009 11 8
OBSERVED 1009 12 15
OBSERVED 1009 13 22
OBSERVED 1009 14 29
ANSWER 1009 20 -2
OBSERVED 1009 20 36
WORLD_END events=6 answers=1
STATE_SAVED
STEP_RESULT k=8 ans=-2 target=36 consec=0
== STEP 9 ==
WORLD_BEGIN
OBSERVED 1010 11 20
OBSERVED 1010 12 16
OBSERVED 1010 13 12
OBSERVED 1010 14 8
ANSWER 1010 20 -2
OBSERVED 1010 20 4
WORLD_END events=6 answers=1
STATE_SAVED
STEP_RESULT k=9 ans=-2 target=4 consec=0
== STEP 10 ==
WORLD_BEGIN
OBSERVED 1011 11 5
OBSERVED 1011 12 1
OBSERVED 1011 13 -3
OBSERVED 1011 14 -7
OBSERVED 1011 15 -11
ANSWER 1011 20 -2
OBSERVED 1011 20 -15
WORLD_END events=7 answers=1
STATE_SAVED
STEP_RESULT k=10 ans=-2 target=-15 consec=0
== STEP 11 ==
WORLD_BEGIN
OBSERVED 1012 11 -3
OBSERVED 1012 12 -7
OBSERVED 1012 13 -11
OBSERVED 1012 14 -15
OBSERVED 1012 15 -19
OBSERVED 1012 16 -23
ANSWER 1012 20 -2
OBSERVED 1012 20 -27
WORLD_END events=8 answers=1
STATE_SAVED
STEP_RESULT k=11 ans=-2 target=-27 consec=0
== STEP 12 ==
WORLD_BEGIN
OBSERVED 1013 11 33
OBSERVED 1013 12 29
OBSERVED 1013 13 25
OBSERVED 1013 14 21
ANSWER 1013 20 -2
OBSERVED 1013 20 17
WORLD_END events=6 answers=1
STATE_SAVED
STEP_RESULT k=12 ans=-2 target=17 consec=0
== STEP 13 ==
WORLD_BEGIN
OBSERVED 1014 11 1
OBSERVED 1014 12 13
OBSERVED 1014 13 25
OBSERVED 1014 14 37
ANSWER 1014 20 -2
OBSERVED 1014 20 49
WORLD_END events=6 answers=1
STATE_SAVED
STEP_RESULT k=13 ans=-2 target=49 consec=0
== STEP 14 ==
WORLD_BEGIN
OBSERVED 1015 11 -20
OBSERVED 1015 12 -8
OBSERVED 1015 13 4
OBSERVED 1015 14 16
OBSERVED 1015 15 28
ANSWER 1015 20 -2
OBSERVED 1015 20 40
WORLD_END events=7 answers=1
STATE_SAVED
STEP_RESULT k=14 ans=-2 target=40 consec=0
== STEP 15 ==
WORLD_BEGIN
OBSERVED 1016 11 15
OBSERVED 1016 12 27
OBSERVED 1016 13 39
OBSERVED 1016 14 51
OBSERVED 1016 15 63
OBSERVED 1016 16 75
ANSWER 1016 20 -2
OBSERVED 1016 20 87
WORLD_END events=8 answers=1
STATE_SAVED
STEP_RESULT k=15 ans=-2 target=87 consec=0
== STEP 16 ==
WORLD_BEGIN
OBSERVED 1017 11 50
OBSERVED 1017 12 41
OBSERVED 1017 13 32
OBSERVED 1017 14 23
ANSWER 1017 20 -2
OBSERVED 1017 20 14
WORLD_END events=6 answers=1
STATE_SAVED
STEP_RESULT k=16 ans=-2 target=14 consec=0
== STEP 17 ==
WORLD_BEGIN
OBSERVED 1018 11 12
OBSERVED 1018 12 3
OBSERVED 1018 13 -6
OBSERVED 1018 14 -15
OBSERVED 1018 15 -24
ANSWER 1018 20 -2
OBSERVED 1018 20 -33
WORLD_END events=7 answers=1
STATE_SAVED
STEP_RESULT k=17 ans=-2 target=-33 consec=0
