ST_CELL,TNC,A5,1,0,S1,500
ST_TARGET,0,0
ST_AUDIT,ORIGIN,0,770,0
ST_QUORUM,0,0,0,0
ST_AUDIT,ORIGIN,1,771,1
ST_AUDIT,ORIGIN,2,772,2
ST_AUDIT,ORIGIN,3,773,3
ST_AUDIT,ORIGIN,4,774,4
ST_AUDIT,ORIGIN,5,770,5
ST_AUDIT,ORIGIN,6,771,6
ST_AUDIT,ORIGIN,7,772,7
ST_AUDIT,ORIGIN,8,773,8
ST_AUDIT,ORIGIN,9,774,9
ST_AUDIT,ORIGIN,10,770,10
ST_AUDIT,ORIGIN,11,771,11
ST_AUDIT,ORIGIN,12,772,12
ST_AUDIT,ORIGIN,13,773,13
ST_AUDIT,ORIGIN,14,774,14
ST_AUDIT,ORIGIN,15,770,15
ST_AUDIT,ORIGIN,16,771,16
ST_AUDIT,ORIGIN,17,772,17
ST_AUDIT,ORIGIN,18,773,18
ST_AUDIT,ORIGIN,19,774,19
ST_AUDIT,ORIGIN,20,770,20
ST_AUDIT,ORIGIN,21,771,21
ST_AUDIT,ORIGIN,22,772,22
ST_AUDIT,ORIGIN,23,773,23
ST_AUDIT,TIER_GRADUATED,0,772,25
ST_AUDIT,TIER_GRADUATED,0,774,25
ST_AUDIT,TIER_GRADUATED,0,771,25
ST_AUDIT,TIER_GRADUATED,1,773,26
ST_AUDIT,TIER_GRADUATED,1,770,26
ST_REV,0,50,1777
ST_QUORUM,50,2,2,1
ST_REV,0,51,1000
ST_REV,0,52,1777
ST_REV,0,53,1000
ST_REV,0,54,1777
ST_REV,0,55,1000
ST_REV,0,56,1777
ST_REV,0,57,1000
ST_REV,0,58,1777
ST_REV,0,59,1000
ST_REV,0,60,1777
ST_REV,0,61,1000
ST_REV,0,62,1777
ST_REV,0,63,1000
ST_REV,0,64,1777
ST_REV,0,65,1000
ST_REV,0,66,1777
ST_REV,0,67,1000
ST_REV,0,68,1777
ST_REV,0,69,1000
ST_REV,0,70,1777
ST_REV,0,71,1000
ST_REV,0,72,1777
ST_REV,0,73,1000
ST_REV,0,74,1777
ST_REV,0,75,1000
ST_REV,0,76,1777
ST_REV,0,77,1000
ST_QUORUM,100,4,2,1
ST_QUORUM,150,0,0,0
ST_QUORUM,200,0,0,0
ST_QUORUM,250,0,0,0
ST_QUORUM,300,0,0,0
ST_QUORUM,350,0,0,0
ST_QUORUM,400,0,0,0
ST_QUORUM,450,0,0,0
ST_QUORUM,499,0,0,0
ST_CHECK,refusals,0
ST_CHECK,replay,0
ST_CHECK,provenance,0
ST_SRR,0,0,1
ST_FCR,235,0
ST_TAXONOMY,0,CORRUPTED
ST_TTD_COLLUSION,-1
ST_FREEZE,0,0,0
ST_RECOVERY,-1
ST_REV_LATENCY,-1
ST_DENIAL,0
ST_GENUINE_FLAGGED,0
ST_A6_MAXSTR,-1
ST_GATE_REFUSED,0
ST_B_SUSPECT,0
ST_STR_REFUSED,0
ST_T01_WINDOW,0,76
ST_FP,0,c24ae4a3811ca5b3f94aad7d6a789680043a9db4f0c3e4848602b97dd5a11efa,5597143
ST_DONE
