ST_CELL,T,A1,1,9,S1,500
ST_TARGET,9,9
ST_AUDIT,ORIGIN,0,770,0
ST_QUORUM,0,0,0,0
ST_AUDIT,ORIGIN,1,771,1
ST_AUDIT,ORIGIN,2,772,2
ST_AUDIT,ORIGIN,3,773,3
ST_AUDIT,ORIGIN,4,774,4
ST_AUDIT,ORIGIN,5,770,5
ST_AUDIT,ORIGIN,6,771,6
ST_AUDIT,ORIGIN,7,772,7
ST_AUDIT,ORIGIN,8,773,8
ST_AUDIT,ORIGIN,9,774,9
ST_AUDIT,ORIGIN,10,770,10
ST_AUDIT,ORIGIN,11,771,11
ST_AUDIT,ORIGIN,12,772,12
ST_AUDIT,ORIGIN,13,773,13
ST_AUDIT,ORIGIN,14,774,14
ST_AUDIT,ORIGIN,15,770,15
ST_AUDIT,ORIGIN,16,771,16
ST_AUDIT,ORIGIN,17,772,17
ST_AUDIT,ORIGIN,18,773,18
ST_AUDIT,ORIGIN,19,774,19
ST_AUDIT,ORIGIN,20,770,20
ST_AUDIT,ORIGIN,21,771,21
ST_AUDIT,ORIGIN,22,772,22
ST_AUDIT,ORIGIN,23,773,23
ST_AUDIT,TIER_GRADUATED,0,772,25
ST_AUDIT,TIER_GRADUATED,0,774,25
ST_AUDIT,TIER_GRADUATED,0,771,25
ST_AUDIT,TIER_GRADUATED,1,773,26
ST_AUDIT,TIER_GRADUATED,1,770,26
ST_AUDIT,COLLUSION_SUSPECT,9,83886593,14630959
ST_AUDIT,COLLUSION_SUSPECT,9,83952385,14630959
ST_AUDIT,COLLUSION_SUSPECT,9,84018177,14630959
ST_AUDIT,COLLUSION_SUSPECT,9,84083969,14630959
ST_AUDIT,COLLUSION_SUSPECT,9,84149761,14630959
ST_AUDIT,TRAINER_ESCALATE,9,1,47
ST_AUDIT,GATE_REFUSED,9,0,47
ST_AUDIT,COLLUSION_SUSPECT,9,83886593,14630960
ST_AUDIT,COLLUSION_SUSPECT,9,83952385,14630960
ST_AUDIT,COLLUSION_SUSPECT,9,84018177,14630960
ST_AUDIT,COLLUSION_SUSPECT,9,84083969,14630960
ST_AUDIT,COLLUSION_SUSPECT,9,84149761,14630960
ST_AUDIT,TRAINER_ESCALATE,9,1,48
ST_AUDIT,GATE_REFUSED,9,0,48
ST_AUDIT,COLLUSION_SUSPECT,9,83886593,14630961
ST_AUDIT,COLLUSION_SUSPECT,9,83952385,14630961
ST_AUDIT,COLLUSION_SUSPECT,9,84018177,14630961
ST_AUDIT,COLLUSION_SUSPECT,9,84083969,14630961
ST_AUDIT,COLLUSION_SUSPECT,9,84149761,14630961
ST_AUDIT,TRAINER_ESCALATE,9,1,49
ST_AUDIT,GATE_REFUSED,9,0,49
ST_AUDIT,COLLUSION_SUSPECT,9,83886593,14630962
ST_AUDIT,COLLUSION_SUSPECT,9,83952385,14630962
ST_AUDIT,COLLUSION_SUSPECT,9,84018177,14630962
ST_AUDIT,COLLUSION_SUSPECT,9,84083969,14630962
ST_AUDIT,COLLUSION_SUSPECT,9,84149761,14630962
ST_AUDIT,TRAINER_ESCALATE,9,1,50
ST_AUDIT,GATE_REFUSED,9,0,50
ST_QUORUM,50,0,0,0
ST_AUDIT,CHANNEL_DISTRUSTED,0,513,51
ST_AUDIT,CHANNEL_DISTRUSTED,0,769,51
ST_AUDIT,CHANNEL_DISTRUSTED,0,1025,51
ST_AUDIT,CHANNEL_DISTRUSTED,0,1281,51
ST_AUDIT,CHANNEL_DISTRUSTED,0,1537,51
ST_AUDIT,GATE_REFUSED,9,0,51
ST_AUDIT,GATE_REFUSED,9,0,52
ST_AUDIT,GATE_REFUSED,9,0,53
ST_AUDIT,GATE_REFUSED,9,0,54
ST_AUDIT,GATE_REFUSED,9,0,55
ST_AUDIT,GATE_REFUSED,9,0,56
ST_AUDIT,GATE_REFUSED,9,0,57
ST_AUDIT,GATE_REFUSED,9,0,58
ST_AUDIT,GATE_REFUSED,9,0,59
ST_AUDIT,GATE_REFUSED,9,0,60
ST_AUDIT,GATE_REFUSED,9,0,61
ST_AUDIT,GATE_REFUSED,9,0,62
ST_AUDIT,GATE_REFUSED,9,0,63
ST_AUDIT,GATE_REFUSED,9,0,64
ST_AUDIT,GATE_REFUSED,9,0,65
ST_AUDIT,GATE_REFUSED,9,0,66
ST_AUDIT,GATE_REFUSED,9,0,67
ST_AUDIT,GATE_REFUSED,9,0,68
ST_AUDIT,GATE_REFUSED,9,0,69
ST_AUDIT,GATE_REFUSED,9,0,70
ST_AUDIT,GATE_REFUSED,9,0,71
ST_AUDIT,GATE_REFUSED,9,0,72
ST_AUDIT,GATE_REFUSED,9,0,73
ST_AUDIT,GATE_REFUSED,9,0,74
ST_AUDIT,GATE_REFUSED,9,0,75
ST_AUDIT,GATE_REFUSED,9,0,76
ST_QUORUM,100,0,0,0
ST_AUDIT,FREEZE_LAPSED,9,0,102
ST_QUORUM,150,0,0,0
ST_AUDIT,REHABILITATED_PROBATION,0,1537,182
ST_AUDIT,REHABILITATED_PROBATION,0,769,183
ST_AUDIT,REHABILITATED_PROBATION,0,1025,184
ST_AUDIT,REHABILITATED_PROBATION,0,513,186
ST_AUDIT,REHABILITATED_PROBATION,0,1281,188
ST_QUORUM,200,0,0,0
ST_QUORUM,250,0,0,0
ST_QUORUM,300,0,0,0
ST_QUORUM,350,0,0,0
ST_QUORUM,400,0,0,0
ST_QUORUM,450,0,0,0
ST_QUORUM,499,0,0,0
ST_CHECK,refusals,0
ST_CHECK,replay,0
ST_CHECK,provenance,0
ST_SRR,9,0,0
ST_FCR,0,0
ST_TAXONOMY,9,DEGRADED_GRACEFUL
ST_TTD_COLLUSION,0
ST_DISTTRUST,2,4
ST_DISTTRUST,3,4
ST_DISTTRUST,4,4
ST_DISTTRUST,5,4
ST_DISTTRUST,6,4
ST_FREEZE,9,54,1
ST_RECOVERY,-1
ST_REV_LATENCY,-1
ST_DENIAL,0
ST_GENUINE_FLAGGED,0
ST_A6_MAXSTR,-1
ST_GATE_REFUSED,30
ST_B_SUSPECT,0
ST_STR_REFUSED,0
ST_T01_WINDOW,9,46
ST_FP,0,dae52390b5074e99c7970339252dffed95c44fe3e3143475f323da546ce931d2,5576267
ST_DONE
