ST_CELL,T,A6,0,0,S1,500
ST_TARGET,0,0
ST_AUDIT,ORIGIN,0,257,0
ST_QUORUM,0,0,0,0
ST_AUDIT,ORIGIN,1,0,1
ST_AUDIT,ORIGIN,2,0,2
ST_AUDIT,ORIGIN,3,0,3
ST_AUDIT,ORIGIN,4,0,4
ST_AUDIT,ORIGIN,5,0,5
ST_AUDIT,ORIGIN,6,0,6
ST_AUDIT,ORIGIN,7,0,7
ST_AUDIT,ORIGIN,8,0,8
ST_AUDIT,ORIGIN,9,0,9
ST_AUDIT,ORIGIN,10,0,10
ST_AUDIT,ORIGIN,11,0,11
ST_AUDIT,ORIGIN,12,772,12
ST_AUDIT,ORIGIN,13,773,13
ST_AUDIT,ORIGIN,14,774,14
ST_AUDIT,ORIGIN,15,770,15
ST_AUDIT,ORIGIN,16,771,16
ST_AUDIT,ORIGIN,17,772,17
ST_AUDIT,ORIGIN,18,773,18
ST_AUDIT,ORIGIN,19,774,19
ST_AUDIT,ORIGIN,20,770,20
ST_AUDIT,ORIGIN,21,771,21
ST_AUDIT,ORIGIN,22,772,22
ST_AUDIT,ORIGIN,23,773,23
ST_AUDIT,TIER_GRADUATED,1,773,26
ST_AUDIT,TIER_GRADUATED,1,770,26
ST_AUDIT,TIER_GRADUATED,1,772,26
ST_AUDIT,TIER_GRADUATED,1,774,26
ST_AUDIT,TIER_GRADUATED,2,771,28
ST_AUDIT,STRENGTHEN_REFUSED,0,258,40
ST_AUDIT,STRENGTHEN_REFUSED,0,258,41
ST_AUDIT,STRENGTHEN_REFUSED,0,258,42
ST_AUDIT,STRENGTHEN_REFUSED,0,258,43
ST_AUDIT,STRENGTHEN_REFUSED,0,258,44
ST_AUDIT,STRENGTHEN_REFUSED,0,258,45
ST_AUDIT,STRENGTHEN_REFUSED,0,258,46
ST_AUDIT,STRENGTHEN_REFUSED,0,258,47
ST_AUDIT,STRENGTHEN_REFUSED,0,258,48
ST_AUDIT,STRENGTHEN_REFUSED,0,258,49
ST_AUDIT,STRENGTHEN_REFUSED,0,258,50
ST_QUORUM,50,0,0,0
ST_AUDIT,STRENGTHEN_REFUSED,0,258,51
ST_AUDIT,STRENGTHEN_REFUSED,0,258,52
ST_AUDIT,STRENGTHEN_REFUSED,0,258,53
ST_AUDIT,STRENGTHEN_REFUSED,0,258,54
ST_AUDIT,STRENGTHEN_REFUSED,0,258,55
ST_AUDIT,STRENGTHEN_REFUSED,0,258,56
ST_AUDIT,STRENGTHEN_REFUSED,0,258,57
ST_AUDIT,STRENGTHEN_REFUSED,0,258,58
ST_AUDIT,STRENGTHEN_REFUSED,0,258,59
ST_AUDIT,STRENGTHEN_REFUSED,0,258,60
ST_AUDIT,STRENGTHEN_REFUSED,0,258,61
ST_AUDIT,STRENGTHEN_REFUSED,0,258,62
ST_AUDIT,STRENGTHEN_REFUSED,0,258,63
ST_AUDIT,STRENGTHEN_REFUSED,0,258,64
ST_AUDIT,STRENGTHEN_REFUSED,0,258,65
ST_AUDIT,STRENGTHEN_REFUSED,0,258,66
ST_AUDIT,STRENGTHEN_REFUSED,0,258,67
ST_AUDIT,STRENGTHEN_REFUSED,0,258,68
ST_AUDIT,STRENGTHEN_REFUSED,0,258,69
ST_QUORUM,100,0,0,0
ST_QUORUM,150,0,0,0
ST_QUORUM,200,0,0,0
ST_QUORUM,250,0,0,0
ST_QUORUM,300,0,0,0
ST_QUORUM,350,0,0,0
ST_QUORUM,400,0,0,0
ST_QUORUM,450,0,0,0
ST_QUORUM,499,0,0,0
ST_CHECK,refusals,0
ST_CHECK,replay,0
ST_CHECK,provenance,0
ST_SRR,0,0,0
ST_FCR,0,60
ST_TAXONOMY,0,HOLD
ST_TTD_COLLUSION,-1
ST_FREEZE,0,0,0
ST_RECOVERY,-1
ST_REV_LATENCY,-1
ST_DENIAL,0
ST_GENUINE_FLAGGED,0
ST_A6_MAXSTR,50
ST_GATE_REFUSED,0
ST_B_SUSPECT,0
ST_STR_REFUSED,30
ST_T01_WINDOW,0,0
ST_FP,0,f733eef894fbd4a06e5ae7bd5432396ccb04d22b1ab2f9ec0f401965bc6728b1,5501326
ST_DONE
