ST_CELL,T,N0,2,10,S1,500
ST_TARGET,10,10
ST_AUDIT,ORIGIN,0,257,0
ST_QUORUM,0,0,0,0
ST_AUDIT,ORIGIN,1,257,1
ST_AUDIT,ORIGIN,2,257,2
ST_AUDIT,ORIGIN,3,257,3
ST_AUDIT,ORIGIN,4,257,4
ST_AUDIT,ORIGIN,5,257,5
ST_AUDIT,ORIGIN,6,257,6
ST_AUDIT,ORIGIN,7,257,7
ST_AUDIT,ORIGIN,8,257,8
ST_AUDIT,ORIGIN,9,257,9
ST_AUDIT,ORIGIN,10,257,10
ST_AUDIT,ORIGIN,11,257,11
ST_AUDIT,ORIGIN,12,772,12
ST_AUDIT,ORIGIN,13,773,13
ST_AUDIT,ORIGIN,14,774,14
ST_AUDIT,ORIGIN,15,770,15
ST_AUDIT,ORIGIN,16,771,16
ST_AUDIT,ORIGIN,17,772,17
ST_AUDIT,ORIGIN,18,773,18
ST_AUDIT,ORIGIN,19,774,19
ST_AUDIT,ORIGIN,20,770,20
ST_AUDIT,ORIGIN,21,771,21
ST_AUDIT,ORIGIN,22,772,22
ST_AUDIT,ORIGIN,23,773,23
ST_AUDIT,TIER_GRADUATED,0,772,25
ST_AUDIT,TIER_GRADUATED,0,774,25
ST_AUDIT,TIER_GRADUATED,0,771,25
ST_AUDIT,TIER_GRADUATED,1,773,26
ST_AUDIT,TIER_GRADUATED,1,770,26
ST_QUORUM,50,0,0,0
ST_QUORUM,100,0,0,0
ST_REV,10,123,1110
ST_QUORUM,150,0,0,0
ST_QUORUM,200,0,0,0
ST_AUDIT,COLLUSION_SUSPECT,4,33554945,9044188
ST_AUDIT,COLLUSION_SUSPECT,4,33620737,9044188
ST_AUDIT,TRAINER_ESCALATE,4,1,220
ST_AUDIT,GATE_REFUSED,4,0,220
ST_AUDIT,COLLUSION_SUSPECT,4,33554945,9044189
ST_AUDIT,COLLUSION_SUSPECT,4,33620737,9044189
ST_AUDIT,TRAINER_ESCALATE,4,1,221
ST_AUDIT,GATE_REFUSED,4,0,221
ST_AUDIT,COLLUSION_SUSPECT,4,33554945,9044190
ST_AUDIT,COLLUSION_SUSPECT,4,33620737,9044190
ST_AUDIT,TRAINER_ESCALATE,4,1,222
ST_AUDIT,GATE_REFUSED,4,0,222
ST_AUDIT,COLLUSION_SUSPECT,4,33554945,9044191
ST_AUDIT,COLLUSION_SUSPECT,4,33620737,9044191
ST_AUDIT,TRAINER_ESCALATE,4,1,223
ST_AUDIT,GATE_REFUSED,4,0,223
ST_AUDIT,COLLUSION_SUSPECT,4,33554945,9044192
ST_AUDIT,COLLUSION_SUSPECT,4,33620737,9044192
ST_AUDIT,TRAINER_ESCALATE,4,1,224
ST_AUDIT,GATE_REFUSED,4,0,224
ST_AUDIT,COLLUSION_SUSPECT,4,33554945,9044193
ST_AUDIT,COLLUSION_SUSPECT,4,33620737,9044193
ST_AUDIT,TRAINER_ESCALATE,4,1,225
ST_AUDIT,GATE_REFUSED,4,0,225
ST_AUDIT,COLLUSION_SUSPECT,4,33554945,9044194
ST_AUDIT,COLLUSION_SUSPECT,4,33620737,9044194
ST_AUDIT,TRAINER_ESCALATE,4,1,226
ST_AUDIT,GATE_REFUSED,4,0,226
ST_AUDIT,COLLUSION_SUSPECT,4,33554945,9044195
ST_AUDIT,COLLUSION_SUSPECT,4,33620737,9044195
ST_AUDIT,TRAINER_ESCALATE,4,1,227
ST_AUDIT,GATE_REFUSED,4,0,227
ST_AUDIT,COLLUSION_SUSPECT,4,33554945,9044196
ST_AUDIT,COLLUSION_SUSPECT,4,33620737,9044196
ST_AUDIT,TRAINER_ESCALATE,4,1,228
ST_AUDIT,GATE_REFUSED,4,0,228
ST_AUDIT,COLLUSION_SUSPECT,4,33554945,9044197
ST_AUDIT,COLLUSION_SUSPECT,4,33620737,9044197
ST_AUDIT,TRAINER_ESCALATE,4,1,229
ST_AUDIT,GATE_REFUSED,4,0,229
ST_QUORUM,250,0,0,0
ST_AUDIT,FREEZE_LAPSED,4,0,255
ST_QUORUM,300,0,0,0
ST_QUORUM,350,0,0,0
ST_QUORUM,400,0,0,0
ST_QUORUM,450,0,0,0
ST_QUORUM,499,0,0,0
ST_CHECK,refusals,0
ST_CHECK,replay,0
ST_CHECK,provenance,0
ST_SRR,10,0,0
ST_SRR,4,0,0
ST_FCR,0,0
ST_TAXONOMY,10,GENUINE_REVISED
ST_TAXONOMY,4,BLIND
ST_TTD_COLLUSION,-1
ST_FREEZE,10,0,0
ST_RECOVERY,-1
ST_REV_LATENCY,3
ST_DENIAL,0
ST_GENUINE_FLAGGED,1
ST_A6_MAXSTR,-1
ST_GATE_REFUSED,10
ST_B_SUSPECT,0
ST_STR_REFUSED,0
ST_T01_WINDOW,10,78
ST_T01_WINDOW,4,0
ST_FP,0,a893e718dd738e2f49a813c12fbd66d510a2a882f769f4420048af7ea59519b5,5502445
ST_DONE
