ST_CELL,T,N0,0,0,S1,500
ST_TARGET,0,0
ST_AUDIT,ORIGIN,0,0,0
ST_QUORUM,0,0,0,0
ST_AUDIT,ORIGIN,1,0,1
ST_AUDIT,ORIGIN,2,0,2
ST_AUDIT,ORIGIN,3,0,3
ST_AUDIT,ORIGIN,4,0,4
ST_AUDIT,ORIGIN,5,0,5
ST_AUDIT,ORIGIN,6,0,6
ST_AUDIT,ORIGIN,7,0,7
ST_AUDIT,ORIGIN,8,0,8
ST_AUDIT,ORIGIN,9,0,9
ST_AUDIT,ORIGIN,10,0,10
ST_AUDIT,ORIGIN,11,0,11
ST_AUDIT,ORIGIN,12,772,12
ST_AUDIT,ORIGIN,13,773,13
ST_AUDIT,ORIGIN,14,774,14
ST_AUDIT,ORIGIN,15,770,15
ST_AUDIT,ORIGIN,16,771,16
ST_AUDIT,ORIGIN,17,772,17
ST_AUDIT,ORIGIN,18,773,18
ST_AUDIT,ORIGIN,19,774,19
ST_AUDIT,ORIGIN,20,770,20
ST_AUDIT,ORIGIN,21,771,21
ST_AUDIT,ORIGIN,22,772,22
ST_AUDIT,ORIGIN,23,773,23
ST_AUDIT,TIER_GRADUATED,0,772,25
ST_AUDIT,TIER_GRADUATED,0,774,25
ST_AUDIT,TIER_GRADUATED,0,771,25
ST_AUDIT,TIER_GRADUATED,1,773,26
ST_AUDIT,TIER_GRADUATED,1,770,26
ST_QUORUM,50,0,0,0
ST_QUORUM,100,2,2,1
ST_REV,0,103,1100
ST_QUORUM,150,0,0,0
ST_AUDIT,COLLUSION_SUSPECT,6,33554945,9060552
ST_AUDIT,COLLUSION_SUSPECT,6,33620737,9060552
ST_AUDIT,TRAINER_ESCALATE,6,1,200
ST_AUDIT,GATE_REFUSED,6,0,200
ST_QUORUM,200,0,0,0
ST_AUDIT,COLLUSION_SUSPECT,6,33554945,9060553
ST_AUDIT,COLLUSION_SUSPECT,6,33620737,9060553
ST_AUDIT,TRAINER_ESCALATE,6,1,201
ST_AUDIT,GATE_REFUSED,6,0,201
ST_AUDIT,COLLUSION_SUSPECT,6,33554945,9060554
ST_AUDIT,COLLUSION_SUSPECT,6,33620737,9060554
ST_AUDIT,TRAINER_ESCALATE,6,1,202
ST_AUDIT,GATE_REFUSED,6,0,202
ST_AUDIT,COLLUSION_SUSPECT,6,33554945,9060555
ST_AUDIT,COLLUSION_SUSPECT,6,33620737,9060555
ST_AUDIT,TRAINER_ESCALATE,6,1,203
ST_AUDIT,GATE_REFUSED,6,0,203
ST_AUDIT,COLLUSION_SUSPECT,6,33554945,9060556
ST_AUDIT,COLLUSION_SUSPECT,6,33620737,9060556
ST_AUDIT,TRAINER_ESCALATE,6,1,204
ST_AUDIT,GATE_REFUSED,6,0,204
ST_AUDIT,COLLUSION_SUSPECT,6,33554945,9060557
ST_AUDIT,COLLUSION_SUSPECT,6,33620737,9060557
ST_AUDIT,TRAINER_ESCALATE,6,1,205
ST_AUDIT,GATE_REFUSED,6,0,205
ST_AUDIT,COLLUSION_SUSPECT,6,33554945,9060558
ST_AUDIT,COLLUSION_SUSPECT,6,33620737,9060558
ST_AUDIT,TRAINER_ESCALATE,6,1,206
ST_AUDIT,GATE_REFUSED,6,0,206
ST_AUDIT,COLLUSION_SUSPECT,6,33554945,9060559
ST_AUDIT,COLLUSION_SUSPECT,6,33620737,9060559
ST_AUDIT,TRAINER_ESCALATE,6,1,207
ST_AUDIT,GATE_REFUSED,6,0,207
ST_AUDIT,COLLUSION_SUSPECT,6,33554945,9060560
ST_AUDIT,COLLUSION_SUSPECT,6,33620737,9060560
ST_AUDIT,TRAINER_ESCALATE,6,1,208
ST_AUDIT,GATE_REFUSED,6,0,208
ST_AUDIT,COLLUSION_SUSPECT,6,33554945,9060561
ST_AUDIT,COLLUSION_SUSPECT,6,33620737,9060561
ST_AUDIT,TRAINER_ESCALATE,6,1,209
ST_AUDIT,GATE_REFUSED,6,0,209
ST_AUDIT,FREEZE_LAPSED,6,0,235
ST_QUORUM,250,0,0,0
ST_QUORUM,300,0,0,0
ST_QUORUM,350,0,0,0
ST_QUORUM,400,0,0,0
ST_QUORUM,450,0,0,0
ST_QUORUM,499,0,0,0
ST_CHECK,refusals,0
ST_CHECK,replay,0
ST_CHECK,provenance,0
ST_SRR,0,0,0
ST_SRR,6,0,0
ST_FCR,0,0
ST_TAXONOMY,0,GENUINE_REVISED
ST_TAXONOMY,6,BLIND
ST_TTD_COLLUSION,-1
ST_FREEZE,0,0,0
ST_RECOVERY,-1
ST_REV_LATENCY,3
ST_DENIAL,0
ST_GENUINE_FLAGGED,1
ST_A6_MAXSTR,-1
ST_GATE_REFUSED,10
ST_B_SUSPECT,0
ST_STR_REFUSED,0
ST_T01_WINDOW,0,78
ST_T01_WINDOW,6,0
ST_FP,0,c93c1182126d0265bb7eed790841a644941a165284ff12990fd36ec8cb524fe1,5502583
ST_DONE
