ST_CELL,T,N0,2,11,S1,500
ST_TARGET,11,11
ST_AUDIT,ORIGIN,0,257,0
ST_QUORUM,0,0,0,0
ST_AUDIT,ORIGIN,1,257,1
ST_AUDIT,ORIGIN,2,257,2
ST_AUDIT,ORIGIN,3,257,3
ST_AUDIT,ORIGIN,4,257,4
ST_AUDIT,ORIGIN,5,257,5
ST_AUDIT,ORIGIN,6,257,6
ST_AUDIT,ORIGIN,7,257,7
ST_AUDIT,ORIGIN,8,257,8
ST_AUDIT,ORIGIN,9,257,9
ST_AUDIT,ORIGIN,10,257,10
ST_AUDIT,ORIGIN,11,257,11
ST_AUDIT,ORIGIN,12,772,12
ST_AUDIT,ORIGIN,13,773,13
ST_AUDIT,ORIGIN,14,774,14
ST_AUDIT,ORIGIN,15,770,15
ST_AUDIT,ORIGIN,16,771,16
ST_AUDIT,ORIGIN,17,772,17
ST_AUDIT,ORIGIN,18,773,18
ST_AUDIT,ORIGIN,19,774,19
ST_AUDIT,ORIGIN,20,770,20
ST_AUDIT,ORIGIN,21,771,21
ST_AUDIT,ORIGIN,22,772,22
ST_AUDIT,ORIGIN,23,773,23
ST_AUDIT,TIER_GRADUATED,0,772,25
ST_AUDIT,TIER_GRADUATED,0,774,25
ST_AUDIT,TIER_GRADUATED,0,771,25
ST_AUDIT,TIER_GRADUATED,1,773,26
ST_AUDIT,TIER_GRADUATED,1,770,26
ST_QUORUM,50,0,0,0
ST_QUORUM,100,0,0,0
ST_REV,11,123,1111
ST_QUORUM,150,0,0,0
ST_QUORUM,200,0,0,0
ST_AUDIT,COLLUSION_SUSPECT,5,33554945,9052380
ST_AUDIT,COLLUSION_SUSPECT,5,33620737,9052380
ST_AUDIT,TRAINER_ESCALATE,5,1,220
ST_AUDIT,GATE_REFUSED,5,0,220
ST_AUDIT,COLLUSION_SUSPECT,5,33554945,9052381
ST_AUDIT,COLLUSION_SUSPECT,5,33620737,9052381
ST_AUDIT,TRAINER_ESCALATE,5,1,221
ST_AUDIT,GATE_REFUSED,5,0,221
ST_AUDIT,COLLUSION_SUSPECT,5,33554945,9052382
ST_AUDIT,COLLUSION_SUSPECT,5,33620737,9052382
ST_AUDIT,TRAINER_ESCALATE,5,1,222
ST_AUDIT,GATE_REFUSED,5,0,222
ST_AUDIT,COLLUSION_SUSPECT,5,33554945,9052383
ST_AUDIT,COLLUSION_SUSPECT,5,33620737,9052383
ST_AUDIT,TRAINER_ESCALATE,5,1,223
ST_AUDIT,GATE_REFUSED,5,0,223
ST_AUDIT,COLLUSION_SUSPECT,5,33554945,9052384
ST_AUDIT,COLLUSION_SUSPECT,5,33620737,9052384
ST_AUDIT,TRAINER_ESCALATE,5,1,224
ST_AUDIT,GATE_REFUSED,5,0,224
ST_AUDIT,COLLUSION_SUSPECT,5,33554945,9052385
ST_AUDIT,COLLUSION_SUSPECT,5,33620737,9052385
ST_AUDIT,TRAINER_ESCALATE,5,1,225
ST_AUDIT,GATE_REFUSED,5,0,225
ST_AUDIT,COLLUSION_SUSPECT,5,33554945,9052386
ST_AUDIT,COLLUSION_SUSPECT,5,33620737,9052386
ST_AUDIT,TRAINER_ESCALATE,5,1,226
ST_AUDIT,GATE_REFUSED,5,0,226
ST_AUDIT,COLLUSION_SUSPECT,5,33554945,9052387
ST_AUDIT,COLLUSION_SUSPECT,5,33620737,9052387
ST_AUDIT,TRAINER_ESCALATE,5,1,227
ST_AUDIT,GATE_REFUSED,5,0,227
ST_AUDIT,COLLUSION_SUSPECT,5,33554945,9052388
ST_AUDIT,COLLUSION_SUSPECT,5,33620737,9052388
ST_AUDIT,TRAINER_ESCALATE,5,1,228
ST_AUDIT,GATE_REFUSED,5,0,228
ST_AUDIT,COLLUSION_SUSPECT,5,33554945,9052389
ST_AUDIT,COLLUSION_SUSPECT,5,33620737,9052389
ST_AUDIT,TRAINER_ESCALATE,5,1,229
ST_AUDIT,GATE_REFUSED,5,0,229
ST_QUORUM,250,0,0,0
ST_AUDIT,FREEZE_LAPSED,5,0,255
ST_QUORUM,300,0,0,0
ST_QUORUM,350,0,0,0
ST_QUORUM,400,0,0,0
ST_QUORUM,450,0,0,0
ST_QUORUM,499,0,0,0
ST_CHECK,refusals,0
ST_CHECK,replay,0
ST_CHECK,provenance,0
ST_SRR,11,0,0
ST_SRR,5,0,0
ST_FCR,0,0
ST_TAXONOMY,11,GENUINE_REVISED
ST_TAXONOMY,5,BLIND
ST_TTD_COLLUSION,-1
ST_FREEZE,11,0,0
ST_RECOVERY,-1
ST_REV_LATENCY,3
ST_DENIAL,0
ST_GENUINE_FLAGGED,1
ST_A6_MAXSTR,-1
ST_GATE_REFUSED,10
ST_B_SUSPECT,0
ST_STR_REFUSED,0
ST_T01_WINDOW,11,79
ST_T01_WINDOW,5,0
ST_FP,0,01b330a2ef748057751d0540780e8b3adb2bc8a28f1bec4cdbe364d884fe247c,5502583
ST_DONE
