ST_CELL,T,N0,2,0,S1,500
ST_TARGET,0,0
ST_AUDIT,ORIGIN,0,257,0
ST_QUORUM,0,0,0,0
ST_AUDIT,ORIGIN,1,257,1
ST_AUDIT,ORIGIN,2,257,2
ST_AUDIT,ORIGIN,3,257,3
ST_AUDIT,ORIGIN,4,257,4
ST_AUDIT,ORIGIN,5,257,5
ST_AUDIT,ORIGIN,6,257,6
ST_AUDIT,ORIGIN,7,257,7
ST_AUDIT,ORIGIN,8,257,8
ST_AUDIT,ORIGIN,9,257,9
ST_AUDIT,ORIGIN,10,257,10
ST_AUDIT,ORIGIN,11,257,11
ST_AUDIT,ORIGIN,12,772,12
ST_AUDIT,ORIGIN,13,773,13
ST_AUDIT,ORIGIN,14,774,14
ST_AUDIT,ORIGIN,15,770,15
ST_AUDIT,ORIGIN,16,771,16
ST_AUDIT,ORIGIN,17,772,17
ST_AUDIT,ORIGIN,18,773,18
ST_AUDIT,ORIGIN,19,774,19
ST_AUDIT,ORIGIN,20,770,20
ST_AUDIT,ORIGIN,21,771,21
ST_AUDIT,ORIGIN,22,772,22
ST_AUDIT,ORIGIN,23,773,23
ST_AUDIT,TIER_GRADUATED,0,772,25
ST_AUDIT,TIER_GRADUATED,0,774,25
ST_AUDIT,TIER_GRADUATED,0,771,25
ST_AUDIT,TIER_GRADUATED,1,773,26
ST_AUDIT,TIER_GRADUATED,1,770,26
ST_QUORUM,50,0,0,0
ST_QUORUM,100,0,0,0
ST_REV,0,123,1100
ST_QUORUM,150,0,0,0
ST_QUORUM,200,0,0,0
ST_AUDIT,COLLUSION_SUSPECT,6,33554945,9060572
ST_AUDIT,COLLUSION_SUSPECT,6,33620737,9060572
ST_AUDIT,TRAINER_ESCALATE,6,1,220
ST_AUDIT,GATE_REFUSED,6,0,220
ST_AUDIT,COLLUSION_SUSPECT,6,33554945,9060573
ST_AUDIT,COLLUSION_SUSPECT,6,33620737,9060573
ST_AUDIT,TRAINER_ESCALATE,6,1,221
ST_AUDIT,GATE_REFUSED,6,0,221
ST_AUDIT,COLLUSION_SUSPECT,6,33554945,9060574
ST_AUDIT,COLLUSION_SUSPECT,6,33620737,9060574
ST_AUDIT,TRAINER_ESCALATE,6,1,222
ST_AUDIT,GATE_REFUSED,6,0,222
ST_AUDIT,COLLUSION_SUSPECT,6,33554945,9060575
ST_AUDIT,COLLUSION_SUSPECT,6,33620737,9060575
ST_AUDIT,TRAINER_ESCALATE,6,1,223
ST_AUDIT,GATE_REFUSED,6,0,223
ST_AUDIT,COLLUSION_SUSPECT,6,33554945,9060576
ST_AUDIT,COLLUSION_SUSPECT,6,33620737,9060576
ST_AUDIT,TRAINER_ESCALATE,6,1,224
ST_AUDIT,GATE_REFUSED,6,0,224
ST_AUDIT,COLLUSION_SUSPECT,6,33554945,9060577
ST_AUDIT,COLLUSION_SUSPECT,6,33620737,9060577
ST_AUDIT,TRAINER_ESCALATE,6,1,225
ST_AUDIT,GATE_REFUSED,6,0,225
ST_AUDIT,COLLUSION_SUSPECT,6,33554945,9060578
ST_AUDIT,COLLUSION_SUSPECT,6,33620737,9060578
ST_AUDIT,TRAINER_ESCALATE,6,1,226
ST_AUDIT,GATE_REFUSED,6,0,226
ST_AUDIT,COLLUSION_SUSPECT,6,33554945,9060579
ST_AUDIT,COLLUSION_SUSPECT,6,33620737,9060579
ST_AUDIT,TRAINER_ESCALATE,6,1,227
ST_AUDIT,GATE_REFUSED,6,0,227
ST_AUDIT,COLLUSION_SUSPECT,6,33554945,9060580
ST_AUDIT,COLLUSION_SUSPECT,6,33620737,9060580
ST_AUDIT,TRAINER_ESCALATE,6,1,228
ST_AUDIT,GATE_REFUSED,6,0,228
ST_AUDIT,COLLUSION_SUSPECT,6,33554945,9060581
ST_AUDIT,COLLUSION_SUSPECT,6,33620737,9060581
ST_AUDIT,TRAINER_ESCALATE,6,1,229
ST_AUDIT,GATE_REFUSED,6,0,229
ST_QUORUM,250,0,0,0
ST_AUDIT,FREEZE_LAPSED,6,0,255
ST_QUORUM,300,0,0,0
ST_QUORUM,350,0,0,0
ST_QUORUM,400,0,0,0
ST_QUORUM,450,0,0,0
ST_QUORUM,499,0,0,0
ST_CHECK,refusals,0
ST_CHECK,replay,0
ST_CHECK,provenance,0
ST_SRR,0,0,0
ST_SRR,6,0,0
ST_FCR,0,0
ST_TAXONOMY,0,GENUINE_REVISED
ST_TAXONOMY,6,BLIND
ST_TTD_COLLUSION,-1
ST_FREEZE,0,0,0
ST_RECOVERY,-1
ST_REV_LATENCY,3
ST_DENIAL,0
ST_GENUINE_FLAGGED,1
ST_A6_MAXSTR,-1
ST_GATE_REFUSED,10
ST_B_SUSPECT,0
ST_STR_REFUSED,0
ST_T01_WINDOW,0,79
ST_T01_WINDOW,6,0
ST_FP,0,9a5440a31ff2ccb9336de48fa41671f027c39c78ff8a2f0e81071c6f838092ad,5502583
ST_DONE
