znc: warning: zagd unavailable; foreground compilation continues without background planning
warning[E0101]: adding 0 has no effect
  --> boundary_attack.zag:301
   = note: in function `node_new_op`: this addition always returns the other operand unchanged
   = hint: remove the `+ 0`
warning[E0101]: adding 0 has no effect
  --> boundary_attack.zag:645
   = note: in function `beam_extend`: this addition always returns the other operand unchanged
   = hint: remove the `+ 0`
warning[E0101]: adding 0 has no effect
  --> boundary_attack.zag:645
   = note: in function `beam_extend`: this addition always returns the other operand unchanged
   = hint: remove the `+ 0`
warning[E0101]: adding 0 has no effect
  --> boundary_attack.zag:645
   = note: in function `beam_extend`: this addition always returns the other operand unchanged
   = hint: remove the `+ 0`
warning[E0101]: adding 0 has no effect
  --> boundary_attack.zag:645
   = note: in function `beam_extend`: this addition always returns the other operand unchanged
   = hint: remove the `+ 0`
warning[E0102]: multiplying by 0 is always 0
  --> boundary_attack.zag:1445
   = note: in function `attack_a2`: this product computes a constant 0
   = hint: replace the expression with `0`
warning[E0102]: multiplying by 0 is always 0
  --> boundary_attack.zag:1445
   = note: in function `attack_a2`: this product computes a constant 0
   = hint: replace the expression with `0`
warning[E0101]: multiplying by 1 has no effect
  --> boundary_attack.zag:1445
   = note: in function `attack_a2`: this product always returns the other operand unchanged
   = hint: remove the `* 1`
warning[E0101]: multiplying by 1 has no effect
  --> boundary_attack.zag:1445
   = note: in function `attack_a2`: this product always returns the other operand unchanged
   = hint: remove the `* 1`
znc: analyzer found 9 issue(s) (warnings above; use --analyze-strict to fail the build, --no-analyze to silence)
