C_S0_001|WITHHOLD|WHOLE|WITHHOLD|comps=1101|chunks=1
C_S0_001|WITHHOLD|FIXED64|WITHHOLD|comps=988|chunks=2
C_S0_001|WITHHOLD|FIXED512|WITHHOLD|comps=1101|chunks=1
C_S0_001|WITHHOLD|ADAPTIVE|WITHHOLD|comps=1101|chunks=1
C_S0_001|WITHHOLD|DIAGUNION|WITHHOLD|comps=1101|chunks=1
C_S0_002|WITHHOLD|WHOLE|WITHHOLD|comps=969|chunks=1
C_S0_002|WITHHOLD|FIXED64|WITHHOLD|comps=923|chunks=2
C_S0_002|WITHHOLD|FIXED512|WITHHOLD|comps=969|chunks=1
C_S0_002|WITHHOLD|ADAPTIVE|WITHHOLD|comps=969|chunks=1
C_S0_002|WITHHOLD|DIAGUNION|WITHHOLD|comps=1131|chunks=1
C_S0_003|WITHHOLD|WHOLE|WITHHOLD|comps=1262|chunks=1
C_S0_003|WITHHOLD|FIXED64|WITHHOLD|comps=1051|chunks=2
C_S0_003|WITHHOLD|FIXED512|WITHHOLD|comps=1262|chunks=1
C_S0_003|WITHHOLD|ADAPTIVE|WITHHOLD|comps=1262|chunks=1
C_S0_003|WITHHOLD|DIAGUNION|WITHHOLD|comps=1262|chunks=1
C_S0_004|WITHHOLD|WHOLE|WITHHOLD|comps=986|chunks=1
C_S0_004|WITHHOLD|FIXED64|WITHHOLD|comps=939|chunks=2
C_S0_004|WITHHOLD|FIXED512|WITHHOLD|comps=986|chunks=1
C_S0_004|WITHHOLD|ADAPTIVE|WITHHOLD|comps=986|chunks=1
C_S0_004|WITHHOLD|DIAGUNION|WITHHOLD|comps=1362|chunks=1
C_S0_005|WITHHOLD|WHOLE|WITHHOLD|comps=1453|chunks=1
C_S0_005|WITHHOLD|FIXED64|WITHHOLD|comps=1156|chunks=2
C_S0_005|WITHHOLD|FIXED512|WITHHOLD|comps=1453|chunks=1
C_S0_005|WITHHOLD|ADAPTIVE|WITHHOLD|comps=1453|chunks=1
C_S0_005|WITHHOLD|DIAGUNION|WITHHOLD|comps=1453|chunks=1
C_S0_006|WITHHOLD|WHOLE|WITHHOLD|comps=1014|chunks=1
C_S0_006|WITHHOLD|FIXED64|WITHHOLD|comps=950|chunks=3
C_S0_006|WITHHOLD|FIXED512|WITHHOLD|comps=1014|chunks=1
C_S0_006|WITHHOLD|ADAPTIVE|WITHHOLD|comps=1014|chunks=1
C_S0_006|WITHHOLD|DIAGUNION|WITHHOLD|comps=1669|chunks=1
C_S0_007|WITHHOLD|WHOLE|WITHHOLD|comps=1832|chunks=1
C_S0_007|WITHHOLD|FIXED64|WITHHOLD|comps=1362|chunks=2
C_S0_007|WITHHOLD|FIXED512|WITHHOLD|comps=1832|chunks=1
C_S0_007|WITHHOLD|ADAPTIVE|WITHHOLD|comps=1832|chunks=1
C_S0_007|WITHHOLD|DIAGUNION|WITHHOLD|comps=1832|chunks=1
C_S0_008|WITHHOLD|WHOLE|WITHHOLD|comps=812|chunks=1
C_S0_008|WITHHOLD|FIXED64|WITHHOLD|comps=765|chunks=2
C_S0_008|WITHHOLD|FIXED512|WITHHOLD|comps=812|chunks=1
C_S0_008|WITHHOLD|ADAPTIVE|WITHHOLD|comps=812|chunks=1
C_S0_008|WITHHOLD|DIAGUNION|WITHHOLD|comps=1536|chunks=1
C_S0_009|WITHHOLD|WHOLE|WITHHOLD|comps=1111|chunks=1
C_S0_009|WITHHOLD|FIXED64|WITHHOLD|comps=999|chunks=2
C_S0_009|WITHHOLD|FIXED512|WITHHOLD|comps=1111|chunks=1
C_S0_009|WITHHOLD|ADAPTIVE|WITHHOLD|comps=1111|chunks=1
C_S0_009|WITHHOLD|DIAGUNION|WITHHOLD|comps=1111|chunks=1
C_S0_010|WITHHOLD|WHOLE|WITHHOLD|comps=863|chunks=1
C_S0_010|WITHHOLD|FIXED64|WITHHOLD|comps=816|chunks=2
C_S0_010|WITHHOLD|FIXED512|WITHHOLD|comps=863|chunks=1
C_S0_010|WITHHOLD|ADAPTIVE|WITHHOLD|comps=863|chunks=1
C_S0_010|WITHHOLD|DIAGUNION|WITHHOLD|comps=881|chunks=1
C_S0_011|WITHHOLD|WHOLE|WITHHOLD|comps=1195|chunks=1
C_S0_011|WITHHOLD|FIXED64|WITHHOLD|comps=1007|chunks=2
C_S0_011|WITHHOLD|FIXED512|WITHHOLD|comps=1195|chunks=1
C_S0_011|WITHHOLD|ADAPTIVE|WITHHOLD|comps=1195|chunks=1
C_S0_011|WITHHOLD|DIAGUNION|WITHHOLD|comps=1195|chunks=1
C_S0_012|WITHHOLD|WHOLE|WITHHOLD|comps=937|chunks=1
C_S0_012|WITHHOLD|FIXED64|WITHHOLD|comps=890|chunks=2
C_S0_012|WITHHOLD|FIXED512|WITHHOLD|comps=937|chunks=1
C_S0_012|WITHHOLD|ADAPTIVE|WITHHOLD|comps=937|chunks=1
C_S0_012|WITHHOLD|DIAGUNION|WITHHOLD|comps=1189|chunks=1
C_S1_001|ENDORSE|WHOLE|ENDORSE|comps=54|chunks=1
C_S1_001|ENDORSE|FIXED64|ENDORSE|comps=96|chunks=2
C_S1_001|ENDORSE|FIXED512|ENDORSE|comps=54|chunks=1
C_S1_001|ENDORSE|ADAPTIVE|ENDORSE|comps=54|chunks=1
C_S1_001|ENDORSE|DIAGUNION|ENDORSE|comps=54|chunks=1
C_S1_002|ENDORSE|WHOLE|ENDORSE|comps=213|chunks=1
C_S1_002|ENDORSE|FIXED64|ENDORSE|comps=247|chunks=2
C_S1_002|ENDORSE|FIXED512|ENDORSE|comps=213|chunks=1
C_S1_002|ENDORSE|ADAPTIVE|ENDORSE|comps=213|chunks=1
C_S1_002|ENDORSE|DIAGUNION|ENDORSE|comps=213|chunks=1
C_S1_003|ENDORSE|WHOLE|ENDORSE|comps=352|chunks=1
C_S1_003|ENDORSE|FIXED64|ENDORSE|comps=359|chunks=2
C_S1_003|ENDORSE|FIXED512|ENDORSE|comps=352|chunks=1
C_S1_003|ENDORSE|ADAPTIVE|ENDORSE|comps=352|chunks=1
C_S1_003|ENDORSE|DIAGUNION|ENDORSE|comps=352|chunks=1
C_S1_004|ENDORSE|WHOLE|ENDORSE|comps=443|chunks=1
C_S1_004|ENDORSE|FIXED64|ENDORSE|comps=412|chunks=2
C_S1_004|ENDORSE|FIXED512|ENDORSE|comps=443|chunks=1
C_S1_004|ENDORSE|ADAPTIVE|ENDORSE|comps=443|chunks=1
C_S1_004|ENDORSE|DIAGUNION|ENDORSE|comps=443|chunks=1
C_S1_005|ENDORSE|WHOLE|ENDORSE|comps=561|chunks=1
C_S1_005|ENDORSE|FIXED64|ENDORSE|comps=531|chunks=2
C_S1_005|ENDORSE|FIXED512|ENDORSE|comps=561|chunks=1
C_S1_005|ENDORSE|ADAPTIVE|ENDORSE|comps=561|chunks=1
C_S1_005|ENDORSE|DIAGUNION|ENDORSE|comps=561|chunks=1
C_S1_006|ENDORSE|WHOLE|ENDORSE|comps=796|chunks=1
C_S1_006|ENDORSE|FIXED64|ENDORSE|comps=725|chunks=2
C_S1_006|ENDORSE|FIXED512|ENDORSE|comps=796|chunks=1
C_S1_006|ENDORSE|ADAPTIVE|ENDORSE|comps=796|chunks=1
C_S1_006|ENDORSE|DIAGUNION|ENDORSE|comps=796|chunks=1
C_S1_007|ENDORSE|WHOLE|ENDORSE|comps=877|chunks=1
C_S1_007|ENDORSE|FIXED64|ENDORSE|comps=797|chunks=2
C_S1_007|ENDORSE|FIXED512|ENDORSE|comps=877|chunks=1
C_S1_007|ENDORSE|ADAPTIVE|ENDORSE|comps=877|chunks=1
C_S1_007|ENDORSE|DIAGUNION|ENDORSE|comps=877|chunks=1
C_S1_008|ENDORSE|WHOLE|ENDORSE|comps=924|chunks=1
C_S1_008|ENDORSE|FIXED64|ENDORSE|comps=896|chunks=2
C_S1_008|ENDORSE|FIXED512|ENDORSE|comps=924|chunks=1
C_S1_008|ENDORSE|ADAPTIVE|ENDORSE|comps=924|chunks=1
C_S1_008|ENDORSE|DIAGUNION|ENDORSE|comps=924|chunks=1
C_S1_009|ENDORSE|WHOLE|ENDORSE|comps=601|chunks=1
C_S1_009|ENDORSE|FIXED64|ENDORSE|comps=554|chunks=2
C_S1_009|ENDORSE|FIXED512|ENDORSE|comps=601|chunks=1
C_S1_009|ENDORSE|ADAPTIVE|ENDORSE|comps=601|chunks=1
C_S1_009|ENDORSE|DIAGUNION|ENDORSE|comps=601|chunks=1
C_S1_010|ENDORSE|WHOLE|ENDORSE|comps=136|chunks=1
C_S1_010|ENDORSE|FIXED64|ENDORSE|comps=152|chunks=2
C_S1_010|ENDORSE|FIXED512|ENDORSE|comps=136|chunks=1
C_S1_010|ENDORSE|ADAPTIVE|ENDORSE|comps=136|chunks=1
C_S1_010|ENDORSE|DIAGUNION|ENDORSE|comps=136|chunks=1
C_S1_011|ENDORSE|WHOLE|ENDORSE|comps=319|chunks=1
C_S1_011|ENDORSE|FIXED64|ENDORSE|comps=395|chunks=2
C_S1_011|ENDORSE|FIXED512|ENDORSE|comps=319|chunks=1
C_S1_011|ENDORSE|ADAPTIVE|ENDORSE|comps=319|chunks=1
C_S1_011|ENDORSE|DIAGUNION|ENDORSE|comps=319|chunks=1
C_S1_012|ENDORSE|WHOLE|ENDORSE|comps=348|chunks=1
C_S1_012|ENDORSE|FIXED64|ENDORSE|comps=330|chunks=2
C_S1_012|ENDORSE|FIXED512|ENDORSE|comps=348|chunks=1
C_S1_012|ENDORSE|ADAPTIVE|ENDORSE|comps=348|chunks=1
C_S1_012|ENDORSE|DIAGUNION|ENDORSE|comps=348|chunks=1
C_S1_013|ENDORSE|WHOLE|ENDORSE|comps=591|chunks=1
C_S1_013|ENDORSE|FIXED64|ENDORSE|comps=558|chunks=2
C_S1_013|ENDORSE|FIXED512|ENDORSE|comps=591|chunks=1
C_S1_013|ENDORSE|ADAPTIVE|ENDORSE|comps=591|chunks=1
C_S1_013|ENDORSE|DIAGUNION|ENDORSE|comps=591|chunks=1
C_S1_014|ENDORSE|WHOLE|ENDORSE|comps=662|chunks=1
C_S1_014|ENDORSE|FIXED64|ENDORSE|comps=615|chunks=2
C_S1_014|ENDORSE|FIXED512|ENDORSE|comps=662|chunks=1
C_S1_014|ENDORSE|ADAPTIVE|ENDORSE|comps=662|chunks=1
C_S1_014|ENDORSE|DIAGUNION|ENDORSE|comps=662|chunks=1
C_S1_015|ENDORSE|WHOLE|ENDORSE|comps=825|chunks=1
C_S1_015|ENDORSE|FIXED64|ENDORSE|comps=746|chunks=2
C_S1_015|ENDORSE|FIXED512|ENDORSE|comps=825|chunks=1
C_S1_015|ENDORSE|ADAPTIVE|ENDORSE|comps=825|chunks=1
C_S1_015|ENDORSE|DIAGUNION|ENDORSE|comps=825|chunks=1
C_S1_016|ENDORSE|WHOLE|ENDORSE|comps=935|chunks=1
C_S1_016|ENDORSE|FIXED64|ENDORSE|comps=849|chunks=2
C_S1_016|ENDORSE|FIXED512|ENDORSE|comps=935|chunks=1
C_S1_016|ENDORSE|ADAPTIVE|ENDORSE|comps=935|chunks=1
C_S1_016|ENDORSE|DIAGUNION|ENDORSE|comps=935|chunks=1
C_S1_017|ENDORSE|WHOLE|ENDORSE|comps=443|chunks=1
C_S1_017|ENDORSE|FIXED64|ENDORSE|comps=443|chunks=1
C_S1_017|ENDORSE|FIXED512|ENDORSE|comps=443|chunks=1
C_S1_017|ENDORSE|ADAPTIVE|ENDORSE|comps=443|chunks=1
C_S1_017|ENDORSE|DIAGUNION|ENDORSE|comps=443|chunks=1
C_S1_018|ENDORSE|WHOLE|ENDORSE|comps=638|chunks=1
C_S1_018|ENDORSE|FIXED64|ENDORSE|comps=611|chunks=2
C_S1_018|ENDORSE|FIXED512|ENDORSE|comps=638|chunks=1
C_S1_018|ENDORSE|ADAPTIVE|ENDORSE|comps=638|chunks=1
C_S1_018|ENDORSE|DIAGUNION|ENDORSE|comps=638|chunks=1
C_S1_019|ENDORSE|WHOLE|ENDORSE|comps=212|chunks=1
C_S1_019|ENDORSE|FIXED64|ENDORSE|comps=244|chunks=2
C_S1_019|ENDORSE|FIXED512|ENDORSE|comps=212|chunks=1
C_S1_019|ENDORSE|ADAPTIVE|ENDORSE|comps=212|chunks=1
C_S1_019|ENDORSE|DIAGUNION|ENDORSE|comps=212|chunks=1
C_S1_020|ENDORSE|WHOLE|ENDORSE|comps=322|chunks=1
C_S1_020|ENDORSE|FIXED64|ENDORSE|comps=326|chunks=2
C_S1_020|ENDORSE|FIXED512|ENDORSE|comps=322|chunks=1
C_S1_020|ENDORSE|ADAPTIVE|ENDORSE|comps=322|chunks=1
C_S1_020|ENDORSE|DIAGUNION|ENDORSE|comps=322|chunks=1
C_S1_021|ENDORSE|WHOLE|ENDORSE|comps=447|chunks=1
C_S1_021|ENDORSE|FIXED64|ENDORSE|comps=417|chunks=2
C_S1_021|ENDORSE|FIXED512|ENDORSE|comps=447|chunks=1
C_S1_021|ENDORSE|ADAPTIVE|ENDORSE|comps=447|chunks=1
C_S1_021|ENDORSE|DIAGUNION|ENDORSE|comps=447|chunks=1
C_S1_022|ENDORSE|WHOLE|ENDORSE|comps=688|chunks=1
C_S1_022|ENDORSE|FIXED64|ENDORSE|comps=642|chunks=2
C_S1_022|ENDORSE|FIXED512|ENDORSE|comps=688|chunks=1
C_S1_022|ENDORSE|ADAPTIVE|ENDORSE|comps=688|chunks=1
C_S1_022|ENDORSE|DIAGUNION|ENDORSE|comps=688|chunks=1
C_S1_023|ENDORSE|WHOLE|ENDORSE|comps=673|chunks=1
C_S1_023|ENDORSE|FIXED64|ENDORSE|comps=653|chunks=2
C_S1_023|ENDORSE|FIXED512|ENDORSE|comps=673|chunks=1
C_S1_023|ENDORSE|ADAPTIVE|ENDORSE|comps=673|chunks=1
C_S1_023|ENDORSE|DIAGUNION|ENDORSE|comps=673|chunks=1
C_S1_024|ENDORSE|WHOLE|ENDORSE|comps=871|chunks=1
C_S1_024|ENDORSE|FIXED64|ENDORSE|comps=793|chunks=2
C_S1_024|ENDORSE|FIXED512|ENDORSE|comps=871|chunks=1
C_S1_024|ENDORSE|ADAPTIVE|ENDORSE|comps=871|chunks=1
C_S1_024|ENDORSE|DIAGUNION|ENDORSE|comps=871|chunks=1
C_S2_001|ENDORSE|WHOLE|ENDORSE|comps=450|chunks=1
C_S2_001|ENDORSE|FIXED64|WITHHOLD|comps=17179|chunks=36
C_S2_001|ENDORSE|FIXED512|ENDORSE|comps=14841|chunks=5
C_S2_001|ENDORSE|ADAPTIVE|ENDORSE|comps=51624|chunks=5
C_S2_001|ENDORSE|DIAGUNION|ENDORSE|comps=31158|chunks=5
C_S2_002|ENDORSE|WHOLE|ENDORSE|comps=14731|chunks=1
C_S2_002|ENDORSE|FIXED64|WITHHOLD|comps=17560|chunks=37
C_S2_002|ENDORSE|FIXED512|ENDORSE|comps=18368|chunks=5
C_S2_002|ENDORSE|ADAPTIVE|ENDORSE|comps=59350|chunks=5
C_S2_002|ENDORSE|DIAGUNION|ENDORSE|comps=35107|chunks=5
C_S2_003|ENDORSE|WHOLE|ENDORSE|comps=7685|chunks=1
C_S2_003|ENDORSE|FIXED64|WITHHOLD|comps=17738|chunks=37
C_S2_003|ENDORSE|FIXED512|WITHHOLD|comps=20646|chunks=5
C_S2_003|ENDORSE|ADAPTIVE|ENDORSE|comps=56727|chunks=5
C_S2_003|ENDORSE|DIAGUNION|ENDORSE|comps=33328|chunks=5
C_S2_004|ENDORSE|WHOLE|ENDORSE|comps=22641|chunks=1
C_S2_004|ENDORSE|FIXED64|WITHHOLD|comps=18195|chunks=38
C_S2_004|ENDORSE|FIXED512|WITHHOLD|comps=21609|chunks=5
C_S2_004|ENDORSE|ADAPTIVE|ENDORSE|comps=64731|chunks=5
C_S2_004|ENDORSE|DIAGUNION|ENDORSE|comps=37496|chunks=5
C_S2_005|ENDORSE|WHOLE|ENDORSE|comps=12862|chunks=1
C_S2_005|ENDORSE|FIXED64|WITHHOLD|comps=15242|chunks=32
C_S2_005|ENDORSE|FIXED512|WITHHOLD|comps=18874|chunks=4
C_S2_005|ENDORSE|ADAPTIVE|ENDORSE|comps=49851|chunks=4
C_S2_005|ENDORSE|DIAGUNION|ENDORSE|comps=29009|chunks=4
C_S2_006|ENDORSE|WHOLE|ENDORSE|comps=26266|chunks=1
C_S2_006|ENDORSE|FIXED64|WITHHOLD|comps=15897|chunks=33
C_S2_006|ENDORSE|FIXED512|WITHHOLD|comps=19983|chunks=5
C_S2_006|ENDORSE|ADAPTIVE|ENDORSE|comps=60628|chunks=4
C_S2_006|ENDORSE|DIAGUNION|ENDORSE|comps=33466|chunks=5
C_S2_007|ENDORSE|WHOLE|ENDORSE|comps=20930|chunks=1
C_S2_007|ENDORSE|FIXED64|WITHHOLD|comps=17169|chunks=36
C_S2_007|ENDORSE|FIXED512|ENDORSE|comps=19051|chunks=5
C_S2_007|ENDORSE|ADAPTIVE|ENDORSE|comps=61446|chunks=5
C_S2_007|ENDORSE|DIAGUNION|ENDORSE|comps=34930|chunks=5
C_S2_008|ENDORSE|WHOLE|ENDORSE|comps=37154|chunks=1
C_S2_008|ENDORSE|FIXED64|WITHHOLD|comps=18246|chunks=38
C_S2_008|ENDORSE|FIXED512|WITHHOLD|comps=23496|chunks=5
C_S2_008|ENDORSE|ADAPTIVE|ENDORSE|comps=72649|chunks=5
C_S2_008|ENDORSE|DIAGUNION|ENDORSE|comps=40138|chunks=5
C_S2_009|ENDORSE|WHOLE|ENDORSE|comps=9802|chunks=1
C_S2_009|ENDORSE|FIXED64|WITHHOLD|comps=16475|chunks=35
C_S2_009|ENDORSE|FIXED512|WITHHOLD|comps=18393|chunks=5
C_S2_009|ENDORSE|ADAPTIVE|ENDORSE|comps=48959|chunks=4
C_S2_009|ENDORSE|DIAGUNION|ENDORSE|comps=31549|chunks=5
C_S2_010|ENDORSE|WHOLE|ENDORSE|comps=3223|chunks=1
C_S2_010|ENDORSE|FIXED64|WITHHOLD|comps=17238|chunks=36
C_S2_010|ENDORSE|FIXED512|WITHHOLD|comps=19636|chunks=5
C_S2_010|ENDORSE|ADAPTIVE|ENDORSE|comps=43727|chunks=4
C_S2_010|ENDORSE|DIAGUNION|ENDORSE|comps=31623|chunks=5
C_S2_011|ENDORSE|WHOLE|ENDORSE|comps=17744|chunks=1
C_S2_011|ENDORSE|FIXED64|WITHHOLD|comps=17823|chunks=37
C_S2_011|ENDORSE|FIXED512|WITHHOLD|comps=20727|chunks=5
C_S2_011|ENDORSE|ADAPTIVE|ENDORSE|comps=57918|chunks=4
C_S2_011|ENDORSE|DIAGUNION|ENDORSE|comps=35997|chunks=5
C_S2_012|ENDORSE|WHOLE|ENDORSE|comps=10501|chunks=1
C_S2_012|ENDORSE|FIXED64|WITHHOLD|comps=17791|chunks=37
C_S2_012|ENDORSE|FIXED512|WITHHOLD|comps=21149|chunks=5
C_S2_012|ENDORSE|ADAPTIVE|ENDORSE|comps=51708|chunks=4
C_S2_012|ENDORSE|DIAGUNION|ENDORSE|comps=34280|chunks=5
C_S2_013|ENDORSE|WHOLE|ENDORSE|comps=25469|chunks=1
C_S2_013|ENDORSE|FIXED64|WITHHOLD|comps=18127|chunks=38
C_S2_013|ENDORSE|FIXED512|WITHHOLD|comps=22020|chunks=5
C_S2_013|ENDORSE|ADAPTIVE|ENDORSE|comps=64703|chunks=4
C_S2_013|ENDORSE|DIAGUNION|ENDORSE|comps=38233|chunks=5
C_S2_014|ENDORSE|WHOLE|ENDORSE|comps=15871|chunks=1
C_S2_014|ENDORSE|FIXED64|WITHHOLD|comps=15833|chunks=33
C_S2_014|ENDORSE|FIXED512|WITHHOLD|comps=19926|chunks=5
C_S2_014|ENDORSE|ADAPTIVE|ENDORSE|comps=49224|chunks=3
C_S2_014|ENDORSE|DIAGUNION|ENDORSE|comps=30594|chunks=5
C_S2_015|ENDORSE|WHOLE|ENDORSE|comps=30159|chunks=1
C_S2_015|ENDORSE|FIXED64|WITHHOLD|comps=16906|chunks=35
C_S2_015|ENDORSE|FIXED512|WITHHOLD|comps=21546|chunks=5
C_S2_015|ENDORSE|ADAPTIVE|ENDORSE|comps=66146|chunks=4
C_S2_015|ENDORSE|DIAGUNION|ENDORSE|comps=36317|chunks=5
C_S2_016|ENDORSE|WHOLE|ENDORSE|comps=25300|chunks=1
C_S2_016|ENDORSE|FIXED64|WITHHOLD|comps=18305|chunks=38
C_S2_016|ENDORSE|FIXED512|WITHHOLD|comps=23560|chunks=5
C_S2_016|ENDORSE|ADAPTIVE|ENDORSE|comps=65654|chunks=4
C_S2_016|ENDORSE|DIAGUNION|ENDORSE|comps=38049|chunks=5
C_S2_017|ENDORSE|WHOLE|ENDORSE|comps=18823|chunks=1
C_S2_017|ENDORSE|FIXED64|WITHHOLD|comps=15948|chunks=34
C_S2_017|ENDORSE|FIXED512|WITHHOLD|comps=17816|chunks=5
C_S2_017|ENDORSE|ADAPTIVE|ENDORSE|comps=53184|chunks=3
C_S2_017|ENDORSE|DIAGUNION|ENDORSE|comps=32342|chunks=5
C_S2_018|ENDORSE|WHOLE|ENDORSE|comps=12697|chunks=1
C_S2_018|ENDORSE|FIXED64|WITHHOLD|comps=16874|chunks=36
C_S2_018|ENDORSE|FIXED512|WITHHOLD|comps=19251|chunks=5
C_S2_018|ENDORSE|ADAPTIVE|ENDORSE|comps=46131|chunks=3
C_S2_018|ENDORSE|DIAGUNION|ENDORSE|comps=32742|chunks=5
C_S2_019|ENDORSE|WHOLE|ENDORSE|comps=6137|chunks=1
C_S2_019|ENDORSE|FIXED64|WITHHOLD|comps=17759|chunks=37
C_S2_019|ENDORSE|FIXED512|WITHHOLD|comps=20663|chunks=5
C_S2_019|ENDORSE|ADAPTIVE|ENDORSE|comps=40124|chunks=3
C_S2_019|ENDORSE|DIAGUNION|ENDORSE|comps=33171|chunks=5
C_S2_020|ENDORSE|WHOLE|ENDORSE|comps=20389|chunks=1
C_S2_020|ENDORSE|FIXED64|WITHHOLD|comps=17669|chunks=37
C_S2_020|ENDORSE|FIXED512|WITHHOLD|comps=21036|chunks=5
C_S2_020|ENDORSE|ADAPTIVE|ENDORSE|comps=57179|chunks=3
C_S2_020|ENDORSE|DIAGUNION|ENDORSE|comps=36017|chunks=5
C_S2_021|ENDORSE|WHOLE|ENDORSE|comps=13223|chunks=1
C_S2_021|ENDORSE|FIXED64|WITHHOLD|comps=17552|chunks=37
C_S2_021|ENDORSE|FIXED512|WITHHOLD|comps=21393|chunks=5
C_S2_021|ENDORSE|ADAPTIVE|ENDORSE|comps=47665|chunks=3
C_S2_021|ENDORSE|DIAGUNION|ENDORSE|comps=34158|chunks=5
C_S2_022|ENDORSE|WHOLE|ENDORSE|comps=29363|chunks=1
C_S2_022|ENDORSE|FIXED64|WITHHOLD|comps=18875|chunks=39
C_S2_022|ENDORSE|FIXED512|WITHHOLD|comps=23248|chunks=5
C_S2_022|ENDORSE|ADAPTIVE|ENDORSE|comps=69203|chunks=3
C_S2_022|ENDORSE|DIAGUNION|ENDORSE|comps=40211|chunks=5
C_S2_023|ENDORSE|WHOLE|ENDORSE|comps=19151|chunks=1
C_S2_023|ENDORSE|FIXED64|WITHHOLD|comps=16897|chunks=35
C_S2_023|ENDORSE|FIXED512|WITHHOLD|comps=21539|chunks=5
C_S2_023|ENDORSE|ADAPTIVE|ENDORSE|comps=55057|chunks=3
C_S2_023|ENDORSE|DIAGUNION|ENDORSE|comps=33560|chunks=5
C_S2_024|ENDORSE|WHOLE|ENDORSE|comps=32898|chunks=1
C_S2_024|ENDORSE|FIXED64|WITHHOLD|comps=16948|chunks=35
C_S2_024|ENDORSE|FIXED512|WITHHOLD|comps=22061|chunks=5
C_S2_024|ENDORSE|ADAPTIVE|ENDORSE|comps=71538|chunks=3
C_S2_024|ENDORSE|DIAGUNION|ENDORSE|comps=36760|chunks=5
C_S3_001|WITHHOLD|WHOLE|ENDORSE|comps=10116|chunks=1
C_S3_001|WITHHOLD|FIXED64|WITHHOLD|comps=19585|chunks=41
C_S3_001|WITHHOLD|FIXED512|WITHHOLD|comps=21729|chunks=6
C_S3_001|WITHHOLD|ADAPTIVE|WITHHOLD|comps=81662|chunks=7
C_S3_001|WITHHOLD|DIAGUNION|ENDORSE|comps=37855|chunks=6
C_S3_002|WITHHOLD|WHOLE|ENDORSE|comps=7277|chunks=1
C_S3_002|WITHHOLD|FIXED64|WITHHOLD|comps=19241|chunks=40
C_S3_002|WITHHOLD|FIXED512|WITHHOLD|comps=21835|chunks=5
C_S3_002|WITHHOLD|ADAPTIVE|WITHHOLD|comps=79786|chunks=7
C_S3_002|WITHHOLD|DIAGUNION|ENDORSE|comps=36498|chunks=5
C_S3_003|WITHHOLD|WHOLE|ENDORSE|comps=28128|chunks=1
C_S3_003|WITHHOLD|FIXED64|WITHHOLD|comps=19077|chunks=40
C_S3_003|WITHHOLD|FIXED512|WITHHOLD|comps=22118|chunks=5
C_S3_003|WITHHOLD|ADAPTIVE|WITHHOLD|comps=80067|chunks=7
C_S3_003|WITHHOLD|DIAGUNION|ENDORSE|comps=40190|chunks=5
C_S3_004|WITHHOLD|WHOLE|ENDORSE|comps=26084|chunks=1
C_S3_004|WITHHOLD|FIXED64|WITHHOLD|comps=19689|chunks=41
C_S3_004|WITHHOLD|FIXED512|WITHHOLD|comps=23183|chunks=6
C_S3_004|WITHHOLD|ADAPTIVE|WITHHOLD|comps=82258|chunks=7
C_S3_004|WITHHOLD|DIAGUNION|ENDORSE|comps=40806|chunks=6
C_S3_005|WITHHOLD|WHOLE|ENDORSE|comps=22918|chunks=1
C_S3_005|WITHHOLD|FIXED64|WITHHOLD|comps=19372|chunks=40
C_S3_005|WITHHOLD|FIXED512|WITHHOLD|comps=23339|chunks=5
C_S3_005|WITHHOLD|ADAPTIVE|WITHHOLD|comps=80620|chunks=7
C_S3_005|WITHHOLD|DIAGUNION|ENDORSE|comps=39519|chunks=5
C_S3_006|WITHHOLD|WHOLE|ENDORSE|comps=20704|chunks=1
C_S3_006|WITHHOLD|FIXED64|WITHHOLD|comps=19829|chunks=41
C_S3_006|WITHHOLD|FIXED512|WITHHOLD|comps=24253|chunks=6
C_S3_006|WITHHOLD|ADAPTIVE|WITHHOLD|comps=82226|chunks=7
C_S3_006|WITHHOLD|DIAGUNION|ENDORSE|comps=39790|chunks=6
C_S3_007|WITHHOLD|WHOLE|ENDORSE|comps=17865|chunks=1
C_S3_007|WITHHOLD|FIXED64|WITHHOLD|comps=19686|chunks=41
C_S3_007|WITHHOLD|FIXED512|WITHHOLD|comps=24548|chunks=6
C_S3_007|WITHHOLD|ADAPTIVE|WITHHOLD|comps=81479|chunks=7
C_S3_007|WITHHOLD|DIAGUNION|ENDORSE|comps=38838|chunks=6
C_S3_008|WITHHOLD|WHOLE|ENDORSE|comps=38716|chunks=1
C_S3_008|WITHHOLD|FIXED64|WITHHOLD|comps=19535|chunks=40
C_S3_008|WITHHOLD|FIXED512|WITHHOLD|comps=24875|chunks=5
C_S3_008|WITHHOLD|ADAPTIVE|WITHHOLD|comps=81474|chunks=7
C_S3_008|WITHHOLD|DIAGUNION|ENDORSE|comps=42598|chunks=5
C_S3_009|WITHHOLD|WHOLE|ENDORSE|comps=15487|chunks=1
C_S3_009|WITHHOLD|FIXED64|WITHHOLD|comps=19670|chunks=42
C_S3_009|WITHHOLD|FIXED512|WITHHOLD|comps=21845|chunks=6
C_S3_009|WITHHOLD|ADAPTIVE|WITHHOLD|comps=82088|chunks=7
C_S3_009|WITHHOLD|DIAGUNION|ENDORSE|comps=39173|chunks=6
C_S3_010|WITHHOLD|WHOLE|ENDORSE|comps=12575|chunks=1
C_S3_010|WITHHOLD|FIXED64|WITHHOLD|comps=19281|chunks=41
C_S3_010|WITHHOLD|FIXED512|WITHHOLD|comps=21867|chunks=6
C_S3_010|WITHHOLD|ADAPTIVE|WITHHOLD|comps=80362|chunks=7
C_S3_010|WITHHOLD|DIAGUNION|ENDORSE|comps=37575|chunks=6
C_S3_011|WITHHOLD|WHOLE|ENDORSE|comps=9951|chunks=1
C_S3_011|WITHHOLD|FIXED64|WITHHOLD|comps=19476|chunks=41
C_S3_011|WITHHOLD|FIXED512|WITHHOLD|comps=22522|chunks=6
C_S3_011|WITHHOLD|ADAPTIVE|WITHHOLD|comps=81102|chunks=7
C_S3_011|WITHHOLD|DIAGUNION|ENDORSE|comps=37341|chunks=6
C_S3_012|WITHHOLD|WHOLE|ENDORSE|comps=30955|chunks=1
C_S3_012|WITHHOLD|FIXED64|WITHHOLD|comps=19309|chunks=40
C_S3_012|WITHHOLD|FIXED512|WITHHOLD|comps=22814|chunks=5
C_S3_012|WITHHOLD|ADAPTIVE|WITHHOLD|comps=81002|chunks=7
C_S3_012|WITHHOLD|DIAGUNION|ENDORSE|comps=41107|chunks=5
C_S3_013|WITHHOLD|WHOLE|ENDORSE|comps=28019|chunks=1
C_S3_013|WITHHOLD|FIXED64|WITHHOLD|comps=19179|chunks=40
C_S3_013|WITHHOLD|FIXED512|WITHHOLD|comps=23135|chunks=5
C_S3_013|WITHHOLD|ADAPTIVE|WITHHOLD|comps=80077|chunks=7
C_S3_013|WITHHOLD|DIAGUNION|ENDORSE|comps=40190|chunks=5
C_S3_014|WITHHOLD|WHOLE|ENDORSE|comps=26219|chunks=1
C_S3_014|WITHHOLD|FIXED64|WITHHOLD|comps=19985|chunks=42
C_S3_014|WITHHOLD|FIXED512|WITHHOLD|comps=24444|chunks=6
C_S3_014|WITHHOLD|ADAPTIVE|WITHHOLD|comps=83308|chunks=7
C_S3_014|WITHHOLD|DIAGUNION|ENDORSE|comps=41265|chunks=6
C_S3_015|WITHHOLD|WHOLE|ENDORSE|comps=22928|chunks=1
C_S3_015|WITHHOLD|FIXED64|WITHHOLD|comps=19518|chunks=40
C_S3_015|WITHHOLD|FIXED512|WITHHOLD|comps=24384|chunks=5
C_S3_015|WITHHOLD|ADAPTIVE|WITHHOLD|comps=81019|chunks=7
C_S3_015|WITHHOLD|DIAGUNION|ENDORSE|comps=39547|chunks=5
C_S3_016|WITHHOLD|WHOLE|ENDORSE|comps=21187|chunks=1
C_S3_016|WITHHOLD|FIXED64|WITHHOLD|comps=20427|chunks=42
C_S3_016|WITHHOLD|FIXED512|WITHHOLD|comps=25818|chunks=6
C_S3_016|WITHHOLD|ADAPTIVE|WITHHOLD|comps=83880|chunks=7
C_S3_016|WITHHOLD|DIAGUNION|ENDORSE|comps=40937|chunks=6
C_L_001|ENDORSE|WHOLE|ENDORSE|comps=25462|chunks=1
C_L_001|ENDORSE|FIXED64|WITHHOLD|comps=180347|chunks=378
C_L_001|ENDORSE|FIXED512|WITHHOLD|comps=196380|chunks=48
C_L_001|ENDORSE|ADAPTIVE|ENDORSE|comps=568791|chunks=229
C_L_001|ENDORSE|DIAGUNION|ENDORSE|comps=409874|chunks=48
C_L_002|ENDORSE|WHOLE|ENDORSE|comps=124239|chunks=1
C_L_002|ENDORSE|FIXED64|WITHHOLD|comps=180841|chunks=379
C_L_002|ENDORSE|FIXED512|WITHHOLD|comps=197375|chunks=48
C_L_002|ENDORSE|ADAPTIVE|ENDORSE|comps=577689|chunks=229
C_L_002|ENDORSE|DIAGUNION|ENDORSE|comps=412979|chunks=48
C_L_003|WITHHOLD|WHOLE|ENDORSE|comps=224523|chunks=1
C_L_003|WITHHOLD|FIXED64|WITHHOLD|comps=179931|chunks=377
C_L_003|WITHHOLD|FIXED512|WITHHOLD|comps=196825|chunks=48
C_L_003|WITHHOLD|ADAPTIVE|WITHHOLD|comps=602522|chunks=219
C_L_003|WITHHOLD|DIAGUNION|ENDORSE|comps=412407|chunks=48
C_L_004|WITHHOLD|WHOLE|ENDORSE|comps=100142|chunks=1
C_L_004|WITHHOLD|FIXED64|WITHHOLD|comps=180301|chunks=378
C_L_004|WITHHOLD|FIXED512|WITHHOLD|comps=197697|chunks=48
C_L_004|WITHHOLD|ADAPTIVE|WITHHOLD|comps=603114|chunks=219
C_L_004|WITHHOLD|DIAGUNION|ENDORSE|comps=410602|chunks=48
SUMMARY ARM=WHOLE n=80 endorse=68 comps_total=1273430
SUMMARY ARM=FIXED64 n=80 endorse=24 comps_total=1472762
SUMMARY ARM=FIXED512 n=80 endorse=27 comps_total=1678284
SUMMARY ARM=ADAPTIVE W=1600 n=80 endorse=50 comps_total=5046118
SUMMARY ARM=DIAGUNION n=80 endorse=68 comps_total=3137979
