== S1 battery (resume) ==
skip (done): cell_C_VUP_0_s1
skip (done): cell_C_VUP_1_s1
skip (done): cell_C_VUP_2_s1
skip (done): cell_C_VUP_3_s1
skip (done): cell_C_VUP_4_s1
skip (done): cell_C_VUP_5_s1
skip (done): cell_C_WBS_0_s1
skip (done): cell_C_WBS_1_s1
skip (done): cell_C_WBS_2_s1
skip (done): cell_C_WBS_3_s1
skip (done): cell_C_WBS_4_s1
skip (done): cell_C_WBS_5_s1
skip (done): cell_C_JI_0_s1
skip (done): cell_C_JI_1_s1
skip (done): cell_C_JI_2_s1
skip (done): cell_C_JI_3_s1
skip (done): cell_C_JI_4_s1
skip (done): cell_C_JI_5_s1
S1 C done
skip (done): cell_M_VUP_0_s1
skip (done): cell_M_VUP_1_s1
skip (done): cell_M_VUP_2_s1
skip (done): cell_M_VUP_3_s1
skip (done): cell_M_VUP_4_s1
skip (done): cell_M_VUP_5_s1
skip (done): cell_M_WBS_0_s1
skip (done): cell_M_WBS_1_s1
skip (done): cell_M_WBS_2_s1
skip (done): cell_M_WBS_3_s1
skip (done): cell_M_WBS_4_s1
skip (done): cell_M_WBS_5_s1
skip (done): cell_M_JI_0_s1
skip (done): cell_M_JI_1_s1
skip (done): cell_M_JI_2_s1
skip (done): cell_M_JI_3_s1
skip (done): cell_M_JI_4_s1
skip (done): cell_M_JI_5_s1
S1 M done
skip (done): cell_D_VUP_0_s1
skip (done): cell_D_VUP_1_s1
skip (done): cell_D_VUP_2_s1
skip (done): cell_D_VUP_3_s1
skip (done): cell_D_VUP_4_s1
skip (done): cell_D_VUP_5_s1
skip (done): cell_D_WBS_0_s1
skip (done): cell_D_WBS_1_s1
skip (done): cell_D_WBS_2_s1
skip (done): cell_D_WBS_3_s1
skip (done): cell_D_WBS_4_s1
skip (done): cell_D_WBS_5_s1
skip (done): cell_D_JI_0_s1
skip (done): cell_D_JI_1_s1
skip (done): cell_D_JI_2_s1
skip (done): cell_D_JI_3_s1
skip (done): cell_D_JI_4_s1
skip (done): cell_D_JI_5_s1
S1 D done
== S10 battery (resume) ==
skip (done): cell_C_VUP_0_s10
skip (done): cell_C_VUP_1_s10
skip (done): cell_C_VUP_2_s10
skip (done): cell_C_WBS_0_s10
skip (done): cell_C_WBS_1_s10
ok: cell_C_WBS_2_s10
ok: cell_C_JI_0_s10
ok: cell_C_JI_1_s10
ok: cell_C_JI_2_s10
S10 C done
ok: cell_M_VUP_0_s10
ok: cell_M_VUP_1_s10
ok: cell_M_VUP_2_s10
ok: cell_M_WBS_0_s10
ok: cell_M_WBS_1_s10
ok: cell_M_WBS_2_s10
ok: cell_M_JI_0_s10
ok: cell_M_JI_1_s10
ok: cell_M_JI_2_s10
S10 M done
ok: cell_D_VUP_0_s10
ok: cell_D_VUP_1_s10
