SUNAMT_SUNHALF n=25 mean_x1000=777 min_x1000=698 max_x1000=850
SUNAMT_ANTISUN n=23 mean_x1000=607 min_x1000=518 max_x1000=688
COVERAGE_BASEALPHA_x10000=1250
GW_x100 GC_x100 | sunmean antimean diff fsmean bigfrac_x10000 maxdl_x100 var_x100 dg_range_x1000 dg_argx
10 20 | 658 -648 1306 -156 2777 1591 6135 300 320
10 30 | 658 -1008 1666 -410 3194 2386 10686 400 320
10 40 | 658 -1369 2027 -664 4166 3182 16542 500 320
10 50 | 658 -1495 2153 -691 4166 3182 18076 500 320
15 20 | 987 -612 1599 18 2777 1591 8610 349 320
15 30 | 987 -972 1959 -235 3194 2386 13805 449 320
15 40 | 987 -1332 2320 -489 4166 3182 20305 549 320
15 50 | 987 -1459 2446 -516 4166 3182 22059 549 320
20 20 | 1316 -576 1892 193 7152 1591 11559 399 320
20 30 | 1316 -936 2252 -60 7569 2386 17398 500 320
20 40 | 1316 -1296 2613 -313 8541 3182 24542 600 320
20 50 | 1316 -1423 2739 -341 8541 3182 26518 600 320
25 20 | 1645 -539 2185 368 7500 1919 14984 449 320
25 30 | 1645 -900 2545 114 7916 2386 21466 550 320
25 40 | 1645 -1260 2905 -138 8888 3182 29254 650 320
25 50 | 1645 -1387 3032 -166 8888 3182 31451 650 320
