EP 0 x0=1 x1=1 pred=0 true=4 err=4
EP 1 x0=4 x1=2 pred=0 true=12 err=12
TRIGGER 1 cumfail=2 buf=2
CONSTRUCT 1 0 NODE id=0 op=ADD p1=0 p2=8 p3=8 err_before=16 err_after=6
CONSTRUCT 1 1 NODE id=1 op=ADD p1=0 p2=0 p3=8 err_before=6 err_after=1
STALL 1 nodes=3 buf_err=1
EP 2 x0=0 x1=0 pred=0 true=0 err=0
EP 3 x0=0 x1=3 pred=0 true=6 err=6
EP 4 x0=1 x1=3 pred=3 true=8 err=5
TRIGGER 4 cumfail=2 buf=5
CONSTRUCT 4 0 NODE id=2 op=ADD p1=0 p2=0 p3=9 err_before=12 err_after=7
CONSTRUCT 4 1 NODE id=3 op=ADD p1=0 p2=0 p3=9 err_before=7 err_after=6
STALL 4 nodes=5 buf_err=6
EP 5 x0=3 x1=0 pred=9 true=6 err=3
EP 6 x0=3 x1=1 pred=11 true=8 err=3
TRIGGER 6 cumfail=2 buf=7
STALL 6 nodes=5 buf_err=12
EP 7 x0=2 x1=0 pred=6 true=4 err=2
EP 8 x0=1 x1=3 pred=9 true=8 err=1
TRIGGER 8 cumfail=2 buf=8
STALL 8 nodes=5 buf_err=14
EP 9 x0=1 x1=1 pred=5 true=4 err=1
EP 10 x0=0 x1=2 pred=4 true=4 err=0
EP 11 x0=4 x1=2 pred=16 true=12 err=4
TRIGGER 11 cumfail=2 buf=8
STALL 11 nodes=5 buf_err=15
EP 12 x0=2 x1=1 pred=8 true=6 err=2
EP 13 x0=2 x1=0 pred=6 true=4 err=2
TRIGGER 13 cumfail=2 buf=8
STALL 13 nodes=5 buf_err=15
EP 14 x0=4 x1=3 pred=18 true=14 err=4
EP 15 x0=0 x1=4 pred=8 true=8 err=0
EP 16 x0=2 x1=0 pred=6 true=4 err=2
TRIGGER 16 cumfail=2 buf=8
STALL 16 nodes=5 buf_err=15
EP 17 x0=3 x1=1 pred=11 true=8 err=3
EP 18 x0=3 x1=2 pred=13 true=10 err=3
TRIGGER 18 cumfail=2 buf=8
STALL 18 nodes=5 buf_err=20
EP 19 x0=3 x1=1 pred=11 true=8 err=3
EP 20 x0=0 x1=0 pred=0 true=0 err=0
EP 21 x0=1 x1=1 pred=5 true=4 err=1
TRIGGER 21 cumfail=2 buf=8
STALL 21 nodes=5 buf_err=16
EP 22 x0=1 x1=1 pred=5 true=4 err=1
EP 23 x0=0 x1=3 pred=6 true=6 err=0
EXEC main 24
SUMMARY episodes=24 constructs=4 supersedes=0 stalls=9 main_nodes=5
