EP 0 x0=0 pred=0 true=0 err=0
EP 1 x0=1 pred=0 true=2 err=2
EP 2 x0=2 pred=0 true=4 err=4
TRIGGER 2 cumfail=2 buf=3
CONSTRUCT 2 0 NODE id=0 op=ADD p1=0 p2=8 p3=8 err_before=6 err_after=0
EP 3 x0=3 pred=6 true=6 err=0
EP 4 x0=4 pred=8 true=8 err=0
EP 5 x0=5 pred=10 true=10 err=0
EP 6 x0=6 pred=12 true=12 err=0
EP 7 x0=7 pred=14 true=14 err=0
EP 8 x0=8 pred=16 true=16 err=0
EP 9 x0=9 pred=18 true=18 err=0
EP 10 x0=10 pred=20 true=20 err=0
EP 11 x0=11 pred=22 true=22 err=0
EP 12 x0=0 pred=0 true=0 err=0
EP 13 x0=1 pred=2 true=4 err=2
EP 14 x0=2 pred=4 true=8 err=4
TRIGGER 14 cumfail=2 buf=8
STALL 14 nodes=2 buf_err=6
EP 15 x0=3 pred=6 true=12 err=6
EP 16 x0=4 pred=8 true=16 err=8
TRIGGER 16 cumfail=2 buf=8
STALL 16 nodes=2 buf_err=20
EP 17 x0=5 pred=10 true=20 err=10
EP 18 x0=6 pred=12 true=24 err=12
TRIGGER 18 cumfail=2 buf=8
CONSTRUCT 18 0 NODE id=1 op=ADD p1=0 p2=0 p3=0 err_before=42 err_after=22
STALL 18 nodes=3 buf_err=22
EP 19 x0=7 pred=28 true=28 err=0
EP 20 x0=8 pred=32 true=32 err=0
EP 21 x0=9 pred=36 true=36 err=0
EP 22 x0=10 pred=40 true=40 err=0
EP 23 x0=11 pred=44 true=44 err=0
EXEC main 24
SUMMARY episodes=24 constructs=2 supersedes=0 stalls=3 main_nodes=3
