ST_CELL,B,A4,1,8,S1,500
ST_TARGET,8,8
ST_QUORUM,0,0,0,0
ST_QUORUM,50,0,0,0
ST_QUORUM,100,0,0,0
ST_QUORUM,150,0,0,0
ST_QUORUM,200,0,0,0
ST_QUORUM,250,0,0,0
ST_QUORUM,300,0,0,0
ST_QUORUM,350,0,0,0
ST_QUORUM,400,0,0,0
ST_QUORUM,450,0,0,0
ST_QUORUM,499,0,0,0
ST_CHECK,refusals,0
ST_CHECK,replay,0
ST_CHECK,provenance,0
ST_SRR,8,0,0
ST_FCR,0,0
ST_TAXONOMY,8,GENUINE_REVISED
ST_TTD_COLLUSION,-1
ST_FREEZE,8,0,0
ST_RECOVERY,-1
ST_REV_LATENCY,2
ST_DENIAL,0
ST_GENUINE_FLAGGED,0
ST_A6_MAXSTR,-1
ST_GATE_REFUSED,0
ST_B_SUSPECT,1
ST_STR_REFUSED,0
ST_FP,0,2e970d4d164189cc1b274651abbcd41a6edadbef372d162e628de73a374972a7,5550632
ST_DONE
