ST_CELL,TNC,A4,1,8,S1,500
ST_TARGET,8,8
ST_QUORUM,0,0,0,0
ST_QUORUM,50,0,0,0
ST_QUORUM,100,0,0,0
ST_QUORUM,150,0,0,0
ST_QUORUM,200,0,0,0
ST_QUORUM,250,0,0,0
ST_QUORUM,300,0,0,0
ST_QUORUM,350,0,0,0
ST_QUORUM,400,0,0,0
ST_QUORUM,450,0,0,0
ST_QUORUM,499,0,0,0
ST_CHECK,refusals,0
ST_CHECK,replay,0
ST_CHECK,provenance,0
ST_SRR,8,0,0
ST_FCR,0,0
ST_TAXONOMY,8,GENUINE_REVISED
ST_TTD_COLLUSION,-1
ST_FREEZE,8,0,0
ST_RECOVERY,-1
ST_REV_LATENCY,2
ST_DENIAL,0
ST_GENUINE_FLAGGED,0
ST_A6_MAXSTR,-1
ST_GATE_REFUSED,0
ST_B_SUSPECT,0
ST_STR_REFUSED,0
ST_FP,0,0528d4dd38a8ec92b50e13d11f7561d09582726e027c864bad645d06c6b60622,5550460
ST_DONE
