L3-SUF-1 ADVERSARY SEALED BATTERY
W0 ntrain=20 nstakes=12
FA ntrain=20 nstakes=12
FB ntrain=20 nstakes=12
FC ntrain=20 nstakes=12
FD ntrain=20 nstakes=12
FE ntrain=20 nstakes=12
FF ntrain=20 nstakes=12
FG ntrain=20 nstakes=12
FX ntrain=20 nstakes=12
worlds built
=== GATE ===
GATE W0 conf_wrong=1 nrej=6
GATE FA conf_wrong=1 nrej=3
GATE FB conf_wrong=1 nrej=8
GATE FC conf_wrong=1 nrej=8
GATE all-confidently-wrong PASS
=== TREATMENT T0 (INVENT) ===
T0 first_unres_mark=316 first_creject=124
T0 op_fail=2 tests=236
T0 (i)=1 (ii)=1 (iii)=1
T0 PASS
=== TREATMENT T1 (PROBE-ACTIVE) ===
T1 slotvary=26 held_correct=6 wrong=0
T1 (i)=1 (ii)=1 (iii)=1
T1 PASS
=== TREATMENT T2 (ABSTAIN) ===
T2 wrong=0 cdet=4 ddet=4
T2 abst_und=2 dund=2 nabstain=4
T2 (i)=1 (ii)=1 (iii)=1
T2 PASS
=== TREATMENT T3 (TRUST) ===
T3 tests=122 defer=2 conf_wrong=0
T3 (i)=1 (ii)=1 (iii)=1
T3 PASS
=== TREATMENT T4 (REUSE) ===
T4 wrong=0 cdet=4 ddet=4
T4 aud=2 dund=2 tests=116
T4 reinvent=0 kb_loaded=1
=== TREATMENT T5 (RECODE) ===
T5 wrong=0 cdet=4 aud=2
T5 reinvent=0 part=1 bars=1
T5 PASS
=== TREATMENT T6 (REVISE) ===
T6 wrong=0 cdet=4 aud=2
T6 lineage_matches=5 bars=1
T6 PASS
=== TREATMENT T7 (RETIRE) ===
T7 held_correct=6 unres_marks=0 commit_kind=1
T7 PASS
=== ATTACK X-CTX (CTX-NOVEL) ===
TX wrong=0 cdet=3 ddet=3
TX abst_und=3 dund=3 conf_wrong_r1=1
X-CTX PASS
=== CONTROLS ===
C0 T1 conf_wrong=1
C0 T2 conf_wrong=1
C0 T3 conf_wrong=1
SUF-K6 C0-conf-wrong-T1T2T3 PASS
C0 X-CTX conf_wrong=1
C1 T2 wrong=3 cdet=3 aud=0
C1-fails-T2 PASS
C2 T4 tests=232
C3 T3 committed=1 conf_wrong=1
C3-confidently-wrong PASS
=== KILL BARS ===
SEAL-GATE PASS
SEAL-T0 invent PASS
SEAL-T1 probe-active PASS
SEAL-T2 abstain PASS
SEAL-T3 trust PASS
SEAL-T4 reuse PASS
SEAL-T5 recode PASS
SEAL-T6 revise PASS
SEAL-T7 retire PASS
SEAL-T8 x-ctx PASS
SEAL-C0 (K6) PASS
SEAL-C1-fails (K9a) PASS
SEAL-C3 (K9b) PASS
SUF-K9 beats-controls PASS
SUF-K5 hidden-instances PASS
SUF-K11 revisable-retirable PASS
SUF-K2 created-after-experience PASS
SUF-KC0B open-form PASS
SUF-KC0D cognitive-reuse PASS
SEAL-KC0C sealed-worlds PASS
GATE pass=1 T0 pass=1
T4 tests=116 C2 tests=232
T4 ratio ok=1
SUF-ADV-END
