CHECK,exclusive_store_create,0,0
CHECK,owner_open,0,0
PROCESSV3,lock-contender,0,1,0,1,0,1,0,0,218,0,6332,1,985,1540096
CHECK,child_status,0,0
CHECK,child_started,1,1
CHECK,child_reaped,1,1
CHECK,child_exit,0,0
CHECK,child_signal,0,0
CHECK,child_stderr_empty,0,0
CHECK,observed_child_rss_bound,1,1
CHECK,complete_capture,218,218
CHECK,child_terminal_pass,1,1
CHECK,native_counts_valid,1,1
CHECK,authorized_commit,0,0
CHECK,lock_released_for_reopen,0,0
CHECK,owner_commit_preserved,1,1
N07_NESTED_CHILDREN,1
N07_NESTED_CHECKS,4
N07_CHILD_COUNTS,15,0
N07_CHILD_PASS
