CLAIM id=T0142 idx=141
READ hid=0 rd=R_ASSERT ev=1
READ hid=1 rd=R_EVAL ev=0
READ hid=2 rd=R_DEON ev=0
READ hid=3 rd=R_1PEXP ev=0
READ hid=4 rd=R_NEG ev=0
READ hid=5 rd=R_CLAIMNUM ev=0
READ hid=10 rd=R_OVL_0 ev=2
READ hid=26 rd=R_CPOL_0 ev=0
READ hid=42 rd=R_CNUMA_0 ev=1
READ hid=58 rd=R_CNUMC_0 ev=0
READ hid=74 rd=R_CNUMG_0 ev=0
READ hid=11 rd=R_OVL_1 ev=1
READ hid=27 rd=R_CPOL_1 ev=0
READ hid=43 rd=R_CNUMA_1 ev=1
READ hid=59 rd=R_CNUMC_1 ev=0
READ hid=75 rd=R_CNUMG_1 ev=0
READ hid=12 rd=R_OVL_2 ev=1
READ hid=28 rd=R_CPOL_2 ev=0
READ hid=44 rd=R_CNUMA_2 ev=1
READ hid=60 rd=R_CNUMC_2 ev=0
READ hid=76 rd=R_CNUMG_2 ev=0
READ hid=13 rd=R_OVL_3 ev=1
READ hid=29 rd=R_CPOL_3 ev=0
READ hid=45 rd=R_CNUMA_3 ev=1
READ hid=61 rd=R_CNUMC_3 ev=0
READ hid=77 rd=R_CNUMG_3 ev=0
READ hid=14 rd=R_OVL_4 ev=1
READ hid=30 rd=R_CPOL_4 ev=0
READ hid=46 rd=R_CNUMA_4 ev=1
READ hid=62 rd=R_CNUMC_4 ev=0
READ hid=78 rd=R_CNUMG_4 ev=0
READ hid=15 rd=R_OVL_5 ev=1
READ hid=31 rd=R_CPOL_5 ev=0
READ hid=47 rd=R_CNUMA_5 ev=1
READ hid=63 rd=R_CNUMC_5 ev=0
READ hid=79 rd=R_CNUMG_5 ev=0
READ hid=16 rd=R_OVL_6 ev=1
READ hid=32 rd=R_CPOL_6 ev=1
READ hid=48 rd=R_CNUMA_6 ev=1
READ hid=64 rd=R_CNUMC_6 ev=0
READ hid=80 rd=R_CNUMG_6 ev=0
CAND hid=120 bid=SUP_0 fire=1 base=100 bonus=12 score=112 cand=T0409
CAND hid=140 bid=CON_0 fire=1 base=100 bonus=2 score=102 cand=T0409
CAND hid=160 bid=TOP_0 fire=1 base=100 bonus=2 score=102 cand=T0409
CAND hid=121 bid=SUP_1 fire=1 base=100 bonus=17 score=117 cand=T0173
CAND hid=141 bid=CON_1 fire=1 base=100 bonus=7 score=107 cand=T0173
CAND hid=161 bid=TOP_1 fire=1 base=100 bonus=1 score=101 cand=T0173
CAND hid=122 bid=SUP_2 fire=1 base=100 bonus=17 score=117 cand=T0175
CAND hid=142 bid=CON_2 fire=1 base=100 bonus=7 score=107 cand=T0175
CAND hid=162 bid=TOP_2 fire=1 base=100 bonus=1 score=101 cand=T0175
CAND hid=123 bid=SUP_3 fire=1 base=100 bonus=11 score=111 cand=T0220
CAND hid=143 bid=CON_3 fire=1 base=100 bonus=1 score=101 cand=T0220
CAND hid=163 bid=TOP_3 fire=1 base=100 bonus=1 score=101 cand=T0220
CAND hid=124 bid=SUP_4 fire=1 base=100 bonus=17 score=117 cand=T0233
CAND hid=144 bid=CON_4 fire=1 base=100 bonus=7 score=107 cand=T0233
CAND hid=164 bid=TOP_4 fire=1 base=100 bonus=1 score=101 cand=T0233
CAND hid=125 bid=SUP_5 fire=1 base=100 bonus=11 score=111 cand=T0365
CAND hid=145 bid=CON_5 fire=1 base=100 bonus=1 score=101 cand=T0365
CAND hid=165 bid=TOP_5 fire=1 base=100 bonus=1 score=101 cand=T0365
CAND hid=126 bid=SUP_6 fire=1 base=100 bonus=1 score=101 cand=T0421
CAND hid=146 bid=CON_6 fire=1 base=100 bonus=11 score=111 cand=T0421
CAND hid=166 bid=TOP_6 fire=1 base=100 bonus=1 score=101 cand=T0421
ELIM hid=140 bid=CON_0 reason=OUTSCORED by=120 score=102
ELIM hid=160 bid=TOP_0 reason=OUTSCORED by=120 score=102
ELIM hid=141 bid=CON_1 reason=OUTSCORED by=121 score=107
ELIM hid=161 bid=TOP_1 reason=OUTSCORED by=121 score=101
ELIM hid=142 bid=CON_2 reason=OUTSCORED by=122 score=107
ELIM hid=162 bid=TOP_2 reason=OUTSCORED by=122 score=101
ELIM hid=143 bid=CON_3 reason=OUTSCORED by=123 score=101
ELIM hid=163 bid=TOP_3 reason=OUTSCORED by=123 score=101
ELIM hid=144 bid=CON_4 reason=OUTSCORED by=124 score=107
ELIM hid=164 bid=TOP_4 reason=OUTSCORED by=124 score=101
ELIM hid=145 bid=CON_5 reason=OUTSCORED by=125 score=101
ELIM hid=165 bid=TOP_5 reason=OUTSCORED by=125 score=101
ELIM hid=126 bid=SUP_6 reason=OUTSCORED by=146 score=101
ELIM hid=166 bid=TOP_6 reason=OUTSCORED by=146 score=101
READ hid=90 rd=R_COV_0 ev=0
READ hid=91 rd=R_COV_1 ev=1
READ hid=92 rd=R_COV_2 ev=0
READ hid=93 rd=R_COV_3 ev=0
READ hid=94 rd=R_COV_4 ev=1
READ hid=95 rd=R_COV_5 ev=0
CAND hid=200 bid=FACT fire=0 base=211 bonus=2 score=213
CAND hid=201 bid=LIE fire=0 base=211 bonus=1 score=212
CAND hid=203 bid=UNDET fire=1 base=203 bonus=6 score=209
ELIM hid=200 bid=FACT reason=PRE_FAIL by=-1 score=213
ELIM hid=201 bid=LIE reason=PRE_FAIL by=-1 score=212
ELIM hid=202 bid=OPINION reason=PRE_FAIL by=-1 score=0
ARGMAX hid=203 verdict=UNDETERMINED score=209 margin=0
CONTENT cand=T0409 ovl=2 interp=SUP text="A good story is worth more than good advice. "
CONTENT cand=T0173 ovl=1 interp=SUP text="Breakfast food is good at any hour of the day. "
CONTENT cand=T0175 ovl=1 interp=SUP text="The Internet and the World Wide Web are the same thing. "
CONTENT cand=T0220 ovl=1 interp=SUP text="Simplicity is the hardest thing to design well. "
CONTENT cand=T0233 ovl=1 interp=SUP text="The ocean heals things nothing else can. "
CONTENT cand=T0365 ovl=1 interp=SUP text="I think horror movies are a waste of a good evening. "
CONTENT cand=T0421 ovl=1 interp=CON text="I believe sequels are almost never as good as the original. "
NEED: CONTESTED
VERDICT id=T0142 verdict=UNDETERMINED
