CLAIM id=T0205 idx=204
READ hid=0 rd=R_ASSERT ev=0
READ hid=1 rd=R_EVAL ev=1
READ hid=2 rd=R_DEON ev=0
READ hid=3 rd=R_1PEXP ev=0
READ hid=4 rd=R_NEG ev=0
READ hid=5 rd=R_CLAIMNUM ev=0
READ hid=10 rd=R_OVL_0 ev=4
READ hid=26 rd=R_CPOL_0 ev=0
READ hid=42 rd=R_CNUMA_0 ev=1
READ hid=58 rd=R_CNUMC_0 ev=0
READ hid=74 rd=R_CNUMG_0 ev=0
READ hid=11 rd=R_OVL_1 ev=3
READ hid=27 rd=R_CPOL_1 ev=0
READ hid=43 rd=R_CNUMA_1 ev=1
READ hid=59 rd=R_CNUMC_1 ev=0
READ hid=75 rd=R_CNUMG_1 ev=0
READ hid=12 rd=R_OVL_2 ev=2
READ hid=28 rd=R_CPOL_2 ev=0
READ hid=44 rd=R_CNUMA_2 ev=1
READ hid=60 rd=R_CNUMC_2 ev=0
READ hid=76 rd=R_CNUMG_2 ev=0
READ hid=13 rd=R_OVL_3 ev=2
READ hid=29 rd=R_CPOL_3 ev=0
READ hid=45 rd=R_CNUMA_3 ev=1
READ hid=61 rd=R_CNUMC_3 ev=0
READ hid=77 rd=R_CNUMG_3 ev=0
READ hid=14 rd=R_OVL_4 ev=2
READ hid=30 rd=R_CPOL_4 ev=0
READ hid=46 rd=R_CNUMA_4 ev=1
READ hid=62 rd=R_CNUMC_4 ev=0
READ hid=78 rd=R_CNUMG_4 ev=0
READ hid=15 rd=R_OVL_5 ev=2
READ hid=31 rd=R_CPOL_5 ev=0
READ hid=47 rd=R_CNUMA_5 ev=1
READ hid=63 rd=R_CNUMC_5 ev=0
READ hid=79 rd=R_CNUMG_5 ev=0
READ hid=16 rd=R_OVL_6 ev=2
READ hid=32 rd=R_CPOL_6 ev=0
READ hid=48 rd=R_CNUMA_6 ev=1
READ hid=64 rd=R_CNUMC_6 ev=0
READ hid=80 rd=R_CNUMG_6 ev=0
READ hid=17 rd=R_OVL_7 ev=2
READ hid=33 rd=R_CPOL_7 ev=0
READ hid=49 rd=R_CNUMA_7 ev=1
READ hid=65 rd=R_CNUMC_7 ev=0
READ hid=81 rd=R_CNUMG_7 ev=0
READ hid=18 rd=R_OVL_8 ev=1
READ hid=34 rd=R_CPOL_8 ev=0
READ hid=50 rd=R_CNUMA_8 ev=1
READ hid=66 rd=R_CNUMC_8 ev=0
READ hid=82 rd=R_CNUMG_8 ev=0
READ hid=19 rd=R_OVL_9 ev=1
READ hid=35 rd=R_CPOL_9 ev=0
READ hid=51 rd=R_CNUMA_9 ev=1
READ hid=67 rd=R_CNUMC_9 ev=0
READ hid=83 rd=R_CNUMG_9 ev=0
READ hid=20 rd=R_OVL_10 ev=1
READ hid=36 rd=R_CPOL_10 ev=0
READ hid=52 rd=R_CNUMA_10 ev=1
READ hid=68 rd=R_CNUMC_10 ev=0
READ hid=84 rd=R_CNUMG_10 ev=0
READ hid=21 rd=R_OVL_11 ev=1
READ hid=37 rd=R_CPOL_11 ev=0
READ hid=53 rd=R_CNUMA_11 ev=1
READ hid=69 rd=R_CNUMC_11 ev=0
READ hid=85 rd=R_CNUMG_11 ev=0
READ hid=22 rd=R_OVL_12 ev=1
READ hid=38 rd=R_CPOL_12 ev=0
READ hid=54 rd=R_CNUMA_12 ev=1
READ hid=70 rd=R_CNUMC_12 ev=0
READ hid=86 rd=R_CNUMG_12 ev=0
READ hid=23 rd=R_OVL_13 ev=1
READ hid=39 rd=R_CPOL_13 ev=0
READ hid=55 rd=R_CNUMA_13 ev=1
READ hid=71 rd=R_CNUMC_13 ev=0
READ hid=87 rd=R_CNUMG_13 ev=0
CAND hid=120 bid=SUP_0 fire=1 base=100 bonus=20 score=120 cand=T0262
CAND hid=140 bid=CON_0 fire=1 base=100 bonus=10 score=110 cand=T0262
CAND hid=160 bid=TOP_0 fire=1 base=100 bonus=4 score=104 cand=T0262
CAND hid=121 bid=SUP_1 fire=1 base=100 bonus=19 score=119 cand=T0384
CAND hid=141 bid=CON_1 fire=1 base=100 bonus=9 score=109 cand=T0384
CAND hid=161 bid=TOP_1 fire=1 base=100 bonus=3 score=103 cand=T0384
CAND hid=122 bid=SUP_2 fire=1 base=100 bonus=18 score=118 cand=T0050
CAND hid=142 bid=CON_2 fire=1 base=100 bonus=8 score=108 cand=T0050
CAND hid=162 bid=TOP_2 fire=1 base=100 bonus=2 score=102 cand=T0050
CAND hid=123 bid=SUP_3 fire=1 base=100 bonus=12 score=112 cand=T0083
CAND hid=143 bid=CON_3 fire=1 base=100 bonus=2 score=102 cand=T0083
CAND hid=163 bid=TOP_3 fire=1 base=100 bonus=2 score=102 cand=T0083
CAND hid=124 bid=SUP_4 fire=1 base=100 bonus=12 score=112 cand=T0112
CAND hid=144 bid=CON_4 fire=1 base=100 bonus=2 score=102 cand=T0112
CAND hid=164 bid=TOP_4 fire=1 base=100 bonus=2 score=102 cand=T0112
CAND hid=125 bid=SUP_5 fire=1 base=100 bonus=12 score=112 cand=T0269
CAND hid=145 bid=CON_5 fire=1 base=100 bonus=2 score=102 cand=T0269
CAND hid=165 bid=TOP_5 fire=1 base=100 bonus=2 score=102 cand=T0269
CAND hid=126 bid=SUP_6 fire=1 base=100 bonus=12 score=112 cand=T0352
CAND hid=146 bid=CON_6 fire=1 base=100 bonus=2 score=102 cand=T0352
CAND hid=166 bid=TOP_6 fire=1 base=100 bonus=2 score=102 cand=T0352
CAND hid=127 bid=SUP_7 fire=1 base=100 bonus=18 score=118 cand=T0426
CAND hid=147 bid=CON_7 fire=1 base=100 bonus=8 score=108 cand=T0426
CAND hid=167 bid=TOP_7 fire=1 base=100 bonus=2 score=102 cand=T0426
CAND hid=128 bid=SUP_8 fire=1 base=100 bonus=11 score=111 cand=T0013
CAND hid=148 bid=CON_8 fire=1 base=100 bonus=1 score=101 cand=T0013
CAND hid=168 bid=TOP_8 fire=1 base=100 bonus=1 score=101 cand=T0013
CAND hid=129 bid=SUP_9 fire=1 base=100 bonus=11 score=111 cand=T0105
CAND hid=149 bid=CON_9 fire=1 base=100 bonus=1 score=101 cand=T0105
CAND hid=169 bid=TOP_9 fire=1 base=100 bonus=1 score=101 cand=T0105
CAND hid=130 bid=SUP_10 fire=1 base=100 bonus=17 score=117 cand=T0125
CAND hid=150 bid=CON_10 fire=1 base=100 bonus=7 score=107 cand=T0125
CAND hid=170 bid=TOP_10 fire=1 base=100 bonus=1 score=101 cand=T0125
CAND hid=131 bid=SUP_11 fire=1 base=100 bonus=11 score=111 cand=T0138
CAND hid=151 bid=CON_11 fire=1 base=100 bonus=1 score=101 cand=T0138
CAND hid=171 bid=TOP_11 fire=1 base=100 bonus=1 score=101 cand=T0138
CAND hid=132 bid=SUP_12 fire=1 base=100 bonus=17 score=117 cand=T0261
CAND hid=152 bid=CON_12 fire=1 base=100 bonus=7 score=107 cand=T0261
CAND hid=172 bid=TOP_12 fire=1 base=100 bonus=1 score=101 cand=T0261
CAND hid=133 bid=SUP_13 fire=1 base=100 bonus=17 score=117 cand=T0281
CAND hid=153 bid=CON_13 fire=1 base=100 bonus=7 score=107 cand=T0281
CAND hid=173 bid=TOP_13 fire=1 base=100 bonus=1 score=101 cand=T0281
ELIM hid=140 bid=CON_0 reason=OUTSCORED by=120 score=110
ELIM hid=160 bid=TOP_0 reason=OUTSCORED by=120 score=104
ELIM hid=141 bid=CON_1 reason=OUTSCORED by=121 score=109
ELIM hid=161 bid=TOP_1 reason=OUTSCORED by=121 score=103
ELIM hid=142 bid=CON_2 reason=OUTSCORED by=122 score=108
ELIM hid=162 bid=TOP_2 reason=OUTSCORED by=122 score=102
ELIM hid=143 bid=CON_3 reason=OUTSCORED by=123 score=102
ELIM hid=163 bid=TOP_3 reason=OUTSCORED by=123 score=102
ELIM hid=144 bid=CON_4 reason=OUTSCORED by=124 score=102
ELIM hid=164 bid=TOP_4 reason=OUTSCORED by=124 score=102
ELIM hid=145 bid=CON_5 reason=OUTSCORED by=125 score=102
ELIM hid=165 bid=TOP_5 reason=OUTSCORED by=125 score=102
ELIM hid=146 bid=CON_6 reason=OUTSCORED by=126 score=102
ELIM hid=166 bid=TOP_6 reason=OUTSCORED by=126 score=102
ELIM hid=147 bid=CON_7 reason=OUTSCORED by=127 score=108
ELIM hid=167 bid=TOP_7 reason=OUTSCORED by=127 score=102
ELIM hid=148 bid=CON_8 reason=OUTSCORED by=128 score=101
ELIM hid=168 bid=TOP_8 reason=OUTSCORED by=128 score=101
ELIM hid=149 bid=CON_9 reason=OUTSCORED by=129 score=101
ELIM hid=169 bid=TOP_9 reason=OUTSCORED by=129 score=101
ELIM hid=150 bid=CON_10 reason=OUTSCORED by=130 score=107
ELIM hid=170 bid=TOP_10 reason=OUTSCORED by=130 score=101
ELIM hid=151 bid=CON_11 reason=OUTSCORED by=131 score=101
ELIM hid=171 bid=TOP_11 reason=OUTSCORED by=131 score=101
ELIM hid=152 bid=CON_12 reason=OUTSCORED by=132 score=107
ELIM hid=172 bid=TOP_12 reason=OUTSCORED by=132 score=101
ELIM hid=153 bid=CON_13 reason=OUTSCORED by=133 score=107
ELIM hid=173 bid=TOP_13 reason=OUTSCORED by=133 score=101
READ hid=90 rd=R_COV_0 ev=0
READ hid=91 rd=R_COV_1 ev=0
READ hid=92 rd=R_COV_2 ev=0
READ hid=93 rd=R_COV_3 ev=1
READ hid=94 rd=R_COV_4 ev=1
READ hid=95 rd=R_COV_5 ev=0
READ hid=96 rd=R_COV_6 ev=1
READ hid=97 rd=R_COV_7 ev=1
READ hid=98 rd=R_COV_8 ev=1
CAND hid=200 bid=FACT fire=1 base=211 bonus=4 score=215
CAND hid=201 bid=LIE fire=0 base=211 bonus=0 score=211
CAND hid=203 bid=UNDET fire=0 base=203 bonus=0 score=203
ELIM hid=201 bid=LIE reason=PRE_FAIL by=-1 score=211
ELIM hid=202 bid=OPINION reason=PRE_FAIL by=-1 score=0
ELIM hid=203 bid=UNDET reason=PRE_FAIL by=-1 score=203
ARGMAX hid=200 verdict=FACT score=215 margin=0
CONTENT cand=T0262 ovl=4 interp=SUP text="Room-temperature water tastes better than ice water. "
CONTENT cand=T0384 ovl=3 interp=SUP text="Sound travels faster in air than in water. "
CONTENT cand=T0050 ovl=2 interp=SUP text="Hot air rises because it is less dense than cold air. "
CONTENT cand=T0083 ovl=2 interp=SUP text="Water freezes at 0 degrees Fahrenheit. "
CONTENT cand=T0112 ovl=2 interp=SUP text="Going out in the cold gives you a cold. "
CONTENT cand=T0269 ovl=2 interp=SUP text="You need to drink eight glasses of water every day. "
CONTENT cand=T0352 ovl=2 interp=SUP text="Fluoride in drinking water lowers children's IQ. "
CONTENT cand=T0426 ovl=2 interp=SUP text="The Caspian Sea is the largest enclosed body of water on Earth. "
CONTENT cand=T0013 ovl=1 interp=SUP text="Echinacea shortens the common cold. "
CONTENT cand=T0105 ovl=1 interp=SUP text="I love the smell of rain on hot pavement more than any perfume. "
CONTENT cand=T0125 ovl=1 interp=SUP text="Metal feels colder than wood at the same temperature because it conducts heat away faster. "
CONTENT cand=T0138 ovl=1 interp=SUP text="Taking vitamin C prevents catching colds. "
CONTENT cand=T0261 ovl=1 interp=SUP text="Fingernails grow about four times faster than toenails. "
CONTENT cand=T0281 ovl=1 interp=SUP text="The Sahara is the largest hot desert in the world. "
VERDICT id=T0205 verdict=FACT
