CLAIM id=T0337 idx=336
READ hid=0 rd=R_ASSERT ev=1
READ hid=1 rd=R_EVAL ev=0
READ hid=2 rd=R_DEON ev=0
READ hid=3 rd=R_1PEXP ev=0
READ hid=4 rd=R_NEG ev=0
READ hid=5 rd=R_CLAIMNUM ev=1
READ hid=10 rd=R_OVL_0 ev=2
READ hid=26 rd=R_CPOL_0 ev=0
READ hid=42 rd=R_CNUMA_0 ev=1
READ hid=58 rd=R_CNUMC_0 ev=0
READ hid=74 rd=R_CNUMG_0 ev=0
READ hid=11 rd=R_OVL_1 ev=2
READ hid=27 rd=R_CPOL_1 ev=0
READ hid=43 rd=R_CNUMA_1 ev=1
READ hid=59 rd=R_CNUMC_1 ev=0
READ hid=75 rd=R_CNUMG_1 ev=0
READ hid=12 rd=R_OVL_2 ev=2
READ hid=28 rd=R_CPOL_2 ev=0
READ hid=44 rd=R_CNUMA_2 ev=0
READ hid=60 rd=R_CNUMC_2 ev=0
READ hid=76 rd=R_CNUMG_2 ev=1
READ hid=13 rd=R_OVL_3 ev=1
READ hid=29 rd=R_CPOL_3 ev=0
READ hid=45 rd=R_CNUMA_3 ev=1
READ hid=61 rd=R_CNUMC_3 ev=0
READ hid=77 rd=R_CNUMG_3 ev=0
READ hid=14 rd=R_OVL_4 ev=1
READ hid=30 rd=R_CPOL_4 ev=1
READ hid=46 rd=R_CNUMA_4 ev=0
READ hid=62 rd=R_CNUMC_4 ev=0
READ hid=78 rd=R_CNUMG_4 ev=1
READ hid=15 rd=R_OVL_5 ev=1
READ hid=31 rd=R_CPOL_5 ev=1
READ hid=47 rd=R_CNUMA_5 ev=0
READ hid=63 rd=R_CNUMC_5 ev=0
READ hid=79 rd=R_CNUMG_5 ev=1
READ hid=16 rd=R_OVL_6 ev=1
READ hid=32 rd=R_CPOL_6 ev=0
READ hid=48 rd=R_CNUMA_6 ev=1
READ hid=64 rd=R_CNUMC_6 ev=0
READ hid=80 rd=R_CNUMG_6 ev=0
READ hid=17 rd=R_OVL_7 ev=1
READ hid=33 rd=R_CPOL_7 ev=1
READ hid=49 rd=R_CNUMA_7 ev=0
READ hid=65 rd=R_CNUMC_7 ev=0
READ hid=81 rd=R_CNUMG_7 ev=1
CAND hid=120 bid=SUP_0 fire=1 base=100 bonus=30 score=130 cand=T0129
CAND hid=140 bid=CON_0 fire=1 base=100 bonus=8 score=108 cand=T0129
CAND hid=160 bid=TOP_0 fire=1 base=100 bonus=2 score=102 cand=T0129
CAND hid=121 bid=SUP_1 fire=1 base=100 bonus=30 score=130 cand=T0267
CAND hid=141 bid=CON_1 fire=1 base=100 bonus=8 score=108 cand=T0267
CAND hid=161 bid=TOP_1 fire=1 base=100 bonus=2 score=102 cand=T0267
CAND hid=122 bid=SUP_2 fire=1 base=100 bonus=8 score=108 cand=T0432
CAND hid=142 bid=CON_2 fire=1 base=100 bonus=8 score=108 cand=T0432
CAND hid=162 bid=TOP_2 fire=1 base=100 bonus=14 score=114 cand=T0432
CAND hid=123 bid=SUP_3 fire=1 base=100 bonus=29 score=129 cand=T0023
CAND hid=143 bid=CON_3 fire=1 base=100 bonus=7 score=107 cand=T0023
CAND hid=163 bid=TOP_3 fire=1 base=100 bonus=1 score=101 cand=T0023
CAND hid=124 bid=SUP_4 fire=1 base=100 bonus=7 score=107 cand=T0058
CAND hid=144 bid=CON_4 fire=1 base=100 bonus=7 score=107 cand=T0058
CAND hid=164 bid=TOP_4 fire=1 base=100 bonus=13 score=113 cand=T0058
CAND hid=125 bid=SUP_5 fire=1 base=100 bonus=7 score=107 cand=T0157
CAND hid=145 bid=CON_5 fire=1 base=100 bonus=7 score=107 cand=T0157
CAND hid=165 bid=TOP_5 fire=1 base=100 bonus=13 score=113 cand=T0157
CAND hid=126 bid=SUP_6 fire=1 base=100 bonus=23 score=123 cand=T0285
CAND hid=146 bid=CON_6 fire=1 base=100 bonus=1 score=101 cand=T0285
CAND hid=166 bid=TOP_6 fire=1 base=100 bonus=1 score=101 cand=T0285
CAND hid=127 bid=SUP_7 fire=1 base=100 bonus=7 score=107 cand=T0391
CAND hid=147 bid=CON_7 fire=1 base=100 bonus=7 score=107 cand=T0391
CAND hid=167 bid=TOP_7 fire=1 base=100 bonus=13 score=113 cand=T0391
ELIM hid=140 bid=CON_0 reason=OUTSCORED by=120 score=108
ELIM hid=160 bid=TOP_0 reason=OUTSCORED by=120 score=102
ELIM hid=141 bid=CON_1 reason=OUTSCORED by=121 score=108
ELIM hid=161 bid=TOP_1 reason=OUTSCORED by=121 score=102
ELIM hid=122 bid=SUP_2 reason=OUTSCORED by=162 score=108
ELIM hid=142 bid=CON_2 reason=OUTSCORED by=162 score=108
ELIM hid=143 bid=CON_3 reason=OUTSCORED by=123 score=107
ELIM hid=163 bid=TOP_3 reason=OUTSCORED by=123 score=101
ELIM hid=124 bid=SUP_4 reason=OUTSCORED by=164 score=107
ELIM hid=144 bid=CON_4 reason=OUTSCORED by=164 score=107
ELIM hid=125 bid=SUP_5 reason=OUTSCORED by=165 score=107
ELIM hid=145 bid=CON_5 reason=OUTSCORED by=165 score=107
ELIM hid=146 bid=CON_6 reason=OUTSCORED by=126 score=101
ELIM hid=166 bid=TOP_6 reason=OUTSCORED by=126 score=101
ELIM hid=127 bid=SUP_7 reason=OUTSCORED by=167 score=107
ELIM hid=147 bid=CON_7 reason=OUTSCORED by=167 score=107
READ hid=90 rd=R_COV_0 ev=0
READ hid=91 rd=R_COV_1 ev=1
READ hid=92 rd=R_COV_2 ev=0
READ hid=93 rd=R_COV_3 ev=0
READ hid=94 rd=R_COV_4 ev=1
READ hid=95 rd=R_COV_5 ev=0
READ hid=96 rd=R_COV_6 ev=0
READ hid=97 rd=R_COV_7 ev=0
READ hid=98 rd=R_COV_8 ev=0
CAND hid=200 bid=FACT fire=1 base=211 bonus=2 score=213
CAND hid=201 bid=LIE fire=0 base=211 bonus=0 score=211
CAND hid=203 bid=UNDET fire=0 base=203 bonus=0 score=203
ELIM hid=201 bid=LIE reason=PRE_FAIL by=-1 score=211
ELIM hid=202 bid=OPINION reason=PRE_FAIL by=-1 score=0
ELIM hid=203 bid=UNDET reason=PRE_FAIL by=-1 score=203
ARGMAX hid=200 verdict=FACT score=213 margin=0
CONTENT cand=T0129 ovl=2 interp=SUP text="Istanbul sits on two continents, Europe and Asia. "
CONTENT cand=T0267 ovl=2 interp=SUP text="Two plus two equals four. "
CONTENT cand=T0432 ovl=2 interp=TOP text="Mount Everest grows a few millimeters taller every year as tectonic plates push upward. "
CONTENT cand=T0023 ovl=1 interp=SUP text="Marie Curie won Nobel Prizes in two different sciences. "
CONTENT cand=T0058 ovl=1 interp=TOP text="Silence between close friends is comfortable, not awkward. "
CONTENT cand=T0157 ovl=1 interp=TOP text="Controlled studies find no link between sugar and hyperactivity in most children. "
CONTENT cand=T0285 ovl=1 interp=SUP text="The Nile and the Amazon are the two longest rivers in the world. "
CONTENT cand=T0391 ovl=1 interp=TOP text="Sea otters hold hands while they sleep so they do not drift apart. "
VERDICT id=T0337 verdict=FACT
