CLAIM id=T0334 idx=333
READ hid=0 rd=R_ASSERT ev=0
READ hid=1 rd=R_EVAL ev=1
READ hid=2 rd=R_DEON ev=0
READ hid=3 rd=R_1PEXP ev=0
READ hid=4 rd=R_NEG ev=0
READ hid=5 rd=R_CLAIMNUM ev=1
READ hid=10 rd=R_OVL_0 ev=2
READ hid=26 rd=R_CPOL_0 ev=0
READ hid=42 rd=R_CNUMA_0 ev=0
READ hid=58 rd=R_CNUMC_0 ev=0
READ hid=74 rd=R_CNUMG_0 ev=1
READ hid=11 rd=R_OVL_1 ev=2
READ hid=27 rd=R_CPOL_1 ev=0
READ hid=43 rd=R_CNUMA_1 ev=0
READ hid=59 rd=R_CNUMC_1 ev=0
READ hid=75 rd=R_CNUMG_1 ev=1
READ hid=12 rd=R_OVL_2 ev=2
READ hid=28 rd=R_CPOL_2 ev=0
READ hid=44 rd=R_CNUMA_2 ev=1
READ hid=60 rd=R_CNUMC_2 ev=0
READ hid=76 rd=R_CNUMG_2 ev=0
READ hid=13 rd=R_OVL_3 ev=1
READ hid=29 rd=R_CPOL_3 ev=0
READ hid=45 rd=R_CNUMA_3 ev=0
READ hid=61 rd=R_CNUMC_3 ev=1
READ hid=77 rd=R_CNUMG_3 ev=0
READ hid=14 rd=R_OVL_4 ev=1
READ hid=30 rd=R_CPOL_4 ev=0
READ hid=46 rd=R_CNUMA_4 ev=0
READ hid=62 rd=R_CNUMC_4 ev=0
READ hid=78 rd=R_CNUMG_4 ev=1
READ hid=15 rd=R_OVL_5 ev=1
READ hid=31 rd=R_CPOL_5 ev=0
READ hid=47 rd=R_CNUMA_5 ev=0
READ hid=63 rd=R_CNUMC_5 ev=0
READ hid=79 rd=R_CNUMG_5 ev=1
READ hid=16 rd=R_OVL_6 ev=1
READ hid=32 rd=R_CPOL_6 ev=0
READ hid=48 rd=R_CNUMA_6 ev=0
READ hid=64 rd=R_CNUMC_6 ev=1
READ hid=80 rd=R_CNUMG_6 ev=0
READ hid=17 rd=R_OVL_7 ev=1
READ hid=33 rd=R_CPOL_7 ev=0
READ hid=49 rd=R_CNUMA_7 ev=0
READ hid=65 rd=R_CNUMC_7 ev=0
READ hid=81 rd=R_CNUMG_7 ev=1
READ hid=18 rd=R_OVL_8 ev=1
READ hid=34 rd=R_CPOL_8 ev=0
READ hid=50 rd=R_CNUMA_8 ev=0
READ hid=66 rd=R_CNUMC_8 ev=1
READ hid=82 rd=R_CNUMG_8 ev=0
READ hid=19 rd=R_OVL_9 ev=1
READ hid=35 rd=R_CPOL_9 ev=1
READ hid=51 rd=R_CNUMA_9 ev=0
READ hid=67 rd=R_CNUMC_9 ev=0
READ hid=83 rd=R_CNUMG_9 ev=1
READ hid=20 rd=R_OVL_10 ev=1
READ hid=36 rd=R_CPOL_10 ev=0
READ hid=52 rd=R_CNUMA_10 ev=0
READ hid=68 rd=R_CNUMC_10 ev=0
READ hid=84 rd=R_CNUMG_10 ev=1
READ hid=21 rd=R_OVL_11 ev=1
READ hid=37 rd=R_CPOL_11 ev=0
READ hid=53 rd=R_CNUMA_11 ev=0
READ hid=69 rd=R_CNUMC_11 ev=0
READ hid=85 rd=R_CNUMG_11 ev=1
READ hid=22 rd=R_OVL_12 ev=1
READ hid=38 rd=R_CPOL_12 ev=0
READ hid=54 rd=R_CNUMA_12 ev=0
READ hid=70 rd=R_CNUMC_12 ev=0
READ hid=86 rd=R_CNUMG_12 ev=1
READ hid=23 rd=R_OVL_13 ev=1
READ hid=39 rd=R_CPOL_13 ev=0
READ hid=55 rd=R_CNUMA_13 ev=0
READ hid=71 rd=R_CNUMC_13 ev=0
READ hid=87 rd=R_CNUMG_13 ev=1
READ hid=24 rd=R_OVL_14 ev=1
READ hid=40 rd=R_CPOL_14 ev=0
READ hid=56 rd=R_CNUMA_14 ev=0
READ hid=72 rd=R_CNUMC_14 ev=1
READ hid=88 rd=R_CNUMG_14 ev=0
READ hid=25 rd=R_OVL_15 ev=1
READ hid=41 rd=R_CPOL_15 ev=0
READ hid=57 rd=R_CNUMA_15 ev=0
READ hid=73 rd=R_CNUMC_15 ev=0
READ hid=89 rd=R_CNUMG_15 ev=1
CAND hid=120 bid=SUP_0 fire=1 base=100 bonus=2 score=102 cand=T0105
CAND hid=140 bid=CON_0 fire=1 base=100 bonus=2 score=102 cand=T0105
CAND hid=160 bid=TOP_0 fire=1 base=100 bonus=14 score=114 cand=T0105
CAND hid=121 bid=SUP_1 fire=1 base=100 bonus=2 score=102 cand=T0118
CAND hid=141 bid=CON_1 fire=1 base=100 bonus=2 score=102 cand=T0118
CAND hid=161 bid=TOP_1 fire=1 base=100 bonus=14 score=114 cand=T0118
CAND hid=122 bid=SUP_2 fire=1 base=100 bonus=30 score=130 cand=T0324
CAND hid=142 bid=CON_2 fire=1 base=100 bonus=8 score=108 cand=T0324
CAND hid=162 bid=TOP_2 fire=1 base=100 bonus=2 score=102 cand=T0324
CAND hid=123 bid=SUP_3 fire=1 base=100 bonus=1 score=101 cand=T0017
CAND hid=143 bid=CON_3 fire=1 base=100 bonus=9 score=109 cand=T0017
CAND hid=163 bid=TOP_3 fire=1 base=100 bonus=1 score=101 cand=T0017
CAND hid=124 bid=SUP_4 fire=1 base=100 bonus=7 score=107 cand=T0020
CAND hid=144 bid=CON_4 fire=1 base=100 bonus=7 score=107 cand=T0020
CAND hid=164 bid=TOP_4 fire=1 base=100 bonus=13 score=113 cand=T0020
CAND hid=125 bid=SUP_5 fire=1 base=100 bonus=7 score=107 cand=T0025
CAND hid=145 bid=CON_5 fire=1 base=100 bonus=7 score=107 cand=T0025
CAND hid=165 bid=TOP_5 fire=1 base=100 bonus=13 score=113 cand=T0025
CAND hid=126 bid=SUP_6 fire=1 base=100 bonus=1 score=101 cand=T0093
CAND hid=146 bid=CON_6 fire=1 base=100 bonus=9 score=109 cand=T0093
CAND hid=166 bid=TOP_6 fire=1 base=100 bonus=1 score=101 cand=T0093
CAND hid=127 bid=SUP_7 fire=1 base=100 bonus=1 score=101 cand=T0108
CAND hid=147 bid=CON_7 fire=1 base=100 bonus=1 score=101 cand=T0108
CAND hid=167 bid=TOP_7 fire=1 base=100 bonus=13 score=113 cand=T0108
CAND hid=128 bid=SUP_8 fire=1 base=100 bonus=1 score=101 cand=T0114
CAND hid=148 bid=CON_8 fire=1 base=100 bonus=9 score=109 cand=T0114
CAND hid=168 bid=TOP_8 fire=1 base=100 bonus=1 score=101 cand=T0114
CAND hid=129 bid=SUP_9 fire=1 base=100 bonus=7 score=107 cand=T0136
CAND hid=149 bid=CON_9 fire=1 base=100 bonus=7 score=107 cand=T0136
CAND hid=169 bid=TOP_9 fire=1 base=100 bonus=13 score=113 cand=T0136
CAND hid=130 bid=SUP_10 fire=1 base=100 bonus=1 score=101 cand=T0141
CAND hid=150 bid=CON_10 fire=1 base=100 bonus=1 score=101 cand=T0141
CAND hid=170 bid=TOP_10 fire=1 base=100 bonus=13 score=113 cand=T0141
CAND hid=131 bid=SUP_11 fire=1 base=100 bonus=1 score=101 cand=T0175
CAND hid=151 bid=CON_11 fire=1 base=100 bonus=1 score=101 cand=T0175
CAND hid=171 bid=TOP_11 fire=1 base=100 bonus=13 score=113 cand=T0175
CAND hid=132 bid=SUP_12 fire=1 base=100 bonus=1 score=101 cand=T0186
CAND hid=152 bid=CON_12 fire=1 base=100 bonus=1 score=101 cand=T0186
CAND hid=172 bid=TOP_12 fire=1 base=100 bonus=13 score=113 cand=T0186
CAND hid=133 bid=SUP_13 fire=1 base=100 bonus=7 score=107 cand=T0221
CAND hid=153 bid=CON_13 fire=1 base=100 bonus=7 score=107 cand=T0221
CAND hid=173 bid=TOP_13 fire=1 base=100 bonus=13 score=113 cand=T0221
CAND hid=134 bid=SUP_14 fire=1 base=100 bonus=1 score=101 cand=T0224
CAND hid=154 bid=CON_14 fire=1 base=100 bonus=9 score=109 cand=T0224
CAND hid=174 bid=TOP_14 fire=1 base=100 bonus=1 score=101 cand=T0224
CAND hid=135 bid=SUP_15 fire=1 base=100 bonus=7 score=107 cand=T0274
CAND hid=155 bid=CON_15 fire=1 base=100 bonus=7 score=107 cand=T0274
CAND hid=175 bid=TOP_15 fire=1 base=100 bonus=13 score=113 cand=T0274
ELIM hid=120 bid=SUP_0 reason=OUTSCORED by=160 score=102
ELIM hid=140 bid=CON_0 reason=OUTSCORED by=160 score=102
ELIM hid=121 bid=SUP_1 reason=OUTSCORED by=161 score=102
ELIM hid=141 bid=CON_1 reason=OUTSCORED by=161 score=102
ELIM hid=142 bid=CON_2 reason=OUTSCORED by=122 score=108
ELIM hid=162 bid=TOP_2 reason=OUTSCORED by=122 score=102
ELIM hid=123 bid=SUP_3 reason=OUTSCORED by=143 score=101
ELIM hid=163 bid=TOP_3 reason=OUTSCORED by=143 score=101
ELIM hid=124 bid=SUP_4 reason=OUTSCORED by=164 score=107
ELIM hid=144 bid=CON_4 reason=OUTSCORED by=164 score=107
ELIM hid=125 bid=SUP_5 reason=OUTSCORED by=165 score=107
ELIM hid=145 bid=CON_5 reason=OUTSCORED by=165 score=107
ELIM hid=126 bid=SUP_6 reason=OUTSCORED by=146 score=101
ELIM hid=166 bid=TOP_6 reason=OUTSCORED by=146 score=101
ELIM hid=127 bid=SUP_7 reason=OUTSCORED by=167 score=101
ELIM hid=147 bid=CON_7 reason=OUTSCORED by=167 score=101
ELIM hid=128 bid=SUP_8 reason=OUTSCORED by=148 score=101
ELIM hid=168 bid=TOP_8 reason=OUTSCORED by=148 score=101
ELIM hid=129 bid=SUP_9 reason=OUTSCORED by=169 score=107
ELIM hid=149 bid=CON_9 reason=OUTSCORED by=169 score=107
ELIM hid=130 bid=SUP_10 reason=OUTSCORED by=170 score=101
ELIM hid=150 bid=CON_10 reason=OUTSCORED by=170 score=101
ELIM hid=131 bid=SUP_11 reason=OUTSCORED by=171 score=101
ELIM hid=151 bid=CON_11 reason=OUTSCORED by=171 score=101
ELIM hid=132 bid=SUP_12 reason=OUTSCORED by=172 score=101
ELIM hid=152 bid=CON_12 reason=OUTSCORED by=172 score=101
ELIM hid=133 bid=SUP_13 reason=OUTSCORED by=173 score=107
ELIM hid=153 bid=CON_13 reason=OUTSCORED by=173 score=107
ELIM hid=134 bid=SUP_14 reason=OUTSCORED by=154 score=101
ELIM hid=174 bid=TOP_14 reason=OUTSCORED by=154 score=101
ELIM hid=135 bid=SUP_15 reason=OUTSCORED by=175 score=107
ELIM hid=155 bid=CON_15 reason=OUTSCORED by=175 score=107
READ hid=90 rd=R_COV_0 ev=0
READ hid=91 rd=R_COV_1 ev=0
READ hid=92 rd=R_COV_2 ev=0
READ hid=93 rd=R_COV_3 ev=1
READ hid=94 rd=R_COV_4 ev=0
READ hid=95 rd=R_COV_5 ev=0
READ hid=96 rd=R_COV_6 ev=1
CAND hid=200 bid=FACT fire=0 base=211 bonus=2 score=213
CAND hid=201 bid=LIE fire=0 base=211 bonus=1 score=212
CAND hid=203 bid=UNDET fire=1 base=203 bonus=6 score=209
ELIM hid=200 bid=FACT reason=PRE_FAIL by=-1 score=213
ELIM hid=201 bid=LIE reason=PRE_FAIL by=-1 score=212
ELIM hid=202 bid=OPINION reason=PRE_FAIL by=-1 score=0
ARGMAX hid=203 verdict=UNDETERMINED score=209 margin=0
CONTENT cand=T0105 ovl=2 interp=TOP text="I love the smell of rain on hot pavement more than any perfume. "
CONTENT cand=T0118 ovl=2 interp=TOP text="I feel that autumn air smells like possibility. "
CONTENT cand=T0324 ovl=2 interp=SUP text="The Library of Alexandria was one of the largest libraries of the ancient world. "
CONTENT cand=T0017 ovl=1 interp=CON text="World War II ended in 1945. "
CONTENT cand=T0020 ovl=1 interp=TOP text="Swimming is the best full-body exercise there is. "
CONTENT cand=T0025 ovl=1 interp=TOP text="The best technology is the kind you forget is there. "
CONTENT cand=T0093 ovl=1 interp=CON text="The average person walks the equivalent of three times around the world in a lifetime. "
CONTENT cand=T0108 ovl=1 interp=TOP text="I feel that laughing until it hurts is the best medicine. "
CONTENT cand=T0114 ovl=1 interp=CON text="World War II ended in 1943. "
CONTENT cand=T0136 ovl=1 interp=TOP text="The best trips are the ones with no fixed plans. "
CONTENT cand=T0141 ovl=1 interp=TOP text="Old windows are thicker at the bottom because glass slowly flows downward. "
CONTENT cand=T0175 ovl=1 interp=TOP text="The Internet and the World Wide Web are the same thing. "
CONTENT cand=T0186 ovl=1 interp=TOP text="Old Faithful is a geyser in Yellowstone National Park. "
CONTENT cand=T0221 ovl=1 interp=TOP text="The Congo is the deepest river in the world. "
CONTENT cand=T0224 ovl=1 interp=CON text="The Cuban Missile Crisis brought the world close to nuclear war in 1962. "
CONTENT cand=T0274 ovl=1 interp=TOP text="The best gifts are the ones you make yourself. "
NEED: CONTESTED
VERDICT id=T0334 verdict=UNDETERMINED
