V,100,CONTRA,
V,101,CONTRA,
V,102,CONTRA,
V,103,CONTRA,
V,104,CONTRA,
V,105,CONTRA,
V,106,CONTRA,
V,107,CONTRA,
V,108,CONTRA,
V,109,CONTRA,
V,110,CONTRA,
V,111,CONTRA,
V,112,REJECT,
V,113,REJECT,
V,114,REJECT,
V,115,REJECT,
V,116,REJECT,
V,117,REJECT,
V,118,REJECT,
V,119,REJECT,
V,120,REJECT,
V,121,REJECT,
V,122,REJECT,
V,123,REJECT,
V,124,ABSTAIN,
V,125,AFFIRM,
V,126,ABSTAIN,
V,127,ABSTAIN,
V,128,ABSTAIN,
V,129,ABSTAIN,
V,130,ABSTAIN,
V,131,ABSTAIN,
V,132,ABSTAIN,
V,133,ABSTAIN,
V,134,ABSTAIN,
V,135,ABSTAIN,
V,136,REJECT,
V,137,REJECT,
V,138,REJECT,
V,139,REJECT,
V,140,AFFIRM,
V,141,AFFIRM,
V,142,REJECT,
V,143,AFFIRM,
V,144,AFFIRM,
V,145,AFFIRM,
V,146,AFFIRM,
V,147,ABSTAIN,
V,148,ABSTAIN,
V,149,ABSTAIN,
V,150,ABSTAIN,
V,151,ABSTAIN,
V,152,ABSTAIN,
V,153,ABSTAIN,
V,154,ABSTAIN,
V,155,ABSTAIN,
V,156,ABSTAIN,
V,157,ABSTAIN,
V,158,ABSTAIN,
V,159,ABSTAIN,
V,160,CITE,0
V,161,CITE,8
V,162,CITE,12
V,163,CITE,13
V,164,CITE,23
V,165,CITE,26
V,166,CITE,27
V,167,CITE,30
V,168,CITE,31
V,169,CITE,33
V,170,CITE,35
V,171,CITE,41
DONE,72,0
