DONE 0
DONE 1
DONE 2
DONE 3
DONE 4
DONE 5
DONE 6
DONE 7
DONE 8
DONE 9
DONE 10
DONE 11
{
  "average": {
    "regime0": 1.0,
    "regime1": 0.4370833333333333,
    "old0_before_return": 0.5018055555555555,
    "return0": 0.5535069444444445,
    "regime2": 0.16784722222222218,
    "regimes": 1.0,
    "spawned": 0.0,
    "switches": 0.0
  },
  "decay": {
    "regime0": 1.0,
    "regime1": 0.9885069444444444,
    "old0_before_return": 0.06236111111111112,
    "return0": 0.9892361111111111,
    "regime2": 1.0,
    "regimes": 1.0,
    "spawned": 0.0,
    "switches": 0.0
  },
  "regime_bank": {
    "regime0": 1.0,
    "regime1": 1.0,
    "old0_before_return": 0.06236111111111112,
    "return0": 1.0,
    "regime2": 1.0,
    "regimes": 3.25,
    "spawned": 2.25,
    "switches": 1.5833333333333333
  }
}
