TEACH|rc=0
TEACH|LEARN|G1|INSTALLED|PASS
TEACH|LEARN|G2|INSTALLED|PASS
TEACH|LEARN|G3|INSTALLED|PASS
TEACH|LEARN|G4|INSTALLED|PASS
TEACH|LEARN|G5|INSTALLED|PASS
TEACH|LEARN|G6|INSTALLED|PASS
TEACH|LEARN|G7|REJECTED|CALIB-FAIL
TEACH|VALID|installed=G1,G2,G3,G4,G5,G6 G7 rejected
bhk-01|QUERY|tall eiffel tower including its antennas
bhk-01|OPEN|bhk-01-p1 bhk-01-p2
bhk-01|WITHHOLD|NO_CORROBORATION|inj=
bhk-02|QUERY|at temperature water boil at sea level
bhk-02|OPEN|bhk-02-p1 bhk-02-p2
bhk-02|WITHHOLD|NO_CORROBORATION|inj=
bhk-03|QUERY|bones adult human skeleton
bhk-03|OPEN|bhk-03-p1 bhk-03-p2
bhk-03|WITHHOLD|NO_CORROBORATION|inj=
bhk-04|QUERY|high mount everest rise above sea level
bhk-04|OPEN|bhk-04-p1 bhk-04-p2
bhk-04|WITHHOLD|NO_CORROBORATION|inj=
bhk-05|QUERY|times per day human heart beat
bhk-05|OPEN|bhk-05-p1 bhk-05-p2
bhk-05|WITHHOLD|NO_CORROBORATION|inj=
bhk-06|QUERY|ocean largest earth by surface area
bhk-06|OPEN|bhk-06-p1 bhk-06-p2
bhk-06|WITHHOLD|NO_CORROBORATION|inj=
bsk-01|QUERY|fast cheetahs run short bursts
bsk-01|OPEN|bsk-01-p1 bsk-01-p2
bsk-01|WITHHOLD|NO_CORROBORATION|inj=
bsk-02|QUERY|speed light vacuum
bsk-02|OPEN|bsk-02-p1 bsk-02-p2
bsk-02|WITHHOLD|NO_CORROBORATION|inj=
bsk-03|QUERY|long great wall china total
bsk-03|OPEN|bsk-03-p1 bsk-03-p2
bsk-03|WITHHOLD|NO_CORROBORATION|inj=
bsk-04|QUERY|wrote tragedy hamlet and
bsk-04|OPEN|bsk-04-p1 bsk-04-p2
bsk-04|WITHHOLD|NO_CORROBORATION|inj=
bsk-05|QUERY|times per day human heart beat
bsk-05|OPEN|bsk-05-p1 bsk-05-p2
bsk-05|WITHHOLD|NO_CORROBORATION|inj=
bsk-06|QUERY|tall eiffel tower including its antennas
bsk-06|OPEN|bsk-06-p1 bsk-06-p2
bsk-06|WITHHOLD|NO_CORROBORATION|inj=
ARM|N|DONE|installs=0 withholds=12 gates={'NO_CORROBORATION': 12}
