F003|WITHHOLD|preds=3|recon=0|vflip=0|rounds=1
F029|WITHHOLD|preds=3|recon=0|vflip=0|rounds=1
F055|WITHHOLD|preds=3|recon=0|vflip=0|rounds=1
F071|WITHHOLD|preds=3|recon=0|vflip=0|rounds=1
F080|WITHHOLD|preds=3|recon=0|vflip=0|rounds=1
F103|WITHHOLD|preds=3|recon=0|vflip=0|rounds=1
F117|WITHHOLD|preds=3|recon=0|vflip=0|rounds=1
F139|WITHHOLD|preds=3|recon=0|vflip=0|rounds=1
F163|WITHHOLD|preds=3|recon=0|vflip=0|rounds=1
F178|WITHHOLD|preds=3|recon=0|vflip=0|rounds=1
F205|WITHHOLD|preds=3|recon=0|vflip=0|rounds=1
F231|WITHHOLD|preds=3|recon=0|vflip=0|rounds=1
SUMMARY n=12 endorse=0 withhold=12
COST preds_total=36 recon_items=0 vflips=0
ROUNDS rounds_total=12 maxrounds=1
BC01|ENDORSE|preds=3|recon=0|vflip=0|rounds=1
BC02|ENDORSE|preds=3|recon=0|vflip=0|rounds=1
BC03|ENDORSE|preds=3|recon=0|vflip=0|rounds=1
BC04|ENDORSE|preds=10|recon=0|vflip=0|rounds=3
BC05|ENDORSE|preds=10|recon=0|vflip=0|rounds=3
BC06|ENDORSE|preds=10|recon=0|vflip=0|rounds=3
BC07|ENDORSE|preds=10|recon=0|vflip=0|rounds=3
BC08|ENDORSE|preds=10|recon=0|vflip=0|rounds=3
BC09|ENDORSE|preds=10|recon=0|vflip=0|rounds=3
BC10|ENDORSE|preds=10|recon=0|vflip=0|rounds=3
BC11|ENDORSE|preds=10|recon=0|vflip=0|rounds=3
BC12|ENDORSE|preds=10|recon=0|vflip=0|rounds=3
SUMMARY n=12 endorse=12 withhold=0
COST preds_total=99 recon_items=0 vflips=0
ROUNDS rounds_total=30 maxrounds=3
W001|WITHHOLD|preds=3|recon=0|vflip=0|rounds=1
W002|WITHHOLD|preds=3|recon=0|vflip=0|rounds=1
W003|WITHHOLD|preds=3|recon=0|vflip=0|rounds=1
W004|WITHHOLD|preds=3|recon=0|vflip=0|rounds=1
W005|WITHHOLD|preds=3|recon=0|vflip=0|rounds=1
W006|ENDORSE|preds=10|recon=0|vflip=0|rounds=3
W007|ENDORSE|preds=10|recon=0|vflip=0|rounds=3
W008|ENDORSE|preds=10|recon=0|vflip=0|rounds=3
W009|ENDORSE|preds=10|recon=0|vflip=0|rounds=3
W010|ENDORSE|preds=10|recon=0|vflip=0|rounds=3
W023|WITHHOLD|preds=11|recon=0|vflip=0|rounds=3
W024|WITHHOLD|preds=11|recon=0|vflip=0|rounds=3
W025|WITHHOLD|preds=11|recon=0|vflip=0|rounds=3
W026|ENDORSE|preds=10|recon=0|vflip=0|rounds=3
W027|ENDORSE|preds=10|recon=0|vflip=0|rounds=3
W028|ENDORSE|preds=10|recon=0|vflip=0|rounds=3
W029|ENDORSE|preds=10|recon=0|vflip=0|rounds=3
W030|ENDORSE|preds=10|recon=0|vflip=0|rounds=3
W031|ENDORSE|preds=10|recon=0|vflip=0|rounds=3
W032|ENDORSE|preds=10|recon=0|vflip=0|rounds=3
W045|WITHHOLD|preds=11|recon=0|vflip=0|rounds=3
W046|ENDORSE|preds=10|recon=0|vflip=0|rounds=3
W047|WITHHOLD|preds=11|recon=0|vflip=0|rounds=3
W048|ENDORSE|preds=10|recon=0|vflip=0|rounds=3
W049|ENDORSE|preds=10|recon=0|vflip=0|rounds=3
W050|WITHHOLD|preds=11|recon=0|vflip=0|rounds=3
W051|WITHHOLD|preds=11|recon=0|vflip=0|rounds=3
W052|ENDORSE|preds=10|recon=0|vflip=0|rounds=3
W053|WITHHOLD|preds=11|recon=0|vflip=0|rounds=3
W054|ENDORSE|preds=10|recon=0|vflip=0|rounds=3
W067|WITHHOLD|preds=11|recon=0|vflip=0|rounds=3
W068|WITHHOLD|preds=11|recon=0|vflip=0|rounds=3
W069|WITHHOLD|preds=11|recon=0|vflip=0|rounds=3
W070|ENDORSE|preds=10|recon=0|vflip=0|rounds=3
W071|ENDORSE|preds=10|recon=0|vflip=0|rounds=3
W072|ENDORSE|preds=10|recon=0|vflip=0|rounds=3
W073|ENDORSE|preds=10|recon=0|vflip=0|rounds=3
W074|ENDORSE|preds=10|recon=0|vflip=0|rounds=3
W075|ENDORSE|preds=10|recon=0|vflip=0|rounds=3
W076|ENDORSE|preds=10|recon=0|vflip=0|rounds=3
W109|WITHHOLD|preds=11|recon=0|vflip=0|rounds=3
W110|WITHHOLD|preds=11|recon=0|vflip=0|rounds=3
W111|WITHHOLD|preds=11|recon=0|vflip=0|rounds=3
W112|WITHHOLD|preds=11|recon=0|vflip=0|rounds=3
W113|WITHHOLD|preds=11|recon=0|vflip=0|rounds=3
W114|WITHHOLD|preds=11|recon=0|vflip=0|rounds=3
W115|WITHHOLD|preds=11|recon=0|vflip=0|rounds=3
W116|WITHHOLD|preds=11|recon=0|vflip=0|rounds=3
W117|WITHHOLD|preds=11|recon=0|vflip=0|rounds=3
W118|ENDORSE|preds=10|recon=0|vflip=0|rounds=3
W089|WITHHOLD|preds=11|recon=0|vflip=0|rounds=3
W090|WITHHOLD|preds=11|recon=0|vflip=0|rounds=3
W091|WITHHOLD|preds=11|recon=0|vflip=0|rounds=3
W092|WITHHOLD|preds=11|recon=0|vflip=0|rounds=3
W093|WITHHOLD|preds=11|recon=0|vflip=0|rounds=3
W094|ENDORSE|preds=10|recon=0|vflip=0|rounds=3
W095|ENDORSE|preds=10|recon=0|vflip=0|rounds=3
W096|ENDORSE|preds=10|recon=0|vflip=0|rounds=3
W097|ENDORSE|preds=10|recon=0|vflip=0|rounds=3
W098|ENDORSE|preds=10|recon=0|vflip=0|rounds=3
W131|WITHHOLD|preds=11|recon=0|vflip=0|rounds=3
W132|WITHHOLD|preds=11|recon=0|vflip=0|rounds=3
W133|WITHHOLD|preds=11|recon=0|vflip=0|rounds=3
W134|WITHHOLD|preds=11|recon=0|vflip=0|rounds=3
W135|WITHHOLD|preds=11|recon=0|vflip=0|rounds=3
W136|ENDORSE|preds=10|recon=0|vflip=0|rounds=3
W137|ENDORSE|preds=10|recon=0|vflip=0|rounds=3
W138|ENDORSE|preds=10|recon=0|vflip=0|rounds=3
W139|ENDORSE|preds=10|recon=0|vflip=0|rounds=3
W140|ENDORSE|preds=10|recon=0|vflip=0|rounds=3
SUMMARY n=70 endorse=35 withhold=35
COST preds_total=695 recon_items=0 vflips=0
ROUNDS rounds_total=200 maxrounds=3
