EP 0 x0=0 x1=1 pred=0 true=2 err=2
EP 1 x0=0 x1=1 pred=0 true=2 err=2
TRIGGER 1 winfail=2 win=2 buf=2
CONSTRUCT 1 0 NODE id=0 op=ADD p1=0 p2=9 p3=9 err_before=4 err_after=0
EP 2 x0=3 x1=3 pred=6 true=12 err=6
EP 3 x0=3 x1=3 pred=6 true=12 err=6
TRIGGER 3 winfail=2 win=2 buf=4
CONSTRUCT 3 0 NODE id=1 op=ADD p1=0 p2=0 p3=0 err_before=12 err_after=4
STALL 3 nodes=3 buf_err=4
EP 4 x0=4 x1=2 pred=8 true=12 err=4
EP 5 x0=2 x1=1 pred=4 true=6 err=2
TRIGGER 5 winfail=2 win=2 buf=6
STALL 5 nodes=3 buf_err=10
EP 6 x0=4 x1=0 pred=0 true=8 err=8
EP 7 x0=0 x1=0 pred=0 true=0 err=0
EP 8 x0=2 x1=1 pred=4 true=6 err=2
TRIGGER 8 winfail=2 win=3 buf=8
CONSTRUCT 8 0 NODE id=2 op=ADD p1=0 p2=0 p3=8 err_before=18 err_after=12
STALL 8 nodes=4 buf_err=12
EP 9 x0=0 x1=1 pred=4 true=2 err=2
EP 10 x0=1 x1=0 pred=1 true=2 err=1
TRIGGER 10 winfail=2 win=2 buf=8
STALL 10 nodes=4 buf_err=10
EP 11 x0=3 x1=0 pred=3 true=6 err=3
EP 12 x0=4 x1=0 pred=4 true=8 err=4
TRIGGER 12 winfail=2 win=2 buf=8
CONSTRUCT 12 0 NODE id=3 op=ADD p1=0 p2=0 p3=8 err_before=14 err_after=6
STALL 12 nodes=5 buf_err=6
EP 13 x0=2 x1=0 pred=4 true=4 err=0
EP 14 x0=3 x1=3 pred=18 true=12 err=6
EP 15 x0=2 x1=1 pred=8 true=6 err=2
TRIGGER 15 winfail=2 win=3 buf=8
STALL 15 nodes=5 buf_err=12
EP 16 x0=2 x1=3 pred=16 true=10 err=6
EP 17 x0=2 x1=4 pred=20 true=12 err=8
TRIGGER 17 winfail=2 win=2 buf=8
STALL 17 nodes=5 buf_err=22
EP 18 x0=3 x1=3 pred=18 true=12 err=6
EP 19 x0=2 x1=1 pred=8 true=6 err=2
TRIGGER 19 winfail=2 win=2 buf=8
STALL 19 nodes=5 buf_err=30
EP 20 x0=2 x1=3 pred=16 true=10 err=6
EP 21 x0=2 x1=1 pred=8 true=6 err=2
TRIGGER 21 winfail=2 win=2 buf=8
CONSTRUCT 21 0 NODE id=4 op=ADD p1=0 p2=9 p3=9 err_before=38 err_after=36
CONSTRUCT 21 1 NODE id=5 op=ADD p1=0 p2=0 p3=0 err_before=36 err_after=14
STALL 21 nodes=7 buf_err=14
EP 22 x0=2 x1=1 pred=4 true=6 err=2
EP 23 x0=1 x1=2 pred=8 true=6 err=2
TRIGGER 23 winfail=2 win=2 buf=8
STALL 23 nodes=7 buf_err=16
EXEC main 24
SUMMARY episodes=24 constructs=6 supersedes=0 stalls=10 main_nodes=7
