=== F28 DEB kill-bar table (PREREG_FORKROUND.md §4; B8 amended §4b) — mech 28 ===
B1  accuracy: 1->0 = 0 (bar =0) -> PASS
B2  theater: V1=0 V2=0 (bar =0) -> PASS
B3  law(strict): G-violations total = 2 (bar =0 every family) -> FAIL
      ('admit', 'admit'): Gviol=0 vs NEC m9 Gviol=0 G=1:+0.000(n=248),2:+0.000(n=248),4:+0.000(n=248),8:+0.000(n=248),16:+0.000(n=248)
      ('ceiling', 'D'): Gviol=0 vs NEC m9 Gviol=0 G=1:+0.750(n=40),2:+0.667(n=30),4:+0.500(n=20),8:+0.000(n=10),16:+0.000(n=10),32:+0.000(n=10),64:+0.000(n=10)
      ('ceiling', 'O'): Gviol=0 vs NEC m9 Gviol=4 G=1:+0.000(n=40),2:+0.000(n=40),4:+0.000(n=40),8:+0.000(n=30),16:+0.000(n=20),32:+0.000(n=10)
      ('ceiling', 'P'): Gviol=0 vs NEC m9 Gviol=0 G=1:+1.000(n=40),2:+1.000(n=40),4:+1.000(n=40),8:+1.000(n=30),16:+1.000(n=20),32:+1.000(n=10)
      ('cost', 'cost'): Gviol=0 vs NEC m9 Gviol=0 G=1:+0.000(n=125),2:+0.000(n=125),4:+0.000(n=125),8:+0.000(n=125),16:+0.000(n=125)
      ('logic', 'logic'): Gviol=0 vs NEC m9 Gviol=0 G=1:+0.000(n=264),2:+0.000(n=264),4:+0.000(n=264),8:+0.000(n=264),16:+0.000(n=264)
      ('redteam', 'redteam'): Gviol=2 vs NEC m9 Gviol=2 G=1:+0.333(n=3),2:+0.333(n=3),4:+0.500(n=2),8:+1.000(n=1),16:+1.000(n=1)
      ('revoke', 'revoke'): Gviol=0 vs NEC m9 Gviol=0 G=1:+0.000(n=113),2:+0.000(n=113),4:+0.000(n=113),8:+0.000(n=113),16:+0.000(n=113)
      ('trap', 'trap'): Gviol=0 vs NEC m9 Gviol=0 G=1:+1.000(n=127),2:+1.000(n=85),4:+1.000(n=5)
B4  non-degenerate: meanConfCorrect=1.0000 n=4005 (bar >=0.50) -> PASS
B4b honest ('admit', 'admit'): meanC_correct=1.0000 n=1240 (bar >=0.50, n>=10) -> PASS 
B4b honest ('cost', 'cost'): meanC_correct=1.0000 n=625 (bar >=0.50, n>=10) -> PASS 
B4b honest ('logic', 'logic'): meanC_correct=1.0000 n=1320 (bar >=0.50, n>=10) -> PASS 
B4b honest ('revoke', 'revoke'): meanC_correct=1.0000 n=565 (bar >=0.50, n>=10) -> PASS 
B5  separation: 1.0000-1.0000=0.0000 (bar >=0.20) -> FAIL
B6  recall ('admit', 'admit'): 1240/1240=1.0000 (bar >=0.95) -> PASS
B6  recall ('ceiling', 'D'): 70/70=1.0000 (bar >=0.95) -> PASS
B6  recall ('ceiling', 'O'): 180/180=1.0000 (bar >=0.95) -> PASS
B6  recall ('ceiling', 'P'): 0/0=nan (M4 releases none correct; B9-identical -> VACUOUS PASS)
B6  recall ('cost', 'cost'): 625/625=1.0000 (bar >=0.95) -> PASS
B6  recall ('logic', 'logic'): 1320/1320=1.0000 (bar >=0.95) -> PASS
B6  recall ('redteam', 'redteam'): 5/5=1.0000 (bar >=0.95) -> PASS
B6  recall ('revoke', 'revoke'): 565/565=1.0000 (bar >=0.95) -> PASS
B6  recall ('trap', 'trap'): 0/0=nan (M4 releases none correct; B9-identical -> VACUOUS PASS)
B7  abstention: 773/5240=0.1475 (bar <=0.30) -> PASS
B8  amended ('admit', 'admit'): ('PASS', 5, 4, 5, 'nonvac-ok', 'perfect-cal')
B8  amended ('ceiling', 'D'): ('PASS', 7, 5, 7, 'nonvac-ok', '')
B8  amended ('ceiling', 'O'): ('PASS', 6, 5, 6, 'nonvac-ok', 'perfect-cal')
B8  amended ('ceiling', 'P'): ('FAIL', 6, 5, 6, 'VACUOUS', '')
B8  amended ('cost', 'cost'): ('PASS', 5, 4, 5, 'nonvac-ok', 'perfect-cal')
B8  amended ('logic', 'logic'): ('PASS', 5, 4, 5, 'nonvac-ok', 'perfect-cal')
B8  amended ('redteam', 'redteam'): ('VOID', 0, 4, 0)
B8  amended ('revoke', 'revoke'): ('PASS', 5, 4, 5, 'nonvac-ok', 'perfect-cal')
B8  amended ('trap', 'trap'): ('VOID', 2, 4, 2)
B9  answer channel frozen: identity vs M4 = 5240/5240 (bar 100%) -> PASS
B12 refined (recorded): G>0 crossings per family:
      ('admit', 'admit'): 0
      ('ceiling', 'D'): 3
      ('ceiling', 'O'): 0
      ('ceiling', 'P'): 6
      ('cost', 'cost'): 0
      ('logic', 'logic'): 0
      ('redteam', 'redteam'): 5
      ('revoke', 'revoke'): 0
      ('trap', 'trap'): 3
B13 underconfidence floor: 0 (F,d) with G<-0.100 -> PASS
B3pi per-item (recorded): 0 rising pairs / 3467 adjacent released pairs

=== F28 falsification triggers ===
KILL (a) strict B3 no better than NEC m9: F28 Gviol=2 vs NEC m9 Gviol=6 -> clear
KILL (b) clamp attractor: budget pinned at 0/1000 on >50% cells in any leg: 37 legs -> KILL
      ('admit', 1): pinned 248/248=1.000 (0:0 1000:248)
      ('admit', 2): pinned 248/248=1.000 (0:0 1000:248)
      ('admit', 4): pinned 248/248=1.000 (0:0 1000:248)
      ('admit', 8): pinned 248/248=1.000 (0:0 1000:248)
      ('admit', 16): pinned 248/248=1.000 (0:0 1000:248)
      ('ceiling', 1): pinned 120/120=1.000 (0:0 1000:120)
      ('ceiling', 2): pinned 120/120=1.000 (0:0 1000:120)
      ('ceiling', 4): pinned 120/120=1.000 (0:0 1000:120)
      ('ceiling', 8): pinned 120/120=1.000 (0:0 1000:120)
      ('ceiling', 16): pinned 120/120=1.000 (0:0 1000:120)
      ('ceiling', 32): pinned 120/120=1.000 (0:0 1000:120)
      ('ceiling', 64): pinned 120/120=1.000 (0:0 1000:120)
      ('cost', 1): pinned 125/125=1.000 (0:0 1000:125)
      ('cost', 2): pinned 125/125=1.000 (0:0 1000:125)
      ('cost', 4): pinned 125/125=1.000 (0:0 1000:125)
      ('cost', 8): pinned 125/125=1.000 (0:0 1000:125)
      ('cost', 16): pinned 125/125=1.000 (0:0 1000:125)
      ('logic', 1): pinned 264/264=1.000 (0:0 1000:264)
      ('logic', 2): pinned 264/264=1.000 (0:0 1000:264)
      ('logic', 4): pinned 264/264=1.000 (0:0 1000:264)
      ('logic', 8): pinned 264/264=1.000 (0:0 1000:264)
      ('logic', 16): pinned 264/264=1.000 (0:0 1000:264)
      ('redteam', 1): pinned 3/3=1.000 (0:0 1000:3)
      ('redteam', 2): pinned 3/3=1.000 (0:0 1000:3)
      ('redteam', 4): pinned 3/3=1.000 (0:0 1000:3)
      ('redteam', 8): pinned 3/3=1.000 (0:0 1000:3)
      ('redteam', 16): pinned 3/3=1.000 (0:0 1000:3)
      ('revoke', 1): pinned 113/113=1.000 (0:0 1000:113)
      ('revoke', 2): pinned 113/113=1.000 (0:0 1000:113)
      ('revoke', 4): pinned 113/113=1.000 (0:0 1000:113)
      ('revoke', 8): pinned 113/113=1.000 (0:0 1000:113)
      ('revoke', 16): pinned 113/113=1.000 (0:0 1000:113)
      ('trap', 1): pinned 127/127=1.000 (0:0 1000:127)
      ('trap', 2): pinned 127/127=1.000 (0:0 1000:127)
      ('trap', 4): pinned 127/127=1.000 (0:0 1000:127)
      ('trap', 8): pinned 127/127=1.000 (0:0 1000:127)
      ('trap', 16): pinned 127/127=1.000 (0:0 1000:127)
KILL (c) B4<0.50 on honest families (n>=10): 0 hits -> clear
