=== ARM C2 SEED 7 ===
> OBSERVE
< INSTANCES 18
< PAIR e5 e8 1
< PAIR e1 e7 1
< PAIR e9 e4 1
< PAIR e2 e0 1
< PAIR e7 e3 1
< PAIR e3 e9 1
< PAIR e0 e5 1
< PAIR e8 e1 1
< PAIR e4 e6 1
< PAIR e2 e8 1
< PAIR e0 e1 1
< PAIR e5 e7 1
< PAIR e8 e3 1
< PAIR e1 e9 1
< PAIR e5 e2 0
< PAIR e7 e5 0
< PAIR e9 e8 0
< PAIR e6 e1 0
< NATTRS 10
< ATTR e2 4 7 3
< ATTR e0 8 2 6
< ATTR e5 1 9 0
< ATTR e8 6 4 8
< ATTR e1 2 0 5
< ATTR e7 9 6 1
< ATTR e3 0 3 9
< ATTR e9 5 8 2
< ATTR e4 7 1 4
< ATTR e6 3 5 7
< PROBE_EXCEPT 0
< END_OBSERVE
ARM C2 complete after 3 iterations
