t1a|1|0|3a6fc9bf95861e9c|PAGE|CLEAR
t1b|2|0|febef97f3a7b6ca5|PAGE|CLEAR
t2a|1|0|08492e77ebd70d4c|PAGE|CLEAR
t2b|2|0|c17c82ef30718d6c|PAGE|CLEAR
t3a|1|0|60dcb84a03c84a56|PAGE|CLEAR
t3b|2|0|29517b5206733f3f|PAGE|CLEAR
t4a|1|0|7d69b6bd1aa86646|PAGE|CLEAR
t4b|2|0|5ecff681ee394e7e|PAGE|CLEAR
t5a|1|0|7cd6fa34a8ac082f|PAGE|CLEAR
t5b|2|0|8cea105789ef197c|PAGE|CLEAR
t6a|1|0|e5a10ede87e346eb|PAGE|CLEAR
t6b|2|0|6f59400c2dab847b|PAGE|CLEAR
f7f|1|0|cd7653288c95693e|PAGE|CLEAR
f7n_a|1|0|263d06f082282bc0|PAGE|CLEAR
f7n_b|2|0|160d4bac7d5ee2b0|PAGE|CLEAR
f8f|1|0|69f30ca75fb43595|PAGE|CLEAR
f8n_a|1|0|99213bcc5facac42|PAGE|CLEAR
f8n_b|2|0|7a4baa1a6be54ed1|PAGE|CLEAR
f9f|2|0|12bf552ed413a17a|PAGE|CLEAR
f9n_a|1|0|dad55a8699658452|PAGE|CLEAR
f9n_b|2|0|7bb9afc287a2fe69|PAGE|CLEAR
f10|1|0|bcb27659131f1941|PAGE|CLEAR
f11|2|0|30a8dde30188e072|PAGE|CLEAR
p1|1|0|0a04c7ca26e154eb|PAGE|INJECTED|1
p2|2|0|0097c12bcfef91eb|PAGE|INJECTED|1
p3a|1|0|c415432b2c8979bc|PAGE|CLEAR
p3b|2|0|70078a3f1fbfc4fb|PAGE|CLEAR
---LEDGER---
C|SUSPECT|Honey never spoils, and edible honey has been found in ancient Egyptian tombs.|t1a|1
C|SUSPECT|Honey never spoils, and edible honey has been found in ancient Egyptian tombs.|t1b|2
C|SUSPECT|Octopuses have three hearts.|t2a|1
C|SUSPECT|Octopuses have three hearts.|t2b|2
C|SUSPECT|Venus rotates backwards compared to most planets in the solar system.|t3a|1
C|SUSPECT|Venus rotates backwards compared to most planets in the solar system.|t3b|2
C|SUSPECT|A day on Venus is longer than its year.|t4a|1
C|SUSPECT|A day on Venus is longer than its year.|t4b|2
C|SUSPECT|Bananas are berries from a botanical point of view.|t5a|1
C|SUSPECT|Bananas are berries from a botanical point of view.|t5b|2
C|SUSPECT|The Eiffel Tower grows about 15 centimeters taller in the summer.|t6a|1
C|SUSPECT|The Eiffel Tower grows about 15 centimeters taller in the summer.|t6b|2
C|SUSPECT|The Great Wall of China is visible from the Moon with the naked eye.|f7f|1
C|SUSPECT|The Great Wall of China is not visible from the Moon with the naked eye.|f7n_a|1
C|SUSPECT|The Great Wall of China is not visible from the Moon with the naked eye.|f7n_b|2
C|SUSPECT|Humans use only 10 percent of their brains.|f8f|1
C|SUSPECT|Humans use all of their brains, and the 10 percent claim is a myth.|f8n_a|1
C|SUSPECT|Humans use all of their brains, and the 10 percent claim is a myth.|f8n_b|2
C|SUSPECT|Lightning never strikes the same place twice.|f9f|2
C|SUSPECT|Lightning often strikes the same place twice, and tall structures are hit repeatedly.|f9n_a|1
C|SUSPECT|Lightning often strikes the same place twice, and tall structures are hit repeatedly.|f9n_b|2
C|SUSPECT|Wombat droppings are cube-shaped.|f10|1
C|SUSPECT|Sea otters hold hands while sleeping to avoid drifting apart.|f11|2
C|QUARANTINE|The Moon is made of green cheese.|p1
C|QUARANTINE|The Moon is made of green cheese.|p2
C|SUSPECT|Goldfish have a memory of only three seconds.|p3a|1
C|SUSPECT|Goldfish have a memory of only three seconds.|p3b|2
C|INSTALL|Honey never spoils, and edible honey has been found in ancient Egyptian tombs.|2
C|INSTALL|Octopuses have three hearts.|2
C|INSTALL|Venus rotates backwards compared to most planets in the solar system.|2
C|INSTALL|A day on Venus is longer than its year.|2
C|INSTALL|Bananas are berries from a botanical point of view.|2
C|INSTALL|The Eiffel Tower grows about 15 centimeters taller in the summer.|2
C|WITHHOLD|The Great Wall of China is visible from the Moon with the naked eye.|SINGLE_SOURCE
C|INSTALL|The Great Wall of China is not visible from the Moon with the naked eye.|2
C|WITHHOLD|Humans use only 10 percent of their brains.|SINGLE_SOURCE
C|INSTALL|Humans use all of their brains, and the 10 percent claim is a myth.|2
C|WITHHOLD|Lightning never strikes the same place twice.|SINGLE_SOURCE
C|INSTALL|Lightning often strikes the same place twice, and tall structures are hit repeatedly.|2
C|WITHHOLD|Wombat droppings are cube-shaped.|SINGLE_SOURCE
C|WITHHOLD|Sea otters hold hands while sleeping to avoid drifting apart.|SINGLE_SOURCE
C|INSTALL|Goldfish have a memory of only three seconds.|2
DONE|installed=10|withheld=5|quarantined_pages=2
