1	rt4_TMB-5_MAP_rq_0000.r24	BACKTEST	ALLOWED	-	-	0
2	rt4_TMB-5_MAP_rq_0001.r24	BACKTEST	ALLOWED	-	-	0
3	rt4_TMB-5_MAP_rq_0002.r24	BACKTEST	ALLOWED	-	-	0
4	rt4_TMB-5_MAP_rq_0003.r24	BACKTEST	ALLOWED	-	-	0
5	rt4_TMB-5_MAP_rq_0004.r24	BACKTEST	ALLOWED	-	-	0
6	rt4_TMB-5_MAP_rq_0005.r24	BACKTEST	ALLOWED	-	-	0
7	rt4_TMB-5_MAP_rq_0006.r24	BACKTEST	ALLOWED	-	-	0
8	rt4_TMB-5_MAP_rq_0007.r24	BACKTEST	ALLOWED	-	-	0
9	rt4_TMB-5_MAP_rq_0008.r24	BACKTEST	ALLOWED	-	-	0
10	rt4_TMB-5_MAP_rq_0009.r24	BACKTEST	ALLOWED	-	-	0
11	rt4_TMB-5_MAP_rq_0010.r24	BACKTEST	ALLOWED	-	-	0
12	rt4_TMB-5_MAP_rq_0011.r24	BACKTEST	ALLOWED	-	-	0
13	rt4_TMB-5_MAP_rq_0012.r24	BACKTEST	ALLOWED	-	-	0
14	rt4_TMB-5_MAP_rq_0013.r24	BACKTEST	ALLOWED	-	-	0
15	rt4_TMB-5_MAP_rq_0014.r24	BACKTEST	ALLOWED	-	-	0
16	rt4_TMB-5_MAP_rq_0015.r24	BACKTEST	ALLOWED	-	-	0
17	rt4_TMB-5_MAP_rq_0016.r24	BACKTEST	ALLOWED	-	-	0
18	rt4_TMB-5_MAP_rq_0017.r24	BACKTEST	ALLOWED	-	-	0
19	rt4_TMB-5_MAP_rq_0018.r24	BACKTEST	ALLOWED	-	-	0
20	rt4_TMB-5_MAP_rq_0019.r24	BACKTEST	ALLOWED	-	-	0
21	rt4_TMB-5_MAP_rq_0020.r24	BACKTEST	ALLOWED	-	-	0
22	rt4_TMB-5_MAP_rq_0021.r24	BACKTEST	ALLOWED	-	-	0
23	rt4_TMB-5_MAP_rq_0022.r24	BACKTEST	ALLOWED	-	-	0
24	rt4_TMB-5_MAP_rq_0023.r24	BACKTEST	ALLOWED	-	-	0
25	rt4_TMB-5_MAP_rq_0024.r24	BACKTEST	ALLOWED	-	-	0
26	rt4_TMB-5_MAP_rq_0025.r24	BACKTEST	ALLOWED	-	-	0
27	rt4_TMB-5_MAP_rq_0026.r24	BACKTEST	ALLOWED	-	-	0
28	rt4_TMB-5_MAP_rq_0027.r24	BACKTEST	ALLOWED	-	-	0
29	rt4_TMB-5_MAP_rq_0028.r24	BACKTEST	ALLOWED	-	-	0
30	rt4_TMB-5_MAP_rq_0029.r24	BACKTEST	ALLOWED	-	-	0
31	rt4_TMB-5_MAP_rq_0030.r24	BACKTEST	ALLOWED	-	-	0
32	rt4_TMB-5_MAP_rq_0031.r24	BACKTEST	ALLOWED	-	-	0
33	rt4_TMB-5_MAP_rq_0032.r24	BACKTEST	ALLOWED	-	-	0
34	rt4_TMB-5_MAP_rq_0033.r24	BACKTEST	ALLOWED	-	-	0
35	rt4_TMB-5_MAP_rq_0034.r24	BACKTEST	ALLOWED	-	-	0
36	rt4_TMB-5_MAP_rq_0035.r24	BACKTEST	ALLOWED	-	-	0
37	rt4_TMB-5_MAP_rq_0036.r24	BACKTEST	ALLOWED	-	-	0
38	rt4_TMB-5_MAP_rq_0037.r24	BACKTEST	ALLOWED	-	-	0
39	rt4_TMB-5_MAP_rq_0038.r24	BACKTEST	ALLOWED	-	-	0
40	rt4_TMB-5_MAP_rq_0039.r24	BACKTEST	ALLOWED	-	-	0
41	rt4_TMB-5_MAP_rq_0040.r24	BACKTEST	ALLOWED	-	-	0
42	rt4_TMB-5_MAP_rq_0041.r24	BACKTEST	ALLOWED	-	-	0
43	rt4_TMB-5_MAP_rq_0042.r24	BACKTEST	ALLOWED	-	-	0
44	rt4_TMB-5_MAP_rq_0043.r24	BACKTEST	ALLOWED	-	-	0
45	rt4_TMB-5_MAP_rq_0044.r24	BACKTEST	ALLOWED	-	-	0
46	rt4_TMB-5_MAP_rq_0045.r24	BACKTEST	ALLOWED	-	-	0
47	rt4_TMB-5_MAP_rq_0046.r24	BACKTEST	ALLOWED	-	-	0
48	rt4_TMB-5_MAP_rq_0047.r24	BACKTEST	ALLOWED	-	-	0
49	rt4_TMB-5_MAP_rq_0048.r24	BACKTEST	ALLOWED	-	-	0
50	rt4_TMB-5_MAP_rq_0049.r24	BACKTEST	ALLOWED	-	-	0
51	rt4_TMB-5_MAP_rq_0050.r24	BACKTEST	ALLOWED	-	-	0
52	rt4_TMB-5_MAP_rq_0051.r24	BACKTEST	ALLOWED	-	-	0
53	rt4_TMB-5_MAP_rq_0052.r24	BACKTEST	ALLOWED	-	-	0
54	rt4_TMB-5_MAP_rq_0053.r24	BACKTEST	ALLOWED	-	-	0
55	rt4_TMB-5_MAP_rq_0054.r24	BACKTEST	ALLOWED	-	-	0
56	rt4_TMB-5_MAP_rq_0055.r24	BACKTEST	ALLOWED	-	-	0
57	rt4_TMB-5_MAP_rq_0056.r24	BACKTEST	ALLOWED	-	-	0
58	rt4_TMB-5_MAP_rq_0057.r24	BACKTEST	ALLOWED	-	-	0
59	rt4_TMB-5_MAP_rq_0058.r24	BACKTEST	ALLOWED	-	-	0
60	rt4_TMB-5_MAP_rq_0059.r24	BACKTEST	ALLOWED	-	-	0
61	rt4_TMB-5_MAP_rq_0060.r24	BACKTEST	ALLOWED	-	-	0
62	rt4_TMB-5_MAP_rq_0061.r24	BACKTEST	ALLOWED	-	-	0
63	rt4_TMB-5_MAP_rq_0062.r24	BACKTEST	ALLOWED	-	-	0
64	rt4_TMB-5_MAP_rq_0063.r24	BACKTEST	ALLOWED	-	-	0
65	rt4_TMB-5_MAP_rq_0064.r24	BACKTEST	ALLOWED	-	-	0
66	rt4_TMB-5_MAP_rq_0065.r24	BACKTEST	ALLOWED	-	-	0
67	rt4_TMB-5_MAP_rq_0066.r24	BACKTEST	ALLOWED	-	-	0
68	rt4_TMB-5_MAP_rq_0067.r24	BACKTEST	ALLOWED	-	-	0
69	rt4_TMB-5_MAP_rq_0068.r24	BACKTEST	ALLOWED	-	-	0
70	rt4_TMB-5_MAP_rq_0069.r24	BACKTEST	ALLOWED	-	-	0
71	rt4_TMB-5_MAP_rq_0070.r24	BACKTEST	ALLOWED	-	-	0
72	rt4_TMB-5_MAP_rq_0071.r24	BACKTEST	ALLOWED	-	-	0
73	rt4_TMB-5_MAP_rq_0072.r24	BACKTEST	ALLOWED	-	-	0
74	rt4_TMB-5_MAP_rq_0073.r24	BACKTEST	ALLOWED	-	-	0
75	rt4_TMB-5_MAP_rq_0074.r24	BACKTEST	ALLOWED	-	-	0
76	rt4_TMB-5_MAP_rq_0075.r24	BACKTEST	ALLOWED	-	-	0
77	rt4_TMB-5_MAP_rq_0076.r24	BACKTEST	ALLOWED	-	-	0
78	rt4_TMB-5_MAP_rq_0077.r24	BACKTEST	ALLOWED	-	-	0
79	rt4_TMB-5_MAP_rq_0078.r24	BACKTEST	ALLOWED	-	-	0
80	rt4_TMB-5_MAP_rq_0079.r24	BACKTEST	ALLOWED	-	-	0
81	rt4_TMB-5_MAP_rq_0080.r24	BACKTEST	ALLOWED	-	-	0
82	rt4_TMB-5_MAP_rq_0081.r24	BACKTEST	ALLOWED	-	-	0
83	rt4_TMB-5_MAP_rq_0082.r24	BACKTEST	ALLOWED	-	-	0
84	rt4_TMB-5_MAP_rq_0083.r24	BACKTEST	ALLOWED	-	-	0
85	rt4_TMB-5_MAP_rq_0084.r24	BACKTEST	ALLOWED	-	-	0
86	rt4_TMB-5_MAP_rq_0085.r24	BACKTEST	ALLOWED	-	-	0
87	rt4_TMB-5_MAP_rq_0086.r24	BACKTEST	ALLOWED	-	-	0
88	rt4_TMB-5_MAP_rq_0087.r24	BACKTEST	ALLOWED	-	-	0
89	rt4_TMB-5_MAP_rq_0088.r24	BACKTEST	ALLOWED	-	-	0
90	rt4_TMB-5_MAP_rq_0089.r24	BACKTEST	ALLOWED	-	-	0
91	rt4_TMB-5_MAP_rq_0090.r24	BACKTEST	ALLOWED	-	-	0
92	rt4_TMB-5_MAP_rq_0091.r24	BACKTEST	ALLOWED	-	-	0
93	rt4_TMB-5_MAP_rq_0092.r24	BACKTEST	ALLOWED	-	-	0
94	rt4_TMB-5_MAP_rq_0093.r24	BACKTEST	ALLOWED	-	-	0
95	rt4_TMB-5_MAP_rq_0094.r24	BACKTEST	ALLOWED	-	-	0
96	rt4_TMB-5_MAP_rq_0095.r24	BACKTEST	ALLOWED	-	-	0
97	rt4_TMB-5_MAP_rq_0096.r24	BACKTEST	ALLOWED	-	-	0
98	rt4_TMB-5_MAP_rq_0097.r24	BACKTEST	ALLOWED	-	-	0
99	rt4_TMB-5_MAP_rq_0098.r24	BACKTEST	ALLOWED	-	-	0
100	rt4_TMB-5_MAP_rq_0099.r24	BACKTEST	ALLOWED	-	-	0
101	rt4_TMB-5_MAP_rq_0100.r24	BACKTEST	ALLOWED	-	-	0
102	rt4_TMB-5_MAP_rq_0101.r24	BACKTEST	ALLOWED	-	-	0
103	rt4_TMB-5_MAP_rq_0102.r24	BACKTEST	ALLOWED	-	-	0
104	rt4_TMB-5_MAP_rq_0103.r24	BACKTEST	ALLOWED	-	-	0
105	rt4_TMB-5_MAP_rq_0104.r24	BACKTEST	ALLOWED	-	-	0
106	rt4_TMB-5_MAP_rq_0105.r24	BACKTEST	ALLOWED	-	-	0
107	rt4_TMB-5_MAP_rq_0106.r24	BACKTEST	ALLOWED	-	-	0
108	rt4_TMB-5_MAP_rq_0107.r24	BACKTEST	ALLOWED	-	-	0
109	rt4_TMB-5_MAP_rq_0108.r24	BACKTEST	ALLOWED	-	-	0
110	rt4_TMB-5_MAP_rq_0109.r24	BACKTEST	ALLOWED	-	-	0
111	rt4_TMB-5_MAP_rq_0110.r24	BACKTEST	ALLOWED	-	-	0
112	rt4_TMB-5_MAP_rq_0111.r24	BACKTEST	ALLOWED	-	-	0
113	rt4_TMB-5_MAP_rq_0112.r24	BACKTEST	ALLOWED	-	-	0
114	rt4_TMB-5_MAP_rq_0113.r24	BACKTEST	ALLOWED	-	-	0
115	rt4_TMB-5_MAP_rq_0114.r24	BACKTEST	ALLOWED	-	-	0
116	rt4_TMB-5_MAP_rq_0115.r24	BACKTEST	ALLOWED	-	-	0
117	rt4_TMB-5_MAP_rq_0116.r24	BACKTEST	ALLOWED	-	-	0
118	rt4_TMB-5_MAP_rq_0117.r24	BACKTEST	ALLOWED	-	-	0
119	rt4_TMB-5_MAP_rq_0118.r24	BACKTEST	ALLOWED	-	-	0
120	rt4_TMB-5_MAP_rq_0119.r24	BACKTEST	ALLOWED	-	-	0
121	rt4_TMB-5_MAP_rq_0120.r24	BACKTEST	ALLOWED	-	-	0
122	rt4_TMB-5_MAP_rq_0121.r24	BACKTEST	ALLOWED	-	-	0
123	rt4_TMB-5_MAP_rq_0122.r24	BACKTEST	ALLOWED	-	-	0
124	rt4_TMB-5_MAP_rq_0123.r24	BACKTEST	ALLOWED	-	-	0
125	rt4_TMB-5_MAP_rq_0124.r24	BACKTEST	ALLOWED	-	-	0
126	rt4_TMB-5_MAP_rq_0125.r24	BACKTEST	ALLOWED	-	-	0
127	rt4_TMB-5_MAP_rq_0126.r24	BACKTEST	ALLOWED	-	-	0
128	rt4_TMB-5_MAP_rq_0127.r24	BACKTEST	ALLOWED	-	-	0
129	rt4_TMB-5_MAP_rq_0128.r24	BACKTEST	ALLOWED	-	-	0
130	rt4_TMB-5_MAP_rq_0129.r24	BACKTEST	ALLOWED	-	-	0
131	rt4_TMB-5_MAP_rq_0130.r24	BACKTEST	ALLOWED	-	-	0
132	rt4_TMB-5_MAP_rq_0131.r24	BACKTEST	ALLOWED	-	-	0
133	rt4_TMB-5_MAP_rq_0132.r24	BACKTEST	ALLOWED	-	-	0
134	rt4_TMB-5_MAP_rq_0133.r24	BACKTEST	ALLOWED	-	-	0
135	rt4_TMB-5_MAP_rq_0134.r24	BACKTEST	ALLOWED	-	-	0
136	rt4_TMB-5_MAP_rq_0135.r24	BACKTEST	ALLOWED	-	-	0
137	rt4_TMB-5_MAP_rq_0136.r24	BACKTEST	ALLOWED	-	-	0
138	rt4_TMB-5_MAP_rq_0137.r24	BACKTEST	ALLOWED	-	-	0
139	rt4_TMB-5_MAP_rq_0138.r24	BACKTEST	ALLOWED	-	-	0
140	rt4_TMB-5_MAP_rq_0139.r24	BACKTEST	ALLOWED	-	-	0
141	rt4_TMB-5_MAP_rq_0140.r24	BACKTEST	ALLOWED	-	-	0
142	rt4_TMB-5_MAP_rq_0141.r24	BACKTEST	ALLOWED	-	-	0
143	rt4_TMB-5_MAP_rq_0142.r24	BACKTEST	ALLOWED	-	-	0
144	rt4_TMB-5_MAP_rq_0143.r24	BACKTEST	ALLOWED	-	-	0
145	rt4_TMB-5_MAP_rq_0144.r24	BACKTEST	ALLOWED	-	-	0
146	rt4_TMB-5_MAP_rq_0145.r24	BACKTEST	ALLOWED	-	-	0
147	rt4_TMB-5_MAP_rq_0146.r24	BACKTEST	ALLOWED	-	-	0
148	rt4_TMB-5_MAP_rq_0147.r24	BACKTEST	ALLOWED	-	-	0
149	rt4_TMB-5_MAP_rq_0148.r24	BACKTEST	ALLOWED	-	-	0
150	rt4_TMB-5_MAP_rq_0149.r24	BACKTEST	ALLOWED	-	-	0
151	rt4_TMB-5_MAP_rq_0150.r24	BACKTEST	ALLOWED	-	-	0
152	rt4_TMB-5_MAP_rq_0151.r24	BACKTEST	ALLOWED	-	-	0
153	rt4_TMB-5_MAP_rq_0152.r24	BACKTEST	ALLOWED	-	-	0
154	rt4_TMB-5_MAP_rq_0153.r24	BACKTEST	ALLOWED	-	-	0
155	rt4_TMB-5_MAP_rq_0154.r24	BACKTEST	ALLOWED	-	-	0
156	rt4_TMB-5_MAP_rq_0155.r24	BACKTEST	ALLOWED	-	-	0
157	rt4_TMB-5_MAP_rq_0156.r24	BACKTEST	ALLOWED	-	-	0
158	rt4_TMB-5_MAP_rq_0157.r24	BACKTEST	ALLOWED	-	-	0
159	rt4_TMB-5_MAP_rq_0158.r24	BACKTEST	ALLOWED	-	-	0
160	rt4_TMB-5_MAP_rq_0159.r24	BACKTEST	ALLOWED	-	-	0
161	rt4_TMB-5_MAP_rq_0160.r24	BACKTEST	ALLOWED	-	-	0
162	rt4_TMB-5_MAP_rq_0161.r24	BACKTEST	ALLOWED	-	-	0
163	rt4_TMB-5_MAP_rq_0162.r24	BACKTEST	ALLOWED	-	-	0
164	rt4_TMB-5_MAP_rq_0163.r24	BACKTEST	ALLOWED	-	-	0
165	rt4_TMB-5_MAP_rq_0164.r24	BACKTEST	ALLOWED	-	-	0
166	rt4_TMB-5_MAP_rq_0165.r24	BACKTEST	ALLOWED	-	-	0
167	rt4_TMB-5_MAP_rq_0166.r24	BACKTEST	ALLOWED	-	-	0
168	rt4_TMB-5_MAP_rq_0167.r24	BACKTEST	ALLOWED	-	-	0
169	rt4_TMB-5_MAP_rq_0168.r24	BACKTEST	ALLOWED	-	-	0
170	rt4_TMB-5_MAP_rq_0169.r24	BACKTEST	ALLOWED	-	-	0
171	rt4_TMB-5_MAP_rq_0170.r24	BACKTEST	ALLOWED	-	-	0
172	rt4_TMB-5_MAP_rq_0171.r24	BACKTEST	ALLOWED	-	-	0
173	rt4_TMB-5_MAP_rq_0172.r24	BACKTEST	ALLOWED	-	-	0
174	rt4_TMB-5_MAP_rq_0173.r24	BACKTEST	ALLOWED	-	-	0
175	rt4_TMB-5_MAP_rq_0174.r24	BACKTEST	ALLOWED	-	-	0
176	rt4_TMB-5_MAP_rq_0175.r24	BACKTEST	ALLOWED	-	-	0
177	rt4_TMB-5_MAP_rq_0176.r24	BACKTEST	ALLOWED	-	-	0
178	rt4_TMB-5_MAP_rq_0177.r24	BACKTEST	ALLOWED	-	-	0
179	rt4_TMB-5_MAP_rq_0178.r24	BACKTEST	ALLOWED	-	-	0
180	rt4_TMB-5_MAP_rq_0179.r24	BACKTEST	ALLOWED	-	-	0
181	rt4_TMB-5_MAP_rq_0180.r24	BACKTEST	ALLOWED	-	-	0
182	rt4_TMB-5_MAP_rq_0181.r24	BACKTEST	ALLOWED	-	-	0
183	rt4_TMB-5_MAP_rq_0182.r24	BACKTEST	ALLOWED	-	-	0
184	rt4_TMB-5_MAP_rq_0183.r24	BACKTEST	ALLOWED	-	-	0
185	rt4_TMB-5_MAP_rq_0184.r24	BACKTEST	ALLOWED	-	-	0
186	rt4_TMB-5_MAP_rq_0185.r24	BACKTEST	ALLOWED	-	-	0
187	rt4_TMB-5_MAP_rq_0186.r24	BACKTEST	ALLOWED	-	-	0
188	rt4_TMB-5_MAP_rq_0187.r24	BACKTEST	ALLOWED	-	-	0
189	rt4_TMB-5_MAP_rq_0188.r24	BACKTEST	ALLOWED	-	-	0
190	rt4_TMB-5_MAP_rq_0189.r24	BACKTEST	ALLOWED	-	-	0
191	rt4_TMB-5_MAP_rq_0190.r24	BACKTEST	ALLOWED	-	-	0
192	rt4_TMB-5_MAP_rq_0191.r24	BACKTEST	ALLOWED	-	-	0
193	rt4_TMB-5_MAP_rq_0192.r24	BACKTEST	ALLOWED	-	-	0
194	rt4_TMB-5_MAP_rq_0193.r24	BACKTEST	ALLOWED	-	-	0
195	rt4_TMB-5_MAP_rq_0194.r24	BACKTEST	ALLOWED	-	-	0
196	rt4_TMB-5_MAP_rq_0195.r24	BACKTEST	ALLOWED	-	-	0
197	rt4_TMB-5_MAP_rq_0196.r24	BACKTEST	ALLOWED	-	-	0
198	rt4_TMB-5_MAP_rq_0197.r24	BACKTEST	ALLOWED	-	-	0
199	rt4_TMB-5_MAP_rq_0198.r24	BACKTEST	ALLOWED	-	-	0
200	rt4_TMB-5_MAP_rq_0199.r24	BACKTEST	ALLOWED	-	-	0
201	rt4_TMB-5_MAP_rq_0200.r24	BACKTEST	ALLOWED	-	-	0
202	rt4_TMB-5_MAP_rq_0201.r24	BACKTEST	ALLOWED	-	-	0
203	rt4_TMB-5_MAP_rq_0202.r24	BACKTEST	ALLOWED	-	-	0
204	rt4_TMB-5_MAP_rq_0203.r24	BACKTEST	ALLOWED	-	-	0
205	rt4_TMB-5_MAP_rq_0204.r24	BACKTEST	ALLOWED	-	-	0
206	rt4_TMB-5_MAP_rq_0205.r24	BACKTEST	ALLOWED	-	-	0
207	rt4_TMB-5_MAP_rq_0206.r24	BACKTEST	ALLOWED	-	-	0
208	rt4_TMB-5_MAP_rq_0207.r24	BACKTEST	ALLOWED	-	-	0
209	rt4_TMB-5_MAP_rq_0208.r24	BACKTEST	ALLOWED	-	-	0
210	rt4_TMB-5_MAP_rq_0209.r24	BACKTEST	ALLOWED	-	-	0
211	rt4_TMB-5_MAP_rq_0210.r24	BACKTEST	ALLOWED	-	-	0
212	rt4_TMB-5_MAP_rq_0211.r24	BACKTEST	ALLOWED	-	-	0
213	rt4_TMB-5_MAP_rq_0212.r24	BACKTEST	ALLOWED	-	-	0
214	rt4_TMB-5_MAP_rq_0213.r24	BACKTEST	ALLOWED	-	-	0
215	rt4_TMB-5_MAP_rq_0214.r24	BACKTEST	ALLOWED	-	-	0
216	rt4_TMB-5_MAP_rq_0215.r24	BACKTEST	ALLOWED	-	-	0
217	rt4_TMB-5_MAP_rq_0216.r24	BACKTEST	ALLOWED	-	-	0
218	rt4_TMB-5_MAP_rq_0217.r24	BACKTEST	ALLOWED	-	-	0
219	rt4_TMB-5_MAP_rq_0218.r24	BACKTEST	ALLOWED	-	-	0
220	rt4_TMB-5_MAP_rq_0219.r24	BACKTEST	ALLOWED	-	-	0
221	rt4_TMB-5_MAP_rq_0220.r24	BACKTEST	ALLOWED	-	-	0
222	rt4_TMB-5_MAP_rq_0221.r24	BACKTEST	ALLOWED	-	-	0
223	rt4_TMB-5_MAP_rq_0222.r24	BACKTEST	ALLOWED	-	-	0
224	rt4_TMB-5_MAP_rq_0223.r24	BACKTEST	ALLOWED	-	-	0
225	rt4_TMB-5_MAP_rq_0224.r24	BACKTEST	ALLOWED	-	-	0
226	rt4_TMB-5_MAP_rq_0225.r24	BACKTEST	ALLOWED	-	-	0
227	rt4_TMB-5_MAP_rq_0226.r24	BACKTEST	ALLOWED	-	-	0
228	rt4_TMB-5_MAP_rq_0227.r24	BACKTEST	ALLOWED	-	-	0
229	rt4_TMB-5_MAP_rq_0228.r24	BACKTEST	ALLOWED	-	-	0
230	rt4_TMB-5_MAP_rq_0229.r24	BACKTEST	ALLOWED	-	-	0
231	rt4_TMB-5_MAP_rq_0230.r24	BACKTEST	ALLOWED	-	-	0
232	rt4_TMB-5_MAP_rq_0231.r24	BACKTEST	ALLOWED	-	-	0
233	rt4_TMB-5_MAP_rq_0232.r24	BACKTEST	ALLOWED	-	-	0
234	rt4_TMB-5_MAP_rq_0233.r24	BACKTEST	ALLOWED	-	-	0
235	rt4_TMB-5_MAP_rq_0234.r24	BACKTEST	ALLOWED	-	-	0
236	rt4_TMB-5_MAP_rq_0235.r24	BACKTEST	ALLOWED	-	-	0
237	rt4_TMB-5_MAP_rq_0236.r24	BACKTEST	ALLOWED	-	-	0
238	rt4_TMB-5_MAP_rq_0237.r24	BACKTEST	ALLOWED	-	-	0
239	rt4_TMB-5_MAP_rq_0238.r24	BACKTEST	ALLOWED	-	-	0
240	rt4_TMB-5_MAP_rq_0239.r24	BACKTEST	ALLOWED	-	-	0
241	rt4_TMB-5_MAP_rq_0240.r24	BACKTEST	ALLOWED	-	-	0
242	rt4_TMB-5_MAP_rq_0241.r24	BACKTEST	ALLOWED	-	-	0
243	rt4_TMB-5_MAP_rq_0242.r24	BACKTEST	ALLOWED	-	-	0
244	rt4_TMB-5_MAP_rq_0243.r24	BACKTEST	ALLOWED	-	-	0
245	rt4_TMB-5_MAP_rq_0244.r24	BACKTEST	ALLOWED	-	-	0
246	rt4_TMB-5_MAP_rq_0245.r24	BACKTEST	ALLOWED	-	-	0
247	rt4_TMB-5_MAP_rq_0246.r24	BACKTEST	ALLOWED	-	-	0
248	rt4_TMB-5_MAP_rq_0247.r24	BACKTEST	ALLOWED	-	-	0
249	rt4_TMB-5_MAP_rq_0248.r24	BACKTEST	ALLOWED	-	-	0
250	rt4_TMB-5_MAP_rq_0249.r24	BACKTEST	ALLOWED	-	-	0
251	rt4_TMB-5_MAP_rq_0250.r24	BACKTEST	ALLOWED	-	-	0
252	rt4_TMB-5_MAP_rq_0251.r24	BACKTEST	ALLOWED	-	-	0
253	rt4_TMB-5_MAP_rq_0252.r24	BACKTEST	ALLOWED	-	-	0
254	rt4_TMB-5_MAP_rq_0253.r24	BACKTEST	ALLOWED	-	-	0
255	rt4_TMB-5_MAP_rq_0254.r24	BACKTEST	ALLOWED	-	-	0
256	rt4_TMB-5_MAP_rq_0255.r24	BACKTEST	ALLOWED	-	-	0
257	rt4_TMB-5_MAP_rq_0256.r24	BACKTEST	ALLOWED	-	-	0
258	rt4_TMB-5_MAP_rq_0257.r24	BACKTEST	ALLOWED	-	-	0
259	rt4_TMB-5_MAP_rq_0258.r24	BACKTEST	ALLOWED	-	-	0
260	rt4_TMB-5_MAP_rq_0259.r24	BACKTEST	ALLOWED	-	-	0
261	rt4_TMB-5_MAP_rq_0260.r24	BACKTEST	ALLOWED	-	-	0
262	rt4_TMB-5_MAP_rq_0261.r24	BACKTEST	ALLOWED	-	-	0
263	rt4_TMB-5_MAP_rq_0262.r24	BACKTEST	ALLOWED	-	-	0
264	rt4_TMB-5_MAP_rq_0263.r24	BACKTEST	ALLOWED	-	-	0
265	rt4_TMB-5_MAP_rq_0264.r24	BACKTEST	ALLOWED	-	-	0
266	rt4_TMB-5_MAP_rq_0265.r24	BACKTEST	ALLOWED	-	-	0
267	rt4_TMB-5_MAP_rq_0266.r24	BACKTEST	ALLOWED	-	-	0
268	rt4_TMB-5_MAP_rq_0267.r24	BACKTEST	ALLOWED	-	-	0
269	rt4_TMB-5_MAP_rq_0268.r24	BACKTEST	ALLOWED	-	-	0
270	rt4_TMB-5_MAP_rq_0269.r24	BACKTEST	ALLOWED	-	-	0
271	rt4_TMB-5_MAP_rq_0270.r24	BACKTEST	ALLOWED	-	-	0
272	rt4_TMB-5_MAP_rq_0271.r24	BACKTEST	ALLOWED	-	-	0
273	rt4_TMB-5_MAP_rq_0272.r24	BACKTEST	ALLOWED	-	-	0
274	rt4_TMB-5_MAP_rq_0273.r24	BACKTEST	ALLOWED	-	-	0
275	rt4_TMB-5_MAP_rq_0274.r24	BACKTEST	ALLOWED	-	-	0
276	rt4_TMB-5_MAP_rq_0275.r24	BACKTEST	ALLOWED	-	-	0
277	rt4_TMB-5_MAP_rq_0276.r24	BACKTEST	ALLOWED	-	-	0
278	rt4_TMB-5_MAP_rq_0277.r24	BACKTEST	ALLOWED	-	-	0
279	rt4_TMB-5_MAP_rq_0278.r24	BACKTEST	ALLOWED	-	-	0
280	rt4_TMB-5_MAP_rq_0279.r24	BACKTEST	ALLOWED	-	-	0
281	rt4_TMB-5_MAP_rq_0280.r24	BACKTEST	ALLOWED	-	-	0
282	rt4_TMB-5_MAP_rq_0281.r24	BACKTEST	ALLOWED	-	-	0
283	rt4_TMB-5_MAP_rq_0282.r24	BACKTEST	ALLOWED	-	-	0
284	rt4_TMB-5_MAP_rq_0283.r24	BACKTEST	ALLOWED	-	-	0
285	rt4_TMB-5_MAP_rq_0284.r24	BACKTEST	ALLOWED	-	-	0
286	rt4_TMB-5_MAP_rq_0285.r24	BACKTEST	ALLOWED	-	-	0
287	rt4_TMB-5_MAP_rq_0286.r24	BACKTEST	ALLOWED	-	-	0
288	rt4_TMB-5_MAP_rq_0287.r24	BACKTEST	ALLOWED	-	-	0
289	rt4_TMB-5_MAP_rq_0288.r24	BACKTEST	ALLOWED	-	-	0
290	rt4_TMB-5_MAP_rq_0289.r24	BACKTEST	ALLOWED	-	-	0
291	rt4_TMB-5_MAP_rq_0290.r24	BACKTEST	ALLOWED	-	-	0
292	rt4_TMB-5_MAP_rq_0291.r24	BACKTEST	ALLOWED	-	-	0
293	rt4_TMB-5_MAP_rq_0292.r24	BACKTEST	ALLOWED	-	-	0
294	rt4_TMB-5_MAP_rq_0293.r24	BACKTEST	ALLOWED	-	-	0
295	rt4_TMB-5_MAP_rq_0294.r24	BACKTEST	ALLOWED	-	-	0
296	rt4_TMB-5_MAP_rq_0295.r24	BACKTEST	ALLOWED	-	-	0
297	rt4_TMB-5_MAP_rq_0296.r24	BACKTEST	ALLOWED	-	-	0
298	rt4_TMB-5_MAP_rq_0297.r24	BACKTEST	ALLOWED	-	-	0
299	rt4_TMB-5_MAP_rq_0298.r24	BACKTEST	ALLOWED	-	-	0
300	rt4_TMB-5_MAP_rq_0299.r24	BACKTEST	ALLOWED	-	-	0
301	rt4_TMB-5_MAP_rq_0300.r24	BACKTEST	ALLOWED	-	-	0
302	rt4_TMB-5_MAP_rq_0301.r24	BACKTEST	ALLOWED	-	-	0
303	rt4_TMB-5_MAP_rq_0302.r24	BACKTEST	ALLOWED	-	-	0
304	rt4_TMB-5_MAP_rq_0303.r24	BACKTEST	ALLOWED	-	-	0
305	rt4_TMB-5_MAP_rq_0304.r24	BACKTEST	ALLOWED	-	-	0
306	rt4_TMB-5_MAP_rq_0305.r24	BACKTEST	ALLOWED	-	-	0
307	rt4_TMB-5_MAP_rq_0306.r24	BACKTEST	BLOCKED	11049	WITHHOLD	-1
308	rt4_TMB-5_MAP_rq_0307.r24	BACKTEST	BLOCKED	11049	WITHHOLD	-1
309	rt4_TMB-5_MAP_rq_0308.r24	BACKTEST	BLOCKED	11049	WITHHOLD	-1
310	rt4_TMB-5_MAP_rq_0309.r24	BACKTEST	BLOCKED	11049	WITHHOLD	-1
311	rt4_TMB-5_MAP_rq_0310.r24	BACKTEST	BLOCKED	11049	WITHHOLD	-1
312	rt4_TMB-5_MAP_rq_0311.r24	BACKTEST	BLOCKED	11049	WITHHOLD	-1
313	rt4_TMB-5_MAP_rq_0312.r24	BACKTEST	BLOCKED	11049	WITHHOLD	-1
314	rt4_TMB-5_MAP_rq_0313.r24	BACKTEST	BLOCKED	11049	WITHHOLD	-1
315	rt4_TMB-5_MAP_rq_0314.r24	BACKTEST	BLOCKED	11049	WITHHOLD	-1
316	rt4_TMB-5_MAP_rq_0315.r24	BACKTEST	BLOCKED	11049	WITHHOLD	-1
317	rt4_TMB-5_MAP_rq_0316.r24	BACKTEST	BLOCKED	11049	WITHHOLD	-1
318	rt4_TMB-5_MAP_rq_0317.r24	BACKTEST	BLOCKED	11049	WITHHOLD	-1
319	rt4_TMB-5_MAP_rq_0318.r24	BACKTEST	BLOCKED	11049	WITHHOLD	-1
320	rt4_TMB-5_MAP_rq_0319.r24	BACKTEST	BLOCKED	11049	WITHHOLD	-1
321	rt4_TMB-5_MAP_rq_0320.r24	BACKTEST	BLOCKED	11049	WITHHOLD	-1
322	rt4_TMB-5_MAP_rq_0321.r24	BACKTEST	BLOCKED	11049	WITHHOLD	-1
323	rt4_TMB-5_MAP_rq_0322.r24	BACKTEST	BLOCKED	11049	WITHHOLD	-1
324	rt4_TMB-5_MAP_rq_0323.r24	BACKTEST	BLOCKED	11049	WITHHOLD	-1
325	rt4_TMB-5_MAP_rq_0324.r24	BACKTEST	BLOCKED	11049	WITHHOLD	-1
326	rt4_TMB-5_MAP_rq_0325.r24	BACKTEST	BLOCKED	11049	WITHHOLD	-1
327	rt4_TMB-5_MAP_rq_0326.r24	BACKTEST	BLOCKED	11049	WITHHOLD	-1
328	rt4_TMB-5_MAP_rq_0327.r24	BACKTEST	BLOCKED	11049	WITHHOLD	-1
329	rt4_TMB-5_MAP_rq_0328.r24	BACKTEST	BLOCKED	11049	WITHHOLD	-1
330	rt4_TMB-5_MAP_rq_0329.r24	BACKTEST	BLOCKED	11049	WITHHOLD	-1
331	rt4_TMB-5_MAP_rq_0330.r24	BACKTEST	BLOCKED	11049	WITHHOLD	-1
332	rt4_TMB-5_MAP_rq_0331.r24	BACKTEST	BLOCKED	11049	WITHHOLD	-1
333	rt4_TMB-5_MAP_rq_0332.r24	BACKTEST	BLOCKED	11049	WITHHOLD	-1
334	rt4_TMB-5_MAP_rq_0333.r24	BACKTEST	BLOCKED	11049	WITHHOLD	-1
335	rt4_TMB-5_MAP_rq_0334.r24	BACKTEST	BLOCKED	11049	WITHHOLD	-1
336	rt4_TMB-5_MAP_rq_0335.r24	BACKTEST	BLOCKED	11049	WITHHOLD	-1
337	rt4_TMB-5_MAP_rq_0336.r24	BACKTEST	BLOCKED	11049	WITHHOLD	-1
338	rt4_TMB-5_MAP_rq_0337.r24	BACKTEST	BLOCKED	11049	WITHHOLD	-1
339	rt4_TMB-5_MAP_rq_0338.r24	BACKTEST	BLOCKED	11049	WITHHOLD	-1
340	rt4_TMB-5_MAP_rq_0339.r24	BACKTEST	BLOCKED	11049	WITHHOLD	-1
341	rt4_TMB-5_MAP_rq_0340.r24	BACKTEST	BLOCKED	11049	WITHHOLD	-1
342	rt4_TMB-5_MAP_rq_0341.r24	BACKTEST	BLOCKED	11049	WITHHOLD	-1
343	rt4_TMB-5_MAP_rq_0342.r24	BACKTEST	BLOCKED	11049	WITHHOLD	-1
344	rt4_TMB-5_MAP_rq_0343.r24	BACKTEST	BLOCKED	11049	WITHHOLD	-1
345	rt4_TMB-5_MAP_rq_0344.r24	BACKTEST	BLOCKED	11049	WITHHOLD	-1
346	rt4_TMB-5_MAP_rq_0345.r24	BACKTEST	BLOCKED	11049	WITHHOLD	-1
347	rt4_TMB-5_MAP_rq_0346.r24	BACKTEST	BLOCKED	11049	WITHHOLD	-1
348	rt4_TMB-5_MAP_rq_0347.r24	BACKTEST	BLOCKED	11049	WITHHOLD	-1
349	rt4_TMB-5_MAP_rq_0348.r24	BACKTEST	BLOCKED	11049	WITHHOLD	-1
350	rt4_TMB-5_MAP_rq_0349.r24	BACKTEST	BLOCKED	11049	WITHHOLD	-1
351	rt4_TMB-5_MAP_rq_0350.r24	BACKTEST	BLOCKED	11049	WITHHOLD	-1
352	rt4_TMB-5_MAP_rq_0351.r24	BACKTEST	BLOCKED	11049	WITHHOLD	-1
353	rt4_TMB-5_MAP_rq_0352.r24	BACKTEST	BLOCKED	11049	WITHHOLD	-1
354	rt4_TMB-5_MAP_rq_0353.r24	BACKTEST	BLOCKED	11049	WITHHOLD	-1
355	rt4_TMB-5_MAP_rq_0354.r24	BACKTEST	BLOCKED	11049	WITHHOLD	-1
356	rt4_TMB-5_MAP_rq_0355.r24	BACKTEST	BLOCKED	11049	WITHHOLD	-1
357	rt4_TMB-5_MAP_rq_0356.r24	BACKTEST	BLOCKED	11049	WITHHOLD	-1
358	rt4_TMB-5_MAP_rq_0357.r24	BACKTEST	BLOCKED	10992	WITHHOLD	-1
359	rt4_TMB-5_MAP_rq_0358.r24	BACKTEST	BLOCKED	10992	WITHHOLD	-1
360	rt4_TMB-5_MAP_rq_0359.r24	BACKTEST	BLOCKED	10992	WITHHOLD	-1
361	rt4_TMB-5_MAP_rq_0360.r24	BACKTEST	BLOCKED	10992	WITHHOLD	-1
362	rt4_TMB-5_MAP_rq_0361.r24	BACKTEST	BLOCKED	10992	WITHHOLD	-1
363	rt4_TMB-5_MAP_rq_0362.r24	BACKTEST	BLOCKED	10992	WITHHOLD	-1
364	rt4_TMB-5_MAP_rq_0363.r24	BACKTEST	BLOCKED	10992	WITHHOLD	-1
365	rt4_TMB-5_MAP_rq_0364.r24	BACKTEST	BLOCKED	10992	WITHHOLD	-1
366	rt4_TMB-5_MAP_rq_0365.r24	BACKTEST	BLOCKED	10992	WITHHOLD	-1
367	rt4_TMB-5_MAP_rq_0366.r24	BACKTEST	BLOCKED	10992	WITHHOLD	-1
368	rt4_TMB-5_MAP_rq_0367.r24	BACKTEST	BLOCKED	10992	WITHHOLD	-1
369	rt4_TMB-5_MAP_rq_0368.r24	BACKTEST	BLOCKED	10992	WITHHOLD	-1
370	rt4_TMB-5_MAP_rq_0369.r24	BACKTEST	BLOCKED	10992	WITHHOLD	-1
371	rt4_TMB-5_MAP_rq_0370.r24	BACKTEST	BLOCKED	10992	WITHHOLD	-1
372	rt4_TMB-5_MAP_rq_0371.r24	BACKTEST	BLOCKED	10992	WITHHOLD	-1
373	rt4_TMB-5_MAP_rq_0372.r24	BACKTEST	BLOCKED	10992	WITHHOLD	-1
374	rt4_TMB-5_MAP_rq_0373.r24	BACKTEST	BLOCKED	10992	WITHHOLD	-1
375	rt4_TMB-5_MAP_rq_0374.r24	BACKTEST	BLOCKED	10992	WITHHOLD	-1
376	rt4_TMB-5_MAP_rq_0375.r24	BACKTEST	BLOCKED	10992	WITHHOLD	-1
377	rt4_TMB-5_MAP_rq_0376.r24	BACKTEST	BLOCKED	10992	WITHHOLD	-1
378	rt4_TMB-5_MAP_rq_0377.r24	BACKTEST	BLOCKED	10992	WITHHOLD	-1
379	rt4_TMB-5_MAP_rq_0378.r24	BACKTEST	BLOCKED	10992	WITHHOLD	-1
380	rt4_TMB-5_MAP_rq_0379.r24	BACKTEST	BLOCKED	10992	WITHHOLD	-1
381	rt4_TMB-5_MAP_rq_0380.r24	BACKTEST	BLOCKED	10992	WITHHOLD	-1
382	rt4_TMB-5_MAP_rq_0381.r24	BACKTEST	BLOCKED	10992	WITHHOLD	-1
383	rt4_TMB-5_MAP_rq_0382.r24	BACKTEST	BLOCKED	10992	WITHHOLD	-1
384	rt4_TMB-5_MAP_rq_0383.r24	BACKTEST	BLOCKED	10992	WITHHOLD	-1
385	rt4_TMB-5_MAP_rq_0384.r24	BACKTEST	BLOCKED	10992	WITHHOLD	-1
386	rt4_TMB-5_MAP_rq_0385.r24	BACKTEST	BLOCKED	10992	WITHHOLD	-1
387	rt4_TMB-5_MAP_rq_0386.r24	BACKTEST	BLOCKED	10992	WITHHOLD	-1
388	rt4_TMB-5_MAP_rq_0387.r24	BACKTEST	BLOCKED	10992	WITHHOLD	-1
389	rt4_TMB-5_MAP_rq_0388.r24	BACKTEST	BLOCKED	10992	WITHHOLD	-1
390	rt4_TMB-5_MAP_rq_0389.r24	BACKTEST	BLOCKED	10992	WITHHOLD	-1
391	rt4_TMB-5_MAP_rq_0390.r24	BACKTEST	BLOCKED	10992	WITHHOLD	-1
392	rt4_TMB-5_MAP_rq_0391.r24	BACKTEST	BLOCKED	10992	WITHHOLD	-1
393	rt4_TMB-5_MAP_rq_0392.r24	BACKTEST	BLOCKED	10992	WITHHOLD	-1
394	rt4_TMB-5_MAP_rq_0393.r24	BACKTEST	BLOCKED	10992	WITHHOLD	-1
395	rt4_TMB-5_MAP_rq_0394.r24	BACKTEST	BLOCKED	10992	WITHHOLD	-1
396	rt4_TMB-5_MAP_rq_0395.r24	BACKTEST	BLOCKED	10992	WITHHOLD	-1
397	rt4_TMB-5_MAP_rq_0396.r24	BACKTEST	BLOCKED	10992	WITHHOLD	-1
398	rt4_TMB-5_MAP_rq_0397.r24	BACKTEST	BLOCKED	10992	WITHHOLD	-1
399	rt4_TMB-5_MAP_rq_0398.r24	BACKTEST	BLOCKED	10992	WITHHOLD	-1
400	rt4_TMB-5_MAP_rq_0399.r24	BACKTEST	BLOCKED	10992	WITHHOLD	-1
401	rt4_TMB-5_MAP_rq_0400.r24	BACKTEST	BLOCKED	10992	WITHHOLD	-1
402	rt4_TMB-5_MAP_rq_0401.r24	BACKTEST	BLOCKED	10992	WITHHOLD	-1
403	rt4_TMB-5_MAP_rq_0402.r24	BACKTEST	BLOCKED	10992	WITHHOLD	-1
404	rt4_TMB-5_MAP_rq_0403.r24	BACKTEST	BLOCKED	10992	WITHHOLD	-1
405	rt4_TMB-5_MAP_rq_0404.r24	BACKTEST	BLOCKED	10992	WITHHOLD	-1
406	rt4_TMB-5_MAP_rq_0405.r24	BACKTEST	BLOCKED	10992	WITHHOLD	-1
407	rt4_TMB-5_MAP_rq_0406.r24	BACKTEST	BLOCKED	10992	WITHHOLD	-1
408	rt4_TMB-5_MAP_rq_0407.r24	BACKTEST	BLOCKED	10992	WITHHOLD	-1
409	rt4_TMB-5_MAP_rq_0408.r24	BACKTEST	BLOCKED	10992	WITHHOLD	-1
410	rt4_TMB-5_MAP_rq_0409.r24	BACKTEST	BLOCKED	10992	WITHHOLD	-1
411	rt4_TMB-5_MAP_rq_0410.r24	BACKTEST	BLOCKED	10992	WITHHOLD	-1
412	rt4_TMB-5_MAP_rq_0411.r24	BACKTEST	BLOCKED	10992	WITHHOLD	-1
413	rt4_TMB-5_MAP_rq_0412.r24	BACKTEST	BLOCKED	10992	WITHHOLD	-1
414	rt4_TMB-5_MAP_rq_0413.r24	BACKTEST	BLOCKED	10992	WITHHOLD	-1
415	rt4_TMB-5_MAP_rq_0414.r24	BACKTEST	BLOCKED	10992	WITHHOLD	-1
416	rt4_TMB-5_MAP_rq_0415.r24	BACKTEST	BLOCKED	10992	WITHHOLD	-1
417	rt4_TMB-5_MAP_rq_0416.r24	BACKTEST	BLOCKED	10992	WITHHOLD	-1
418	rt4_TMB-5_MAP_rq_0417.r24	BACKTEST	BLOCKED	10992	WITHHOLD	-1
419	rt4_TMB-5_MAP_rq_0418.r24	BACKTEST	BLOCKED	10992	WITHHOLD	-1
420	rt4_TMB-5_MAP_rq_0419.r24	BACKTEST	BLOCKED	10992	WITHHOLD	-1
421	rt4_TMB-5_MAP_rq_0420.r24	BACKTEST	BLOCKED	10992	WITHHOLD	-1
422	rt4_TMB-5_MAP_rq_0421.r24	BACKTEST	BLOCKED	10992	WITHHOLD	-1
423	rt4_TMB-5_MAP_rq_0422.r24	BACKTEST	BLOCKED	10992	WITHHOLD	-1
424	rt4_TMB-5_MAP_rq_0423.r24	BACKTEST	BLOCKED	10992	WITHHOLD	-1
425	rt4_TMB-5_MAP_rq_0424.r24	BACKTEST	BLOCKED	10992	WITHHOLD	-1
426	rt4_TMB-5_MAP_rq_0425.r24	BACKTEST	BLOCKED	10992	WITHHOLD	-1
427	rt4_TMB-5_MAP_rq_0426.r24	BACKTEST	BLOCKED	10992	WITHHOLD	-1
428	rt4_TMB-5_MAP_rq_0427.r24	BACKTEST	BLOCKED	10992	WITHHOLD	-1
429	rt4_TMB-5_MAP_rq_0428.r24	BACKTEST	BLOCKED	10992	WITHHOLD	-1
430	rt4_TMB-5_MAP_rq_0429.r24	BACKTEST	BLOCKED	10992	WITHHOLD	-1
431	rt4_TMB-5_MAP_rq_0430.r24	BACKTEST	BLOCKED	10992	WITHHOLD	-1
432	rt4_TMB-5_MAP_rq_0431.r24	BACKTEST	BLOCKED	10992	WITHHOLD	-1
433	rt4_TMB-5_MAP_rq_0432.r24	BACKTEST	BLOCKED	10992	WITHHOLD	-1
434	rt4_TMB-5_MAP_rq_0433.r24	BACKTEST	BLOCKED	10992	WITHHOLD	-1
435	rt4_TMB-5_MAP_rq_0434.r24	BACKTEST	BLOCKED	10992	WITHHOLD	-1
436	rt4_TMB-5_MAP_rq_0435.r24	BACKTEST	BLOCKED	10992	WITHHOLD	-1
437	rt4_TMB-5_MAP_rq_0436.r24	BACKTEST	BLOCKED	10992	WITHHOLD	-1
438	rt4_TMB-5_MAP_rq_0437.r24	BACKTEST	BLOCKED	10992	WITHHOLD	-1
439	rt4_TMB-5_MAP_rq_0438.r24	BACKTEST	BLOCKED	10992	WITHHOLD	-1
440	rt4_TMB-5_MAP_rq_0439.r24	BACKTEST	BLOCKED	10992	WITHHOLD	-1
441	rt4_TMB-5_MAP_rq_0440.r24	BACKTEST	BLOCKED	10992	WITHHOLD	-1
442	rt4_TMB-5_MAP_rq_0441.r24	BACKTEST	BLOCKED	10992	WITHHOLD	-1
443	rt4_TMB-5_MAP_rq_0442.r24	BACKTEST	BLOCKED	10992	WITHHOLD	-1
444	rt4_TMB-5_MAP_rq_0443.r24	BACKTEST	BLOCKED	10992	WITHHOLD	-1
445	rt4_TMB-5_MAP_rq_0444.r24	BACKTEST	BLOCKED	10992	WITHHOLD	-1
446	rt4_TMB-5_MAP_rq_0445.r24	BACKTEST	BLOCKED	10992	WITHHOLD	-1
447	rt4_TMB-5_MAP_rq_0446.r24	BACKTEST	BLOCKED	10992	WITHHOLD	-1
448	rt4_TMB-5_MAP_rq_0447.r24	BACKTEST	BLOCKED	10992	WITHHOLD	-1
449	rt4_TMB-5_MAP_rq_0448.r24	BACKTEST	BLOCKED	10992	WITHHOLD	-1
450	rt4_TMB-5_MAP_rq_0449.r24	BACKTEST	BLOCKED	10992	WITHHOLD	-1
451	rt4_TMB-5_MAP_rq_0450.r24	BACKTEST	BLOCKED	10992	WITHHOLD	-1
452	rt4_TMB-5_MAP_rq_0451.r24	BACKTEST	BLOCKED	10992	WITHHOLD	-1
453	rt4_TMB-5_MAP_rq_0452.r24	BACKTEST	BLOCKED	10992	WITHHOLD	-1
454	rt4_TMB-5_MAP_rq_0453.r24	BACKTEST	BLOCKED	10992	WITHHOLD	-1
455	rt4_TMB-5_MAP_rq_0454.r24	BACKTEST	BLOCKED	10992	WITHHOLD	-1
456	rt4_TMB-5_MAP_rq_0455.r24	BACKTEST	BLOCKED	10992	WITHHOLD	-1
457	rt4_TMB-5_MAP_rq_0456.r24	BACKTEST	BLOCKED	10992	WITHHOLD	-1
458	rt4_TMB-5_MAP_rq_0457.r24	BACKTEST	BLOCKED	10992	WITHHOLD	-1
459	rt4_TMB-5_MAP_rq_0458.r24	BACKTEST	BLOCKED	10992	WITHHOLD	-1
460	rt4_TMB-5_MAP_rq_0459.r24	BACKTEST	BLOCKED	10992	WITHHOLD	-1
461	rt4_TMB-5_MAP_rq_0460.r24	BACKTEST	BLOCKED	10992	WITHHOLD	-1
462	rt4_TMB-5_MAP_rq_0461.r24	BACKTEST	BLOCKED	10992	WITHHOLD	-1
463	rt4_TMB-5_MAP_rq_0462.r24	BACKTEST	BLOCKED	10992	WITHHOLD	-1
464	rt4_TMB-5_MAP_rq_0463.r24	BACKTEST	BLOCKED	10992	WITHHOLD	-1
465	rt4_TMB-5_MAP_rq_0464.r24	BACKTEST	BLOCKED	10992	WITHHOLD	-1
466	rt4_TMB-5_MAP_rq_0465.r24	BACKTEST	BLOCKED	10992	WITHHOLD	-1
467	rt4_TMB-5_MAP_rq_0466.r24	BACKTEST	BLOCKED	10992	WITHHOLD	-1
468	rt4_TMB-5_MAP_rq_0467.r24	BACKTEST	BLOCKED	10992	WITHHOLD	-1
469	rt4_TMB-5_MAP_rq_0468.r24	BACKTEST	BLOCKED	10992	WITHHOLD	-1
470	rt4_TMB-5_MAP_rq_0469.r24	BACKTEST	BLOCKED	10992	WITHHOLD	-1
471	rt4_TMB-5_MAP_rq_0470.r24	BACKTEST	BLOCKED	10992	WITHHOLD	-1
472	rt4_TMB-5_MAP_rq_0471.r24	BACKTEST	BLOCKED	10992	WITHHOLD	-1
473	rt4_TMB-5_MAP_rq_0472.r24	BACKTEST	BLOCKED	10992	WITHHOLD	-1
474	rt4_TMB-5_MAP_rq_0473.r24	BACKTEST	BLOCKED	10992	WITHHOLD	-1
475	rt4_TMB-5_MAP_rq_0474.r24	BACKTEST	BLOCKED	10992	WITHHOLD	-1
476	rt4_TMB-5_MAP_rq_0475.r24	BACKTEST	BLOCKED	10992	WITHHOLD	-1
477	rt4_TMB-5_MAP_rq_0476.r24	BACKTEST	BLOCKED	10992	WITHHOLD	-1
478	rt4_TMB-5_MAP_rq_0477.r24	BACKTEST	BLOCKED	10992	WITHHOLD	-1
479	rt4_TMB-5_MAP_rq_0478.r24	BACKTEST	BLOCKED	10992	WITHHOLD	-1
480	rt4_TMB-5_MAP_rq_0479.r24	BACKTEST	BLOCKED	10992	WITHHOLD	-1
481	rt4_TMB-5_MAP_rq_0480.r24	BACKTEST	BLOCKED	10992	WITHHOLD	-1
482	rt4_TMB-5_MAP_rq_0481.r24	BACKTEST	BLOCKED	10992	WITHHOLD	-1
483	rt4_TMB-5_MAP_rq_0482.r24	BACKTEST	BLOCKED	10992	WITHHOLD	-1
484	rt4_TMB-5_MAP_rq_0483.r24	BACKTEST	BLOCKED	10992	WITHHOLD	-1
485	rt4_TMB-5_MAP_rq_0484.r24	BACKTEST	BLOCKED	10992	WITHHOLD	-1
486	rt4_TMB-5_MAP_rq_0485.r24	BACKTEST	BLOCKED	10992	WITHHOLD	-1
487	rt4_TMB-5_MAP_rq_0486.r24	BACKTEST	BLOCKED	10992	WITHHOLD	-1
488	rt4_TMB-5_MAP_rq_0487.r24	BACKTEST	BLOCKED	10992	WITHHOLD	-1
489	rt4_TMB-5_MAP_rq_0488.r24	BACKTEST	BLOCKED	10992	WITHHOLD	-1
490	rt4_TMB-5_MAP_rq_0489.r24	BACKTEST	BLOCKED	10992	WITHHOLD	-1
491	rt4_TMB-5_MAP_rq_0490.r24	BACKTEST	BLOCKED	10992	WITHHOLD	-1
492	rt4_TMB-5_MAP_rq_0491.r24	BACKTEST	BLOCKED	10992	WITHHOLD	-1
493	rt4_TMB-5_MAP_rq_0492.r24	BACKTEST	BLOCKED	10992	WITHHOLD	-1
494	rt4_TMB-5_MAP_rq_0493.r24	BACKTEST	BLOCKED	10992	WITHHOLD	-1
495	rt4_TMB-5_MAP_rq_0494.r24	BACKTEST	BLOCKED	10992	WITHHOLD	-1
496	rt4_TMB-5_MAP_rq_0495.r24	BACKTEST	BLOCKED	10992	WITHHOLD	-1
497	rt4_TMB-5_MAP_rq_0496.r24	BACKTEST	BLOCKED	10992	WITHHOLD	-1
498	rt4_TMB-5_MAP_rq_0497.r24	BACKTEST	BLOCKED	10992	WITHHOLD	-1
499	rt4_TMB-5_MAP_rq_0498.r24	BACKTEST	BLOCKED	10992	WITHHOLD	-1
500	rt4_TMB-5_MAP_rq_0499.r24	BACKTEST	BLOCKED	10992	WITHHOLD	-1
SETSUM NEAR n=0 blocked=0 confirmed=0 withheld=0
SETSUM FAR n=0 blocked=0
SETSUM BACKTEST n=500 blocked=194
BACKTEST false_blocked=0 false_withheld=0 false_escaped=0 true_blocked=194
DELAYBAR delayed_gt50=0 over=0
HIST 0=0 1-3=0 4-10=0 11-50=0 51-100=0 101-300=0 301+=0 WITHHELD=0
SERIAL delayed_gt50=0
SANITY MISMATCH
