1	rt4_TMB-5_MAP_g_3500.r24	BACKTEST	BLOCKED	10983	CONFIRM_INSTALL	3
2	rt4_TMB-5_MAP_g_3501.r24	BACKTEST	BLOCKED	10983	CONFIRM_INSTALL	3
3	rt4_TMB-5_MAP_g_3502.r24	BACKTEST	BLOCKED	10983	CONFIRM_INSTALL	3
4	rt4_TMB-5_MAP_g_3503.r24	BACKTEST	BLOCKED	10983	CONFIRM_INSTALL	3
5	rt4_TMB-5_MAP_g_3504.r24	BACKTEST	BLOCKED	10983	CONFIRM_INSTALL	3
6	rt4_TMB-5_MAP_g_3505.r24	BACKTEST	BLOCKED	10983	CONFIRM_INSTALL	3
7	rt4_TMB-5_MAP_g_3506.r24	BACKTEST	BLOCKED	10983	CONFIRM_INSTALL	3
8	rt4_TMB-5_MAP_g_3507.r24	BACKTEST	BLOCKED	10983	CONFIRM_INSTALL	3
9	rt4_TMB-5_MAP_g_3508.r24	BACKTEST	BLOCKED	10983	CONFIRM_INSTALL	3
10	rt4_TMB-5_MAP_g_3509.r24	BACKTEST	BLOCKED	10983	CONFIRM_INSTALL	3
11	rt4_TMB-5_MAP_g_3510.r24	BACKTEST	BLOCKED	10983	CONFIRM_INSTALL	3
12	rt4_TMB-5_MAP_g_3511.r24	BACKTEST	BLOCKED	10983	CONFIRM_INSTALL	3
13	rt4_TMB-5_MAP_g_3512.r24	BACKTEST	BLOCKED	10983	CONFIRM_INSTALL	3
14	rt4_TMB-5_MAP_g_3513.r24	BACKTEST	BLOCKED	10983	CONFIRM_INSTALL	3
15	rt4_TMB-5_MAP_g_3514.r24	BACKTEST	BLOCKED	10983	WITHHOLD	-1
16	rt4_TMB-5_MAP_g_3515.r24	BACKTEST	BLOCKED	10983	WITHHOLD	-1
17	rt4_TMB-5_MAP_g_3516.r24	BACKTEST	BLOCKED	10983	WITHHOLD	-1
18	rt4_TMB-5_MAP_g_3517.r24	BACKTEST	BLOCKED	10983	WITHHOLD	-1
19	rt4_TMB-5_MAP_g_3518.r24	BACKTEST	BLOCKED	10983	WITHHOLD	-1
20	rt4_TMB-5_MAP_g_3519.r24	BACKTEST	BLOCKED	10983	WITHHOLD	-1
21	rt4_TMB-5_MAP_g_3520.r24	BACKTEST	BLOCKED	10983	WITHHOLD	-1
22	rt4_TMB-5_MAP_g_3521.r24	BACKTEST	BLOCKED	10983	WITHHOLD	-1
23	rt4_TMB-5_MAP_g_3522.r24	BACKTEST	BLOCKED	10983	WITHHOLD	-1
24	rt4_TMB-5_MAP_g_3523.r24	BACKTEST	BLOCKED	10983	WITHHOLD	-1
25	rt4_TMB-5_MAP_g_3524.r24	BACKTEST	BLOCKED	10983	WITHHOLD	-1
26	rt4_TMB-5_MAP_g_3525.r24	BACKTEST	BLOCKED	10983	WITHHOLD	-1
27	rt4_TMB-5_MAP_g_3526.r24	BACKTEST	BLOCKED	10983	CONFIRM_INSTALL	3
28	rt4_TMB-5_MAP_g_3527.r24	BACKTEST	BLOCKED	10983	CONFIRM_INSTALL	3
29	rt4_TMB-5_MAP_g_3528.r24	BACKTEST	BLOCKED	10983	CONFIRM_INSTALL	3
30	rt4_TMB-5_MAP_g_3529.r24	BACKTEST	BLOCKED	10983	CONFIRM_INSTALL	3
31	rt4_TMB-5_MAP_g_3530.r24	BACKTEST	BLOCKED	10983	CONFIRM_INSTALL	3
32	rt4_TMB-5_MAP_g_3531.r24	BACKTEST	BLOCKED	10983	CONFIRM_INSTALL	3
33	rt4_TMB-5_MAP_g_3532.r24	BACKTEST	BLOCKED	10983	CONFIRM_INSTALL	3
34	rt4_TMB-5_MAP_g_3533.r24	BACKTEST	BLOCKED	10983	CONFIRM_INSTALL	3
35	rt4_TMB-5_MAP_g_3534.r24	BACKTEST	BLOCKED	10983	CONFIRM_INSTALL	3
36	rt4_TMB-5_MAP_g_3535.r24	BACKTEST	BLOCKED	10983	CONFIRM_INSTALL	3
37	rt4_TMB-5_MAP_g_3536.r24	BACKTEST	BLOCKED	10983	CONFIRM_INSTALL	3
38	rt4_TMB-5_MAP_g_3537.r24	BACKTEST	BLOCKED	10983	CONFIRM_INSTALL	3
39	rt4_TMB-5_MAP_g_3538.r24	BACKTEST	BLOCKED	10983	CONFIRM_INSTALL	3
40	rt4_TMB-5_MAP_g_3539.r24	BACKTEST	BLOCKED	10983	CONFIRM_INSTALL	3
41	rt4_TMB-5_MAP_g_3540.r24	BACKTEST	BLOCKED	10983	CONFIRM_INSTALL	3
42	rt4_TMB-5_MAP_g_3541.r24	BACKTEST	BLOCKED	10983	CONFIRM_INSTALL	3
43	rt4_TMB-5_MAP_g_3542.r24	BACKTEST	BLOCKED	10983	CONFIRM_INSTALL	3
44	rt4_TMB-5_MAP_g_3543.r24	BACKTEST	BLOCKED	10983	CONFIRM_INSTALL	3
45	rt4_TMB-5_MAP_g_3544.r24	BACKTEST	BLOCKED	10983	CONFIRM_INSTALL	3
46	rt4_TMB-5_MAP_g_3545.r24	BACKTEST	BLOCKED	10983	CONFIRM_INSTALL	3
47	rt4_TMB-5_MAP_g_3546.r24	BACKTEST	BLOCKED	10983	CONFIRM_INSTALL	3
48	rt4_TMB-5_MAP_g_3547.r24	BACKTEST	BLOCKED	10983	CONFIRM_INSTALL	3
49	rt4_TMB-5_MAP_g_3548.r24	BACKTEST	BLOCKED	10983	CONFIRM_INSTALL	3
50	rt4_TMB-5_MAP_g_3549.r24	BACKTEST	BLOCKED	10983	CONFIRM_INSTALL	3
51	rt4_TMB-5_MAP_g_3550.r24	BACKTEST	BLOCKED	10983	CONFIRM_INSTALL	3
52	rt4_TMB-5_MAP_g_3551.r24	BACKTEST	BLOCKED	10983	CONFIRM_INSTALL	3
53	rt4_TMB-5_MAP_g_3552.r24	BACKTEST	BLOCKED	10983	CONFIRM_INSTALL	3
54	rt4_TMB-5_MAP_g_3553.r24	BACKTEST	BLOCKED	10983	CONFIRM_INSTALL	3
55	rt4_TMB-5_MAP_g_3554.r24	BACKTEST	BLOCKED	10983	CONFIRM_INSTALL	3
56	rt4_TMB-5_MAP_g_3555.r24	BACKTEST	BLOCKED	10983	CONFIRM_INSTALL	3
57	rt4_TMB-5_MAP_g_3556.r24	BACKTEST	BLOCKED	10983	CONFIRM_INSTALL	3
58	rt4_TMB-5_MAP_g_3557.r24	BACKTEST	BLOCKED	10983	CONFIRM_INSTALL	3
59	rt4_TMB-5_MAP_g_3558.r24	BACKTEST	BLOCKED	10983	CONFIRM_INSTALL	3
60	rt4_TMB-5_MAP_g_3559.r24	BACKTEST	BLOCKED	10983	CONFIRM_INSTALL	3
61	rt4_TMB-5_MAP_g_3560.r24	BACKTEST	BLOCKED	10983	CONFIRM_INSTALL	3
62	rt4_TMB-5_MAP_g_3561.r24	BACKTEST	BLOCKED	10983	CONFIRM_INSTALL	3
63	rt4_TMB-5_MAP_g_3562.r24	BACKTEST	BLOCKED	10983	CONFIRM_INSTALL	3
64	rt4_TMB-5_MAP_g_3563.r24	BACKTEST	BLOCKED	10983	CONFIRM_INSTALL	3
65	rt4_TMB-5_MAP_g_3564.r24	BACKTEST	BLOCKED	10983	CONFIRM_INSTALL	3
66	rt4_TMB-5_MAP_g_3565.r24	BACKTEST	BLOCKED	10983	WITHHOLD	-1
67	rt4_TMB-5_MAP_g_3566.r24	BACKTEST	BLOCKED	10983	WITHHOLD	-1
68	rt4_TMB-5_MAP_g_3567.r24	BACKTEST	BLOCKED	10983	WITHHOLD	-1
69	rt4_TMB-5_MAP_g_3568.r24	BACKTEST	BLOCKED	10983	WITHHOLD	-1
70	rt4_TMB-5_MAP_g_3569.r24	BACKTEST	BLOCKED	10983	WITHHOLD	-1
71	rt4_TMB-5_MAP_g_3570.r24	BACKTEST	BLOCKED	10983	WITHHOLD	-1
72	rt4_TMB-5_MAP_g_3571.r24	BACKTEST	BLOCKED	10983	WITHHOLD	-1
73	rt4_TMB-5_MAP_g_3572.r24	BACKTEST	BLOCKED	10983	WITHHOLD	-1
74	rt4_TMB-5_MAP_g_3573.r24	BACKTEST	BLOCKED	10983	WITHHOLD	-1
75	rt4_TMB-5_MAP_g_3574.r24	BACKTEST	BLOCKED	10983	WITHHOLD	-1
76	rt4_TMB-5_MAP_g_3575.r24	BACKTEST	BLOCKED	10983	WITHHOLD	-1
77	rt4_TMB-5_MAP_g_3576.r24	BACKTEST	BLOCKED	10983	WITHHOLD	-1
78	rt4_TMB-5_MAP_g_3577.r24	BACKTEST	BLOCKED	10983	CONFIRM_INSTALL	3
79	rt4_TMB-5_MAP_g_3578.r24	BACKTEST	BLOCKED	10983	CONFIRM_INSTALL	3
80	rt4_TMB-5_MAP_g_3579.r24	BACKTEST	BLOCKED	10983	CONFIRM_INSTALL	3
81	rt4_TMB-5_MAP_g_3580.r24	BACKTEST	BLOCKED	10983	CONFIRM_INSTALL	3
82	rt4_TMB-5_MAP_g_3581.r24	BACKTEST	BLOCKED	10983	CONFIRM_INSTALL	3
83	rt4_TMB-5_MAP_g_3582.r24	BACKTEST	BLOCKED	10983	CONFIRM_INSTALL	3
84	rt4_TMB-5_MAP_g_3583.r24	BACKTEST	BLOCKED	10983	CONFIRM_INSTALL	3
85	rt4_TMB-5_MAP_g_3584.r24	BACKTEST	BLOCKED	10983	CONFIRM_INSTALL	3
86	rt4_TMB-5_MAP_g_3585.r24	BACKTEST	BLOCKED	10983	CONFIRM_INSTALL	3
87	rt4_TMB-5_MAP_g_3586.r24	BACKTEST	BLOCKED	10983	CONFIRM_INSTALL	3
88	rt4_TMB-5_MAP_g_3587.r24	BACKTEST	BLOCKED	10983	CONFIRM_INSTALL	3
89	rt4_TMB-5_MAP_g_3588.r24	BACKTEST	BLOCKED	10983	CONFIRM_INSTALL	3
90	rt4_TMB-5_MAP_g_3589.r24	BACKTEST	BLOCKED	10983	CONFIRM_INSTALL	3
91	rt4_TMB-5_MAP_g_3590.r24	BACKTEST	BLOCKED	10983	CONFIRM_INSTALL	3
92	rt4_TMB-5_MAP_g_3591.r24	BACKTEST	BLOCKED	10983	CONFIRM_INSTALL	3
93	rt4_TMB-5_MAP_g_3592.r24	BACKTEST	BLOCKED	10983	CONFIRM_INSTALL	3
94	rt4_TMB-5_MAP_g_3593.r24	BACKTEST	BLOCKED	10983	CONFIRM_INSTALL	3
95	rt4_TMB-5_MAP_g_3594.r24	BACKTEST	BLOCKED	10983	CONFIRM_INSTALL	3
96	rt4_TMB-5_MAP_g_3595.r24	BACKTEST	BLOCKED	10983	CONFIRM_INSTALL	3
97	rt4_TMB-5_MAP_g_3596.r24	BACKTEST	BLOCKED	10983	CONFIRM_INSTALL	3
98	rt4_TMB-5_MAP_g_3597.r24	BACKTEST	BLOCKED	10983	CONFIRM_INSTALL	3
99	rt4_TMB-5_MAP_g_3598.r24	BACKTEST	BLOCKED	10983	CONFIRM_INSTALL	3
100	rt4_TMB-5_MAP_g_3599.r24	BACKTEST	BLOCKED	10983	CONFIRM_INSTALL	3
101	rt4_TMB-5_MAP_g_3600.r24	BACKTEST	BLOCKED	10983	CONFIRM_INSTALL	3
102	rt4_TMB-5_MAP_g_3601.r24	BACKTEST	BLOCKED	10983	CONFIRM_INSTALL	3
103	rt4_TMB-5_MAP_g_3602.r24	BACKTEST	BLOCKED	10983	CONFIRM_INSTALL	3
104	rt4_TMB-5_MAP_g_3603.r24	BACKTEST	BLOCKED	10983	CONFIRM_INSTALL	3
105	rt4_TMB-5_MAP_g_3604.r24	BACKTEST	BLOCKED	10983	CONFIRM_INSTALL	3
106	rt4_TMB-5_MAP_g_3605.r24	BACKTEST	BLOCKED	10983	CONFIRM_INSTALL	3
107	rt4_TMB-5_MAP_g_3606.r24	BACKTEST	BLOCKED	10983	CONFIRM_INSTALL	3
108	rt4_TMB-5_MAP_g_3607.r24	BACKTEST	BLOCKED	10983	CONFIRM_INSTALL	3
109	rt4_TMB-5_MAP_g_3608.r24	BACKTEST	BLOCKED	10983	CONFIRM_INSTALL	3
110	rt4_TMB-5_MAP_g_3609.r24	BACKTEST	BLOCKED	10983	CONFIRM_INSTALL	3
111	rt4_TMB-5_MAP_g_3610.r24	BACKTEST	BLOCKED	10983	CONFIRM_INSTALL	3
112	rt4_TMB-5_MAP_g_3611.r24	BACKTEST	BLOCKED	10983	CONFIRM_INSTALL	3
113	rt4_TMB-5_MAP_g_3612.r24	BACKTEST	BLOCKED	10983	CONFIRM_INSTALL	3
114	rt4_TMB-5_MAP_g_3613.r24	BACKTEST	BLOCKED	10983	CONFIRM_INSTALL	3
115	rt4_TMB-5_MAP_g_3614.r24	BACKTEST	BLOCKED	10983	CONFIRM_INSTALL	3
116	rt4_TMB-5_MAP_g_3615.r24	BACKTEST	BLOCKED	10983	WITHHOLD	-1
117	rt4_TMB-5_MAP_g_3616.r24	BACKTEST	BLOCKED	10983	WITHHOLD	-1
118	rt4_TMB-5_MAP_g_3617.r24	BACKTEST	BLOCKED	10983	WITHHOLD	-1
119	rt4_TMB-5_MAP_g_3618.r24	BACKTEST	BLOCKED	10983	WITHHOLD	-1
120	rt4_TMB-5_MAP_g_3619.r24	BACKTEST	BLOCKED	10983	WITHHOLD	-1
121	rt4_TMB-5_MAP_g_3620.r24	BACKTEST	BLOCKED	10983	WITHHOLD	-1
122	rt4_TMB-5_MAP_g_3621.r24	BACKTEST	BLOCKED	10983	WITHHOLD	-1
123	rt4_TMB-5_MAP_g_3622.r24	BACKTEST	BLOCKED	10983	WITHHOLD	-1
124	rt4_TMB-5_MAP_g_3623.r24	BACKTEST	BLOCKED	10983	WITHHOLD	-1
125	rt4_TMB-5_MAP_g_3624.r24	BACKTEST	BLOCKED	10983	WITHHOLD	-1
126	rt4_TMB-5_MAP_g_3625.r24	BACKTEST	BLOCKED	10983	WITHHOLD	-1
127	rt4_TMB-5_MAP_g_3626.r24	BACKTEST	BLOCKED	10983	WITHHOLD	-1
128	rt4_TMB-5_MAP_g_3627.r24	BACKTEST	BLOCKED	10983	WITHHOLD	-1
129	rt4_TMB-5_MAP_g_3628.r24	BACKTEST	BLOCKED	10983	CONFIRM_INSTALL	3
130	rt4_TMB-5_MAP_g_3629.r24	BACKTEST	BLOCKED	10983	CONFIRM_INSTALL	3
131	rt4_TMB-5_MAP_g_3630.r24	BACKTEST	BLOCKED	10983	CONFIRM_INSTALL	3
132	rt4_TMB-5_MAP_g_3631.r24	BACKTEST	BLOCKED	10983	CONFIRM_INSTALL	3
133	rt4_TMB-5_MAP_g_3632.r24	BACKTEST	BLOCKED	10983	CONFIRM_INSTALL	3
134	rt4_TMB-5_MAP_g_3633.r24	BACKTEST	BLOCKED	10983	CONFIRM_INSTALL	3
135	rt4_TMB-5_MAP_g_3634.r24	BACKTEST	BLOCKED	10983	CONFIRM_INSTALL	3
136	rt4_TMB-5_MAP_g_3635.r24	BACKTEST	BLOCKED	10983	CONFIRM_INSTALL	3
137	rt4_TMB-5_MAP_g_3636.r24	BACKTEST	BLOCKED	10983	CONFIRM_INSTALL	3
138	rt4_TMB-5_MAP_g_3637.r24	BACKTEST	BLOCKED	10983	CONFIRM_INSTALL	3
139	rt4_TMB-5_MAP_g_3638.r24	BACKTEST	BLOCKED	10983	CONFIRM_INSTALL	3
140	rt4_TMB-5_MAP_g_3639.r24	BACKTEST	BLOCKED	10983	CONFIRM_INSTALL	3
141	rt4_TMB-5_MAP_g_3640.r24	BACKTEST	BLOCKED	10983	CONFIRM_INSTALL	3
142	rt4_TMB-5_MAP_g_3641.r24	BACKTEST	BLOCKED	10983	CONFIRM_INSTALL	3
143	rt4_TMB-5_MAP_g_3642.r24	BACKTEST	BLOCKED	10983	CONFIRM_INSTALL	3
144	rt4_TMB-5_MAP_g_3643.r24	BACKTEST	BLOCKED	10983	CONFIRM_INSTALL	3
145	rt4_TMB-5_MAP_g_3644.r24	BACKTEST	BLOCKED	10983	CONFIRM_INSTALL	3
146	rt4_TMB-5_MAP_g_3645.r24	BACKTEST	BLOCKED	10983	CONFIRM_INSTALL	3
147	rt4_TMB-5_MAP_g_3646.r24	BACKTEST	BLOCKED	10983	CONFIRM_INSTALL	3
148	rt4_TMB-5_MAP_g_3647.r24	BACKTEST	BLOCKED	10983	CONFIRM_INSTALL	3
149	rt4_TMB-5_MAP_g_3648.r24	BACKTEST	BLOCKED	10983	CONFIRM_INSTALL	3
150	rt4_TMB-5_MAP_g_3649.r24	BACKTEST	BLOCKED	10983	CONFIRM_INSTALL	3
151	rt4_TMB-5_MAP_g_3650.r24	BACKTEST	BLOCKED	10983	CONFIRM_INSTALL	3
152	rt4_TMB-5_MAP_g_3651.r24	BACKTEST	BLOCKED	10983	CONFIRM_INSTALL	3
153	rt4_TMB-5_MAP_g_3652.r24	BACKTEST	BLOCKED	10983	CONFIRM_INSTALL	3
154	rt4_TMB-5_MAP_g_3653.r24	BACKTEST	BLOCKED	10983	CONFIRM_INSTALL	3
155	rt4_TMB-5_MAP_g_3654.r24	BACKTEST	BLOCKED	10983	CONFIRM_INSTALL	3
156	rt4_TMB-5_MAP_g_3655.r24	BACKTEST	BLOCKED	10983	CONFIRM_INSTALL	3
157	rt4_TMB-5_MAP_g_3656.r24	BACKTEST	BLOCKED	10983	CONFIRM_INSTALL	3
158	rt4_TMB-5_MAP_g_3657.r24	BACKTEST	BLOCKED	10983	CONFIRM_INSTALL	3
159	rt4_TMB-5_MAP_g_3658.r24	BACKTEST	BLOCKED	10983	CONFIRM_INSTALL	3
160	rt4_TMB-5_MAP_g_3659.r24	BACKTEST	BLOCKED	10983	CONFIRM_INSTALL	3
161	rt4_TMB-5_MAP_g_3660.r24	BACKTEST	BLOCKED	10983	CONFIRM_INSTALL	3
162	rt4_TMB-5_MAP_g_3661.r24	BACKTEST	BLOCKED	10983	CONFIRM_INSTALL	3
163	rt4_TMB-5_MAP_g_3662.r24	BACKTEST	BLOCKED	10983	CONFIRM_INSTALL	3
164	rt4_TMB-5_MAP_g_3663.r24	BACKTEST	BLOCKED	10983	CONFIRM_INSTALL	3
165	rt4_TMB-5_MAP_g_3664.r24	BACKTEST	BLOCKED	10983	CONFIRM_INSTALL	3
166	rt4_TMB-5_MAP_g_3665.r24	BACKTEST	BLOCKED	10983	CONFIRM_INSTALL	3
167	rt4_TMB-5_MAP_g_3666.r24	BACKTEST	BLOCKED	10983	WITHHOLD	-1
168	rt4_TMB-5_MAP_g_3667.r24	BACKTEST	BLOCKED	10983	WITHHOLD	-1
169	rt4_TMB-5_MAP_g_3668.r24	BACKTEST	BLOCKED	10983	WITHHOLD	-1
170	rt4_TMB-5_MAP_g_3669.r24	BACKTEST	BLOCKED	10983	WITHHOLD	-1
171	rt4_TMB-5_MAP_g_3670.r24	BACKTEST	BLOCKED	10983	WITHHOLD	-1
172	rt4_TMB-5_MAP_g_3671.r24	BACKTEST	BLOCKED	10983	WITHHOLD	-1
173	rt4_TMB-5_MAP_g_3672.r24	BACKTEST	BLOCKED	10983	WITHHOLD	-1
174	rt4_TMB-5_MAP_g_3673.r24	BACKTEST	BLOCKED	10983	WITHHOLD	-1
175	rt4_TMB-5_MAP_g_3674.r24	BACKTEST	BLOCKED	10983	WITHHOLD	-1
176	rt4_TMB-5_MAP_g_3675.r24	BACKTEST	BLOCKED	10983	WITHHOLD	-1
177	rt4_TMB-5_MAP_g_3676.r24	BACKTEST	BLOCKED	10983	WITHHOLD	-1
178	rt4_TMB-5_MAP_g_3677.r24	BACKTEST	BLOCKED	10983	WITHHOLD	-1
179	rt4_TMB-5_MAP_g_3678.r24	BACKTEST	BLOCKED	10983	WITHHOLD	-1
180	rt4_TMB-5_MAP_g_3679.r24	BACKTEST	BLOCKED	10983	CONFIRM_INSTALL	3
181	rt4_TMB-5_MAP_g_3680.r24	BACKTEST	BLOCKED	10983	CONFIRM_INSTALL	3
182	rt4_TMB-5_MAP_g_3681.r24	BACKTEST	BLOCKED	10983	CONFIRM_INSTALL	3
183	rt4_TMB-5_MAP_g_3682.r24	BACKTEST	BLOCKED	10983	CONFIRM_INSTALL	3
184	rt4_TMB-5_MAP_g_3683.r24	BACKTEST	BLOCKED	10983	CONFIRM_INSTALL	3
185	rt4_TMB-5_MAP_g_3684.r24	BACKTEST	BLOCKED	10983	CONFIRM_INSTALL	3
186	rt4_TMB-5_MAP_g_3685.r24	BACKTEST	BLOCKED	10983	CONFIRM_INSTALL	3
187	rt4_TMB-5_MAP_g_3686.r24	BACKTEST	BLOCKED	10983	CONFIRM_INSTALL	3
188	rt4_TMB-5_MAP_g_3687.r24	BACKTEST	BLOCKED	10983	CONFIRM_INSTALL	3
189	rt4_TMB-5_MAP_g_3688.r24	BACKTEST	BLOCKED	10983	CONFIRM_INSTALL	3
190	rt4_TMB-5_MAP_g_3689.r24	BACKTEST	BLOCKED	10983	CONFIRM_INSTALL	3
191	rt4_TMB-5_MAP_g_3690.r24	BACKTEST	BLOCKED	10983	CONFIRM_INSTALL	3
192	rt4_TMB-5_MAP_g_3691.r24	BACKTEST	BLOCKED	10983	CONFIRM_INSTALL	3
193	rt4_TMB-5_MAP_g_3692.r24	BACKTEST	BLOCKED	10983	CONFIRM_INSTALL	3
194	rt4_TMB-5_MAP_g_3693.r24	BACKTEST	BLOCKED	10983	CONFIRM_INSTALL	3
195	rt4_TMB-5_MAP_g_3694.r24	BACKTEST	BLOCKED	10983	CONFIRM_INSTALL	3
196	rt4_TMB-5_MAP_g_3695.r24	BACKTEST	BLOCKED	10983	CONFIRM_INSTALL	3
197	rt4_TMB-5_MAP_g_3696.r24	BACKTEST	BLOCKED	10983	CONFIRM_INSTALL	3
198	rt4_TMB-5_MAP_g_3697.r24	BACKTEST	BLOCKED	10983	CONFIRM_INSTALL	3
199	rt4_TMB-5_MAP_g_3698.r24	BACKTEST	BLOCKED	10983	CONFIRM_INSTALL	3
200	rt4_TMB-5_MAP_g_3699.r24	BACKTEST	BLOCKED	10983	CONFIRM_INSTALL	3
201	rt4_TMB-5_MAP_g_3700.r24	BACKTEST	BLOCKED	10983	CONFIRM_INSTALL	3
202	rt4_TMB-5_MAP_g_3701.r24	BACKTEST	BLOCKED	10983	CONFIRM_INSTALL	3
203	rt4_TMB-5_MAP_g_3702.r24	BACKTEST	BLOCKED	10983	CONFIRM_INSTALL	3
204	rt4_TMB-5_MAP_g_3703.r24	BACKTEST	BLOCKED	10983	CONFIRM_INSTALL	3
205	rt4_TMB-5_MAP_g_3704.r24	BACKTEST	BLOCKED	10983	CONFIRM_INSTALL	3
206	rt4_TMB-5_MAP_g_3705.r24	BACKTEST	BLOCKED	10983	CONFIRM_INSTALL	3
207	rt4_TMB-5_MAP_g_3706.r24	BACKTEST	BLOCKED	10983	CONFIRM_INSTALL	3
208	rt4_TMB-5_MAP_g_3707.r24	BACKTEST	BLOCKED	10983	CONFIRM_INSTALL	3
209	rt4_TMB-5_MAP_g_3708.r24	BACKTEST	BLOCKED	10983	CONFIRM_INSTALL	3
210	rt4_TMB-5_MAP_g_3709.r24	BACKTEST	BLOCKED	10983	CONFIRM_INSTALL	3
211	rt4_TMB-5_MAP_g_3710.r24	BACKTEST	BLOCKED	10983	CONFIRM_INSTALL	3
212	rt4_TMB-5_MAP_g_3711.r24	BACKTEST	BLOCKED	10983	CONFIRM_INSTALL	3
213	rt4_TMB-5_MAP_g_3712.r24	BACKTEST	BLOCKED	10983	CONFIRM_INSTALL	3
214	rt4_TMB-5_MAP_g_3713.r24	BACKTEST	BLOCKED	10983	CONFIRM_INSTALL	3
215	rt4_TMB-5_MAP_g_3714.r24	BACKTEST	BLOCKED	10983	CONFIRM_INSTALL	3
216	rt4_TMB-5_MAP_g_3715.r24	BACKTEST	BLOCKED	10983	CONFIRM_INSTALL	3
217	rt4_TMB-5_MAP_g_3716.r24	BACKTEST	BLOCKED	10983	WITHHOLD	-1
218	rt4_TMB-5_MAP_g_3717.r24	BACKTEST	BLOCKED	10983	WITHHOLD	-1
219	rt4_TMB-5_MAP_g_3718.r24	BACKTEST	BLOCKED	10983	WITHHOLD	-1
220	rt4_TMB-5_MAP_g_3719.r24	BACKTEST	BLOCKED	10983	WITHHOLD	-1
221	rt4_TMB-5_MAP_g_3720.r24	BACKTEST	BLOCKED	10983	WITHHOLD	-1
222	rt4_TMB-5_MAP_g_3721.r24	BACKTEST	BLOCKED	10983	WITHHOLD	-1
223	rt4_TMB-5_MAP_g_3722.r24	BACKTEST	BLOCKED	10983	WITHHOLD	-1
224	rt4_TMB-5_MAP_g_3723.r24	BACKTEST	BLOCKED	10983	WITHHOLD	-1
225	rt4_TMB-5_MAP_g_3724.r24	BACKTEST	BLOCKED	10983	WITHHOLD	-1
226	rt4_TMB-5_MAP_g_3725.r24	BACKTEST	BLOCKED	10983	WITHHOLD	-1
227	rt4_TMB-5_MAP_g_3726.r24	BACKTEST	BLOCKED	10983	WITHHOLD	-1
228	rt4_TMB-5_MAP_g_3727.r24	BACKTEST	BLOCKED	10983	WITHHOLD	-1
229	rt4_TMB-5_MAP_g_3728.r24	BACKTEST	BLOCKED	10983	WITHHOLD	-1
230	rt4_TMB-5_MAP_g_3729.r24	BACKTEST	BLOCKED	10983	WITHHOLD	-1
231	rt4_TMB-5_MAP_g_3730.r24	BACKTEST	BLOCKED	10983	CONFIRM_INSTALL	3
232	rt4_TMB-5_MAP_g_3731.r24	BACKTEST	BLOCKED	10983	CONFIRM_INSTALL	3
233	rt4_TMB-5_MAP_g_3732.r24	BACKTEST	BLOCKED	10983	CONFIRM_INSTALL	3
234	rt4_TMB-5_MAP_g_3733.r24	BACKTEST	BLOCKED	10983	CONFIRM_INSTALL	3
235	rt4_TMB-5_MAP_g_3734.r24	BACKTEST	BLOCKED	10983	CONFIRM_INSTALL	3
236	rt4_TMB-5_MAP_g_3735.r24	BACKTEST	BLOCKED	10983	CONFIRM_INSTALL	3
237	rt4_TMB-5_MAP_g_3736.r24	BACKTEST	BLOCKED	10983	CONFIRM_INSTALL	3
238	rt4_TMB-5_MAP_g_3737.r24	BACKTEST	BLOCKED	10983	CONFIRM_INSTALL	3
239	rt4_TMB-5_MAP_g_3738.r24	BACKTEST	BLOCKED	10983	CONFIRM_INSTALL	3
240	rt4_TMB-5_MAP_g_3739.r24	BACKTEST	BLOCKED	10983	CONFIRM_INSTALL	3
241	rt4_TMB-5_MAP_g_3740.r24	BACKTEST	BLOCKED	10983	CONFIRM_INSTALL	3
242	rt4_TMB-5_MAP_g_3741.r24	BACKTEST	BLOCKED	10983	CONFIRM_INSTALL	3
243	rt4_TMB-5_MAP_g_3742.r24	BACKTEST	BLOCKED	10983	CONFIRM_INSTALL	3
244	rt4_TMB-5_MAP_g_3743.r24	BACKTEST	BLOCKED	10983	CONFIRM_INSTALL	3
245	rt4_TMB-5_MAP_g_3744.r24	BACKTEST	BLOCKED	10983	CONFIRM_INSTALL	3
246	rt4_TMB-5_MAP_g_3745.r24	BACKTEST	BLOCKED	10983	CONFIRM_INSTALL	3
247	rt4_TMB-5_MAP_g_3746.r24	BACKTEST	BLOCKED	10983	CONFIRM_INSTALL	3
248	rt4_TMB-5_MAP_g_3747.r24	BACKTEST	BLOCKED	10983	CONFIRM_INSTALL	3
249	rt4_TMB-5_MAP_g_3748.r24	BACKTEST	BLOCKED	10983	CONFIRM_INSTALL	3
250	rt4_TMB-5_MAP_g_3749.r24	BACKTEST	BLOCKED	10983	CONFIRM_INSTALL	3
251	rt4_TMB-5_MAP_g_3750.r24	BACKTEST	BLOCKED	10983	CONFIRM_INSTALL	3
252	rt4_TMB-5_MAP_g_3751.r24	BACKTEST	BLOCKED	10983	CONFIRM_INSTALL	3
253	rt4_TMB-5_MAP_g_3752.r24	BACKTEST	BLOCKED	10983	CONFIRM_INSTALL	3
254	rt4_TMB-5_MAP_g_3753.r24	BACKTEST	BLOCKED	10983	CONFIRM_INSTALL	3
255	rt4_TMB-5_MAP_g_3754.r24	BACKTEST	BLOCKED	10983	CONFIRM_INSTALL	3
256	rt4_TMB-5_MAP_g_3755.r24	BACKTEST	BLOCKED	10983	CONFIRM_INSTALL	3
257	rt4_TMB-5_MAP_g_3756.r24	BACKTEST	BLOCKED	10983	CONFIRM_INSTALL	3
258	rt4_TMB-5_MAP_g_3757.r24	BACKTEST	BLOCKED	10983	CONFIRM_INSTALL	3
259	rt4_TMB-5_MAP_g_3758.r24	BACKTEST	BLOCKED	10983	CONFIRM_INSTALL	3
260	rt4_TMB-5_MAP_g_3759.r24	BACKTEST	BLOCKED	10983	CONFIRM_INSTALL	3
261	rt4_TMB-5_MAP_g_3760.r24	BACKTEST	BLOCKED	10983	CONFIRM_INSTALL	3
262	rt4_TMB-5_MAP_g_3761.r24	BACKTEST	BLOCKED	10983	CONFIRM_INSTALL	3
263	rt4_TMB-5_MAP_g_3762.r24	BACKTEST	BLOCKED	10983	CONFIRM_INSTALL	3
264	rt4_TMB-5_MAP_g_3763.r24	BACKTEST	BLOCKED	10983	CONFIRM_INSTALL	3
265	rt4_TMB-5_MAP_g_3764.r24	BACKTEST	BLOCKED	10983	CONFIRM_INSTALL	3
266	rt4_TMB-5_MAP_g_3765.r24	BACKTEST	BLOCKED	10983	CONFIRM_INSTALL	3
267	rt4_TMB-5_MAP_g_3766.r24	BACKTEST	BLOCKED	10983	CONFIRM_INSTALL	3
268	rt4_TMB-5_MAP_g_3767.r24	BACKTEST	BLOCKED	10983	WITHHOLD	-1
269	rt4_TMB-5_MAP_g_3768.r24	BACKTEST	BLOCKED	10983	WITHHOLD	-1
270	rt4_TMB-5_MAP_g_3769.r24	BACKTEST	BLOCKED	10983	WITHHOLD	-1
271	rt4_TMB-5_MAP_g_3770.r24	BACKTEST	BLOCKED	10983	WITHHOLD	-1
272	rt4_TMB-5_MAP_g_3771.r24	BACKTEST	BLOCKED	10983	WITHHOLD	-1
273	rt4_TMB-5_MAP_g_3772.r24	BACKTEST	BLOCKED	10983	WITHHOLD	-1
274	rt4_TMB-5_MAP_g_3773.r24	BACKTEST	BLOCKED	10983	WITHHOLD	-1
275	rt4_TMB-5_MAP_g_3774.r24	BACKTEST	BLOCKED	10983	WITHHOLD	-1
276	rt4_TMB-5_MAP_g_3775.r24	BACKTEST	BLOCKED	10983	WITHHOLD	-1
277	rt4_TMB-5_MAP_g_3776.r24	BACKTEST	BLOCKED	10983	WITHHOLD	-1
278	rt4_TMB-5_MAP_g_3777.r24	BACKTEST	BLOCKED	10983	WITHHOLD	-1
279	rt4_TMB-5_MAP_g_3778.r24	BACKTEST	BLOCKED	10983	WITHHOLD	-1
280	rt4_TMB-5_MAP_g_3779.r24	BACKTEST	BLOCKED	10983	WITHHOLD	-1
281	rt4_TMB-5_MAP_g_3780.r24	BACKTEST	BLOCKED	10983	WITHHOLD	-1
282	rt4_TMB-5_MAP_g_3781.r24	BACKTEST	BLOCKED	10983	CONFIRM_INSTALL	3
283	rt4_TMB-5_MAP_g_3782.r24	BACKTEST	BLOCKED	10983	CONFIRM_INSTALL	3
284	rt4_TMB-5_MAP_g_3783.r24	BACKTEST	BLOCKED	10983	CONFIRM_INSTALL	3
285	rt4_TMB-5_MAP_g_3784.r24	BACKTEST	BLOCKED	10983	CONFIRM_INSTALL	3
286	rt4_TMB-5_MAP_g_3785.r24	BACKTEST	BLOCKED	10983	CONFIRM_INSTALL	3
287	rt4_TMB-5_MAP_g_3786.r24	BACKTEST	BLOCKED	10983	CONFIRM_INSTALL	3
288	rt4_TMB-5_MAP_g_3787.r24	BACKTEST	BLOCKED	10983	CONFIRM_INSTALL	3
289	rt4_TMB-5_MAP_g_3788.r24	BACKTEST	BLOCKED	10983	CONFIRM_INSTALL	3
290	rt4_TMB-5_MAP_g_3789.r24	BACKTEST	BLOCKED	10983	CONFIRM_INSTALL	3
291	rt4_TMB-5_MAP_g_3790.r24	BACKTEST	BLOCKED	10983	CONFIRM_INSTALL	3
292	rt4_TMB-5_MAP_g_3791.r24	BACKTEST	BLOCKED	10983	CONFIRM_INSTALL	3
293	rt4_TMB-5_MAP_g_3792.r24	BACKTEST	BLOCKED	10983	CONFIRM_INSTALL	3
294	rt4_TMB-5_MAP_g_3793.r24	BACKTEST	BLOCKED	10983	CONFIRM_INSTALL	3
295	rt4_TMB-5_MAP_g_3794.r24	BACKTEST	BLOCKED	10983	CONFIRM_INSTALL	3
296	rt4_TMB-5_MAP_g_3795.r24	BACKTEST	BLOCKED	10983	CONFIRM_INSTALL	3
297	rt4_TMB-5_MAP_g_3796.r24	BACKTEST	BLOCKED	10983	CONFIRM_INSTALL	3
298	rt4_TMB-5_MAP_g_3797.r24	BACKTEST	BLOCKED	10983	CONFIRM_INSTALL	3
299	rt4_TMB-5_MAP_g_3798.r24	BACKTEST	BLOCKED	10983	CONFIRM_INSTALL	3
300	rt4_TMB-5_MAP_g_3799.r24	BACKTEST	BLOCKED	10983	CONFIRM_INSTALL	3
301	rt4_TMB-5_MAP_g_3800.r24	BACKTEST	BLOCKED	10983	CONFIRM_INSTALL	3
302	rt4_TMB-5_MAP_g_3801.r24	BACKTEST	BLOCKED	10983	CONFIRM_INSTALL	3
303	rt4_TMB-5_MAP_g_3802.r24	BACKTEST	BLOCKED	10983	CONFIRM_INSTALL	3
304	rt4_TMB-5_MAP_g_3803.r24	BACKTEST	BLOCKED	10983	CONFIRM_INSTALL	3
305	rt4_TMB-5_MAP_g_3804.r24	BACKTEST	BLOCKED	10983	CONFIRM_INSTALL	3
306	rt4_TMB-5_MAP_g_3805.r24	BACKTEST	BLOCKED	10983	CONFIRM_INSTALL	3
307	rt4_TMB-5_MAP_g_3806.r24	BACKTEST	BLOCKED	10983	CONFIRM_INSTALL	3
308	rt4_TMB-5_MAP_g_3807.r24	BACKTEST	BLOCKED	10983	CONFIRM_INSTALL	3
309	rt4_TMB-5_MAP_g_3808.r24	BACKTEST	BLOCKED	10983	CONFIRM_INSTALL	3
310	rt4_TMB-5_MAP_g_3809.r24	BACKTEST	BLOCKED	10983	CONFIRM_INSTALL	3
311	rt4_TMB-5_MAP_g_3810.r24	BACKTEST	BLOCKED	10983	CONFIRM_INSTALL	3
312	rt4_TMB-5_MAP_g_3811.r24	BACKTEST	BLOCKED	10983	CONFIRM_INSTALL	3
313	rt4_TMB-5_MAP_g_3812.r24	BACKTEST	BLOCKED	10983	CONFIRM_INSTALL	3
314	rt4_TMB-5_MAP_g_3813.r24	BACKTEST	BLOCKED	10983	CONFIRM_INSTALL	3
315	rt4_TMB-5_MAP_g_3814.r24	BACKTEST	BLOCKED	10983	CONFIRM_INSTALL	3
316	rt4_TMB-5_MAP_g_3815.r24	BACKTEST	BLOCKED	10983	CONFIRM_INSTALL	3
317	rt4_TMB-5_MAP_g_3816.r24	BACKTEST	BLOCKED	10983	CONFIRM_INSTALL	3
318	rt4_TMB-5_MAP_g_3817.r24	BACKTEST	BLOCKED	10983	WITHHOLD	-1
319	rt4_TMB-5_MAP_g_3818.r24	BACKTEST	BLOCKED	10983	WITHHOLD	-1
320	rt4_TMB-5_MAP_g_3819.r24	BACKTEST	BLOCKED	10983	WITHHOLD	-1
321	rt4_TMB-5_MAP_g_3820.r24	BACKTEST	BLOCKED	10983	WITHHOLD	-1
322	rt4_TMB-5_MAP_g_3821.r24	BACKTEST	BLOCKED	10983	WITHHOLD	-1
323	rt4_TMB-5_MAP_g_3822.r24	BACKTEST	BLOCKED	10983	WITHHOLD	-1
324	rt4_TMB-5_MAP_g_3823.r24	BACKTEST	BLOCKED	10983	WITHHOLD	-1
325	rt4_TMB-5_MAP_g_3824.r24	BACKTEST	BLOCKED	10983	WITHHOLD	-1
326	rt4_TMB-5_MAP_g_3825.r24	BACKTEST	BLOCKED	10983	WITHHOLD	-1
327	rt4_TMB-5_MAP_g_3826.r24	BACKTEST	BLOCKED	10983	WITHHOLD	-1
328	rt4_TMB-5_MAP_g_3827.r24	BACKTEST	BLOCKED	10983	WITHHOLD	-1
329	rt4_TMB-5_MAP_g_3828.r24	BACKTEST	BLOCKED	10983	WITHHOLD	-1
330	rt4_TMB-5_MAP_g_3829.r24	BACKTEST	BLOCKED	10983	WITHHOLD	-1
331	rt4_TMB-5_MAP_g_3830.r24	BACKTEST	BLOCKED	10983	WITHHOLD	-1
332	rt4_TMB-5_MAP_g_3831.r24	BACKTEST	BLOCKED	10983	WITHHOLD	-1
333	rt4_TMB-5_MAP_g_3832.r24	BACKTEST	BLOCKED	10983	CONFIRM_INSTALL	3
334	rt4_TMB-5_MAP_g_3833.r24	BACKTEST	BLOCKED	10983	CONFIRM_INSTALL	3
335	rt4_TMB-5_MAP_g_3834.r24	BACKTEST	BLOCKED	10983	CONFIRM_INSTALL	3
336	rt4_TMB-5_MAP_g_3835.r24	BACKTEST	BLOCKED	10983	CONFIRM_INSTALL	3
337	rt4_TMB-5_MAP_g_3836.r24	BACKTEST	BLOCKED	10983	CONFIRM_INSTALL	3
338	rt4_TMB-5_MAP_g_3837.r24	BACKTEST	BLOCKED	10983	CONFIRM_INSTALL	3
339	rt4_TMB-5_MAP_g_3838.r24	BACKTEST	BLOCKED	10983	CONFIRM_INSTALL	3
340	rt4_TMB-5_MAP_g_3839.r24	BACKTEST	BLOCKED	10983	CONFIRM_INSTALL	3
341	rt4_TMB-5_MAP_g_3840.r24	BACKTEST	BLOCKED	10983	CONFIRM_INSTALL	3
342	rt4_TMB-5_MAP_g_3841.r24	BACKTEST	BLOCKED	10983	CONFIRM_INSTALL	3
343	rt4_TMB-5_MAP_g_3842.r24	BACKTEST	BLOCKED	10983	CONFIRM_INSTALL	3
344	rt4_TMB-5_MAP_g_3843.r24	BACKTEST	BLOCKED	10983	CONFIRM_INSTALL	3
345	rt4_TMB-5_MAP_g_3844.r24	BACKTEST	BLOCKED	10983	CONFIRM_INSTALL	3
346	rt4_TMB-5_MAP_g_3845.r24	BACKTEST	BLOCKED	10983	CONFIRM_INSTALL	3
347	rt4_TMB-5_MAP_g_3846.r24	BACKTEST	BLOCKED	10983	CONFIRM_INSTALL	3
348	rt4_TMB-5_MAP_g_3847.r24	BACKTEST	BLOCKED	10983	CONFIRM_INSTALL	3
349	rt4_TMB-5_MAP_g_3848.r24	BACKTEST	BLOCKED	10983	CONFIRM_INSTALL	3
350	rt4_TMB-5_MAP_g_3849.r24	BACKTEST	BLOCKED	10983	CONFIRM_INSTALL	3
351	rt4_TMB-5_MAP_g_3850.r24	BACKTEST	BLOCKED	10983	CONFIRM_INSTALL	3
352	rt4_TMB-5_MAP_g_3851.r24	BACKTEST	BLOCKED	10983	CONFIRM_INSTALL	3
353	rt4_TMB-5_MAP_g_3852.r24	BACKTEST	BLOCKED	10983	CONFIRM_INSTALL	3
354	rt4_TMB-5_MAP_g_3853.r24	BACKTEST	BLOCKED	10983	CONFIRM_INSTALL	3
355	rt4_TMB-5_MAP_g_3854.r24	BACKTEST	BLOCKED	10983	CONFIRM_INSTALL	3
356	rt4_TMB-5_MAP_g_3855.r24	BACKTEST	BLOCKED	10983	CONFIRM_INSTALL	3
357	rt4_TMB-5_MAP_g_3856.r24	BACKTEST	BLOCKED	10983	CONFIRM_INSTALL	3
358	rt4_TMB-5_MAP_g_3857.r24	BACKTEST	BLOCKED	10983	CONFIRM_INSTALL	3
359	rt4_TMB-5_MAP_g_3858.r24	BACKTEST	BLOCKED	10983	CONFIRM_INSTALL	3
360	rt4_TMB-5_MAP_g_3859.r24	BACKTEST	BLOCKED	10983	CONFIRM_INSTALL	3
361	rt4_TMB-5_MAP_g_3860.r24	BACKTEST	BLOCKED	10983	CONFIRM_INSTALL	3
362	rt4_TMB-5_MAP_g_3861.r24	BACKTEST	BLOCKED	10983	CONFIRM_INSTALL	3
363	rt4_TMB-5_MAP_g_3862.r24	BACKTEST	BLOCKED	10983	CONFIRM_INSTALL	3
364	rt4_TMB-5_MAP_g_3863.r24	BACKTEST	BLOCKED	10983	CONFIRM_INSTALL	3
365	rt4_TMB-5_MAP_g_3864.r24	BACKTEST	BLOCKED	10983	CONFIRM_INSTALL	3
366	rt4_TMB-5_MAP_g_3865.r24	BACKTEST	BLOCKED	10983	CONFIRM_INSTALL	3
367	rt4_TMB-5_MAP_g_3866.r24	BACKTEST	BLOCKED	10983	CONFIRM_INSTALL	3
368	rt4_TMB-5_MAP_g_3867.r24	BACKTEST	BLOCKED	10983	CONFIRM_INSTALL	3
369	rt4_TMB-5_MAP_g_3868.r24	BACKTEST	BLOCKED	10983	WITHHOLD	-1
370	rt4_TMB-5_MAP_g_3869.r24	BACKTEST	BLOCKED	10983	WITHHOLD	-1
371	rt4_TMB-5_MAP_g_3870.r24	BACKTEST	BLOCKED	10983	WITHHOLD	-1
372	rt4_TMB-5_MAP_g_3871.r24	BACKTEST	BLOCKED	10983	WITHHOLD	-1
373	rt4_TMB-5_MAP_g_3872.r24	BACKTEST	BLOCKED	10983	WITHHOLD	-1
374	rt4_TMB-5_MAP_g_3873.r24	BACKTEST	BLOCKED	10983	WITHHOLD	-1
375	rt4_TMB-5_MAP_g_3874.r24	BACKTEST	BLOCKED	10983	WITHHOLD	-1
376	rt4_TMB-5_MAP_g_3875.r24	BACKTEST	BLOCKED	10983	WITHHOLD	-1
377	rt4_TMB-5_MAP_g_3876.r24	BACKTEST	BLOCKED	10983	WITHHOLD	-1
378	rt4_TMB-5_MAP_g_3877.r24	BACKTEST	BLOCKED	10983	WITHHOLD	-1
379	rt4_TMB-5_MAP_g_3878.r24	BACKTEST	BLOCKED	10983	WITHHOLD	-1
380	rt4_TMB-5_MAP_g_3879.r24	BACKTEST	BLOCKED	10983	WITHHOLD	-1
381	rt4_TMB-5_MAP_g_3880.r24	BACKTEST	BLOCKED	10983	WITHHOLD	-1
382	rt4_TMB-5_MAP_g_3881.r24	BACKTEST	BLOCKED	10983	WITHHOLD	-1
383	rt4_TMB-5_MAP_g_3882.r24	BACKTEST	BLOCKED	10983	WITHHOLD	-1
384	rt4_TMB-5_MAP_g_3883.r24	BACKTEST	BLOCKED	10983	CONFIRM_INSTALL	3
385	rt4_TMB-5_MAP_g_3884.r24	BACKTEST	BLOCKED	10983	CONFIRM_INSTALL	3
386	rt4_TMB-5_MAP_g_3885.r24	BACKTEST	BLOCKED	10983	CONFIRM_INSTALL	3
387	rt4_TMB-5_MAP_g_3886.r24	BACKTEST	BLOCKED	10983	CONFIRM_INSTALL	3
388	rt4_TMB-5_MAP_g_3887.r24	BACKTEST	BLOCKED	10983	CONFIRM_INSTALL	3
389	rt4_TMB-5_MAP_g_3888.r24	BACKTEST	BLOCKED	10983	CONFIRM_INSTALL	3
390	rt4_TMB-5_MAP_g_3889.r24	BACKTEST	BLOCKED	10983	CONFIRM_INSTALL	3
391	rt4_TMB-5_MAP_g_3890.r24	BACKTEST	BLOCKED	10983	CONFIRM_INSTALL	3
392	rt4_TMB-5_MAP_g_3891.r24	BACKTEST	BLOCKED	10983	CONFIRM_INSTALL	3
393	rt4_TMB-5_MAP_g_3892.r24	BACKTEST	BLOCKED	10983	CONFIRM_INSTALL	3
394	rt4_TMB-5_MAP_g_3893.r24	BACKTEST	BLOCKED	10983	CONFIRM_INSTALL	3
395	rt4_TMB-5_MAP_g_3894.r24	BACKTEST	BLOCKED	10983	CONFIRM_INSTALL	3
396	rt4_TMB-5_MAP_g_3895.r24	BACKTEST	BLOCKED	10983	CONFIRM_INSTALL	3
397	rt4_TMB-5_MAP_g_3896.r24	BACKTEST	BLOCKED	10983	CONFIRM_INSTALL	3
398	rt4_TMB-5_MAP_g_3897.r24	BACKTEST	BLOCKED	10983	CONFIRM_INSTALL	3
399	rt4_TMB-5_MAP_g_3898.r24	BACKTEST	BLOCKED	10983	CONFIRM_INSTALL	3
400	rt4_TMB-5_MAP_g_3899.r24	BACKTEST	BLOCKED	10983	CONFIRM_INSTALL	3
401	rt4_TMB-5_MAP_g_3900.r24	BACKTEST	BLOCKED	10983	CONFIRM_INSTALL	3
402	rt4_TMB-5_MAP_g_3901.r24	BACKTEST	BLOCKED	10983	CONFIRM_INSTALL	3
403	rt4_TMB-5_MAP_g_3902.r24	BACKTEST	BLOCKED	10983	CONFIRM_INSTALL	3
404	rt4_TMB-5_MAP_g_3903.r24	BACKTEST	BLOCKED	10983	CONFIRM_INSTALL	3
405	rt4_TMB-5_MAP_g_3904.r24	BACKTEST	BLOCKED	10983	CONFIRM_INSTALL	3
406	rt4_TMB-5_MAP_g_3905.r24	BACKTEST	BLOCKED	10983	CONFIRM_INSTALL	3
407	rt4_TMB-5_MAP_g_3906.r24	BACKTEST	BLOCKED	10983	CONFIRM_INSTALL	3
408	rt4_TMB-5_MAP_g_3907.r24	BACKTEST	BLOCKED	10983	CONFIRM_INSTALL	3
409	rt4_TMB-5_MAP_g_3908.r24	BACKTEST	BLOCKED	10983	CONFIRM_INSTALL	3
410	rt4_TMB-5_MAP_g_3909.r24	BACKTEST	BLOCKED	10983	CONFIRM_INSTALL	3
411	rt4_TMB-5_MAP_g_3910.r24	BACKTEST	BLOCKED	10983	CONFIRM_INSTALL	3
412	rt4_TMB-5_MAP_g_3911.r24	BACKTEST	BLOCKED	10983	CONFIRM_INSTALL	3
413	rt4_TMB-5_MAP_g_3912.r24	BACKTEST	BLOCKED	10983	CONFIRM_INSTALL	3
414	rt4_TMB-5_MAP_g_3913.r24	BACKTEST	BLOCKED	10983	CONFIRM_INSTALL	3
415	rt4_TMB-5_MAP_g_3914.r24	BACKTEST	BLOCKED	10983	CONFIRM_INSTALL	3
416	rt4_TMB-5_MAP_g_3915.r24	BACKTEST	BLOCKED	10983	CONFIRM_INSTALL	3
417	rt4_TMB-5_MAP_g_3916.r24	BACKTEST	BLOCKED	10983	CONFIRM_INSTALL	3
418	rt4_TMB-5_MAP_g_3917.r24	BACKTEST	BLOCKED	10983	CONFIRM_INSTALL	3
419	rt4_TMB-5_MAP_g_3918.r24	BACKTEST	BLOCKED	10983	CONFIRM_INSTALL	3
420	rt4_TMB-5_MAP_g_3919.r24	BACKTEST	BLOCKED	10983	WITHHOLD	-1
421	rt4_TMB-5_MAP_g_3920.r24	BACKTEST	BLOCKED	10983	WITHHOLD	-1
422	rt4_TMB-5_MAP_g_3921.r24	BACKTEST	BLOCKED	10983	WITHHOLD	-1
423	rt4_TMB-5_MAP_g_3922.r24	BACKTEST	BLOCKED	10983	WITHHOLD	-1
424	rt4_TMB-5_MAP_g_3923.r24	BACKTEST	BLOCKED	10983	WITHHOLD	-1
425	rt4_TMB-5_MAP_g_3924.r24	BACKTEST	BLOCKED	10983	WITHHOLD	-1
426	rt4_TMB-5_MAP_g_3925.r24	BACKTEST	BLOCKED	10983	WITHHOLD	-1
427	rt4_TMB-5_MAP_g_3926.r24	BACKTEST	BLOCKED	10983	WITHHOLD	-1
428	rt4_TMB-5_MAP_g_3927.r24	BACKTEST	BLOCKED	10983	WITHHOLD	-1
429	rt4_TMB-5_MAP_g_3928.r24	BACKTEST	BLOCKED	10983	WITHHOLD	-1
430	rt4_TMB-5_MAP_g_3929.r24	BACKTEST	BLOCKED	10983	WITHHOLD	-1
431	rt4_TMB-5_MAP_g_3930.r24	BACKTEST	BLOCKED	10983	WITHHOLD	-1
432	rt4_TMB-5_MAP_g_3931.r24	BACKTEST	BLOCKED	10983	WITHHOLD	-1
433	rt4_TMB-5_MAP_g_3932.r24	BACKTEST	BLOCKED	10983	WITHHOLD	-1
434	rt4_TMB-5_MAP_g_3933.r24	BACKTEST	BLOCKED	10983	WITHHOLD	-1
435	rt4_TMB-5_MAP_g_3934.r24	BACKTEST	BLOCKED	10983	CONFIRM_INSTALL	3
436	rt4_TMB-5_MAP_g_3935.r24	BACKTEST	BLOCKED	10983	CONFIRM_INSTALL	3
437	rt4_TMB-5_MAP_g_3936.r24	BACKTEST	BLOCKED	10983	CONFIRM_INSTALL	3
438	rt4_TMB-5_MAP_g_3937.r24	BACKTEST	BLOCKED	10983	CONFIRM_INSTALL	3
439	rt4_TMB-5_MAP_g_3938.r24	BACKTEST	BLOCKED	10983	CONFIRM_INSTALL	3
440	rt4_TMB-5_MAP_g_3939.r24	BACKTEST	BLOCKED	10983	CONFIRM_INSTALL	3
441	rt4_TMB-5_MAP_g_3940.r24	BACKTEST	BLOCKED	10983	CONFIRM_INSTALL	3
442	rt4_TMB-5_MAP_g_3941.r24	BACKTEST	BLOCKED	10983	CONFIRM_INSTALL	3
443	rt4_TMB-5_MAP_g_3942.r24	BACKTEST	BLOCKED	10983	CONFIRM_INSTALL	3
444	rt4_TMB-5_MAP_g_3943.r24	BACKTEST	BLOCKED	10983	CONFIRM_INSTALL	3
445	rt4_TMB-5_MAP_g_3944.r24	BACKTEST	BLOCKED	10983	CONFIRM_INSTALL	3
446	rt4_TMB-5_MAP_g_3945.r24	BACKTEST	BLOCKED	10983	CONFIRM_INSTALL	3
447	rt4_TMB-5_MAP_g_3946.r24	BACKTEST	BLOCKED	10983	CONFIRM_INSTALL	3
448	rt4_TMB-5_MAP_g_3947.r24	BACKTEST	BLOCKED	10983	CONFIRM_INSTALL	3
449	rt4_TMB-5_MAP_g_3948.r24	BACKTEST	BLOCKED	10983	CONFIRM_INSTALL	3
450	rt4_TMB-5_MAP_g_3949.r24	BACKTEST	BLOCKED	10983	CONFIRM_INSTALL	3
451	rt4_TMB-5_MAP_g_3950.r24	BACKTEST	BLOCKED	10983	CONFIRM_INSTALL	3
452	rt4_TMB-5_MAP_g_3951.r24	BACKTEST	BLOCKED	10983	CONFIRM_INSTALL	3
453	rt4_TMB-5_MAP_g_3952.r24	BACKTEST	BLOCKED	10983	CONFIRM_INSTALL	3
454	rt4_TMB-5_MAP_g_3953.r24	BACKTEST	BLOCKED	10983	CONFIRM_INSTALL	3
455	rt4_TMB-5_MAP_g_3954.r24	BACKTEST	ALLOWED	-	-	0
456	rt4_TMB-5_MAP_g_3955.r24	BACKTEST	BLOCKED	10983	WITHHOLD	-1
457	rt4_TMB-5_MAP_g_3956.r24	BACKTEST	BLOCKED	10983	WITHHOLD	-1
458	rt4_TMB-5_MAP_g_3957.r24	BACKTEST	BLOCKED	10983	WITHHOLD	-1
459	rt4_TMB-5_MAP_g_3958.r24	BACKTEST	BLOCKED	10983	WITHHOLD	-1
460	rt4_TMB-5_MAP_g_3959.r24	BACKTEST	BLOCKED	10983	WITHHOLD	-1
461	rt4_TMB-5_MAP_g_3960.r24	BACKTEST	BLOCKED	10983	WITHHOLD	-1
462	rt4_TMB-5_MAP_g_3961.r24	BACKTEST	BLOCKED	10983	WITHHOLD	-1
463	rt4_TMB-5_MAP_g_3962.r24	BACKTEST	BLOCKED	10983	WITHHOLD	-1
464	rt4_TMB-5_MAP_g_3963.r24	BACKTEST	BLOCKED	10983	WITHHOLD	-1
465	rt4_TMB-5_MAP_g_3964.r24	BACKTEST	BLOCKED	10983	WITHHOLD	-1
466	rt4_TMB-5_MAP_g_3965.r24	BACKTEST	BLOCKED	10983	WITHHOLD	-1
467	rt4_TMB-5_MAP_g_3966.r24	BACKTEST	BLOCKED	10983	WITHHOLD	-1
468	rt4_TMB-5_MAP_g_3967.r24	BACKTEST	BLOCKED	10983	WITHHOLD	-1
469	rt4_TMB-5_MAP_g_3968.r24	BACKTEST	BLOCKED	10983	WITHHOLD	-1
470	rt4_TMB-5_MAP_g_3969.r24	BACKTEST	BLOCKED	10983	WITHHOLD	-1
471	rt4_TMB-5_MAP_g_3970.r24	BACKTEST	BLOCKED	10983	WITHHOLD	-1
472	rt4_TMB-5_MAP_g_3971.r24	BACKTEST	BLOCKED	10983	WITHHOLD	-1
473	rt4_TMB-5_MAP_g_3972.r24	BACKTEST	BLOCKED	10983	WITHHOLD	-1
474	rt4_TMB-5_MAP_g_3973.r24	BACKTEST	BLOCKED	10983	WITHHOLD	-1
475	rt4_TMB-5_MAP_g_3974.r24	BACKTEST	BLOCKED	10983	WITHHOLD	-1
476	rt4_TMB-5_MAP_g_3975.r24	BACKTEST	BLOCKED	10983	WITHHOLD	-1
477	rt4_TMB-5_MAP_g_3976.r24	BACKTEST	BLOCKED	10983	WITHHOLD	-1
478	rt4_TMB-5_MAP_g_3977.r24	BACKTEST	BLOCKED	10983	WITHHOLD	-1
479	rt4_TMB-5_MAP_g_3978.r24	BACKTEST	BLOCKED	10983	WITHHOLD	-1
480	rt4_TMB-5_MAP_g_3979.r24	BACKTEST	BLOCKED	10983	WITHHOLD	-1
481	rt4_TMB-5_MAP_g_3980.r24	BACKTEST	BLOCKED	10983	WITHHOLD	-1
482	rt4_TMB-5_MAP_g_3981.r24	BACKTEST	BLOCKED	10983	WITHHOLD	-1
483	rt4_TMB-5_MAP_g_3982.r24	BACKTEST	BLOCKED	10983	WITHHOLD	-1
484	rt4_TMB-5_MAP_g_3983.r24	BACKTEST	BLOCKED	10983	WITHHOLD	-1
485	rt4_TMB-5_MAP_g_3984.r24	BACKTEST	BLOCKED	10983	WITHHOLD	-1
486	rt4_TMB-5_MAP_g_3985.r24	BACKTEST	BLOCKED	10983	WITHHOLD	-1
487	rt4_TMB-5_MAP_g_3986.r24	BACKTEST	BLOCKED	10983	WITHHOLD	-1
488	rt4_TMB-5_MAP_g_3987.r24	BACKTEST	BLOCKED	10983	WITHHOLD	-1
489	rt4_TMB-5_MAP_g_3988.r24	BACKTEST	BLOCKED	10983	WITHHOLD	-1
490	rt4_TMB-5_MAP_g_3989.r24	BACKTEST	BLOCKED	10983	WITHHOLD	-1
491	rt4_TMB-5_MAP_g_3990.r24	BACKTEST	BLOCKED	10983	WITHHOLD	-1
492	rt4_TMB-5_MAP_g_3991.r24	BACKTEST	BLOCKED	10983	WITHHOLD	-1
493	rt4_TMB-5_MAP_g_3992.r24	BACKTEST	BLOCKED	10983	WITHHOLD	-1
494	rt4_TMB-5_MAP_g_3993.r24	BACKTEST	BLOCKED	10983	WITHHOLD	-1
495	rt4_TMB-5_MAP_g_3994.r24	BACKTEST	BLOCKED	10983	WITHHOLD	-1
496	rt4_TMB-5_MAP_g_3995.r24	BACKTEST	BLOCKED	10983	WITHHOLD	-1
497	rt4_TMB-5_MAP_g_3996.r24	BACKTEST	BLOCKED	10983	WITHHOLD	-1
498	rt4_TMB-5_MAP_g_3997.r24	BACKTEST	BLOCKED	10983	WITHHOLD	-1
499	rt4_TMB-5_MAP_g_3998.r24	BACKTEST	BLOCKED	10983	WITHHOLD	-1
500	rt4_TMB-5_MAP_g_3999.r24	BACKTEST	BLOCKED	10983	WITHHOLD	-1
SETSUM NEAR n=0 blocked=0 confirmed=0 withheld=0
SETSUM FAR n=0 blocked=0
SETSUM BACKTEST n=500 blocked=499
BACKTEST false_blocked=0 false_withheld=0 false_escaped=0 true_blocked=499
DELAYBAR delayed_gt50=0 over=0
HIST 0=0 1-3=0 4-10=0 11-50=0 51-100=0 101-300=0 301+=0 WITHHELD=0
SERIAL delayed_gt50=0
SANITY MISMATCH
