1	rt4_TMB-5_MAP_g_11000.r24	BACKTEST	BLOCKED	10983	CONFIRM_INSTALL	3
2	rt4_TMB-5_MAP_g_11001.r24	BACKTEST	BLOCKED	10983	CONFIRM_INSTALL	3
3	rt4_TMB-5_MAP_g_11002.r24	BACKTEST	BLOCKED	10983	CONFIRM_INSTALL	3
4	rt4_TMB-5_MAP_g_11003.r24	BACKTEST	BLOCKED	10983	CONFIRM_INSTALL	3
5	rt4_TMB-5_MAP_g_11004.r24	BACKTEST	BLOCKED	10983	CONFIRM_INSTALL	3
6	rt4_TMB-5_MAP_g_11005.r24	BACKTEST	BLOCKED	10983	CONFIRM_INSTALL	3
7	rt4_TMB-5_MAP_g_11006.r24	BACKTEST	BLOCKED	10983	CONFIRM_INSTALL	3
8	rt4_TMB-5_MAP_g_11007.r24	BACKTEST	BLOCKED	10983	CONFIRM_INSTALL	3
9	rt4_TMB-5_MAP_g_11008.r24	BACKTEST	BLOCKED	10983	CONFIRM_INSTALL	3
10	rt4_TMB-5_MAP_g_11009.r24	BACKTEST	BLOCKED	10983	CONFIRM_INSTALL	3
11	rt4_TMB-5_MAP_g_11010.r24	BACKTEST	BLOCKED	10983	CONFIRM_INSTALL	3
12	rt4_TMB-5_MAP_g_11011.r24	BACKTEST	BLOCKED	10983	CONFIRM_INSTALL	3
13	rt4_TMB-5_MAP_g_11012.r24	BACKTEST	BLOCKED	10983	CONFIRM_INSTALL	3
14	rt4_TMB-5_MAP_g_11013.r24	BACKTEST	BLOCKED	10983	CONFIRM_INSTALL	3
15	rt4_TMB-5_MAP_g_11014.r24	BACKTEST	BLOCKED	10983	CONFIRM_INSTALL	3
16	rt4_TMB-5_MAP_g_11015.r24	BACKTEST	BLOCKED	10983	CONFIRM_INSTALL	3
17	rt4_TMB-5_MAP_g_11016.r24	BACKTEST	BLOCKED	10983	CONFIRM_INSTALL	3
18	rt4_TMB-5_MAP_g_11017.r24	BACKTEST	BLOCKED	10983	CONFIRM_INSTALL	3
19	rt4_TMB-5_MAP_g_11018.r24	BACKTEST	BLOCKED	10983	CONFIRM_INSTALL	3
20	rt4_TMB-5_MAP_g_11019.r24	BACKTEST	BLOCKED	10983	CONFIRM_INSTALL	3
21	rt4_TMB-5_MAP_g_11020.r24	BACKTEST	BLOCKED	10983	CONFIRM_INSTALL	3
22	rt4_TMB-5_MAP_g_11021.r24	BACKTEST	BLOCKED	10983	CONFIRM_INSTALL	3
23	rt4_TMB-5_MAP_g_11022.r24	BACKTEST	BLOCKED	10983	CONFIRM_INSTALL	3
24	rt4_TMB-5_MAP_g_11023.r24	BACKTEST	BLOCKED	10983	CONFIRM_INSTALL	3
25	rt4_TMB-5_MAP_g_11024.r24	BACKTEST	BLOCKED	10983	CONFIRM_INSTALL	3
26	rt4_TMB-5_MAP_g_11025.r24	BACKTEST	BLOCKED	10983	CONFIRM_INSTALL	3
27	rt4_TMB-5_MAP_g_11026.r24	BACKTEST	BLOCKED	10983	CONFIRM_INSTALL	3
28	rt4_TMB-5_MAP_g_11027.r24	BACKTEST	BLOCKED	10983	CONFIRM_INSTALL	3
29	rt4_TMB-5_MAP_g_11028.r24	BACKTEST	BLOCKED	10983	CONFIRM_INSTALL	3
30	rt4_TMB-5_MAP_g_11029.r24	BACKTEST	BLOCKED	10983	CONFIRM_INSTALL	3
31	rt4_TMB-5_MAP_g_11030.r24	BACKTEST	BLOCKED	10983	CONFIRM_INSTALL	3
32	rt4_TMB-5_MAP_g_11031.r24	BACKTEST	BLOCKED	10983	CONFIRM_INSTALL	3
33	rt4_TMB-5_MAP_g_11032.r24	BACKTEST	BLOCKED	10983	CONFIRM_INSTALL	3
34	rt4_TMB-5_MAP_g_11033.r24	BACKTEST	BLOCKED	10983	CONFIRM_INSTALL	3
35	rt4_TMB-5_MAP_g_11034.r24	BACKTEST	BLOCKED	10983	CONFIRM_INSTALL	3
36	rt4_TMB-5_MAP_g_11035.r24	BACKTEST	BLOCKED	10983	CONFIRM_INSTALL	3
37	rt4_TMB-5_MAP_g_11036.r24	BACKTEST	BLOCKED	10983	CONFIRM_INSTALL	3
38	rt4_TMB-5_MAP_g_11037.r24	BACKTEST	BLOCKED	10983	CONFIRM_INSTALL	3
39	rt4_TMB-5_MAP_g_11038.r24	BACKTEST	BLOCKED	10983	CONFIRM_INSTALL	3
40	rt4_TMB-5_MAP_g_11039.r24	BACKTEST	BLOCKED	10983	CONFIRM_INSTALL	3
41	rt4_TMB-5_MAP_g_11040.r24	BACKTEST	BLOCKED	10983	CONFIRM_INSTALL	3
42	rt4_TMB-5_MAP_g_11041.r24	BACKTEST	BLOCKED	10983	CONFIRM_INSTALL	3
43	rt4_TMB-5_MAP_g_11042.r24	BACKTEST	BLOCKED	10983	CONFIRM_INSTALL	3
44	rt4_TMB-5_MAP_g_11043.r24	BACKTEST	BLOCKED	10983	CONFIRM_INSTALL	3
45	rt4_TMB-5_MAP_g_11044.r24	BACKTEST	BLOCKED	10983	CONFIRM_INSTALL	3
46	rt4_TMB-5_MAP_g_11045.r24	BACKTEST	BLOCKED	10983	CONFIRM_INSTALL	3
47	rt4_TMB-5_MAP_g_11046.r24	BACKTEST	BLOCKED	10983	CONFIRM_INSTALL	3
48	rt4_TMB-5_MAP_g_11047.r24	BACKTEST	BLOCKED	10983	CONFIRM_INSTALL	3
49	rt4_TMB-5_MAP_g_11048.r24	BACKTEST	BLOCKED	10983	CONFIRM_INSTALL	3
50	rt4_TMB-5_MAP_g_11049.r24	BACKTEST	BLOCKED	10983	CONFIRM_INSTALL	3
51	rt4_TMB-5_MAP_g_11050.r24	BACKTEST	BLOCKED	10983	CONFIRM_INSTALL	3
52	rt4_TMB-5_MAP_g_11051.r24	BACKTEST	BLOCKED	10983	CONFIRM_INSTALL	3
53	rt4_TMB-5_MAP_g_11052.r24	BACKTEST	BLOCKED	10983	CONFIRM_INSTALL	3
54	rt4_TMB-5_MAP_g_11053.r24	BACKTEST	BLOCKED	10983	CONFIRM_INSTALL	3
55	rt4_TMB-5_MAP_g_11054.r24	BACKTEST	BLOCKED	10983	CONFIRM_INSTALL	3
56	rt4_TMB-5_MAP_g_11055.r24	BACKTEST	BLOCKED	10983	CONFIRM_INSTALL	3
57	rt4_TMB-5_MAP_g_11056.r24	BACKTEST	BLOCKED	10983	CONFIRM_INSTALL	3
58	rt4_TMB-5_MAP_g_11057.r24	BACKTEST	BLOCKED	10983	CONFIRM_INSTALL	3
59	rt4_TMB-5_MAP_g_11058.r24	BACKTEST	BLOCKED	10983	CONFIRM_INSTALL	3
60	rt4_TMB-5_MAP_g_11059.r24	BACKTEST	BLOCKED	10983	CONFIRM_INSTALL	3
61	rt4_TMB-5_MAP_g_11060.r24	BACKTEST	BLOCKED	10983	CONFIRM_INSTALL	3
62	rt4_TMB-5_MAP_g_11061.r24	BACKTEST	BLOCKED	10983	CONFIRM_INSTALL	3
63	rt4_TMB-5_MAP_g_11062.r24	BACKTEST	BLOCKED	10983	CONFIRM_INSTALL	3
64	rt4_TMB-5_MAP_g_11063.r24	BACKTEST	BLOCKED	10983	CONFIRM_INSTALL	3
65	rt4_TMB-5_MAP_g_11064.r24	BACKTEST	BLOCKED	10983	CONFIRM_INSTALL	3
66	rt4_TMB-5_MAP_g_11065.r24	BACKTEST	BLOCKED	10983	CONFIRM_INSTALL	3
67	rt4_TMB-5_MAP_g_11066.r24	BACKTEST	BLOCKED	10983	CONFIRM_INSTALL	3
68	rt4_TMB-5_MAP_g_11067.r24	BACKTEST	BLOCKED	10983	CONFIRM_INSTALL	3
69	rt4_TMB-5_MAP_g_11068.r24	BACKTEST	BLOCKED	10983	CONFIRM_INSTALL	3
70	rt4_TMB-5_MAP_g_11069.r24	BACKTEST	BLOCKED	10983	CONFIRM_INSTALL	3
71	rt4_TMB-5_MAP_g_11070.r24	BACKTEST	BLOCKED	10983	CONFIRM_INSTALL	3
72	rt4_TMB-5_MAP_g_11071.r24	BACKTEST	BLOCKED	10983	CONFIRM_INSTALL	3
73	rt4_TMB-5_MAP_g_11072.r24	BACKTEST	BLOCKED	10983	CONFIRM_INSTALL	3
74	rt4_TMB-5_MAP_g_11073.r24	BACKTEST	BLOCKED	10983	CONFIRM_INSTALL	3
75	rt4_TMB-5_MAP_g_11074.r24	BACKTEST	BLOCKED	10983	CONFIRM_INSTALL	3
76	rt4_TMB-5_MAP_g_11075.r24	BACKTEST	BLOCKED	10983	CONFIRM_INSTALL	3
77	rt4_TMB-5_MAP_g_11076.r24	BACKTEST	BLOCKED	10983	CONFIRM_INSTALL	3
78	rt4_TMB-5_MAP_g_11077.r24	BACKTEST	BLOCKED	10983	CONFIRM_INSTALL	3
79	rt4_TMB-5_MAP_g_11078.r24	BACKTEST	BLOCKED	10983	CONFIRM_INSTALL	3
80	rt4_TMB-5_MAP_g_11079.r24	BACKTEST	BLOCKED	10983	CONFIRM_INSTALL	3
81	rt4_TMB-5_MAP_g_11080.r24	BACKTEST	BLOCKED	10983	CONFIRM_INSTALL	3
82	rt4_TMB-5_MAP_g_11081.r24	BACKTEST	BLOCKED	10983	CONFIRM_INSTALL	3
83	rt4_TMB-5_MAP_g_11082.r24	BACKTEST	BLOCKED	10983	CONFIRM_INSTALL	3
84	rt4_TMB-5_MAP_g_11083.r24	BACKTEST	BLOCKED	10983	CONFIRM_INSTALL	3
85	rt4_TMB-5_MAP_g_11084.r24	BACKTEST	BLOCKED	10983	CONFIRM_INSTALL	3
86	rt4_TMB-5_MAP_g_11085.r24	BACKTEST	BLOCKED	10983	CONFIRM_INSTALL	3
87	rt4_TMB-5_MAP_g_11086.r24	BACKTEST	BLOCKED	10983	CONFIRM_INSTALL	3
88	rt4_TMB-5_MAP_g_11087.r24	BACKTEST	BLOCKED	10983	CONFIRM_INSTALL	3
89	rt4_TMB-5_MAP_g_11088.r24	BACKTEST	BLOCKED	10983	CONFIRM_INSTALL	3
90	rt4_TMB-5_MAP_g_11089.r24	BACKTEST	BLOCKED	10983	CONFIRM_INSTALL	3
91	rt4_TMB-5_MAP_g_11090.r24	BACKTEST	BLOCKED	10983	CONFIRM_INSTALL	3
92	rt4_TMB-5_MAP_g_11091.r24	BACKTEST	BLOCKED	10983	CONFIRM_INSTALL	3
93	rt4_TMB-5_MAP_g_11092.r24	BACKTEST	BLOCKED	10983	CONFIRM_INSTALL	3
94	rt4_TMB-5_MAP_g_11093.r24	BACKTEST	BLOCKED	10983	CONFIRM_INSTALL	3
95	rt4_TMB-5_MAP_g_11094.r24	BACKTEST	BLOCKED	10983	CONFIRM_INSTALL	3
96	rt4_TMB-5_MAP_g_11095.r24	BACKTEST	BLOCKED	10983	CONFIRM_INSTALL	3
97	rt4_TMB-5_MAP_g_11096.r24	BACKTEST	BLOCKED	10983	CONFIRM_INSTALL	3
98	rt4_TMB-5_MAP_g_11097.r24	BACKTEST	BLOCKED	10983	CONFIRM_INSTALL	3
99	rt4_TMB-5_MAP_g_11098.r24	BACKTEST	BLOCKED	10983	CONFIRM_INSTALL	3
100	rt4_TMB-5_MAP_g_11099.r24	BACKTEST	BLOCKED	10983	CONFIRM_INSTALL	3
101	rt4_TMB-5_MAP_g_11100.r24	BACKTEST	BLOCKED	10983	CONFIRM_INSTALL	3
102	rt4_TMB-5_MAP_g_11101.r24	BACKTEST	BLOCKED	10983	CONFIRM_INSTALL	3
103	rt4_TMB-5_MAP_g_11102.r24	BACKTEST	BLOCKED	10983	CONFIRM_INSTALL	3
104	rt4_TMB-5_MAP_g_11103.r24	BACKTEST	BLOCKED	10983	CONFIRM_INSTALL	3
105	rt4_TMB-5_MAP_g_11104.r24	BACKTEST	BLOCKED	10983	CONFIRM_INSTALL	3
106	rt4_TMB-5_MAP_g_11105.r24	BACKTEST	BLOCKED	10983	CONFIRM_INSTALL	3
107	rt4_TMB-5_MAP_g_11106.r24	BACKTEST	BLOCKED	10983	CONFIRM_INSTALL	3
108	rt4_TMB-5_MAP_g_11107.r24	BACKTEST	BLOCKED	10983	CONFIRM_INSTALL	3
109	rt4_TMB-5_MAP_g_11108.r24	BACKTEST	BLOCKED	10983	CONFIRM_INSTALL	3
110	rt4_TMB-5_MAP_g_11109.r24	BACKTEST	BLOCKED	10983	CONFIRM_INSTALL	3
111	rt4_TMB-5_MAP_g_11110.r24	BACKTEST	BLOCKED	10983	CONFIRM_INSTALL	3
112	rt4_TMB-5_MAP_g_11111.r24	BACKTEST	BLOCKED	10983	CONFIRM_INSTALL	3
113	rt4_TMB-5_MAP_g_11112.r24	BACKTEST	BLOCKED	10983	CONFIRM_INSTALL	3
114	rt4_TMB-5_MAP_g_11113.r24	BACKTEST	BLOCKED	10983	CONFIRM_INSTALL	3
115	rt4_TMB-5_MAP_g_11114.r24	BACKTEST	BLOCKED	10983	CONFIRM_INSTALL	3
116	rt4_TMB-5_MAP_g_11115.r24	BACKTEST	BLOCKED	10983	CONFIRM_INSTALL	3
117	rt4_TMB-5_MAP_g_11116.r24	BACKTEST	BLOCKED	10983	CONFIRM_INSTALL	3
118	rt4_TMB-5_MAP_g_11117.r24	BACKTEST	BLOCKED	10983	CONFIRM_INSTALL	3
119	rt4_TMB-5_MAP_g_11118.r24	BACKTEST	BLOCKED	10983	CONFIRM_INSTALL	3
120	rt4_TMB-5_MAP_g_11119.r24	BACKTEST	BLOCKED	10983	CONFIRM_INSTALL	3
121	rt4_TMB-5_MAP_g_11120.r24	BACKTEST	BLOCKED	10983	CONFIRM_INSTALL	3
122	rt4_TMB-5_MAP_g_11121.r24	BACKTEST	BLOCKED	10983	CONFIRM_INSTALL	3
123	rt4_TMB-5_MAP_g_11122.r24	BACKTEST	BLOCKED	10983	CONFIRM_INSTALL	3
124	rt4_TMB-5_MAP_g_11123.r24	BACKTEST	BLOCKED	10983	CONFIRM_INSTALL	3
125	rt4_TMB-5_MAP_g_11124.r24	BACKTEST	BLOCKED	10983	CONFIRM_INSTALL	3
126	rt4_TMB-5_MAP_g_11125.r24	BACKTEST	BLOCKED	10983	CONFIRM_INSTALL	3
127	rt4_TMB-5_MAP_g_11126.r24	BACKTEST	BLOCKED	10983	CONFIRM_INSTALL	3
128	rt4_TMB-5_MAP_g_11127.r24	BACKTEST	BLOCKED	10983	CONFIRM_INSTALL	3
129	rt4_TMB-5_MAP_g_11128.r24	BACKTEST	BLOCKED	10983	CONFIRM_INSTALL	3
130	rt4_TMB-5_MAP_g_11129.r24	BACKTEST	BLOCKED	10983	CONFIRM_INSTALL	3
131	rt4_TMB-5_MAP_g_11130.r24	BACKTEST	BLOCKED	10983	CONFIRM_INSTALL	3
132	rt4_TMB-5_MAP_g_11131.r24	BACKTEST	BLOCKED	10983	CONFIRM_INSTALL	3
133	rt4_TMB-5_MAP_g_11132.r24	BACKTEST	BLOCKED	10983	CONFIRM_INSTALL	3
134	rt4_TMB-5_MAP_g_11133.r24	BACKTEST	BLOCKED	10983	CONFIRM_INSTALL	3
135	rt4_TMB-5_MAP_g_11134.r24	BACKTEST	BLOCKED	10983	CONFIRM_INSTALL	3
136	rt4_TMB-5_MAP_g_11135.r24	BACKTEST	BLOCKED	10983	CONFIRM_INSTALL	3
137	rt4_TMB-5_MAP_g_11136.r24	BACKTEST	BLOCKED	10983	CONFIRM_INSTALL	3
138	rt4_TMB-5_MAP_g_11137.r24	BACKTEST	BLOCKED	10983	CONFIRM_INSTALL	3
139	rt4_TMB-5_MAP_g_11138.r24	BACKTEST	BLOCKED	10983	CONFIRM_INSTALL	3
140	rt4_TMB-5_MAP_g_11139.r24	BACKTEST	BLOCKED	10983	CONFIRM_INSTALL	3
141	rt4_TMB-5_MAP_g_11140.r24	BACKTEST	BLOCKED	10983	CONFIRM_INSTALL	3
142	rt4_TMB-5_MAP_g_11141.r24	BACKTEST	BLOCKED	10983	CONFIRM_INSTALL	3
143	rt4_TMB-5_MAP_g_11142.r24	BACKTEST	BLOCKED	10983	CONFIRM_INSTALL	3
144	rt4_TMB-5_MAP_g_11143.r24	BACKTEST	BLOCKED	10983	CONFIRM_INSTALL	3
145	rt4_TMB-5_MAP_g_11144.r24	BACKTEST	BLOCKED	10983	CONFIRM_INSTALL	3
146	rt4_TMB-5_MAP_g_11145.r24	BACKTEST	BLOCKED	10983	CONFIRM_INSTALL	3
147	rt4_TMB-5_MAP_g_11146.r24	BACKTEST	BLOCKED	10983	CONFIRM_INSTALL	3
148	rt4_TMB-5_MAP_g_11147.r24	BACKTEST	BLOCKED	10983	CONFIRM_INSTALL	3
149	rt4_TMB-5_MAP_g_11148.r24	BACKTEST	BLOCKED	10983	CONFIRM_INSTALL	3
150	rt4_TMB-5_MAP_g_11149.r24	BACKTEST	BLOCKED	10983	CONFIRM_INSTALL	3
151	rt4_TMB-5_MAP_g_11150.r24	BACKTEST	BLOCKED	10983	CONFIRM_INSTALL	3
152	rt4_TMB-5_MAP_g_11151.r24	BACKTEST	BLOCKED	10983	CONFIRM_INSTALL	3
153	rt4_TMB-5_MAP_g_11152.r24	BACKTEST	BLOCKED	10983	CONFIRM_INSTALL	3
154	rt4_TMB-5_MAP_g_11153.r24	BACKTEST	BLOCKED	10983	CONFIRM_INSTALL	3
155	rt4_TMB-5_MAP_g_11154.r24	BACKTEST	BLOCKED	10983	CONFIRM_INSTALL	3
156	rt4_TMB-5_MAP_g_11155.r24	BACKTEST	BLOCKED	10983	CONFIRM_INSTALL	3
157	rt4_TMB-5_MAP_g_11156.r24	BACKTEST	BLOCKED	10983	CONFIRM_INSTALL	3
158	rt4_TMB-5_MAP_g_11157.r24	BACKTEST	BLOCKED	10983	CONFIRM_INSTALL	3
159	rt4_TMB-5_MAP_g_11158.r24	BACKTEST	BLOCKED	10983	CONFIRM_INSTALL	3
160	rt4_TMB-5_MAP_g_11159.r24	BACKTEST	BLOCKED	10983	CONFIRM_INSTALL	3
161	rt4_TMB-5_MAP_g_11160.r24	BACKTEST	BLOCKED	10983	CONFIRM_INSTALL	3
162	rt4_TMB-5_MAP_g_11161.r24	BACKTEST	BLOCKED	10983	CONFIRM_INSTALL	3
163	rt4_TMB-5_MAP_g_11162.r24	BACKTEST	BLOCKED	10983	CONFIRM_INSTALL	3
164	rt4_TMB-5_MAP_g_11163.r24	BACKTEST	BLOCKED	10983	CONFIRM_INSTALL	3
165	rt4_TMB-5_MAP_g_11164.r24	BACKTEST	BLOCKED	10983	CONFIRM_INSTALL	3
166	rt4_TMB-5_MAP_g_11165.r24	BACKTEST	BLOCKED	10983	CONFIRM_INSTALL	3
167	rt4_TMB-5_MAP_g_11166.r24	BACKTEST	BLOCKED	10983	CONFIRM_INSTALL	3
168	rt4_TMB-5_MAP_g_11167.r24	BACKTEST	BLOCKED	10983	CONFIRM_INSTALL	3
169	rt4_TMB-5_MAP_g_11168.r24	BACKTEST	BLOCKED	10983	CONFIRM_INSTALL	3
170	rt4_TMB-5_MAP_g_11169.r24	BACKTEST	BLOCKED	10983	CONFIRM_INSTALL	3
171	rt4_TMB-5_MAP_g_11170.r24	BACKTEST	BLOCKED	10983	CONFIRM_INSTALL	3
172	rt4_TMB-5_MAP_g_11171.r24	BACKTEST	BLOCKED	10983	CONFIRM_INSTALL	3
173	rt4_TMB-5_MAP_g_11172.r24	BACKTEST	BLOCKED	10983	CONFIRM_INSTALL	3
174	rt4_TMB-5_MAP_g_11173.r24	BACKTEST	BLOCKED	10983	CONFIRM_INSTALL	3
175	rt4_TMB-5_MAP_g_11174.r24	BACKTEST	BLOCKED	10983	CONFIRM_INSTALL	3
176	rt4_TMB-5_MAP_g_11175.r24	BACKTEST	BLOCKED	10983	CONFIRM_INSTALL	3
177	rt4_TMB-5_MAP_g_11176.r24	BACKTEST	BLOCKED	10983	CONFIRM_INSTALL	3
178	rt4_TMB-5_MAP_g_11177.r24	BACKTEST	BLOCKED	10983	CONFIRM_INSTALL	3
179	rt4_TMB-5_MAP_g_11178.r24	BACKTEST	BLOCKED	10983	CONFIRM_INSTALL	3
180	rt4_TMB-5_MAP_g_11179.r24	BACKTEST	BLOCKED	10983	CONFIRM_INSTALL	3
181	rt4_TMB-5_MAP_g_11180.r24	BACKTEST	BLOCKED	10983	CONFIRM_INSTALL	3
182	rt4_TMB-5_MAP_g_11181.r24	BACKTEST	BLOCKED	10983	CONFIRM_INSTALL	3
183	rt4_TMB-5_MAP_g_11182.r24	BACKTEST	BLOCKED	10983	CONFIRM_INSTALL	3
184	rt4_TMB-5_MAP_g_11183.r24	BACKTEST	BLOCKED	10983	CONFIRM_INSTALL	3
185	rt4_TMB-5_MAP_g_11184.r24	BACKTEST	BLOCKED	10983	CONFIRM_INSTALL	3
186	rt4_TMB-5_MAP_g_11185.r24	BACKTEST	BLOCKED	10983	CONFIRM_INSTALL	3
187	rt4_TMB-5_MAP_g_11186.r24	BACKTEST	BLOCKED	10983	CONFIRM_INSTALL	3
188	rt4_TMB-5_MAP_g_11187.r24	BACKTEST	BLOCKED	10983	CONFIRM_INSTALL	3
189	rt4_TMB-5_MAP_g_11188.r24	BACKTEST	BLOCKED	10983	CONFIRM_INSTALL	3
190	rt4_TMB-5_MAP_g_11189.r24	BACKTEST	BLOCKED	10983	CONFIRM_INSTALL	3
191	rt4_TMB-5_MAP_g_11190.r24	BACKTEST	BLOCKED	10983	CONFIRM_INSTALL	3
192	rt4_TMB-5_MAP_g_11191.r24	BACKTEST	BLOCKED	10983	CONFIRM_INSTALL	3
193	rt4_TMB-5_MAP_g_11192.r24	BACKTEST	BLOCKED	10983	CONFIRM_INSTALL	3
194	rt4_TMB-5_MAP_g_11193.r24	BACKTEST	BLOCKED	10983	CONFIRM_INSTALL	3
195	rt4_TMB-5_MAP_g_11194.r24	BACKTEST	BLOCKED	10983	CONFIRM_INSTALL	3
196	rt4_TMB-5_MAP_g_11195.r24	BACKTEST	BLOCKED	10983	CONFIRM_INSTALL	3
197	rt4_TMB-5_MAP_g_11196.r24	BACKTEST	BLOCKED	10983	CONFIRM_INSTALL	3
198	rt4_TMB-5_MAP_g_11197.r24	BACKTEST	BLOCKED	10983	CONFIRM_INSTALL	3
199	rt4_TMB-5_MAP_g_11198.r24	BACKTEST	BLOCKED	10983	CONFIRM_INSTALL	3
200	rt4_TMB-5_MAP_g_11199.r24	BACKTEST	BLOCKED	10983	CONFIRM_INSTALL	3
201	rt4_TMB-5_MAP_g_11200.r24	BACKTEST	BLOCKED	10983	CONFIRM_INSTALL	3
202	rt4_TMB-5_MAP_g_11201.r24	BACKTEST	BLOCKED	10983	CONFIRM_INSTALL	3
203	rt4_TMB-5_MAP_g_11202.r24	BACKTEST	BLOCKED	10983	CONFIRM_INSTALL	3
204	rt4_TMB-5_MAP_g_11203.r24	BACKTEST	BLOCKED	10983	CONFIRM_INSTALL	3
205	rt4_TMB-5_MAP_g_11204.r24	BACKTEST	BLOCKED	10983	CONFIRM_INSTALL	3
206	rt4_TMB-5_MAP_g_11205.r24	BACKTEST	BLOCKED	10983	CONFIRM_INSTALL	3
207	rt4_TMB-5_MAP_g_11206.r24	BACKTEST	BLOCKED	10983	CONFIRM_INSTALL	3
208	rt4_TMB-5_MAP_g_11207.r24	BACKTEST	BLOCKED	10983	CONFIRM_INSTALL	3
209	rt4_TMB-5_MAP_g_11208.r24	BACKTEST	BLOCKED	10983	CONFIRM_INSTALL	3
210	rt4_TMB-5_MAP_g_11209.r24	BACKTEST	BLOCKED	10983	CONFIRM_INSTALL	3
211	rt4_TMB-5_MAP_g_11210.r24	BACKTEST	BLOCKED	10983	CONFIRM_INSTALL	3
212	rt4_TMB-5_MAP_g_11211.r24	BACKTEST	BLOCKED	10983	CONFIRM_INSTALL	3
213	rt4_TMB-5_MAP_g_11212.r24	BACKTEST	BLOCKED	10983	CONFIRM_INSTALL	3
214	rt4_TMB-5_MAP_g_11213.r24	BACKTEST	BLOCKED	10983	CONFIRM_INSTALL	3
215	rt4_TMB-5_MAP_g_11214.r24	BACKTEST	BLOCKED	10983	CONFIRM_INSTALL	3
216	rt4_TMB-5_MAP_g_11215.r24	BACKTEST	BLOCKED	10983	CONFIRM_INSTALL	3
217	rt4_TMB-5_MAP_g_11216.r24	BACKTEST	BLOCKED	10983	CONFIRM_INSTALL	3
218	rt4_TMB-5_MAP_g_11217.r24	BACKTEST	BLOCKED	10983	CONFIRM_INSTALL	3
219	rt4_TMB-5_MAP_g_11218.r24	BACKTEST	BLOCKED	10983	CONFIRM_INSTALL	3
220	rt4_TMB-5_MAP_g_11219.r24	BACKTEST	BLOCKED	10983	CONFIRM_INSTALL	3
221	rt4_TMB-5_MAP_g_11220.r24	BACKTEST	BLOCKED	10983	CONFIRM_INSTALL	3
222	rt4_TMB-5_MAP_g_11221.r24	BACKTEST	BLOCKED	10983	CONFIRM_INSTALL	3
223	rt4_TMB-5_MAP_g_11222.r24	BACKTEST	BLOCKED	10983	CONFIRM_INSTALL	3
224	rt4_TMB-5_MAP_g_11223.r24	BACKTEST	BLOCKED	10983	CONFIRM_INSTALL	3
225	rt4_TMB-5_MAP_g_11224.r24	BACKTEST	BLOCKED	10983	CONFIRM_INSTALL	3
226	rt4_TMB-5_MAP_g_11225.r24	BACKTEST	BLOCKED	10983	CONFIRM_INSTALL	3
227	rt4_TMB-5_MAP_g_11226.r24	BACKTEST	BLOCKED	10983	CONFIRM_INSTALL	3
228	rt4_TMB-5_MAP_g_11227.r24	BACKTEST	BLOCKED	10983	CONFIRM_INSTALL	3
229	rt4_TMB-5_MAP_g_11228.r24	BACKTEST	BLOCKED	10983	CONFIRM_INSTALL	3
230	rt4_TMB-5_MAP_g_11229.r24	BACKTEST	BLOCKED	10983	CONFIRM_INSTALL	3
231	rt4_TMB-5_MAP_g_11230.r24	BACKTEST	BLOCKED	10983	CONFIRM_INSTALL	3
232	rt4_TMB-5_MAP_g_11231.r24	BACKTEST	BLOCKED	10983	CONFIRM_INSTALL	3
233	rt4_TMB-5_MAP_g_11232.r24	BACKTEST	BLOCKED	10983	CONFIRM_INSTALL	3
234	rt4_TMB-5_MAP_g_11233.r24	BACKTEST	BLOCKED	10983	CONFIRM_INSTALL	3
235	rt4_TMB-5_MAP_g_11234.r24	BACKTEST	BLOCKED	10983	CONFIRM_INSTALL	3
236	rt4_TMB-5_MAP_g_11235.r24	BACKTEST	BLOCKED	10983	CONFIRM_INSTALL	3
237	rt4_TMB-5_MAP_g_11236.r24	BACKTEST	BLOCKED	10983	CONFIRM_INSTALL	3
238	rt4_TMB-5_MAP_g_11237.r24	BACKTEST	BLOCKED	10983	CONFIRM_INSTALL	3
239	rt4_TMB-5_MAP_g_11238.r24	BACKTEST	BLOCKED	10983	CONFIRM_INSTALL	3
240	rt4_TMB-5_MAP_g_11239.r24	BACKTEST	BLOCKED	10983	CONFIRM_INSTALL	3
241	rt4_TMB-5_MAP_g_11240.r24	BACKTEST	BLOCKED	10983	CONFIRM_INSTALL	3
242	rt4_TMB-5_MAP_g_11241.r24	BACKTEST	BLOCKED	10983	CONFIRM_INSTALL	3
243	rt4_TMB-5_MAP_g_11242.r24	BACKTEST	BLOCKED	10983	CONFIRM_INSTALL	3
244	rt4_TMB-5_MAP_g_11243.r24	BACKTEST	BLOCKED	10983	CONFIRM_INSTALL	3
245	rt4_TMB-5_MAP_g_11244.r24	BACKTEST	BLOCKED	10983	CONFIRM_INSTALL	3
246	rt4_TMB-5_MAP_g_11245.r24	BACKTEST	BLOCKED	10983	CONFIRM_INSTALL	3
247	rt4_TMB-5_MAP_g_11246.r24	BACKTEST	BLOCKED	10983	CONFIRM_INSTALL	3
248	rt4_TMB-5_MAP_g_11247.r24	BACKTEST	BLOCKED	10983	CONFIRM_INSTALL	3
249	rt4_TMB-5_MAP_g_11248.r24	BACKTEST	BLOCKED	10983	CONFIRM_INSTALL	3
250	rt4_TMB-5_MAP_g_11249.r24	BACKTEST	BLOCKED	10983	CONFIRM_INSTALL	3
251	rt4_TMB-5_MAP_g_11250.r24	BACKTEST	BLOCKED	10983	CONFIRM_INSTALL	3
252	rt4_TMB-5_MAP_g_11251.r24	BACKTEST	BLOCKED	10983	CONFIRM_INSTALL	3
253	rt4_TMB-5_MAP_g_11252.r24	BACKTEST	BLOCKED	10983	CONFIRM_INSTALL	3
254	rt4_TMB-5_MAP_g_11253.r24	BACKTEST	BLOCKED	10983	CONFIRM_INSTALL	3
255	rt4_TMB-5_MAP_g_11254.r24	BACKTEST	BLOCKED	10983	CONFIRM_INSTALL	3
256	rt4_TMB-5_MAP_g_11255.r24	BACKTEST	BLOCKED	10983	CONFIRM_INSTALL	3
257	rt4_TMB-5_MAP_g_11256.r24	BACKTEST	BLOCKED	10983	CONFIRM_INSTALL	3
258	rt4_TMB-5_MAP_g_11257.r24	BACKTEST	BLOCKED	10983	CONFIRM_INSTALL	3
259	rt4_TMB-5_MAP_g_11258.r24	BACKTEST	BLOCKED	10983	CONFIRM_INSTALL	3
260	rt4_TMB-5_MAP_g_11259.r24	BACKTEST	BLOCKED	10983	CONFIRM_INSTALL	3
261	rt4_TMB-5_MAP_g_11260.r24	BACKTEST	BLOCKED	10983	CONFIRM_INSTALL	3
262	rt4_TMB-5_MAP_g_11261.r24	BACKTEST	BLOCKED	10983	CONFIRM_INSTALL	3
263	rt4_TMB-5_MAP_g_11262.r24	BACKTEST	BLOCKED	10983	CONFIRM_INSTALL	3
264	rt4_TMB-5_MAP_g_11263.r24	BACKTEST	BLOCKED	10983	CONFIRM_INSTALL	3
265	rt4_TMB-5_MAP_g_11264.r24	BACKTEST	BLOCKED	10983	CONFIRM_INSTALL	3
266	rt4_TMB-5_MAP_g_11265.r24	BACKTEST	BLOCKED	10983	CONFIRM_INSTALL	3
267	rt4_TMB-5_MAP_g_11266.r24	BACKTEST	BLOCKED	10983	CONFIRM_INSTALL	3
268	rt4_TMB-5_MAP_g_11267.r24	BACKTEST	BLOCKED	10983	CONFIRM_INSTALL	3
269	rt4_TMB-5_MAP_g_11268.r24	BACKTEST	BLOCKED	10983	CONFIRM_INSTALL	3
270	rt4_TMB-5_MAP_g_11269.r24	BACKTEST	BLOCKED	10983	CONFIRM_INSTALL	3
271	rt4_TMB-5_MAP_g_11270.r24	BACKTEST	BLOCKED	10983	CONFIRM_INSTALL	3
272	rt4_TMB-5_MAP_g_11271.r24	BACKTEST	BLOCKED	10983	CONFIRM_INSTALL	3
273	rt4_TMB-5_MAP_g_11272.r24	BACKTEST	BLOCKED	10983	CONFIRM_INSTALL	3
274	rt4_TMB-5_MAP_g_11273.r24	BACKTEST	BLOCKED	10983	CONFIRM_INSTALL	3
275	rt4_TMB-5_MAP_g_11274.r24	BACKTEST	BLOCKED	10983	CONFIRM_INSTALL	3
276	rt4_TMB-5_MAP_g_11275.r24	BACKTEST	BLOCKED	10983	CONFIRM_INSTALL	3
277	rt4_TMB-5_MAP_g_11276.r24	BACKTEST	BLOCKED	10983	CONFIRM_INSTALL	3
278	rt4_TMB-5_MAP_g_11277.r24	BACKTEST	BLOCKED	10983	CONFIRM_INSTALL	3
279	rt4_TMB-5_MAP_g_11278.r24	BACKTEST	BLOCKED	10983	CONFIRM_INSTALL	3
280	rt4_TMB-5_MAP_g_11279.r24	BACKTEST	BLOCKED	10983	CONFIRM_INSTALL	3
281	rt4_TMB-5_MAP_g_11280.r24	BACKTEST	BLOCKED	10983	CONFIRM_INSTALL	3
282	rt4_TMB-5_MAP_g_11281.r24	BACKTEST	BLOCKED	10983	CONFIRM_INSTALL	3
283	rt4_TMB-5_MAP_g_11282.r24	BACKTEST	BLOCKED	10983	CONFIRM_INSTALL	3
284	rt4_TMB-5_MAP_g_11283.r24	BACKTEST	BLOCKED	10983	CONFIRM_INSTALL	3
285	rt4_TMB-5_MAP_g_11284.r24	BACKTEST	BLOCKED	10983	CONFIRM_INSTALL	3
286	rt4_TMB-5_MAP_g_11285.r24	BACKTEST	BLOCKED	10983	CONFIRM_INSTALL	3
287	rt4_TMB-5_MAP_g_11286.r24	BACKTEST	BLOCKED	10983	CONFIRM_INSTALL	3
288	rt4_TMB-5_MAP_g_11287.r24	BACKTEST	BLOCKED	10983	CONFIRM_INSTALL	3
289	rt4_TMB-5_MAP_g_11288.r24	BACKTEST	BLOCKED	10983	CONFIRM_INSTALL	3
290	rt4_TMB-5_MAP_g_11289.r24	BACKTEST	BLOCKED	10983	CONFIRM_INSTALL	3
291	rt4_TMB-5_MAP_g_11290.r24	BACKTEST	BLOCKED	10983	CONFIRM_INSTALL	3
292	rt4_TMB-5_MAP_g_11291.r24	BACKTEST	BLOCKED	10983	CONFIRM_INSTALL	3
293	rt4_TMB-5_MAP_g_11292.r24	BACKTEST	BLOCKED	10983	CONFIRM_INSTALL	3
294	rt4_TMB-5_MAP_g_11293.r24	BACKTEST	BLOCKED	10983	CONFIRM_INSTALL	3
295	rt4_TMB-5_MAP_g_11294.r24	BACKTEST	BLOCKED	10983	CONFIRM_INSTALL	3
296	rt4_TMB-5_MAP_g_11295.r24	BACKTEST	BLOCKED	10983	CONFIRM_INSTALL	3
297	rt4_TMB-5_MAP_g_11296.r24	BACKTEST	BLOCKED	10983	CONFIRM_INSTALL	3
298	rt4_TMB-5_MAP_g_11297.r24	BACKTEST	BLOCKED	10983	CONFIRM_INSTALL	3
299	rt4_TMB-5_MAP_g_11298.r24	BACKTEST	BLOCKED	10983	CONFIRM_INSTALL	3
300	rt4_TMB-5_MAP_g_11299.r24	BACKTEST	BLOCKED	10983	CONFIRM_INSTALL	3
301	rt4_TMB-5_MAP_g_11300.r24	BACKTEST	BLOCKED	10983	CONFIRM_INSTALL	3
302	rt4_TMB-5_MAP_g_11301.r24	BACKTEST	BLOCKED	10983	CONFIRM_INSTALL	3
303	rt4_TMB-5_MAP_g_11302.r24	BACKTEST	BLOCKED	10983	CONFIRM_INSTALL	3
304	rt4_TMB-5_MAP_g_11303.r24	BACKTEST	BLOCKED	10983	CONFIRM_INSTALL	3
305	rt4_TMB-5_MAP_g_11304.r24	BACKTEST	BLOCKED	10983	CONFIRM_INSTALL	3
306	rt4_TMB-5_MAP_g_11305.r24	BACKTEST	BLOCKED	10983	CONFIRM_INSTALL	3
307	rt4_TMB-5_MAP_g_11306.r24	BACKTEST	BLOCKED	10983	CONFIRM_INSTALL	3
308	rt4_TMB-5_MAP_g_11307.r24	BACKTEST	BLOCKED	10983	CONFIRM_INSTALL	3
309	rt4_TMB-5_MAP_g_11308.r24	BACKTEST	BLOCKED	10983	CONFIRM_INSTALL	3
310	rt4_TMB-5_MAP_g_11309.r24	BACKTEST	BLOCKED	10983	CONFIRM_INSTALL	3
311	rt4_TMB-5_MAP_g_11310.r24	BACKTEST	BLOCKED	10983	CONFIRM_INSTALL	3
312	rt4_TMB-5_MAP_g_11311.r24	BACKTEST	BLOCKED	10983	CONFIRM_INSTALL	3
313	rt4_TMB-5_MAP_g_11312.r24	BACKTEST	BLOCKED	10983	CONFIRM_INSTALL	3
314	rt4_TMB-5_MAP_g_11313.r24	BACKTEST	BLOCKED	10983	CONFIRM_INSTALL	3
315	rt4_TMB-5_MAP_g_11314.r24	BACKTEST	BLOCKED	10983	CONFIRM_INSTALL	3
316	rt4_TMB-5_MAP_g_11315.r24	BACKTEST	BLOCKED	10983	CONFIRM_INSTALL	3
317	rt4_TMB-5_MAP_g_11316.r24	BACKTEST	BLOCKED	10983	CONFIRM_INSTALL	3
318	rt4_TMB-5_MAP_g_11317.r24	BACKTEST	BLOCKED	10983	CONFIRM_INSTALL	3
319	rt4_TMB-5_MAP_g_11318.r24	BACKTEST	BLOCKED	10983	CONFIRM_INSTALL	3
320	rt4_TMB-5_MAP_g_11319.r24	BACKTEST	BLOCKED	10983	CONFIRM_INSTALL	3
321	rt4_TMB-5_MAP_g_11320.r24	BACKTEST	BLOCKED	10983	CONFIRM_INSTALL	3
322	rt4_TMB-5_MAP_g_11321.r24	BACKTEST	BLOCKED	10983	CONFIRM_INSTALL	3
323	rt4_TMB-5_MAP_g_11322.r24	BACKTEST	BLOCKED	10983	CONFIRM_INSTALL	3
324	rt4_TMB-5_MAP_g_11323.r24	BACKTEST	BLOCKED	10983	CONFIRM_INSTALL	3
325	rt4_TMB-5_MAP_g_11324.r24	BACKTEST	BLOCKED	10983	CONFIRM_INSTALL	3
326	rt4_TMB-5_MAP_g_11325.r24	BACKTEST	BLOCKED	10983	CONFIRM_INSTALL	3
327	rt4_TMB-5_MAP_g_11326.r24	BACKTEST	BLOCKED	10983	CONFIRM_INSTALL	3
328	rt4_TMB-5_MAP_g_11327.r24	BACKTEST	BLOCKED	10983	CONFIRM_INSTALL	3
329	rt4_TMB-5_MAP_g_11328.r24	BACKTEST	BLOCKED	10983	CONFIRM_INSTALL	3
330	rt4_TMB-5_MAP_g_11329.r24	BACKTEST	BLOCKED	10983	CONFIRM_INSTALL	3
331	rt4_TMB-5_MAP_g_11330.r24	BACKTEST	BLOCKED	10983	CONFIRM_INSTALL	3
332	rt4_TMB-5_MAP_g_11331.r24	BACKTEST	BLOCKED	10983	CONFIRM_INSTALL	3
333	rt4_TMB-5_MAP_g_11332.r24	BACKTEST	BLOCKED	10983	CONFIRM_INSTALL	3
334	rt4_TMB-5_MAP_g_11333.r24	BACKTEST	BLOCKED	10983	CONFIRM_INSTALL	3
335	rt4_TMB-5_MAP_g_11334.r24	BACKTEST	BLOCKED	10983	CONFIRM_INSTALL	3
336	rt4_TMB-5_MAP_g_11335.r24	BACKTEST	BLOCKED	10983	CONFIRM_INSTALL	3
337	rt4_TMB-5_MAP_g_11336.r24	BACKTEST	BLOCKED	10983	CONFIRM_INSTALL	3
338	rt4_TMB-5_MAP_g_11337.r24	BACKTEST	BLOCKED	10983	CONFIRM_INSTALL	3
339	rt4_TMB-5_MAP_g_11338.r24	BACKTEST	BLOCKED	10983	CONFIRM_INSTALL	3
340	rt4_TMB-5_MAP_g_11339.r24	BACKTEST	BLOCKED	10983	CONFIRM_INSTALL	3
341	rt4_TMB-5_MAP_g_11340.r24	BACKTEST	BLOCKED	10983	CONFIRM_INSTALL	3
342	rt4_TMB-5_MAP_g_11341.r24	BACKTEST	BLOCKED	10983	CONFIRM_INSTALL	3
343	rt4_TMB-5_MAP_g_11342.r24	BACKTEST	BLOCKED	10983	CONFIRM_INSTALL	3
344	rt4_TMB-5_MAP_g_11343.r24	BACKTEST	BLOCKED	10983	CONFIRM_INSTALL	3
345	rt4_TMB-5_MAP_g_11344.r24	BACKTEST	BLOCKED	10983	CONFIRM_INSTALL	3
346	rt4_TMB-5_MAP_g_11345.r24	BACKTEST	BLOCKED	10983	CONFIRM_INSTALL	3
347	rt4_TMB-5_MAP_g_11346.r24	BACKTEST	BLOCKED	10983	CONFIRM_INSTALL	3
348	rt4_TMB-5_MAP_g_11347.r24	BACKTEST	BLOCKED	10983	CONFIRM_INSTALL	3
349	rt4_TMB-5_MAP_g_11348.r24	BACKTEST	BLOCKED	10983	CONFIRM_INSTALL	3
350	rt4_TMB-5_MAP_g_11349.r24	BACKTEST	BLOCKED	10983	CONFIRM_INSTALL	3
351	rt4_TMB-5_MAP_g_11350.r24	BACKTEST	BLOCKED	10983	CONFIRM_INSTALL	3
352	rt4_TMB-5_MAP_g_11351.r24	BACKTEST	BLOCKED	10983	CONFIRM_INSTALL	3
353	rt4_TMB-5_MAP_g_11352.r24	BACKTEST	BLOCKED	10983	CONFIRM_INSTALL	3
354	rt4_TMB-5_MAP_g_11353.r24	BACKTEST	BLOCKED	10983	CONFIRM_INSTALL	3
355	rt4_TMB-5_MAP_g_11354.r24	BACKTEST	BLOCKED	10983	CONFIRM_INSTALL	3
356	rt4_TMB-5_MAP_g_11355.r24	BACKTEST	BLOCKED	10983	CONFIRM_INSTALL	3
357	rt4_TMB-5_MAP_g_11356.r24	BACKTEST	BLOCKED	10983	CONFIRM_INSTALL	3
358	rt4_TMB-5_MAP_g_11357.r24	BACKTEST	BLOCKED	10983	CONFIRM_INSTALL	3
359	rt4_TMB-5_MAP_g_11358.r24	BACKTEST	BLOCKED	10983	CONFIRM_INSTALL	3
360	rt4_TMB-5_MAP_g_11359.r24	BACKTEST	BLOCKED	10983	CONFIRM_INSTALL	3
361	rt4_TMB-5_MAP_g_11360.r24	BACKTEST	BLOCKED	10983	CONFIRM_INSTALL	3
362	rt4_TMB-5_MAP_g_11361.r24	BACKTEST	BLOCKED	10983	CONFIRM_INSTALL	3
363	rt4_TMB-5_MAP_g_11362.r24	BACKTEST	BLOCKED	10983	CONFIRM_INSTALL	3
364	rt4_TMB-5_MAP_g_11363.r24	BACKTEST	BLOCKED	10983	CONFIRM_INSTALL	3
365	rt4_TMB-5_MAP_g_11364.r24	BACKTEST	BLOCKED	10983	CONFIRM_INSTALL	3
366	rt4_TMB-5_MAP_g_11365.r24	BACKTEST	BLOCKED	10983	CONFIRM_INSTALL	3
367	rt4_TMB-5_MAP_g_11366.r24	BACKTEST	BLOCKED	10983	CONFIRM_INSTALL	3
368	rt4_TMB-5_MAP_g_11367.r24	BACKTEST	BLOCKED	10983	CONFIRM_INSTALL	3
369	rt4_TMB-5_MAP_g_11368.r24	BACKTEST	BLOCKED	10983	CONFIRM_INSTALL	3
370	rt4_TMB-5_MAP_g_11369.r24	BACKTEST	BLOCKED	10983	CONFIRM_INSTALL	3
371	rt4_TMB-5_MAP_g_11370.r24	BACKTEST	BLOCKED	10983	CONFIRM_INSTALL	3
372	rt4_TMB-5_MAP_g_11371.r24	BACKTEST	BLOCKED	10983	CONFIRM_INSTALL	3
373	rt4_TMB-5_MAP_g_11372.r24	BACKTEST	BLOCKED	10983	CONFIRM_INSTALL	3
374	rt4_TMB-5_MAP_g_11373.r24	BACKTEST	BLOCKED	10983	CONFIRM_INSTALL	3
375	rt4_TMB-5_MAP_g_11374.r24	BACKTEST	BLOCKED	10983	CONFIRM_INSTALL	3
376	rt4_TMB-5_MAP_g_11375.r24	BACKTEST	BLOCKED	10983	CONFIRM_INSTALL	3
377	rt4_TMB-5_MAP_g_11376.r24	BACKTEST	BLOCKED	10983	CONFIRM_INSTALL	3
378	rt4_TMB-5_MAP_g_11377.r24	BACKTEST	BLOCKED	10983	CONFIRM_INSTALL	3
379	rt4_TMB-5_MAP_g_11378.r24	BACKTEST	BLOCKED	10983	CONFIRM_INSTALL	3
380	rt4_TMB-5_MAP_g_11379.r24	BACKTEST	BLOCKED	10983	CONFIRM_INSTALL	3
381	rt4_TMB-5_MAP_g_11380.r24	BACKTEST	BLOCKED	10983	CONFIRM_INSTALL	3
382	rt4_TMB-5_MAP_g_11381.r24	BACKTEST	BLOCKED	10983	CONFIRM_INSTALL	3
383	rt4_TMB-5_MAP_g_11382.r24	BACKTEST	BLOCKED	10983	CONFIRM_INSTALL	3
384	rt4_TMB-5_MAP_g_11383.r24	BACKTEST	BLOCKED	10983	CONFIRM_INSTALL	3
385	rt4_TMB-5_MAP_g_11384.r24	BACKTEST	BLOCKED	10983	CONFIRM_INSTALL	3
386	rt4_TMB-5_MAP_g_11385.r24	BACKTEST	BLOCKED	10983	CONFIRM_INSTALL	3
387	rt4_TMB-5_MAP_g_11386.r24	BACKTEST	BLOCKED	10983	CONFIRM_INSTALL	3
388	rt4_TMB-5_MAP_g_11387.r24	BACKTEST	BLOCKED	10983	CONFIRM_INSTALL	3
389	rt4_TMB-5_MAP_g_11388.r24	BACKTEST	BLOCKED	10983	CONFIRM_INSTALL	3
390	rt4_TMB-5_MAP_g_11389.r24	BACKTEST	BLOCKED	10983	CONFIRM_INSTALL	3
391	rt4_TMB-5_MAP_g_11390.r24	BACKTEST	BLOCKED	10983	CONFIRM_INSTALL	3
392	rt4_TMB-5_MAP_g_11391.r24	BACKTEST	BLOCKED	10983	CONFIRM_INSTALL	3
393	rt4_TMB-5_MAP_g_11392.r24	BACKTEST	BLOCKED	10983	CONFIRM_INSTALL	3
394	rt4_TMB-5_MAP_g_11393.r24	BACKTEST	BLOCKED	10983	CONFIRM_INSTALL	3
395	rt4_TMB-5_MAP_g_11394.r24	BACKTEST	BLOCKED	10983	CONFIRM_INSTALL	3
396	rt4_TMB-5_MAP_g_11395.r24	BACKTEST	BLOCKED	10983	CONFIRM_INSTALL	3
397	rt4_TMB-5_MAP_g_11396.r24	BACKTEST	BLOCKED	10983	CONFIRM_INSTALL	3
398	rt4_TMB-5_MAP_g_11397.r24	BACKTEST	BLOCKED	10983	CONFIRM_INSTALL	3
399	rt4_TMB-5_MAP_g_11398.r24	BACKTEST	BLOCKED	10983	CONFIRM_INSTALL	3
400	rt4_TMB-5_MAP_g_11399.r24	BACKTEST	BLOCKED	10983	CONFIRM_INSTALL	3
401	rt4_TMB-5_MAP_g_11400.r24	BACKTEST	BLOCKED	10983	CONFIRM_INSTALL	3
402	rt4_TMB-5_MAP_g_11401.r24	BACKTEST	BLOCKED	10983	CONFIRM_INSTALL	3
403	rt4_TMB-5_MAP_g_11402.r24	BACKTEST	BLOCKED	10983	CONFIRM_INSTALL	3
404	rt4_TMB-5_MAP_g_11403.r24	BACKTEST	BLOCKED	10983	CONFIRM_INSTALL	3
405	rt4_TMB-5_MAP_g_11404.r24	BACKTEST	BLOCKED	10983	CONFIRM_INSTALL	3
406	rt4_TMB-5_MAP_g_11405.r24	BACKTEST	BLOCKED	10983	CONFIRM_INSTALL	3
407	rt4_TMB-5_MAP_g_11406.r24	BACKTEST	BLOCKED	10983	CONFIRM_INSTALL	3
408	rt4_TMB-5_MAP_g_11407.r24	BACKTEST	BLOCKED	10983	CONFIRM_INSTALL	3
409	rt4_TMB-5_MAP_g_11408.r24	BACKTEST	BLOCKED	10983	CONFIRM_INSTALL	3
410	rt4_TMB-5_MAP_g_11409.r24	BACKTEST	BLOCKED	10983	CONFIRM_INSTALL	3
411	rt4_TMB-5_MAP_g_11410.r24	BACKTEST	BLOCKED	10983	CONFIRM_INSTALL	3
412	rt4_TMB-5_MAP_g_11411.r24	BACKTEST	BLOCKED	10983	CONFIRM_INSTALL	3
413	rt4_TMB-5_MAP_g_11412.r24	BACKTEST	BLOCKED	10983	CONFIRM_INSTALL	3
414	rt4_TMB-5_MAP_g_11413.r24	BACKTEST	BLOCKED	10983	CONFIRM_INSTALL	3
415	rt4_TMB-5_MAP_g_11414.r24	BACKTEST	BLOCKED	10983	CONFIRM_INSTALL	3
416	rt4_TMB-5_MAP_g_11415.r24	BACKTEST	BLOCKED	10983	CONFIRM_INSTALL	3
417	rt4_TMB-5_MAP_g_11416.r24	BACKTEST	BLOCKED	10983	CONFIRM_INSTALL	3
418	rt4_TMB-5_MAP_g_11417.r24	BACKTEST	BLOCKED	10983	CONFIRM_INSTALL	3
419	rt4_TMB-5_MAP_g_11418.r24	BACKTEST	BLOCKED	10983	CONFIRM_INSTALL	3
420	rt4_TMB-5_MAP_g_11419.r24	BACKTEST	BLOCKED	10983	CONFIRM_INSTALL	3
421	rt4_TMB-5_MAP_g_11420.r24	BACKTEST	BLOCKED	10983	CONFIRM_INSTALL	3
422	rt4_TMB-5_MAP_g_11421.r24	BACKTEST	BLOCKED	10983	CONFIRM_INSTALL	3
423	rt4_TMB-5_MAP_g_11422.r24	BACKTEST	BLOCKED	10983	CONFIRM_INSTALL	3
424	rt4_TMB-5_MAP_g_11423.r24	BACKTEST	BLOCKED	10983	CONFIRM_INSTALL	3
425	rt4_TMB-5_MAP_g_11424.r24	BACKTEST	BLOCKED	10983	CONFIRM_INSTALL	3
426	rt4_TMB-5_MAP_g_11425.r24	BACKTEST	BLOCKED	10983	CONFIRM_INSTALL	3
427	rt4_TMB-5_MAP_g_11426.r24	BACKTEST	BLOCKED	10983	CONFIRM_INSTALL	3
428	rt4_TMB-5_MAP_g_11427.r24	BACKTEST	BLOCKED	10983	CONFIRM_INSTALL	3
429	rt4_TMB-5_MAP_g_11428.r24	BACKTEST	BLOCKED	10983	CONFIRM_INSTALL	3
430	rt4_TMB-5_MAP_g_11429.r24	BACKTEST	BLOCKED	10983	CONFIRM_INSTALL	3
431	rt4_TMB-5_MAP_g_11430.r24	BACKTEST	BLOCKED	10983	CONFIRM_INSTALL	3
432	rt4_TMB-5_MAP_g_11431.r24	BACKTEST	BLOCKED	10983	CONFIRM_INSTALL	3
433	rt4_TMB-5_MAP_g_11432.r24	BACKTEST	BLOCKED	10983	CONFIRM_INSTALL	3
434	rt4_TMB-5_MAP_g_11433.r24	BACKTEST	BLOCKED	10983	CONFIRM_INSTALL	3
435	rt4_TMB-5_MAP_g_11434.r24	BACKTEST	BLOCKED	10983	CONFIRM_INSTALL	3
436	rt4_TMB-5_MAP_g_11435.r24	BACKTEST	BLOCKED	10983	CONFIRM_INSTALL	3
437	rt4_TMB-5_MAP_g_11436.r24	BACKTEST	BLOCKED	10983	CONFIRM_INSTALL	3
438	rt4_TMB-5_MAP_g_11437.r24	BACKTEST	BLOCKED	10983	CONFIRM_INSTALL	3
439	rt4_TMB-5_MAP_g_11438.r24	BACKTEST	BLOCKED	10983	CONFIRM_INSTALL	3
440	rt4_TMB-5_MAP_g_11439.r24	BACKTEST	BLOCKED	10983	CONFIRM_INSTALL	3
441	rt4_TMB-5_MAP_g_11440.r24	BACKTEST	BLOCKED	10983	CONFIRM_INSTALL	3
442	rt4_TMB-5_MAP_g_11441.r24	BACKTEST	BLOCKED	10983	CONFIRM_INSTALL	3
443	rt4_TMB-5_MAP_g_11442.r24	BACKTEST	BLOCKED	10983	CONFIRM_INSTALL	3
444	rt4_TMB-5_MAP_g_11443.r24	BACKTEST	BLOCKED	10983	CONFIRM_INSTALL	3
445	rt4_TMB-5_MAP_g_11444.r24	BACKTEST	BLOCKED	10983	CONFIRM_INSTALL	3
446	rt4_TMB-5_MAP_g_11445.r24	BACKTEST	BLOCKED	10983	CONFIRM_INSTALL	3
447	rt4_TMB-5_MAP_g_11446.r24	BACKTEST	BLOCKED	10983	CONFIRM_INSTALL	3
448	rt4_TMB-5_MAP_g_11447.r24	BACKTEST	BLOCKED	10983	CONFIRM_INSTALL	3
449	rt4_TMB-5_MAP_g_11448.r24	BACKTEST	BLOCKED	10983	CONFIRM_INSTALL	3
450	rt4_TMB-5_MAP_g_11449.r24	BACKTEST	BLOCKED	10983	CONFIRM_INSTALL	3
451	rt4_TMB-5_MAP_g_11450.r24	BACKTEST	BLOCKED	10983	CONFIRM_INSTALL	3
452	rt4_TMB-5_MAP_g_11451.r24	BACKTEST	BLOCKED	10983	CONFIRM_INSTALL	3
453	rt4_TMB-5_MAP_g_11452.r24	BACKTEST	BLOCKED	10983	CONFIRM_INSTALL	3
454	rt4_TMB-5_MAP_g_11453.r24	BACKTEST	BLOCKED	10983	CONFIRM_INSTALL	3
455	rt4_TMB-5_MAP_g_11454.r24	BACKTEST	BLOCKED	10983	CONFIRM_INSTALL	3
456	rt4_TMB-5_MAP_g_11455.r24	BACKTEST	BLOCKED	10983	CONFIRM_INSTALL	3
457	rt4_TMB-5_MAP_g_11456.r24	BACKTEST	BLOCKED	10983	CONFIRM_INSTALL	3
458	rt4_TMB-5_MAP_g_11457.r24	BACKTEST	BLOCKED	10983	CONFIRM_INSTALL	3
459	rt4_TMB-5_MAP_g_11458.r24	BACKTEST	BLOCKED	10983	CONFIRM_INSTALL	3
460	rt4_TMB-5_MAP_g_11459.r24	BACKTEST	BLOCKED	10983	CONFIRM_INSTALL	3
461	rt4_TMB-5_MAP_g_11460.r24	BACKTEST	BLOCKED	10983	CONFIRM_INSTALL	3
462	rt4_TMB-5_MAP_g_11461.r24	BACKTEST	BLOCKED	10983	CONFIRM_INSTALL	3
463	rt4_TMB-5_MAP_g_11462.r24	BACKTEST	BLOCKED	10983	CONFIRM_INSTALL	3
464	rt4_TMB-5_MAP_g_11463.r24	BACKTEST	BLOCKED	10983	CONFIRM_INSTALL	3
465	rt4_TMB-5_MAP_g_11464.r24	BACKTEST	BLOCKED	10983	CONFIRM_INSTALL	3
466	rt4_TMB-5_MAP_g_11465.r24	BACKTEST	BLOCKED	10983	CONFIRM_INSTALL	3
467	rt4_TMB-5_MAP_g_11466.r24	BACKTEST	BLOCKED	10983	CONFIRM_INSTALL	3
468	rt4_TMB-5_MAP_g_11467.r24	BACKTEST	BLOCKED	10983	CONFIRM_INSTALL	3
469	rt4_TMB-5_MAP_g_11468.r24	BACKTEST	BLOCKED	10983	CONFIRM_INSTALL	3
470	rt4_TMB-5_MAP_g_11469.r24	BACKTEST	BLOCKED	10983	CONFIRM_INSTALL	3
471	rt4_TMB-5_MAP_g_11470.r24	BACKTEST	BLOCKED	10983	CONFIRM_INSTALL	3
472	rt4_TMB-5_MAP_g_11471.r24	BACKTEST	BLOCKED	10983	CONFIRM_INSTALL	3
473	rt4_TMB-5_MAP_g_11472.r24	BACKTEST	BLOCKED	10983	CONFIRM_INSTALL	3
474	rt4_TMB-5_MAP_g_11473.r24	BACKTEST	BLOCKED	10983	CONFIRM_INSTALL	3
475	rt4_TMB-5_MAP_g_11474.r24	BACKTEST	BLOCKED	10983	CONFIRM_INSTALL	3
476	rt4_TMB-5_MAP_g_11475.r24	BACKTEST	BLOCKED	10983	CONFIRM_INSTALL	3
477	rt4_TMB-5_MAP_g_11476.r24	BACKTEST	BLOCKED	10983	CONFIRM_INSTALL	3
478	rt4_TMB-5_MAP_g_11477.r24	BACKTEST	BLOCKED	10983	CONFIRM_INSTALL	3
479	rt4_TMB-5_MAP_g_11478.r24	BACKTEST	BLOCKED	10983	CONFIRM_INSTALL	3
480	rt4_TMB-5_MAP_g_11479.r24	BACKTEST	BLOCKED	10983	CONFIRM_INSTALL	3
481	rt4_TMB-5_MAP_g_11480.r24	BACKTEST	BLOCKED	10983	CONFIRM_INSTALL	3
482	rt4_TMB-5_MAP_g_11481.r24	BACKTEST	BLOCKED	10983	CONFIRM_INSTALL	3
483	rt4_TMB-5_MAP_g_11482.r24	BACKTEST	BLOCKED	10983	CONFIRM_INSTALL	3
484	rt4_TMB-5_MAP_g_11483.r24	BACKTEST	BLOCKED	10983	CONFIRM_INSTALL	3
485	rt4_TMB-5_MAP_g_11484.r24	BACKTEST	BLOCKED	10983	CONFIRM_INSTALL	3
486	rt4_TMB-5_MAP_g_11485.r24	BACKTEST	BLOCKED	10983	CONFIRM_INSTALL	3
487	rt4_TMB-5_MAP_g_11486.r24	BACKTEST	BLOCKED	10983	CONFIRM_INSTALL	3
488	rt4_TMB-5_MAP_g_11487.r24	BACKTEST	BLOCKED	10983	CONFIRM_INSTALL	3
489	rt4_TMB-5_MAP_g_11488.r24	BACKTEST	BLOCKED	10983	CONFIRM_INSTALL	3
490	rt4_TMB-5_MAP_g_11489.r24	BACKTEST	BLOCKED	10983	CONFIRM_INSTALL	3
491	rt4_TMB-5_MAP_g_11490.r24	BACKTEST	BLOCKED	10983	CONFIRM_INSTALL	3
492	rt4_TMB-5_MAP_g_11491.r24	BACKTEST	BLOCKED	10983	CONFIRM_INSTALL	3
493	rt4_TMB-5_MAP_g_11492.r24	BACKTEST	BLOCKED	10983	CONFIRM_INSTALL	3
494	rt4_TMB-5_MAP_g_11493.r24	BACKTEST	BLOCKED	10983	CONFIRM_INSTALL	3
495	rt4_TMB-5_MAP_g_11494.r24	BACKTEST	BLOCKED	10983	CONFIRM_INSTALL	3
496	rt4_TMB-5_MAP_g_11495.r24	BACKTEST	BLOCKED	10983	CONFIRM_INSTALL	3
497	rt4_TMB-5_MAP_g_11496.r24	BACKTEST	BLOCKED	10983	CONFIRM_INSTALL	3
498	rt4_TMB-5_MAP_g_11497.r24	BACKTEST	BLOCKED	10983	CONFIRM_INSTALL	3
499	rt4_TMB-5_MAP_g_11498.r24	BACKTEST	BLOCKED	10983	CONFIRM_INSTALL	3
500	rt4_TMB-5_MAP_g_11499.r24	BACKTEST	BLOCKED	10983	CONFIRM_INSTALL	3
SETSUM NEAR n=0 blocked=0 confirmed=0 withheld=0
SETSUM FAR n=0 blocked=0
SETSUM BACKTEST n=500 blocked=500
BACKTEST false_blocked=0 false_withheld=0 false_escaped=0 true_blocked=500
DELAYBAR delayed_gt50=0 over=0
HIST 0=0 1-3=0 4-10=0 11-50=0 51-100=0 101-300=0 301+=0 WITHHELD=0
SERIAL delayed_gt50=0
SANITY MISMATCH
