1	rt4_TMB-5_MAP_g_4500.r24	BACKTEST	BLOCKED	10983	CONFIRM_INSTALL	3
2	rt4_TMB-5_MAP_g_4501.r24	BACKTEST	BLOCKED	10983	CONFIRM_INSTALL	3
3	rt4_TMB-5_MAP_g_4502.r24	BACKTEST	BLOCKED	10983	CONFIRM_INSTALL	3
4	rt4_TMB-5_MAP_g_4503.r24	BACKTEST	BLOCKED	10983	CONFIRM_INSTALL	3
5	rt4_TMB-5_MAP_g_4504.r24	BACKTEST	BLOCKED	10983	CONFIRM_INSTALL	3
6	rt4_TMB-5_MAP_g_4505.r24	BACKTEST	BLOCKED	10983	CONFIRM_INSTALL	3
7	rt4_TMB-5_MAP_g_4506.r24	BACKTEST	BLOCKED	10983	CONFIRM_INSTALL	3
8	rt4_TMB-5_MAP_g_4507.r24	BACKTEST	BLOCKED	10983	CONFIRM_INSTALL	3
9	rt4_TMB-5_MAP_g_4508.r24	BACKTEST	BLOCKED	10983	CONFIRM_INSTALL	3
10	rt4_TMB-5_MAP_g_4509.r24	BACKTEST	BLOCKED	10983	CONFIRM_INSTALL	3
11	rt4_TMB-5_MAP_g_4510.r24	BACKTEST	BLOCKED	10983	CONFIRM_INSTALL	3
12	rt4_TMB-5_MAP_g_4511.r24	BACKTEST	BLOCKED	10983	CONFIRM_INSTALL	3
13	rt4_TMB-5_MAP_g_4512.r24	BACKTEST	BLOCKED	10983	CONFIRM_INSTALL	3
14	rt4_TMB-5_MAP_g_4513.r24	BACKTEST	BLOCKED	10983	CONFIRM_INSTALL	3
15	rt4_TMB-5_MAP_g_4514.r24	BACKTEST	BLOCKED	10983	CONFIRM_INSTALL	3
16	rt4_TMB-5_MAP_g_4515.r24	BACKTEST	BLOCKED	10983	CONFIRM_INSTALL	3
17	rt4_TMB-5_MAP_g_4516.r24	BACKTEST	BLOCKED	10983	CONFIRM_INSTALL	3
18	rt4_TMB-5_MAP_g_4517.r24	BACKTEST	BLOCKED	10983	CONFIRM_INSTALL	3
19	rt4_TMB-5_MAP_g_4518.r24	BACKTEST	BLOCKED	10983	CONFIRM_INSTALL	3
20	rt4_TMB-5_MAP_g_4519.r24	BACKTEST	BLOCKED	10983	CONFIRM_INSTALL	3
21	rt4_TMB-5_MAP_g_4520.r24	BACKTEST	BLOCKED	10983	CONFIRM_INSTALL	3
22	rt4_TMB-5_MAP_g_4521.r24	BACKTEST	BLOCKED	10983	CONFIRM_INSTALL	3
23	rt4_TMB-5_MAP_g_4522.r24	BACKTEST	BLOCKED	10983	WITHHOLD	-1
24	rt4_TMB-5_MAP_g_4523.r24	BACKTEST	BLOCKED	10983	WITHHOLD	-1
25	rt4_TMB-5_MAP_g_4524.r24	BACKTEST	BLOCKED	10983	WITHHOLD	-1
26	rt4_TMB-5_MAP_g_4525.r24	BACKTEST	BLOCKED	10983	WITHHOLD	-1
27	rt4_TMB-5_MAP_g_4526.r24	BACKTEST	BLOCKED	10983	WITHHOLD	-1
28	rt4_TMB-5_MAP_g_4527.r24	BACKTEST	BLOCKED	10983	WITHHOLD	-1
29	rt4_TMB-5_MAP_g_4528.r24	BACKTEST	BLOCKED	10983	WITHHOLD	-1
30	rt4_TMB-5_MAP_g_4529.r24	BACKTEST	BLOCKED	10983	WITHHOLD	-1
31	rt4_TMB-5_MAP_g_4530.r24	BACKTEST	BLOCKED	10983	WITHHOLD	-1
32	rt4_TMB-5_MAP_g_4531.r24	BACKTEST	BLOCKED	10983	WITHHOLD	-1
33	rt4_TMB-5_MAP_g_4532.r24	BACKTEST	BLOCKED	10983	WITHHOLD	-1
34	rt4_TMB-5_MAP_g_4533.r24	BACKTEST	BLOCKED	10983	WITHHOLD	-1
35	rt4_TMB-5_MAP_g_4534.r24	BACKTEST	BLOCKED	10983	WITHHOLD	-1
36	rt4_TMB-5_MAP_g_4535.r24	BACKTEST	BLOCKED	10983	WITHHOLD	-1
37	rt4_TMB-5_MAP_g_4536.r24	BACKTEST	BLOCKED	10983	WITHHOLD	-1
38	rt4_TMB-5_MAP_g_4537.r24	BACKTEST	BLOCKED	10983	CONFIRM_INSTALL	3
39	rt4_TMB-5_MAP_g_4538.r24	BACKTEST	BLOCKED	10983	CONFIRM_INSTALL	3
40	rt4_TMB-5_MAP_g_4539.r24	BACKTEST	BLOCKED	10983	CONFIRM_INSTALL	3
41	rt4_TMB-5_MAP_g_4540.r24	BACKTEST	BLOCKED	10983	CONFIRM_INSTALL	3
42	rt4_TMB-5_MAP_g_4541.r24	BACKTEST	BLOCKED	10983	CONFIRM_INSTALL	3
43	rt4_TMB-5_MAP_g_4542.r24	BACKTEST	BLOCKED	10983	CONFIRM_INSTALL	3
44	rt4_TMB-5_MAP_g_4543.r24	BACKTEST	BLOCKED	10983	CONFIRM_INSTALL	3
45	rt4_TMB-5_MAP_g_4544.r24	BACKTEST	BLOCKED	10983	CONFIRM_INSTALL	3
46	rt4_TMB-5_MAP_g_4545.r24	BACKTEST	BLOCKED	10983	CONFIRM_INSTALL	3
47	rt4_TMB-5_MAP_g_4546.r24	BACKTEST	BLOCKED	10983	CONFIRM_INSTALL	3
48	rt4_TMB-5_MAP_g_4547.r24	BACKTEST	BLOCKED	10983	CONFIRM_INSTALL	3
49	rt4_TMB-5_MAP_g_4548.r24	BACKTEST	BLOCKED	10983	CONFIRM_INSTALL	3
50	rt4_TMB-5_MAP_g_4549.r24	BACKTEST	BLOCKED	10983	CONFIRM_INSTALL	3
51	rt4_TMB-5_MAP_g_4550.r24	BACKTEST	BLOCKED	10983	CONFIRM_INSTALL	3
52	rt4_TMB-5_MAP_g_4551.r24	BACKTEST	BLOCKED	10983	CONFIRM_INSTALL	3
53	rt4_TMB-5_MAP_g_4552.r24	BACKTEST	BLOCKED	10983	CONFIRM_INSTALL	3
54	rt4_TMB-5_MAP_g_4553.r24	BACKTEST	BLOCKED	10983	CONFIRM_INSTALL	3
55	rt4_TMB-5_MAP_g_4554.r24	BACKTEST	BLOCKED	10983	CONFIRM_INSTALL	3
56	rt4_TMB-5_MAP_g_4555.r24	BACKTEST	BLOCKED	10983	CONFIRM_INSTALL	3
57	rt4_TMB-5_MAP_g_4556.r24	BACKTEST	BLOCKED	10983	CONFIRM_INSTALL	3
58	rt4_TMB-5_MAP_g_4557.r24	BACKTEST	BLOCKED	10983	CONFIRM_INSTALL	3
59	rt4_TMB-5_MAP_g_4558.r24	BACKTEST	BLOCKED	10983	CONFIRM_INSTALL	3
60	rt4_TMB-5_MAP_g_4559.r24	BACKTEST	BLOCKED	10983	CONFIRM_INSTALL	3
61	rt4_TMB-5_MAP_g_4560.r24	BACKTEST	BLOCKED	10983	CONFIRM_INSTALL	3
62	rt4_TMB-5_MAP_g_4561.r24	BACKTEST	BLOCKED	10983	CONFIRM_INSTALL	3
63	rt4_TMB-5_MAP_g_4562.r24	BACKTEST	BLOCKED	10983	CONFIRM_INSTALL	3
64	rt4_TMB-5_MAP_g_4563.r24	BACKTEST	BLOCKED	10983	CONFIRM_INSTALL	3
65	rt4_TMB-5_MAP_g_4564.r24	BACKTEST	BLOCKED	10983	CONFIRM_INSTALL	3
66	rt4_TMB-5_MAP_g_4565.r24	BACKTEST	BLOCKED	10983	CONFIRM_INSTALL	3
67	rt4_TMB-5_MAP_g_4566.r24	BACKTEST	BLOCKED	10983	CONFIRM_INSTALL	3
68	rt4_TMB-5_MAP_g_4567.r24	BACKTEST	BLOCKED	10983	CONFIRM_INSTALL	3
69	rt4_TMB-5_MAP_g_4568.r24	BACKTEST	BLOCKED	10983	CONFIRM_INSTALL	3
70	rt4_TMB-5_MAP_g_4569.r24	BACKTEST	BLOCKED	10983	CONFIRM_INSTALL	3
71	rt4_TMB-5_MAP_g_4570.r24	BACKTEST	BLOCKED	10983	CONFIRM_INSTALL	3
72	rt4_TMB-5_MAP_g_4571.r24	BACKTEST	BLOCKED	10983	CONFIRM_INSTALL	3
73	rt4_TMB-5_MAP_g_4572.r24	BACKTEST	BLOCKED	10983	CONFIRM_INSTALL	3
74	rt4_TMB-5_MAP_g_4573.r24	BACKTEST	BLOCKED	10983	CONFIRM_INSTALL	3
75	rt4_TMB-5_MAP_g_4574.r24	BACKTEST	BLOCKED	10983	CONFIRM_INSTALL	3
76	rt4_TMB-5_MAP_g_4575.r24	BACKTEST	BLOCKED	10983	CONFIRM_INSTALL	3
77	rt4_TMB-5_MAP_g_4576.r24	BACKTEST	BLOCKED	10983	CONFIRM_INSTALL	3
78	rt4_TMB-5_MAP_g_4577.r24	BACKTEST	BLOCKED	10983	CONFIRM_INSTALL	3
79	rt4_TMB-5_MAP_g_4578.r24	BACKTEST	BLOCKED	10983	CONFIRM_INSTALL	3
80	rt4_TMB-5_MAP_g_4579.r24	BACKTEST	BLOCKED	10983	CONFIRM_INSTALL	3
81	rt4_TMB-5_MAP_g_4580.r24	BACKTEST	BLOCKED	10983	CONFIRM_INSTALL	3
82	rt4_TMB-5_MAP_g_4581.r24	BACKTEST	BLOCKED	10983	CONFIRM_INSTALL	3
83	rt4_TMB-5_MAP_g_4582.r24	BACKTEST	BLOCKED	10983	CONFIRM_INSTALL	3
84	rt4_TMB-5_MAP_g_4583.r24	BACKTEST	BLOCKED	10983	CONFIRM_INSTALL	3
85	rt4_TMB-5_MAP_g_4584.r24	BACKTEST	BLOCKED	10983	CONFIRM_INSTALL	3
86	rt4_TMB-5_MAP_g_4585.r24	BACKTEST	BLOCKED	10983	CONFIRM_INSTALL	3
87	rt4_TMB-5_MAP_g_4586.r24	BACKTEST	BLOCKED	10983	CONFIRM_INSTALL	3
88	rt4_TMB-5_MAP_g_4587.r24	BACKTEST	BLOCKED	10983	CONFIRM_INSTALL	3
89	rt4_TMB-5_MAP_g_4588.r24	BACKTEST	BLOCKED	10983	CONFIRM_INSTALL	3
90	rt4_TMB-5_MAP_g_4589.r24	BACKTEST	BLOCKED	10983	CONFIRM_INSTALL	3
91	rt4_TMB-5_MAP_g_4590.r24	BACKTEST	BLOCKED	10983	CONFIRM_INSTALL	3
92	rt4_TMB-5_MAP_g_4591.r24	BACKTEST	BLOCKED	10983	CONFIRM_INSTALL	3
93	rt4_TMB-5_MAP_g_4592.r24	BACKTEST	BLOCKED	10983	CONFIRM_INSTALL	3
94	rt4_TMB-5_MAP_g_4593.r24	BACKTEST	BLOCKED	10983	CONFIRM_INSTALL	3
95	rt4_TMB-5_MAP_g_4594.r24	BACKTEST	BLOCKED	10983	CONFIRM_INSTALL	3
96	rt4_TMB-5_MAP_g_4595.r24	BACKTEST	BLOCKED	10983	CONFIRM_INSTALL	3
97	rt4_TMB-5_MAP_g_4596.r24	BACKTEST	BLOCKED	10983	CONFIRM_INSTALL	3
98	rt4_TMB-5_MAP_g_4597.r24	BACKTEST	BLOCKED	10983	CONFIRM_INSTALL	3
99	rt4_TMB-5_MAP_g_4598.r24	BACKTEST	BLOCKED	10983	CONFIRM_INSTALL	3
100	rt4_TMB-5_MAP_g_4599.r24	BACKTEST	BLOCKED	10983	CONFIRM_INSTALL	3
101	rt4_TMB-5_MAP_g_4600.r24	BACKTEST	BLOCKED	10983	CONFIRM_INSTALL	3
102	rt4_TMB-5_MAP_g_4601.r24	BACKTEST	BLOCKED	10983	CONFIRM_INSTALL	3
103	rt4_TMB-5_MAP_g_4602.r24	BACKTEST	BLOCKED	10983	CONFIRM_INSTALL	3
104	rt4_TMB-5_MAP_g_4603.r24	BACKTEST	BLOCKED	10983	CONFIRM_INSTALL	3
105	rt4_TMB-5_MAP_g_4604.r24	BACKTEST	BLOCKED	10983	CONFIRM_INSTALL	3
106	rt4_TMB-5_MAP_g_4605.r24	BACKTEST	BLOCKED	10983	CONFIRM_INSTALL	3
107	rt4_TMB-5_MAP_g_4606.r24	BACKTEST	BLOCKED	10983	CONFIRM_INSTALL	3
108	rt4_TMB-5_MAP_g_4607.r24	BACKTEST	BLOCKED	10983	CONFIRM_INSTALL	3
109	rt4_TMB-5_MAP_g_4608.r24	BACKTEST	BLOCKED	10983	CONFIRM_INSTALL	3
110	rt4_TMB-5_MAP_g_4609.r24	BACKTEST	BLOCKED	10983	CONFIRM_INSTALL	3
111	rt4_TMB-5_MAP_g_4610.r24	BACKTEST	BLOCKED	10983	CONFIRM_INSTALL	3
112	rt4_TMB-5_MAP_g_4611.r24	BACKTEST	BLOCKED	10983	CONFIRM_INSTALL	3
113	rt4_TMB-5_MAP_g_4612.r24	BACKTEST	BLOCKED	10983	CONFIRM_INSTALL	3
114	rt4_TMB-5_MAP_g_4613.r24	BACKTEST	BLOCKED	10983	CONFIRM_INSTALL	3
115	rt4_TMB-5_MAP_g_4614.r24	BACKTEST	BLOCKED	10983	CONFIRM_INSTALL	3
116	rt4_TMB-5_MAP_g_4615.r24	BACKTEST	BLOCKED	10983	CONFIRM_INSTALL	3
117	rt4_TMB-5_MAP_g_4616.r24	BACKTEST	BLOCKED	10983	CONFIRM_INSTALL	3
118	rt4_TMB-5_MAP_g_4617.r24	BACKTEST	BLOCKED	10983	CONFIRM_INSTALL	3
119	rt4_TMB-5_MAP_g_4618.r24	BACKTEST	BLOCKED	10983	CONFIRM_INSTALL	3
120	rt4_TMB-5_MAP_g_4619.r24	BACKTEST	BLOCKED	10983	CONFIRM_INSTALL	3
121	rt4_TMB-5_MAP_g_4620.r24	BACKTEST	BLOCKED	10983	CONFIRM_INSTALL	3
122	rt4_TMB-5_MAP_g_4621.r24	BACKTEST	BLOCKED	10983	CONFIRM_INSTALL	3
123	rt4_TMB-5_MAP_g_4622.r24	BACKTEST	BLOCKED	10983	CONFIRM_INSTALL	3
124	rt4_TMB-5_MAP_g_4623.r24	BACKTEST	BLOCKED	10983	CONFIRM_INSTALL	3
125	rt4_TMB-5_MAP_g_4624.r24	BACKTEST	BLOCKED	10983	CONFIRM_INSTALL	3
126	rt4_TMB-5_MAP_g_4625.r24	BACKTEST	BLOCKED	10983	CONFIRM_INSTALL	3
127	rt4_TMB-5_MAP_g_4626.r24	BACKTEST	BLOCKED	10983	CONFIRM_INSTALL	3
128	rt4_TMB-5_MAP_g_4627.r24	BACKTEST	BLOCKED	10983	CONFIRM_INSTALL	3
129	rt4_TMB-5_MAP_g_4628.r24	BACKTEST	BLOCKED	10983	CONFIRM_INSTALL	3
130	rt4_TMB-5_MAP_g_4629.r24	BACKTEST	BLOCKED	10983	CONFIRM_INSTALL	3
131	rt4_TMB-5_MAP_g_4630.r24	BACKTEST	BLOCKED	10983	CONFIRM_INSTALL	3
132	rt4_TMB-5_MAP_g_4631.r24	BACKTEST	BLOCKED	10983	CONFIRM_INSTALL	3
133	rt4_TMB-5_MAP_g_4632.r24	BACKTEST	BLOCKED	10983	CONFIRM_INSTALL	3
134	rt4_TMB-5_MAP_g_4633.r24	BACKTEST	BLOCKED	10983	CONFIRM_INSTALL	3
135	rt4_TMB-5_MAP_g_4634.r24	BACKTEST	BLOCKED	10983	CONFIRM_INSTALL	3
136	rt4_TMB-5_MAP_g_4635.r24	BACKTEST	BLOCKED	10983	CONFIRM_INSTALL	3
137	rt4_TMB-5_MAP_g_4636.r24	BACKTEST	BLOCKED	10983	CONFIRM_INSTALL	3
138	rt4_TMB-5_MAP_g_4637.r24	BACKTEST	BLOCKED	10983	CONFIRM_INSTALL	3
139	rt4_TMB-5_MAP_g_4638.r24	BACKTEST	BLOCKED	10983	CONFIRM_INSTALL	3
140	rt4_TMB-5_MAP_g_4639.r24	BACKTEST	BLOCKED	10983	CONFIRM_INSTALL	3
141	rt4_TMB-5_MAP_g_4640.r24	BACKTEST	BLOCKED	10983	CONFIRM_INSTALL	3
142	rt4_TMB-5_MAP_g_4641.r24	BACKTEST	BLOCKED	10983	CONFIRM_INSTALL	3
143	rt4_TMB-5_MAP_g_4642.r24	BACKTEST	BLOCKED	10992	CONFIRM_INSTALL	3
144	rt4_TMB-5_MAP_g_4643.r24	BACKTEST	BLOCKED	10992	CONFIRM_INSTALL	3
145	rt4_TMB-5_MAP_g_4644.r24	BACKTEST	ALLOWED	-	-	0
146	rt4_TMB-5_MAP_g_4645.r24	BACKTEST	ALLOWED	-	-	0
147	rt4_TMB-5_MAP_g_4646.r24	BACKTEST	ALLOWED	-	-	0
148	rt4_TMB-5_MAP_g_4647.r24	BACKTEST	ALLOWED	-	-	0
149	rt4_TMB-5_MAP_g_4648.r24	BACKTEST	BLOCKED	10983	WITHHOLD	-1
150	rt4_TMB-5_MAP_g_4649.r24	BACKTEST	BLOCKED	10983	WITHHOLD	-1
151	rt4_TMB-5_MAP_g_4650.r24	BACKTEST	BLOCKED	10983	WITHHOLD	-1
152	rt4_TMB-5_MAP_g_4651.r24	BACKTEST	BLOCKED	10983	WITHHOLD	-1
153	rt4_TMB-5_MAP_g_4652.r24	BACKTEST	BLOCKED	10983	WITHHOLD	-1
154	rt4_TMB-5_MAP_g_4653.r24	BACKTEST	BLOCKED	10983	WITHHOLD	-1
155	rt4_TMB-5_MAP_g_4654.r24	BACKTEST	BLOCKED	10983	WITHHOLD	-1
156	rt4_TMB-5_MAP_g_4655.r24	BACKTEST	BLOCKED	10983	WITHHOLD	-1
157	rt4_TMB-5_MAP_g_4656.r24	BACKTEST	BLOCKED	10983	WITHHOLD	-1
158	rt4_TMB-5_MAP_g_4657.r24	BACKTEST	BLOCKED	10983	WITHHOLD	-1
159	rt4_TMB-5_MAP_g_4658.r24	BACKTEST	BLOCKED	10983	WITHHOLD	-1
160	rt4_TMB-5_MAP_g_4659.r24	BACKTEST	BLOCKED	10983	WITHHOLD	-1
161	rt4_TMB-5_MAP_g_4660.r24	BACKTEST	BLOCKED	10983	WITHHOLD	-1
162	rt4_TMB-5_MAP_g_4661.r24	BACKTEST	BLOCKED	10983	WITHHOLD	-1
163	rt4_TMB-5_MAP_g_4662.r24	BACKTEST	BLOCKED	10983	WITHHOLD	-1
164	rt4_TMB-5_MAP_g_4663.r24	BACKTEST	BLOCKED	10983	WITHHOLD	-1
165	rt4_TMB-5_MAP_g_4664.r24	BACKTEST	BLOCKED	10983	WITHHOLD	-1
166	rt4_TMB-5_MAP_g_4665.r24	BACKTEST	BLOCKED	10983	WITHHOLD	-1
167	rt4_TMB-5_MAP_g_4666.r24	BACKTEST	BLOCKED	10983	WITHHOLD	-1
168	rt4_TMB-5_MAP_g_4667.r24	BACKTEST	BLOCKED	10983	WITHHOLD	-1
169	rt4_TMB-5_MAP_g_4668.r24	BACKTEST	BLOCKED	10983	WITHHOLD	-1
170	rt4_TMB-5_MAP_g_4669.r24	BACKTEST	BLOCKED	10983	WITHHOLD	-1
171	rt4_TMB-5_MAP_g_4670.r24	BACKTEST	BLOCKED	10983	WITHHOLD	-1
172	rt4_TMB-5_MAP_g_4671.r24	BACKTEST	BLOCKED	10983	WITHHOLD	-1
173	rt4_TMB-5_MAP_g_4672.r24	BACKTEST	BLOCKED	10983	WITHHOLD	-1
174	rt4_TMB-5_MAP_g_4673.r24	BACKTEST	BLOCKED	10983	WITHHOLD	-1
175	rt4_TMB-5_MAP_g_4674.r24	BACKTEST	BLOCKED	10983	WITHHOLD	-1
176	rt4_TMB-5_MAP_g_4675.r24	BACKTEST	BLOCKED	10983	WITHHOLD	-1
177	rt4_TMB-5_MAP_g_4676.r24	BACKTEST	BLOCKED	10983	WITHHOLD	-1
178	rt4_TMB-5_MAP_g_4677.r24	BACKTEST	BLOCKED	10983	WITHHOLD	-1
179	rt4_TMB-5_MAP_g_4678.r24	BACKTEST	BLOCKED	10983	WITHHOLD	-1
180	rt4_TMB-5_MAP_g_4679.r24	BACKTEST	BLOCKED	10983	WITHHOLD	-1
181	rt4_TMB-5_MAP_g_4680.r24	BACKTEST	BLOCKED	10983	WITHHOLD	-1
182	rt4_TMB-5_MAP_g_4681.r24	BACKTEST	BLOCKED	10983	WITHHOLD	-1
183	rt4_TMB-5_MAP_g_4682.r24	BACKTEST	BLOCKED	10983	WITHHOLD	-1
184	rt4_TMB-5_MAP_g_4683.r24	BACKTEST	BLOCKED	10983	WITHHOLD	-1
185	rt4_TMB-5_MAP_g_4684.r24	BACKTEST	BLOCKED	10983	WITHHOLD	-1
186	rt4_TMB-5_MAP_g_4685.r24	BACKTEST	BLOCKED	10983	WITHHOLD	-1
187	rt4_TMB-5_MAP_g_4686.r24	BACKTEST	BLOCKED	10983	WITHHOLD	-1
188	rt4_TMB-5_MAP_g_4687.r24	BACKTEST	BLOCKED	10983	WITHHOLD	-1
189	rt4_TMB-5_MAP_g_4688.r24	BACKTEST	BLOCKED	10983	WITHHOLD	-1
190	rt4_TMB-5_MAP_g_4689.r24	BACKTEST	BLOCKED	10983	WITHHOLD	-1
191	rt4_TMB-5_MAP_g_4690.r24	BACKTEST	BLOCKED	10983	WITHHOLD	-1
192	rt4_TMB-5_MAP_g_4691.r24	BACKTEST	BLOCKED	10983	WITHHOLD	-1
193	rt4_TMB-5_MAP_g_4692.r24	BACKTEST	BLOCKED	10983	WITHHOLD	-1
194	rt4_TMB-5_MAP_g_4693.r24	BACKTEST	BLOCKED	10983	WITHHOLD	-1
195	rt4_TMB-5_MAP_g_4694.r24	BACKTEST	BLOCKED	10983	WITHHOLD	-1
196	rt4_TMB-5_MAP_g_4695.r24	BACKTEST	BLOCKED	10983	WITHHOLD	-1
197	rt4_TMB-5_MAP_g_4696.r24	BACKTEST	BLOCKED	10983	WITHHOLD	-1
198	rt4_TMB-5_MAP_g_4697.r24	BACKTEST	BLOCKED	10983	WITHHOLD	-1
199	rt4_TMB-5_MAP_g_4698.r24	BACKTEST	BLOCKED	10983	WITHHOLD	-1
200	rt4_TMB-5_MAP_g_4699.r24	BACKTEST	BLOCKED	10983	WITHHOLD	-1
201	rt4_TMB-5_MAP_g_4700.r24	BACKTEST	BLOCKED	10983	WITHHOLD	-1
202	rt4_TMB-5_MAP_g_4701.r24	BACKTEST	BLOCKED	10983	WITHHOLD	-1
203	rt4_TMB-5_MAP_g_4702.r24	BACKTEST	BLOCKED	10983	WITHHOLD	-1
204	rt4_TMB-5_MAP_g_4703.r24	BACKTEST	BLOCKED	10983	WITHHOLD	-1
205	rt4_TMB-5_MAP_g_4704.r24	BACKTEST	BLOCKED	10983	WITHHOLD	-1
206	rt4_TMB-5_MAP_g_4705.r24	BACKTEST	BLOCKED	10983	WITHHOLD	-1
207	rt4_TMB-5_MAP_g_4706.r24	BACKTEST	BLOCKED	10983	WITHHOLD	-1
208	rt4_TMB-5_MAP_g_4707.r24	BACKTEST	BLOCKED	10983	WITHHOLD	-1
209	rt4_TMB-5_MAP_g_4708.r24	BACKTEST	BLOCKED	10983	WITHHOLD	-1
210	rt4_TMB-5_MAP_g_4709.r24	BACKTEST	BLOCKED	10983	WITHHOLD	-1
211	rt4_TMB-5_MAP_g_4710.r24	BACKTEST	BLOCKED	10983	WITHHOLD	-1
212	rt4_TMB-5_MAP_g_4711.r24	BACKTEST	BLOCKED	10983	WITHHOLD	-1
213	rt4_TMB-5_MAP_g_4712.r24	BACKTEST	BLOCKED	10983	WITHHOLD	-1
214	rt4_TMB-5_MAP_g_4713.r24	BACKTEST	BLOCKED	10983	WITHHOLD	-1
215	rt4_TMB-5_MAP_g_4714.r24	BACKTEST	BLOCKED	10983	WITHHOLD	-1
216	rt4_TMB-5_MAP_g_4715.r24	BACKTEST	BLOCKED	10983	WITHHOLD	-1
217	rt4_TMB-5_MAP_g_4716.r24	BACKTEST	BLOCKED	10983	WITHHOLD	-1
218	rt4_TMB-5_MAP_g_4717.r24	BACKTEST	BLOCKED	10983	WITHHOLD	-1
219	rt4_TMB-5_MAP_g_4718.r24	BACKTEST	BLOCKED	10983	WITHHOLD	-1
220	rt4_TMB-5_MAP_g_4719.r24	BACKTEST	BLOCKED	10983	WITHHOLD	-1
221	rt4_TMB-5_MAP_g_4720.r24	BACKTEST	BLOCKED	10983	WITHHOLD	-1
222	rt4_TMB-5_MAP_g_4721.r24	BACKTEST	BLOCKED	10983	WITHHOLD	-1
223	rt4_TMB-5_MAP_g_4722.r24	BACKTEST	BLOCKED	10983	WITHHOLD	-1
224	rt4_TMB-5_MAP_g_4723.r24	BACKTEST	BLOCKED	10983	WITHHOLD	-1
225	rt4_TMB-5_MAP_g_4724.r24	BACKTEST	BLOCKED	10983	WITHHOLD	-1
226	rt4_TMB-5_MAP_g_4725.r24	BACKTEST	BLOCKED	10983	WITHHOLD	-1
227	rt4_TMB-5_MAP_g_4726.r24	BACKTEST	BLOCKED	10983	WITHHOLD	-1
228	rt4_TMB-5_MAP_g_4727.r24	BACKTEST	BLOCKED	10983	CONFIRM_INSTALL	3
229	rt4_TMB-5_MAP_g_4728.r24	BACKTEST	BLOCKED	10983	CONFIRM_INSTALL	3
230	rt4_TMB-5_MAP_g_4729.r24	BACKTEST	BLOCKED	10983	CONFIRM_INSTALL	3
231	rt4_TMB-5_MAP_g_4730.r24	BACKTEST	BLOCKED	10983	CONFIRM_INSTALL	3
232	rt4_TMB-5_MAP_g_4731.r24	BACKTEST	BLOCKED	10983	CONFIRM_INSTALL	3
233	rt4_TMB-5_MAP_g_4732.r24	BACKTEST	BLOCKED	10983	CONFIRM_INSTALL	3
234	rt4_TMB-5_MAP_g_4733.r24	BACKTEST	BLOCKED	10983	CONFIRM_INSTALL	3
235	rt4_TMB-5_MAP_g_4734.r24	BACKTEST	BLOCKED	10983	CONFIRM_INSTALL	3
236	rt4_TMB-5_MAP_g_4735.r24	BACKTEST	BLOCKED	10983	CONFIRM_INSTALL	3
237	rt4_TMB-5_MAP_g_4736.r24	BACKTEST	BLOCKED	10983	CONFIRM_INSTALL	3
238	rt4_TMB-5_MAP_g_4737.r24	BACKTEST	BLOCKED	10983	CONFIRM_INSTALL	3
239	rt4_TMB-5_MAP_g_4738.r24	BACKTEST	BLOCKED	10983	CONFIRM_INSTALL	3
240	rt4_TMB-5_MAP_g_4739.r24	BACKTEST	BLOCKED	10983	CONFIRM_INSTALL	3
241	rt4_TMB-5_MAP_g_4740.r24	BACKTEST	BLOCKED	10983	CONFIRM_INSTALL	3
242	rt4_TMB-5_MAP_g_4741.r24	BACKTEST	BLOCKED	10983	CONFIRM_INSTALL	3
243	rt4_TMB-5_MAP_g_4742.r24	BACKTEST	BLOCKED	10983	CONFIRM_INSTALL	3
244	rt4_TMB-5_MAP_g_4743.r24	BACKTEST	BLOCKED	10983	CONFIRM_INSTALL	3
245	rt4_TMB-5_MAP_g_4744.r24	BACKTEST	BLOCKED	10983	CONFIRM_INSTALL	3
246	rt4_TMB-5_MAP_g_4745.r24	BACKTEST	BLOCKED	10983	CONFIRM_INSTALL	3
247	rt4_TMB-5_MAP_g_4746.r24	BACKTEST	BLOCKED	10983	CONFIRM_INSTALL	3
248	rt4_TMB-5_MAP_g_4747.r24	BACKTEST	BLOCKED	10983	CONFIRM_INSTALL	3
249	rt4_TMB-5_MAP_g_4748.r24	BACKTEST	BLOCKED	10983	CONFIRM_INSTALL	3
250	rt4_TMB-5_MAP_g_4749.r24	BACKTEST	BLOCKED	10983	CONFIRM_INSTALL	3
251	rt4_TMB-5_MAP_g_4750.r24	BACKTEST	BLOCKED	10983	CONFIRM_INSTALL	3
252	rt4_TMB-5_MAP_g_4751.r24	BACKTEST	BLOCKED	10983	CONFIRM_INSTALL	3
253	rt4_TMB-5_MAP_g_4752.r24	BACKTEST	BLOCKED	10983	CONFIRM_INSTALL	3
254	rt4_TMB-5_MAP_g_4753.r24	BACKTEST	BLOCKED	10983	WITHHOLD	-1
255	rt4_TMB-5_MAP_g_4754.r24	BACKTEST	BLOCKED	10983	WITHHOLD	-1
256	rt4_TMB-5_MAP_g_4755.r24	BACKTEST	BLOCKED	10983	WITHHOLD	-1
257	rt4_TMB-5_MAP_g_4756.r24	BACKTEST	BLOCKED	10983	WITHHOLD	-1
258	rt4_TMB-5_MAP_g_4757.r24	BACKTEST	BLOCKED	10983	WITHHOLD	-1
259	rt4_TMB-5_MAP_g_4758.r24	BACKTEST	BLOCKED	10983	WITHHOLD	-1
260	rt4_TMB-5_MAP_g_4759.r24	BACKTEST	BLOCKED	10983	WITHHOLD	-1
261	rt4_TMB-5_MAP_g_4760.r24	BACKTEST	BLOCKED	10983	WITHHOLD	-1
262	rt4_TMB-5_MAP_g_4761.r24	BACKTEST	BLOCKED	10983	WITHHOLD	-1
263	rt4_TMB-5_MAP_g_4762.r24	BACKTEST	BLOCKED	10983	WITHHOLD	-1
264	rt4_TMB-5_MAP_g_4763.r24	BACKTEST	BLOCKED	10983	WITHHOLD	-1
265	rt4_TMB-5_MAP_g_4764.r24	BACKTEST	BLOCKED	10983	WITHHOLD	-1
266	rt4_TMB-5_MAP_g_4765.r24	BACKTEST	BLOCKED	10983	WITHHOLD	-1
267	rt4_TMB-5_MAP_g_4766.r24	BACKTEST	BLOCKED	10983	WITHHOLD	-1
268	rt4_TMB-5_MAP_g_4767.r24	BACKTEST	BLOCKED	10983	WITHHOLD	-1
269	rt4_TMB-5_MAP_g_4768.r24	BACKTEST	BLOCKED	10983	CONFIRM_INSTALL	3
270	rt4_TMB-5_MAP_g_4769.r24	BACKTEST	BLOCKED	10983	CONFIRM_INSTALL	3
271	rt4_TMB-5_MAP_g_4770.r24	BACKTEST	BLOCKED	10983	CONFIRM_INSTALL	3
272	rt4_TMB-5_MAP_g_4771.r24	BACKTEST	BLOCKED	10983	CONFIRM_INSTALL	3
273	rt4_TMB-5_MAP_g_4772.r24	BACKTEST	BLOCKED	10983	CONFIRM_INSTALL	3
274	rt4_TMB-5_MAP_g_4773.r24	BACKTEST	BLOCKED	10983	CONFIRM_INSTALL	3
275	rt4_TMB-5_MAP_g_4774.r24	BACKTEST	BLOCKED	10983	CONFIRM_INSTALL	3
276	rt4_TMB-5_MAP_g_4775.r24	BACKTEST	BLOCKED	10983	CONFIRM_INSTALL	3
277	rt4_TMB-5_MAP_g_4776.r24	BACKTEST	BLOCKED	10983	CONFIRM_INSTALL	3
278	rt4_TMB-5_MAP_g_4777.r24	BACKTEST	BLOCKED	10983	CONFIRM_INSTALL	3
279	rt4_TMB-5_MAP_g_4778.r24	BACKTEST	BLOCKED	10983	CONFIRM_INSTALL	3
280	rt4_TMB-5_MAP_g_4779.r24	BACKTEST	BLOCKED	10983	CONFIRM_INSTALL	3
281	rt4_TMB-5_MAP_g_4780.r24	BACKTEST	BLOCKED	10983	CONFIRM_INSTALL	3
282	rt4_TMB-5_MAP_g_4781.r24	BACKTEST	BLOCKED	10983	CONFIRM_INSTALL	3
283	rt4_TMB-5_MAP_g_4782.r24	BACKTEST	BLOCKED	10983	CONFIRM_INSTALL	3
284	rt4_TMB-5_MAP_g_4783.r24	BACKTEST	BLOCKED	10983	CONFIRM_INSTALL	3
285	rt4_TMB-5_MAP_g_4784.r24	BACKTEST	BLOCKED	10983	CONFIRM_INSTALL	3
286	rt4_TMB-5_MAP_g_4785.r24	BACKTEST	BLOCKED	10983	CONFIRM_INSTALL	3
287	rt4_TMB-5_MAP_g_4786.r24	BACKTEST	BLOCKED	10983	CONFIRM_INSTALL	3
288	rt4_TMB-5_MAP_g_4787.r24	BACKTEST	BLOCKED	10983	CONFIRM_INSTALL	3
289	rt4_TMB-5_MAP_g_4788.r24	BACKTEST	BLOCKED	10983	CONFIRM_INSTALL	3
290	rt4_TMB-5_MAP_g_4789.r24	BACKTEST	BLOCKED	10983	CONFIRM_INSTALL	3
291	rt4_TMB-5_MAP_g_4790.r24	BACKTEST	BLOCKED	10983	CONFIRM_INSTALL	3
292	rt4_TMB-5_MAP_g_4791.r24	BACKTEST	BLOCKED	10983	CONFIRM_INSTALL	3
293	rt4_TMB-5_MAP_g_4792.r24	BACKTEST	BLOCKED	10983	CONFIRM_INSTALL	3
294	rt4_TMB-5_MAP_g_4793.r24	BACKTEST	BLOCKED	10983	CONFIRM_INSTALL	3
295	rt4_TMB-5_MAP_g_4794.r24	BACKTEST	BLOCKED	10983	CONFIRM_INSTALL	3
296	rt4_TMB-5_MAP_g_4795.r24	BACKTEST	BLOCKED	10983	CONFIRM_INSTALL	3
297	rt4_TMB-5_MAP_g_4796.r24	BACKTEST	BLOCKED	10983	CONFIRM_INSTALL	3
298	rt4_TMB-5_MAP_g_4797.r24	BACKTEST	BLOCKED	10983	CONFIRM_INSTALL	3
299	rt4_TMB-5_MAP_g_4798.r24	BACKTEST	BLOCKED	10983	CONFIRM_INSTALL	3
300	rt4_TMB-5_MAP_g_4799.r24	BACKTEST	BLOCKED	10983	CONFIRM_INSTALL	3
301	rt4_TMB-5_MAP_g_4800.r24	BACKTEST	BLOCKED	10983	CONFIRM_INSTALL	3
302	rt4_TMB-5_MAP_g_4801.r24	BACKTEST	BLOCKED	10983	CONFIRM_INSTALL	3
303	rt4_TMB-5_MAP_g_4802.r24	BACKTEST	BLOCKED	10983	CONFIRM_INSTALL	3
304	rt4_TMB-5_MAP_g_4803.r24	BACKTEST	BLOCKED	10983	CONFIRM_INSTALL	3
305	rt4_TMB-5_MAP_g_4804.r24	BACKTEST	BLOCKED	10983	CONFIRM_INSTALL	3
306	rt4_TMB-5_MAP_g_4805.r24	BACKTEST	BLOCKED	10983	CONFIRM_INSTALL	3
307	rt4_TMB-5_MAP_g_4806.r24	BACKTEST	BLOCKED	10983	CONFIRM_INSTALL	3
308	rt4_TMB-5_MAP_g_4807.r24	BACKTEST	BLOCKED	10983	CONFIRM_INSTALL	3
309	rt4_TMB-5_MAP_g_4808.r24	BACKTEST	BLOCKED	10983	CONFIRM_INSTALL	3
310	rt4_TMB-5_MAP_g_4809.r24	BACKTEST	BLOCKED	10983	CONFIRM_INSTALL	3
311	rt4_TMB-5_MAP_g_4810.r24	BACKTEST	BLOCKED	10983	CONFIRM_INSTALL	3
312	rt4_TMB-5_MAP_g_4811.r24	BACKTEST	BLOCKED	10983	CONFIRM_INSTALL	3
313	rt4_TMB-5_MAP_g_4812.r24	BACKTEST	BLOCKED	10983	CONFIRM_INSTALL	3
314	rt4_TMB-5_MAP_g_4813.r24	BACKTEST	BLOCKED	10983	CONFIRM_INSTALL	3
315	rt4_TMB-5_MAP_g_4814.r24	BACKTEST	BLOCKED	10983	CONFIRM_INSTALL	3
316	rt4_TMB-5_MAP_g_4815.r24	BACKTEST	BLOCKED	10983	CONFIRM_INSTALL	3
317	rt4_TMB-5_MAP_g_4816.r24	BACKTEST	BLOCKED	10983	CONFIRM_INSTALL	3
318	rt4_TMB-5_MAP_g_4817.r24	BACKTEST	BLOCKED	10983	CONFIRM_INSTALL	3
319	rt4_TMB-5_MAP_g_4818.r24	BACKTEST	BLOCKED	10983	CONFIRM_INSTALL	3
320	rt4_TMB-5_MAP_g_4819.r24	BACKTEST	BLOCKED	10983	CONFIRM_INSTALL	3
321	rt4_TMB-5_MAP_g_4820.r24	BACKTEST	BLOCKED	10983	CONFIRM_INSTALL	3
322	rt4_TMB-5_MAP_g_4821.r24	BACKTEST	BLOCKED	10983	CONFIRM_INSTALL	3
323	rt4_TMB-5_MAP_g_4822.r24	BACKTEST	BLOCKED	10983	CONFIRM_INSTALL	3
324	rt4_TMB-5_MAP_g_4823.r24	BACKTEST	BLOCKED	10983	CONFIRM_INSTALL	3
325	rt4_TMB-5_MAP_g_4824.r24	BACKTEST	BLOCKED	10983	CONFIRM_INSTALL	3
326	rt4_TMB-5_MAP_g_4825.r24	BACKTEST	BLOCKED	10983	CONFIRM_INSTALL	3
327	rt4_TMB-5_MAP_g_4826.r24	BACKTEST	BLOCKED	10983	CONFIRM_INSTALL	3
328	rt4_TMB-5_MAP_g_4827.r24	BACKTEST	BLOCKED	10983	CONFIRM_INSTALL	3
329	rt4_TMB-5_MAP_g_4828.r24	BACKTEST	BLOCKED	10983	CONFIRM_INSTALL	3
330	rt4_TMB-5_MAP_g_4829.r24	BACKTEST	BLOCKED	10983	CONFIRM_INSTALL	3
331	rt4_TMB-5_MAP_g_4830.r24	BACKTEST	BLOCKED	10983	CONFIRM_INSTALL	3
332	rt4_TMB-5_MAP_g_4831.r24	BACKTEST	BLOCKED	10983	CONFIRM_INSTALL	3
333	rt4_TMB-5_MAP_g_4832.r24	BACKTEST	BLOCKED	10983	CONFIRM_INSTALL	3
334	rt4_TMB-5_MAP_g_4833.r24	BACKTEST	BLOCKED	10983	CONFIRM_INSTALL	3
335	rt4_TMB-5_MAP_g_4834.r24	BACKTEST	BLOCKED	10983	CONFIRM_INSTALL	3
336	rt4_TMB-5_MAP_g_4835.r24	BACKTEST	BLOCKED	10983	CONFIRM_INSTALL	3
337	rt4_TMB-5_MAP_g_4836.r24	BACKTEST	BLOCKED	10983	CONFIRM_INSTALL	3
338	rt4_TMB-5_MAP_g_4837.r24	BACKTEST	BLOCKED	10983	CONFIRM_INSTALL	3
339	rt4_TMB-5_MAP_g_4838.r24	BACKTEST	BLOCKED	10983	CONFIRM_INSTALL	3
340	rt4_TMB-5_MAP_g_4839.r24	BACKTEST	BLOCKED	10983	CONFIRM_INSTALL	3
341	rt4_TMB-5_MAP_g_4840.r24	BACKTEST	BLOCKED	10983	CONFIRM_INSTALL	3
342	rt4_TMB-5_MAP_g_4841.r24	BACKTEST	BLOCKED	10983	CONFIRM_INSTALL	3
343	rt4_TMB-5_MAP_g_4842.r24	BACKTEST	BLOCKED	10983	CONFIRM_INSTALL	3
344	rt4_TMB-5_MAP_g_4843.r24	BACKTEST	BLOCKED	10983	CONFIRM_INSTALL	3
345	rt4_TMB-5_MAP_g_4844.r24	BACKTEST	BLOCKED	10983	CONFIRM_INSTALL	3
346	rt4_TMB-5_MAP_g_4845.r24	BACKTEST	BLOCKED	10983	CONFIRM_INSTALL	3
347	rt4_TMB-5_MAP_g_4846.r24	BACKTEST	BLOCKED	10983	CONFIRM_INSTALL	3
348	rt4_TMB-5_MAP_g_4847.r24	BACKTEST	BLOCKED	10983	CONFIRM_INSTALL	3
349	rt4_TMB-5_MAP_g_4848.r24	BACKTEST	BLOCKED	10983	CONFIRM_INSTALL	3
350	rt4_TMB-5_MAP_g_4849.r24	BACKTEST	BLOCKED	10983	CONFIRM_INSTALL	3
351	rt4_TMB-5_MAP_g_4850.r24	BACKTEST	BLOCKED	10983	CONFIRM_INSTALL	3
352	rt4_TMB-5_MAP_g_4851.r24	BACKTEST	BLOCKED	10983	CONFIRM_INSTALL	3
353	rt4_TMB-5_MAP_g_4852.r24	BACKTEST	BLOCKED	10983	CONFIRM_INSTALL	3
354	rt4_TMB-5_MAP_g_4853.r24	BACKTEST	BLOCKED	10983	CONFIRM_INSTALL	3
355	rt4_TMB-5_MAP_g_4854.r24	BACKTEST	BLOCKED	10983	CONFIRM_INSTALL	3
356	rt4_TMB-5_MAP_g_4855.r24	BACKTEST	BLOCKED	10983	CONFIRM_INSTALL	3
357	rt4_TMB-5_MAP_g_4856.r24	BACKTEST	BLOCKED	10983	CONFIRM_INSTALL	3
358	rt4_TMB-5_MAP_g_4857.r24	BACKTEST	BLOCKED	10983	CONFIRM_INSTALL	3
359	rt4_TMB-5_MAP_g_4858.r24	BACKTEST	BLOCKED	10983	CONFIRM_INSTALL	3
360	rt4_TMB-5_MAP_g_4859.r24	BACKTEST	BLOCKED	10983	CONFIRM_INSTALL	3
361	rt4_TMB-5_MAP_g_4860.r24	BACKTEST	BLOCKED	10983	CONFIRM_INSTALL	3
362	rt4_TMB-5_MAP_g_4861.r24	BACKTEST	BLOCKED	10983	CONFIRM_INSTALL	3
363	rt4_TMB-5_MAP_g_4862.r24	BACKTEST	BLOCKED	10983	CONFIRM_INSTALL	3
364	rt4_TMB-5_MAP_g_4863.r24	BACKTEST	BLOCKED	10983	CONFIRM_INSTALL	3
365	rt4_TMB-5_MAP_g_4864.r24	BACKTEST	BLOCKED	10983	CONFIRM_INSTALL	3
366	rt4_TMB-5_MAP_g_4865.r24	BACKTEST	BLOCKED	10983	CONFIRM_INSTALL	3
367	rt4_TMB-5_MAP_g_4866.r24	BACKTEST	BLOCKED	10983	CONFIRM_INSTALL	3
368	rt4_TMB-5_MAP_g_4867.r24	BACKTEST	BLOCKED	10983	CONFIRM_INSTALL	3
369	rt4_TMB-5_MAP_g_4868.r24	BACKTEST	BLOCKED	10983	CONFIRM_INSTALL	3
370	rt4_TMB-5_MAP_g_4869.r24	BACKTEST	BLOCKED	10983	CONFIRM_INSTALL	3
371	rt4_TMB-5_MAP_g_4870.r24	BACKTEST	BLOCKED	10983	CONFIRM_INSTALL	3
372	rt4_TMB-5_MAP_g_4871.r24	BACKTEST	BLOCKED	10983	CONFIRM_INSTALL	3
373	rt4_TMB-5_MAP_g_4872.r24	BACKTEST	BLOCKED	10983	CONFIRM_INSTALL	3
374	rt4_TMB-5_MAP_g_4873.r24	BACKTEST	BLOCKED	10992	CONFIRM_INSTALL	3
375	rt4_TMB-5_MAP_g_4874.r24	BACKTEST	BLOCKED	10992	CONFIRM_INSTALL	3
376	rt4_TMB-5_MAP_g_4875.r24	BACKTEST	ALLOWED	-	-	0
377	rt4_TMB-5_MAP_g_4876.r24	BACKTEST	ALLOWED	-	-	0
378	rt4_TMB-5_MAP_g_4877.r24	BACKTEST	ALLOWED	-	-	0
379	rt4_TMB-5_MAP_g_4878.r24	BACKTEST	ALLOWED	-	-	0
380	rt4_TMB-5_MAP_g_4879.r24	BACKTEST	BLOCKED	10983	WITHHOLD	-1
381	rt4_TMB-5_MAP_g_4880.r24	BACKTEST	BLOCKED	10983	WITHHOLD	-1
382	rt4_TMB-5_MAP_g_4881.r24	BACKTEST	BLOCKED	10983	WITHHOLD	-1
383	rt4_TMB-5_MAP_g_4882.r24	BACKTEST	BLOCKED	10983	WITHHOLD	-1
384	rt4_TMB-5_MAP_g_4883.r24	BACKTEST	BLOCKED	10983	WITHHOLD	-1
385	rt4_TMB-5_MAP_g_4884.r24	BACKTEST	BLOCKED	10983	WITHHOLD	-1
386	rt4_TMB-5_MAP_g_4885.r24	BACKTEST	BLOCKED	10983	WITHHOLD	-1
387	rt4_TMB-5_MAP_g_4886.r24	BACKTEST	BLOCKED	10983	WITHHOLD	-1
388	rt4_TMB-5_MAP_g_4887.r24	BACKTEST	BLOCKED	10983	WITHHOLD	-1
389	rt4_TMB-5_MAP_g_4888.r24	BACKTEST	BLOCKED	10983	WITHHOLD	-1
390	rt4_TMB-5_MAP_g_4889.r24	BACKTEST	BLOCKED	10983	WITHHOLD	-1
391	rt4_TMB-5_MAP_g_4890.r24	BACKTEST	BLOCKED	10983	WITHHOLD	-1
392	rt4_TMB-5_MAP_g_4891.r24	BACKTEST	BLOCKED	10983	WITHHOLD	-1
393	rt4_TMB-5_MAP_g_4892.r24	BACKTEST	BLOCKED	10983	WITHHOLD	-1
394	rt4_TMB-5_MAP_g_4893.r24	BACKTEST	BLOCKED	10983	WITHHOLD	-1
395	rt4_TMB-5_MAP_g_4894.r24	BACKTEST	BLOCKED	10983	WITHHOLD	-1
396	rt4_TMB-5_MAP_g_4895.r24	BACKTEST	BLOCKED	10983	WITHHOLD	-1
397	rt4_TMB-5_MAP_g_4896.r24	BACKTEST	BLOCKED	10983	WITHHOLD	-1
398	rt4_TMB-5_MAP_g_4897.r24	BACKTEST	BLOCKED	10983	WITHHOLD	-1
399	rt4_TMB-5_MAP_g_4898.r24	BACKTEST	BLOCKED	10983	WITHHOLD	-1
400	rt4_TMB-5_MAP_g_4899.r24	BACKTEST	BLOCKED	10983	WITHHOLD	-1
401	rt4_TMB-5_MAP_g_4900.r24	BACKTEST	BLOCKED	10983	WITHHOLD	-1
402	rt4_TMB-5_MAP_g_4901.r24	BACKTEST	BLOCKED	10983	WITHHOLD	-1
403	rt4_TMB-5_MAP_g_4902.r24	BACKTEST	BLOCKED	10983	WITHHOLD	-1
404	rt4_TMB-5_MAP_g_4903.r24	BACKTEST	BLOCKED	10983	WITHHOLD	-1
405	rt4_TMB-5_MAP_g_4904.r24	BACKTEST	BLOCKED	10983	WITHHOLD	-1
406	rt4_TMB-5_MAP_g_4905.r24	BACKTEST	BLOCKED	10983	WITHHOLD	-1
407	rt4_TMB-5_MAP_g_4906.r24	BACKTEST	BLOCKED	10983	WITHHOLD	-1
408	rt4_TMB-5_MAP_g_4907.r24	BACKTEST	BLOCKED	10983	WITHHOLD	-1
409	rt4_TMB-5_MAP_g_4908.r24	BACKTEST	BLOCKED	10983	WITHHOLD	-1
410	rt4_TMB-5_MAP_g_4909.r24	BACKTEST	BLOCKED	10983	WITHHOLD	-1
411	rt4_TMB-5_MAP_g_4910.r24	BACKTEST	BLOCKED	10983	WITHHOLD	-1
412	rt4_TMB-5_MAP_g_4911.r24	BACKTEST	BLOCKED	10983	WITHHOLD	-1
413	rt4_TMB-5_MAP_g_4912.r24	BACKTEST	BLOCKED	10983	WITHHOLD	-1
414	rt4_TMB-5_MAP_g_4913.r24	BACKTEST	BLOCKED	10983	WITHHOLD	-1
415	rt4_TMB-5_MAP_g_4914.r24	BACKTEST	BLOCKED	10983	WITHHOLD	-1
416	rt4_TMB-5_MAP_g_4915.r24	BACKTEST	BLOCKED	10983	WITHHOLD	-1
417	rt4_TMB-5_MAP_g_4916.r24	BACKTEST	BLOCKED	10983	WITHHOLD	-1
418	rt4_TMB-5_MAP_g_4917.r24	BACKTEST	BLOCKED	10983	WITHHOLD	-1
419	rt4_TMB-5_MAP_g_4918.r24	BACKTEST	BLOCKED	10983	WITHHOLD	-1
420	rt4_TMB-5_MAP_g_4919.r24	BACKTEST	BLOCKED	10983	WITHHOLD	-1
421	rt4_TMB-5_MAP_g_4920.r24	BACKTEST	BLOCKED	10983	WITHHOLD	-1
422	rt4_TMB-5_MAP_g_4921.r24	BACKTEST	BLOCKED	10983	WITHHOLD	-1
423	rt4_TMB-5_MAP_g_4922.r24	BACKTEST	BLOCKED	10983	WITHHOLD	-1
424	rt4_TMB-5_MAP_g_4923.r24	BACKTEST	BLOCKED	10983	WITHHOLD	-1
425	rt4_TMB-5_MAP_g_4924.r24	BACKTEST	BLOCKED	10983	WITHHOLD	-1
426	rt4_TMB-5_MAP_g_4925.r24	BACKTEST	BLOCKED	10983	WITHHOLD	-1
427	rt4_TMB-5_MAP_g_4926.r24	BACKTEST	BLOCKED	10983	WITHHOLD	-1
428	rt4_TMB-5_MAP_g_4927.r24	BACKTEST	BLOCKED	10983	WITHHOLD	-1
429	rt4_TMB-5_MAP_g_4928.r24	BACKTEST	BLOCKED	10983	WITHHOLD	-1
430	rt4_TMB-5_MAP_g_4929.r24	BACKTEST	BLOCKED	10983	WITHHOLD	-1
431	rt4_TMB-5_MAP_g_4930.r24	BACKTEST	BLOCKED	10983	WITHHOLD	-1
432	rt4_TMB-5_MAP_g_4931.r24	BACKTEST	BLOCKED	10983	WITHHOLD	-1
433	rt4_TMB-5_MAP_g_4932.r24	BACKTEST	BLOCKED	10983	WITHHOLD	-1
434	rt4_TMB-5_MAP_g_4933.r24	BACKTEST	BLOCKED	10983	WITHHOLD	-1
435	rt4_TMB-5_MAP_g_4934.r24	BACKTEST	BLOCKED	10983	WITHHOLD	-1
436	rt4_TMB-5_MAP_g_4935.r24	BACKTEST	BLOCKED	10983	WITHHOLD	-1
437	rt4_TMB-5_MAP_g_4936.r24	BACKTEST	BLOCKED	10983	WITHHOLD	-1
438	rt4_TMB-5_MAP_g_4937.r24	BACKTEST	BLOCKED	10983	WITHHOLD	-1
439	rt4_TMB-5_MAP_g_4938.r24	BACKTEST	BLOCKED	10983	WITHHOLD	-1
440	rt4_TMB-5_MAP_g_4939.r24	BACKTEST	BLOCKED	10983	WITHHOLD	-1
441	rt4_TMB-5_MAP_g_4940.r24	BACKTEST	BLOCKED	10983	WITHHOLD	-1
442	rt4_TMB-5_MAP_g_4941.r24	BACKTEST	BLOCKED	10983	WITHHOLD	-1
443	rt4_TMB-5_MAP_g_4942.r24	BACKTEST	BLOCKED	10983	WITHHOLD	-1
444	rt4_TMB-5_MAP_g_4943.r24	BACKTEST	BLOCKED	10983	WITHHOLD	-1
445	rt4_TMB-5_MAP_g_4944.r24	BACKTEST	BLOCKED	10983	WITHHOLD	-1
446	rt4_TMB-5_MAP_g_4945.r24	BACKTEST	BLOCKED	10983	WITHHOLD	-1
447	rt4_TMB-5_MAP_g_4946.r24	BACKTEST	BLOCKED	10983	WITHHOLD	-1
448	rt4_TMB-5_MAP_g_4947.r24	BACKTEST	BLOCKED	10983	WITHHOLD	-1
449	rt4_TMB-5_MAP_g_4948.r24	BACKTEST	BLOCKED	10983	WITHHOLD	-1
450	rt4_TMB-5_MAP_g_4949.r24	BACKTEST	BLOCKED	10983	WITHHOLD	-1
451	rt4_TMB-5_MAP_g_4950.r24	BACKTEST	BLOCKED	10983	WITHHOLD	-1
452	rt4_TMB-5_MAP_g_4951.r24	BACKTEST	BLOCKED	10983	WITHHOLD	-1
453	rt4_TMB-5_MAP_g_4952.r24	BACKTEST	BLOCKED	10983	WITHHOLD	-1
454	rt4_TMB-5_MAP_g_4953.r24	BACKTEST	BLOCKED	10983	WITHHOLD	-1
455	rt4_TMB-5_MAP_g_4954.r24	BACKTEST	BLOCKED	10983	WITHHOLD	-1
456	rt4_TMB-5_MAP_g_4955.r24	BACKTEST	BLOCKED	10983	WITHHOLD	-1
457	rt4_TMB-5_MAP_g_4956.r24	BACKTEST	BLOCKED	10983	WITHHOLD	-1
458	rt4_TMB-5_MAP_g_4957.r24	BACKTEST	BLOCKED	10983	WITHHOLD	-1
459	rt4_TMB-5_MAP_g_4958.r24	BACKTEST	BLOCKED	10983	CONFIRM_INSTALL	3
460	rt4_TMB-5_MAP_g_4959.r24	BACKTEST	BLOCKED	10983	CONFIRM_INSTALL	3
461	rt4_TMB-5_MAP_g_4960.r24	BACKTEST	BLOCKED	10983	CONFIRM_INSTALL	3
462	rt4_TMB-5_MAP_g_4961.r24	BACKTEST	BLOCKED	10983	CONFIRM_INSTALL	3
463	rt4_TMB-5_MAP_g_4962.r24	BACKTEST	BLOCKED	10983	CONFIRM_INSTALL	3
464	rt4_TMB-5_MAP_g_4963.r24	BACKTEST	BLOCKED	10983	CONFIRM_INSTALL	3
465	rt4_TMB-5_MAP_g_4964.r24	BACKTEST	BLOCKED	10983	CONFIRM_INSTALL	3
466	rt4_TMB-5_MAP_g_4965.r24	BACKTEST	BLOCKED	10983	CONFIRM_INSTALL	3
467	rt4_TMB-5_MAP_g_4966.r24	BACKTEST	BLOCKED	10983	CONFIRM_INSTALL	3
468	rt4_TMB-5_MAP_g_4967.r24	BACKTEST	BLOCKED	10983	CONFIRM_INSTALL	3
469	rt4_TMB-5_MAP_g_4968.r24	BACKTEST	BLOCKED	10983	CONFIRM_INSTALL	3
470	rt4_TMB-5_MAP_g_4969.r24	BACKTEST	BLOCKED	10983	CONFIRM_INSTALL	3
471	rt4_TMB-5_MAP_g_4970.r24	BACKTEST	BLOCKED	10983	CONFIRM_INSTALL	3
472	rt4_TMB-5_MAP_g_4971.r24	BACKTEST	BLOCKED	10983	CONFIRM_INSTALL	3
473	rt4_TMB-5_MAP_g_4972.r24	BACKTEST	BLOCKED	10983	CONFIRM_INSTALL	3
474	rt4_TMB-5_MAP_g_4973.r24	BACKTEST	BLOCKED	10983	CONFIRM_INSTALL	3
475	rt4_TMB-5_MAP_g_4974.r24	BACKTEST	BLOCKED	10983	CONFIRM_INSTALL	3
476	rt4_TMB-5_MAP_g_4975.r24	BACKTEST	BLOCKED	10983	CONFIRM_INSTALL	3
477	rt4_TMB-5_MAP_g_4976.r24	BACKTEST	BLOCKED	10983	CONFIRM_INSTALL	3
478	rt4_TMB-5_MAP_g_4977.r24	BACKTEST	BLOCKED	10983	CONFIRM_INSTALL	3
479	rt4_TMB-5_MAP_g_4978.r24	BACKTEST	BLOCKED	10983	CONFIRM_INSTALL	3
480	rt4_TMB-5_MAP_g_4979.r24	BACKTEST	BLOCKED	10983	CONFIRM_INSTALL	3
481	rt4_TMB-5_MAP_g_4980.r24	BACKTEST	BLOCKED	10983	CONFIRM_INSTALL	3
482	rt4_TMB-5_MAP_g_4981.r24	BACKTEST	BLOCKED	10983	CONFIRM_INSTALL	3
483	rt4_TMB-5_MAP_g_4982.r24	BACKTEST	BLOCKED	10983	CONFIRM_INSTALL	3
484	rt4_TMB-5_MAP_g_4983.r24	BACKTEST	BLOCKED	10983	CONFIRM_INSTALL	3
485	rt4_TMB-5_MAP_g_4984.r24	BACKTEST	BLOCKED	10983	WITHHOLD	-1
486	rt4_TMB-5_MAP_g_4985.r24	BACKTEST	BLOCKED	10983	WITHHOLD	-1
487	rt4_TMB-5_MAP_g_4986.r24	BACKTEST	BLOCKED	10983	WITHHOLD	-1
488	rt4_TMB-5_MAP_g_4987.r24	BACKTEST	BLOCKED	10983	WITHHOLD	-1
489	rt4_TMB-5_MAP_g_4988.r24	BACKTEST	BLOCKED	10983	WITHHOLD	-1
490	rt4_TMB-5_MAP_g_4989.r24	BACKTEST	BLOCKED	10983	WITHHOLD	-1
491	rt4_TMB-5_MAP_g_4990.r24	BACKTEST	BLOCKED	10983	WITHHOLD	-1
492	rt4_TMB-5_MAP_g_4991.r24	BACKTEST	BLOCKED	10983	WITHHOLD	-1
493	rt4_TMB-5_MAP_g_4992.r24	BACKTEST	BLOCKED	10983	WITHHOLD	-1
494	rt4_TMB-5_MAP_g_4993.r24	BACKTEST	BLOCKED	10983	WITHHOLD	-1
495	rt4_TMB-5_MAP_g_4994.r24	BACKTEST	BLOCKED	10983	WITHHOLD	-1
496	rt4_TMB-5_MAP_g_4995.r24	BACKTEST	BLOCKED	10983	WITHHOLD	-1
497	rt4_TMB-5_MAP_g_4996.r24	BACKTEST	BLOCKED	10983	WITHHOLD	-1
498	rt4_TMB-5_MAP_g_4997.r24	BACKTEST	BLOCKED	10983	WITHHOLD	-1
499	rt4_TMB-5_MAP_g_4998.r24	BACKTEST	BLOCKED	10983	WITHHOLD	-1
500	rt4_TMB-5_MAP_g_4999.r24	BACKTEST	BLOCKED	10983	CONFIRM_INSTALL	3
SETSUM NEAR n=0 blocked=0 confirmed=0 withheld=0
SETSUM FAR n=0 blocked=0
SETSUM BACKTEST n=500 blocked=492
BACKTEST false_blocked=0 false_withheld=0 false_escaped=0 true_blocked=492
DELAYBAR delayed_gt50=0 over=0
HIST 0=0 1-3=0 4-10=0 11-50=0 51-100=0 101-300=0 301+=0 WITHHELD=0
SERIAL delayed_gt50=0
SANITY MISMATCH
