1	rt4_TMB-5_MAP_g_12000.r24	BACKTEST	BLOCKED	10983	CONFIRM_INSTALL	3
2	rt4_TMB-5_MAP_g_12001.r24	BACKTEST	BLOCKED	10983	CONFIRM_INSTALL	3
3	rt4_TMB-5_MAP_g_12002.r24	BACKTEST	BLOCKED	10983	CONFIRM_INSTALL	3
4	rt4_TMB-5_MAP_g_12003.r24	BACKTEST	BLOCKED	10983	CONFIRM_INSTALL	3
5	rt4_TMB-5_MAP_g_12004.r24	BACKTEST	BLOCKED	10983	CONFIRM_INSTALL	3
6	rt4_TMB-5_MAP_g_12005.r24	BACKTEST	BLOCKED	10983	CONFIRM_INSTALL	3
7	rt4_TMB-5_MAP_g_12006.r24	BACKTEST	BLOCKED	10983	CONFIRM_INSTALL	3
8	rt4_TMB-5_MAP_g_12007.r24	BACKTEST	BLOCKED	10983	CONFIRM_INSTALL	3
9	rt4_TMB-5_MAP_g_12008.r24	BACKTEST	BLOCKED	10983	CONFIRM_INSTALL	3
10	rt4_TMB-5_MAP_g_12009.r24	BACKTEST	BLOCKED	10983	CONFIRM_INSTALL	3
11	rt4_TMB-5_MAP_g_12010.r24	BACKTEST	BLOCKED	10983	CONFIRM_INSTALL	3
12	rt4_TMB-5_MAP_g_12011.r24	BACKTEST	BLOCKED	10983	CONFIRM_INSTALL	3
13	rt4_TMB-5_MAP_g_12012.r24	BACKTEST	BLOCKED	10983	CONFIRM_INSTALL	3
14	rt4_TMB-5_MAP_g_12013.r24	BACKTEST	BLOCKED	10983	CONFIRM_INSTALL	3
15	rt4_TMB-5_MAP_g_12014.r24	BACKTEST	BLOCKED	10983	CONFIRM_INSTALL	3
16	rt4_TMB-5_MAP_g_12015.r24	BACKTEST	BLOCKED	10983	CONFIRM_INSTALL	3
17	rt4_TMB-5_MAP_g_12016.r24	BACKTEST	BLOCKED	10983	CONFIRM_INSTALL	3
18	rt4_TMB-5_MAP_g_12017.r24	BACKTEST	BLOCKED	10983	CONFIRM_INSTALL	3
19	rt4_TMB-5_MAP_g_12018.r24	BACKTEST	BLOCKED	10983	CONFIRM_INSTALL	3
20	rt4_TMB-5_MAP_g_12019.r24	BACKTEST	BLOCKED	10983	CONFIRM_INSTALL	3
21	rt4_TMB-5_MAP_g_12020.r24	BACKTEST	BLOCKED	10983	CONFIRM_INSTALL	3
22	rt4_TMB-5_MAP_g_12021.r24	BACKTEST	BLOCKED	10983	CONFIRM_INSTALL	3
23	rt4_TMB-5_MAP_g_12022.r24	BACKTEST	BLOCKED	10983	CONFIRM_INSTALL	3
24	rt4_TMB-5_MAP_g_12023.r24	BACKTEST	BLOCKED	10983	CONFIRM_INSTALL	3
25	rt4_TMB-5_MAP_g_12024.r24	BACKTEST	BLOCKED	10983	CONFIRM_INSTALL	3
26	rt4_TMB-5_MAP_g_12025.r24	BACKTEST	BLOCKED	10983	CONFIRM_INSTALL	3
27	rt4_TMB-5_MAP_g_12026.r24	BACKTEST	BLOCKED	10983	CONFIRM_INSTALL	3
28	rt4_TMB-5_MAP_g_12027.r24	BACKTEST	BLOCKED	10983	CONFIRM_INSTALL	3
29	rt4_TMB-5_MAP_g_12028.r24	BACKTEST	BLOCKED	10983	CONFIRM_INSTALL	3
30	rt4_TMB-5_MAP_g_12029.r24	BACKTEST	BLOCKED	10983	CONFIRM_INSTALL	3
31	rt4_TMB-5_MAP_g_12030.r24	BACKTEST	BLOCKED	10983	CONFIRM_INSTALL	3
32	rt4_TMB-5_MAP_g_12031.r24	BACKTEST	BLOCKED	10983	CONFIRM_INSTALL	3
33	rt4_TMB-5_MAP_g_12032.r24	BACKTEST	BLOCKED	10983	CONFIRM_INSTALL	3
34	rt4_TMB-5_MAP_g_12033.r24	BACKTEST	BLOCKED	10983	CONFIRM_INSTALL	3
35	rt4_TMB-5_MAP_g_12034.r24	BACKTEST	BLOCKED	10983	CONFIRM_INSTALL	3
36	rt4_TMB-5_MAP_g_12035.r24	BACKTEST	BLOCKED	10983	CONFIRM_INSTALL	3
37	rt4_TMB-5_MAP_g_12036.r24	BACKTEST	BLOCKED	10983	CONFIRM_INSTALL	3
38	rt4_TMB-5_MAP_g_12037.r24	BACKTEST	BLOCKED	10983	CONFIRM_INSTALL	3
39	rt4_TMB-5_MAP_g_12038.r24	BACKTEST	BLOCKED	10983	CONFIRM_INSTALL	3
40	rt4_TMB-5_MAP_g_12039.r24	BACKTEST	BLOCKED	10983	CONFIRM_INSTALL	3
41	rt4_TMB-5_MAP_g_12040.r24	BACKTEST	BLOCKED	10983	CONFIRM_INSTALL	3
42	rt4_TMB-5_MAP_g_12041.r24	BACKTEST	BLOCKED	10983	CONFIRM_INSTALL	3
43	rt4_TMB-5_MAP_g_12042.r24	BACKTEST	BLOCKED	10983	CONFIRM_INSTALL	3
44	rt4_TMB-5_MAP_g_12043.r24	BACKTEST	BLOCKED	10983	CONFIRM_INSTALL	3
45	rt4_TMB-5_MAP_g_12044.r24	BACKTEST	BLOCKED	10983	CONFIRM_INSTALL	3
46	rt4_TMB-5_MAP_g_12045.r24	BACKTEST	BLOCKED	10983	CONFIRM_INSTALL	3
47	rt4_TMB-5_MAP_g_12046.r24	BACKTEST	BLOCKED	10983	CONFIRM_INSTALL	3
48	rt4_TMB-5_MAP_g_12047.r24	BACKTEST	BLOCKED	10983	CONFIRM_INSTALL	3
49	rt4_TMB-5_MAP_g_12048.r24	BACKTEST	BLOCKED	10983	CONFIRM_INSTALL	3
50	rt4_TMB-5_MAP_g_12049.r24	BACKTEST	BLOCKED	10983	CONFIRM_INSTALL	3
51	rt4_TMB-5_MAP_g_12050.r24	BACKTEST	BLOCKED	10983	CONFIRM_INSTALL	3
52	rt4_TMB-5_MAP_g_12051.r24	BACKTEST	BLOCKED	10983	CONFIRM_INSTALL	3
53	rt4_TMB-5_MAP_g_12052.r24	BACKTEST	BLOCKED	10983	CONFIRM_INSTALL	3
54	rt4_TMB-5_MAP_g_12053.r24	BACKTEST	BLOCKED	10983	CONFIRM_INSTALL	3
55	rt4_TMB-5_MAP_g_12054.r24	BACKTEST	BLOCKED	10983	CONFIRM_INSTALL	3
56	rt4_TMB-5_MAP_g_12055.r24	BACKTEST	BLOCKED	10983	CONFIRM_INSTALL	3
57	rt4_TMB-5_MAP_g_12056.r24	BACKTEST	BLOCKED	10983	CONFIRM_INSTALL	3
58	rt4_TMB-5_MAP_g_12057.r24	BACKTEST	BLOCKED	10983	CONFIRM_INSTALL	3
59	rt4_TMB-5_MAP_g_12058.r24	BACKTEST	BLOCKED	10983	CONFIRM_INSTALL	3
60	rt4_TMB-5_MAP_g_12059.r24	BACKTEST	BLOCKED	10983	CONFIRM_INSTALL	3
61	rt4_TMB-5_MAP_g_12060.r24	BACKTEST	BLOCKED	10983	CONFIRM_INSTALL	3
62	rt4_TMB-5_MAP_g_12061.r24	BACKTEST	BLOCKED	10983	CONFIRM_INSTALL	3
63	rt4_TMB-5_MAP_g_12062.r24	BACKTEST	BLOCKED	10983	CONFIRM_INSTALL	3
64	rt4_TMB-5_MAP_g_12063.r24	BACKTEST	BLOCKED	10983	CONFIRM_INSTALL	3
65	rt4_TMB-5_MAP_g_12064.r24	BACKTEST	BLOCKED	10983	CONFIRM_INSTALL	3
66	rt4_TMB-5_MAP_g_12065.r24	BACKTEST	BLOCKED	10983	CONFIRM_INSTALL	3
67	rt4_TMB-5_MAP_g_12066.r24	BACKTEST	BLOCKED	10983	CONFIRM_INSTALL	3
68	rt4_TMB-5_MAP_g_12067.r24	BACKTEST	BLOCKED	10983	CONFIRM_INSTALL	3
69	rt4_TMB-5_MAP_g_12068.r24	BACKTEST	BLOCKED	10983	CONFIRM_INSTALL	3
70	rt4_TMB-5_MAP_g_12069.r24	BACKTEST	BLOCKED	10983	CONFIRM_INSTALL	3
71	rt4_TMB-5_MAP_g_12070.r24	BACKTEST	BLOCKED	10983	CONFIRM_INSTALL	3
72	rt4_TMB-5_MAP_g_12071.r24	BACKTEST	BLOCKED	10983	CONFIRM_INSTALL	3
73	rt4_TMB-5_MAP_g_12072.r24	BACKTEST	BLOCKED	10983	CONFIRM_INSTALL	3
74	rt4_TMB-5_MAP_g_12073.r24	BACKTEST	BLOCKED	10983	CONFIRM_INSTALL	3
75	rt4_TMB-5_MAP_g_12074.r24	BACKTEST	BLOCKED	10983	CONFIRM_INSTALL	3
76	rt4_TMB-5_MAP_g_12075.r24	BACKTEST	BLOCKED	10983	CONFIRM_INSTALL	3
77	rt4_TMB-5_MAP_g_12076.r24	BACKTEST	BLOCKED	10983	CONFIRM_INSTALL	3
78	rt4_TMB-5_MAP_g_12077.r24	BACKTEST	BLOCKED	10983	CONFIRM_INSTALL	3
79	rt4_TMB-5_MAP_g_12078.r24	BACKTEST	BLOCKED	10983	CONFIRM_INSTALL	3
80	rt4_TMB-5_MAP_g_12079.r24	BACKTEST	BLOCKED	10983	CONFIRM_INSTALL	3
81	rt4_TMB-5_MAP_g_12080.r24	BACKTEST	BLOCKED	10983	CONFIRM_INSTALL	3
82	rt4_TMB-5_MAP_g_12081.r24	BACKTEST	BLOCKED	10983	CONFIRM_INSTALL	3
83	rt4_TMB-5_MAP_g_12082.r24	BACKTEST	BLOCKED	10983	CONFIRM_INSTALL	3
84	rt4_TMB-5_MAP_g_12083.r24	BACKTEST	BLOCKED	10983	CONFIRM_INSTALL	3
85	rt4_TMB-5_MAP_g_12084.r24	BACKTEST	BLOCKED	10983	CONFIRM_INSTALL	3
86	rt4_TMB-5_MAP_g_12085.r24	BACKTEST	BLOCKED	10983	CONFIRM_INSTALL	3
87	rt4_TMB-5_MAP_g_12086.r24	BACKTEST	BLOCKED	10983	CONFIRM_INSTALL	3
88	rt4_TMB-5_MAP_g_12087.r24	BACKTEST	BLOCKED	10983	CONFIRM_INSTALL	3
89	rt4_TMB-5_MAP_g_12088.r24	BACKTEST	BLOCKED	10983	CONFIRM_INSTALL	3
90	rt4_TMB-5_MAP_g_12089.r24	BACKTEST	BLOCKED	10983	CONFIRM_INSTALL	3
91	rt4_TMB-5_MAP_g_12090.r24	BACKTEST	BLOCKED	10983	CONFIRM_INSTALL	3
92	rt4_TMB-5_MAP_g_12091.r24	BACKTEST	BLOCKED	10983	CONFIRM_INSTALL	3
93	rt4_TMB-5_MAP_g_12092.r24	BACKTEST	BLOCKED	10983	CONFIRM_INSTALL	3
94	rt4_TMB-5_MAP_g_12093.r24	BACKTEST	BLOCKED	10983	CONFIRM_INSTALL	3
95	rt4_TMB-5_MAP_g_12094.r24	BACKTEST	BLOCKED	10983	CONFIRM_INSTALL	3
96	rt4_TMB-5_MAP_g_12095.r24	BACKTEST	BLOCKED	10983	CONFIRM_INSTALL	3
97	rt4_TMB-5_MAP_g_12096.r24	BACKTEST	BLOCKED	10983	CONFIRM_INSTALL	3
98	rt4_TMB-5_MAP_g_12097.r24	BACKTEST	BLOCKED	10983	CONFIRM_INSTALL	3
99	rt4_TMB-5_MAP_g_12098.r24	BACKTEST	BLOCKED	10983	CONFIRM_INSTALL	3
100	rt4_TMB-5_MAP_g_12099.r24	BACKTEST	BLOCKED	10983	CONFIRM_INSTALL	3
101	rt4_TMB-5_MAP_g_12100.r24	BACKTEST	BLOCKED	10983	CONFIRM_INSTALL	3
102	rt4_TMB-5_MAP_g_12101.r24	BACKTEST	BLOCKED	10983	CONFIRM_INSTALL	3
103	rt4_TMB-5_MAP_g_12102.r24	BACKTEST	BLOCKED	10983	CONFIRM_INSTALL	3
104	rt4_TMB-5_MAP_g_12103.r24	BACKTEST	BLOCKED	10983	CONFIRM_INSTALL	3
105	rt4_TMB-5_MAP_g_12104.r24	BACKTEST	BLOCKED	10983	CONFIRM_INSTALL	3
106	rt4_TMB-5_MAP_g_12105.r24	BACKTEST	BLOCKED	10983	CONFIRM_INSTALL	3
107	rt4_TMB-5_MAP_g_12106.r24	BACKTEST	BLOCKED	10983	CONFIRM_INSTALL	3
108	rt4_TMB-5_MAP_g_12107.r24	BACKTEST	BLOCKED	10983	CONFIRM_INSTALL	3
109	rt4_TMB-5_MAP_g_12108.r24	BACKTEST	BLOCKED	10983	CONFIRM_INSTALL	3
110	rt4_TMB-5_MAP_g_12109.r24	BACKTEST	BLOCKED	10983	CONFIRM_INSTALL	3
111	rt4_TMB-5_MAP_g_12110.r24	BACKTEST	BLOCKED	10983	CONFIRM_INSTALL	3
112	rt4_TMB-5_MAP_g_12111.r24	BACKTEST	BLOCKED	10983	CONFIRM_INSTALL	3
113	rt4_TMB-5_MAP_g_12112.r24	BACKTEST	BLOCKED	10983	CONFIRM_INSTALL	3
114	rt4_TMB-5_MAP_g_12113.r24	BACKTEST	BLOCKED	10983	CONFIRM_INSTALL	3
115	rt4_TMB-5_MAP_g_12114.r24	BACKTEST	BLOCKED	10983	CONFIRM_INSTALL	3
116	rt4_TMB-5_MAP_g_12115.r24	BACKTEST	BLOCKED	10983	CONFIRM_INSTALL	3
117	rt4_TMB-5_MAP_g_12116.r24	BACKTEST	BLOCKED	10983	CONFIRM_INSTALL	3
118	rt4_TMB-5_MAP_g_12117.r24	BACKTEST	BLOCKED	10983	CONFIRM_INSTALL	3
119	rt4_TMB-5_MAP_g_12118.r24	BACKTEST	BLOCKED	10983	CONFIRM_INSTALL	3
120	rt4_TMB-5_MAP_g_12119.r24	BACKTEST	BLOCKED	10983	CONFIRM_INSTALL	3
121	rt4_TMB-5_MAP_g_12120.r24	BACKTEST	BLOCKED	10983	CONFIRM_INSTALL	3
122	rt4_TMB-5_MAP_g_12121.r24	BACKTEST	BLOCKED	10983	CONFIRM_INSTALL	3
123	rt4_TMB-5_MAP_g_12122.r24	BACKTEST	BLOCKED	10983	CONFIRM_INSTALL	3
124	rt4_TMB-5_MAP_g_12123.r24	BACKTEST	BLOCKED	10983	CONFIRM_INSTALL	3
125	rt4_TMB-5_MAP_g_12124.r24	BACKTEST	BLOCKED	10983	CONFIRM_INSTALL	3
126	rt4_TMB-5_MAP_g_12125.r24	BACKTEST	BLOCKED	10983	CONFIRM_INSTALL	3
127	rt4_TMB-5_MAP_g_12126.r24	BACKTEST	BLOCKED	10983	CONFIRM_INSTALL	3
128	rt4_TMB-5_MAP_g_12127.r24	BACKTEST	BLOCKED	10983	CONFIRM_INSTALL	3
129	rt4_TMB-5_MAP_g_12128.r24	BACKTEST	BLOCKED	10983	CONFIRM_INSTALL	3
130	rt4_TMB-5_MAP_g_12129.r24	BACKTEST	BLOCKED	10983	CONFIRM_INSTALL	3
131	rt4_TMB-5_MAP_g_12130.r24	BACKTEST	BLOCKED	10983	CONFIRM_INSTALL	3
132	rt4_TMB-5_MAP_g_12131.r24	BACKTEST	BLOCKED	10983	CONFIRM_INSTALL	3
133	rt4_TMB-5_MAP_g_12132.r24	BACKTEST	BLOCKED	10983	CONFIRM_INSTALL	3
134	rt4_TMB-5_MAP_g_12133.r24	BACKTEST	BLOCKED	10983	CONFIRM_INSTALL	3
135	rt4_TMB-5_MAP_g_12134.r24	BACKTEST	BLOCKED	10983	CONFIRM_INSTALL	3
136	rt4_TMB-5_MAP_g_12135.r24	BACKTEST	BLOCKED	10983	CONFIRM_INSTALL	3
137	rt4_TMB-5_MAP_g_12136.r24	BACKTEST	BLOCKED	10983	CONFIRM_INSTALL	3
138	rt4_TMB-5_MAP_g_12137.r24	BACKTEST	BLOCKED	10983	CONFIRM_INSTALL	3
139	rt4_TMB-5_MAP_g_12138.r24	BACKTEST	BLOCKED	10983	CONFIRM_INSTALL	3
140	rt4_TMB-5_MAP_g_12139.r24	BACKTEST	BLOCKED	10983	CONFIRM_INSTALL	3
141	rt4_TMB-5_MAP_g_12140.r24	BACKTEST	BLOCKED	10983	CONFIRM_INSTALL	3
142	rt4_TMB-5_MAP_g_12141.r24	BACKTEST	BLOCKED	10983	CONFIRM_INSTALL	3
143	rt4_TMB-5_MAP_g_12142.r24	BACKTEST	BLOCKED	10983	CONFIRM_INSTALL	3
144	rt4_TMB-5_MAP_g_12143.r24	BACKTEST	BLOCKED	10983	CONFIRM_INSTALL	3
145	rt4_TMB-5_MAP_g_12144.r24	BACKTEST	BLOCKED	10983	CONFIRM_INSTALL	3
146	rt4_TMB-5_MAP_g_12145.r24	BACKTEST	BLOCKED	10983	CONFIRM_INSTALL	3
147	rt4_TMB-5_MAP_g_12146.r24	BACKTEST	BLOCKED	10983	CONFIRM_INSTALL	3
148	rt4_TMB-5_MAP_g_12147.r24	BACKTEST	BLOCKED	10983	CONFIRM_INSTALL	3
149	rt4_TMB-5_MAP_g_12148.r24	BACKTEST	BLOCKED	10983	CONFIRM_INSTALL	3
150	rt4_TMB-5_MAP_g_12149.r24	BACKTEST	BLOCKED	10983	CONFIRM_INSTALL	3
151	rt4_TMB-5_MAP_g_12150.r24	BACKTEST	BLOCKED	10983	CONFIRM_INSTALL	3
152	rt4_TMB-5_MAP_g_12151.r24	BACKTEST	BLOCKED	10983	CONFIRM_INSTALL	3
153	rt4_TMB-5_MAP_g_12152.r24	BACKTEST	BLOCKED	10983	CONFIRM_INSTALL	3
154	rt4_TMB-5_MAP_g_12153.r24	BACKTEST	BLOCKED	10983	CONFIRM_INSTALL	3
155	rt4_TMB-5_MAP_g_12154.r24	BACKTEST	BLOCKED	10983	CONFIRM_INSTALL	3
156	rt4_TMB-5_MAP_g_12155.r24	BACKTEST	BLOCKED	10983	CONFIRM_INSTALL	3
157	rt4_TMB-5_MAP_g_12156.r24	BACKTEST	BLOCKED	10983	CONFIRM_INSTALL	3
158	rt4_TMB-5_MAP_g_12157.r24	BACKTEST	BLOCKED	10983	CONFIRM_INSTALL	3
159	rt4_TMB-5_MAP_g_12158.r24	BACKTEST	BLOCKED	10983	CONFIRM_INSTALL	3
160	rt4_TMB-5_MAP_g_12159.r24	BACKTEST	BLOCKED	10983	CONFIRM_INSTALL	3
161	rt4_TMB-5_MAP_g_12160.r24	BACKTEST	BLOCKED	10983	CONFIRM_INSTALL	3
162	rt4_TMB-5_MAP_g_12161.r24	BACKTEST	BLOCKED	10983	CONFIRM_INSTALL	3
163	rt4_TMB-5_MAP_g_12162.r24	BACKTEST	BLOCKED	10983	CONFIRM_INSTALL	3
164	rt4_TMB-5_MAP_g_12163.r24	BACKTEST	BLOCKED	10983	CONFIRM_INSTALL	3
165	rt4_TMB-5_MAP_g_12164.r24	BACKTEST	BLOCKED	10983	CONFIRM_INSTALL	3
166	rt4_TMB-5_MAP_g_12165.r24	BACKTEST	BLOCKED	10983	CONFIRM_INSTALL	3
167	rt4_TMB-5_MAP_g_12166.r24	BACKTEST	BLOCKED	10983	CONFIRM_INSTALL	3
168	rt4_TMB-5_MAP_g_12167.r24	BACKTEST	BLOCKED	10983	CONFIRM_INSTALL	3
169	rt4_TMB-5_MAP_g_12168.r24	BACKTEST	BLOCKED	10983	CONFIRM_INSTALL	3
170	rt4_TMB-5_MAP_g_12169.r24	BACKTEST	BLOCKED	10983	CONFIRM_INSTALL	3
171	rt4_TMB-5_MAP_g_12170.r24	BACKTEST	BLOCKED	10983	CONFIRM_INSTALL	3
172	rt4_TMB-5_MAP_g_12171.r24	BACKTEST	BLOCKED	10983	CONFIRM_INSTALL	3
173	rt4_TMB-5_MAP_g_12172.r24	BACKTEST	BLOCKED	10983	CONFIRM_INSTALL	3
174	rt4_TMB-5_MAP_g_12173.r24	BACKTEST	BLOCKED	10983	CONFIRM_INSTALL	3
175	rt4_TMB-5_MAP_g_12174.r24	BACKTEST	BLOCKED	10983	CONFIRM_INSTALL	3
176	rt4_TMB-5_MAP_g_12175.r24	BACKTEST	BLOCKED	10983	CONFIRM_INSTALL	3
177	rt4_TMB-5_MAP_g_12176.r24	BACKTEST	BLOCKED	10983	CONFIRM_INSTALL	3
178	rt4_TMB-5_MAP_g_12177.r24	BACKTEST	BLOCKED	10983	CONFIRM_INSTALL	3
179	rt4_TMB-5_MAP_g_12178.r24	BACKTEST	BLOCKED	10983	CONFIRM_INSTALL	3
180	rt4_TMB-5_MAP_g_12179.r24	BACKTEST	BLOCKED	10983	CONFIRM_INSTALL	3
181	rt4_TMB-5_MAP_g_12180.r24	BACKTEST	BLOCKED	10983	CONFIRM_INSTALL	3
182	rt4_TMB-5_MAP_g_12181.r24	BACKTEST	BLOCKED	10983	CONFIRM_INSTALL	3
183	rt4_TMB-5_MAP_g_12182.r24	BACKTEST	BLOCKED	10983	CONFIRM_INSTALL	3
184	rt4_TMB-5_MAP_g_12183.r24	BACKTEST	BLOCKED	10983	CONFIRM_INSTALL	3
185	rt4_TMB-5_MAP_g_12184.r24	BACKTEST	BLOCKED	10983	CONFIRM_INSTALL	3
186	rt4_TMB-5_MAP_g_12185.r24	BACKTEST	BLOCKED	10983	CONFIRM_INSTALL	3
187	rt4_TMB-5_MAP_g_12186.r24	BACKTEST	BLOCKED	10983	CONFIRM_INSTALL	3
188	rt4_TMB-5_MAP_g_12187.r24	BACKTEST	BLOCKED	10983	CONFIRM_INSTALL	3
189	rt4_TMB-5_MAP_g_12188.r24	BACKTEST	BLOCKED	10983	CONFIRM_INSTALL	3
190	rt4_TMB-5_MAP_g_12189.r24	BACKTEST	BLOCKED	10983	CONFIRM_INSTALL	3
191	rt4_TMB-5_MAP_g_12190.r24	BACKTEST	BLOCKED	10983	CONFIRM_INSTALL	3
192	rt4_TMB-5_MAP_g_12191.r24	BACKTEST	BLOCKED	10983	CONFIRM_INSTALL	3
193	rt4_TMB-5_MAP_g_12192.r24	BACKTEST	BLOCKED	10983	CONFIRM_INSTALL	3
194	rt4_TMB-5_MAP_g_12193.r24	BACKTEST	BLOCKED	10983	CONFIRM_INSTALL	3
195	rt4_TMB-5_MAP_g_12194.r24	BACKTEST	BLOCKED	10983	CONFIRM_INSTALL	3
196	rt4_TMB-5_MAP_g_12195.r24	BACKTEST	BLOCKED	10983	CONFIRM_INSTALL	3
197	rt4_TMB-5_MAP_g_12196.r24	BACKTEST	BLOCKED	10983	CONFIRM_INSTALL	3
198	rt4_TMB-5_MAP_g_12197.r24	BACKTEST	BLOCKED	10983	CONFIRM_INSTALL	3
199	rt4_TMB-5_MAP_g_12198.r24	BACKTEST	BLOCKED	10983	CONFIRM_INSTALL	3
200	rt4_TMB-5_MAP_g_12199.r24	BACKTEST	BLOCKED	10983	CONFIRM_INSTALL	3
201	rt4_TMB-5_MAP_g_12200.r24	BACKTEST	BLOCKED	10983	CONFIRM_INSTALL	3
202	rt4_TMB-5_MAP_g_12201.r24	BACKTEST	BLOCKED	10983	CONFIRM_INSTALL	3
203	rt4_TMB-5_MAP_g_12202.r24	BACKTEST	BLOCKED	10983	CONFIRM_INSTALL	3
204	rt4_TMB-5_MAP_g_12203.r24	BACKTEST	BLOCKED	10983	CONFIRM_INSTALL	3
205	rt4_TMB-5_MAP_g_12204.r24	BACKTEST	BLOCKED	10983	CONFIRM_INSTALL	3
206	rt4_TMB-5_MAP_g_12205.r24	BACKTEST	BLOCKED	10983	CONFIRM_INSTALL	3
207	rt4_TMB-5_MAP_g_12206.r24	BACKTEST	BLOCKED	10983	CONFIRM_INSTALL	3
208	rt4_TMB-5_MAP_g_12207.r24	BACKTEST	BLOCKED	10983	CONFIRM_INSTALL	3
209	rt4_TMB-5_MAP_g_12208.r24	BACKTEST	BLOCKED	10983	CONFIRM_INSTALL	3
210	rt4_TMB-5_MAP_g_12209.r24	BACKTEST	BLOCKED	10983	CONFIRM_INSTALL	3
211	rt4_TMB-5_MAP_g_12210.r24	BACKTEST	BLOCKED	10983	CONFIRM_INSTALL	3
212	rt4_TMB-5_MAP_g_12211.r24	BACKTEST	BLOCKED	10983	CONFIRM_INSTALL	3
213	rt4_TMB-5_MAP_g_12212.r24	BACKTEST	BLOCKED	10983	CONFIRM_INSTALL	3
214	rt4_TMB-5_MAP_g_12213.r24	BACKTEST	BLOCKED	10983	CONFIRM_INSTALL	3
215	rt4_TMB-5_MAP_g_12214.r24	BACKTEST	BLOCKED	10983	CONFIRM_INSTALL	3
216	rt4_TMB-5_MAP_g_12215.r24	BACKTEST	BLOCKED	10983	CONFIRM_INSTALL	3
217	rt4_TMB-5_MAP_g_12216.r24	BACKTEST	BLOCKED	10983	CONFIRM_INSTALL	3
218	rt4_TMB-5_MAP_g_12217.r24	BACKTEST	BLOCKED	10983	CONFIRM_INSTALL	3
219	rt4_TMB-5_MAP_g_12218.r24	BACKTEST	BLOCKED	10983	CONFIRM_INSTALL	3
220	rt4_TMB-5_MAP_g_12219.r24	BACKTEST	BLOCKED	10983	CONFIRM_INSTALL	3
221	rt4_TMB-5_MAP_g_12220.r24	BACKTEST	BLOCKED	10983	CONFIRM_INSTALL	3
222	rt4_TMB-5_MAP_g_12221.r24	BACKTEST	BLOCKED	10983	CONFIRM_INSTALL	3
223	rt4_TMB-5_MAP_g_12222.r24	BACKTEST	BLOCKED	10983	CONFIRM_INSTALL	3
224	rt4_TMB-5_MAP_g_12223.r24	BACKTEST	BLOCKED	10983	CONFIRM_INSTALL	3
225	rt4_TMB-5_MAP_g_12224.r24	BACKTEST	BLOCKED	10983	CONFIRM_INSTALL	3
226	rt4_TMB-5_MAP_g_12225.r24	BACKTEST	BLOCKED	10983	CONFIRM_INSTALL	3
227	rt4_TMB-5_MAP_g_12226.r24	BACKTEST	BLOCKED	10983	CONFIRM_INSTALL	3
228	rt4_TMB-5_MAP_g_12227.r24	BACKTEST	BLOCKED	10983	CONFIRM_INSTALL	3
229	rt4_TMB-5_MAP_g_12228.r24	BACKTEST	BLOCKED	10983	CONFIRM_INSTALL	3
230	rt4_TMB-5_MAP_g_12229.r24	BACKTEST	BLOCKED	10983	CONFIRM_INSTALL	3
231	rt4_TMB-5_MAP_g_12230.r24	BACKTEST	BLOCKED	10983	CONFIRM_INSTALL	3
232	rt4_TMB-5_MAP_g_12231.r24	BACKTEST	BLOCKED	10983	CONFIRM_INSTALL	3
233	rt4_TMB-5_MAP_g_12232.r24	BACKTEST	BLOCKED	10983	CONFIRM_INSTALL	3
234	rt4_TMB-5_MAP_g_12233.r24	BACKTEST	BLOCKED	10983	CONFIRM_INSTALL	3
235	rt4_TMB-5_MAP_g_12234.r24	BACKTEST	BLOCKED	10983	CONFIRM_INSTALL	3
236	rt4_TMB-5_MAP_g_12235.r24	BACKTEST	BLOCKED	10983	CONFIRM_INSTALL	3
237	rt4_TMB-5_MAP_g_12236.r24	BACKTEST	BLOCKED	10983	CONFIRM_INSTALL	3
238	rt4_TMB-5_MAP_g_12237.r24	BACKTEST	BLOCKED	10983	CONFIRM_INSTALL	3
239	rt4_TMB-5_MAP_g_12238.r24	BACKTEST	BLOCKED	10983	CONFIRM_INSTALL	3
240	rt4_TMB-5_MAP_g_12239.r24	BACKTEST	BLOCKED	10983	CONFIRM_INSTALL	3
241	rt4_TMB-5_MAP_g_12240.r24	BACKTEST	BLOCKED	10983	CONFIRM_INSTALL	3
242	rt4_TMB-5_MAP_g_12241.r24	BACKTEST	BLOCKED	10983	CONFIRM_INSTALL	3
243	rt4_TMB-5_MAP_g_12242.r24	BACKTEST	BLOCKED	10983	CONFIRM_INSTALL	3
244	rt4_TMB-5_MAP_g_12243.r24	BACKTEST	BLOCKED	10983	CONFIRM_INSTALL	3
245	rt4_TMB-5_MAP_g_12244.r24	BACKTEST	BLOCKED	10983	CONFIRM_INSTALL	3
246	rt4_TMB-5_MAP_g_12245.r24	BACKTEST	BLOCKED	10983	CONFIRM_INSTALL	3
247	rt4_TMB-5_MAP_g_12246.r24	BACKTEST	BLOCKED	10983	CONFIRM_INSTALL	3
248	rt4_TMB-5_MAP_g_12247.r24	BACKTEST	BLOCKED	10983	CONFIRM_INSTALL	3
249	rt4_TMB-5_MAP_g_12248.r24	BACKTEST	BLOCKED	10983	CONFIRM_INSTALL	3
250	rt4_TMB-5_MAP_g_12249.r24	BACKTEST	BLOCKED	10983	CONFIRM_INSTALL	3
251	rt4_TMB-5_MAP_g_12250.r24	BACKTEST	BLOCKED	10983	CONFIRM_INSTALL	3
252	rt4_TMB-5_MAP_g_12251.r24	BACKTEST	BLOCKED	10983	CONFIRM_INSTALL	3
253	rt4_TMB-5_MAP_g_12252.r24	BACKTEST	BLOCKED	10983	CONFIRM_INSTALL	3
254	rt4_TMB-5_MAP_g_12253.r24	BACKTEST	BLOCKED	10983	CONFIRM_INSTALL	3
255	rt4_TMB-5_MAP_g_12254.r24	BACKTEST	BLOCKED	10983	CONFIRM_INSTALL	3
256	rt4_TMB-5_MAP_g_12255.r24	BACKTEST	BLOCKED	10983	CONFIRM_INSTALL	3
257	rt4_TMB-5_MAP_g_12256.r24	BACKTEST	BLOCKED	10983	CONFIRM_INSTALL	3
258	rt4_TMB-5_MAP_g_12257.r24	BACKTEST	BLOCKED	10983	CONFIRM_INSTALL	3
259	rt4_TMB-5_MAP_g_12258.r24	BACKTEST	BLOCKED	10983	CONFIRM_INSTALL	3
260	rt4_TMB-5_MAP_g_12259.r24	BACKTEST	BLOCKED	10983	CONFIRM_INSTALL	3
261	rt4_TMB-5_MAP_g_12260.r24	BACKTEST	BLOCKED	10983	CONFIRM_INSTALL	3
262	rt4_TMB-5_MAP_g_12261.r24	BACKTEST	BLOCKED	10983	CONFIRM_INSTALL	3
263	rt4_TMB-5_MAP_g_12262.r24	BACKTEST	BLOCKED	10983	CONFIRM_INSTALL	3
264	rt4_TMB-5_MAP_g_12263.r24	BACKTEST	BLOCKED	10983	CONFIRM_INSTALL	3
265	rt4_TMB-5_MAP_g_12264.r24	BACKTEST	BLOCKED	10983	CONFIRM_INSTALL	3
266	rt4_TMB-5_MAP_g_12265.r24	BACKTEST	BLOCKED	10983	CONFIRM_INSTALL	3
267	rt4_TMB-5_MAP_g_12266.r24	BACKTEST	BLOCKED	10983	CONFIRM_INSTALL	3
268	rt4_TMB-5_MAP_g_12267.r24	BACKTEST	BLOCKED	10983	CONFIRM_INSTALL	3
269	rt4_TMB-5_MAP_g_12268.r24	BACKTEST	BLOCKED	10983	CONFIRM_INSTALL	3
270	rt4_TMB-5_MAP_g_12269.r24	BACKTEST	BLOCKED	10983	CONFIRM_INSTALL	3
271	rt4_TMB-5_MAP_g_12270.r24	BACKTEST	BLOCKED	10983	CONFIRM_INSTALL	3
272	rt4_TMB-5_MAP_g_12271.r24	BACKTEST	BLOCKED	10983	CONFIRM_INSTALL	3
273	rt4_TMB-5_MAP_g_12272.r24	BACKTEST	BLOCKED	10983	CONFIRM_INSTALL	3
274	rt4_TMB-5_MAP_g_12273.r24	BACKTEST	BLOCKED	10983	CONFIRM_INSTALL	3
275	rt4_TMB-5_MAP_g_12274.r24	BACKTEST	BLOCKED	10983	CONFIRM_INSTALL	3
276	rt4_TMB-5_MAP_g_12275.r24	BACKTEST	BLOCKED	10983	CONFIRM_INSTALL	3
277	rt4_TMB-5_MAP_g_12276.r24	BACKTEST	BLOCKED	10983	CONFIRM_INSTALL	3
278	rt4_TMB-5_MAP_g_12277.r24	BACKTEST	BLOCKED	10983	CONFIRM_INSTALL	3
279	rt4_TMB-5_MAP_g_12278.r24	BACKTEST	BLOCKED	10983	CONFIRM_INSTALL	3
280	rt4_TMB-5_MAP_g_12279.r24	BACKTEST	BLOCKED	10983	CONFIRM_INSTALL	3
281	rt4_TMB-5_MAP_g_12280.r24	BACKTEST	BLOCKED	10983	CONFIRM_INSTALL	3
282	rt4_TMB-5_MAP_g_12281.r24	BACKTEST	BLOCKED	10983	CONFIRM_INSTALL	3
283	rt4_TMB-5_MAP_g_12282.r24	BACKTEST	BLOCKED	10983	CONFIRM_INSTALL	3
284	rt4_TMB-5_MAP_g_12283.r24	BACKTEST	BLOCKED	10983	CONFIRM_INSTALL	3
285	rt4_TMB-5_MAP_g_12284.r24	BACKTEST	BLOCKED	10983	CONFIRM_INSTALL	3
286	rt4_TMB-5_MAP_g_12285.r24	BACKTEST	BLOCKED	10983	CONFIRM_INSTALL	3
287	rt4_TMB-5_MAP_g_12286.r24	BACKTEST	BLOCKED	10983	CONFIRM_INSTALL	3
288	rt4_TMB-5_MAP_g_12287.r24	BACKTEST	BLOCKED	10983	CONFIRM_INSTALL	3
289	rt4_TMB-5_MAP_g_12288.r24	BACKTEST	BLOCKED	10983	CONFIRM_INSTALL	3
290	rt4_TMB-5_MAP_g_12289.r24	BACKTEST	BLOCKED	10983	CONFIRM_INSTALL	3
291	rt4_TMB-5_MAP_g_12290.r24	BACKTEST	BLOCKED	10983	CONFIRM_INSTALL	3
292	rt4_TMB-5_MAP_g_12291.r24	BACKTEST	BLOCKED	10983	CONFIRM_INSTALL	3
293	rt4_TMB-5_MAP_g_12292.r24	BACKTEST	BLOCKED	10983	CONFIRM_INSTALL	3
294	rt4_TMB-5_MAP_g_12293.r24	BACKTEST	BLOCKED	10983	CONFIRM_INSTALL	3
295	rt4_TMB-5_MAP_g_12294.r24	BACKTEST	BLOCKED	10983	CONFIRM_INSTALL	3
296	rt4_TMB-5_MAP_g_12295.r24	BACKTEST	BLOCKED	10983	CONFIRM_INSTALL	3
297	rt4_TMB-5_MAP_g_12296.r24	BACKTEST	BLOCKED	10983	CONFIRM_INSTALL	3
298	rt4_TMB-5_MAP_g_12297.r24	BACKTEST	BLOCKED	10983	CONFIRM_INSTALL	3
299	rt4_TMB-5_MAP_g_12298.r24	BACKTEST	BLOCKED	10983	CONFIRM_INSTALL	3
300	rt4_TMB-5_MAP_g_12299.r24	BACKTEST	BLOCKED	10983	CONFIRM_INSTALL	3
301	rt4_TMB-5_MAP_g_12300.r24	BACKTEST	BLOCKED	10983	CONFIRM_INSTALL	3
302	rt4_TMB-5_MAP_g_12301.r24	BACKTEST	BLOCKED	10983	CONFIRM_INSTALL	3
303	rt4_TMB-5_MAP_g_12302.r24	BACKTEST	BLOCKED	10983	CONFIRM_INSTALL	3
304	rt4_TMB-5_MAP_g_12303.r24	BACKTEST	BLOCKED	10983	CONFIRM_INSTALL	3
305	rt4_TMB-5_MAP_g_12304.r24	BACKTEST	BLOCKED	10983	CONFIRM_INSTALL	3
306	rt4_TMB-5_MAP_g_12305.r24	BACKTEST	BLOCKED	10983	CONFIRM_INSTALL	3
307	rt4_TMB-5_MAP_g_12306.r24	BACKTEST	BLOCKED	10983	CONFIRM_INSTALL	3
308	rt4_TMB-5_MAP_g_12307.r24	BACKTEST	BLOCKED	10983	CONFIRM_INSTALL	3
309	rt4_TMB-5_MAP_g_12308.r24	BACKTEST	BLOCKED	10983	CONFIRM_INSTALL	3
310	rt4_TMB-5_MAP_g_12309.r24	BACKTEST	BLOCKED	10983	CONFIRM_INSTALL	3
311	rt4_TMB-5_MAP_g_12310.r24	BACKTEST	BLOCKED	10983	CONFIRM_INSTALL	3
312	rt4_TMB-5_MAP_g_12311.r24	BACKTEST	BLOCKED	10983	CONFIRM_INSTALL	3
313	rt4_TMB-5_MAP_g_12312.r24	BACKTEST	BLOCKED	10983	CONFIRM_INSTALL	3
314	rt4_TMB-5_MAP_g_12313.r24	BACKTEST	BLOCKED	10983	CONFIRM_INSTALL	3
315	rt4_TMB-5_MAP_g_12314.r24	BACKTEST	BLOCKED	10983	CONFIRM_INSTALL	3
316	rt4_TMB-5_MAP_g_12315.r24	BACKTEST	BLOCKED	10983	CONFIRM_INSTALL	3
317	rt4_TMB-5_MAP_g_12316.r24	BACKTEST	BLOCKED	10983	CONFIRM_INSTALL	3
318	rt4_TMB-5_MAP_g_12317.r24	BACKTEST	BLOCKED	10983	CONFIRM_INSTALL	3
319	rt4_TMB-5_MAP_g_12318.r24	BACKTEST	BLOCKED	10983	CONFIRM_INSTALL	3
320	rt4_TMB-5_MAP_g_12319.r24	BACKTEST	BLOCKED	10983	CONFIRM_INSTALL	3
321	rt4_TMB-5_MAP_g_12320.r24	BACKTEST	BLOCKED	10983	CONFIRM_INSTALL	3
322	rt4_TMB-5_MAP_g_12321.r24	BACKTEST	BLOCKED	10983	CONFIRM_INSTALL	3
323	rt4_TMB-5_MAP_g_12322.r24	BACKTEST	BLOCKED	10983	CONFIRM_INSTALL	3
324	rt4_TMB-5_MAP_g_12323.r24	BACKTEST	BLOCKED	10983	CONFIRM_INSTALL	3
325	rt4_TMB-5_MAP_g_12324.r24	BACKTEST	BLOCKED	10983	CONFIRM_INSTALL	3
326	rt4_TMB-5_MAP_g_12325.r24	BACKTEST	BLOCKED	10983	CONFIRM_INSTALL	3
327	rt4_TMB-5_MAP_g_12326.r24	BACKTEST	BLOCKED	10983	CONFIRM_INSTALL	3
328	rt4_TMB-5_MAP_g_12327.r24	BACKTEST	BLOCKED	10983	CONFIRM_INSTALL	3
329	rt4_TMB-5_MAP_g_12328.r24	BACKTEST	BLOCKED	10983	CONFIRM_INSTALL	3
330	rt4_TMB-5_MAP_g_12329.r24	BACKTEST	BLOCKED	10983	CONFIRM_INSTALL	3
331	rt4_TMB-5_MAP_g_12330.r24	BACKTEST	BLOCKED	10983	CONFIRM_INSTALL	3
332	rt4_TMB-5_MAP_g_12331.r24	BACKTEST	BLOCKED	10983	CONFIRM_INSTALL	3
333	rt4_TMB-5_MAP_g_12332.r24	BACKTEST	BLOCKED	10983	CONFIRM_INSTALL	3
334	rt4_TMB-5_MAP_g_12333.r24	BACKTEST	BLOCKED	10983	CONFIRM_INSTALL	3
335	rt4_TMB-5_MAP_g_12334.r24	BACKTEST	BLOCKED	10983	CONFIRM_INSTALL	3
336	rt4_TMB-5_MAP_g_12335.r24	BACKTEST	BLOCKED	10983	CONFIRM_INSTALL	3
337	rt4_TMB-5_MAP_g_12336.r24	BACKTEST	BLOCKED	10983	CONFIRM_INSTALL	3
338	rt4_TMB-5_MAP_g_12337.r24	BACKTEST	BLOCKED	10983	CONFIRM_INSTALL	3
339	rt4_TMB-5_MAP_g_12338.r24	BACKTEST	BLOCKED	10983	CONFIRM_INSTALL	3
340	rt4_TMB-5_MAP_g_12339.r24	BACKTEST	BLOCKED	10983	CONFIRM_INSTALL	3
341	rt4_TMB-5_MAP_g_12340.r24	BACKTEST	BLOCKED	10983	CONFIRM_INSTALL	3
342	rt4_TMB-5_MAP_g_12341.r24	BACKTEST	BLOCKED	10983	CONFIRM_INSTALL	3
343	rt4_TMB-5_MAP_g_12342.r24	BACKTEST	BLOCKED	10983	CONFIRM_INSTALL	3
344	rt4_TMB-5_MAP_g_12343.r24	BACKTEST	BLOCKED	10983	CONFIRM_INSTALL	3
345	rt4_TMB-5_MAP_g_12344.r24	BACKTEST	BLOCKED	10983	CONFIRM_INSTALL	3
346	rt4_TMB-5_MAP_g_12345.r24	BACKTEST	BLOCKED	10983	CONFIRM_INSTALL	3
347	rt4_TMB-5_MAP_g_12346.r24	BACKTEST	BLOCKED	10983	CONFIRM_INSTALL	3
348	rt4_TMB-5_MAP_g_12347.r24	BACKTEST	BLOCKED	10983	CONFIRM_INSTALL	3
349	rt4_TMB-5_MAP_g_12348.r24	BACKTEST	BLOCKED	10983	CONFIRM_INSTALL	3
350	rt4_TMB-5_MAP_g_12349.r24	BACKTEST	BLOCKED	10983	CONFIRM_INSTALL	3
351	rt4_TMB-5_MAP_g_12350.r24	BACKTEST	BLOCKED	10983	CONFIRM_INSTALL	3
352	rt4_TMB-5_MAP_g_12351.r24	BACKTEST	BLOCKED	10983	CONFIRM_INSTALL	3
353	rt4_TMB-5_MAP_g_12352.r24	BACKTEST	BLOCKED	10983	CONFIRM_INSTALL	3
354	rt4_TMB-5_MAP_g_12353.r24	BACKTEST	BLOCKED	10983	CONFIRM_INSTALL	3
355	rt4_TMB-5_MAP_g_12354.r24	BACKTEST	BLOCKED	10983	CONFIRM_INSTALL	3
356	rt4_TMB-5_MAP_g_12355.r24	BACKTEST	BLOCKED	10983	CONFIRM_INSTALL	3
357	rt4_TMB-5_MAP_g_12356.r24	BACKTEST	BLOCKED	10983	CONFIRM_INSTALL	3
358	rt4_TMB-5_MAP_g_12357.r24	BACKTEST	BLOCKED	10983	CONFIRM_INSTALL	3
359	rt4_TMB-5_MAP_g_12358.r24	BACKTEST	BLOCKED	10983	CONFIRM_INSTALL	3
360	rt4_TMB-5_MAP_g_12359.r24	BACKTEST	BLOCKED	10983	CONFIRM_INSTALL	3
361	rt4_TMB-5_MAP_g_12360.r24	BACKTEST	BLOCKED	10983	CONFIRM_INSTALL	3
362	rt4_TMB-5_MAP_g_12361.r24	BACKTEST	BLOCKED	10983	CONFIRM_INSTALL	3
363	rt4_TMB-5_MAP_g_12362.r24	BACKTEST	BLOCKED	10983	CONFIRM_INSTALL	3
364	rt4_TMB-5_MAP_g_12363.r24	BACKTEST	BLOCKED	10983	CONFIRM_INSTALL	3
365	rt4_TMB-5_MAP_g_12364.r24	BACKTEST	BLOCKED	10983	CONFIRM_INSTALL	3
366	rt4_TMB-5_MAP_g_12365.r24	BACKTEST	BLOCKED	10983	CONFIRM_INSTALL	3
367	rt4_TMB-5_MAP_g_12366.r24	BACKTEST	BLOCKED	10983	CONFIRM_INSTALL	3
368	rt4_TMB-5_MAP_g_12367.r24	BACKTEST	BLOCKED	10983	CONFIRM_INSTALL	3
369	rt4_TMB-5_MAP_g_12368.r24	BACKTEST	BLOCKED	10983	CONFIRM_INSTALL	3
370	rt4_TMB-5_MAP_g_12369.r24	BACKTEST	BLOCKED	10983	CONFIRM_INSTALL	3
371	rt4_TMB-5_MAP_g_12370.r24	BACKTEST	BLOCKED	10983	CONFIRM_INSTALL	3
372	rt4_TMB-5_MAP_g_12371.r24	BACKTEST	BLOCKED	10983	CONFIRM_INSTALL	3
373	rt4_TMB-5_MAP_g_12372.r24	BACKTEST	BLOCKED	10983	CONFIRM_INSTALL	3
374	rt4_TMB-5_MAP_g_12373.r24	BACKTEST	BLOCKED	10983	CONFIRM_INSTALL	3
375	rt4_TMB-5_MAP_g_12374.r24	BACKTEST	BLOCKED	10983	CONFIRM_INSTALL	3
376	rt4_TMB-5_MAP_g_12375.r24	BACKTEST	BLOCKED	10983	CONFIRM_INSTALL	3
377	rt4_TMB-5_MAP_g_12376.r24	BACKTEST	BLOCKED	10983	CONFIRM_INSTALL	3
378	rt4_TMB-5_MAP_g_12377.r24	BACKTEST	BLOCKED	10983	CONFIRM_INSTALL	3
379	rt4_TMB-5_MAP_g_12378.r24	BACKTEST	BLOCKED	10983	CONFIRM_INSTALL	3
380	rt4_TMB-5_MAP_g_12379.r24	BACKTEST	BLOCKED	10983	CONFIRM_INSTALL	3
381	rt4_TMB-5_MAP_g_12380.r24	BACKTEST	BLOCKED	10983	CONFIRM_INSTALL	3
382	rt4_TMB-5_MAP_g_12381.r24	BACKTEST	BLOCKED	10983	CONFIRM_INSTALL	3
383	rt4_TMB-5_MAP_g_12382.r24	BACKTEST	BLOCKED	10983	CONFIRM_INSTALL	3
384	rt4_TMB-5_MAP_g_12383.r24	BACKTEST	BLOCKED	10983	CONFIRM_INSTALL	3
385	rt4_TMB-5_MAP_g_12384.r24	BACKTEST	BLOCKED	10983	CONFIRM_INSTALL	3
386	rt4_TMB-5_MAP_g_12385.r24	BACKTEST	BLOCKED	10983	CONFIRM_INSTALL	3
387	rt4_TMB-5_MAP_g_12386.r24	BACKTEST	ALLOWED	-	-	0
388	rt4_TMB-5_MAP_g_12387.r24	BACKTEST	ALLOWED	-	-	0
389	rt4_TMB-5_MAP_g_12388.r24	BACKTEST	ALLOWED	-	-	0
390	rt4_TMB-5_MAP_g_12389.r24	BACKTEST	ALLOWED	-	-	0
391	rt4_TMB-5_MAP_g_12390.r24	BACKTEST	ALLOWED	-	-	0
392	rt4_TMB-5_MAP_g_12391.r24	BACKTEST	ALLOWED	-	-	0
393	rt4_TMB-5_MAP_g_12392.r24	BACKTEST	ALLOWED	-	-	0
394	rt4_TMB-5_MAP_g_12393.r24	BACKTEST	ALLOWED	-	-	0
395	rt4_TMB-5_MAP_g_12394.r24	BACKTEST	ALLOWED	-	-	0
396	rt4_TMB-5_MAP_g_12395.r24	BACKTEST	ALLOWED	-	-	0
397	rt4_TMB-5_MAP_g_12396.r24	BACKTEST	ALLOWED	-	-	0
398	rt4_TMB-5_MAP_g_12397.r24	BACKTEST	ALLOWED	-	-	0
399	rt4_TMB-5_MAP_g_12398.r24	BACKTEST	ALLOWED	-	-	0
400	rt4_TMB-5_MAP_g_12399.r24	BACKTEST	ALLOWED	-	-	0
401	rt4_TMB-5_MAP_g_12400.r24	BACKTEST	ALLOWED	-	-	0
402	rt4_TMB-5_MAP_g_12401.r24	BACKTEST	ALLOWED	-	-	0
403	rt4_TMB-5_MAP_g_12402.r24	BACKTEST	ALLOWED	-	-	0
404	rt4_TMB-5_MAP_g_12403.r24	BACKTEST	ALLOWED	-	-	0
405	rt4_TMB-5_MAP_g_12404.r24	BACKTEST	ALLOWED	-	-	0
406	rt4_TMB-5_MAP_g_12405.r24	BACKTEST	ALLOWED	-	-	0
407	rt4_TMB-5_MAP_g_12406.r24	BACKTEST	ALLOWED	-	-	0
408	rt4_TMB-5_MAP_g_12407.r24	BACKTEST	ALLOWED	-	-	0
409	rt4_TMB-5_MAP_g_12408.r24	BACKTEST	ALLOWED	-	-	0
410	rt4_TMB-5_MAP_g_12409.r24	BACKTEST	ALLOWED	-	-	0
411	rt4_TMB-5_MAP_g_12410.r24	BACKTEST	ALLOWED	-	-	0
412	rt4_TMB-5_MAP_g_12411.r24	BACKTEST	ALLOWED	-	-	0
413	rt4_TMB-5_MAP_g_12412.r24	BACKTEST	ALLOWED	-	-	0
414	rt4_TMB-5_MAP_g_12413.r24	BACKTEST	ALLOWED	-	-	0
415	rt4_TMB-5_MAP_g_12414.r24	BACKTEST	ALLOWED	-	-	0
416	rt4_TMB-5_MAP_g_12415.r24	BACKTEST	ALLOWED	-	-	0
417	rt4_TMB-5_MAP_g_12416.r24	BACKTEST	ALLOWED	-	-	0
418	rt4_TMB-5_MAP_g_12417.r24	BACKTEST	ALLOWED	-	-	0
419	rt4_TMB-5_MAP_g_12418.r24	BACKTEST	ALLOWED	-	-	0
420	rt4_TMB-5_MAP_g_12419.r24	BACKTEST	ALLOWED	-	-	0
421	rt4_TMB-5_MAP_g_12420.r24	BACKTEST	ALLOWED	-	-	0
422	rt4_TMB-5_MAP_g_12421.r24	BACKTEST	ALLOWED	-	-	0
423	rt4_TMB-5_MAP_g_12422.r24	BACKTEST	ALLOWED	-	-	0
424	rt4_TMB-5_MAP_g_12423.r24	BACKTEST	ALLOWED	-	-	0
425	rt4_TMB-5_MAP_g_12424.r24	BACKTEST	ALLOWED	-	-	0
426	rt4_TMB-5_MAP_g_12425.r24	BACKTEST	ALLOWED	-	-	0
427	rt4_TMB-5_MAP_g_12426.r24	BACKTEST	ALLOWED	-	-	0
428	rt4_TMB-5_MAP_g_12427.r24	BACKTEST	ALLOWED	-	-	0
429	rt4_TMB-5_MAP_g_12428.r24	BACKTEST	ALLOWED	-	-	0
430	rt4_TMB-5_MAP_g_12429.r24	BACKTEST	ALLOWED	-	-	0
431	rt4_TMB-5_MAP_g_12430.r24	BACKTEST	ALLOWED	-	-	0
432	rt4_TMB-5_MAP_g_12431.r24	BACKTEST	ALLOWED	-	-	0
433	rt4_TMB-5_MAP_g_12432.r24	BACKTEST	ALLOWED	-	-	0
434	rt4_TMB-5_MAP_g_12433.r24	BACKTEST	ALLOWED	-	-	0
435	rt4_TMB-5_MAP_g_12434.r24	BACKTEST	ALLOWED	-	-	0
436	rt4_TMB-5_MAP_g_12435.r24	BACKTEST	ALLOWED	-	-	0
437	rt4_TMB-5_MAP_g_12436.r24	BACKTEST	ALLOWED	-	-	0
438	rt4_TMB-5_MAP_g_12437.r24	BACKTEST	ALLOWED	-	-	0
439	rt4_TMB-5_MAP_g_12438.r24	BACKTEST	ALLOWED	-	-	0
440	rt4_TMB-5_MAP_g_12439.r24	BACKTEST	ALLOWED	-	-	0
441	rt4_TMB-5_MAP_g_12440.r24	BACKTEST	ALLOWED	-	-	0
442	rt4_TMB-5_MAP_g_12441.r24	BACKTEST	ALLOWED	-	-	0
443	rt4_TMB-5_MAP_g_12442.r24	BACKTEST	ALLOWED	-	-	0
444	rt4_TMB-5_MAP_g_12443.r24	BACKTEST	ALLOWED	-	-	0
445	rt4_TMB-5_MAP_g_12444.r24	BACKTEST	ALLOWED	-	-	0
446	rt4_TMB-5_MAP_g_12445.r24	BACKTEST	ALLOWED	-	-	0
447	rt4_TMB-5_MAP_g_12446.r24	BACKTEST	ALLOWED	-	-	0
448	rt4_TMB-5_MAP_g_12447.r24	BACKTEST	ALLOWED	-	-	0
449	rt4_TMB-5_MAP_g_12448.r24	BACKTEST	ALLOWED	-	-	0
450	rt4_TMB-5_MAP_g_12449.r24	BACKTEST	ALLOWED	-	-	0
451	rt4_TMB-5_MAP_g_12450.r24	BACKTEST	ALLOWED	-	-	0
452	rt4_TMB-5_MAP_g_12451.r24	BACKTEST	ALLOWED	-	-	0
453	rt4_TMB-5_MAP_g_12452.r24	BACKTEST	ALLOWED	-	-	0
454	rt4_TMB-5_MAP_g_12453.r24	BACKTEST	ALLOWED	-	-	0
455	rt4_TMB-5_MAP_g_12454.r24	BACKTEST	ALLOWED	-	-	0
456	rt4_TMB-5_MAP_g_12455.r24	BACKTEST	ALLOWED	-	-	0
457	rt4_TMB-5_MAP_g_12456.r24	BACKTEST	ALLOWED	-	-	0
458	rt4_TMB-5_MAP_g_12457.r24	BACKTEST	ALLOWED	-	-	0
459	rt4_TMB-5_MAP_g_12458.r24	BACKTEST	ALLOWED	-	-	0
460	rt4_TMB-5_MAP_g_12459.r24	BACKTEST	ALLOWED	-	-	0
461	rt4_TMB-5_MAP_g_12460.r24	BACKTEST	ALLOWED	-	-	0
462	rt4_TMB-5_MAP_g_12461.r24	BACKTEST	ALLOWED	-	-	0
463	rt4_TMB-5_MAP_g_12462.r24	BACKTEST	ALLOWED	-	-	0
464	rt4_TMB-5_MAP_g_12463.r24	BACKTEST	ALLOWED	-	-	0
465	rt4_TMB-5_MAP_g_12464.r24	BACKTEST	ALLOWED	-	-	0
466	rt4_TMB-5_MAP_g_12465.r24	BACKTEST	ALLOWED	-	-	0
467	rt4_TMB-5_MAP_g_12466.r24	BACKTEST	ALLOWED	-	-	0
468	rt4_TMB-5_MAP_g_12467.r24	BACKTEST	ALLOWED	-	-	0
469	rt4_TMB-5_MAP_g_12468.r24	BACKTEST	ALLOWED	-	-	0
470	rt4_TMB-5_MAP_g_12469.r24	BACKTEST	ALLOWED	-	-	0
471	rt4_TMB-5_MAP_g_12470.r24	BACKTEST	ALLOWED	-	-	0
472	rt4_TMB-5_MAP_g_12471.r24	BACKTEST	ALLOWED	-	-	0
473	rt4_TMB-5_MAP_g_12472.r24	BACKTEST	ALLOWED	-	-	0
474	rt4_TMB-5_MAP_g_12473.r24	BACKTEST	ALLOWED	-	-	0
475	rt4_TMB-5_MAP_g_12474.r24	BACKTEST	ALLOWED	-	-	0
476	rt4_TMB-5_MAP_g_12475.r24	BACKTEST	ALLOWED	-	-	0
477	rt4_TMB-5_MAP_g_12476.r24	BACKTEST	ALLOWED	-	-	0
478	rt4_TMB-5_MAP_g_12477.r24	BACKTEST	ALLOWED	-	-	0
479	rt4_TMB-5_MAP_g_12478.r24	BACKTEST	ALLOWED	-	-	0
480	rt4_TMB-5_MAP_g_12479.r24	BACKTEST	ALLOWED	-	-	0
481	rt4_TMB-5_MAP_g_12480.r24	BACKTEST	ALLOWED	-	-	0
482	rt4_TMB-5_MAP_g_12481.r24	BACKTEST	ALLOWED	-	-	0
483	rt4_TMB-5_MAP_g_12482.r24	BACKTEST	ALLOWED	-	-	0
484	rt4_TMB-5_MAP_g_12483.r24	BACKTEST	ALLOWED	-	-	0
485	rt4_TMB-5_MAP_g_12484.r24	BACKTEST	ALLOWED	-	-	0
486	rt4_TMB-5_MAP_g_12485.r24	BACKTEST	ALLOWED	-	-	0
487	rt4_TMB-5_MAP_g_12486.r24	BACKTEST	ALLOWED	-	-	0
488	rt4_TMB-5_MAP_g_12487.r24	BACKTEST	ALLOWED	-	-	0
489	rt4_TMB-5_MAP_g_12488.r24	BACKTEST	ALLOWED	-	-	0
490	rt4_TMB-5_MAP_g_12489.r24	BACKTEST	ALLOWED	-	-	0
491	rt4_TMB-5_MAP_g_12490.r24	BACKTEST	ALLOWED	-	-	0
492	rt4_TMB-5_MAP_g_12491.r24	BACKTEST	ALLOWED	-	-	0
493	rt4_TMB-5_MAP_g_12492.r24	BACKTEST	ALLOWED	-	-	0
494	rt4_TMB-5_MAP_g_12493.r24	BACKTEST	ALLOWED	-	-	0
495	rt4_TMB-5_MAP_g_12494.r24	BACKTEST	ALLOWED	-	-	0
496	rt4_TMB-5_MAP_g_12495.r24	BACKTEST	ALLOWED	-	-	0
497	rt4_TMB-5_MAP_g_12496.r24	BACKTEST	ALLOWED	-	-	0
498	rt4_TMB-5_MAP_g_12497.r24	BACKTEST	ALLOWED	-	-	0
499	rt4_TMB-5_MAP_g_12498.r24	BACKTEST	ALLOWED	-	-	0
500	rt4_TMB-5_MAP_g_12499.r24	BACKTEST	ALLOWED	-	-	0
SETSUM NEAR n=0 blocked=0 confirmed=0 withheld=0
SETSUM FAR n=0 blocked=0
SETSUM BACKTEST n=500 blocked=386
BACKTEST false_blocked=0 false_withheld=0 false_escaped=0 true_blocked=386
DELAYBAR delayed_gt50=0 over=0
HIST 0=0 1-3=0 4-10=0 11-50=0 51-100=0 101-300=0 301+=0 WITHHELD=0
SERIAL delayed_gt50=0
SANITY MISMATCH
