CL_CHECK,pcm_encode,0,0
CL_CHECK,pcm_min_status,0,0
CL_CHECK,pcm_min,-32768,-32768
CL_CHECK,pcm_max_status,0,0
CL_CHECK,pcm_max,32767,32767
CL_CHECK,pcm_last_status,0,0
CL_CHECK,pcm_minus_one,-1,-1
CL_CHECK,pcm_exact_payload,1,1
CL_CHECK,stream_first,0,0
CL_CHECK,stream_duplicate,2001,2001
CL_CHECK,stream_no_mutation,1,1
CL_CHECK,stream_save,0,0
CL_CHECK,stream_load,0,0
CL_CHECK,stream_clock_restored,8,8
CL_CHECK,payload_corrupt,2005,2005
CL_CHECK,metadata_corrupt,2005,2005
CL_CHECK,observation_torn,2001,2001
CL_CHECK,bad_channels,2001,2001
CL_CHECK,bad_input_output_unchanged,1,1
CL_CHECK,overlap_refused,2002,2002
CL_CHECK,new_sequence,0,0
CL_CHECK,backwards_time,2001,2001
CL_CHECK,clock_change,2001,2001
CL_CHECK,rgb_encode,0,0
CL_CHECK,rgb_exact_channel_order,1,1
CL_CHECK,rgb_not_pcm,2002,2002
CL_CHECK,world_init,0,0
CL_CHECK,world_initial_observe,0,0
CL_CHECK,world_observation_format,0,0
CL_CHECK,hidden_regime_absent,1,1
CL_CHECK,invalid_action,2001,2001
CL_CHECK,invalid_action_unchanged,1,1
CL_CHECK,left_action,0,0
CL_CHECK,touch_pending,0,0
CL_CHECK,no_immediate_reward,0,0
CL_CHECK,pending_capacity,2006,2006
CL_CHECK,pending_refusal_unchanged,1,1
CL_CHECK,resumed_world_exact,1,1
CL_CHECK,resumed_consequence_exact,0,0
CL_CHECK,delay_not_early,0,0
CL_CHECK,resumed_world_exact,1,1
CL_CHECK,resumed_consequence_exact,0,0
CL_CHECK,delay_not_early,0,0
CL_CHECK,resumed_world_exact,1,1
CL_CHECK,resumed_consequence_exact,1,1
CL_CHECK,cause_is_touch_event,2,2
CL_CHECK,delayed_reward,1,1
CL_CHECK,pending_cleared,0,0
CL_CHECK,inspect_has_cost,1,1
CL_CHECK,inspect_counter,1,1
CL_CHECK,inspect_reveals_pixel_detail,0,0
CL_CHECK,world_still_valid,0,0
CL_CHECK,checkpoint_build,1,1
CL_CHECK,checkpoint_validate,0,0
CL_CHECK,world_section_exact,1,1
CL_CHECK,checkpoint_corrupt,2005,2005
CL_CHECK,checkpoint_wrong_sequence,2001,2001
CL_CHECK,checkpoint_wrong_parent,2005,2005
CL_CHECK,checkpoint_missing_section,2001,2001
CL_CHECK,checkpoint_overflow_length,2002,2002
CL_CHECK,parent_not_fabricated,2007,2007
CL_CHECK,write_exclusive,0,0
CL_CHECK,no_overwrite,2003,2003
CL_CHECK,parent_traversal,2003,2003
CL_CHECK,absolute_path,2003,2003
CL_CHECK,nul_path,2003,2003
CL_CHECK,symlink_fixture,0,0
CL_CHECK,symlink_refused,2003,2003
CL_CHECK,hardlink_fixture,0,0
CL_CHECK,hardlink_original_refused,2003,2003
CL_CHECK,hardlink_alias_refused,2003,2003
CL_CHECK,fifo_fixture,0,0
CL_CHECK,fifo_nonblocking_refusal,2003,2003
CL_CHECK,directory_fixture,0,0
CL_CHECK,directory_refusal,2003,2003
CL_CHECK,errno_io,2004,2004
CL_CHECK,errno_host,2008,2008
CL_CHECK,errno_capability,2003,2003
CL_CHECK,root_fixture,0,0
CL_CHECK,root_open,1,1
CL_CHECK,root_replace,0,0
CL_CHECK,retained_capability_write,0,0
CL_CHECK,original_directory_open,1,1
CL_CHECK,replacement_untouched,2003,2003
CL_CHECK,original_directory_read,8,8
CL_CHECK,retained_bytes,1,1
CL_CHECK,usage_status,0,0
CL_CHECK,observed_rss_positive,1,1
CL_CHECK,observed_cpu_nonnegative,1,1
CL_UNIT_FAILURES,0
