=== ARM T5a SEED 7 ===
> OBSERVE
< INSTANCES 18
< PAIR m0 m1 1
< PAIR m1 m2 1
< PAIR m2 m3 1
< PAIR m4 m5 1
< PAIR m5 m6 1
< PAIR m6 m7 1
< PAIR m7 m8 1
< PAIR m8 m9 1
< PAIR m2 m4 1
< PAIR m3 m5 1
< PAIR m0 m9 1
< PAIR m1 m8 1
< PAIR m4 m3 0
< PAIR m9 m0 0
< PAIR m8 m1 0
< PAIR m5 m2 0
< PAIR m7 m3 0
< PAIR m9 m5 0
< NATTRS 10
< ATTR m0 3 8 1
< ATTR m1 9 2 7
< ATTR m2 1 5 9
< ATTR m3 7 0 4
< ATTR m4 2 9 3
< ATTR m5 8 4 0
< ATTR m6 4 1 8
< ATTR m7 0 7 2
< ATTR m8 6 3 5
< ATTR m9 5 6 9
< PROBE_EXCEPT 0
< END_OBSERVE
> TEST_PAIR m0 m1 1
> TEST_PAIR m1 m2 1
> TEST_PAIR m2 m3 1
> TEST_PAIR m4 m5 1
> TEST_PAIR m5 m6 1
> TEST_PAIR m6 m7 1
> TEST_PAIR m7 m8 1
> TEST_PAIR m8 m9 1
> TEST_PAIR m2 m4 1
> TEST_PAIR m3 m5 1
> TEST_PAIR m0 m9 1
> TEST_PAIR m1 m8 1
> TEST_PAIR m4 m3 0
> TEST_PAIR m9 m0 0
> TEST_PAIR m8 m1 0
> TEST_PAIR m5 m2 0
> TEST_PAIR m7 m3 0
> TEST_PAIR m9 m5 0
< ACCEPT
< ACCEPT
< ACCEPT
< ACCEPT
< ACCEPT
< ACCEPT
< ACCEPT
< ACCEPT
< ACCEPT
< ACCEPT
< ACCEPT
< ACCEPT
< ACCEPT
< ACCEPT
< ACCEPT
< ACCEPT
< ACCEPT
< ACCEPT
> TEST_PAIR m0 m1 0
> TEST_PAIR m1 m2 1
> TEST_PAIR m2 m3 1
> TEST_PAIR m4 m5 1
> TEST_PAIR m5 m6 1
> TEST_PAIR m6 m7 1
> TEST_PAIR m7 m8 1
> TEST_PAIR m8 m9 1
> TEST_PAIR m2 m4 1
> TEST_PAIR m3 m5 1
> TEST_PAIR m0 m9 1
> TEST_PAIR m1 m8 1
> TEST_PAIR m4 m3 0
> TEST_PAIR m9 m0 0
> TEST_PAIR m8 m1 0
> TEST_PAIR m5 m2 0
> TEST_PAIR m7 m3 0
> TEST_PAIR m9 m5 0
< REJECT
< ACCEPT
< ACCEPT
< ACCEPT
< ACCEPT
< ACCEPT
< ACCEPT
< ACCEPT
< ACCEPT
< ACCEPT
< ACCEPT
< ACCEPT
< ACCEPT
< ACCEPT
< ACCEPT
< ACCEPT
< ACCEPT
< ACCEPT
> TEST_PAIR m0 m1 1
> TEST_PAIR m1 m2 0
> TEST_PAIR m2 m3 1
> TEST_PAIR m4 m5 1
> TEST_PAIR m5 m6 1
> TEST_PAIR m6 m7 1
> TEST_PAIR m7 m8 1
> TEST_PAIR m8 m9 1
> TEST_PAIR m2 m4 1
> TEST_PAIR m3 m5 1
> TEST_PAIR m0 m9 1
> TEST_PAIR m1 m8 1
> TEST_PAIR m4 m3 0
> TEST_PAIR m9 m0 0
> TEST_PAIR m8 m1 0
> TEST_PAIR m5 m2 0
> TEST_PAIR m7 m3 0
> TEST_PAIR m9 m5 0
< ACCEPT
< REJECT
< ACCEPT
< ACCEPT
< ACCEPT
< ACCEPT
< ACCEPT
< ACCEPT
< ACCEPT
< ACCEPT
< ACCEPT
< ACCEPT
< ACCEPT
< ACCEPT
< ACCEPT
< ACCEPT
< ACCEPT
< ACCEPT
> TEST_PAIR m0 m1 1
> TEST_PAIR m1 m2 1
> TEST_PAIR m2 m3 0
> TEST_PAIR m4 m5 1
> TEST_PAIR m5 m6 1
> TEST_PAIR m6 m7 1
> TEST_PAIR m7 m8 1
> TEST_PAIR m8 m9 1
> TEST_PAIR m2 m4 1
> TEST_PAIR m3 m5 1
> TEST_PAIR m0 m9 1
> TEST_PAIR m1 m8 1
> TEST_PAIR m4 m3 0
> TEST_PAIR m9 m0 0
> TEST_PAIR m8 m1 0
> TEST_PAIR m5 m2 0
> TEST_PAIR m7 m3 0
> TEST_PAIR m9 m5 0
< ACCEPT
< ACCEPT
< REJECT
< ACCEPT
< ACCEPT
< ACCEPT
< ACCEPT
< ACCEPT
< ACCEPT
< ACCEPT
< ACCEPT
< ACCEPT
< ACCEPT
< ACCEPT
< ACCEPT
< ACCEPT
< ACCEPT
< ACCEPT
> TEST_PAIR m0 m1 1
> TEST_PAIR m1 m2 1
> TEST_PAIR m2 m3 1
> TEST_PAIR m4 m5 0
> TEST_PAIR m5 m6 1
> TEST_PAIR m6 m7 1
> TEST_PAIR m7 m8 1
> TEST_PAIR m8 m9 1
> TEST_PAIR m2 m4 1
> TEST_PAIR m3 m5 1
> TEST_PAIR m0 m9 1
> TEST_PAIR m1 m8 1
> TEST_PAIR m4 m3 0
> TEST_PAIR m9 m0 0
> TEST_PAIR m8 m1 0
> TEST_PAIR m5 m2 0
> TEST_PAIR m7 m3 0
> TEST_PAIR m9 m5 0
< ACCEPT
< ACCEPT
< ACCEPT
< REJECT
< ACCEPT
< ACCEPT
< ACCEPT
< ACCEPT
< ACCEPT
< ACCEPT
< ACCEPT
< ACCEPT
< ACCEPT
< ACCEPT
< ACCEPT
< ACCEPT
< ACCEPT
< ACCEPT
> TEST_PAIR m0 m1 1
> TEST_PAIR m1 m2 1
> TEST_PAIR m2 m3 1
> TEST_PAIR m4 m5 1
> TEST_PAIR m5 m6 0
> TEST_PAIR m6 m7 1
> TEST_PAIR m7 m8 1
> TEST_PAIR m8 m9 1
> TEST_PAIR m2 m4 1
> TEST_PAIR m3 m5 1
> TEST_PAIR m0 m9 1
> TEST_PAIR m1 m8 1
> TEST_PAIR m4 m3 0
> TEST_PAIR m9 m0 0
> TEST_PAIR m8 m1 0
> TEST_PAIR m5 m2 0
> TEST_PAIR m7 m3 0
> TEST_PAIR m9 m5 0
< ACCEPT
< ACCEPT
< ACCEPT
< ACCEPT
< REJECT
< ACCEPT
< ACCEPT
< ACCEPT
< ACCEPT
< ACCEPT
< ACCEPT
< ACCEPT
< ACCEPT
< ACCEPT
< ACCEPT
< ACCEPT
< ACCEPT
< ACCEPT
> TEST_PAIR m0 m1 1
> TEST_PAIR m1 m2 1
> TEST_PAIR m2 m3 1
> TEST_PAIR m4 m5 1
> TEST_PAIR m5 m6 1
> TEST_PAIR m6 m7 0
> TEST_PAIR m7 m8 1
> TEST_PAIR m8 m9 1
> TEST_PAIR m2 m4 1
> TEST_PAIR m3 m5 1
> TEST_PAIR m0 m9 1
> TEST_PAIR m1 m8 1
> TEST_PAIR m4 m3 0
> TEST_PAIR m9 m0 0
> TEST_PAIR m8 m1 0
> TEST_PAIR m5 m2 0
> TEST_PAIR m7 m3 0
> TEST_PAIR m9 m5 0
< ACCEPT
< ACCEPT
< ACCEPT
< ACCEPT
< ACCEPT
< REJECT
< ACCEPT
< ACCEPT
< ACCEPT
< ACCEPT
< ACCEPT
< ACCEPT
< ACCEPT
< ACCEPT
< ACCEPT
< ACCEPT
< ACCEPT
< ACCEPT
> TEST_PAIR m0 m1 1
> TEST_PAIR m1 m2 1
> TEST_PAIR m2 m3 1
> TEST_PAIR m4 m5 1
> TEST_PAIR m5 m6 1
> TEST_PAIR m6 m7 1
> TEST_PAIR m7 m8 0
> TEST_PAIR m8 m9 1
> TEST_PAIR m2 m4 1
> TEST_PAIR m3 m5 1
> TEST_PAIR m0 m9 1
> TEST_PAIR m1 m8 1
> TEST_PAIR m4 m3 0
> TEST_PAIR m9 m0 0
> TEST_PAIR m8 m1 0
> TEST_PAIR m5 m2 0
> TEST_PAIR m7 m3 0
> TEST_PAIR m9 m5 0
< ACCEPT
< ACCEPT
< ACCEPT
< ACCEPT
< ACCEPT
< ACCEPT
< REJECT
< ACCEPT
< ACCEPT
< ACCEPT
< ACCEPT
< ACCEPT
< ACCEPT
< ACCEPT
< ACCEPT
< ACCEPT
< ACCEPT
< ACCEPT
> TEST_PAIR m0 m1 1
> TEST_PAIR m1 m2 1
> TEST_PAIR m2 m3 1
> TEST_PAIR m4 m5 1
> TEST_PAIR m5 m6 1
> TEST_PAIR m6 m7 1
> TEST_PAIR m7 m8 1
> TEST_PAIR m8 m9 0
> TEST_PAIR m2 m4 1
> TEST_PAIR m3 m5 1
> TEST_PAIR m0 m9 1
> TEST_PAIR m1 m8 1
> TEST_PAIR m4 m3 0
> TEST_PAIR m9 m0 0
> TEST_PAIR m8 m1 0
> TEST_PAIR m5 m2 0
> TEST_PAIR m7 m3 0
> TEST_PAIR m9 m5 0
< ACCEPT
< ACCEPT
< ACCEPT
< ACCEPT
< ACCEPT
< ACCEPT
< ACCEPT
< REJECT
< ACCEPT
< ACCEPT
< ACCEPT
< ACCEPT
< ACCEPT
< ACCEPT
< ACCEPT
< ACCEPT
< ACCEPT
< ACCEPT
> TEST_PAIR m0 m1 1
> TEST_PAIR m1 m2 1
> TEST_PAIR m2 m3 1
> TEST_PAIR m4 m5 1
> TEST_PAIR m5 m6 1
> TEST_PAIR m6 m7 1
> TEST_PAIR m7 m8 1
> TEST_PAIR m8 m9 1
> TEST_PAIR m2 m4 0
> TEST_PAIR m3 m5 1
> TEST_PAIR m0 m9 1
> TEST_PAIR m1 m8 1
> TEST_PAIR m4 m3 0
> TEST_PAIR m9 m0 0
> TEST_PAIR m8 m1 0
> TEST_PAIR m5 m2 0
> TEST_PAIR m7 m3 0
> TEST_PAIR m9 m5 0
< ACCEPT
< ACCEPT
< ACCEPT
< ACCEPT
< ACCEPT
< ACCEPT
< ACCEPT
< ACCEPT
< REJECT
< ACCEPT
< ACCEPT
< ACCEPT
< ACCEPT
< ACCEPT
< ACCEPT
< ACCEPT
< ACCEPT
< ACCEPT
> TEST_PAIR m0 m1 1
> TEST_PAIR m1 m2 1
> TEST_PAIR m2 m3 1
> TEST_PAIR m4 m5 1
> TEST_PAIR m5 m6 1
> TEST_PAIR m6 m7 1
> TEST_PAIR m7 m8 1
> TEST_PAIR m8 m9 1
> TEST_PAIR m2 m4 1
> TEST_PAIR m3 m5 0
> TEST_PAIR m0 m9 1
> TEST_PAIR m1 m8 1
> TEST_PAIR m4 m3 0
> TEST_PAIR m9 m0 0
> TEST_PAIR m8 m1 0
> TEST_PAIR m5 m2 0
> TEST_PAIR m7 m3 0
> TEST_PAIR m9 m5 0
< ACCEPT
< ACCEPT
< ACCEPT
< ACCEPT
< ACCEPT
< ACCEPT
< ACCEPT
< ACCEPT
< ACCEPT
< REJECT
< ACCEPT
< ACCEPT
< ACCEPT
< ACCEPT
< ACCEPT
< ACCEPT
< ACCEPT
< ACCEPT
> TEST_PAIR m0 m1 1
> TEST_PAIR m1 m2 1
> TEST_PAIR m2 m3 1
> TEST_PAIR m4 m5 1
> TEST_PAIR m5 m6 1
> TEST_PAIR m6 m7 1
> TEST_PAIR m7 m8 1
> TEST_PAIR m8 m9 1
> TEST_PAIR m2 m4 1
> TEST_PAIR m3 m5 1
> TEST_PAIR m0 m9 1
> TEST_PAIR m1 m8 1
> TEST_PAIR m4 m3 0
> TEST_PAIR m9 m0 0
> TEST_PAIR m8 m1 0
> TEST_PAIR m5 m2 0
> TEST_PAIR m7 m3 0
> TEST_PAIR m9 m5 0
< ACCEPT
< ACCEPT
< ACCEPT
< ACCEPT
< ACCEPT
< ACCEPT
< ACCEPT
< ACCEPT
< ACCEPT
< ACCEPT
< ACCEPT
< ACCEPT
< ACCEPT
< ACCEPT
< ACCEPT
< ACCEPT
< ACCEPT
< ACCEPT
> TEST_PAIR m0 m1 1
> TEST_PAIR m1 m2 1
> TEST_PAIR m2 m3 1
> TEST_PAIR m4 m5 1
> TEST_PAIR m5 m6 1
> TEST_PAIR m6 m7 1
> TEST_PAIR m7 m8 1
> TEST_PAIR m8 m9 1
> TEST_PAIR m2 m4 1
> TEST_PAIR m3 m5 1
> TEST_PAIR m0 m9 1
> TEST_PAIR m1 m8 1
> TEST_PAIR m4 m3 0
> TEST_PAIR m9 m0 0
> TEST_PAIR m8 m1 0
> TEST_PAIR m5 m2 0
> TEST_PAIR m7 m3 0
> TEST_PAIR m9 m5 0
< ACCEPT
< ACCEPT
< ACCEPT
< ACCEPT
< ACCEPT
< ACCEPT
< ACCEPT
< ACCEPT
< ACCEPT
< ACCEPT
< ACCEPT
< ACCEPT
< ACCEPT
< ACCEPT
< ACCEPT
< ACCEPT
< ACCEPT
< ACCEPT
> TEST_PAIR m0 m1 1
> TEST_PAIR m1 m2 1
> TEST_PAIR m2 m3 1
> TEST_PAIR m4 m5 1
> TEST_PAIR m5 m6 1
> TEST_PAIR m6 m7 1
> TEST_PAIR m7 m8 1
> TEST_PAIR m8 m9 1
> TEST_PAIR m2 m4 1
> TEST_PAIR m3 m5 1
> TEST_PAIR m0 m9 1
> TEST_PAIR m1 m8 1
> TEST_PAIR m4 m3 1
> TEST_PAIR m9 m0 0
> TEST_PAIR m8 m1 0
> TEST_PAIR m5 m2 0
> TEST_PAIR m7 m3 0
> TEST_PAIR m9 m5 0
> TEST_PAIR m0 m1 1
> TEST_PAIR m1 m2 1
> TEST_PAIR m2 m3 1
> TEST_PAIR m4 m5 1
> TEST_PAIR m5 m6 1
> TEST_PAIR m6 m7 1
> TEST_PAIR m7 m8 1
> TEST_PAIR m8 m9 1
> TEST_PAIR m2 m4 1
> TEST_PAIR m3 m5 1
> TEST_PAIR m0 m9 1
> TEST_PAIR m1 m8 1
> TEST_PAIR m4 m3 0
> TEST_PAIR m9 m0 0
> TEST_PAIR m8 m1 0
> TEST_PAIR m5 m2 0
> TEST_PAIR m7 m3 0
> TEST_PAIR m9 m5 0
< ACCEPT
< ACCEPT
< ACCEPT
< ACCEPT
< ACCEPT
< ACCEPT
< ACCEPT
< ACCEPT
< ACCEPT
< ACCEPT
< ACCEPT
< ACCEPT
< REJECT
< ACCEPT
< ACCEPT
< ACCEPT
< ACCEPT
< ACCEPT
< ACCEPT
< ACCEPT
< ACCEPT
< ACCEPT
< ACCEPT
< ACCEPT
< ACCEPT
< ACCEPT
< ACCEPT
< ACCEPT
< ACCEPT
< ACCEPT
< ACCEPT
< ACCEPT
< ACCEPT
< ACCEPT
< ACCEPT
< ACCEPT
> TEST_PAIR m3 m4 0
> TEST_PAIR m3 m4 1
< REJECT
< ACCEPT
> COMMIT G 1 0 11
> EDGE m0 m1
> EDGE m1 m2
> EDGE m2 m3
> EDGE m4 m5
> EDGE m5 m6
> EDGE m6 m7
> EDGE m7 m8
> EDGE m8 m9
> EDGE m2 m4
> EDGE m3 m5
> EDGE m3 m4
> COMMIT_END
< COMMIT_OK
> HELDOUT_A
< PAIRS 6
< PAIR m3 m4
< PAIR m2 m5
< PAIR m0 m4
< PAIR m3 m6
< PAIR m1 m9
< PAIR m9 m1
> TEST_PAIR m3 m4 1
> TEST_PAIR m2 m5 1
> TEST_PAIR m0 m4 1
> TEST_PAIR m3 m6 1
> TEST_PAIR m1 m9 1
> TEST_PAIR m9 m1 0
< ACCEPT
< ACCEPT
< ACCEPT
< ACCEPT
< ACCEPT
< ACCEPT
ARM T5a complete after 42 iterations
