Research/R33_NATIVE_N19_RUNTIME_BOUNDARY/RECOVERY_20260915_C/INDEPENDENT_NATIVE_LANE_C_2/setup_corrected.pl: OK
Research/R33_NATIVE_N19_RUNTIME_BOUNDARY/RECOVERY_20260915_C/INDEPENDENT_NATIVE_LANE_C_2/roots/a/host/hard.bin: OK
Research/R33_NATIVE_N19_RUNTIME_BOUNDARY/RECOVERY_20260915_C/INDEPENDENT_NATIVE_LANE_C_2/roots/a/host/moved/before.bin: OK
Research/R33_NATIVE_N19_RUNTIME_BOUNDARY/RECOVERY_20260915_C/INDEPENDENT_NATIVE_LANE_C_2/roots/a/host/moved/after.bin: OK
Research/R33_NATIVE_N19_RUNTIME_BOUNDARY/RECOVERY_20260915_C/INDEPENDENT_NATIVE_LANE_C_2/roots/a/host/one.bin: OK
Research/R33_NATIVE_N19_RUNTIME_BOUNDARY/RECOVERY_20260915_C/INDEPENDENT_NATIVE_LANE_C_2/roots/a/crash/p4/journal.bin: OK
Research/R33_NATIVE_N19_RUNTIME_BOUNDARY/RECOVERY_20260915_C/INDEPENDENT_NATIVE_LANE_C_2/roots/a/crash/p3/journal.bin: OK
Research/R33_NATIVE_N19_RUNTIME_BOUNDARY/RECOVERY_20260915_C/INDEPENDENT_NATIVE_LANE_C_2/roots/a/crash/p2/journal.bin: OK
Research/R33_NATIVE_N19_RUNTIME_BOUNDARY/RECOVERY_20260915_C/INDEPENDENT_NATIVE_LANE_C_2/roots/a/crash/p5/journal.bin: OK
Research/R33_NATIVE_N19_RUNTIME_BOUNDARY/RECOVERY_20260915_C/INDEPENDENT_NATIVE_LANE_C_2/roots/a/crash/p1/journal.bin: OK
Research/R33_NATIVE_N19_RUNTIME_BOUNDARY/RECOVERY_20260915_C/INDEPENDENT_NATIVE_LANE_C_2/roots/a/poison/journal.bin: OK
Research/R33_NATIVE_N19_RUNTIME_BOUNDARY/RECOVERY_20260915_C/INDEPENDENT_NATIVE_LANE_C_2/roots/a/stat.txt: OK
Research/R33_NATIVE_N19_RUNTIME_BOUNDARY/RECOVERY_20260915_C/INDEPENDENT_NATIVE_LANE_C_2/roots/a/ops/io.bin: OK
Research/R33_NATIVE_N19_RUNTIME_BOUNDARY/RECOVERY_20260915_C/INDEPENDENT_NATIVE_LANE_C_2/roots/a/ops/retained.bin: OK
Research/R33_NATIVE_N19_RUNTIME_BOUNDARY/RECOVERY_20260915_C/INDEPENDENT_NATIVE_LANE_C_2/roots/a/ops/fsync.bin: OK
Research/R33_NATIVE_N19_RUNTIME_BOUNDARY/RECOVERY_20260915_C/INDEPENDENT_NATIVE_LANE_C_2/roots/a/ops/append.bin: OK
Research/R33_NATIVE_N19_RUNTIME_BOUNDARY/RECOVERY_20260915_C/INDEPENDENT_NATIVE_LANE_C_2/roots/a/ops/close.bin: OK
Research/R33_NATIVE_N19_RUNTIME_BOUNDARY/RECOVERY_20260915_C/INDEPENDENT_NATIVE_LANE_C_2/roots/a/ops/torn.bin: OK
Research/R33_NATIVE_N19_RUNTIME_BOUNDARY/RECOVERY_20260915_C/INDEPENDENT_NATIVE_LANE_C_2/roots/a/resource/resource.bin: OK
Research/R33_NATIVE_N19_RUNTIME_BOUNDARY/RECOVERY_20260915_C/INDEPENDENT_NATIVE_LANE_C_2/roots/all_children/crash/p4/journal.bin: OK
Research/R33_NATIVE_N19_RUNTIME_BOUNDARY/RECOVERY_20260915_C/INDEPENDENT_NATIVE_LANE_C_2/roots/all_children/crash/p3/journal.bin: OK
Research/R33_NATIVE_N19_RUNTIME_BOUNDARY/RECOVERY_20260915_C/INDEPENDENT_NATIVE_LANE_C_2/roots/all_children/crash/p2/journal.bin: OK
Research/R33_NATIVE_N19_RUNTIME_BOUNDARY/RECOVERY_20260915_C/INDEPENDENT_NATIVE_LANE_C_2/roots/all_children/crash/p5/journal.bin: OK
Research/R33_NATIVE_N19_RUNTIME_BOUNDARY/RECOVERY_20260915_C/INDEPENDENT_NATIVE_LANE_C_2/roots/all_children/crash/p1/journal.bin: OK
Research/R33_NATIVE_N19_RUNTIME_BOUNDARY/RECOVERY_20260915_C/INDEPENDENT_NATIVE_LANE_C_2/roots/all_children/resource/resource.bin: OK
Research/R33_NATIVE_N19_RUNTIME_BOUNDARY/RECOVERY_20260915_C/INDEPENDENT_NATIVE_LANE_C_2/roots/b/host/hard.bin: OK
Research/R33_NATIVE_N19_RUNTIME_BOUNDARY/RECOVERY_20260915_C/INDEPENDENT_NATIVE_LANE_C_2/roots/b/host/moved/before.bin: OK
Research/R33_NATIVE_N19_RUNTIME_BOUNDARY/RECOVERY_20260915_C/INDEPENDENT_NATIVE_LANE_C_2/roots/b/host/moved/after.bin: OK
Research/R33_NATIVE_N19_RUNTIME_BOUNDARY/RECOVERY_20260915_C/INDEPENDENT_NATIVE_LANE_C_2/roots/b/host/one.bin: OK
Research/R33_NATIVE_N19_RUNTIME_BOUNDARY/RECOVERY_20260915_C/INDEPENDENT_NATIVE_LANE_C_2/roots/b/crash/p4/journal.bin: OK
Research/R33_NATIVE_N19_RUNTIME_BOUNDARY/RECOVERY_20260915_C/INDEPENDENT_NATIVE_LANE_C_2/roots/b/crash/p3/journal.bin: OK
Research/R33_NATIVE_N19_RUNTIME_BOUNDARY/RECOVERY_20260915_C/INDEPENDENT_NATIVE_LANE_C_2/roots/b/crash/p2/journal.bin: OK
Research/R33_NATIVE_N19_RUNTIME_BOUNDARY/RECOVERY_20260915_C/INDEPENDENT_NATIVE_LANE_C_2/roots/b/crash/p5/journal.bin: OK
Research/R33_NATIVE_N19_RUNTIME_BOUNDARY/RECOVERY_20260915_C/INDEPENDENT_NATIVE_LANE_C_2/roots/b/crash/p1/journal.bin: OK
Research/R33_NATIVE_N19_RUNTIME_BOUNDARY/RECOVERY_20260915_C/INDEPENDENT_NATIVE_LANE_C_2/roots/b/poison/journal.bin: OK
Research/R33_NATIVE_N19_RUNTIME_BOUNDARY/RECOVERY_20260915_C/INDEPENDENT_NATIVE_LANE_C_2/roots/b/stat.txt: OK
Research/R33_NATIVE_N19_RUNTIME_BOUNDARY/RECOVERY_20260915_C/INDEPENDENT_NATIVE_LANE_C_2/roots/b/ops/io.bin: OK
Research/R33_NATIVE_N19_RUNTIME_BOUNDARY/RECOVERY_20260915_C/INDEPENDENT_NATIVE_LANE_C_2/roots/b/ops/retained.bin: OK
Research/R33_NATIVE_N19_RUNTIME_BOUNDARY/RECOVERY_20260915_C/INDEPENDENT_NATIVE_LANE_C_2/roots/b/ops/fsync.bin: OK
Research/R33_NATIVE_N19_RUNTIME_BOUNDARY/RECOVERY_20260915_C/INDEPENDENT_NATIVE_LANE_C_2/roots/b/ops/append.bin: OK
Research/R33_NATIVE_N19_RUNTIME_BOUNDARY/RECOVERY_20260915_C/INDEPENDENT_NATIVE_LANE_C_2/roots/b/ops/close.bin: OK
Research/R33_NATIVE_N19_RUNTIME_BOUNDARY/RECOVERY_20260915_C/INDEPENDENT_NATIVE_LANE_C_2/roots/b/ops/torn.bin: OK
Research/R33_NATIVE_N19_RUNTIME_BOUNDARY/RECOVERY_20260915_C/INDEPENDENT_NATIVE_LANE_C_2/roots/b/resource/resource.bin: OK
Research/R33_NATIVE_N19_RUNTIME_BOUNDARY/RECOVERY_20260915_C/INDEPENDENT_NATIVE_LANE_C_2/INDEPENDENT_REVIEW.md: OK
Research/R33_NATIVE_N19_RUNTIME_BOUNDARY/RECOVERY_20260915_C/INDEPENDENT_NATIVE_LANE_C_2/reap.summary.txt: OK
Research/R33_NATIVE_N19_RUNTIME_BOUNDARY/RECOVERY_20260915_C/INDEPENDENT_NATIVE_LANE_C_2/closeout.after.sha256: OK
Research/R33_NATIVE_N19_RUNTIME_BOUNDARY/RECOVERY_20260915_C/INDEPENDENT_NATIVE_LANE_C_2/run.zsh: OK
Research/R33_NATIVE_N19_RUNTIME_BOUNDARY/RECOVERY_20260915_C/INDEPENDENT_NATIVE_LANE_C_2/reap.zsh: OK
Research/R33_NATIVE_N19_RUNTIME_BOUNDARY/RECOVERY_20260915_C/INDEPENDENT_NATIVE_LANE_C_2/RECORD.json: OK
Research/R33_NATIVE_N19_RUNTIME_BOUNDARY/RECOVERY_20260915_C/INDEPENDENT_NATIVE_LANE_C_2/results.results.txt: OK
Research/R33_NATIVE_N19_RUNTIME_BOUNDARY/RECOVERY_20260915_C/INDEPENDENT_NATIVE_LANE_C_2/bin/lane_c_corners: OK
Research/R33_NATIVE_N19_RUNTIME_BOUNDARY/RECOVERY_20260915_C/INDEPENDENT_NATIVE_LANE_C_2/bin/lane_c_all_children: OK
Research/R33_NATIVE_N19_RUNTIME_BOUNDARY/RECOVERY_20260915_C/INDEPENDENT_NATIVE_LANE_C_2/bin/n19_repaired: OK
Research/R33_NATIVE_N19_RUNTIME_BOUNDARY/RECOVERY_20260915_C/INDEPENDENT_NATIVE_LANE_C_2/bin/n19_qual: OK
Research/R33_NATIVE_N19_RUNTIME_BOUNDARY/RECOVERY_20260915_C/INDEPENDENT_NATIVE_LANE_C_2/bin/n19_host_tests: OK
Research/R33_NATIVE_N19_RUNTIME_BOUNDARY/RECOVERY_20260915_C/INDEPENDENT_NATIVE_LANE_C_2/git.before.diff: OK
Research/R33_NATIVE_N19_RUNTIME_BOUNDARY/RECOVERY_20260915_C/INDEPENDENT_NATIVE_LANE_C_2/recovery.before.sha256: OK
Research/R33_NATIVE_N19_RUNTIME_BOUNDARY/RECOVERY_20260915_C/INDEPENDENT_NATIVE_LANE_C_2/add_corners.pl: OK
Research/R33_NATIVE_N19_RUNTIME_BOUNDARY/RECOVERY_20260915_C/INDEPENDENT_NATIVE_LANE_C_2/canonical.before.sha256: OK
Research/R33_NATIVE_N19_RUNTIME_BOUNDARY/RECOVERY_20260915_C/INDEPENDENT_NATIVE_LANE_C_2/git.final.diff: OK
Research/R33_NATIVE_N19_RUNTIME_BOUNDARY/RECOVERY_20260915_C/INDEPENDENT_NATIVE_LANE_C_2/supplement.summary.txt: OK
Research/R33_NATIVE_N19_RUNTIME_BOUNDARY/RECOVERY_20260915_C/INDEPENDENT_NATIVE_LANE_C_2/protected.after.sha256: OK
Research/R33_NATIVE_N19_RUNTIME_BOUNDARY/RECOVERY_20260915_C/INDEPENDENT_NATIVE_LANE_C_2/binary.sha256: OK
Research/R33_NATIVE_N19_RUNTIME_BOUNDARY/RECOVERY_20260915_C/INDEPENDENT_NATIVE_LANE_C_2/source.sha256: OK
Research/R33_NATIVE_N19_RUNTIME_BOUNDARY/RECOVERY_20260915_C/INDEPENDENT_NATIVE_LANE_C_2/after_hashes.pl: OK
Research/R33_NATIVE_N19_RUNTIME_BOUNDARY/RECOVERY_20260915_C/INDEPENDENT_NATIVE_LANE_C_2/git.repaired.diff: OK
Research/R33_NATIVE_N19_RUNTIME_BOUNDARY/RECOVERY_20260915_C/INDEPENDENT_NATIVE_LANE_C_2/supplement.zsh: OK
Research/R33_NATIVE_N19_RUNTIME_BOUNDARY/RECOVERY_20260915_C/INDEPENDENT_NATIVE_LANE_C_2/final_checks.summary.txt: OK
Research/R33_NATIVE_N19_RUNTIME_BOUNDARY/RECOVERY_20260915_C/INDEPENDENT_NATIVE_LANE_C_2/logs/87_b_symlink_recover.command: OK
Research/R33_NATIVE_N19_RUNTIME_BOUNDARY/RECOVERY_20260915_C/INDEPENDENT_NATIVE_LANE_C_2/logs/7_invariants_a.stderr: OK
Research/R33_NATIVE_N19_RUNTIME_BOUNDARY/RECOVERY_20260915_C/INDEPENDENT_NATIVE_LANE_C_2/logs/71_b_case-retained-sequence.stderr: OK
Research/R33_NATIVE_N19_RUNTIME_BOUNDARY/RECOVERY_20260915_C/INDEPENDENT_NATIVE_LANE_C_2/logs/22_a_case-fault-host-probe.exit: OK
Research/R33_NATIVE_N19_RUNTIME_BOUNDARY/RECOVERY_20260915_C/INDEPENDENT_NATIVE_LANE_C_2/logs/55_b_case-malformed.stdout: OK
Research/R33_NATIVE_N19_RUNTIME_BOUNDARY/RECOVERY_20260915_C/INDEPENDENT_NATIVE_LANE_C_2/logs/406_tracked_preserved_final.exit: OK
Research/R33_NATIVE_N19_RUNTIME_BOUNDARY/RECOVERY_20260915_C/INDEPENDENT_NATIVE_LANE_C_2/logs/24_a_case-write.exit: OK
Research/R33_NATIVE_N19_RUNTIME_BOUNDARY/RECOVERY_20260915_C/INDEPENDENT_NATIVE_LANE_C_2/logs/93_closeout_preserved.exit: OK
Research/R33_NATIVE_N19_RUNTIME_BOUNDARY/RECOVERY_20260915_C/INDEPENDENT_NATIVE_LANE_C_2/logs/402_canonical_before_after.exit: OK
Research/R33_NATIVE_N19_RUNTIME_BOUNDARY/RECOVERY_20260915_C/INDEPENDENT_NATIVE_LANE_C_2/logs/27_a_case-probe-existing.stdout: OK
Research/R33_NATIVE_N19_RUNTIME_BOUNDARY/RECOVERY_20260915_C/INDEPENDENT_NATIVE_LANE_C_2/logs/201_build_corners.command: OK
Research/R33_NATIVE_N19_RUNTIME_BOUNDARY/RECOVERY_20260915_C/INDEPENDENT_NATIVE_LANE_C_2/logs/3_build_repaired.exit: OK
Research/R33_NATIVE_N19_RUNTIME_BOUNDARY/RECOVERY_20260915_C/INDEPENDENT_NATIVE_LANE_C_2/logs/74_b_case-fault-close.exit: OK
Research/R33_NATIVE_N19_RUNTIME_BOUNDARY/RECOVERY_20260915_C/INDEPENDENT_NATIVE_LANE_C_2/logs/82_b_unsafe_hard.bin.exit: OK
Research/R33_NATIVE_N19_RUNTIME_BOUNDARY/RECOVERY_20260915_C/INDEPENDENT_NATIVE_LANE_C_2/logs/63_b_case-host-abi.exit: OK
Research/R33_NATIVE_N19_RUNTIME_BOUNDARY/RECOVERY_20260915_C/INDEPENDENT_NATIVE_LANE_C_2/logs/78_b_duplicate.stdout: OK
Research/R33_NATIVE_N19_RUNTIME_BOUNDARY/RECOVERY_20260915_C/INDEPENDENT_NATIVE_LANE_C_2/logs/75_b_missing_case-recover-file.command: OK
Research/R33_NATIVE_N19_RUNTIME_BOUNDARY/RECOVERY_20260915_C/INDEPENDENT_NATIVE_LANE_C_2/logs/403_protected_before_after.stderr: OK
Research/R33_NATIVE_N19_RUNTIME_BOUNDARY/RECOVERY_20260915_C/INDEPENDENT_NATIVE_LANE_C_2/logs/304_fsize_all_children.stdout: OK
Research/R33_NATIVE_N19_RUNTIME_BOUNDARY/RECOVERY_20260915_C/INDEPENDENT_NATIVE_LANE_C_2/logs/69_b_case-recover-file.stderr: OK
Research/R33_NATIVE_N19_RUNTIME_BOUNDARY/RECOVERY_20260915_C/INDEPENDENT_NATIVE_LANE_C_2/logs/92_protected_preserved.stderr: OK
Research/R33_NATIVE_N19_RUNTIME_BOUNDARY/RECOVERY_20260915_C/INDEPENDENT_NATIVE_LANE_C_2/logs/80_b_missing_recover_root.exit: OK
Research/R33_NATIVE_N19_RUNTIME_BOUNDARY/RECOVERY_20260915_C/INDEPENDENT_NATIVE_LANE_C_2/logs/2_build_host.stderr: OK
Research/R33_NATIVE_N19_RUNTIME_BOUNDARY/RECOVERY_20260915_C/INDEPENDENT_NATIVE_LANE_C_2/logs/17_a_case-recovery-atomicity.stderr: OK
Research/R33_NATIVE_N19_RUNTIME_BOUNDARY/RECOVERY_20260915_C/INDEPENDENT_NATIVE_LANE_C_2/logs/30_a_case-fault-fsync.stderr: OK
Research/R33_NATIVE_N19_RUNTIME_BOUNDARY/RECOVERY_20260915_C/INDEPENDENT_NATIVE_LANE_C_2/logs/10_resource_a.command: OK
Research/R33_NATIVE_N19_RUNTIME_BOUNDARY/RECOVERY_20260915_C/INDEPENDENT_NATIVE_LANE_C_2/logs/204_malformed_cli.stdout: OK
Research/R33_NATIVE_N19_RUNTIME_BOUNDARY/RECOVERY_20260915_C/INDEPENDENT_NATIVE_LANE_C_2/logs/38_a_unsafe_sym.bin.command: OK
Research/R33_NATIVE_N19_RUNTIME_BOUNDARY/RECOVERY_20260915_C/INDEPENDENT_NATIVE_LANE_C_2/logs/81_b_unsafe_sym.bin.stderr: OK
Research/R33_NATIVE_N19_RUNTIME_BOUNDARY/RECOVERY_20260915_C/INDEPENDENT_NATIVE_LANE_C_2/logs/27_a_case-probe-existing.exit: OK
Research/R33_NATIVE_N19_RUNTIME_BOUNDARY/RECOVERY_20260915_C/INDEPENDENT_NATIVE_LANE_C_2/logs/21_a_case-fault-open.stdout: OK
Research/R33_NATIVE_N19_RUNTIME_BOUNDARY/RECOVERY_20260915_C/INDEPENDENT_NATIVE_LANE_C_2/logs/5_resource_predicate_a.command: OK
Research/R33_NATIVE_N19_RUNTIME_BOUNDARY/RECOVERY_20260915_C/INDEPENDENT_NATIVE_LANE_C_2/logs/52_crash_b.stderr: OK
Research/R33_NATIVE_N19_RUNTIME_BOUNDARY/RECOVERY_20260915_C/INDEPENDENT_NATIVE_LANE_C_2/logs/75_b_missing_case-recover-file.stdout: OK
Research/R33_NATIVE_N19_RUNTIME_BOUNDARY/RECOVERY_20260915_C/INDEPENDENT_NATIVE_LANE_C_2/logs/4_wait_a.stderr: OK
Research/R33_NATIVE_N19_RUNTIME_BOUNDARY/RECOVERY_20260915_C/INDEPENDENT_NATIVE_LANE_C_2/logs/201_build_corners.exit: OK
Research/R33_NATIVE_N19_RUNTIME_BOUNDARY/RECOVERY_20260915_C/INDEPENDENT_NATIVE_LANE_C_2/logs/8_poison_a.command: OK
Research/R33_NATIVE_N19_RUNTIME_BOUNDARY/RECOVERY_20260915_C/INDEPENDENT_NATIVE_LANE_C_2/logs/18_a_case-error-classification.stdout: OK
Research/R33_NATIVE_N19_RUNTIME_BOUNDARY/RECOVERY_20260915_C/INDEPENDENT_NATIVE_LANE_C_2/logs/62_b_case-limit.stdout: OK
Research/R33_NATIVE_N19_RUNTIME_BOUNDARY/RECOVERY_20260915_C/INDEPENDENT_NATIVE_LANE_C_2/logs/75_b_missing_case-recover-file.exit: OK
Research/R33_NATIVE_N19_RUNTIME_BOUNDARY/RECOVERY_20260915_C/INDEPENDENT_NATIVE_LANE_C_2/logs/24_a_case-write.command: OK
Research/R33_NATIVE_N19_RUNTIME_BOUNDARY/RECOVERY_20260915_C/INDEPENDENT_NATIVE_LANE_C_2/logs/79_b_missing_root.stderr: OK
Research/R33_NATIVE_N19_RUNTIME_BOUNDARY/RECOVERY_20260915_C/INDEPENDENT_NATIVE_LANE_C_2/logs/402_canonical_before_after.command: OK
Research/R33_NATIVE_N19_RUNTIME_BOUNDARY/RECOVERY_20260915_C/INDEPENDENT_NATIVE_LANE_C_2/logs/72_b_case-torn.stdout: OK
Research/R33_NATIVE_N19_RUNTIME_BOUNDARY/RECOVERY_20260915_C/INDEPENDENT_NATIVE_LANE_C_2/logs/53_resource_b.exit: OK
Research/R33_NATIVE_N19_RUNTIME_BOUNDARY/RECOVERY_20260915_C/INDEPENDENT_NATIVE_LANE_C_2/logs/45_a_traversal.stderr: OK
Research/R33_NATIVE_N19_RUNTIME_BOUNDARY/RECOVERY_20260915_C/INDEPENDENT_NATIVE_LANE_C_2/logs/60_b_case-recovery-atomicity.stderr: OK
Research/R33_NATIVE_N19_RUNTIME_BOUNDARY/RECOVERY_20260915_C/INDEPENDENT_NATIVE_LANE_C_2/logs/77_b_missing_case-append-existing.stdout: OK
Research/R33_NATIVE_N19_RUNTIME_BOUNDARY/RECOVERY_20260915_C/INDEPENDENT_NATIVE_LANE_C_2/logs/33_a_missing_case-probe-existing.command: OK
Research/R33_NATIVE_N19_RUNTIME_BOUNDARY/RECOVERY_20260915_C/INDEPENDENT_NATIVE_LANE_C_2/logs/34_a_missing_case-append-existing.exit: OK
Research/R33_NATIVE_N19_RUNTIME_BOUNDARY/RECOVERY_20260915_C/INDEPENDENT_NATIVE_LANE_C_2/logs/91_canonical_preserved.command: OK
Research/R33_NATIVE_N19_RUNTIME_BOUNDARY/RECOVERY_20260915_C/INDEPENDENT_NATIVE_LANE_C_2/logs/49_cpu_b.command: OK
Research/R33_NATIVE_N19_RUNTIME_BOUNDARY/RECOVERY_20260915_C/INDEPENDENT_NATIVE_LANE_C_2/logs/90_recovery_preserved.stderr: OK
Research/R33_NATIVE_N19_RUNTIME_BOUNDARY/RECOVERY_20260915_C/INDEPENDENT_NATIVE_LANE_C_2/logs/42_a_unsafe_directory.stderr: OK
Research/R33_NATIVE_N19_RUNTIME_BOUNDARY/RECOVERY_20260915_C/INDEPENDENT_NATIVE_LANE_C_2/logs/57_b_case-capacity.stdout: OK
Research/R33_NATIVE_N19_RUNTIME_BOUNDARY/RECOVERY_20260915_C/INDEPENDENT_NATIVE_LANE_C_2/logs/43_a_symlink_root.command: OK
Research/R33_NATIVE_N19_RUNTIME_BOUNDARY/RECOVERY_20260915_C/INDEPENDENT_NATIVE_LANE_C_2/logs/11_host_a.stdout: OK
Research/R33_NATIVE_N19_RUNTIME_BOUNDARY/RECOVERY_20260915_C/INDEPENDENT_NATIVE_LANE_C_2/logs/12_a_case-malformed.exit: OK
Research/R33_NATIVE_N19_RUNTIME_BOUNDARY/RECOVERY_20260915_C/INDEPENDENT_NATIVE_LANE_C_2/logs/35_a_duplicate.exit: OK
Research/R33_NATIVE_N19_RUNTIME_BOUNDARY/RECOVERY_20260915_C/INDEPENDENT_NATIVE_LANE_C_2/logs/39_a_unsafe_hard.bin.command: OK
Research/R33_NATIVE_N19_RUNTIME_BOUNDARY/RECOVERY_20260915_C/INDEPENDENT_NATIVE_LANE_C_2/logs/73_b_case-fault-fsync.stdout: OK
Research/R33_NATIVE_N19_RUNTIME_BOUNDARY/RECOVERY_20260915_C/INDEPENDENT_NATIVE_LANE_C_2/logs/18_a_case-error-classification.exit: OK
Research/R33_NATIVE_N19_RUNTIME_BOUNDARY/RECOVERY_20260915_C/INDEPENDENT_NATIVE_LANE_C_2/logs/94_tracked_diff_preserved.exit: OK
Research/R33_NATIVE_N19_RUNTIME_BOUNDARY/RECOVERY_20260915_C/INDEPENDENT_NATIVE_LANE_C_2/logs/37_a_missing_recover_root.stderr: OK
Research/R33_NATIVE_N19_RUNTIME_BOUNDARY/RECOVERY_20260915_C/INDEPENDENT_NATIVE_LANE_C_2/logs/68_b_case-append-existing.stderr: OK
Research/R33_NATIVE_N19_RUNTIME_BOUNDARY/RECOVERY_20260915_C/INDEPENDENT_NATIVE_LANE_C_2/logs/3_build_repaired.command: OK
Research/R33_NATIVE_N19_RUNTIME_BOUNDARY/RECOVERY_20260915_C/INDEPENDENT_NATIVE_LANE_C_2/logs/26_a_case-recover-file.stdout: OK
Research/R33_NATIVE_N19_RUNTIME_BOUNDARY/RECOVERY_20260915_C/INDEPENDENT_NATIVE_LANE_C_2/logs/40_a_unsafe_one.bin.stdout: OK
Research/R33_NATIVE_N19_RUNTIME_BOUNDARY/RECOVERY_20260915_C/INDEPENDENT_NATIVE_LANE_C_2/logs/85_b_unsafe_directory.stdout: OK
Research/R33_NATIVE_N19_RUNTIME_BOUNDARY/RECOVERY_20260915_C/INDEPENDENT_NATIVE_LANE_C_2/logs/31_a_case-fault-close.stdout: OK
Research/R33_NATIVE_N19_RUNTIME_BOUNDARY/RECOVERY_20260915_C/INDEPENDENT_NATIVE_LANE_C_2/logs/51_poison_b.stdout: OK
Research/R33_NATIVE_N19_RUNTIME_BOUNDARY/RECOVERY_20260915_C/INDEPENDENT_NATIVE_LANE_C_2/logs/15_a_case-recovery.stderr: OK
Research/R33_NATIVE_N19_RUNTIME_BOUNDARY/RECOVERY_20260915_C/INDEPENDENT_NATIVE_LANE_C_2/logs/31_a_case-fault-close.exit: OK
Research/R33_NATIVE_N19_RUNTIME_BOUNDARY/RECOVERY_20260915_C/INDEPENDENT_NATIVE_LANE_C_2/logs/202_corners_a.stdout: OK
Research/R33_NATIVE_N19_RUNTIME_BOUNDARY/RECOVERY_20260915_C/INDEPENDENT_NATIVE_LANE_C_2/logs/47_wait_b.stderr: OK
Research/R33_NATIVE_N19_RUNTIME_BOUNDARY/RECOVERY_20260915_C/INDEPENDENT_NATIVE_LANE_C_2/logs/4_wait_a.exit: OK
Research/R33_NATIVE_N19_RUNTIME_BOUNDARY/RECOVERY_20260915_C/INDEPENDENT_NATIVE_LANE_C_2/logs/63_b_case-host-abi.stdout: OK
Research/R33_NATIVE_N19_RUNTIME_BOUNDARY/RECOVERY_20260915_C/INDEPENDENT_NATIVE_LANE_C_2/logs/91_canonical_preserved.stdout: OK
Research/R33_NATIVE_N19_RUNTIME_BOUNDARY/RECOVERY_20260915_C/INDEPENDENT_NATIVE_LANE_C_2/logs/303_crash_all_children.stderr: OK
Research/R33_NATIVE_N19_RUNTIME_BOUNDARY/RECOVERY_20260915_C/INDEPENDENT_NATIVE_LANE_C_2/logs/11_host_a.command: OK
Research/R33_NATIVE_N19_RUNTIME_BOUNDARY/RECOVERY_20260915_C/INDEPENDENT_NATIVE_LANE_C_2/logs/43_a_symlink_root.stderr: OK
Research/R33_NATIVE_N19_RUNTIME_BOUNDARY/RECOVERY_20260915_C/INDEPENDENT_NATIVE_LANE_C_2/logs/16_a_case-corruption.stderr: OK
Research/R33_NATIVE_N19_RUNTIME_BOUNDARY/RECOVERY_20260915_C/INDEPENDENT_NATIVE_LANE_C_2/logs/305_cpu_all_children.stderr: OK
Research/R33_NATIVE_N19_RUNTIME_BOUNDARY/RECOVERY_20260915_C/INDEPENDENT_NATIVE_LANE_C_2/logs/94_tracked_diff_preserved.stderr: OK
Research/R33_NATIVE_N19_RUNTIME_BOUNDARY/RECOVERY_20260915_C/INDEPENDENT_NATIVE_LANE_C_2/logs/401_after_hashes.exit: OK
Research/R33_NATIVE_N19_RUNTIME_BOUNDARY/RECOVERY_20260915_C/INDEPENDENT_NATIVE_LANE_C_2/logs/202_corners_a.exit: OK
Research/R33_NATIVE_N19_RUNTIME_BOUNDARY/RECOVERY_20260915_C/INDEPENDENT_NATIVE_LANE_C_2/logs/25_a_case-append-existing.exit: OK
Research/R33_NATIVE_N19_RUNTIME_BOUNDARY/RECOVERY_20260915_C/INDEPENDENT_NATIVE_LANE_C_2/logs/93_closeout_preserved.stderr: OK
Research/R33_NATIVE_N19_RUNTIME_BOUNDARY/RECOVERY_20260915_C/INDEPENDENT_NATIVE_LANE_C_2/logs/46_a_absolute.stderr: OK
Research/R33_NATIVE_N19_RUNTIME_BOUNDARY/RECOVERY_20260915_C/INDEPENDENT_NATIVE_LANE_C_2/logs/23_a_case-io.stderr: OK
Research/R33_NATIVE_N19_RUNTIME_BOUNDARY/RECOVERY_20260915_C/INDEPENDENT_NATIVE_LANE_C_2/logs/57_b_case-capacity.exit: OK
Research/R33_NATIVE_N19_RUNTIME_BOUNDARY/RECOVERY_20260915_C/INDEPENDENT_NATIVE_LANE_C_2/logs/36_a_missing_root.exit: OK
Research/R33_NATIVE_N19_RUNTIME_BOUNDARY/RECOVERY_20260915_C/INDEPENDENT_NATIVE_LANE_C_2/logs/59_b_case-corruption.stderr: OK
Research/R33_NATIVE_N19_RUNTIME_BOUNDARY/RECOVERY_20260915_C/INDEPENDENT_NATIVE_LANE_C_2/logs/57_b_case-capacity.command: OK
Research/R33_NATIVE_N19_RUNTIME_BOUNDARY/RECOVERY_20260915_C/INDEPENDENT_NATIVE_LANE_C_2/logs/59_b_case-corruption.exit: OK
Research/R33_NATIVE_N19_RUNTIME_BOUNDARY/RECOVERY_20260915_C/INDEPENDENT_NATIVE_LANE_C_2/logs/22_a_case-fault-host-probe.stdout: OK
Research/R33_NATIVE_N19_RUNTIME_BOUNDARY/RECOVERY_20260915_C/INDEPENDENT_NATIVE_LANE_C_2/logs/54_host_b.stdout: OK
Research/R33_NATIVE_N19_RUNTIME_BOUNDARY/RECOVERY_20260915_C/INDEPENDENT_NATIVE_LANE_C_2/logs/1_build_qual.stdout: OK
Research/R33_NATIVE_N19_RUNTIME_BOUNDARY/RECOVERY_20260915_C/INDEPENDENT_NATIVE_LANE_C_2/logs/61_b_case-error-classification.stdout: OK
Research/R33_NATIVE_N19_RUNTIME_BOUNDARY/RECOVERY_20260915_C/INDEPENDENT_NATIVE_LANE_C_2/logs/13_a_case-overflow.stdout: OK
Research/R33_NATIVE_N19_RUNTIME_BOUNDARY/RECOVERY_20260915_C/INDEPENDENT_NATIVE_LANE_C_2/logs/66_b_case-io.stderr: OK
Research/R33_NATIVE_N19_RUNTIME_BOUNDARY/RECOVERY_20260915_C/INDEPENDENT_NATIVE_LANE_C_2/logs/21_a_case-fault-open.command: OK
Research/R33_NATIVE_N19_RUNTIME_BOUNDARY/RECOVERY_20260915_C/INDEPENDENT_NATIVE_LANE_C_2/logs/13_a_case-overflow.exit: OK
Research/R33_NATIVE_N19_RUNTIME_BOUNDARY/RECOVERY_20260915_C/INDEPENDENT_NATIVE_LANE_C_2/logs/46_a_absolute.exit: OK
Research/R33_NATIVE_N19_RUNTIME_BOUNDARY/RECOVERY_20260915_C/INDEPENDENT_NATIVE_LANE_C_2/logs/406_tracked_preserved_final.stderr: OK
Research/R33_NATIVE_N19_RUNTIME_BOUNDARY/RECOVERY_20260915_C/INDEPENDENT_NATIVE_LANE_C_2/logs/38_a_unsafe_sym.bin.exit: OK
Research/R33_NATIVE_N19_RUNTIME_BOUNDARY/RECOVERY_20260915_C/INDEPENDENT_NATIVE_LANE_C_2/logs/50_invariants_b.command: OK
Research/R33_NATIVE_N19_RUNTIME_BOUNDARY/RECOVERY_20260915_C/INDEPENDENT_NATIVE_LANE_C_2/logs/401_after_hashes.command: OK
Research/R33_NATIVE_N19_RUNTIME_BOUNDARY/RECOVERY_20260915_C/INDEPENDENT_NATIVE_LANE_C_2/logs/59_b_case-corruption.stdout: OK
Research/R33_NATIVE_N19_RUNTIME_BOUNDARY/RECOVERY_20260915_C/INDEPENDENT_NATIVE_LANE_C_2/logs/28_a_case-retained-sequence.command: OK
Research/R33_NATIVE_N19_RUNTIME_BOUNDARY/RECOVERY_20260915_C/INDEPENDENT_NATIVE_LANE_C_2/logs/54_host_b.stderr: OK
Research/R33_NATIVE_N19_RUNTIME_BOUNDARY/RECOVERY_20260915_C/INDEPENDENT_NATIVE_LANE_C_2/logs/22_a_case-fault-host-probe.stderr: OK
Research/R33_NATIVE_N19_RUNTIME_BOUNDARY/RECOVERY_20260915_C/INDEPENDENT_NATIVE_LANE_C_2/logs/46_a_absolute.stdout: OK
Research/R33_NATIVE_N19_RUNTIME_BOUNDARY/RECOVERY_20260915_C/INDEPENDENT_NATIVE_LANE_C_2/logs/83_b_unsafe_one.bin.command: OK
Research/R33_NATIVE_N19_RUNTIME_BOUNDARY/RECOVERY_20260915_C/INDEPENDENT_NATIVE_LANE_C_2/logs/93_closeout_preserved.stdout: OK
Research/R33_NATIVE_N19_RUNTIME_BOUNDARY/RECOVERY_20260915_C/INDEPENDENT_NATIVE_LANE_C_2/logs/61_b_case-error-classification.command: OK
Research/R33_NATIVE_N19_RUNTIME_BOUNDARY/RECOVERY_20260915_C/INDEPENDENT_NATIVE_LANE_C_2/logs/19_a_case-limit.exit: OK
Research/R33_NATIVE_N19_RUNTIME_BOUNDARY/RECOVERY_20260915_C/INDEPENDENT_NATIVE_LANE_C_2/logs/23_a_case-io.stdout: OK
Research/R33_NATIVE_N19_RUNTIME_BOUNDARY/RECOVERY_20260915_C/INDEPENDENT_NATIVE_LANE_C_2/logs/2_build_host.exit: OK
Research/R33_NATIVE_N19_RUNTIME_BOUNDARY/RECOVERY_20260915_C/INDEPENDENT_NATIVE_LANE_C_2/logs/30_a_case-fault-fsync.exit: OK
Research/R33_NATIVE_N19_RUNTIME_BOUNDARY/RECOVERY_20260915_C/INDEPENDENT_NATIVE_LANE_C_2/logs/406_tracked_preserved_final.stdout: OK
Research/R33_NATIVE_N19_RUNTIME_BOUNDARY/RECOVERY_20260915_C/INDEPENDENT_NATIVE_LANE_C_2/logs/37_a_missing_recover_root.command: OK
Research/R33_NATIVE_N19_RUNTIME_BOUNDARY/RECOVERY_20260915_C/INDEPENDENT_NATIVE_LANE_C_2/logs/66_b_case-io.stdout: OK
Research/R33_NATIVE_N19_RUNTIME_BOUNDARY/RECOVERY_20260915_C/INDEPENDENT_NATIVE_LANE_C_2/logs/13_a_case-overflow.stderr: OK
Research/R33_NATIVE_N19_RUNTIME_BOUNDARY/RECOVERY_20260915_C/INDEPENDENT_NATIVE_LANE_C_2/logs/61_b_case-error-classification.stderr: OK
Research/R33_NATIVE_N19_RUNTIME_BOUNDARY/RECOVERY_20260915_C/INDEPENDENT_NATIVE_LANE_C_2/logs/1_build_qual.stderr: OK
Research/R33_NATIVE_N19_RUNTIME_BOUNDARY/RECOVERY_20260915_C/INDEPENDENT_NATIVE_LANE_C_2/logs/40_a_unsafe_one.bin.command: OK
Research/R33_NATIVE_N19_RUNTIME_BOUNDARY/RECOVERY_20260915_C/INDEPENDENT_NATIVE_LANE_C_2/logs/87_b_symlink_recover.exit: OK
Research/R33_NATIVE_N19_RUNTIME_BOUNDARY/RECOVERY_20260915_C/INDEPENDENT_NATIVE_LANE_C_2/logs/19_a_case-limit.command: OK
Research/R33_NATIVE_N19_RUNTIME_BOUNDARY/RECOVERY_20260915_C/INDEPENDENT_NATIVE_LANE_C_2/logs/53_resource_b.command: OK
Research/R33_NATIVE_N19_RUNTIME_BOUNDARY/RECOVERY_20260915_C/INDEPENDENT_NATIVE_LANE_C_2/logs/15_a_case-recovery.exit: OK
Research/R33_NATIVE_N19_RUNTIME_BOUNDARY/RECOVERY_20260915_C/INDEPENDENT_NATIVE_LANE_C_2/logs/93_closeout_preserved.command: OK
Research/R33_NATIVE_N19_RUNTIME_BOUNDARY/RECOVERY_20260915_C/INDEPENDENT_NATIVE_LANE_C_2/logs/85_b_unsafe_directory.stderr: OK
Research/R33_NATIVE_N19_RUNTIME_BOUNDARY/RECOVERY_20260915_C/INDEPENDENT_NATIVE_LANE_C_2/logs/31_a_case-fault-close.stderr: OK
Research/R33_NATIVE_N19_RUNTIME_BOUNDARY/RECOVERY_20260915_C/INDEPENDENT_NATIVE_LANE_C_2/logs/43_a_symlink_root.exit: OK
Research/R33_NATIVE_N19_RUNTIME_BOUNDARY/RECOVERY_20260915_C/INDEPENDENT_NATIVE_LANE_C_2/logs/40_a_unsafe_one.bin.stderr: OK
Research/R33_NATIVE_N19_RUNTIME_BOUNDARY/RECOVERY_20260915_C/INDEPENDENT_NATIVE_LANE_C_2/logs/26_a_case-recover-file.stderr: OK
Research/R33_NATIVE_N19_RUNTIME_BOUNDARY/RECOVERY_20260915_C/INDEPENDENT_NATIVE_LANE_C_2/logs/51_poison_b.stderr: OK
Research/R33_NATIVE_N19_RUNTIME_BOUNDARY/RECOVERY_20260915_C/INDEPENDENT_NATIVE_LANE_C_2/logs/90_recovery_preserved.exit: OK
Research/R33_NATIVE_N19_RUNTIME_BOUNDARY/RECOVERY_20260915_C/INDEPENDENT_NATIVE_LANE_C_2/logs/63_b_case-host-abi.command: OK
Research/R33_NATIVE_N19_RUNTIME_BOUNDARY/RECOVERY_20260915_C/INDEPENDENT_NATIVE_LANE_C_2/logs/11_host_a.stderr: OK
Research/R33_NATIVE_N19_RUNTIME_BOUNDARY/RECOVERY_20260915_C/INDEPENDENT_NATIVE_LANE_C_2/logs/68_b_case-append-existing.stdout: OK
Research/R33_NATIVE_N19_RUNTIME_BOUNDARY/RECOVERY_20260915_C/INDEPENDENT_NATIVE_LANE_C_2/logs/37_a_missing_recover_root.stdout: OK
Research/R33_NATIVE_N19_RUNTIME_BOUNDARY/RECOVERY_20260915_C/INDEPENDENT_NATIVE_LANE_C_2/logs/73_b_case-fault-fsync.stderr: OK
Research/R33_NATIVE_N19_RUNTIME_BOUNDARY/RECOVERY_20260915_C/INDEPENDENT_NATIVE_LANE_C_2/logs/40_a_unsafe_one.bin.exit: OK
Research/R33_NATIVE_N19_RUNTIME_BOUNDARY/RECOVERY_20260915_C/INDEPENDENT_NATIVE_LANE_C_2/logs/91_canonical_preserved.stderr: OK
Research/R33_NATIVE_N19_RUNTIME_BOUNDARY/RECOVERY_20260915_C/INDEPENDENT_NATIVE_LANE_C_2/logs/303_crash_all_children.stdout: OK
Research/R33_NATIVE_N19_RUNTIME_BOUNDARY/RECOVERY_20260915_C/INDEPENDENT_NATIVE_LANE_C_2/logs/37_a_missing_recover_root.exit: OK
Research/R33_NATIVE_N19_RUNTIME_BOUNDARY/RECOVERY_20260915_C/INDEPENDENT_NATIVE_LANE_C_2/logs/23_a_case-io.exit: OK
Research/R33_NATIVE_N19_RUNTIME_BOUNDARY/RECOVERY_20260915_C/INDEPENDENT_NATIVE_LANE_C_2/logs/63_b_case-host-abi.stderr: OK
Research/R33_NATIVE_N19_RUNTIME_BOUNDARY/RECOVERY_20260915_C/INDEPENDENT_NATIVE_LANE_C_2/logs/17_a_case-recovery-atomicity.exit: OK
Research/R33_NATIVE_N19_RUNTIME_BOUNDARY/RECOVERY_20260915_C/INDEPENDENT_NATIVE_LANE_C_2/logs/94_tracked_diff_preserved.stdout: OK
Research/R33_NATIVE_N19_RUNTIME_BOUNDARY/RECOVERY_20260915_C/INDEPENDENT_NATIVE_LANE_C_2/logs/43_a_symlink_root.stdout: OK
Research/R33_NATIVE_N19_RUNTIME_BOUNDARY/RECOVERY_20260915_C/INDEPENDENT_NATIVE_LANE_C_2/logs/305_cpu_all_children.stdout: OK
Research/R33_NATIVE_N19_RUNTIME_BOUNDARY/RECOVERY_20260915_C/INDEPENDENT_NATIVE_LANE_C_2/logs/16_a_case-corruption.stdout: OK
Research/R33_NATIVE_N19_RUNTIME_BOUNDARY/RECOVERY_20260915_C/INDEPENDENT_NATIVE_LANE_C_2/logs/21_a_case-fault-open.exit: OK
Research/R33_NATIVE_N19_RUNTIME_BOUNDARY/RECOVERY_20260915_C/INDEPENDENT_NATIVE_LANE_C_2/logs/45_a_traversal.command: OK
Research/R33_NATIVE_N19_RUNTIME_BOUNDARY/RECOVERY_20260915_C/INDEPENDENT_NATIVE_LANE_C_2/logs/15_a_case-recovery.stdout: OK
Research/R33_NATIVE_N19_RUNTIME_BOUNDARY/RECOVERY_20260915_C/INDEPENDENT_NATIVE_LANE_C_2/logs/47_wait_b.stdout: OK
Research/R33_NATIVE_N19_RUNTIME_BOUNDARY/RECOVERY_20260915_C/INDEPENDENT_NATIVE_LANE_C_2/logs/16_a_case-corruption.command: OK
Research/R33_NATIVE_N19_RUNTIME_BOUNDARY/RECOVERY_20260915_C/INDEPENDENT_NATIVE_LANE_C_2/logs/202_corners_a.stderr: OK
Research/R33_NATIVE_N19_RUNTIME_BOUNDARY/RECOVERY_20260915_C/INDEPENDENT_NATIVE_LANE_C_2/logs/56_b_case-overflow.exit: OK
Research/R33_NATIVE_N19_RUNTIME_BOUNDARY/RECOVERY_20260915_C/INDEPENDENT_NATIVE_LANE_C_2/logs/55_b_case-malformed.command: OK
Research/R33_NATIVE_N19_RUNTIME_BOUNDARY/RECOVERY_20260915_C/INDEPENDENT_NATIVE_LANE_C_2/logs/18_a_case-error-classification.stderr: OK
Research/R33_NATIVE_N19_RUNTIME_BOUNDARY/RECOVERY_20260915_C/INDEPENDENT_NATIVE_LANE_C_2/logs/62_b_case-limit.stderr: OK
Research/R33_NATIVE_N19_RUNTIME_BOUNDARY/RECOVERY_20260915_C/INDEPENDENT_NATIVE_LANE_C_2/logs/41_a_unsafe_fifo.exit: OK
Research/R33_NATIVE_N19_RUNTIME_BOUNDARY/RECOVERY_20260915_C/INDEPENDENT_NATIVE_LANE_C_2/logs/4_wait_a.stdout: OK
Research/R33_NATIVE_N19_RUNTIME_BOUNDARY/RECOVERY_20260915_C/INDEPENDENT_NATIVE_LANE_C_2/logs/79_b_missing_root.exit: OK
Research/R33_NATIVE_N19_RUNTIME_BOUNDARY/RECOVERY_20260915_C/INDEPENDENT_NATIVE_LANE_C_2/logs/66_b_case-io.exit: OK
Research/R33_NATIVE_N19_RUNTIME_BOUNDARY/RECOVERY_20260915_C/INDEPENDENT_NATIVE_LANE_C_2/logs/81_b_unsafe_sym.bin.stdout: OK
Research/R33_NATIVE_N19_RUNTIME_BOUNDARY/RECOVERY_20260915_C/INDEPENDENT_NATIVE_LANE_C_2/logs/204_malformed_cli.stderr: OK
Research/R33_NATIVE_N19_RUNTIME_BOUNDARY/RECOVERY_20260915_C/INDEPENDENT_NATIVE_LANE_C_2/logs/92_protected_preserved.exit: OK
Research/R33_NATIVE_N19_RUNTIME_BOUNDARY/RECOVERY_20260915_C/INDEPENDENT_NATIVE_LANE_C_2/logs/75_b_missing_case-recover-file.stderr: OK
Research/R33_NATIVE_N19_RUNTIME_BOUNDARY/RECOVERY_20260915_C/INDEPENDENT_NATIVE_LANE_C_2/logs/18_a_case-error-classification.command: OK
Research/R33_NATIVE_N19_RUNTIME_BOUNDARY/RECOVERY_20260915_C/INDEPENDENT_NATIVE_LANE_C_2/logs/52_crash_b.stdout: OK
Research/R33_NATIVE_N19_RUNTIME_BOUNDARY/RECOVERY_20260915_C/INDEPENDENT_NATIVE_LANE_C_2/logs/21_a_case-fault-open.stderr: OK
Research/R33_NATIVE_N19_RUNTIME_BOUNDARY/RECOVERY_20260915_C/INDEPENDENT_NATIVE_LANE_C_2/logs/12_a_case-malformed.command: OK
Research/R33_NATIVE_N19_RUNTIME_BOUNDARY/RECOVERY_20260915_C/INDEPENDENT_NATIVE_LANE_C_2/logs/90_recovery_preserved.stdout: OK
Research/R33_NATIVE_N19_RUNTIME_BOUNDARY/RECOVERY_20260915_C/INDEPENDENT_NATIVE_LANE_C_2/logs/41_a_unsafe_fifo.command: OK
Research/R33_NATIVE_N19_RUNTIME_BOUNDARY/RECOVERY_20260915_C/INDEPENDENT_NATIVE_LANE_C_2/logs/88_b_traversal.exit: OK
Research/R33_NATIVE_N19_RUNTIME_BOUNDARY/RECOVERY_20260915_C/INDEPENDENT_NATIVE_LANE_C_2/logs/42_a_unsafe_directory.stdout: OK
Research/R33_NATIVE_N19_RUNTIME_BOUNDARY/RECOVERY_20260915_C/INDEPENDENT_NATIVE_LANE_C_2/logs/57_b_case-capacity.stderr: OK
Research/R33_NATIVE_N19_RUNTIME_BOUNDARY/RECOVERY_20260915_C/INDEPENDENT_NATIVE_LANE_C_2/logs/304_fsize_all_children.exit: OK
Research/R33_NATIVE_N19_RUNTIME_BOUNDARY/RECOVERY_20260915_C/INDEPENDENT_NATIVE_LANE_C_2/logs/72_b_case-torn.stderr: OK
Research/R33_NATIVE_N19_RUNTIME_BOUNDARY/RECOVERY_20260915_C/INDEPENDENT_NATIVE_LANE_C_2/logs/67_b_case-write.exit: OK
Research/R33_NATIVE_N19_RUNTIME_BOUNDARY/RECOVERY_20260915_C/INDEPENDENT_NATIVE_LANE_C_2/logs/79_b_missing_root.stdout: OK
Research/R33_NATIVE_N19_RUNTIME_BOUNDARY/RECOVERY_20260915_C/INDEPENDENT_NATIVE_LANE_C_2/logs/77_b_missing_case-append-existing.stderr: OK
Research/R33_NATIVE_N19_RUNTIME_BOUNDARY/RECOVERY_20260915_C/INDEPENDENT_NATIVE_LANE_C_2/logs/60_b_case-recovery-atomicity.stdout: OK
Research/R33_NATIVE_N19_RUNTIME_BOUNDARY/RECOVERY_20260915_C/INDEPENDENT_NATIVE_LANE_C_2/logs/45_a_traversal.stdout: OK
Research/R33_NATIVE_N19_RUNTIME_BOUNDARY/RECOVERY_20260915_C/INDEPENDENT_NATIVE_LANE_C_2/logs/32_a_missing_case-recover-file.command: OK
Research/R33_NATIVE_N19_RUNTIME_BOUNDARY/RECOVERY_20260915_C/INDEPENDENT_NATIVE_LANE_C_2/logs/90_recovery_preserved.command: OK
Research/R33_NATIVE_N19_RUNTIME_BOUNDARY/RECOVERY_20260915_C/INDEPENDENT_NATIVE_LANE_C_2/logs/45_a_traversal.exit: OK
Research/R33_NATIVE_N19_RUNTIME_BOUNDARY/RECOVERY_20260915_C/INDEPENDENT_NATIVE_LANE_C_2/logs/85_b_unsafe_directory.exit: OK
Research/R33_NATIVE_N19_RUNTIME_BOUNDARY/RECOVERY_20260915_C/INDEPENDENT_NATIVE_LANE_C_2/logs/304_fsize_all_children.command: OK
Research/R33_NATIVE_N19_RUNTIME_BOUNDARY/RECOVERY_20260915_C/INDEPENDENT_NATIVE_LANE_C_2/logs/71_b_case-retained-sequence.stdout: OK
Research/R33_NATIVE_N19_RUNTIME_BOUNDARY/RECOVERY_20260915_C/INDEPENDENT_NATIVE_LANE_C_2/logs/7_invariants_a.stdout: OK
Research/R33_NATIVE_N19_RUNTIME_BOUNDARY/RECOVERY_20260915_C/INDEPENDENT_NATIVE_LANE_C_2/logs/77_b_missing_case-append-existing.command: OK
Research/R33_NATIVE_N19_RUNTIME_BOUNDARY/RECOVERY_20260915_C/INDEPENDENT_NATIVE_LANE_C_2/logs/25_a_case-append-existing.command: OK
Research/R33_NATIVE_N19_RUNTIME_BOUNDARY/RECOVERY_20260915_C/INDEPENDENT_NATIVE_LANE_C_2/logs/79_b_missing_root.command: OK
Research/R33_NATIVE_N19_RUNTIME_BOUNDARY/RECOVERY_20260915_C/INDEPENDENT_NATIVE_LANE_C_2/logs/60_b_case-recovery-atomicity.command: OK
Research/R33_NATIVE_N19_RUNTIME_BOUNDARY/RECOVERY_20260915_C/INDEPENDENT_NATIVE_LANE_C_2/logs/32_a_missing_case-recover-file.exit: OK
Research/R33_NATIVE_N19_RUNTIME_BOUNDARY/RECOVERY_20260915_C/INDEPENDENT_NATIVE_LANE_C_2/logs/403_protected_before_after.exit: OK
Research/R33_NATIVE_N19_RUNTIME_BOUNDARY/RECOVERY_20260915_C/INDEPENDENT_NATIVE_LANE_C_2/logs/6_cpu_a.command: OK
Research/R33_NATIVE_N19_RUNTIME_BOUNDARY/RECOVERY_20260915_C/INDEPENDENT_NATIVE_LANE_C_2/logs/404_closeout_before_after.exit: OK
Research/R33_NATIVE_N19_RUNTIME_BOUNDARY/RECOVERY_20260915_C/INDEPENDENT_NATIVE_LANE_C_2/logs/55_b_case-malformed.stderr: OK
Research/R33_NATIVE_N19_RUNTIME_BOUNDARY/RECOVERY_20260915_C/INDEPENDENT_NATIVE_LANE_C_2/logs/2_build_host.stdout: OK
Research/R33_NATIVE_N19_RUNTIME_BOUNDARY/RECOVERY_20260915_C/INDEPENDENT_NATIVE_LANE_C_2/logs/7_invariants_a.exit: OK
Research/R33_NATIVE_N19_RUNTIME_BOUNDARY/RECOVERY_20260915_C/INDEPENDENT_NATIVE_LANE_C_2/logs/9_crash_a.command: OK
Research/R33_NATIVE_N19_RUNTIME_BOUNDARY/RECOVERY_20260915_C/INDEPENDENT_NATIVE_LANE_C_2/logs/80_b_missing_recover_root.command: OK
Research/R33_NATIVE_N19_RUNTIME_BOUNDARY/RECOVERY_20260915_C/INDEPENDENT_NATIVE_LANE_C_2/logs/30_a_case-fault-fsync.stdout: OK
Research/R33_NATIVE_N19_RUNTIME_BOUNDARY/RECOVERY_20260915_C/INDEPENDENT_NATIVE_LANE_C_2/logs/17_a_case-recovery-atomicity.stdout: OK
Research/R33_NATIVE_N19_RUNTIME_BOUNDARY/RECOVERY_20260915_C/INDEPENDENT_NATIVE_LANE_C_2/logs/10_resource_a.exit: OK
Research/R33_NATIVE_N19_RUNTIME_BOUNDARY/RECOVERY_20260915_C/INDEPENDENT_NATIVE_LANE_C_2/logs/27_a_case-probe-existing.stderr: OK
Research/R33_NATIVE_N19_RUNTIME_BOUNDARY/RECOVERY_20260915_C/INDEPENDENT_NATIVE_LANE_C_2/logs/69_b_case-recover-file.stdout: OK
Research/R33_NATIVE_N19_RUNTIME_BOUNDARY/RECOVERY_20260915_C/INDEPENDENT_NATIVE_LANE_C_2/logs/92_protected_preserved.stdout: OK
Research/R33_NATIVE_N19_RUNTIME_BOUNDARY/RECOVERY_20260915_C/INDEPENDENT_NATIVE_LANE_C_2/logs/403_protected_before_after.stdout: OK
Research/R33_NATIVE_N19_RUNTIME_BOUNDARY/RECOVERY_20260915_C/INDEPENDENT_NATIVE_LANE_C_2/logs/304_fsize_all_children.stderr: OK
Research/R33_NATIVE_N19_RUNTIME_BOUNDARY/RECOVERY_20260915_C/INDEPENDENT_NATIVE_LANE_C_2/logs/78_b_duplicate.stderr: OK
Research/R33_NATIVE_N19_RUNTIME_BOUNDARY/RECOVERY_20260915_C/INDEPENDENT_NATIVE_LANE_C_2/logs/76_b_missing_case-probe-existing.stdout: OK
Research/R33_NATIVE_N19_RUNTIME_BOUNDARY/RECOVERY_20260915_C/INDEPENDENT_NATIVE_LANE_C_2/logs/15_a_case-recovery.command: OK
Research/R33_NATIVE_N19_RUNTIME_BOUNDARY/RECOVERY_20260915_C/INDEPENDENT_NATIVE_LANE_C_2/logs/29_a_case-torn.exit: OK
Research/R33_NATIVE_N19_RUNTIME_BOUNDARY/RECOVERY_20260915_C/INDEPENDENT_NATIVE_LANE_C_2/logs/65_b_case-fault-host-probe.command: OK
Research/R33_NATIVE_N19_RUNTIME_BOUNDARY/RECOVERY_20260915_C/INDEPENDENT_NATIVE_LANE_C_2/logs/405_recovery_preserved_final.exit: OK
Research/R33_NATIVE_N19_RUNTIME_BOUNDARY/RECOVERY_20260915_C/INDEPENDENT_NATIVE_LANE_C_2/logs/35_a_duplicate.stderr: OK
Research/R33_NATIVE_N19_RUNTIME_BOUNDARY/RECOVERY_20260915_C/INDEPENDENT_NATIVE_LANE_C_2/logs/8_poison_a.stderr: OK
Research/R33_NATIVE_N19_RUNTIME_BOUNDARY/RECOVERY_20260915_C/INDEPENDENT_NATIVE_LANE_C_2/logs/50_invariants_b.exit: OK
Research/R33_NATIVE_N19_RUNTIME_BOUNDARY/RECOVERY_20260915_C/INDEPENDENT_NATIVE_LANE_C_2/logs/39_a_unsafe_hard.bin.stdout: OK
Research/R33_NATIVE_N19_RUNTIME_BOUNDARY/RECOVERY_20260915_C/INDEPENDENT_NATIVE_LANE_C_2/logs/89_b_absolute.stdout: OK
Research/R33_NATIVE_N19_RUNTIME_BOUNDARY/RECOVERY_20260915_C/INDEPENDENT_NATIVE_LANE_C_2/logs/83_b_unsafe_one.bin.stderr: OK
Research/R33_NATIVE_N19_RUNTIME_BOUNDARY/RECOVERY_20260915_C/INDEPENDENT_NATIVE_LANE_C_2/logs/60_b_case-recovery-atomicity.exit: OK
Research/R33_NATIVE_N19_RUNTIME_BOUNDARY/RECOVERY_20260915_C/INDEPENDENT_NATIVE_LANE_C_2/logs/24_a_case-write.stderr: OK
Research/R33_NATIVE_N19_RUNTIME_BOUNDARY/RECOVERY_20260915_C/INDEPENDENT_NATIVE_LANE_C_2/logs/76_b_missing_case-probe-existing.exit: OK
Research/R33_NATIVE_N19_RUNTIME_BOUNDARY/RECOVERY_20260915_C/INDEPENDENT_NATIVE_LANE_C_2/logs/29_a_case-torn.command: OK
Research/R33_NATIVE_N19_RUNTIME_BOUNDARY/RECOVERY_20260915_C/INDEPENDENT_NATIVE_LANE_C_2/logs/1_build_qual.exit: OK
Research/R33_NATIVE_N19_RUNTIME_BOUNDARY/RECOVERY_20260915_C/INDEPENDENT_NATIVE_LANE_C_2/logs/84_b_unsafe_fifo.exit: OK
Research/R33_NATIVE_N19_RUNTIME_BOUNDARY/RECOVERY_20260915_C/INDEPENDENT_NATIVE_LANE_C_2/logs/59_b_case-corruption.command: OK
Research/R33_NATIVE_N19_RUNTIME_BOUNDARY/RECOVERY_20260915_C/INDEPENDENT_NATIVE_LANE_C_2/logs/67_b_case-write.command: OK
Research/R33_NATIVE_N19_RUNTIME_BOUNDARY/RECOVERY_20260915_C/INDEPENDENT_NATIVE_LANE_C_2/logs/65_b_case-fault-host-probe.stdout: OK
Research/R33_NATIVE_N19_RUNTIME_BOUNDARY/RECOVERY_20260915_C/INDEPENDENT_NATIVE_LANE_C_2/logs/70_b_case-probe-existing.exit: OK
Research/R33_NATIVE_N19_RUNTIME_BOUNDARY/RECOVERY_20260915_C/INDEPENDENT_NATIVE_LANE_C_2/logs/404_closeout_before_after.command: OK
Research/R33_NATIVE_N19_RUNTIME_BOUNDARY/RECOVERY_20260915_C/INDEPENDENT_NATIVE_LANE_C_2/logs/42_a_unsafe_directory.exit: OK
Research/R33_NATIVE_N19_RUNTIME_BOUNDARY/RECOVERY_20260915_C/INDEPENDENT_NATIVE_LANE_C_2/logs/73_b_case-fault-fsync.exit: OK
Research/R33_NATIVE_N19_RUNTIME_BOUNDARY/RECOVERY_20260915_C/INDEPENDENT_NATIVE_LANE_C_2/logs/54_host_b.command: OK
Research/R33_NATIVE_N19_RUNTIME_BOUNDARY/RECOVERY_20260915_C/INDEPENDENT_NATIVE_LANE_C_2/logs/50_invariants_b.stdout: OK
Research/R33_NATIVE_N19_RUNTIME_BOUNDARY/RECOVERY_20260915_C/INDEPENDENT_NATIVE_LANE_C_2/logs/85_b_unsafe_directory.command: OK
Research/R33_NATIVE_N19_RUNTIME_BOUNDARY/RECOVERY_20260915_C/INDEPENDENT_NATIVE_LANE_C_2/logs/77_b_missing_case-append-existing.exit: OK
Research/R33_NATIVE_N19_RUNTIME_BOUNDARY/RECOVERY_20260915_C/INDEPENDENT_NATIVE_LANE_C_2/logs/14_a_case-capacity.stderr: OK
Research/R33_NATIVE_N19_RUNTIME_BOUNDARY/RECOVERY_20260915_C/INDEPENDENT_NATIVE_LANE_C_2/logs/28_a_case-retained-sequence.exit: OK
Research/R33_NATIVE_N19_RUNTIME_BOUNDARY/RECOVERY_20260915_C/INDEPENDENT_NATIVE_LANE_C_2/logs/38_a_unsafe_sym.bin.stdout: OK
Research/R33_NATIVE_N19_RUNTIME_BOUNDARY/RECOVERY_20260915_C/INDEPENDENT_NATIVE_LANE_C_2/logs/5_resource_predicate_a.exit: OK
Research/R33_NATIVE_N19_RUNTIME_BOUNDARY/RECOVERY_20260915_C/INDEPENDENT_NATIVE_LANE_C_2/logs/44_a_symlink_recover.stdout: OK
Research/R33_NATIVE_N19_RUNTIME_BOUNDARY/RECOVERY_20260915_C/INDEPENDENT_NATIVE_LANE_C_2/logs/9_crash_a.exit: OK
Research/R33_NATIVE_N19_RUNTIME_BOUNDARY/RECOVERY_20260915_C/INDEPENDENT_NATIVE_LANE_C_2/logs/11_host_a.exit: OK
Research/R33_NATIVE_N19_RUNTIME_BOUNDARY/RECOVERY_20260915_C/INDEPENDENT_NATIVE_LANE_C_2/logs/83_b_unsafe_one.bin.exit: OK
Research/R33_NATIVE_N19_RUNTIME_BOUNDARY/RECOVERY_20260915_C/INDEPENDENT_NATIVE_LANE_C_2/logs/401_after_hashes.stdout: OK
Research/R33_NATIVE_N19_RUNTIME_BOUNDARY/RECOVERY_20260915_C/INDEPENDENT_NATIVE_LANE_C_2/logs/48_resource_predicate_b.stderr: OK
Research/R33_NATIVE_N19_RUNTIME_BOUNDARY/RECOVERY_20260915_C/INDEPENDENT_NATIVE_LANE_C_2/logs/20_a_case-host-abi.command: OK
Research/R33_NATIVE_N19_RUNTIME_BOUNDARY/RECOVERY_20260915_C/INDEPENDENT_NATIVE_LANE_C_2/logs/58_b_case-recovery.exit: OK
Research/R33_NATIVE_N19_RUNTIME_BOUNDARY/RECOVERY_20260915_C/INDEPENDENT_NATIVE_LANE_C_2/logs/404_closeout_before_after.stdout: OK
Research/R33_NATIVE_N19_RUNTIME_BOUNDARY/RECOVERY_20260915_C/INDEPENDENT_NATIVE_LANE_C_2/logs/32_a_missing_case-recover-file.stderr: OK
Research/R33_NATIVE_N19_RUNTIME_BOUNDARY/RECOVERY_20260915_C/INDEPENDENT_NATIVE_LANE_C_2/logs/25_a_case-append-existing.stdout: OK
Research/R33_NATIVE_N19_RUNTIME_BOUNDARY/RECOVERY_20260915_C/INDEPENDENT_NATIVE_LANE_C_2/logs/19_a_case-limit.stdout: OK
Research/R33_NATIVE_N19_RUNTIME_BOUNDARY/RECOVERY_20260915_C/INDEPENDENT_NATIVE_LANE_C_2/logs/301_build_all_children.exit: OK
Research/R33_NATIVE_N19_RUNTIME_BOUNDARY/RECOVERY_20260915_C/INDEPENDENT_NATIVE_LANE_C_2/logs/201_build_corners.stdout: OK
Research/R33_NATIVE_N19_RUNTIME_BOUNDARY/RECOVERY_20260915_C/INDEPENDENT_NATIVE_LANE_C_2/logs/204_malformed_cli.exit: OK
Research/R33_NATIVE_N19_RUNTIME_BOUNDARY/RECOVERY_20260915_C/INDEPENDENT_NATIVE_LANE_C_2/logs/58_b_case-recovery.stdout: OK
Research/R33_NATIVE_N19_RUNTIME_BOUNDARY/RECOVERY_20260915_C/INDEPENDENT_NATIVE_LANE_C_2/logs/71_b_case-retained-sequence.command: OK
Research/R33_NATIVE_N19_RUNTIME_BOUNDARY/RECOVERY_20260915_C/INDEPENDENT_NATIVE_LANE_C_2/logs/34_a_missing_case-append-existing.stderr: OK
Research/R33_NATIVE_N19_RUNTIME_BOUNDARY/RECOVERY_20260915_C/INDEPENDENT_NATIVE_LANE_C_2/logs/20_a_case-host-abi.exit: OK
Research/R33_NATIVE_N19_RUNTIME_BOUNDARY/RECOVERY_20260915_C/INDEPENDENT_NATIVE_LANE_C_2/logs/54_host_b.exit: OK
Research/R33_NATIVE_N19_RUNTIME_BOUNDARY/RECOVERY_20260915_C/INDEPENDENT_NATIVE_LANE_C_2/logs/29_a_case-torn.stdout: OK
Research/R33_NATIVE_N19_RUNTIME_BOUNDARY/RECOVERY_20260915_C/INDEPENDENT_NATIVE_LANE_C_2/logs/87_b_symlink_recover.stdout: OK
Research/R33_NATIVE_N19_RUNTIME_BOUNDARY/RECOVERY_20260915_C/INDEPENDENT_NATIVE_LANE_C_2/logs/78_b_duplicate.command: OK
Research/R33_NATIVE_N19_RUNTIME_BOUNDARY/RECOVERY_20260915_C/INDEPENDENT_NATIVE_LANE_C_2/logs/12_a_case-malformed.stderr: OK
Research/R33_NATIVE_N19_RUNTIME_BOUNDARY/RECOVERY_20260915_C/INDEPENDENT_NATIVE_LANE_C_2/logs/303_crash_all_children.exit: OK
Research/R33_NATIVE_N19_RUNTIME_BOUNDARY/RECOVERY_20260915_C/INDEPENDENT_NATIVE_LANE_C_2/logs/52_crash_b.command: OK
Research/R33_NATIVE_N19_RUNTIME_BOUNDARY/RECOVERY_20260915_C/INDEPENDENT_NATIVE_LANE_C_2/logs/1_build_qual.command: OK
Research/R33_NATIVE_N19_RUNTIME_BOUNDARY/RECOVERY_20260915_C/INDEPENDENT_NATIVE_LANE_C_2/logs/86_b_symlink_root.stderr: OK
Research/R33_NATIVE_N19_RUNTIME_BOUNDARY/RECOVERY_20260915_C/INDEPENDENT_NATIVE_LANE_C_2/logs/10_resource_a.stderr: OK
Research/R33_NATIVE_N19_RUNTIME_BOUNDARY/RECOVERY_20260915_C/INDEPENDENT_NATIVE_LANE_C_2/logs/64_b_case-fault-open.command: OK
Research/R33_NATIVE_N19_RUNTIME_BOUNDARY/RECOVERY_20260915_C/INDEPENDENT_NATIVE_LANE_C_2/logs/48_resource_predicate_b.exit: OK
Research/R33_NATIVE_N19_RUNTIME_BOUNDARY/RECOVERY_20260915_C/INDEPENDENT_NATIVE_LANE_C_2/logs/406_tracked_preserved_final.command: OK
Research/R33_NATIVE_N19_RUNTIME_BOUNDARY/RECOVERY_20260915_C/INDEPENDENT_NATIVE_LANE_C_2/logs/405_recovery_preserved_final.stdout: OK
Research/R33_NATIVE_N19_RUNTIME_BOUNDARY/RECOVERY_20260915_C/INDEPENDENT_NATIVE_LANE_C_2/logs/14_a_case-capacity.exit: OK
Research/R33_NATIVE_N19_RUNTIME_BOUNDARY/RECOVERY_20260915_C/INDEPENDENT_NATIVE_LANE_C_2/logs/80_b_missing_recover_root.stderr: OK
Research/R33_NATIVE_N19_RUNTIME_BOUNDARY/RECOVERY_20260915_C/INDEPENDENT_NATIVE_LANE_C_2/logs/82_b_unsafe_hard.bin.stdout: OK
Research/R33_NATIVE_N19_RUNTIME_BOUNDARY/RECOVERY_20260915_C/INDEPENDENT_NATIVE_LANE_C_2/logs/72_b_case-torn.command: OK
Research/R33_NATIVE_N19_RUNTIME_BOUNDARY/RECOVERY_20260915_C/INDEPENDENT_NATIVE_LANE_C_2/logs/9_crash_a.stderr: OK
Research/R33_NATIVE_N19_RUNTIME_BOUNDARY/RECOVERY_20260915_C/INDEPENDENT_NATIVE_LANE_C_2/logs/88_b_traversal.command: OK
Research/R33_NATIVE_N19_RUNTIME_BOUNDARY/RECOVERY_20260915_C/INDEPENDENT_NATIVE_LANE_C_2/logs/6_cpu_a.stdout: OK
Research/R33_NATIVE_N19_RUNTIME_BOUNDARY/RECOVERY_20260915_C/INDEPENDENT_NATIVE_LANE_C_2/logs/68_b_case-append-existing.exit: OK
Research/R33_NATIVE_N19_RUNTIME_BOUNDARY/RECOVERY_20260915_C/INDEPENDENT_NATIVE_LANE_C_2/logs/67_b_case-write.stderr: OK
Research/R33_NATIVE_N19_RUNTIME_BOUNDARY/RECOVERY_20260915_C/INDEPENDENT_NATIVE_LANE_C_2/logs/305_cpu_all_children.exit: OK
Research/R33_NATIVE_N19_RUNTIME_BOUNDARY/RECOVERY_20260915_C/INDEPENDENT_NATIVE_LANE_C_2/logs/49_cpu_b.stdout: OK
Research/R33_NATIVE_N19_RUNTIME_BOUNDARY/RECOVERY_20260915_C/INDEPENDENT_NATIVE_LANE_C_2/logs/402_canonical_before_after.stderr: OK
Research/R33_NATIVE_N19_RUNTIME_BOUNDARY/RECOVERY_20260915_C/INDEPENDENT_NATIVE_LANE_C_2/logs/39_a_unsafe_hard.bin.exit: OK
Research/R33_NATIVE_N19_RUNTIME_BOUNDARY/RECOVERY_20260915_C/INDEPENDENT_NATIVE_LANE_C_2/logs/302_wait_all_children.stderr: OK
Research/R33_NATIVE_N19_RUNTIME_BOUNDARY/RECOVERY_20260915_C/INDEPENDENT_NATIVE_LANE_C_2/logs/36_a_missing_root.stdout: OK
Research/R33_NATIVE_N19_RUNTIME_BOUNDARY/RECOVERY_20260915_C/INDEPENDENT_NATIVE_LANE_C_2/logs/33_a_missing_case-probe-existing.stdout: OK
Research/R33_NATIVE_N19_RUNTIME_BOUNDARY/RECOVERY_20260915_C/INDEPENDENT_NATIVE_LANE_C_2/logs/7_invariants_a.command: OK
Research/R33_NATIVE_N19_RUNTIME_BOUNDARY/RECOVERY_20260915_C/INDEPENDENT_NATIVE_LANE_C_2/logs/56_b_case-overflow.stdout: OK
Research/R33_NATIVE_N19_RUNTIME_BOUNDARY/RECOVERY_20260915_C/INDEPENDENT_NATIVE_LANE_C_2/logs/28_a_case-retained-sequence.stderr: OK
Research/R33_NATIVE_N19_RUNTIME_BOUNDARY/RECOVERY_20260915_C/INDEPENDENT_NATIVE_LANE_C_2/logs/5_resource_predicate_a.stderr: OK
Research/R33_NATIVE_N19_RUNTIME_BOUNDARY/RECOVERY_20260915_C/INDEPENDENT_NATIVE_LANE_C_2/logs/203_corners_b.command: OK
Research/R33_NATIVE_N19_RUNTIME_BOUNDARY/RECOVERY_20260915_C/INDEPENDENT_NATIVE_LANE_C_2/logs/64_b_case-fault-open.stderr: OK
Research/R33_NATIVE_N19_RUNTIME_BOUNDARY/RECOVERY_20260915_C/INDEPENDENT_NATIVE_LANE_C_2/logs/84_b_unsafe_fifo.stdout: OK
Research/R33_NATIVE_N19_RUNTIME_BOUNDARY/RECOVERY_20260915_C/INDEPENDENT_NATIVE_LANE_C_2/logs/41_a_unsafe_fifo.stderr: OK
Research/R33_NATIVE_N19_RUNTIME_BOUNDARY/RECOVERY_20260915_C/INDEPENDENT_NATIVE_LANE_C_2/logs/16_a_case-corruption.exit: OK
Research/R33_NATIVE_N19_RUNTIME_BOUNDARY/RECOVERY_20260915_C/INDEPENDENT_NATIVE_LANE_C_2/logs/70_b_case-probe-existing.stdout: OK
Research/R33_NATIVE_N19_RUNTIME_BOUNDARY/RECOVERY_20260915_C/INDEPENDENT_NATIVE_LANE_C_2/logs/74_b_case-fault-close.stdout: OK
Research/R33_NATIVE_N19_RUNTIME_BOUNDARY/RECOVERY_20260915_C/INDEPENDENT_NATIVE_LANE_C_2/logs/301_build_all_children.stdout: OK
Research/R33_NATIVE_N19_RUNTIME_BOUNDARY/RECOVERY_20260915_C/INDEPENDENT_NATIVE_LANE_C_2/logs/73_b_case-fault-fsync.command: OK
Research/R33_NATIVE_N19_RUNTIME_BOUNDARY/RECOVERY_20260915_C/INDEPENDENT_NATIVE_LANE_C_2/logs/203_corners_b.stderr: OK
Research/R33_NATIVE_N19_RUNTIME_BOUNDARY/RECOVERY_20260915_C/INDEPENDENT_NATIVE_LANE_C_2/logs/46_a_absolute.command: OK
Research/R33_NATIVE_N19_RUNTIME_BOUNDARY/RECOVERY_20260915_C/INDEPENDENT_NATIVE_LANE_C_2/logs/3_build_repaired.stdout: OK
Research/R33_NATIVE_N19_RUNTIME_BOUNDARY/RECOVERY_20260915_C/INDEPENDENT_NATIVE_LANE_C_2/logs/88_b_traversal.stderr: OK
Research/R33_NATIVE_N19_RUNTIME_BOUNDARY/RECOVERY_20260915_C/INDEPENDENT_NATIVE_LANE_C_2/logs/20_a_case-host-abi.stderr: OK
Research/R33_NATIVE_N19_RUNTIME_BOUNDARY/RECOVERY_20260915_C/INDEPENDENT_NATIVE_LANE_C_2/logs/53_resource_b.stdout: OK
Research/R33_NATIVE_N19_RUNTIME_BOUNDARY/RECOVERY_20260915_C/INDEPENDENT_NATIVE_LANE_C_2/logs/49_cpu_b.exit: OK
Research/R33_NATIVE_N19_RUNTIME_BOUNDARY/RECOVERY_20260915_C/INDEPENDENT_NATIVE_LANE_C_2/logs/92_protected_preserved.command: OK
Research/R33_NATIVE_N19_RUNTIME_BOUNDARY/RECOVERY_20260915_C/INDEPENDENT_NATIVE_LANE_C_2/logs/86_b_symlink_root.command: OK
Research/R33_NATIVE_N19_RUNTIME_BOUNDARY/RECOVERY_20260915_C/INDEPENDENT_NATIVE_LANE_C_2/logs/62_b_case-limit.exit: OK
Research/R33_NATIVE_N19_RUNTIME_BOUNDARY/RECOVERY_20260915_C/INDEPENDENT_NATIVE_LANE_C_2/logs/47_wait_b.exit: OK
Research/R33_NATIVE_N19_RUNTIME_BOUNDARY/RECOVERY_20260915_C/INDEPENDENT_NATIVE_LANE_C_2/logs/51_poison_b.exit: OK
Research/R33_NATIVE_N19_RUNTIME_BOUNDARY/RECOVERY_20260915_C/INDEPENDENT_NATIVE_LANE_C_2/logs/28_a_case-retained-sequence.stdout: OK
Research/R33_NATIVE_N19_RUNTIME_BOUNDARY/RECOVERY_20260915_C/INDEPENDENT_NATIVE_LANE_C_2/logs/5_resource_predicate_a.stdout: OK
Research/R33_NATIVE_N19_RUNTIME_BOUNDARY/RECOVERY_20260915_C/INDEPENDENT_NATIVE_LANE_C_2/logs/51_poison_b.command: OK
Research/R33_NATIVE_N19_RUNTIME_BOUNDARY/RECOVERY_20260915_C/INDEPENDENT_NATIVE_LANE_C_2/logs/33_a_missing_case-probe-existing.stderr: OK
Research/R33_NATIVE_N19_RUNTIME_BOUNDARY/RECOVERY_20260915_C/INDEPENDENT_NATIVE_LANE_C_2/logs/202_corners_a.command: OK
Research/R33_NATIVE_N19_RUNTIME_BOUNDARY/RECOVERY_20260915_C/INDEPENDENT_NATIVE_LANE_C_2/logs/56_b_case-overflow.stderr: OK
Research/R33_NATIVE_N19_RUNTIME_BOUNDARY/RECOVERY_20260915_C/INDEPENDENT_NATIVE_LANE_C_2/logs/6_cpu_a.exit: OK
Research/R33_NATIVE_N19_RUNTIME_BOUNDARY/RECOVERY_20260915_C/INDEPENDENT_NATIVE_LANE_C_2/logs/41_a_unsafe_fifo.stdout: OK
Research/R33_NATIVE_N19_RUNTIME_BOUNDARY/RECOVERY_20260915_C/INDEPENDENT_NATIVE_LANE_C_2/logs/48_resource_predicate_b.command: OK
Research/R33_NATIVE_N19_RUNTIME_BOUNDARY/RECOVERY_20260915_C/INDEPENDENT_NATIVE_LANE_C_2/logs/27_a_case-probe-existing.command: OK
Research/R33_NATIVE_N19_RUNTIME_BOUNDARY/RECOVERY_20260915_C/INDEPENDENT_NATIVE_LANE_C_2/logs/64_b_case-fault-open.stdout: OK
Research/R33_NATIVE_N19_RUNTIME_BOUNDARY/RECOVERY_20260915_C/INDEPENDENT_NATIVE_LANE_C_2/logs/70_b_case-probe-existing.command: OK
Research/R33_NATIVE_N19_RUNTIME_BOUNDARY/RECOVERY_20260915_C/INDEPENDENT_NATIVE_LANE_C_2/logs/84_b_unsafe_fifo.stderr: OK
Research/R33_NATIVE_N19_RUNTIME_BOUNDARY/RECOVERY_20260915_C/INDEPENDENT_NATIVE_LANE_C_2/logs/61_b_case-error-classification.exit: OK
Research/R33_NATIVE_N19_RUNTIME_BOUNDARY/RECOVERY_20260915_C/INDEPENDENT_NATIVE_LANE_C_2/logs/405_recovery_preserved_final.command: OK
Research/R33_NATIVE_N19_RUNTIME_BOUNDARY/RECOVERY_20260915_C/INDEPENDENT_NATIVE_LANE_C_2/logs/89_b_absolute.command: OK
Research/R33_NATIVE_N19_RUNTIME_BOUNDARY/RECOVERY_20260915_C/INDEPENDENT_NATIVE_LANE_C_2/logs/88_b_traversal.stdout: OK
Research/R33_NATIVE_N19_RUNTIME_BOUNDARY/RECOVERY_20260915_C/INDEPENDENT_NATIVE_LANE_C_2/logs/20_a_case-host-abi.stdout: OK
Research/R33_NATIVE_N19_RUNTIME_BOUNDARY/RECOVERY_20260915_C/INDEPENDENT_NATIVE_LANE_C_2/logs/42_a_unsafe_directory.command: OK
Research/R33_NATIVE_N19_RUNTIME_BOUNDARY/RECOVERY_20260915_C/INDEPENDENT_NATIVE_LANE_C_2/logs/203_corners_b.stdout: OK
Research/R33_NATIVE_N19_RUNTIME_BOUNDARY/RECOVERY_20260915_C/INDEPENDENT_NATIVE_LANE_C_2/logs/3_build_repaired.stderr: OK
Research/R33_NATIVE_N19_RUNTIME_BOUNDARY/RECOVERY_20260915_C/INDEPENDENT_NATIVE_LANE_C_2/logs/72_b_case-torn.exit: OK
Research/R33_NATIVE_N19_RUNTIME_BOUNDARY/RECOVERY_20260915_C/INDEPENDENT_NATIVE_LANE_C_2/logs/403_protected_before_after.command: OK
Research/R33_NATIVE_N19_RUNTIME_BOUNDARY/RECOVERY_20260915_C/INDEPENDENT_NATIVE_LANE_C_2/logs/44_a_symlink_recover.command: OK
Research/R33_NATIVE_N19_RUNTIME_BOUNDARY/RECOVERY_20260915_C/INDEPENDENT_NATIVE_LANE_C_2/logs/53_resource_b.stderr: OK
Research/R33_NATIVE_N19_RUNTIME_BOUNDARY/RECOVERY_20260915_C/INDEPENDENT_NATIVE_LANE_C_2/logs/70_b_case-probe-existing.stderr: OK
Research/R33_NATIVE_N19_RUNTIME_BOUNDARY/RECOVERY_20260915_C/INDEPENDENT_NATIVE_LANE_C_2/logs/47_wait_b.command: OK
Research/R33_NATIVE_N19_RUNTIME_BOUNDARY/RECOVERY_20260915_C/INDEPENDENT_NATIVE_LANE_C_2/logs/301_build_all_children.stderr: OK
Research/R33_NATIVE_N19_RUNTIME_BOUNDARY/RECOVERY_20260915_C/INDEPENDENT_NATIVE_LANE_C_2/logs/74_b_case-fault-close.stderr: OK
Research/R33_NATIVE_N19_RUNTIME_BOUNDARY/RECOVERY_20260915_C/INDEPENDENT_NATIVE_LANE_C_2/logs/13_a_case-overflow.command: OK
Research/R33_NATIVE_N19_RUNTIME_BOUNDARY/RECOVERY_20260915_C/INDEPENDENT_NATIVE_LANE_C_2/logs/94_tracked_diff_preserved.command: OK
Research/R33_NATIVE_N19_RUNTIME_BOUNDARY/RECOVERY_20260915_C/INDEPENDENT_NATIVE_LANE_C_2/logs/6_cpu_a.stderr: OK
Research/R33_NATIVE_N19_RUNTIME_BOUNDARY/RECOVERY_20260915_C/INDEPENDENT_NATIVE_LANE_C_2/logs/9_crash_a.stdout: OK
Research/R33_NATIVE_N19_RUNTIME_BOUNDARY/RECOVERY_20260915_C/INDEPENDENT_NATIVE_LANE_C_2/logs/22_a_case-fault-host-probe.command: OK
Research/R33_NATIVE_N19_RUNTIME_BOUNDARY/RECOVERY_20260915_C/INDEPENDENT_NATIVE_LANE_C_2/logs/2_build_host.command: OK
Research/R33_NATIVE_N19_RUNTIME_BOUNDARY/RECOVERY_20260915_C/INDEPENDENT_NATIVE_LANE_C_2/logs/67_b_case-write.stdout: OK
Research/R33_NATIVE_N19_RUNTIME_BOUNDARY/RECOVERY_20260915_C/INDEPENDENT_NATIVE_LANE_C_2/logs/68_b_case-append-existing.command: OK
Research/R33_NATIVE_N19_RUNTIME_BOUNDARY/RECOVERY_20260915_C/INDEPENDENT_NATIVE_LANE_C_2/logs/10_resource_a.stdout: OK
Research/R33_NATIVE_N19_RUNTIME_BOUNDARY/RECOVERY_20260915_C/INDEPENDENT_NATIVE_LANE_C_2/logs/64_b_case-fault-open.exit: OK
Research/R33_NATIVE_N19_RUNTIME_BOUNDARY/RECOVERY_20260915_C/INDEPENDENT_NATIVE_LANE_C_2/logs/80_b_missing_recover_root.stdout: OK
Research/R33_NATIVE_N19_RUNTIME_BOUNDARY/RECOVERY_20260915_C/INDEPENDENT_NATIVE_LANE_C_2/logs/82_b_unsafe_hard.bin.stderr: OK
Research/R33_NATIVE_N19_RUNTIME_BOUNDARY/RECOVERY_20260915_C/INDEPENDENT_NATIVE_LANE_C_2/logs/405_recovery_preserved_final.stderr: OK
Research/R33_NATIVE_N19_RUNTIME_BOUNDARY/RECOVERY_20260915_C/INDEPENDENT_NATIVE_LANE_C_2/logs/71_b_case-retained-sequence.exit: OK
Research/R33_NATIVE_N19_RUNTIME_BOUNDARY/RECOVERY_20260915_C/INDEPENDENT_NATIVE_LANE_C_2/logs/17_a_case-recovery-atomicity.command: OK
Research/R33_NATIVE_N19_RUNTIME_BOUNDARY/RECOVERY_20260915_C/INDEPENDENT_NATIVE_LANE_C_2/logs/84_b_unsafe_fifo.command: OK
Research/R33_NATIVE_N19_RUNTIME_BOUNDARY/RECOVERY_20260915_C/INDEPENDENT_NATIVE_LANE_C_2/logs/36_a_missing_root.stderr: OK
Research/R33_NATIVE_N19_RUNTIME_BOUNDARY/RECOVERY_20260915_C/INDEPENDENT_NATIVE_LANE_C_2/logs/35_a_duplicate.command: OK
Research/R33_NATIVE_N19_RUNTIME_BOUNDARY/RECOVERY_20260915_C/INDEPENDENT_NATIVE_LANE_C_2/logs/34_a_missing_case-append-existing.command: OK
Research/R33_NATIVE_N19_RUNTIME_BOUNDARY/RECOVERY_20260915_C/INDEPENDENT_NATIVE_LANE_C_2/logs/62_b_case-limit.command: OK
Research/R33_NATIVE_N19_RUNTIME_BOUNDARY/RECOVERY_20260915_C/INDEPENDENT_NATIVE_LANE_C_2/logs/302_wait_all_children.stdout: OK
Research/R33_NATIVE_N19_RUNTIME_BOUNDARY/RECOVERY_20260915_C/INDEPENDENT_NATIVE_LANE_C_2/logs/81_b_unsafe_sym.bin.exit: OK
Research/R33_NATIVE_N19_RUNTIME_BOUNDARY/RECOVERY_20260915_C/INDEPENDENT_NATIVE_LANE_C_2/logs/204_malformed_cli.command: OK
Research/R33_NATIVE_N19_RUNTIME_BOUNDARY/RECOVERY_20260915_C/INDEPENDENT_NATIVE_LANE_C_2/logs/301_build_all_children.command: OK
Research/R33_NATIVE_N19_RUNTIME_BOUNDARY/RECOVERY_20260915_C/INDEPENDENT_NATIVE_LANE_C_2/logs/69_b_case-recover-file.command: OK
Research/R33_NATIVE_N19_RUNTIME_BOUNDARY/RECOVERY_20260915_C/INDEPENDENT_NATIVE_LANE_C_2/logs/402_canonical_before_after.stdout: OK
Research/R33_NATIVE_N19_RUNTIME_BOUNDARY/RECOVERY_20260915_C/INDEPENDENT_NATIVE_LANE_C_2/logs/82_b_unsafe_hard.bin.command: OK
Research/R33_NATIVE_N19_RUNTIME_BOUNDARY/RECOVERY_20260915_C/INDEPENDENT_NATIVE_LANE_C_2/logs/49_cpu_b.stderr: OK
Research/R33_NATIVE_N19_RUNTIME_BOUNDARY/RECOVERY_20260915_C/INDEPENDENT_NATIVE_LANE_C_2/logs/52_crash_b.exit: OK
Research/R33_NATIVE_N19_RUNTIME_BOUNDARY/RECOVERY_20260915_C/INDEPENDENT_NATIVE_LANE_C_2/logs/19_a_case-limit.stderr: OK
Research/R33_NATIVE_N19_RUNTIME_BOUNDARY/RECOVERY_20260915_C/INDEPENDENT_NATIVE_LANE_C_2/logs/25_a_case-append-existing.stderr: OK
Research/R33_NATIVE_N19_RUNTIME_BOUNDARY/RECOVERY_20260915_C/INDEPENDENT_NATIVE_LANE_C_2/logs/302_wait_all_children.command: OK
Research/R33_NATIVE_N19_RUNTIME_BOUNDARY/RECOVERY_20260915_C/INDEPENDENT_NATIVE_LANE_C_2/logs/32_a_missing_case-recover-file.stdout: OK
Research/R33_NATIVE_N19_RUNTIME_BOUNDARY/RECOVERY_20260915_C/INDEPENDENT_NATIVE_LANE_C_2/logs/404_closeout_before_after.stderr: OK
Research/R33_NATIVE_N19_RUNTIME_BOUNDARY/RECOVERY_20260915_C/INDEPENDENT_NATIVE_LANE_C_2/logs/8_poison_a.exit: OK
Research/R33_NATIVE_N19_RUNTIME_BOUNDARY/RECOVERY_20260915_C/INDEPENDENT_NATIVE_LANE_C_2/logs/44_a_symlink_recover.stderr: OK
Research/R33_NATIVE_N19_RUNTIME_BOUNDARY/RECOVERY_20260915_C/INDEPENDENT_NATIVE_LANE_C_2/logs/38_a_unsafe_sym.bin.stderr: OK
Research/R33_NATIVE_N19_RUNTIME_BOUNDARY/RECOVERY_20260915_C/INDEPENDENT_NATIVE_LANE_C_2/logs/203_corners_b.exit: OK
Research/R33_NATIVE_N19_RUNTIME_BOUNDARY/RECOVERY_20260915_C/INDEPENDENT_NATIVE_LANE_C_2/logs/30_a_case-fault-fsync.command: OK
Research/R33_NATIVE_N19_RUNTIME_BOUNDARY/RECOVERY_20260915_C/INDEPENDENT_NATIVE_LANE_C_2/logs/401_after_hashes.stderr: OK
Research/R33_NATIVE_N19_RUNTIME_BOUNDARY/RECOVERY_20260915_C/INDEPENDENT_NATIVE_LANE_C_2/logs/48_resource_predicate_b.stdout: OK
Research/R33_NATIVE_N19_RUNTIME_BOUNDARY/RECOVERY_20260915_C/INDEPENDENT_NATIVE_LANE_C_2/logs/69_b_case-recover-file.exit: OK
Research/R33_NATIVE_N19_RUNTIME_BOUNDARY/RECOVERY_20260915_C/INDEPENDENT_NATIVE_LANE_C_2/logs/91_canonical_preserved.exit: OK
Research/R33_NATIVE_N19_RUNTIME_BOUNDARY/RECOVERY_20260915_C/INDEPENDENT_NATIVE_LANE_C_2/logs/89_b_absolute.exit: OK
Research/R33_NATIVE_N19_RUNTIME_BOUNDARY/RECOVERY_20260915_C/INDEPENDENT_NATIVE_LANE_C_2/logs/81_b_unsafe_sym.bin.command: OK
Research/R33_NATIVE_N19_RUNTIME_BOUNDARY/RECOVERY_20260915_C/INDEPENDENT_NATIVE_LANE_C_2/logs/86_b_symlink_root.stdout: OK
Research/R33_NATIVE_N19_RUNTIME_BOUNDARY/RECOVERY_20260915_C/INDEPENDENT_NATIVE_LANE_C_2/logs/305_cpu_all_children.command: OK
Research/R33_NATIVE_N19_RUNTIME_BOUNDARY/RECOVERY_20260915_C/INDEPENDENT_NATIVE_LANE_C_2/logs/26_a_case-recover-file.command: OK
Research/R33_NATIVE_N19_RUNTIME_BOUNDARY/RECOVERY_20260915_C/INDEPENDENT_NATIVE_LANE_C_2/logs/4_wait_a.command: OK
Research/R33_NATIVE_N19_RUNTIME_BOUNDARY/RECOVERY_20260915_C/INDEPENDENT_NATIVE_LANE_C_2/logs/303_crash_all_children.command: OK
Research/R33_NATIVE_N19_RUNTIME_BOUNDARY/RECOVERY_20260915_C/INDEPENDENT_NATIVE_LANE_C_2/logs/23_a_case-io.command: OK
Research/R33_NATIVE_N19_RUNTIME_BOUNDARY/RECOVERY_20260915_C/INDEPENDENT_NATIVE_LANE_C_2/logs/58_b_case-recovery.stderr: OK
Research/R33_NATIVE_N19_RUNTIME_BOUNDARY/RECOVERY_20260915_C/INDEPENDENT_NATIVE_LANE_C_2/logs/78_b_duplicate.exit: OK
Research/R33_NATIVE_N19_RUNTIME_BOUNDARY/RECOVERY_20260915_C/INDEPENDENT_NATIVE_LANE_C_2/logs/201_build_corners.stderr: OK
Research/R33_NATIVE_N19_RUNTIME_BOUNDARY/RECOVERY_20260915_C/INDEPENDENT_NATIVE_LANE_C_2/logs/65_b_case-fault-host-probe.exit: OK
Research/R33_NATIVE_N19_RUNTIME_BOUNDARY/RECOVERY_20260915_C/INDEPENDENT_NATIVE_LANE_C_2/logs/87_b_symlink_recover.stderr: OK
Research/R33_NATIVE_N19_RUNTIME_BOUNDARY/RECOVERY_20260915_C/INDEPENDENT_NATIVE_LANE_C_2/logs/12_a_case-malformed.stdout: OK
Research/R33_NATIVE_N19_RUNTIME_BOUNDARY/RECOVERY_20260915_C/INDEPENDENT_NATIVE_LANE_C_2/logs/29_a_case-torn.stderr: OK
Research/R33_NATIVE_N19_RUNTIME_BOUNDARY/RECOVERY_20260915_C/INDEPENDENT_NATIVE_LANE_C_2/logs/34_a_missing_case-append-existing.stdout: OK
Research/R33_NATIVE_N19_RUNTIME_BOUNDARY/RECOVERY_20260915_C/INDEPENDENT_NATIVE_LANE_C_2/logs/56_b_case-overflow.command: OK
Research/R33_NATIVE_N19_RUNTIME_BOUNDARY/RECOVERY_20260915_C/INDEPENDENT_NATIVE_LANE_C_2/logs/89_b_absolute.stderr: OK
Research/R33_NATIVE_N19_RUNTIME_BOUNDARY/RECOVERY_20260915_C/INDEPENDENT_NATIVE_LANE_C_2/logs/39_a_unsafe_hard.bin.stderr: OK
Research/R33_NATIVE_N19_RUNTIME_BOUNDARY/RECOVERY_20260915_C/INDEPENDENT_NATIVE_LANE_C_2/logs/33_a_missing_case-probe-existing.exit: OK
Research/R33_NATIVE_N19_RUNTIME_BOUNDARY/RECOVERY_20260915_C/INDEPENDENT_NATIVE_LANE_C_2/logs/83_b_unsafe_one.bin.stdout: OK
Research/R33_NATIVE_N19_RUNTIME_BOUNDARY/RECOVERY_20260915_C/INDEPENDENT_NATIVE_LANE_C_2/logs/8_poison_a.stdout: OK
Research/R33_NATIVE_N19_RUNTIME_BOUNDARY/RECOVERY_20260915_C/INDEPENDENT_NATIVE_LANE_C_2/logs/14_a_case-capacity.command: OK
Research/R33_NATIVE_N19_RUNTIME_BOUNDARY/RECOVERY_20260915_C/INDEPENDENT_NATIVE_LANE_C_2/logs/86_b_symlink_root.exit: OK
Research/R33_NATIVE_N19_RUNTIME_BOUNDARY/RECOVERY_20260915_C/INDEPENDENT_NATIVE_LANE_C_2/logs/24_a_case-write.stdout: OK
Research/R33_NATIVE_N19_RUNTIME_BOUNDARY/RECOVERY_20260915_C/INDEPENDENT_NATIVE_LANE_C_2/logs/66_b_case-io.command: OK
Research/R33_NATIVE_N19_RUNTIME_BOUNDARY/RECOVERY_20260915_C/INDEPENDENT_NATIVE_LANE_C_2/logs/55_b_case-malformed.exit: OK
Research/R33_NATIVE_N19_RUNTIME_BOUNDARY/RECOVERY_20260915_C/INDEPENDENT_NATIVE_LANE_C_2/logs/76_b_missing_case-probe-existing.command: OK
Research/R33_NATIVE_N19_RUNTIME_BOUNDARY/RECOVERY_20260915_C/INDEPENDENT_NATIVE_LANE_C_2/logs/76_b_missing_case-probe-existing.stderr: OK
Research/R33_NATIVE_N19_RUNTIME_BOUNDARY/RECOVERY_20260915_C/INDEPENDENT_NATIVE_LANE_C_2/logs/35_a_duplicate.stdout: OK
Research/R33_NATIVE_N19_RUNTIME_BOUNDARY/RECOVERY_20260915_C/INDEPENDENT_NATIVE_LANE_C_2/logs/58_b_case-recovery.command: OK
Research/R33_NATIVE_N19_RUNTIME_BOUNDARY/RECOVERY_20260915_C/INDEPENDENT_NATIVE_LANE_C_2/logs/50_invariants_b.stderr: OK
Research/R33_NATIVE_N19_RUNTIME_BOUNDARY/RECOVERY_20260915_C/INDEPENDENT_NATIVE_LANE_C_2/logs/14_a_case-capacity.stdout: OK
Research/R33_NATIVE_N19_RUNTIME_BOUNDARY/RECOVERY_20260915_C/INDEPENDENT_NATIVE_LANE_C_2/logs/36_a_missing_root.command: OK
Research/R33_NATIVE_N19_RUNTIME_BOUNDARY/RECOVERY_20260915_C/INDEPENDENT_NATIVE_LANE_C_2/logs/26_a_case-recover-file.exit: OK
Research/R33_NATIVE_N19_RUNTIME_BOUNDARY/RECOVERY_20260915_C/INDEPENDENT_NATIVE_LANE_C_2/logs/44_a_symlink_recover.exit: OK
Research/R33_NATIVE_N19_RUNTIME_BOUNDARY/RECOVERY_20260915_C/INDEPENDENT_NATIVE_LANE_C_2/logs/65_b_case-fault-host-probe.stderr: OK
Research/R33_NATIVE_N19_RUNTIME_BOUNDARY/RECOVERY_20260915_C/INDEPENDENT_NATIVE_LANE_C_2/logs/74_b_case-fault-close.command: OK
Research/R33_NATIVE_N19_RUNTIME_BOUNDARY/RECOVERY_20260915_C/INDEPENDENT_NATIVE_LANE_C_2/logs/31_a_case-fault-close.command: OK
Research/R33_NATIVE_N19_RUNTIME_BOUNDARY/RECOVERY_20260915_C/INDEPENDENT_NATIVE_LANE_C_2/logs/302_wait_all_children.exit: OK
Research/R33_NATIVE_N19_RUNTIME_BOUNDARY/RECOVERY_20260915_C/INDEPENDENT_NATIVE_LANE_C_2/supplement.results.txt: OK
Research/R33_NATIVE_N19_RUNTIME_BOUNDARY/RECOVERY_20260915_C/INDEPENDENT_NATIVE_LANE_C_2/add_reap_check.pl: OK
Research/R33_NATIVE_N19_RUNTIME_BOUNDARY/RECOVERY_20260915_C/INDEPENDENT_NATIVE_LANE_C_2/sources/n19_qual_driver_v3_pre_integration.zag: OK
Research/R33_NATIVE_N19_RUNTIME_BOUNDARY/RECOVERY_20260915_C/INDEPENDENT_NATIVE_LANE_C_2/sources/n19_native_io_v1.zag: OK
Research/R33_NATIVE_N19_RUNTIME_BOUNDARY/RECOVERY_20260915_C/INDEPENDENT_NATIVE_LANE_C_2/sources/n19_qual_driver_v3_recovery.zag: OK
Research/R33_NATIVE_N19_RUNTIME_BOUNDARY/RECOVERY_20260915_C/INDEPENDENT_NATIVE_LANE_C_2/sources/independent_supervisor_reference.zag: OK
Research/R33_NATIVE_N19_RUNTIME_BOUNDARY/RECOVERY_20260915_C/INDEPENDENT_NATIVE_LANE_C_2/sources/n19_runtime_boundary_v5_recovery.zag: OK
Research/R33_NATIVE_N19_RUNTIME_BOUNDARY/RECOVERY_20260915_C/INDEPENDENT_NATIVE_LANE_C_2/sources/n19_qual_driver_v3_pre_cleanup_error.zag: OK
Research/R33_NATIVE_N19_RUNTIME_BOUNDARY/RECOVERY_20260915_C/INDEPENDENT_NATIVE_LANE_C_2/sources/n19_host_v2.zag: OK
Research/R33_NATIVE_N19_RUNTIME_BOUNDARY/RECOVERY_20260915_C/INDEPENDENT_NATIVE_LANE_C_2/sources/n19_runtime_boundary_v6_recovery.zag: OK
Research/R33_NATIVE_N19_RUNTIME_BOUNDARY/RECOVERY_20260915_C/INDEPENDENT_NATIVE_LANE_C_2/sources/n19_host_v2_tests.zag: OK
Research/R33_NATIVE_N19_RUNTIME_BOUNDARY/RECOVERY_20260915_C/INDEPENDENT_NATIVE_LANE_C_2/sources/lane_c_v6_corners.zag: OK
Research/R33_NATIVE_N19_RUNTIME_BOUNDARY/RECOVERY_20260915_C/INDEPENDENT_NATIVE_LANE_C_2/sources/n19_qual_driver_v2_review.zag: OK
Research/R33_NATIVE_N19_RUNTIME_BOUNDARY/RECOVERY_20260915_C/INDEPENDENT_NATIVE_LANE_C_2/sources/lane_c_all_children.zag: OK
Research/R33_NATIVE_N19_RUNTIME_BOUNDARY/RECOVERY_20260915_C/INDEPENDENT_NATIVE_LANE_C_2/record.pl: OK
Research/R33_NATIVE_N19_RUNTIME_BOUNDARY/RECOVERY_20260915_C/INDEPENDENT_NATIVE_LANE_C_2/closeout.before.sha256: OK
Research/R33_NATIVE_N19_RUNTIME_BOUNDARY/RECOVERY_20260915_C/INDEPENDENT_NATIVE_LANE_C_2/canonical.after.sha256: OK
Research/R33_NATIVE_N19_RUNTIME_BOUNDARY/RECOVERY_20260915_C/INDEPENDENT_NATIVE_LANE_C_2/final_checks.zsh: OK
Research/R33_NATIVE_N19_RUNTIME_BOUNDARY/RECOVERY_20260915_C/INDEPENDENT_NATIVE_LANE_C_2/results.summary.txt: OK
Research/R33_NATIVE_N19_RUNTIME_BOUNDARY/RECOVERY_20260915_C/INDEPENDENT_NATIVE_LANE_C_2/record.stdout: OK
Research/R33_NATIVE_N19_RUNTIME_BOUNDARY/RECOVERY_20260915_C/INDEPENDENT_NATIVE_LANE_C_2/logs.sha256: OK
Research/R33_NATIVE_N19_RUNTIME_BOUNDARY/RECOVERY_20260915_C/INDEPENDENT_NATIVE_LANE_C_2/protected.before.sha256: OK
