MUSE_CORPUS,e0b3286c200acf3252af8b01bd6011099d3e7748bb58fd7de575f0142af3ca3c
CL_CHECK,mc_teacher_teach_eps,240,240
CL_CHECK,mc_teacher_disconnects,6,6
CL_CHECK,mc_teacher_learn_gate,0,0
MUSEC_TEACH,240,0,12,240
MUSEC_TEACH_DIGEST,9788ce1a7feb6da74a59bd09f726e3a1884958605ff630f812166041a25aaeab
CL_CHECK,mc_teacher_holds_curriculum,0,0
CL_CHECK,mc_learner_t0_empty_n,0,0
CL_CHECK,mc_learner_t0_audit_empty,1,1
CL_CHECK,mc_scaffold_placed,24,24
CL_CHECK,mc_scaffold_added,8,8
CL_CHECK,mc_disconnect_audited,1,1
CL_CHECK,mc_slice_stim_placed,72,72
CL_CHECK,mc_slice_emit_ok,0,0
CL_CHECK,mc_slice_teacher_blocked,0,0
CL_CHECK,mc_slice_manifest_n,12,12
CL_CHECK,mc_slice_tripwire_fired,0,0
CL_CHECK,mc_slice_manifest_init,0,0
CL_CHECK,mc_slice_leak,0,0
CL_CHECK,mc_slice_hnm12,12,12
MUSEC_SLICE,0,12,0,0,120,1,20,24,0
CL_CHECK,mc_slice_stim_placed,72,72
CL_CHECK,mc_slice_emit_ok,0,0
CL_CHECK,mc_slice_teacher_blocked,0,0
CL_CHECK,mc_slice_manifest_n,12,12
CL_CHECK,mc_slice_tripwire_fired,0,0
CL_CHECK,mc_slice_manifest_init,0,0
CL_CHECK,mc_slice_leak,0,0
CL_CHECK,mc_slice_hnm12,12,12
MUSEC_SLICE,1,12,0,0,120,1,20,24,0
CL_CHECK,mc_slice_stim_placed,72,72
CL_CHECK,mc_slice_emit_ok,0,0
CL_CHECK,mc_slice_teacher_blocked,0,0
CL_CHECK,mc_slice_manifest_n,12,12
CL_CHECK,mc_slice_tripwire_fired,0,0
CL_CHECK,mc_slice_manifest_init,0,0
CL_CHECK,mc_slice_leak,0,0
CL_CHECK,mc_slice_hnm12,12,12
MUSEC_SLICE,2,12,0,0,120,1,20,24,0
CL_CHECK,mc_slice_stim_placed,72,72
CL_CHECK,mc_slice_emit_ok,0,0
CL_CHECK,mc_slice_teacher_blocked,0,0
CL_CHECK,mc_slice_manifest_n,12,12
CL_CHECK,mc_slice_tripwire_fired,0,0
CL_CHECK,mc_slice_manifest_init,0,0
CL_CHECK,mc_slice_leak,0,0
CL_CHECK,mc_slice_hnm12,12,12
MUSEC_SLICE,3,12,0,0,120,1,20,24,0
CL_CHECK,mc_slice_stim_placed,72,72
CL_CHECK,mc_slice_emit_ok,0,0
CL_CHECK,mc_slice_teacher_blocked,0,0
CL_CHECK,mc_slice_manifest_n,12,12
CL_CHECK,mc_slice_tripwire_fired,0,0
CL_CHECK,mc_slice_manifest_init,0,0
CL_CHECK,mc_slice_leak,0,0
CL_CHECK,mc_slice_hnm12,12,12
MUSEC_SLICE,4,12,0,0,120,1,20,24,0
CL_CHECK,mc_slice_stim_placed,72,72
CL_CHECK,mc_slice_emit_ok,0,0
CL_CHECK,mc_slice_teacher_blocked,0,0
CL_CHECK,mc_slice_manifest_n,12,12
CL_CHECK,mc_slice_tripwire_fired,0,0
CL_CHECK,mc_slice_manifest_init,0,0
CL_CHECK,mc_slice_leak,0,0
CL_CHECK,mc_slice_hnm12,12,12
MUSEC_SLICE,5,12,0,0,120,1,20,24,0
CL_CHECK,mc_slice_stim_placed,72,72
CL_CHECK,mc_slice_emit_ok,0,0
CL_CHECK,mc_slice_teacher_blocked,0,0
CL_CHECK,mc_slice_manifest_n,12,12
CL_CHECK,mc_slice_tripwire_fired,0,0
CL_CHECK,mc_slice_manifest_init,0,0
CL_CHECK,mc_slice_leak,0,0
CL_CHECK,mc_slice_hnm12,12,12
MUSEC_SLICE,6,12,0,0,120,1,20,24,0
CL_CHECK,mc_slice_stim_placed,72,72
CL_CHECK,mc_slice_emit_ok,0,0
CL_CHECK,mc_slice_teacher_blocked,0,0
CL_CHECK,mc_slice_manifest_n,12,12
CL_CHECK,mc_slice_tripwire_fired,0,0
CL_CHECK,mc_slice_manifest_init,0,0
CL_CHECK,mc_slice_leak,0,0
CL_CHECK,mc_slice_hnm12,12,12
MUSEC_SLICE,7,12,0,0,120,1,20,24,0
CL_CHECK,mc_final_mastery_192,192,192
CL_CHECK,mc_teacher_blocked_total,0,0
MUSEC_RUN,96,8,160,192,0
MUSEC_DIGEST,learner,6317c2dcf17e850c6e1419f547a8723efdeeda3a9747baf5f8af019ba3092467
MUSEC_DIGEST,teacher,9788ce1a7feb6da74a59bd09f726e3a1884958605ff630f812166041a25aaeab
MUSEC_COMPLETE
