# SEALED_TWINS.map - sealed NL-twin -> formal-original mapping (frozen).
# twin_id -> orig_id : verdict
# NOTE: B2_07's round-2 sealed key said DERIVED, but round-2 F-SEAL-01
# established it is genuinely underivable; the correct verdict WITHHELD
# is recorded here.

T2_01 -> B2_01 : DERIVED
T2_02 -> B2_02 : DERIVED
T2_03 -> B2_03 : DERIVED
T2_04 -> B2_04 : DERIVED
T2_05 -> B2_05 : DERIVED
T2_06 -> B2_06 : DERIVED
T2_07 -> B2_07 : WITHHELD
T2_08 -> B2_08 : DERIVED
T2_09 -> B2_09 : DERIVED
T2_10 -> B2_10 : DERIVED
T2_11 -> B2_11 : DERIVED
T2_12 -> B2_12 : DERIVED
T3_01 -> B3_01 : DERIVED
T3_02 -> B3_02 : DERIVED
T3_03 -> B3_03 : DERIVED
T3_04 -> B3_04 : DERIVED
T3_05 -> B3_05 : DERIVED
T3_06 -> B3_06 : DERIVED
T3_07 -> B3_07 : DERIVED
T3_08 -> B3_08 : DERIVED
T3_09 -> B3_09 : DERIVED
T3_10 -> B3_10 : DERIVED
T4_01 -> B4_01 : DERIVED
T4_02 -> B4_02 : DERIVED
T4_03 -> B4_03 : DERIVED
T4_04 -> B4_04 : DERIVED
T4_05 -> B4_05 : DERIVED
T4_06 -> B4_06 : DERIVED
T4_07 -> B4_07 : DERIVED
T4_08 -> B4_08 : DERIVED
T4_09 -> B4_09 : DERIVED
T4_10 -> B4_10 : DERIVED
T4_11 -> B4_11 : DERIVED
T4_12 -> B4_12 : DERIVED
T4_13 -> B4_13 : DERIVED
T4_14 -> B4_14 : DERIVED
T4_15 -> B4_15 : DERIVED
