OB_CHECK,rt3_a_install,1,1
OB_CHECK,rt3_a_fwd,1,1
OB_CHECK,rt3_b_withhold,0,0
OB_CHECK,rt3_b_reason,3,3
OB_CHECK,rt3_b_fwd,0,0
OB_CHECK,rt3_b_notify,3,3
OB_CHECK,rt3_b_quarantined,1,1
OB_CHECK,rt3_c_route_install,1,1
OB_CHECK,rt3_c_route_fwd,1,1
OB_CHECK,rt3_d_revise_install,1,1
OB_CHECK,rt3_e1_withhold,0,0
OB_CHECK,rt3_e1_reason,4,4
OB_CHECK,rt3_e2_escalate,2,2
OB_CHECK,rt3_e2_reason,4,4
OB_CHECK,rt3_e2_fwd,0,0
OB_CHECK,rt3_e2_inbox,1,1
OB_CHECK,rt3_e2_inbox_key,-316572006,-316572006
OB_CHECK,rt3_f_postesc_install,1,1
OB_CHECK,rt3_f_postesc_fwd,1,1
OB_CHECK,rt3_a_install,1,1
OB_CHECK,rt3_a_fwd,1,1
OB_CHECK,rt3_b_withhold,0,0
OB_CHECK,rt3_b_reason,3,3
OB_CHECK,rt3_b_fwd,0,0
OB_CHECK,rt3_b_notify,3,3
OB_CHECK,rt3_b_quarantined,1,1
OB_CHECK,rt3_c_route_install,1,1
OB_CHECK,rt3_c_route_fwd,1,1
OB_CHECK,rt3_d_revise_install,1,1
OB_CHECK,rt3_e1_withhold,0,0
OB_CHECK,rt3_e1_reason,4,4
OB_CHECK,rt3_e2_escalate,2,2
OB_CHECK,rt3_e2_reason,4,4
OB_CHECK,rt3_e2_fwd,0,0
OB_CHECK,rt3_e2_inbox,2,2
OB_CHECK,rt3_e2_inbox_key,-882385676,-882385676
OB_CHECK,rt3_f_postesc_install,1,1
OB_CHECK,rt3_f_postesc_fwd,1,1
OB_CHECK,rt3_a_install,1,1
OB_CHECK,rt3_a_fwd,1,1
OB_CHECK,rt3_b_withhold,0,0
OB_CHECK,rt3_b_reason,3,3
OB_CHECK,rt3_b_fwd,0,0
OB_CHECK,rt3_b_notify,3,3
OB_CHECK,rt3_b_quarantined,1,1
OB_CHECK,rt3_c_route_install,1,1
OB_CHECK,rt3_c_route_fwd,1,1
OB_CHECK,rt3_d_revise_install,1,1
OB_CHECK,rt3_e1_withhold,0,0
OB_CHECK,rt3_e1_reason,4,4
OB_CHECK,rt3_e2_escalate,2,2
OB_CHECK,rt3_e2_reason,4,4
OB_CHECK,rt3_e2_fwd,0,0
OB_CHECK,rt3_e2_inbox,3,3
OB_CHECK,rt3_e2_inbox_key,190591645,190591645
OB_CHECK,rt3_f_postesc_install,1,1
OB_CHECK,rt3_f_postesc_fwd,1,1
OB_CHECK,rt3_a_install,1,1
OB_CHECK,rt3_a_fwd,1,1
OB_CHECK,rt3_b_withhold,0,0
OB_CHECK,rt3_b_reason,3,3
OB_CHECK,rt3_b_fwd,0,0
OB_CHECK,rt3_b_notify,3,3
OB_CHECK,rt3_b_quarantined,1,1
OB_CHECK,rt3_c_route_install,1,1
OB_CHECK,rt3_c_route_fwd,1,1
OB_CHECK,rt3_d_revise_install,1,1
OB_CHECK,rt3_e1_withhold,0,0
OB_CHECK,rt3_e1_reason,4,4
OB_CHECK,rt3_e2_escalate,2,2
OB_CHECK,rt3_e2_reason,4,4
OB_CHECK,rt3_e2_fwd,0,0
OB_CHECK,rt3_e2_inbox,4,4
OB_CHECK,rt3_e2_inbox_key,733248905,733248905
OB_CHECK,rt3_f_postesc_install,1,1
OB_CHECK,rt3_f_postesc_fwd,1,1
OB_CHECK,rt3_a_install,1,1
OB_CHECK,rt3_a_fwd,1,1
OB_CHECK,rt3_b_withhold,0,0
OB_CHECK,rt3_b_reason,3,3
OB_CHECK,rt3_b_fwd,0,0
OB_CHECK,rt3_b_notify,3,3
OB_CHECK,rt3_b_quarantined,1,1
OB_CHECK,rt3_c_route_install,1,1
OB_CHECK,rt3_c_route_fwd,1,1
OB_CHECK,rt3_d_revise_install,1,1
OB_CHECK,rt3_e1_withhold,0,0
OB_CHECK,rt3_e1_reason,4,4
OB_CHECK,rt3_e2_escalate,2,2
OB_CHECK,rt3_e2_reason,4,4
OB_CHECK,rt3_e2_fwd,0,0
OB_CHECK,rt3_e2_inbox,5,5
OB_CHECK,rt3_e2_inbox_key,-1347509743,-1347509743
OB_CHECK,rt3_f_postesc_install,1,1
OB_CHECK,rt3_f_postesc_fwd,1,1
OB_CHECK,rt3_tot_verdict,35,35
OB_CHECK,rt3_tot_install,20,20
OB_CHECK,rt3_tot_withhold,15,15
OB_CHECK,rt3_tot_notify,15,15
OB_CHECK,rt3_tot_quar_ledger,15,15
OB_CHECK,rt3_tot_quar_index,5,5
OB_CHECK,rt3_tot_escalate,5,5
OB_CHECK,rt3_tot_inbox,5,5
OB_CHECK,rt3_k3_zero,0,0
OB_CHECK,re1_incumbent_install,1,1
OB_CHECK,re1_chall_withhold,0,0
OB_CHECK,re1_chall_reason,2,2
OB_CHECK,re1_chall_fwd,0,0
OB_CHECK,re1_chall_notify,2,2
OB_CHECK,re1_chall_quarantined,1,1
OB_CHECK,re1_no_weighted,0,0
OB_CHECK,re1_fl2_route_install,1,1
OB_CHECK,re1_incumbent_intact,1,1
OB_CHECK,re2_arb_forced_fwd,0,0
OB_CHECK,re2_arb_forced_unauth,9,9
OB_CHECK,re2_arb_legacy_notfwd,0,0
OB_CHECK,re2_refusals,2,2
OB_CHECK,re2_arb_notified,9,9
OB_CHECK,re2_fl2_promote_install,1,1
OB_CHECK,re2_fl2_promote_fwd,1,1
OB_CHECK,re2_pam_live,1,1
OB_CHECK,re3_incumbent_install,1,1
OB_CHECK,re3_r_withhold,0,0
OB_CHECK,re3_r_fwd,0,0
OB_CHECK,re3_r_reason,2,2
OB_CHECK,re3_r_pam_live,1,1
OB_CHECK,re3_r_withhold,0,0
OB_CHECK,re3_r_fwd,0,0
OB_CHECK,re3_r_reason,2,2
OB_CHECK,re3_r_pam_live,1,1
OB_CHECK,re3_r_escalate,2,2
OB_CHECK,re3_r_fwd,0,0
OB_CHECK,re3_r_reason,2,2
OB_CHECK,re3_r_pam_live,1,1
OB_CHECK,re3_r_escalate,2,2
OB_CHECK,re3_r_fwd,0,0
OB_CHECK,re3_r_reason,2,2
OB_CHECK,re3_r_pam_live,1,1
OB_CHECK,re3_r_escalate,2,2
OB_CHECK,re3_r_fwd,0,0
OB_CHECK,re3_r_reason,2,2
OB_CHECK,re3_r_pam_live,1,1
OB_CHECK,re3_postesc_install,1,1
OB_CHECK,re3_reemit_escalate,2,2
OB_CHECK,re3_escalations,1,1
OB_CHECK,re3_inbox_key,1548716414,1548716414
OB_CHECK,re3_no_weighted,0,0
OB_CHECK,re3_k3_zero,0,0
OB_CHECK,rl_l1_withhold,0,0
OB_CHECK,rl_l1_reason,3,3
OB_CHECK,rl_l2_setup_withhold,0,0
OB_CHECK,rl_l2_withhold,0,0
OB_CHECK,rl_l2_reason,4,4
OB_CHECK,rl_l3_withhold,0,0
OB_CHECK,rl_l3_reason,4,4
OB_CHECK,rl_l4_withhold,0,0
OB_CHECK,rl_l4_reason,4,4
OB_CHECK,rl_l5_withhold,0,0
OB_CHECK,rl_l5_reason,2,2
OB_CHECK,rl_l6_withhold,0,0
OB_CHECK,rl_l6_reason,2,2
OB_CHECK,rl_l7_withhold,0,0
OB_CHECK,rl_l8_withhold,0,0
OB_CHECK,rl_l9_withhold,0,0
OB_CHECK,rl_l9_reason,6,6
OB_CHECK,rl_l10_withhold,0,0
OB_CHECK,rl_l10_reason,4,4
OB_CHECK,rl_launder_held,10,10
OB_CHECK,rl_launder_bar,1,1
OB_CHECK,rl_k5_zero_installs,0,0
OB_CHECK,rl_no_installs_total,0,0
OB_CHECK,ro_o1_install,1,1
RT_FINDING,O1-SHORTCUT,install-of-true-claim-with-GEN-premise-trace
OB_CHECK,ro_o2_setup_withhold,0,0
OB_CHECK,ro_o2_rehab_install,1,1
OB_CHECK,ro_o2_provtag_shadow,0,0
RT_FINDING,O2-PROVTAG-SHADOW,rehabilitated-install-ledgered-prov=GEN
OB_CHECK,rn_n4_syn_install,1,1
OB_CHECK,rn_n4_fl2_install,1,1
OB_CHECK,rn_n1_forged_fwd,0,0
OB_CHECK,rn_n1_forged_disp,0,0
OB_CHECK,rn_n1_forged_unauth,9,9
OB_CHECK,rn_n1_forged_ledger,1,1
OB_CHECK,rn_n1_forged_badtag,3,3
OB_CHECK,rn_n1_victim_intact,1,1
RT_FINDING,N1-FORGED-ID-REFUSED,syn-emit-as-overseer-with-unkeyed-hash-refused-at-auth
OB_CHECK,rn_n2_forged_pin_fwd,0,0
OB_CHECK,rn_n2_forged_pin_disp,0,0
OB_CHECK,rn_n2_forged_pin_unauth,9,9
OB_CHECK,rn_n2_forged_pin_badtag,3,3
OB_CHECK,rn_n2_real_pin_install,1,1
OB_CHECK,rn_n2_class_fwd,0,0
OB_CHECK,rn_n2_class_unauth,9,9
OB_CHECK,rn_n2_class_reason,4,4
RT_FINDING,N2-FORGED-CLASS-REFUSED,wrong-key-force-pin-refused-at-auth-real-overseer-pin-installs
OB_CHECK,rn_n3_desync_refused,0,0
OB_CHECK,rn_n3_desync_unauth,9,9
OB_CHECK,rn_n3_desync_reason,2,2
OB_CHECK,rn_n3_healed_fwd,1,1
OB_CHECK,rn_n3_healed_install,1,1
RT_FINDING,N3-DESYNC-HEALED,counter-catch-up-restores-install-under-keyed-tags
OB_CHECK,rn_n5_replay_refused,0,0
OB_CHECK,rn_n5_replay_unauth,9,9
OB_CHECK,rf_f2_incumbent_install,1,1
OB_CHECK,rf_f2_gap_withhold,0,0
OB_CHECK,rf_f2_gap_reason,2,2
OB_CHECK,rf_f2_weighted_never,0,0
OB_CHECK,rf_f2_no_winner,-999,-999
OB_CHECK,rf_f2_syn_withhold,0,0
OB_CHECK,rf_f2_syn_reason,2,2
OB_CHECK,rf_f2_still_no_conflicts,0,0
OB_CHECK,rf_f2_still_no_winner,-999,-999
RT_FINDING,F2-GAP-REACH,m3-gap-does-not-reach-weighted-verdict-contradicts-first
OB_CHECK,rf_f3_incumbent_install,1,1
OB_CHECK,rf_f3_overseer_withhold,0,0
OB_CHECK,rf_f3_overseer_reason,2,2
OB_CHECK,rf_f3_weighted_never,0,0
RT_FINDING,F3-PRECEDENCE,weight-40-challenger-withheld-weighted-inoperative
OB_CHECK,rf_f4_pos_withhold,0,0
OB_CHECK,rf_f4_pos_reason,2,2
OB_CHECK,rf_f4_neg_withhold,0,0
OB_CHECK,rf_f4_neg_reason,2,2
OB_CHECK,rf_f4_pos2_withhold,0,0
OB_CHECK,rf_f4_pos3_escalate,2,2
OB_CHECK,rf_f4_other_live,1,1
OB_CHECK,rf_f4_overseer_noheal,0,0
RT_FINDING,F4-POISON-FREEZE,inconsistent-subject-unhealable-escalate-only
OB_CHECK,rx_r1_ledger_capped,1024,1024
OB_CHECK,rx_r1_still_capped,1024,1024
OB_CHECK,rx_r1_no_new_verdict,272,272
OB_CHECK,rx_r1_still_notified,3,3
OB_CHECK,rx_r1_not_installed,1,1
RT_FINDING,R1-LEDGER-CAP,post-cap-decisions-unledgered-notify-only
OB_CHECK,rx_r2_dispute_full,64,64
OB_CHECK,rx_r2_instant_escalate,2,2
RT_FINDING,R2-DISPUTE-CAP,exhaustion-instant-escalation-inbox-flood
OB_CHECK,rx_r3_quar_full,64,64
OB_CHECK,rx_r3_ledger_says_quarantined,129,129
OB_CHECK,rx_r3_not_quarantined,0,0
RT_FINDING,R3-QUAR-CAP,ledger-asserts-phantom-quarantine
OB_CHECK,rx_r4_index_full,128,128
OB_CHECK,rx_r4_add_dropped,128,128
OB_CHECK,rx_r4_control_caught,1,1
OB_CHECK,rx_r4_blind,0,0
RT_FINDING,R4-INDEX-CAP,post-cap-installs-invisible-to-conflict-check
RT_K3_HITS,0
RT_FAILURES,0
