--- /Users/Shared/micah/Documents/TNN/TNN/Research/R33_CLOSEOUT_20260915T174458Z/sources/Research/R33_CONTINUING_LIFE_V1/outer_learner_packet_bridge_v68_tests.zag	2026-09-15 10:44:58
+++ /Users/Shared/micah/Documents/TNN/TNN/Research/R33_FINAL_INTEGRATION_20260915T_REQUAL_214145Z/sources/Research/R33_CONTINUING_LIFE_V1/outer_learner_packet_bridge_v68_tests.zag	2026-09-15 14:41:45
@@ -18,7 +18,8 @@
 
 fn clv68_build(out:[]u8,learner:[]u8,parent:[]u8,previous:[]u8,world:[]u8,ingress:[]u8)i32 {
     let rc:i32=cl_checkpoint_begin(out,1,parent,previous);if(rc!=0){return clv68_build_fail(1,rc,0);}
-    let at:i32=CL_CHECKPOINT_HEADER;
+    // Explicitly evaluate the imported constant accessor on stable znc.
+    let at:i32=CL_CHECKPOINT_HEADER();
     rc=cl_checkpoint_section(out,&at,1,learner);if(rc!=0){return clv68_build_fail(2,rc,at);}
     let tag:[]u8=nio_alloc(4);if(tag.len!=4){return clv68_build_fail(3,cl_io(),at);}
     let id:i32=2;
@@ -41,9 +42,10 @@
     ns_sha256("R27_OUTER_TRANSPORT_SHAPE_FIXTURE_V68",parent);
 
     let n:i32=clv68_build(out,learner,parent,previous,world,ingress);
-    f=f+clv68_check("build_positive",(n>0) as i32,1);
-    f=f+clv68_check("within_outer_limit",(n>0 && n<cl_max()) as i32,1);
-    if(n>0){
+    f=f+clv68_check("build_positive",(n>0 && cl_is_status(n)==0) as i32,1);
+    f=f+clv68_check("within_outer_limit",(n>0 && cl_is_status(n)==0 && n<cl_max()) as i32,1);
+    f=f+clv68_check("outer_exact_bytes",n,245924);
+    if(n>0 && cl_is_status(n)==0){
         f=f+clv68_check("checkpoint_valid",cl_checkpoint_check(out[0..n],parent,previous,1),0);
         f=f+clv68_check("learner_roundtrip",nio_equal(cl_checkpoint_get(out[0..n],1),learner),1);
         f=f+clv68_check("learner_exact_bytes",cl_checkpoint_get(out[0..n],1).len,CLV68_LEARNER_BYTES);
@@ -57,7 +59,7 @@
         f=f+clv68_check("restored_after_tamper",cl_checkpoint_check(out[0..n],parent,previous,1),0);
     }
     // 245,536 fits; one byte above the outer per-section ceiling must refuse.
-    let too_large:[]u8=nio_alloc(262145);let small:[]u8=nio_alloc(300000);let at:i32=CL_CHECKPOINT_HEADER;
+    let too_large:[]u8=nio_alloc(262145);let small:[]u8=nio_alloc(300000);let at:i32=CL_CHECKPOINT_HEADER();
     let begin:i32=cl_checkpoint_begin(small,1,parent,previous);
     f=f+clv68_check("oversize_begin",begin,0);
     if(begin==0){f=f+clv68_check("oversize_section_refused",cl_checkpoint_section(small,&at,1,too_large),cl_bad());}
