LR91_ORIGINAL_PATH,root.base_state.base_state.r24_state.r23_state.semantic_generator
LR91_RETAINED_PATH,root.semantic_generator
LR91_DISTINCT_OBJECTS,182274,281053
LR91_CLASS_BRANCH,R26-34,exact_serialized_r23_experiments.SemanticRoundTripGenerator
LR91_INFERENCE_PARITY,UNADMITTED
LR91_TENSOR,emb.weight,original_node=183300,original_offset=5605335,retained_node=282050,retained_offset=14344132,bytes=65664,original_sha256=1a794c01fb13e6419f021cde17646bc996d9c830a9889074ea9bd697c75c852c,retained_sha256=1a794c01fb13e6419f021cde17646bc996d9c830a9889074ea9bd697c75c852c,raw_equal=1
LR91_TENSOR,ch.weight,original_node=183366,original_offset=5671643,retained_node=282109,retained_offset=14410375,bytes=21504,original_sha256=67920504b899c84081ae40ffc3bdfa3b0346c76a55f793c5e9f0b7f72dbe2012,retained_sha256=67920504b899c84081ae40ffc3bdfa3b0346c76a55f793c5e9f0b7f72dbe2012,raw_equal=1
LR91_TENSOR,ch.bias,original_node=183385,original_offset=5693461,retained_node=282128,retained_offset=14432193,bytes=512,original_sha256=75ccb126de2b5472bad4fe7c8bf5b0bcc798bcc3a2276f76538b1fef42daa0f2,retained_sha256=75ccb126de2b5472bad4fe7c8bf5b0bcc798bcc3a2276f76538b1fef42daa0f2,raw_equal=1
LR91_TENSOR,ce.weight,original_node=183439,original_offset=5694499,retained_node=282182,retained_offset=14433231,bytes=8064,original_sha256=da025df5a1aad39d831548df8f3a471704e291245ad7f23f01eef5e43a90d030,retained_sha256=da025df5a1aad39d831548df8f3a471704e291245ad7f23f01eef5e43a90d030,raw_equal=1
LR91_TENSOR,ce.bias,original_node=183457,original_offset=5702875,retained_node=282200,retained_offset=14441607,bytes=192,original_sha256=feb0fe10b7a2e3b5d3677b004e2596a058e815d724ec1d1ccdeb245501628675,retained_sha256=feb0fe10b7a2e3b5d3677b004e2596a058e815d724ec1d1ccdeb245501628675,raw_equal=1
LR91_TENSOR,rnn.weight_ih_l0,original_node=183517,original_offset=5703645,retained_node=282255,retained_offset=14442336,bytes=147456,original_sha256=924901700863d73d6486a0f9cc24bbea13bfd97f9dcc829f9b6379b5a56e5b07,retained_sha256=924901700863d73d6486a0f9cc24bbea13bfd97f9dcc829f9b6379b5a56e5b07,raw_equal=1
LR91_TENSOR,rnn.weight_hh_l0,original_node=183538,original_offset=5851434,retained_node=282276,retained_offset=14590125,bytes=196608,original_sha256=8e3123d57aa5b2c47d6644e9ee27bb1c811202afcc9f4b20b1c08235f3bb25da,retained_sha256=8e3123d57aa5b2c47d6644e9ee27bb1c811202afcc9f4b20b1c08235f3bb25da,raw_equal=1
LR91_TENSOR,rnn.bias_ih_l0,original_node=183557,original_offset=6048373,retained_node=282295,retained_offset=14787064,bytes=1536,original_sha256=5f7031f4aa28e27000e07ba4c73626a75201b9133c27a7c76e1e4c92eb79950d,retained_sha256=5f7031f4aa28e27000e07ba4c73626a75201b9133c27a7c76e1e4c92eb79950d,raw_equal=1
LR91_TENSOR,rnn.bias_hh_l0,original_node=183576,original_offset=6050227,retained_node=282314,retained_offset=14788918,bytes=1536,original_sha256=46c566e116bc208ef5bf094a7fc19cc9cda9b79f374d1b71c3618f504fa4d0b4,retained_sha256=46c566e116bc208ef5bf094a7fc19cc9cda9b79f374d1b71c3618f504fa4d0b4,raw_equal=1
LR91_TENSOR,out.weight,original_node=183668,original_offset=6052813,retained_node=282379,retained_offset=14791129,bytes=175104,original_sha256=a7da5c280c99848005d7afe1cb1bd29aa50371b7c321bfc3cb6fc497b84cda4e,retained_sha256=a7da5c280c99848005d7afe1cb1bd29aa50371b7c321bfc3cb6fc497b84cda4e,raw_equal=1
LR91_TENSOR,out.bias,original_node=183686,original_offset=6228240,retained_node=282397,retained_offset=14966556,bytes=1368,original_sha256=0b4a444e1212268e550b8680fbfca0ae9ba034a67e6c91a03be09607623ede5d,retained_sha256=0b4a444e1212268e550b8680fbfca0ae9ba034a67e6c91a03be09607623ede5d,raw_equal=1
LR91_INTERPRETER,original_object=183721,original_W_node=183742,original_offset=6229923,retained_object=282428,retained_W_node=282449,retained_offset=14968206,bytes=129024,shape=768x42,original_sha256=3f5c806cfa243f9fc5de398101d93a9fc59b8ea1d4cb55cbe08165d940e3e5c3,retained_sha256=3f5c806cfa243f9fc5de398101d93a9fc59b8ea1d4cb55cbe08165d940e3e5c3,raw_equal=1
LR91_STATUS,0
LR91_ADMISSION,CLOSED
LR91_GENERATED_OUTPUTS,0
