EP 0 x0=4 x1=2 pred=0 true=12 err=12
EP 1 x0=0 x1=1 pred=0 true=2 err=2
EP 2 x0=2 x1=1 pred=0 true=6 err=6
EP 3 x0=4 x1=2 pred=0 true=12 err=12
TRIGGER 3 winfail=4 win=4 buf=4
CONSTRUCT 3 0 NODE id=0 op=ADD p1=0 p2=8 p3=8 err_before=32 err_after=12
CONSTRUCT 3 1 NODE id=1 op=ADD p1=0 p2=0 p3=8 err_before=12 err_after=2
STALL 3 nodes=3 buf_err=2
EP 4 x0=4 x1=3 pred=12 true=14 err=2
EP 5 x0=0 x1=3 pred=0 true=6 err=6
EP 6 x0=1 x1=2 pred=3 true=6 err=3
EP 7 x0=0 x1=0 pred=0 true=0 err=0
EP 8 x0=2 x1=4 pred=6 true=12 err=6
TRIGGER 8 winfail=4 win=5 buf=8
CONSTRUCT 8 0 NODE id=2 op=ADD p1=0 p2=0 p3=9 err_before=19 err_after=11
STALL 8 nodes=4 buf_err=11
EP 9 x0=2 x1=1 pred=7 true=6 err=1
EP 10 x0=0 x1=3 pred=3 true=6 err=3
EP 11 x0=2 x1=0 pred=6 true=4 err=2
EP 12 x0=3 x1=0 pred=9 true=6 err=3
TRIGGER 12 winfail=4 win=4 buf=8
CONSTRUCT 12 0 NODE id=3 op=ADD p1=0 p2=0 p3=9 err_before=15 err_after=10
STALL 12 nodes=5 buf_err=10
EP 13 x0=2 x1=4 pred=14 true=12 err=2
EP 14 x0=1 x1=3 pred=9 true=8 err=1
EP 15 x0=1 x1=4 pred=11 true=10 err=1
EP 16 x0=0 x1=3 pred=6 true=6 err=0
EP 17 x0=1 x1=3 pred=9 true=8 err=1
TRIGGER 17 winfail=4 win=5 buf=8
STALL 17 nodes=5 buf_err=10
EP 18 x0=2 x1=3 pred=12 true=10 err=2
EP 19 x0=0 x1=4 pred=8 true=8 err=0
EP 20 x0=2 x1=1 pred=8 true=6 err=2
EP 21 x0=1 x1=2 pred=7 true=6 err=1
EP 22 x0=2 x1=1 pred=8 true=6 err=2
TRIGGER 22 winfail=4 win=5 buf=8
STALL 22 nodes=5 buf_err=9
EP 23 x0=4 x1=2 pred=16 true=12 err=4
EXEC main 24
SUMMARY episodes=24 constructs=4 supersedes=0 stalls=5 main_nodes=5
