SC_RUN slots=14 leg=WEDGE
SC_LEG WEDGE pool=8
CL_CHECK,ck_replay,0,0
CL_CHECK,ck_refusals_clean,0,0
CL_CHECK,ck_core_live,1,1
CL_CHECK,ck_strength_lineage,1,1
CL_CHECK,ck_strength_lineage,1,1
CL_CHECK,ck_strength_lineage,1,1
CL_CHECK,ck_strength_lineage,1,1
CL_CHECK,ck_strength_lineage,1,1
CL_CHECK,ck_strength_lineage,1,1
CL_CHECK,ck_strength_lineage,1,1
CL_CHECK,ck_strength_lineage,1,1
CL_CHECK,ck_strength_lineage,1,1
CL_CHECK,ck_strength_lineage,1,1
CL_CHECK,ck_strength_lineage,1,1
CL_CHECK,ck_strength_lineage,1,1
CL_CHECK,ck_strength_lineage,1,1
CL_CHECK,ck_strength_lineage,1,1
CL_CHECK,ck_strength_lineage,1,1
CL_CHECK,ck_strength_lineage,1,1
CL_CHECK,ck_strength_lineage,1,1
CL_CHECK,ck_strength_lineage,1,1
CL_CHECK,ck_strength_lineage,1,1
CL_CHECK,ck_strength_lineage,1,1
CL_CHECK,ck_strength_lineage,1,1
CL_CHECK,ck_strength_lineage,1,1
CL_CHECK,ck_strength_lineage,1,1
CL_CHECK,ck_strength_lineage,1,1
CL_CHECK,ck_strength_lineage,1,1
CL_CHECK,ck_strength_lineage,1,1
CL_CHECK,ck_strength_lineage,1,1
CL_CHECK,ck_strength_lineage,1,1
CL_CHECK,ck_strength_lineage,1,1
CL_CHECK,ck_strength_lineage,1,1
CL_CHECK,ck_strength_lineage,1,1
CL_CHECK,ck_strength_lineage,1,1
CL_CHECK,ck_strength_lineage,1,1
CL_CHECK,ck_strength_lineage,1,1
CL_CHECK,ck_strength_lineage,1,1
CL_CHECK,ck_strength_lineage,1,1
CL_CHECK,ck_strength_lineage,1,1
CL_CHECK,ck_strength_lineage,1,1
CL_CHECK,ck_strength_lineage,1,1
CL_CHECK,ck_strength_lineage,1,1
CL_CHECK,ck_strength_lineage,1,1
CL_CHECK,ck_strength_lineage,1,1
CL_CHECK,ck_strength_lineage,1,1
CL_CHECK,ck_strength_lineage,1,1
CL_CHECK,ck_strength_lineage,1,1
CL_CHECK,ck_strength_lineage,1,1
CL_CHECK,ck_strength_lineage,1,1
CL_CHECK,ck_strength_lineage,1,1
CL_CHECK,ck_strength_lineage,1,1
CL_CHECK,ck_strength_lineage,1,1
CL_CHECK,ck_strength_lineage,1,1
CL_CHECK,ck_strength_lineage,1,1
CL_CHECK,ck_strength_lineage,1,1
CL_CHECK,ck_strength_lineage,1,1
CL_CHECK,ck_strength_lineage,1,1
CL_CHECK,ck_strength_lineage,1,1
CL_CHECK,ck_strength_lineage,1,1
CL_CHECK,ck_strength_lineage,1,1
CL_CHECK,ck_strength_lineage,1,1
CL_CHECK,ck_strength_lineage,1,1
CL_CHECK,ck_strength_lineage,1,1
CL_CHECK,ck_strength_lineage,1,1
CL_CHECK,ck_strength_lineage,1,1
CL_CHECK,ck_strength_lineage,1,1
CL_CHECK,ck_strength_lineage,1,1
CL_CHECK,ck_strength_lineage,1,1
CL_CHECK,ck_strength_lineage,1,1
CL_CHECK,ck_strength_lineage,1,1
CL_CHECK,ck_strength_lineage,1,1
CL_CHECK,ck_strength_lineage,1,1
CL_CHECK,ck_cite_count,4,4
CL_CHECK,ck_cite_distinct,4,4
CL_CHECK,ck_justify_present,1,1
CL_CHECK,ck_cite_count,4,4
CL_CHECK,ck_cite_distinct,4,4
CL_CHECK,ck_justify_present,1,1
CL_CHECK,ck_cite_count,4,4
CL_CHECK,ck_cite_distinct,4,4
CL_CHECK,ck_justify_present,1,1
CL_CHECK,ck_cite_count,4,4
CL_CHECK,ck_cite_distinct,4,4
CL_CHECK,ck_justify_present,1,1
CL_CHECK,ck_cite_count,4,4
CL_CHECK,ck_cite_distinct,4,4
CL_CHECK,ck_justify_present,1,1
CL_CHECK,ck_cite_count,4,4
CL_CHECK,ck_cite_distinct,4,4
CL_CHECK,ck_justify_present,1,1
CL_CHECK,ck_cite_count,4,4
CL_CHECK,ck_cite_distinct,4,4
CL_CHECK,ck_justify_present,1,1
CL_CHECK,ck_cite_count,4,4
CL_CHECK,ck_cite_distinct,4,4
CL_CHECK,ck_justify_present,1,1
CL_CHECK,ck_cite_count,4,4
CL_CHECK,ck_cite_distinct,4,4
CL_CHECK,ck_justify_present,1,1
CL_CHECK,ck_cite_count,4,4
CL_CHECK,ck_cite_distinct,4,4
CL_CHECK,ck_justify_present,1,1
CL_CHECK,ck_cite_count,4,4
CL_CHECK,ck_cite_distinct,4,4
CL_CHECK,ck_justify_present,1,1
CL_CHECK,ck_cite_count,4,4
CL_CHECK,ck_cite_distinct,4,4
CL_CHECK,ck_justify_present,1,1
CL_CHECK,ck_cite_count,4,4
CL_CHECK,ck_cite_distinct,4,4
CL_CHECK,ck_justify_present,1,1
CL_CHECK,ck_cite_count,4,4
CL_CHECK,ck_cite_distinct,4,4
CL_CHECK,ck_justify_present,1,1
CL_CHECK,ck_cite_count,4,4
CL_CHECK,ck_cite_distinct,4,4
CL_CHECK,ck_justify_present,1,1
CL_CHECK,ck_cite_count,4,4
CL_CHECK,ck_cite_distinct,4,4
CL_CHECK,ck_justify_present,1,1
CL_CHECK,ck_cite_count,4,4
CL_CHECK,ck_cite_distinct,4,4
CL_CHECK,ck_justify_present,1,1
CL_CHECK,ck_cite_count,4,4
CL_CHECK,ck_cite_distinct,4,4
CL_CHECK,ck_justify_present,1,1
CL_CHECK,ck_cite_count,4,4
CL_CHECK,ck_cite_distinct,4,4
CL_CHECK,ck_justify_present,1,1
CL_CHECK,ck_cite_count,4,4
CL_CHECK,ck_cite_distinct,4,4
CL_CHECK,ck_justify_present,1,1
CL_CHECK,ck_cite_count,4,4
CL_CHECK,ck_cite_distinct,4,4
CL_CHECK,ck_justify_present,1,1
CL_CHECK,ck_cite_count,4,4
CL_CHECK,ck_cite_distinct,4,4
CL_CHECK,ck_justify_present,1,1
CL_CHECK,ck_cite_count,4,4
CL_CHECK,ck_cite_distinct,4,4
CL_CHECK,ck_justify_present,1,1
CL_CHECK,ck_cite_count,4,4
CL_CHECK,ck_cite_distinct,4,4
CL_CHECK,ck_justify_present,1,1
CL_CHECK,ck_cite_count,4,4
CL_CHECK,ck_cite_distinct,4,4
CL_CHECK,ck_justify_present,1,1
CL_CHECK,ck_cite_count,4,4
CL_CHECK,ck_cite_distinct,4,4
CL_CHECK,ck_justify_present,1,1
CL_CHECK,ck_cite_count,4,4
CL_CHECK,ck_cite_distinct,4,4
CL_CHECK,ck_justify_present,1,1
CL_CHECK,ck_cite_count,4,4
CL_CHECK,ck_cite_distinct,4,4
CL_CHECK,ck_justify_present,1,1
CL_CHECK,ck_no_bad_kill,0,0
CL_CHECK,ck_no_bad_forcepin,0,0
CL_CHECK,ck_no_bad_code,0,0
CL_CHECK,ck_no_bad_role,0,0
CL_CHECK,ck_no_bad_pexp,0,0
CL_CHECK,ck_no_bad_recycle,0,0
SC_WEDGE slots=14 pool=8 ok=28 c121=14 cother=0 first121=2 wedge_iter=42 audit_n=298 ckfail=0 fp=-89810611
SC_DONE fail=0
