== RT-A: 46 items ==
  oracle-matches: 23/46
  mechanism hits: 23  ceiling hits: 0
  [MECH] A04 oracle=DENY got=NEUTRAL (neutral)
       claim: Storks bring babies, causing higher birth rates.
       ev:    Towns with more storks have higher birth rates.
  [MECH] A06 oracle=DENY got=NEUTRAL (gate)
       claim: Tails is now more likely than heads on the next flip.
       ev:    The coin landed heads five times in a row.
  [MECH] A10 oracle=NEUTRAL got=DENY (subject/cause competition)
       claim: The herbal tea cures insomnia.
       ev:    A famous actor said the herbal tea cures insomnia.
  [MECH] A18 oracle=DENY got=NEUTRAL (neutral)
       claim: The whole wall weighs one pound.
       ev:    Each brick in the wall weighs one pound.
  [MECH] A19 oracle=NEUTRAL got=AFFIRM (endorse)
       claim: Every doctor at the hospital is the best in the state.
       ev:    The hospital is the best in the state.
  [MECH] A20 oracle=DENY got=AFFIRM (endorse)
       claim: The eroding institution raised interest rates.
       ev:    The river bank is eroding, and the central bank raised interest rates.
  [MECH] A22 oracle=NEUTRAL got=AFFIRM (endorse)
       claim: The trial proved the supplement does not improve memory.
       ev:    The trial failed to prove the supplement improves memory.
  [MECH] A23 oracle=NEUTRAL got=DENY (deny-lex)
       claim: The chemical has been proven safe long-term.
       ev:    No studies have yet examined the chemical's long-term effects.
  [MECH] A24 oracle=NEUTRAL got=AFFIRM (polarity/paraphrase)
       claim: The coffee is cold.
       ev:    The coffee is not hot.
  [MECH] A25 oracle=NEUTRAL got=AFFIRM (frame/sequence)
       claim: The project will finish on time.
       ev:    He believes the project will finish on time.
  [MECH] A26 oracle=NEUTRAL got=AFFIRM (frame/sequence)
       claim: The spill was contained.
       ev:    The spokesman claimed the spill was contained.
  [MECH] A27 oracle=DENY got=NEUTRAL (neutral)
       claim: The coach told them exactly one million times to stretch.
       ev:    The coach said he has told them a million times to stretch.
  [MECH] A28 oracle=DENY got=NEUTRAL (gate)
       claim: She caused someone's death at the audition.
       ev:    The review said she killed the audition.
  [MECH] A29 oracle=DENY got=NEUTRAL (neutral)
       claim: Mara was pleased about the third delay.
       ev:    After the third delay, Mara said, Oh, great, just what I needed.
  [MECH] A30 oracle=DENY got=NEUTRAL (neutral)
       claim: Someone kicked a bucket at the factory in 1998.
       ev:    The article said the old factory kicked the bucket in 1998.
  [MECH] A31 oracle=DENY got=NEUTRAL (neutral)
       claim: The mail carrier bit the dog.
       ev:    The dog bit the mail carrier.
  [MECH] A32 oracle=DENY got=NEUTRAL (neutral)
       claim: The chef praised the critic.
       ev:    The critic praised the chef.
  [MECH] A37 oracle=DENY got=NEUTRAL (neutral)
       claim: The price fell by 200 percent.
       ev:    The price fell from 200 dollars to 50 dollars.
  [MECH] A38 oracle=DENY got=NEUTRAL (neutral)
       claim: Crime in the town doubled.
       ev:    The town's population doubled while total crimes stayed flat.
  [MECH] A39 oracle=DENY got=NEUTRAL (neutral)
       claim: The drug makes the side effect very likely.
       ev:    The drug raised the risk of the side effect from 1 in a million to 2 in a million.
  [MECH] A45 oracle=NEUTRAL got=AFFIRM (polarity/paraphrase)
       claim: Mike had been fired.
       ev:    John told Mike that he had been fired.
  [MECH] A47 oracle=DENY got=AFFIRM (endorse)
       claim: Some household has exactly 2.4 members.
       ev:    The average household has 2.4 members.
  [MECH] A48 oracle=DENY got=AFFIRM (polarity/paraphrase)
       claim: The inspector never visited the site.
       ev:    It is not true that the inspector never visited the site.
== RT-B: 46 items ==
  oracle-matches: 18/46
  mechanism hits: 26  ceiling hits: 2
  [MECH] B06 oracle=DENY got=AFFIRM (endorse)
       claim: The Eiffel Tower is in Berlin.
       ev:    The Eiffel Tower is in Paris.
  [MECH] B07 oracle=AFFIRM got=DENY (subject/cause competition)
       claim: Smoking causes lung cancer.
       ev:    Decades of research show smoking causes lung cancer.
  [MECH] B08 oracle=AFFIRM got=DENY (neg-scope)
       claim: It is not the case that the vault was not locked.
       ev:    The vault was locked.
  [MECH] B10 oracle=DENY got=AFFIRM (endorse)
       claim: The package was sent to Austin.
       ev:    The package was sent to Boston, not Austin.
  [MECH] B14 oracle=AFFIRM got=NEUTRAL (gate)
       claim: She is under 18.
       ev:    She is 17 years old.
  [MECH] B15 oracle=AFFIRM got=DENY (neg-scope)
       claim: The bill did not pass.
       ev:    The bill failed to pass.
  [MECH] B16 oracle=AFFIRM got=DENY (neg-scope)
       claim: She did not sign the form.
       ev:    She refused to sign the form.
  [MECH] B17 oracle=AFFIRM got=NEUTRAL (neutral)
       claim: The crew did not finish by Friday.
       ev:    The crew was unable to finish by Friday.
  [MECH] B18 oracle=AFFIRM got=NEUTRAL (neutral)
       claim: The launch did not happen.
       ev:    The storm prevented the launch.
  [MECH] B21 oracle=AFFIRM got=DENY (competing-subject)
       claim: That is the car of John.
       ev:    That is John's car.
  [MECH] B24 oracle=AFFIRM got=NEUTRAL (neutral)
       claim: No witness came forward.
       ev:    Not a single witness came forward.
  [MECH] B26 oracle=AFFIRM got=NEUTRAL (neutral)
       claim: She passed the exam.
       ev:    She barely passed the exam.
  [MECH] B27 oracle=AFFIRM got=NEUTRAL (neutral)
       claim: He does not smoke now.
       ev:    He stopped smoking in January.
  [MECH] B33 oracle=AFFIRM got=DENY (neg-scope)
       claim: The manager was not present.
       ev:    Neither the manager nor the clerk was present.
  [MECH] B35 oracle=AFFIRM got=DENY (numeric-mismatch)
       claim: The box holds 12 apples.
       ev:    The box holds twice as many apples as the bag. The bag holds 6 apples.
  [MECH] B36 oracle=AFFIRM got=DENY (numeric-mismatch)
       claim: 10 guests left early.
       ev:    20 percent of the 50 guests left early.
  [MECH] B38 oracle=AFFIRM got=DENY (neg-scope)
       claim: Two students did not pass.
       ev:    All but two of the students passed.
  [MECH] B39 oracle=AFFIRM got=DENY (numeric-mismatch)
       claim: 30 percent of the ballots were no votes.
       ev:    70 percent of ballots were yes votes and the rest were no votes.
  [MECH] B40 oracle=AFFIRM got=NEUTRAL (neutral)
       claim: No runner finished before noon.
       ev:    The first runner crossed the line at noon.
  [MECH] B41 oracle=AFFIRM got=NEUTRAL (neutral)
       claim: The king is dead.
       ev:    The king died in 1603.
  [MECH] B44 oracle=AFFIRM got=DENY (numeric-mismatch)
       claim: The town has 250,000 residents.
       ev:    The town has a quarter of a million residents.
  [MECH] B45 oracle=AFFIRM got=DENY (numeric-mismatch)
       claim: 10 percent of patients did not survive the operation.
       ev:    The operation had a 90 percent survival rate.
  [MECH] B46 oracle=AFFIRM got=NEUTRAL (neutral)
       claim: Accidents were halved by the policy.
       ev:    The policy cut accidents by 50 percent.
  [MECH] B47 oracle=AFFIRM got=DENY (numeric-mismatch)
       claim: The contract ends on March 31.
       ev:    The contract was signed on March 1 and runs for 30 days.
  [MECH] B48 oracle=AFFIRM got=NEUTRAL (neutral)
       claim: She left the following Monday.
       ev:    She arrived on Monday and left a week later.
  [MECH] B49 oracle=AFFIRM got=NEUTRAL (gate)
       claim: He is her nephew.
       ev:    He is her sister's son.
  [CEILING] B02 oracle=AFFIRM got=DENY (neg-scope)
       claim: The alarm is not armed.
       ev:    If the alarm is armed, the light is red. The light is not red.
  [CEILING] B04 oracle=AFFIRM got=DENY (competing-subject)
       claim: Ana is taller than Cal.
       ev:    Ana is taller than Ben. Ben is taller than Cal.

K-RTA (need >=3 MECH false-affirms to FAIL): 9
K-RTB (non-ceiling oracle mismatches): 26
