PLAN mode=batchfresh
CALIB_BEGIN
CAL timbre=0 f0_mhz=90000 CALHEARD f0_mhz=0 voiced_frac_pm=0 env=flat cv_pm=0 rms_mdb=-33844 nfr=85 crate_mhz=0 cvcnt=0
CAL timbre=0 f0_mhz=220000 CALHEARD f0_mhz=220452 voiced_frac_pm=988 env=flat cv_pm=1 rms_mdb=-33953 nfr=85 crate_mhz=3546 cvcnt=84
CAL timbre=0 f0_mhz=1010000 CALHEARD f0_mhz=1009666 voiced_frac_pm=988 env=flat cv_pm=0 rms_mdb=-33854 nfr=85 crate_mhz=3799 cvcnt=84
CAL timbre=1 f0_mhz=90000 CALHEARD f0_mhz=0 voiced_frac_pm=0 env=flat cv_pm=0 rms_mdb=-48453 nfr=85 crate_mhz=0 cvcnt=0
CAL timbre=1 f0_mhz=220000 CALHEARD f0_mhz=221110 voiced_frac_pm=611 env=flat cv_pm=2 rms_mdb=-48399 nfr=85 crate_mhz=2533 cvcnt=52
CAL timbre=1 f0_mhz=1010000 CALHEARD f0_mhz=1010657 voiced_frac_pm=600 env=flat cv_pm=0 rms_mdb=-48395 nfr=85 crate_mhz=3039 cvcnt=51
CALIB_END timbre0 bias90_ppm=0 bias220_ppm=2054 bias1010_ppm=-330 cv_yield_pm=1 voiced_frac_pm=988 timbre1 bias90_ppm=0 bias220_ppm=5045 bias1010_ppm=650 cv_yield_pm=2 voiced_frac_pm=611
DELIBERATED vocab_init action=1 form=atom0-flat reason=measured-null-hypothesis yield_pm=1 bias220_ppm=2054
DELIBERATED state_reset reason=fresh-mode-target-boundary
TARGET 1 depth=1 kind=L ref=/home/hatch/workspace/audio_longhorizon/corpus/lowf0/lowf0-ptdb-016-M01_si459.wav
HEARD f0_mhz=150125 voiced_frac_pm=196 env=rise cv_pm=727 rms_mdb=-40398 nfr=214 crate_mhz=503 cvcnt=42
CONSULTED hist_turn=-1 delta_reused_mhz=0
DELIBERATED growth depth=1 need_cv_pm=727 reason=no-known-action-covers-need
DELIBERATED candidate=H1 atom=atom0-flat amode=0 yield_pm=2 bias_ppm=4842 env_ok=0 pred_err_pm=1000
DELIBERATED candidate=H2 atom=atom1-flat amode=1 yield_pm=3 bias_ppm=8106 env_ok=0 pred_err_pm=1002
DELIBERATED candidate=H3 atom=atom0-contour amode=2 yield_pm=452 bias_ppm=375427 env_ok=0 pred_err_pm=500
DELIBERATED candidate=H4 atom=atom1-contour amode=3 yield_pm=375 bias_ppm=801805 env_ok=0 pred_err_pm=502
DELIBERATED grown action_id=2 winner=H3 amode=2 reason=argmin-predicted-ERR pred_err_pm=500 need_pm=727 yield_pm=452
DELIBERATED UNEXPRESSIBLE need_cv_pm=727 best_yield_pm=452 finding=no-candidate-covers-need-using-best-available
CONSULTED vocab_action=2 pred_err_pm=500 need_cv_pm=727
PREDICT f0_mhz=150266 cv_pm=451 env=rise err_pm=500
ITER 0 PLANNED f0_mhz=150125 env=rise slope_db=5 action=2 amode=2 p1=1000000 p2=0 p3=0 p4=0 why=grown-action
ITER 0 RENDERED /home/hatch/workspace/desynth_work/battery_fresh1/l001_iter0.wav
ITER 1 ITERHEARD f0_mhz=206486 voiced_frac_pm=270 env=flat cv_pm=452 rms_mdb=-33828 nfr=85 crate_mhz=506 cvcnt=23
ITER 1 DEVIATION df0_mhz=-56361 env_ok=0 dcv_pm=275 err_pm=1375
ITER 1 DELIBERATED corrected f0_new_mhz=150125 atom_amode=2 slope_db=5 pred_err_pm=1272 meas_err_pm=1375 env-mismatch-coverage-findingf0-contour-mean-rescale
ITER 1 PREDICT f0_mhz=109178 cv_pm=452 env=flat err_pm=1272
ITER 1 PLANNED f0_mhz=150125 env=rise slope_db=5 action=2 amode=2 p1=1000000 p2=0 p3=0 p4=0 why=grown-action
ITER 1 RENDERED /home/hatch/workspace/desynth_work/battery_fresh1/l001_iter1.wav
ITER 2 ITERHEARD f0_mhz=227951 voiced_frac_pm=164 env=flat cv_pm=312 rms_mdb=-33787 nfr=85 crate_mhz=506 cvcnt=14
ITER 2 DEVIATION df0_mhz=-77826 env_ok=0 dcv_pm=415 err_pm=1518
ITER 2 DELIBERATED held reason=no-progress-hold pred_err_pm=1521 meas_err_pm=1518 f0-contour-mean-rescale
ITER 2 PLANNED f0_mhz=150125 env=rise slope_db=5 action=2 amode=2 p1=1000000 p2=0 p3=0 p4=0 why=grown-action
ITER 2 RENDERED /home/hatch/workspace/desynth_work/battery_fresh1/l001_iter2.wav
ITER 3 ITERHEARD f0_mhz=227951 voiced_frac_pm=164 env=flat cv_pm=312 rms_mdb=-33787 nfr=85 crate_mhz=506 cvcnt=14
ITER 3 DEVIATION df0_mhz=-77826 env_ok=0 dcv_pm=415 err_pm=1518
ITER 3 DELIBERATED held reason=predicted-no-improvement pred_err_pm=1521 meas_err_pm=1518 f0-contour-mean-rescale
ITER 3 PLANNED f0_mhz=150125 env=rise slope_db=5 action=2 amode=2 p1=1000000 p2=0 p3=0 p4=0 why=grown-action
ITER 3 RENDERED /home/hatch/workspace/desynth_work/battery_fresh1/l001_iter3.wav
DELIBERATED state_reset reason=fresh-mode-target-boundary
TARGET 2 depth=2 kind=L ref=/home/hatch/workspace/audio_longhorizon/corpus/field/field-fsd50k-100019.wav
HEARD f0_mhz=150548 voiced_frac_pm=327 env=rise cv_pm=609 rms_mdb=-20528 nfr=214 crate_mhz=704 cvcnt=70
CONSULTED hist_turn=-1 delta_reused_mhz=0
DELIBERATED growth depth=2 need_cv_pm=609 reason=no-known-action-covers-need
DELIBERATED candidate=H1 atom=atom0-flat amode=0 yield_pm=2 bias_ppm=4802 env_ok=0 pred_err_pm=1000
DELIBERATED candidate=H2 atom=atom1-flat amode=1 yield_pm=2 bias_ppm=8322 env_ok=0 pred_err_pm=1002
DELIBERATED candidate=H3 atom=atom0-contour amode=2 yield_pm=452 bias_ppm=-12188 env_ok=0 pred_err_pm=500
DELIBERATED candidate=H4 atom=atom1-contour amode=3 yield_pm=489 bias_ppm=-22504 env_ok=0 pred_err_pm=502
DELIBERATED grown action_id=2 winner=H3 amode=2 reason=argmin-predicted-ERR pred_err_pm=500 need_pm=609 yield_pm=452
DELIBERATED UNEXPRESSIBLE need_cv_pm=609 best_yield_pm=452 finding=no-candidate-covers-need-using-best-available
CONSULTED vocab_action=2 pred_err_pm=500 need_cv_pm=609
PREDICT f0_mhz=150690 cv_pm=451 env=rise err_pm=500
ITER 0 PLANNED f0_mhz=150548 env=rise slope_db=5 action=2 amode=2 p1=1000000 p2=0 p3=0 p4=0 why=grown-action
ITER 0 RENDERED /home/hatch/workspace/desynth_work/battery_fresh1/l002_iter0.wav
ITER 1 ITERHEARD f0_mhz=148713 voiced_frac_pm=600 env=flat cv_pm=452 rms_mdb=-33863 nfr=85 crate_mhz=506 cvcnt=51
ITER 1 DEVIATION df0_mhz=1835 env_ok=0 dcv_pm=157 err_pm=1012
ITER 1 DELIBERATED held reason=predicted-no-improvement pred_err_pm=1013 meas_err_pm=1012 f0-contour-mean-rescale
ITER 1 PLANNED f0_mhz=150548 env=rise slope_db=5 action=2 amode=2 p1=1000000 p2=0 p3=0 p4=0 why=grown-action
ITER 1 RENDERED /home/hatch/workspace/desynth_work/battery_fresh1/l002_iter1.wav
ITER 2 ITERHEARD f0_mhz=148713 voiced_frac_pm=600 env=flat cv_pm=452 rms_mdb=-33863 nfr=85 crate_mhz=506 cvcnt=51
ITER 2 DEVIATION df0_mhz=1835 env_ok=0 dcv_pm=157 err_pm=1012
ITER 2 DELIBERATED held reason=predicted-no-improvement pred_err_pm=1013 meas_err_pm=1012 f0-contour-mean-rescale
ITER 2 PLANNED f0_mhz=150548 env=rise slope_db=5 action=2 amode=2 p1=1000000 p2=0 p3=0 p4=0 why=grown-action
ITER 2 RENDERED /home/hatch/workspace/desynth_work/battery_fresh1/l002_iter2.wav
ITER 3 ITERHEARD f0_mhz=148713 voiced_frac_pm=600 env=flat cv_pm=452 rms_mdb=-33863 nfr=85 crate_mhz=506 cvcnt=51
ITER 3 DEVIATION df0_mhz=1835 env_ok=0 dcv_pm=157 err_pm=1012
ITER 3 DELIBERATED held reason=predicted-no-improvement pred_err_pm=1013 meas_err_pm=1012 f0-contour-mean-rescale
ITER 3 PLANNED f0_mhz=150548 env=rise slope_db=5 action=2 amode=2 p1=1000000 p2=0 p3=0 p4=0 why=grown-action
ITER 3 RENDERED /home/hatch/workspace/desynth_work/battery_fresh1/l002_iter3.wav
DELIBERATED state_reset reason=fresh-mode-target-boundary
TARGET 3 depth=3 kind=L ref=/home/hatch/workspace/audio_longhorizon/corpus/speech/speech-e22-022.wav
HEARD f0_mhz=145920 voiced_frac_pm=682 env=flat cv_pm=363 rms_mdb=-23596 nfr=214 crate_mhz=1509 cvcnt=146
CONSULTED hist_turn=-1 delta_reused_mhz=0
DELIBERATED growth depth=3 need_cv_pm=363 reason=no-known-action-covers-need
DELIBERATED candidate=H1 atom=atom0-flat amode=0 yield_pm=1 bias_ppm=5215 env_ok=1 pred_err_pm=500
DELIBERATED candidate=H2 atom=atom1-flat amode=1 yield_pm=3 bias_ppm=7894 env_ok=1 pred_err_pm=502
DELIBERATED candidate=H3 atom=atom0-contour amode=2 yield_pm=171 bias_ppm=-65131 env_ok=1 pred_err_pm=0
DELIBERATED candidate=H4 atom=atom1-contour amode=3 yield_pm=190 bias_ppm=-58340 env_ok=1 pred_err_pm=2
DELIBERATED grown action_id=2 winner=H3 amode=2 reason=argmin-predicted-ERR pred_err_pm=0 need_pm=363 yield_pm=171
CONSULTED vocab_action=2 pred_err_pm=0 need_cv_pm=363
PREDICT f0_mhz=146048 cv_pm=170 env=flat err_pm=500
ITER 0 PLANNED f0_mhz=145920 env=flat slope_db=5 action=2 amode=2 p1=1000000 p2=0 p3=0 p4=0 why=grown-action
ITER 0 RENDERED /home/hatch/workspace/desynth_work/battery_fresh1/l003_iter0.wav
ITER 1 ITERHEARD f0_mhz=136416 voiced_frac_pm=976 env=flat cv_pm=171 rms_mdb=-33853 nfr=85 crate_mhz=1266 cvcnt=83
ITER 1 DEVIATION df0_mhz=9504 env_ok=1 dcv_pm=192 err_pm=565
ITER 1 DELIBERATED held reason=predicted-no-improvement pred_err_pm=570 meas_err_pm=565 f0-contour-mean-rescale
ITER 1 PLANNED f0_mhz=145920 env=flat slope_db=5 action=2 amode=2 p1=1000000 p2=0 p3=0 p4=0 why=grown-action
ITER 1 RENDERED /home/hatch/workspace/desynth_work/battery_fresh1/l003_iter1.wav
ITER 2 ITERHEARD f0_mhz=136416 voiced_frac_pm=976 env=flat cv_pm=171 rms_mdb=-33853 nfr=85 crate_mhz=1266 cvcnt=83
ITER 2 DEVIATION df0_mhz=9504 env_ok=1 dcv_pm=192 err_pm=565
ITER 2 DELIBERATED held reason=predicted-no-improvement pred_err_pm=570 meas_err_pm=565 f0-contour-mean-rescale
ITER 2 PLANNED f0_mhz=145920 env=flat slope_db=5 action=2 amode=2 p1=1000000 p2=0 p3=0 p4=0 why=grown-action
ITER 2 RENDERED /home/hatch/workspace/desynth_work/battery_fresh1/l003_iter2.wav
ITER 3 ITERHEARD f0_mhz=136416 voiced_frac_pm=976 env=flat cv_pm=171 rms_mdb=-33853 nfr=85 crate_mhz=1266 cvcnt=83
ITER 3 DEVIATION df0_mhz=9504 env_ok=1 dcv_pm=192 err_pm=565
ITER 3 DELIBERATED held reason=predicted-no-improvement pred_err_pm=570 meas_err_pm=565 f0-contour-mean-rescale
ITER 3 PLANNED f0_mhz=145920 env=flat slope_db=5 action=2 amode=2 p1=1000000 p2=0 p3=0 p4=0 why=grown-action
ITER 3 RENDERED /home/hatch/workspace/desynth_work/battery_fresh1/l003_iter3.wav
DELIBERATED state_reset reason=fresh-mode-target-boundary
TARGET 4 depth=4 kind=L ref=/home/hatch/workspace/audio_longhorizon/corpus/speech/speech-e22-001.wav
HEARD f0_mhz=158350 voiced_frac_pm=593 env=decay cv_pm=532 rms_mdb=-28931 nfr=214 crate_mhz=1609 cvcnt=127
CONSULTED hist_turn=-1 delta_reused_mhz=0
DELIBERATED growth depth=4 need_cv_pm=532 reason=no-known-action-covers-need
DELIBERATED candidate=H1 atom=atom0-flat amode=0 yield_pm=2 bias_ppm=4420 env_ok=0 pred_err_pm=1001
DELIBERATED candidate=H2 atom=atom1-flat amode=1 yield_pm=2 bias_ppm=7571 env_ok=0 pred_err_pm=1002
DELIBERATED candidate=H3 atom=atom0-contour amode=2 yield_pm=236 bias_ppm=-74802 env_ok=0 pred_err_pm=501
DELIBERATED candidate=H4 atom=atom1-contour amode=3 yield_pm=200 bias_ppm=-47401 env_ok=0 pred_err_pm=502
DELIBERATED grown action_id=2 winner=H3 amode=2 reason=argmin-predicted-ERR pred_err_pm=501 need_pm=532 yield_pm=236
DELIBERATED UNEXPRESSIBLE need_cv_pm=532 best_yield_pm=236 finding=no-candidate-covers-need-using-best-available
CONSULTED vocab_action=2 pred_err_pm=501 need_cv_pm=532
PREDICT f0_mhz=158519 cv_pm=235 env=decay err_pm=501
ITER 0 PLANNED f0_mhz=158350 env=decay slope_db=5 action=2 amode=2 p1=1000000 p2=0 p3=0 p4=0 why=grown-action
ITER 0 RENDERED /home/hatch/workspace/desynth_work/battery_fresh1/l004_iter0.wav
ITER 1 ITERHEARD f0_mhz=146505 voiced_frac_pm=941 env=flat cv_pm=236 rms_mdb=-33799 nfr=85 crate_mhz=1266 cvcnt=80
ITER 1 DEVIATION df0_mhz=11845 env_ok=0 dcv_pm=296 err_pm=1074
ITER 1 DELIBERATED held reason=predicted-no-improvement pred_err_pm=1082 meas_err_pm=1074 f0-contour-mean-rescale
ITER 1 PLANNED f0_mhz=158350 env=decay slope_db=5 action=2 amode=2 p1=1000000 p2=0 p3=0 p4=0 why=grown-action
ITER 1 RENDERED /home/hatch/workspace/desynth_work/battery_fresh1/l004_iter1.wav
ITER 2 ITERHEARD f0_mhz=146505 voiced_frac_pm=941 env=flat cv_pm=236 rms_mdb=-33799 nfr=85 crate_mhz=1266 cvcnt=80
ITER 2 DEVIATION df0_mhz=11845 env_ok=0 dcv_pm=296 err_pm=1074
ITER 2 DELIBERATED held reason=predicted-no-improvement pred_err_pm=1082 meas_err_pm=1074 f0-contour-mean-rescale
ITER 2 PLANNED f0_mhz=158350 env=decay slope_db=5 action=2 amode=2 p1=1000000 p2=0 p3=0 p4=0 why=grown-action
ITER 2 RENDERED /home/hatch/workspace/desynth_work/battery_fresh1/l004_iter2.wav
ITER 3 ITERHEARD f0_mhz=146505 voiced_frac_pm=941 env=flat cv_pm=236 rms_mdb=-33799 nfr=85 crate_mhz=1266 cvcnt=80
ITER 3 DEVIATION df0_mhz=11845 env_ok=0 dcv_pm=296 err_pm=1074
ITER 3 DELIBERATED held reason=predicted-no-improvement pred_err_pm=1082 meas_err_pm=1074 f0-contour-mean-rescale
ITER 3 PLANNED f0_mhz=158350 env=decay slope_db=5 action=2 amode=2 p1=1000000 p2=0 p3=0 p4=0 why=grown-action
ITER 3 RENDERED /home/hatch/workspace/desynth_work/battery_fresh1/l004_iter3.wav
DELIBERATED state_reset reason=fresh-mode-target-boundary
TARGET 5 depth=5 kind=L ref=/home/hatch/workspace/audio_longhorizon/corpus/prosody/prosody-mir1k-bug_5_04.wav
HEARD f0_mhz=191371 voiced_frac_pm=584 env=decay cv_pm=286 rms_mdb=-25164 nfr=214 crate_mhz=402 cvcnt=125
CONSULTED hist_turn=-1 delta_reused_mhz=0
DELIBERATED growth depth=5 need_cv_pm=286 reason=no-known-action-covers-need
DELIBERATED candidate=H1 atom=atom0-flat amode=0 yield_pm=2 bias_ppm=2675 env_ok=0 pred_err_pm=1001
DELIBERATED candidate=H2 atom=atom1-flat amode=1 yield_pm=2 bias_ppm=6207 env_ok=0 pred_err_pm=1003
DELIBERATED candidate=H3 atom=atom0-contour amode=2 yield_pm=249 bias_ppm=-72722 env_ok=0 pred_err_pm=501
DELIBERATED candidate=H4 atom=atom1-contour amode=3 yield_pm=263 bias_ppm=-71264 env_ok=0 pred_err_pm=503
DELIBERATED grown action_id=2 winner=H3 amode=2 reason=argmin-predicted-ERR pred_err_pm=501 need_pm=286 yield_pm=249
DELIBERATED UNEXPRESSIBLE need_cv_pm=286 best_yield_pm=249 finding=no-candidate-covers-need-using-best-available
CONSULTED vocab_action=2 pred_err_pm=501 need_cv_pm=286
PREDICT f0_mhz=191676 cv_pm=248 env=decay err_pm=1
ITER 0 PLANNED f0_mhz=191371 env=decay slope_db=5 action=2 amode=2 p1=1000000 p2=0 p3=0 p4=0 why=grown-action
ITER 0 RENDERED /home/hatch/workspace/desynth_work/battery_fresh1/l005_iter0.wav
ITER 1 ITERHEARD f0_mhz=177454 voiced_frac_pm=988 env=flat cv_pm=249 rms_mdb=-33878 nfr=85 crate_mhz=506 cvcnt=84
ITER 1 DEVIATION df0_mhz=13917 env_ok=0 dcv_pm=37 err_pm=572
ITER 1 DELIBERATED held reason=predicted-no-improvement pred_err_pm=580 meas_err_pm=572 f0-contour-mean-rescale
ITER 1 PLANNED f0_mhz=191371 env=decay slope_db=5 action=2 amode=2 p1=1000000 p2=0 p3=0 p4=0 why=grown-action
ITER 1 RENDERED /home/hatch/workspace/desynth_work/battery_fresh1/l005_iter1.wav
ITER 2 ITERHEARD f0_mhz=177454 voiced_frac_pm=988 env=flat cv_pm=249 rms_mdb=-33878 nfr=85 crate_mhz=506 cvcnt=84
ITER 2 DEVIATION df0_mhz=13917 env_ok=0 dcv_pm=37 err_pm=572
ITER 2 DELIBERATED held reason=predicted-no-improvement pred_err_pm=580 meas_err_pm=572 f0-contour-mean-rescale
ITER 2 PLANNED f0_mhz=191371 env=decay slope_db=5 action=2 amode=2 p1=1000000 p2=0 p3=0 p4=0 why=grown-action
ITER 2 RENDERED /home/hatch/workspace/desynth_work/battery_fresh1/l005_iter2.wav
ITER 3 ITERHEARD f0_mhz=177454 voiced_frac_pm=988 env=flat cv_pm=249 rms_mdb=-33878 nfr=85 crate_mhz=506 cvcnt=84
ITER 3 DEVIATION df0_mhz=13917 env_ok=0 dcv_pm=37 err_pm=572
ITER 3 DELIBERATED held reason=predicted-no-improvement pred_err_pm=580 meas_err_pm=572 f0-contour-mean-rescale
ITER 3 PLANNED f0_mhz=191371 env=decay slope_db=5 action=2 amode=2 p1=1000000 p2=0 p3=0 p4=0 why=grown-action
ITER 3 RENDERED /home/hatch/workspace/desynth_work/battery_fresh1/l005_iter3.wav
DELIBERATED state_reset reason=fresh-mode-target-boundary
TARGET 6 depth=6 kind=L ref=/home/hatch/workspace/audio_longhorizon/corpus/prosody/prosody-ravdess-17-05.wav
HEARD f0_mhz=180060 voiced_frac_pm=281 env=flat cv_pm=506 rms_mdb=-67387 nfr=149 crate_mhz=578 cvcnt=42
CONSULTED hist_turn=-1 delta_reused_mhz=0
DELIBERATED growth depth=6 need_cv_pm=506 reason=no-known-action-covers-need
DELIBERATED candidate=H1 atom=atom0-flat amode=0 yield_pm=2 bias_ppm=3332 env_ok=1 pred_err_pm=501
DELIBERATED candidate=H2 atom=atom1-flat amode=1 yield_pm=2 bias_ppm=6564 env_ok=1 pred_err_pm=503
DELIBERATED candidate=H3 atom=atom0-contour amode=2 yield_pm=392 bias_ppm=167860 env_ok=1 pred_err_pm=1
DELIBERATED candidate=H4 atom=atom1-contour amode=3 yield_pm=374 bias_ppm=206259 env_ok=1 pred_err_pm=3
DELIBERATED grown action_id=2 winner=H3 amode=2 reason=argmin-predicted-ERR pred_err_pm=1 need_pm=506 yield_pm=392
CONSULTED vocab_action=2 pred_err_pm=1 need_cv_pm=506
PREDICT f0_mhz=180315 cv_pm=391 env=flat err_pm=1
ITER 0 PLANNED f0_mhz=180060 env=flat slope_db=5 action=2 amode=2 p1=1000000 p2=0 p3=0 p4=0 why=grown-action
ITER 0 RENDERED /home/hatch/workspace/desynth_work/battery_fresh1/l006_iter0.wav
ITER 1 ITERHEARD f0_mhz=210285 voiced_frac_pm=588 env=flat cv_pm=392 rms_mdb=-33895 nfr=85 crate_mhz=759 cvcnt=50
ITER 1 DEVIATION df0_mhz=-30225 env_ok=1 dcv_pm=114 err_pm=167
ITER 1 DELIBERATED corrected f0_new_mhz=180060 atom_amode=2 slope_db=5 pred_err_pm=142 meas_err_pm=167 f0-contour-mean-rescale
ITER 1 PREDICT f0_mhz=154334 cv_pm=392 env=flat err_pm=142
ITER 1 PLANNED f0_mhz=180060 env=flat slope_db=5 action=2 amode=2 p1=1000000 p2=0 p3=0 p4=0 why=grown-action
ITER 1 RENDERED /home/hatch/workspace/desynth_work/battery_fresh1/l006_iter1.wav
ITER 2 ITERHEARD f0_mhz=181767 voiced_frac_pm=517 env=flat cv_pm=359 rms_mdb=-33899 nfr=85 crate_mhz=0 cvcnt=44
ITER 2 DEVIATION df0_mhz=-1707 env_ok=1 dcv_pm=147 err_pm=509
ITER 2 DELIBERATED held reason=no-progress-hold pred_err_pm=650 meas_err_pm=509 f0-contour-mean-rescale
ITER 2 PLANNED f0_mhz=180060 env=flat slope_db=5 action=2 amode=2 p1=1000000 p2=0 p3=0 p4=0 why=grown-action
ITER 2 RENDERED /home/hatch/workspace/desynth_work/battery_fresh1/l006_iter2.wav
ITER 3 ITERHEARD f0_mhz=181767 voiced_frac_pm=517 env=flat cv_pm=359 rms_mdb=-33899 nfr=85 crate_mhz=0 cvcnt=44
ITER 3 DEVIATION df0_mhz=-1707 env_ok=1 dcv_pm=147 err_pm=509
ITER 3 DELIBERATED held reason=predicted-no-improvement pred_err_pm=650 meas_err_pm=509 f0-contour-mean-rescale
ITER 3 PLANNED f0_mhz=180060 env=flat slope_db=5 action=2 amode=2 p1=1000000 p2=0 p3=0 p4=0 why=grown-action
ITER 3 RENDERED /home/hatch/workspace/desynth_work/battery_fresh1/l006_iter3.wav
DELIBERATED state_reset reason=fresh-mode-target-boundary
TARGET 7 depth=7 kind=L ref=/home/hatch/workspace/audio_longhorizon/corpus/prosody/prosody-emov-Amused-009.wav
HEARD f0_mhz=220766 voiced_frac_pm=686 env=rise cv_pm=903 rms_mdb=-37662 nfr=214 crate_mhz=804 cvcnt=147
CONSULTED hist_turn=-1 delta_reused_mhz=0
DELIBERATED growth depth=7 need_cv_pm=903 reason=no-known-action-covers-need
DELIBERATED candidate=H1 atom=atom0-flat amode=0 yield_pm=1 bias_ppm=1789 env_ok=0 pred_err_pm=1002
DELIBERATED candidate=H2 atom=atom1-flat amode=1 yield_pm=1 bias_ppm=4950 env_ok=0 pred_err_pm=1005
DELIBERATED candidate=H3 atom=atom0-contour amode=2 yield_pm=557 bias_ppm=436290 env_ok=0 pred_err_pm=502
DELIBERATED candidate=H4 atom=atom1-contour amode=3 yield_pm=533 bias_ppm=290511 env_ok=0 pred_err_pm=505
DELIBERATED grown action_id=2 winner=H3 amode=2 reason=argmin-predicted-ERR pred_err_pm=502 need_pm=903 yield_pm=557
DELIBERATED UNEXPRESSIBLE need_cv_pm=903 best_yield_pm=557 finding=no-candidate-covers-need-using-best-available
CONSULTED vocab_action=2 pred_err_pm=502 need_cv_pm=903
PREDICT f0_mhz=221218 cv_pm=556 env=rise err_pm=502
ITER 0 PLANNED f0_mhz=220766 env=rise slope_db=5 action=2 amode=2 p1=1000000 p2=0 p3=0 p4=0 why=grown-action
ITER 0 RENDERED /home/hatch/workspace/desynth_work/battery_fresh1/l007_iter0.wav
ITER 1 ITERHEARD f0_mhz=317084 voiced_frac_pm=447 env=flat cv_pm=557 rms_mdb=-34032 nfr=85 crate_mhz=1013 cvcnt=38
ITER 1 DEVIATION df0_mhz=-96318 env_ok=0 dcv_pm=346 err_pm=1436
ITER 1 DELIBERATED corrected f0_new_mhz=220766 atom_amode=2 slope_db=5 pred_err_pm=1303 meas_err_pm=1436 env-mismatch-coverage-findingf0-contour-mean-rescale
ITER 1 PREDICT f0_mhz=153859 cv_pm=557 env=flat err_pm=1303
ITER 1 PLANNED f0_mhz=220766 env=rise slope_db=5 action=2 amode=2 p1=1000000 p2=0 p3=0 p4=0 why=grown-action
ITER 1 RENDERED /home/hatch/workspace/desynth_work/battery_fresh1/l007_iter1.wav
ITER 2 ITERHEARD f0_mhz=262651 voiced_frac_pm=364 env=flat cv_pm=465 rms_mdb=-33737 nfr=85 crate_mhz=506 cvcnt=31
ITER 2 DEVIATION df0_mhz=-41885 env_ok=0 dcv_pm=438 err_pm=1189
ITER 2 DELIBERATED held reason=predicted-no-improvement pred_err_pm=1414 meas_err_pm=1189 f0-contour-mean-rescale
ITER 2 PLANNED f0_mhz=220766 env=rise slope_db=5 action=2 amode=2 p1=1000000 p2=0 p3=0 p4=0 why=grown-action
ITER 2 RENDERED /home/hatch/workspace/desynth_work/battery_fresh1/l007_iter2.wav
ITER 3 ITERHEARD f0_mhz=262651 voiced_frac_pm=364 env=flat cv_pm=465 rms_mdb=-33737 nfr=85 crate_mhz=506 cvcnt=31
ITER 3 DEVIATION df0_mhz=-41885 env_ok=0 dcv_pm=438 err_pm=1189
ITER 3 DELIBERATED held reason=predicted-no-improvement pred_err_pm=1414 meas_err_pm=1189 f0-contour-mean-rescale
ITER 3 PLANNED f0_mhz=220766 env=rise slope_db=5 action=2 amode=2 p1=1000000 p2=0 p3=0 p4=0 why=grown-action
ITER 3 RENDERED /home/hatch/workspace/desynth_work/battery_fresh1/l007_iter3.wav
DELIBERATED state_reset reason=fresh-mode-target-boundary
TARGET 8 depth=8 kind=L ref=/home/hatch/workspace/audio_longhorizon/corpus/prosody/prosody-emov-Disgusted-004.wav
HEARD f0_mhz=234737 voiced_frac_pm=738 env=flat cv_pm=826 rms_mdb=-23719 nfr=214 crate_mhz=1408 cvcnt=158
CONSULTED hist_turn=-1 delta_reused_mhz=0
DELIBERATED growth depth=8 need_cv_pm=826 reason=no-known-action-covers-need
DELIBERATED candidate=H1 atom=atom0-flat amode=0 yield_pm=1 bias_ppm=1763 env_ok=1 pred_err_pm=502
DELIBERATED candidate=H2 atom=atom1-flat amode=1 yield_pm=1 bias_ppm=4583 env_ok=1 pred_err_pm=504
DELIBERATED candidate=H3 atom=atom0-contour amode=2 yield_pm=487 bias_ppm=80217 env_ok=1 pred_err_pm=2
DELIBERATED candidate=H4 atom=atom1-contour amode=3 yield_pm=329 bias_ppm=-88933 env_ok=1 pred_err_pm=4
DELIBERATED grown action_id=2 winner=H3 amode=2 reason=argmin-predicted-ERR pred_err_pm=2 need_pm=826 yield_pm=487
CONSULTED vocab_action=2 pred_err_pm=2 need_cv_pm=826
PREDICT f0_mhz=235207 cv_pm=486 env=flat err_pm=502
ITER 0 PLANNED f0_mhz=234737 env=flat slope_db=5 action=2 amode=2 p1=1000000 p2=0 p3=0 p4=0 why=grown-action
ITER 0 RENDERED /home/hatch/workspace/desynth_work/battery_fresh1/l008_iter0.wav
ITER 1 ITERHEARD f0_mhz=253567 voiced_frac_pm=635 env=flat cv_pm=487 rms_mdb=-33715 nfr=85 crate_mhz=1013 cvcnt=54
ITER 1 DEVIATION df0_mhz=-18830 env_ok=1 dcv_pm=339 err_pm=580
ITER 1 DELIBERATED corrected f0_new_mhz=234737 atom_amode=2 slope_db=5 pred_err_pm=572 meas_err_pm=580 f0-contour-mean-rescale
ITER 1 PREDICT f0_mhz=217740 cv_pm=487 env=flat err_pm=572
ITER 1 PLANNED f0_mhz=234737 env=flat slope_db=5 action=2 amode=2 p1=1000000 p2=0 p3=0 p4=0 why=grown-action
ITER 1 RENDERED /home/hatch/workspace/desynth_work/battery_fresh1/l008_iter1.wav
ITER 2 ITERHEARD f0_mhz=236302 voiced_frac_pm=600 env=flat cv_pm=465 rms_mdb=-33731 nfr=85 crate_mhz=1013 cvcnt=51
ITER 2 DEVIATION df0_mhz=-1565 env_ok=1 dcv_pm=361 err_pm=506
ITER 2 DELIBERATED held reason=predicted-no-improvement pred_err_pm=578 meas_err_pm=506 f0-contour-mean-rescale
ITER 2 PLANNED f0_mhz=234737 env=flat slope_db=5 action=2 amode=2 p1=1000000 p2=0 p3=0 p4=0 why=grown-action
ITER 2 RENDERED /home/hatch/workspace/desynth_work/battery_fresh1/l008_iter2.wav
ITER 3 ITERHEARD f0_mhz=236302 voiced_frac_pm=600 env=flat cv_pm=465 rms_mdb=-33731 nfr=85 crate_mhz=1013 cvcnt=51
ITER 3 DEVIATION df0_mhz=-1565 env_ok=1 dcv_pm=361 err_pm=506
ITER 3 DELIBERATED held reason=predicted-no-improvement pred_err_pm=578 meas_err_pm=506 f0-contour-mean-rescale
ITER 3 PLANNED f0_mhz=234737 env=flat slope_db=5 action=2 amode=2 p1=1000000 p2=0 p3=0 p4=0 why=grown-action
ITER 3 RENDERED /home/hatch/workspace/desynth_work/battery_fresh1/l008_iter3.wav
DELIBERATED state_reset reason=fresh-mode-target-boundary
TARGET 9 depth=9 kind=L ref=/home/hatch/workspace/audio_longhorizon/corpus/prosody/prosody-emov-Sleepy-019.wav
HEARD f0_mhz=254197 voiced_frac_pm=465 env=flat cv_pm=742 rms_mdb=-22409 nfr=191 crate_mhz=1465 cvcnt=89
CONSULTED hist_turn=-1 delta_reused_mhz=0
DELIBERATED growth depth=9 need_cv_pm=742 reason=no-known-action-covers-need
DELIBERATED candidate=H1 atom=atom0-flat amode=0 yield_pm=1 bias_ppm=1219 env_ok=1 pred_err_pm=501
DELIBERATED candidate=H2 atom=atom1-flat amode=1 yield_pm=1 bias_ppm=3949 env_ok=1 pred_err_pm=504
DELIBERATED candidate=H3 atom=atom0-contour amode=2 yield_pm=457 bias_ppm=243759 env_ok=1 pred_err_pm=1
DELIBERATED candidate=H4 atom=atom1-contour amode=3 yield_pm=406 bias_ppm=365771 env_ok=1 pred_err_pm=4
DELIBERATED grown action_id=2 winner=H3 amode=2 reason=argmin-predicted-ERR pred_err_pm=1 need_pm=742 yield_pm=457
CONSULTED vocab_action=2 pred_err_pm=1 need_cv_pm=742
PREDICT f0_mhz=254691 cv_pm=456 env=flat err_pm=501
ITER 0 PLANNED f0_mhz=254197 env=flat slope_db=5 action=2 amode=2 p1=1000000 p2=0 p3=0 p4=0 why=grown-action
ITER 0 RENDERED /home/hatch/workspace/desynth_work/battery_fresh1/l009_iter0.wav
ITER 1 ITERHEARD f0_mhz=316160 voiced_frac_pm=611 env=flat cv_pm=457 rms_mdb=-33784 nfr=85 crate_mhz=1773 cvcnt=52
ITER 1 DEVIATION df0_mhz=-61963 env_ok=1 dcv_pm=285 err_pm=743
ITER 1 DELIBERATED corrected f0_new_mhz=254197 atom_amode=2 slope_db=5 pred_err_pm=694 meas_err_pm=743 f0-contour-mean-rescale
ITER 1 PREDICT f0_mhz=204745 cv_pm=457 env=flat err_pm=694
ITER 1 PLANNED f0_mhz=254197 env=flat slope_db=5 action=2 amode=2 p1=1000000 p2=0 p3=0 p4=0 why=grown-action
ITER 1 RENDERED /home/hatch/workspace/desynth_work/battery_fresh1/l009_iter1.wav
ITER 2 ITERHEARD f0_mhz=307185 voiced_frac_pm=482 env=decay cv_pm=323 rms_mdb=-33730 nfr=85 crate_mhz=1773 cvcnt=41
ITER 2 DEVIATION df0_mhz=-52988 env_ok=0 dcv_pm=419 err_pm=1208
ITER 2 DELIBERATED held reason=no-progress-hold pred_err_pm=1333 meas_err_pm=1208 f0-contour-mean-rescale
ITER 2 PLANNED f0_mhz=254197 env=flat slope_db=5 action=2 amode=2 p1=1000000 p2=0 p3=0 p4=0 why=grown-action
ITER 2 RENDERED /home/hatch/workspace/desynth_work/battery_fresh1/l009_iter2.wav
ITER 3 ITERHEARD f0_mhz=307185 voiced_frac_pm=482 env=decay cv_pm=323 rms_mdb=-33730 nfr=85 crate_mhz=1773 cvcnt=41
ITER 3 DEVIATION df0_mhz=-52988 env_ok=0 dcv_pm=419 err_pm=1208
ITER 3 DELIBERATED held reason=predicted-no-improvement pred_err_pm=1333 meas_err_pm=1208 f0-contour-mean-rescale
ITER 3 PLANNED f0_mhz=254197 env=flat slope_db=5 action=2 amode=2 p1=1000000 p2=0 p3=0 p4=0 why=grown-action
ITER 3 RENDERED /home/hatch/workspace/desynth_work/battery_fresh1/l009_iter3.wav
DELIBERATED state_reset reason=fresh-mode-target-boundary
TARGET 10 depth=10 kind=L ref=/home/hatch/workspace/audio_longhorizon/corpus/prosody/prosody-cremad-1002-DIS.wav
HEARD f0_mhz=242820 voiced_frac_pm=407 env=decay cv_pm=698 rms_mdb=-44631 nfr=108 crate_mhz=398 cvcnt=44
CONSULTED hist_turn=-1 delta_reused_mhz=0
DELIBERATED growth depth=10 need_cv_pm=698 reason=no-known-action-covers-need
DELIBERATED candidate=H1 atom=atom0-flat amode=0 yield_pm=1 bias_ppm=1622 env_ok=0 pred_err_pm=1001
DELIBERATED candidate=H2 atom=atom1-flat amode=1 yield_pm=1 bias_ppm=4707 env_ok=0 pred_err_pm=1004
DELIBERATED candidate=H3 atom=atom0-contour amode=2 yield_pm=612 bias_ppm=-304678 env_ok=0 pred_err_pm=501
DELIBERATED candidate=H4 atom=atom1-contour amode=3 yield_pm=634 bias_ppm=-351433 env_ok=0 pred_err_pm=504
DELIBERATED grown action_id=2 winner=H3 amode=2 reason=argmin-predicted-ERR pred_err_pm=501 need_pm=698 yield_pm=612
DELIBERATED UNEXPRESSIBLE need_cv_pm=698 best_yield_pm=612 finding=no-candidate-covers-need-using-best-available
CONSULTED vocab_action=2 pred_err_pm=501 need_cv_pm=698
PREDICT f0_mhz=243302 cv_pm=611 env=decay err_pm=1
ITER 0 PLANNED f0_mhz=242820 env=decay slope_db=5 action=2 amode=2 p1=1000000 p2=0 p3=0 p4=0 why=grown-action
ITER 0 RENDERED /home/hatch/workspace/desynth_work/battery_fresh1/l010_iter0.wav
ITER 1 ITERHEARD f0_mhz=168838 voiced_frac_pm=988 env=flat cv_pm=612 rms_mdb=-33782 nfr=85 crate_mhz=506 cvcnt=84
ITER 1 DEVIATION df0_mhz=73982 env_ok=0 dcv_pm=86 err_pm=804
ITER 1 DELIBERATED held reason=predicted-no-improvement pred_err_pm=940 meas_err_pm=804 f0-contour-mean-rescale
ITER 1 PLANNED f0_mhz=242820 env=decay slope_db=5 action=2 amode=2 p1=1000000 p2=0 p3=0 p4=0 why=grown-action
ITER 1 RENDERED /home/hatch/workspace/desynth_work/battery_fresh1/l010_iter1.wav
ITER 2 ITERHEARD f0_mhz=168838 voiced_frac_pm=988 env=flat cv_pm=612 rms_mdb=-33782 nfr=85 crate_mhz=506 cvcnt=84
ITER 2 DEVIATION df0_mhz=73982 env_ok=0 dcv_pm=86 err_pm=804
ITER 2 DELIBERATED held reason=predicted-no-improvement pred_err_pm=940 meas_err_pm=804 f0-contour-mean-rescale
ITER 2 PLANNED f0_mhz=242820 env=decay slope_db=5 action=2 amode=2 p1=1000000 p2=0 p3=0 p4=0 why=grown-action
ITER 2 RENDERED /home/hatch/workspace/desynth_work/battery_fresh1/l010_iter2.wav
ITER 3 ITERHEARD f0_mhz=168838 voiced_frac_pm=988 env=flat cv_pm=612 rms_mdb=-33782 nfr=85 crate_mhz=506 cvcnt=84
ITER 3 DEVIATION df0_mhz=73982 env_ok=0 dcv_pm=86 err_pm=804
ITER 3 DELIBERATED held reason=predicted-no-improvement pred_err_pm=940 meas_err_pm=804 f0-contour-mean-rescale
ITER 3 PLANNED f0_mhz=242820 env=decay slope_db=5 action=2 amode=2 p1=1000000 p2=0 p3=0 p4=0 why=grown-action
ITER 3 RENDERED /home/hatch/workspace/desynth_work/battery_fresh1/l010_iter3.wav
DELIBERATED state_reset reason=fresh-mode-target-boundary
TARGET 11 depth=11 kind=L ref=/home/hatch/workspace/audio_longhorizon/corpus/prosody/prosody-ravdess-24-05.wav
HEARD f0_mhz=286743 voiced_frac_pm=449 env=rise cv_pm=360 rms_mdb=-40242 nfr=187 crate_mhz=1151 cvcnt=84
CONSULTED hist_turn=-1 delta_reused_mhz=0
DELIBERATED growth depth=11 need_cv_pm=360 reason=no-known-action-covers-need
DELIBERATED candidate=H1 atom=atom0-flat amode=0 yield_pm=1 bias_ppm=896 env_ok=0 pred_err_pm=1001
DELIBERATED candidate=H2 atom=atom1-flat amode=1 yield_pm=2 bias_ppm=3585 env_ok=0 pred_err_pm=1004
DELIBERATED candidate=H3 atom=atom0-contour amode=2 yield_pm=399 bias_ppm=-70240 env_ok=0 pred_err_pm=501
DELIBERATED candidate=H4 atom=atom1-contour amode=3 yield_pm=274 bias_ppm=-59251 env_ok=0 pred_err_pm=504
DELIBERATED grown action_id=2 winner=H3 amode=2 reason=argmin-predicted-ERR pred_err_pm=501 need_pm=360 yield_pm=399
DELIBERATED UNEXPRESSIBLE need_cv_pm=360 best_yield_pm=399 finding=no-candidate-covers-need-using-best-available
CONSULTED vocab_action=2 pred_err_pm=501 need_cv_pm=360
PREDICT f0_mhz=287274 cv_pm=398 env=rise err_pm=1
ITER 0 PLANNED f0_mhz=286743 env=rise slope_db=5 action=2 amode=2 p1=1000000 p2=0 p3=0 p4=0 why=grown-action
ITER 0 RENDERED /home/hatch/workspace/desynth_work/battery_fresh1/l011_iter0.wav
ITER 1 ITERHEARD f0_mhz=266602 voiced_frac_pm=988 env=flat cv_pm=399 rms_mdb=-33793 nfr=85 crate_mhz=759 cvcnt=84
ITER 1 DEVIATION df0_mhz=20141 env_ok=0 dcv_pm=-39 err_pm=570
ITER 1 DELIBERATED held reason=predicted-no-improvement pred_err_pm=577 meas_err_pm=570 f0-contour-mean-rescale
ITER 1 PLANNED f0_mhz=286743 env=rise slope_db=5 action=2 amode=2 p1=1000000 p2=0 p3=0 p4=0 why=grown-action
ITER 1 RENDERED /home/hatch/workspace/desynth_work/battery_fresh1/l011_iter1.wav
ITER 2 ITERHEARD f0_mhz=266602 voiced_frac_pm=988 env=flat cv_pm=399 rms_mdb=-33793 nfr=85 crate_mhz=759 cvcnt=84
ITER 2 DEVIATION df0_mhz=20141 env_ok=0 dcv_pm=-39 err_pm=570
ITER 2 DELIBERATED held reason=predicted-no-improvement pred_err_pm=577 meas_err_pm=570 f0-contour-mean-rescale
ITER 2 PLANNED f0_mhz=286743 env=rise slope_db=5 action=2 amode=2 p1=1000000 p2=0 p3=0 p4=0 why=grown-action
ITER 2 RENDERED /home/hatch/workspace/desynth_work/battery_fresh1/l011_iter2.wav
ITER 3 ITERHEARD f0_mhz=266602 voiced_frac_pm=988 env=flat cv_pm=399 rms_mdb=-33793 nfr=85 crate_mhz=759 cvcnt=84
ITER 3 DEVIATION df0_mhz=20141 env_ok=0 dcv_pm=-39 err_pm=570
ITER 3 DELIBERATED held reason=predicted-no-improvement pred_err_pm=577 meas_err_pm=570 f0-contour-mean-rescale
ITER 3 PLANNED f0_mhz=286743 env=rise slope_db=5 action=2 amode=2 p1=1000000 p2=0 p3=0 p4=0 why=grown-action
ITER 3 RENDERED /home/hatch/workspace/desynth_work/battery_fresh1/l011_iter3.wav
DELIBERATED state_reset reason=fresh-mode-target-boundary
TARGET 12 depth=12 kind=L ref=/home/hatch/workspace/audio_longhorizon/corpus/field/field-tau-airport-barcelona-0-0-0-a.wav
HEARD f0_mhz=376524 voiced_frac_pm=333 env=flat cv_pm=168 rms_mdb=-30900 nfr=42 crate_mhz=0 cvcnt=14
CONSULTED hist_turn=-1 delta_reused_mhz=0
DELIBERATED growth depth=12 need_cv_pm=168 reason=no-known-action-covers-need
DELIBERATED candidate=H1 atom=atom0-flat amode=0 yield_pm=0 bias_ppm=369 env_ok=1 pred_err_pm=501
DELIBERATED candidate=H2 atom=atom1-flat amode=1 yield_pm=1 bias_ppm=2188 env_ok=1 pred_err_pm=504
DELIBERATED candidate=H3 atom=atom0-contour amode=2 yield_pm=171 bias_ppm=117054 env_ok=1 pred_err_pm=1
DELIBERATED candidate=H4 atom=atom1-contour amode=3 yield_pm=192 bias_ppm=119115 env_ok=1 pred_err_pm=4
DELIBERATED grown action_id=2 winner=H3 amode=2 reason=argmin-predicted-ERR pred_err_pm=1 need_pm=168 yield_pm=171
CONSULTED vocab_action=2 pred_err_pm=1 need_cv_pm=168
PREDICT f0_mhz=377119 cv_pm=170 env=flat err_pm=1
ITER 0 PLANNED f0_mhz=376524 env=flat slope_db=5 action=2 amode=2 p1=1000000 p2=0 p3=0 p4=0 why=grown-action
ITER 0 RENDERED /home/hatch/workspace/desynth_work/battery_fresh1/l012_iter0.wav
ITER 1 ITERHEARD f0_mhz=420598 voiced_frac_pm=988 env=flat cv_pm=171 rms_mdb=-33906 nfr=85 crate_mhz=0 cvcnt=84
ITER 1 DEVIATION df0_mhz=-44074 env_ok=1 dcv_pm=-3 err_pm=117
ITER 1 DELIBERATED corrected f0_new_mhz=376524 atom_amode=2 slope_db=5 pred_err_pm=103 meas_err_pm=117 f0-contour-mean-rescale
ITER 1 PREDICT f0_mhz=337641 cv_pm=171 env=flat err_pm=103
ITER 1 PLANNED f0_mhz=376524 env=flat slope_db=5 action=2 amode=2 p1=1000000 p2=0 p3=0 p4=0 why=grown-action
ITER 1 RENDERED /home/hatch/workspace/desynth_work/battery_fresh1/l012_iter1.wav
ITER 2 ITERHEARD f0_mhz=376556 voiced_frac_pm=988 env=flat cv_pm=171 rms_mdb=-33862 nfr=85 crate_mhz=0 cvcnt=84
ITER 2 DEVIATION df0_mhz=-32 env_ok=1 dcv_pm=-3 err_pm=0
ITER 2 DELIBERATED held reason=predicted-no-improvement pred_err_pm=103 meas_err_pm=0 f0-contour-mean-rescale
ITER 2 PLANNED f0_mhz=376524 env=flat slope_db=5 action=2 amode=2 p1=1000000 p2=0 p3=0 p4=0 why=grown-action
ITER 2 RENDERED /home/hatch/workspace/desynth_work/battery_fresh1/l012_iter2.wav
ITER 3 ITERHEARD f0_mhz=376556 voiced_frac_pm=988 env=flat cv_pm=171 rms_mdb=-33862 nfr=85 crate_mhz=0 cvcnt=84
ITER 3 DEVIATION df0_mhz=-32 env_ok=1 dcv_pm=-3 err_pm=0
ITER 3 DELIBERATED held reason=predicted-no-improvement pred_err_pm=103 meas_err_pm=0 f0-contour-mean-rescale
ITER 3 PLANNED f0_mhz=376524 env=flat slope_db=5 action=2 amode=2 p1=1000000 p2=0 p3=0 p4=0 why=grown-action
ITER 3 RENDERED /home/hatch/workspace/desynth_work/battery_fresh1/l012_iter3.wav
DELIBERATED state_reset reason=fresh-mode-target-boundary
TARGET 13 depth=13 kind=L ref=/home/hatch/workspace/audio_longhorizon/corpus/prosody/prosody-ravdess-18-06.wav
HEARD f0_mhz=379655 voiced_frac_pm=327 env=decay cv_pm=183 rms_mdb=-59897 nfr=159 crate_mhz=1489 cvcnt=52
CONSULTED hist_turn=-1 delta_reused_mhz=0
DELIBERATED growth depth=13 need_cv_pm=183 reason=no-known-action-covers-need
DELIBERATED candidate=H1 atom=atom0-flat amode=0 yield_pm=0 bias_ppm=379 env_ok=0 pred_err_pm=1001
DELIBERATED candidate=H2 atom=atom1-flat amode=1 yield_pm=1 bias_ppm=2615 env_ok=0 pred_err_pm=1004
DELIBERATED candidate=H3 atom=atom0-contour amode=2 yield_pm=95 bias_ppm=-3437 env_ok=0 pred_err_pm=501
DELIBERATED candidate=H4 atom=atom1-contour amode=3 yield_pm=89 bias_ppm=10867 env_ok=0 pred_err_pm=504
DELIBERATED grown action_id=2 winner=H3 amode=2 reason=argmin-predicted-ERR pred_err_pm=501 need_pm=183 yield_pm=95
DELIBERATED UNEXPRESSIBLE need_cv_pm=183 best_yield_pm=95 finding=no-candidate-covers-need-using-best-available
CONSULTED vocab_action=2 pred_err_pm=501 need_cv_pm=183
PREDICT f0_mhz=380252 cv_pm=94 env=decay err_pm=501
ITER 0 PLANNED f0_mhz=379655 env=decay slope_db=5 action=2 amode=2 p1=1000000 p2=0 p3=0 p4=0 why=grown-action
ITER 0 RENDERED /home/hatch/workspace/desynth_work/battery_fresh1/l013_iter0.wav
ITER 1 ITERHEARD f0_mhz=378350 voiced_frac_pm=988 env=flat cv_pm=95 rms_mdb=-33801 nfr=85 crate_mhz=1519 cvcnt=84
ITER 1 DEVIATION df0_mhz=1305 env_ok=0 dcv_pm=88 err_pm=1003
ITER 1 DELIBERATED held reason=predicted-no-improvement pred_err_pm=1005 meas_err_pm=1003 f0-contour-mean-rescale
ITER 1 PLANNED f0_mhz=379655 env=decay slope_db=5 action=2 amode=2 p1=1000000 p2=0 p3=0 p4=0 why=grown-action
ITER 1 RENDERED /home/hatch/workspace/desynth_work/battery_fresh1/l013_iter1.wav
ITER 2 ITERHEARD f0_mhz=378350 voiced_frac_pm=988 env=flat cv_pm=95 rms_mdb=-33801 nfr=85 crate_mhz=1519 cvcnt=84
ITER 2 DEVIATION df0_mhz=1305 env_ok=0 dcv_pm=88 err_pm=1003
ITER 2 DELIBERATED held reason=predicted-no-improvement pred_err_pm=1005 meas_err_pm=1003 f0-contour-mean-rescale
ITER 2 PLANNED f0_mhz=379655 env=decay slope_db=5 action=2 amode=2 p1=1000000 p2=0 p3=0 p4=0 why=grown-action
ITER 2 RENDERED /home/hatch/workspace/desynth_work/battery_fresh1/l013_iter2.wav
ITER 3 ITERHEARD f0_mhz=378350 voiced_frac_pm=988 env=flat cv_pm=95 rms_mdb=-33801 nfr=85 crate_mhz=1519 cvcnt=84
ITER 3 DEVIATION df0_mhz=1305 env_ok=0 dcv_pm=88 err_pm=1003
ITER 3 DELIBERATED held reason=predicted-no-improvement pred_err_pm=1005 meas_err_pm=1003 f0-contour-mean-rescale
ITER 3 PLANNED f0_mhz=379655 env=decay slope_db=5 action=2 amode=2 p1=1000000 p2=0 p3=0 p4=0 why=grown-action
ITER 3 RENDERED /home/hatch/workspace/desynth_work/battery_fresh1/l013_iter3.wav
DELIBERATED state_reset reason=fresh-mode-target-boundary
TARGET 14 depth=14 kind=L ref=/home/hatch/workspace/audio_longhorizon/corpus/field/field-usn-C-AS-roos-001.200120.141819.06.wav
HEARD f0_mhz=520603 voiced_frac_pm=261 env=flat cv_pm=316 rms_mdb=-32914 nfr=214 crate_mhz=1006 cvcnt=56
CONSULTED hist_turn=-1 delta_reused_mhz=0
DELIBERATED growth depth=14 need_cv_pm=316 reason=no-known-action-covers-need
DELIBERATED candidate=H1 atom=atom0-flat amode=0 yield_pm=0 bias_ppm=-38 env_ok=1 pred_err_pm=501
DELIBERATED candidate=H2 atom=atom1-flat amode=1 yield_pm=0 bias_ppm=1515 env_ok=1 pred_err_pm=503
DELIBERATED candidate=H3 atom=atom0-contour amode=2 yield_pm=263 bias_ppm=-45103 env_ok=1 pred_err_pm=1
DELIBERATED candidate=H4 atom=atom1-contour amode=3 yield_pm=279 bias_ppm=-179403 env_ok=1 pred_err_pm=3
DELIBERATED grown action_id=2 winner=H3 amode=2 reason=argmin-predicted-ERR pred_err_pm=1 need_pm=316 yield_pm=263
CONSULTED vocab_action=2 pred_err_pm=1 need_cv_pm=316
PREDICT f0_mhz=521199 cv_pm=262 env=flat err_pm=1
ITER 0 PLANNED f0_mhz=520603 env=flat slope_db=5 action=2 amode=2 p1=1000000 p2=0 p3=0 p4=0 why=grown-action
ITER 0 RENDERED /home/hatch/workspace/desynth_work/battery_fresh1/l014_iter0.wav
ITER 1 ITERHEARD f0_mhz=497122 voiced_frac_pm=988 env=flat cv_pm=263 rms_mdb=-33849 nfr=85 crate_mhz=1013 cvcnt=84
ITER 1 DEVIATION df0_mhz=23481 env_ok=1 dcv_pm=53 err_pm=45
ITER 1 DELIBERATED held reason=predicted-no-improvement pred_err_pm=48 meas_err_pm=45 f0-contour-mean-rescale
ITER 1 PLANNED f0_mhz=520603 env=flat slope_db=5 action=2 amode=2 p1=1000000 p2=0 p3=0 p4=0 why=grown-action
ITER 1 RENDERED /home/hatch/workspace/desynth_work/battery_fresh1/l014_iter1.wav
ITER 2 ITERHEARD f0_mhz=497122 voiced_frac_pm=988 env=flat cv_pm=263 rms_mdb=-33849 nfr=85 crate_mhz=1013 cvcnt=84
ITER 2 DEVIATION df0_mhz=23481 env_ok=1 dcv_pm=53 err_pm=45
ITER 2 DELIBERATED held reason=predicted-no-improvement pred_err_pm=48 meas_err_pm=45 f0-contour-mean-rescale
ITER 2 PLANNED f0_mhz=520603 env=flat slope_db=5 action=2 amode=2 p1=1000000 p2=0 p3=0 p4=0 why=grown-action
ITER 2 RENDERED /home/hatch/workspace/desynth_work/battery_fresh1/l014_iter2.wav
ITER 3 ITERHEARD f0_mhz=497122 voiced_frac_pm=988 env=flat cv_pm=263 rms_mdb=-33849 nfr=85 crate_mhz=1013 cvcnt=84
ITER 3 DEVIATION df0_mhz=23481 env_ok=1 dcv_pm=53 err_pm=45
ITER 3 DELIBERATED held reason=predicted-no-improvement pred_err_pm=48 meas_err_pm=45 f0-contour-mean-rescale
ITER 3 PLANNED f0_mhz=520603 env=flat slope_db=5 action=2 amode=2 p1=1000000 p2=0 p3=0 p4=0 why=grown-action
ITER 3 RENDERED /home/hatch/workspace/desynth_work/battery_fresh1/l014_iter3.wav
DELIBERATED state_reset reason=fresh-mode-target-boundary
TARGET 15 depth=15 kind=L ref=/home/hatch/workspace/audio_longhorizon/corpus/field/field-fsd50k-100036.wav
HEARD f0_mhz=754147 voiced_frac_pm=663 env=decay cv_pm=284 rms_mdb=-31146 nfr=214 crate_mhz=2314 cvcnt=142
CONSULTED hist_turn=-1 delta_reused_mhz=0
DELIBERATED growth depth=15 need_cv_pm=284 reason=no-known-action-covers-need
DELIBERATED candidate=H1 atom=atom0-flat amode=0 yield_pm=0 bias_ppm=-259 env_ok=0 pred_err_pm=1000
DELIBERATED candidate=H2 atom=atom1-flat amode=1 yield_pm=0 bias_ppm=857 env_ok=0 pred_err_pm=1002
DELIBERATED candidate=H3 atom=atom0-contour amode=2 yield_pm=262 bias_ppm=-61879 env_ok=0 pred_err_pm=500
DELIBERATED candidate=H4 atom=atom1-contour amode=3 yield_pm=264 bias_ppm=-102632 env_ok=0 pred_err_pm=502
DELIBERATED grown action_id=2 winner=H3 amode=2 reason=argmin-predicted-ERR pred_err_pm=500 need_pm=284 yield_pm=262
DELIBERATED UNEXPRESSIBLE need_cv_pm=284 best_yield_pm=262 finding=no-candidate-covers-need-using-best-available
CONSULTED vocab_action=2 pred_err_pm=500 need_cv_pm=284
PREDICT f0_mhz=754481 cv_pm=261 env=decay err_pm=0
ITER 0 PLANNED f0_mhz=754147 env=decay slope_db=5 action=2 amode=2 p1=1000000 p2=0 p3=0 p4=0 why=grown-action
ITER 0 RENDERED /home/hatch/workspace/desynth_work/battery_fresh1/l015_iter0.wav
ITER 1 ITERHEARD f0_mhz=707481 voiced_frac_pm=988 env=flat cv_pm=262 rms_mdb=-33846 nfr=85 crate_mhz=2026 cvcnt=84
ITER 1 DEVIATION df0_mhz=46666 env_ok=0 dcv_pm=22 err_pm=561
ITER 1 DELIBERATED held reason=predicted-no-improvement pred_err_pm=566 meas_err_pm=561 f0-contour-mean-rescale
ITER 1 PLANNED f0_mhz=754147 env=decay slope_db=5 action=2 amode=2 p1=1000000 p2=0 p3=0 p4=0 why=grown-action
ITER 1 RENDERED /home/hatch/workspace/desynth_work/battery_fresh1/l015_iter1.wav
ITER 2 ITERHEARD f0_mhz=707481 voiced_frac_pm=988 env=flat cv_pm=262 rms_mdb=-33846 nfr=85 crate_mhz=2026 cvcnt=84
ITER 2 DEVIATION df0_mhz=46666 env_ok=0 dcv_pm=22 err_pm=561
ITER 2 DELIBERATED held reason=predicted-no-improvement pred_err_pm=566 meas_err_pm=561 f0-contour-mean-rescale
ITER 2 PLANNED f0_mhz=754147 env=decay slope_db=5 action=2 amode=2 p1=1000000 p2=0 p3=0 p4=0 why=grown-action
ITER 2 RENDERED /home/hatch/workspace/desynth_work/battery_fresh1/l015_iter2.wav
ITER 3 ITERHEARD f0_mhz=707481 voiced_frac_pm=988 env=flat cv_pm=262 rms_mdb=-33846 nfr=85 crate_mhz=2026 cvcnt=84
ITER 3 DEVIATION df0_mhz=46666 env_ok=0 dcv_pm=22 err_pm=561
ITER 3 DELIBERATED held reason=predicted-no-improvement pred_err_pm=566 meas_err_pm=561 f0-contour-mean-rescale
ITER 3 PLANNED f0_mhz=754147 env=decay slope_db=5 action=2 amode=2 p1=1000000 p2=0 p3=0 p4=0 why=grown-action
ITER 3 RENDERED /home/hatch/workspace/desynth_work/battery_fresh1/l015_iter3.wav
DELIBERATED state_reset reason=fresh-mode-target-boundary
TARGET 16 depth=16 kind=L ref=/home/hatch/workspace/audio_longhorizon/corpus/field/field-fsd50k-100039.wav
HEARD f0_mhz=1010768 voiced_frac_pm=584 env=flat cv_pm=221 rms_mdb=-33687 nfr=214 crate_mhz=1609 cvcnt=125
CONSULTED hist_turn=-1 delta_reused_mhz=0
DELIBERATED growth depth=16 need_cv_pm=221 reason=no-known-action-covers-need
DELIBERATED candidate=H1 atom=atom0-flat amode=0 yield_pm=0 bias_ppm=-337 env_ok=1 pred_err_pm=500
DELIBERATED candidate=H2 atom=atom1-flat amode=1 yield_pm=0 bias_ppm=641 env_ok=1 pred_err_pm=500
DELIBERATED candidate=H3 atom=atom0-contour amode=2 yield_pm=110 bias_ppm=42863 env_ok=1 pred_err_pm=0
DELIBERATED candidate=H4 atom=atom1-contour amode=3 yield_pm=96 bias_ppm=23227 env_ok=1 pred_err_pm=0
DELIBERATED grown action_id=2 winner=H3 amode=2 reason=argmin-predicted-ERR pred_err_pm=0 need_pm=221 yield_pm=110
CONSULTED vocab_action=2 pred_err_pm=0 need_cv_pm=221
PREDICT f0_mhz=1010435 cv_pm=109 env=flat err_pm=500
ITER 0 PLANNED f0_mhz=1010768 env=flat slope_db=5 action=2 amode=2 p1=1000000 p2=0 p3=0 p4=0 why=grown-action
ITER 0 RENDERED /home/hatch/workspace/desynth_work/battery_fresh1/l016_iter0.wav
ITER 1 ITERHEARD f0_mhz=1054093 voiced_frac_pm=988 env=flat cv_pm=110 rms_mdb=-33862 nfr=85 crate_mhz=2533 cvcnt=84
ITER 1 DEVIATION df0_mhz=-43325 env_ok=1 dcv_pm=111 err_pm=542
ITER 1 DELIBERATED corrected f0_new_mhz=1010768 atom_amode=2 slope_db=5 pred_err_pm=541 meas_err_pm=542 f0-contour-mean-rescale
ITER 1 PREDICT f0_mhz=969024 cv_pm=110 env=flat err_pm=541
ITER 1 PLANNED f0_mhz=1010768 env=flat slope_db=5 action=2 amode=2 p1=1000000 p2=0 p3=0 p4=0 why=grown-action
ITER 1 RENDERED /home/hatch/workspace/desynth_work/battery_fresh1/l016_iter1.wav
ITER 2 ITERHEARD f0_mhz=1011544 voiced_frac_pm=988 env=flat cv_pm=107 rms_mdb=-33860 nfr=85 crate_mhz=2279 cvcnt=84
ITER 2 DEVIATION df0_mhz=-776 env_ok=1 dcv_pm=114 err_pm=500
ITER 2 DELIBERATED held reason=predicted-no-improvement pred_err_pm=542 meas_err_pm=500 f0-contour-mean-rescale
ITER 2 PLANNED f0_mhz=1010768 env=flat slope_db=5 action=2 amode=2 p1=1000000 p2=0 p3=0 p4=0 why=grown-action
ITER 2 RENDERED /home/hatch/workspace/desynth_work/battery_fresh1/l016_iter2.wav
ITER 3 ITERHEARD f0_mhz=1011544 voiced_frac_pm=988 env=flat cv_pm=107 rms_mdb=-33860 nfr=85 crate_mhz=2279 cvcnt=84
ITER 3 DEVIATION df0_mhz=-776 env_ok=1 dcv_pm=114 err_pm=500
ITER 3 DELIBERATED held reason=predicted-no-improvement pred_err_pm=542 meas_err_pm=500 f0-contour-mean-rescale
ITER 3 PLANNED f0_mhz=1010768 env=flat slope_db=5 action=2 amode=2 p1=1000000 p2=0 p3=0 p4=0 why=grown-action
ITER 3 RENDERED /home/hatch/workspace/desynth_work/battery_fresh1/l016_iter3.wav
DELIBERATED state_reset reason=fresh-mode-target-boundary
TARGET 17 depth=17 kind=L ref=/home/hatch/workspace/audio_longhorizon/corpus/lowf0/lowf0-ptdb-022-M07_sa1.wav
HEARD f0_mhz=152544 voiced_frac_pm=425 env=rise cv_pm=908 rms_mdb=-37903 nfr=214 crate_mhz=804 cvcnt=91
CONSULTED hist_turn=-1 delta_reused_mhz=0
DELIBERATED growth depth=17 need_cv_pm=908 reason=no-known-action-covers-need
DELIBERATED candidate=H1 atom=atom0-flat amode=0 yield_pm=2 bias_ppm=4523 env_ok=0 pred_err_pm=1000
DELIBERATED candidate=H2 atom=atom1-flat amode=1 yield_pm=2 bias_ppm=7715 env_ok=0 pred_err_pm=1002
DELIBERATED candidate=H3 atom=atom0-contour amode=2 yield_pm=481 bias_ppm=450617 env_ok=0 pred_err_pm=500
DELIBERATED candidate=H4 atom=atom1-contour amode=3 yield_pm=441 bias_ppm=113993 env_ok=0 pred_err_pm=502
DELIBERATED grown action_id=2 winner=H3 amode=2 reason=argmin-predicted-ERR pred_err_pm=500 need_pm=908 yield_pm=481
DELIBERATED UNEXPRESSIBLE need_cv_pm=908 best_yield_pm=481 finding=no-candidate-covers-need-using-best-available
CONSULTED vocab_action=2 pred_err_pm=500 need_cv_pm=908
PREDICT f0_mhz=152693 cv_pm=480 env=rise err_pm=500
ITER 0 PLANNED f0_mhz=152544 env=rise slope_db=5 action=2 amode=2 p1=1000000 p2=0 p3=0 p4=0 why=grown-action
ITER 0 RENDERED /home/hatch/workspace/desynth_work/battery_fresh1/l017_iter0.wav
ITER 1 ITERHEARD f0_mhz=221283 voiced_frac_pm=270 env=flat cv_pm=481 rms_mdb=-33782 nfr=85 crate_mhz=759 cvcnt=23
ITER 1 DEVIATION df0_mhz=-68739 env_ok=0 dcv_pm=427 err_pm=1450
ITER 1 DELIBERATED corrected f0_new_mhz=152544 atom_amode=2 slope_db=5 pred_err_pm=1310 meas_err_pm=1450 env-mismatch-coverage-findingf0-contour-mean-rescale
ITER 1 PREDICT f0_mhz=105182 cv_pm=481 env=flat err_pm=1310
ITER 1 PLANNED f0_mhz=152544 env=rise slope_db=5 action=2 amode=2 p1=1000000 p2=0 p3=0 p4=0 why=grown-action
ITER 1 RENDERED /home/hatch/workspace/desynth_work/battery_fresh1/l017_iter1.wav
ITER 2 ITERHEARD f0_mhz=243061 voiced_frac_pm=152 env=flat cv_pm=276 rms_mdb=-33516 nfr=85 crate_mhz=759 cvcnt=13
ITER 2 DEVIATION df0_mhz=-90517 env_ok=0 dcv_pm=632 err_pm=1593
ITER 2 DELIBERATED held reason=no-progress-hold pred_err_pm=1567 meas_err_pm=1593 f0-contour-mean-rescale
ITER 2 PLANNED f0_mhz=152544 env=rise slope_db=5 action=2 amode=2 p1=1000000 p2=0 p3=0 p4=0 why=grown-action
ITER 2 RENDERED /home/hatch/workspace/desynth_work/battery_fresh1/l017_iter2.wav
ITER 3 ITERHEARD f0_mhz=243061 voiced_frac_pm=152 env=flat cv_pm=276 rms_mdb=-33516 nfr=85 crate_mhz=759 cvcnt=13
ITER 3 DEVIATION df0_mhz=-90517 env_ok=0 dcv_pm=632 err_pm=1593
ITER 3 DELIBERATED corrected f0_new_mhz=152544 atom_amode=2 slope_db=5 pred_err_pm=1567 meas_err_pm=1593 env-mismatch-coverage-findingf0-contour-mean-rescale
ITER 3 PREDICT f0_mhz=65995 cv_pm=276 env=flat err_pm=1567
ITER 3 PLANNED f0_mhz=152544 env=rise slope_db=5 action=2 amode=2 p1=1000000 p2=0 p3=0 p4=0 why=grown-action
ITER 3 RENDERED /home/hatch/workspace/desynth_work/battery_fresh1/l017_iter3.wav
DELIBERATED state_reset reason=fresh-mode-target-boundary
TARGET 18 depth=18 kind=L ref=/home/hatch/workspace/audio_longhorizon/corpus/lowf0/lowf0-ptdb-012-M05_sa1.wav
HEARD f0_mhz=145959 voiced_frac_pm=242 env=rise cv_pm=1066 rms_mdb=-44927 nfr=214 crate_mhz=603 cvcnt=52
CONSULTED hist_turn=-1 delta_reused_mhz=0
DELIBERATED growth depth=18 need_cv_pm=1066 reason=no-known-action-covers-need
DELIBERATED candidate=H1 atom=atom0-flat amode=0 yield_pm=1 bias_ppm=5385 env_ok=0 pred_err_pm=1000
DELIBERATED candidate=H2 atom=atom1-flat amode=1 yield_pm=3 bias_ppm=7598 env_ok=0 pred_err_pm=1002
DELIBERATED candidate=H3 atom=atom0-contour amode=2 yield_pm=395 bias_ppm=705225 env_ok=0 pred_err_pm=500
DELIBERATED candidate=H4 atom=atom1-contour amode=3 yield_pm=269 bias_ppm=596825 env_ok=0 pred_err_pm=502
DELIBERATED grown action_id=2 winner=H3 amode=2 reason=argmin-predicted-ERR pred_err_pm=500 need_pm=1066 yield_pm=395
DELIBERATED UNEXPRESSIBLE need_cv_pm=1066 best_yield_pm=395 finding=no-candidate-covers-need-using-best-available
CONSULTED vocab_action=2 pred_err_pm=500 need_cv_pm=1066
PREDICT f0_mhz=146087 cv_pm=394 env=rise err_pm=500
ITER 0 PLANNED f0_mhz=145959 env=rise slope_db=5 action=2 amode=2 p1=1000000 p2=0 p3=0 p4=0 why=grown-action
ITER 0 RENDERED /home/hatch/workspace/desynth_work/battery_fresh1/l018_iter0.wav
ITER 1 ITERHEARD f0_mhz=248893 voiced_frac_pm=305 env=flat cv_pm=395 rms_mdb=-34045 nfr=85 crate_mhz=759 cvcnt=26
ITER 1 DEVIATION df0_mhz=-102934 env_ok=0 dcv_pm=671 err_pm=1705
ITER 1 DELIBERATED corrected f0_new_mhz=145959 atom_amode=2 slope_db=5 pred_err_pm=1413 meas_err_pm=1705 env-mismatch-coverage-findingf0-contour-mean-rescale
ITER 1 PREDICT f0_mhz=85594 cv_pm=395 env=flat err_pm=1413
ITER 1 PLANNED f0_mhz=145959 env=rise slope_db=5 action=2 amode=2 p1=1000000 p2=0 p3=0 p4=0 why=grown-action
ITER 1 RENDERED /home/hatch/workspace/desynth_work/battery_fresh1/l018_iter1.wav
ITER 2 ITERHEARD f0_mhz=183324 voiced_frac_pm=200 env=flat cv_pm=288 rms_mdb=-33645 nfr=85 crate_mhz=759 cvcnt=17
ITER 2 DEVIATION df0_mhz=-37365 env_ok=0 dcv_pm=778 err_pm=1255
ITER 2 DELIBERATED held reason=predicted-no-improvement pred_err_pm=1533 meas_err_pm=1255 f0-contour-mean-rescale
ITER 2 PLANNED f0_mhz=145959 env=rise slope_db=5 action=2 amode=2 p1=1000000 p2=0 p3=0 p4=0 why=grown-action
ITER 2 RENDERED /home/hatch/workspace/desynth_work/battery_fresh1/l018_iter2.wav
ITER 3 ITERHEARD f0_mhz=183324 voiced_frac_pm=200 env=flat cv_pm=288 rms_mdb=-33645 nfr=85 crate_mhz=759 cvcnt=17
ITER 3 DEVIATION df0_mhz=-37365 env_ok=0 dcv_pm=778 err_pm=1255
ITER 3 DELIBERATED held reason=predicted-no-improvement pred_err_pm=1533 meas_err_pm=1255 f0-contour-mean-rescale
ITER 3 PLANNED f0_mhz=145959 env=rise slope_db=5 action=2 amode=2 p1=1000000 p2=0 p3=0 p4=0 why=grown-action
ITER 3 RENDERED /home/hatch/workspace/desynth_work/battery_fresh1/l018_iter3.wav
DELIBERATED state_reset reason=fresh-mode-target-boundary
TARGET 19 depth=19 kind=L ref=/home/hatch/workspace/audio_longhorizon/corpus/lowf0/lowf0-ptdb-027-M10_sa1.wav
HEARD f0_mhz=407395 voiced_frac_pm=196 env=rise cv_pm=697 rms_mdb=-33073 nfr=214 crate_mhz=905 cvcnt=42
CONSULTED hist_turn=-1 delta_reused_mhz=0
DELIBERATED growth depth=19 need_cv_pm=697 reason=no-known-action-covers-need
DELIBERATED candidate=H1 atom=atom0-flat amode=0 yield_pm=0 bias_ppm=184 env_ok=0 pred_err_pm=1001
DELIBERATED candidate=H2 atom=atom1-flat amode=1 yield_pm=1 bias_ppm=1941 env_ok=0 pred_err_pm=1004
DELIBERATED candidate=H3 atom=atom0-contour amode=2 yield_pm=596 bias_ppm=111930 env_ok=0 pred_err_pm=501
DELIBERATED candidate=H4 atom=atom1-contour amode=3 yield_pm=410 bias_ppm=155240 env_ok=0 pred_err_pm=504
DELIBERATED grown action_id=2 winner=H3 amode=2 reason=argmin-predicted-ERR pred_err_pm=501 need_pm=697 yield_pm=596
DELIBERATED UNEXPRESSIBLE need_cv_pm=697 best_yield_pm=596 finding=no-candidate-covers-need-using-best-available
CONSULTED vocab_action=2 pred_err_pm=501 need_cv_pm=697
PREDICT f0_mhz=408001 cv_pm=595 env=rise err_pm=1
ITER 0 PLANNED f0_mhz=407395 env=rise slope_db=5 action=2 amode=2 p1=1000000 p2=0 p3=0 p4=0 why=grown-action
ITER 0 RENDERED /home/hatch/workspace/desynth_work/battery_fresh1/l019_iter0.wav
ITER 1 ITERHEARD f0_mhz=452995 voiced_frac_pm=917 env=flat cv_pm=596 rms_mdb=-33893 nfr=85 crate_mhz=1519 cvcnt=78
ITER 1 DEVIATION df0_mhz=-45600 env_ok=0 dcv_pm=101 err_pm=611
ITER 1 DELIBERATED corrected f0_new_mhz=407395 atom_amode=2 slope_db=5 pred_err_pm=599 meas_err_pm=611 env-mismatch-coverage-findingf0-contour-mean-rescale
ITER 1 PREDICT f0_mhz=366974 cv_pm=596 env=flat err_pm=599
ITER 1 PLANNED f0_mhz=407395 env=rise slope_db=5 action=2 amode=2 p1=1000000 p2=0 p3=0 p4=0 why=grown-action
ITER 1 RENDERED /home/hatch/workspace/desynth_work/battery_fresh1/l019_iter1.wav
ITER 2 ITERHEARD f0_mhz=416208 voiced_frac_pm=858 env=flat cv_pm=562 rms_mdb=-33693 nfr=85 crate_mhz=1519 cvcnt=73
ITER 2 DEVIATION df0_mhz=-8813 env_ok=0 dcv_pm=135 err_pm=521
ITER 2 DELIBERATED held reason=predicted-no-improvement pred_err_pm=618 meas_err_pm=521 f0-contour-mean-rescale
ITER 2 PLANNED f0_mhz=407395 env=rise slope_db=5 action=2 amode=2 p1=1000000 p2=0 p3=0 p4=0 why=grown-action
ITER 2 RENDERED /home/hatch/workspace/desynth_work/battery_fresh1/l019_iter2.wav
ITER 3 ITERHEARD f0_mhz=416208 voiced_frac_pm=858 env=flat cv_pm=562 rms_mdb=-33693 nfr=85 crate_mhz=1519 cvcnt=73
ITER 3 DEVIATION df0_mhz=-8813 env_ok=0 dcv_pm=135 err_pm=521
ITER 3 DELIBERATED held reason=predicted-no-improvement pred_err_pm=618 meas_err_pm=521 f0-contour-mean-rescale
ITER 3 PLANNED f0_mhz=407395 env=rise slope_db=5 action=2 amode=2 p1=1000000 p2=0 p3=0 p4=0 why=grown-action
ITER 3 RENDERED /home/hatch/workspace/desynth_work/battery_fresh1/l019_iter3.wav
DELIBERATED state_reset reason=fresh-mode-target-boundary
TARGET 20 depth=20 kind=L ref=/home/hatch/workspace/audio_longhorizon/corpus/lowf0/lowf0-ptdb-020-M08_sa2.wav
HEARD f0_mhz=890172 voiced_frac_pm=18 env=rise cv_pm=0 rms_mdb=-59333 nfr=214 crate_mhz=0 cvcnt=4
CONSULTED hist_turn=-1 delta_reused_mhz=0
CONSULTED vocab_action=1 pred_err_pm=0 need_cv_pm=0
PREDICT f0_mhz=890200 cv_pm=0 env=rise err_pm=0
ITER 0 PLANNED f0_mhz=890172 env=rise slope_db=5 action=1 amode=0 p1=1000000 p2=0 p3=0 p4=0 why=consulted-action
ITER 0 RENDERED /home/hatch/workspace/desynth_work/battery_fresh1/l020_iter0.wav
ITER 1 ITERHEARD f0_mhz=889887 voiced_frac_pm=988 env=flat cv_pm=0 rms_mdb=-33853 nfr=85 crate_mhz=2786 cvcnt=84
ITER 1 DEVIATION df0_mhz=285 env_ok=0 dcv_pm=0 err_pm=500
ITER 1 DELIBERATED held reason=predicted-no-improvement pred_err_pm=500 meas_err_pm=500 
ITER 1 PLANNED f0_mhz=890172 env=rise slope_db=5 action=1 amode=0 p1=1000000 p2=0 p3=0 p4=0 why=consulted-action
ITER 1 RENDERED /home/hatch/workspace/desynth_work/battery_fresh1/l020_iter1.wav
ITER 2 ITERHEARD f0_mhz=889887 voiced_frac_pm=988 env=flat cv_pm=0 rms_mdb=-33853 nfr=85 crate_mhz=2786 cvcnt=84
ITER 2 DEVIATION df0_mhz=285 env_ok=0 dcv_pm=0 err_pm=500
ITER 2 DELIBERATED held reason=predicted-no-improvement pred_err_pm=500 meas_err_pm=500 
ITER 2 PLANNED f0_mhz=890172 env=rise slope_db=5 action=1 amode=0 p1=1000000 p2=0 p3=0 p4=0 why=consulted-action
ITER 2 RENDERED /home/hatch/workspace/desynth_work/battery_fresh1/l020_iter2.wav
ITER 3 ITERHEARD f0_mhz=889887 voiced_frac_pm=988 env=flat cv_pm=0 rms_mdb=-33853 nfr=85 crate_mhz=2786 cvcnt=84
ITER 3 DEVIATION df0_mhz=285 env_ok=0 dcv_pm=0 err_pm=500
ITER 3 DELIBERATED held reason=predicted-no-improvement pred_err_pm=500 meas_err_pm=500 
ITER 3 PLANNED f0_mhz=890172 env=rise slope_db=5 action=1 amode=0 p1=1000000 p2=0 p3=0 p4=0 why=consulted-action
ITER 3 RENDERED /home/hatch/workspace/desynth_work/battery_fresh1/l020_iter3.wav
SUMMARY match=0 loop=20 targets=20 actions_grown=1
PLAN_DONE
