PROSE-LEARN3 source=contr mode=m1
INSTALL id=0 sent=0 entity=n relation=alphabet_position reln=2 attitude=asserted value=14 key=0:8073c94e seq=0
CONTRADICT id=0 sent=1 key=0:8073c94e attitude=asserted old=14 new=15 seq=1
INSTALL id=1 sent=0 entity=o relation=alphabet_position reln=2 attitude=asserted value=15 key=10:8073c94e seq=2
CONTRADICT id=1 sent=1 key=10:8073c94e attitude=asserted old=15 new=16 seq=3
INSTALL id=2 sent=0 entity=p relation=alphabet_position reln=2 attitude=asserted value=16 key=12:8073c94e seq=4
CONTRADICT id=2 sent=1 key=12:8073c94e attitude=asserted old=16 new=17 seq=5
INSTALL id=3 sent=0 entity=q relation=alphabet_position reln=2 attitude=asserted value=17 key=14:8073c94e seq=6
CONTRADICT id=3 sent=1 key=14:8073c94e attitude=asserted old=17 new=18 seq=7
INSTALL id=4 sent=0 entity=r relation=alphabet_position reln=2 attitude=asserted value=18 key=16:8073c94e seq=8
CONTRADICT id=4 sent=1 key=16:8073c94e attitude=asserted old=18 new=19 seq=9
INSTALL id=5 sent=0 entity=s relation=alphabet_position reln=2 attitude=asserted value=19 key=18:8073c94e seq=10
CONTRADICT id=5 sent=1 key=18:8073c94e attitude=asserted old=19 new=20 seq=11
INSTALL id=6 sent=0 entity=four relation=letter_count reln=2 attitude=asserted value=4 key=21:19c46167 seq=12
CONTRADICT id=6 sent=1 key=21:19c46167 attitude=asserted old=4 new=5 seq=13
INSTALL id=7 sent=0 entity=seven relation=letter_count reln=2 attitude=asserted value=5 key=27:19c46167 seq=14
CONTRADICT id=7 sent=1 key=27:19c46167 attitude=asserted old=5 new=6 seq=15
INSTALL id=8 sent=0 entity=minute relation=letter_count reln=2 attitude=asserted value=6 key=29:19c46167 seq=16
CONTRADICT id=8 sent=1 key=29:19c46167 attitude=asserted old=6 new=7 seq=17
INSTALL id=9 sent=0 entity=seconds relation=letter_count reln=2 attitude=asserted value=7 key=31:19c46167 seq=18
CONTRADICT id=9 sent=1 key=31:19c46167 attitude=asserted old=7 new=8 seq=19
INSTALL id=10 sent=0 entity=afternoon relation=letter_count reln=2 attitude=asserted value=9 key=34:19c46167 seq=20
CONTRADICT id=10 sent=1 key=34:19c46167 attitude=asserted old=9 new=10 seq=21
INSTALL id=11 sent=0 entity=dictionary relation=letter_count reln=2 attitude=asserted value=10 key=37:19c46167 seq=22
CONTRADICT id=11 sent=1 key=37:19c46167 attitude=asserted old=10 new=11 seq=23
INSTALL id=12 sent=0 entity=hamlet relation=publication_year reln=2 attitude=asserted value=1603 key=42:b0b4c90a seq=24
CONTRADICT id=12 sent=1 key=42:b0b4c90a attitude=asserted old=1603 new=1613 seq=25
INSTALL id=13 sent=0 entity=don quixote relation=publication_year reln=2 attitude=asserted value=1605 key=48:b0b4c90a seq=26
CONTRADICT id=13 sent=1 key=48:b0b4c90a attitude=asserted old=1605 new=1615 seq=27
INSTALL id=14 sent=0 entity=king lear relation=publication_year reln=2 attitude=asserted value=1608 key=53:b0b4c90a seq=28
CONTRADICT id=14 sent=1 key=53:b0b4c90a attitude=asserted old=1608 new=1618 seq=29
INSTALL id=15 sent=0 entity=the king james bible relation=publication_year reln=2 attitude=asserted value=1611 key=59:b0b4c90a seq=30
CONTRADICT id=15 sent=1 key=59:b0b4c90a attitude=asserted old=1611 new=1621 seq=31
INSTALL id=16 sent=0 entity=shakespeare s first folio relation=publication_year reln=2 attitude=asserted value=1623 key=65:b0b4c90a seq=32
CONTRADICT id=16 sent=1 key=65:b0b4c90a attitude=asserted old=1623 new=1633 seq=33
INSTALL id=17 sent=0 entity=leviathan relation=publication_year reln=2 attitude=asserted value=1651 key=67:b0b4c90a seq=34
CONTRADICT id=17 sent=1 key=67:b0b4c90a attitude=asserted old=1651 new=1661 seq=35
INSTALL id=18 sent=0 entity=basketball team relation=open reln=3 attitude=asserted value=5 key=76:5c2fc345 seq=36
CONTRADICT id=18 sent=1 key=76:5c2fc345 attitude=asserted old=5 new=6 seq=37
INSTALL id=19 sent=0 entity=soccer team relation=open reln=3 attitude=asserted value=11 key=79:9dbc2f57 seq=38
CONTRADICT id=19 sent=1 key=79:9dbc2f57 attitude=asserted old=11 new=12 seq=39
INSTALL id=20 sent=0 entity=standard deck relation=open reln=2 attitude=asserted value=52 key=86:86006a72 seq=40
CONTRADICT id=20 sent=1 key=86:86006a72 attitude=asserted old=52 new=53 seq=41
INSTALL id=21 sent=0 entity=chessboard relation=open reln=2 attitude=asserted value=64 key=88:0b0b9227 seq=42
CONTRADICT id=21 sent=1 key=88:0b0b9227 attitude=asserted old=64 new=65 seq=43
INSTALL id=22 sent=0 entity=standard die relation=open reln=2 attitude=asserted value=6 key=96:a63f116a seq=44
CONTRADICT id=22 sent=1 key=96:a63f116a attitude=asserted old=6 new=7 seq=45
INSTALL id=23 sent=0 entity=standard piano relation=open reln=2 attitude=asserted value=88 key=101:dac94849 seq=46
CONTRADICT id=23 sent=1 key=101:dac94849 attitude=asserted old=88 new=89 seq=47
PROBE id=0 verdict=CONTRADICTION expected=contradiction ok=0 entity=n relation=alphabet_position reln=2 attitude=ignored ties=0
PROBE id=1 verdict=CONTRADICTION expected=contradiction ok=0 entity=o relation=alphabet_position reln=2 attitude=ignored ties=0
PROBE id=2 verdict=CONTRADICTION expected=contradiction ok=0 entity=p relation=alphabet_position reln=2 attitude=ignored ties=0
PROBE id=3 verdict=CONTRADICTION expected=contradiction ok=0 entity=q relation=alphabet_position reln=2 attitude=ignored ties=0
PROBE id=4 verdict=CONTRADICTION expected=contradiction ok=0 entity=r relation=alphabet_position reln=2 attitude=ignored ties=0
PROBE id=5 verdict=CONTRADICTION expected=contradiction ok=0 entity=s relation=alphabet_position reln=2 attitude=ignored ties=0
PROBE id=6 verdict=CONTRADICTION expected=contradiction ok=0 entity=four relation=letter_count reln=2 attitude=ignored ties=0
PROBE id=7 verdict=CONTRADICTION expected=contradiction ok=0 entity=seven relation=letter_count reln=2 attitude=ignored ties=0
PROBE id=8 verdict=CONTRADICTION expected=contradiction ok=0 entity=minute relation=letter_count reln=2 attitude=ignored ties=0
PROBE id=9 verdict=CONTRADICTION expected=contradiction ok=0 entity=seconds relation=letter_count reln=2 attitude=ignored ties=0
PROBE id=10 verdict=CONTRADICTION expected=contradiction ok=0 entity=afternoon relation=letter_count reln=2 attitude=ignored ties=0
PROBE id=11 verdict=CONTRADICTION expected=contradiction ok=0 entity=dictionary relation=letter_count reln=2 attitude=ignored ties=0
PROBE id=12 verdict=CONTRADICTION expected=contradiction ok=0 entity=hamlet relation=publication_year reln=2 attitude=ignored ties=0
PROBE id=13 verdict=CONTRADICTION expected=contradiction ok=0 entity=don quixote relation=publication_year reln=2 attitude=ignored ties=0
PROBE id=14 verdict=CONTRADICTION expected=contradiction ok=0 entity=king lear relation=publication_year reln=2 attitude=ignored ties=0
PROBE id=15 verdict=CONTRADICTION expected=contradiction ok=0 entity=the king james bible relation=publication_year reln=2 attitude=ignored ties=0
PROBE id=16 verdict=CONTRADICTION expected=contradiction ok=0 entity=shakespeare s first folio relation=publication_year reln=2 attitude=ignored ties=0
PROBE id=17 verdict=CONTRADICTION expected=contradiction ok=0 entity=leviathan relation=publication_year reln=2 attitude=ignored ties=0
PROBE id=18 verdict=CONTRADICTION expected=contradiction ok=0 entity=basketball team relation=open reln=3 attitude=ignored ties=0
PROBE id=19 verdict=CONTRADICTION expected=contradiction ok=0 entity=soccer team relation=open reln=3 attitude=ignored ties=0
PROBE id=20 verdict=CONTRADICTION expected=contradiction ok=0 entity=standard deck relation=open reln=2 attitude=ignored ties=0
PROBE id=21 verdict=CONTRADICTION expected=contradiction ok=0 entity=chessboard relation=open reln=2 attitude=ignored ties=0
PROBE id=22 verdict=CONTRADICTION expected=contradiction ok=0 entity=standard die relation=open reln=2 attitude=ignored ties=0
PROBE id=23 verdict=CONTRADICTION expected=contradiction ok=0 entity=standard piano relation=open reln=2 attitude=ignored ties=0
SUMMARY ninstall=24 ncorroborate=0 ncontradict=24 nquarantine=0 ndenial=0 nderived=0 nfail=0 nprobe=24 full=0/24 clean=0/24
DIGEST 33000ecdffaefe05f1bd8401a94643c28604103880fbd3842c41abe2bcc06e55
DIGEST2 33000ecdffaefe05f1bd8401a94643c28604103880fbd3842c41abe2bcc06e55
LEDGER 59915851556ae36972ab6d399232d038437adb3bcf37c07e80208aca6b902cfe
VERIFY chain=1 dmatch=1
RESULT PASS
