CL_CHECK,usage_start,0,0
CL_CHECK,lh_runtime,0,0
LH_TRACE,tag=LH-1R,b=0,mode=0,upd=48,fp=26043,s00=1600,s01=-800,s10=-900,s11=1500,n00=16,n01=8,n10=9,n11=15,active=1,ctx=3,sw=1,expl=16,bud=0,nstrk=0,ta=16,tb=15,ea=16,eb=16
LH_TRACE,tag=LH-1R,b=1,mode=0,upd=96,fp=70969,s00=3900,s01=-900,s10=-1000,s11=3800,n00=39,n01=9,n10=10,n11=38,active=1,ctx=3,sw=3,expl=16,bud=8,nstrk=0,ta=23,tb=23,ea=16,eb=16
LH_TRACE,tag=LH-1R,b=2,mode=0,upd=144,fp=115663,s00=6200,s01=-1000,s10=-1100,s11=6100,n00=62,n01=10,n10=11,n11=61,active=1,ctx=3,sw=5,expl=16,bud=8,nstrk=0,ta=23,tb=23,ea=16,eb=16
LH_TRACE,tag=LH-1R,b=3,mode=0,upd=192,fp=160357,s00=8500,s01=-1100,s10=-1200,s11=8400,n00=85,n01=11,n10=12,n11=84,active=1,ctx=3,sw=7,expl=16,bud=8,nstrk=0,ta=23,tb=23,ea=16,eb=16
LH_TRACE,tag=LH-1R,b=4,mode=0,upd=240,fp=205051,s00=10800,s01=-1200,s10=-1300,s11=10700,n00=108,n01=12,n10=13,n11=107,active=1,ctx=3,sw=9,expl=16,bud=8,nstrk=0,ta=23,tb=23,ea=16,eb=16
LH_TRACE,tag=LH-1R,b=5,mode=0,upd=288,fp=249745,s00=13100,s01=-1300,s10=-1400,s11=13000,n00=131,n01=13,n10=14,n11=130,active=1,ctx=3,sw=11,expl=16,bud=8,nstrk=0,ta=23,tb=23,ea=16,eb=16
LH_TRACE,tag=LH-1R,b=6,mode=0,upd=336,fp=294439,s00=15400,s01=-1400,s10=-1500,s11=15300,n00=154,n01=14,n10=15,n11=153,active=1,ctx=3,sw=13,expl=16,bud=8,nstrk=0,ta=23,tb=23,ea=16,eb=16
LH_TRACE,tag=LH-1R,b=7,mode=0,upd=384,fp=339133,s00=17700,s01=-1500,s10=-1600,s11=17600,n00=177,n01=15,n10=16,n11=176,active=1,ctx=3,sw=15,expl=16,bud=8,nstrk=0,ta=23,tb=23,ea=16,eb=16
LH_TRACE,tag=LH-1R,b=8,mode=0,upd=432,fp=383827,s00=20000,s01=-1600,s10=-1700,s11=19900,n00=200,n01=16,n10=17,n11=199,active=1,ctx=3,sw=17,expl=16,bud=8,nstrk=0,ta=23,tb=23,ea=16,eb=16
LH_TRACE,tag=LH-1R,b=9,mode=0,upd=480,fp=428521,s00=22300,s01=-1700,s10=-1800,s11=22200,n00=223,n01=17,n10=18,n11=222,active=1,ctx=3,sw=19,expl=16,bud=8,nstrk=0,ta=23,tb=23,ea=16,eb=16
R34C_STATE,lh_trained,fp=428521,active=1,contexts=3,updates=480,switches=19,explores=16,budget=8,negstreak=0,pending=0
CL_CHECK,lh_train_updates,480,480
CL_CHECK,lh_return_A,0,0
LH_RETURN,tag=LH-1R,ra=15,active=0,upd_delta=0
CL_CHECK,lh_return_retained_ge15,1,1
CL_CHECK,lh_return_no_weight_updates,480,480
CL_CHECK,lh_return_context,0,0
CL_CHECK,lh_runtime,0,0
CL_CHECK,lh_train_updates,480,480
CL_CHECK,lh_return_A,0,0
CL_CHECK,lh_return_retained_ge15,1,1
CL_CHECK,lh_return_no_weight_updates,480,480
CL_CHECK,lh_return_context,0,0
CL_CHECK,lh_determinism,1,1
CL_CHECK,lh_det_world,1,1
LH_DETERMINISM,tag=LH-1R,fp=430795
CL_CHECK,control_init,0,0
CL_CHECK,disabled_control,0,0
CL_CHECK,disabled_updates,0,0
CL_CHECK,disabled_B_positive,12,12
CL_CHECK,scramble_init,0,0
CL_CHECK,scramble_budget,0,0
CL_CHECK,scramble_train,0,0
CL_CHECK,scramble_eval,0,0
CL_CHECK,scramble_defeats_A,0,0
CL_CHECK,usage_end,0,0
LH_RESOURCE,tag=LH-1R,cpu_us=2103208,rss_bytes=2043904
R34C_STATE,lh_campaign,fp=430795,active=0,contexts=3,updates=480,switches=20,explores=16,budget=8,negstreak=0,pending=0
LH_FAILURES,tag=LH-1R,0
