LH5_BLOCK,rate=0,block=1,evalA=16,evalB=16,fp=26043
LH5_BLOCK,rate=0,block=2,evalA=16,evalB=16,fp=70969
LH5_BLOCK,rate=0,block=3,evalA=16,evalB=16,fp=115663
LH5_BLOCK,rate=0,block=4,evalA=16,evalB=16,fp=160357
LH5_BLOCK,rate=0,block=5,evalA=16,evalB=16,fp=205051
LH5_BLOCK,rate=0,block=6,evalA=16,evalB=16,fp=249745
LH5_BLOCK,rate=0,block=7,evalA=16,evalB=16,fp=294439
LH5_BLOCK,rate=0,block=8,evalA=16,evalB=16,fp=339133
LH5_BLOCK,rate=0,block=9,evalA=16,evalB=16,fp=383827
LH5_BLOCK,rate=0,block=10,evalA=16,evalB=16,fp=428521
LH5_FINAL,rate=0,evalA=16,evalB=16,updates=480,contexts=3,active=1,switches=19,decisions=800,outcomes=800,explores=16,flips=0,train_accepts=0,collapsed_probes=0,fp=428521
CL_CHECK,lh5_updates_r00,480,480
CL_CHECK,lh5_r00_no_collapsed,0,0
LH5_BLOCK,rate=10,block=1,evalA=16,evalB=16,fp=18007
LH5_BLOCK,rate=10,block=2,evalA=16,evalB=16,fp=50153
LH5_BLOCK,rate=10,block=3,evalA=16,evalB=16,fp=82875
LH5_BLOCK,rate=10,block=4,evalA=16,evalB=16,fp=111741
LH5_BLOCK,rate=10,block=5,evalA=16,evalB=0,fp=142086
LH5_BLOCK,rate=10,block=6,evalA=16,evalB=16,fp=174199
LH5_BLOCK,rate=10,block=7,evalA=16,evalB=16,fp=209408
LH5_BLOCK,rate=10,block=8,evalA=16,evalB=16,fp=219750
LH5_BLOCK,rate=10,block=9,evalA=0,evalB=16,fp=249094
LH5_BLOCK,rate=10,block=10,evalA=16,evalB=16,fp=277007
LH5_FINAL,rate=10,evalA=16,evalB=16,updates=480,contexts=3,active=0,switches=90,decisions=800,outcomes=800,explores=38,flips=46,train_accepts=480,collapsed_probes=2,fp=277007
CL_CHECK,lh5_updates_r10,480,480
LH5_BLOCK,rate=25,block=1,evalA=16,evalB=16,fp=11551
LH5_BLOCK,rate=25,block=2,evalA=16,evalB=16,fp=32852
LH5_BLOCK,rate=25,block=3,evalA=0,evalB=16,fp=51418
LH5_BLOCK,rate=25,block=4,evalA=16,evalB=0,fp=72015
LH5_BLOCK,rate=25,block=5,evalA=16,evalB=16,fp=89150
LH5_BLOCK,rate=25,block=6,evalA=16,evalB=16,fp=113870
LH5_BLOCK,rate=25,block=7,evalA=16,evalB=16,fp=119735
LH5_BLOCK,rate=25,block=8,evalA=16,evalB=16,fp=133831
LH5_BLOCK,rate=25,block=9,evalA=0,evalB=16,fp=165056
LH5_BLOCK,rate=25,block=10,evalA=16,evalB=16,fp=183580
LH5_FINAL,rate=25,evalA=16,evalB=16,updates=480,contexts=3,active=0,switches=154,decisions=800,outcomes=800,explores=61,flips=124,train_accepts=480,collapsed_probes=3,fp=183580
CL_CHECK,lh5_updates_r25,480,480
LH5_BLOCK,rate=50,block=1,evalA=0,evalB=16,fp=12161
LH5_BLOCK,rate=50,block=2,evalA=0,evalB=16,fp=31949
LH5_BLOCK,rate=50,block=3,evalA=0,evalB=16,fp=56085
LH5_BLOCK,rate=50,block=4,evalA=0,evalB=16,fp=68642
LH5_BLOCK,rate=50,block=5,evalA=16,evalB=0,fp=83485
LH5_BLOCK,rate=50,block=6,evalA=0,evalB=0,fp=96594
LH5_BLOCK,rate=50,block=7,evalA=16,evalB=16,fp=118733
LH5_BLOCK,rate=50,block=8,evalA=0,evalB=0,fp=139260
LH5_BLOCK,rate=50,block=9,evalA=0,evalB=16,fp=149006
LH5_BLOCK,rate=50,block=10,evalA=0,evalB=0,fp=169204
LH5_FINAL,rate=50,evalA=0,evalB=0,updates=480,contexts=3,active=0,switches=198,decisions=800,outcomes=800,explores=76,flips=241,train_accepts=480,collapsed_probes=12,fp=169204
CL_CHECK,lh5_updates_r50,480,480
LH5_FAILURES,0
