V|C|R30_00|CONVERGE|Marco Venn|PRIMARY|Marco Venn,2,2026|Luis Okafor,2,2026|primary=zorbian.com newest=Marco Venn@2026 superseded=- cond4=corrob|69f75e69f00435156f62d0bf08afad81ccd595e925492b30ca144248c0fd51d2
V|C|R30_01|CONVERGE|Petra Halvorsen|PRIMARY|Petra Halvorsen,2,2026|Dario Mensah,2,2026|primary=quellar.org newest=Petra Halvorsen@2026 superseded=- cond4=corrob|09375a8165d34821603d11ea7ee116e0d556f588585e30cdcbf178335fb5ddcd
V|C|R30_02|CONVERGE|Ines Kovac|PRIMARY|Ines Kovac,2,2026|Tomas Reyes,2,2026|primary=myndax.net newest=Ines Kovac@2026 superseded=- cond4=corrob|0eca6da109fac158306fa05e9ee1cb4623fd07d14ca842bdf86e4f8dd96c9053
V|C|R30_03|CONVERGE|Anya Petrova|PRIMARY|Anya Petrova,2,2026|Kwame Diallo,2,2026|primary=velkora.io newest=Anya Petrova@2026 superseded=- cond4=corrob|cce89decf1c70b2bc8f70390a6a1c674fc57ad8fb13e6ab8a33d4771e5bc3f05
V|C|R30_04|CONVERGE|Sofia Marchetti|PRIMARY|Sofia Marchetti,2,2026|Jonas Lindqvist,2,2026|primary=dravnik.com newest=Sofia Marchetti@2026 superseded=- cond4=corrob|b146e2b1387557d67a14d2187fb48dcaf32238f7db8b4d0a3a6646182b3e8226
V|C|R30_05|CONVERGE|Ravi Chandran|PRIMARY|Ravi Chandran,2,2026|Elena Vasquez,2,2026|primary=osselyn.org newest=Ravi Chandran@2026 superseded=- cond4=corrob|dac07140e8dde1346caf408eba8818a33156fe3f37ab92cc0aac9157497bb767
V|C|R30_06|CONVERGE|Marco Venn|PRIMARY|Marco Venn,2,2026|Luis Okafor,2,2026|primary=zorbian.com newest=Marco Venn@2026 superseded=- cond4=corrob|0df73ebd3a7f333afdf4177bd595fc79d38c5a292b46c803c1008d6662e47f63
V|C|R30_07|CONVERGE|Petra Halvorsen|PRIMARY|Petra Halvorsen,2,2026|Dario Mensah,2,2026|primary=quellar.org newest=Petra Halvorsen@2026 superseded=- cond4=corrob|3aaa15485efbf792c79f2547336040d6c6fff95627eb41e9a05febabc4897001
V|C|R30_08|CONVERGE|Ines Kovac|PRIMARY|Ines Kovac,2,2026|Tomas Reyes,2,2026|primary=myndax.net newest=Ines Kovac@2026 superseded=- cond4=corrob|fd4b9794c9d7e8aa54e0a611eab395b8af6f74774efff721d9e5d507e9f3c744
V|C|R30_09|CONVERGE|Anya Petrova|PRIMARY|Anya Petrova,2,2026|Kwame Diallo,2,2026|primary=velkora.io newest=Anya Petrova@2026 superseded=- cond4=corrob|0ca07d6ee303024e0049abff3f3ba8f93667a59f7a5f09ac786d7c67fda8bfa0
V|C|R30_10|CONVERGE|Sofia Marchetti|PRIMARY|Sofia Marchetti,2,2026|Jonas Lindqvist,2,2026|primary=dravnik.com newest=Sofia Marchetti@2026 superseded=- cond4=corrob|c785ad681d335d0da4b6cb4e0d65ddfd5ea71c8a6c360fd2115164640d5e7c9f
V|C|R30_11|CONVERGE|Ravi Chandran|PRIMARY|Ravi Chandran,2,2026|Elena Vasquez,2,2026|primary=osselyn.org newest=Ravi Chandran@2026 superseded=- cond4=corrob|bf453be49798ef5629127545a12c67043db7643353266492b1299767f7877677
V|C|R30_12|CONVERGE|Marco Venn|PRIMARY|Marco Venn,2,2026|Luis Okafor,2,2026|primary=zorbian.com newest=Marco Venn@2026 superseded=- cond4=corrob|166be5a7ee300479487de87c36cb803ae0c55bb16c025d1a26e7d56c18d40aaa
V|C|R30_13|CONVERGE|Petra Halvorsen|PRIMARY|Petra Halvorsen,2,2026|Dario Mensah,2,2026|primary=quellar.org newest=Petra Halvorsen@2026 superseded=- cond4=corrob|29052f2fc79bfb7138362cd0dc00a0b2e07e3721c1ad099db9a631441a0515db
V|C|R30_14|CONVERGE|Ines Kovac|PRIMARY|Ines Kovac,2,2026|Tomas Reyes,2,2026|primary=myndax.net newest=Ines Kovac@2026 superseded=- cond4=corrob|5cc5d199bda27e94030d0f70ea55fdd6efbb2d2468aeef3596001a481095288f
V|C|R30_15|CONVERGE|Anya Petrova|PRIMARY|Anya Petrova,2,2026|Kwame Diallo,2,2026|primary=velkora.io newest=Anya Petrova@2026 superseded=- cond4=corrob|8447b40cd4c516586759b2e2d1bb57aff75adda9cbd91723896d11fbd1fe0aec
V|C|R30_16|CONVERGE|Sofia Marchetti|PRIMARY|Sofia Marchetti,2,2026|Jonas Lindqvist,2,2026|primary=dravnik.com newest=Sofia Marchetti@2026 superseded=- cond4=corrob|5147cf5fea515d7d7fd0abee1af11d15880573d92c40fbaeaa8ce5734224eec9
V|C|R30_17|CONVERGE|Ravi Chandran|PRIMARY|Ravi Chandran,2,2026|Elena Vasquez,2,2026|primary=osselyn.org newest=Ravi Chandran@2026 superseded=- cond4=corrob|7b28ca284e415d142cb63a059c1c187dc5051222ee1b6ed765da339f6f5bd03a
V|C|R30_18|CONVERGE|Marco Venn|PRIMARY|Marco Venn,2,2026|Luis Okafor,2,2026|primary=zorbian.com newest=Marco Venn@2026 superseded=- cond4=corrob|cc7ce5e0b8b4fd67317399c2a46fabb0b4063ad757e5d60aeb233a57ccb49d15
V|C|R30_19|CONVERGE|Petra Halvorsen|PRIMARY|Petra Halvorsen,2,2026|Dario Mensah,2,2026|primary=quellar.org newest=Petra Halvorsen@2026 superseded=- cond4=corrob|983bf54e7e582e543082d785f04bebda68aaebeacd4a6e278e2195499d3a6dd7
V|C|R40_00|CONVERGE|Ines Kovac|PRIMARY|Ines Kovac,2,2026|Tomas Reyes,2,2026|primary=myndax.net newest=Ines Kovac@2026 superseded=- cond4=corrob|1115571f0b23c8b0afec46b79a8d50c4003619f64e9fec07714132a7d4d9a98f
V|C|R40_01|CONVERGE|Anya Petrova|PRIMARY|Anya Petrova,2,2026|Kwame Diallo,2,2026|primary=velkora.io newest=Anya Petrova@2026 superseded=- cond4=corrob|5fa5f6791feab73a252cfff74d44973a7c386c22d9aba6dc40f11a3bab373553
V|C|R40_02|CONVERGE|Sofia Marchetti|PRIMARY|Sofia Marchetti,2,2026|Jonas Lindqvist,2,2026|primary=dravnik.com newest=Sofia Marchetti@2026 superseded=- cond4=corrob|7c52b7773b568ab0ceb84dea71d0054ff553be63fa8eabb25142cb8740c7b55a
V|C|R40_03|CONVERGE|Ravi Chandran|PRIMARY|Ravi Chandran,2,2026|Elena Vasquez,2,2026|primary=osselyn.org newest=Ravi Chandran@2026 superseded=- cond4=corrob|09096c049a4252a7bbb05897356ed0f3d846d180ca442251ee403ff0776cef60
V|C|R40_04|CONVERGE|Marco Venn|PRIMARY|Marco Venn,2,2026|Luis Okafor,2,2026|primary=zorbian.com newest=Marco Venn@2026 superseded=- cond4=corrob|80be793f3697bba0ad3ea77d2ee101a2ac316ff156e83cc303a5d28ff04ebdbf
V|C|R40_05|CONVERGE|Petra Halvorsen|PRIMARY|Petra Halvorsen,2,2026|Dario Mensah,2,2026|primary=quellar.org newest=Petra Halvorsen@2026 superseded=- cond4=corrob|31a7336549d7925eb6d9139e2b489534e58f8a17514762dcbb841473da66e189
V|C|R40_06|CONVERGE|Ines Kovac|PRIMARY|Ines Kovac,2,2026|Tomas Reyes,2,2026|primary=myndax.net newest=Ines Kovac@2026 superseded=- cond4=corrob|59f6d1e565d26d5c7e232e45474ea5f0e82b4d85b86c7cd1047cb3666858b2b0
V|C|R40_07|CONVERGE|Anya Petrova|PRIMARY|Anya Petrova,2,2026|Kwame Diallo,2,2026|primary=velkora.io newest=Anya Petrova@2026 superseded=- cond4=corrob|a1d03f8a0f3de28964ffdd358931494152d41339a3b8db77910b2dbb4265822b
V|C|R40_08|CONVERGE|Sofia Marchetti|PRIMARY|Sofia Marchetti,2,2026|Jonas Lindqvist,2,2026|primary=dravnik.com newest=Sofia Marchetti@2026 superseded=- cond4=corrob|af01f9462c8786a5643a55777e1231fdbf597ee8e0b0006f3856e51d9c005cb9
V|C|R40_09|CONVERGE|Ravi Chandran|PRIMARY|Ravi Chandran,2,2026|Elena Vasquez,2,2026|primary=osselyn.org newest=Ravi Chandran@2026 superseded=- cond4=corrob|82ab7e9d862a9f9a5c63580d75e894e0a1b2afca782edd6b1b0dceaca5ae62a8
V|C|R40_10|CONVERGE|Marco Venn|PRIMARY|Marco Venn,2,2026|Luis Okafor,2,2026|primary=zorbian.com newest=Marco Venn@2026 superseded=- cond4=corrob|856c4e6c291eff64e91452c5fe10aa25e2f7b102a2b39423bad27283a7a9e056
V|C|R40_11|CONVERGE|Petra Halvorsen|PRIMARY|Petra Halvorsen,2,2026|Dario Mensah,2,2026|primary=quellar.org newest=Petra Halvorsen@2026 superseded=- cond4=corrob|29a3723394bdc221db20fa7c4ac3a8030ac51a7005987f7912f35bf773e690df
V|C|R40_12|CONVERGE|Ines Kovac|PRIMARY|Ines Kovac,2,2026|Tomas Reyes,2,2026|primary=myndax.net newest=Ines Kovac@2026 superseded=- cond4=corrob|9216af00057109d68f2d84341210e22771db0fb1a73c87bfd3b4982ef60e0e67
V|C|R40_13|CONVERGE|Anya Petrova|PRIMARY|Anya Petrova,2,2026|Kwame Diallo,2,2026|primary=velkora.io newest=Anya Petrova@2026 superseded=- cond4=corrob|0e0ca7482e886650e73a75c68d192a165fc72469266483a1149ebf11bff425de
V|C|R40_14|CONVERGE|Sofia Marchetti|PRIMARY|Sofia Marchetti,2,2026|Jonas Lindqvist,2,2026|primary=dravnik.com newest=Sofia Marchetti@2026 superseded=- cond4=corrob|5e96e2e76b1cf6d7629a8ac5b0b7b83e77969beef49d04517c163638a1367ae9
V|C|R40_15|CONVERGE|Ravi Chandran|PRIMARY|Ravi Chandran,2,2026|Elena Vasquez,2,2026|primary=osselyn.org newest=Ravi Chandran@2026 superseded=- cond4=corrob|03ba2c48f950209cf24483b15f316f46c48e36a9326aa48fde35884c8eea2851
V|C|R40_16|CONVERGE|Marco Venn|PRIMARY|Marco Venn,2,2026|Luis Okafor,2,2026|primary=zorbian.com newest=Marco Venn@2026 superseded=- cond4=corrob|c82839a0c9a33f34e819fbc20c3641a7f9ebb288a26c4ae8f501f8f5e5dad591
V|C|R40_17|CONVERGE|Petra Halvorsen|PRIMARY|Petra Halvorsen,2,2026|Dario Mensah,2,2026|primary=quellar.org newest=Petra Halvorsen@2026 superseded=- cond4=corrob|02c8d5a76f525cd5da06fde700cda22c4a71b5c0da0d0696c108a05c34d10959
V|C|R40_18|CONVERGE|Ines Kovac|PRIMARY|Ines Kovac,2,2026|Tomas Reyes,2,2026|primary=myndax.net newest=Ines Kovac@2026 superseded=- cond4=corrob|adcc1c2fbf59e713bf2f76fac7714c60698585517f75f20f0b337c7a78cde770
V|C|R40_19|CONVERGE|Anya Petrova|PRIMARY|Anya Petrova,2,2026|Kwame Diallo,2,2026|primary=velkora.io newest=Anya Petrova@2026 superseded=- cond4=corrob|27d628d4d0bb45828d871b3a7b6bf1d0d73724224c71f7fb857f58f6ec50ee80
V|C|R50_00|CONVERGE|Sofia Marchetti|PRIMARY|Sofia Marchetti,2,2026|Jonas Lindqvist,2,2026|primary=dravnik.com newest=Sofia Marchetti@2026 superseded=- cond4=corrob|984022859e098a85a34cdcb5ec5a39bfb9ba2acccc1463fb076a174133e9c463
V|C|R50_01|CONVERGE|Ravi Chandran|PRIMARY|Ravi Chandran,2,2026|Elena Vasquez,2,2026|primary=osselyn.org newest=Ravi Chandran@2026 superseded=- cond4=corrob|204025e08bd1f9214148619682a4f4e0fa693de6ec1309119bb7ee52acaf384f
V|C|R50_02|CONVERGE|Marco Venn|PRIMARY|Marco Venn,2,2026|Luis Okafor,2,2026|primary=zorbian.com newest=Marco Venn@2026 superseded=- cond4=corrob|30d0ba2f8a603bc3dcc00c1d7923e824e106fa7f1ad5ecc4478e95d2b99ba607
V|C|R50_03|CONVERGE|Petra Halvorsen|PRIMARY|Petra Halvorsen,2,2026|Dario Mensah,2,2026|primary=quellar.org newest=Petra Halvorsen@2026 superseded=- cond4=corrob|489fa2f793089c67874af1ede4936576e822086ac60e480a3bac290e52503a04
V|C|R50_04|CONVERGE|Ines Kovac|PRIMARY|Ines Kovac,2,2026|Tomas Reyes,2,2026|primary=myndax.net newest=Ines Kovac@2026 superseded=- cond4=corrob|d2245f8959fec883448a4206af2d8502680962e1f4f3117f5116d63be78f22cc
V|C|R50_05|CONVERGE|Anya Petrova|PRIMARY|Anya Petrova,2,2026|Kwame Diallo,2,2026|primary=velkora.io newest=Anya Petrova@2026 superseded=- cond4=corrob|da73ff0fda624bdde5e342f621e4b500b679d244fcb573d6dd68c8a7ef883d9e
V|C|R50_06|CONVERGE|Sofia Marchetti|PRIMARY|Sofia Marchetti,2,2026|Jonas Lindqvist,2,2026|primary=dravnik.com newest=Sofia Marchetti@2026 superseded=- cond4=corrob|830de46f1c60c55dd1295455276823dea3f0e902c7840f9d832598919826058f
V|C|R50_07|CONVERGE|Ravi Chandran|PRIMARY|Ravi Chandran,2,2026|Elena Vasquez,2,2026|primary=osselyn.org newest=Ravi Chandran@2026 superseded=- cond4=corrob|607c24bb335b659aa9584e09ca44b3f11547939cee9ee7cd88010eb1fb7c7705
V|C|R50_08|CONVERGE|Marco Venn|PRIMARY|Marco Venn,2,2026|Luis Okafor,2,2026|primary=zorbian.com newest=Marco Venn@2026 superseded=- cond4=corrob|fb979eb64867a894e674caaaa77a5a1b68e453726cb9136d6e3845fba8fe21fc
V|C|R50_09|CONVERGE|Petra Halvorsen|PRIMARY|Petra Halvorsen,2,2026|Dario Mensah,2,2026|primary=quellar.org newest=Petra Halvorsen@2026 superseded=- cond4=corrob|2f544f30a4b1bd65c39411700c035e530ecb8c546c91394290e1f09ce42f04a7
V|C|R50_10|CONVERGE|Ines Kovac|PRIMARY|Ines Kovac,2,2026|Tomas Reyes,2,2026|primary=myndax.net newest=Ines Kovac@2026 superseded=- cond4=corrob|a92ccaf23f4aba0063c68204ece5a68bd30f6373d27e4a580fbb0759344eddb8
V|C|R50_11|CONVERGE|Anya Petrova|PRIMARY|Anya Petrova,2,2026|Kwame Diallo,2,2026|primary=velkora.io newest=Anya Petrova@2026 superseded=- cond4=corrob|7a11afce418dd716a44117b4a2d2750fea4c8df7451fdd5140aa0db1ddd38488
V|C|R50_12|CONVERGE|Sofia Marchetti|PRIMARY|Sofia Marchetti,2,2026|Jonas Lindqvist,2,2026|primary=dravnik.com newest=Sofia Marchetti@2026 superseded=- cond4=corrob|f3bd1f8cd3ebfa37baddc10adf81558265574ec27ae1bd4a9b1c3a934c748fe1
V|C|R50_13|CONVERGE|Ravi Chandran|PRIMARY|Ravi Chandran,2,2026|Elena Vasquez,2,2026|primary=osselyn.org newest=Ravi Chandran@2026 superseded=- cond4=corrob|4735ec3267a2d8e50297e818e7f0693f7b5a11d556806b242b4ff32e50c1f1ee
V|C|R50_14|CONVERGE|Marco Venn|PRIMARY|Marco Venn,2,2026|Luis Okafor,2,2026|primary=zorbian.com newest=Marco Venn@2026 superseded=- cond4=corrob|9d668f9bfdb4191c95114e686bf07c2ea850a2839377af90b727d52687b8bc6d
V|C|R50_15|CONVERGE|Petra Halvorsen|PRIMARY|Petra Halvorsen,2,2026|Dario Mensah,2,2026|primary=quellar.org newest=Petra Halvorsen@2026 superseded=- cond4=corrob|fcb86bfab3f75b9341dd3af1654654467f8d0d407eaa65b3a1c21216e2f76628
V|C|R50_16|CONVERGE|Ines Kovac|PRIMARY|Ines Kovac,2,2026|Tomas Reyes,2,2026|primary=myndax.net newest=Ines Kovac@2026 superseded=- cond4=corrob|dd58ae85587e2075fa2986b2f1e48e51a6c0fbec229ebef8f788fec23cef707a
V|C|R50_17|CONVERGE|Anya Petrova|PRIMARY|Anya Petrova,2,2026|Kwame Diallo,2,2026|primary=velkora.io newest=Anya Petrova@2026 superseded=- cond4=corrob|ed299644b4653c92c0a4481469517eb39bd7e2aa6185d1b712f37e423de5dc43
V|C|R50_18|CONVERGE|Sofia Marchetti|PRIMARY|Sofia Marchetti,2,2026|Jonas Lindqvist,2,2026|primary=dravnik.com newest=Sofia Marchetti@2026 superseded=- cond4=corrob|1597dfb8a96342d4fafeff0bccfa007f12fb61751015c8634149b484d5f7b8c9
V|C|R50_19|CONVERGE|Ravi Chandran|PRIMARY|Ravi Chandran,2,2026|Elena Vasquez,2,2026|primary=osselyn.org newest=Ravi Chandran@2026 superseded=- cond4=corrob|a54807ccc20141d01f0d51ae87e15e16dd59bf2a165311fa0c602e00252c3b90
V|C|R60_00|CONVERGE|Marco Venn|PRIMARY|Marco Venn,2,2026|Luis Okafor,2,2026|primary=zorbian.com newest=Marco Venn@2026 superseded=- cond4=corrob|efdc048d06433af1e8172f4b49c36c11f52415f06937dd2b144c1beb40c7e6e2
V|C|R60_01|CONVERGE|Petra Halvorsen|PRIMARY|Petra Halvorsen,2,2026|Dario Mensah,2,2026|primary=quellar.org newest=Petra Halvorsen@2026 superseded=- cond4=corrob|4837bcabf2eafda0658a016ba1f4756cac1cff1b5e22e60804e6bb9c00b209d2
V|C|R60_02|CONVERGE|Ines Kovac|PRIMARY|Ines Kovac,2,2026|Tomas Reyes,2,2026|primary=myndax.net newest=Ines Kovac@2026 superseded=- cond4=corrob|e30816b5431d7972fe3dca71f4c2ab2c95a6a4659e33160e1fb5877edb0e8574
V|C|R60_03|CONVERGE|Anya Petrova|PRIMARY|Anya Petrova,2,2026|Kwame Diallo,2,2026|primary=velkora.io newest=Anya Petrova@2026 superseded=- cond4=corrob|ce1b637c5393ac92d2e59ecdf779e5c22098ee3999272267c7e37c274851e20b
V|C|R60_04|CONVERGE|Sofia Marchetti|PRIMARY|Sofia Marchetti,2,2026|Jonas Lindqvist,2,2026|primary=dravnik.com newest=Sofia Marchetti@2026 superseded=- cond4=corrob|1ba1e101388eecf336bd9fa881a9a8a4a2f477fcbfcb68ca00e71acf616f889c
V|C|R60_05|CONVERGE|Ravi Chandran|PRIMARY|Ravi Chandran,2,2026|Elena Vasquez,2,2026|primary=osselyn.org newest=Ravi Chandran@2026 superseded=- cond4=corrob|54c50aa946f27b09577fdfe046f6c5cbc45a94804be91e75f4e6651569e7c179
V|C|R60_06|CONVERGE|Marco Venn|PRIMARY|Marco Venn,2,2026|Luis Okafor,2,2026|primary=zorbian.com newest=Marco Venn@2026 superseded=- cond4=corrob|f22b8d7b62beddd9f5d1784bcf1f17fba177f318c4cc73ff08abacea047f8db5
V|C|R60_07|CONVERGE|Petra Halvorsen|PRIMARY|Petra Halvorsen,2,2026|Dario Mensah,2,2026|primary=quellar.org newest=Petra Halvorsen@2026 superseded=- cond4=corrob|c3496c5cc3e90c5ece3f1a8d1228ce610dd706887d0b83f0a6f6993622301606
V|C|R60_08|CONVERGE|Ines Kovac|PRIMARY|Ines Kovac,2,2026|Tomas Reyes,2,2026|primary=myndax.net newest=Ines Kovac@2026 superseded=- cond4=corrob|faf9ef97b52af88d70f7ad7fe45033a328d91459897b94944b76693f317f1307
V|C|R60_09|CONVERGE|Anya Petrova|PRIMARY|Anya Petrova,2,2026|Kwame Diallo,2,2026|primary=velkora.io newest=Anya Petrova@2026 superseded=- cond4=corrob|975cfc5e7f59a00e3ac44c37f237f05c6a29de92d40075d0795604795a7775ba
V|C|R60_10|CONVERGE|Sofia Marchetti|PRIMARY|Sofia Marchetti,2,2026|Jonas Lindqvist,2,2026|primary=dravnik.com newest=Sofia Marchetti@2026 superseded=- cond4=corrob|e9edbbf1527eba3144268e887941181259017b4a706cb98db4f7bb6eb9b15083
V|C|R60_11|CONVERGE|Ravi Chandran|PRIMARY|Ravi Chandran,2,2026|Elena Vasquez,2,2026|primary=osselyn.org newest=Ravi Chandran@2026 superseded=- cond4=corrob|bc41d01991af62b71a0ffbe3a62d082d5baa1782d3539c2e6759599175868c08
V|C|R60_12|CONVERGE|Marco Venn|PRIMARY|Marco Venn,2,2026|Luis Okafor,2,2026|primary=zorbian.com newest=Marco Venn@2026 superseded=- cond4=corrob|69509b77ba8b22b71060e1127a0e56750f041776f95bd838ba8366edc7ad0860
V|C|R60_13|CONVERGE|Petra Halvorsen|PRIMARY|Petra Halvorsen,2,2026|Dario Mensah,2,2026|primary=quellar.org newest=Petra Halvorsen@2026 superseded=- cond4=corrob|7045727692960424867850ce2e70adbb83fdf4604bf8f71041ee4be0b53ab427
V|C|R60_14|CONVERGE|Ines Kovac|PRIMARY|Ines Kovac,2,2026|Tomas Reyes,2,2026|primary=myndax.net newest=Ines Kovac@2026 superseded=- cond4=corrob|9cb613c1e7157a31c9277e78b3ad9be4664a41ef07b7bf6fa9f22272da1d5cd3
V|C|R60_15|CONVERGE|Anya Petrova|PRIMARY|Anya Petrova,2,2026|Kwame Diallo,2,2026|primary=velkora.io newest=Anya Petrova@2026 superseded=- cond4=corrob|6b75fc6bb60d41dd82bc2e36e0d01b44a1b5be0a7dc8d6050e601962e86740ae
V|C|R60_16|CONVERGE|Sofia Marchetti|PRIMARY|Sofia Marchetti,2,2026|Jonas Lindqvist,2,2026|primary=dravnik.com newest=Sofia Marchetti@2026 superseded=- cond4=corrob|ff273c7688d667d5133dc88eefeaf1589ecd6bb98dd4cd8da5d88da4cd5125c4
V|C|R60_17|CONVERGE|Ravi Chandran|PRIMARY|Ravi Chandran,2,2026|Elena Vasquez,2,2026|primary=osselyn.org newest=Ravi Chandran@2026 superseded=- cond4=corrob|3ce2d4cb4330a742b8a523a27dd8318e7ac752afff20c2f3e03f7deab4de09a7
V|C|R60_18|CONVERGE|Marco Venn|PRIMARY|Marco Venn,2,2026|Luis Okafor,2,2026|primary=zorbian.com newest=Marco Venn@2026 superseded=- cond4=corrob|f85a69347496c19223d38c6fa6a34cba2de0569c9068066ee8927c16e488ac8c
V|C|R60_19|CONVERGE|Petra Halvorsen|PRIMARY|Petra Halvorsen,2,2026|Dario Mensah,2,2026|primary=quellar.org newest=Petra Halvorsen@2026 superseded=- cond4=corrob|6ce956e653d2c8a62b4f81298a15e377fd1f4976f2823300810fc17fca9577d5
V|C|R70_00|CONVERGE|Ines Kovac|PRIMARY|Ines Kovac,2,2026|Tomas Reyes,2,2026|primary=myndax.net newest=Ines Kovac@2026 superseded=- cond4=corrob|a84213ba13416097dad1c2d9b919b0ea2e15d65a1a40ffc0b6e040b9fe22526e
V|C|R70_01|CONVERGE|Anya Petrova|PRIMARY|Anya Petrova,2,2026|Kwame Diallo,2,2026|primary=velkora.io newest=Anya Petrova@2026 superseded=- cond4=corrob|35f5f66dc00619ae8c11e455d71dd29b11300ad63724015282cd6b65cdb8e68d
V|C|R70_02|CONVERGE|Sofia Marchetti|PRIMARY|Sofia Marchetti,2,2026|Jonas Lindqvist,2,2026|primary=dravnik.com newest=Sofia Marchetti@2026 superseded=- cond4=corrob|54da338000ef1ae5c2473a47d3ff8df3ca370bf0f0085e3830977cc7e7357ec1
V|C|R70_03|CONVERGE|Ravi Chandran|PRIMARY|Ravi Chandran,2,2026|Elena Vasquez,2,2026|primary=osselyn.org newest=Ravi Chandran@2026 superseded=- cond4=corrob|4ed2abe254db1e5327071db2a2fa3784a27d3f09e364727d17a35f4162527971
V|C|R70_04|CONVERGE|Marco Venn|PRIMARY|Marco Venn,2,2026|Luis Okafor,2,2026|primary=zorbian.com newest=Marco Venn@2026 superseded=- cond4=corrob|7f6752ad9511c60017f26e89120d8102ef1f08f2d68d173b50cc6a3326b4b259
V|C|R70_05|CONVERGE|Petra Halvorsen|PRIMARY|Petra Halvorsen,2,2026|Dario Mensah,2,2026|primary=quellar.org newest=Petra Halvorsen@2026 superseded=- cond4=corrob|ae6b69393f7102365ed78752f6750a259c2629efdbf3ce686a00f5d19c5580e4
V|C|R70_06|CONVERGE|Ines Kovac|PRIMARY|Ines Kovac,2,2026|Tomas Reyes,2,2026|primary=myndax.net newest=Ines Kovac@2026 superseded=- cond4=corrob|c161385507f2e5c55c9cda2306ce399b18229c10dde9b71c1b14785283c65b86
V|C|R70_07|CONVERGE|Anya Petrova|PRIMARY|Anya Petrova,2,2026|Kwame Diallo,2,2026|primary=velkora.io newest=Anya Petrova@2026 superseded=- cond4=corrob|c6ccbb32325348fa3aede7b1d30098c3fa2d95ee58b09e0788dcd1637989258c
V|C|R70_08|CONVERGE|Sofia Marchetti|PRIMARY|Sofia Marchetti,2,2026|Jonas Lindqvist,2,2026|primary=dravnik.com newest=Sofia Marchetti@2026 superseded=- cond4=corrob|b720b41c6c2914b751313a0b68e1ecdda31fa528526c6b6605e05a06ea78a78f
V|C|R70_09|CONVERGE|Ravi Chandran|PRIMARY|Ravi Chandran,2,2026|Elena Vasquez,2,2026|primary=osselyn.org newest=Ravi Chandran@2026 superseded=- cond4=corrob|030f60490d50e678d0b47422dd1a3d33ccfd0b5bd01b14bba7e21be3c4230e27
V|C|R70_10|CONVERGE|Marco Venn|PRIMARY|Marco Venn,2,2026|Luis Okafor,2,2026|primary=zorbian.com newest=Marco Venn@2026 superseded=- cond4=corrob|b304e6d343a80f3977689f1b23ce14b78eb08782f1a2f58e7f3b6f449388d5fc
V|C|R70_11|CONVERGE|Petra Halvorsen|PRIMARY|Petra Halvorsen,2,2026|Dario Mensah,2,2026|primary=quellar.org newest=Petra Halvorsen@2026 superseded=- cond4=corrob|620a0e21c0a843c6a46ad6d3d4228ca4607e5c4cd7648e5b7707796783e91897
V|C|R70_12|CONVERGE|Ines Kovac|PRIMARY|Ines Kovac,2,2026|Tomas Reyes,2,2026|primary=myndax.net newest=Ines Kovac@2026 superseded=- cond4=corrob|487e73bcdafad24f9035928165970ba0c11a959ed3e175c3c368128d4c2c5d46
V|C|R70_13|CONVERGE|Anya Petrova|PRIMARY|Anya Petrova,2,2026|Kwame Diallo,2,2026|primary=velkora.io newest=Anya Petrova@2026 superseded=- cond4=corrob|446b13310d5afe88d8215cc17e48b9382759ba5501bbb4b24111c9a61a50fc4d
V|C|R70_14|CONVERGE|Sofia Marchetti|PRIMARY|Sofia Marchetti,2,2026|Jonas Lindqvist,2,2026|primary=dravnik.com newest=Sofia Marchetti@2026 superseded=- cond4=corrob|f14a2285177350c23b99a530ace49b3dbd75f1debd3bc4bfa910f379233df390
V|C|R70_15|CONVERGE|Ravi Chandran|PRIMARY|Ravi Chandran,2,2026|Elena Vasquez,2,2026|primary=osselyn.org newest=Ravi Chandran@2026 superseded=- cond4=corrob|f386a7ea16655466218f5c6d5907511c8255f90efe6c151b75cf82fa48be6de1
V|C|R70_16|CONVERGE|Marco Venn|PRIMARY|Marco Venn,2,2026|Luis Okafor,2,2026|primary=zorbian.com newest=Marco Venn@2026 superseded=- cond4=corrob|3e43bd52b08af0e195cd0612362c473add8c1c5e525bd1a6168d8c58f35e6af6
V|C|R70_17|CONVERGE|Petra Halvorsen|PRIMARY|Petra Halvorsen,2,2026|Dario Mensah,2,2026|primary=quellar.org newest=Petra Halvorsen@2026 superseded=- cond4=corrob|ee52606ec3bc69f340511f8cf0128634cc5ae581286454cc5ac03b95552a7e3d
V|C|R70_18|CONVERGE|Ines Kovac|PRIMARY|Ines Kovac,2,2026|Tomas Reyes,2,2026|primary=myndax.net newest=Ines Kovac@2026 superseded=- cond4=corrob|d58151343ee131b31c4fef181e30cb4bfcd0df82409f580716bb457638eca492
V|C|R70_19|CONVERGE|Anya Petrova|PRIMARY|Anya Petrova,2,2026|Kwame Diallo,2,2026|primary=velkora.io newest=Anya Petrova@2026 superseded=- cond4=corrob|a42a30c7252a487f85c40c93589329e965359ec6665738b765011552780051b7
V|C|R80_00|CONVERGE|Sofia Marchetti|PRIMARY|Sofia Marchetti,2,2026|Jonas Lindqvist,2,2026|primary=dravnik.com newest=Sofia Marchetti@2026 superseded=- cond4=corrob|d37284a6b2a3fc4748f4316e09a182836b7adf207d69e4c0e71e8253f3568f98
V|C|R80_01|CONVERGE|Ravi Chandran|PRIMARY|Ravi Chandran,2,2026|Elena Vasquez,2,2026|primary=osselyn.org newest=Ravi Chandran@2026 superseded=- cond4=corrob|7cd48cfa6f98d20ec58136247844f327221d45cc264af01584d21ec5db7e2b7a
V|C|R80_02|CONVERGE|Marco Venn|PRIMARY|Marco Venn,2,2026|Luis Okafor,2,2026|primary=zorbian.com newest=Marco Venn@2026 superseded=- cond4=corrob|f9ee53a90684a0562790b7de7fe7c8d26b2ee45a5b969aacb27a925b4963ec09
V|C|R80_03|CONVERGE|Petra Halvorsen|PRIMARY|Petra Halvorsen,2,2026|Dario Mensah,2,2026|primary=quellar.org newest=Petra Halvorsen@2026 superseded=- cond4=corrob|c04fa9d14fddeb2108beaa96433d27ac39dd23b7dc64b263643fe9dfeb155f4b
V|C|R80_04|CONVERGE|Ines Kovac|PRIMARY|Ines Kovac,2,2026|Tomas Reyes,2,2026|primary=myndax.net newest=Ines Kovac@2026 superseded=- cond4=corrob|408c13284e55a47ecdf77a38d537fb6871eec0ff4ea139c8330323e1451838f6
V|C|R80_05|CONVERGE|Anya Petrova|PRIMARY|Anya Petrova,2,2026|Kwame Diallo,2,2026|primary=velkora.io newest=Anya Petrova@2026 superseded=- cond4=corrob|7d8d67b0484617acd68b8959c3c221825bbc87f9d5e073cfeb69e260843296a1
V|C|R80_06|CONVERGE|Sofia Marchetti|PRIMARY|Sofia Marchetti,2,2026|Jonas Lindqvist,2,2026|primary=dravnik.com newest=Sofia Marchetti@2026 superseded=- cond4=corrob|12c1149a87dda2964b2c7d7c145f6410ab60c0af4bcb60851fdb4368bf41164b
V|C|R80_07|CONVERGE|Ravi Chandran|PRIMARY|Ravi Chandran,2,2026|Elena Vasquez,2,2026|primary=osselyn.org newest=Ravi Chandran@2026 superseded=- cond4=corrob|70ec91765e0c9b979010420b7c1db7b7fe33b0d4737792547cdd28fafdce313d
V|C|R80_08|CONVERGE|Marco Venn|PRIMARY|Marco Venn,2,2026|Luis Okafor,2,2026|primary=zorbian.com newest=Marco Venn@2026 superseded=- cond4=corrob|915eb60e428a01a37e0387a61221123e73c8feca1e273b9be2e8fc720a08896f
V|C|R80_09|CONVERGE|Petra Halvorsen|PRIMARY|Petra Halvorsen,2,2026|Dario Mensah,2,2026|primary=quellar.org newest=Petra Halvorsen@2026 superseded=- cond4=corrob|fc0ec0918976f0d9479e84bc8c20f25e9a7d8731814a9419865bf900affb8338
V|C|R80_10|CONVERGE|Ines Kovac|PRIMARY|Ines Kovac,2,2026|Tomas Reyes,2,2026|primary=myndax.net newest=Ines Kovac@2026 superseded=- cond4=corrob|fc13b5f955ace70449b6b0f6e80c5773f92c9615d3ab114468931c874c5b665a
V|C|R80_11|CONVERGE|Anya Petrova|PRIMARY|Anya Petrova,2,2026|Kwame Diallo,2,2026|primary=velkora.io newest=Anya Petrova@2026 superseded=- cond4=corrob|2ae0b63c26850e100345e45569064d4a4dcf2f1132e0fe69cae9e1aa849bfc65
V|C|R80_12|CONVERGE|Sofia Marchetti|PRIMARY|Sofia Marchetti,2,2026|Jonas Lindqvist,2,2026|primary=dravnik.com newest=Sofia Marchetti@2026 superseded=- cond4=corrob|a13f5f9d669bae32d49c1871e9d116c5f5e07f764fe22855ba5ad6226f5382a8
V|C|R80_13|CONVERGE|Ravi Chandran|PRIMARY|Ravi Chandran,2,2026|Elena Vasquez,2,2026|primary=osselyn.org newest=Ravi Chandran@2026 superseded=- cond4=corrob|a9ffd9b1d4da6af79f29b3eaccf37f76b86bbcdfeeef30a4457bfd6f04bf07ef
V|C|R80_14|CONVERGE|Marco Venn|PRIMARY|Marco Venn,2,2026|Luis Okafor,2,2026|primary=zorbian.com newest=Marco Venn@2026 superseded=- cond4=corrob|1b8acf128007ee0f4502d160169c749fb3d5f4b6cff4733a0ae04e2f0e8e3221
V|C|R80_15|CONVERGE|Petra Halvorsen|PRIMARY|Petra Halvorsen,2,2026|Dario Mensah,2,2026|primary=quellar.org newest=Petra Halvorsen@2026 superseded=- cond4=corrob|80a2eee9396dcf8606ad03698e1581a91512d1d21fdc96589ba1856ec02c1a1d
V|C|R80_16|CONVERGE|Ines Kovac|PRIMARY|Ines Kovac,2,2026|Tomas Reyes,2,2026|primary=myndax.net newest=Ines Kovac@2026 superseded=- cond4=corrob|88b7e39967a7944bd902758334823ac7be50d06d312ebc97c37014a6fbcdc3ec
V|C|R80_17|CONVERGE|Anya Petrova|PRIMARY|Anya Petrova,2,2026|Kwame Diallo,2,2026|primary=velkora.io newest=Anya Petrova@2026 superseded=- cond4=corrob|25d2f97a7ea64b7d6febf29820b114d1f947d256174a2088c838e32eca887769
V|C|R80_18|CONVERGE|Sofia Marchetti|PRIMARY|Sofia Marchetti,2,2026|Jonas Lindqvist,2,2026|primary=dravnik.com newest=Sofia Marchetti@2026 superseded=- cond4=corrob|952d742675cc241d22450c261db6f5395264a0332c5d294a9f64b0ab350be2eb
V|C|R80_19|CONVERGE|Ravi Chandran|PRIMARY|Ravi Chandran,2,2026|Elena Vasquez,2,2026|primary=osselyn.org newest=Ravi Chandran@2026 superseded=- cond4=corrob|e6ade6b04fc25678af070232d0be1ddf4345c6276572ad4e783141437379f998
V|C|R90_00|CONVERGE|Marco Venn|PRIMARY|Marco Venn,2,2026|Luis Okafor,2,2026|primary=zorbian.com newest=Marco Venn@2026 superseded=- cond4=corrob|49373db95421d2c48e850003f24d82abad0b7b0258025b932206cef41600fc0e
V|C|R90_01|CONVERGE|Petra Halvorsen|PRIMARY|Petra Halvorsen,2,2026|Dario Mensah,2,2026|primary=quellar.org newest=Petra Halvorsen@2026 superseded=- cond4=corrob|ab8571d75462bf42384daedfd34df4279d6df3f755cd7728b0c53169ab1a8268
V|C|R90_02|CONVERGE|Ines Kovac|PRIMARY|Ines Kovac,2,2026|Tomas Reyes,2,2026|primary=myndax.net newest=Ines Kovac@2026 superseded=- cond4=corrob|1deca233500ec5c1c6c2968b798666bce3fa4b5c79ccf300827d8368eb9851e1
V|C|R90_03|CONVERGE|Anya Petrova|PRIMARY|Anya Petrova,2,2026|Kwame Diallo,2,2026|primary=velkora.io newest=Anya Petrova@2026 superseded=- cond4=corrob|ea318e9da9beeec6101e91df367f8c055d08d6f7880d5516f9ce44f5ce54466b
V|C|R90_04|CONVERGE|Sofia Marchetti|PRIMARY|Sofia Marchetti,2,2026|Jonas Lindqvist,2,2026|primary=dravnik.com newest=Sofia Marchetti@2026 superseded=- cond4=corrob|0daded35c9b92a1b8daa3d39b2547a84e0613d6d7333294322797097e1c37a2c
V|C|R90_05|CONVERGE|Ravi Chandran|PRIMARY|Ravi Chandran,2,2026|Elena Vasquez,2,2026|primary=osselyn.org newest=Ravi Chandran@2026 superseded=- cond4=corrob|f02e78455c9a71892a7d521911eedec502ed82382216d7ef8d22c3fb0ab1fba9
V|C|R90_06|CONVERGE|Marco Venn|PRIMARY|Marco Venn,2,2026|Luis Okafor,2,2026|primary=zorbian.com newest=Marco Venn@2026 superseded=- cond4=corrob|ccfbca22f5d14dc41fb64eebac88fc271ba1bb75e7da4253a584e9eef8c7e693
V|C|R90_07|CONVERGE|Petra Halvorsen|PRIMARY|Petra Halvorsen,2,2026|Dario Mensah,2,2026|primary=quellar.org newest=Petra Halvorsen@2026 superseded=- cond4=corrob|ec8d37d070301b9f9b690e65440f3a6f6a6060fa5d2b5d61ace38b71db4ee458
V|C|R90_08|CONVERGE|Ines Kovac|PRIMARY|Ines Kovac,2,2026|Tomas Reyes,2,2026|primary=myndax.net newest=Ines Kovac@2026 superseded=- cond4=corrob|14f8f66bf453e0ac46b5e6ae7df395834119c43eceef417b990fcb947b78998e
V|C|R90_09|CONVERGE|Anya Petrova|PRIMARY|Anya Petrova,2,2026|Kwame Diallo,2,2026|primary=velkora.io newest=Anya Petrova@2026 superseded=- cond4=corrob|13131499571788f28a19d0e2b2c0f5247423e87ddb3b9653344b818aff60a596
V|C|R90_10|CONVERGE|Sofia Marchetti|PRIMARY|Sofia Marchetti,2,2026|Jonas Lindqvist,2,2026|primary=dravnik.com newest=Sofia Marchetti@2026 superseded=- cond4=corrob|cb923977f526ffc6d7d72f423c10274fcae764ad36cdb75c74bc70224bb03fc8
V|C|R90_11|CONVERGE|Ravi Chandran|PRIMARY|Ravi Chandran,2,2026|Elena Vasquez,2,2026|primary=osselyn.org newest=Ravi Chandran@2026 superseded=- cond4=corrob|ded9e28d427da97b0f192fcabdeab43d075091404a8aa4b643290c38a78df965
V|C|R90_12|CONVERGE|Marco Venn|PRIMARY|Marco Venn,2,2026|Luis Okafor,2,2026|primary=zorbian.com newest=Marco Venn@2026 superseded=- cond4=corrob|0faf1b9b87cc910d6e808400a47d15dd74144ae36ee828a54c7c3b020ea49a5f
V|C|R90_13|CONVERGE|Petra Halvorsen|PRIMARY|Petra Halvorsen,2,2026|Dario Mensah,2,2026|primary=quellar.org newest=Petra Halvorsen@2026 superseded=- cond4=corrob|01b1c3e243504e8c91beaf22b033ffa223c00517c2e02434fd959340fd60fcdc
V|C|R90_14|CONVERGE|Ines Kovac|PRIMARY|Ines Kovac,2,2026|Tomas Reyes,2,2026|primary=myndax.net newest=Ines Kovac@2026 superseded=- cond4=corrob|4de26f30004473ebdb2b6ae0bfed8a818ee3720b75431f83cfbcb371e61840e1
V|C|R90_15|CONVERGE|Anya Petrova|PRIMARY|Anya Petrova,2,2026|Kwame Diallo,2,2026|primary=velkora.io newest=Anya Petrova@2026 superseded=- cond4=corrob|e3177d7d355571122b7aec417b9b243b2269a494d7dfa824353df7fcbe60c427
V|C|R90_16|CONVERGE|Sofia Marchetti|PRIMARY|Sofia Marchetti,2,2026|Jonas Lindqvist,2,2026|primary=dravnik.com newest=Sofia Marchetti@2026 superseded=- cond4=corrob|2375a19a0a9755d840ba5c720cc56d4680e6043072402befbc6eddcdb1076d11
V|C|R90_17|CONVERGE|Ravi Chandran|PRIMARY|Ravi Chandran,2,2026|Elena Vasquez,2,2026|primary=osselyn.org newest=Ravi Chandran@2026 superseded=- cond4=corrob|f121abf78e059a2bd7f36e4f92d30c2b5048acc5b4ac5ffc7b11ab4d0204a486
V|C|R90_18|CONVERGE|Marco Venn|PRIMARY|Marco Venn,2,2026|Luis Okafor,2,2026|primary=zorbian.com newest=Marco Venn@2026 superseded=- cond4=corrob|8ae606e51e9a4cd4e03fdcb63842e7d24c4744578a6161bcaf7ec569b997cdb9
V|C|R90_19|CONVERGE|Petra Halvorsen|PRIMARY|Petra Halvorsen,2,2026|Dario Mensah,2,2026|primary=quellar.org newest=Petra Halvorsen@2026 superseded=- cond4=corrob|407ec325a065e604b3ed51c914f066fa1e21c2ad9add38e0db32bc921a40f7d2
V|C|R95_00|CONVERGE|Ines Kovac|PRIMARY|Ines Kovac,2,2026|Tomas Reyes,2,2026|primary=myndax.net newest=Ines Kovac@2026 superseded=- cond4=corrob|ff56802cb702ec7ad99f60311fd50a0e40b9296bf71bff3c03eaa4ebf96bf6ad
V|C|R95_01|CONVERGE|Anya Petrova|PRIMARY|Anya Petrova,2,2026|Kwame Diallo,2,2026|primary=velkora.io newest=Anya Petrova@2026 superseded=- cond4=corrob|56bae2223582a6f470788227bc962f4122c72473bf3588a9220e4d35acbc806a
V|C|R95_02|CONVERGE|Sofia Marchetti|PRIMARY|Sofia Marchetti,2,2026|Jonas Lindqvist,2,2026|primary=dravnik.com newest=Sofia Marchetti@2026 superseded=- cond4=corrob|8e5f11179fe6f3701fe7a67388c7487282b7317a70bf3b362f8b449629dd442c
V|C|R95_03|CONVERGE|Ravi Chandran|PRIMARY|Ravi Chandran,2,2026|Elena Vasquez,2,2026|primary=osselyn.org newest=Ravi Chandran@2026 superseded=- cond4=corrob|bcf8d05f4b8705f78c74683e177b67a5dcdfd59f368df5c7362ef7b63eeab241
V|C|R95_04|CONVERGE|Marco Venn|PRIMARY|Marco Venn,2,2026|Luis Okafor,2,2026|primary=zorbian.com newest=Marco Venn@2026 superseded=- cond4=corrob|ad3d6421af32288471e9f0a8085ece21ace66fdf31861927dd0d56054e021626
V|C|R95_05|CONVERGE|Petra Halvorsen|PRIMARY|Petra Halvorsen,2,2026|Dario Mensah,2,2026|primary=quellar.org newest=Petra Halvorsen@2026 superseded=- cond4=corrob|5ff0fecddd7f9ab78a9b8893111edde4d5fffa2616b3cb77c3fb067b42d16f4e
V|C|R95_06|CONVERGE|Ines Kovac|PRIMARY|Ines Kovac,2,2026|Tomas Reyes,2,2026|primary=myndax.net newest=Ines Kovac@2026 superseded=- cond4=corrob|f0bdae070a4673030b625517bce5bd86dc9dc84ff874a6cd77a1856cedaeeeed
V|C|R95_07|CONVERGE|Anya Petrova|PRIMARY|Anya Petrova,2,2026|Kwame Diallo,2,2026|primary=velkora.io newest=Anya Petrova@2026 superseded=- cond4=corrob|42bcb12636a3f840dea7926b4d615ca6d34b9bdee37b2f8fdde693bfa8e5e976
V|C|R95_08|CONVERGE|Sofia Marchetti|PRIMARY|Sofia Marchetti,2,2026|Jonas Lindqvist,2,2026|primary=dravnik.com newest=Sofia Marchetti@2026 superseded=- cond4=corrob|0890566c79a07b2973f202ffa2d48f801e570a895ea267fb84f699d63427ba77
V|C|R95_09|CONVERGE|Ravi Chandran|PRIMARY|Ravi Chandran,2,2026|Elena Vasquez,2,2026|primary=osselyn.org newest=Ravi Chandran@2026 superseded=- cond4=corrob|20671e930608a06b9f96852b117c4b45510cb9f712e8383b955304066e81b24f
V|C|R95_10|CONVERGE|Marco Venn|PRIMARY|Marco Venn,2,2026|Luis Okafor,2,2026|primary=zorbian.com newest=Marco Venn@2026 superseded=- cond4=corrob|25e3d34eed8ca2ed480caa6fb9e8012bafc7c8ade6837b042eb6eba1851c0735
V|C|R95_11|CONVERGE|Petra Halvorsen|PRIMARY|Petra Halvorsen,2,2026|Dario Mensah,2,2026|primary=quellar.org newest=Petra Halvorsen@2026 superseded=- cond4=corrob|b701f9bfd8ed02b41b85639282e4c106311e82e7e08ac4cd0d0c816a5a14c3e5
V|C|R95_12|CONVERGE|Ines Kovac|PRIMARY|Ines Kovac,2,2026|Tomas Reyes,2,2026|primary=myndax.net newest=Ines Kovac@2026 superseded=- cond4=corrob|55779db546b9164fff0cd51ea2c6f29f3b6057087c5ff134aa0e5571acb8d7d1
V|C|R95_13|CONVERGE|Anya Petrova|PRIMARY|Anya Petrova,2,2026|Kwame Diallo,2,2026|primary=velkora.io newest=Anya Petrova@2026 superseded=- cond4=corrob|908a5a5321b139a14a1660d2eb0dd69cde303d63cbf9ca9b7ee142d0abcc106b
V|C|R95_14|CONVERGE|Sofia Marchetti|PRIMARY|Sofia Marchetti,2,2026|Jonas Lindqvist,2,2026|primary=dravnik.com newest=Sofia Marchetti@2026 superseded=- cond4=corrob|056a060fab524c2ae70011e3bc66d0c9c1534029a498c0343f6cf92a04598ac7
V|C|R95_15|CONVERGE|Ravi Chandran|PRIMARY|Ravi Chandran,2,2026|Elena Vasquez,2,2026|primary=osselyn.org newest=Ravi Chandran@2026 superseded=- cond4=corrob|1408d5c5e94341acc61943cc8860db0f9dbd33ccc86c54d91fb51cae865a4ab2
V|C|R95_16|CONVERGE|Marco Venn|PRIMARY|Marco Venn,2,2026|Luis Okafor,2,2026|primary=zorbian.com newest=Marco Venn@2026 superseded=- cond4=corrob|55af2ff079743cf520e4a9585647123a768054dad8262de8d002b6d0b5143d0e
V|C|R95_17|CONVERGE|Petra Halvorsen|PRIMARY|Petra Halvorsen,2,2026|Dario Mensah,2,2026|primary=quellar.org newest=Petra Halvorsen@2026 superseded=- cond4=corrob|3be5152165e9a9f8869a18cf61b1db72b65b665a7cc5f1681f44122b6c3e799a
V|C|R95_18|CONVERGE|Ines Kovac|PRIMARY|Ines Kovac,2,2026|Tomas Reyes,2,2026|primary=myndax.net newest=Ines Kovac@2026 superseded=- cond4=corrob|946d03cfa020647f7817db06d3fa55bf1847edc9c025d0fac2a0a949821e3c70
V|C|R95_19|CONVERGE|Anya Petrova|PRIMARY|Anya Petrova,2,2026|Kwame Diallo,2,2026|primary=velkora.io newest=Anya Petrova@2026 superseded=- cond4=corrob|9cdcc955c34aaba105e63b1d87ffb8462a5325f82ead618a88c55295664350ee
V|C|R99_00|CONVERGE|Sofia Marchetti|PRIMARY|Sofia Marchetti,2,2026|Jonas Lindqvist,2,2026|primary=dravnik.com newest=Sofia Marchetti@2026 superseded=- cond4=corrob|b5e343ab2c19d3ae1e41f2e5aa34acf23d46c4c47bccf5c24b176cbcbee69d67
V|C|R99_01|CONVERGE|Ravi Chandran|PRIMARY|Ravi Chandran,2,2026|Elena Vasquez,2,2026|primary=osselyn.org newest=Ravi Chandran@2026 superseded=- cond4=corrob|9c0ced6a5f4903fb8ec9a9976b7b9c1779be8237d1e352530a94d075554efe8e
V|C|R99_02|CONVERGE|Marco Venn|PRIMARY|Marco Venn,2,2026|Luis Okafor,2,2026|primary=zorbian.com newest=Marco Venn@2026 superseded=- cond4=corrob|0855d0ba0cca69c9cd4bc50bed442bdf92404c577056e4dd63fc39942fd301b7
V|C|R99_03|CONVERGE|Petra Halvorsen|PRIMARY|Petra Halvorsen,2,2026|Dario Mensah,2,2026|primary=quellar.org newest=Petra Halvorsen@2026 superseded=- cond4=corrob|18a6042ecab9cb9015e5780024b317bfe751faba5417d6f0246d1ee55a19be0d
V|C|R99_04|CONVERGE|Ines Kovac|PRIMARY|Ines Kovac,2,2026|Tomas Reyes,2,2026|primary=myndax.net newest=Ines Kovac@2026 superseded=- cond4=corrob|b72d581274e7f0c1a5c9d8cb105959cfcb1759b41a27f593962ed6060599e47b
V|C|R99_05|CONVERGE|Anya Petrova|PRIMARY|Anya Petrova,2,2026|Kwame Diallo,2,2026|primary=velkora.io newest=Anya Petrova@2026 superseded=- cond4=corrob|7760f0151915c83f42a2d9d83093f7b68c197d7ffcfcd671fbc53937db7f9f7f
V|C|R99_06|CONVERGE|Sofia Marchetti|PRIMARY|Sofia Marchetti,2,2026|Jonas Lindqvist,2,2026|primary=dravnik.com newest=Sofia Marchetti@2026 superseded=- cond4=corrob|f2764ec37d84e77f3345629fbbf212439e46f809031cca38ce2c21474feb9779
V|C|R99_07|CONVERGE|Ravi Chandran|PRIMARY|Ravi Chandran,2,2026|Elena Vasquez,2,2026|primary=osselyn.org newest=Ravi Chandran@2026 superseded=- cond4=corrob|568f2a1aad84d0e1de988d3446b1d5b7c204a3e44d8b8874c14cfe2ba60a9081
V|C|R99_08|CONVERGE|Marco Venn|PRIMARY|Marco Venn,2,2026|Luis Okafor,2,2026|primary=zorbian.com newest=Marco Venn@2026 superseded=- cond4=corrob|2ef2709ed0addfb7b64debed139040ee947006bdcd06c220bb8ed07edfcb3915
V|C|R99_09|CONVERGE|Petra Halvorsen|PRIMARY|Petra Halvorsen,2,2026|Dario Mensah,2,2026|primary=quellar.org newest=Petra Halvorsen@2026 superseded=- cond4=corrob|767907c1a22dde22fd62ac385e4ed52e50177eb63e69e923970f06bb20214775
V|C|R99_10|CONVERGE|Ines Kovac|PRIMARY|Ines Kovac,2,2026|Tomas Reyes,2,2026|primary=myndax.net newest=Ines Kovac@2026 superseded=- cond4=corrob|93d89ca097443bb2cc9b6a81c009ae5b231b32b79df0473a36bb0a70117e9a7d
V|C|R99_11|CONVERGE|Anya Petrova|PRIMARY|Anya Petrova,2,2026|Kwame Diallo,2,2026|primary=velkora.io newest=Anya Petrova@2026 superseded=- cond4=corrob|7b9aaec8a29ff5ad38ae7a22679f022fe72baba6f0a4d20b9cf2a9f6ac72139d
V|C|R99_12|CONVERGE|Sofia Marchetti|PRIMARY|Sofia Marchetti,2,2026|Jonas Lindqvist,2,2026|primary=dravnik.com newest=Sofia Marchetti@2026 superseded=- cond4=corrob|24ca19a720083cd3fc99b22dcc768b860ccd802c7794d4a7e9d3b3cab00946b7
V|C|R99_13|CONVERGE|Ravi Chandran|PRIMARY|Ravi Chandran,2,2026|Elena Vasquez,2,2026|primary=osselyn.org newest=Ravi Chandran@2026 superseded=- cond4=corrob|8650ef7ef7c15f255e5b5213abe268b86c74b13183dc34d0a428260a2911a681
V|C|R99_14|CONVERGE|Marco Venn|PRIMARY|Marco Venn,2,2026|Luis Okafor,2,2026|primary=zorbian.com newest=Marco Venn@2026 superseded=- cond4=corrob|f90bf6398ff518d066060b3dfc46e255e3a6383b3e0fee613ac4e56744032a20
V|C|R99_15|CONVERGE|Petra Halvorsen|PRIMARY|Petra Halvorsen,2,2026|Dario Mensah,2,2026|primary=quellar.org newest=Petra Halvorsen@2026 superseded=- cond4=corrob|9bb2bcf53af600b2769452e0b1b16d33e2f8d06a9f5f2dd6a3cc3c0bc9786ef5
V|C|R99_16|CONVERGE|Ines Kovac|PRIMARY|Ines Kovac,2,2026|Tomas Reyes,2,2026|primary=myndax.net newest=Ines Kovac@2026 superseded=- cond4=corrob|3904dfb6168607e315d7bb0d9d7fbff1b6f29a9e7f778877a2c2933bd28f1c15
V|C|R99_17|CONVERGE|Anya Petrova|PRIMARY|Anya Petrova,2,2026|Kwame Diallo,2,2026|primary=velkora.io newest=Anya Petrova@2026 superseded=- cond4=corrob|ef304060371ca624c26fcb14f41732fb9073dc17e5df5c7dd2fb40675741eb07
V|C|R99_18|CONVERGE|Sofia Marchetti|PRIMARY|Sofia Marchetti,2,2026|Jonas Lindqvist,2,2026|primary=dravnik.com newest=Sofia Marchetti@2026 superseded=- cond4=corrob|b1be45ef9ce8f464ea0c93fb2f5afccfee1de8f35454a2ddcdef0583826f997a
V|C|R99_19|CONVERGE|Ravi Chandran|PRIMARY|Ravi Chandran,2,2026|Elena Vasquez,2,2026|primary=osselyn.org newest=Ravi Chandran@2026 superseded=- cond4=corrob|548a25d54c1acdcaebe03e2823f586cbd54079d075b98363bbd2246476498e0e
V|C|U30_00|WITHHOLD||TIE|Marco Venn,1,2026|Dario Mensah,1,2026|Ines Kovac,1,2026||0c3e66cd7f12b4c972d488f13e6cf94d114ba580841a2341e66e351b564670f5
V|C|U30_01|WITHHOLD||TIE|Petra Halvorsen,1,2026|Tomas Reyes,1,2026|Anya Petrova,1,2026||86c0ff0c315b8a987f4a0c5ed41d6a742c5b9c0ec77f0aa4a97779ecebf20ef9
V|C|U30_02|WITHHOLD||TIE|Ines Kovac,1,2026|Kwame Diallo,1,2026|Sofia Marchetti,1,2026||74a5dd1f7371fe38b5a73af42d6fe8b6d1e03edbffea90ce1aedd90f3b3c14c4
V|C|U30_03|WITHHOLD||TIE|Anya Petrova,1,2026|Jonas Lindqvist,1,2026|Ravi Chandran,1,2026||335e461e211af7c584e17e398f0083d860139432d3e5a0d8a2bbeb4db8f92338
V|C|U30_04|WITHHOLD||TIE|Sofia Marchetti,1,2026|Elena Vasquez,1,2026|Marco Venn,1,2026||caf93bab37e577891ae9fbd5b1c10e712cbf2fd6d9920dfe35797fc86d1c7204
V|C|U30_05|WITHHOLD||TIE|Ravi Chandran,1,2026|Luis Okafor,1,2026|Petra Halvorsen,1,2026||ea1631bc26b5dba96cdcdd7855e5af53605f3d6ba87a8ccd3e18f56c01685fec
V|C|U30_06|WITHHOLD||TIE|Marco Venn,1,2026|Dario Mensah,1,2026|Ines Kovac,1,2026||d30a5af43152f8e1c0ba2eb1a2c6bef2f07bae3d25f3a1d6c15bfda8085a99c7
V|C|U30_07|WITHHOLD||TIE|Petra Halvorsen,1,2026|Tomas Reyes,1,2026|Anya Petrova,1,2026||853e91fca2a9f0b425d5f8ab6d312f33e96f2844b115ee0027368285c62a2f06
V|C|U30_08|WITHHOLD||TIE|Ines Kovac,1,2026|Kwame Diallo,1,2026|Sofia Marchetti,1,2026||729038838b92a7917879e5204701b2a58ff0125f7c3e559346a551ec9cfccc15
V|C|U30_09|WITHHOLD||TIE|Anya Petrova,1,2026|Jonas Lindqvist,1,2026|Ravi Chandran,1,2026||c0e55b5174740c95631e80a5f2aa5a65f479f33ade58f386b8825a0818e49a52
V|C|U30_10|WITHHOLD||TIE|Sofia Marchetti,1,2026|Elena Vasquez,1,2026|Marco Venn,1,2026||cb50880c2b0845209cf96df8c6d4ecf90407280198617aeba15de30a3efab446
V|C|U30_11|WITHHOLD||TIE|Ravi Chandran,1,2026|Luis Okafor,1,2026|Petra Halvorsen,1,2026||703a0d0c4a22d715171e3713ba610606fb5808fa4acf274e5a6fc3136be5ec42
V|C|U30_12|WITHHOLD||TIE|Marco Venn,1,2026|Dario Mensah,1,2026|Ines Kovac,1,2026||8a5cee407f67bc3965a7342f6647d884cfb0ac0918f6f50065bc5986fcdec343
V|C|U30_13|WITHHOLD||TIE|Petra Halvorsen,1,2026|Tomas Reyes,1,2026|Anya Petrova,1,2026||195e323085ddbbdfbf8171a4cbe42f13fa4da3716dcaa7d37b6fad0a6ed2bd02
V|C|U30_14|WITHHOLD||TIE|Ines Kovac,1,2026|Kwame Diallo,1,2026|Sofia Marchetti,1,2026||16ade0620edc6f52b85ef48336ece9fe1298a86ecd29e998d5686eff9f7a6f1e
V|C|U30_15|WITHHOLD||TIE|Anya Petrova,1,2026|Jonas Lindqvist,1,2026|Ravi Chandran,1,2026||fb5d7ea40a58f1df6c0cd3401d68521ab40b923e8c0ce098e1f28394bd314435
V|C|U30_16|WITHHOLD||TIE|Sofia Marchetti,1,2026|Elena Vasquez,1,2026|Marco Venn,1,2026||ad31deecbeedd66a7f50f11fd9ab29d2d204e3abcb66896ed916491947a4cdd7
V|C|U30_17|WITHHOLD||TIE|Ravi Chandran,1,2026|Luis Okafor,1,2026|Petra Halvorsen,1,2026||b8447ab81592695b71f7b646d8203ab3a59a49782d4d848ad6ad998ff471bcc5
V|C|U30_18|WITHHOLD||TIE|Marco Venn,1,2026|Dario Mensah,1,2026|Ines Kovac,1,2026||2be204014973ad20f752f4d66824b0f74e4e144a8c28f84814bc5382f6002454
V|C|U30_19|WITHHOLD||TIE|Petra Halvorsen,1,2026|Tomas Reyes,1,2026|Anya Petrova,1,2026||1675c847ddde8ff45926c4d44d4e15f5c42bdfa67b61cef3b3d8ca39171207ce
V|C|U40_00|WITHHOLD||TIE|Ines Kovac,1,2026|Kwame Diallo,1,2026|Sofia Marchetti,1,2026||9adc67b3a4952f8d5edff9d4322a6e05d2f58a0fcce30262b725ee3254aed0b0
V|C|U40_01|WITHHOLD||TIE|Anya Petrova,1,2026|Jonas Lindqvist,1,2026|Ravi Chandran,1,2026||b43c1109f454599745d9f480e38909de63f3a1a9e4cc7879a130a2f75999c197
V|C|U40_02|WITHHOLD||TIE|Sofia Marchetti,1,2026|Elena Vasquez,1,2026|Marco Venn,1,2026||9471aaec94841efd21a79342eb20b97e748d2cf895a0a1db94f7c01483d0be69
V|C|U40_03|WITHHOLD||TIE|Ravi Chandran,1,2026|Luis Okafor,1,2026|Petra Halvorsen,1,2026||09a892ccd9eb926bc06084fa779329ed0f483932974bf6f3f1dc83d0c22f1978
V|C|U40_04|WITHHOLD||TIE|Marco Venn,1,2026|Dario Mensah,1,2026|Ines Kovac,1,2026||6af3cc013c03309a27c0ce12f3d038324d423d5a0ef9ab59da6bf2cde3cc2418
V|C|U40_05|WITHHOLD||TIE|Petra Halvorsen,1,2026|Tomas Reyes,1,2026|Anya Petrova,1,2026||f8b420f6d90452cd0d31cdeb4be4f13300b6bf3d1616905b553fafce6c6e48af
V|C|U40_06|WITHHOLD||TIE|Ines Kovac,1,2026|Kwame Diallo,1,2026|Sofia Marchetti,1,2026||084ecb8901394969a331f85dcdd90d335d6e2cc9a1d661f04d0afc79dce26380
V|C|U40_07|WITHHOLD||TIE|Anya Petrova,1,2026|Jonas Lindqvist,1,2026|Ravi Chandran,1,2026||04675ad26e0568ceb6c9f10431d71ac195356004bcb936355011a3e24f1f4bea
V|C|U40_08|WITHHOLD||TIE|Sofia Marchetti,1,2026|Elena Vasquez,1,2026|Marco Venn,1,2026||baae67bbcd3bec7a5cf315411761dd7305497023b7214229034b4dccef9ec00c
V|C|U40_09|WITHHOLD||TIE|Ravi Chandran,1,2026|Luis Okafor,1,2026|Petra Halvorsen,1,2026||5d5d246e2600d77be420236bbb35e8fc4bae2165cfd0686300e131199f11882c
V|C|U40_10|WITHHOLD||TIE|Marco Venn,1,2026|Dario Mensah,1,2026|Ines Kovac,1,2026||4c48d3cf1d890a3764a9c840183a7be208aecaebde151ad942c257c20a8b8151
V|C|U40_11|WITHHOLD||TIE|Petra Halvorsen,1,2026|Tomas Reyes,1,2026|Anya Petrova,1,2026||0ecb2d1b5f42469ee544709cb85eb247656f0428cafc6abb829dc08b8e960808
V|C|U40_12|WITHHOLD||TIE|Ines Kovac,1,2026|Kwame Diallo,1,2026|Sofia Marchetti,1,2026||66e8e489eb624980eddae7d6ea0d9e4732ff9ed5d34668a86a3bfd7e7a9ed0a0
V|C|U40_13|WITHHOLD||TIE|Anya Petrova,1,2026|Jonas Lindqvist,1,2026|Ravi Chandran,1,2026||d0366a660b302b05b4bc626dc2f01ad0877e3630fdeca9128f2d69f0cc34eb27
V|C|U40_14|WITHHOLD||TIE|Sofia Marchetti,1,2026|Elena Vasquez,1,2026|Marco Venn,1,2026||6c99d4637b152858695dd8cdc409cc76535777817e470ac0718684818aa2c141
V|C|U40_15|WITHHOLD||TIE|Ravi Chandran,1,2026|Luis Okafor,1,2026|Petra Halvorsen,1,2026||8ea8d726b7340e734064dd9b4e1bc08db9d8ee7ba92cce3c0f5fa13bc7e3acc1
V|C|U40_16|WITHHOLD||TIE|Marco Venn,1,2026|Dario Mensah,1,2026|Ines Kovac,1,2026||652c55a636ec328236f6b297d0bb2457b70f1460f84d216068f5329f3fead973
V|C|U40_17|WITHHOLD||TIE|Petra Halvorsen,1,2026|Tomas Reyes,1,2026|Anya Petrova,1,2026||97ea9809aa521ceed179d47dd5b5f32d7ae371b7c8abed2c7eee243b626587ce
V|C|U40_18|WITHHOLD||TIE|Ines Kovac,1,2026|Kwame Diallo,1,2026|Sofia Marchetti,1,2026||18d6dff7108bd72d88267a571e0d9dbc41750a119448740c809e180567c3b4c6
V|C|U40_19|WITHHOLD||TIE|Anya Petrova,1,2026|Jonas Lindqvist,1,2026|Ravi Chandran,1,2026||bf4ebd615b84d7580ce2fd391894656b01bed281bea17493140332ae6933c8f2
V|C|U50_00|WITHHOLD||TIE|Sofia Marchetti,1,2026|Elena Vasquez,1,2026|Marco Venn,1,2026||1204856029c5087aececaea5d17e603718bbefa80640064001a0322f7e52faae
V|C|U50_01|WITHHOLD||TIE|Ravi Chandran,1,2026|Luis Okafor,1,2026|Petra Halvorsen,1,2026||dbc10b3b2031c55122017a399d24e7b997c734e459673d678eff400f5507eb33
V|C|U50_02|WITHHOLD||TIE|Marco Venn,1,2026|Dario Mensah,1,2026|Ines Kovac,1,2026||157d3502625aeb89fda02c16587a396799fc424f2dc20ca46bd807db5ff3b571
V|C|U50_03|WITHHOLD||TIE|Petra Halvorsen,1,2026|Tomas Reyes,1,2026|Anya Petrova,1,2026||076398055d3ef517b326e6ddcd12ac2414bd53556b2e852f8365a06e5127a431
V|C|U50_04|WITHHOLD||TIE|Ines Kovac,1,2026|Kwame Diallo,1,2026|Sofia Marchetti,1,2026||5c6e103bbeda0d7caf95055c8f3378fac1bcd48b1e516ff9e2e89bcc8c617101
V|C|U50_05|WITHHOLD||TIE|Anya Petrova,1,2026|Jonas Lindqvist,1,2026|Ravi Chandran,1,2026||384f98aed207280f6d74451f03cb6b6b1131c924716ac160cb26c78220f31b75
V|C|U50_06|WITHHOLD||TIE|Sofia Marchetti,1,2026|Elena Vasquez,1,2026|Marco Venn,1,2026||dc069c2a0a628d14f83271a4f5dcee211aff60ca018e25956685659d8ed63bdb
V|C|U50_07|WITHHOLD||TIE|Ravi Chandran,1,2026|Luis Okafor,1,2026|Petra Halvorsen,1,2026||a8a0e0b5e78d8447f43027494e29f10a901870cc556088f88152ac3cee9e1e8c
V|C|U50_08|WITHHOLD||TIE|Marco Venn,1,2026|Dario Mensah,1,2026|Ines Kovac,1,2026||41778f2ba266fa5b29685ba65df9868b6b77903f8e45a26b6003718cd75d4eed
V|C|U50_09|WITHHOLD||TIE|Petra Halvorsen,1,2026|Tomas Reyes,1,2026|Anya Petrova,1,2026||5524851956f363cc37484143f74b2615e83ba1fc8f4bd203c27a4c05f4ea9907
V|C|U50_10|WITHHOLD||TIE|Ines Kovac,1,2026|Kwame Diallo,1,2026|Sofia Marchetti,1,2026||cdc62d25ccff9f2c91b2bf2e78f480195ae19a54a0bb05a2b2282a5a8cebe02b
V|C|U50_11|WITHHOLD||TIE|Anya Petrova,1,2026|Jonas Lindqvist,1,2026|Ravi Chandran,1,2026||8a6e647de86ecc48835e49ed7be8d03fab4b752c3565cf36fe67f7ceb2ac0986
V|C|U50_12|WITHHOLD||TIE|Sofia Marchetti,1,2026|Elena Vasquez,1,2026|Marco Venn,1,2026||d5d99f99dbc4d1821de9eb46897570a1928d91ac81a69a262bcf1bb6a5b42736
V|C|U50_13|WITHHOLD||TIE|Ravi Chandran,1,2026|Luis Okafor,1,2026|Petra Halvorsen,1,2026||95a9e40c347911046641c581f12f877c89fef2f2c476d545f755e868b594a3a3
V|C|U50_14|WITHHOLD||TIE|Marco Venn,1,2026|Dario Mensah,1,2026|Ines Kovac,1,2026||bc8fd3d77debb3f33677fd1dd79532fd05ba5b2940f3f02bb1d99ecf11fe9f1b
V|C|U50_15|WITHHOLD||TIE|Petra Halvorsen,1,2026|Tomas Reyes,1,2026|Anya Petrova,1,2026||246f89f069191e83dde35db7a341b33e3e03788d87412f08fa94c15d32bfc583
V|C|U50_16|WITHHOLD||TIE|Ines Kovac,1,2026|Kwame Diallo,1,2026|Sofia Marchetti,1,2026||bb70a8369c3b0dbf4ee5281ccad9a3cdf7ea818e4236a7c655c74c59d1dadf26
V|C|U50_17|WITHHOLD||TIE|Anya Petrova,1,2026|Jonas Lindqvist,1,2026|Ravi Chandran,1,2026||7fd35b044962dd9c5b6a7344f0108c5fd528b4bdce53564e66e0c43c763523da
V|C|U50_18|WITHHOLD||TIE|Sofia Marchetti,1,2026|Elena Vasquez,1,2026|Marco Venn,1,2026||67dfd3de2a3a6de2a31279f6fa6f8b70d19312a6e8abaab5d70be980db44f924
V|C|U50_19|WITHHOLD||TIE|Ravi Chandran,1,2026|Luis Okafor,1,2026|Petra Halvorsen,1,2026||710a2df91d1ad70795fff58ab7b6b0b4444e04bebd37b3568ff632bcb1f39a31
V|C|U60_00|WITHHOLD||TIE|Marco Venn,1,2026|Dario Mensah,1,2026|Ines Kovac,1,2026||776aad9b8a916f2ec9a3a9be9ce4834a38b2602fb5b0968e9468c4e0391817bd
V|C|U60_01|WITHHOLD||TIE|Petra Halvorsen,1,2026|Tomas Reyes,1,2026|Anya Petrova,1,2026||426c18729b2fe402f3080997582bc75a90ea7c2c628b1f08441ec401f65fe691
V|C|U60_02|WITHHOLD||TIE|Ines Kovac,1,2026|Kwame Diallo,1,2026|Sofia Marchetti,1,2026||a41b3a62b3c7011070aaf3a7712860429a233dd9cb4b66450dae85de044c39b1
V|C|U60_03|WITHHOLD||TIE|Anya Petrova,1,2026|Jonas Lindqvist,1,2026|Ravi Chandran,1,2026||5aad38d86473e9d6ce2e62f4ea35d7202777e2a0f94956f075ca7e77ae22cead
V|C|U60_04|WITHHOLD||TIE|Sofia Marchetti,1,2026|Elena Vasquez,1,2026|Marco Venn,1,2026||e2e653b20bd2bab231d6b85644a38c355a39cea69fa2c4eac3f29955ff229fb7
V|C|U60_05|WITHHOLD||TIE|Ravi Chandran,1,2026|Luis Okafor,1,2026|Petra Halvorsen,1,2026||686b9e5880faa589447e9572304795aca3b33dc92ceab21c37ca9d69812c832d
V|C|U60_06|WITHHOLD||TIE|Marco Venn,1,2026|Dario Mensah,1,2026|Ines Kovac,1,2026||e7cb123175b5ef7c55bcd2faf880284b42711a7f40e440630ae02b9f9b50aeb1
V|C|U60_07|WITHHOLD||TIE|Petra Halvorsen,1,2026|Tomas Reyes,1,2026|Anya Petrova,1,2026||6f68c08233c8e9a158038e06df9aa61a6d327836f480a7105bb183ffbd9c4d90
V|C|U60_08|WITHHOLD||TIE|Ines Kovac,1,2026|Kwame Diallo,1,2026|Sofia Marchetti,1,2026||44b728c2fdca2ebf28e328da35886a38cc7ac42bbfcf703fc5bcb63f895b0955
V|C|U60_09|WITHHOLD||TIE|Anya Petrova,1,2026|Jonas Lindqvist,1,2026|Ravi Chandran,1,2026||637e1ec903b40003122381065f2518781a813aca3d07e14fcf9420bedc25d20c
V|C|U60_10|WITHHOLD||TIE|Sofia Marchetti,1,2026|Elena Vasquez,1,2026|Marco Venn,1,2026||4461443bc957f69679b107dbaee3a79d62717ebebe517cea72e5597bf1501091
V|C|U60_11|WITHHOLD||TIE|Ravi Chandran,1,2026|Luis Okafor,1,2026|Petra Halvorsen,1,2026||132edb48a0e1f360ca7d50d6c1b6cbc45c78b6bbcb66746f96b7a95542917f18
V|C|U60_12|WITHHOLD||TIE|Marco Venn,1,2026|Dario Mensah,1,2026|Ines Kovac,1,2026||0f8cd586961ac7fed5975152ec545b4d287c8756ffe6f7dfe611a5f12ee47eb1
V|C|U60_13|WITHHOLD||TIE|Petra Halvorsen,1,2026|Tomas Reyes,1,2026|Anya Petrova,1,2026||182b40ee9200cfa9dbc1a1fa1e097f61bbef7f9fff5effd6d0954cf5782c42cb
V|C|U60_14|WITHHOLD||TIE|Ines Kovac,1,2026|Kwame Diallo,1,2026|Sofia Marchetti,1,2026||59896d9b7508d2b78002e2180c80e8bb1fd3429744cc66b184f92b29ab20d354
V|C|U60_15|WITHHOLD||TIE|Anya Petrova,1,2026|Jonas Lindqvist,1,2026|Ravi Chandran,1,2026||160e1ac47034aeff6fec1b4ec72811da7682cc7dbbe681cafc61f6ac7e129923
V|C|U60_16|WITHHOLD||TIE|Sofia Marchetti,1,2026|Elena Vasquez,1,2026|Marco Venn,1,2026||91833210e6836cb9d9acb205815bf3f650eac59ec4e8fb560cffdba790763508
V|C|U60_17|WITHHOLD||TIE|Ravi Chandran,1,2026|Luis Okafor,1,2026|Petra Halvorsen,1,2026||5745bee8aa6bdf8a4a49274dc35fe071be0f559b3f8ff1eb9678aba10415efd5
V|C|U60_18|WITHHOLD||TIE|Marco Venn,1,2026|Dario Mensah,1,2026|Ines Kovac,1,2026||0aa55f61e8162b5a06de3166f03e4407927748ef34b88485fc4d9b4bb0166f6b
V|C|U60_19|WITHHOLD||TIE|Petra Halvorsen,1,2026|Tomas Reyes,1,2026|Anya Petrova,1,2026||b7ba74cfd3c57d454ba35c7b1e3ef57373cc52e73ac60ec147b4fc1af4f5f174
V|C|U70_00|WITHHOLD||TIE|Ines Kovac,1,2026|Kwame Diallo,1,2026|Sofia Marchetti,1,2026||72c6d0b41633855242e367d3229528b6f02d3d6ceb338d80433f505a68c02d50
V|C|U70_01|WITHHOLD||TIE|Anya Petrova,1,2026|Jonas Lindqvist,1,2026|Ravi Chandran,1,2026||2a9e5b72bcda9f3dc0ec9e2efa256dd12079f6d8c8d627a08b8bb4929f06227b
V|C|U70_02|WITHHOLD||TIE|Sofia Marchetti,1,2026|Elena Vasquez,1,2026|Marco Venn,1,2026||10cf4f96c0811f2390ebfc9046004a529e30843d5c59d2a203c3b1b25795c4e8
V|C|U70_03|WITHHOLD||TIE|Ravi Chandran,1,2026|Luis Okafor,1,2026|Petra Halvorsen,1,2026||49c932cfbdf11028238a50af48374e111ae7ee4c63a1daa78bcacea5c6355090
V|C|U70_04|WITHHOLD||TIE|Marco Venn,1,2026|Dario Mensah,1,2026|Ines Kovac,1,2026||051cd6b49062eb040e4941ffb73c5aee4cb37f85c420bfe8784988ce3798c561
V|C|U70_05|WITHHOLD||TIE|Petra Halvorsen,1,2026|Tomas Reyes,1,2026|Anya Petrova,1,2026||cd0245b0e780c03964633b3caa86526ced08c9555c6647a687309d9c8283987b
V|C|U70_06|WITHHOLD||TIE|Ines Kovac,1,2026|Kwame Diallo,1,2026|Sofia Marchetti,1,2026||43bb96adef8b2ab94df2475651dd869bcfea6d7a47b5710947840f3f021f9cb8
V|C|U70_07|WITHHOLD||TIE|Anya Petrova,1,2026|Jonas Lindqvist,1,2026|Ravi Chandran,1,2026||b2a90498c20d1fc03b0d1258e2cac1bda1ef3a3134fd500597a66f45ea9d62ae
V|C|U70_08|WITHHOLD||TIE|Sofia Marchetti,1,2026|Elena Vasquez,1,2026|Marco Venn,1,2026||b580aa27a895ec315b8c28308c1fb0f334132836bbea7ede21cdbec6b5efcabd
V|C|U70_09|WITHHOLD||TIE|Ravi Chandran,1,2026|Luis Okafor,1,2026|Petra Halvorsen,1,2026||97c4273dd1978c69926b914df7c34e2198435c560f0fe37c3fb290f9fd12419e
V|C|U70_10|WITHHOLD||TIE|Marco Venn,1,2026|Dario Mensah,1,2026|Ines Kovac,1,2026||3385ac993f58c06892d4d2a7d8bf8198b97c695378f12ff4f178127efcb89d70
V|C|U70_11|WITHHOLD||TIE|Petra Halvorsen,1,2026|Tomas Reyes,1,2026|Anya Petrova,1,2026||816e114b883f16b72310554676909f68cfdc0d2271d3926a723d7566c423d4d1
V|C|U70_12|WITHHOLD||TIE|Ines Kovac,1,2026|Kwame Diallo,1,2026|Sofia Marchetti,1,2026||0d8542460c7cd6cdd9ce698eab62ced89ebe92e4daf47e99ec5a82f418c97c18
V|C|U70_13|WITHHOLD||TIE|Anya Petrova,1,2026|Jonas Lindqvist,1,2026|Ravi Chandran,1,2026||2f95bbb00f7337f6813ef10a292e1af88da2fa599762ab6d93444141e4c3dc73
V|C|U70_14|WITHHOLD||TIE|Sofia Marchetti,1,2026|Elena Vasquez,1,2026|Marco Venn,1,2026||7e5539418c85975e76b3bf870e64eb2b55f6a6b71fdfa9d1ee26f6ce14aac41a
V|C|U70_15|WITHHOLD||TIE|Ravi Chandran,1,2026|Luis Okafor,1,2026|Petra Halvorsen,1,2026||e9884399a75307e0cb54568b2f6fdba1232ca6bac665a15eb2c5915de5071789
V|C|U70_16|WITHHOLD||TIE|Marco Venn,1,2026|Dario Mensah,1,2026|Ines Kovac,1,2026||84e035f9d6a85852fb0ca1752c09b36ce9b512dda16a89e9c741ce8b14be30d1
V|C|U70_17|WITHHOLD||TIE|Petra Halvorsen,1,2026|Tomas Reyes,1,2026|Anya Petrova,1,2026||3f3f4134ce06adaa773d7e334c80794935bd2b734195b941b29230b27a37c0c9
V|C|U70_18|WITHHOLD||TIE|Ines Kovac,1,2026|Kwame Diallo,1,2026|Sofia Marchetti,1,2026||86fc9eaa7923c3ef3671e5a11088dfc08d79a6e046fd7f7791ee559eb51e3f41
V|C|U70_19|WITHHOLD||TIE|Anya Petrova,1,2026|Jonas Lindqvist,1,2026|Ravi Chandran,1,2026||182883c77446006cbf247d7f5ce728404ef3f5a8b2f99a6e70be3ec3b9da3856
V|C|U80_00|WITHHOLD||TIE|Sofia Marchetti,1,2026|Elena Vasquez,1,2026|Marco Venn,1,2026||a340cb23d02965f78b3b3620c91972e3e2209ec10282096ee39762466722f5bd
V|C|U80_01|WITHHOLD||TIE|Ravi Chandran,1,2026|Luis Okafor,1,2026|Petra Halvorsen,1,2026||36083b5c7b56486f8bbbcc04e15d1c5258096076d0b2a258bcef8649ec75b180
V|C|U80_02|WITHHOLD||TIE|Marco Venn,1,2026|Dario Mensah,1,2026|Ines Kovac,1,2026||ed8eebc7a76205a9819d06c4ae7e2ed66c741fc58b3bf9159dda359294074441
V|C|U80_03|WITHHOLD||TIE|Petra Halvorsen,1,2026|Tomas Reyes,1,2026|Anya Petrova,1,2026||e7b9e0bcfece47986f138af630ca3a0b82081a5054a6bf4da23d81bf36d2c79a
V|C|U80_04|WITHHOLD||TIE|Ines Kovac,1,2026|Kwame Diallo,1,2026|Sofia Marchetti,1,2026||d269404a8bd9c0e641819148cd670e03ad050764ca5183d084345b1c78aacc7c
V|C|U80_05|WITHHOLD||TIE|Anya Petrova,1,2026|Jonas Lindqvist,1,2026|Ravi Chandran,1,2026||8f4832ce7ac406ea62c21f91a7b28e2a6735ba52d1dc5d995f5d10d1c139a92f
V|C|U80_06|WITHHOLD||TIE|Sofia Marchetti,1,2026|Elena Vasquez,1,2026|Marco Venn,1,2026||439f28b3e0cb24e8d7d1a109bb574bc356ac98cb7bf936a9b8e3e4f757e8a2ea
V|C|U80_07|WITHHOLD||TIE|Ravi Chandran,1,2026|Luis Okafor,1,2026|Petra Halvorsen,1,2026||67355e16dcd0d17c01f72e9cd1d19bdbfabec4b0ab31351a8cfa5ad5b4f2d5ed
V|C|U80_08|WITHHOLD||TIE|Marco Venn,1,2026|Dario Mensah,1,2026|Ines Kovac,1,2026||2afdebb02b6b2acfee4dac2a5cb7215e74c65d6c210beb6587789e0a84276ac4
V|C|U80_09|WITHHOLD||TIE|Petra Halvorsen,1,2026|Tomas Reyes,1,2026|Anya Petrova,1,2026||e64391c3c632a1d9329a89adbf5d51b4176e840a9aff17cf8d5f53ad649086e6
V|C|U80_10|WITHHOLD||TIE|Ines Kovac,1,2026|Kwame Diallo,1,2026|Sofia Marchetti,1,2026||299352c94bfd1269b8000ecf7cdccea964340b5f0ea1e2c74cbc5b1921edaaca
V|C|U80_11|WITHHOLD||TIE|Anya Petrova,1,2026|Jonas Lindqvist,1,2026|Ravi Chandran,1,2026||9d2dd8d5e2d0ca2a27e0812e61e521985b4d174e82f3f88f56ba46ac788aed86
V|C|U80_12|WITHHOLD||TIE|Sofia Marchetti,1,2026|Elena Vasquez,1,2026|Marco Venn,1,2026||c247720b7e1b4f6efa117b4cd7ad8d2c45624ad586d8eb71bd77e23db0d7cf27
V|C|U80_13|WITHHOLD||TIE|Ravi Chandran,1,2026|Luis Okafor,1,2026|Petra Halvorsen,1,2026||44e6da38577f950aebc47af036f66b949e454ef69b20d57705458ee559ac85a7
V|C|U80_14|WITHHOLD||TIE|Marco Venn,1,2026|Dario Mensah,1,2026|Ines Kovac,1,2026||a70efeb60468afae81f6f51794500c569d629c8e32c671323b966d6b51171d0f
V|C|U80_15|WITHHOLD||TIE|Petra Halvorsen,1,2026|Tomas Reyes,1,2026|Anya Petrova,1,2026||5428b95002849ae6ff21e3fd3410787fa0c8f8694bb62d0b5920a0b3c9704e5f
V|C|U80_16|WITHHOLD||TIE|Ines Kovac,1,2026|Kwame Diallo,1,2026|Sofia Marchetti,1,2026||0363f3c656898b95340049ce25982889ee9539161a9e54a8dadfee7e77b04ca7
V|C|U80_17|WITHHOLD||TIE|Anya Petrova,1,2026|Jonas Lindqvist,1,2026|Ravi Chandran,1,2026||28499f32732c83ddfc4db71785c068580d63510c489100e693d3c6a655ef65d4
V|C|U80_18|WITHHOLD||TIE|Sofia Marchetti,1,2026|Elena Vasquez,1,2026|Marco Venn,1,2026||c41f3604dc9ab876484dab65dd77faf2ce511b61994f439d6ea683d6918a6dcb
V|C|U80_19|WITHHOLD||TIE|Ravi Chandran,1,2026|Luis Okafor,1,2026|Petra Halvorsen,1,2026||9d7491a1169e62720887bebe3d74633ee753f17c9ec9a8659cfaa8108599de53
V|C|U90_00|WITHHOLD||TIE|Marco Venn,1,2026|Dario Mensah,1,2026|Ines Kovac,1,2026||6bd3be3af541be9ddf4211afa1ef2f87cc5d7db84709cf5920776ff523b2db0d
V|C|U90_01|WITHHOLD||TIE|Petra Halvorsen,1,2026|Tomas Reyes,1,2026|Anya Petrova,1,2026||294b2959973d00bbcf992e13dba72501c98a6e0e122f542c40a33a8ea97ebd1a
V|C|U90_02|WITHHOLD||TIE|Ines Kovac,1,2026|Kwame Diallo,1,2026|Sofia Marchetti,1,2026||5f231ffa38d16218d1611a0958ebae1d8ae3b32992bfde78f2ba451826d9dff3
V|C|U90_03|WITHHOLD||TIE|Anya Petrova,1,2026|Jonas Lindqvist,1,2026|Ravi Chandran,1,2026||70124de2e4cd9457bdd3062761d19fcda83e8c983e6887b12f205f3939149d23
V|C|U90_04|WITHHOLD||TIE|Sofia Marchetti,1,2026|Elena Vasquez,1,2026|Marco Venn,1,2026||95ac03099ef85e4d10cee94468b9203e8a7efe1f3884865ec2dda59b83bab064
V|C|U90_05|WITHHOLD||TIE|Ravi Chandran,1,2026|Luis Okafor,1,2026|Petra Halvorsen,1,2026||f5d8b9b2c145f614a664bacec262b61d71d5769ba6a59f4454f11f2271d1112e
V|C|U90_06|WITHHOLD||TIE|Marco Venn,1,2026|Dario Mensah,1,2026|Ines Kovac,1,2026||f4f8d5639fc796337e1081591dbef4b4682c318ac5de6d8716e6a3350dea565c
V|C|U90_07|WITHHOLD||TIE|Petra Halvorsen,1,2026|Tomas Reyes,1,2026|Anya Petrova,1,2026||da8d8378958360430c99d2ee142c8811b7652d1dd39eecc21a4a0bc7673c08e2
V|C|U90_08|WITHHOLD||TIE|Ines Kovac,1,2026|Kwame Diallo,1,2026|Sofia Marchetti,1,2026||efea16477e74ba8211a2dd7c558ceb69227548bec8184b3698e8503bb715caf0
V|C|U90_09|WITHHOLD||TIE|Anya Petrova,1,2026|Jonas Lindqvist,1,2026|Ravi Chandran,1,2026||99fdbbf7cafd6e1a37336648a8cac59f0c9c8c84ab5d8af7096c5ddb13b0c8b3
V|C|U90_10|WITHHOLD||TIE|Sofia Marchetti,1,2026|Elena Vasquez,1,2026|Marco Venn,1,2026||626e2004ec880d1dc8a1f92d96d5961e5ca069ae40eef061f960df6506d2f2d4
V|C|U90_11|WITHHOLD||TIE|Ravi Chandran,1,2026|Luis Okafor,1,2026|Petra Halvorsen,1,2026||bf967b04412ed1f6b2fb8bf26d22257ae5ae52e89a806edd5ad83bde266f728f
V|C|U90_12|WITHHOLD||TIE|Marco Venn,1,2026|Dario Mensah,1,2026|Ines Kovac,1,2026||226bf34dc49d800fadca6ce9ffc14b6984f19f8904777cdf9f926f44105237e2
V|C|U90_13|WITHHOLD||TIE|Petra Halvorsen,1,2026|Tomas Reyes,1,2026|Anya Petrova,1,2026||d36ef4f03734e4e8b474be72965c1d19fdb96ef95aa1bf470c0a59c65040d384
V|C|U90_14|WITHHOLD||TIE|Ines Kovac,1,2026|Kwame Diallo,1,2026|Sofia Marchetti,1,2026||87968c3d14c89183aedc38a3fb6b39004d57249b1af5de34a41714452c5a5eec
V|C|U90_15|WITHHOLD||TIE|Anya Petrova,1,2026|Jonas Lindqvist,1,2026|Ravi Chandran,1,2026||b5c9af8744f305bdd382faf071ca6277010a39725555a6935d3b6f552962ef20
V|C|U90_16|WITHHOLD||TIE|Sofia Marchetti,1,2026|Elena Vasquez,1,2026|Marco Venn,1,2026||86657482049a9e204ba14b69b282da8347d7fc7f94daee3edc381e5c39f9f38c
V|C|U90_17|WITHHOLD||TIE|Ravi Chandran,1,2026|Luis Okafor,1,2026|Petra Halvorsen,1,2026||b36eee60e6ed02be27357f8325d031f3b68abffd5df2190d682a052004b77c3b
V|C|U90_18|WITHHOLD||TIE|Marco Venn,1,2026|Dario Mensah,1,2026|Ines Kovac,1,2026||aa2e760830a03b7b88478b38bfc071e5bf886adff5c9ee873bddffb33ecff743
V|C|U90_19|WITHHOLD||TIE|Petra Halvorsen,1,2026|Tomas Reyes,1,2026|Anya Petrova,1,2026||e5c8baadde4f0961072a79382956754a1b7b408aca545eb3d00ac6e658e84ca2
V|C|U95_00|WITHHOLD||TIE|Ines Kovac,1,2026|Kwame Diallo,1,2026|Sofia Marchetti,1,2026||7da91cc5a3a7e52fb7cc55266f6ba6bbdd7010976154851f340e884a3e733937
V|C|U95_01|WITHHOLD||TIE|Anya Petrova,1,2026|Jonas Lindqvist,1,2026|Ravi Chandran,1,2026||c4b082ed0d9b8326ad3257caf925444bbbe8f95769fbdcb09d97dc681a072256
V|C|U95_02|WITHHOLD||TIE|Sofia Marchetti,1,2026|Elena Vasquez,1,2026|Marco Venn,1,2026||4fb3bffbb82b01c14b43e4657b63aa7d330947d5b4ac0460126d78883d813edd
V|C|U95_03|WITHHOLD||TIE|Ravi Chandran,1,2026|Luis Okafor,1,2026|Petra Halvorsen,1,2026||c89af89665166c889675e11c127fe8fecfb0b670c86f05d7d04cf2b6f1937fc7
V|C|U95_04|WITHHOLD||TIE|Marco Venn,1,2026|Dario Mensah,1,2026|Ines Kovac,1,2026||ecec61629c3249f59fa9739170826485e9c0b9a78399e8e2546e7e66e84dbba2
V|C|U95_05|WITHHOLD||TIE|Petra Halvorsen,1,2026|Tomas Reyes,1,2026|Anya Petrova,1,2026||30edcd01abacaf66407dc1e3820ab3080fd504c25e1313e439b64c1fec34a65f
V|C|U95_06|WITHHOLD||TIE|Ines Kovac,1,2026|Kwame Diallo,1,2026|Sofia Marchetti,1,2026||92994aed486588b99ce4d2cbda6591d5bf4ad00100873b60f149b7917811cb01
V|C|U95_07|WITHHOLD||TIE|Anya Petrova,1,2026|Jonas Lindqvist,1,2026|Ravi Chandran,1,2026||8b2a9e77a4806a3324200e746b362a68e37e2e89b9c76a84a2e688212e1bf16a
V|C|U95_08|WITHHOLD||TIE|Sofia Marchetti,1,2026|Elena Vasquez,1,2026|Marco Venn,1,2026||6601c3bee5112d524ae91cf90ee3eee10681f6d3e81b9c09e04b09a30d1926ef
V|C|U95_09|WITHHOLD||TIE|Ravi Chandran,1,2026|Luis Okafor,1,2026|Petra Halvorsen,1,2026||1ed33e40fe5ae69c997129938eeb038f1ba74e995640af1a2cc6350c19cbf617
V|C|U95_10|WITHHOLD||TIE|Marco Venn,1,2026|Dario Mensah,1,2026|Ines Kovac,1,2026||b8a98288cdecdc8efe05a4df8a174347e49ca79f0ac12c9de147f4263aea646b
V|C|U95_11|WITHHOLD||TIE|Petra Halvorsen,1,2026|Tomas Reyes,1,2026|Anya Petrova,1,2026||b7c986faeb0fc2df009312746fe3188745be162070ca86647039d315604af1bf
V|C|U95_12|WITHHOLD||TIE|Ines Kovac,1,2026|Kwame Diallo,1,2026|Sofia Marchetti,1,2026||a60f0b9e615699c87af15f892642a1e41ac5ab62b786156f3d1631ce87c7e063
V|C|U95_13|WITHHOLD||TIE|Anya Petrova,1,2026|Jonas Lindqvist,1,2026|Ravi Chandran,1,2026||4d2aece923419d703828931f1954c180df78564334e053a479e49f130cb51b83
V|C|U95_14|WITHHOLD||TIE|Sofia Marchetti,1,2026|Elena Vasquez,1,2026|Marco Venn,1,2026||623314654406cc4ef7ad8dedc184d79e654c2018e71558e5280d33097b950840
V|C|U95_15|WITHHOLD||TIE|Ravi Chandran,1,2026|Luis Okafor,1,2026|Petra Halvorsen,1,2026||bcdaddc605ccea6f6e4d44c957ce5b799c352d311a58509ae1cc3f61a7be9927
V|C|U95_16|WITHHOLD||TIE|Marco Venn,1,2026|Dario Mensah,1,2026|Ines Kovac,1,2026||8d89f8392104f935d40ca14b2349e5b3b3daf3c87767c73046dc088f7788ab2e
V|C|U95_17|WITHHOLD||TIE|Petra Halvorsen,1,2026|Tomas Reyes,1,2026|Anya Petrova,1,2026||16e8274f3ba3dea7d135bb0558a8c98b270c03b5a16471837eca0dc3a3210afa
V|C|U95_18|WITHHOLD||TIE|Ines Kovac,1,2026|Kwame Diallo,1,2026|Sofia Marchetti,1,2026||2374c384c8db3011e90d6794f2261030debe0f0aff7043240e09d77d050f0c06
V|C|U95_19|WITHHOLD||TIE|Anya Petrova,1,2026|Jonas Lindqvist,1,2026|Ravi Chandran,1,2026||cc2b41388eef4ec6f586c8c19f661c60c3653394e9e11c6e085a4a7b97528969
V|C|U99_00|WITHHOLD||TIE|Sofia Marchetti,1,2026|Elena Vasquez,1,2026|Marco Venn,1,2026||6321810bee200cc01822075c5cbf76ffb59ec533f7aeb39254fdd63ba8317290
V|C|U99_01|WITHHOLD||TIE|Ravi Chandran,1,2026|Luis Okafor,1,2026|Petra Halvorsen,1,2026||d74d6ad00bc79765417953619926866520dbfc9c96ba8bc4fc80a4929d172a46
V|C|U99_02|WITHHOLD||TIE|Marco Venn,1,2026|Dario Mensah,1,2026|Ines Kovac,1,2026||2126f99310ac6f5050e86ad9273c3abcbf547f6e02b28b02ef84286d71a8768a
V|C|U99_03|WITHHOLD||TIE|Petra Halvorsen,1,2026|Tomas Reyes,1,2026|Anya Petrova,1,2026||ac08365d80d37fa9e324300cac907eb7a3c7e6e9084ae49af698ca7c430d7ba6
V|C|U99_04|WITHHOLD||TIE|Ines Kovac,1,2026|Kwame Diallo,1,2026|Sofia Marchetti,1,2026||e2f13b9511357e9e3aeb177f0c14fae9c1c27d33c440685bcd7992e70916d0be
V|C|U99_05|WITHHOLD||TIE|Anya Petrova,1,2026|Jonas Lindqvist,1,2026|Ravi Chandran,1,2026||62e558f2c37cee20a511ec32aa8f8486a0c89e295a8395cff777fc3111049447
V|C|U99_06|WITHHOLD||TIE|Sofia Marchetti,1,2026|Elena Vasquez,1,2026|Marco Venn,1,2026||3c374fc15b2fe331e105a883635860f26690fd8a7bd6519a41482ad20cf7ca40
V|C|U99_07|WITHHOLD||TIE|Ravi Chandran,1,2026|Luis Okafor,1,2026|Petra Halvorsen,1,2026||b9e92ec647f4d7870aba3ca541af14bdbba96929eef3f58add748b5fe98621df
V|C|U99_08|WITHHOLD||TIE|Marco Venn,1,2026|Dario Mensah,1,2026|Ines Kovac,1,2026||9132b1d46f79b619a791a24452f101e3a311fc885011b1c7e5290b9277c899e1
V|C|U99_09|WITHHOLD||TIE|Petra Halvorsen,1,2026|Tomas Reyes,1,2026|Anya Petrova,1,2026||18cc9334af438004224e7b2656046bfb1c74505070b96eff25dc1531b729289d
V|C|U99_10|WITHHOLD||TIE|Ines Kovac,1,2026|Kwame Diallo,1,2026|Sofia Marchetti,1,2026||dcbe00b0cc1b7e41363c276e7f863b1817b148c7950a7c8451bde7a29a5242fb
V|C|U99_11|WITHHOLD||TIE|Anya Petrova,1,2026|Jonas Lindqvist,1,2026|Ravi Chandran,1,2026||be9c6057885b49d0e722302ceedc73f36ef1572b30483e59a97f4e8404a625c9
V|C|U99_12|WITHHOLD||TIE|Sofia Marchetti,1,2026|Elena Vasquez,1,2026|Marco Venn,1,2026||700271ea16b488d73018d6f1b392520b4fbf85a19c14104e776029804f11538a
V|C|U99_13|WITHHOLD||TIE|Ravi Chandran,1,2026|Luis Okafor,1,2026|Petra Halvorsen,1,2026||6c4a4e42af8232189b689bd52fde2d170142fa2c1b04fc9bf3e960f63627ab90
V|C|U99_14|WITHHOLD||TIE|Marco Venn,1,2026|Dario Mensah,1,2026|Ines Kovac,1,2026||557a82f130671b5b12516e9d0a066315850d889f6c23ed063528f48d6e3cb471
V|C|U99_15|WITHHOLD||TIE|Petra Halvorsen,1,2026|Tomas Reyes,1,2026|Anya Petrova,1,2026||69e9b18422f115885840923a1f3d267fccaddb3bec76bdbac52a5218a7cba79e
V|C|U99_16|WITHHOLD||TIE|Ines Kovac,1,2026|Kwame Diallo,1,2026|Sofia Marchetti,1,2026||20241ae6cdafc2984a54c2d7431eac333a7cdbd53b6a7ff8f6f5bbe99823a0cc
V|C|U99_17|WITHHOLD||TIE|Anya Petrova,1,2026|Jonas Lindqvist,1,2026|Ravi Chandran,1,2026||70ac5b0fc42ab6d250208bd4059f32380ed39920d9f0f665e5c82b223ff04a9e
V|C|U99_18|WITHHOLD||TIE|Sofia Marchetti,1,2026|Elena Vasquez,1,2026|Marco Venn,1,2026||a0fdd9a6006a9655dbb0f89b759bb47d31b112c9ce82b6651271bbe140879640
V|C|U99_19|WITHHOLD||TIE|Ravi Chandran,1,2026|Luis Okafor,1,2026|Petra Halvorsen,1,2026||f7382301f38262e6dbe772bec44e6dee491d666f32c1fbc2246c5290f3c22aa5
V|C|G_00|CONVERGE|Marco Venn|PRIMARY|Marco Venn,2,2026|Luis Okafor,2,2026|primary=zorbian.com newest=Marco Venn@2026 superseded=- cond4=corrob|0cdb84ca2601128c9d58644d47b401686f54afa72e566e701ac819710f35b9f7
V|C|G_01|CONVERGE|Petra Halvorsen|PRIMARY|Petra Halvorsen,2,2026|Dario Mensah,2,2026|primary=quellar.org newest=Petra Halvorsen@2026 superseded=- cond4=corrob|ff0e5a78fa4bca85ad4615650747a7c764b55c01ced096334858a65315cf8e82
V|C|G_02|CONVERGE|Ines Kovac|PRIMARY|Ines Kovac,2,2026|Tomas Reyes,2,2026|primary=myndax.net newest=Ines Kovac@2026 superseded=- cond4=corrob|1ee1f98b3d703bddf13106cb9ccb37d67861df60ea80077105ab0417d361cb93
V|C|G_03|CONVERGE|Anya Petrova|PRIMARY|Anya Petrova,2,2026|Kwame Diallo,2,2026|primary=velkora.io newest=Anya Petrova@2026 superseded=- cond4=corrob|8f5c4abe67b4975fc5b14a875c498dc3363327f64874632e85fe25ed946c0247
V|C|G_04|CONVERGE|Sofia Marchetti|PRIMARY|Sofia Marchetti,2,2026|Jonas Lindqvist,2,2026|primary=dravnik.com newest=Sofia Marchetti@2026 superseded=- cond4=corrob|d67e28354ed26c6d04324a254f7413f5cbc50ac27f29b5e61f84eccaf061f0d5
V|C|G_05|CONVERGE|Ravi Chandran|PRIMARY|Ravi Chandran,2,2026|Elena Vasquez,2,2026|primary=osselyn.org newest=Ravi Chandran@2026 superseded=- cond4=corrob|0a810153a8a9d732246905b9b2b4e741aebee752a5521b05342fec9761d2c03c
V|C|G_06|CONVERGE|Marco Venn|PRIMARY|Marco Venn,2,2026|Luis Okafor,2,2026|primary=zorbian.com newest=Marco Venn@2026 superseded=- cond4=corrob|ee16d43bf39e7947c1ee26575bfdd557593a665495df970cc536a4b8ea3d4773
V|C|G_07|CONVERGE|Petra Halvorsen|PRIMARY|Petra Halvorsen,2,2026|Dario Mensah,2,2026|primary=quellar.org newest=Petra Halvorsen@2026 superseded=- cond4=corrob|9a357fc90d9e0141a3a5ef163d7f0aa3eee3fa95fcdad4fcdb4f257501305a3c
V|C|G_08|CONVERGE|Ines Kovac|PRIMARY|Ines Kovac,2,2026|Tomas Reyes,2,2026|primary=myndax.net newest=Ines Kovac@2026 superseded=- cond4=corrob|161e1dd7b9a35f4803fa30aa2e7061805d7526025f0e4a7bfb73c28da0f7f4ad
V|C|G_09|CONVERGE|Anya Petrova|PRIMARY|Anya Petrova,2,2026|Kwame Diallo,2,2026|primary=velkora.io newest=Anya Petrova@2026 superseded=- cond4=corrob|cef083790f110484a90c42dd2232cc39803dab3b119bb8e3bb31a7778f79da7c
V|C|G_10|CONVERGE|Sofia Marchetti|PRIMARY|Sofia Marchetti,2,2026|Jonas Lindqvist,2,2026|primary=dravnik.com newest=Sofia Marchetti@2026 superseded=- cond4=corrob|4063f28f05f76517abe208195a9df97a90b797b0ae8667730c1aa015cf346d71
V|C|G_11|CONVERGE|Ravi Chandran|PRIMARY|Ravi Chandran,2,2026|Elena Vasquez,2,2026|primary=osselyn.org newest=Ravi Chandran@2026 superseded=- cond4=corrob|fac85cb6f66231a4f71edb51e8a52b5047d545abe37f9b8136ce62159108729f
V|C|G_12|CONVERGE|Marco Venn|PRIMARY|Marco Venn,2,2026|Luis Okafor,2,2026|primary=zorbian.com newest=Marco Venn@2026 superseded=- cond4=corrob|a721b446b7ca7da8e240d956a2bea22e7edbda0ad985b144c4a561d07984a825
V|C|G_13|CONVERGE|Petra Halvorsen|PRIMARY|Petra Halvorsen,2,2026|Dario Mensah,2,2026|primary=quellar.org newest=Petra Halvorsen@2026 superseded=- cond4=corrob|9500a62e73820c3150545fabb76d282997ccb124483e01a98a4a50c3381bd312
V|C|G_14|CONVERGE|Ines Kovac|PRIMARY|Ines Kovac,2,2026|Tomas Reyes,2,2026|primary=myndax.net newest=Ines Kovac@2026 superseded=- cond4=corrob|1a4ce722d7367357301104acc809b4347aa32e524e9848b1c3b69c129c9d9589
V|C|G_15|CONVERGE|Anya Petrova|PRIMARY|Anya Petrova,2,2026|Kwame Diallo,2,2026|primary=velkora.io newest=Anya Petrova@2026 superseded=- cond4=corrob|ca6eb96b17a4d9aa30d1eaa8215c4faee3b411cef1d4d98c1aae23a84a6d6ac8
V|C|G_16|CONVERGE|Sofia Marchetti|PRIMARY|Sofia Marchetti,2,2026|Jonas Lindqvist,2,2026|primary=dravnik.com newest=Sofia Marchetti@2026 superseded=- cond4=corrob|2cce50f6634b0cb78d4b56886b24353ae218ac044d39decd7483d33d48f0dba9
V|C|G_17|CONVERGE|Ravi Chandran|PRIMARY|Ravi Chandran,2,2026|Elena Vasquez,2,2026|primary=osselyn.org newest=Ravi Chandran@2026 superseded=- cond4=corrob|3c2288d1f0ae63d261edf3becc16dd155ec274d0ce208fc18743083fb0e0b455
V|C|G_18|CONVERGE|Marco Venn|PRIMARY|Marco Venn,2,2026|Luis Okafor,2,2026|primary=zorbian.com newest=Marco Venn@2026 superseded=- cond4=corrob|52c162d44dad9dbffbe90f28d1029c63c28415c67e938a4d78ac0decc11f031a
V|C|G_19|CONVERGE|Petra Halvorsen|PRIMARY|Petra Halvorsen,2,2026|Dario Mensah,2,2026|primary=quellar.org newest=Petra Halvorsen@2026 superseded=- cond4=corrob|dc9e8b63b0d502d0989a25f77bf19afdb3fbda85b9ebb50904829673d5e73b15
V|C|G2_00|WITHHOLD||TIE|Marco Venn,1,2026|Dario Mensah,1,2026|Ines Kovac,1,2026||c454a912c4df878cd79bbf312946592f254d14c5ead8e6217bf257b4e374ed4a
V|C|G2_01|WITHHOLD||TIE|Petra Halvorsen,1,2026|Tomas Reyes,1,2026|Anya Petrova,1,2026||cdad3cc0c88099835b6cd0d93a88d42e1a22f46c4608a861079ff45565505aa4
V|C|G2_02|WITHHOLD||TIE|Ines Kovac,1,2026|Kwame Diallo,1,2026|Sofia Marchetti,1,2026||7dfaa3f4f0c846ba1508f27990e2667c69eb3a15a0fcd251c543946d54678266
V|C|G2_03|WITHHOLD||TIE|Anya Petrova,1,2026|Jonas Lindqvist,1,2026|Ravi Chandran,1,2026||00bfea378869ea4175ac7d0a56e2b4fcdc2d9d37939613ce64a3f1fa7dec11cb
V|C|G2_04|WITHHOLD||TIE|Sofia Marchetti,1,2026|Elena Vasquez,1,2026|Marco Venn,1,2026||6392edd2c4763f966152bb05ae47b7a5231c2be98aeabddaa7b48b8a32f98394
V|C|G2_05|WITHHOLD||TIE|Ravi Chandran,1,2026|Luis Okafor,1,2026|Petra Halvorsen,1,2026||5f164b04249ce5224bad8debeba826880d27cf7760781c8faea4833020b6c38e
V|C|G2_06|WITHHOLD||TIE|Marco Venn,1,2026|Dario Mensah,1,2026|Ines Kovac,1,2026||988a904caaee059a14a1bbab177333f541116abab5c8e22b06dc826acf935259
V|C|G2_07|WITHHOLD||TIE|Petra Halvorsen,1,2026|Tomas Reyes,1,2026|Anya Petrova,1,2026||d5ab01cc7d7b53171af2da8e993e0c7ad168b7a442b4636c9dd7761dfde824c3
V|C|G2_08|WITHHOLD||TIE|Ines Kovac,1,2026|Kwame Diallo,1,2026|Sofia Marchetti,1,2026||514d1f68acb3f9bc5f2969cf52411b1e8777b02f03ee8c5b143db16190d17738
V|C|G2_09|WITHHOLD||TIE|Anya Petrova,1,2026|Jonas Lindqvist,1,2026|Ravi Chandran,1,2026||992a0ce745314e2204238f65180de87a5fa663a94791ee42975c05f2f271d40f
V|C|G2_10|WITHHOLD||TIE|Sofia Marchetti,1,2026|Elena Vasquez,1,2026|Marco Venn,1,2026||5275be9f9ddedb001a842be91b730e7eb1f264e668d7bf3b3140dab15cb67758
V|C|G2_11|WITHHOLD||TIE|Ravi Chandran,1,2026|Luis Okafor,1,2026|Petra Halvorsen,1,2026||fd46c485f8ad4adf88148f920f19569ae27758b32a79abc7e68e525f66ded04d
V|C|G2_12|WITHHOLD||TIE|Marco Venn,1,2026|Dario Mensah,1,2026|Ines Kovac,1,2026||205212dde95ec0698596a6e6ea61c7582a1a813b461d43e4cb93824e96e69a63
V|C|G2_13|WITHHOLD||TIE|Petra Halvorsen,1,2026|Tomas Reyes,1,2026|Anya Petrova,1,2026||e521b624b7dffbbc0a896938b6a450e3e07bc95337c0daf6c5a817652e7af55f
V|C|G2_14|WITHHOLD||TIE|Ines Kovac,1,2026|Kwame Diallo,1,2026|Sofia Marchetti,1,2026||ee54a2bea063abd7294af71da32ddc722311eda1a880055409014a8f77d949e7
V|C|G2_15|WITHHOLD||TIE|Anya Petrova,1,2026|Jonas Lindqvist,1,2026|Ravi Chandran,1,2026||c6a1c5e461749742d61bbd8c45a336bc5c73549411a945531d51f2be1f710a2f
V|C|G2_16|WITHHOLD||TIE|Sofia Marchetti,1,2026|Elena Vasquez,1,2026|Marco Venn,1,2026||7397b668296e41e9100e244d67b4ec628ee07751dc9f96c23ffef7d48f7cbe17
V|C|G2_17|WITHHOLD||TIE|Ravi Chandran,1,2026|Luis Okafor,1,2026|Petra Halvorsen,1,2026||99dbcec56c3739c3b8eec8267100bd49a73c5292a39d942e3f909b70ee38085b
V|C|G2_18|WITHHOLD||TIE|Marco Venn,1,2026|Dario Mensah,1,2026|Ines Kovac,1,2026||a4f8d803b5688d136aa9f903cd39a1874b0c369d0f84ca883a5680b034b9962e
V|C|G2_19|WITHHOLD||TIE|Petra Halvorsen,1,2026|Tomas Reyes,1,2026|Anya Petrova,1,2026||db5f8f600dd9c789df10b189e7a13c3fa570463247e8a91b10244891aa828bef
V|C|S8_00|CONVERGE|Ines Kovac|PRIMARY|Ines Kovac,2,2026|Tomas Reyes,2,2026|primary=myndax.net newest=Ines Kovac@2026 superseded=- cond4=corrob|7e748524ae79fb4d48d62ef2bd179aea356b153d1619df4608a22d5a711f5668
V|C|S8_01|CONVERGE|Anya Petrova|PRIMARY|Anya Petrova,2,2026|Kwame Diallo,2,2026|primary=velkora.io newest=Anya Petrova@2026 superseded=- cond4=corrob|226291c7c0b32b4b9f7a686056a6133e1aa0e3137e75f650e5e8ff48732e074f
V|C|S8_02|CONVERGE|Sofia Marchetti|PRIMARY|Sofia Marchetti,2,2026|Jonas Lindqvist,2,2026|primary=dravnik.com newest=Sofia Marchetti@2026 superseded=- cond4=corrob|c95df84ea5aa69f25a1da9db8ea8d5f29810951039d449c396d42db15c27349f
V|C|S8_03|CONVERGE|Ravi Chandran|PRIMARY|Ravi Chandran,2,2026|Elena Vasquez,2,2026|primary=osselyn.org newest=Ravi Chandran@2026 superseded=- cond4=corrob|080068625a64549c7416bc29f1fb65260f9f06bee00042d4003627e840284276
V|C|S8_04|CONVERGE|Marco Venn|PRIMARY|Marco Venn,2,2026|Luis Okafor,2,2026|primary=zorbian.com newest=Marco Venn@2026 superseded=- cond4=corrob|1758c20d524f8a321abd752337aae4b27e9094f4362c237583a65b5c5c99c693
V|C|S8_05|CONVERGE|Petra Halvorsen|PRIMARY|Petra Halvorsen,2,2026|Dario Mensah,2,2026|primary=quellar.org newest=Petra Halvorsen@2026 superseded=- cond4=corrob|2b972f43a1976a45a6b573377da567b69f88861c37d81114c04ee8c998e5996f
V|C|S8_06|CONVERGE|Ines Kovac|PRIMARY|Ines Kovac,2,2026|Tomas Reyes,2,2026|primary=myndax.net newest=Ines Kovac@2026 superseded=- cond4=corrob|6b79bc1335a6603ed0e4d8f40220a9c470e773b24c0a5ec1189b0859de6e635d
V|C|S8_07|CONVERGE|Anya Petrova|PRIMARY|Anya Petrova,2,2026|Kwame Diallo,2,2026|primary=velkora.io newest=Anya Petrova@2026 superseded=- cond4=corrob|3bb27a4c17d804c3918f0a57cefd2ad3fe41390b9e46e428eeab085291441c26
V|C|S8_08|CONVERGE|Sofia Marchetti|PRIMARY|Sofia Marchetti,2,2026|Jonas Lindqvist,2,2026|primary=dravnik.com newest=Sofia Marchetti@2026 superseded=- cond4=corrob|d6ce0c316d16e1c9ef934bf5c52ffb0d7795b35b11b4fbdc92cfcac75af34856
V|C|S8_09|CONVERGE|Ravi Chandran|PRIMARY|Ravi Chandran,2,2026|Elena Vasquez,2,2026|primary=osselyn.org newest=Ravi Chandran@2026 superseded=- cond4=corrob|9423c5a17ff9d845bd827372229329b90add0149b3abd982a411692726d3f768
V|C|S8_10|CONVERGE|Marco Venn|PRIMARY|Marco Venn,2,2026|Luis Okafor,2,2026|primary=zorbian.com newest=Marco Venn@2026 superseded=- cond4=corrob|04af8ae200cbdc1ebcee2764c55ba04249d88539feac47062751c69bffb5159f
V|C|S8_11|CONVERGE|Petra Halvorsen|PRIMARY|Petra Halvorsen,2,2026|Dario Mensah,2,2026|primary=quellar.org newest=Petra Halvorsen@2026 superseded=- cond4=corrob|d5ecc1c5b35747dd4bcf4a1a42ec48fd83dfba68bac315f635c221d7abe7f773
V|C|S8_12|CONVERGE|Ines Kovac|PRIMARY|Ines Kovac,2,2026|Tomas Reyes,2,2026|primary=myndax.net newest=Ines Kovac@2026 superseded=- cond4=corrob|db12dbc48c20fca79cd7b7c9982d2a867c83cdc8362a55a4ad14f53fddbba186
V|C|S8_13|CONVERGE|Anya Petrova|PRIMARY|Anya Petrova,2,2026|Kwame Diallo,2,2026|primary=velkora.io newest=Anya Petrova@2026 superseded=- cond4=corrob|f8fa37f9ff55aac22cf4d1e57ba49d94178500ab9797d45e589700c5a16d9443
V|C|S8_14|CONVERGE|Sofia Marchetti|PRIMARY|Sofia Marchetti,2,2026|Jonas Lindqvist,2,2026|primary=dravnik.com newest=Sofia Marchetti@2026 superseded=- cond4=corrob|0ae6ebc66067ad8d4e8c77e0a3c131d7ec6089d29f250d7efd390fea3a2f16dd
V|C|S8_15|CONVERGE|Ravi Chandran|PRIMARY|Ravi Chandran,2,2026|Elena Vasquez,2,2026|primary=osselyn.org newest=Ravi Chandran@2026 superseded=- cond4=corrob|bc9a516f058d144931ec62929c0bad8756f873c5ba03d3006a5f6b8211ad2bb3
V|C|S8_16|CONVERGE|Marco Venn|PRIMARY|Marco Venn,2,2026|Luis Okafor,2,2026|primary=zorbian.com newest=Marco Venn@2026 superseded=- cond4=corrob|ec142a04810bba1579f66da308199a092269a1516e5411ff16c158f24fa4184b
V|C|S8_17|CONVERGE|Petra Halvorsen|PRIMARY|Petra Halvorsen,2,2026|Dario Mensah,2,2026|primary=quellar.org newest=Petra Halvorsen@2026 superseded=- cond4=corrob|3a6c3cea0483170c91a1e10eecc61f5b293b43cd5b1aceb1729d5ede37a85843
V|C|S8_18|CONVERGE|Ines Kovac|PRIMARY|Ines Kovac,2,2026|Tomas Reyes,2,2026|primary=myndax.net newest=Ines Kovac@2026 superseded=- cond4=corrob|9a8572dc5f791bfe44fd01003890d8f918ddcc3618edd3561794dc081608b6c5
V|C|S8_19|CONVERGE|Anya Petrova|PRIMARY|Anya Petrova,2,2026|Kwame Diallo,2,2026|primary=velkora.io newest=Anya Petrova@2026 superseded=- cond4=corrob|77e39ee00575c9f724b3c6e236dad54c90c418434b9aac822633ea1377b33ebc
C|ALL_CHECKS_PASS
