V40_SUPPORT (176400, 229)
V40_FOLD 0 70560 35280
V40_FOLD 1 70560 35280
V40_FOLD 2 70560 35280
V40_FINAL 105840 70560
V40_DOMINANT
V40_FOLD 0 70560 35280
V40_FOLD 1 70560 35280
V40_FOLD 2 70560 35280
V40_FINAL 105840 70560
V40_ACTION horizon_pair_variance
V40_ACTION horizon_hazard_variance
V40_ACTION hybrid_extra_hazard
{
  "prediction": {
    "v38_extra_trees_mean": {
      "overall": {
        "mse": 0.04802178964018822,
        "mae": 0.14745862782001495,
        "r2": 0.4492286443710327
      },
      "decision_positive": {
        "n": 426,
        "mae": 0.23289315402507782
      },
      "decision_nonpositive": {
        "n": 5454,
        "mae": 0.14078554511070251
      },
      "high_regret_quartile": {
        "n": 1470,
        "cut": 0.5135616958141327,
        "mae": 0.17268984019756317
      },
      "by_horizon": {
        "1": {
          "dominant_mass_mae": 0.0,
          "same_current_support_mae": 0.22766292095184326,
          "same_current_support_positive_mae": 0.39421120285987854
        },
        "2": {
          "dominant_mass_mae": 0.09854342043399811,
          "same_current_support_mae": 0.2130362093448639,
          "same_current_support_positive_mae": 0.3525485098361969
        },
        "3": {
          "dominant_mass_mae": 0.08878875523805618,
          "same_current_support_mae": 0.2122999131679535,
          "same_current_support_positive_mae": 0.34892144799232483
        },
        "5": {
          "dominant_mass_mae": 0.0939570814371109,
          "same_current_support_mae": 0.21145372092723846,
          "same_current_support_positive_mae": 0.34675121307373047
        },
        "8": {
          "dominant_mass_mae": 0.09485641121864319,
          "same_current_support_mae": 0.215278759598732,
          "same_current_support_positive_mae": 0.34872967004776
        },
        "12": {
          "dominant_mass_mae": 0.09528516232967377,
          "same_current_support_mae": 0.21834298968315125,
          "same_current_support_positive_mae": 0.3555733859539032
        }
      }
    },
    "horizon_conditioned_mean": {
      "overall": {
        "mse": 0.046550046652555466,
        "mae": 0.14299578964710236,
        "r2": 0.4661755859851837
      },
      "decision_positive": {
        "n": 426,
        "mae": 0.2314075231552124
      },
      "decision_nonpositive": {
        "n": 5454,
        "mae": 0.1360902190208435
      },
      "high_regret_quartile": {
        "n": 1470,
        "cut": 0.5135616958141327,
        "mae": 0.1701265126466751
      },
      "by_horizon": {
        "1": {
          "dominant_mass_mae": 0.004699707496911287,
          "same_current_support_mae": 0.2275140881538391,
          "same_current_support_positive_mae": 0.38794246315956116
        },
        "2": {
          "dominant_mass_mae": 0.08587547391653061,
          "same_current_support_mae": 0.2131686508655548,
          "same_current_support_positive_mae": 0.34708473086357117
        },
        "3": {
          "dominant_mass_mae": 0.07652200013399124,
          "same_current_support_mae": 0.2122679203748703,
          "same_current_support_positive_mae": 0.3441353440284729
        },
        "5": {
          "dominant_mass_mae": 0.08115001767873764,
          "same_current_support_mae": 0.2120599001646042,
          "same_current_support_positive_mae": 0.3437962830066681
        },
        "8": {
          "dominant_mass_mae": 0.08344855159521103,
          "same_current_support_mae": 0.2165234237909317,
          "same_current_support_positive_mae": 0.3531949818134308
        },
        "12": {
          "dominant_mass_mae": 0.0827772319316864,
          "same_current_support_mae": 0.21994388103485107,
          "same_current_support_positive_mae": 0.3637794852256775
        }
      }
    }
  },
  "action_delta": {
    "horizon_pair_variance": {
      "expected_auc": 0.03203446322723058,
      "beneficial_cross": 0.10093896713615025,
      "false_cross": 0.05115511551155115,
      "selected_advantage": -0.030102706281101038
    },
    "horizon_hazard_variance": {
      "expected_auc": 0.034799371955975045,
      "beneficial_cross": 0.0821596244131455,
      "false_cross": 0.005317198386505323,
      "selected_advantage": 0.004957889642258018
    },
    "hybrid_extra_hazard": {
      "expected_auc": 0.03218209144858164,
      "beneficial_cross": 0.09154929577464788,
      "false_cross": 0.030803080308030806,
      "selected_advantage": -0.019950622829179865
    }
  },
  "seconds": 83.8344042301178
}
