V31_FIT learner_history dim 189
V31_FIT plus_actual_opportunity_loss_EVAL_ONLY dim 190
V31_FIT plus_hidden_dynamics_EVAL_ONLY dim 213
V31_FIT plus_both_EVAL_ONLY dim 214
{
  "deltas": {
    "plus_actual_opportunity_loss_EVAL_ONLY": {
      "classifier_auc": 0.004794258768599957,
      "classifier_ap": -0.0013889977900969352,
      "direct_auc": 0.015987318606665024,
      "direct_tp_cross": 0.1220657276995305,
      "direct_fp_cross": 0.06545654565456546,
      "monotonic_tp_cross": 0.03755868544600939,
      "monotonic_fp_cross": 0.004033736707004035
    },
    "plus_hidden_dynamics_EVAL_ONLY": {
      "classifier_auc": 0.0784177009250222,
      "classifier_ap": 0.3093102484510809,
      "direct_auc": 0.1151896097277959,
      "direct_tp_cross": 0.2089201877934272,
      "direct_fp_cross": 0.01595159515951597,
      "monotonic_tp_cross": 0.49765258215962443,
      "monotonic_fp_cross": 0.02621928859552622
    },
    "plus_both_EVAL_ONLY": {
      "classifier_auc": 0.08224269218784175,
      "classifier_ap": 0.3255309172487827,
      "direct_auc": 0.12149070932132333,
      "direct_tp_cross": 0.2676056338028168,
      "direct_fp_cross": 0.0375870920425376,
      "monotonic_tp_cross": 0.4953051643192488,
      "monotonic_fp_cross": 0.02126879354602127
    }
  },
  "arms": {
    "learner_history": {
      "sign": {
        "roc_auc": 0.8703858648775675,
        "average_precision": 0.3256502004070724,
        "brier": 0.0563204923797782,
        "mean_p_positive": 0.20200484618350173,
        "mean_p_nonpositive": 0.05878983072818329
      },
      "direct": {
        "mse": 0.09585571471771279,
        "mae": 0.18966928624028725,
        "roc_auc": 0.6221479346682712,
        "mean_pred_positive": -0.12021738046471671,
        "mean_pred_nonpositive": -0.2633298327148705,
        "tp_cross": 0.3286384976525822,
        "fp_cross": 0.15584891822515584,
        "inspect_rate": 0.1683673469387755,
        "actual_mean_selected": 0.0665650970196102,
        "selected_positive_precision": 0.1414141414141414
      },
      "monotonic": {
        "mse": 0.21974254003540697,
        "mae": 0.32991722427226206,
        "roc_auc": 0.8309224310537471,
        "mean_pred_positive": -0.14618461829531068,
        "mean_pred_nonpositive": -0.2657169372239909,
        "tp_cross": 0.07276995305164319,
        "fp_cross": 0.00605060506050605,
        "inspect_rate": 0.010884353741496598,
        "actual_mean_selected": 0.22637048544129357,
        "selected_positive_precision": 0.484375
      }
    },
    "plus_actual_opportunity_loss_EVAL_ONLY": {
      "sign": {
        "roc_auc": 0.8751801236461675,
        "average_precision": 0.32426120261697544,
        "brier": 0.05618960402869876,
        "mean_p_positive": 0.20459271975974302,
        "mean_p_nonpositive": 0.05938800613076569
      },
      "direct": {
        "mse": 0.06210784942264586,
        "mae": 0.11700232557910265,
        "roc_auc": 0.6381352532749363,
        "mean_pred_positive": -0.09735253555336831,
        "mean_pred_nonpositive": -0.26402591118603425,
        "tp_cross": 0.4507042253521127,
        "fp_cross": 0.2213054638797213,
        "inspect_rate": 0.23792517006802721,
        "actual_mean_selected": 0.06734114010172401,
        "selected_positive_precision": 0.13724088634739098
      },
      "monotonic": {
        "mse": 0.21923193549212777,
        "mae": 0.33306119183791344,
        "roc_auc": 0.8702339326264394,
        "mean_pred_positive": -0.13742508893500685,
        "mean_pred_nonpositive": -0.2665971660720088,
        "tp_cross": 0.11032863849765258,
        "fp_cross": 0.010084341767510085,
        "inspect_rate": 0.017346938775510204,
        "actual_mean_selected": 0.15164927626941718,
        "selected_positive_precision": 0.46078431372549017
      }
    },
    "plus_hidden_dynamics_EVAL_ONLY": {
      "sign": {
        "roc_auc": 0.9488035658025897,
        "average_precision": 0.6349604488581533,
        "brier": 0.040676716811431764,
        "mean_p_positive": 0.44878479286604833,
        "mean_p_nonpositive": 0.0440262168315947
      },
      "direct": {
        "mse": 0.08509174089317281,
        "mae": 0.17772723548894423,
        "roc_auc": 0.7373375443960671,
        "mean_pred_positive": 0.015307959141166932,
        "mean_pred_nonpositive": -0.2761527878792775,
        "tp_cross": 0.5375586854460094,
        "fp_cross": 0.1718005133846718,
        "inspect_rate": 0.19829931972789117,
        "actual_mean_selected": 0.10709071744130133,
        "selected_positive_precision": 0.19639794168096056
      },
      "monotonic": {
        "mse": 0.20760491101020995,
        "mae": 0.32332602016649004,
        "roc_auc": 0.934376457990087,
        "mean_pred_positive": 0.0667943785642799,
        "mean_pred_nonpositive": -0.2776031305642733,
        "tp_cross": 0.5704225352112676,
        "fp_cross": 0.03226989365603227,
        "inspect_rate": 0.07125850340136054,
        "actual_mean_selected": 0.21938985723683718,
        "selected_positive_precision": 0.5799522673031027
      }
    },
    "plus_both_EVAL_ONLY": {
      "sign": {
        "roc_auc": 0.9526285570654093,
        "average_precision": 0.6511811176558551,
        "brier": 0.0394047563725861,
        "mean_p_positive": 0.45880121299249393,
        "mean_p_nonpositive": 0.04261384248219492
      },
      "direct": {
        "mse": 0.05128268048641122,
        "mae": 0.09755131769022517,
        "roc_auc": 0.7436386439895946,
        "mean_pred_positive": 0.03956451313207917,
        "mean_pred_nonpositive": -0.2765307125049937,
        "tp_cross": 0.596244131455399,
        "fp_cross": 0.19343601026769344,
        "inspect_rate": 0.2226190476190476,
        "actual_mean_selected": 0.10596678042413477,
        "selected_positive_precision": 0.19404125286478227
      },
      "monotonic": {
        "mse": 0.2066180359410351,
        "mae": 0.32425872800575195,
        "roc_auc": 0.9504451227595373,
        "mean_pred_positive": 0.08602119810118583,
        "mean_pred_nonpositive": -0.2824489459120515,
        "tp_cross": 0.568075117370892,
        "fp_cross": 0.02731939860652732,
        "inspect_rate": 0.06649659863945578,
        "actual_mean_selected": 0.257148837091138,
        "selected_positive_precision": 0.618925831202046
      }
    }
  }
}
