{
  "matched_v29": {
    "X_max_abs_delta": 0.0,
    "advantage_max_abs_delta": 0.0,
    "split_identical": true
  },
  "history_feature_dim": 89,
  "classifier": {
    "roc_auc": 0.8715074950374537,
    "average_precision": 0.3282325658976349,
    "brier": 0.056070898353996756
  },
  "expected_advantage": {
    "mse": 0.09354344535128113,
    "mae": 0.1861914612123757,
    "roc_auc": 0.6393709402239128,
    "mean_actual_positive": -0.1067885092886844,
    "mean_actual_nonpositive": -0.262466394139677,
    "true_positive_cross_zero": 0.3615023474178404,
    "false_positive_cross_zero": 0.2048038137147048,
    "predicted_inspect_rate": 0.21615646258503401
  },
  "direct": {
    "mse": 0.09542014940965479,
    "mae": 0.19089644670442868,
    "roc_auc": 0.6210930169699285,
    "mean_actual_positive": -0.1165279120921993,
    "mean_actual_nonpositive": -0.26300456750156564,
    "true_positive_cross_zero": 0.3380281690140845,
    "false_positive_cross_zero": 0.1628162816281628,
    "predicted_inspect_rate": 0.17551020408163265
  },
  "delta_vs_v29": {
    "classifier_auc": 0.0161573277828565,
    "average_precision": 0.05216754211679925,
    "expected_auc": 0.030880122441039104,
    "tp_cross": 0.07981220657276994,
    "fp_cross": -0.033003300330033014,
    "mean_pred_on_actual_positive": 0.02054753753853518
  }
}
