EPOCH 1 LOSS 0.3984741017211047 DEV 1.0 BOUND None
EPOCH 2 LOSS 0.0004503313551517416 DEV 1.0 BOUND None
EPOCH 4 LOSS 6.90107872195198e-05 DEV 1.0 BOUND None
EPOCH 8 LOSS 0.022158162405046308 DEV 1.0 BOUND None
EPOCH 12 LOSS 4.69356080461518e-05 DEV 1.0 BOUND None
{
  "seed": 35001,
  "model": "temporal_conv",
  "train_n": 3929,
  "dev_n": 535,
  "test_n": 3024,
  "overall": 0.9110449735449735,
  "hard_mean": 0.9212253584229391,
  "conditions": {
    "hard_noise": 0.84375,
    "speaker_speed": 0.9086021505376344,
    "template_postposed": 0.9629629629629629,
    "template_prefix": 0.9513888888888888,
    "template_polite": 0.9606481481481481,
    "heldout_comp": 0.9
  },
  "boundary_rate": null,
  "history": [
    {
      "epoch": 1,
      "loss": 0.3984741017211047,
      "dev_acc": 1.0,
      "boundary_rate": null
    },
    {
      "epoch": 2,
      "loss": 0.0004503313551517416,
      "dev_acc": 1.0,
      "boundary_rate": null
    },
    {
      "epoch": 3,
      "loss": 0.00014760759980836008,
      "dev_acc": 1.0,
      "boundary_rate": null
    },
    {
      "epoch": 4,
      "loss": 6.90107872195198e-05,
      "dev_acc": 1.0,
      "boundary_rate": null
    },
    {
      "epoch": 5,
      "loss": 4.391150241829793e-05,
      "dev_acc": 1.0,
      "boundary_rate": null
    },
    {
      "epoch": 6,
      "loss": 0.012546791921487404,
      "dev_acc": 0.9906542056074766,
      "boundary_rate": null
    },
    {
      "epoch": 7,
      "loss": 0.010691236880726108,
      "dev_acc": 0.9981308411214953,
      "boundary_rate": null
    },
    {
      "epoch": 8,
      "loss": 0.022158162405046308,
      "dev_acc": 1.0,
      "boundary_rate": null
    },
    {
      "epoch": 9,
      "loss": 0.015169203259966313,
      "dev_acc": 0.9514018691588785,
      "boundary_rate": null
    },
    {
      "epoch": 10,
      "loss": 0.009201655591705469,
      "dev_acc": 0.9962616822429906,
      "boundary_rate": null
    },
    {
      "epoch": 11,
      "loss": 0.012569756825351644,
      "dev_acc": 0.9981308411214953,
      "boundary_rate": null
    },
    {
      "epoch": 12,
      "loss": 4.69356080461518e-05,
      "dev_acc": 1.0,
      "boundary_rate": null
    }
  ],
  "extreme_flags": []
}
