qualification_schema,tnn_r32_e45_native_v1
native_target,linux_x86_64_generic
feature_dimension_per_arm,32
feature_masking,zero_mask_equal_capacity
initiation_policy,one_shared_frozen_value_and_common_feature_block_across_all_arms
shadow_estimator,reduced_e45_12_learner_visible_features_not_v28_parity
temporal_detector,reduced_ordered_best_split_not_full_v16_tv_volatility
hazard_auxiliary,reduced_global_horizon_forecast_not_v40_parity
training_seed_set,45001_45002_45003
validation_seed_set,45101_45102_45103
confirmation_seed_set,45201_45202_45203_45204_45205_45206
confirmation_episodes_per_seed_mode_resource,40
shadow_validation_n,2700
shadow_target_mean,406
shadow_mae_learned_reduced12,196
shadow_mae_raw_cost,395
shadow_mae_fixed_055,269
shadow_mae_learned_global_scalar,280
shadow_mse_div100_learned_reduced12,847
shadow_mse_div100_raw_cost,2896
shadow_mse_div100_fixed_055,1772
shadow_mse_div100_learned_global_scalar,1723
shadow_r2_per_mille_learned_reduced12,749
shadow_global_ratio_per_mille,632
cell_columns,seed_index,mode,resource,arm,episodes,initiated,beneficial,true_positive,false_positive,completed,success,success_given_oracle_positive_init,premature,regret_sum,resource_spend_sum,opportunity_loss_sum,observations,warrant,budget_refusal,safety_cap,utility_sum,resolvable,unknown_choice,wrong_nonunknown_commit,oracle_positive_success,init_recall_pm,init_precision_pm,completion_given_init_pm,success_given_oracle_positive_init_pm,mean_observations_x1000
cell,0,0,0,arm,0,40,1,0,0,1,0,0,0,0,49711,4260,1711,12,0,0,0,-49711,0,0,40,0,0,0,0,0,12000
cell,0,0,0,arm,1,40,1,0,0,1,0,0,0,0,49711,4260,1711,12,0,0,0,-49711,0,0,40,0,0,0,0,0,12000
cell,0,0,0,arm,2,40,1,0,0,1,0,0,0,0,49711,4260,1711,12,0,0,0,-49711,0,0,40,0,0,0,0,0,12000
cell,0,0,0,arm,3,40,1,0,0,1,0,0,0,0,49711,4260,1711,12,0,0,0,-49711,0,0,40,0,0,0,0,0,12000
cell,0,0,1,arm,0,40,0,0,0,0,0,0,0,0,48000,0,0,0,0,0,0,-48000,0,0,40,0,0,0,0,0,0
cell,0,0,1,arm,1,40,0,0,0,0,0,0,0,0,48000,0,0,0,0,0,0,-48000,0,0,40,0,0,0,0,0,0
cell,0,0,1,arm,2,40,0,0,0,0,0,0,0,0,48000,0,0,0,0,0,0,-48000,0,0,40,0,0,0,0,0,0
cell,0,0,1,arm,3,40,0,0,0,0,0,0,0,0,48000,0,0,0,0,0,0,-48000,0,0,40,0,0,0,0,0,0
cell,0,0,2,arm,0,40,0,0,0,0,0,0,0,0,48000,0,0,0,0,0,0,-48000,0,0,40,0,0,0,0,0,0
cell,0,0,2,arm,1,40,0,0,0,0,0,0,0,0,48000,0,0,0,0,0,0,-48000,0,0,40,0,0,0,0,0,0
cell,0,0,2,arm,2,40,0,0,0,0,0,0,0,0,48000,0,0,0,0,0,0,-48000,0,0,40,0,0,0,0,0,0
cell,0,0,2,arm,3,40,0,0,0,0,0,0,0,0,48000,0,0,0,0,0,0,-48000,0,0,40,0,0,0,0,0,0
cell,0,0,3,arm,0,40,8,0,0,8,0,0,0,0,49605,9513,1605,24,0,0,0,-49605,0,0,40,0,0,0,0,0,3000
cell,0,0,3,arm,1,40,8,0,0,8,0,0,0,0,49605,9513,1605,24,0,0,0,-49605,0,0,40,0,0,0,0,0,3000
cell,0,0,3,arm,2,40,8,0,0,8,0,0,0,0,49605,9513,1605,24,0,0,0,-49605,0,0,40,0,0,0,0,0,3000
cell,0,0,3,arm,3,40,8,0,0,8,0,0,0,0,49605,9513,1605,24,0,0,0,-49605,0,0,40,0,0,0,0,0,3000
cell,0,0,4,arm,0,40,0,0,0,0,0,0,0,0,48000,0,0,0,0,0,0,-48000,0,0,40,0,0,0,0,0,0
cell,0,0,4,arm,1,40,0,0,0,0,0,0,0,0,48000,0,0,0,0,0,0,-48000,0,0,40,0,0,0,0,0,0
cell,0,0,4,arm,2,40,0,0,0,0,0,0,0,0,48000,0,0,0,0,0,0,-48000,0,0,40,0,0,0,0,0,0
cell,0,0,4,arm,3,40,0,0,0,0,0,0,0,0,48000,0,0,0,0,0,0,-48000,0,0,40,0,0,0,0,0,0
cell,0,1,0,arm,0,40,3,0,0,3,0,0,0,0,50952,10197,2952,33,0,0,1,-50952,0,0,40,0,0,0,0,0,11000
cell,0,1,0,arm,1,40,3,0,0,3,0,0,0,0,50952,10197,2952,33,0,0,1,-50952,0,0,40,0,0,0,0,0,11000
cell,0,1,0,arm,2,40,3,0,0,3,0,0,0,0,50952,10197,2952,33,0,0,1,-50952,0,0,40,0,0,0,0,0,11000
cell,0,1,0,arm,3,40,3,0,0,3,0,0,0,0,50952,10197,2952,33,0,0,1,-50952,0,0,40,0,0,0,0,0,11000
cell,0,1,1,arm,0,40,0,0,0,0,0,0,0,0,48000,0,0,0,0,0,0,-48000,0,0,40,0,0,0,0,0,0
cell,0,1,1,arm,1,40,0,0,0,0,0,0,0,0,48000,0,0,0,0,0,0,-48000,0,0,40,0,0,0,0,0,0
cell,0,1,1,arm,2,40,0,0,0,0,0,0,0,0,48000,0,0,0,0,0,0,-48000,0,0,40,0,0,0,0,0,0
cell,0,1,1,arm,3,40,0,0,0,0,0,0,0,0,48000,0,0,0,0,0,0,-48000,0,0,40,0,0,0,0,0,0
cell,0,1,2,arm,0,40,0,0,0,0,0,0,0,0,48000,0,0,0,0,0,0,-48000,0,0,40,0,0,0,0,0,0
cell,0,1,2,arm,1,40,0,0,0,0,0,0,0,0,48000,0,0,0,0,0,0,-48000,0,0,40,0,0,0,0,0,0
cell,0,1,2,arm,2,40,0,0,0,0,0,0,0,0,48000,0,0,0,0,0,0,-48000,0,0,40,0,0,0,0,0,0
cell,0,1,2,arm,3,40,0,0,0,0,0,0,0,0,48000,0,0,0,0,0,0,-48000,0,0,40,0,0,0,0,0,0
cell,0,1,3,arm,0,40,17,0,0,17,0,0,0,0,50463,12886,2463,40,0,0,0,-50463,0,0,40,0,0,0,0,0,2352
cell,0,1,3,arm,1,40,17,0,0,17,0,0,0,0,50463,12886,2463,40,0,0,0,-50463,0,0,40,0,0,0,0,0,2352
cell,0,1,3,arm,2,40,17,0,0,17,0,0,0,0,50463,12886,2463,40,0,0,0,-50463,0,0,40,0,0,0,0,0,2352
cell,0,1,3,arm,3,40,17,0,0,17,0,0,0,0,50463,12886,2463,40,0,0,0,-50463,0,0,40,0,0,0,0,0,2352
cell,0,1,4,arm,0,40,0,0,0,0,0,0,0,0,48000,0,0,0,0,0,0,-48000,0,0,40,0,0,0,0,0,0
cell,0,1,4,arm,1,40,0,0,0,0,0,0,0,0,48000,0,0,0,0,0,0,-48000,0,0,40,0,0,0,0,0,0
cell,0,1,4,arm,2,40,0,0,0,0,0,0,0,0,48000,0,0,0,0,0,0,-48000,0,0,40,0,0,0,0,0,0
cell,0,1,4,arm,3,40,0,0,0,0,0,0,0,0,48000,0,0,0,0,0,0,-48000,0,0,40,0,0,0,0,0,0
cell,0,2,0,arm,0,40,0,0,0,0,0,40,0,0,0,0,0,0,0,0,0,40000,0,0,0,0,0,0,0,0,0
cell,0,2,0,arm,1,40,0,0,0,0,0,40,0,0,0,0,0,0,0,0,0,40000,0,0,0,0,0,0,0,0,0
cell,0,2,0,arm,2,40,0,0,0,0,0,40,0,0,0,0,0,0,0,0,0,40000,0,0,0,0,0,0,0,0,0
cell,0,2,0,arm,3,40,0,0,0,0,0,40,0,0,0,0,0,0,0,0,0,40000,0,0,0,0,0,0,0,0,0
cell,0,2,1,arm,0,40,0,0,0,0,0,40,0,0,0,0,0,0,0,0,0,40000,0,0,0,0,0,0,0,0,0
cell,0,2,1,arm,1,40,0,0,0,0,0,40,0,0,0,0,0,0,0,0,0,40000,0,0,0,0,0,0,0,0,0
cell,0,2,1,arm,2,40,0,0,0,0,0,40,0,0,0,0,0,0,0,0,0,40000,0,0,0,0,0,0,0,0,0
cell,0,2,1,arm,3,40,0,0,0,0,0,40,0,0,0,0,0,0,0,0,0,40000,0,0,0,0,0,0,0,0,0
cell,0,2,2,arm,0,40,0,0,0,0,0,40,0,0,0,0,0,0,0,0,0,40000,0,0,0,0,0,0,0,0,0
cell,0,2,2,arm,1,40,0,0,0,0,0,40,0,0,0,0,0,0,0,0,0,40000,0,0,0,0,0,0,0,0,0
cell,0,2,2,arm,2,40,0,0,0,0,0,40,0,0,0,0,0,0,0,0,0,40000,0,0,0,0,0,0,0,0,0
cell,0,2,2,arm,3,40,0,0,0,0,0,40,0,0,0,0,0,0,0,0,0,40000,0,0,0,0,0,0,0,0,0
cell,0,2,3,arm,0,40,8,0,0,8,0,40,0,0,936,5405,936,14,0,0,0,39064,0,0,0,0,0,0,0,0,1750
cell,0,2,3,arm,1,40,8,0,0,8,0,40,0,0,936,5405,936,14,0,0,0,39064,0,0,0,0,0,0,0,0,1750
cell,0,2,3,arm,2,40,8,0,0,8,0,40,0,0,936,5405,936,14,0,0,0,39064,0,0,0,0,0,0,0,0,1750
cell,0,2,3,arm,3,40,8,0,0,8,0,40,0,0,936,5405,936,14,0,0,0,39064,0,0,0,0,0,0,0,0,1750
cell,0,2,4,arm,0,40,0,0,0,0,0,40,0,0,0,0,0,0,0,0,0,40000,0,0,0,0,0,0,0,0,0
cell,0,2,4,arm,1,40,0,0,0,0,0,40,0,0,0,0,0,0,0,0,0,40000,0,0,0,0,0,0,0,0,0
cell,0,2,4,arm,2,40,0,0,0,0,0,40,0,0,0,0,0,0,0,0,0,40000,0,0,0,0,0,0,0,0,0
cell,0,2,4,arm,3,40,0,0,0,0,0,40,0,0,0,0,0,0,0,0,0,40000,0,0,0,0,0,0,0,0,0
cell,0,3,0,arm,0,40,0,0,0,0,0,40,0,0,0,0,0,0,0,0,0,40000,0,0,0,0,0,0,0,0,0
cell,0,3,0,arm,1,40,0,0,0,0,0,40,0,0,0,0,0,0,0,0,0,40000,0,0,0,0,0,0,0,0,0
cell,0,3,0,arm,2,40,0,0,0,0,0,40,0,0,0,0,0,0,0,0,0,40000,0,0,0,0,0,0,0,0,0
cell,0,3,0,arm,3,40,0,0,0,0,0,40,0,0,0,0,0,0,0,0,0,40000,0,0,0,0,0,0,0,0,0
cell,0,3,1,arm,0,40,0,0,0,0,0,40,0,0,0,0,0,0,0,0,0,40000,0,0,0,0,0,0,0,0,0
cell,0,3,1,arm,1,40,0,0,0,0,0,40,0,0,0,0,0,0,0,0,0,40000,0,0,0,0,0,0,0,0,0
cell,0,3,1,arm,2,40,0,0,0,0,0,40,0,0,0,0,0,0,0,0,0,40000,0,0,0,0,0,0,0,0,0
cell,0,3,1,arm,3,40,0,0,0,0,0,40,0,0,0,0,0,0,0,0,0,40000,0,0,0,0,0,0,0,0,0
cell,0,3,2,arm,0,40,0,0,0,0,0,40,0,0,0,0,0,0,0,0,0,40000,0,0,0,0,0,0,0,0,0
cell,0,3,2,arm,1,40,0,0,0,0,0,40,0,0,0,0,0,0,0,0,0,40000,0,0,0,0,0,0,0,0,0
cell,0,3,2,arm,2,40,0,0,0,0,0,40,0,0,0,0,0,0,0,0,0,40000,0,0,0,0,0,0,0,0,0
cell,0,3,2,arm,3,40,0,0,0,0,0,40,0,0,0,0,0,0,0,0,0,40000,0,0,0,0,0,0,0,0,0
cell,0,3,3,arm,0,40,10,0,0,10,0,40,0,0,1926,9193,1926,30,0,0,0,38074,0,0,0,0,0,0,0,0,3000
cell,0,3,3,arm,1,40,10,0,0,10,0,40,0,0,1926,9193,1926,30,0,0,0,38074,0,0,0,0,0,0,0,0,3000
cell,0,3,3,arm,2,40,10,0,0,10,0,40,0,0,1926,9193,1926,30,0,0,0,38074,0,0,0,0,0,0,0,0,3000
cell,0,3,3,arm,3,40,10,0,0,10,0,40,0,0,1926,9193,1926,30,0,0,0,38074,0,0,0,0,0,0,0,0,3000
cell,0,3,4,arm,0,40,0,0,0,0,0,40,0,0,0,0,0,0,0,0,0,40000,0,0,0,0,0,0,0,0,0
cell,0,3,4,arm,1,40,0,0,0,0,0,40,0,0,0,0,0,0,0,0,0,40000,0,0,0,0,0,0,0,0,0
cell,0,3,4,arm,2,40,0,0,0,0,0,40,0,0,0,0,0,0,0,0,0,40000,0,0,0,0,0,0,0,0,0
cell,0,3,4,arm,3,40,0,0,0,0,0,40,0,0,0,0,0,0,0,0,0,40000,0,0,0,0,0,0,0,0,0
cell,0,4,0,arm,0,40,1,11,1,0,1,1,1,0,81158,3141,942,9,1,0,0,-77942,40,0,39,1,90,1000,1000,1000,9000
cell,0,4,0,arm,1,40,1,11,1,0,1,1,1,0,81158,3141,942,9,1,0,0,-77942,40,0,39,1,90,1000,1000,1000,9000
cell,0,4,0,arm,2,40,1,11,1,0,1,1,1,0,81158,3141,942,9,1,0,0,-77942,40,0,39,1,90,1000,1000,1000,9000
cell,0,4,0,arm,3,40,1,11,1,0,1,1,1,0,81158,3141,942,9,1,0,0,-77942,40,0,39,1,90,1000,1000,1000,9000
cell,0,4,1,arm,0,40,0,1,0,0,0,0,0,0,80151,0,0,0,0,0,0,-80000,40,0,40,0,0,0,0,0,0
cell,0,4,1,arm,1,40,0,1,0,0,0,0,0,0,80151,0,0,0,0,0,0,-80000,40,0,40,0,0,0,0,0,0
cell,0,4,1,arm,2,40,0,1,0,0,0,0,0,0,80151,0,0,0,0,0,0,-80000,40,0,40,0,0,0,0,0,0
cell,0,4,1,arm,3,40,0,1,0,0,0,0,0,0,80151,0,0,0,0,0,0,-80000,40,0,40,0,0,0,0,0,0
cell,0,4,2,arm,0,40,0,0,0,0,0,0,0,0,80000,0,0,0,0,0,0,-80000,40,0,40,0,0,0,0,0,0
cell,0,4,2,arm,1,40,0,0,0,0,0,0,0,0,80000,0,0,0,0,0,0,-80000,40,0,40,0,0,0,0,0,0
cell,0,4,2,arm,2,40,0,0,0,0,0,0,0,0,80000,0,0,0,0,0,0,-80000,40,0,40,0,0,0,0,0,0
cell,0,4,2,arm,3,40,0,0,0,0,0,0,0,0,80000,0,0,0,0,0,0,-80000,40,0,40,0,0,0,0,0,0
cell,0,4,3,arm,0,40,10,14,10,0,0,0,0,10,82719,4040,534,11,0,0,0,-80534,40,0,40,0,714,1000,0,0,1100
cell,0,4,3,arm,1,40,10,14,10,0,0,0,0,10,82719,4040,534,11,0,0,0,-80534,40,0,40,0,714,1000,0,0,1100
cell,0,4,3,arm,2,40,10,14,10,0,0,0,0,10,82719,4040,534,11,0,0,0,-80534,40,0,40,0,714,1000,0,0,1100
cell,0,4,3,arm,3,40,10,14,10,0,0,0,0,10,82719,4040,534,11,0,0,0,-80534,40,0,40,0,714,1000,0,0,1100
cell,0,4,4,arm,0,40,0,0,0,0,0,0,0,0,80000,0,0,0,0,0,0,-80000,40,0,40,0,0,0,0,0,0
cell,0,4,4,arm,1,40,0,0,0,0,0,0,0,0,80000,0,0,0,0,0,0,-80000,40,0,40,0,0,0,0,0,0
cell,0,4,4,arm,2,40,0,0,0,0,0,0,0,0,80000,0,0,0,0,0,0,-80000,40,0,40,0,0,0,0,0,0
cell,0,4,4,arm,3,40,0,0,0,0,0,0,0,0,80000,0,0,0,0,0,0,-80000,40,0,40,0,0,0,0,0,0
cell,0,5,0,arm,0,40,1,0,0,1,0,40,0,0,477,2648,477,8,0,0,0,39523,0,0,0,0,0,0,0,0,8000
cell,0,5,0,arm,1,40,1,0,0,1,0,40,0,0,477,2648,477,8,0,0,0,39523,0,0,0,0,0,0,0,0,8000
cell,0,5,0,arm,2,40,1,0,0,1,0,40,0,0,477,2648,477,8,0,0,0,39523,0,0,0,0,0,0,0,0,8000
cell,0,5,0,arm,3,40,1,0,0,1,0,40,0,0,477,2648,477,8,0,0,0,39523,0,0,0,0,0,0,0,0,8000
cell,0,5,1,arm,0,40,0,0,0,0,0,40,0,0,0,0,0,0,0,0,0,40000,0,0,0,0,0,0,0,0,0
cell,0,5,1,arm,1,40,0,0,0,0,0,40,0,0,0,0,0,0,0,0,0,40000,0,0,0,0,0,0,0,0,0
cell,0,5,1,arm,2,40,0,0,0,0,0,40,0,0,0,0,0,0,0,0,0,40000,0,0,0,0,0,0,0,0,0
cell,0,5,1,arm,3,40,0,0,0,0,0,40,0,0,0,0,0,0,0,0,0,40000,0,0,0,0,0,0,0,0,0
cell,0,5,2,arm,0,40,0,0,0,0,0,40,0,0,0,0,0,0,0,0,0,40000,0,0,0,0,0,0,0,0,0
cell,0,5,2,arm,1,40,0,0,0,0,0,40,0,0,0,0,0,0,0,0,0,40000,0,0,0,0,0,0,0,0,0
cell,0,5,2,arm,2,40,0,0,0,0,0,40,0,0,0,0,0,0,0,0,0,40000,0,0,0,0,0,0,0,0,0
cell,0,5,2,arm,3,40,0,0,0,0,0,40,0,0,0,0,0,0,0,0,0,40000,0,0,0,0,0,0,0,0,0
cell,0,5,3,arm,0,40,6,0,0,6,0,40,0,0,2094,11061,2094,33,0,0,0,37906,0,0,0,0,0,0,0,0,5500
cell,0,5,3,arm,1,40,6,0,0,6,0,40,0,0,2094,11061,2094,33,0,0,0,37906,0,0,0,0,0,0,0,0,5500
cell,0,5,3,arm,2,40,6,0,0,6,0,40,0,0,2094,11061,2094,33,0,0,0,37906,0,0,0,0,0,0,0,0,5500
cell,0,5,3,arm,3,40,6,0,0,6,0,40,0,0,2094,11061,2094,33,0,0,0,37906,0,0,0,0,0,0,0,0,5500
cell,0,5,4,arm,0,40,0,0,0,0,0,40,0,0,0,0,0,0,0,0,0,40000,0,0,0,0,0,0,0,0,0
cell,0,5,4,arm,1,40,0,0,0,0,0,40,0,0,0,0,0,0,0,0,0,40000,0,0,0,0,0,0,0,0,0
cell,0,5,4,arm,2,40,0,0,0,0,0,40,0,0,0,0,0,0,0,0,0,40000,0,0,0,0,0,0,0,0,0
cell,0,5,4,arm,3,40,0,0,0,0,0,40,0,0,0,0,0,0,0,0,0,40000,0,0,0,0,0,0,0,0,0
cell,0,6,0,arm,0,40,1,0,0,1,0,40,0,0,0,327,0,1,0,0,0,40000,0,0,0,0,0,0,0,0,1000
cell,0,6,0,arm,1,40,1,0,0,1,0,40,0,0,0,327,0,1,0,0,0,40000,0,0,0,0,0,0,0,0,1000
cell,0,6,0,arm,2,40,1,0,0,1,0,40,0,0,0,327,0,1,0,0,0,40000,0,0,0,0,0,0,0,0,1000
cell,0,6,0,arm,3,40,1,0,0,1,0,40,0,0,0,327,0,1,0,0,0,40000,0,0,0,0,0,0,0,0,1000
cell,0,6,1,arm,0,40,0,0,0,0,0,40,0,0,0,0,0,0,0,0,0,40000,0,0,0,0,0,0,0,0,0
cell,0,6,1,arm,1,40,0,0,0,0,0,40,0,0,0,0,0,0,0,0,0,40000,0,0,0,0,0,0,0,0,0
cell,0,6,1,arm,2,40,0,0,0,0,0,40,0,0,0,0,0,0,0,0,0,40000,0,0,0,0,0,0,0,0,0
cell,0,6,1,arm,3,40,0,0,0,0,0,40,0,0,0,0,0,0,0,0,0,40000,0,0,0,0,0,0,0,0,0
cell,0,6,2,arm,0,40,0,0,0,0,0,40,0,0,0,0,0,0,0,0,0,40000,0,0,0,0,0,0,0,0,0
cell,0,6,2,arm,1,40,0,0,0,0,0,40,0,0,0,0,0,0,0,0,0,40000,0,0,0,0,0,0,0,0,0
cell,0,6,2,arm,2,40,0,0,0,0,0,40,0,0,0,0,0,0,0,0,0,40000,0,0,0,0,0,0,0,0,0
cell,0,6,2,arm,3,40,0,0,0,0,0,40,0,0,0,0,0,0,0,0,0,40000,0,0,0,0,0,0,0,0,0
cell,0,6,3,arm,0,40,12,0,0,12,0,40,0,0,1033,6215,1033,19,0,0,0,38967,0,0,0,0,0,0,0,0,1583
cell,0,6,3,arm,1,40,12,0,0,12,0,40,0,0,1033,6215,1033,19,0,0,0,38967,0,0,0,0,0,0,0,0,1583
cell,0,6,3,arm,2,40,12,0,0,12,0,40,0,0,1033,6215,1033,19,0,0,0,38967,0,0,0,0,0,0,0,0,1583
cell,0,6,3,arm,3,40,12,0,0,12,0,40,0,0,1033,6215,1033,19,0,0,0,38967,0,0,0,0,0,0,0,0,1583
cell,0,6,4,arm,0,40,0,0,0,0,0,40,0,0,0,0,0,0,0,0,0,40000,0,0,0,0,0,0,0,0,0
cell,0,6,4,arm,1,40,0,0,0,0,0,40,0,0,0,0,0,0,0,0,0,40000,0,0,0,0,0,0,0,0,0
cell,0,6,4,arm,2,40,0,0,0,0,0,40,0,0,0,0,0,0,0,0,0,40000,0,0,0,0,0,0,0,0,0
cell,0,6,4,arm,3,40,0,0,0,0,0,40,0,0,0,0,0,0,0,0,0,40000,0,0,0,0,0,0,0,0,0
cell,0,7,0,arm,0,40,0,0,0,0,0,40,0,0,0,0,0,0,0,0,0,40000,0,0,0,0,0,0,0,0,0
cell,0,7,0,arm,1,40,0,0,0,0,0,40,0,0,0,0,0,0,0,0,0,40000,0,0,0,0,0,0,0,0,0
cell,0,7,0,arm,2,40,0,0,0,0,0,40,0,0,0,0,0,0,0,0,0,40000,0,0,0,0,0,0,0,0,0
cell,0,7,0,arm,3,40,0,0,0,0,0,40,0,0,0,0,0,0,0,0,0,40000,0,0,0,0,0,0,0,0,0
cell,0,7,1,arm,0,40,0,0,0,0,0,40,0,0,0,0,0,0,0,0,0,40000,0,0,0,0,0,0,0,0,0
cell,0,7,1,arm,1,40,0,0,0,0,0,40,0,0,0,0,0,0,0,0,0,40000,0,0,0,0,0,0,0,0,0
cell,0,7,1,arm,2,40,0,0,0,0,0,40,0,0,0,0,0,0,0,0,0,40000,0,0,0,0,0,0,0,0,0
cell,0,7,1,arm,3,40,0,0,0,0,0,40,0,0,0,0,0,0,0,0,0,40000,0,0,0,0,0,0,0,0,0
cell,0,7,2,arm,0,40,0,0,0,0,0,40,0,0,0,0,0,0,0,0,0,40000,0,0,0,0,0,0,0,0,0
cell,0,7,2,arm,1,40,0,0,0,0,0,40,0,0,0,0,0,0,0,0,0,40000,0,0,0,0,0,0,0,0,0
cell,0,7,2,arm,2,40,0,0,0,0,0,40,0,0,0,0,0,0,0,0,0,40000,0,0,0,0,0,0,0,0,0
cell,0,7,2,arm,3,40,0,0,0,0,0,40,0,0,0,0,0,0,0,0,0,40000,0,0,0,0,0,0,0,0,0
cell,0,7,3,arm,0,40,4,0,0,4,0,40,0,0,2445,8918,2445,28,0,0,0,37555,0,0,0,0,0,0,0,0,7000
cell,0,7,3,arm,1,40,4,0,0,4,0,40,0,0,2445,8918,2445,28,0,0,0,37555,0,0,0,0,0,0,0,0,7000
cell,0,7,3,arm,2,40,4,0,0,4,0,40,0,0,2445,8918,2445,28,0,0,0,37555,0,0,0,0,0,0,0,0,7000
cell,0,7,3,arm,3,40,4,0,0,4,0,40,0,0,2445,8918,2445,28,0,0,0,37555,0,0,0,0,0,0,0,0,7000
cell,0,7,4,arm,0,40,0,0,0,0,0,40,0,0,0,0,0,0,0,0,0,40000,0,0,0,0,0,0,0,0,0
cell,0,7,4,arm,1,40,0,0,0,0,0,40,0,0,0,0,0,0,0,0,0,40000,0,0,0,0,0,0,0,0,0
cell,0,7,4,arm,2,40,0,0,0,0,0,40,0,0,0,0,0,0,0,0,0,40000,0,0,0,0,0,0,0,0,0
cell,0,7,4,arm,3,40,0,0,0,0,0,40,0,0,0,0,0,0,0,0,0,40000,0,0,0,0,0,0,0,0,0
cell,0,8,0,arm,0,40,0,0,0,0,0,40,0,0,0,0,0,0,0,0,0,40000,0,0,0,0,0,0,0,0,0
cell,0,8,0,arm,1,40,0,0,0,0,0,40,0,0,0,0,0,0,0,0,0,40000,0,0,0,0,0,0,0,0,0
cell,0,8,0,arm,2,40,0,0,0,0,0,40,0,0,0,0,0,0,0,0,0,40000,0,0,0,0,0,0,0,0,0
cell,0,8,0,arm,3,40,0,0,0,0,0,40,0,0,0,0,0,0,0,0,0,40000,0,0,0,0,0,0,0,0,0
cell,0,8,1,arm,0,40,0,0,0,0,0,40,0,0,0,0,0,0,0,0,0,40000,0,0,0,0,0,0,0,0,0
cell,0,8,1,arm,1,40,0,0,0,0,0,40,0,0,0,0,0,0,0,0,0,40000,0,0,0,0,0,0,0,0,0
cell,0,8,1,arm,2,40,0,0,0,0,0,40,0,0,0,0,0,0,0,0,0,40000,0,0,0,0,0,0,0,0,0
cell,0,8,1,arm,3,40,0,0,0,0,0,40,0,0,0,0,0,0,0,0,0,40000,0,0,0,0,0,0,0,0,0
cell,0,8,2,arm,0,40,0,0,0,0,0,40,0,0,0,0,0,0,0,0,0,40000,0,0,0,0,0,0,0,0,0
cell,0,8,2,arm,1,40,0,0,0,0,0,40,0,0,0,0,0,0,0,0,0,40000,0,0,0,0,0,0,0,0,0
cell,0,8,2,arm,2,40,0,0,0,0,0,40,0,0,0,0,0,0,0,0,0,40000,0,0,0,0,0,0,0,0,0
cell,0,8,2,arm,3,40,0,0,0,0,0,40,0,0,0,0,0,0,0,0,0,40000,0,0,0,0,0,0,0,0,0
cell,0,8,3,arm,0,40,7,0,0,7,0,40,0,0,1823,9827,1823,32,0,0,0,38177,0,0,0,0,0,0,0,0,4571
cell,0,8,3,arm,1,40,7,0,0,7,0,40,0,0,1823,9827,1823,32,0,0,0,38177,0,0,0,0,0,0,0,0,4571
cell,0,8,3,arm,2,40,7,0,0,7,0,40,0,0,1823,9827,1823,32,0,0,0,38177,0,0,0,0,0,0,0,0,4571
cell,0,8,3,arm,3,40,7,0,0,7,0,40,0,0,1823,9827,1823,32,0,0,0,38177,0,0,0,0,0,0,0,0,4571
cell,0,8,4,arm,0,40,0,0,0,0,0,40,0,0,0,0,0,0,0,0,0,40000,0,0,0,0,0,0,0,0,0
cell,0,8,4,arm,1,40,0,0,0,0,0,40,0,0,0,0,0,0,0,0,0,40000,0,0,0,0,0,0,0,0,0
cell,0,8,4,arm,2,40,0,0,0,0,0,40,0,0,0,0,0,0,0,0,0,40000,0,0,0,0,0,0,0,0,0
cell,0,8,4,arm,3,40,0,0,0,0,0,40,0,0,0,0,0,0,0,0,0,40000,0,0,0,0,0,0,0,0,0
cell,1,0,0,arm,0,40,0,0,0,0,0,0,0,0,48000,0,0,0,0,0,0,-48000,0,0,40,0,0,0,0,0,0
cell,1,0,0,arm,1,40,0,0,0,0,0,0,0,0,48000,0,0,0,0,0,0,-48000,0,0,40,0,0,0,0,0,0
cell,1,0,0,arm,2,40,0,0,0,0,0,0,0,0,48000,0,0,0,0,0,0,-48000,0,0,40,0,0,0,0,0,0
cell,1,0,0,arm,3,40,0,0,0,0,0,0,0,0,48000,0,0,0,0,0,0,-48000,0,0,40,0,0,0,0,0,0
cell,1,0,1,arm,0,40,0,0,0,0,0,0,0,0,48000,0,0,0,0,0,0,-48000,0,0,40,0,0,0,0,0,0
cell,1,0,1,arm,1,40,0,0,0,0,0,0,0,0,48000,0,0,0,0,0,0,-48000,0,0,40,0,0,0,0,0,0
cell,1,0,1,arm,2,40,0,0,0,0,0,0,0,0,48000,0,0,0,0,0,0,-48000,0,0,40,0,0,0,0,0,0
cell,1,0,1,arm,3,40,0,0,0,0,0,0,0,0,48000,0,0,0,0,0,0,-48000,0,0,40,0,0,0,0,0,0
cell,1,0,2,arm,0,40,0,0,0,0,0,0,0,0,48000,0,0,0,0,0,0,-48000,0,0,40,0,0,0,0,0,0
cell,1,0,2,arm,1,40,0,0,0,0,0,0,0,0,48000,0,0,0,0,0,0,-48000,0,0,40,0,0,0,0,0,0
cell,1,0,2,arm,2,40,0,0,0,0,0,0,0,0,48000,0,0,0,0,0,0,-48000,0,0,40,0,0,0,0,0,0
cell,1,0,2,arm,3,40,0,0,0,0,0,0,0,0,48000,0,0,0,0,0,0,-48000,0,0,40,0,0,0,0,0,0
cell,1,0,3,arm,0,40,12,0,0,12,0,0,0,0,50832,12653,2832,35,0,0,0,-50832,0,0,40,0,0,0,0,0,2916
cell,1,0,3,arm,1,40,12,0,0,12,0,0,0,0,50832,12653,2832,35,0,0,0,-50832,0,0,40,0,0,0,0,0,2916
cell,1,0,3,arm,2,40,12,0,0,12,0,0,0,0,50832,12653,2832,35,0,0,0,-50832,0,0,40,0,0,0,0,0,2916
cell,1,0,3,arm,3,40,12,0,0,12,0,0,0,0,50832,12653,2832,35,0,0,0,-50832,0,0,40,0,0,0,0,0,2916
cell,1,0,4,arm,0,40,0,0,0,0,0,0,0,0,48000,0,0,0,0,0,0,-48000,0,0,40,0,0,0,0,0,0
cell,1,0,4,arm,1,40,0,0,0,0,0,0,0,0,48000,0,0,0,0,0,0,-48000,0,0,40,0,0,0,0,0,0
cell,1,0,4,arm,2,40,0,0,0,0,0,0,0,0,48000,0,0,0,0,0,0,-48000,0,0,40,0,0,0,0,0,0
cell,1,0,4,arm,3,40,0,0,0,0,0,0,0,0,48000,0,0,0,0,0,0,-48000,0,0,40,0,0,0,0,0,0
cell,1,1,0,arm,0,40,2,0,0,2,0,0,0,0,48919,4487,919,13,0,0,0,-48919,0,0,40,0,0,0,0,0,6500
cell,1,1,0,arm,1,40,2,0,0,2,0,0,0,0,48919,4487,919,13,0,0,0,-48919,0,0,40,0,0,0,0,0,6500
cell,1,1,0,arm,2,40,2,0,0,2,0,0,0,0,48919,4487,919,13,0,0,0,-48919,0,0,40,0,0,0,0,0,6500
cell,1,1,0,arm,3,40,2,0,0,2,0,0,0,0,48919,4487,919,13,0,0,0,-48919,0,0,40,0,0,0,0,0,6500
cell,1,1,1,arm,0,40,0,0,0,0,0,0,0,0,48000,0,0,0,0,0,0,-48000,0,0,40,0,0,0,0,0,0
cell,1,1,1,arm,1,40,0,0,0,0,0,0,0,0,48000,0,0,0,0,0,0,-48000,0,0,40,0,0,0,0,0,0
cell,1,1,1,arm,2,40,0,0,0,0,0,0,0,0,48000,0,0,0,0,0,0,-48000,0,0,40,0,0,0,0,0,0
cell,1,1,1,arm,3,40,0,0,0,0,0,0,0,0,48000,0,0,0,0,0,0,-48000,0,0,40,0,0,0,0,0,0
cell,1,1,2,arm,0,40,0,0,0,0,0,0,0,0,48000,0,0,0,0,0,0,-48000,0,0,40,0,0,0,0,0,0
cell,1,1,2,arm,1,40,0,0,0,0,0,0,0,0,48000,0,0,0,0,0,0,-48000,0,0,40,0,0,0,0,0,0
cell,1,1,2,arm,2,40,0,0,0,0,0,0,0,0,48000,0,0,0,0,0,0,-48000,0,0,40,0,0,0,0,0,0
cell,1,1,2,arm,3,40,0,0,0,0,0,0,0,0,48000,0,0,0,0,0,0,-48000,0,0,40,0,0,0,0,0,0
cell,1,1,3,arm,0,40,8,0,0,8,0,0,0,0,48748,4388,748,12,0,0,0,-48748,0,0,40,0,0,0,0,0,1500
cell,1,1,3,arm,1,40,8,0,0,8,0,0,0,0,48748,4388,748,12,0,0,0,-48748,0,0,40,0,0,0,0,0,1500
cell,1,1,3,arm,2,40,8,0,0,8,0,0,0,0,48748,4388,748,12,0,0,0,-48748,0,0,40,0,0,0,0,0,1500
cell,1,1,3,arm,3,40,8,0,0,8,0,0,0,0,48748,4388,748,12,0,0,0,-48748,0,0,40,0,0,0,0,0,1500
cell,1,1,4,arm,0,40,0,0,0,0,0,0,0,0,48000,0,0,0,0,0,0,-48000,0,0,40,0,0,0,0,0,0
cell,1,1,4,arm,1,40,0,0,0,0,0,0,0,0,48000,0,0,0,0,0,0,-48000,0,0,40,0,0,0,0,0,0
cell,1,1,4,arm,2,40,0,0,0,0,0,0,0,0,48000,0,0,0,0,0,0,-48000,0,0,40,0,0,0,0,0,0
cell,1,1,4,arm,3,40,0,0,0,0,0,0,0,0,48000,0,0,0,0,0,0,-48000,0,0,40,0,0,0,0,0,0
cell,1,2,0,arm,0,40,4,0,0,4,0,40,0,0,5431,14672,5431,50,2,0,2,34569,0,0,0,0,0,0,0,0,12500
cell,1,2,0,arm,1,40,4,0,0,4,0,40,0,0,5431,14672,5431,50,2,0,2,34569,0,0,0,0,0,0,0,0,12500
cell,1,2,0,arm,2,40,4,0,0,4,0,40,0,0,5431,14672,5431,50,2,0,2,34569,0,0,0,0,0,0,0,0,12500
cell,1,2,0,arm,3,40,4,0,0,4,0,40,0,0,5431,14672,5431,50,2,0,2,34569,0,0,0,0,0,0,0,0,12500
cell,1,2,1,arm,0,40,0,0,0,0,0,40,0,0,0,0,0,0,0,0,0,40000,0,0,0,0,0,0,0,0,0
cell,1,2,1,arm,1,40,0,0,0,0,0,40,0,0,0,0,0,0,0,0,0,40000,0,0,0,0,0,0,0,0,0
cell,1,2,1,arm,2,40,0,0,0,0,0,40,0,0,0,0,0,0,0,0,0,40000,0,0,0,0,0,0,0,0,0
cell,1,2,1,arm,3,40,0,0,0,0,0,40,0,0,0,0,0,0,0,0,0,40000,0,0,0,0,0,0,0,0,0
cell,1,2,2,arm,0,40,0,0,0,0,0,40,0,0,0,0,0,0,0,0,0,40000,0,0,0,0,0,0,0,0,0
cell,1,2,2,arm,1,40,0,0,0,0,0,40,0,0,0,0,0,0,0,0,0,40000,0,0,0,0,0,0,0,0,0
cell,1,2,2,arm,2,40,0,0,0,0,0,40,0,0,0,0,0,0,0,0,0,40000,0,0,0,0,0,0,0,0,0
cell,1,2,2,arm,3,40,0,0,0,0,0,40,0,0,0,0,0,0,0,0,0,40000,0,0,0,0,0,0,0,0,0
cell,1,2,3,arm,0,40,14,0,0,14,0,40,0,0,1848,9927,1848,31,0,0,0,38152,0,0,0,0,0,0,0,0,2214
cell,1,2,3,arm,1,40,14,0,0,14,0,40,0,0,1848,9927,1848,31,0,0,0,38152,0,0,0,0,0,0,0,0,2214
cell,1,2,3,arm,2,40,14,0,0,14,0,40,0,0,1848,9927,1848,31,0,0,0,38152,0,0,0,0,0,0,0,0,2214
cell,1,2,3,arm,3,40,14,0,0,14,0,40,0,0,1848,9927,1848,31,0,0,0,38152,0,0,0,0,0,0,0,0,2214
cell,1,2,4,arm,0,40,0,0,0,0,0,40,0,0,0,0,0,0,0,0,0,40000,0,0,0,0,0,0,0,0,0
cell,1,2,4,arm,1,40,0,0,0,0,0,40,0,0,0,0,0,0,0,0,0,40000,0,0,0,0,0,0,0,0,0
cell,1,2,4,arm,2,40,0,0,0,0,0,40,0,0,0,0,0,0,0,0,0,40000,0,0,0,0,0,0,0,0,0
cell,1,2,4,arm,3,40,0,0,0,0,0,40,0,0,0,0,0,0,0,0,0,40000,0,0,0,0,0,0,0,0,0
cell,1,3,0,arm,0,40,0,0,0,0,0,40,0,0,0,0,0,0,0,0,0,40000,0,0,0,0,0,0,0,0,0
cell,1,3,0,arm,1,40,0,0,0,0,0,40,0,0,0,0,0,0,0,0,0,40000,0,0,0,0,0,0,0,0,0
cell,1,3,0,arm,2,40,0,0,0,0,0,40,0,0,0,0,0,0,0,0,0,40000,0,0,0,0,0,0,0,0,0
cell,1,3,0,arm,3,40,0,0,0,0,0,40,0,0,0,0,0,0,0,0,0,40000,0,0,0,0,0,0,0,0,0
cell,1,3,1,arm,0,40,0,0,0,0,0,40,0,0,0,0,0,0,0,0,0,40000,0,0,0,0,0,0,0,0,0
cell,1,3,1,arm,1,40,0,0,0,0,0,40,0,0,0,0,0,0,0,0,0,40000,0,0,0,0,0,0,0,0,0
cell,1,3,1,arm,2,40,0,0,0,0,0,40,0,0,0,0,0,0,0,0,0,40000,0,0,0,0,0,0,0,0,0
cell,1,3,1,arm,3,40,0,0,0,0,0,40,0,0,0,0,0,0,0,0,0,40000,0,0,0,0,0,0,0,0,0
cell,1,3,2,arm,0,40,0,0,0,0,0,40,0,0,0,0,0,0,0,0,0,40000,0,0,0,0,0,0,0,0,0
cell,1,3,2,arm,1,40,0,0,0,0,0,40,0,0,0,0,0,0,0,0,0,40000,0,0,0,0,0,0,0,0,0
cell,1,3,2,arm,2,40,0,0,0,0,0,40,0,0,0,0,0,0,0,0,0,40000,0,0,0,0,0,0,0,0,0
cell,1,3,2,arm,3,40,0,0,0,0,0,40,0,0,0,0,0,0,0,0,0,40000,0,0,0,0,0,0,0,0,0
cell,1,3,3,arm,0,40,6,0,0,6,0,40,0,0,1031,6948,1031,20,0,0,0,38969,0,0,0,0,0,0,0,0,3333
cell,1,3,3,arm,1,40,6,0,0,6,0,40,0,0,1031,6948,1031,20,0,0,0,38969,0,0,0,0,0,0,0,0,3333
cell,1,3,3,arm,2,40,6,0,0,6,0,40,0,0,1031,6948,1031,20,0,0,0,38969,0,0,0,0,0,0,0,0,3333
cell,1,3,3,arm,3,40,6,0,0,6,0,40,0,0,1031,6948,1031,20,0,0,0,38969,0,0,0,0,0,0,0,0,3333
cell,1,3,4,arm,0,40,0,0,0,0,0,40,0,0,0,0,0,0,0,0,0,40000,0,0,0,0,0,0,0,0,0
cell,1,3,4,arm,1,40,0,0,0,0,0,40,0,0,0,0,0,0,0,0,0,40000,0,0,0,0,0,0,0,0,0
cell,1,3,4,arm,2,40,0,0,0,0,0,40,0,0,0,0,0,0,0,0,0,40000,0,0,0,0,0,0,0,0,0
cell,1,3,4,arm,3,40,0,0,0,0,0,40,0,0,0,0,0,0,0,0,0,40000,0,0,0,0,0,0,0,0,0
cell,1,4,0,arm,0,40,2,10,2,0,2,2,2,0,78728,5940,1742,18,2,0,0,-75742,40,0,38,2,200,1000,1000,1000,9000
cell,1,4,0,arm,1,40,2,10,2,0,2,2,2,0,78728,5940,1742,18,2,0,0,-75742,40,0,38,2,200,1000,1000,1000,9000
cell,1,4,0,arm,2,40,2,10,2,0,2,2,2,0,78728,5940,1742,18,2,0,0,-75742,40,0,38,2,200,1000,1000,1000,9000
cell,1,4,0,arm,3,40,2,10,2,0,2,2,2,0,78728,5940,1742,18,2,0,0,-75742,40,0,38,2,200,1000,1000,1000,9000
cell,1,4,1,arm,0,40,0,1,0,0,0,0,0,0,80024,0,0,0,0,0,0,-80000,40,0,40,0,0,0,0,0,0
cell,1,4,1,arm,1,40,0,1,0,0,0,0,0,0,80024,0,0,0,0,0,0,-80000,40,0,40,0,0,0,0,0,0
cell,1,4,1,arm,2,40,0,1,0,0,0,0,0,0,80024,0,0,0,0,0,0,-80000,40,0,40,0,0,0,0,0,0
cell,1,4,1,arm,3,40,0,1,0,0,0,0,0,0,80024,0,0,0,0,0,0,-80000,40,0,40,0,0,0,0,0,0
cell,1,4,2,arm,0,40,0,0,0,0,0,0,0,0,80000,0,0,0,0,0,0,-80000,40,0,40,0,0,0,0,0,0
cell,1,4,2,arm,1,40,0,0,0,0,0,0,0,0,80000,0,0,0,0,0,0,-80000,40,0,40,0,0,0,0,0,0
cell,1,4,2,arm,2,40,0,0,0,0,0,0,0,0,80000,0,0,0,0,0,0,-80000,40,0,40,0,0,0,0,0,0
cell,1,4,2,arm,3,40,0,0,0,0,0,0,0,0,80000,0,0,0,0,0,0,-80000,40,0,40,0,0,0,0,0,0
cell,1,4,3,arm,0,40,13,14,10,3,1,1,1,9,82168,8199,1693,25,1,0,0,-78693,40,0,39,1,714,769,76,100,1923
cell,1,4,3,arm,1,40,13,14,10,3,1,1,1,9,82168,8199,1693,25,1,0,0,-78693,40,0,39,1,714,769,76,100,1923
cell,1,4,3,arm,2,40,13,14,10,3,1,1,1,9,82168,8199,1693,25,1,0,0,-78693,40,0,39,1,714,769,76,100,1923
cell,1,4,3,arm,3,40,13,14,10,3,1,1,1,9,82168,8199,1693,25,1,0,0,-78693,40,0,39,1,714,769,76,100,1923
cell,1,4,4,arm,0,40,0,0,0,0,0,0,0,0,80000,0,0,0,0,0,0,-80000,40,0,40,0,0,0,0,0,0
cell,1,4,4,arm,1,40,0,0,0,0,0,0,0,0,80000,0,0,0,0,0,0,-80000,40,0,40,0,0,0,0,0,0
cell,1,4,4,arm,2,40,0,0,0,0,0,0,0,0,80000,0,0,0,0,0,0,-80000,40,0,40,0,0,0,0,0,0
cell,1,4,4,arm,3,40,0,0,0,0,0,0,0,0,80000,0,0,0,0,0,0,-80000,40,0,40,0,0,0,0,0,0
cell,1,5,0,arm,0,40,0,0,0,0,0,40,0,0,0,0,0,0,0,0,0,40000,0,0,0,0,0,0,0,0,0
cell,1,5,0,arm,1,40,0,0,0,0,0,40,0,0,0,0,0,0,0,0,0,40000,0,0,0,0,0,0,0,0,0
cell,1,5,0,arm,2,40,0,0,0,0,0,40,0,0,0,0,0,0,0,0,0,40000,0,0,0,0,0,0,0,0,0
cell,1,5,0,arm,3,40,0,0,0,0,0,40,0,0,0,0,0,0,0,0,0,40000,0,0,0,0,0,0,0,0,0
cell,1,5,1,arm,0,40,0,0,0,0,0,40,0,0,0,0,0,0,0,0,0,40000,0,0,0,0,0,0,0,0,0
cell,1,5,1,arm,1,40,0,0,0,0,0,40,0,0,0,0,0,0,0,0,0,40000,0,0,0,0,0,0,0,0,0
cell,1,5,1,arm,2,40,0,0,0,0,0,40,0,0,0,0,0,0,0,0,0,40000,0,0,0,0,0,0,0,0,0
cell,1,5,1,arm,3,40,0,0,0,0,0,40,0,0,0,0,0,0,0,0,0,40000,0,0,0,0,0,0,0,0,0
cell,1,5,2,arm,0,40,0,0,0,0,0,40,0,0,0,0,0,0,0,0,0,40000,0,0,0,0,0,0,0,0,0
cell,1,5,2,arm,1,40,0,0,0,0,0,40,0,0,0,0,0,0,0,0,0,40000,0,0,0,0,0,0,0,0,0
cell,1,5,2,arm,2,40,0,0,0,0,0,40,0,0,0,0,0,0,0,0,0,40000,0,0,0,0,0,0,0,0,0
cell,1,5,2,arm,3,40,0,0,0,0,0,40,0,0,0,0,0,0,0,0,0,40000,0,0,0,0,0,0,0,0,0
cell,1,5,3,arm,0,40,6,0,0,6,0,40,0,0,2922,12918,2922,36,0,0,0,37078,0,0,0,0,0,0,0,0,6000
cell,1,5,3,arm,1,40,6,0,0,6,0,40,0,0,2922,12918,2922,36,0,0,0,37078,0,0,0,0,0,0,0,0,6000
cell,1,5,3,arm,2,40,6,0,0,6,0,40,0,0,2922,12918,2922,36,0,0,0,37078,0,0,0,0,0,0,0,0,6000
cell,1,5,3,arm,3,40,6,0,0,6,0,40,0,0,2922,12918,2922,36,0,0,0,37078,0,0,0,0,0,0,0,0,6000
cell,1,5,4,arm,0,40,0,0,0,0,0,40,0,0,0,0,0,0,0,0,0,40000,0,0,0,0,0,0,0,0,0
cell,1,5,4,arm,1,40,0,0,0,0,0,40,0,0,0,0,0,0,0,0,0,40000,0,0,0,0,0,0,0,0,0
cell,1,5,4,arm,2,40,0,0,0,0,0,40,0,0,0,0,0,0,0,0,0,40000,0,0,0,0,0,0,0,0,0
cell,1,5,4,arm,3,40,0,0,0,0,0,40,0,0,0,0,0,0,0,0,0,40000,0,0,0,0,0,0,0,0,0
cell,1,6,0,arm,0,40,0,0,0,0,0,40,0,0,0,0,0,0,0,0,0,40000,0,0,0,0,0,0,0,0,0
cell,1,6,0,arm,1,40,0,0,0,0,0,40,0,0,0,0,0,0,0,0,0,40000,0,0,0,0,0,0,0,0,0
cell,1,6,0,arm,2,40,0,0,0,0,0,40,0,0,0,0,0,0,0,0,0,40000,0,0,0,0,0,0,0,0,0
cell,1,6,0,arm,3,40,0,0,0,0,0,40,0,0,0,0,0,0,0,0,0,40000,0,0,0,0,0,0,0,0,0
cell,1,6,1,arm,0,40,0,0,0,0,0,40,0,0,0,0,0,0,0,0,0,40000,0,0,0,0,0,0,0,0,0
cell,1,6,1,arm,1,40,0,0,0,0,0,40,0,0,0,0,0,0,0,0,0,40000,0,0,0,0,0,0,0,0,0
cell,1,6,1,arm,2,40,0,0,0,0,0,40,0,0,0,0,0,0,0,0,0,40000,0,0,0,0,0,0,0,0,0
cell,1,6,1,arm,3,40,0,0,0,0,0,40,0,0,0,0,0,0,0,0,0,40000,0,0,0,0,0,0,0,0,0
cell,1,6,2,arm,0,40,0,0,0,0,0,40,0,0,0,0,0,0,0,0,0,40000,0,0,0,0,0,0,0,0,0
cell,1,6,2,arm,1,40,0,0,0,0,0,40,0,0,0,0,0,0,0,0,0,40000,0,0,0,0,0,0,0,0,0
cell,1,6,2,arm,2,40,0,0,0,0,0,40,0,0,0,0,0,0,0,0,0,40000,0,0,0,0,0,0,0,0,0
cell,1,6,2,arm,3,40,0,0,0,0,0,40,0,0,0,0,0,0,0,0,0,40000,0,0,0,0,0,0,0,0,0
cell,1,6,3,arm,0,40,9,0,0,9,0,40,0,0,1764,8408,1764,23,0,0,0,38236,0,0,0,0,0,0,0,0,2555
cell,1,6,3,arm,1,40,9,0,0,9,0,40,0,0,1764,8408,1764,23,0,0,0,38236,0,0,0,0,0,0,0,0,2555
cell,1,6,3,arm,2,40,9,0,0,9,0,40,0,0,1764,8408,1764,23,0,0,0,38236,0,0,0,0,0,0,0,0,2555
cell,1,6,3,arm,3,40,9,0,0,9,0,40,0,0,1764,8408,1764,23,0,0,0,38236,0,0,0,0,0,0,0,0,2555
cell,1,6,4,arm,0,40,0,0,0,0,0,40,0,0,0,0,0,0,0,0,0,40000,0,0,0,0,0,0,0,0,0
cell,1,6,4,arm,1,40,0,0,0,0,0,40,0,0,0,0,0,0,0,0,0,40000,0,0,0,0,0,0,0,0,0
cell,1,6,4,arm,2,40,0,0,0,0,0,40,0,0,0,0,0,0,0,0,0,40000,0,0,0,0,0,0,0,0,0
cell,1,6,4,arm,3,40,0,0,0,0,0,40,0,0,0,0,0,0,0,0,0,40000,0,0,0,0,0,0,0,0,0
cell,1,7,0,arm,0,40,1,0,0,1,0,40,0,0,1017,3641,1017,11,0,0,0,38983,0,0,0,0,0,0,0,0,11000
cell,1,7,0,arm,1,40,1,0,0,1,0,40,0,0,1017,3641,1017,11,0,0,0,38983,0,0,0,0,0,0,0,0,11000
cell,1,7,0,arm,2,40,1,0,0,1,0,40,0,0,1017,3641,1017,11,0,0,0,38983,0,0,0,0,0,0,0,0,11000
cell,1,7,0,arm,3,40,1,0,0,1,0,40,0,0,1017,3641,1017,11,0,0,0,38983,0,0,0,0,0,0,0,0,11000
cell,1,7,1,arm,0,40,0,0,0,0,0,40,0,0,0,0,0,0,0,0,0,40000,0,0,0,0,0,0,0,0,0
cell,1,7,1,arm,1,40,0,0,0,0,0,40,0,0,0,0,0,0,0,0,0,40000,0,0,0,0,0,0,0,0,0
cell,1,7,1,arm,2,40,0,0,0,0,0,40,0,0,0,0,0,0,0,0,0,40000,0,0,0,0,0,0,0,0,0
cell,1,7,1,arm,3,40,0,0,0,0,0,40,0,0,0,0,0,0,0,0,0,40000,0,0,0,0,0,0,0,0,0
cell,1,7,2,arm,0,40,0,0,0,0,0,40,0,0,0,0,0,0,0,0,0,40000,0,0,0,0,0,0,0,0,0
cell,1,7,2,arm,1,40,0,0,0,0,0,40,0,0,0,0,0,0,0,0,0,40000,0,0,0,0,0,0,0,0,0
cell,1,7,2,arm,2,40,0,0,0,0,0,40,0,0,0,0,0,0,0,0,0,40000,0,0,0,0,0,0,0,0,0
cell,1,7,2,arm,3,40,0,0,0,0,0,40,0,0,0,0,0,0,0,0,0,40000,0,0,0,0,0,0,0,0,0
cell,1,7,3,arm,0,40,11,0,0,11,0,40,0,0,5332,24724,5332,77,0,0,0,34668,0,0,0,0,0,0,0,0,7000
cell,1,7,3,arm,1,40,11,0,0,11,0,40,0,0,5332,24724,5332,77,0,0,0,34668,0,0,0,0,0,0,0,0,7000
cell,1,7,3,arm,2,40,11,0,0,11,0,40,0,0,5332,24724,5332,77,0,0,0,34668,0,0,0,0,0,0,0,0,7000
cell,1,7,3,arm,3,40,11,0,0,11,0,40,0,0,5332,24724,5332,77,0,0,0,34668,0,0,0,0,0,0,0,0,7000
cell,1,7,4,arm,0,40,0,0,0,0,0,40,0,0,0,0,0,0,0,0,0,40000,0,0,0,0,0,0,0,0,0
cell,1,7,4,arm,1,40,0,0,0,0,0,40,0,0,0,0,0,0,0,0,0,40000,0,0,0,0,0,0,0,0,0
cell,1,7,4,arm,2,40,0,0,0,0,0,40,0,0,0,0,0,0,0,0,0,40000,0,0,0,0,0,0,0,0,0
cell,1,7,4,arm,3,40,0,0,0,0,0,40,0,0,0,0,0,0,0,0,0,40000,0,0,0,0,0,0,0,0,0
cell,1,8,0,arm,0,40,0,0,0,0,0,40,0,0,0,0,0,0,0,0,0,40000,0,0,0,0,0,0,0,0,0
cell,1,8,0,arm,1,40,0,0,0,0,0,40,0,0,0,0,0,0,0,0,0,40000,0,0,0,0,0,0,0,0,0
cell,1,8,0,arm,2,40,0,0,0,0,0,40,0,0,0,0,0,0,0,0,0,40000,0,0,0,0,0,0,0,0,0
cell,1,8,0,arm,3,40,0,0,0,0,0,40,0,0,0,0,0,0,0,0,0,40000,0,0,0,0,0,0,0,0,0
cell,1,8,1,arm,0,40,0,0,0,0,0,40,0,0,0,0,0,0,0,0,0,40000,0,0,0,0,0,0,0,0,0
cell,1,8,1,arm,1,40,0,0,0,0,0,40,0,0,0,0,0,0,0,0,0,40000,0,0,0,0,0,0,0,0,0
cell,1,8,1,arm,2,40,0,0,0,0,0,40,0,0,0,0,0,0,0,0,0,40000,0,0,0,0,0,0,0,0,0
cell,1,8,1,arm,3,40,0,0,0,0,0,40,0,0,0,0,0,0,0,0,0,40000,0,0,0,0,0,0,0,0,0
cell,1,8,2,arm,0,40,0,0,0,0,0,40,0,0,0,0,0,0,0,0,0,40000,0,0,0,0,0,0,0,0,0
cell,1,8,2,arm,1,40,0,0,0,0,0,40,0,0,0,0,0,0,0,0,0,40000,0,0,0,0,0,0,0,0,0
cell,1,8,2,arm,2,40,0,0,0,0,0,40,0,0,0,0,0,0,0,0,0,40000,0,0,0,0,0,0,0,0,0
cell,1,8,2,arm,3,40,0,0,0,0,0,40,0,0,0,0,0,0,0,0,0,40000,0,0,0,0,0,0,0,0,0
cell,1,8,3,arm,0,40,5,0,0,5,0,40,0,0,1798,8605,1798,25,0,0,0,38202,0,0,0,0,0,0,0,0,5000
cell,1,8,3,arm,1,40,5,0,0,5,0,40,0,0,1798,8605,1798,25,0,0,0,38202,0,0,0,0,0,0,0,0,5000
cell,1,8,3,arm,2,40,5,0,0,5,0,40,0,0,1798,8605,1798,25,0,0,0,38202,0,0,0,0,0,0,0,0,5000
cell,1,8,3,arm,3,40,5,0,0,5,0,40,0,0,1798,8605,1798,25,0,0,0,38202,0,0,0,0,0,0,0,0,5000
cell,1,8,4,arm,0,40,0,0,0,0,0,40,0,0,0,0,0,0,0,0,0,40000,0,0,0,0,0,0,0,0,0
cell,1,8,4,arm,1,40,0,0,0,0,0,40,0,0,0,0,0,0,0,0,0,40000,0,0,0,0,0,0,0,0,0
cell,1,8,4,arm,2,40,0,0,0,0,0,40,0,0,0,0,0,0,0,0,0,40000,0,0,0,0,0,0,0,0,0
cell,1,8,4,arm,3,40,0,0,0,0,0,40,0,0,0,0,0,0,0,0,0,40000,0,0,0,0,0,0,0,0,0
cell,2,0,0,arm,0,40,1,0,0,1,0,0,0,0,50094,6336,2094,16,0,0,1,-50094,0,0,40,0,0,0,0,0,16000
cell,2,0,0,arm,1,40,1,0,0,1,0,0,0,0,50094,6336,2094,16,0,0,1,-50094,0,0,40,0,0,0,0,0,16000
cell,2,0,0,arm,2,40,1,0,0,1,0,0,0,0,50094,6336,2094,16,0,0,1,-50094,0,0,40,0,0,0,0,0,16000
cell,2,0,0,arm,3,40,1,0,0,1,0,0,0,0,50094,6336,2094,16,0,0,1,-50094,0,0,40,0,0,0,0,0,16000
cell,2,0,1,arm,0,40,0,0,0,0,0,0,0,0,48000,0,0,0,0,0,0,-48000,0,0,40,0,0,0,0,0,0
cell,2,0,1,arm,1,40,0,0,0,0,0,0,0,0,48000,0,0,0,0,0,0,-48000,0,0,40,0,0,0,0,0,0
cell,2,0,1,arm,2,40,0,0,0,0,0,0,0,0,48000,0,0,0,0,0,0,-48000,0,0,40,0,0,0,0,0,0
cell,2,0,1,arm,3,40,0,0,0,0,0,0,0,0,48000,0,0,0,0,0,0,-48000,0,0,40,0,0,0,0,0,0
cell,2,0,2,arm,0,40,0,0,0,0,0,0,0,0,48000,0,0,0,0,0,0,-48000,0,0,40,0,0,0,0,0,0
cell,2,0,2,arm,1,40,0,0,0,0,0,0,0,0,48000,0,0,0,0,0,0,-48000,0,0,40,0,0,0,0,0,0
cell,2,0,2,arm,2,40,0,0,0,0,0,0,0,0,48000,0,0,0,0,0,0,-48000,0,0,40,0,0,0,0,0,0
cell,2,0,2,arm,3,40,0,0,0,0,0,0,0,0,48000,0,0,0,0,0,0,-48000,0,0,40,0,0,0,0,0,0
cell,2,0,3,arm,0,40,3,0,0,3,0,0,0,0,48595,2562,595,8,0,0,0,-48595,0,0,40,0,0,0,0,0,2666
cell,2,0,3,arm,1,40,3,0,0,3,0,0,0,0,48595,2562,595,8,0,0,0,-48595,0,0,40,0,0,0,0,0,2666
cell,2,0,3,arm,2,40,3,0,0,3,0,0,0,0,48595,2562,595,8,0,0,0,-48595,0,0,40,0,0,0,0,0,2666
cell,2,0,3,arm,3,40,3,0,0,3,0,0,0,0,48595,2562,595,8,0,0,0,-48595,0,0,40,0,0,0,0,0,2666
cell,2,0,4,arm,0,40,0,0,0,0,0,0,0,0,48000,0,0,0,0,0,0,-48000,0,0,40,0,0,0,0,0,0
cell,2,0,4,arm,1,40,0,0,0,0,0,0,0,0,48000,0,0,0,0,0,0,-48000,0,0,40,0,0,0,0,0,0
cell,2,0,4,arm,2,40,0,0,0,0,0,0,0,0,48000,0,0,0,0,0,0,-48000,0,0,40,0,0,0,0,0,0
cell,2,0,4,arm,3,40,0,0,0,0,0,0,0,0,48000,0,0,0,0,0,0,-48000,0,0,40,0,0,0,0,0,0
cell,2,1,0,arm,0,40,0,0,0,0,0,0,0,0,48000,0,0,0,0,0,0,-48000,0,0,40,0,0,0,0,0,0
cell,2,1,0,arm,1,40,0,0,0,0,0,0,0,0,48000,0,0,0,0,0,0,-48000,0,0,40,0,0,0,0,0,0
cell,2,1,0,arm,2,40,0,0,0,0,0,0,0,0,48000,0,0,0,0,0,0,-48000,0,0,40,0,0,0,0,0,0
cell,2,1,0,arm,3,40,0,0,0,0,0,0,0,0,48000,0,0,0,0,0,0,-48000,0,0,40,0,0,0,0,0,0
cell,2,1,1,arm,0,40,0,0,0,0,0,0,0,0,48000,0,0,0,0,0,0,-48000,0,0,40,0,0,0,0,0,0
cell,2,1,1,arm,1,40,0,0,0,0,0,0,0,0,48000,0,0,0,0,0,0,-48000,0,0,40,0,0,0,0,0,0
cell,2,1,1,arm,2,40,0,0,0,0,0,0,0,0,48000,0,0,0,0,0,0,-48000,0,0,40,0,0,0,0,0,0
cell,2,1,1,arm,3,40,0,0,0,0,0,0,0,0,48000,0,0,0,0,0,0,-48000,0,0,40,0,0,0,0,0,0
cell,2,1,2,arm,0,40,0,0,0,0,0,0,0,0,48000,0,0,0,0,0,0,-48000,0,0,40,0,0,0,0,0,0
cell,2,1,2,arm,1,40,0,0,0,0,0,0,0,0,48000,0,0,0,0,0,0,-48000,0,0,40,0,0,0,0,0,0
cell,2,1,2,arm,2,40,0,0,0,0,0,0,0,0,48000,0,0,0,0,0,0,-48000,0,0,40,0,0,0,0,0,0
cell,2,1,2,arm,3,40,0,0,0,0,0,0,0,0,48000,0,0,0,0,0,0,-48000,0,0,40,0,0,0,0,0,0
cell,2,1,3,arm,0,40,10,0,0,10,0,0,0,0,50060,8445,2060,25,0,0,0,-50060,0,0,40,0,0,0,0,0,2500
cell,2,1,3,arm,1,40,10,0,0,10,0,0,0,0,50060,8445,2060,25,0,0,0,-50060,0,0,40,0,0,0,0,0,2500
cell,2,1,3,arm,2,40,10,0,0,10,0,0,0,0,50060,8445,2060,25,0,0,0,-50060,0,0,40,0,0,0,0,0,2500
cell,2,1,3,arm,3,40,10,0,0,10,0,0,0,0,50060,8445,2060,25,0,0,0,-50060,0,0,40,0,0,0,0,0,2500
cell,2,1,4,arm,0,40,0,0,0,0,0,0,0,0,48000,0,0,0,0,0,0,-48000,0,0,40,0,0,0,0,0,0
cell,2,1,4,arm,1,40,0,0,0,0,0,0,0,0,48000,0,0,0,0,0,0,-48000,0,0,40,0,0,0,0,0,0
cell,2,1,4,arm,2,40,0,0,0,0,0,0,0,0,48000,0,0,0,0,0,0,-48000,0,0,40,0,0,0,0,0,0
cell,2,1,4,arm,3,40,0,0,0,0,0,0,0,0,48000,0,0,0,0,0,0,-48000,0,0,40,0,0,0,0,0,0
cell,2,2,0,arm,0,40,1,0,0,1,0,40,0,0,1642,4928,1642,16,1,0,1,38358,0,0,0,0,0,0,0,0,16000
cell,2,2,0,arm,1,40,1,0,0,1,0,40,0,0,1642,4928,1642,16,1,0,1,38358,0,0,0,0,0,0,0,0,16000
cell,2,2,0,arm,2,40,1,0,0,1,0,40,0,0,1642,4928,1642,16,1,0,1,38358,0,0,0,0,0,0,0,0,16000
cell,2,2,0,arm,3,40,1,0,0,1,0,40,0,0,1642,4928,1642,16,1,0,1,38358,0,0,0,0,0,0,0,0,16000
cell,2,2,1,arm,0,40,0,0,0,0,0,40,0,0,0,0,0,0,0,0,0,40000,0,0,0,0,0,0,0,0,0
cell,2,2,1,arm,1,40,0,0,0,0,0,40,0,0,0,0,0,0,0,0,0,40000,0,0,0,0,0,0,0,0,0
cell,2,2,1,arm,2,40,0,0,0,0,0,40,0,0,0,0,0,0,0,0,0,40000,0,0,0,0,0,0,0,0,0
cell,2,2,1,arm,3,40,0,0,0,0,0,40,0,0,0,0,0,0,0,0,0,40000,0,0,0,0,0,0,0,0,0
cell,2,2,2,arm,0,40,0,0,0,0,0,40,0,0,0,0,0,0,0,0,0,40000,0,0,0,0,0,0,0,0,0
cell,2,2,2,arm,1,40,0,0,0,0,0,40,0,0,0,0,0,0,0,0,0,40000,0,0,0,0,0,0,0,0,0
cell,2,2,2,arm,2,40,0,0,0,0,0,40,0,0,0,0,0,0,0,0,0,40000,0,0,0,0,0,0,0,0,0
cell,2,2,2,arm,3,40,0,0,0,0,0,40,0,0,0,0,0,0,0,0,0,40000,0,0,0,0,0,0,0,0,0
cell,2,2,3,arm,0,40,5,0,0,5,0,40,0,0,427,2812,427,7,0,0,0,39573,0,0,0,0,0,0,0,0,1400
cell,2,2,3,arm,1,40,5,0,0,5,0,40,0,0,427,2812,427,7,0,0,0,39573,0,0,0,0,0,0,0,0,1400
cell,2,2,3,arm,2,40,5,0,0,5,0,40,0,0,427,2812,427,7,0,0,0,39573,0,0,0,0,0,0,0,0,1400
cell,2,2,3,arm,3,40,5,0,0,5,0,40,0,0,427,2812,427,7,0,0,0,39573,0,0,0,0,0,0,0,0,1400
cell,2,2,4,arm,0,40,0,0,0,0,0,40,0,0,0,0,0,0,0,0,0,40000,0,0,0,0,0,0,0,0,0
cell,2,2,4,arm,1,40,0,0,0,0,0,40,0,0,0,0,0,0,0,0,0,40000,0,0,0,0,0,0,0,0,0
cell,2,2,4,arm,2,40,0,0,0,0,0,40,0,0,0,0,0,0,0,0,0,40000,0,0,0,0,0,0,0,0,0
cell,2,2,4,arm,3,40,0,0,0,0,0,40,0,0,0,0,0,0,0,0,0,40000,0,0,0,0,0,0,0,0,0
cell,2,3,0,arm,0,40,1,0,0,1,0,40,0,0,1323,4368,1323,14,0,0,0,38677,0,0,0,0,0,0,0,0,14000
cell,2,3,0,arm,1,40,1,0,0,1,0,40,0,0,1323,4368,1323,14,0,0,0,38677,0,0,0,0,0,0,0,0,14000
cell,2,3,0,arm,2,40,1,0,0,1,0,40,0,0,1323,4368,1323,14,0,0,0,38677,0,0,0,0,0,0,0,0,14000
cell,2,3,0,arm,3,40,1,0,0,1,0,40,0,0,1323,4368,1323,14,0,0,0,38677,0,0,0,0,0,0,0,0,14000
cell,2,3,1,arm,0,40,0,0,0,0,0,40,0,0,0,0,0,0,0,0,0,40000,0,0,0,0,0,0,0,0,0
cell,2,3,1,arm,1,40,0,0,0,0,0,40,0,0,0,0,0,0,0,0,0,40000,0,0,0,0,0,0,0,0,0
cell,2,3,1,arm,2,40,0,0,0,0,0,40,0,0,0,0,0,0,0,0,0,40000,0,0,0,0,0,0,0,0,0
cell,2,3,1,arm,3,40,0,0,0,0,0,40,0,0,0,0,0,0,0,0,0,40000,0,0,0,0,0,0,0,0,0
cell,2,3,2,arm,0,40,0,0,0,0,0,40,0,0,0,0,0,0,0,0,0,40000,0,0,0,0,0,0,0,0,0
cell,2,3,2,arm,1,40,0,0,0,0,0,40,0,0,0,0,0,0,0,0,0,40000,0,0,0,0,0,0,0,0,0
cell,2,3,2,arm,2,40,0,0,0,0,0,40,0,0,0,0,0,0,0,0,0,40000,0,0,0,0,0,0,0,0,0
cell,2,3,2,arm,3,40,0,0,0,0,0,40,0,0,0,0,0,0,0,0,0,40000,0,0,0,0,0,0,0,0,0
cell,2,3,3,arm,0,40,21,0,0,21,0,40,0,0,4171,18300,4171,56,0,0,0,35829,0,0,0,0,0,0,0,0,2666
cell,2,3,3,arm,1,40,21,0,0,21,0,40,0,0,4171,18300,4171,56,0,0,0,35829,0,0,0,0,0,0,0,0,2666
cell,2,3,3,arm,2,40,21,0,0,21,0,40,0,0,4171,18300,4171,56,0,0,0,35829,0,0,0,0,0,0,0,0,2666
cell,2,3,3,arm,3,40,21,0,0,21,0,40,0,0,4171,18300,4171,56,0,0,0,35829,0,0,0,0,0,0,0,0,2666
cell,2,3,4,arm,0,40,0,0,0,0,0,40,0,0,0,0,0,0,0,0,0,40000,0,0,0,0,0,0,0,0,0
cell,2,3,4,arm,1,40,0,0,0,0,0,40,0,0,0,0,0,0,0,0,0,40000,0,0,0,0,0,0,0,0,0
cell,2,3,4,arm,2,40,0,0,0,0,0,40,0,0,0,0,0,0,0,0,0,40000,0,0,0,0,0,0,0,0,0
cell,2,3,4,arm,3,40,0,0,0,0,0,40,0,0,0,0,0,0,0,0,0,40000,0,0,0,0,0,0,0,0,0
cell,2,4,0,arm,0,40,1,17,1,0,1,1,1,0,81656,3510,702,9,1,0,0,-77702,40,0,39,1,58,1000,1000,1000,9000
cell,2,4,0,arm,1,40,1,17,1,0,1,1,1,0,81656,3510,702,9,1,0,0,-77702,40,0,39,1,58,1000,1000,1000,9000
cell,2,4,0,arm,2,40,1,17,1,0,1,1,1,0,81656,3510,702,9,1,0,0,-77702,40,0,39,1,58,1000,1000,1000,9000
cell,2,4,0,arm,3,40,1,17,1,0,1,1,1,0,81656,3510,702,9,1,0,0,-77702,40,0,39,1,58,1000,1000,1000,9000
cell,2,4,1,arm,0,40,0,1,0,0,0,0,0,0,80229,0,0,0,0,0,0,-80000,40,0,40,0,0,0,0,0,0
cell,2,4,1,arm,1,40,0,1,0,0,0,0,0,0,80229,0,0,0,0,0,0,-80000,40,0,40,0,0,0,0,0,0
cell,2,4,1,arm,2,40,0,1,0,0,0,0,0,0,80229,0,0,0,0,0,0,-80000,40,0,40,0,0,0,0,0,0
cell,2,4,1,arm,3,40,0,1,0,0,0,0,0,0,80229,0,0,0,0,0,0,-80000,40,0,40,0,0,0,0,0,0
cell,2,4,2,arm,0,40,0,0,0,0,0,0,0,0,80000,0,0,0,0,0,0,-80000,40,0,40,0,0,0,0,0,0
cell,2,4,2,arm,1,40,0,0,0,0,0,0,0,0,80000,0,0,0,0,0,0,-80000,40,0,40,0,0,0,0,0,0
cell,2,4,2,arm,2,40,0,0,0,0,0,0,0,0,80000,0,0,0,0,0,0,-80000,40,0,40,0,0,0,0,0,0
cell,2,4,2,arm,3,40,0,0,0,0,0,0,0,0,80000,0,0,0,0,0,0,-80000,40,0,40,0,0,0,0,0,0
cell,2,4,3,arm,0,40,8,11,6,2,1,1,1,5,80502,5583,724,18,1,0,0,-77724,40,0,39,1,545,750,125,166,2250
cell,2,4,3,arm,1,40,8,11,6,2,1,1,1,5,80502,5583,724,18,1,0,0,-77724,40,0,39,1,545,750,125,166,2250
cell,2,4,3,arm,2,40,8,11,6,2,1,1,1,5,80502,5583,724,18,1,0,0,-77724,40,0,39,1,545,750,125,166,2250
cell,2,4,3,arm,3,40,8,11,6,2,1,1,1,5,80502,5583,724,18,1,0,0,-77724,40,0,39,1,545,750,125,166,2250
cell,2,4,4,arm,0,40,0,0,0,0,0,0,0,0,80000,0,0,0,0,0,0,-80000,40,0,40,0,0,0,0,0,0
cell,2,4,4,arm,1,40,0,0,0,0,0,0,0,0,80000,0,0,0,0,0,0,-80000,40,0,40,0,0,0,0,0,0
cell,2,4,4,arm,2,40,0,0,0,0,0,0,0,0,80000,0,0,0,0,0,0,-80000,40,0,40,0,0,0,0,0,0
cell,2,4,4,arm,3,40,0,0,0,0,0,0,0,0,80000,0,0,0,0,0,0,-80000,40,0,40,0,0,0,0,0,0
cell,2,5,0,arm,0,40,0,0,0,0,0,40,0,0,0,0,0,0,0,0,0,40000,0,0,0,0,0,0,0,0,0
cell,2,5,0,arm,1,40,0,0,0,0,0,40,0,0,0,0,0,0,0,0,0,40000,0,0,0,0,0,0,0,0,0
cell,2,5,0,arm,2,40,0,0,0,0,0,40,0,0,0,0,0,0,0,0,0,40000,0,0,0,0,0,0,0,0,0
cell,2,5,0,arm,3,40,0,0,0,0,0,40,0,0,0,0,0,0,0,0,0,40000,0,0,0,0,0,0,0,0,0
cell,2,5,1,arm,0,40,0,0,0,0,0,40,0,0,0,0,0,0,0,0,0,40000,0,0,0,0,0,0,0,0,0
cell,2,5,1,arm,1,40,0,0,0,0,0,40,0,0,0,0,0,0,0,0,0,40000,0,0,0,0,0,0,0,0,0
cell,2,5,1,arm,2,40,0,0,0,0,0,40,0,0,0,0,0,0,0,0,0,40000,0,0,0,0,0,0,0,0,0
cell,2,5,1,arm,3,40,0,0,0,0,0,40,0,0,0,0,0,0,0,0,0,40000,0,0,0,0,0,0,0,0,0
cell,2,5,2,arm,0,40,0,0,0,0,0,40,0,0,0,0,0,0,0,0,0,40000,0,0,0,0,0,0,0,0,0
cell,2,5,2,arm,1,40,0,0,0,0,0,40,0,0,0,0,0,0,0,0,0,40000,0,0,0,0,0,0,0,0,0
cell,2,5,2,arm,2,40,0,0,0,0,0,40,0,0,0,0,0,0,0,0,0,40000,0,0,0,0,0,0,0,0,0
cell,2,5,2,arm,3,40,0,0,0,0,0,40,0,0,0,0,0,0,0,0,0,40000,0,0,0,0,0,0,0,0,0
cell,2,5,3,arm,0,40,9,0,0,9,0,40,0,0,4344,16890,4344,54,0,0,0,35656,0,0,0,0,0,0,0,0,6000
cell,2,5,3,arm,1,40,9,0,0,9,0,40,0,0,4344,16890,4344,54,0,0,0,35656,0,0,0,0,0,0,0,0,6000
cell,2,5,3,arm,2,40,9,0,0,9,0,40,0,0,4344,16890,4344,54,0,0,0,35656,0,0,0,0,0,0,0,0,6000
cell,2,5,3,arm,3,40,9,0,0,9,0,40,0,0,4344,16890,4344,54,0,0,0,35656,0,0,0,0,0,0,0,0,6000
cell,2,5,4,arm,0,40,0,0,0,0,0,40,0,0,0,0,0,0,0,0,0,40000,0,0,0,0,0,0,0,0,0
cell,2,5,4,arm,1,40,0,0,0,0,0,40,0,0,0,0,0,0,0,0,0,40000,0,0,0,0,0,0,0,0,0
cell,2,5,4,arm,2,40,0,0,0,0,0,40,0,0,0,0,0,0,0,0,0,40000,0,0,0,0,0,0,0,0,0
cell,2,5,4,arm,3,40,0,0,0,0,0,40,0,0,0,0,0,0,0,0,0,40000,0,0,0,0,0,0,0,0,0
cell,2,6,0,arm,0,40,1,0,0,1,0,40,0,0,447,2548,447,7,0,0,0,39553,0,0,0,0,0,0,0,0,7000
cell,2,6,0,arm,1,40,1,0,0,1,0,40,0,0,447,2548,447,7,0,0,0,39553,0,0,0,0,0,0,0,0,7000
cell,2,6,0,arm,2,40,1,0,0,1,0,40,0,0,447,2548,447,7,0,0,0,39553,0,0,0,0,0,0,0,0,7000
cell,2,6,0,arm,3,40,1,0,0,1,0,40,0,0,447,2548,447,7,0,0,0,39553,0,0,0,0,0,0,0,0,7000
cell,2,6,1,arm,0,40,0,0,0,0,0,40,0,0,0,0,0,0,0,0,0,40000,0,0,0,0,0,0,0,0,0
cell,2,6,1,arm,1,40,0,0,0,0,0,40,0,0,0,0,0,0,0,0,0,40000,0,0,0,0,0,0,0,0,0
cell,2,6,1,arm,2,40,0,0,0,0,0,40,0,0,0,0,0,0,0,0,0,40000,0,0,0,0,0,0,0,0,0
cell,2,6,1,arm,3,40,0,0,0,0,0,40,0,0,0,0,0,0,0,0,0,40000,0,0,0,0,0,0,0,0,0
cell,2,6,2,arm,0,40,0,0,0,0,0,40,0,0,0,0,0,0,0,0,0,40000,0,0,0,0,0,0,0,0,0
cell,2,6,2,arm,1,40,0,0,0,0,0,40,0,0,0,0,0,0,0,0,0,40000,0,0,0,0,0,0,0,0,0
cell,2,6,2,arm,2,40,0,0,0,0,0,40,0,0,0,0,0,0,0,0,0,40000,0,0,0,0,0,0,0,0,0
cell,2,6,2,arm,3,40,0,0,0,0,0,40,0,0,0,0,0,0,0,0,0,40000,0,0,0,0,0,0,0,0,0
cell,2,6,3,arm,0,40,9,0,0,9,0,40,0,0,1146,5814,1146,16,0,0,0,38854,0,0,0,0,0,0,0,0,1777
cell,2,6,3,arm,1,40,9,0,0,9,0,40,0,0,1146,5814,1146,16,0,0,0,38854,0,0,0,0,0,0,0,0,1777
cell,2,6,3,arm,2,40,9,0,0,9,0,40,0,0,1146,5814,1146,16,0,0,0,38854,0,0,0,0,0,0,0,0,1777
cell,2,6,3,arm,3,40,9,0,0,9,0,40,0,0,1146,5814,1146,16,0,0,0,38854,0,0,0,0,0,0,0,0,1777
cell,2,6,4,arm,0,40,0,0,0,0,0,40,0,0,0,0,0,0,0,0,0,40000,0,0,0,0,0,0,0,0,0
cell,2,6,4,arm,1,40,0,0,0,0,0,40,0,0,0,0,0,0,0,0,0,40000,0,0,0,0,0,0,0,0,0
cell,2,6,4,arm,2,40,0,0,0,0,0,40,0,0,0,0,0,0,0,0,0,40000,0,0,0,0,0,0,0,0,0
cell,2,6,4,arm,3,40,0,0,0,0,0,40,0,0,0,0,0,0,0,0,0,40000,0,0,0,0,0,0,0,0,0
cell,2,7,0,arm,0,40,2,0,0,2,0,40,0,0,1532,6889,1532,20,0,0,0,38468,0,0,0,0,0,0,0,0,10000
cell,2,7,0,arm,1,40,2,0,0,2,0,40,0,0,1532,6889,1532,20,0,0,0,38468,0,0,0,0,0,0,0,0,10000
cell,2,7,0,arm,2,40,2,0,0,2,0,40,0,0,1532,6889,1532,20,0,0,0,38468,0,0,0,0,0,0,0,0,10000
cell,2,7,0,arm,3,40,2,0,0,2,0,40,0,0,1532,6889,1532,20,0,0,0,38468,0,0,0,0,0,0,0,0,10000
cell,2,7,1,arm,0,40,0,0,0,0,0,40,0,0,0,0,0,0,0,0,0,40000,0,0,0,0,0,0,0,0,0
cell,2,7,1,arm,1,40,0,0,0,0,0,40,0,0,0,0,0,0,0,0,0,40000,0,0,0,0,0,0,0,0,0
cell,2,7,1,arm,2,40,0,0,0,0,0,40,0,0,0,0,0,0,0,0,0,40000,0,0,0,0,0,0,0,0,0
cell,2,7,1,arm,3,40,0,0,0,0,0,40,0,0,0,0,0,0,0,0,0,40000,0,0,0,0,0,0,0,0,0
cell,2,7,2,arm,0,40,0,0,0,0,0,40,0,0,0,0,0,0,0,0,0,40000,0,0,0,0,0,0,0,0,0
cell,2,7,2,arm,1,40,0,0,0,0,0,40,0,0,0,0,0,0,0,0,0,40000,0,0,0,0,0,0,0,0,0
cell,2,7,2,arm,2,40,0,0,0,0,0,40,0,0,0,0,0,0,0,0,0,40000,0,0,0,0,0,0,0,0,0
cell,2,7,2,arm,3,40,0,0,0,0,0,40,0,0,0,0,0,0,0,0,0,40000,0,0,0,0,0,0,0,0,0
cell,2,7,3,arm,0,40,1,0,0,1,0,40,0,0,610,2541,610,7,0,0,0,39390,0,0,0,0,0,0,0,0,7000
cell,2,7,3,arm,1,40,1,0,0,1,0,40,0,0,610,2541,610,7,0,0,0,39390,0,0,0,0,0,0,0,0,7000
cell,2,7,3,arm,2,40,1,0,0,1,0,40,0,0,610,2541,610,7,0,0,0,39390,0,0,0,0,0,0,0,0,7000
cell,2,7,3,arm,3,40,1,0,0,1,0,40,0,0,610,2541,610,7,0,0,0,39390,0,0,0,0,0,0,0,0,7000
cell,2,7,4,arm,0,40,0,0,0,0,0,40,0,0,0,0,0,0,0,0,0,40000,0,0,0,0,0,0,0,0,0
cell,2,7,4,arm,1,40,0,0,0,0,0,40,0,0,0,0,0,0,0,0,0,40000,0,0,0,0,0,0,0,0,0
cell,2,7,4,arm,2,40,0,0,0,0,0,40,0,0,0,0,0,0,0,0,0,40000,0,0,0,0,0,0,0,0,0
cell,2,7,4,arm,3,40,0,0,0,0,0,40,0,0,0,0,0,0,0,0,0,40000,0,0,0,0,0,0,0,0,0
cell,2,8,0,arm,0,40,0,0,0,0,0,40,0,0,0,0,0,0,0,0,0,40000,0,0,0,0,0,0,0,0,0
cell,2,8,0,arm,1,40,0,0,0,0,0,40,0,0,0,0,0,0,0,0,0,40000,0,0,0,0,0,0,0,0,0
cell,2,8,0,arm,2,40,0,0,0,0,0,40,0,0,0,0,0,0,0,0,0,40000,0,0,0,0,0,0,0,0,0
cell,2,8,0,arm,3,40,0,0,0,0,0,40,0,0,0,0,0,0,0,0,0,40000,0,0,0,0,0,0,0,0,0
cell,2,8,1,arm,0,40,0,0,0,0,0,40,0,0,0,0,0,0,0,0,0,40000,0,0,0,0,0,0,0,0,0
cell,2,8,1,arm,1,40,0,0,0,0,0,40,0,0,0,0,0,0,0,0,0,40000,0,0,0,0,0,0,0,0,0
cell,2,8,1,arm,2,40,0,0,0,0,0,40,0,0,0,0,0,0,0,0,0,40000,0,0,0,0,0,0,0,0,0
cell,2,8,1,arm,3,40,0,0,0,0,0,40,0,0,0,0,0,0,0,0,0,40000,0,0,0,0,0,0,0,0,0
cell,2,8,2,arm,0,40,0,0,0,0,0,40,0,0,0,0,0,0,0,0,0,40000,0,0,0,0,0,0,0,0,0
cell,2,8,2,arm,1,40,0,0,0,0,0,40,0,0,0,0,0,0,0,0,0,40000,0,0,0,0,0,0,0,0,0
cell,2,8,2,arm,2,40,0,0,0,0,0,40,0,0,0,0,0,0,0,0,0,40000,0,0,0,0,0,0,0,0,0
cell,2,8,2,arm,3,40,0,0,0,0,0,40,0,0,0,0,0,0,0,0,0,40000,0,0,0,0,0,0,0,0,0
cell,2,8,3,arm,0,40,10,0,0,10,0,40,0,0,3573,15405,3573,47,0,0,0,36427,0,0,0,0,0,0,0,0,4700
cell,2,8,3,arm,1,40,10,0,0,10,0,40,0,0,3573,15405,3573,47,0,0,0,36427,0,0,0,0,0,0,0,0,4700
cell,2,8,3,arm,2,40,10,0,0,10,0,40,0,0,3573,15405,3573,47,0,0,0,36427,0,0,0,0,0,0,0,0,4700
cell,2,8,3,arm,3,40,10,0,0,10,0,40,0,0,3573,15405,3573,47,0,0,0,36427,0,0,0,0,0,0,0,0,4700
cell,2,8,4,arm,0,40,0,0,0,0,0,40,0,0,0,0,0,0,0,0,0,40000,0,0,0,0,0,0,0,0,0
cell,2,8,4,arm,1,40,0,0,0,0,0,40,0,0,0,0,0,0,0,0,0,40000,0,0,0,0,0,0,0,0,0
cell,2,8,4,arm,2,40,0,0,0,0,0,40,0,0,0,0,0,0,0,0,0,40000,0,0,0,0,0,0,0,0,0
cell,2,8,4,arm,3,40,0,0,0,0,0,40,0,0,0,0,0,0,0,0,0,40000,0,0,0,0,0,0,0,0,0
cell,3,0,0,arm,0,40,3,0,0,3,0,0,0,0,53352,13020,5352,44,0,0,2,-53352,0,0,40,0,0,0,0,0,14666
cell,3,0,0,arm,1,40,3,0,0,3,0,0,0,0,53352,13020,5352,44,0,0,2,-53352,0,0,40,0,0,0,0,0,14666
cell,3,0,0,arm,2,40,3,0,0,3,0,0,0,0,53352,13020,5352,44,0,0,2,-53352,0,0,40,0,0,0,0,0,14666
cell,3,0,0,arm,3,40,3,0,0,3,0,0,0,0,53352,13020,5352,44,0,0,2,-53352,0,0,40,0,0,0,0,0,14666
cell,3,0,1,arm,0,40,0,0,0,0,0,0,0,0,48000,0,0,0,0,0,0,-48000,0,0,40,0,0,0,0,0,0
cell,3,0,1,arm,1,40,0,0,0,0,0,0,0,0,48000,0,0,0,0,0,0,-48000,0,0,40,0,0,0,0,0,0
cell,3,0,1,arm,2,40,0,0,0,0,0,0,0,0,48000,0,0,0,0,0,0,-48000,0,0,40,0,0,0,0,0,0
cell,3,0,1,arm,3,40,0,0,0,0,0,0,0,0,48000,0,0,0,0,0,0,-48000,0,0,40,0,0,0,0,0,0
cell,3,0,2,arm,0,40,0,0,0,0,0,0,0,0,48000,0,0,0,0,0,0,-48000,0,0,40,0,0,0,0,0,0
cell,3,0,2,arm,1,40,0,0,0,0,0,0,0,0,48000,0,0,0,0,0,0,-48000,0,0,40,0,0,0,0,0,0
cell,3,0,2,arm,2,40,0,0,0,0,0,0,0,0,48000,0,0,0,0,0,0,-48000,0,0,40,0,0,0,0,0,0
cell,3,0,2,arm,3,40,0,0,0,0,0,0,0,0,48000,0,0,0,0,0,0,-48000,0,0,40,0,0,0,0,0,0
cell,3,0,3,arm,0,40,6,0,0,6,0,0,0,0,49133,5923,1133,16,0,0,0,-49133,0,0,40,0,0,0,0,0,2666
cell,3,0,3,arm,1,40,6,0,0,6,0,0,0,0,49133,5923,1133,16,0,0,0,-49133,0,0,40,0,0,0,0,0,2666
cell,3,0,3,arm,2,40,6,0,0,6,0,0,0,0,49133,5923,1133,16,0,0,0,-49133,0,0,40,0,0,0,0,0,2666
cell,3,0,3,arm,3,40,6,0,0,6,0,0,0,0,49133,5923,1133,16,0,0,0,-49133,0,0,40,0,0,0,0,0,2666
cell,3,0,4,arm,0,40,0,0,0,0,0,0,0,0,48000,0,0,0,0,0,0,-48000,0,0,40,0,0,0,0,0,0
cell,3,0,4,arm,1,40,0,0,0,0,0,0,0,0,48000,0,0,0,0,0,0,-48000,0,0,40,0,0,0,0,0,0
cell,3,0,4,arm,2,40,0,0,0,0,0,0,0,0,48000,0,0,0,0,0,0,-48000,0,0,40,0,0,0,0,0,0
cell,3,0,4,arm,3,40,0,0,0,0,0,0,0,0,48000,0,0,0,0,0,0,-48000,0,0,40,0,0,0,0,0,0
cell,3,1,0,arm,0,40,1,0,0,1,0,0,0,0,49925,6224,1925,16,0,0,0,-49925,0,0,40,0,0,0,0,0,16000
cell,3,1,0,arm,1,40,1,0,0,1,0,0,0,0,49925,6224,1925,16,0,0,0,-49925,0,0,40,0,0,0,0,0,16000
cell,3,1,0,arm,2,40,1,0,0,1,0,0,0,0,49925,6224,1925,16,0,0,0,-49925,0,0,40,0,0,0,0,0,16000
cell,3,1,0,arm,3,40,1,0,0,1,0,0,0,0,49925,6224,1925,16,0,0,0,-49925,0,0,40,0,0,0,0,0,16000
cell,3,1,1,arm,0,40,0,0,0,0,0,0,0,0,48000,0,0,0,0,0,0,-48000,0,0,40,0,0,0,0,0,0
cell,3,1,1,arm,1,40,0,0,0,0,0,0,0,0,48000,0,0,0,0,0,0,-48000,0,0,40,0,0,0,0,0,0
cell,3,1,1,arm,2,40,0,0,0,0,0,0,0,0,48000,0,0,0,0,0,0,-48000,0,0,40,0,0,0,0,0,0
cell,3,1,1,arm,3,40,0,0,0,0,0,0,0,0,48000,0,0,0,0,0,0,-48000,0,0,40,0,0,0,0,0,0
cell,3,1,2,arm,0,40,0,0,0,0,0,0,0,0,48000,0,0,0,0,0,0,-48000,0,0,40,0,0,0,0,0,0
cell,3,1,2,arm,1,40,0,0,0,0,0,0,0,0,48000,0,0,0,0,0,0,-48000,0,0,40,0,0,0,0,0,0
cell,3,1,2,arm,2,40,0,0,0,0,0,0,0,0,48000,0,0,0,0,0,0,-48000,0,0,40,0,0,0,0,0,0
cell,3,1,2,arm,3,40,0,0,0,0,0,0,0,0,48000,0,0,0,0,0,0,-48000,0,0,40,0,0,0,0,0,0
cell,3,1,3,arm,0,40,5,0,0,5,0,0,0,0,48853,3398,853,10,0,0,0,-48853,0,0,40,0,0,0,0,0,2000
cell,3,1,3,arm,1,40,5,0,0,5,0,0,0,0,48853,3398,853,10,0,0,0,-48853,0,0,40,0,0,0,0,0,2000
cell,3,1,3,arm,2,40,5,0,0,5,0,0,0,0,48853,3398,853,10,0,0,0,-48853,0,0,40,0,0,0,0,0,2000
cell,3,1,3,arm,3,40,5,0,0,5,0,0,0,0,48853,3398,853,10,0,0,0,-48853,0,0,40,0,0,0,0,0,2000
cell,3,1,4,arm,0,40,0,0,0,0,0,0,0,0,48000,0,0,0,0,0,0,-48000,0,0,40,0,0,0,0,0,0
cell,3,1,4,arm,1,40,0,0,0,0,0,0,0,0,48000,0,0,0,0,0,0,-48000,0,0,40,0,0,0,0,0,0
cell,3,1,4,arm,2,40,0,0,0,0,0,0,0,0,48000,0,0,0,0,0,0,-48000,0,0,40,0,0,0,0,0,0
cell,3,1,4,arm,3,40,0,0,0,0,0,0,0,0,48000,0,0,0,0,0,0,-48000,0,0,40,0,0,0,0,0,0
cell,3,2,0,arm,0,40,1,0,0,1,0,40,0,0,0,1308,0,4,0,0,0,40000,0,0,0,0,0,0,0,0,4000
cell,3,2,0,arm,1,40,1,0,0,1,0,40,0,0,0,1308,0,4,0,0,0,40000,0,0,0,0,0,0,0,0,4000
cell,3,2,0,arm,2,40,1,0,0,1,0,40,0,0,0,1308,0,4,0,0,0,40000,0,0,0,0,0,0,0,0,4000
cell,3,2,0,arm,3,40,1,0,0,1,0,40,0,0,0,1308,0,4,0,0,0,40000,0,0,0,0,0,0,0,0,4000
cell,3,2,1,arm,0,40,0,0,0,0,0,40,0,0,0,0,0,0,0,0,0,40000,0,0,0,0,0,0,0,0,0
cell,3,2,1,arm,1,40,0,0,0,0,0,40,0,0,0,0,0,0,0,0,0,40000,0,0,0,0,0,0,0,0,0
cell,3,2,1,arm,2,40,0,0,0,0,0,40,0,0,0,0,0,0,0,0,0,40000,0,0,0,0,0,0,0,0,0
cell,3,2,1,arm,3,40,0,0,0,0,0,40,0,0,0,0,0,0,0,0,0,40000,0,0,0,0,0,0,0,0,0
cell,3,2,2,arm,0,40,0,0,0,0,0,40,0,0,0,0,0,0,0,0,0,40000,0,0,0,0,0,0,0,0,0
cell,3,2,2,arm,1,40,0,0,0,0,0,40,0,0,0,0,0,0,0,0,0,40000,0,0,0,0,0,0,0,0,0
cell,3,2,2,arm,2,40,0,0,0,0,0,40,0,0,0,0,0,0,0,0,0,40000,0,0,0,0,0,0,0,0,0
cell,3,2,2,arm,3,40,0,0,0,0,0,40,0,0,0,0,0,0,0,0,0,40000,0,0,0,0,0,0,0,0,0
cell,3,2,3,arm,0,40,10,0,0,10,0,40,0,0,549,4535,549,13,0,0,0,39451,0,0,0,0,0,0,0,0,1300
cell,3,2,3,arm,1,40,10,0,0,10,0,40,0,0,549,4535,549,13,0,0,0,39451,0,0,0,0,0,0,0,0,1300
cell,3,2,3,arm,2,40,10,0,0,10,0,40,0,0,549,4535,549,13,0,0,0,39451,0,0,0,0,0,0,0,0,1300
cell,3,2,3,arm,3,40,10,0,0,10,0,40,0,0,549,4535,549,13,0,0,0,39451,0,0,0,0,0,0,0,0,1300
cell,3,2,4,arm,0,40,0,0,0,0,0,40,0,0,0,0,0,0,0,0,0,40000,0,0,0,0,0,0,0,0,0
cell,3,2,4,arm,1,40,0,0,0,0,0,40,0,0,0,0,0,0,0,0,0,40000,0,0,0,0,0,0,0,0,0
cell,3,2,4,arm,2,40,0,0,0,0,0,40,0,0,0,0,0,0,0,0,0,40000,0,0,0,0,0,0,0,0,0
cell,3,2,4,arm,3,40,0,0,0,0,0,40,0,0,0,0,0,0,0,0,0,40000,0,0,0,0,0,0,0,0,0
cell,3,3,0,arm,0,40,2,0,0,2,0,40,0,0,1181,6663,1181,20,0,0,0,38819,0,0,0,0,0,0,0,0,10000
cell,3,3,0,arm,1,40,2,0,0,2,0,40,0,0,1181,6663,1181,20,0,0,0,38819,0,0,0,0,0,0,0,0,10000
cell,3,3,0,arm,2,40,2,0,0,2,0,40,0,0,1181,6663,1181,20,0,0,0,38819,0,0,0,0,0,0,0,0,10000
cell,3,3,0,arm,3,40,2,0,0,2,0,40,0,0,1181,6663,1181,20,0,0,0,38819,0,0,0,0,0,0,0,0,10000
cell,3,3,1,arm,0,40,0,0,0,0,0,40,0,0,0,0,0,0,0,0,0,40000,0,0,0,0,0,0,0,0,0
cell,3,3,1,arm,1,40,0,0,0,0,0,40,0,0,0,0,0,0,0,0,0,40000,0,0,0,0,0,0,0,0,0
cell,3,3,1,arm,2,40,0,0,0,0,0,40,0,0,0,0,0,0,0,0,0,40000,0,0,0,0,0,0,0,0,0
cell,3,3,1,arm,3,40,0,0,0,0,0,40,0,0,0,0,0,0,0,0,0,40000,0,0,0,0,0,0,0,0,0
cell,3,3,2,arm,0,40,0,0,0,0,0,40,0,0,0,0,0,0,0,0,0,40000,0,0,0,0,0,0,0,0,0
cell,3,3,2,arm,1,40,0,0,0,0,0,40,0,0,0,0,0,0,0,0,0,40000,0,0,0,0,0,0,0,0,0
cell,3,3,2,arm,2,40,0,0,0,0,0,40,0,0,0,0,0,0,0,0,0,40000,0,0,0,0,0,0,0,0,0
cell,3,3,2,arm,3,40,0,0,0,0,0,40,0,0,0,0,0,0,0,0,0,40000,0,0,0,0,0,0,0,0,0
cell,3,3,3,arm,0,40,9,0,0,9,0,40,0,0,2240,10889,2240,29,0,0,0,37760,0,0,0,0,0,0,0,0,3222
cell,3,3,3,arm,1,40,9,0,0,9,0,40,0,0,2240,10889,2240,29,0,0,0,37760,0,0,0,0,0,0,0,0,3222
cell,3,3,3,arm,2,40,9,0,0,9,0,40,0,0,2240,10889,2240,29,0,0,0,37760,0,0,0,0,0,0,0,0,3222
cell,3,3,3,arm,3,40,9,0,0,9,0,40,0,0,2240,10889,2240,29,0,0,0,37760,0,0,0,0,0,0,0,0,3222
cell,3,3,4,arm,0,40,0,0,0,0,0,40,0,0,0,0,0,0,0,0,0,40000,0,0,0,0,0,0,0,0,0
cell,3,3,4,arm,1,40,0,0,0,0,0,40,0,0,0,0,0,0,0,0,0,40000,0,0,0,0,0,0,0,0,0
cell,3,3,4,arm,2,40,0,0,0,0,0,40,0,0,0,0,0,0,0,0,0,40000,0,0,0,0,0,0,0,0,0
cell,3,3,4,arm,3,40,0,0,0,0,0,40,0,0,0,0,0,0,0,0,0,40000,0,0,0,0,0,0,0,0,0
cell,3,4,0,arm,0,40,0,10,0,0,0,0,0,0,82617,0,0,0,0,0,0,-80000,40,0,40,0,0,0,0,0,0
cell,3,4,0,arm,1,40,0,10,0,0,0,0,0,0,82617,0,0,0,0,0,0,-80000,40,0,40,0,0,0,0,0,0
cell,3,4,0,arm,2,40,0,10,0,0,0,0,0,0,82617,0,0,0,0,0,0,-80000,40,0,40,0,0,0,0,0,0
cell,3,4,0,arm,3,40,0,10,0,0,0,0,0,0,82617,0,0,0,0,0,0,-80000,40,0,40,0,0,0,0,0,0
cell,3,4,1,arm,0,40,0,0,0,0,0,0,0,0,80000,0,0,0,0,0,0,-80000,40,0,40,0,0,0,0,0,0
cell,3,4,1,arm,1,40,0,0,0,0,0,0,0,0,80000,0,0,0,0,0,0,-80000,40,0,40,0,0,0,0,0,0
cell,3,4,1,arm,2,40,0,0,0,0,0,0,0,0,80000,0,0,0,0,0,0,-80000,40,0,40,0,0,0,0,0,0
cell,3,4,1,arm,3,40,0,0,0,0,0,0,0,0,80000,0,0,0,0,0,0,-80000,40,0,40,0,0,0,0,0,0
cell,3,4,2,arm,0,40,0,0,0,0,0,0,0,0,80000,0,0,0,0,0,0,-80000,40,0,40,0,0,0,0,0,0
cell,3,4,2,arm,1,40,0,0,0,0,0,0,0,0,80000,0,0,0,0,0,0,-80000,40,0,40,0,0,0,0,0,0
cell,3,4,2,arm,2,40,0,0,0,0,0,0,0,0,80000,0,0,0,0,0,0,-80000,40,0,40,0,0,0,0,0,0
cell,3,4,2,arm,3,40,0,0,0,0,0,0,0,0,80000,0,0,0,0,0,0,-80000,40,0,40,0,0,0,0,0,0
cell,3,4,3,arm,0,40,11,16,9,2,0,0,0,9,85684,4126,715,12,0,0,0,-80715,40,0,40,0,562,818,0,0,1090
cell,3,4,3,arm,1,40,11,16,9,2,0,0,0,9,85684,4126,715,12,0,0,0,-80715,40,0,40,0,562,818,0,0,1090
cell,3,4,3,arm,2,40,11,16,9,2,0,0,0,9,85684,4126,715,12,0,0,0,-80715,40,0,40,0,562,818,0,0,1090
cell,3,4,3,arm,3,40,11,16,9,2,0,0,0,9,85684,4126,715,12,0,0,0,-80715,40,0,40,0,562,818,0,0,1090
cell,3,4,4,arm,0,40,0,0,0,0,0,0,0,0,80000,0,0,0,0,0,0,-80000,40,0,40,0,0,0,0,0,0
cell,3,4,4,arm,1,40,0,0,0,0,0,0,0,0,80000,0,0,0,0,0,0,-80000,40,0,40,0,0,0,0,0,0
cell,3,4,4,arm,2,40,0,0,0,0,0,0,0,0,80000,0,0,0,0,0,0,-80000,40,0,40,0,0,0,0,0,0
cell,3,4,4,arm,3,40,0,0,0,0,0,0,0,0,80000,0,0,0,0,0,0,-80000,40,0,40,0,0,0,0,0,0
cell,3,5,0,arm,0,40,1,0,0,1,0,40,0,0,953,3696,953,12,0,0,0,39047,0,0,0,0,0,0,0,0,12000
cell,3,5,0,arm,1,40,1,0,0,1,0,40,0,0,953,3696,953,12,0,0,0,39047,0,0,0,0,0,0,0,0,12000
cell,3,5,0,arm,2,40,1,0,0,1,0,40,0,0,953,3696,953,12,0,0,0,39047,0,0,0,0,0,0,0,0,12000
cell,3,5,0,arm,3,40,1,0,0,1,0,40,0,0,953,3696,953,12,0,0,0,39047,0,0,0,0,0,0,0,0,12000
cell,3,5,1,arm,0,40,0,0,0,0,0,40,0,0,0,0,0,0,0,0,0,40000,0,0,0,0,0,0,0,0,0
cell,3,5,1,arm,1,40,0,0,0,0,0,40,0,0,0,0,0,0,0,0,0,40000,0,0,0,0,0,0,0,0,0
cell,3,5,1,arm,2,40,0,0,0,0,0,40,0,0,0,0,0,0,0,0,0,40000,0,0,0,0,0,0,0,0,0
cell,3,5,1,arm,3,40,0,0,0,0,0,40,0,0,0,0,0,0,0,0,0,40000,0,0,0,0,0,0,0,0,0
cell,3,5,2,arm,0,40,0,0,0,0,0,40,0,0,0,0,0,0,0,0,0,40000,0,0,0,0,0,0,0,0,0
cell,3,5,2,arm,1,40,0,0,0,0,0,40,0,0,0,0,0,0,0,0,0,40000,0,0,0,0,0,0,0,0,0
cell,3,5,2,arm,2,40,0,0,0,0,0,40,0,0,0,0,0,0,0,0,0,40000,0,0,0,0,0,0,0,0,0
cell,3,5,2,arm,3,40,0,0,0,0,0,40,0,0,0,0,0,0,0,0,0,40000,0,0,0,0,0,0,0,0,0
cell,3,5,3,arm,0,40,9,0,0,9,0,40,0,0,4037,18384,4037,54,0,0,0,35963,0,0,0,0,0,0,0,0,6000
cell,3,5,3,arm,1,40,9,0,0,9,0,40,0,0,4037,18384,4037,54,0,0,0,35963,0,0,0,0,0,0,0,0,6000
cell,3,5,3,arm,2,40,9,0,0,9,0,40,0,0,4037,18384,4037,54,0,0,0,35963,0,0,0,0,0,0,0,0,6000
cell,3,5,3,arm,3,40,9,0,0,9,0,40,0,0,4037,18384,4037,54,0,0,0,35963,0,0,0,0,0,0,0,0,6000
cell,3,5,4,arm,0,40,0,0,0,0,0,40,0,0,0,0,0,0,0,0,0,40000,0,0,0,0,0,0,0,0,0
cell,3,5,4,arm,1,40,0,0,0,0,0,40,0,0,0,0,0,0,0,0,0,40000,0,0,0,0,0,0,0,0,0
cell,3,5,4,arm,2,40,0,0,0,0,0,40,0,0,0,0,0,0,0,0,0,40000,0,0,0,0,0,0,0,0,0
cell,3,5,4,arm,3,40,0,0,0,0,0,40,0,0,0,0,0,0,0,0,0,40000,0,0,0,0,0,0,0,0,0
cell,3,6,0,arm,0,40,2,0,0,2,0,40,0,0,1304,5976,1304,20,1,0,1,38696,0,0,0,0,0,0,0,0,10000
cell,3,6,0,arm,1,40,2,0,0,2,0,40,0,0,1304,5976,1304,20,1,0,1,38696,0,0,0,0,0,0,0,0,10000
cell,3,6,0,arm,2,40,2,0,0,2,0,40,0,0,1304,5976,1304,20,1,0,1,38696,0,0,0,0,0,0,0,0,10000
cell,3,6,0,arm,3,40,2,0,0,2,0,40,0,0,1304,5976,1304,20,1,0,1,38696,0,0,0,0,0,0,0,0,10000
cell,3,6,1,arm,0,40,0,0,0,0,0,40,0,0,0,0,0,0,0,0,0,40000,0,0,0,0,0,0,0,0,0
cell,3,6,1,arm,1,40,0,0,0,0,0,40,0,0,0,0,0,0,0,0,0,40000,0,0,0,0,0,0,0,0,0
cell,3,6,1,arm,2,40,0,0,0,0,0,40,0,0,0,0,0,0,0,0,0,40000,0,0,0,0,0,0,0,0,0
cell,3,6,1,arm,3,40,0,0,0,0,0,40,0,0,0,0,0,0,0,0,0,40000,0,0,0,0,0,0,0,0,0
cell,3,6,2,arm,0,40,0,0,0,0,0,40,0,0,0,0,0,0,0,0,0,40000,0,0,0,0,0,0,0,0,0
cell,3,6,2,arm,1,40,0,0,0,0,0,40,0,0,0,0,0,0,0,0,0,40000,0,0,0,0,0,0,0,0,0
cell,3,6,2,arm,2,40,0,0,0,0,0,40,0,0,0,0,0,0,0,0,0,40000,0,0,0,0,0,0,0,0,0
cell,3,6,2,arm,3,40,0,0,0,0,0,40,0,0,0,0,0,0,0,0,0,40000,0,0,0,0,0,0,0,0,0
cell,3,6,3,arm,0,40,13,0,0,13,0,40,0,0,1135,6308,1135,18,0,0,0,38865,0,0,0,0,0,0,0,0,1384
cell,3,6,3,arm,1,40,13,0,0,13,0,40,0,0,1135,6308,1135,18,0,0,0,38865,0,0,0,0,0,0,0,0,1384
cell,3,6,3,arm,2,40,13,0,0,13,0,40,0,0,1135,6308,1135,18,0,0,0,38865,0,0,0,0,0,0,0,0,1384
cell,3,6,3,arm,3,40,13,0,0,13,0,40,0,0,1135,6308,1135,18,0,0,0,38865,0,0,0,0,0,0,0,0,1384
cell,3,6,4,arm,0,40,0,0,0,0,0,40,0,0,0,0,0,0,0,0,0,40000,0,0,0,0,0,0,0,0,0
cell,3,6,4,arm,1,40,0,0,0,0,0,40,0,0,0,0,0,0,0,0,0,40000,0,0,0,0,0,0,0,0,0
cell,3,6,4,arm,2,40,0,0,0,0,0,40,0,0,0,0,0,0,0,0,0,40000,0,0,0,0,0,0,0,0,0
cell,3,6,4,arm,3,40,0,0,0,0,0,40,0,0,0,0,0,0,0,0,0,40000,0,0,0,0,0,0,0,0,0
cell,3,7,0,arm,0,40,0,0,0,0,0,40,0,0,0,0,0,0,0,0,0,40000,0,0,0,0,0,0,0,0,0
cell,3,7,0,arm,1,40,0,0,0,0,0,40,0,0,0,0,0,0,0,0,0,40000,0,0,0,0,0,0,0,0,0
cell,3,7,0,arm,2,40,0,0,0,0,0,40,0,0,0,0,0,0,0,0,0,40000,0,0,0,0,0,0,0,0,0
cell,3,7,0,arm,3,40,0,0,0,0,0,40,0,0,0,0,0,0,0,0,0,40000,0,0,0,0,0,0,0,0,0
cell,3,7,1,arm,0,40,0,0,0,0,0,40,0,0,0,0,0,0,0,0,0,40000,0,0,0,0,0,0,0,0,0
cell,3,7,1,arm,1,40,0,0,0,0,0,40,0,0,0,0,0,0,0,0,0,40000,0,0,0,0,0,0,0,0,0
cell,3,7,1,arm,2,40,0,0,0,0,0,40,0,0,0,0,0,0,0,0,0,40000,0,0,0,0,0,0,0,0,0
cell,3,7,1,arm,3,40,0,0,0,0,0,40,0,0,0,0,0,0,0,0,0,40000,0,0,0,0,0,0,0,0,0
cell,3,7,2,arm,0,40,0,0,0,0,0,40,0,0,0,0,0,0,0,0,0,40000,0,0,0,0,0,0,0,0,0
cell,3,7,2,arm,1,40,0,0,0,0,0,40,0,0,0,0,0,0,0,0,0,40000,0,0,0,0,0,0,0,0,0
cell,3,7,2,arm,2,40,0,0,0,0,0,40,0,0,0,0,0,0,0,0,0,40000,0,0,0,0,0,0,0,0,0
cell,3,7,2,arm,3,40,0,0,0,0,0,40,0,0,0,0,0,0,0,0,0,40000,0,0,0,0,0,0,0,0,0
cell,3,7,3,arm,0,40,9,0,0,9,0,40,0,0,5135,23205,5135,63,0,0,0,34865,0,0,0,0,0,0,0,0,7000
cell,3,7,3,arm,1,40,9,0,0,9,0,40,0,0,5135,23205,5135,63,0,0,0,34865,0,0,0,0,0,0,0,0,7000
cell,3,7,3,arm,2,40,9,0,0,9,0,40,0,0,5135,23205,5135,63,0,0,0,34865,0,0,0,0,0,0,0,0,7000
cell,3,7,3,arm,3,40,9,0,0,9,0,40,0,0,5135,23205,5135,63,0,0,0,34865,0,0,0,0,0,0,0,0,7000
cell,3,7,4,arm,0,40,0,0,0,0,0,40,0,0,0,0,0,0,0,0,0,40000,0,0,0,0,0,0,0,0,0
cell,3,7,4,arm,1,40,0,0,0,0,0,40,0,0,0,0,0,0,0,0,0,40000,0,0,0,0,0,0,0,0,0
cell,3,7,4,arm,2,40,0,0,0,0,0,40,0,0,0,0,0,0,0,0,0,40000,0,0,0,0,0,0,0,0,0
cell,3,7,4,arm,3,40,0,0,0,0,0,40,0,0,0,0,0,0,0,0,0,40000,0,0,0,0,0,0,0,0,0
cell,3,8,0,arm,0,40,1,0,0,1,0,40,0,0,361,1986,361,6,0,0,0,39639,0,0,0,0,0,0,0,0,6000
cell,3,8,0,arm,1,40,1,0,0,1,0,40,0,0,361,1986,361,6,0,0,0,39639,0,0,0,0,0,0,0,0,6000
cell,3,8,0,arm,2,40,1,0,0,1,0,40,0,0,361,1986,361,6,0,0,0,39639,0,0,0,0,0,0,0,0,6000
cell,3,8,0,arm,3,40,1,0,0,1,0,40,0,0,361,1986,361,6,0,0,0,39639,0,0,0,0,0,0,0,0,6000
cell,3,8,1,arm,0,40,0,0,0,0,0,40,0,0,0,0,0,0,0,0,0,40000,0,0,0,0,0,0,0,0,0
cell,3,8,1,arm,1,40,0,0,0,0,0,40,0,0,0,0,0,0,0,0,0,40000,0,0,0,0,0,0,0,0,0
cell,3,8,1,arm,2,40,0,0,0,0,0,40,0,0,0,0,0,0,0,0,0,40000,0,0,0,0,0,0,0,0,0
cell,3,8,1,arm,3,40,0,0,0,0,0,40,0,0,0,0,0,0,0,0,0,40000,0,0,0,0,0,0,0,0,0
cell,3,8,2,arm,0,40,0,0,0,0,0,40,0,0,0,0,0,0,0,0,0,40000,0,0,0,0,0,0,0,0,0
cell,3,8,2,arm,1,40,0,0,0,0,0,40,0,0,0,0,0,0,0,0,0,40000,0,0,0,0,0,0,0,0,0
cell,3,8,2,arm,2,40,0,0,0,0,0,40,0,0,0,0,0,0,0,0,0,40000,0,0,0,0,0,0,0,0,0
cell,3,8,2,arm,3,40,0,0,0,0,0,40,0,0,0,0,0,0,0,0,0,40000,0,0,0,0,0,0,0,0,0
cell,3,8,3,arm,0,40,3,0,0,3,0,40,0,0,1233,6150,1233,18,0,0,0,38767,0,0,0,0,0,0,0,0,6000
cell,3,8,3,arm,1,40,3,0,0,3,0,40,0,0,1233,6150,1233,18,0,0,0,38767,0,0,0,0,0,0,0,0,6000
cell,3,8,3,arm,2,40,3,0,0,3,0,40,0,0,1233,6150,1233,18,0,0,0,38767,0,0,0,0,0,0,0,0,6000
cell,3,8,3,arm,3,40,3,0,0,3,0,40,0,0,1233,6150,1233,18,0,0,0,38767,0,0,0,0,0,0,0,0,6000
cell,3,8,4,arm,0,40,0,0,0,0,0,40,0,0,0,0,0,0,0,0,0,40000,0,0,0,0,0,0,0,0,0
cell,3,8,4,arm,1,40,0,0,0,0,0,40,0,0,0,0,0,0,0,0,0,40000,0,0,0,0,0,0,0,0,0
cell,3,8,4,arm,2,40,0,0,0,0,0,40,0,0,0,0,0,0,0,0,0,40000,0,0,0,0,0,0,0,0,0
cell,3,8,4,arm,3,40,0,0,0,0,0,40,0,0,0,0,0,0,0,0,0,40000,0,0,0,0,0,0,0,0,0
cell,4,0,0,arm,0,40,2,0,0,2,0,0,0,0,51962,9552,3962,32,0,0,2,-51962,0,0,40,0,0,0,0,0,16000
cell,4,0,0,arm,1,40,2,0,0,2,0,0,0,0,51962,9552,3962,32,0,0,2,-51962,0,0,40,0,0,0,0,0,16000
cell,4,0,0,arm,2,40,2,0,0,2,0,0,0,0,51962,9552,3962,32,0,0,2,-51962,0,0,40,0,0,0,0,0,16000
cell,4,0,0,arm,3,40,2,0,0,2,0,0,0,0,51962,9552,3962,32,0,0,2,-51962,0,0,40,0,0,0,0,0,16000
cell,4,0,1,arm,0,40,0,0,0,0,0,0,0,0,48000,0,0,0,0,0,0,-48000,0,0,40,0,0,0,0,0,0
cell,4,0,1,arm,1,40,0,0,0,0,0,0,0,0,48000,0,0,0,0,0,0,-48000,0,0,40,0,0,0,0,0,0
cell,4,0,1,arm,2,40,0,0,0,0,0,0,0,0,48000,0,0,0,0,0,0,-48000,0,0,40,0,0,0,0,0,0
cell,4,0,1,arm,3,40,0,0,0,0,0,0,0,0,48000,0,0,0,0,0,0,-48000,0,0,40,0,0,0,0,0,0
cell,4,0,2,arm,0,40,0,0,0,0,0,0,0,0,48000,0,0,0,0,0,0,-48000,0,0,40,0,0,0,0,0,0
cell,4,0,2,arm,1,40,0,0,0,0,0,0,0,0,48000,0,0,0,0,0,0,-48000,0,0,40,0,0,0,0,0,0
cell,4,0,2,arm,2,40,0,0,0,0,0,0,0,0,48000,0,0,0,0,0,0,-48000,0,0,40,0,0,0,0,0,0
cell,4,0,2,arm,3,40,0,0,0,0,0,0,0,0,48000,0,0,0,0,0,0,-48000,0,0,40,0,0,0,0,0,0
cell,4,0,3,arm,0,40,8,0,0,8,0,0,0,0,49597,8666,1597,28,0,0,0,-49597,0,0,40,0,0,0,0,0,3500
cell,4,0,3,arm,1,40,8,0,0,8,0,0,0,0,49597,8666,1597,28,0,0,0,-49597,0,0,40,0,0,0,0,0,3500
cell,4,0,3,arm,2,40,8,0,0,8,0,0,0,0,49597,8666,1597,28,0,0,0,-49597,0,0,40,0,0,0,0,0,3500
cell,4,0,3,arm,3,40,8,0,0,8,0,0,0,0,49597,8666,1597,28,0,0,0,-49597,0,0,40,0,0,0,0,0,3500
cell,4,0,4,arm,0,40,0,0,0,0,0,0,0,0,48000,0,0,0,0,0,0,-48000,0,0,40,0,0,0,0,0,0
cell,4,0,4,arm,1,40,0,0,0,0,0,0,0,0,48000,0,0,0,0,0,0,-48000,0,0,40,0,0,0,0,0,0
cell,4,0,4,arm,2,40,0,0,0,0,0,0,0,0,48000,0,0,0,0,0,0,-48000,0,0,40,0,0,0,0,0,0
cell,4,0,4,arm,3,40,0,0,0,0,0,0,0,0,48000,0,0,0,0,0,0,-48000,0,0,40,0,0,0,0,0,0
cell,4,1,0,arm,0,40,1,0,0,1,0,0,0,0,49694,5936,1694,16,0,0,0,-49694,0,0,40,0,0,0,0,0,16000
cell,4,1,0,arm,1,40,1,0,0,1,0,0,0,0,49694,5936,1694,16,0,0,0,-49694,0,0,40,0,0,0,0,0,16000
cell,4,1,0,arm,2,40,1,0,0,1,0,0,0,0,49694,5936,1694,16,0,0,0,-49694,0,0,40,0,0,0,0,0,16000
cell,4,1,0,arm,3,40,1,0,0,1,0,0,0,0,49694,5936,1694,16,0,0,0,-49694,0,0,40,0,0,0,0,0,16000
cell,4,1,1,arm,0,40,0,0,0,0,0,0,0,0,48000,0,0,0,0,0,0,-48000,0,0,40,0,0,0,0,0,0
cell,4,1,1,arm,1,40,0,0,0,0,0,0,0,0,48000,0,0,0,0,0,0,-48000,0,0,40,0,0,0,0,0,0
cell,4,1,1,arm,2,40,0,0,0,0,0,0,0,0,48000,0,0,0,0,0,0,-48000,0,0,40,0,0,0,0,0,0
cell,4,1,1,arm,3,40,0,0,0,0,0,0,0,0,48000,0,0,0,0,0,0,-48000,0,0,40,0,0,0,0,0,0
cell,4,1,2,arm,0,40,0,0,0,0,0,0,0,0,48000,0,0,0,0,0,0,-48000,0,0,40,0,0,0,0,0,0
cell,4,1,2,arm,1,40,0,0,0,0,0,0,0,0,48000,0,0,0,0,0,0,-48000,0,0,40,0,0,0,0,0,0
cell,4,1,2,arm,2,40,0,0,0,0,0,0,0,0,48000,0,0,0,0,0,0,-48000,0,0,40,0,0,0,0,0,0
cell,4,1,2,arm,3,40,0,0,0,0,0,0,0,0,48000,0,0,0,0,0,0,-48000,0,0,40,0,0,0,0,0,0
cell,4,1,3,arm,0,40,10,0,0,10,0,0,0,0,49834,8736,1834,27,0,0,0,-49834,0,0,40,0,0,0,0,0,2700
cell,4,1,3,arm,1,40,10,0,0,10,0,0,0,0,49834,8736,1834,27,0,0,0,-49834,0,0,40,0,0,0,0,0,2700
cell,4,1,3,arm,2,40,10,0,0,10,0,0,0,0,49834,8736,1834,27,0,0,0,-49834,0,0,40,0,0,0,0,0,2700
cell,4,1,3,arm,3,40,10,0,0,10,0,0,0,0,49834,8736,1834,27,0,0,0,-49834,0,0,40,0,0,0,0,0,2700
cell,4,1,4,arm,0,40,0,0,0,0,0,0,0,0,48000,0,0,0,0,0,0,-48000,0,0,40,0,0,0,0,0,0
cell,4,1,4,arm,1,40,0,0,0,0,0,0,0,0,48000,0,0,0,0,0,0,-48000,0,0,40,0,0,0,0,0,0
cell,4,1,4,arm,2,40,0,0,0,0,0,0,0,0,48000,0,0,0,0,0,0,-48000,0,0,40,0,0,0,0,0,0
cell,4,1,4,arm,3,40,0,0,0,0,0,0,0,0,48000,0,0,0,0,0,0,-48000,0,0,40,0,0,0,0,0,0
cell,4,2,0,arm,0,40,1,0,0,1,0,40,0,0,2396,6048,2396,16,1,0,1,37604,0,0,0,0,0,0,0,0,16000
cell,4,2,0,arm,1,40,1,0,0,1,0,40,0,0,2396,6048,2396,16,1,0,1,37604,0,0,0,0,0,0,0,0,16000
cell,4,2,0,arm,2,40,1,0,0,1,0,40,0,0,2396,6048,2396,16,1,0,1,37604,0,0,0,0,0,0,0,0,16000
cell,4,2,0,arm,3,40,1,0,0,1,0,40,0,0,2396,6048,2396,16,1,0,1,37604,0,0,0,0,0,0,0,0,16000
cell,4,2,1,arm,0,40,0,0,0,0,0,40,0,0,0,0,0,0,0,0,0,40000,0,0,0,0,0,0,0,0,0
cell,4,2,1,arm,1,40,0,0,0,0,0,40,0,0,0,0,0,0,0,0,0,40000,0,0,0,0,0,0,0,0,0
cell,4,2,1,arm,2,40,0,0,0,0,0,40,0,0,0,0,0,0,0,0,0,40000,0,0,0,0,0,0,0,0,0
cell,4,2,1,arm,3,40,0,0,0,0,0,40,0,0,0,0,0,0,0,0,0,40000,0,0,0,0,0,0,0,0,0
cell,4,2,2,arm,0,40,0,0,0,0,0,40,0,0,0,0,0,0,0,0,0,40000,0,0,0,0,0,0,0,0,0
cell,4,2,2,arm,1,40,0,0,0,0,0,40,0,0,0,0,0,0,0,0,0,40000,0,0,0,0,0,0,0,0,0
cell,4,2,2,arm,2,40,0,0,0,0,0,40,0,0,0,0,0,0,0,0,0,40000,0,0,0,0,0,0,0,0,0
cell,4,2,2,arm,3,40,0,0,0,0,0,40,0,0,0,0,0,0,0,0,0,40000,0,0,0,0,0,0,0,0,0
cell,4,2,3,arm,0,40,9,0,0,9,0,40,0,0,761,4738,761,13,0,0,0,39239,0,0,0,0,0,0,0,0,1444
cell,4,2,3,arm,1,40,9,0,0,9,0,40,0,0,761,4738,761,13,0,0,0,39239,0,0,0,0,0,0,0,0,1444
cell,4,2,3,arm,2,40,9,0,0,9,0,40,0,0,761,4738,761,13,0,0,0,39239,0,0,0,0,0,0,0,0,1444
cell,4,2,3,arm,3,40,9,0,0,9,0,40,0,0,761,4738,761,13,0,0,0,39239,0,0,0,0,0,0,0,0,1444
cell,4,2,4,arm,0,40,0,0,0,0,0,40,0,0,0,0,0,0,0,0,0,40000,0,0,0,0,0,0,0,0,0
cell,4,2,4,arm,1,40,0,0,0,0,0,40,0,0,0,0,0,0,0,0,0,40000,0,0,0,0,0,0,0,0,0
cell,4,2,4,arm,2,40,0,0,0,0,0,40,0,0,0,0,0,0,0,0,0,40000,0,0,0,0,0,0,0,0,0
cell,4,2,4,arm,3,40,0,0,0,0,0,40,0,0,0,0,0,0,0,0,0,40000,0,0,0,0,0,0,0,0,0
cell,4,3,0,arm,0,40,1,0,0,1,0,40,0,0,611,1765,611,5,0,0,0,39389,0,0,0,0,0,0,0,0,5000
cell,4,3,0,arm,1,40,1,0,0,1,0,40,0,0,611,1765,611,5,0,0,0,39389,0,0,0,0,0,0,0,0,5000
cell,4,3,0,arm,2,40,1,0,0,1,0,40,0,0,611,1765,611,5,0,0,0,39389,0,0,0,0,0,0,0,0,5000
cell,4,3,0,arm,3,40,1,0,0,1,0,40,0,0,611,1765,611,5,0,0,0,39389,0,0,0,0,0,0,0,0,5000
cell,4,3,1,arm,0,40,0,0,0,0,0,40,0,0,0,0,0,0,0,0,0,40000,0,0,0,0,0,0,0,0,0
cell,4,3,1,arm,1,40,0,0,0,0,0,40,0,0,0,0,0,0,0,0,0,40000,0,0,0,0,0,0,0,0,0
cell,4,3,1,arm,2,40,0,0,0,0,0,40,0,0,0,0,0,0,0,0,0,40000,0,0,0,0,0,0,0,0,0
cell,4,3,1,arm,3,40,0,0,0,0,0,40,0,0,0,0,0,0,0,0,0,40000,0,0,0,0,0,0,0,0,0
cell,4,3,2,arm,0,40,0,0,0,0,0,40,0,0,0,0,0,0,0,0,0,40000,0,0,0,0,0,0,0,0,0
cell,4,3,2,arm,1,40,0,0,0,0,0,40,0,0,0,0,0,0,0,0,0,40000,0,0,0,0,0,0,0,0,0
cell,4,3,2,arm,2,40,0,0,0,0,0,40,0,0,0,0,0,0,0,0,0,40000,0,0,0,0,0,0,0,0,0
cell,4,3,2,arm,3,40,0,0,0,0,0,40,0,0,0,0,0,0,0,0,0,40000,0,0,0,0,0,0,0,0,0
cell,4,3,3,arm,0,40,10,0,0,10,0,40,0,0,2112,10159,2112,28,0,0,0,37888,0,0,0,0,0,0,0,0,2800
cell,4,3,3,arm,1,40,10,0,0,10,0,40,0,0,2112,10159,2112,28,0,0,0,37888,0,0,0,0,0,0,0,0,2800
cell,4,3,3,arm,2,40,10,0,0,10,0,40,0,0,2112,10159,2112,28,0,0,0,37888,0,0,0,0,0,0,0,0,2800
cell,4,3,3,arm,3,40,10,0,0,10,0,40,0,0,2112,10159,2112,28,0,0,0,37888,0,0,0,0,0,0,0,0,2800
cell,4,3,4,arm,0,40,0,0,0,0,0,40,0,0,0,0,0,0,0,0,0,40000,0,0,0,0,0,0,0,0,0
cell,4,3,4,arm,1,40,0,0,0,0,0,40,0,0,0,0,0,0,0,0,0,40000,0,0,0,0,0,0,0,0,0
cell,4,3,4,arm,2,40,0,0,0,0,0,40,0,0,0,0,0,0,0,0,0,40000,0,0,0,0,0,0,0,0,0
cell,4,3,4,arm,3,40,0,0,0,0,0,40,0,0,0,0,0,0,0,0,0,40000,0,0,0,0,0,0,0,0,0
cell,4,4,0,arm,0,40,2,11,1,1,2,2,1,0,78745,6039,1452,18,2,0,0,-75452,40,0,38,1,90,500,1000,1000,9000
cell,4,4,0,arm,1,40,2,11,1,1,2,2,1,0,78745,6039,1452,18,2,0,0,-75452,40,0,38,1,90,500,1000,1000,9000
cell,4,4,0,arm,2,40,2,11,1,1,2,2,1,0,78745,6039,1452,18,2,0,0,-75452,40,0,38,1,90,500,1000,1000,9000
cell,4,4,0,arm,3,40,2,11,1,1,2,2,1,0,78745,6039,1452,18,2,0,0,-75452,40,0,38,1,90,500,1000,1000,9000
cell,4,4,1,arm,0,40,0,0,0,0,0,0,0,0,80000,0,0,0,0,0,0,-80000,40,0,40,0,0,0,0,0,0
cell,4,4,1,arm,1,40,0,0,0,0,0,0,0,0,80000,0,0,0,0,0,0,-80000,40,0,40,0,0,0,0,0,0
cell,4,4,1,arm,2,40,0,0,0,0,0,0,0,0,80000,0,0,0,0,0,0,-80000,40,0,40,0,0,0,0,0,0
cell,4,4,1,arm,3,40,0,0,0,0,0,0,0,0,80000,0,0,0,0,0,0,-80000,40,0,40,0,0,0,0,0,0
cell,4,4,2,arm,0,40,0,0,0,0,0,0,0,0,80000,0,0,0,0,0,0,-80000,40,0,40,0,0,0,0,0,0
cell,4,4,2,arm,1,40,0,0,0,0,0,0,0,0,80000,0,0,0,0,0,0,-80000,40,0,40,0,0,0,0,0,0
cell,4,4,2,arm,2,40,0,0,0,0,0,0,0,0,80000,0,0,0,0,0,0,-80000,40,0,40,0,0,0,0,0,0
cell,4,4,2,arm,3,40,0,0,0,0,0,0,0,0,80000,0,0,0,0,0,0,-80000,40,0,40,0,0,0,0,0,0
cell,4,4,3,arm,0,40,8,13,8,0,0,0,0,8,83802,4482,729,13,0,0,0,-80729,40,0,40,0,615,1000,0,0,1625
cell,4,4,3,arm,1,40,8,13,8,0,0,0,0,8,83802,4482,729,13,0,0,0,-80729,40,0,40,0,615,1000,0,0,1625
cell,4,4,3,arm,2,40,8,13,8,0,0,0,0,8,83802,4482,729,13,0,0,0,-80729,40,0,40,0,615,1000,0,0,1625
cell,4,4,3,arm,3,40,8,13,8,0,0,0,0,8,83802,4482,729,13,0,0,0,-80729,40,0,40,0,615,1000,0,0,1625
cell,4,4,4,arm,0,40,0,0,0,0,0,0,0,0,80000,0,0,0,0,0,0,-80000,40,0,40,0,0,0,0,0,0
cell,4,4,4,arm,1,40,0,0,0,0,0,0,0,0,80000,0,0,0,0,0,0,-80000,40,0,40,0,0,0,0,0,0
cell,4,4,4,arm,2,40,0,0,0,0,0,0,0,0,80000,0,0,0,0,0,0,-80000,40,0,40,0,0,0,0,0,0
cell,4,4,4,arm,3,40,0,0,0,0,0,0,0,0,80000,0,0,0,0,0,0,-80000,40,0,40,0,0,0,0,0,0
cell,4,5,0,arm,0,40,0,0,0,0,0,40,0,0,0,0,0,0,0,0,0,40000,0,0,0,0,0,0,0,0,0
cell,4,5,0,arm,1,40,0,0,0,0,0,40,0,0,0,0,0,0,0,0,0,40000,0,0,0,0,0,0,0,0,0
cell,4,5,0,arm,2,40,0,0,0,0,0,40,0,0,0,0,0,0,0,0,0,40000,0,0,0,0,0,0,0,0,0
cell,4,5,0,arm,3,40,0,0,0,0,0,40,0,0,0,0,0,0,0,0,0,40000,0,0,0,0,0,0,0,0,0
cell,4,5,1,arm,0,40,0,0,0,0,0,40,0,0,0,0,0,0,0,0,0,40000,0,0,0,0,0,0,0,0,0
cell,4,5,1,arm,1,40,0,0,0,0,0,40,0,0,0,0,0,0,0,0,0,40000,0,0,0,0,0,0,0,0,0
cell,4,5,1,arm,2,40,0,0,0,0,0,40,0,0,0,0,0,0,0,0,0,40000,0,0,0,0,0,0,0,0,0
cell,4,5,1,arm,3,40,0,0,0,0,0,40,0,0,0,0,0,0,0,0,0,40000,0,0,0,0,0,0,0,0,0
cell,4,5,2,arm,0,40,0,0,0,0,0,40,0,0,0,0,0,0,0,0,0,40000,0,0,0,0,0,0,0,0,0
cell,4,5,2,arm,1,40,0,0,0,0,0,40,0,0,0,0,0,0,0,0,0,40000,0,0,0,0,0,0,0,0,0
cell,4,5,2,arm,2,40,0,0,0,0,0,40,0,0,0,0,0,0,0,0,0,40000,0,0,0,0,0,0,0,0,0
cell,4,5,2,arm,3,40,0,0,0,0,0,40,0,0,0,0,0,0,0,0,0,40000,0,0,0,0,0,0,0,0,0
cell,4,5,3,arm,0,40,10,0,0,10,0,40,0,0,4064,18306,4064,60,0,0,0,35936,0,0,0,0,0,0,0,0,6000
cell,4,5,3,arm,1,40,10,0,0,10,0,40,0,0,4064,18306,4064,60,0,0,0,35936,0,0,0,0,0,0,0,0,6000
cell,4,5,3,arm,2,40,10,0,0,10,0,40,0,0,4064,18306,4064,60,0,0,0,35936,0,0,0,0,0,0,0,0,6000
cell,4,5,3,arm,3,40,10,0,0,10,0,40,0,0,4064,18306,4064,60,0,0,0,35936,0,0,0,0,0,0,0,0,6000
cell,4,5,4,arm,0,40,0,0,0,0,0,40,0,0,0,0,0,0,0,0,0,40000,0,0,0,0,0,0,0,0,0
cell,4,5,4,arm,1,40,0,0,0,0,0,40,0,0,0,0,0,0,0,0,0,40000,0,0,0,0,0,0,0,0,0
cell,4,5,4,arm,2,40,0,0,0,0,0,40,0,0,0,0,0,0,0,0,0,40000,0,0,0,0,0,0,0,0,0
cell,4,5,4,arm,3,40,0,0,0,0,0,40,0,0,0,0,0,0,0,0,0,40000,0,0,0,0,0,0,0,0,0
cell,4,6,0,arm,0,40,2,0,0,2,0,40,0,0,4280,9584,4280,32,1,0,2,35720,0,0,0,0,0,0,0,0,16000
cell,4,6,0,arm,1,40,2,0,0,2,0,40,0,0,4280,9584,4280,32,1,0,2,35720,0,0,0,0,0,0,0,0,16000
cell,4,6,0,arm,2,40,2,0,0,2,0,40,0,0,4280,9584,4280,32,1,0,2,35720,0,0,0,0,0,0,0,0,16000
cell,4,6,0,arm,3,40,2,0,0,2,0,40,0,0,4280,9584,4280,32,1,0,2,35720,0,0,0,0,0,0,0,0,16000
cell,4,6,1,arm,0,40,0,0,0,0,0,40,0,0,0,0,0,0,0,0,0,40000,0,0,0,0,0,0,0,0,0
cell,4,6,1,arm,1,40,0,0,0,0,0,40,0,0,0,0,0,0,0,0,0,40000,0,0,0,0,0,0,0,0,0
cell,4,6,1,arm,2,40,0,0,0,0,0,40,0,0,0,0,0,0,0,0,0,40000,0,0,0,0,0,0,0,0,0
cell,4,6,1,arm,3,40,0,0,0,0,0,40,0,0,0,0,0,0,0,0,0,40000,0,0,0,0,0,0,0,0,0
cell,4,6,2,arm,0,40,0,0,0,0,0,40,0,0,0,0,0,0,0,0,0,40000,0,0,0,0,0,0,0,0,0
cell,4,6,2,arm,1,40,0,0,0,0,0,40,0,0,0,0,0,0,0,0,0,40000,0,0,0,0,0,0,0,0,0
cell,4,6,2,arm,2,40,0,0,0,0,0,40,0,0,0,0,0,0,0,0,0,40000,0,0,0,0,0,0,0,0,0
cell,4,6,2,arm,3,40,0,0,0,0,0,40,0,0,0,0,0,0,0,0,0,40000,0,0,0,0,0,0,0,0,0
cell,4,6,3,arm,0,40,12,0,0,12,0,40,0,0,1223,4994,1223,15,0,0,0,38777,0,0,0,0,0,0,0,0,1250
cell,4,6,3,arm,1,40,12,0,0,12,0,40,0,0,1223,4994,1223,15,0,0,0,38777,0,0,0,0,0,0,0,0,1250
cell,4,6,3,arm,2,40,12,0,0,12,0,40,0,0,1223,4994,1223,15,0,0,0,38777,0,0,0,0,0,0,0,0,1250
cell,4,6,3,arm,3,40,12,0,0,12,0,40,0,0,1223,4994,1223,15,0,0,0,38777,0,0,0,0,0,0,0,0,1250
cell,4,6,4,arm,0,40,0,0,0,0,0,40,0,0,0,0,0,0,0,0,0,40000,0,0,0,0,0,0,0,0,0
cell,4,6,4,arm,1,40,0,0,0,0,0,40,0,0,0,0,0,0,0,0,0,40000,0,0,0,0,0,0,0,0,0
cell,4,6,4,arm,2,40,0,0,0,0,0,40,0,0,0,0,0,0,0,0,0,40000,0,0,0,0,0,0,0,0,0
cell,4,6,4,arm,3,40,0,0,0,0,0,40,0,0,0,0,0,0,0,0,0,40000,0,0,0,0,0,0,0,0,0
cell,4,7,0,arm,0,40,0,0,0,0,0,40,0,0,0,0,0,0,0,0,0,40000,0,0,0,0,0,0,0,0,0
cell,4,7,0,arm,1,40,0,0,0,0,0,40,0,0,0,0,0,0,0,0,0,40000,0,0,0,0,0,0,0,0,0
cell,4,7,0,arm,2,40,0,0,0,0,0,40,0,0,0,0,0,0,0,0,0,40000,0,0,0,0,0,0,0,0,0
cell,4,7,0,arm,3,40,0,0,0,0,0,40,0,0,0,0,0,0,0,0,0,40000,0,0,0,0,0,0,0,0,0
cell,4,7,1,arm,0,40,0,0,0,0,0,40,0,0,0,0,0,0,0,0,0,40000,0,0,0,0,0,0,0,0,0
cell,4,7,1,arm,1,40,0,0,0,0,0,40,0,0,0,0,0,0,0,0,0,40000,0,0,0,0,0,0,0,0,0
cell,4,7,1,arm,2,40,0,0,0,0,0,40,0,0,0,0,0,0,0,0,0,40000,0,0,0,0,0,0,0,0,0
cell,4,7,1,arm,3,40,0,0,0,0,0,40,0,0,0,0,0,0,0,0,0,40000,0,0,0,0,0,0,0,0,0
cell,4,7,2,arm,0,40,0,0,0,0,0,40,0,0,0,0,0,0,0,0,0,40000,0,0,0,0,0,0,0,0,0
cell,4,7,2,arm,1,40,0,0,0,0,0,40,0,0,0,0,0,0,0,0,0,40000,0,0,0,0,0,0,0,0,0
cell,4,7,2,arm,2,40,0,0,0,0,0,40,0,0,0,0,0,0,0,0,0,40000,0,0,0,0,0,0,0,0,0
cell,4,7,2,arm,3,40,0,0,0,0,0,40,0,0,0,0,0,0,0,0,0,40000,0,0,0,0,0,0,0,0,0
cell,4,7,3,arm,0,40,5,0,0,5,0,40,0,0,2689,11788,2689,35,0,0,0,37311,0,0,0,0,0,0,0,0,7000
cell,4,7,3,arm,1,40,5,0,0,5,0,40,0,0,2689,11788,2689,35,0,0,0,37311,0,0,0,0,0,0,0,0,7000
cell,4,7,3,arm,2,40,5,0,0,5,0,40,0,0,2689,11788,2689,35,0,0,0,37311,0,0,0,0,0,0,0,0,7000
cell,4,7,3,arm,3,40,5,0,0,5,0,40,0,0,2689,11788,2689,35,0,0,0,37311,0,0,0,0,0,0,0,0,7000
cell,4,7,4,arm,0,40,0,0,0,0,0,40,0,0,0,0,0,0,0,0,0,40000,0,0,0,0,0,0,0,0,0
cell,4,7,4,arm,1,40,0,0,0,0,0,40,0,0,0,0,0,0,0,0,0,40000,0,0,0,0,0,0,0,0,0
cell,4,7,4,arm,2,40,0,0,0,0,0,40,0,0,0,0,0,0,0,0,0,40000,0,0,0,0,0,0,0,0,0
cell,4,7,4,arm,3,40,0,0,0,0,0,40,0,0,0,0,0,0,0,0,0,40000,0,0,0,0,0,0,0,0,0
cell,4,8,0,arm,0,40,0,0,0,0,0,40,0,0,0,0,0,0,0,0,0,40000,0,0,0,0,0,0,0,0,0
cell,4,8,0,arm,1,40,0,0,0,0,0,40,0,0,0,0,0,0,0,0,0,40000,0,0,0,0,0,0,0,0,0
cell,4,8,0,arm,2,40,0,0,0,0,0,40,0,0,0,0,0,0,0,0,0,40000,0,0,0,0,0,0,0,0,0
cell,4,8,0,arm,3,40,0,0,0,0,0,40,0,0,0,0,0,0,0,0,0,40000,0,0,0,0,0,0,0,0,0
cell,4,8,1,arm,0,40,0,0,0,0,0,40,0,0,0,0,0,0,0,0,0,40000,0,0,0,0,0,0,0,0,0
cell,4,8,1,arm,1,40,0,0,0,0,0,40,0,0,0,0,0,0,0,0,0,40000,0,0,0,0,0,0,0,0,0
cell,4,8,1,arm,2,40,0,0,0,0,0,40,0,0,0,0,0,0,0,0,0,40000,0,0,0,0,0,0,0,0,0
cell,4,8,1,arm,3,40,0,0,0,0,0,40,0,0,0,0,0,0,0,0,0,40000,0,0,0,0,0,0,0,0,0
cell,4,8,2,arm,0,40,0,0,0,0,0,40,0,0,0,0,0,0,0,0,0,40000,0,0,0,0,0,0,0,0,0
cell,4,8,2,arm,1,40,0,0,0,0,0,40,0,0,0,0,0,0,0,0,0,40000,0,0,0,0,0,0,0,0,0
cell,4,8,2,arm,2,40,0,0,0,0,0,40,0,0,0,0,0,0,0,0,0,40000,0,0,0,0,0,0,0,0,0
cell,4,8,2,arm,3,40,0,0,0,0,0,40,0,0,0,0,0,0,0,0,0,40000,0,0,0,0,0,0,0,0,0
cell,4,8,3,arm,0,40,6,0,0,6,0,40,0,0,1944,10568,1944,31,0,0,0,38056,0,0,0,0,0,0,0,0,5166
cell,4,8,3,arm,1,40,6,0,0,6,0,40,0,0,1944,10568,1944,31,0,0,0,38056,0,0,0,0,0,0,0,0,5166
cell,4,8,3,arm,2,40,6,0,0,6,0,40,0,0,1944,10568,1944,31,0,0,0,38056,0,0,0,0,0,0,0,0,5166
cell,4,8,3,arm,3,40,6,0,0,6,0,40,0,0,1944,10568,1944,31,0,0,0,38056,0,0,0,0,0,0,0,0,5166
cell,4,8,4,arm,0,40,0,0,0,0,0,40,0,0,0,0,0,0,0,0,0,40000,0,0,0,0,0,0,0,0,0
cell,4,8,4,arm,1,40,0,0,0,0,0,40,0,0,0,0,0,0,0,0,0,40000,0,0,0,0,0,0,0,0,0
cell,4,8,4,arm,2,40,0,0,0,0,0,40,0,0,0,0,0,0,0,0,0,40000,0,0,0,0,0,0,0,0,0
cell,4,8,4,arm,3,40,0,0,0,0,0,40,0,0,0,0,0,0,0,0,0,40000,0,0,0,0,0,0,0,0,0
cell,5,0,0,arm,0,40,4,0,0,4,0,0,0,0,53308,14723,5308,45,0,0,1,-53308,0,0,40,0,0,0,0,0,11250
cell,5,0,0,arm,1,40,4,0,0,4,0,0,0,0,53308,14723,5308,45,0,0,1,-53308,0,0,40,0,0,0,0,0,11250
cell,5,0,0,arm,2,40,4,0,0,4,0,0,0,0,53308,14723,5308,45,0,0,1,-53308,0,0,40,0,0,0,0,0,11250
cell,5,0,0,arm,3,40,4,0,0,4,0,0,0,0,53308,14723,5308,45,0,0,1,-53308,0,0,40,0,0,0,0,0,11250
cell,5,0,1,arm,0,40,0,0,0,0,0,0,0,0,48000,0,0,0,0,0,0,-48000,0,0,40,0,0,0,0,0,0
cell,5,0,1,arm,1,40,0,0,0,0,0,0,0,0,48000,0,0,0,0,0,0,-48000,0,0,40,0,0,0,0,0,0
cell,5,0,1,arm,2,40,0,0,0,0,0,0,0,0,48000,0,0,0,0,0,0,-48000,0,0,40,0,0,0,0,0,0
cell,5,0,1,arm,3,40,0,0,0,0,0,0,0,0,48000,0,0,0,0,0,0,-48000,0,0,40,0,0,0,0,0,0
cell,5,0,2,arm,0,40,0,0,0,0,0,0,0,0,48000,0,0,0,0,0,0,-48000,0,0,40,0,0,0,0,0,0
cell,5,0,2,arm,1,40,0,0,0,0,0,0,0,0,48000,0,0,0,0,0,0,-48000,0,0,40,0,0,0,0,0,0
cell,5,0,2,arm,2,40,0,0,0,0,0,0,0,0,48000,0,0,0,0,0,0,-48000,0,0,40,0,0,0,0,0,0
cell,5,0,2,arm,3,40,0,0,0,0,0,0,0,0,48000,0,0,0,0,0,0,-48000,0,0,40,0,0,0,0,0,0
cell,5,0,3,arm,0,40,12,0,0,12,0,0,0,0,51713,17680,3713,53,0,0,0,-51713,0,0,40,0,0,0,0,0,4416
cell,5,0,3,arm,1,40,12,0,0,12,0,0,0,0,51713,17680,3713,53,0,0,0,-51713,0,0,40,0,0,0,0,0,4416
cell,5,0,3,arm,2,40,12,0,0,12,0,0,0,0,51713,17680,3713,53,0,0,0,-51713,0,0,40,0,0,0,0,0,4416
cell,5,0,3,arm,3,40,12,0,0,12,0,0,0,0,51713,17680,3713,53,0,0,0,-51713,0,0,40,0,0,0,0,0,4416
cell,5,0,4,arm,0,40,0,0,0,0,0,0,0,0,48000,0,0,0,0,0,0,-48000,0,0,40,0,0,0,0,0,0
cell,5,0,4,arm,1,40,0,0,0,0,0,0,0,0,48000,0,0,0,0,0,0,-48000,0,0,40,0,0,0,0,0,0
cell,5,0,4,arm,2,40,0,0,0,0,0,0,0,0,48000,0,0,0,0,0,0,-48000,0,0,40,0,0,0,0,0,0
cell,5,0,4,arm,3,40,0,0,0,0,0,0,0,0,48000,0,0,0,0,0,0,-48000,0,0,40,0,0,0,0,0,0
cell,5,1,0,arm,0,40,3,0,0,3,0,0,0,0,52292,12048,4292,40,0,0,2,-52292,0,0,40,0,0,0,0,0,13333
cell,5,1,0,arm,1,40,3,0,0,3,0,0,0,0,52292,12048,4292,40,0,0,2,-52292,0,0,40,0,0,0,0,0,13333
cell,5,1,0,arm,2,40,3,0,0,3,0,0,0,0,52292,12048,4292,40,0,0,2,-52292,0,0,40,0,0,0,0,0,13333
cell,5,1,0,arm,3,40,3,0,0,3,0,0,0,0,52292,12048,4292,40,0,0,2,-52292,0,0,40,0,0,0,0,0,13333
cell,5,1,1,arm,0,40,0,0,0,0,0,0,0,0,48000,0,0,0,0,0,0,-48000,0,0,40,0,0,0,0,0,0
cell,5,1,1,arm,1,40,0,0,0,0,0,0,0,0,48000,0,0,0,0,0,0,-48000,0,0,40,0,0,0,0,0,0
cell,5,1,1,arm,2,40,0,0,0,0,0,0,0,0,48000,0,0,0,0,0,0,-48000,0,0,40,0,0,0,0,0,0
cell,5,1,1,arm,3,40,0,0,0,0,0,0,0,0,48000,0,0,0,0,0,0,-48000,0,0,40,0,0,0,0,0,0
cell,5,1,2,arm,0,40,0,0,0,0,0,0,0,0,48000,0,0,0,0,0,0,-48000,0,0,40,0,0,0,0,0,0
cell,5,1,2,arm,1,40,0,0,0,0,0,0,0,0,48000,0,0,0,0,0,0,-48000,0,0,40,0,0,0,0,0,0
cell,5,1,2,arm,2,40,0,0,0,0,0,0,0,0,48000,0,0,0,0,0,0,-48000,0,0,40,0,0,0,0,0,0
cell,5,1,2,arm,3,40,0,0,0,0,0,0,0,0,48000,0,0,0,0,0,0,-48000,0,0,40,0,0,0,0,0,0
cell,5,1,3,arm,0,40,6,0,0,6,0,0,0,0,48831,4632,831,14,0,0,0,-48831,0,0,40,0,0,0,0,0,2333
cell,5,1,3,arm,1,40,6,0,0,6,0,0,0,0,48831,4632,831,14,0,0,0,-48831,0,0,40,0,0,0,0,0,2333
cell,5,1,3,arm,2,40,6,0,0,6,0,0,0,0,48831,4632,831,14,0,0,0,-48831,0,0,40,0,0,0,0,0,2333
cell,5,1,3,arm,3,40,6,0,0,6,0,0,0,0,48831,4632,831,14,0,0,0,-48831,0,0,40,0,0,0,0,0,2333
cell,5,1,4,arm,0,40,0,0,0,0,0,0,0,0,48000,0,0,0,0,0,0,-48000,0,0,40,0,0,0,0,0,0
cell,5,1,4,arm,1,40,0,0,0,0,0,0,0,0,48000,0,0,0,0,0,0,-48000,0,0,40,0,0,0,0,0,0
cell,5,1,4,arm,2,40,0,0,0,0,0,0,0,0,48000,0,0,0,0,0,0,-48000,0,0,40,0,0,0,0,0,0
cell,5,1,4,arm,3,40,0,0,0,0,0,0,0,0,48000,0,0,0,0,0,0,-48000,0,0,40,0,0,0,0,0,0
cell,5,2,0,arm,0,40,4,0,0,4,0,40,0,0,6303,22080,6303,64,2,0,4,33697,0,0,0,0,0,0,0,0,16000
cell,5,2,0,arm,1,40,4,0,0,4,0,40,0,0,6303,22080,6303,64,2,0,4,33697,0,0,0,0,0,0,0,0,16000
cell,5,2,0,arm,2,40,4,0,0,4,0,40,0,0,6303,22080,6303,64,2,0,4,33697,0,0,0,0,0,0,0,0,16000
cell,5,2,0,arm,3,40,4,0,0,4,0,40,0,0,6303,22080,6303,64,2,0,4,33697,0,0,0,0,0,0,0,0,16000
cell,5,2,1,arm,0,40,0,0,0,0,0,40,0,0,0,0,0,0,0,0,0,40000,0,0,0,0,0,0,0,0,0
cell,5,2,1,arm,1,40,0,0,0,0,0,40,0,0,0,0,0,0,0,0,0,40000,0,0,0,0,0,0,0,0,0
cell,5,2,1,arm,2,40,0,0,0,0,0,40,0,0,0,0,0,0,0,0,0,40000,0,0,0,0,0,0,0,0,0
cell,5,2,1,arm,3,40,0,0,0,0,0,40,0,0,0,0,0,0,0,0,0,40000,0,0,0,0,0,0,0,0,0
cell,5,2,2,arm,0,40,0,0,0,0,0,40,0,0,0,0,0,0,0,0,0,40000,0,0,0,0,0,0,0,0,0
cell,5,2,2,arm,1,40,0,0,0,0,0,40,0,0,0,0,0,0,0,0,0,40000,0,0,0,0,0,0,0,0,0
cell,5,2,2,arm,2,40,0,0,0,0,0,40,0,0,0,0,0,0,0,0,0,40000,0,0,0,0,0,0,0,0,0
cell,5,2,2,arm,3,40,0,0,0,0,0,40,0,0,0,0,0,0,0,0,0,40000,0,0,0,0,0,0,0,0,0
cell,5,2,3,arm,0,40,10,0,0,10,0,40,0,0,1038,5761,1038,16,0,0,0,38962,0,0,0,0,0,0,0,0,1600
cell,5,2,3,arm,1,40,10,0,0,10,0,40,0,0,1038,5761,1038,16,0,0,0,38962,0,0,0,0,0,0,0,0,1600
cell,5,2,3,arm,2,40,10,0,0,10,0,40,0,0,1038,5761,1038,16,0,0,0,38962,0,0,0,0,0,0,0,0,1600
cell,5,2,3,arm,3,40,10,0,0,10,0,40,0,0,1038,5761,1038,16,0,0,0,38962,0,0,0,0,0,0,0,0,1600
cell,5,2,4,arm,0,40,0,0,0,0,0,40,0,0,0,0,0,0,0,0,0,40000,0,0,0,0,0,0,0,0,0
cell,5,2,4,arm,1,40,0,0,0,0,0,40,0,0,0,0,0,0,0,0,0,40000,0,0,0,0,0,0,0,0,0
cell,5,2,4,arm,2,40,0,0,0,0,0,40,0,0,0,0,0,0,0,0,0,40000,0,0,0,0,0,0,0,0,0
cell,5,2,4,arm,3,40,0,0,0,0,0,40,0,0,0,0,0,0,0,0,0,40000,0,0,0,0,0,0,0,0,0
cell,5,3,0,arm,0,40,0,0,0,0,0,40,0,0,0,0,0,0,0,0,0,40000,0,0,0,0,0,0,0,0,0
cell,5,3,0,arm,1,40,0,0,0,0,0,40,0,0,0,0,0,0,0,0,0,40000,0,0,0,0,0,0,0,0,0
cell,5,3,0,arm,2,40,0,0,0,0,0,40,0,0,0,0,0,0,0,0,0,40000,0,0,0,0,0,0,0,0,0
cell,5,3,0,arm,3,40,0,0,0,0,0,40,0,0,0,0,0,0,0,0,0,40000,0,0,0,0,0,0,0,0,0
cell,5,3,1,arm,0,40,0,0,0,0,0,40,0,0,0,0,0,0,0,0,0,40000,0,0,0,0,0,0,0,0,0
cell,5,3,1,arm,1,40,0,0,0,0,0,40,0,0,0,0,0,0,0,0,0,40000,0,0,0,0,0,0,0,0,0
cell,5,3,1,arm,2,40,0,0,0,0,0,40,0,0,0,0,0,0,0,0,0,40000,0,0,0,0,0,0,0,0,0
cell,5,3,1,arm,3,40,0,0,0,0,0,40,0,0,0,0,0,0,0,0,0,40000,0,0,0,0,0,0,0,0,0
cell,5,3,2,arm,0,40,0,0,0,0,0,40,0,0,0,0,0,0,0,0,0,40000,0,0,0,0,0,0,0,0,0
cell,5,3,2,arm,1,40,0,0,0,0,0,40,0,0,0,0,0,0,0,0,0,40000,0,0,0,0,0,0,0,0,0
cell,5,3,2,arm,2,40,0,0,0,0,0,40,0,0,0,0,0,0,0,0,0,40000,0,0,0,0,0,0,0,0,0
cell,5,3,2,arm,3,40,0,0,0,0,0,40,0,0,0,0,0,0,0,0,0,40000,0,0,0,0,0,0,0,0,0
cell,5,3,3,arm,0,40,7,0,0,7,0,40,0,0,659,4850,659,14,0,0,0,39341,0,0,0,0,0,0,0,0,2000
cell,5,3,3,arm,1,40,7,0,0,7,0,40,0,0,659,4850,659,14,0,0,0,39341,0,0,0,0,0,0,0,0,2000
cell,5,3,3,arm,2,40,7,0,0,7,0,40,0,0,659,4850,659,14,0,0,0,39341,0,0,0,0,0,0,0,0,2000
cell,5,3,3,arm,3,40,7,0,0,7,0,40,0,0,659,4850,659,14,0,0,0,39341,0,0,0,0,0,0,0,0,2000
cell,5,3,4,arm,0,40,0,0,0,0,0,40,0,0,0,0,0,0,0,0,0,40000,0,0,0,0,0,0,0,0,0
cell,5,3,4,arm,1,40,0,0,0,0,0,40,0,0,0,0,0,0,0,0,0,40000,0,0,0,0,0,0,0,0,0
cell,5,3,4,arm,2,40,0,0,0,0,0,40,0,0,0,0,0,0,0,0,0,40000,0,0,0,0,0,0,0,0,0
cell,5,3,4,arm,3,40,0,0,0,0,0,40,0,0,0,0,0,0,0,0,0,40000,0,0,0,0,0,0,0,0,0
cell,5,4,0,arm,0,40,0,6,0,0,0,0,0,0,82123,0,0,0,0,0,0,-80000,40,0,40,0,0,0,0,0,0
cell,5,4,0,arm,1,40,0,6,0,0,0,0,0,0,82123,0,0,0,0,0,0,-80000,40,0,40,0,0,0,0,0,0
cell,5,4,0,arm,2,40,0,6,0,0,0,0,0,0,82123,0,0,0,0,0,0,-80000,40,0,40,0,0,0,0,0,0
cell,5,4,0,arm,3,40,0,6,0,0,0,0,0,0,82123,0,0,0,0,0,0,-80000,40,0,40,0,0,0,0,0,0
cell,5,4,1,arm,0,40,0,0,0,0,0,0,0,0,80000,0,0,0,0,0,0,-80000,40,0,40,0,0,0,0,0,0
cell,5,4,1,arm,1,40,0,0,0,0,0,0,0,0,80000,0,0,0,0,0,0,-80000,40,0,40,0,0,0,0,0,0
cell,5,4,1,arm,2,40,0,0,0,0,0,0,0,0,80000,0,0,0,0,0,0,-80000,40,0,40,0,0,0,0,0,0
cell,5,4,1,arm,3,40,0,0,0,0,0,0,0,0,80000,0,0,0,0,0,0,-80000,40,0,40,0,0,0,0,0,0
cell,5,4,2,arm,0,40,0,0,0,0,0,0,0,0,80000,0,0,0,0,0,0,-80000,40,0,40,0,0,0,0,0,0
cell,5,4,2,arm,1,40,0,0,0,0,0,0,0,0,80000,0,0,0,0,0,0,-80000,40,0,40,0,0,0,0,0,0
cell,5,4,2,arm,2,40,0,0,0,0,0,0,0,0,80000,0,0,0,0,0,0,-80000,40,0,40,0,0,0,0,0,0
cell,5,4,2,arm,3,40,0,0,0,0,0,0,0,0,80000,0,0,0,0,0,0,-80000,40,0,40,0,0,0,0,0,0
cell,5,4,3,arm,0,40,5,12,4,1,0,0,0,4,82949,2159,227,6,0,0,0,-80227,40,0,40,0,333,800,0,0,1200
cell,5,4,3,arm,1,40,5,12,4,1,0,0,0,4,82949,2159,227,6,0,0,0,-80227,40,0,40,0,333,800,0,0,1200
cell,5,4,3,arm,2,40,5,12,4,1,0,0,0,4,82949,2159,227,6,0,0,0,-80227,40,0,40,0,333,800,0,0,1200
cell,5,4,3,arm,3,40,5,12,4,1,0,0,0,4,82949,2159,227,6,0,0,0,-80227,40,0,40,0,333,800,0,0,1200
cell,5,4,4,arm,0,40,0,0,0,0,0,0,0,0,80000,0,0,0,0,0,0,-80000,40,0,40,0,0,0,0,0,0
cell,5,4,4,arm,1,40,0,0,0,0,0,0,0,0,80000,0,0,0,0,0,0,-80000,40,0,40,0,0,0,0,0,0
cell,5,4,4,arm,2,40,0,0,0,0,0,0,0,0,80000,0,0,0,0,0,0,-80000,40,0,40,0,0,0,0,0,0
cell,5,4,4,arm,3,40,0,0,0,0,0,0,0,0,80000,0,0,0,0,0,0,-80000,40,0,40,0,0,0,0,0,0
cell,5,5,0,arm,0,40,0,0,0,0,0,40,0,0,0,0,0,0,0,0,0,40000,0,0,0,0,0,0,0,0,0
cell,5,5,0,arm,1,40,0,0,0,0,0,40,0,0,0,0,0,0,0,0,0,40000,0,0,0,0,0,0,0,0,0
cell,5,5,0,arm,2,40,0,0,0,0,0,40,0,0,0,0,0,0,0,0,0,40000,0,0,0,0,0,0,0,0,0
cell,5,5,0,arm,3,40,0,0,0,0,0,40,0,0,0,0,0,0,0,0,0,40000,0,0,0,0,0,0,0,0,0
cell,5,5,1,arm,0,40,0,0,0,0,0,40,0,0,0,0,0,0,0,0,0,40000,0,0,0,0,0,0,0,0,0
cell,5,5,1,arm,1,40,0,0,0,0,0,40,0,0,0,0,0,0,0,0,0,40000,0,0,0,0,0,0,0,0,0
cell,5,5,1,arm,2,40,0,0,0,0,0,40,0,0,0,0,0,0,0,0,0,40000,0,0,0,0,0,0,0,0,0
cell,5,5,1,arm,3,40,0,0,0,0,0,40,0,0,0,0,0,0,0,0,0,40000,0,0,0,0,0,0,0,0,0
cell,5,5,2,arm,0,40,0,0,0,0,0,40,0,0,0,0,0,0,0,0,0,40000,0,0,0,0,0,0,0,0,0
cell,5,5,2,arm,1,40,0,0,0,0,0,40,0,0,0,0,0,0,0,0,0,40000,0,0,0,0,0,0,0,0,0
cell,5,5,2,arm,2,40,0,0,0,0,0,40,0,0,0,0,0,0,0,0,0,40000,0,0,0,0,0,0,0,0,0
cell,5,5,2,arm,3,40,0,0,0,0,0,40,0,0,0,0,0,0,0,0,0,40000,0,0,0,0,0,0,0,0,0
cell,5,5,3,arm,0,40,7,0,0,7,0,40,0,0,2605,14568,2605,42,0,0,0,37395,0,0,0,0,0,0,0,0,6000
cell,5,5,3,arm,1,40,7,0,0,7,0,40,0,0,2605,14568,2605,42,0,0,0,37395,0,0,0,0,0,0,0,0,6000
cell,5,5,3,arm,2,40,7,0,0,7,0,40,0,0,2605,14568,2605,42,0,0,0,37395,0,0,0,0,0,0,0,0,6000
cell,5,5,3,arm,3,40,7,0,0,7,0,40,0,0,2605,14568,2605,42,0,0,0,37395,0,0,0,0,0,0,0,0,6000
cell,5,5,4,arm,0,40,0,0,0,0,0,40,0,0,0,0,0,0,0,0,0,40000,0,0,0,0,0,0,0,0,0
cell,5,5,4,arm,1,40,0,0,0,0,0,40,0,0,0,0,0,0,0,0,0,40000,0,0,0,0,0,0,0,0,0
cell,5,5,4,arm,2,40,0,0,0,0,0,40,0,0,0,0,0,0,0,0,0,40000,0,0,0,0,0,0,0,0,0
cell,5,5,4,arm,3,40,0,0,0,0,0,40,0,0,0,0,0,0,0,0,0,40000,0,0,0,0,0,0,0,0,0
cell,5,6,0,arm,0,40,0,0,0,0,0,40,0,0,0,0,0,0,0,0,0,40000,0,0,0,0,0,0,0,0,0
cell,5,6,0,arm,1,40,0,0,0,0,0,40,0,0,0,0,0,0,0,0,0,40000,0,0,0,0,0,0,0,0,0
cell,5,6,0,arm,2,40,0,0,0,0,0,40,0,0,0,0,0,0,0,0,0,40000,0,0,0,0,0,0,0,0,0
cell,5,6,0,arm,3,40,0,0,0,0,0,40,0,0,0,0,0,0,0,0,0,40000,0,0,0,0,0,0,0,0,0
cell,5,6,1,arm,0,40,0,0,0,0,0,40,0,0,0,0,0,0,0,0,0,40000,0,0,0,0,0,0,0,0,0
cell,5,6,1,arm,1,40,0,0,0,0,0,40,0,0,0,0,0,0,0,0,0,40000,0,0,0,0,0,0,0,0,0
cell,5,6,1,arm,2,40,0,0,0,0,0,40,0,0,0,0,0,0,0,0,0,40000,0,0,0,0,0,0,0,0,0
cell,5,6,1,arm,3,40,0,0,0,0,0,40,0,0,0,0,0,0,0,0,0,40000,0,0,0,0,0,0,0,0,0
cell,5,6,2,arm,0,40,0,0,0,0,0,40,0,0,0,0,0,0,0,0,0,40000,0,0,0,0,0,0,0,0,0
cell,5,6,2,arm,1,40,0,0,0,0,0,40,0,0,0,0,0,0,0,0,0,40000,0,0,0,0,0,0,0,0,0
cell,5,6,2,arm,2,40,0,0,0,0,0,40,0,0,0,0,0,0,0,0,0,40000,0,0,0,0,0,0,0,0,0
cell,5,6,2,arm,3,40,0,0,0,0,0,40,0,0,0,0,0,0,0,0,0,40000,0,0,0,0,0,0,0,0,0
cell,5,6,3,arm,0,40,11,0,0,11,0,40,0,0,1188,4932,1188,14,0,0,0,38812,0,0,0,0,0,0,0,0,1272
cell,5,6,3,arm,1,40,11,0,0,11,0,40,0,0,1188,4932,1188,14,0,0,0,38812,0,0,0,0,0,0,0,0,1272
cell,5,6,3,arm,2,40,11,0,0,11,0,40,0,0,1188,4932,1188,14,0,0,0,38812,0,0,0,0,0,0,0,0,1272
cell,5,6,3,arm,3,40,11,0,0,11,0,40,0,0,1188,4932,1188,14,0,0,0,38812,0,0,0,0,0,0,0,0,1272
cell,5,6,4,arm,0,40,0,0,0,0,0,40,0,0,0,0,0,0,0,0,0,40000,0,0,0,0,0,0,0,0,0
cell,5,6,4,arm,1,40,0,0,0,0,0,40,0,0,0,0,0,0,0,0,0,40000,0,0,0,0,0,0,0,0,0
cell,5,6,4,arm,2,40,0,0,0,0,0,40,0,0,0,0,0,0,0,0,0,40000,0,0,0,0,0,0,0,0,0
cell,5,6,4,arm,3,40,0,0,0,0,0,40,0,0,0,0,0,0,0,0,0,40000,0,0,0,0,0,0,0,0,0
cell,5,7,0,arm,0,40,0,0,0,0,0,40,0,0,0,0,0,0,0,0,0,40000,0,0,0,0,0,0,0,0,0
cell,5,7,0,arm,1,40,0,0,0,0,0,40,0,0,0,0,0,0,0,0,0,40000,0,0,0,0,0,0,0,0,0
cell,5,7,0,arm,2,40,0,0,0,0,0,40,0,0,0,0,0,0,0,0,0,40000,0,0,0,0,0,0,0,0,0
cell,5,7,0,arm,3,40,0,0,0,0,0,40,0,0,0,0,0,0,0,0,0,40000,0,0,0,0,0,0,0,0,0
cell,5,7,1,arm,0,40,0,0,0,0,0,40,0,0,0,0,0,0,0,0,0,40000,0,0,0,0,0,0,0,0,0
cell,5,7,1,arm,1,40,0,0,0,0,0,40,0,0,0,0,0,0,0,0,0,40000,0,0,0,0,0,0,0,0,0
cell,5,7,1,arm,2,40,0,0,0,0,0,40,0,0,0,0,0,0,0,0,0,40000,0,0,0,0,0,0,0,0,0
cell,5,7,1,arm,3,40,0,0,0,0,0,40,0,0,0,0,0,0,0,0,0,40000,0,0,0,0,0,0,0,0,0
cell,5,7,2,arm,0,40,0,0,0,0,0,40,0,0,0,0,0,0,0,0,0,40000,0,0,0,0,0,0,0,0,0
cell,5,7,2,arm,1,40,0,0,0,0,0,40,0,0,0,0,0,0,0,0,0,40000,0,0,0,0,0,0,0,0,0
cell,5,7,2,arm,2,40,0,0,0,0,0,40,0,0,0,0,0,0,0,0,0,40000,0,0,0,0,0,0,0,0,0
cell,5,7,2,arm,3,40,0,0,0,0,0,40,0,0,0,0,0,0,0,0,0,40000,0,0,0,0,0,0,0,0,0
cell,5,7,3,arm,0,40,9,0,0,9,0,40,0,0,4588,19761,4588,63,0,0,0,35412,0,0,0,0,0,0,0,0,7000
cell,5,7,3,arm,1,40,9,0,0,9,0,40,0,0,4588,19761,4588,63,0,0,0,35412,0,0,0,0,0,0,0,0,7000
cell,5,7,3,arm,2,40,9,0,0,9,0,40,0,0,4588,19761,4588,63,0,0,0,35412,0,0,0,0,0,0,0,0,7000
cell,5,7,3,arm,3,40,9,0,0,9,0,40,0,0,4588,19761,4588,63,0,0,0,35412,0,0,0,0,0,0,0,0,7000
cell,5,7,4,arm,0,40,0,0,0,0,0,40,0,0,0,0,0,0,0,0,0,40000,0,0,0,0,0,0,0,0,0
cell,5,7,4,arm,1,40,0,0,0,0,0,40,0,0,0,0,0,0,0,0,0,40000,0,0,0,0,0,0,0,0,0
cell,5,7,4,arm,2,40,0,0,0,0,0,40,0,0,0,0,0,0,0,0,0,40000,0,0,0,0,0,0,0,0,0
cell,5,7,4,arm,3,40,0,0,0,0,0,40,0,0,0,0,0,0,0,0,0,40000,0,0,0,0,0,0,0,0,0
cell,5,8,0,arm,0,40,0,0,0,0,0,40,0,0,0,0,0,0,0,0,0,40000,0,0,0,0,0,0,0,0,0
cell,5,8,0,arm,1,40,0,0,0,0,0,40,0,0,0,0,0,0,0,0,0,40000,0,0,0,0,0,0,0,0,0
cell,5,8,0,arm,2,40,0,0,0,0,0,40,0,0,0,0,0,0,0,0,0,40000,0,0,0,0,0,0,0,0,0
cell,5,8,0,arm,3,40,0,0,0,0,0,40,0,0,0,0,0,0,0,0,0,40000,0,0,0,0,0,0,0,0,0
cell,5,8,1,arm,0,40,0,0,0,0,0,40,0,0,0,0,0,0,0,0,0,40000,0,0,0,0,0,0,0,0,0
cell,5,8,1,arm,1,40,0,0,0,0,0,40,0,0,0,0,0,0,0,0,0,40000,0,0,0,0,0,0,0,0,0
cell,5,8,1,arm,2,40,0,0,0,0,0,40,0,0,0,0,0,0,0,0,0,40000,0,0,0,0,0,0,0,0,0
cell,5,8,1,arm,3,40,0,0,0,0,0,40,0,0,0,0,0,0,0,0,0,40000,0,0,0,0,0,0,0,0,0
cell,5,8,2,arm,0,40,0,0,0,0,0,40,0,0,0,0,0,0,0,0,0,40000,0,0,0,0,0,0,0,0,0
cell,5,8,2,arm,1,40,0,0,0,0,0,40,0,0,0,0,0,0,0,0,0,40000,0,0,0,0,0,0,0,0,0
cell,5,8,2,arm,2,40,0,0,0,0,0,40,0,0,0,0,0,0,0,0,0,40000,0,0,0,0,0,0,0,0,0
cell,5,8,2,arm,3,40,0,0,0,0,0,40,0,0,0,0,0,0,0,0,0,40000,0,0,0,0,0,0,0,0,0
cell,5,8,3,arm,0,40,3,0,0,3,0,40,0,0,1271,5682,1271,18,0,0,0,38729,0,0,0,0,0,0,0,0,6000
cell,5,8,3,arm,1,40,3,0,0,3,0,40,0,0,1271,5682,1271,18,0,0,0,38729,0,0,0,0,0,0,0,0,6000
cell,5,8,3,arm,2,40,3,0,0,3,0,40,0,0,1271,5682,1271,18,0,0,0,38729,0,0,0,0,0,0,0,0,6000
cell,5,8,3,arm,3,40,3,0,0,3,0,40,0,0,1271,5682,1271,18,0,0,0,38729,0,0,0,0,0,0,0,0,6000
cell,5,8,4,arm,0,40,0,0,0,0,0,40,0,0,0,0,0,0,0,0,0,40000,0,0,0,0,0,0,0,0,0
cell,5,8,4,arm,1,40,0,0,0,0,0,40,0,0,0,0,0,0,0,0,0,40000,0,0,0,0,0,0,0,0,0
cell,5,8,4,arm,2,40,0,0,0,0,0,40,0,0,0,0,0,0,0,0,0,40000,0,0,0,0,0,0,0,0,0
cell,5,8,4,arm,3,40,0,0,0,0,0,40,0,0,0,0,0,0,0,0,0,40000,0,0,0,0,0,0,0,0,0
global_columns,arm,episodes,initiated,beneficial,true_positive,false_positive,completed,success,success_given_oracle_positive_init,premature,regret_sum,resource_spend_sum,opportunity_loss_sum,observations,warrant,budget_refusal,safety_cap,utility_sum,resolvable,unknown_choice,wrong_nonunknown_commit,oracle_positive_success,init_recall_pm,init_precision_pm,completion_given_init_pm,success_given_oracle_positive_init_pm,mean_observations_x1000
global,0,10800,519,148,52,467,8,7208,7,45,5460680,702100,166885,2103,16,0,20,1777115,1200,0,3592,7,351,100,15,134,4052
global,1,10800,519,148,52,467,8,7208,7,45,5460680,702100,166885,2103,16,0,20,1777115,1200,0,3592,7,351,100,15,134,4052
global,2,10800,519,148,52,467,8,7208,7,45,5460680,702100,166885,2103,16,0,20,1777115,1200,0,3592,7,351,100,15,134,4052
global,3,10800,519,148,52,467,8,7208,7,45,5460680,702100,166885,2103,16,0,20,1777115,1200,0,3592,7,351,100,15,134,4052
seed_delta_columns,seed_index,d_minus_a_completion,d_minus_a_regret,d_minus_b_completion,d_minus_b_regret
seed_delta,0,14,-26458,12,-5452
seed_delta,1,11,-16003,9,110
seed_delta,2,14,-27724,13,-9639
seed_delta,3,7,-16186,4,-10025
seed_delta,4,13,-20377,10,-5759
seed_delta,5,10,-19955,7,-12052
baseline_a_mean_observations_x1000,4052
baseline_a_completion_given_init_per_mille,15
baseline_a_success_given_oracle_positive_init_per_mille,134
baseline_v44_v41_early_exit_signature,0
shadow_control_gate,1
baseline_parity_gate,0
causal_completion_regret_gate,0
logical_warrant_nonconstant,81
evaluator_label_inside_policy_call_graph,0
fixed_evidence_count_stopping,0
remaining_horizon_feature,0
budget_overspend_allowed,0
core_gate_sum,4
TNN_R32_E45_NATIVE_QUALIFICATION_GATE=FAIL
