qualification_schema,tnn_r32_e45_native_v1
native_target,linux_x86_64_generic
feature_dimension_per_arm,32
feature_masking,zero_mask_equal_capacity
initiation_policy,one_shared_frozen_value_and_common_feature_block_across_all_arms
shadow_estimator,reduced_e45_12_learner_visible_features_not_v28_parity
temporal_detector,reduced_ordered_best_split_not_full_v16_tv_volatility
hazard_auxiliary,reduced_global_horizon_forecast_not_v40_parity
training_seed_set,45001_45002_45003
validation_seed_set,45101_45102_45103
confirmation_seed_set,45201_45202_45203_45204_45205_45206
confirmation_episodes_per_seed_mode_resource,40
training_schedule,phase0_aux_terminal_2x_phase1_shared_init_1x_phase2_reached_continuation_2x
shadow_validation_n,2700
shadow_target_mean,406
shadow_mae_learned_reduced12,188
shadow_mae_raw_cost,395
shadow_mae_fixed_055,269
shadow_mae_learned_global_scalar,265
shadow_mse_div100_learned_reduced12,874
shadow_mse_div100_raw_cost,2896
shadow_mse_div100_fixed_055,1772
shadow_mse_div100_learned_global_scalar,1839
shadow_r2_per_mille_learned_reduced12,741
shadow_global_ratio_per_mille,509
cell_columns,seed_index,mode,resource,arm,episodes,initiated,beneficial,true_positive,false_positive,completed,success,success_given_oracle_positive_init,premature,regret_sum,resource_spend_sum,opportunity_loss_sum,observations,warrant,budget_refusal,safety_cap,utility_sum,resolvable,unknown_choice,wrong_nonunknown_commit,oracle_positive_success,warrant_sound,init_recall_pm,init_precision_pm,completion_given_init_pm,success_given_oracle_positive_init_pm,mean_observations_x1000
cell,0,0,0,arm,0,40,16,0,0,16,0,0,0,0,2476,7596,2476,16,12,0,0,-50476,0,0,40,0,0,0,0,0,0,1000
cell,0,0,0,arm,1,40,16,0,0,16,0,0,0,0,2476,7596,2476,16,12,0,0,-50476,0,0,40,0,0,0,0,0,0,1000
cell,0,0,0,arm,2,40,16,0,0,16,0,0,0,0,2476,7596,2476,16,12,0,0,-50476,0,0,40,0,0,0,0,0,0,1000
cell,0,0,0,arm,3,40,16,0,0,16,0,0,0,0,2476,7596,2476,16,12,0,0,-50476,0,0,40,0,0,0,0,0,0,1000
cell,0,0,1,arm,0,40,6,0,0,6,0,0,0,0,944,2141,944,6,6,0,0,-48944,0,0,40,0,0,0,0,0,0,1000
cell,0,0,1,arm,1,40,6,0,0,6,0,0,0,0,944,2141,944,6,6,0,0,-48944,0,0,40,0,0,0,0,0,0,1000
cell,0,0,1,arm,2,40,6,0,0,6,0,0,0,0,944,2141,944,6,6,0,0,-48944,0,0,40,0,0,0,0,0,0,1000
cell,0,0,1,arm,3,40,6,0,0,6,0,0,0,0,944,2141,944,6,6,0,0,-48944,0,0,40,0,0,0,0,0,0,1000
cell,0,0,2,arm,0,40,0,0,0,0,0,0,0,0,0,0,0,0,0,0,0,-48000,0,0,40,0,0,0,0,0,0,0
cell,0,0,2,arm,1,40,0,0,0,0,0,0,0,0,0,0,0,0,0,0,0,-48000,0,0,40,0,0,0,0,0,0,0
cell,0,0,2,arm,2,40,0,0,0,0,0,0,0,0,0,0,0,0,0,0,0,-48000,0,0,40,0,0,0,0,0,0,0
cell,0,0,2,arm,3,40,0,0,0,0,0,0,0,0,0,0,0,0,0,0,0,-48000,0,0,40,0,0,0,0,0,0,0
cell,0,0,3,arm,0,40,13,0,0,13,0,0,0,0,1255,5435,1255,13,12,0,0,-49255,0,0,40,0,0,0,0,0,0,1000
cell,0,0,3,arm,1,40,13,0,0,13,0,0,0,0,1255,5435,1255,13,12,0,0,-49255,0,0,40,0,0,0,0,0,0,1000
cell,0,0,3,arm,2,40,13,0,0,13,0,0,0,0,1255,5435,1255,13,12,0,0,-49255,0,0,40,0,0,0,0,0,0,1000
cell,0,0,3,arm,3,40,13,0,0,13,0,0,0,0,1255,5435,1255,13,12,0,0,-49255,0,0,40,0,0,0,0,0,0,1000
cell,0,0,4,arm,0,40,1,0,0,1,0,0,0,0,385,432,385,1,1,0,0,-48385,0,0,40,0,0,0,0,0,0,1000
cell,0,0,4,arm,1,40,1,0,0,1,0,0,0,0,385,432,385,1,1,0,0,-48385,0,0,40,0,0,0,0,0,0,1000
cell,0,0,4,arm,2,40,1,0,0,1,0,0,0,0,385,432,385,1,1,0,0,-48385,0,0,40,0,0,0,0,0,0,1000
cell,0,0,4,arm,3,40,1,0,0,1,0,0,0,0,385,432,385,1,1,0,0,-48385,0,0,40,0,0,0,0,0,0,1000
cell,0,1,0,arm,0,40,17,0,0,17,0,0,0,0,600,6166,600,17,7,0,0,-48600,0,0,40,0,0,0,0,0,0,1000
cell,0,1,0,arm,1,40,17,0,0,17,0,0,0,0,600,7062,600,19,7,0,0,-48600,0,0,40,0,0,0,0,0,0,1117
cell,0,1,0,arm,2,40,17,0,0,17,0,0,0,0,600,7062,600,19,7,0,0,-48600,0,0,40,0,0,0,0,0,0,1117
cell,0,1,0,arm,3,40,17,0,0,17,0,0,0,0,600,7062,600,19,7,0,0,-48600,0,0,40,0,0,0,0,0,0,1117
cell,0,1,1,arm,0,40,11,0,0,11,0,0,0,0,2681,3987,2681,11,4,0,0,-50681,0,0,40,0,0,0,0,0,0,1000
cell,0,1,1,arm,1,40,11,0,0,11,0,0,0,0,2681,3987,2681,11,4,0,0,-50681,0,0,40,0,0,0,0,0,0,1000
cell,0,1,1,arm,2,40,11,0,0,11,0,0,0,0,2681,3987,2681,11,4,0,0,-50681,0,0,40,0,0,0,0,0,0,1000
cell,0,1,1,arm,3,40,11,0,0,11,0,0,0,0,2681,3987,2681,11,4,0,0,-50681,0,0,40,0,0,0,0,0,0,1000
cell,0,1,2,arm,0,40,0,0,0,0,0,0,0,0,0,0,0,0,0,0,0,-48000,0,0,40,0,0,0,0,0,0,0
cell,0,1,2,arm,1,40,0,0,0,0,0,0,0,0,0,0,0,0,0,0,0,-48000,0,0,40,0,0,0,0,0,0,0
cell,0,1,2,arm,2,40,0,0,0,0,0,0,0,0,0,0,0,0,0,0,0,-48000,0,0,40,0,0,0,0,0,0,0
cell,0,1,2,arm,3,40,0,0,0,0,0,0,0,0,0,0,0,0,0,0,0,-48000,0,0,40,0,0,0,0,0,0,0
cell,0,1,3,arm,0,40,13,0,0,13,0,0,0,0,1081,5365,1081,13,7,0,0,-49081,0,0,40,0,0,0,0,0,0,1000
cell,0,1,3,arm,1,40,13,0,0,13,0,0,0,0,1452,7843,1452,20,9,0,0,-49452,0,0,40,0,0,0,0,0,0,1538
cell,0,1,3,arm,2,40,13,0,0,13,0,0,0,0,1702,8927,1702,20,8,0,0,-49702,0,0,40,0,0,0,0,0,0,1538
cell,0,1,3,arm,3,40,13,0,0,13,0,0,0,0,1523,7828,1523,20,8,0,0,-49523,0,0,40,0,0,0,0,0,0,1538
cell,0,1,4,arm,0,40,1,0,0,1,0,0,0,0,0,292,0,1,0,0,0,-48000,0,0,40,0,0,0,0,0,0,1000
cell,0,1,4,arm,1,40,1,0,0,1,0,0,0,0,0,292,0,1,0,0,0,-48000,0,0,40,0,0,0,0,0,0,1000
cell,0,1,4,arm,2,40,1,0,0,1,0,0,0,0,0,292,0,1,0,0,0,-48000,0,0,40,0,0,0,0,0,0,1000
cell,0,1,4,arm,3,40,1,0,0,1,0,0,0,0,0,292,0,1,0,0,0,-48000,0,0,40,0,0,0,0,0,0,1000
cell,0,2,0,arm,0,40,0,0,0,0,0,40,0,0,0,0,0,0,0,0,0,40000,0,0,0,0,0,0,0,0,0,0
cell,0,2,0,arm,1,40,0,0,0,0,0,40,0,0,0,0,0,0,0,0,0,40000,0,0,0,0,0,0,0,0,0,0
cell,0,2,0,arm,2,40,0,0,0,0,0,40,0,0,0,0,0,0,0,0,0,40000,0,0,0,0,0,0,0,0,0,0
cell,0,2,0,arm,3,40,0,0,0,0,0,40,0,0,0,0,0,0,0,0,0,40000,0,0,0,0,0,0,0,0,0,0
cell,0,2,1,arm,0,40,0,0,0,0,0,40,0,0,0,0,0,0,0,0,0,40000,0,0,0,0,0,0,0,0,0,0
cell,0,2,1,arm,1,40,0,0,0,0,0,40,0,0,0,0,0,0,0,0,0,40000,0,0,0,0,0,0,0,0,0,0
cell,0,2,1,arm,2,40,0,0,0,0,0,40,0,0,0,0,0,0,0,0,0,40000,0,0,0,0,0,0,0,0,0,0
cell,0,2,1,arm,3,40,0,0,0,0,0,40,0,0,0,0,0,0,0,0,0,40000,0,0,0,0,0,0,0,0,0,0
cell,0,2,2,arm,0,40,0,0,0,0,0,40,0,0,0,0,0,0,0,0,0,40000,0,0,0,0,0,0,0,0,0,0
cell,0,2,2,arm,1,40,0,0,0,0,0,40,0,0,0,0,0,0,0,0,0,40000,0,0,0,0,0,0,0,0,0,0
cell,0,2,2,arm,2,40,0,0,0,0,0,40,0,0,0,0,0,0,0,0,0,40000,0,0,0,0,0,0,0,0,0,0
cell,0,2,2,arm,3,40,0,0,0,0,0,40,0,0,0,0,0,0,0,0,0,40000,0,0,0,0,0,0,0,0,0,0
cell,0,2,3,arm,0,40,0,0,0,0,0,40,0,0,0,0,0,0,0,0,0,40000,0,0,0,0,0,0,0,0,0,0
cell,0,2,3,arm,1,40,0,0,0,0,0,40,0,0,0,0,0,0,0,0,0,40000,0,0,0,0,0,0,0,0,0,0
cell,0,2,3,arm,2,40,0,0,0,0,0,40,0,0,0,0,0,0,0,0,0,40000,0,0,0,0,0,0,0,0,0,0
cell,0,2,3,arm,3,40,0,0,0,0,0,40,0,0,0,0,0,0,0,0,0,40000,0,0,0,0,0,0,0,0,0,0
cell,0,2,4,arm,0,40,0,0,0,0,0,40,0,0,0,0,0,0,0,0,0,40000,0,0,0,0,0,0,0,0,0,0
cell,0,2,4,arm,1,40,0,0,0,0,0,40,0,0,0,0,0,0,0,0,0,40000,0,0,0,0,0,0,0,0,0,0
cell,0,2,4,arm,2,40,0,0,0,0,0,40,0,0,0,0,0,0,0,0,0,40000,0,0,0,0,0,0,0,0,0,0
cell,0,2,4,arm,3,40,0,0,0,0,0,40,0,0,0,0,0,0,0,0,0,40000,0,0,0,0,0,0,0,0,0,0
cell,0,3,0,arm,0,40,15,19,15,0,15,36,15,0,10100,6583,989,15,15,0,0,27011,19,0,4,15,15,789,1000,1000,1000,1000
cell,0,3,0,arm,1,40,15,19,15,0,15,36,15,0,10100,6583,989,15,15,0,0,27011,19,0,4,15,15,789,1000,1000,1000,1000
cell,0,3,0,arm,2,40,15,19,15,0,15,36,15,0,10100,6583,989,15,15,0,0,27011,19,0,4,15,15,789,1000,1000,1000,1000
cell,0,3,0,arm,3,40,15,19,15,0,15,36,15,0,10100,6583,989,15,15,0,0,27011,19,0,4,15,15,789,1000,1000,1000,1000
cell,0,3,1,arm,0,40,7,21,7,0,7,26,7,0,34042,3202,1060,7,7,0,0,-3060,21,0,14,7,7,333,1000,1000,1000,1000
cell,0,3,1,arm,1,40,7,21,7,0,7,26,7,0,34042,3202,1060,7,7,0,0,-3060,21,0,14,7,7,333,1000,1000,1000,1000
cell,0,3,1,arm,2,40,7,21,7,0,7,26,7,0,34042,3202,1060,7,7,0,0,-3060,21,0,14,7,7,333,1000,1000,1000,1000
cell,0,3,1,arm,3,40,7,21,7,0,7,26,7,0,34042,3202,1060,7,7,0,0,-3060,21,0,14,7,7,333,1000,1000,1000,1000
cell,0,3,2,arm,0,40,0,19,0,0,0,21,0,0,43566,0,0,0,0,0,0,-17000,19,0,19,0,0,0,0,0,0,0
cell,0,3,2,arm,1,40,0,19,0,0,0,21,0,0,43566,0,0,0,0,0,0,-17000,19,0,19,0,0,0,0,0,0,0
cell,0,3,2,arm,2,40,0,19,0,0,0,21,0,0,43566,0,0,0,0,0,0,-17000,19,0,19,0,0,0,0,0,0,0
cell,0,3,2,arm,3,40,0,19,0,0,0,21,0,0,43566,0,0,0,0,0,0,-17000,19,0,19,0,0,0,0,0,0,0
cell,0,3,3,arm,0,40,12,21,12,0,12,31,12,0,24610,4927,892,12,12,0,0,12108,21,0,9,12,12,571,1000,1000,1000,1000
cell,0,3,3,arm,1,40,12,21,12,0,12,31,12,0,24610,4927,892,12,12,0,0,12108,21,0,9,12,12,571,1000,1000,1000,1000
cell,0,3,3,arm,2,40,12,21,12,0,12,31,12,0,24610,4927,892,12,12,0,0,12108,21,0,9,12,12,571,1000,1000,1000,1000
cell,0,3,3,arm,3,40,12,21,12,0,12,31,12,0,24610,4927,892,12,12,0,0,12108,21,0,9,12,12,571,1000,1000,1000,1000
cell,0,3,4,arm,0,40,0,18,0,0,0,21,0,0,45767,0,0,0,0,0,0,-17000,19,0,19,0,0,0,0,0,0,0
cell,0,3,4,arm,1,40,0,18,0,0,0,21,0,0,45767,0,0,0,0,0,0,-17000,19,0,19,0,0,0,0,0,0,0
cell,0,3,4,arm,2,40,0,18,0,0,0,21,0,0,45767,0,0,0,0,0,0,-17000,19,0,19,0,0,0,0,0,0,0
cell,0,3,4,arm,3,40,0,18,0,0,0,21,0,0,45767,0,0,0,0,0,0,-17000,19,0,19,0,0,0,0,0,0,0
cell,0,4,0,arm,0,40,34,32,31,3,1,2,1,30,70701,36599,14980,73,2,1,2,-88980,40,0,38,1,2,968,911,29,32,2147
cell,0,4,0,arm,1,40,34,32,31,3,0,0,0,32,64857,15503,3136,34,0,0,0,-83136,40,0,40,0,0,968,911,0,0,1000
cell,0,4,0,arm,2,40,34,32,31,3,0,0,0,32,64857,16163,3136,36,0,0,0,-83136,40,0,40,0,0,968,911,0,0,1058
cell,0,4,0,arm,3,40,34,32,31,3,0,0,0,32,64857,15799,3136,35,0,0,0,-83136,40,0,40,0,0,968,911,0,0,1029
cell,0,4,1,arm,0,40,10,21,9,1,3,3,2,7,28383,20073,14738,42,3,3,0,-85738,40,0,37,2,3,428,900,300,222,4200
cell,0,4,1,arm,1,40,10,21,9,1,0,0,0,9,24173,4267,1528,10,0,0,0,-81528,40,0,40,0,0,428,900,0,0,1000
cell,0,4,1,arm,2,40,10,21,9,1,0,0,0,9,24173,4267,1528,10,0,0,0,-81528,40,0,40,0,0,428,900,0,0,1000
cell,0,4,1,arm,3,40,10,21,9,1,0,0,0,9,24173,4267,1528,10,0,0,0,-81528,40,0,40,0,0,428,900,0,0,1000
cell,0,4,2,arm,0,40,0,2,0,0,0,0,0,0,1228,0,0,0,0,0,0,-80000,40,0,40,0,0,0,0,0,0,0
cell,0,4,2,arm,1,40,0,2,0,0,0,0,0,0,1228,0,0,0,0,0,0,-80000,40,0,40,0,0,0,0,0,0,0
cell,0,4,2,arm,2,40,0,2,0,0,0,0,0,0,1228,0,0,0,0,0,0,-80000,40,0,40,0,0,0,0,0,0,0
cell,0,4,2,arm,3,40,0,2,0,0,0,0,0,0,1228,0,0,0,0,0,0,-80000,40,0,40,0,0,0,0,0,0,0
cell,0,4,3,arm,0,40,25,25,23,2,6,6,6,17,42245,32533,9145,78,6,6,0,-71145,40,0,34,6,6,920,920,240,260,3120
cell,0,4,3,arm,1,40,25,25,23,2,0,0,0,23,54151,14794,3051,36,0,0,0,-83051,40,0,40,0,0,920,920,0,0,1440
cell,0,4,3,arm,2,40,25,25,23,2,0,0,0,23,54102,16438,3002,40,0,0,0,-83002,40,0,40,0,0,920,920,0,0,1600
cell,0,4,3,arm,3,40,25,25,23,2,0,0,0,23,52927,10595,1827,26,0,0,0,-81827,40,0,40,0,0,920,920,0,0,1040
cell,0,4,4,arm,0,40,3,12,3,0,0,0,0,3,12576,1200,758,3,0,0,0,-80758,40,0,40,0,0,250,1000,0,0,1000
cell,0,4,4,arm,1,40,3,12,3,0,0,0,0,3,12576,1200,758,3,0,0,0,-80758,40,0,40,0,0,250,1000,0,0,1000
cell,0,4,4,arm,2,40,3,12,3,0,0,0,0,3,12576,1200,758,3,0,0,0,-80758,40,0,40,0,0,250,1000,0,0,1000
cell,0,4,4,arm,3,40,3,12,3,0,0,0,0,3,12576,1200,758,3,0,0,0,-80758,40,0,40,0,0,250,1000,0,0,1000
cell,0,5,0,arm,0,40,25,33,25,0,0,2,2,23,65509,14996,2522,35,0,0,0,-76522,40,0,38,2,0,757,1000,0,80,1400
cell,0,5,0,arm,1,40,25,33,25,0,0,4,4,21,63460,24070,6473,57,0,0,0,-74473,40,0,36,4,0,757,1000,0,160,2280
cell,0,5,0,arm,2,40,25,33,25,0,0,4,4,21,66606,29056,9619,63,0,0,0,-77619,40,0,36,4,0,757,1000,0,160,2520
cell,0,5,0,arm,3,40,25,33,25,0,0,7,7,18,53200,25591,5213,60,0,0,0,-64213,40,0,33,7,0,757,1000,0,280,2400
cell,0,5,1,arm,0,40,15,32,15,0,0,0,0,15,50751,5938,2924,15,0,0,0,-82924,40,0,40,0,0,468,1000,0,0,1000
cell,0,5,1,arm,1,40,15,32,15,0,0,0,0,15,50751,5938,2924,15,0,0,0,-82924,40,0,40,0,0,468,1000,0,0,1000
cell,0,5,1,arm,2,40,15,32,15,0,0,1,1,14,51412,10468,6585,25,0,0,0,-83585,40,0,39,1,0,468,1000,0,66,1666
cell,0,5,1,arm,3,40,15,32,15,0,0,0,0,15,50751,5938,2924,15,0,0,0,-82924,40,0,40,0,0,468,1000,0,0,1000
cell,0,5,2,arm,0,40,0,14,0,0,0,0,0,0,5251,0,0,0,0,0,0,-80000,40,0,40,0,0,0,0,0,0,0
cell,0,5,2,arm,1,40,0,14,0,0,0,0,0,0,5251,0,0,0,0,0,0,-80000,40,0,40,0,0,0,0,0,0,0
cell,0,5,2,arm,2,40,0,14,0,0,0,0,0,0,5251,0,0,0,0,0,0,-80000,40,0,40,0,0,0,0,0,0,0
cell,0,5,2,arm,3,40,0,14,0,0,0,0,0,0,5251,0,0,0,0,0,0,-80000,40,0,40,0,0,0,0,0,0,0
cell,0,5,3,arm,0,40,26,32,26,0,0,2,2,24,70201,14641,3293,36,0,0,0,-77293,40,0,38,2,0,812,1000,0,76,1384
cell,0,5,3,arm,1,40,26,32,26,0,0,16,16,10,45591,69454,20683,166,0,9,0,-52683,40,0,24,16,0,812,1000,0,615,6384
cell,0,5,3,arm,2,40,26,32,26,0,0,15,15,11,46009,61617,18101,153,0,6,0,-53101,40,0,25,15,0,812,1000,0,576,5884
cell,0,5,3,arm,3,40,26,32,26,0,0,10,10,16,51009,33766,8101,81,0,1,0,-58101,40,0,30,10,0,812,1000,0,384,3115
cell,0,5,4,arm,0,40,2,23,2,0,0,0,0,2,23609,703,665,2,0,0,0,-80665,40,0,40,0,0,86,1000,0,0,1000
cell,0,5,4,arm,1,40,2,23,2,0,0,0,0,2,23609,703,665,2,0,0,0,-80665,40,0,40,0,0,86,1000,0,0,1000
cell,0,5,4,arm,2,40,2,23,2,0,0,0,0,2,23609,703,665,2,0,0,0,-80665,40,0,40,0,0,86,1000,0,0,1000
cell,0,5,4,arm,3,40,2,23,2,0,0,0,0,2,23609,703,665,2,0,0,0,-80665,40,0,40,0,0,86,1000,0,0,1000
cell,0,6,0,arm,0,40,0,0,0,0,0,40,0,0,0,0,0,0,0,0,0,40000,0,0,0,0,0,0,0,0,0,0
cell,0,6,0,arm,1,40,0,0,0,0,0,40,0,0,0,0,0,0,0,0,0,40000,0,0,0,0,0,0,0,0,0,0
cell,0,6,0,arm,2,40,0,0,0,0,0,40,0,0,0,0,0,0,0,0,0,40000,0,0,0,0,0,0,0,0,0,0
cell,0,6,0,arm,3,40,0,0,0,0,0,40,0,0,0,0,0,0,0,0,0,40000,0,0,0,0,0,0,0,0,0,0
cell,0,6,1,arm,0,40,0,0,0,0,0,40,0,0,0,0,0,0,0,0,0,40000,0,0,0,0,0,0,0,0,0,0
cell,0,6,1,arm,1,40,0,0,0,0,0,40,0,0,0,0,0,0,0,0,0,40000,0,0,0,0,0,0,0,0,0,0
cell,0,6,1,arm,2,40,0,0,0,0,0,40,0,0,0,0,0,0,0,0,0,40000,0,0,0,0,0,0,0,0,0,0
cell,0,6,1,arm,3,40,0,0,0,0,0,40,0,0,0,0,0,0,0,0,0,40000,0,0,0,0,0,0,0,0,0,0
cell,0,6,2,arm,0,40,0,0,0,0,0,40,0,0,0,0,0,0,0,0,0,40000,0,0,0,0,0,0,0,0,0,0
cell,0,6,2,arm,1,40,0,0,0,0,0,40,0,0,0,0,0,0,0,0,0,40000,0,0,0,0,0,0,0,0,0,0
cell,0,6,2,arm,2,40,0,0,0,0,0,40,0,0,0,0,0,0,0,0,0,40000,0,0,0,0,0,0,0,0,0,0
cell,0,6,2,arm,3,40,0,0,0,0,0,40,0,0,0,0,0,0,0,0,0,40000,0,0,0,0,0,0,0,0,0,0
cell,0,6,3,arm,0,40,0,0,0,0,0,40,0,0,0,0,0,0,0,0,0,40000,0,0,0,0,0,0,0,0,0,0
cell,0,6,3,arm,1,40,0,0,0,0,0,40,0,0,0,0,0,0,0,0,0,40000,0,0,0,0,0,0,0,0,0,0
cell,0,6,3,arm,2,40,0,0,0,0,0,40,0,0,0,0,0,0,0,0,0,40000,0,0,0,0,0,0,0,0,0,0
cell,0,6,3,arm,3,40,0,0,0,0,0,40,0,0,0,0,0,0,0,0,0,40000,0,0,0,0,0,0,0,0,0,0
cell,0,6,4,arm,0,40,0,0,0,0,0,40,0,0,0,0,0,0,0,0,0,40000,0,0,0,0,0,0,0,0,0,0
cell,0,6,4,arm,1,40,0,0,0,0,0,40,0,0,0,0,0,0,0,0,0,40000,0,0,0,0,0,0,0,0,0,0
cell,0,6,4,arm,2,40,0,0,0,0,0,40,0,0,0,0,0,0,0,0,0,40000,0,0,0,0,0,0,0,0,0,0
cell,0,6,4,arm,3,40,0,0,0,0,0,40,0,0,0,0,0,0,0,0,0,40000,0,0,0,0,0,0,0,0,0,0
cell,0,7,0,arm,0,40,29,0,0,29,0,40,0,0,4438,17501,4438,35,0,0,0,35562,0,0,0,0,0,0,0,0,0,1206
cell,0,7,0,arm,1,40,29,0,0,29,0,40,0,0,3250,15041,3250,35,0,0,0,36750,0,0,0,0,0,0,0,0,0,1206
cell,0,7,0,arm,2,40,29,0,0,29,0,40,0,0,8450,29707,8450,63,0,0,0,31550,0,0,0,0,0,0,0,0,0,2172
cell,0,7,0,arm,3,40,29,0,0,29,0,40,0,0,6914,28291,6914,68,0,0,0,33086,0,0,0,0,0,0,0,0,0,2344
cell,0,7,1,arm,0,40,11,0,0,11,0,40,0,0,1965,3693,1965,11,0,0,0,38035,0,0,0,0,0,0,0,0,0,1000
cell,0,7,1,arm,1,40,11,0,0,11,0,40,0,0,1965,3693,1965,11,0,0,0,38035,0,0,0,0,0,0,0,0,0,1000
cell,0,7,1,arm,2,40,11,0,0,11,0,40,0,0,4577,7371,4577,23,0,0,0,35423,0,0,0,0,0,0,0,0,0,2090
cell,0,7,1,arm,3,40,11,0,0,11,0,40,0,0,1965,3693,1965,11,0,0,0,38035,0,0,0,0,0,0,0,0,0,1000
cell,0,7,2,arm,0,40,0,0,0,0,0,40,0,0,0,0,0,0,0,0,0,40000,0,0,0,0,0,0,0,0,0,0
cell,0,7,2,arm,1,40,0,0,0,0,0,40,0,0,0,0,0,0,0,0,0,40000,0,0,0,0,0,0,0,0,0,0
cell,0,7,2,arm,2,40,0,0,0,0,0,40,0,0,0,0,0,0,0,0,0,40000,0,0,0,0,0,0,0,0,0,0
cell,0,7,2,arm,3,40,0,0,0,0,0,40,0,0,0,0,0,0,0,0,0,40000,0,0,0,0,0,0,0,0,0,0
cell,0,7,3,arm,0,40,25,0,0,25,0,40,0,0,4829,18223,4829,43,0,0,0,35171,0,0,0,0,0,0,0,0,0,1720
cell,0,7,3,arm,1,40,25,0,0,25,0,40,0,0,23838,73237,23838,187,0,10,0,16162,0,0,0,0,0,0,0,0,0,7480
cell,0,7,3,arm,2,40,25,0,0,25,0,40,0,0,21695,67806,21695,171,0,11,1,18305,0,0,0,0,0,0,0,0,0,6840
cell,0,7,3,arm,3,40,25,0,0,25,0,40,0,0,15236,54220,15236,145,0,2,1,24764,0,0,0,0,0,0,0,0,0,5800
cell,0,7,4,arm,0,40,2,0,0,2,0,40,0,0,631,864,631,2,0,0,0,39369,0,0,0,0,0,0,0,0,0,1000
cell,0,7,4,arm,1,40,2,0,0,2,0,40,0,0,631,864,631,2,0,0,0,39369,0,0,0,0,0,0,0,0,0,1000
cell,0,7,4,arm,2,40,2,0,0,2,0,40,0,0,631,864,631,2,0,0,0,39369,0,0,0,0,0,0,0,0,0,1000
cell,0,7,4,arm,3,40,2,0,0,2,0,40,0,0,631,864,631,2,0,0,0,39369,0,0,0,0,0,0,0,0,0,1000
cell,0,8,0,arm,0,40,27,0,0,27,0,40,0,0,2444,11212,2444,29,0,0,0,37556,0,0,0,0,0,0,0,0,0,1074
cell,0,8,0,arm,1,40,27,0,0,27,0,40,0,0,2235,10789,2235,28,0,0,0,37765,0,0,0,0,0,0,0,0,0,1037
cell,0,8,0,arm,2,40,27,0,0,27,0,40,0,0,2445,11075,2445,29,0,0,0,37555,0,0,0,0,0,0,0,0,0,1074
cell,0,8,0,arm,3,40,27,0,0,27,0,40,0,0,2897,13198,2897,35,0,0,0,37103,0,0,0,0,0,0,0,0,0,1296
cell,0,8,1,arm,0,40,9,0,0,9,0,40,0,0,1853,3285,1853,9,0,0,0,38147,0,0,0,0,0,0,0,0,0,1000
cell,0,8,1,arm,1,40,9,0,0,9,0,40,0,0,1853,3285,1853,9,0,0,0,38147,0,0,0,0,0,0,0,0,0,1000
cell,0,8,1,arm,2,40,9,0,0,9,0,40,0,0,1853,3285,1853,9,0,0,0,38147,0,0,0,0,0,0,0,0,0,1000
cell,0,8,1,arm,3,40,9,0,0,9,0,40,0,0,1853,3285,1853,9,0,0,0,38147,0,0,0,0,0,0,0,0,0,1000
cell,0,8,2,arm,0,40,0,0,0,0,0,40,0,0,0,0,0,0,0,0,0,40000,0,0,0,0,0,0,0,0,0,0
cell,0,8,2,arm,1,40,0,0,0,0,0,40,0,0,0,0,0,0,0,0,0,40000,0,0,0,0,0,0,0,0,0,0
cell,0,8,2,arm,2,40,0,0,0,0,0,40,0,0,0,0,0,0,0,0,0,40000,0,0,0,0,0,0,0,0,0,0
cell,0,8,2,arm,3,40,0,0,0,0,0,40,0,0,0,0,0,0,0,0,0,40000,0,0,0,0,0,0,0,0,0,0
cell,0,8,3,arm,0,40,24,0,0,24,0,40,0,0,2472,12846,2472,32,0,0,0,37528,0,0,0,0,0,0,0,0,0,1333
cell,0,8,3,arm,1,40,24,0,0,24,0,40,0,0,5722,26535,5722,67,0,0,0,34278,0,0,0,0,0,0,0,0,0,2791
cell,0,8,3,arm,2,40,24,0,0,24,0,40,0,0,4036,18956,4036,48,0,0,0,35964,0,0,0,0,0,0,0,0,0,2000
cell,0,8,3,arm,3,40,24,0,0,24,0,40,0,0,3061,14750,3061,38,0,0,0,36939,0,0,0,0,0,0,0,0,0,1583
cell,0,8,4,arm,0,40,2,0,0,2,0,40,0,0,152,589,152,2,0,0,0,39848,0,0,0,0,0,0,0,0,0,1000
cell,0,8,4,arm,1,40,2,0,0,2,0,40,0,0,152,589,152,2,0,0,0,39848,0,0,0,0,0,0,0,0,0,1000
cell,0,8,4,arm,2,40,2,0,0,2,0,40,0,0,152,589,152,2,0,0,0,39848,0,0,0,0,0,0,0,0,0,1000
cell,0,8,4,arm,3,40,2,0,0,2,0,40,0,0,152,589,152,2,0,0,0,39848,0,0,0,0,0,0,0,0,0,1000
