SPECS 267
RELIABILITY_INFER 900
RELIABILITY_DONE {'n': 900, 'error_rate': 0.3322222222222222, 'source_trust': {'acoustic_en_wi': 0.5769230769230769, 'acoustic_en_uk_rp': 0.6813186813186813, 'acoustic_en_sc': 0.4010989010989011, 'acoustic_en_uk_north': 0.6978021978021978, 'acoustic_en_us': 1.0, 'acoustic_global': 0.6714285714285714, 'physical_consequence': np.float64(0.9638403990024937)}}
META_STABLE_INFER 450
META_UNSTABLE_INFER 360
META_DONE {'n': 810, 'safe_rate': 0.27901234567901234, 'stable_n': 450, 'unstable_n': 360}
POLICY_INFER 420
POLICY_DONE {'utility': 0.4298214285714286, 'commit_threshold': 0.8599999999999999, 'gain_threshold': 0.08249999999999999}
QUAL_INFER 1518
{
  "seconds": 53.57577991485596,
  "observation_reliability": {
    "n": 900,
    "error_rate": 0.3322222222222222,
    "source_trust": {
      "acoustic_en_wi": 0.5769230769230769,
      "acoustic_en_uk_rp": 0.6813186813186813,
      "acoustic_en_sc": 0.4010989010989011,
      "acoustic_en_uk_north": 0.6978021978021978,
      "acoustic_en_us": 1.0,
      "acoustic_global": 0.6714285714285714,
      "physical_consequence": 0.9638403990024937
    }
  },
  "meta_training": {
    "n": 810,
    "safe_rate": 0.27901234567901234,
    "stable_n": 450,
    "unstable_n": 360
  },
  "policy": {
    "utility": 0.4298214285714286,
    "commit_threshold": 0.8599999999999999,
    "gain_threshold": 0.08249999999999999
  },
  "resolvable": {
    "extreme_voice": {
      "correct": 0.25925925925925924,
      "unknown": 0.7407407407407407,
      "mean_observations": 2.2037037037037037
    },
    "long_filler": {
      "correct": 0.3333333333333333,
      "unknown": 0.6666666666666666,
      "mean_observations": 1.962962962962963
    },
    "postposed": {
      "correct": 0.3333333333333333,
      "unknown": 0.6666666666666666,
      "mean_observations": 1.9444444444444444
    },
    "distractor_before": {
      "correct": 0.35185185185185186,
      "unknown": 0.3888888888888889,
      "mean_observations": 1.4444444444444444
    },
    "distractor_after": {
      "correct": 0.2222222222222222,
      "unknown": 0.5185185185185185,
      "mean_observations": 1.6851851851851851
    },
    "strong_noise": {
      "correct": 0.48148148148148145,
      "unknown": 0.5185185185185185,
      "mean_observations": 1.5740740740740742
    }
  },
  "ambiguous": {
    "unknown_rate": 1.0,
    "pair_member_commit_rate": 0.0,
    "mean_observations": 2.3444444444444446
  },
  "provenance": {
    "naive_recovery": 0.0,
    "grouped_recovery": 0.16666666666666666,
    "learned_trust_grouped_recovery": 0.16666666666666666,
    "learned_trust": {
      "acoustic_en_wi": 0.5769230769230769,
      "acoustic_en_uk_rp": 0.6813186813186813,
      "acoustic_en_sc": 0.4010989010989011,
      "acoustic_en_uk_north": 0.6978021978021978,
      "acoustic_en_us": 1.0,
      "acoustic_global": 0.6714285714285714,
      "physical_consequence": 0.9638403990024937
    }
  }
}
