V29_GENERATE balanced_no_unique
V29_GENERATE biased_no_unique
V29_GENERATE stable_weak
V29_GENERATE unstable_then_stable
V29_GENERATE replacement
V29_GENERATE reversal
V29_GENERATE costly_stable
{
  "positive_rate": 0.07054421768707483,
  "roc_auc": 0.6084908177828737,
  "average_precision": 0.27606502378083564,
  "brier": 0.058391336130504824,
  "mse": 0.09592758479695479,
  "mae": 0.1880633033767941,
  "mean_actual_positive": -0.12733604682721958,
  "mean_actual_nonpositive": -0.26114241802430754,
  "true_positive_cross_zero": 0.28169014084507044,
  "false_positive_cross_zero": 0.2378071140447378,
  "predicted_inspect_rate": 0.24098639455782314
}
