znc: warning: zagd unavailable; foreground compilation continues without background planning
warning[A0102]: ignored return value of `add_edge` — result is discarded
  --> frag_store.zag:162
   = note: in function `mk_map`: this function returns a non-void value that is discarded
   = hint: bind the result to a `let` and use it, or add `// znc:allow A0102` to suppress
warning[A0102]: ignored return value of `add_edge` — result is discarded
  --> frag_store.zag:162
   = note: in function `mk_map`: this function returns a non-void value that is discarded
   = hint: bind the result to a `let` and use it, or add `// znc:allow A0102` to suppress
warning[A0102]: ignored return value of `mk_fact` — result is discarded
  --> frag_store.zag:488
   = note: in function `main`: this function returns a non-void value that is discarded
   = hint: bind the result to a `let` and use it, or add `// znc:allow A0102` to suppress
warning[A0102]: ignored return value of `mk_fact` — result is discarded
  --> frag_store.zag:488
   = note: in function `main`: this function returns a non-void value that is discarded
   = hint: bind the result to a `let` and use it, or add `// znc:allow A0102` to suppress
warning[A0102]: ignored return value of `mk_fact` — result is discarded
  --> frag_store.zag:488
   = note: in function `main`: this function returns a non-void value that is discarded
   = hint: bind the result to a `let` and use it, or add `// znc:allow A0102` to suppress
warning[A0102]: ignored return value of `mk_fact` — result is discarded
  --> frag_store.zag:488
   = note: in function `main`: this function returns a non-void value that is discarded
   = hint: bind the result to a `let` and use it, or add `// znc:allow A0102` to suppress
warning[A0102]: ignored return value of `mk_fact` — result is discarded
  --> frag_store.zag:488
   = note: in function `main`: this function returns a non-void value that is discarded
   = hint: bind the result to a `let` and use it, or add `// znc:allow A0102` to suppress
warning[A0102]: ignored return value of `mk_fact` — result is discarded
  --> frag_store.zag:488
   = note: in function `main`: this function returns a non-void value that is discarded
   = hint: bind the result to a `let` and use it, or add `// znc:allow A0102` to suppress
warning[A0102]: ignored return value of `mk_fact` — result is discarded
  --> frag_store.zag:488
   = note: in function `main`: this function returns a non-void value that is discarded
   = hint: bind the result to a `let` and use it, or add `// znc:allow A0102` to suppress
warning[A0102]: ignored return value of `mk_fact` — result is discarded
  --> frag_store.zag:488
   = note: in function `main`: this function returns a non-void value that is discarded
   = hint: bind the result to a `let` and use it, or add `// znc:allow A0102` to suppress
warning[A0102]: ignored return value of `mk_fact` — result is discarded
  --> frag_store.zag:488
   = note: in function `main`: this function returns a non-void value that is discarded
   = hint: bind the result to a `let` and use it, or add `// znc:allow A0102` to suppress
warning[A0102]: ignored return value of `mk_fact` — result is discarded
  --> frag_store.zag:488
   = note: in function `main`: this function returns a non-void value that is discarded
   = hint: bind the result to a `let` and use it, or add `// znc:allow A0102` to suppress
warning[A0102]: ignored return value of `mk_fact` — result is discarded
  --> frag_store.zag:488
   = note: in function `main`: this function returns a non-void value that is discarded
   = hint: bind the result to a `let` and use it, or add `// znc:allow A0102` to suppress
znc: analyzer found 13 issue(s) (warnings above; use --analyze-strict to fail the build, --no-analyze to silence)
znc: wrote native binary frag_bin (86400 bytes main, 0 external tools)
