BIND,D1,rep,0,scale,10,start
DOMAIN_HASH,D1,7cd0baf80a62acc338e1c9bdec5b33c0e3427af18d78b98b7cbda153a3f92ee8
CORPUS_SHA256,D1,42aff7817739fe4db0cbf5b5972181562cd7b86ae3c76cbae655e15fbef1bada
CL_CHECK,overflow,0,0
RESULT,D1,0,10,d1,40,40
RESULT,D1,0,10,d2,38,38
RESULT,D1,0,10,d3,120,120
RESULT,D1,0,10,rev_false,0,12
RESULT,D1,0,10,rev_genuine,20,20
RESULT,D1,0,10,r2,40,40
RESULT,D1,0,10,r3,40,40
RESULT,D1,0,10,e90,0,1
RESULT,D1,0,10,withheld,0,1
RESULT,D1,0,10,hallu,0,20
RESULT,D1,0,10,k1,1,1
RESULT,D1,0,10,k2,1,1
RESULT,D1,0,10,k3,1,1
RESULT,D1,0,10,refusal,1,1
RESULT,D1,0,10,esc,12,1
RESULT,D1,0,10,disconn,0,1
RESULT,D1,0,10,ops,817,1
RESULT,D1,0,10,eps,338,1
DIGEST,D1,0,10,3d9f7e4cec205c9eb63ae43a023f3bba04b592378f5751302a21888c1b64a4b4
BIND,D1,done
