SEQ 0 ARM T5a SEED 7
SEQ 1 OBSERVED train=18
SEQ 2 ADD_EDGE 0 1 from-train-pos
SEQ 3 ADD_EDGE 1 2 from-train-pos
SEQ 4 ADD_EDGE 2 3 from-train-pos
SEQ 5 ADD_EDGE 3 4 from-train-pos
SEQ 6 ADD_EDGE 3 5 from-train-pos
SEQ 7 ADD_EDGE 4 6 from-train-pos
SEQ 8 ADD_EDGE 5 6 from-train-pos
SEQ 9 ADD_EDGE 6 7 from-train-pos
SEQ 10 ADD_EDGE 7 8 from-train-pos
SEQ 11 ADD_EDGE 8 9 from-train-pos
SEQ 12 ADD_EDGE 0 3 from-train-pos
SEQ 13 ADD_EDGE 1 5 from-train-pos
SEQ 14 ADD_EDGE 4 7 from-train-pos
SEQ 15 ADD_EDGE 2 6 from-train-pos
SEQ 16 ADD_EDGE 0 9 from-train-pos
SEQ 17 ADD_DONE edges=15
SEQ 18 ADD_CONFIRM score=18/18
SEQ 19 DEL_EDGE 0 1 score 17 base 18 removed 0
SEQ 20 DEL_EDGE 1 2 score 17 base 18 removed 0
SEQ 21 DEL_EDGE 2 3 score 17 base 18 removed 0
SEQ 22 DEL_EDGE 3 4 score 17 base 18 removed 0
SEQ 23 DEL_EDGE 3 5 score 17 base 18 removed 0
SEQ 24 DEL_EDGE 4 6 score 17 base 18 removed 0
SEQ 25 DEL_EDGE 5 6 score 17 base 18 removed 0
SEQ 26 DEL_EDGE 6 7 score 17 base 18 removed 0
SEQ 27 DEL_EDGE 7 8 score 17 base 18 removed 0
SEQ 28 DEL_EDGE 8 9 score 17 base 18 removed 0
SEQ 29 DEL_EDGE 0 3 score 18 base 18 removed 1
SEQ 30 DEL_EDGE 1 5 score 18 base 18 removed 1
SEQ 31 DEL_EDGE 4 7 score 18 base 18 removed 1
SEQ 32 DEL_EDGE 2 6 score 18 base 18 removed 1
SEQ 33 DEL_EDGE 0 9 score 18 base 18 removed 1
SEQ 34 DEL_DONE edges=10
SEQ 35 UNCONSTRAINED 1
SEQ 36 HYP_VARIANTS 2
SEQ 37 HYP_KEPT 3
SEQ 38 PROBE_SEND 4 5
SEQ 39 PROBE_MATERIALIZE 4 5 1
SEQ 40 PROBE 4 5 -> 1 survivors 1
SEQ 41 COMMIT slot G gid 1 parent 0 edges 11
SEQ 42 HELDOUT pairs=6
SEQ 43 SUMMARY verdict=1
