CLAIM id=T0091 idx=90
READ hid=0 rd=R_ASSERT ev=1
READ hid=1 rd=R_EVAL ev=0
READ hid=2 rd=R_DEON ev=0
READ hid=3 rd=R_1PEXP ev=0
READ hid=4 rd=R_NEG ev=1
READ hid=5 rd=R_CLAIMNUM ev=0
READ hid=6 rd=R_OEVAL ev=0
READ hid=7 rd=R_ODEON ev=0
READ hid=8 rd=R_O1PEXP ev=0
READ hid=10 rd=R_OVL_0 ev=2
READ hid=26 rd=R_CPOL_0 ev=0
READ hid=42 rd=R_CNUMA_0 ev=1
READ hid=58 rd=R_CNUMC_0 ev=0
READ hid=74 rd=R_CNUMG_0 ev=0
READ hid=11 rd=R_OVL_1 ev=2
READ hid=27 rd=R_CPOL_1 ev=0
READ hid=43 rd=R_CNUMA_1 ev=1
READ hid=59 rd=R_CNUMC_1 ev=0
READ hid=75 rd=R_CNUMG_1 ev=0
CAND hid=120 bid=SUP_0 fire=1 base=100 bonus=2 score=102 cand=T0268
CAND hid=140 bid=CON_0 fire=1 base=100 bonus=12 score=112 cand=T0268
CAND hid=160 bid=TOP_0 fire=1 base=100 bonus=2 score=102 cand=T0268
CAND hid=121 bid=SUP_1 fire=1 base=100 bonus=2 score=102 cand=T0402
CAND hid=141 bid=CON_1 fire=1 base=100 bonus=12 score=112 cand=T0402
CAND hid=161 bid=TOP_1 fire=1 base=100 bonus=2 score=102 cand=T0402
ELIM hid=120 bid=SUP_0 reason=OUTSCORED by=140 score=102
ELIM hid=160 bid=TOP_0 reason=OUTSCORED by=140 score=102
ELIM hid=121 bid=SUP_1 reason=OUTSCORED by=141 score=102
ELIM hid=161 bid=TOP_1 reason=OUTSCORED by=141 score=102
READ hid=90 rd=R_COV_0 ev=0
READ hid=91 rd=R_COV_1 ev=1
READ hid=92 rd=R_COV_2 ev=1
READ hid=93 rd=R_COV_3 ev=0
READ hid=94 rd=R_COV_4 ev=0
CAND hid=200 bid=FACT fire=0 base=211 bonus=0 score=211
CAND hid=201 bid=LIE fire=1 base=211 bonus=2 score=213
CAND hid=202 bid=OPINION fire=0 base=208 bonus=0 score=208
CAND hid=203 bid=UNDET fire=0 base=203 bonus=0 score=203
ELIM hid=200 bid=FACT reason=PRE_FAIL by=-1 score=211
ELIM hid=202 bid=OPINION reason=PRE_FAIL by=-1 score=208
ELIM hid=203 bid=UNDET reason=PRE_FAIL by=-1 score=203
ARGMAX hid=201 verdict=LIE score=213 margin=0
CONTENT cand=T0268 ovl=2 interp=CON text="The femur is the longest bone in the human body. "
CONTENT cand=T0402 ovl=2 interp=CON text="Ounce for ounce, human bone is stronger than concrete. "
VERDICT id=T0091 verdict=LIE
