CLAIM id=T0341 idx=340
READ hid=0 rd=R_ASSERT ev=1
READ hid=1 rd=R_EVAL ev=0
READ hid=2 rd=R_DEON ev=0
READ hid=3 rd=R_1PEXP ev=0
READ hid=4 rd=R_NEG ev=1
READ hid=5 rd=R_CLAIMNUM ev=0
READ hid=6 rd=R_OEVAL ev=0
READ hid=7 rd=R_ODEON ev=0
READ hid=8 rd=R_O1PEXP ev=0
READ hid=10 rd=R_OVL_0 ev=1
READ hid=26 rd=R_CPOL_0 ev=0
READ hid=42 rd=R_CNUMA_0 ev=1
READ hid=58 rd=R_CNUMC_0 ev=0
READ hid=74 rd=R_CNUMG_0 ev=0
CAND hid=120 bid=SUP_0 fire=1 base=100 bonus=7 score=107 cand=T0138
CAND hid=140 bid=CON_0 fire=1 base=100 bonus=17 score=117 cand=T0138
CAND hid=160 bid=TOP_0 fire=1 base=100 bonus=1 score=101 cand=T0138
ELIM hid=120 bid=SUP_0 reason=OUTSCORED by=140 score=107
ELIM hid=160 bid=TOP_0 reason=OUTSCORED by=140 score=101
READ hid=90 rd=R_COV_0 ev=0
READ hid=91 rd=R_COV_1 ev=0
READ hid=92 rd=R_COV_2 ev=0
READ hid=93 rd=R_COV_3 ev=1
READ hid=94 rd=R_COV_4 ev=0
CAND hid=200 bid=FACT fire=0 base=211 bonus=0 score=211
CAND hid=201 bid=LIE fire=1 base=211 bonus=1 score=212
CAND hid=202 bid=OPINION fire=0 base=208 bonus=0 score=208
CAND hid=203 bid=UNDET fire=0 base=203 bonus=0 score=203
ELIM hid=200 bid=FACT reason=PRE_FAIL by=-1 score=211
ELIM hid=202 bid=OPINION reason=PRE_FAIL by=-1 score=208
ELIM hid=203 bid=UNDET reason=PRE_FAIL by=-1 score=203
ARGMAX hid=201 verdict=LIE score=212 margin=0
CONTENT cand=T0138 ovl=1 interp=CON text="Taking vitamin C prevents catching colds. "
VERDICT id=T0341 verdict=LIE
