CLAIM id=T0401 idx=400
READ hid=0 rd=R_ASSERT ev=1
READ hid=1 rd=R_EVAL ev=0
READ hid=2 rd=R_DEON ev=0
READ hid=3 rd=R_1PEXP ev=0
READ hid=4 rd=R_NEG ev=0
READ hid=5 rd=R_CLAIMNUM ev=0
READ hid=6 rd=R_OEVAL ev=0
READ hid=7 rd=R_ODEON ev=0
READ hid=8 rd=R_O1PEXP ev=0
READ hid=10 rd=R_OVL_0 ev=2
READ hid=26 rd=R_CPOL_0 ev=0
READ hid=42 rd=R_CNUMA_0 ev=1
READ hid=58 rd=R_CNUMC_0 ev=0
READ hid=74 rd=R_CNUMG_0 ev=0
READ hid=11 rd=R_OVL_1 ev=1
READ hid=27 rd=R_CPOL_1 ev=0
READ hid=43 rd=R_CNUMA_1 ev=1
READ hid=59 rd=R_CNUMC_1 ev=0
READ hid=75 rd=R_CNUMG_1 ev=0
READ hid=12 rd=R_OVL_2 ev=1
READ hid=28 rd=R_CPOL_2 ev=0
READ hid=44 rd=R_CNUMA_2 ev=1
READ hid=60 rd=R_CNUMC_2 ev=0
READ hid=76 rd=R_CNUMG_2 ev=0
READ hid=13 rd=R_OVL_3 ev=1
READ hid=29 rd=R_CPOL_3 ev=0
READ hid=45 rd=R_CNUMA_3 ev=1
READ hid=61 rd=R_CNUMC_3 ev=0
READ hid=77 rd=R_CNUMG_3 ev=0
READ hid=14 rd=R_OVL_4 ev=1
READ hid=30 rd=R_CPOL_4 ev=1
READ hid=46 rd=R_CNUMA_4 ev=1
READ hid=62 rd=R_CNUMC_4 ev=0
READ hid=78 rd=R_CNUMG_4 ev=0
READ hid=15 rd=R_OVL_5 ev=1
READ hid=31 rd=R_CPOL_5 ev=0
READ hid=47 rd=R_CNUMA_5 ev=1
READ hid=63 rd=R_CNUMC_5 ev=0
READ hid=79 rd=R_CNUMG_5 ev=0
READ hid=16 rd=R_OVL_6 ev=1
READ hid=32 rd=R_CPOL_6 ev=0
READ hid=48 rd=R_CNUMA_6 ev=1
READ hid=64 rd=R_CNUMC_6 ev=0
READ hid=80 rd=R_CNUMG_6 ev=0
READ hid=17 rd=R_OVL_7 ev=1
READ hid=33 rd=R_CPOL_7 ev=0
READ hid=49 rd=R_CNUMA_7 ev=1
READ hid=65 rd=R_CNUMC_7 ev=0
READ hid=81 rd=R_CNUMG_7 ev=0
CAND hid=120 bid=SUP_0 fire=1 base=100 bonus=18 score=118 cand=T0096
CAND hid=140 bid=CON_0 fire=1 base=100 bonus=8 score=108 cand=T0096
CAND hid=160 bid=TOP_0 fire=1 base=100 bonus=2 score=102 cand=T0096
CAND hid=121 bid=SUP_1 fire=1 base=100 bonus=11 score=111 cand=T0020
CAND hid=141 bid=CON_1 fire=1 base=100 bonus=1 score=101 cand=T0020
CAND hid=161 bid=TOP_1 fire=1 base=100 bonus=1 score=101 cand=T0020
CAND hid=122 bid=SUP_2 fire=1 base=100 bonus=11 score=111 cand=T0025
CAND hid=142 bid=CON_2 fire=1 base=100 bonus=1 score=101 cand=T0025
CAND hid=162 bid=TOP_2 fire=1 base=100 bonus=1 score=101 cand=T0025
CAND hid=123 bid=SUP_3 fire=1 base=100 bonus=17 score=117 cand=T0051
CAND hid=143 bid=CON_3 fire=1 base=100 bonus=7 score=107 cand=T0051
CAND hid=163 bid=TOP_3 fire=1 base=100 bonus=1 score=101 cand=T0051
CAND hid=124 bid=SUP_4 fire=1 base=100 bonus=7 score=107 cand=T0212
CAND hid=144 bid=CON_4 fire=1 base=100 bonus=17 score=117 cand=T0212
CAND hid=164 bid=TOP_4 fire=1 base=100 bonus=1 score=101 cand=T0212
CAND hid=125 bid=SUP_5 fire=1 base=100 bonus=17 score=117 cand=T0265
CAND hid=145 bid=CON_5 fire=1 base=100 bonus=7 score=107 cand=T0265
CAND hid=165 bid=TOP_5 fire=1 base=100 bonus=1 score=101 cand=T0265
CAND hid=126 bid=SUP_6 fire=1 base=100 bonus=17 score=117 cand=T0394
CAND hid=146 bid=CON_6 fire=1 base=100 bonus=7 score=107 cand=T0394
CAND hid=166 bid=TOP_6 fire=1 base=100 bonus=1 score=101 cand=T0394
CAND hid=127 bid=SUP_7 fire=1 base=100 bonus=17 score=117 cand=T0412
CAND hid=147 bid=CON_7 fire=1 base=100 bonus=7 score=107 cand=T0412
CAND hid=167 bid=TOP_7 fire=1 base=100 bonus=1 score=101 cand=T0412
ELIM hid=140 bid=CON_0 reason=OUTSCORED by=120 score=108
ELIM hid=160 bid=TOP_0 reason=OUTSCORED by=120 score=102
ELIM hid=141 bid=CON_1 reason=OUTSCORED by=121 score=101
ELIM hid=161 bid=TOP_1 reason=OUTSCORED by=121 score=101
ELIM hid=142 bid=CON_2 reason=OUTSCORED by=122 score=101
ELIM hid=162 bid=TOP_2 reason=OUTSCORED by=122 score=101
ELIM hid=143 bid=CON_3 reason=OUTSCORED by=123 score=107
ELIM hid=163 bid=TOP_3 reason=OUTSCORED by=123 score=101
ELIM hid=124 bid=SUP_4 reason=OUTSCORED by=144 score=107
ELIM hid=164 bid=TOP_4 reason=OUTSCORED by=144 score=101
ELIM hid=145 bid=CON_5 reason=OUTSCORED by=125 score=107
ELIM hid=165 bid=TOP_5 reason=OUTSCORED by=125 score=101
ELIM hid=146 bid=CON_6 reason=OUTSCORED by=126 score=107
ELIM hid=166 bid=TOP_6 reason=OUTSCORED by=126 score=101
ELIM hid=147 bid=CON_7 reason=OUTSCORED by=127 score=107
ELIM hid=167 bid=TOP_7 reason=OUTSCORED by=127 score=101
READ hid=90 rd=R_COV_0 ev=1
READ hid=91 rd=R_COV_1 ev=0
READ hid=92 rd=R_COV_2 ev=1
READ hid=93 rd=R_COV_3 ev=1
CAND hid=200 bid=FACT fire=0 base=211 bonus=2 score=213
CAND hid=201 bid=LIE fire=0 base=211 bonus=1 score=212
CAND hid=202 bid=OPINION fire=0 base=208 bonus=0 score=208
CAND hid=203 bid=UNDET fire=1 base=203 bonus=6 score=209
ELIM hid=200 bid=FACT reason=PRE_FAIL by=-1 score=213
ELIM hid=201 bid=LIE reason=PRE_FAIL by=-1 score=212
ELIM hid=202 bid=OPINION reason=PRE_FAIL by=-1 score=208
ARGMAX hid=203 verdict=UNDETERMINED score=209 margin=0
CONTENT cand=T0096 ovl=2 interp=SUP text="Seven is a prime number. "
CONTENT cand=T0020 ovl=1 interp=SUP text="Swimming is the best full-body exercise there is. "
CONTENT cand=T0025 ovl=1 interp=SUP text="The best technology is the kind you forget is there. "
CONTENT cand=T0051 ovl=1 interp=SUP text="Zero is an even number. "
CONTENT cand=T0212 ovl=1 interp=CON text="We never went back to the Moon because something there warned us off. "
CONTENT cand=T0265 ovl=1 interp=SUP text="The prime meridian passes through Greenwich, England. "
CONTENT cand=T0394 ovl=1 interp=SUP text="There are eight days in a week. "
CONTENT cand=T0412 ovl=1 interp=SUP text="A googol is the number 1 followed by 100 zeros. "
NEED: CONTESTED
VERDICT id=T0401 verdict=UNDETERMINED
