=== ARM T5a SEED 7 ===
> OBSERVE
< INSTANCES 18
< PAIR s0 s1 1
< PAIR s1 s2 1
< PAIR s2 s3 1
< PAIR s3 s4 1
< PAIR s3 s5 1
< PAIR s4 s6 1
< PAIR s5 s6 1
< PAIR s6 s7 1
< PAIR s7 s8 1
< PAIR s8 s9 1
< PAIR s0 s3 1
< PAIR s1 s5 1
< PAIR s4 s7 1
< PAIR s2 s6 1
< PAIR s0 s9 1
< PAIR s4 s3 0
< PAIR s9 s0 0
< PAIR s6 s5 0
< NATTRS 10
< ATTR s0 6 8 1
< ATTR s1 2 3 6
< ATTR s2 9 1 9
< ATTR s3 4 6 4
< ATTR s4 1 0 7
< ATTR s5 0 4 2
< ATTR s6 3 9 0
< ATTR s7 7 2 5
< ATTR s8 5 5 8
< ATTR s9 8 7 3
< PROBE_EXCEPT 0
< END_OBSERVE
> TEST_PAIR s0 s1 1
> TEST_PAIR s1 s2 1
> TEST_PAIR s2 s3 1
> TEST_PAIR s3 s4 1
> TEST_PAIR s3 s5 1
> TEST_PAIR s4 s6 1
> TEST_PAIR s5 s6 1
> TEST_PAIR s6 s7 1
> TEST_PAIR s7 s8 1
> TEST_PAIR s8 s9 1
> TEST_PAIR s0 s3 1
> TEST_PAIR s1 s5 1
> TEST_PAIR s4 s7 1
> TEST_PAIR s2 s6 1
> TEST_PAIR s0 s9 1
> TEST_PAIR s4 s3 0
> TEST_PAIR s9 s0 0
> TEST_PAIR s6 s5 0
< ACCEPT
< ACCEPT
< ACCEPT
< ACCEPT
< ACCEPT
< ACCEPT
< ACCEPT
< ACCEPT
< ACCEPT
< ACCEPT
< ACCEPT
< ACCEPT
< ACCEPT
< ACCEPT
< ACCEPT
< ACCEPT
< ACCEPT
< ACCEPT
> TEST_PAIR s0 s1 0
> TEST_PAIR s1 s2 1
> TEST_PAIR s2 s3 1
> TEST_PAIR s3 s4 1
> TEST_PAIR s3 s5 1
> TEST_PAIR s4 s6 1
> TEST_PAIR s5 s6 1
> TEST_PAIR s6 s7 1
> TEST_PAIR s7 s8 1
> TEST_PAIR s8 s9 1
> TEST_PAIR s0 s3 1
> TEST_PAIR s1 s5 1
> TEST_PAIR s4 s7 1
> TEST_PAIR s2 s6 1
> TEST_PAIR s0 s9 1
> TEST_PAIR s4 s3 0
> TEST_PAIR s9 s0 0
> TEST_PAIR s6 s5 0
< REJECT
< ACCEPT
< ACCEPT
< ACCEPT
< ACCEPT
< ACCEPT
< ACCEPT
< ACCEPT
< ACCEPT
< ACCEPT
< ACCEPT
< ACCEPT
< ACCEPT
< ACCEPT
< ACCEPT
< ACCEPT
< ACCEPT
< ACCEPT
> TEST_PAIR s0 s1 1
> TEST_PAIR s1 s2 0
> TEST_PAIR s2 s3 1
> TEST_PAIR s3 s4 1
> TEST_PAIR s3 s5 1
> TEST_PAIR s4 s6 1
> TEST_PAIR s5 s6 1
> TEST_PAIR s6 s7 1
> TEST_PAIR s7 s8 1
> TEST_PAIR s8 s9 1
> TEST_PAIR s0 s3 1
> TEST_PAIR s1 s5 1
> TEST_PAIR s4 s7 1
> TEST_PAIR s2 s6 1
> TEST_PAIR s0 s9 1
> TEST_PAIR s4 s3 0
> TEST_PAIR s9 s0 0
> TEST_PAIR s6 s5 0
< ACCEPT
< REJECT
< ACCEPT
< ACCEPT
< ACCEPT
< ACCEPT
< ACCEPT
< ACCEPT
< ACCEPT
< ACCEPT
< ACCEPT
< ACCEPT
< ACCEPT
< ACCEPT
< ACCEPT
< ACCEPT
< ACCEPT
< ACCEPT
> TEST_PAIR s0 s1 1
> TEST_PAIR s1 s2 1
> TEST_PAIR s2 s3 0
> TEST_PAIR s3 s4 1
> TEST_PAIR s3 s5 1
> TEST_PAIR s4 s6 1
> TEST_PAIR s5 s6 1
> TEST_PAIR s6 s7 1
> TEST_PAIR s7 s8 1
> TEST_PAIR s8 s9 1
> TEST_PAIR s0 s3 1
> TEST_PAIR s1 s5 1
> TEST_PAIR s4 s7 1
> TEST_PAIR s2 s6 1
> TEST_PAIR s0 s9 1
> TEST_PAIR s4 s3 0
> TEST_PAIR s9 s0 0
> TEST_PAIR s6 s5 0
< ACCEPT
< ACCEPT
< REJECT
< ACCEPT
< ACCEPT
< ACCEPT
< ACCEPT
< ACCEPT
< ACCEPT
< ACCEPT
< ACCEPT
< ACCEPT
< ACCEPT
< ACCEPT
< ACCEPT
< ACCEPT
< ACCEPT
< ACCEPT
> TEST_PAIR s0 s1 1
> TEST_PAIR s1 s2 1
> TEST_PAIR s2 s3 1
> TEST_PAIR s3 s4 0
> TEST_PAIR s3 s5 1
> TEST_PAIR s4 s6 1
> TEST_PAIR s5 s6 1
> TEST_PAIR s6 s7 1
> TEST_PAIR s7 s8 1
> TEST_PAIR s8 s9 1
> TEST_PAIR s0 s3 1
> TEST_PAIR s1 s5 1
> TEST_PAIR s4 s7 1
> TEST_PAIR s2 s6 1
> TEST_PAIR s0 s9 1
> TEST_PAIR s4 s3 0
> TEST_PAIR s9 s0 0
> TEST_PAIR s6 s5 0
< ACCEPT
< ACCEPT
< ACCEPT
< REJECT
< ACCEPT
< ACCEPT
< ACCEPT
< ACCEPT
< ACCEPT
< ACCEPT
< ACCEPT
< ACCEPT
< ACCEPT
< ACCEPT
< ACCEPT
< ACCEPT
< ACCEPT
< ACCEPT
> TEST_PAIR s0 s1 1
> TEST_PAIR s1 s2 1
> TEST_PAIR s2 s3 1
> TEST_PAIR s3 s4 1
> TEST_PAIR s3 s5 0
> TEST_PAIR s4 s6 1
> TEST_PAIR s5 s6 1
> TEST_PAIR s6 s7 1
> TEST_PAIR s7 s8 1
> TEST_PAIR s8 s9 1
> TEST_PAIR s0 s3 1
> TEST_PAIR s1 s5 1
> TEST_PAIR s4 s7 1
> TEST_PAIR s2 s6 1
> TEST_PAIR s0 s9 1
> TEST_PAIR s4 s3 0
> TEST_PAIR s9 s0 0
> TEST_PAIR s6 s5 0
< ACCEPT
< ACCEPT
< ACCEPT
< ACCEPT
< REJECT
< ACCEPT
< ACCEPT
< ACCEPT
< ACCEPT
< ACCEPT
< ACCEPT
< ACCEPT
< ACCEPT
< ACCEPT
< ACCEPT
< ACCEPT
< ACCEPT
< ACCEPT
> TEST_PAIR s0 s1 1
> TEST_PAIR s1 s2 1
> TEST_PAIR s2 s3 1
> TEST_PAIR s3 s4 1
> TEST_PAIR s3 s5 1
> TEST_PAIR s4 s6 0
> TEST_PAIR s5 s6 1
> TEST_PAIR s6 s7 1
> TEST_PAIR s7 s8 1
> TEST_PAIR s8 s9 1
> TEST_PAIR s0 s3 1
> TEST_PAIR s1 s5 1
> TEST_PAIR s4 s7 1
> TEST_PAIR s2 s6 1
> TEST_PAIR s0 s9 1
> TEST_PAIR s4 s3 0
> TEST_PAIR s9 s0 0
> TEST_PAIR s6 s5 0
< ACCEPT
< ACCEPT
< ACCEPT
< ACCEPT
< ACCEPT
< REJECT
< ACCEPT
< ACCEPT
< ACCEPT
< ACCEPT
< ACCEPT
< ACCEPT
< ACCEPT
< ACCEPT
< ACCEPT
< ACCEPT
< ACCEPT
< ACCEPT
> TEST_PAIR s0 s1 1
> TEST_PAIR s1 s2 1
> TEST_PAIR s2 s3 1
> TEST_PAIR s3 s4 1
> TEST_PAIR s3 s5 1
> TEST_PAIR s4 s6 1
> TEST_PAIR s5 s6 0
> TEST_PAIR s6 s7 1
> TEST_PAIR s7 s8 1
> TEST_PAIR s8 s9 1
> TEST_PAIR s0 s3 1
> TEST_PAIR s1 s5 1
> TEST_PAIR s4 s7 1
> TEST_PAIR s2 s6 1
> TEST_PAIR s0 s9 1
> TEST_PAIR s4 s3 0
> TEST_PAIR s9 s0 0
> TEST_PAIR s6 s5 0
< ACCEPT
< ACCEPT
< ACCEPT
< ACCEPT
< ACCEPT
< ACCEPT
< REJECT
< ACCEPT
< ACCEPT
< ACCEPT
< ACCEPT
< ACCEPT
< ACCEPT
< ACCEPT
< ACCEPT
< ACCEPT
< ACCEPT
< ACCEPT
> TEST_PAIR s0 s1 1
> TEST_PAIR s1 s2 1
> TEST_PAIR s2 s3 1
> TEST_PAIR s3 s4 1
> TEST_PAIR s3 s5 1
> TEST_PAIR s4 s6 1
> TEST_PAIR s5 s6 1
> TEST_PAIR s6 s7 0
> TEST_PAIR s7 s8 1
> TEST_PAIR s8 s9 1
> TEST_PAIR s0 s3 1
> TEST_PAIR s1 s5 1
> TEST_PAIR s4 s7 1
> TEST_PAIR s2 s6 1
> TEST_PAIR s0 s9 1
> TEST_PAIR s4 s3 0
> TEST_PAIR s9 s0 0
> TEST_PAIR s6 s5 0
< ACCEPT
< ACCEPT
< ACCEPT
< ACCEPT
< ACCEPT
< ACCEPT
< ACCEPT
< REJECT
< ACCEPT
< ACCEPT
< ACCEPT
< ACCEPT
< ACCEPT
< ACCEPT
< ACCEPT
< ACCEPT
< ACCEPT
< ACCEPT
> TEST_PAIR s0 s1 1
> TEST_PAIR s1 s2 1
> TEST_PAIR s2 s3 1
> TEST_PAIR s3 s4 1
> TEST_PAIR s3 s5 1
> TEST_PAIR s4 s6 1
> TEST_PAIR s5 s6 1
> TEST_PAIR s6 s7 1
> TEST_PAIR s7 s8 0
> TEST_PAIR s8 s9 1
> TEST_PAIR s0 s3 1
> TEST_PAIR s1 s5 1
> TEST_PAIR s4 s7 1
> TEST_PAIR s2 s6 1
> TEST_PAIR s0 s9 1
> TEST_PAIR s4 s3 0
> TEST_PAIR s9 s0 0
> TEST_PAIR s6 s5 0
< ACCEPT
< ACCEPT
< ACCEPT
< ACCEPT
< ACCEPT
< ACCEPT
< ACCEPT
< ACCEPT
< REJECT
< ACCEPT
< ACCEPT
< ACCEPT
< ACCEPT
< ACCEPT
< ACCEPT
< ACCEPT
< ACCEPT
< ACCEPT
> TEST_PAIR s0 s1 1
> TEST_PAIR s1 s2 1
> TEST_PAIR s2 s3 1
> TEST_PAIR s3 s4 1
> TEST_PAIR s3 s5 1
> TEST_PAIR s4 s6 1
> TEST_PAIR s5 s6 1
> TEST_PAIR s6 s7 1
> TEST_PAIR s7 s8 1
> TEST_PAIR s8 s9 0
> TEST_PAIR s0 s3 1
> TEST_PAIR s1 s5 1
> TEST_PAIR s4 s7 1
> TEST_PAIR s2 s6 1
> TEST_PAIR s0 s9 1
> TEST_PAIR s4 s3 0
> TEST_PAIR s9 s0 0
> TEST_PAIR s6 s5 0
< ACCEPT
< ACCEPT
< ACCEPT
< ACCEPT
< ACCEPT
< ACCEPT
< ACCEPT
< ACCEPT
< ACCEPT
< REJECT
< ACCEPT
< ACCEPT
< ACCEPT
< ACCEPT
< ACCEPT
< ACCEPT
< ACCEPT
< ACCEPT
> TEST_PAIR s0 s1 1
> TEST_PAIR s1 s2 1
> TEST_PAIR s2 s3 1
> TEST_PAIR s3 s4 1
> TEST_PAIR s3 s5 1
> TEST_PAIR s4 s6 1
> TEST_PAIR s5 s6 1
> TEST_PAIR s6 s7 1
> TEST_PAIR s7 s8 1
> TEST_PAIR s8 s9 1
> TEST_PAIR s0 s3 1
> TEST_PAIR s1 s5 1
> TEST_PAIR s4 s7 1
> TEST_PAIR s2 s6 1
> TEST_PAIR s0 s9 1
> TEST_PAIR s4 s3 0
> TEST_PAIR s9 s0 0
> TEST_PAIR s6 s5 0
< ACCEPT
< ACCEPT
< ACCEPT
< ACCEPT
< ACCEPT
< ACCEPT
< ACCEPT
< ACCEPT
< ACCEPT
< ACCEPT
< ACCEPT
< ACCEPT
< ACCEPT
< ACCEPT
< ACCEPT
< ACCEPT
< ACCEPT
< ACCEPT
> TEST_PAIR s0 s1 1
> TEST_PAIR s1 s2 1
> TEST_PAIR s2 s3 1
> TEST_PAIR s3 s4 1
> TEST_PAIR s3 s5 1
> TEST_PAIR s4 s6 1
> TEST_PAIR s5 s6 1
> TEST_PAIR s6 s7 1
> TEST_PAIR s7 s8 1
> TEST_PAIR s8 s9 1
> TEST_PAIR s0 s3 1
> TEST_PAIR s1 s5 1
> TEST_PAIR s4 s7 1
> TEST_PAIR s2 s6 1
> TEST_PAIR s0 s9 1
> TEST_PAIR s4 s3 0
> TEST_PAIR s9 s0 0
> TEST_PAIR s6 s5 0
< ACCEPT
< ACCEPT
< ACCEPT
< ACCEPT
< ACCEPT
< ACCEPT
< ACCEPT
< ACCEPT
< ACCEPT
< ACCEPT
< ACCEPT
< ACCEPT
< ACCEPT
< ACCEPT
< ACCEPT
< ACCEPT
< ACCEPT
< ACCEPT
> TEST_PAIR s0 s1 1
> TEST_PAIR s1 s2 1
> TEST_PAIR s2 s3 1
> TEST_PAIR s3 s4 1
> TEST_PAIR s3 s5 1
> TEST_PAIR s4 s6 1
> TEST_PAIR s5 s6 1
> TEST_PAIR s6 s7 1
> TEST_PAIR s7 s8 1
> TEST_PAIR s8 s9 1
> TEST_PAIR s0 s3 1
> TEST_PAIR s1 s5 1
> TEST_PAIR s4 s7 1
> TEST_PAIR s2 s6 1
> TEST_PAIR s0 s9 1
> TEST_PAIR s4 s3 0
> TEST_PAIR s9 s0 0
> TEST_PAIR s6 s5 0
< ACCEPT
< ACCEPT
< ACCEPT
< ACCEPT
< ACCEPT
< ACCEPT
< ACCEPT
< ACCEPT
< ACCEPT
< ACCEPT
< ACCEPT
< ACCEPT
< ACCEPT
< ACCEPT
< ACCEPT
< ACCEPT
< ACCEPT
< ACCEPT
> TEST_PAIR s0 s1 1
> TEST_PAIR s1 s2 1
> TEST_PAIR s2 s3 1
> TEST_PAIR s3 s4 1
> TEST_PAIR s3 s5 1
> TEST_PAIR s4 s6 1
> TEST_PAIR s5 s6 1
> TEST_PAIR s6 s7 1
> TEST_PAIR s7 s8 1
> TEST_PAIR s8 s9 1
> TEST_PAIR s0 s3 1
> TEST_PAIR s1 s5 1
> TEST_PAIR s4 s7 1
> TEST_PAIR s2 s6 1
> TEST_PAIR s0 s9 1
> TEST_PAIR s4 s3 0
> TEST_PAIR s9 s0 0
> TEST_PAIR s6 s5 0
< ACCEPT
< ACCEPT
< ACCEPT
< ACCEPT
< ACCEPT
< ACCEPT
< ACCEPT
< ACCEPT
< ACCEPT
< ACCEPT
< ACCEPT
< ACCEPT
< ACCEPT
< ACCEPT
< ACCEPT
< ACCEPT
< ACCEPT
< ACCEPT
> TEST_PAIR s0 s1 1
> TEST_PAIR s1 s2 1
> TEST_PAIR s2 s3 1
> TEST_PAIR s3 s4 1
> TEST_PAIR s3 s5 1
> TEST_PAIR s4 s6 1
> TEST_PAIR s5 s6 1
> TEST_PAIR s6 s7 1
> TEST_PAIR s7 s8 1
> TEST_PAIR s8 s9 1
> TEST_PAIR s0 s3 1
> TEST_PAIR s1 s5 1
> TEST_PAIR s4 s7 1
> TEST_PAIR s2 s6 1
> TEST_PAIR s0 s9 1
> TEST_PAIR s4 s3 0
> TEST_PAIR s9 s0 0
> TEST_PAIR s6 s5 0
< ACCEPT
< ACCEPT
< ACCEPT
< ACCEPT
< ACCEPT
< ACCEPT
< ACCEPT
< ACCEPT
< ACCEPT
< ACCEPT
< ACCEPT
< ACCEPT
< ACCEPT
< ACCEPT
< ACCEPT
< ACCEPT
< ACCEPT
< ACCEPT
> TEST_PAIR s0 s1 1
> TEST_PAIR s1 s2 1
> TEST_PAIR s2 s3 1
> TEST_PAIR s3 s4 1
> TEST_PAIR s3 s5 1
> TEST_PAIR s4 s6 1
> TEST_PAIR s5 s6 1
> TEST_PAIR s6 s7 1
> TEST_PAIR s7 s8 1
> TEST_PAIR s8 s9 1
> TEST_PAIR s0 s3 1
> TEST_PAIR s1 s5 1
> TEST_PAIR s4 s7 1
> TEST_PAIR s2 s6 1
> TEST_PAIR s0 s9 1
> TEST_PAIR s4 s3 0
> TEST_PAIR s9 s0 0
> TEST_PAIR s6 s5 0
> TEST_PAIR s0 s1 1
> TEST_PAIR s1 s2 1
> TEST_PAIR s2 s3 1
> TEST_PAIR s3 s4 1
> TEST_PAIR s3 s5 1
> TEST_PAIR s4 s6 1
> TEST_PAIR s5 s6 1
> TEST_PAIR s6 s7 1
> TEST_PAIR s7 s8 1
> TEST_PAIR s8 s9 1
> TEST_PAIR s0 s3 1
> TEST_PAIR s1 s5 1
> TEST_PAIR s4 s7 1
> TEST_PAIR s2 s6 1
> TEST_PAIR s0 s9 1
> TEST_PAIR s4 s3 0
> TEST_PAIR s9 s0 0
> TEST_PAIR s6 s5 0
< ACCEPT
< ACCEPT
< ACCEPT
< ACCEPT
< ACCEPT
< ACCEPT
< ACCEPT
< ACCEPT
< ACCEPT
< ACCEPT
< ACCEPT
< ACCEPT
< ACCEPT
< ACCEPT
< ACCEPT
< ACCEPT
< ACCEPT
< ACCEPT
< ACCEPT
< ACCEPT
< ACCEPT
< ACCEPT
< ACCEPT
< ACCEPT
< ACCEPT
< ACCEPT
< ACCEPT
< ACCEPT
< ACCEPT
< ACCEPT
< ACCEPT
< ACCEPT
< ACCEPT
< ACCEPT
< ACCEPT
< ACCEPT
> TEST_PAIR s4 s5 0
> TEST_PAIR s4 s5 1
< REJECT
< ACCEPT
> COMMIT G 1 0 11
> EDGE s0 s1
> EDGE s1 s2
> EDGE s2 s3
> EDGE s3 s4
> EDGE s3 s5
> EDGE s4 s6
> EDGE s5 s6
> EDGE s6 s7
> EDGE s7 s8
> EDGE s8 s9
> EDGE s4 s5
> COMMIT_END
< COMMIT_OK
> HELDOUT_A
< PAIRS 6
< PAIR s4 s5
< PAIR s5 s4
< PAIR s3 s5
< PAIR s4 s6
< PAIR s1 s4
< PAIR s5 s7
> TEST_PAIR s4 s5 1
> TEST_PAIR s5 s4 0
> TEST_PAIR s3 s5 1
> TEST_PAIR s4 s6 1
> TEST_PAIR s1 s4 1
> TEST_PAIR s5 s7 1
< ACCEPT
< ACCEPT
< ACCEPT
< ACCEPT
< ACCEPT
< ACCEPT
ARM T5a complete after 48 iterations
