BIND,SWE4,rep,3,scale,1,start
DOMAIN_HASH,SWE4,7cd0baf80a62acc338e1c9bdec5b33c0e3427af18d78b98b7cbda153a3f92ee8
CORPUS_SHA256,SWE4,45e53784dc914fab4addbac11990719df3bde6e13ae515f8a057725cfef1e9c6
CL_CHECK,fp_pins_0,0,0
CL_CHECK,overflow,0,0
CL_CHECK,e90_reached,1,1
RESULT,SWE4,3,1,d1,40,40
RESULT,SWE4,3,1,d2,40,40
RESULT,SWE4,3,1,d3,120,120
RESULT,SWE4,3,1,rev_false,12,12
RESULT,SWE4,3,1,rev_genuine,20,20
RESULT,SWE4,3,1,r2,40,40
RESULT,SWE4,3,1,r3,40,40
RESULT,SWE4,3,1,e90,200,1
RESULT,SWE4,3,1,withheld,0,1
RESULT,SWE4,3,1,hallu,0,20
RESULT,SWE4,3,1,k1,1,1
RESULT,SWE4,3,1,k2,1,1
RESULT,SWE4,3,1,k3,1,1
RESULT,SWE4,3,1,refusal,1,1
RESULT,SWE4,3,1,esc,0,1
RESULT,SWE4,3,1,disconn,6,1
RESULT,SWE4,3,1,ops,289,1
RESULT,SWE4,3,1,eps,295,1
DIGEST,SWE4,3,1,41988cd6bb903803097b37bd9a9ba7e07ac795ff4fd7366967069be91334e6c6
BIND,SWE4,done
