1	rt4_TMB-5_A15A_0000.r24	BACKTEST	BLOCKED	10983	WITHHOLD	-1
2	rt4_TMB-5_A15A_0001.r24	BACKTEST	BLOCKED	10983	WITHHOLD	-1
3	rt4_TMB-5_A15A_0002.r24	BACKTEST	BLOCKED	10983	WITHHOLD	-1
4	rt4_TMB-5_A15A_0003.r24	BACKTEST	BLOCKED	10983	WITHHOLD	-1
5	rt4_TMB-5_A15A_0004.r24	BACKTEST	BLOCKED	10983	WITHHOLD	-1
6	rt4_TMB-5_A15A_0005.r24	BACKTEST	BLOCKED	10983	WITHHOLD	-1
7	rt4_TMB-5_A15A_0006.r24	BACKTEST	BLOCKED	10983	WITHHOLD	-1
8	rt4_TMB-5_A15A_0007.r24	BACKTEST	BLOCKED	10983	WITHHOLD	-1
9	rt4_TMB-5_A15A_0008.r24	BACKTEST	BLOCKED	10983	WITHHOLD	-1
10	rt4_TMB-5_A15A_0009.r24	BACKTEST	BLOCKED	10983	WITHHOLD	-1
11	rt4_TMB-5_A15A_0010.r24	BACKTEST	BLOCKED	10983	WITHHOLD	-1
12	rt4_TMB-5_A15A_0011.r24	BACKTEST	BLOCKED	10983	WITHHOLD	-1
13	rt4_TMB-5_A15A_0012.r24	BACKTEST	BLOCKED	10983	WITHHOLD	-1
14	rt4_TMB-5_A15A_0013.r24	BACKTEST	BLOCKED	10983	WITHHOLD	-1
15	rt4_TMB-5_A15A_0014.r24	BACKTEST	BLOCKED	10983	WITHHOLD	-1
16	rt4_TMB-5_A15A_0015.r24	BACKTEST	BLOCKED	10983	WITHHOLD	-1
17	rt4_TMB-5_A15A_0016.r24	BACKTEST	BLOCKED	10983	WITHHOLD	-1
18	rt4_TMB-5_A15A_0017.r24	BACKTEST	BLOCKED	10983	WITHHOLD	-1
19	rt4_TMB-5_A15A_0018.r24	BACKTEST	BLOCKED	10983	WITHHOLD	-1
20	rt4_TMB-5_A15A_0019.r24	BACKTEST	BLOCKED	10983	WITHHOLD	-1
21	rt4_TMB-5_A15A_0020.r24	BACKTEST	BLOCKED	10983	WITHHOLD	-1
22	rt4_TMB-5_A15A_0021.r24	BACKTEST	BLOCKED	10983	WITHHOLD	-1
23	rt4_TMB-5_A15A_0022.r24	BACKTEST	BLOCKED	10983	WITHHOLD	-1
24	rt4_TMB-5_A15A_0023.r24	BACKTEST	BLOCKED	10983	WITHHOLD	-1
25	rt4_TMB-5_A15A_0024.r24	BACKTEST	BLOCKED	10983	WITHHOLD	-1
26	rt4_TMB-5_A15A_0025.r24	BACKTEST	BLOCKED	10983	WITHHOLD	-1
27	rt4_TMB-5_A15A_0026.r24	BACKTEST	BLOCKED	10983	WITHHOLD	-1
28	rt4_TMB-5_A15A_0027.r24	BACKTEST	BLOCKED	10983	WITHHOLD	-1
29	rt4_TMB-5_A15A_0028.r24	BACKTEST	BLOCKED	10983	WITHHOLD	-1
30	rt4_TMB-5_A15A_0029.r24	BACKTEST	BLOCKED	10983	WITHHOLD	-1
31	rt4_TMB-5_A15B_0000.r24	BACKTEST	BLOCKED	10983	WITHHOLD	-1
32	rt4_TMB-5_A15B_0001.r24	BACKTEST	BLOCKED	10983	WITHHOLD	-1
33	rt4_TMB-5_A15B_0002.r24	BACKTEST	BLOCKED	10983	WITHHOLD	-1
34	rt4_TMB-5_A15B_0003.r24	BACKTEST	BLOCKED	10983	WITHHOLD	-1
35	rt4_TMB-5_A15B_0004.r24	BACKTEST	BLOCKED	10983	WITHHOLD	-1
36	rt4_TMB-5_A15B_0005.r24	BACKTEST	BLOCKED	10983	WITHHOLD	-1
37	rt4_TMB-5_A15B_0006.r24	BACKTEST	BLOCKED	10983	WITHHOLD	-1
38	rt4_TMB-5_A15B_0007.r24	BACKTEST	BLOCKED	10983	WITHHOLD	-1
39	rt4_TMB-5_A15B_0008.r24	BACKTEST	BLOCKED	10983	WITHHOLD	-1
40	rt4_TMB-5_A15B_0009.r24	BACKTEST	BLOCKED	10983	WITHHOLD	-1
41	rt4_TMB-5_A15B_0010.r24	BACKTEST	BLOCKED	11049	WITHHOLD	-1
42	rt4_TMB-5_A15B_0011.r24	BACKTEST	BLOCKED	11049	WITHHOLD	-1
43	rt4_TMB-5_A15B_0012.r24	BACKTEST	BLOCKED	11049	WITHHOLD	-1
44	rt4_TMB-5_A15B_0013.r24	BACKTEST	BLOCKED	10992	WITHHOLD	-1
45	rt4_TMB-5_A15B_0014.r24	BACKTEST	BLOCKED	10992	WITHHOLD	-1
46	rt4_TMB-5_A15B_0015.r24	BACKTEST	BLOCKED	10992	WITHHOLD	-1
47	rt4_TMB-5_A15B_0016.r24	BACKTEST	BLOCKED	10992	WITHHOLD	-1
48	rt4_TMB-5_A15B_0017.r24	BACKTEST	BLOCKED	10992	WITHHOLD	-1
49	rt4_TMB-5_A15B_0018.r24	BACKTEST	BLOCKED	10992	WITHHOLD	-1
50	rt4_TMB-5_A15B_0019.r24	BACKTEST	BLOCKED	10992	WITHHOLD	-1
51	rt4_TMB-5_A15B_0020.r24	BACKTEST	BLOCKED	10983	WITHHOLD	-1
52	rt4_TMB-5_A15B_0021.r24	BACKTEST	BLOCKED	10983	WITHHOLD	-1
53	rt4_TMB-5_A15B_0022.r24	BACKTEST	BLOCKED	10983	WITHHOLD	-1
54	rt4_TMB-5_A15B_0023.r24	BACKTEST	BLOCKED	10983	WITHHOLD	-1
55	rt4_TMB-5_A15B_0024.r24	BACKTEST	BLOCKED	10983	WITHHOLD	-1
56	rt4_TMB-5_A15B_0025.r24	BACKTEST	BLOCKED	10983	WITHHOLD	-1
57	rt4_TMB-5_A15B_0026.r24	BACKTEST	BLOCKED	10983	WITHHOLD	-1
58	rt4_TMB-5_A15B_0027.r24	BACKTEST	BLOCKED	10983	WITHHOLD	-1
59	rt4_TMB-5_A15B_0028.r24	BACKTEST	BLOCKED	10983	WITHHOLD	-1
60	rt4_TMB-5_A15B_0029.r24	BACKTEST	BLOCKED	10983	WITHHOLD	-1
SETSUM NEAR n=0 blocked=0 confirmed=0 withheld=0
SETSUM FAR n=0 blocked=0
SETSUM BACKTEST n=60 blocked=60
BACKTEST false_blocked=60 false_withheld=60 false_escaped=0 true_blocked=0
DELAYBAR delayed_gt50=0 over=0
HIST 0=0 1-3=0 4-10=0 11-50=0 51-100=0 101-300=0 301+=0 WITHHELD=0
SERIAL delayed_gt50=0
SANITY MISMATCH
