1	rt4_TMB-5_A20F_0000.r24	BACKTEST	BLOCKED	10983	WITHHOLD	-1
2	rt4_TMB-5_A20F_0001.r24	BACKTEST	BLOCKED	10983	CONFIRM_INSTALL	3
3	rt4_TMB-5_A20F_0002.r24	BACKTEST	BLOCKED	10983	WITHHOLD	-1
4	rt4_TMB-5_A20F_0003.r24	BACKTEST	BLOCKED	10983	WITHHOLD	-1
5	rt4_TMB-5_A20F_0004.r24	BACKTEST	BLOCKED	10983	CONFIRM_INSTALL	3
6	rt4_TMB-5_A20F_0005.r24	BACKTEST	BLOCKED	10983	CONFIRM_INSTALL	3
7	rt4_TMB-5_A20F_0006.r24	BACKTEST	BLOCKED	10983	WITHHOLD	-1
8	rt4_TMB-5_A20F_0007.r24	BACKTEST	BLOCKED	10983	CONFIRM_INSTALL	3
9	rt4_TMB-5_A20F_0008.r24	BACKTEST	BLOCKED	10983	CONFIRM_INSTALL	3
10	rt4_TMB-5_A20F_0009.r24	BACKTEST	BLOCKED	10983	WITHHOLD	-1
11	rt4_TMB-5_A20F_0010.r24	BACKTEST	BLOCKED	10983	WITHHOLD	-1
12	rt4_TMB-5_A20F_0011.r24	BACKTEST	BLOCKED	10983	CONFIRM_INSTALL	3
13	rt4_TMB-5_A20F_0012.r24	BACKTEST	BLOCKED	10983	CONFIRM_INSTALL	3
14	rt4_TMB-5_A20F_0013.r24	BACKTEST	BLOCKED	10983	WITHHOLD	-1
15	rt4_TMB-5_A20F_0014.r24	BACKTEST	BLOCKED	10983	CONFIRM_INSTALL	3
16	rt4_TMB-5_A20F_0015.r24	BACKTEST	BLOCKED	10983	CONFIRM_INSTALL	3
17	rt4_TMB-5_A20F_0016.r24	BACKTEST	BLOCKED	10983	WITHHOLD	-1
18	rt4_TMB-5_A20F_0017.r24	BACKTEST	BLOCKED	10983	WITHHOLD	-1
19	rt4_TMB-5_A20F_0018.r24	BACKTEST	BLOCKED	10983	CONFIRM_INSTALL	3
20	rt4_TMB-5_A20F_0019.r24	BACKTEST	BLOCKED	10983	CONFIRM_INSTALL	3
21	rt4_TMB-5_A20F_0020.r24	BACKTEST	BLOCKED	10983	WITHHOLD	-1
22	rt4_TMB-5_A20F_0021.r24	BACKTEST	BLOCKED	10983	CONFIRM_INSTALL	3
23	rt4_TMB-5_A20F_0022.r24	BACKTEST	BLOCKED	10983	CONFIRM_INSTALL	3
24	rt4_TMB-5_A20F_0023.r24	BACKTEST	BLOCKED	10983	WITHHOLD	-1
25	rt4_TMB-5_A20F_0024.r24	BACKTEST	BLOCKED	10983	WITHHOLD	-1
26	rt4_TMB-5_A20F_0025.r24	BACKTEST	BLOCKED	10983	CONFIRM_INSTALL	3
27	rt4_TMB-5_A20F_0026.r24	BACKTEST	BLOCKED	10983	WITHHOLD	-1
28	rt4_TMB-5_A20F_0027.r24	BACKTEST	BLOCKED	10983	WITHHOLD	-1
29	rt4_TMB-5_A20F_0028.r24	BACKTEST	BLOCKED	10983	CONFIRM_INSTALL	3
30	rt4_TMB-5_A20F_0029.r24	BACKTEST	BLOCKED	10983	CONFIRM_INSTALL	3
31	rt4_TMB-5_A20F_0030.r24	BACKTEST	BLOCKED	10983	WITHHOLD	-1
32	rt4_TMB-5_A20F_0031.r24	BACKTEST	BLOCKED	10983	WITHHOLD	-1
33	rt4_TMB-5_A20F_0032.r24	BACKTEST	BLOCKED	10983	CONFIRM_INSTALL	3
34	rt4_TMB-5_A20F_0033.r24	BACKTEST	BLOCKED	10983	WITHHOLD	-1
35	rt4_TMB-5_A20F_0034.r24	BACKTEST	BLOCKED	10983	WITHHOLD	-1
36	rt4_TMB-5_A20F_0035.r24	BACKTEST	BLOCKED	10983	CONFIRM_INSTALL	3
37	rt4_TMB-5_A20F_0036.r24	BACKTEST	BLOCKED	10983	CONFIRM_INSTALL	3
38	rt4_TMB-5_A20F_0037.r24	BACKTEST	BLOCKED	10983	WITHHOLD	-1
39	rt4_TMB-5_A20F_0038.r24	BACKTEST	BLOCKED	10983	CONFIRM_INSTALL	3
40	rt4_TMB-5_A20F_0039.r24	BACKTEST	BLOCKED	10983	CONFIRM_INSTALL	3
41	rt4_TMB-5_A20T_0000.r24	BACKTEST	BLOCKED	10983	CONFIRM_INSTALL	3
42	rt4_TMB-5_A20T_0001.r24	BACKTEST	BLOCKED	10983	CONFIRM_INSTALL	3
43	rt4_TMB-5_A20T_0002.r24	BACKTEST	BLOCKED	10983	CONFIRM_INSTALL	3
44	rt4_TMB-5_A20T_0003.r24	BACKTEST	BLOCKED	10983	CONFIRM_INSTALL	3
45	rt4_TMB-5_A20T_0004.r24	BACKTEST	BLOCKED	10983	CONFIRM_INSTALL	3
46	rt4_TMB-5_A20T_0005.r24	BACKTEST	BLOCKED	10983	CONFIRM_INSTALL	3
47	rt4_TMB-5_A20T_0006.r24	BACKTEST	BLOCKED	10983	CONFIRM_INSTALL	3
SETSUM NEAR n=0 blocked=0 confirmed=0 withheld=0
SETSUM FAR n=0 blocked=0
SETSUM BACKTEST n=47 blocked=47
BACKTEST false_blocked=40 false_withheld=19 false_escaped=0 true_blocked=7
DELAYBAR delayed_gt50=0 over=0
HIST 0=0 1-3=0 4-10=0 11-50=0 51-100=0 101-300=0 301+=0 WITHHELD=0
SERIAL delayed_gt50=0
SANITY MISMATCH
