build_project: 0
project_rows: 0
build_rows: 0
project_structure: 0
build_structure: 0
project_primitives: 0
build_primitives: 0
project_r26: 0
build_r26: 0
project_r27: 0
build_r27: 0
project_identity: 0
build_identity: 0
project_memo: 0
build_memo: 0
project_policy: 0
build_policy: 0
project_fused: 0
build_fused: 0
project_fused_negative: 0
build_fused_negative: 0
project_admission: 0
build_admission: 0
project_r25: 0
build_r25: 0
project_source_gate: 0
build_source_gate: 0
project_tokens: 0
build_tokens: 0
rows: 0
structure: 0
primitives: 0
identity: 0
memo: 0
fused_negative: 0
admission: 0
tokens: 0
r26_selftest: 0
r26_digest: 0
r27_digest: 0
fused_digest: 0
policy_selftest: 0
policy: 0
bad_policy: 71
source_selftest: 0
source_absent: 66
r25_missing: 66
r25_wrong_hash: 1
