skip c1 h0 r1 (done)
skip mem h0 r1 (done)
skip rand h0 r1 (done)
skip freq h0 r1 (done)
skip c1 h0 r2 (done)
skip mem h0 r2 (done)
skip freq h0 r2 (done)
skip rand h0 r2 (done)
skip mem h0 r3 (done)
done freq h0 r3: queries=67 correct=7
done rand h0 r3: queries=67 correct=6
done c1 h1 r1: queries=67 correct=67
done c1 h0 r3: queries=67 correct=66
done mem h1 r1: queries=67 correct=29
done freq h1 r1: queries=67 correct=5
done rand h1 r1: queries=67 correct=6
done c1 h1 r2: queries=67 correct=67
done mem h1 r2: queries=67 correct=29
done freq h1 r2: queries=67 correct=5
done rand h1 r2: queries=67 correct=6
done c1 h1 r3: queries=67 correct=67
done freq h1 r3: queries=67 correct=5
done mem h1 r3: queries=67 correct=29
done rand h1 r3: queries=67 correct=6
ALL-DONE
