CHECK,initialize,0,0
CHECK,fill_record,0,0
CHECK,fill_record,0,0
CHECK,fill_record,0,0
CHECK,fill_record,0,0
CHECK,fill_record,0,0
CHECK,fill_record,0,0
CHECK,fill_record,0,0
CHECK,fill_record,0,0
CHECK,fill_record,0,0
CHECK,fill_record,0,0
CHECK,fill_record,0,0
CHECK,fill_record,0,0
CHECK,fill_record,0,0
CHECK,fill_record,0,0
CHECK,fill_record,0,0
CHECK,fill_record,0,0
CHECK,fill_record,0,0
CHECK,fill_record,0,0
CHECK,fill_record,0,0
CHECK,fill_record,0,0
CHECK,fill_record,0,0
CHECK,fill_record,0,0
CHECK,fill_record,0,0
CHECK,fill_record,0,0
CHECK,fill_record,0,0
CHECK,fill_record,0,0
CHECK,fill_record,0,0
CHECK,fill_record,0,0
CHECK,fill_record,0,0
CHECK,fill_record,0,0
CHECK,fill_record,0,0
CHECK,fill_record,0,0
CHECK,capacity_refusal,-8005,-8005
CHECK,recovery_status,0,0
CHECK,sequence,32,32
CHECK,attempts,32,32
CHECK,complete_state_bytes,1,1
CHECK,head_size,32,32
CHECK,no_extra_attempt,-2,-2
FAILURES,0
N03_CHILD_PASS,event-capacity
