CHECK,initialize,0,0
CHECK,recovery_status,0,0
CHECK,sequence,0,0
CHECK,attempts,0,0
CHECK,complete_state_bytes,1,1
CHECK,head_size,32,32
CHECK,checked_partial_abandonment,-8011,-8011
CHECK,handle_poisoned,-8008,-8008
CHECK,attempt_oracle_root_hash,0,0
CHECK,attempt_oracle_before_hash,0,0
CHECK,attempt_oracle_after_hash,0,0
CHECK,attempt_oracle_record_hash,0,0
CHECK,actual_retained_attempt_length,88,88
CHECK,actual_retained_attempt_prefix,1,1
CHECK,blocked_until_recovery,-8008,-8008
CHECK,live_state_not_committed,41,41
CHECK,recovery_status,0,0
CHECK,sequence,0,0
CHECK,attempts,1,1
CHECK,complete_state_bytes,1,1
CHECK,head_size,32,32
CHECK,fresh_handle_original_transaction_retry,0,0
CHECK,recovery_status,0,0
CHECK,sequence,1,1
CHECK,attempts,2,2
CHECK,complete_state_bytes,1,1
CHECK,head_size,32,32
CHECK,original_retry_idempotent,1,1
FAILURES,0
N03_CHILD_PASS,write-failure
